2023-09-25 13:36:39,551 - DEBUG - Installation path is:D:\Download\audio-visual\saas\tiktoka\tiktoka-studio-uploader-genius
2023-09-25 13:36:39,551 - INFO - TiktokaStudio GUI started
2023-09-25 13:38:58,112 - DEBUG - Installation path is:D:\Download\audio-visual\saas\tiktoka\tiktoka-studio-uploader-genius
2023-09-25 13:38:58,113 - INFO - TiktokaStudio GUI started
2023-09-25 13:40:53,575 - DEBUG - Installation path is:D:\Download\audio-visual\saas\tiktoka\tiktoka-studio-uploader-genius
2023-09-25 13:40:53,575 - INFO - TiktokaStudio GUI started
2023-09-25 13:47:49,600 - DEBUG - Installation path is:D:\Download\audio-visual\saas\tiktoka\tiktoka-studio-uploader-genius
2023-09-25 13:47:49,601 - INFO - TiktokaStudio GUI started
2023-09-25 13:48:42,561 - DEBUG - Installation path is:D:\Download\audio-visual\saas\tiktoka\tiktoka-studio-uploader-genius
2023-09-25 13:48:42,561 - INFO - TiktokaStudio GUI started
2023-09-25 13:49:27,792 - DEBUG - Installation path is:D:\Download\audio-visual\saas\tiktoka\tiktoka-studio-uploader-genius
2023-09-25 13:49:27,793 - INFO - TiktokaStudio GUI started
2023-09-25 14:04:04,462 - DEBUG - Installation path is:D:\Download\audio-visual\saas\tiktoka\tiktoka-studio-uploader-genius
2023-09-25 14:04:04,462 - INFO - TiktokaStudio GUI started
2023-09-25 14:05:33,025 - DEBUG - Installation path is:D:\Download\audio-visual\saas\tiktoka\tiktoka-studio-uploader-genius
2023-09-25 14:05:33,026 - INFO - TiktokaStudio GUI started
2023-09-25 14:06:24,363 - INFO - detecting----------False
2023-09-25 14:06:24,363 - INFO - create cached data for this folder:
D:/Download/audio-visual/saas/tiktoka/tiktoka-studio-uploader-app/tests/videos/vertical
2023-09-25 14:06:24,370 - INFO - start to check thumbFilePaths for video: 1
2023-09-25 14:06:24,371 - INFO - create a fresh 1 meta json
2023-09-25 14:06:24,372 - INFO - start to check desFilePaths for video: 1
2023-09-25 14:06:24,374 - INFO - update to 1 meta json
2023-09-25 14:06:24,374 - INFO - start to check metaFilePaths for video: 1
2023-09-25 14:06:24,375 - INFO - this  metaFilePaths exist:
 D:/Download/audio-visual/saas/tiktoka/tiktoka-studio-uploader-app/tests/videos/vertical\1.json
2023-09-25 14:06:24,376 - INFO - intial metaFilePaths for 1:

2023-09-25 14:06:24,377 - INFO - update to 1 meta json
2023-09-25 14:10:11,824 - INFO - start to load thumbnail gen setting json from::D:/Download/audio-visual/saas/tiktoka/tiktoka-studio-uploader-app/tests/videos/vertical/template (10).json
2023-09-25 14:10:11,824 - INFO - start to validate template
2023-09-25 14:10:11,833 - INFO - validate thumbnail gen template passed
2023-09-25 14:10:11,833 - INFO - start to validate metadata for thumbgen setting
2023-09-25 14:10:11,843 - INFO - start to check ['heading', 'subheading'] defined in template
2023-09-25 14:10:11,843 - ERROR - heading value is empty in entry 1.
2023-09-25 14:10:11,843 - ERROR - subheading value is empty in entry 1.
2023-09-25 14:10:11,843 - ERROR - validate metadata for thumbgen setting failed
2023-09-25 14:10:11,843 - INFO - start to validate bg folder
2023-09-25 14:10:11,843 - INFO - bg folder image list :['D:/Download/audio-visual/saas/tiktoka/tiktoka-studio-uploader-app/tests/videos/vertical/sp\\1-001.jpg', 'D:/Download/audio-visual/saas/tiktoka/tiktoka-studio-uploader-app/tests/videos/vertical/sp\\1-002.jpg', 'D:/Download/audio-visual/saas/tiktoka/tiktoka-studio-uploader-app/tests/videos/vertical/sp\\1-003.jpg']
2023-09-25 14:10:11,843 - INFO - Random assign bg:D:/Download/audio-visual/saas/tiktoka/tiktoka-studio-uploader-app/tests/videos/vertical/sp\1-003.jpg to  video:1
2023-09-25 14:10:11,843 - INFO - validate bg folder passed
2023-09-25 14:14:24,952 - DEBUG - Installation path is:D:\Download\audio-visual\saas\tiktoka\tiktoka-studio-uploader-genius
2023-09-25 14:14:24,952 - INFO - TiktokaStudio GUI started
2023-09-25 14:14:55,494 - INFO - detecting----------False
2023-09-25 14:14:55,495 - INFO - create cached data for this folder:
D:/Download/audio-visual/saas/tiktoka/tiktoka-studio-uploader-app/tests/videos/vertical
2023-09-25 14:14:55,500 - INFO - start to check thumbFilePaths for video: 1
2023-09-25 14:14:55,502 - INFO - create a fresh 1 meta json
2023-09-25 14:14:55,503 - INFO - start to check desFilePaths for video: 1
2023-09-25 14:14:55,505 - INFO - update to 1 meta json
2023-09-25 14:14:55,506 - INFO - start to check metaFilePaths for video: 1
2023-09-25 14:14:55,507 - INFO - this  metaFilePaths exist:
 D:/Download/audio-visual/saas/tiktoka/tiktoka-studio-uploader-app/tests/videos/vertical\1.json
2023-09-25 14:14:55,507 - INFO - intial metaFilePaths for 1:

2023-09-25 14:14:55,509 - INFO - update to 1 meta json
2023-09-25 14:16:16,082 - INFO - detecting----------True
2023-09-25 14:16:16,082 - INFO - we cached 80570188000 seconds before for  this folder D:/Download/audio-visual/saas/tiktoka/tiktoka-studio-uploader-app/tests/videos/vertical
2023-09-25 14:16:16,083 - INFO - we found same filename diff ext video:1,please rename or remove
2023-09-25 14:18:22,085 - INFO - start to load thumbnail gen setting json from::C:/Users/dubo/Downloads/template (11).json
2023-09-25 14:18:22,085 - INFO - start to validate template
2023-09-25 14:18:22,089 - INFO - validate thumbnail gen template passed
2023-09-25 14:18:22,089 - INFO - start to validate metadata for thumbgen setting
2023-09-25 14:18:22,099 - INFO - start to check ['heading'] defined in template
2023-09-25 14:18:22,100 - ERROR - heading value is empty in entry 1.
2023-09-25 14:18:22,100 - ERROR - validate metadata for thumbgen setting failed
2023-09-25 14:18:22,100 - INFO - start to validate bg folder
2023-09-25 14:18:22,100 - INFO - bg folder image list :['D:/Download/audio-visual/saas/tiktoka/tiktoka-studio-uploader-app/tests/videos/vertical/sp\\1-001.jpg', 'D:/Download/audio-visual/saas/tiktoka/tiktoka-studio-uploader-app/tests/videos/vertical/sp\\1-002.jpg', 'D:/Download/audio-visual/saas/tiktoka/tiktoka-studio-uploader-app/tests/videos/vertical/sp\\1-003.jpg']
2023-09-25 14:18:22,101 - INFO - Random assign bg:D:/Download/audio-visual/saas/tiktoka/tiktoka-studio-uploader-app/tests/videos/vertical/sp\1-001.jpg to  video:1
2023-09-25 14:18:22,101 - INFO - validate bg folder passed
2023-09-25 14:27:42,193 - DEBUG - Installation path is:D:\Download\audio-visual\saas\tiktoka\tiktoka-studio-uploader-genius
2023-09-25 14:27:42,194 - INFO - TiktokaStudio GUI started
2023-09-25 14:27:50,496 - INFO - detecting----------False
2023-09-25 14:27:50,497 - INFO - create cached data for this folder:
D:/Download/audio-visual/saas/tiktoka/tiktoka-studio-uploader-app/tests/videos/vertical
2023-09-25 14:27:50,503 - INFO - start to check thumbFilePaths for video: 1
2023-09-25 14:27:50,506 - INFO - update to 1 meta json
2023-09-25 14:27:50,507 - INFO - start to check desFilePaths for video: 1
2023-09-25 14:27:50,508 - INFO - update to 1 meta json
2023-09-25 14:27:50,509 - INFO - start to check metaFilePaths for video: 1
2023-09-25 14:27:50,510 - INFO - this  metaFilePaths exist:
 D:/Download/audio-visual/saas/tiktoka/tiktoka-studio-uploader-app/tests/videos/vertical\1.json
2023-09-25 14:27:50,510 - INFO - intial metaFilePaths for 1:

2023-09-25 14:27:50,512 - INFO - update to 1 meta json
2023-09-25 14:28:01,098 - INFO - detecting----------True
2023-09-25 14:28:01,098 - INFO - we cached 10582627000 seconds before for  this folder D:/Download/audio-visual/saas/tiktoka/tiktoka-studio-uploader-app/tests/videos/vertical
2023-09-25 14:28:01,099 - INFO - we found same filename diff ext video:1,please rename or remove
2023-09-25 14:28:09,050 - INFO - detecting----------True
2023-09-25 14:28:09,050 - INFO - we cached 7950263000 seconds before for  this folder D:/Download/audio-visual/saas/tiktoka/tiktoka-studio-uploader-app/tests/videos/vertical
2023-09-25 14:28:09,051 - INFO - we found same filename diff ext video:1,please rename or remove
2023-09-25 14:28:48,419 - INFO - detecting----------True
2023-09-25 14:28:48,419 - INFO - we cached 39367360000 seconds before for  this folder D:/Download/audio-visual/saas/tiktoka/tiktoka-studio-uploader-app/tests/videos/vertical
2023-09-25 14:28:48,420 - INFO - we found same filename diff ext video:1,please rename or remove
2023-09-25 14:30:40,398 - INFO - start to load thumbnail gen setting json from::C:/Users/dubo/Downloads/template (11).json
2023-09-25 14:30:40,399 - INFO - start to validate template
2023-09-25 14:30:40,403 - INFO - validate thumbnail gen template passed
2023-09-25 14:30:40,403 - INFO - start to validate metadata for thumbgen setting
2023-09-25 14:30:40,413 - INFO - start to check ['heading'] defined in template
2023-09-25 14:30:40,414 - INFO - heading value is \u7238\u7238\u5728\u54ea\u91cc in entry 1.
2023-09-25 14:30:40,414 - INFO - validate metadata for thumbgen setting passed
2023-09-25 14:30:40,414 - INFO - start to update user submited metafile to video assets
2023-09-25 14:30:40,415 - WARNING - You are running on win32, potentially without locks. Consider setting shared_lock=True
2023-09-25 14:30:40,415 - INFO - update user submited metafile to video assets passed
2023-09-25 14:30:40,415 - INFO - start to validate bg folder
2023-09-25 14:30:40,416 - INFO - bg folder image list :['D:/Download/audio-visual/saas/tiktoka/tiktoka-studio-uploader-app/tests/videos/vertical/sp\\1-001.jpg', 'D:/Download/audio-visual/saas/tiktoka/tiktoka-studio-uploader-app/tests/videos/vertical/sp\\1-002.jpg', 'D:/Download/audio-visual/saas/tiktoka/tiktoka-studio-uploader-app/tests/videos/vertical/sp\\1-003.jpg']
2023-09-25 14:30:40,416 - INFO - Random assign bg:D:/Download/audio-visual/saas/tiktoka/tiktoka-studio-uploader-app/tests/videos/vertical/sp\1-003.jpg to  video:1
2023-09-25 14:30:40,416 - INFO - validate bg folder passed
2023-09-25 14:30:47,942 - INFO - start to load thumbnail gen setting json from::C:/Users/dubo/Downloads/template (11).json
2023-09-25 14:30:47,943 - INFO - start to validate template
2023-09-25 14:30:47,947 - INFO - validate thumbnail gen template passed
2023-09-25 14:30:47,947 - INFO - start to validate metadata for thumbgen setting
2023-09-25 14:30:47,957 - INFO - start to check ['heading'] defined in template
2023-09-25 14:30:47,958 - INFO - heading value is \u7238\u7238\u5728\u54ea\u91cc in entry 1.
2023-09-25 14:30:47,958 - INFO - validate metadata for thumbgen setting passed
2023-09-25 14:30:47,958 - INFO - start to update user submited metafile to video assets
2023-09-25 14:30:47,958 - WARNING - You are running on win32, potentially without locks. Consider setting shared_lock=True
2023-09-25 14:30:47,958 - INFO - update user submited metafile to video assets passed
2023-09-25 14:30:47,958 - INFO - start to validate bg folder
2023-09-25 14:30:47,959 - INFO - bg folder image list :['D:/Download/audio-visual/saas/tiktoka/tiktoka-studio-uploader-app/tests/videos/vertical/sp\\1-001.jpg', 'D:/Download/audio-visual/saas/tiktoka/tiktoka-studio-uploader-app/tests/videos/vertical/sp\\1-002.jpg', 'D:/Download/audio-visual/saas/tiktoka/tiktoka-studio-uploader-app/tests/videos/vertical/sp\\1-003.jpg']
2023-09-25 14:30:47,959 - INFO - Random assign bg:D:/Download/audio-visual/saas/tiktoka/tiktoka-studio-uploader-app/tests/videos/vertical/sp\1-003.jpg to  video:1
2023-09-25 14:30:47,959 - INFO - validate bg folder passed
2023-09-25 14:33:54,578 - DEBUG - Installation path is:D:\Download\audio-visual\saas\tiktoka\tiktoka-studio-uploader-genius
2023-09-25 14:33:54,579 - INFO - TiktokaStudio GUI started
2023-09-25 14:34:03,326 - INFO - detecting----------False
2023-09-25 14:34:03,326 - INFO - create cached data for this folder:
D:/Download/audio-visual/saas/tiktoka/tiktoka-studio-uploader-app/tests/videos/vertical
2023-09-25 14:34:03,332 - INFO - start to check thumbFilePaths for video: 1
2023-09-25 14:34:03,334 - INFO - create a fresh 1 meta json
2023-09-25 14:34:03,335 - INFO - start to check desFilePaths for video: 1
2023-09-25 14:34:03,335 - INFO - update to 1 meta json
2023-09-25 14:34:03,336 - INFO - start to check metaFilePaths for video: 1
2023-09-25 14:34:03,337 - INFO - this  metaFilePaths exist:
 D:/Download/audio-visual/saas/tiktoka/tiktoka-studio-uploader-app/tests/videos/vertical\1.json
2023-09-25 14:34:03,337 - INFO - intial metaFilePaths for 1:

2023-09-25 14:34:03,339 - INFO - update to 1 meta json
2023-09-25 14:34:35,534 - INFO - start to load thumbnail gen setting json from::C:/Users/dubo/Downloads/template (11).json
2023-09-25 14:34:35,535 - INFO - start to validate template
2023-09-25 14:34:35,540 - INFO - validate thumbnail gen template passed
2023-09-25 14:34:35,540 - INFO - start to validate metadata for thumbgen setting
2023-09-25 14:34:35,552 - INFO - start to check ['heading'] defined in template
2023-09-25 14:34:35,553 - INFO - heading value is \u6253\u6b7b\u4f60\u54e5\u54e5\u5443\u5443\u5443 in entry 1.
2023-09-25 14:34:35,553 - INFO - validate metadata for thumbgen setting passed
2023-09-25 14:34:35,553 - INFO - start to update user submited metafile to video assets
2023-09-25 14:34:35,553 - WARNING - You are running on win32, potentially without locks. Consider setting shared_lock=True
2023-09-25 14:34:35,554 - INFO - update user submited metafile to video assets passed
2023-09-25 14:34:35,554 - INFO - start to validate bg folder
2023-09-25 14:34:35,555 - INFO - bg folder image list :['D:/Download/audio-visual/saas/tiktoka/tiktoka-studio-uploader-app/tests/videos/vertical/sp\\1-001.jpg', 'D:/Download/audio-visual/saas/tiktoka/tiktoka-studio-uploader-app/tests/videos/vertical/sp\\1-002.jpg', 'D:/Download/audio-visual/saas/tiktoka/tiktoka-studio-uploader-app/tests/videos/vertical/sp\\1-003.jpg']
2023-09-25 14:34:35,555 - INFO - Random assign bg:D:/Download/audio-visual/saas/tiktoka/tiktoka-studio-uploader-app/tests/videos/vertical/sp\1-002.jpg to  video:1
2023-09-25 14:34:35,555 - INFO - validate bg folder passed
2023-09-25 14:34:37,007 - INFO - start to load thumbnail gen setting json from::C:/Users/dubo/Downloads/template (11).json
2023-09-25 14:34:37,007 - INFO - start to validate template
2023-09-25 14:34:37,011 - INFO - validate thumbnail gen template passed
2023-09-25 14:34:37,011 - INFO - start to validate metadata for thumbgen setting
2023-09-25 14:34:37,022 - INFO - start to check ['heading'] defined in template
2023-09-25 14:34:37,022 - INFO - heading value is \u6253\u6b7b\u4f60\u54e5\u54e5\u5443\u5443\u5443 in entry 1.
2023-09-25 14:34:37,022 - INFO - validate metadata for thumbgen setting passed
2023-09-25 14:34:37,022 - INFO - start to update user submited metafile to video assets
2023-09-25 14:34:37,022 - WARNING - You are running on win32, potentially without locks. Consider setting shared_lock=True
2023-09-25 14:34:37,023 - INFO - update user submited metafile to video assets passed
2023-09-25 14:34:37,023 - INFO - start to validate bg folder
2023-09-25 14:34:37,024 - INFO - bg folder image list :['D:/Download/audio-visual/saas/tiktoka/tiktoka-studio-uploader-app/tests/videos/vertical/sp\\1-001.jpg', 'D:/Download/audio-visual/saas/tiktoka/tiktoka-studio-uploader-app/tests/videos/vertical/sp\\1-002.jpg', 'D:/Download/audio-visual/saas/tiktoka/tiktoka-studio-uploader-app/tests/videos/vertical/sp\\1-003.jpg']
2023-09-25 14:34:37,024 - INFO - Random assign bg:D:/Download/audio-visual/saas/tiktoka/tiktoka-studio-uploader-app/tests/videos/vertical/sp\1-002.jpg to  video:1
2023-09-25 14:34:37,024 - INFO - validate bg folder passed
2023-09-25 14:35:52,542 - DEBUG - Installation path is:D:\Download\audio-visual\saas\tiktoka\tiktoka-studio-uploader-genius
2023-09-25 14:35:52,542 - INFO - TiktokaStudio GUI started
2023-09-25 14:35:59,593 - INFO - detecting----------False
2023-09-25 14:35:59,593 - INFO - create cached data for this folder:
D:/Download/audio-visual/saas/tiktoka/tiktoka-studio-uploader-app/tests/videos/vertical
2023-09-25 14:35:59,600 - INFO - start to check thumbFilePaths for video: 1
2023-09-25 14:35:59,601 - INFO - update to 1 meta json
2023-09-25 14:35:59,602 - INFO - start to check desFilePaths for video: 1
2023-09-25 14:35:59,604 - INFO - update to 1 meta json
2023-09-25 14:35:59,605 - INFO - start to check metaFilePaths for video: 1
2023-09-25 14:35:59,605 - INFO - this  metaFilePaths exist:
 D:/Download/audio-visual/saas/tiktoka/tiktoka-studio-uploader-app/tests/videos/vertical\1.json
2023-09-25 14:35:59,605 - INFO - intial metaFilePaths for 1:

2023-09-25 14:35:59,607 - INFO - update to 1 meta json
2023-09-25 14:36:01,266 - INFO - detecting----------True
2023-09-25 14:36:01,267 - INFO - we cached 1657634000 seconds before for  this folder D:/Download/audio-visual/saas/tiktoka/tiktoka-studio-uploader-app/tests/videos/vertical
2023-09-25 14:36:01,267 - INFO - we found same filename diff ext video:1,please rename or remove
2023-09-25 14:36:16,682 - INFO - start to load thumbnail gen setting json from::C:/Users/dubo/Downloads/template (11).json
2023-09-25 14:36:16,683 - INFO - start to validate template
2023-09-25 14:36:16,687 - INFO - validate thumbnail gen template passed
2023-09-25 14:36:16,687 - INFO - start to validate metadata for thumbgen setting
2023-09-25 14:36:16,698 - INFO - start to check ['heading'] defined in template
2023-09-25 14:36:16,698 - ERROR - heading value is empty in entry 1.
2023-09-25 14:36:16,698 - ERROR - validate metadata for thumbgen setting failed
2023-09-25 14:36:16,698 - INFO - start to validate bg folder
2023-09-25 14:36:16,699 - INFO - bg folder image list :['D:/Download/audio-visual/saas/tiktoka/tiktoka-studio-uploader-app/tests/videos/vertical/sp\\1-001.jpg', 'D:/Download/audio-visual/saas/tiktoka/tiktoka-studio-uploader-app/tests/videos/vertical/sp\\1-002.jpg', 'D:/Download/audio-visual/saas/tiktoka/tiktoka-studio-uploader-app/tests/videos/vertical/sp\\1-003.jpg']
2023-09-25 14:36:16,700 - INFO - Random assign bg:D:/Download/audio-visual/saas/tiktoka/tiktoka-studio-uploader-app/tests/videos/vertical/sp\1-002.jpg to  video:1
2023-09-25 14:36:16,700 - INFO - validate bg folder passed
2023-09-25 14:38:10,438 - INFO - start to load thumbnail gen setting json from::C:/Users/dubo/Downloads/template (11).json
2023-09-25 14:38:10,438 - INFO - start to validate template
2023-09-25 14:38:10,441 - INFO - validate thumbnail gen template passed
2023-09-25 14:38:10,441 - INFO - start to validate metadata for thumbgen setting
2023-09-25 14:38:10,452 - INFO - start to check ['heading'] defined in template
2023-09-25 14:38:10,452 - INFO - heading value is \u723d\u723d\u723d\u723d\u723d\u723d\u723d\u723d\u723d in entry 1.
2023-09-25 14:38:10,452 - INFO - validate metadata for thumbgen setting passed
2023-09-25 14:38:10,452 - INFO - start to update user submited metafile to video assets
2023-09-25 14:38:10,452 - WARNING - You are running on win32, potentially without locks. Consider setting shared_lock=True
2023-09-25 14:38:10,453 - INFO - update user submited metafile to video assets passed
2023-09-25 14:38:10,453 - INFO - start to validate bg folder
2023-09-25 14:38:10,454 - INFO - bg folder image list :['D:/Download/audio-visual/saas/tiktoka/tiktoka-studio-uploader-app/tests/videos/vertical/sp\\1-001.jpg', 'D:/Download/audio-visual/saas/tiktoka/tiktoka-studio-uploader-app/tests/videos/vertical/sp\\1-002.jpg', 'D:/Download/audio-visual/saas/tiktoka/tiktoka-studio-uploader-app/tests/videos/vertical/sp\\1-003.jpg']
2023-09-25 14:38:10,454 - INFO - Random assign bg:D:/Download/audio-visual/saas/tiktoka/tiktoka-studio-uploader-app/tests/videos/vertical/sp\1-002.jpg to  video:1
2023-09-25 14:38:10,454 - INFO - validate bg folder passed
2023-09-25 14:38:14,877 - INFO - start to load thumbnail gen setting json from::C:/Users/dubo/Downloads/template (11).json
2023-09-25 14:38:14,878 - INFO - start to validate template
2023-09-25 14:38:14,881 - INFO - validate thumbnail gen template passed
2023-09-25 14:38:14,881 - INFO - start to validate metadata for thumbgen setting
2023-09-25 14:38:14,893 - INFO - start to check ['heading'] defined in template
2023-09-25 14:38:14,893 - INFO - heading value is \u723d\u723d\u723d\u723d\u723d\u723d\u723d\u723d\u723d in entry 1.
2023-09-25 14:38:14,893 - INFO - validate metadata for thumbgen setting passed
2023-09-25 14:38:14,893 - INFO - start to update user submited metafile to video assets
2023-09-25 14:38:14,894 - WARNING - You are running on win32, potentially without locks. Consider setting shared_lock=True
2023-09-25 14:38:14,895 - INFO - update user submited metafile to video assets passed
2023-09-25 14:38:14,895 - INFO - start to validate bg folder
2023-09-25 14:38:14,896 - INFO - bg folder image list :['D:/Download/audio-visual/saas/tiktoka/tiktoka-studio-uploader-app/tests/videos/vertical/sp\\1-001.jpg', 'D:/Download/audio-visual/saas/tiktoka/tiktoka-studio-uploader-app/tests/videos/vertical/sp\\1-002.jpg', 'D:/Download/audio-visual/saas/tiktoka/tiktoka-studio-uploader-app/tests/videos/vertical/sp\\1-003.jpg']
2023-09-25 14:38:14,897 - INFO - Random assign bg:D:/Download/audio-visual/saas/tiktoka/tiktoka-studio-uploader-app/tests/videos/vertical/sp\1-001.jpg to  video:1
2023-09-25 14:38:14,897 - INFO - validate bg folder passed
2023-09-25 14:38:49,799 - INFO - start to load thumbnail gen setting json from::C:/Users/dubo/Downloads/template (11).json
2023-09-25 14:38:49,799 - INFO - start to validate template
2023-09-25 14:38:49,802 - INFO - validate thumbnail gen template passed
2023-09-25 14:38:49,802 - INFO - start to validate metadata for thumbgen setting
2023-09-25 14:38:49,812 - INFO - start to check ['heading'] defined in template
2023-09-25 14:38:49,812 - INFO - heading value is \u723d\u723d\u723d\u723d\u723d\u723d\u723d\u723d\u723d in entry 1.
2023-09-25 14:38:49,812 - INFO - validate metadata for thumbgen setting passed
2023-09-25 14:38:49,812 - INFO - start to update user submited metafile to video assets
2023-09-25 14:38:49,813 - WARNING - You are running on win32, potentially without locks. Consider setting shared_lock=True
2023-09-25 14:38:49,813 - INFO - update user submited metafile to video assets passed
2023-09-25 14:38:49,813 - INFO - start to validate bg folder
2023-09-25 14:38:49,814 - INFO - bg folder image list :['D:/Download/audio-visual/saas/tiktoka/tiktoka-studio-uploader-app/tests/videos/vertical/sp\\1-001.jpg', 'D:/Download/audio-visual/saas/tiktoka/tiktoka-studio-uploader-app/tests/videos/vertical/sp\\1-002.jpg', 'D:/Download/audio-visual/saas/tiktoka/tiktoka-studio-uploader-app/tests/videos/vertical/sp\\1-003.jpg']
2023-09-25 14:38:49,814 - INFO - Random assign bg:D:/Download/audio-visual/saas/tiktoka/tiktoka-studio-uploader-app/tests/videos/vertical/sp\1-001.jpg to  video:1
2023-09-25 14:38:49,814 - INFO - validate bg folder passed
2023-09-25 14:51:43,616 - DEBUG - Installation path is:D:\Download\audio-visual\saas\tiktoka\tiktoka-studio-uploader-genius
2023-09-25 14:51:43,617 - INFO - TiktokaStudio GUI started
2023-09-25 14:51:50,562 - INFO - detecting----------False
2023-09-25 14:51:50,562 - INFO - create cached data for this folder:
D:/Download/audio-visual/saas/tiktoka/tiktoka-studio-uploader-app/tests/videos/vertical
2023-09-25 14:51:50,568 - INFO - start to check thumbFilePaths for video: 1
2023-09-25 14:51:50,570 - INFO - update to 1 meta json
2023-09-25 14:51:50,571 - INFO - start to check desFilePaths for video: 1
2023-09-25 14:51:50,572 - INFO - update to 1 meta json
2023-09-25 14:51:50,573 - INFO - start to check metaFilePaths for video: 1
2023-09-25 14:51:50,574 - INFO - this  metaFilePaths exist:
 D:/Download/audio-visual/saas/tiktoka/tiktoka-studio-uploader-app/tests/videos/vertical\1.json
2023-09-25 14:51:50,574 - INFO - intial metaFilePaths for 1:

2023-09-25 14:51:50,576 - INFO - update to 1 meta json
2023-09-25 14:51:51,898 - INFO - detecting----------True
2023-09-25 14:51:51,898 - INFO - we cached 1319076000 seconds before for  this folder D:/Download/audio-visual/saas/tiktoka/tiktoka-studio-uploader-app/tests/videos/vertical
2023-09-25 14:51:51,899 - INFO - we found same filename diff ext video:1,please rename or remove
2023-09-25 14:52:27,338 - INFO - start to load thumbnail gen setting json from::C:/Users/dubo/Downloads/template (11).json
2023-09-25 14:52:27,339 - INFO - start to validate template
2023-09-25 14:52:27,343 - INFO - validate thumbnail gen template passed
2023-09-25 14:52:27,343 - INFO - start to validate metadata for thumbgen setting
2023-09-25 14:52:27,356 - INFO - start to check ['heading'] defined in template
2023-09-25 14:52:27,356 - INFO - heading value is \u7238\u7238\u5427\u554a\u554a\u554a\u554a\u554a\u554a\u554a\u554a\u554a\u554a\u554a\u554a\u554a in entry 1.
2023-09-25 14:52:27,356 - INFO - validate metadata for thumbgen setting passed
2023-09-25 14:52:27,356 - INFO - start to update user submited metafile to video assets
2023-09-25 14:52:27,357 - WARNING - You are running on win32, potentially without locks. Consider setting shared_lock=True
2023-09-25 14:52:27,357 - INFO - update user submited metafile to video assets passed
2023-09-25 14:52:27,358 - INFO - start to validate bg folder
2023-09-25 14:52:27,359 - INFO - bg folder image list :['D:/Download/audio-visual/saas/tiktoka/tiktoka-studio-uploader-app/tests/videos/vertical/sp\\1-001.jpg', 'D:/Download/audio-visual/saas/tiktoka/tiktoka-studio-uploader-app/tests/videos/vertical/sp\\1-002.jpg', 'D:/Download/audio-visual/saas/tiktoka/tiktoka-studio-uploader-app/tests/videos/vertical/sp\\1-003.jpg']
2023-09-25 14:52:27,360 - INFO - Random assign bg:D:/Download/audio-visual/saas/tiktoka/tiktoka-studio-uploader-app/tests/videos/vertical/sp\1-002.jpg to  video:1
2023-09-25 14:52:27,360 - INFO - validate bg folder passed
2023-09-25 14:53:38,717 - INFO - start to load thumbnail gen setting json from::C:/Users/dubo/Downloads/template (11).json
2023-09-25 14:53:38,718 - INFO - start to validate template
2023-09-25 14:53:38,721 - INFO - validate thumbnail gen template passed
2023-09-25 14:53:38,721 - INFO - start to validate metadata for thumbgen setting
2023-09-25 14:53:38,732 - INFO - start to check ['heading'] defined in template
2023-09-25 14:53:38,732 - INFO - heading value is \u7238\u7238\u5427\u554a\u554a\u554a\u554a\u554a\u554a\u554a\u554a\u554a\u554a\u554a\u554a\u554a in entry 1.
2023-09-25 14:53:38,732 - INFO - validate metadata for thumbgen setting passed
2023-09-25 14:53:38,732 - INFO - start to update user submited metafile to video assets
2023-09-25 14:53:38,732 - WARNING - You are running on win32, potentially without locks. Consider setting shared_lock=True
2023-09-25 14:53:38,732 - INFO - update user submited metafile to video assets passed
2023-09-25 14:53:38,733 - INFO - start to validate bg folder
2023-09-25 14:53:38,733 - INFO - bg folder image list :['D:/Download/audio-visual/saas/tiktoka/tiktoka-studio-uploader-app/tests/videos/vertical/sp\\1-001.jpg', 'D:/Download/audio-visual/saas/tiktoka/tiktoka-studio-uploader-app/tests/videos/vertical/sp\\1-002.jpg', 'D:/Download/audio-visual/saas/tiktoka/tiktoka-studio-uploader-app/tests/videos/vertical/sp\\1-003.jpg']
2023-09-25 14:53:38,734 - INFO - Random assign bg:D:/Download/audio-visual/saas/tiktoka/tiktoka-studio-uploader-app/tests/videos/vertical/sp\1-001.jpg to  video:1
2023-09-25 14:53:38,734 - INFO - validate bg folder passed
2023-09-25 15:01:32,461 - DEBUG - Installation path is:D:\Download\audio-visual\saas\tiktoka\tiktoka-studio-uploader-genius
2023-09-25 15:01:32,462 - INFO - TiktokaStudio GUI started
2023-09-25 15:01:39,686 - INFO - detecting----------False
2023-09-25 15:01:39,686 - INFO - create cached data for this folder:
D:/Download/audio-visual/saas/tiktoka/tiktoka-studio-uploader-app/tests/videos/vertical
2023-09-25 15:01:39,692 - INFO - start to check thumbFilePaths for video: 1
2023-09-25 15:01:39,694 - INFO - update to 1 meta json
2023-09-25 15:01:39,696 - INFO - start to check desFilePaths for video: 1
2023-09-25 15:01:39,697 - INFO - update to 1 meta json
2023-09-25 15:01:39,698 - INFO - start to check metaFilePaths for video: 1
2023-09-25 15:01:39,699 - INFO - this  metaFilePaths exist:
 D:/Download/audio-visual/saas/tiktoka/tiktoka-studio-uploader-app/tests/videos/vertical\1.json
2023-09-25 15:01:39,699 - INFO - intial metaFilePaths for 1:

2023-09-25 15:01:39,701 - INFO - update to 1 meta json
2023-09-25 15:01:41,567 - INFO - detecting----------True
2023-09-25 15:01:41,567 - INFO - we cached 1864464000 seconds before for  this folder D:/Download/audio-visual/saas/tiktoka/tiktoka-studio-uploader-app/tests/videos/vertical
2023-09-25 15:01:41,568 - INFO - we found same filename diff ext video:1,please rename or remove
2023-09-25 15:02:10,048 - INFO - start to load thumbnail gen setting json from::C:/Users/dubo/Downloads/template (11).json
2023-09-25 15:02:10,049 - INFO - start to validate template
2023-09-25 15:02:10,053 - INFO - validate thumbnail gen template passed
2023-09-25 15:02:10,053 - INFO - start to validate metadata for thumbgen setting
2023-09-25 15:02:10,064 - INFO - start to check ['heading'] defined in template
2023-09-25 15:02:10,064 - INFO - heading value is \u7238\u7238\u554a\u554a\u554a\u554a\u554a in entry 1.
2023-09-25 15:02:10,064 - INFO - validate metadata for thumbgen setting passed
2023-09-25 15:02:10,065 - INFO - start to update user submited metafile to video assets
2023-09-25 15:02:10,065 - WARNING - You are running on win32, potentially without locks. Consider setting shared_lock=True
2023-09-25 15:02:10,065 - INFO - update user submited metafile to video assets passed
2023-09-25 15:02:10,066 - INFO - start to validate bg folder
2023-09-25 15:02:10,066 - INFO - bg folder image list :['D:/Download/audio-visual/saas/tiktoka/tiktoka-studio-uploader-app/tests/videos/vertical/sp\\1-001.jpg', 'D:/Download/audio-visual/saas/tiktoka/tiktoka-studio-uploader-app/tests/videos/vertical/sp\\1-002.jpg', 'D:/Download/audio-visual/saas/tiktoka/tiktoka-studio-uploader-app/tests/videos/vertical/sp\\1-003.jpg']
2023-09-25 15:02:10,066 - INFO - Random assign bg:D:/Download/audio-visual/saas/tiktoka/tiktoka-studio-uploader-app/tests/videos/vertical/sp\1-003.jpg to  video:1
2023-09-25 15:02:10,066 - INFO - validate bg folder passed
2023-09-25 15:05:56,600 - DEBUG - Installation path is:D:\Download\audio-visual\saas\tiktoka\tiktoka-studio-uploader-genius
2023-09-25 15:05:56,600 - INFO - TiktokaStudio GUI started
2023-09-25 15:06:04,862 - INFO - detecting----------False
2023-09-25 15:06:04,862 - INFO - create cached data for this folder:
D:/Download/audio-visual/saas/tiktoka/tiktoka-studio-uploader-app/tests/videos/vertical
2023-09-25 15:06:04,870 - INFO - start to check thumbFilePaths for video: 1
2023-09-25 15:06:04,871 - INFO - this  thumbFilePaths exist:
 D:/Download/audio-visual/saas/tiktoka/tiktoka-studio-uploader-app/tests/videos/vertical\1.png
2023-09-25 15:06:04,871 - INFO - intial thumbFilePaths for 1:

2023-09-25 15:06:04,872 - INFO - update to 1 meta json
2023-09-25 15:06:04,873 - INFO - start to check desFilePaths for video: 1
2023-09-25 15:06:04,875 - INFO - update to 1 meta json
2023-09-25 15:06:04,876 - INFO - start to check metaFilePaths for video: 1
2023-09-25 15:06:04,877 - INFO - this  metaFilePaths exist:
 D:/Download/audio-visual/saas/tiktoka/tiktoka-studio-uploader-app/tests/videos/vertical\1.json
2023-09-25 15:06:04,877 - INFO - intial metaFilePaths for 1:

2023-09-25 15:06:04,879 - INFO - update to 1 meta json
2023-09-25 15:06:27,272 - INFO - start to load thumbnail gen setting json from::C:/Users/dubo/Downloads/template (11).json
2023-09-25 15:06:27,272 - INFO - start to validate template
2023-09-25 15:06:27,276 - INFO - validate thumbnail gen template passed
2023-09-25 15:06:27,276 - INFO - start to validate metadata for thumbgen setting
2023-09-25 15:06:27,288 - INFO - start to check ['heading'] defined in template
2023-09-25 15:06:27,289 - INFO - heading value is \u5df4\u5df4\u53d8\u5b9d\u5b9d\u8d1d\u8d1d\u5b9d\u5b9d\u8d1d\u8d1d\u5b9d\u5b9d\u8d1d\u8d1d in entry 1.
2023-09-25 15:06:27,289 - INFO - validate metadata for thumbgen setting passed
2023-09-25 15:06:27,289 - INFO - start to update user submited metafile to video assets
2023-09-25 15:06:27,290 - WARNING - You are running on win32, potentially without locks. Consider setting shared_lock=True
2023-09-25 15:06:27,291 - INFO - update user submited metafile to video assets passed
2023-09-25 15:06:27,291 - INFO - start to validate bg folder
2023-09-25 15:06:27,291 - INFO - bg folder image list :['D:/Download/audio-visual/saas/tiktoka/tiktoka-studio-uploader-app/tests/videos/vertical/sp\\1-001.jpg', 'D:/Download/audio-visual/saas/tiktoka/tiktoka-studio-uploader-app/tests/videos/vertical/sp\\1-002.jpg', 'D:/Download/audio-visual/saas/tiktoka/tiktoka-studio-uploader-app/tests/videos/vertical/sp\\1-003.jpg']
2023-09-25 15:06:27,292 - INFO - {'captions_certification': 0, 'categories': '', 'comments_ratings_policy': 1, 'extraheading': '', 'first_comment': '', 'heading': '\u5df4\u5df4\u53d8\u5b9d\u5b9d\u8d1d\u8d1d\u5b9d\u5b9d\u8d1d\u8d1d\u5b9d\u5b9d\u8d1d\u8d1d', 'is_age_restriction': False, 'is_allow_embedding': True, 'is_automatic_chapters': True, 'is_featured_place': True, 'is_monetization_allowed': True, 'is_not_for_kid': True, 'is_paid_promotion': False, 'is_publish_to_subscriptions_feed_notify': True, 'is_show_howmany_likes': True, 'license_type': 0, 'release_date': '', 'release_date_hour': '10:15', 'shorts_remixing_type': 0, 'subheading': '', 'subtitles': '', 'tags': '', 'thumbnail_bg_image_path': '', 'thumbnail_local_path': ['D:/Download/audio-visual/saas/tiktoka/tiktoka-studio-uploader-app/tests/videos/vertical\\1.png'], 'video_description': '', 'video_filename': '1.mp4', 'video_film_date': '', 'video_film_location': '', 'video_language': '', 'video_local_path': 'D:/Download/audio-visual/saas/tiktoka/tiktoka-studio-uploader-app/tests/videos/vertical\\1.mp4', 'video_title': '1'} has got thumbnail setup:['D:/Download/audio-visual/saas/tiktoka/tiktoka-studio-uploader-app/tests/videos/vertical\\1.png']
2023-09-25 15:06:27,292 - INFO - validate bg folder passed
2023-09-25 15:09:26,023 - DEBUG - Installation path is:D:\Download\audio-visual\saas\tiktoka\tiktoka-studio-uploader-genius
2023-09-25 15:09:26,024 - INFO - TiktokaStudio GUI started
2023-09-25 15:11:35,769 - DEBUG - Installation path is:D:\Download\audio-visual\saas\tiktoka\tiktoka-studio-uploader-genius
2023-09-25 15:11:35,769 - INFO - TiktokaStudio GUI started
2023-09-25 15:11:46,258 - INFO - detecting----------False
2023-09-25 15:11:46,258 - INFO - create cached data for this folder:
D:/Download/audio-visual/saas/tiktoka/tiktoka-studio-uploader-app/tests/videos/vertical
2023-09-25 15:11:46,264 - INFO - start to check thumbFilePaths for video: 1
2023-09-25 15:11:46,266 - INFO - create a fresh 1 meta json
2023-09-25 15:11:46,267 - INFO - start to check desFilePaths for video: 1
2023-09-25 15:11:46,268 - INFO - update to 1 meta json
2023-09-25 15:11:46,269 - INFO - start to check metaFilePaths for video: 1
2023-09-25 15:11:46,270 - INFO - this  metaFilePaths exist:
 D:/Download/audio-visual/saas/tiktoka/tiktoka-studio-uploader-app/tests/videos/vertical\1.json
2023-09-25 15:11:46,270 - INFO - intial metaFilePaths for 1:

2023-09-25 15:11:46,272 - INFO - update to 1 meta json
2023-09-25 15:12:17,588 - INFO - start to load thumbnail gen setting json from::C:/Users/dubo/Downloads/template (11).json
2023-09-25 15:12:17,588 - INFO - start to validate template
2023-09-25 15:12:17,593 - INFO - validate thumbnail gen template passed
2023-09-25 15:12:17,593 - INFO - start to validate metadata for thumbgen setting
2023-09-25 15:12:17,605 - INFO - start to check ['heading'] defined in template
2023-09-25 15:12:17,605 - INFO - heading value is ssss\u662f\u6c34\u6c34\u6c34\u6c34\u6c34\u6c34 in entry 1.
2023-09-25 15:12:17,605 - INFO - validate metadata for thumbgen setting passed
2023-09-25 15:12:17,605 - INFO - start to update user submited metafile to video assets
2023-09-25 15:12:17,606 - WARNING - You are running on win32, potentially without locks. Consider setting shared_lock=True
2023-09-25 15:12:17,606 - INFO - update user submited metafile to video assets passed
2023-09-25 15:12:17,606 - INFO - start to validate bg folder
2023-09-25 15:12:17,607 - INFO - bg folder image list :['D:/Download/audio-visual/saas/tiktoka/tiktoka-studio-uploader-app/tests/videos/vertical/sp\\1-001.jpg', 'D:/Download/audio-visual/saas/tiktoka/tiktoka-studio-uploader-app/tests/videos/vertical/sp\\1-002.jpg', 'D:/Download/audio-visual/saas/tiktoka/tiktoka-studio-uploader-app/tests/videos/vertical/sp\\1-003.jpg']
2023-09-25 15:12:17,607 - INFO - Random assign bg:D:/Download/audio-visual/saas/tiktoka/tiktoka-studio-uploader-app/tests/videos/vertical/sp\1-001.jpg to  video:1
2023-09-25 15:12:17,607 - INFO - validate bg folder passed
2023-09-25 15:12:57,870 - INFO - start to load thumbnail gen setting json from::C:/Users/dubo/Downloads/template (11).json
2023-09-25 15:12:57,870 - INFO - start to validate template
2023-09-25 15:12:57,873 - INFO - validate thumbnail gen template passed
2023-09-25 15:12:57,873 - INFO - start to validate metadata for thumbgen setting
2023-09-25 15:12:57,883 - INFO - start to check ['heading'] defined in template
2023-09-25 15:12:57,883 - INFO - heading value is ssss\u662f\u6c34\u6c34\u6c34\u6c34\u6c34\u6c34 in entry 1.
2023-09-25 15:12:57,884 - INFO - validate metadata for thumbgen setting passed
2023-09-25 15:12:57,884 - INFO - start to update user submited metafile to video assets
2023-09-25 15:12:57,884 - WARNING - You are running on win32, potentially without locks. Consider setting shared_lock=True
2023-09-25 15:12:57,884 - INFO - update user submited metafile to video assets passed
2023-09-25 15:12:57,885 - INFO - start to validate bg folder
2023-09-25 15:12:57,885 - INFO - bg folder image list :['D:/Download/audio-visual/saas/tiktoka/tiktoka-studio-uploader-app/tests/videos/vertical/sp\\1-001.jpg', 'D:/Download/audio-visual/saas/tiktoka/tiktoka-studio-uploader-app/tests/videos/vertical/sp\\1-002.jpg', 'D:/Download/audio-visual/saas/tiktoka/tiktoka-studio-uploader-app/tests/videos/vertical/sp\\1-003.jpg']
2023-09-25 15:12:57,885 - INFO - Random assign bg:D:/Download/audio-visual/saas/tiktoka/tiktoka-studio-uploader-app/tests/videos/vertical/sp\1-001.jpg to  video:1
2023-09-25 15:12:57,885 - INFO - validate bg folder passed
2023-09-25 15:16:23,224 - DEBUG - Installation path is:D:\Download\audio-visual\saas\tiktoka\tiktoka-studio-uploader-genius
2023-09-25 15:16:23,225 - INFO - TiktokaStudio GUI started
2023-09-25 15:16:37,997 - INFO - detecting----------False
2023-09-25 15:16:37,997 - INFO - create cached data for this folder:
D:/Download/audio-visual/saas/tiktoka/tiktoka-studio-uploader-app/tests/videos/vertical
2023-09-25 15:16:38,003 - INFO - start to check thumbFilePaths for video: 1
2023-09-25 15:16:38,005 - INFO - create a fresh 1 meta json
2023-09-25 15:16:38,006 - INFO - start to check desFilePaths for video: 1
2023-09-25 15:16:38,009 - INFO - update to 1 meta json
2023-09-25 15:16:38,010 - INFO - start to check metaFilePaths for video: 1
2023-09-25 15:16:38,011 - INFO - this  metaFilePaths exist:
 D:/Download/audio-visual/saas/tiktoka/tiktoka-studio-uploader-app/tests/videos/vertical\1.json
2023-09-25 15:16:38,011 - INFO - intial metaFilePaths for 1:

2023-09-25 15:16:38,013 - INFO - update to 1 meta json
2023-09-25 15:17:24,701 - INFO - start to load thumbnail gen setting json from::C:/Users/dubo/Downloads/template (11).json
2023-09-25 15:17:24,702 - INFO - start to validate template
2023-09-25 15:17:24,706 - INFO - validate thumbnail gen template passed
2023-09-25 15:17:24,706 - INFO - start to validate metadata for thumbgen setting
2023-09-25 15:17:24,718 - INFO - start to check ['heading'] defined in template
2023-09-25 15:17:24,718 - INFO - heading value is \u554a\u6c34\u6c34\u6c34\u6c34\u6c34\u6c34\u6c34\u6c34\u6c34\u6c34sssss in entry 1.
2023-09-25 15:17:24,718 - INFO - validate metadata for thumbgen setting passed
2023-09-25 15:17:24,718 - INFO - start to update user submited metafile to video assets
2023-09-25 15:17:24,718 - WARNING - You are running on win32, potentially without locks. Consider setting shared_lock=True
2023-09-25 15:17:24,719 - INFO - update user submited metafile to video assets passed
2023-09-25 15:17:24,719 - INFO - start to validate bg folder
2023-09-25 15:17:24,719 - INFO - bg folder image list :['D:/Download/audio-visual/saas/tiktoka/tiktoka-studio-uploader-app/tests/videos/vertical/sp\\1-001.jpg', 'D:/Download/audio-visual/saas/tiktoka/tiktoka-studio-uploader-app/tests/videos/vertical/sp\\1-002.jpg', 'D:/Download/audio-visual/saas/tiktoka/tiktoka-studio-uploader-app/tests/videos/vertical/sp\\1-003.jpg']
2023-09-25 15:17:24,720 - INFO - Random assign bg:D:/Download/audio-visual/saas/tiktoka/tiktoka-studio-uploader-app/tests/videos/vertical/sp\1-001.jpg to  video:1
2023-09-25 15:17:24,720 - INFO - validate bg folder passed
2023-09-25 15:17:34,159 - INFO - start to load thumbnail gen setting json from::C:/Users/dubo/Downloads/template (11).json
2023-09-25 15:17:34,159 - INFO - start to validate template
2023-09-25 15:17:34,162 - INFO - validate thumbnail gen template passed
2023-09-25 15:17:34,162 - INFO - start to validate metadata for thumbgen setting
2023-09-25 15:17:34,171 - INFO - start to check ['heading'] defined in template
2023-09-25 15:17:34,171 - INFO - heading value is \u554a\u6c34\u6c34\u6c34\u6c34\u6c34\u6c34\u6c34\u6c34\u6c34\u6c34sssss in entry 1.
2023-09-25 15:17:34,172 - INFO - validate metadata for thumbgen setting passed
2023-09-25 15:17:34,172 - INFO - start to update user submited metafile to video assets
2023-09-25 15:17:34,172 - WARNING - You are running on win32, potentially without locks. Consider setting shared_lock=True
2023-09-25 15:17:34,172 - INFO - update user submited metafile to video assets passed
2023-09-25 15:17:34,172 - INFO - start to validate bg folder
2023-09-25 15:17:34,173 - INFO - bg folder image list :['D:/Download/audio-visual/saas/tiktoka/tiktoka-studio-uploader-app/tests/videos/vertical/sp\\1-001.jpg', 'D:/Download/audio-visual/saas/tiktoka/tiktoka-studio-uploader-app/tests/videos/vertical/sp\\1-002.jpg', 'D:/Download/audio-visual/saas/tiktoka/tiktoka-studio-uploader-app/tests/videos/vertical/sp\\1-003.jpg']
2023-09-25 15:17:34,173 - INFO - Random assign bg:D:/Download/audio-visual/saas/tiktoka/tiktoka-studio-uploader-app/tests/videos/vertical/sp\1-002.jpg to  video:1
2023-09-25 15:17:34,173 - INFO - validate bg folder passed
2023-09-25 15:39:01,161 - DEBUG - Installation path is:D:\Download\audio-visual\saas\tiktoka\tiktoka-studio-uploader-genius
2023-09-25 15:39:01,162 - INFO - TiktokaStudio GUI started
2023-09-25 15:39:08,722 - INFO - detecting----------False
2023-09-25 15:39:08,723 - INFO - create cached data for this folder:
D:/Download/audio-visual/saas/tiktoka/tiktoka-studio-uploader-app/tests/videos/vertical
2023-09-25 15:39:08,732 - INFO - start to check thumbFilePaths for video: 1
2023-09-25 15:39:08,734 - INFO - create a fresh 1 meta json
2023-09-25 15:39:08,737 - INFO - start to check desFilePaths for video: 1
2023-09-25 15:39:08,739 - INFO - update to 1 meta json
2023-09-25 15:39:08,741 - INFO - start to check metaFilePaths for video: 1
2023-09-25 15:39:08,742 - INFO - this  metaFilePaths exist:
 D:/Download/audio-visual/saas/tiktoka/tiktoka-studio-uploader-app/tests/videos/vertical\1.json
2023-09-25 15:39:08,743 - INFO - intial metaFilePaths for 1:

2023-09-25 15:39:08,745 - INFO - update to 1 meta json
2023-09-25 15:39:39,715 - INFO - start to load thumbnail gen setting json from::C:/Users/dubo/Downloads/template (11).json
2023-09-25 15:39:39,716 - INFO - start to validate template
2023-09-25 15:39:39,720 - INFO - validate thumbnail gen template passed
2023-09-25 15:39:39,721 - INFO - start to validate metadata for thumbgen setting
2023-09-25 15:39:39,732 - INFO - start to check ['heading'] defined in template
2023-09-25 15:39:39,732 - INFO - heading value is \u6c34\u6c34\u6c34\u6c34\u6c34\u6c34\u6c34\u6c34\u6c34\u6c34aaaaaaaaaaaa in entry 1.
2023-09-25 15:39:39,732 - INFO - validate metadata for thumbgen setting passed
2023-09-25 15:39:39,732 - INFO - start to update user submited metafile to video assets
2023-09-25 15:39:39,733 - WARNING - You are running on win32, potentially without locks. Consider setting shared_lock=True
2023-09-25 15:39:39,733 - INFO - update user submited metafile to video assets passed
2023-09-25 15:39:39,733 - INFO - start to validate bg folder
2023-09-25 15:39:39,734 - INFO - bg folder image list :['D:/Download/audio-visual/saas/tiktoka/tiktoka-studio-uploader-app/tests/videos/vertical/sp\\1-001.jpg', 'D:/Download/audio-visual/saas/tiktoka/tiktoka-studio-uploader-app/tests/videos/vertical/sp\\1-002.jpg', 'D:/Download/audio-visual/saas/tiktoka/tiktoka-studio-uploader-app/tests/videos/vertical/sp\\1-003.jpg']
2023-09-25 15:39:39,734 - INFO - Random assign bg:D:/Download/audio-visual/saas/tiktoka/tiktoka-studio-uploader-app/tests/videos/vertical/sp\1-002.jpg to  video:1
2023-09-25 15:39:39,734 - INFO - validate bg folder passed
2023-09-25 15:40:47,545 - DEBUG - Installation path is:D:\Download\audio-visual\saas\tiktoka\tiktoka-studio-uploader-genius
2023-09-25 15:40:47,545 - INFO - TiktokaStudio GUI started
2023-09-25 15:41:28,559 - INFO - detecting----------False
2023-09-25 15:41:28,559 - INFO - create cached data for this folder:
D:/Download/audio-visual/saas/tiktoka/tiktoka-studio-uploader-app/tests/videos/vertical
2023-09-25 15:41:28,566 - INFO - start to check thumbFilePaths for video: 1
2023-09-25 15:41:28,567 - INFO - create a fresh 1 meta json
2023-09-25 15:41:28,568 - INFO - start to check desFilePaths for video: 1
2023-09-25 15:41:28,570 - INFO - update to 1 meta json
2023-09-25 15:41:28,571 - INFO - start to check metaFilePaths for video: 1
2023-09-25 15:41:28,572 - INFO - this  metaFilePaths exist:
 D:/Download/audio-visual/saas/tiktoka/tiktoka-studio-uploader-app/tests/videos/vertical\1.json
2023-09-25 15:41:28,572 - INFO - intial metaFilePaths for 1:

2023-09-25 15:41:28,574 - INFO - update to 1 meta json
2023-09-25 15:41:30,687 - INFO - detecting----------True
2023-09-25 15:41:30,688 - INFO - we cached 2112113000 seconds before for  this folder D:/Download/audio-visual/saas/tiktoka/tiktoka-studio-uploader-app/tests/videos/vertical
2023-09-25 15:41:30,688 - INFO - we found same filename diff ext video:1,please rename or remove
2023-09-25 15:41:32,288 - INFO - detecting----------True
2023-09-25 15:41:32,288 - INFO - we cached 1598465000 seconds before for  this folder D:/Download/audio-visual/saas/tiktoka/tiktoka-studio-uploader-app/tests/videos/vertical
2023-09-25 15:41:32,289 - INFO - we found same filename diff ext video:1,please rename or remove
2023-09-25 15:41:34,200 - INFO - detecting----------True
2023-09-25 15:41:34,200 - INFO - we cached 1910413000 seconds before for  this folder D:/Download/audio-visual/saas/tiktoka/tiktoka-studio-uploader-app/tests/videos/vertical
2023-09-25 15:41:34,201 - INFO - we found same filename diff ext video:1,please rename or remove
2023-09-25 15:42:07,503 - INFO - detecting----------True
2023-09-25 15:42:07,503 - INFO - we cached 33301322000 seconds before for  this folder D:/Download/audio-visual/saas/tiktoka/tiktoka-studio-uploader-app/tests/videos/vertical
2023-09-25 15:42:07,503 - INFO - we found same filename diff ext video:1,please rename or remove
2023-09-25 15:42:21,784 - INFO - start to load thumbnail gen setting json from::C:/Users/dubo/Downloads/template (11).json
2023-09-25 15:42:21,786 - INFO - start to validate template
2023-09-25 15:42:21,786 - INFO - validate thumbnail gen template passed
2023-09-25 15:42:21,786 - INFO - start to validate metadata for thumbgen setting
2023-09-25 15:42:21,794 - INFO - start to check ['heading'] defined in template
2023-09-25 15:42:21,794 - INFO - heading value is \u9876\u9876\u9876\u9876\u9876\u9876\u9876\u9876\u9876\u9876\u9876\u9876\u9876jjjj in entry 1.
2023-09-25 15:42:21,794 - INFO - validate metadata for thumbgen setting passed
2023-09-25 15:42:21,794 - INFO - start to update user submited metafile to video assets
2023-09-25 15:42:21,794 - WARNING - You are running on win32, potentially without locks. Consider setting shared_lock=True
2023-09-25 15:42:21,794 - INFO - update user submited metafile to video assets passed
2023-09-25 15:42:21,794 - INFO - start to validate bg folder
2023-09-25 15:42:21,794 - INFO - bg folder image list :['D:/Download/audio-visual/saas/tiktoka/tiktoka-studio-uploader-app/tests/videos/vertical/sp\\1-001.jpg', 'D:/Download/audio-visual/saas/tiktoka/tiktoka-studio-uploader-app/tests/videos/vertical/sp\\1-002.jpg', 'D:/Download/audio-visual/saas/tiktoka/tiktoka-studio-uploader-app/tests/videos/vertical/sp\\1-003.jpg']
2023-09-25 15:42:21,794 - INFO - Random assign bg:D:/Download/audio-visual/saas/tiktoka/tiktoka-studio-uploader-app/tests/videos/vertical/sp\1-002.jpg to  video:1
2023-09-25 15:42:21,794 - INFO - validate bg folder passed
2023-09-25 15:42:24,645 - INFO - start to load thumbnail gen setting json from::C:/Users/dubo/Downloads/template (11).json
2023-09-25 15:42:24,645 - INFO - start to validate template
2023-09-25 15:42:24,645 - INFO - validate thumbnail gen template passed
2023-09-25 15:42:24,645 - INFO - start to validate metadata for thumbgen setting
2023-09-25 15:42:24,654 - INFO - start to check ['heading'] defined in template
2023-09-25 15:42:24,654 - INFO - heading value is \u9876\u9876\u9876\u9876\u9876\u9876\u9876\u9876\u9876\u9876\u9876\u9876\u9876jjjj in entry 1.
2023-09-25 15:42:24,654 - INFO - validate metadata for thumbgen setting passed
2023-09-25 15:42:24,654 - INFO - start to update user submited metafile to video assets
2023-09-25 15:42:24,654 - WARNING - You are running on win32, potentially without locks. Consider setting shared_lock=True
2023-09-25 15:42:24,654 - INFO - update user submited metafile to video assets passed
2023-09-25 15:42:24,654 - INFO - start to validate bg folder
2023-09-25 15:42:24,654 - INFO - bg folder image list :['D:/Download/audio-visual/saas/tiktoka/tiktoka-studio-uploader-app/tests/videos/vertical/sp\\1-001.jpg', 'D:/Download/audio-visual/saas/tiktoka/tiktoka-studio-uploader-app/tests/videos/vertical/sp\\1-002.jpg', 'D:/Download/audio-visual/saas/tiktoka/tiktoka-studio-uploader-app/tests/videos/vertical/sp\\1-003.jpg']
2023-09-25 15:42:24,664 - INFO - Random assign bg:D:/Download/audio-visual/saas/tiktoka/tiktoka-studio-uploader-app/tests/videos/vertical/sp\1-001.jpg to  video:1
2023-09-25 15:42:24,664 - INFO - validate bg folder passed
2023-09-25 16:06:53,484 - DEBUG - Installation path is:D:\Download\audio-visual\saas\tiktoka\tiktoka-studio-uploader-genius
2023-09-25 16:06:53,484 - INFO - TiktokaStudio GUI started
2023-09-25 16:07:33,956 - INFO - detecting----------False
2023-09-25 16:07:33,956 - INFO - create cached data for this folder:
D:/Download/audio-visual/saas/tiktoka/tiktoka-studio-uploader-app/tests/videos/vertical
2023-09-25 16:07:33,963 - INFO - start to check thumbFilePaths for video: 1
2023-09-25 16:07:33,965 - INFO - create a fresh 1 meta json
2023-09-25 16:07:33,967 - INFO - start to check desFilePaths for video: 1
2023-09-25 16:07:33,969 - INFO - update to 1 meta json
2023-09-25 16:07:33,970 - INFO - start to check metaFilePaths for video: 1
2023-09-25 16:07:33,971 - INFO - this  metaFilePaths exist:
 D:/Download/audio-visual/saas/tiktoka/tiktoka-studio-uploader-app/tests/videos/vertical\1.json
2023-09-25 16:07:33,971 - INFO - intial metaFilePaths for 1:

2023-09-25 16:07:33,973 - INFO - update to 1 meta json
2023-09-25 16:07:35,317 - INFO - detecting----------True
2023-09-25 16:07:35,317 - INFO - we cached 1341489000 seconds before for  this folder D:/Download/audio-visual/saas/tiktoka/tiktoka-studio-uploader-app/tests/videos/vertical
2023-09-25 16:07:35,318 - INFO - we found same filename diff ext video:1,please rename or remove
2023-09-25 16:09:49,913 - INFO - start to load thumbnail gen setting json from::C:/Users/dubo/Downloads/template (11).json
2023-09-25 16:09:49,914 - INFO - start to validate template
2023-09-25 16:09:49,917 - INFO - validate thumbnail gen template passed
2023-09-25 16:09:49,917 - INFO - start to validate metadata for thumbgen setting
2023-09-25 16:09:49,929 - INFO - start to check ['heading'] defined in template
2023-09-25 16:09:49,929 - INFO - heading value is sssssss\u6c34\u6c34\u6c34\u6c34\u6c34\u6c34\u6c34 in entry 1.
2023-09-25 16:09:49,929 - INFO - validate metadata for thumbgen setting passed
2023-09-25 16:09:49,929 - INFO - start to update user submited metafile to video assets
2023-09-25 16:09:49,929 - WARNING - You are running on win32, potentially without locks. Consider setting shared_lock=True
2023-09-25 16:09:49,930 - INFO - update user submited metafile to video assets passed
2023-09-25 16:09:49,930 - INFO - start to validate bg folder
2023-09-25 16:09:49,931 - INFO - bg folder image list :['D:/Download/audio-visual/saas/tiktoka/tiktoka-studio-uploader-app/tests/videos/vertical/sp\\1-001.jpg', 'D:/Download/audio-visual/saas/tiktoka/tiktoka-studio-uploader-app/tests/videos/vertical/sp\\1-002.jpg', 'D:/Download/audio-visual/saas/tiktoka/tiktoka-studio-uploader-app/tests/videos/vertical/sp\\1-003.jpg']
2023-09-25 16:09:49,931 - INFO - Random assign bg:D:/Download/audio-visual/saas/tiktoka/tiktoka-studio-uploader-app/tests/videos/vertical/sp\1-001.jpg to  video:1
2023-09-25 16:09:49,931 - INFO - validate bg folder passed
2023-09-25 16:09:51,353 - INFO - start to load thumbnail gen setting json from::C:/Users/dubo/Downloads/template (11).json
2023-09-25 16:09:51,353 - INFO - start to validate template
2023-09-25 16:09:51,356 - INFO - validate thumbnail gen template passed
2023-09-25 16:09:51,356 - INFO - start to validate metadata for thumbgen setting
2023-09-25 16:09:51,366 - INFO - start to check ['heading'] defined in template
2023-09-25 16:09:51,367 - INFO - heading value is sssssss\u6c34\u6c34\u6c34\u6c34\u6c34\u6c34\u6c34 in entry 1.
2023-09-25 16:09:51,367 - INFO - validate metadata for thumbgen setting passed
2023-09-25 16:09:51,367 - INFO - start to update user submited metafile to video assets
2023-09-25 16:09:51,367 - WARNING - You are running on win32, potentially without locks. Consider setting shared_lock=True
2023-09-25 16:09:51,368 - INFO - update user submited metafile to video assets passed
2023-09-25 16:09:51,368 - INFO - start to validate bg folder
2023-09-25 16:09:51,369 - INFO - bg folder image list :['D:/Download/audio-visual/saas/tiktoka/tiktoka-studio-uploader-app/tests/videos/vertical/sp\\1-001.jpg', 'D:/Download/audio-visual/saas/tiktoka/tiktoka-studio-uploader-app/tests/videos/vertical/sp\\1-002.jpg', 'D:/Download/audio-visual/saas/tiktoka/tiktoka-studio-uploader-app/tests/videos/vertical/sp\\1-003.jpg']
2023-09-25 16:09:51,369 - INFO - Random assign bg:D:/Download/audio-visual/saas/tiktoka/tiktoka-studio-uploader-app/tests/videos/vertical/sp\1-001.jpg to  video:1
2023-09-25 16:09:51,369 - INFO - validate bg folder passed
2023-09-25 16:11:18,009 - DEBUG - Installation path is:D:\Download\audio-visual\saas\tiktoka\tiktoka-studio-uploader-genius
2023-09-25 16:11:18,010 - INFO - TiktokaStudio GUI started
2023-09-25 16:11:26,869 - INFO - detecting----------False
2023-09-25 16:11:26,870 - INFO - create cached data for this folder:
D:/Download/audio-visual/saas/tiktoka/tiktoka-studio-uploader-app/tests/videos/vertical
2023-09-25 16:11:26,876 - INFO - start to check thumbFilePaths for video: 1
2023-09-25 16:11:26,878 - INFO - update to 1 meta json
2023-09-25 16:11:26,880 - INFO - start to check desFilePaths for video: 1
2023-09-25 16:11:26,881 - INFO - update to 1 meta json
2023-09-25 16:11:26,882 - INFO - start to check metaFilePaths for video: 1
2023-09-25 16:11:26,883 - INFO - this  metaFilePaths exist:
 D:/Download/audio-visual/saas/tiktoka/tiktoka-studio-uploader-app/tests/videos/vertical\1.json
2023-09-25 16:11:26,883 - INFO - intial metaFilePaths for 1:

2023-09-25 16:11:26,884 - INFO - update to 1 meta json
2023-09-25 16:11:38,692 - INFO - start to load thumbnail gen setting json from::C:/Users/dubo/Downloads/template (11).json
2023-09-25 16:11:38,693 - INFO - start to validate template
2023-09-25 16:11:38,697 - INFO - validate thumbnail gen template passed
2023-09-25 16:11:38,697 - INFO - start to validate metadata for thumbgen setting
2023-09-25 16:11:38,709 - INFO - start to check ['heading'] defined in template
2023-09-25 16:11:38,709 - ERROR - heading value is empty in entry 1.
2023-09-25 16:11:38,709 - ERROR - validate metadata for thumbgen setting failed
2023-09-25 16:11:38,709 - INFO - start to validate bg folder
2023-09-25 16:11:38,710 - INFO - bg folder image list :['D:/Download/audio-visual/saas/tiktoka/tiktoka-studio-uploader-app/tests/videos/vertical/sp\\1-001.jpg', 'D:/Download/audio-visual/saas/tiktoka/tiktoka-studio-uploader-app/tests/videos/vertical/sp\\1-002.jpg', 'D:/Download/audio-visual/saas/tiktoka/tiktoka-studio-uploader-app/tests/videos/vertical/sp\\1-003.jpg']
2023-09-25 16:11:38,710 - INFO - Random assign bg:D:/Download/audio-visual/saas/tiktoka/tiktoka-studio-uploader-app/tests/videos/vertical/sp\1-001.jpg to  video:1
2023-09-25 16:11:38,710 - INFO - validate bg folder passed
2023-09-25 16:12:07,366 - INFO - start to load thumbnail gen setting json from::C:/Users/dubo/Downloads/template (11).json
2023-09-25 16:12:07,367 - INFO - start to validate template
2023-09-25 16:12:07,369 - INFO - validate thumbnail gen template passed
2023-09-25 16:12:07,369 - INFO - start to validate metadata for thumbgen setting
2023-09-25 16:12:07,379 - INFO - start to check ['heading'] defined in template
2023-09-25 16:12:07,380 - INFO - heading value is \u723d\u723d\u723d\u723d\u723d\u723d\u723d\u723d\u723d\u723d\u723d\u723d\u723d\u723d\u723dxxxxxxxxxxx in entry 1.
2023-09-25 16:12:07,380 - INFO - validate metadata for thumbgen setting passed
2023-09-25 16:12:07,380 - INFO - start to update user submited metafile to video assets
2023-09-25 16:12:07,381 - WARNING - You are running on win32, potentially without locks. Consider setting shared_lock=True
2023-09-25 16:12:07,381 - INFO - update user submited metafile to video assets passed
2023-09-25 16:12:07,382 - INFO - start to validate bg folder
2023-09-25 16:12:07,382 - INFO - bg folder image list :['D:/Download/audio-visual/saas/tiktoka/tiktoka-studio-uploader-app/tests/videos/vertical/sp\\1-001.jpg', 'D:/Download/audio-visual/saas/tiktoka/tiktoka-studio-uploader-app/tests/videos/vertical/sp\\1-002.jpg', 'D:/Download/audio-visual/saas/tiktoka/tiktoka-studio-uploader-app/tests/videos/vertical/sp\\1-003.jpg']
2023-09-25 16:12:07,382 - INFO - Random assign bg:D:/Download/audio-visual/saas/tiktoka/tiktoka-studio-uploader-app/tests/videos/vertical/sp\1-002.jpg to  video:1
2023-09-25 16:12:07,382 - INFO - validate bg folder passed
2023-09-25 16:17:25,760 - DEBUG - Installation path is:D:\Download\audio-visual\saas\tiktoka\tiktoka-studio-uploader-genius
2023-09-25 16:17:25,760 - INFO - TiktokaStudio GUI started
2023-09-25 16:17:37,388 - INFO - detecting----------False
2023-09-25 16:17:37,388 - INFO - create cached data for this folder:
D:/Download/audio-visual/saas/tiktoka/tiktoka-studio-uploader-app/tests/videos/vertical
2023-09-25 16:17:37,395 - INFO - start to check thumbFilePaths for video: 1
2023-09-25 16:17:37,397 - INFO - create a fresh 1 meta json
2023-09-25 16:17:37,398 - INFO - start to check desFilePaths for video: 1
2023-09-25 16:17:37,400 - INFO - update to 1 meta json
2023-09-25 16:17:37,401 - INFO - start to check metaFilePaths for video: 1
2023-09-25 16:17:37,402 - INFO - this  metaFilePaths exist:
 D:/Download/audio-visual/saas/tiktoka/tiktoka-studio-uploader-app/tests/videos/vertical\1.json
2023-09-25 16:17:37,402 - INFO - intial metaFilePaths for 1:

2023-09-25 16:17:37,404 - INFO - update to 1 meta json
2023-09-25 16:18:05,339 - INFO - start to load thumbnail gen setting json from::C:/Users/dubo/Downloads/template (11).json
2023-09-25 16:18:05,339 - INFO - start to validate template
2023-09-25 16:18:05,343 - INFO - validate thumbnail gen template passed
2023-09-25 16:18:05,344 - INFO - start to validate metadata for thumbgen setting
2023-09-25 16:18:05,355 - INFO - start to check ['heading'] defined in template
2023-09-25 16:18:05,356 - INFO - heading value is \u723d\u723d\u723d\u723d\u723d\u723d\u723d\u723d\u723d\u723dxxxxxxxxxxxx in entry 1.
2023-09-25 16:18:05,356 - INFO - validate metadata for thumbgen setting passed
2023-09-25 16:18:05,356 - INFO - start to update user submited metafile to video assets
2023-09-25 16:18:05,356 - WARNING - You are running on win32, potentially without locks. Consider setting shared_lock=True
2023-09-25 16:18:05,356 - INFO - update user submited metafile to video assets passed
2023-09-25 16:18:05,357 - INFO - start to validate bg folder
2023-09-25 16:18:05,357 - INFO - bg folder image list :['D:/Download/audio-visual/saas/tiktoka/tiktoka-studio-uploader-app/tests/videos/vertical/sp\\1-001.jpg', 'D:/Download/audio-visual/saas/tiktoka/tiktoka-studio-uploader-app/tests/videos/vertical/sp\\1-002.jpg', 'D:/Download/audio-visual/saas/tiktoka/tiktoka-studio-uploader-app/tests/videos/vertical/sp\\1-003.jpg']
2023-09-25 16:18:05,357 - INFO - Random assign bg:D:/Download/audio-visual/saas/tiktoka/tiktoka-studio-uploader-app/tests/videos/vertical/sp\1-002.jpg to  video:1
2023-09-25 16:18:05,357 - INFO - validate bg folder passed
2023-09-25 16:19:10,941 - INFO - start to load thumbnail gen setting json from::C:/Users/dubo/Downloads/template (11).json
2023-09-25 16:19:10,942 - INFO - start to validate template
2023-09-25 16:19:10,944 - INFO - validate thumbnail gen template passed
2023-09-25 16:19:10,944 - INFO - start to validate metadata for thumbgen setting
2023-09-25 16:19:10,954 - INFO - start to check ['heading'] defined in template
2023-09-25 16:19:10,954 - INFO - heading value is \u723d\u723d\u723d\u723d\u723d\u723d\u723d\u723d\u723d\u723dxxxxxxxxxxxx in entry 1.
2023-09-25 16:19:10,955 - INFO - validate metadata for thumbgen setting passed
2023-09-25 16:19:10,955 - INFO - start to update user submited metafile to video assets
2023-09-25 16:19:10,955 - WARNING - You are running on win32, potentially without locks. Consider setting shared_lock=True
2023-09-25 16:19:10,955 - INFO - update user submited metafile to video assets passed
2023-09-25 16:19:10,955 - INFO - start to validate bg folder
2023-09-25 16:19:10,956 - INFO - bg folder image list :['D:/Download/audio-visual/saas/tiktoka/tiktoka-studio-uploader-app/tests/videos/vertical/sp\\1-001.jpg', 'D:/Download/audio-visual/saas/tiktoka/tiktoka-studio-uploader-app/tests/videos/vertical/sp\\1-002.jpg', 'D:/Download/audio-visual/saas/tiktoka/tiktoka-studio-uploader-app/tests/videos/vertical/sp\\1-003.jpg']
2023-09-25 16:19:10,956 - INFO - Random assign bg:D:/Download/audio-visual/saas/tiktoka/tiktoka-studio-uploader-app/tests/videos/vertical/sp\1-003.jpg to  video:1
2023-09-25 16:19:10,956 - INFO - validate bg folder passed
2023-09-25 16:21:10,641 - DEBUG - Installation path is:D:\Download\audio-visual\saas\tiktoka\tiktoka-studio-uploader-genius
2023-09-25 16:21:10,642 - INFO - TiktokaStudio GUI started
2023-09-25 16:22:01,004 - DEBUG - Installation path is:D:\Download\audio-visual\saas\tiktoka\tiktoka-studio-uploader-genius
2023-09-25 16:22:01,005 - INFO - TiktokaStudio GUI started
2023-09-25 16:22:01,180 - INFO - switch lang to locale:zh
2023-09-25 16:22:30,411 - INFO - detecting----------False
2023-09-25 16:22:30,411 - INFO - create cached data for this folder:
D:/Download/audio-visual/saas/tiktoka/tiktoka-studio-uploader-app/tests/videos/vertical
2023-09-25 16:22:30,418 - INFO - start to check thumbFilePaths for video: 1
2023-09-25 16:22:30,420 - INFO - create a fresh 1 meta json
2023-09-25 16:22:30,421 - INFO - start to check desFilePaths for video: 1
2023-09-25 16:22:30,422 - INFO - update to 1 meta json
2023-09-25 16:22:30,423 - INFO - start to check metaFilePaths for video: 1
2023-09-25 16:22:30,424 - INFO - this  metaFilePaths exist:
 D:/Download/audio-visual/saas/tiktoka/tiktoka-studio-uploader-app/tests/videos/vertical\1.json
2023-09-25 16:22:30,424 - INFO - intial metaFilePaths for 1:

2023-09-25 16:22:30,426 - INFO - update to 1 meta json
2023-09-25 16:22:32,515 - INFO - detecting----------True
2023-09-25 16:22:32,516 - INFO - we cached 2086985000 seconds before for  this folder D:/Download/audio-visual/saas/tiktoka/tiktoka-studio-uploader-app/tests/videos/vertical
2023-09-25 16:22:32,516 - INFO - we found same filename diff ext video:1,please rename or remove
2023-09-25 16:22:34,052 - INFO - detecting----------True
2023-09-25 16:22:34,052 - INFO - we cached 1535042000 seconds before for  this folder D:/Download/audio-visual/saas/tiktoka/tiktoka-studio-uploader-app/tests/videos/vertical
2023-09-25 16:22:34,053 - INFO - we found same filename diff ext video:1,please rename or remove
2023-09-25 16:23:02,328 - INFO - detecting----------True
2023-09-25 16:23:02,328 - INFO - we cached 28274055000 seconds before for  this folder D:/Download/audio-visual/saas/tiktoka/tiktoka-studio-uploader-app/tests/videos/vertical
2023-09-25 16:23:02,328 - INFO - we found same filename diff ext video:1,please rename or remove
2023-09-25 16:23:45,339 - INFO - start to load thumbnail gen setting json from::C:/Users/dubo/Downloads/template (11).json
2023-09-25 16:23:45,339 - INFO - start to validate template
2023-09-25 16:23:45,339 - INFO - validate thumbnail gen template passed
2023-09-25 16:23:45,339 - INFO - start to validate metadata for thumbgen setting
2023-09-25 16:23:45,355 - INFO - start to check ['heading'] defined in template
2023-09-25 16:23:45,355 - INFO - heading value is \u6c34\u6c34\u6c34\u6c34\u6c34\u6c34\u6c34\u6c34 in entry 1.
2023-09-25 16:23:45,355 - INFO - validate metadata for thumbgen setting passed
2023-09-25 16:23:45,355 - INFO - start to update user submited metafile to video assets
2023-09-25 16:23:45,355 - WARNING - You are running on win32, potentially without locks. Consider setting shared_lock=True
2023-09-25 16:23:45,359 - INFO - update user submited metafile to video assets passed
2023-09-25 16:23:45,359 - INFO - start to validate bg folder
2023-09-25 16:23:45,359 - INFO - bg folder image list :['D:/Download/audio-visual/saas/tiktoka/tiktoka-studio-uploader-app/tests/videos/vertical/sp\\1-002.jpg', 'D:/Download/audio-visual/saas/tiktoka/tiktoka-studio-uploader-app/tests/videos/vertical/sp\\1-003.jpg']
2023-09-25 16:23:45,359 - INFO - Random assign bg:D:/Download/audio-visual/saas/tiktoka/tiktoka-studio-uploader-app/tests/videos/vertical/sp\1-003.jpg to  video:1
2023-09-25 16:23:45,359 - INFO - validate bg folder passed
2023-09-25 16:25:59,323 - DEBUG - Installation path is:D:\Download\audio-visual\saas\tiktoka\tiktoka-studio-uploader-genius
2023-09-25 16:25:59,323 - INFO - TiktokaStudio GUI started
2023-09-25 16:26:13,086 - INFO - detecting----------False
2023-09-25 16:26:13,086 - INFO - create cached data for this folder:
D:/Download/audio-visual/saas/tiktoka/tiktoka-studio-uploader-app/tests/videos/vertical
2023-09-25 16:26:13,092 - INFO - start to check thumbFilePaths for video: 1
2023-09-25 16:26:13,093 - INFO - this  thumbFilePaths exist:
 D:/Download/audio-visual/saas/tiktoka/tiktoka-studio-uploader-app/tests/videos/vertical\1.png
2023-09-25 16:26:13,093 - INFO - intial thumbFilePaths for 1:

2023-09-25 16:26:13,094 - INFO - update to 1 meta json
2023-09-25 16:26:13,095 - INFO - start to check desFilePaths for video: 1
2023-09-25 16:26:13,096 - INFO - update to 1 meta json
2023-09-25 16:26:13,097 - INFO - start to check metaFilePaths for video: 1
2023-09-25 16:26:13,097 - INFO - this  metaFilePaths exist:
 D:/Download/audio-visual/saas/tiktoka/tiktoka-studio-uploader-app/tests/videos/vertical\1.json
2023-09-25 16:26:13,097 - INFO - intial metaFilePaths for 1:

2023-09-25 16:26:13,098 - INFO - update to 1 meta json
2023-09-25 16:26:13,706 - INFO - detecting----------True
2023-09-25 16:26:13,707 - INFO - we cached 604251000 seconds before for  this folder D:/Download/audio-visual/saas/tiktoka/tiktoka-studio-uploader-app/tests/videos/vertical
2023-09-25 16:26:13,707 - INFO - we found same filename diff ext video:1,please rename or remove
2023-09-25 16:53:10,459 - DEBUG - Installation path is:D:\Download\audio-visual\saas\tiktoka\tiktoka-studio-uploader-genius
2023-09-25 16:53:10,459 - INFO - TiktokaStudio GUI started
2023-09-25 16:53:49,459 - INFO - detecting----------False
2023-09-25 16:53:49,459 - INFO - create cached data for this folder:
D:/Download/audio-visual/saas/tiktoka/tiktoka-studio-uploader-app/tests/videos/vertical
2023-09-25 16:53:49,467 - INFO - start to check thumbFilePaths for video: 1
2023-09-25 16:53:49,469 - INFO - update to 1 meta json
2023-09-25 16:53:49,470 - INFO - start to check desFilePaths for video: 1
2023-09-25 16:53:49,472 - INFO - update to 1 meta json
2023-09-25 16:53:49,473 - INFO - start to check metaFilePaths for video: 1
2023-09-25 16:53:49,474 - INFO - this  metaFilePaths exist:
 D:/Download/audio-visual/saas/tiktoka/tiktoka-studio-uploader-app/tests/videos/vertical\1.json
2023-09-25 16:53:49,474 - INFO - intial metaFilePaths for 1:

2023-09-25 16:53:49,475 - INFO - update to 1 meta json
2023-09-25 16:54:23,829 - INFO - start to load thumbnail gen setting json from::C:/Users/dubo/Downloads/template (12).json
2023-09-25 16:54:23,830 - ERROR - this thumb template json can not be loaded and parsed,check the error msg:
Expecting value: line 27 column 19 (char 502)
2023-09-25 16:54:23,830 - INFO - start to validate bg folder
2023-09-25 16:54:23,830 - INFO - bg folder image list :['D:/Download/audio-visual/saas/tiktoka/tiktoka-studio-uploader-app/tests/videos/vertical/sp\\1-002.jpg', 'D:/Download/audio-visual/saas/tiktoka/tiktoka-studio-uploader-app/tests/videos/vertical/sp\\1-003.jpg']
2023-09-25 16:54:23,831 - INFO - Random assign bg:D:/Download/audio-visual/saas/tiktoka/tiktoka-studio-uploader-app/tests/videos/vertical/sp\1-003.jpg to  video:1
2023-09-25 16:54:23,831 - INFO - validate bg folder passed
2023-09-25 16:55:35,014 - INFO - start to load thumbnail gen setting json from::C:/Users/dubo/Downloads/template (12).json
2023-09-25 16:55:35,015 - ERROR - this thumb template json can not be loaded and parsed,check the error msg:
Expecting value: line 29 column 18 (char 544)
2023-09-25 16:55:35,015 - INFO - start to validate bg folder
2023-09-25 16:55:35,016 - INFO - bg folder image list :['D:/Download/audio-visual/saas/tiktoka/tiktoka-studio-uploader-app/tests/videos/vertical/sp\\1-002.jpg', 'D:/Download/audio-visual/saas/tiktoka/tiktoka-studio-uploader-app/tests/videos/vertical/sp\\1-003.jpg']
2023-09-25 16:55:35,016 - INFO - Random assign bg:D:/Download/audio-visual/saas/tiktoka/tiktoka-studio-uploader-app/tests/videos/vertical/sp\1-003.jpg to  video:1
2023-09-25 16:55:35,016 - INFO - validate bg folder passed
2023-09-25 16:55:47,841 - DEBUG - Installation path is:D:\Download\audio-visual\saas\tiktoka\tiktoka-studio-uploader-genius
2023-09-25 16:55:47,841 - INFO - TiktokaStudio GUI started
2023-09-25 16:55:55,304 - INFO - detecting----------False
2023-09-25 16:55:55,305 - INFO - create cached data for this folder:
D:/Download/audio-visual/saas/tiktoka/tiktoka-studio-uploader-app/tests/videos/vertical
2023-09-25 16:55:55,311 - INFO - start to check thumbFilePaths for video: 1
2023-09-25 16:55:55,313 - INFO - update to 1 meta json
2023-09-25 16:55:55,314 - INFO - start to check desFilePaths for video: 1
2023-09-25 16:55:55,315 - INFO - update to 1 meta json
2023-09-25 16:55:55,316 - INFO - start to check metaFilePaths for video: 1
2023-09-25 16:55:55,317 - INFO - this  metaFilePaths exist:
 D:/Download/audio-visual/saas/tiktoka/tiktoka-studio-uploader-app/tests/videos/vertical\1.json
2023-09-25 16:55:55,317 - INFO - intial metaFilePaths for 1:

2023-09-25 16:55:55,319 - INFO - update to 1 meta json
2023-09-25 16:56:37,833 - INFO - start to load thumbnail gen setting json from::C:/Users/dubo/Downloads/template (12).json
2023-09-25 16:56:37,834 - ERROR - this thumb template json can not be loaded and parsed,check the error msg:
Expecting value: line 29 column 18 (char 544)
2023-09-25 16:56:37,834 - INFO - start to validate bg folder
2023-09-25 16:56:37,834 - INFO - bg folder image list :['D:/Download/audio-visual/saas/tiktoka/tiktoka-studio-uploader-app/tests/videos/vertical/sp\\1-002.jpg', 'D:/Download/audio-visual/saas/tiktoka/tiktoka-studio-uploader-app/tests/videos/vertical/sp\\1-003.jpg']
2023-09-25 16:56:37,834 - INFO - Random assign bg:D:/Download/audio-visual/saas/tiktoka/tiktoka-studio-uploader-app/tests/videos/vertical/sp\1-002.jpg to  video:1
2023-09-25 16:56:37,834 - INFO - validate bg folder passed
2023-09-25 16:57:33,155 - INFO - start to load thumbnail gen setting json from::C:/Users/dubo/Downloads/template (12).json
2023-09-25 16:57:33,156 - ERROR - this thumb template json can not be loaded and parsed,check the error msg:
Expecting value: line 27 column 19 (char 502)
2023-09-25 16:57:33,156 - INFO - start to validate bg folder
2023-09-25 16:57:33,157 - INFO - bg folder image list :['D:/Download/audio-visual/saas/tiktoka/tiktoka-studio-uploader-app/tests/videos/vertical/sp\\1-002.jpg', 'D:/Download/audio-visual/saas/tiktoka/tiktoka-studio-uploader-app/tests/videos/vertical/sp\\1-003.jpg']
2023-09-25 16:57:33,157 - INFO - Random assign bg:D:/Download/audio-visual/saas/tiktoka/tiktoka-studio-uploader-app/tests/videos/vertical/sp\1-002.jpg to  video:1
2023-09-25 16:57:33,157 - INFO - validate bg folder passed
2023-09-25 16:57:43,435 - INFO - start to load thumbnail gen setting json from::C:/Users/dubo/Downloads/template (12).json
2023-09-25 16:57:43,436 - ERROR - this thumb template json can not be loaded and parsed,check the error msg:
Expecting value: line 27 column 19 (char 502)
2023-09-25 16:57:43,436 - INFO - start to validate bg folder
2023-09-25 16:57:43,436 - INFO - bg folder image list :['D:/Download/audio-visual/saas/tiktoka/tiktoka-studio-uploader-app/tests/videos/vertical/sp\\1-002.jpg', 'D:/Download/audio-visual/saas/tiktoka/tiktoka-studio-uploader-app/tests/videos/vertical/sp\\1-003.jpg']
2023-09-25 16:57:43,437 - INFO - Random assign bg:D:/Download/audio-visual/saas/tiktoka/tiktoka-studio-uploader-app/tests/videos/vertical/sp\1-003.jpg to  video:1
2023-09-25 16:57:43,437 - INFO - validate bg folder passed
2023-09-25 17:00:29,954 - DEBUG - Installation path is:D:\Download\audio-visual\saas\tiktoka\tiktoka-studio-uploader-genius
2023-09-25 17:00:29,954 - INFO - TiktokaStudio GUI started
2023-09-25 17:00:40,082 - INFO - detecting----------False
2023-09-25 17:00:40,082 - INFO - create cached data for this folder:
D:/Download/audio-visual/saas/tiktoka/tiktoka-studio-uploader-app/tests/videos/vertical
2023-09-25 17:00:40,088 - INFO - start to check thumbFilePaths for video: 1
2023-09-25 17:00:40,089 - INFO - update to 1 meta json
2023-09-25 17:00:40,090 - INFO - start to check desFilePaths for video: 1
2023-09-25 17:00:40,092 - INFO - update to 1 meta json
2023-09-25 17:00:40,093 - INFO - start to check metaFilePaths for video: 1
2023-09-25 17:00:40,094 - INFO - this  metaFilePaths exist:
 D:/Download/audio-visual/saas/tiktoka/tiktoka-studio-uploader-app/tests/videos/vertical\1.json
2023-09-25 17:00:40,094 - INFO - intial metaFilePaths for 1:

2023-09-25 17:00:40,096 - INFO - update to 1 meta json
2023-09-25 17:00:57,915 - INFO - start to load thumbnail gen setting json from::C:/Users/dubo/Downloads/template (12).json
2023-09-25 17:00:57,915 - ERROR - this thumb template json can not be loaded and parsed,check the error msg:
Expecting value: line 27 column 19 (char 502)
2023-09-25 17:00:57,916 - INFO - start to validate bg folder
2023-09-25 17:00:57,916 - INFO - bg folder image list :['D:/Download/audio-visual/saas/tiktoka/tiktoka-studio-uploader-app/tests/videos/vertical/sp\\1-002.jpg', 'D:/Download/audio-visual/saas/tiktoka/tiktoka-studio-uploader-app/tests/videos/vertical/sp\\1-003.jpg']
2023-09-25 17:00:57,916 - INFO - Random assign bg:D:/Download/audio-visual/saas/tiktoka/tiktoka-studio-uploader-app/tests/videos/vertical/sp\1-003.jpg to  video:1
2023-09-25 17:00:57,916 - INFO - validate bg folder passed
2023-09-25 17:01:23,546 - INFO - start to load thumbnail gen setting json from::C:/Users/dubo/Downloads/template (12).json
2023-09-25 17:01:23,547 - ERROR - this thumb template json can not be loaded and parsed,check the error msg:
Expecting value: line 29 column 18 (char 544)
2023-09-25 17:01:23,547 - INFO - start to validate bg folder
2023-09-25 17:01:23,547 - INFO - bg folder image list :['D:/Download/audio-visual/saas/tiktoka/tiktoka-studio-uploader-app/tests/videos/vertical/sp\\1-002.jpg', 'D:/Download/audio-visual/saas/tiktoka/tiktoka-studio-uploader-app/tests/videos/vertical/sp\\1-003.jpg']
2023-09-25 17:01:23,548 - INFO - Random assign bg:D:/Download/audio-visual/saas/tiktoka/tiktoka-studio-uploader-app/tests/videos/vertical/sp\1-002.jpg to  video:1
2023-09-25 17:01:23,548 - INFO - validate bg folder passed
2023-09-25 17:05:22,603 - INFO - start to load thumbnail gen setting json from::D:/Download/audio-visual/saas/tiktoka/tiktoka-studio-uploader-genius/tests/videos/vertical/template (9).json
2023-09-25 17:05:22,604 - INFO - start to validate template
2023-09-25 17:05:22,609 - INFO - validate thumbnail gen template passed
2023-09-25 17:05:22,609 - INFO - start to validate metadata for thumbgen setting
2023-09-25 17:05:22,620 - INFO - start to check ['heading', 'subheading', 'extraheading'] defined in template
2023-09-25 17:05:22,621 - ERROR - heading value is empty in entry 1.
2023-09-25 17:05:22,621 - ERROR - subheading value is empty in entry 1.
2023-09-25 17:05:22,621 - ERROR - extraheading value is empty in entry 1.
2023-09-25 17:05:22,621 - ERROR - validate metadata for thumbgen setting failed
2023-09-25 17:05:22,621 - INFO - start to validate bg folder
2023-09-25 17:05:22,622 - INFO - bg folder image list :['D:/Download/audio-visual/saas/tiktoka/tiktoka-studio-uploader-app/tests/videos/vertical/sp\\1-002.jpg', 'D:/Download/audio-visual/saas/tiktoka/tiktoka-studio-uploader-app/tests/videos/vertical/sp\\1-003.jpg']
2023-09-25 17:05:22,622 - INFO - Random assign bg:D:/Download/audio-visual/saas/tiktoka/tiktoka-studio-uploader-app/tests/videos/vertical/sp\1-003.jpg to  video:1
2023-09-25 17:05:22,622 - INFO - validate bg folder passed
2023-09-25 17:06:15,093 - INFO - start to load thumbnail gen setting json from::D:/Download/audio-visual/saas/tiktoka/tiktoka-studio-uploader-genius/tests/videos/vertical/template (9).json
2023-09-25 17:06:15,094 - INFO - start to validate template
2023-09-25 17:06:15,097 - INFO - validate thumbnail gen template passed
2023-09-25 17:06:15,097 - INFO - start to validate metadata for thumbgen setting
2023-09-25 17:06:15,108 - INFO - start to check ['heading', 'subheading', 'extraheading'] defined in template
2023-09-25 17:06:15,109 - INFO - heading value is \u6c34\u6c34\u6c34\u6c34\u6c34\u6c34\u6c34\u6c34\u8428\u5927\u58f0\u7684 in entry 1.
2023-09-25 17:06:15,109 - INFO - subheading value is \u60fa\u60fa\u60dc\u60fa\u60fa\u60fa\u60fa\u76f8\u60dc\u7b11\u563b\u563b\u7b11\u563b\u563b in entry 1.
2023-09-25 17:06:15,109 - ERROR - extraheading value is empty in entry 1.
2023-09-25 17:06:15,109 - ERROR - validate metadata for thumbgen setting failed
2023-09-25 17:06:15,109 - INFO - start to validate bg folder
2023-09-25 17:06:15,110 - INFO - bg folder image list :['D:/Download/audio-visual/saas/tiktoka/tiktoka-studio-uploader-app/tests/videos/vertical/sp\\1-002.jpg', 'D:/Download/audio-visual/saas/tiktoka/tiktoka-studio-uploader-app/tests/videos/vertical/sp\\1-003.jpg']
2023-09-25 17:06:15,110 - INFO - Random assign bg:D:/Download/audio-visual/saas/tiktoka/tiktoka-studio-uploader-app/tests/videos/vertical/sp\1-002.jpg to  video:1
2023-09-25 17:06:15,110 - INFO - validate bg folder passed
2023-09-25 22:42:14,458 - DEBUG - Installation path is:/Users/wenke/github/tiktoka-studio-uploader-app
2023-09-25 22:42:14,459 - INFO - TiktokaStudio GUI started
2023-09-25 23:02:58,213 - DEBUG - Installation path is:/Users/wenke/github/tiktoka-studio-uploader-app
2023-09-25 23:02:58,220 - INFO - TiktokaStudio GUI started
2023-09-25 23:03:02,374 - DEBUG - Installation path is:/Users/wenke/github/tiktoka-studio-uploader-app
2023-09-25 23:03:02,375 - INFO - TiktokaStudio GUI started
2023-09-25 23:03:02,445 - INFO - switch lang to locale:zh
2023-09-25 23:03:06,547 - DEBUG - Installation path is:/Users/wenke/github/tiktoka-studio-uploader-app
2023-09-25 23:03:06,547 - INFO - TiktokaStudio GUI started
2023-09-25 23:03:06,606 - INFO - switch lang to locale:en
2023-09-25 23:03:47,396 - DEBUG - Installation path is:/Users/wenke/github/tiktoka-studio-uploader-app
2023-09-25 23:03:47,409 - INFO - TiktokaStudio GUI started
2023-09-25 23:03:51,222 - DEBUG - Installation path is:/Users/wenke/github/tiktoka-studio-uploader-app
2023-09-25 23:03:51,222 - INFO - TiktokaStudio GUI started
2023-09-25 23:03:51,281 - INFO - switch lang to locale:zh
2023-09-25 23:03:52,641 - DEBUG - Installation path is:/Users/wenke/github/tiktoka-studio-uploader-app
2023-09-25 23:03:52,641 - INFO - TiktokaStudio GUI started
2023-09-25 23:03:52,702 - INFO - switch lang to locale:en
2023-09-25 23:04:33,552 - DEBUG - Installation path is:/Users/wenke/github/tiktoka-studio-uploader-app
2023-09-25 23:04:33,552 - INFO - TiktokaStudio GUI started
2023-09-25 23:04:36,625 - DEBUG - Installation path is:/Users/wenke/github/tiktoka-studio-uploader-app
2023-09-25 23:04:36,625 - INFO - TiktokaStudio GUI started
2023-09-25 23:04:36,686 - INFO - switch lang to locale:en
2023-09-25 23:04:37,838 - DEBUG - Installation path is:/Users/wenke/github/tiktoka-studio-uploader-app
2023-09-25 23:04:37,838 - INFO - TiktokaStudio GUI started
2023-09-25 23:04:37,910 - INFO - switch lang to locale:zh
2023-09-25 23:06:01,857 - DEBUG - Installation path is:/Users/wenke/github/tiktoka-studio-uploader-app
2023-09-25 23:06:01,857 - INFO - TiktokaStudio GUI started
2023-09-25 23:06:04,265 - DEBUG - Installation path is:/Users/wenke/github/tiktoka-studio-uploader-app
2023-09-25 23:06:04,265 - INFO - TiktokaStudio GUI started
2023-09-25 23:06:04,325 - INFO - switch lang to locale:zh
2023-09-25 23:06:08,128 - DEBUG - Installation path is:/Users/wenke/github/tiktoka-studio-uploader-app
2023-09-25 23:06:08,128 - INFO - TiktokaStudio GUI started
2023-09-25 23:06:08,189 - INFO - switch lang to locale:en
2023-09-25 23:06:41,674 - DEBUG - Installation path is:/Users/wenke/github/tiktoka-studio-uploader-app
2023-09-25 23:06:41,674 - INFO - TiktokaStudio GUI started
2023-09-25 23:06:43,533 - DEBUG - Installation path is:/Users/wenke/github/tiktoka-studio-uploader-app
2023-09-25 23:06:43,533 - INFO - TiktokaStudio GUI started
2023-09-25 23:06:43,602 - INFO - switch lang to locale:zh
2023-09-25 23:06:47,638 - DEBUG - Installation path is:/Users/wenke/github/tiktoka-studio-uploader-app
2023-09-25 23:06:47,638 - INFO - TiktokaStudio GUI started
2023-09-25 23:06:47,703 - INFO - switch lang to locale:en
2023-09-25 23:06:51,398 - DEBUG - Installation path is:/Users/wenke/github/tiktoka-studio-uploader-app
2023-09-25 23:06:51,398 - INFO - TiktokaStudio GUI started
2023-09-25 23:06:51,466 - INFO - switch lang to locale:zh
2023-09-25 23:07:21,638 - DEBUG - Installation path is:/Users/wenke/github/tiktoka-studio-uploader-app
2023-09-25 23:07:21,646 - INFO - TiktokaStudio GUI started
2023-09-25 23:07:24,201 - DEBUG - Installation path is:/Users/wenke/github/tiktoka-studio-uploader-app
2023-09-25 23:07:24,201 - INFO - TiktokaStudio GUI started
2023-09-25 23:07:24,273 - INFO - switch lang to locale:zh
2023-09-25 23:07:28,037 - DEBUG - Installation path is:/Users/wenke/github/tiktoka-studio-uploader-app
2023-09-25 23:07:28,038 - INFO - TiktokaStudio GUI started
2023-09-25 23:07:28,099 - INFO - switch lang to locale:en
2023-09-25 23:09:03,929 - DEBUG - Installation path is:/Users/wenke/github/tiktoka-studio-uploader-app
2023-09-25 23:09:03,930 - INFO - TiktokaStudio GUI started
2023-09-25 23:09:06,609 - DEBUG - Installation path is:/Users/wenke/github/tiktoka-studio-uploader-app
2023-09-25 23:09:06,609 - INFO - TiktokaStudio GUI started
2023-09-25 23:09:06,673 - INFO - switch lang to locale:zh
2023-09-25 23:09:11,860 - DEBUG - Installation path is:/Users/wenke/github/tiktoka-studio-uploader-app
2023-09-25 23:09:11,861 - INFO - TiktokaStudio GUI started
2023-09-25 23:09:11,916 - INFO - switch lang to locale:en
2023-09-25 23:09:18,075 - DEBUG - Installation path is:/Users/wenke/github/tiktoka-studio-uploader-app
2023-09-25 23:09:18,075 - INFO - TiktokaStudio GUI started
2023-09-25 23:09:18,139 - INFO - switch lang to locale:zh
2023-09-25 23:09:41,963 - DEBUG - Installation path is:/Users/wenke/github/tiktoka-studio-uploader-app
2023-09-25 23:09:41,970 - INFO - TiktokaStudio GUI started
2023-09-25 23:09:44,838 - DEBUG - Installation path is:/Users/wenke/github/tiktoka-studio-uploader-app
2023-09-25 23:09:44,838 - INFO - TiktokaStudio GUI started
2023-09-25 23:09:44,905 - INFO - switch lang to locale:zh
2023-09-25 23:09:46,461 - DEBUG - Installation path is:/Users/wenke/github/tiktoka-studio-uploader-app
2023-09-25 23:09:46,461 - INFO - TiktokaStudio GUI started
2023-09-25 23:09:46,516 - INFO - switch lang to locale:en
2023-09-25 23:10:12,113 - DEBUG - Installation path is:/Users/wenke/github/tiktoka-studio-uploader-app
2023-09-25 23:10:12,114 - INFO - TiktokaStudio GUI started
2023-09-25 23:10:16,317 - DEBUG - Installation path is:/Users/wenke/github/tiktoka-studio-uploader-app
2023-09-25 23:10:16,317 - INFO - TiktokaStudio GUI started
2023-09-25 23:10:16,385 - INFO - switch lang to locale:en
2023-09-25 23:10:17,662 - DEBUG - Installation path is:/Users/wenke/github/tiktoka-studio-uploader-app
2023-09-25 23:10:17,663 - INFO - TiktokaStudio GUI started
2023-09-25 23:10:17,734 - INFO - switch lang to locale:zh
2023-09-25 23:10:19,260 - DEBUG - Installation path is:/Users/wenke/github/tiktoka-studio-uploader-app
2023-09-25 23:10:19,260 - INFO - TiktokaStudio GUI started
2023-09-25 23:10:19,316 - INFO - switch lang to locale:en
2023-09-25 23:11:54,266 - DEBUG - Installation path is:/Users/wenke/github/tiktoka-studio-uploader-app
2023-09-25 23:11:54,266 - INFO - TiktokaStudio GUI started
2023-09-25 23:11:57,006 - DEBUG - Installation path is:/Users/wenke/github/tiktoka-studio-uploader-app
2023-09-25 23:11:57,006 - INFO - TiktokaStudio GUI started
2023-09-25 23:11:57,083 - INFO - switch lang to locale:zh
2023-09-25 23:11:58,892 - DEBUG - Installation path is:/Users/wenke/github/tiktoka-studio-uploader-app
2023-09-25 23:11:58,892 - INFO - TiktokaStudio GUI started
2023-09-25 23:11:58,951 - INFO - switch lang to locale:en
2023-09-25 23:12:01,723 - DEBUG - Installation path is:/Users/wenke/github/tiktoka-studio-uploader-app
2023-09-25 23:12:01,723 - INFO - TiktokaStudio GUI started
2023-09-25 23:12:01,801 - INFO - switch lang to locale:zh
2023-09-25 23:12:03,602 - DEBUG - Installation path is:/Users/wenke/github/tiktoka-studio-uploader-app
2023-09-25 23:12:03,602 - INFO - TiktokaStudio GUI started
2023-09-25 23:12:03,673 - INFO - switch lang to locale:en
2023-09-25 23:18:51,521 - DEBUG - Installation path is:/Users/wenke/github/tiktoka-studio-uploader-app
2023-09-25 23:18:51,530 - INFO - TiktokaStudio GUI started
2023-09-25 23:18:55,726 - DEBUG - Installation path is:/Users/wenke/github/tiktoka-studio-uploader-app
2023-09-25 23:18:55,727 - INFO - TiktokaStudio GUI started
2023-09-25 23:18:55,794 - INFO - switch lang to locale:zh
2023-09-25 23:18:56,867 - DEBUG - Installation path is:/Users/wenke/github/tiktoka-studio-uploader-app
2023-09-25 23:18:56,867 - INFO - TiktokaStudio GUI started
2023-09-25 23:18:56,923 - INFO - switch lang to locale:en
2023-09-25 23:19:17,475 - INFO - detecting----------False
2023-09-25 23:19:17,486 - INFO - create cached data for this folder:
/Users/wenke/github/tiktoka-studio-uploader-app/tests
2023-09-25 23:19:17,497 - INFO - start to check thumbFilePaths for video: OP
2023-09-25 23:19:17,498 - INFO - update to OP meta json
2023-09-25 23:19:17,500 - INFO - start to check desFilePaths for video: OP
2023-09-25 23:19:17,500 - INFO - update to OP meta json
2023-09-25 23:19:17,502 - INFO - start to check metaFilePaths for video: OP
2023-09-25 23:19:17,502 - INFO - this  metaFilePaths exist:
 /Users/wenke/github/tiktoka-studio-uploader-app/tests/videos/horizon/OP.json
2023-09-25 23:19:17,502 - INFO - intial metaFilePaths for OP:

2023-09-25 23:19:17,503 - INFO - update to OP meta json
2023-09-25 23:19:17,506 - INFO - start to check thumbFilePaths for video: 1
2023-09-25 23:19:17,506 - INFO - this  thumbFilePaths exist:
 /Users/wenke/github/tiktoka-studio-uploader-app/tests/videos/vertical/1.png
2023-09-25 23:19:17,507 - INFO - intial thumbFilePaths for 1:

2023-09-25 23:19:17,507 - INFO - update to 1 meta json
2023-09-25 23:19:17,509 - INFO - start to check desFilePaths for video: 1
2023-09-25 23:19:17,509 - INFO - update to 1 meta json
2023-09-25 23:19:17,511 - INFO - start to check metaFilePaths for video: 1
2023-09-25 23:19:17,511 - INFO - this  metaFilePaths exist:
 /Users/wenke/github/tiktoka-studio-uploader-app/tests/videos/vertical/1.json
2023-09-25 23:19:17,512 - INFO - intial metaFilePaths for 1:

2023-09-25 23:19:17,512 - INFO - update to 1 meta json
2023-09-25 23:45:53,208 - DEBUG - Installation path is:/Users/wenke/github/tiktoka-studio-uploader-app
2023-09-25 23:45:53,212 - INFO - TiktokaStudio GUI started
2023-09-25 23:51:07,631 - DEBUG - Installation path is:/Users/wenke/github/tiktoka-studio-uploader-app
2023-09-25 23:51:07,649 - INFO - TiktokaStudio GUI started
2023-09-26 00:29:08,417 - DEBUG - Installation path is:/Users/wenke/github/tiktoka-studio-uploader-app
2023-09-26 00:29:08,428 - INFO - TiktokaStudio GUI started
2023-09-26 01:35:03,940 - DEBUG - Installation path is:/Users/wenke/github/tiktoka-studio-uploader-app
2023-09-26 01:35:03,949 - INFO - TiktokaStudio GUI started
2023-09-26 01:36:11,765 - DEBUG - Installation path is:/Users/wenke/github/tiktoka-studio-uploader-app
2023-09-26 01:36:11,769 - INFO - TiktokaStudio GUI started
2023-09-26 01:44:29,915 - DEBUG - Installation path is:/Users/wenke/github/tiktoka-studio-uploader-app
2023-09-26 01:44:29,916 - INFO - TiktokaStudio GUI started
2023-09-26 01:45:05,666 - DEBUG - Installation path is:/Users/wenke/github/tiktoka-studio-uploader-app
2023-09-26 01:45:05,675 - INFO - TiktokaStudio GUI started
2023-09-26 01:50:17,045 - DEBUG - Installation path is:/Users/wenke/github/tiktoka-studio-uploader-app
2023-09-26 01:50:17,056 - INFO - TiktokaStudio GUI started
2023-09-26 01:59:17,529 - DEBUG - Importing BlpImagePlugin
2023-09-26 01:59:17,540 - DEBUG - Importing BmpImagePlugin
2023-09-26 01:59:17,541 - DEBUG - Importing BufrStubImagePlugin
2023-09-26 01:59:17,541 - DEBUG - Importing CurImagePlugin
2023-09-26 01:59:17,542 - DEBUG - Importing DcxImagePlugin
2023-09-26 01:59:17,543 - DEBUG - Importing DdsImagePlugin
2023-09-26 01:59:17,544 - DEBUG - Importing EpsImagePlugin
2023-09-26 01:59:17,545 - DEBUG - Importing FitsImagePlugin
2023-09-26 01:59:17,545 - DEBUG - Importing FitsStubImagePlugin
2023-09-26 01:59:17,546 - DEBUG - Importing FliImagePlugin
2023-09-26 01:59:17,547 - DEBUG - Importing FpxImagePlugin
2023-09-26 01:59:17,547 - DEBUG - Image: failed to import FpxImagePlugin: No module named 'olefile'
2023-09-26 01:59:17,548 - DEBUG - Importing FtexImagePlugin
2023-09-26 01:59:17,549 - DEBUG - Importing GbrImagePlugin
2023-09-26 01:59:17,549 - DEBUG - Importing GifImagePlugin
2023-09-26 01:59:17,550 - DEBUG - Importing GribStubImagePlugin
2023-09-26 01:59:17,550 - DEBUG - Importing Hdf5StubImagePlugin
2023-09-26 01:59:17,551 - DEBUG - Importing IcnsImagePlugin
2023-09-26 01:59:17,554 - DEBUG - Importing IcoImagePlugin
2023-09-26 01:59:17,555 - DEBUG - Importing ImImagePlugin
2023-09-26 01:59:17,557 - DEBUG - Importing ImtImagePlugin
2023-09-26 01:59:17,558 - DEBUG - Importing IptcImagePlugin
2023-09-26 01:59:17,559 - DEBUG - Importing JpegImagePlugin
2023-09-26 01:59:17,559 - DEBUG - Importing Jpeg2KImagePlugin
2023-09-26 01:59:17,559 - DEBUG - Importing McIdasImagePlugin
2023-09-26 01:59:17,560 - DEBUG - Importing MicImagePlugin
2023-09-26 01:59:17,561 - DEBUG - Image: failed to import MicImagePlugin: No module named 'olefile'
2023-09-26 01:59:17,561 - DEBUG - Importing MpegImagePlugin
2023-09-26 01:59:17,562 - DEBUG - Importing MpoImagePlugin
2023-09-26 01:59:17,572 - DEBUG - Importing MspImagePlugin
2023-09-26 01:59:17,573 - DEBUG - Importing PalmImagePlugin
2023-09-26 01:59:17,574 - DEBUG - Importing PcdImagePlugin
2023-09-26 01:59:17,575 - DEBUG - Importing PcxImagePlugin
2023-09-26 01:59:17,575 - DEBUG - Importing PdfImagePlugin
2023-09-26 01:59:17,589 - DEBUG - Importing PixarImagePlugin
2023-09-26 01:59:17,590 - DEBUG - Importing PngImagePlugin
2023-09-26 01:59:17,590 - DEBUG - Importing PpmImagePlugin
2023-09-26 01:59:17,590 - DEBUG - Importing PsdImagePlugin
2023-09-26 01:59:17,591 - DEBUG - Importing QoiImagePlugin
2023-09-26 01:59:17,592 - DEBUG - Importing SgiImagePlugin
2023-09-26 01:59:17,592 - DEBUG - Importing SpiderImagePlugin
2023-09-26 01:59:17,594 - DEBUG - Importing SunImagePlugin
2023-09-26 01:59:17,595 - DEBUG - Importing TgaImagePlugin
2023-09-26 01:59:17,595 - DEBUG - Importing TiffImagePlugin
2023-09-26 01:59:17,595 - DEBUG - Importing WebPImagePlugin
2023-09-26 01:59:17,606 - DEBUG - Importing WmfImagePlugin
2023-09-26 01:59:17,607 - DEBUG - Importing XbmImagePlugin
2023-09-26 01:59:17,608 - DEBUG - Importing XpmImagePlugin
2023-09-26 01:59:17,609 - DEBUG - Importing XVThumbImagePlugin
2023-09-26 09:16:40,716 - DEBUG - Installation path is:D:\Download\audio-visual\saas\tiktoka\tiktoka-studio-uploader-genius
2023-09-26 09:16:40,716 - INFO - TiktokaStudio GUI started
2023-09-26 09:57:43,174 - ERROR - An error occurred when calling message handler
Traceback (most recent call last):
  File "D:\Programs\anaconda\lib\site-packages\pystray\_win32.py", line 412, in _dispatcher
    return int(icon._message_handlers.get(
  File "D:\Programs\anaconda\lib\site-packages\pystray\_win32.py", line 224, in _on_notify
    descriptors[index - 1](self)
  File "D:\Programs\anaconda\lib\site-packages\pystray\_base.py", line 328, in inner
    callback(self)
  File "D:\Programs\anaconda\lib\site-packages\pystray\_base.py", line 453, in __call__
    return self._action(icon, self)
  File "D:\Download\audio-visual\saas\tiktoka\tiktoka-studio-uploader-genius\main.py", line 5141, in quit_window
  File "D:\Programs\anaconda\lib\tkinter\__init__.py", line 2311, in destroy
    for c in list(self.children.values()): c.destroy()
  File "D:\Programs\anaconda\lib\tkinter\__init__.py", line 2579, in destroy
    for c in list(self.children.values()): c.destroy()
  File "D:\Programs\anaconda\lib\tkinter\__init__.py", line 2579, in destroy
    for c in list(self.children.values()): c.destroy()
  File "D:\Programs\anaconda\lib\tkinter\__init__.py", line 2579, in destroy
    for c in list(self.children.values()): c.destroy()
  [Previous line repeated 2 more times]
  File "D:\Programs\anaconda\lib\tkinter\__init__.py", line 2580, in destroy
    self.tk.call('destroy', self._w)
RuntimeError: main thread is not in main loop
2023-09-26 09:58:51,132 - DEBUG - Installation path is:D:\Download\audio-visual\saas\tiktoka\tiktoka-studio-uploader-genius
2023-09-26 09:58:51,132 - INFO - TiktokaStudio GUI started
2023-09-26 10:05:56,923 - ERROR - An error occurred when calling message handler
Traceback (most recent call last):
  File "D:\Programs\anaconda\lib\site-packages\pystray\_win32.py", line 412, in _dispatcher
    return int(icon._message_handlers.get(
  File "D:\Programs\anaconda\lib\site-packages\pystray\_win32.py", line 224, in _on_notify
    descriptors[index - 1](self)
  File "D:\Programs\anaconda\lib\site-packages\pystray\_base.py", line 328, in inner
    callback(self)
  File "D:\Programs\anaconda\lib\site-packages\pystray\_base.py", line 453, in __call__
    return self._action(icon, self)
  File "D:\Download\audio-visual\saas\tiktoka\tiktoka-studio-uploader-genius\main.py", line 5246, in quit_window
  File "D:\Programs\anaconda\lib\tkinter\__init__.py", line 2311, in destroy
    for c in list(self.children.values()): c.destroy()
  File "D:\Programs\anaconda\lib\tkinter\__init__.py", line 2579, in destroy
    for c in list(self.children.values()): c.destroy()
  File "D:\Programs\anaconda\lib\tkinter\__init__.py", line 2579, in destroy
    for c in list(self.children.values()): c.destroy()
  File "D:\Programs\anaconda\lib\tkinter\__init__.py", line 2579, in destroy
    for c in list(self.children.values()): c.destroy()
  [Previous line repeated 2 more times]
  File "D:\Programs\anaconda\lib\tkinter\__init__.py", line 2580, in destroy
    self.tk.call('destroy', self._w)
RuntimeError: main thread is not in main loop
2023-09-26 10:06:06,759 - DEBUG - Installation path is:D:\Download\audio-visual\saas\tiktoka\tiktoka-studio-uploader-genius
2023-09-26 10:06:06,759 - INFO - TiktokaStudio GUI started
2023-09-26 10:09:22,093 - DEBUG - Installation path is:D:\Download\audio-visual\saas\tiktoka\tiktoka-studio-uploader-genius
2023-09-26 10:09:22,093 - INFO - TiktokaStudio GUI started
2023-09-26 10:13:47,562 - DEBUG - Installation path is:D:\Download\audio-visual\saas\tiktoka\tiktoka-studio-uploader-genius
2023-09-26 10:13:47,562 - INFO - TiktokaStudio GUI started
2023-09-26 10:13:49,066 - ERROR - this query >>> seems went wrong:
SELECT DISTINCT platform FROM accounts,full error message:
'OptionEngine' object has no attribute 'execute'
2023-09-26 10:15:11,951 - DEBUG - Installation path is:D:\Download\audio-visual\saas\tiktoka\tiktoka-studio-uploader-genius
2023-09-26 10:15:11,952 - INFO - TiktokaStudio GUI started
2023-09-26 10:16:49,547 - ERROR - this query >>> seems went wrong:
SELECT DISTINCT platform FROM accounts,full error message:
'OptionEngine' object has no attribute 'execute'
2023-09-26 10:17:44,877 - DEBUG - Installation path is:D:\Download\audio-visual\saas\tiktoka\tiktoka-studio-uploader-genius
2023-09-26 10:17:44,878 - INFO - TiktokaStudio GUI started
2023-09-26 10:17:46,477 - ERROR - this query >>> seems went wrong:
SELECT DISTINCT platform FROM accounts,full error message:
'OptionEngine' object has no attribute 'execute'
2023-09-26 10:18:09,042 - ERROR - this query >>> seems went wrong:
SELECT DISTINCT platform FROM accounts,full error message:
'OptionEngine' object has no attribute 'execute'
2023-09-26 10:19:41,474 - DEBUG - Installation path is:D:\Download\audio-visual\saas\tiktoka\tiktoka-studio-uploader-genius
2023-09-26 10:19:41,474 - INFO - TiktokaStudio GUI started
2023-09-26 10:19:42,759 - ERROR - this query >>> seems went wrong:
SELECT DISTINCT platform FROM accounts,full error message:
'OptionEngine' object has no attribute 'execute'
2023-09-26 10:21:07,950 - DEBUG - Installation path is:D:\Download\audio-visual\saas\tiktoka\tiktoka-studio-uploader-genius
2023-09-26 10:21:07,950 - INFO - TiktokaStudio GUI started
2023-09-26 10:21:26,606 - DEBUG - Installation path is:D:\Download\audio-visual\saas\tiktoka\tiktoka-studio-uploader-genius
2023-09-26 10:21:26,606 - INFO - TiktokaStudio GUI started
2023-09-26 10:21:27,997 - ERROR - this query >>> seems went wrong:
SELECT DISTINCT platform FROM accounts,full error message:
'OptionEngine' object has no attribute 'execute'
2023-09-26 10:22:05,153 - DEBUG - Installation path is:D:\Download\audio-visual\saas\tiktoka\tiktoka-studio-uploader-genius
2023-09-26 10:22:05,153 - INFO - TiktokaStudio GUI started
2023-09-26 10:22:33,724 - DEBUG - Installation path is:D:\Download\audio-visual\saas\tiktoka\tiktoka-studio-uploader-genius
2023-09-26 10:22:33,724 - INFO - TiktokaStudio GUI started
2023-09-26 10:22:36,036 - ERROR - this query >>> seems went wrong:
SELECT DISTINCT platform FROM accounts,full error message:
'OptionEngine' object has no attribute 'execute'
2023-09-26 10:29:27,800 - DEBUG - Installation path is:D:\Download\audio-visual\saas\tiktoka\tiktoka-studio-uploader-genius
2023-09-26 10:29:27,801 - INFO - TiktokaStudio GUI started
2023-09-26 10:40:22,757 - DEBUG - Installation path is:D:\Download\audio-visual\saas\tiktoka\tiktoka-studio-uploader-genius
2023-09-26 10:40:22,758 - INFO - TiktokaStudio GUI started
2023-09-26 10:42:01,238 - DEBUG - Installation path is:D:\Download\audio-visual\saas\tiktoka\tiktoka-studio-uploader-genius
2023-09-26 10:42:01,238 - INFO - TiktokaStudio GUI started
2023-09-26 10:43:04,810 - DEBUG - Installation path is:D:\Download\audio-visual\saas\tiktoka\tiktoka-studio-uploader-genius
2023-09-26 10:43:04,810 - INFO - TiktokaStudio GUI started
2023-09-26 10:43:07,512 - ERROR - this query >>> seems went wrong:
SELECT DISTINCT platform FROM accounts,full error message:
'OptionEngine' object has no attribute 'execute'
2023-09-26 10:44:56,197 - DEBUG - Installation path is:D:\Download\audio-visual\saas\tiktoka\tiktoka-studio-uploader-genius
2023-09-26 10:44:56,197 - INFO - TiktokaStudio GUI started
2023-09-26 10:44:59,583 - ERROR - this query >>> seems went wrong:
SELECT DISTINCT platform FROM accounts,full error message:
'OptionEngine' object has no attribute 'execute'
2023-09-26 10:51:00,373 - DEBUG - Installation path is:D:\Download\audio-visual\saas\tiktoka\tiktoka-studio-uploader-genius
2023-09-26 10:51:00,373 - INFO - TiktokaStudio GUI started
2023-09-26 10:51:03,789 - ERROR - this query >>> seems went wrong:
SELECT DISTINCT platform FROM accounts,full error message:
'OptionEngine' object has no attribute 'execute'
2023-09-26 11:01:40,170 - DEBUG - Installation path is:D:\Download\audio-visual\saas\tiktoka\tiktoka-studio-uploader-genius
2023-09-26 11:01:40,170 - INFO - TiktokaStudio GUI started
2023-09-26 11:02:11,699 - DEBUG - Installation path is:D:\Download\audio-visual\saas\tiktoka\tiktoka-studio-uploader-genius
2023-09-26 11:02:11,699 - INFO - TiktokaStudio GUI started
2023-09-26 11:02:14,166 - ERROR - this query >>> seems went wrong:
SELECT DISTINCT platform FROM accounts,full error message:
'OptionEngine' object has no attribute 'execute'
2023-09-26 11:04:07,443 - DEBUG - Installation path is:D:\Download\audio-visual\saas\tiktoka\tiktoka-studio-uploader-genius
2023-09-26 11:04:07,443 - INFO - TiktokaStudio GUI started
2023-09-26 11:04:32,353 - ERROR - this query >>> seems went wrong:
SELECT DISTINCT platform FROM accounts,full error message:
'OptionEngine' object has no attribute 'execute'
2023-09-26 11:05:38,741 - DEBUG - Installation path is:D:\Download\audio-visual\saas\tiktoka\tiktoka-studio-uploader-genius
2023-09-26 11:05:38,741 - INFO - TiktokaStudio GUI started
2023-09-26 11:05:47,934 - DEBUG - Installation path is:D:\Download\audio-visual\saas\tiktoka\tiktoka-studio-uploader-genius
2023-09-26 11:05:47,934 - INFO - TiktokaStudio GUI started
2023-09-26 11:05:52,532 - ERROR - this query >>> seems went wrong:
SELECT DISTINCT platform FROM accounts,full error message:
'OptionEngine' object has no attribute 'execute'
2023-09-26 11:20:06,821 - DEBUG - Installation path is:D:\Download\audio-visual\saas\tiktoka\tiktoka-studio-uploader-genius
2023-09-26 11:20:06,822 - INFO - TiktokaStudio GUI started
2023-09-26 11:21:38,981 - DEBUG - Installation path is:D:\Download\audio-visual\saas\tiktoka\tiktoka-studio-uploader-genius
2023-09-26 11:21:38,981 - INFO - TiktokaStudio GUI started
2023-09-26 11:21:48,036 - ERROR - this query >>> seems went wrong:
SELECT DISTINCT platform FROM accounts,full error message:
'OptionEngine' object has no attribute 'execute'
2023-09-26 11:23:04,217 - DEBUG - Installation path is:D:\Download\audio-visual\saas\tiktoka\tiktoka-studio-uploader-genius
2023-09-26 11:23:04,217 - INFO - TiktokaStudio GUI started
2023-09-26 11:25:15,977 - DEBUG - Installation path is:D:\Download\audio-visual\saas\tiktoka\tiktoka-studio-uploader-genius
2023-09-26 11:25:15,977 - INFO - TiktokaStudio GUI started
2023-09-26 11:32:15,281 - DEBUG - Installation path is:D:\Download\audio-visual\saas\tiktoka\tiktoka-studio-uploader-genius
2023-09-26 11:32:15,281 - INFO - TiktokaStudio GUI started
2023-09-26 11:32:23,283 - ERROR - this query >>> seems went wrong:
SELECT DISTINCT platform FROM accounts,full error message:
'OptionEngine' object has no attribute 'execute'
2023-09-26 11:33:09,638 - ERROR - this query >>> seems went wrong:
SELECT DISTINCT platform FROM accounts,full error message:
'OptionEngine' object has no attribute 'execute'
2023-09-26 13:39:59,709 - DEBUG - Installation path is:D:\Download\audio-visual\saas\tiktoka\tiktoka-studio-uploader-genius
2023-09-26 13:39:59,710 - INFO - TiktokaStudio GUI started
2023-09-26 13:40:27,270 - ERROR - this query >>> seems went wrong:
SELECT DISTINCT platform FROM accounts,full error message:
'OptionEngine' object has no attribute 'execute'
2023-09-26 14:11:19,311 - DEBUG - Installation path is:D:\Download\audio-visual\saas\tiktoka\tiktoka-studio-uploader-genius
2023-09-26 14:11:19,311 - INFO - TiktokaStudio GUI started
2023-09-26 14:12:42,894 - DEBUG - Installation path is:D:\Download\audio-visual\saas\tiktoka\tiktoka-studio-uploader-genius
2023-09-26 14:12:42,894 - INFO - TiktokaStudio GUI started
2023-09-26 14:13:38,390 - DEBUG - Installation path is:D:\Download\audio-visual\saas\tiktoka\tiktoka-studio-uploader-genius
2023-09-26 14:13:38,390 - INFO - TiktokaStudio GUI started
2023-09-26 14:14:28,810 - DEBUG - Installation path is:D:\Download\audio-visual\saas\tiktoka\tiktoka-studio-uploader-genius
2023-09-26 14:14:28,811 - INFO - TiktokaStudio GUI started
2023-09-26 14:15:34,210 - DEBUG - Installation path is:D:\Download\audio-visual\saas\tiktoka\tiktoka-studio-uploader-genius
2023-09-26 14:15:34,210 - INFO - TiktokaStudio GUI started
2023-09-26 14:16:23,669 - DEBUG - Installation path is:D:\Download\audio-visual\saas\tiktoka\tiktoka-studio-uploader-genius
2023-09-26 14:16:23,670 - INFO - TiktokaStudio GUI started
2023-09-26 14:17:08,887 - DEBUG - Installation path is:D:\Download\audio-visual\saas\tiktoka\tiktoka-studio-uploader-genius
2023-09-26 14:17:08,887 - INFO - TiktokaStudio GUI started
2023-09-26 14:17:57,067 - DEBUG - Installation path is:D:\Download\audio-visual\saas\tiktoka\tiktoka-studio-uploader-genius
2023-09-26 14:17:57,068 - INFO - TiktokaStudio GUI started
2023-09-26 14:22:03,323 - DEBUG - Installation path is:D:\Download\audio-visual\saas\tiktoka\tiktoka-studio-uploader-genius
2023-09-26 14:22:03,324 - INFO - TiktokaStudio GUI started
2023-09-26 14:22:28,410 - DEBUG - Installation path is:D:\Download\audio-visual\saas\tiktoka\tiktoka-studio-uploader-genius
2023-09-26 14:22:28,410 - INFO - TiktokaStudio GUI started
2023-09-26 14:25:50,465 - DEBUG - Installation path is:D:\Download\audio-visual\saas\tiktoka\tiktoka-studio-uploader-genius
2023-09-26 14:25:50,465 - INFO - TiktokaStudio GUI started
2023-09-26 14:27:06,208 - DEBUG - Installation path is:D:\Download\audio-visual\saas\tiktoka\tiktoka-studio-uploader-genius
2023-09-26 14:27:06,208 - INFO - TiktokaStudio GUI started
2023-09-26 14:31:44,086 - DEBUG - Installation path is:D:\Download\audio-visual\saas\tiktoka\tiktoka-studio-uploader-genius
2023-09-26 14:31:44,087 - INFO - TiktokaStudio GUI started
2023-09-26 14:33:06,292 - DEBUG - Installation path is:D:\Download\audio-visual\saas\tiktoka\tiktoka-studio-uploader-genius
2023-09-26 14:33:06,292 - INFO - TiktokaStudio GUI started
2023-09-26 14:33:59,868 - DEBUG - Installation path is:D:\Download\audio-visual\saas\tiktoka\tiktoka-studio-uploader-genius
2023-09-26 14:33:59,869 - INFO - TiktokaStudio GUI started
2023-09-26 14:36:33,927 - DEBUG - Installation path is:D:\Download\audio-visual\saas\tiktoka\tiktoka-studio-uploader-genius
2023-09-26 14:36:33,928 - INFO - TiktokaStudio GUI started
2023-09-26 14:37:43,088 - DEBUG - Installation path is:D:\Download\audio-visual\saas\tiktoka\tiktoka-studio-uploader-genius
2023-09-26 14:37:43,089 - INFO - TiktokaStudio GUI started
2023-09-26 14:38:09,690 - DEBUG - Installation path is:D:\Download\audio-visual\saas\tiktoka\tiktoka-studio-uploader-genius
2023-09-26 14:38:09,691 - INFO - TiktokaStudio GUI started
2023-09-26 14:40:05,399 - DEBUG - Installation path is:D:\Download\audio-visual\saas\tiktoka\tiktoka-studio-uploader-genius
2023-09-26 14:40:05,400 - INFO - TiktokaStudio GUI started
2023-09-26 14:41:59,228 - DEBUG - Installation path is:D:\Download\audio-visual\saas\tiktoka\tiktoka-studio-uploader-genius
2023-09-26 14:41:59,228 - INFO - TiktokaStudio GUI started
2023-09-26 14:43:29,535 - DEBUG - Installation path is:D:\Download\audio-visual\saas\tiktoka\tiktoka-studio-uploader-genius
2023-09-26 14:43:29,535 - INFO - TiktokaStudio GUI started
2023-09-26 14:44:39,768 - DEBUG - start to import prepared video metas in json format
2023-09-26 14:44:43,024 - DEBUG - finished to import prepared video metas in json format
2023-09-26 14:49:47,140 - DEBUG - Installation path is:D:\Download\audio-visual\saas\tiktoka\tiktoka-studio-uploader-genius
2023-09-26 14:49:47,140 - INFO - TiktokaStudio GUI started
2023-09-26 14:52:14,663 - DEBUG - Installation path is:D:\Download\audio-visual\saas\tiktoka\tiktoka-studio-uploader-genius
2023-09-26 14:52:14,664 - INFO - TiktokaStudio GUI started
2023-09-26 14:52:59,352 - DEBUG - Installation path is:D:\Download\audio-visual\saas\tiktoka\tiktoka-studio-uploader-genius
2023-09-26 14:52:59,352 - INFO - TiktokaStudio GUI started
2023-09-26 14:56:08,409 - ERROR - this query >>> seems went wrong:
SELECT DISTINCT platform FROM accounts,full error message:
'OptionEngine' object has no attribute 'execute'
2023-09-26 14:57:47,625 - DEBUG - Installation path is:D:\Download\audio-visual\saas\tiktoka\tiktoka-studio-uploader-genius
2023-09-26 14:57:47,625 - INFO - TiktokaStudio GUI started
2023-09-26 14:57:51,717 - ERROR - this query >>> seems went wrong:
SELECT DISTINCT platform FROM accounts,full error message:
'OptionEngine' object has no attribute 'execute'
2023-09-26 14:59:40,773 - DEBUG - Installation path is:D:\Download\audio-visual\saas\tiktoka\tiktoka-studio-uploader-genius
2023-09-26 14:59:40,773 - INFO - TiktokaStudio GUI started
2023-09-26 14:59:44,569 - ERROR - this query >>> seems went wrong:
SELECT DISTINCT platform FROM accounts,full error message:
'OptionEngine' object has no attribute 'execute'
2023-09-26 15:03:09,146 - DEBUG - Installation path is:D:\Download\audio-visual\saas\tiktoka\tiktoka-studio-uploader-genius
2023-09-26 15:03:09,147 - INFO - TiktokaStudio GUI started
2023-09-26 15:03:38,244 - DEBUG - Installation path is:D:\Download\audio-visual\saas\tiktoka\tiktoka-studio-uploader-genius
2023-09-26 15:03:38,245 - INFO - TiktokaStudio GUI started
2023-09-26 15:03:41,266 - ERROR - this query >>> seems went wrong:
SELECT DISTINCT platform FROM accounts,full error message:
'OptionEngine' object has no attribute 'execute'
2023-09-26 15:04:10,176 - DEBUG - Installation path is:D:\Download\audio-visual\saas\tiktoka\tiktoka-studio-uploader-genius
2023-09-26 15:04:10,176 - INFO - TiktokaStudio GUI started
2023-09-26 15:05:32,094 - DEBUG - Installation path is:D:\Download\audio-visual\saas\tiktoka\tiktoka-studio-uploader-genius
2023-09-26 15:05:32,094 - INFO - TiktokaStudio GUI started
2023-09-26 15:30:35,974 - DEBUG - Installation path is:D:\Download\audio-visual\saas\tiktoka\tiktoka-studio-uploader-genius
2023-09-26 15:30:35,975 - INFO - TiktokaStudio GUI started
2023-09-26 15:31:28,582 - DEBUG - Installation path is:D:\Download\audio-visual\saas\tiktoka\tiktoka-studio-uploader-genius
2023-09-26 15:31:28,582 - INFO - TiktokaStudio GUI started
2023-09-26 15:33:28,502 - DEBUG - Installation path is:D:\Download\audio-visual\saas\tiktoka\tiktoka-studio-uploader-genius
2023-09-26 15:33:28,502 - INFO - TiktokaStudio GUI started
2023-09-26 15:33:28,527 - DEBUG - Installation path is:D:\Download\audio-visual\saas\tiktoka\tiktoka-studio-uploader-genius
2023-09-26 15:33:28,527 - INFO - TiktokaStudio GUI started
2023-09-26 15:34:06,729 - DEBUG - Installation path is:D:\Download\audio-visual\saas\tiktoka\tiktoka-studio-uploader-genius
2023-09-26 15:34:06,730 - INFO - TiktokaStudio GUI started
2023-09-26 15:34:06,754 - DEBUG - Installation path is:D:\Download\audio-visual\saas\tiktoka\tiktoka-studio-uploader-genius
2023-09-26 15:34:06,754 - INFO - TiktokaStudio GUI started
2023-09-26 15:35:41,717 - DEBUG - Installation path is:D:\Download\audio-visual\saas\tiktoka\tiktoka-studio-uploader-genius
2023-09-26 15:35:41,718 - INFO - TiktokaStudio GUI started
2023-09-26 15:35:41,745 - DEBUG - Installation path is:D:\Download\audio-visual\saas\tiktoka\tiktoka-studio-uploader-genius
2023-09-26 15:35:41,745 - INFO - TiktokaStudio GUI started
2023-09-26 15:36:41,391 - DEBUG - Installation path is:D:\Download\audio-visual\saas\tiktoka\tiktoka-studio-uploader-genius
2023-09-26 15:36:41,391 - INFO - TiktokaStudio GUI started
2023-09-26 15:36:41,416 - DEBUG - Installation path is:D:\Download\audio-visual\saas\tiktoka\tiktoka-studio-uploader-genius
2023-09-26 15:36:41,416 - INFO - TiktokaStudio GUI started
2023-09-26 15:39:08,547 - DEBUG - Installation path is:D:\Download\audio-visual\saas\tiktoka\tiktoka-studio-uploader-genius
2023-09-26 15:39:08,548 - INFO - TiktokaStudio GUI started
2023-09-26 15:39:08,578 - DEBUG - Installation path is:D:\Download\audio-visual\saas\tiktoka\tiktoka-studio-uploader-genius
2023-09-26 15:39:08,578 - INFO - TiktokaStudio GUI started
2023-09-26 15:45:03,892 - DEBUG - Installation path is:D:\Download\audio-visual\saas\tiktoka\tiktoka-studio-uploader-genius
2023-09-26 15:45:03,892 - INFO - TiktokaStudio GUI started
2023-09-26 15:45:03,932 - DEBUG - Installation path is:D:\Download\audio-visual\saas\tiktoka\tiktoka-studio-uploader-genius
2023-09-26 15:45:03,932 - INFO - TiktokaStudio GUI started
2023-09-26 15:45:29,266 - DEBUG - Installation path is:D:\Download\audio-visual\saas\tiktoka\tiktoka-studio-uploader-genius
2023-09-26 15:45:29,267 - INFO - TiktokaStudio GUI started
2023-09-26 15:45:29,293 - DEBUG - Installation path is:D:\Download\audio-visual\saas\tiktoka\tiktoka-studio-uploader-genius
2023-09-26 15:45:29,293 - INFO - TiktokaStudio GUI started
2023-09-26 15:45:45,740 - DEBUG - Installation path is:D:\Download\audio-visual\saas\tiktoka\tiktoka-studio-uploader-genius
2023-09-26 15:45:45,740 - INFO - TiktokaStudio GUI started
2023-09-26 15:45:45,768 - DEBUG - Installation path is:D:\Download\audio-visual\saas\tiktoka\tiktoka-studio-uploader-genius
2023-09-26 15:45:45,769 - INFO - TiktokaStudio GUI started
2023-09-26 15:47:55,459 - DEBUG - Installation path is:D:\Download\audio-visual\saas\tiktoka\tiktoka-studio-uploader-genius
2023-09-26 15:47:55,459 - INFO - TiktokaStudio GUI started
2023-09-26 15:47:55,486 - DEBUG - Installation path is:D:\Download\audio-visual\saas\tiktoka\tiktoka-studio-uploader-genius
2023-09-26 15:47:55,486 - INFO - TiktokaStudio GUI started
2023-09-26 15:49:18,609 - DEBUG - Installation path is:D:\Download\audio-visual\saas\tiktoka\tiktoka-studio-uploader-genius
2023-09-26 15:49:18,609 - INFO - TiktokaStudio GUI started
2023-09-26 15:49:18,638 - DEBUG - Installation path is:D:\Download\audio-visual\saas\tiktoka\tiktoka-studio-uploader-genius
2023-09-26 15:49:18,638 - INFO - TiktokaStudio GUI started
2023-09-26 15:50:35,553 - DEBUG - Installation path is:D:\Download\audio-visual\saas\tiktoka\tiktoka-studio-uploader-genius
2023-09-26 15:50:35,553 - INFO - TiktokaStudio GUI started
2023-09-26 15:51:09,940 - DEBUG - Installation path is:D:\Download\audio-visual\saas\tiktoka\tiktoka-studio-uploader-genius
2023-09-26 15:51:09,941 - INFO - TiktokaStudio GUI started
2023-09-26 15:51:09,970 - DEBUG - Installation path is:D:\Download\audio-visual\saas\tiktoka\tiktoka-studio-uploader-genius
2023-09-26 15:51:09,971 - INFO - TiktokaStudio GUI started
2023-09-26 15:51:28,755 - DEBUG - Installation path is:D:\Download\audio-visual\saas\tiktoka\tiktoka-studio-uploader-genius
2023-09-26 15:51:28,756 - INFO - TiktokaStudio GUI started
2023-09-26 15:51:28,784 - DEBUG - Installation path is:D:\Download\audio-visual\saas\tiktoka\tiktoka-studio-uploader-genius
2023-09-26 15:51:28,784 - INFO - TiktokaStudio GUI started
2023-09-26 16:01:49,130 - DEBUG - Installation path is:D:\Download\audio-visual\saas\tiktoka\tiktoka-studio-uploader-genius
2023-09-26 16:01:49,131 - INFO - TiktokaStudio GUI started
2023-09-26 16:01:49,160 - DEBUG - Installation path is:D:\Download\audio-visual\saas\tiktoka\tiktoka-studio-uploader-genius
2023-09-26 16:01:49,160 - INFO - TiktokaStudio GUI started
2023-09-26 16:02:56,142 - DEBUG - Installation path is:D:\Download\audio-visual\saas\tiktoka\tiktoka-studio-uploader-genius
2023-09-26 16:02:56,143 - INFO - TiktokaStudio GUI started
2023-09-26 16:02:56,172 - DEBUG - Installation path is:D:\Download\audio-visual\saas\tiktoka\tiktoka-studio-uploader-genius
2023-09-26 16:02:56,172 - INFO - TiktokaStudio GUI started
2023-09-26 16:04:21,163 - DEBUG - Installation path is:D:\Download\audio-visual\saas\tiktoka\tiktoka-studio-uploader-genius
2023-09-26 16:04:21,163 - INFO - TiktokaStudio GUI started
2023-09-26 16:04:21,193 - DEBUG - Installation path is:D:\Download\audio-visual\saas\tiktoka\tiktoka-studio-uploader-genius
2023-09-26 16:04:21,193 - INFO - TiktokaStudio GUI started
2023-09-26 16:05:41,318 - DEBUG - Installation path is:D:\Download\audio-visual\saas\tiktoka\tiktoka-studio-uploader-genius
2023-09-26 16:05:41,319 - INFO - TiktokaStudio GUI started
2023-09-26 16:05:41,344 - DEBUG - Installation path is:D:\Download\audio-visual\saas\tiktoka\tiktoka-studio-uploader-genius
2023-09-26 16:05:41,344 - INFO - TiktokaStudio GUI started
2023-09-26 16:06:31,682 - DEBUG - Installation path is:D:\Download\audio-visual\saas\tiktoka\tiktoka-studio-uploader-genius
2023-09-26 16:06:31,682 - INFO - TiktokaStudio GUI started
2023-09-26 16:06:31,703 - DEBUG - Installation path is:D:\Download\audio-visual\saas\tiktoka\tiktoka-studio-uploader-genius
2023-09-26 16:06:31,704 - INFO - TiktokaStudio GUI started
2023-09-26 16:08:19,674 - DEBUG - Installation path is:D:\Download\audio-visual\saas\tiktoka\tiktoka-studio-uploader-genius
2023-09-26 16:08:19,675 - INFO - TiktokaStudio GUI started
2023-09-26 16:08:19,699 - DEBUG - Installation path is:D:\Download\audio-visual\saas\tiktoka\tiktoka-studio-uploader-genius
2023-09-26 16:08:19,699 - INFO - TiktokaStudio GUI started
2023-09-26 16:09:00,536 - DEBUG - Installation path is:D:\Download\audio-visual\saas\tiktoka\tiktoka-studio-uploader-genius
2023-09-26 16:09:00,537 - INFO - TiktokaStudio GUI started
2023-09-26 16:09:00,559 - DEBUG - Installation path is:D:\Download\audio-visual\saas\tiktoka\tiktoka-studio-uploader-genius
2023-09-26 16:09:00,559 - INFO - TiktokaStudio GUI started
2023-09-26 16:16:53,037 - DEBUG - Installation path is:D:\Download\audio-visual\saas\tiktoka\tiktoka-studio-uploader-genius
2023-09-26 16:16:53,037 - INFO - TiktokaStudio GUI started
2023-09-26 16:16:53,060 - DEBUG - Installation path is:D:\Download\audio-visual\saas\tiktoka\tiktoka-studio-uploader-genius
2023-09-26 16:16:53,060 - INFO - TiktokaStudio GUI started
2023-09-26 16:17:32,601 - DEBUG - Installation path is:D:\Download\audio-visual\saas\tiktoka\tiktoka-studio-uploader-genius
2023-09-26 16:17:32,601 - INFO - TiktokaStudio GUI started
2023-09-26 16:17:32,629 - DEBUG - Installation path is:D:\Download\audio-visual\saas\tiktoka\tiktoka-studio-uploader-genius
2023-09-26 16:17:32,629 - INFO - TiktokaStudio GUI started
2023-09-26 16:23:19,260 - DEBUG - Installation path is:D:\Download\audio-visual\saas\tiktoka\tiktoka-studio-uploader-genius
2023-09-26 16:23:19,260 - INFO - TiktokaStudio GUI started
2023-09-26 16:23:19,281 - DEBUG - Installation path is:D:\Download\audio-visual\saas\tiktoka\tiktoka-studio-uploader-genius
2023-09-26 16:23:19,281 - INFO - TiktokaStudio GUI started
2023-09-26 16:27:14,332 - INFO - load task metas to database .create upload task for each video
2023-09-26 16:27:14,332 - ERROR - please provide a video meta json file
2023-09-26 16:34:43,588 - INFO - detecting----------False
2023-09-26 16:34:43,588 - INFO - create cached data for this folder:
D:/Download/audio-visual/saas/tiktoka/tiktoka-studio-uploader-genius/tests/videos/vertical
2023-09-26 16:34:43,597 - INFO - start to check thumbFilePaths for video: 1
2023-09-26 16:34:43,598 - INFO - this  thumbFilePaths exist:
 D:/Download/audio-visual/saas/tiktoka/tiktoka-studio-uploader-genius/tests/videos/vertical\1.png
2023-09-26 16:34:43,599 - INFO - intial thumbFilePaths for 1:

2023-09-26 16:34:43,600 - INFO - update to 1 meta json
2023-09-26 16:34:43,601 - INFO - start to check desFilePaths for video: 1
2023-09-26 16:34:43,602 - INFO - update to 1 meta json
2023-09-26 16:34:43,603 - INFO - start to check metaFilePaths for video: 1
2023-09-26 16:34:43,604 - INFO - this  metaFilePaths exist:
 D:/Download/audio-visual/saas/tiktoka/tiktoka-studio-uploader-genius/tests/videos/vertical\1.json
2023-09-26 16:34:43,604 - INFO - intial metaFilePaths for 1:

2023-09-26 16:34:43,605 - INFO - update to 1 meta json
2023-09-26 16:41:58,507 - DEBUG - Installation path is:D:\Download\audio-visual\saas\tiktoka\tiktoka-studio-uploader-genius
2023-09-26 16:41:58,507 - INFO - TiktokaStudio GUI started
2023-09-26 16:43:04,295 - DEBUG - Installation path is:D:\Download\audio-visual\saas\tiktoka\tiktoka-studio-uploader-genius
2023-09-26 16:43:04,295 - INFO - TiktokaStudio GUI started
2023-09-26 16:43:04,325 - DEBUG - Installation path is:D:\Download\audio-visual\saas\tiktoka\tiktoka-studio-uploader-genius
2023-09-26 16:43:04,325 - INFO - TiktokaStudio GUI started
2023-09-26 16:43:31,127 - DEBUG - Installation path is:D:\Download\audio-visual\saas\tiktoka\tiktoka-studio-uploader-genius
2023-09-26 16:43:31,127 - INFO - TiktokaStudio GUI started
2023-09-26 16:43:31,156 - DEBUG - Installation path is:D:\Download\audio-visual\saas\tiktoka\tiktoka-studio-uploader-genius
2023-09-26 16:43:31,156 - INFO - TiktokaStudio GUI started
2023-09-26 16:43:47,647 - INFO - please choose a folder first
2023-09-26 17:00:16,461 - DEBUG - Installation path is:D:\Download\audio-visual\saas\tiktoka\tiktoka-studio-uploader-genius
2023-09-26 17:00:16,461 - INFO - TiktokaStudio GUI started
2023-09-26 17:00:16,492 - DEBUG - Installation path is:D:\Download\audio-visual\saas\tiktoka\tiktoka-studio-uploader-genius
2023-09-26 17:00:16,492 - INFO - TiktokaStudio GUI started
2023-09-26 17:01:38,876 - INFO - detecting----------False
2023-09-26 17:01:38,876 - INFO - create cached data for this folder:
D:/Download/audio-visual/saas/tiktoka/tiktoka-studio-uploader-genius/tests/videos/vertical
2023-09-26 17:01:38,882 - INFO - start to check thumbFilePaths for video: 1
2023-09-26 17:01:38,884 - INFO - this  thumbFilePaths exist:
 D:/Download/audio-visual/saas/tiktoka/tiktoka-studio-uploader-genius/tests/videos/vertical\1.png
2023-09-26 17:01:38,884 - INFO - intial thumbFilePaths for 1:

2023-09-26 17:01:38,885 - INFO - update to 1 meta json
2023-09-26 17:01:38,886 - INFO - start to check desFilePaths for video: 1
2023-09-26 17:01:38,887 - INFO - update to 1 meta json
2023-09-26 17:01:38,888 - INFO - start to check metaFilePaths for video: 1
2023-09-26 17:01:38,888 - INFO - this  metaFilePaths exist:
 D:/Download/audio-visual/saas/tiktoka/tiktoka-studio-uploader-genius/tests/videos/vertical\1.json
2023-09-26 17:01:38,889 - INFO - intial metaFilePaths for 1:

2023-09-26 17:01:38,890 - INFO - update to 1 meta json
2023-09-26 17:03:29,813 - DEBUG - Installation path is:D:\Download\audio-visual\saas\tiktoka\tiktoka-studio-uploader-genius
2023-09-26 17:03:29,814 - INFO - TiktokaStudio GUI started
2023-09-26 17:03:29,840 - DEBUG - Installation path is:D:\Download\audio-visual\saas\tiktoka\tiktoka-studio-uploader-genius
2023-09-26 17:03:29,841 - INFO - TiktokaStudio GUI started
2023-09-26 17:08:55,035 - DEBUG - Installation path is:D:\Download\audio-visual\saas\tiktoka\tiktoka-studio-uploader-genius
2023-09-26 17:08:55,035 - INFO - TiktokaStudio GUI started
2023-09-26 17:09:20,105 - DEBUG - Installation path is:D:\Download\audio-visual\saas\tiktoka\tiktoka-studio-uploader-genius
2023-09-26 17:09:20,105 - INFO - TiktokaStudio GUI started
2023-09-26 17:09:20,135 - DEBUG - Installation path is:D:\Download\audio-visual\saas\tiktoka\tiktoka-studio-uploader-genius
2023-09-26 17:09:20,136 - INFO - TiktokaStudio GUI started
2023-09-26 17:09:58,945 - DEBUG - Installation path is:D:\Download\audio-visual\saas\tiktoka\tiktoka-studio-uploader-genius
2023-09-26 17:09:58,945 - INFO - TiktokaStudio GUI started
2023-09-26 17:09:58,978 - DEBUG - Installation path is:D:\Download\audio-visual\saas\tiktoka\tiktoka-studio-uploader-genius
2023-09-26 17:09:58,979 - INFO - TiktokaStudio GUI started
2023-09-26 17:12:09,476 - DEBUG - Installation path is:D:\Download\audio-visual\saas\tiktoka\tiktoka-studio-uploader-genius
2023-09-26 17:12:09,476 - INFO - TiktokaStudio GUI started
2023-09-26 17:12:09,509 - DEBUG - Installation path is:D:\Download\audio-visual\saas\tiktoka\tiktoka-studio-uploader-genius
2023-09-26 17:12:09,509 - INFO - TiktokaStudio GUI started
2023-09-26 17:12:19,884 - INFO - detecting----------False
2023-09-26 17:12:19,885 - INFO - create cached data for this folder:
D:/Download/audio-visual/saas/tiktoka/tiktoka-studio-uploader-genius/tests/videos/vertical
2023-09-26 17:12:19,891 - INFO - start to check thumbFilePaths for video: 1
2023-09-26 17:12:19,892 - INFO - this  thumbFilePaths exist:
 D:/Download/audio-visual/saas/tiktoka/tiktoka-studio-uploader-genius/tests/videos/vertical\1.png
2023-09-26 17:12:19,892 - INFO - intial thumbFilePaths for 1:

2023-09-26 17:12:19,894 - INFO - update to 1 meta json
2023-09-26 17:12:19,895 - INFO - start to check desFilePaths for video: 1
2023-09-26 17:12:19,896 - INFO - update to 1 meta json
2023-09-26 17:12:19,897 - INFO - start to check metaFilePaths for video: 1
2023-09-26 17:12:19,898 - INFO - this  metaFilePaths exist:
 D:/Download/audio-visual/saas/tiktoka/tiktoka-studio-uploader-genius/tests/videos/vertical\1.json
2023-09-26 17:12:19,898 - INFO - intial metaFilePaths for 1:

2023-09-26 17:12:19,899 - INFO - update to 1 meta json
2023-09-26 17:14:29,993 - DEBUG - Installation path is:D:\Download\audio-visual\saas\tiktoka\tiktoka-studio-uploader-genius
2023-09-26 17:14:29,993 - INFO - TiktokaStudio GUI started
2023-09-26 17:17:00,006 - DEBUG - Installation path is:D:\Download\audio-visual\saas\tiktoka\tiktoka-studio-uploader-genius
2023-09-26 17:17:00,007 - INFO - TiktokaStudio GUI started
2023-09-26 17:17:00,037 - DEBUG - Installation path is:D:\Download\audio-visual\saas\tiktoka\tiktoka-studio-uploader-genius
2023-09-26 17:17:00,037 - INFO - TiktokaStudio GUI started
2023-09-26 17:17:28,231 - INFO - detecting----------False
2023-09-26 17:17:28,231 - INFO - create cached data for this folder:
D:/Download/audio-visual/saas/tiktoka/tiktoka-studio-uploader-genius/tests/videos/vertical
2023-09-26 17:17:28,238 - INFO - start to check thumbFilePaths for video: 1
2023-09-26 17:17:28,239 - INFO - this  thumbFilePaths exist:
 D:/Download/audio-visual/saas/tiktoka/tiktoka-studio-uploader-genius/tests/videos/vertical\1.png
2023-09-26 17:17:28,239 - INFO - intial thumbFilePaths for 1:

2023-09-26 17:17:28,240 - INFO - update to 1 meta json
2023-09-26 17:17:28,241 - INFO - start to check desFilePaths for video: 1
2023-09-26 17:17:28,242 - INFO - update to 1 meta json
2023-09-26 17:17:28,243 - INFO - start to check metaFilePaths for video: 1
2023-09-26 17:17:28,244 - INFO - this  metaFilePaths exist:
 D:/Download/audio-visual/saas/tiktoka/tiktoka-studio-uploader-genius/tests/videos/vertical\1.json
2023-09-26 17:17:28,244 - INFO - intial metaFilePaths for 1:

2023-09-26 17:17:28,246 - INFO - update to 1 meta json
2023-09-26 17:17:34,575 - INFO - detecting----------True
2023-09-26 17:17:34,575 - INFO - we cached 6324643000 seconds before for  this folder D:/Download/audio-visual/saas/tiktoka/tiktoka-studio-uploader-genius/tests/videos/vertical
2023-09-26 17:17:34,577 - INFO - we found same filename diff ext video:1,please rename or remove
2023-09-26 18:48:38,510 - DEBUG - Installation path is:/Users/wenke/github/tiktoka-studio-uploader-app
2023-09-26 18:48:38,511 - INFO - TiktokaStudio GUI started
2023-09-26 18:48:39,048 - DEBUG - Installation path is:/Users/wenke/github/tiktoka-studio-uploader-app
2023-09-26 18:48:39,049 - INFO - TiktokaStudio GUI started
2023-09-26 18:49:30,143 - INFO - detecting----------False
2023-09-26 18:49:30,155 - INFO - create cached data for this folder:
/Users/wenke/github/tiktoka-studio-uploader-app/tests/videos
2023-09-26 18:49:30,162 - INFO - start to check thumbFilePaths for video: OP
2023-09-26 18:49:30,163 - INFO - update to OP meta json
2023-09-26 18:49:30,164 - INFO - start to check desFilePaths for video: OP
2023-09-26 18:49:30,164 - INFO - update to OP meta json
2023-09-26 18:49:30,165 - INFO - start to check metaFilePaths for video: OP
2023-09-26 18:49:30,165 - INFO - this  metaFilePaths exist:
 /Users/wenke/github/tiktoka-studio-uploader-app/tests/videos/horizon/OP.json
2023-09-26 18:49:30,165 - INFO - intial metaFilePaths for OP:

2023-09-26 18:49:30,166 - INFO - update to OP meta json
2023-09-26 18:49:30,168 - INFO - start to check thumbFilePaths for video: 1
2023-09-26 18:49:30,169 - INFO - this  thumbFilePaths exist:
 /Users/wenke/github/tiktoka-studio-uploader-app/tests/videos/vertical/1.png
2023-09-26 18:49:30,169 - INFO - intial thumbFilePaths for 1:

2023-09-26 18:49:30,169 - INFO - update to 1 meta json
2023-09-26 18:49:30,171 - INFO - start to check desFilePaths for video: 1
2023-09-26 18:49:30,171 - INFO - update to 1 meta json
2023-09-26 18:49:30,172 - INFO - start to check metaFilePaths for video: 1
2023-09-26 18:49:30,172 - INFO - this  metaFilePaths exist:
 /Users/wenke/github/tiktoka-studio-uploader-app/tests/videos/vertical/1.json
2023-09-26 18:49:30,173 - INFO - intial metaFilePaths for 1:

2023-09-26 18:49:30,173 - INFO - update to 1 meta json
2023-09-26 18:50:44,371 - DEBUG - Installation path is:/Users/wenke/github/tiktoka-studio-uploader-app
2023-09-26 18:50:44,372 - INFO - TiktokaStudio GUI started
2023-09-26 18:50:44,754 - DEBUG - Installation path is:/Users/wenke/github/tiktoka-studio-uploader-app
2023-09-26 18:50:44,754 - INFO - TiktokaStudio GUI started
2023-09-26 18:51:29,650 - DEBUG - Installation path is:/Users/wenke/github/tiktoka-studio-uploader-app
2023-09-26 18:51:29,651 - INFO - TiktokaStudio GUI started
2023-09-26 18:51:29,991 - DEBUG - Installation path is:/Users/wenke/github/tiktoka-studio-uploader-app
2023-09-26 18:51:29,991 - INFO - TiktokaStudio GUI started
2023-09-26 18:51:45,725 - INFO - detecting----------False
2023-09-26 18:51:45,733 - INFO - create cached data for this folder:
/Users/wenke/github/tiktoka-studio-uploader-app/tests
2023-09-26 18:51:45,739 - INFO - start to check thumbFilePaths for video: OP
2023-09-26 18:51:45,740 - INFO - update to OP meta json
2023-09-26 18:51:45,741 - INFO - start to check desFilePaths for video: OP
2023-09-26 18:51:45,742 - INFO - update to OP meta json
2023-09-26 18:51:45,743 - INFO - start to check metaFilePaths for video: OP
2023-09-26 18:51:45,744 - INFO - this  metaFilePaths exist:
 /Users/wenke/github/tiktoka-studio-uploader-app/tests/videos/horizon/OP.json
2023-09-26 18:51:45,744 - INFO - intial metaFilePaths for OP:

2023-09-26 18:51:45,744 - INFO - update to OP meta json
2023-09-26 18:51:45,746 - INFO - start to check thumbFilePaths for video: 1
2023-09-26 18:51:45,747 - INFO - this  thumbFilePaths exist:
 /Users/wenke/github/tiktoka-studio-uploader-app/tests/videos/vertical/1.png
2023-09-26 18:51:45,747 - INFO - intial thumbFilePaths for 1:

2023-09-26 18:51:45,747 - INFO - update to 1 meta json
2023-09-26 18:51:45,748 - INFO - start to check desFilePaths for video: 1
2023-09-26 18:51:45,748 - INFO - update to 1 meta json
2023-09-26 18:51:45,749 - INFO - start to check metaFilePaths for video: 1
2023-09-26 18:51:45,750 - INFO - this  metaFilePaths exist:
 /Users/wenke/github/tiktoka-studio-uploader-app/tests/videos/vertical/1.json
2023-09-26 18:51:45,750 - INFO - intial metaFilePaths for 1:

2023-09-26 18:51:45,751 - INFO - update to 1 meta json
2023-09-26 18:52:18,636 - INFO - detecting----------True
2023-09-26 18:52:18,644 - INFO - we cached 32890767000 seconds before for  this folder /Users/wenke/github/tiktoka-studio-uploader-app/tests
2023-09-26 18:52:18,645 - INFO - we found same filename diff ext video:OP,please rename or remove
2023-09-26 18:52:18,646 - INFO - we found same filename diff ext video:1,please rename or remove
2023-09-26 19:04:14,072 - DEBUG - Installation path is:/Users/wenke/github/tiktoka-studio-uploader-app
2023-09-26 19:04:14,084 - INFO - TiktokaStudio GUI started
2023-09-26 19:04:14,609 - DEBUG - Installation path is:/Users/wenke/github/tiktoka-studio-uploader-app
2023-09-26 19:04:14,610 - INFO - TiktokaStudio GUI started
2023-09-26 20:36:32,966 - INFO - detecting----------False
2023-09-26 20:36:32,975 - INFO - create cached data for this folder:
/Users/wenke/github/tiktoka-studio-uploader-app/tests
2023-09-26 20:36:32,981 - INFO - start to check thumbFilePaths for video: OP
2023-09-26 20:36:32,982 - INFO - update to OP meta json
2023-09-26 20:36:32,984 - INFO - start to check desFilePaths for video: OP
2023-09-26 20:36:32,984 - INFO - update to OP meta json
2023-09-26 20:36:32,985 - INFO - start to check metaFilePaths for video: OP
2023-09-26 20:36:32,985 - INFO - this  metaFilePaths exist:
 /Users/wenke/github/tiktoka-studio-uploader-app/tests/videos/horizon/OP.json
2023-09-26 20:36:32,986 - INFO - intial metaFilePaths for OP:

2023-09-26 20:36:32,986 - INFO - update to OP meta json
2023-09-26 20:36:32,988 - INFO - start to check thumbFilePaths for video: 1
2023-09-26 20:36:32,988 - INFO - this  thumbFilePaths exist:
 /Users/wenke/github/tiktoka-studio-uploader-app/tests/videos/vertical/1.png
2023-09-26 20:36:32,989 - INFO - intial thumbFilePaths for 1:

2023-09-26 20:36:32,989 - INFO - update to 1 meta json
2023-09-26 20:36:32,990 - INFO - start to check desFilePaths for video: 1
2023-09-26 20:36:32,990 - INFO - update to 1 meta json
2023-09-26 20:36:32,991 - INFO - start to check metaFilePaths for video: 1
2023-09-26 20:36:32,991 - INFO - this  metaFilePaths exist:
 /Users/wenke/github/tiktoka-studio-uploader-app/tests/videos/vertical/1.json
2023-09-26 20:36:32,991 - INFO - intial metaFilePaths for 1:

2023-09-26 20:36:32,992 - INFO - update to 1 meta json
2023-09-26 20:58:05,112 - INFO - detecting----------False
2023-09-26 20:58:05,129 - INFO - create cached data for this folder:
/Users/wenke/github/tiktoka-studio-uploader-app/tests/videos/vertical
2023-09-26 20:58:05,135 - INFO - start to check thumbFilePaths for video: 1
2023-09-26 20:58:05,135 - INFO - this  thumbFilePaths exist:
 /Users/wenke/github/tiktoka-studio-uploader-app/tests/videos/vertical/1.png
2023-09-26 20:58:05,136 - INFO - intial thumbFilePaths for 1:

2023-09-26 20:58:05,136 - INFO - update to 1 meta json
2023-09-26 20:58:05,137 - INFO - start to check desFilePaths for video: 1
2023-09-26 20:58:05,137 - INFO - update to 1 meta json
2023-09-26 20:58:05,138 - INFO - start to check metaFilePaths for video: 1
2023-09-26 20:58:05,138 - INFO - this  metaFilePaths exist:
 /Users/wenke/github/tiktoka-studio-uploader-app/tests/videos/vertical/1.json
2023-09-26 20:58:05,138 - INFO - intial metaFilePaths for 1:

2023-09-26 20:58:05,138 - INFO - update to 1 meta json
2023-09-26 21:07:18,208 - DEBUG - Installation path is:/Users/wenke/github/tiktoka-studio-uploader-app
2023-09-26 21:07:18,208 - INFO - TiktokaStudio GUI started
2023-09-26 21:07:18,581 - DEBUG - Installation path is:/Users/wenke/github/tiktoka-studio-uploader-app
2023-09-26 21:07:18,581 - INFO - TiktokaStudio GUI started
2023-09-26 21:07:21,738 - DEBUG - Installation path is:/Users/wenke/github/tiktoka-studio-uploader-app
2023-09-26 21:07:21,738 - INFO - TiktokaStudio GUI started
2023-09-26 21:07:21,781 - DEBUG - Installation path is:/Users/wenke/github/tiktoka-studio-uploader-app
2023-09-26 21:07:21,781 - INFO - TiktokaStudio GUI started
2023-09-26 21:07:21,819 - INFO - switch lang to locale:zh
2023-09-26 21:21:49,803 - ERROR - this query >>> seems went wrong:
SELECT account_name FROM your_table WHERE platform = p,full error message:
(sqlite3.OperationalError) no such table: your_table
[SQL: SELECT account_name FROM your_table WHERE platform = p]
(Background on this error at: https://sqlalche.me/e/20/e3q8)
2023-09-26 21:21:51,834 - ERROR - this query >>> seems went wrong:
SELECT account_name FROM your_table WHERE platform = p,full error message:
(sqlite3.OperationalError) no such table: your_table
[SQL: SELECT account_name FROM your_table WHERE platform = p]
(Background on this error at: https://sqlalche.me/e/20/e3q8)
2023-09-26 21:21:53,133 - ERROR - this query >>> seems went wrong:
SELECT account_name FROM your_table WHERE platform = p,full error message:
(sqlite3.OperationalError) no such table: your_table
[SQL: SELECT account_name FROM your_table WHERE platform = p]
(Background on this error at: https://sqlalche.me/e/20/e3q8)
2023-09-26 21:21:55,284 - ERROR - this query >>> seems went wrong:
SELECT account_name FROM your_table WHERE platform = p,full error message:
(sqlite3.OperationalError) no such table: your_table
[SQL: SELECT account_name FROM your_table WHERE platform = p]
(Background on this error at: https://sqlalche.me/e/20/e3q8)
2023-09-26 21:21:56,333 - ERROR - this query >>> seems went wrong:
SELECT account_name FROM your_table WHERE platform = p,full error message:
(sqlite3.OperationalError) no such table: your_table
[SQL: SELECT account_name FROM your_table WHERE platform = p]
(Background on this error at: https://sqlalche.me/e/20/e3q8)
2023-09-26 21:21:57,468 - ERROR - this query >>> seems went wrong:
SELECT account_name FROM your_table WHERE platform = p,full error message:
(sqlite3.OperationalError) no such table: your_table
[SQL: SELECT account_name FROM your_table WHERE platform = p]
(Background on this error at: https://sqlalche.me/e/20/e3q8)
2023-09-26 21:22:15,268 - ERROR - this query >>> seems went wrong:
SELECT account_name FROM your_table WHERE platform = p,full error message:
(sqlite3.OperationalError) no such table: your_table
[SQL: SELECT account_name FROM your_table WHERE platform = p]
(Background on this error at: https://sqlalche.me/e/20/e3q8)
2023-09-26 21:28:23,070 - DEBUG - Installation path is:/Users/wenke/github/tiktoka-studio-uploader-app
2023-09-26 21:28:23,070 - INFO - TiktokaStudio GUI started
2023-09-26 21:28:23,865 - DEBUG - Installation path is:/Users/wenke/github/tiktoka-studio-uploader-app
2023-09-26 21:28:23,865 - INFO - TiktokaStudio GUI started
2023-09-26 21:29:50,728 - DEBUG - Installation path is:/Users/wenke/github/tiktoka-studio-uploader-app
2023-09-26 21:29:50,728 - INFO - TiktokaStudio GUI started
2023-09-26 21:29:51,138 - DEBUG - Installation path is:/Users/wenke/github/tiktoka-studio-uploader-app
2023-09-26 21:29:51,138 - INFO - TiktokaStudio GUI started
2023-09-26 21:31:22,661 - DEBUG - Installation path is:/Users/wenke/github/tiktoka-studio-uploader-app
2023-09-26 21:31:22,677 - INFO - TiktokaStudio GUI started
2023-09-26 21:31:23,043 - DEBUG - Installation path is:/Users/wenke/github/tiktoka-studio-uploader-app
2023-09-26 21:31:23,044 - INFO - TiktokaStudio GUI started
2023-09-26 21:32:27,816 - DEBUG - Installation path is:/Users/wenke/github/tiktoka-studio-uploader-app
2023-09-26 21:32:27,816 - INFO - TiktokaStudio GUI started
2023-09-26 21:32:28,131 - DEBUG - Installation path is:/Users/wenke/github/tiktoka-studio-uploader-app
2023-09-26 21:32:28,131 - INFO - TiktokaStudio GUI started
2023-09-26 21:49:31,692 - DEBUG - Installation path is:/Users/wenke/github/tiktoka-studio-uploader-app
2023-09-26 21:49:31,701 - INFO - TiktokaStudio GUI started
2023-09-26 21:49:32,082 - DEBUG - Installation path is:/Users/wenke/github/tiktoka-studio-uploader-app
2023-09-26 21:49:32,082 - INFO - TiktokaStudio GUI started
2023-09-26 21:50:24,053 - DEBUG - Installation path is:/Users/wenke/github/tiktoka-studio-uploader-app
2023-09-26 21:50:24,053 - INFO - TiktokaStudio GUI started
2023-09-26 21:50:24,369 - DEBUG - Installation path is:/Users/wenke/github/tiktoka-studio-uploader-app
2023-09-26 21:50:24,369 - INFO - TiktokaStudio GUI started
2023-09-26 21:53:33,365 - DEBUG - Installation path is:/Users/wenke/github/tiktoka-studio-uploader-app
2023-09-26 21:53:33,370 - INFO - TiktokaStudio GUI started
2023-09-26 21:53:34,106 - DEBUG - Installation path is:/Users/wenke/github/tiktoka-studio-uploader-app
2023-09-26 21:53:34,106 - INFO - TiktokaStudio GUI started
2023-09-26 21:54:55,804 - DEBUG - Installation path is:/Users/wenke/github/tiktoka-studio-uploader-app
2023-09-26 21:54:55,816 - INFO - TiktokaStudio GUI started
2023-09-26 21:54:56,515 - DEBUG - Installation path is:/Users/wenke/github/tiktoka-studio-uploader-app
2023-09-26 21:54:56,515 - INFO - TiktokaStudio GUI started
2023-09-26 21:55:58,811 - DEBUG - Installation path is:/Users/wenke/github/tiktoka-studio-uploader-app
2023-09-26 21:55:58,812 - INFO - TiktokaStudio GUI started
2023-09-26 21:55:59,126 - DEBUG - Installation path is:/Users/wenke/github/tiktoka-studio-uploader-app
2023-09-26 21:55:59,126 - INFO - TiktokaStudio GUI started
2023-09-26 21:59:13,583 - DEBUG - Installation path is:/Users/wenke/github/tiktoka-studio-uploader-app
2023-09-26 21:59:13,583 - INFO - TiktokaStudio GUI started
2023-09-26 22:00:44,472 - DEBUG - Installation path is:/Users/wenke/github/tiktoka-studio-uploader-app
2023-09-26 22:00:44,472 - INFO - TiktokaStudio GUI started
2023-09-26 22:02:27,624 - DEBUG - Installation path is:/Users/wenke/github/tiktoka-studio-uploader-app
2023-09-26 22:02:27,643 - INFO - TiktokaStudio GUI started
2023-09-26 22:03:19,898 - DEBUG - Installation path is:/Users/wenke/github/tiktoka-studio-uploader-app
2023-09-26 22:03:19,899 - INFO - TiktokaStudio GUI started
2023-09-26 22:04:20,380 - DEBUG - Installation path is:/Users/wenke/github/tiktoka-studio-uploader-app
2023-09-26 22:04:20,380 - INFO - TiktokaStudio GUI started
2023-09-26 22:05:15,573 - DEBUG - Installation path is:/Users/wenke/github/tiktoka-studio-uploader-app
2023-09-26 22:05:15,573 - INFO - TiktokaStudio GUI started
2023-09-26 22:06:44,939 - DEBUG - Installation path is:/Users/wenke/github/tiktoka-studio-uploader-app
2023-09-26 22:06:44,939 - INFO - TiktokaStudio GUI started
2023-09-26 22:07:41,849 - DEBUG - Installation path is:/Users/wenke/github/tiktoka-studio-uploader-app
2023-09-26 22:07:41,864 - INFO - TiktokaStudio GUI started
2023-09-26 22:08:09,412 - DEBUG - Installation path is:/Users/wenke/github/tiktoka-studio-uploader-app
2023-09-26 22:08:09,412 - INFO - TiktokaStudio GUI started
2023-09-26 22:09:10,118 - DEBUG - Installation path is:/Users/wenke/github/tiktoka-studio-uploader-app
2023-09-26 22:09:10,118 - INFO - TiktokaStudio GUI started
2023-09-26 22:09:10,404 - DEBUG - Installation path is:/Users/wenke/github/tiktoka-studio-uploader-app
2023-09-26 22:09:10,404 - INFO - TiktokaStudio GUI started
2023-09-26 22:15:08,694 - DEBUG - Installation path is:/Users/wenke/github/tiktoka-studio-uploader-app
2023-09-26 22:15:08,702 - INFO - TiktokaStudio GUI started
2023-09-26 22:15:09,082 - DEBUG - Installation path is:/Users/wenke/github/tiktoka-studio-uploader-app
2023-09-26 22:15:09,082 - INFO - TiktokaStudio GUI started
2023-09-26 22:15:48,419 - DEBUG - Installation path is:/Users/wenke/github/tiktoka-studio-uploader-app
2023-09-26 22:15:48,419 - INFO - TiktokaStudio GUI started
2023-09-26 22:15:48,756 - DEBUG - Installation path is:/Users/wenke/github/tiktoka-studio-uploader-app
2023-09-26 22:15:48,756 - INFO - TiktokaStudio GUI started
2023-09-26 22:17:16,130 - DEBUG - Installation path is:/Users/wenke/github/tiktoka-studio-uploader-app
2023-09-26 22:17:16,131 - INFO - TiktokaStudio GUI started
2023-09-26 22:17:16,474 - DEBUG - Installation path is:/Users/wenke/github/tiktoka-studio-uploader-app
2023-09-26 22:17:16,474 - INFO - TiktokaStudio GUI started
2023-09-26 22:20:50,642 - DEBUG - Installation path is:/Users/wenke/github/tiktoka-studio-uploader-app
2023-09-26 22:20:50,642 - INFO - TiktokaStudio GUI started
2023-09-26 22:20:51,365 - DEBUG - Installation path is:/Users/wenke/github/tiktoka-studio-uploader-app
2023-09-26 22:20:51,365 - INFO - TiktokaStudio GUI started
2023-09-26 22:21:44,002 - DEBUG - Installation path is:/Users/wenke/github/tiktoka-studio-uploader-app
2023-09-26 22:21:44,002 - INFO - TiktokaStudio GUI started
2023-09-26 22:21:44,310 - DEBUG - Installation path is:/Users/wenke/github/tiktoka-studio-uploader-app
2023-09-26 22:21:44,310 - INFO - TiktokaStudio GUI started
2023-09-26 22:22:19,587 - DEBUG - Installation path is:/Users/wenke/github/tiktoka-studio-uploader-app
2023-09-26 22:22:19,587 - INFO - TiktokaStudio GUI started
2023-09-26 22:22:20,426 - DEBUG - Installation path is:/Users/wenke/github/tiktoka-studio-uploader-app
2023-09-26 22:22:20,426 - INFO - TiktokaStudio GUI started
2023-09-26 22:24:46,894 - DEBUG - Installation path is:/Users/wenke/github/tiktoka-studio-uploader-app
2023-09-26 22:24:46,894 - INFO - TiktokaStudio GUI started
2023-09-26 22:24:47,601 - DEBUG - Installation path is:/Users/wenke/github/tiktoka-studio-uploader-app
2023-09-26 22:24:47,601 - INFO - TiktokaStudio GUI started
2023-09-26 22:28:45,110 - DEBUG - Installation path is:/Users/wenke/github/tiktoka-studio-uploader-app
2023-09-26 22:28:45,111 - INFO - TiktokaStudio GUI started
2023-09-26 22:29:10,171 - DEBUG - Installation path is:/Users/wenke/github/tiktoka-studio-uploader-app
2023-09-26 22:29:10,171 - INFO - TiktokaStudio GUI started
2023-09-26 22:29:45,204 - DEBUG - Installation path is:/Users/wenke/github/tiktoka-studio-uploader-app
2023-09-26 22:29:45,204 - INFO - TiktokaStudio GUI started
2023-09-26 22:29:45,551 - DEBUG - Installation path is:/Users/wenke/github/tiktoka-studio-uploader-app
2023-09-26 22:29:45,551 - INFO - TiktokaStudio GUI started
2023-09-26 22:30:27,709 - DEBUG - Installation path is:/Users/wenke/github/tiktoka-studio-uploader-app
2023-09-26 22:30:27,709 - INFO - TiktokaStudio GUI started
2023-09-26 22:30:28,010 - DEBUG - Installation path is:/Users/wenke/github/tiktoka-studio-uploader-app
2023-09-26 22:30:28,010 - INFO - TiktokaStudio GUI started
2023-09-26 22:30:59,441 - DEBUG - Installation path is:/Users/wenke/github/tiktoka-studio-uploader-app
2023-09-26 22:30:59,441 - INFO - TiktokaStudio GUI started
2023-09-26 22:30:59,756 - DEBUG - Installation path is:/Users/wenke/github/tiktoka-studio-uploader-app
2023-09-26 22:30:59,756 - INFO - TiktokaStudio GUI started
2023-09-26 22:33:06,821 - DEBUG - Installation path is:/Users/wenke/github/tiktoka-studio-uploader-app
2023-09-26 22:33:06,844 - INFO - TiktokaStudio GUI started
2023-09-26 22:33:07,184 - DEBUG - Installation path is:/Users/wenke/github/tiktoka-studio-uploader-app
2023-09-26 22:33:07,184 - INFO - TiktokaStudio GUI started
2023-09-26 22:37:38,359 - DEBUG - Installation path is:/Users/wenke/github/tiktoka-studio-uploader-app
2023-09-26 22:37:38,369 - INFO - TiktokaStudio GUI started
2023-09-26 22:37:39,135 - DEBUG - Installation path is:/Users/wenke/github/tiktoka-studio-uploader-app
2023-09-26 22:37:39,135 - INFO - TiktokaStudio GUI started
2023-09-26 22:38:42,532 - DEBUG - Installation path is:/Users/wenke/github/tiktoka-studio-uploader-app
2023-09-26 22:38:42,532 - INFO - TiktokaStudio GUI started
2023-09-26 22:38:42,842 - DEBUG - Installation path is:/Users/wenke/github/tiktoka-studio-uploader-app
2023-09-26 22:38:42,842 - INFO - TiktokaStudio GUI started
2023-09-26 22:38:46,883 - INFO - query results of existing platforms is ['p']
2023-09-26 22:42:40,146 - DEBUG - Installation path is:/Users/wenke/github/tiktoka-studio-uploader-app
2023-09-26 22:42:40,160 - INFO - TiktokaStudio GUI started
2023-09-26 22:42:40,836 - DEBUG - Installation path is:/Users/wenke/github/tiktoka-studio-uploader-app
2023-09-26 22:42:40,836 - INFO - TiktokaStudio GUI started
2023-09-26 22:42:44,998 - INFO - query results of existing platforms is   platform
0  youtube
2023-09-26 22:43:36,071 - DEBUG - Installation path is:/Users/wenke/github/tiktoka-studio-uploader-app
2023-09-26 22:43:36,072 - INFO - TiktokaStudio GUI started
2023-09-26 22:43:36,377 - DEBUG - Installation path is:/Users/wenke/github/tiktoka-studio-uploader-app
2023-09-26 22:43:36,378 - INFO - TiktokaStudio GUI started
2023-09-26 22:43:40,609 - INFO - query results of existing platforms is   platform
0  youtube
2023-09-26 22:43:44,242 - INFO - query results of existing platforms is   platform
0  youtube
2023-09-26 22:43:44,243 - ERROR - this query >>> seems went wrong:
SELECT account_name FROM your_table WHERE platform = l,full error message:
(sqlite3.OperationalError) no such table: your_table
[SQL: SELECT account_name FROM your_table WHERE platform = l]
(Background on this error at: https://sqlalche.me/e/20/e3q8)
2023-09-26 22:44:30,065 - DEBUG - Installation path is:/Users/wenke/github/tiktoka-studio-uploader-app
2023-09-26 22:44:30,066 - INFO - TiktokaStudio GUI started
2023-09-26 22:44:30,383 - DEBUG - Installation path is:/Users/wenke/github/tiktoka-studio-uploader-app
2023-09-26 22:44:30,383 - INFO - TiktokaStudio GUI started
2023-09-26 22:44:56,874 - INFO - query results of existing platforms is   platform
0  youtube
2023-09-26 22:46:51,843 - DEBUG - Installation path is:/Users/wenke/github/tiktoka-studio-uploader-app
2023-09-26 22:46:51,851 - INFO - TiktokaStudio GUI started
2023-09-26 22:46:52,205 - DEBUG - Installation path is:/Users/wenke/github/tiktoka-studio-uploader-app
2023-09-26 22:46:52,205 - INFO - TiktokaStudio GUI started
2023-09-26 22:46:57,305 - INFO - query results of existing platforms is   platform
0  youtube
2023-09-26 22:47:24,544 - DEBUG - Installation path is:/Users/wenke/github/tiktoka-studio-uploader-app
2023-09-26 22:47:24,552 - INFO - TiktokaStudio GUI started
2023-09-26 22:47:25,216 - DEBUG - Installation path is:/Users/wenke/github/tiktoka-studio-uploader-app
2023-09-26 22:47:25,216 - INFO - TiktokaStudio GUI started
2023-09-26 22:47:28,295 - INFO - query results of existing platforms is   platform
0  youtube
2023-09-26 22:49:15,004 - DEBUG - Installation path is:/Users/wenke/github/tiktoka-studio-uploader-app
2023-09-26 22:49:15,009 - INFO - TiktokaStudio GUI started
2023-09-26 22:49:15,357 - DEBUG - Installation path is:/Users/wenke/github/tiktoka-studio-uploader-app
2023-09-26 22:49:15,357 - INFO - TiktokaStudio GUI started
2023-09-26 22:49:19,051 - INFO - query results of existing platforms is   platform
0  youtube
2023-09-26 22:49:21,836 - INFO - query results of existing platforms is   platform
0  youtube
2023-09-26 22:49:21,837 - ERROR - this query >>> seems went wrong:
SELECT account_name FROM your_table WHERE platform = youtube,full error message:
(sqlite3.OperationalError) no such table: your_table
[SQL: SELECT account_name FROM your_table WHERE platform = youtube]
(Background on this error at: https://sqlalche.me/e/20/e3q8)
2023-09-26 22:50:07,600 - DEBUG - Installation path is:/Users/wenke/github/tiktoka-studio-uploader-app
2023-09-26 22:50:07,600 - INFO - TiktokaStudio GUI started
2023-09-26 22:50:07,951 - DEBUG - Installation path is:/Users/wenke/github/tiktoka-studio-uploader-app
2023-09-26 22:50:07,951 - INFO - TiktokaStudio GUI started
2023-09-26 22:50:11,043 - INFO - query results of existing platforms is   platform
0  youtube
2023-09-26 22:50:12,781 - INFO - query results of existing platforms is   platform
0  youtube
2023-09-26 22:50:12,782 - ERROR - this query >>> seems went wrong:
SELECT account_name FROM your_table WHERE platform = youtube,full error message:
(sqlite3.OperationalError) no such table: your_table
[SQL: SELECT account_name FROM your_table WHERE platform = youtube]
(Background on this error at: https://sqlalche.me/e/20/e3q8)
2023-09-26 22:50:46,615 - INFO - query results of existing platforms is   platform
0  youtube
2023-09-26 22:50:49,023 - INFO - query results of existing platforms is   platform
0  youtube
2023-09-26 22:50:49,024 - ERROR - this query >>> seems went wrong:
SELECT account_name FROM your_table WHERE platform = youtube,full error message:
(sqlite3.OperationalError) no such table: your_table
[SQL: SELECT account_name FROM your_table WHERE platform = youtube]
(Background on this error at: https://sqlalche.me/e/20/e3q8)
2023-09-26 23:19:34,856 - ERROR - User registration failed: 'str' object has no attribute 'connect'
2023-09-26 23:21:13,718 - ERROR - User registration failed: 'str' object has no attribute 'connect'
2023-09-26 23:23:20,885 - ERROR - User registration failed: 'str' object has no attribute 'connect'
2023-09-26 23:24:51,802 - ERROR - User registration failed: 'str' object has no attribute 'connect'
2023-09-26 23:24:53,994 - DEBUG - Installation path is:/Users/wenke/github/tiktoka-studio-uploader-app
2023-09-26 23:24:53,994 - INFO - TiktokaStudio GUI started
2023-09-26 23:24:54,662 - DEBUG - Installation path is:/Users/wenke/github/tiktoka-studio-uploader-app
2023-09-26 23:24:54,662 - INFO - TiktokaStudio GUI started
2023-09-26 23:26:57,778 - ERROR - User registration failed: 'str' object has no attribute 'connect'
2023-09-26 23:26:59,625 - DEBUG - Installation path is:/Users/wenke/github/tiktoka-studio-uploader-app
2023-09-26 23:26:59,625 - INFO - TiktokaStudio GUI started
2023-09-26 23:26:59,947 - DEBUG - Installation path is:/Users/wenke/github/tiktoka-studio-uploader-app
2023-09-26 23:26:59,947 - INFO - TiktokaStudio GUI started
2023-09-26 23:28:38,966 - DEBUG - Installation path is:/Users/wenke/github/tiktoka-studio-uploader-app
2023-09-26 23:28:38,977 - INFO - TiktokaStudio GUI started
2023-09-26 23:28:39,314 - DEBUG - Installation path is:/Users/wenke/github/tiktoka-studio-uploader-app
2023-09-26 23:28:39,314 - INFO - TiktokaStudio GUI started
2023-09-26 23:29:08,718 - ERROR - User registration failed: 'str' object has no attribute 'connect'
2023-09-26 23:29:10,621 - DEBUG - Installation path is:/Users/wenke/github/tiktoka-studio-uploader-app
2023-09-26 23:29:10,621 - INFO - TiktokaStudio GUI started
2023-09-26 23:29:10,935 - DEBUG - Installation path is:/Users/wenke/github/tiktoka-studio-uploader-app
2023-09-26 23:29:10,936 - INFO - TiktokaStudio GUI started
2023-09-26 23:30:30,964 - ERROR - User registration failed: 'str' object has no attribute 'connect'
2023-09-26 23:30:32,746 - DEBUG - Installation path is:/Users/wenke/github/tiktoka-studio-uploader-app
2023-09-26 23:30:32,747 - INFO - TiktokaStudio GUI started
2023-09-26 23:30:33,080 - DEBUG - Installation path is:/Users/wenke/github/tiktoka-studio-uploader-app
2023-09-26 23:30:33,080 - INFO - TiktokaStudio GUI started
2023-09-26 23:32:24,089 - ERROR - User registration failed: 'str' object has no attribute 'connect'
2023-09-26 23:32:25,986 - DEBUG - Installation path is:/Users/wenke/github/tiktoka-studio-uploader-app
2023-09-26 23:32:25,986 - INFO - TiktokaStudio GUI started
2023-09-26 23:32:26,272 - DEBUG - Installation path is:/Users/wenke/github/tiktoka-studio-uploader-app
2023-09-26 23:32:26,273 - INFO - TiktokaStudio GUI started
2023-09-26 23:33:56,672 - ERROR - User registration failed: 'str' object has no attribute 'connect'
2023-09-26 23:33:58,591 - DEBUG - Installation path is:/Users/wenke/github/tiktoka-studio-uploader-app
2023-09-26 23:33:58,591 - INFO - TiktokaStudio GUI started
2023-09-26 23:33:58,919 - DEBUG - Installation path is:/Users/wenke/github/tiktoka-studio-uploader-app
2023-09-26 23:33:58,920 - INFO - TiktokaStudio GUI started
2023-09-26 23:35:31,319 - ERROR - User registration failed: 'str' object has no attribute 'connect'
2023-09-26 23:35:34,624 - DEBUG - Installation path is:/Users/wenke/github/tiktoka-studio-uploader-app
2023-09-26 23:35:34,624 - INFO - TiktokaStudio GUI started
2023-09-26 23:35:34,910 - DEBUG - Installation path is:/Users/wenke/github/tiktoka-studio-uploader-app
2023-09-26 23:35:34,910 - INFO - TiktokaStudio GUI started
2023-09-26 23:36:38,987 - DEBUG - Installation path is:/Users/wenke/github/tiktoka-studio-uploader-app
2023-09-26 23:36:38,987 - INFO - TiktokaStudio GUI started
2023-09-26 23:36:39,329 - DEBUG - Installation path is:/Users/wenke/github/tiktoka-studio-uploader-app
2023-09-26 23:36:39,329 - INFO - TiktokaStudio GUI started
2023-09-26 23:37:12,723 - DEBUG - Installation path is:/Users/wenke/github/tiktoka-studio-uploader-app
2023-09-26 23:37:12,724 - INFO - TiktokaStudio GUI started
2023-09-26 23:37:13,028 - DEBUG - Installation path is:/Users/wenke/github/tiktoka-studio-uploader-app
2023-09-26 23:37:13,029 - INFO - TiktokaStudio GUI started
2023-09-26 23:37:55,057 - DEBUG - Installation path is:/Users/wenke/github/tiktoka-studio-uploader-app
2023-09-26 23:37:55,058 - INFO - TiktokaStudio GUI started
2023-09-26 23:37:55,363 - DEBUG - Installation path is:/Users/wenke/github/tiktoka-studio-uploader-app
2023-09-26 23:37:55,364 - INFO - TiktokaStudio GUI started
2023-09-26 23:38:22,622 - DEBUG - Installation path is:/Users/wenke/github/tiktoka-studio-uploader-app
2023-09-26 23:38:22,622 - INFO - TiktokaStudio GUI started
2023-09-26 23:38:22,952 - DEBUG - Installation path is:/Users/wenke/github/tiktoka-studio-uploader-app
2023-09-26 23:38:22,953 - INFO - TiktokaStudio GUI started
2023-09-26 23:39:09,561 - DEBUG - Installation path is:/Users/wenke/github/tiktoka-studio-uploader-app
2023-09-26 23:39:09,561 - INFO - TiktokaStudio GUI started
2023-09-26 23:39:09,870 - DEBUG - Installation path is:/Users/wenke/github/tiktoka-studio-uploader-app
2023-09-26 23:39:09,870 - INFO - TiktokaStudio GUI started
2023-09-27 08:55:52,329 - DEBUG - Installation path is:D:\Download\audio-visual\saas\tiktoka\tiktoka-studio-uploader-genius
2023-09-27 08:55:52,329 - INFO - TiktokaStudio GUI started
2023-09-27 08:55:52,365 - DEBUG - Installation path is:D:\Download\audio-visual\saas\tiktoka\tiktoka-studio-uploader-genius
2023-09-27 08:55:52,365 - INFO - TiktokaStudio GUI started
2023-09-27 08:57:21,012 - DEBUG - Installation path is:D:\Download\audio-visual\saas\tiktoka\tiktoka-studio-uploader-genius
2023-09-27 08:57:21,012 - INFO - TiktokaStudio GUI started
2023-09-27 08:57:21,041 - DEBUG - Installation path is:D:\Download\audio-visual\saas\tiktoka\tiktoka-studio-uploader-genius
2023-09-27 08:57:21,041 - INFO - TiktokaStudio GUI started
2023-09-27 08:58:35,434 - DEBUG - Installation path is:D:\Download\audio-visual\saas\tiktoka\tiktoka-studio-uploader-genius
2023-09-27 08:58:35,434 - INFO - TiktokaStudio GUI started
2023-09-27 08:58:35,468 - DEBUG - Installation path is:D:\Download\audio-visual\saas\tiktoka\tiktoka-studio-uploader-genius
2023-09-27 08:58:35,468 - INFO - TiktokaStudio GUI started
2023-09-27 08:59:00,176 - DEBUG - Installation path is:D:\Download\audio-visual\saas\tiktoka\tiktoka-studio-uploader-genius
2023-09-27 08:59:00,176 - INFO - TiktokaStudio GUI started
2023-09-27 08:59:00,209 - DEBUG - Installation path is:D:\Download\audio-visual\saas\tiktoka\tiktoka-studio-uploader-genius
2023-09-27 08:59:00,209 - INFO - TiktokaStudio GUI started
2023-09-27 08:59:16,221 - DEBUG - Installation path is:D:\Download\audio-visual\saas\tiktoka\tiktoka-studio-uploader-genius
2023-09-27 08:59:16,221 - INFO - TiktokaStudio GUI started
2023-09-27 08:59:16,254 - DEBUG - Installation path is:D:\Download\audio-visual\saas\tiktoka\tiktoka-studio-uploader-genius
2023-09-27 08:59:16,254 - INFO - TiktokaStudio GUI started
2023-09-27 08:59:45,254 - INFO - detecting----------False
2023-09-27 08:59:45,254 - INFO - create cached data for this folder:
D:/Download/audio-visual/saas/tiktoka/tiktoka-studio-uploader-genius/tests/videos/vertical
2023-09-27 08:59:45,261 - INFO - start to check thumbFilePaths for video: 1
2023-09-27 08:59:45,262 - INFO - this  thumbFilePaths exist:
 D:/Download/audio-visual/saas/tiktoka/tiktoka-studio-uploader-genius/tests/videos/vertical\1.png
2023-09-27 08:59:45,263 - INFO - intial thumbFilePaths for 1:

2023-09-27 08:59:45,264 - INFO - update to 1 meta json
2023-09-27 08:59:45,265 - INFO - start to check desFilePaths for video: 1
2023-09-27 08:59:45,266 - INFO - update to 1 meta json
2023-09-27 08:59:45,267 - INFO - start to check metaFilePaths for video: 1
2023-09-27 08:59:45,268 - INFO - this  metaFilePaths exist:
 D:/Download/audio-visual/saas/tiktoka/tiktoka-studio-uploader-genius/tests/videos/vertical\1.json
2023-09-27 08:59:45,268 - INFO - intial metaFilePaths for 1:

2023-09-27 08:59:45,270 - INFO - update to 1 meta json
2023-09-27 09:00:35,303 - DEBUG - Installation path is:D:\Download\audio-visual\saas\tiktoka\tiktoka-studio-uploader-genius
2023-09-27 09:00:35,303 - INFO - TiktokaStudio GUI started
2023-09-27 09:00:35,339 - DEBUG - Installation path is:D:\Download\audio-visual\saas\tiktoka\tiktoka-studio-uploader-genius
2023-09-27 09:00:35,339 - INFO - TiktokaStudio GUI started
2023-09-27 09:00:42,479 - INFO - detecting----------False
2023-09-27 09:00:42,479 - INFO - create cached data for this folder:
D:/Download/audio-visual/saas/tiktoka/tiktoka-studio-uploader-genius/tests/videos/vertical
2023-09-27 09:00:42,486 - INFO - start to check thumbFilePaths for video: 1
2023-09-27 09:00:42,487 - INFO - this  thumbFilePaths exist:
 D:/Download/audio-visual/saas/tiktoka/tiktoka-studio-uploader-genius/tests/videos/vertical\1.png
2023-09-27 09:00:42,487 - INFO - intial thumbFilePaths for 1:

2023-09-27 09:00:42,488 - INFO - update to 1 meta json
2023-09-27 09:00:42,489 - INFO - start to check desFilePaths for video: 1
2023-09-27 09:00:42,490 - INFO - update to 1 meta json
2023-09-27 09:00:42,491 - INFO - start to check metaFilePaths for video: 1
2023-09-27 09:00:42,492 - INFO - this  metaFilePaths exist:
 D:/Download/audio-visual/saas/tiktoka/tiktoka-studio-uploader-genius/tests/videos/vertical\1.json
2023-09-27 09:00:42,492 - INFO - intial metaFilePaths for 1:

2023-09-27 09:00:42,493 - INFO - update to 1 meta json
2023-09-27 09:01:09,611 - DEBUG - Installation path is:D:\Download\audio-visual\saas\tiktoka\tiktoka-studio-uploader-genius
2023-09-27 09:01:09,611 - INFO - TiktokaStudio GUI started
2023-09-27 09:01:09,643 - DEBUG - Installation path is:D:\Download\audio-visual\saas\tiktoka\tiktoka-studio-uploader-genius
2023-09-27 09:01:09,643 - INFO - TiktokaStudio GUI started
2023-09-27 09:04:37,793 - DEBUG - Installation path is:D:\Download\audio-visual\saas\tiktoka\tiktoka-studio-uploader-genius
2023-09-27 09:04:37,794 - INFO - TiktokaStudio GUI started
2023-09-27 09:04:37,824 - DEBUG - Installation path is:D:\Download\audio-visual\saas\tiktoka\tiktoka-studio-uploader-genius
2023-09-27 09:04:37,824 - INFO - TiktokaStudio GUI started
2023-09-27 09:15:29,554 - DEBUG - Installation path is:D:\Download\audio-visual\saas\tiktoka\tiktoka-studio-uploader-genius
2023-09-27 09:15:29,554 - INFO - TiktokaStudio GUI started
2023-09-27 09:15:29,588 - DEBUG - Installation path is:D:\Download\audio-visual\saas\tiktoka\tiktoka-studio-uploader-genius
2023-09-27 09:15:29,588 - INFO - TiktokaStudio GUI started
2023-09-27 09:16:53,579 - DEBUG - Installation path is:D:\Download\audio-visual\saas\tiktoka\tiktoka-studio-uploader-genius
2023-09-27 09:16:53,579 - INFO - TiktokaStudio GUI started
2023-09-27 09:16:53,613 - DEBUG - Installation path is:D:\Download\audio-visual\saas\tiktoka\tiktoka-studio-uploader-genius
2023-09-27 09:16:53,613 - INFO - TiktokaStudio GUI started
2023-09-27 09:18:05,674 - DEBUG - Installation path is:D:\Download\audio-visual\saas\tiktoka\tiktoka-studio-uploader-genius
2023-09-27 09:18:05,674 - INFO - TiktokaStudio GUI started
2023-09-27 09:18:05,706 - DEBUG - Installation path is:D:\Download\audio-visual\saas\tiktoka\tiktoka-studio-uploader-genius
2023-09-27 09:18:05,706 - INFO - TiktokaStudio GUI started
2023-09-27 09:19:11,723 - DEBUG - Installation path is:D:\Download\audio-visual\saas\tiktoka\tiktoka-studio-uploader-genius
2023-09-27 09:19:11,723 - INFO - TiktokaStudio GUI started
2023-09-27 09:19:11,754 - DEBUG - Installation path is:D:\Download\audio-visual\saas\tiktoka\tiktoka-studio-uploader-genius
2023-09-27 09:19:11,754 - INFO - TiktokaStudio GUI started
2023-09-27 09:23:03,886 - DEBUG - Installation path is:D:\Download\audio-visual\saas\tiktoka\tiktoka-studio-uploader-genius
2023-09-27 09:23:03,886 - INFO - TiktokaStudio GUI started
2023-09-27 09:23:03,924 - DEBUG - Installation path is:D:\Download\audio-visual\saas\tiktoka\tiktoka-studio-uploader-genius
2023-09-27 09:23:03,924 - INFO - TiktokaStudio GUI started
2023-09-27 09:24:56,772 - DEBUG - Installation path is:D:\Download\audio-visual\saas\tiktoka\tiktoka-studio-uploader-genius
2023-09-27 09:24:56,773 - INFO - TiktokaStudio GUI started
2023-09-27 09:24:56,804 - DEBUG - Installation path is:D:\Download\audio-visual\saas\tiktoka\tiktoka-studio-uploader-genius
2023-09-27 09:24:56,804 - INFO - TiktokaStudio GUI started
2023-09-27 09:26:15,773 - DEBUG - Installation path is:D:\Download\audio-visual\saas\tiktoka\tiktoka-studio-uploader-genius
2023-09-27 09:26:15,774 - INFO - TiktokaStudio GUI started
2023-09-27 09:26:15,808 - DEBUG - Installation path is:D:\Download\audio-visual\saas\tiktoka\tiktoka-studio-uploader-genius
2023-09-27 09:26:15,808 - INFO - TiktokaStudio GUI started
2023-09-27 09:27:21,841 - DEBUG - Installation path is:D:\Download\audio-visual\saas\tiktoka\tiktoka-studio-uploader-genius
2023-09-27 09:27:21,842 - INFO - TiktokaStudio GUI started
2023-09-27 09:27:21,876 - DEBUG - Installation path is:D:\Download\audio-visual\saas\tiktoka\tiktoka-studio-uploader-genius
2023-09-27 09:27:21,876 - INFO - TiktokaStudio GUI started
2023-09-27 09:27:47,010 - DEBUG - Installation path is:D:\Download\audio-visual\saas\tiktoka\tiktoka-studio-uploader-genius
2023-09-27 09:27:47,011 - INFO - TiktokaStudio GUI started
2023-09-27 09:27:47,045 - DEBUG - Installation path is:D:\Download\audio-visual\saas\tiktoka\tiktoka-studio-uploader-genius
2023-09-27 09:27:47,045 - INFO - TiktokaStudio GUI started
2023-09-27 09:28:59,516 - DEBUG - Installation path is:D:\Download\audio-visual\saas\tiktoka\tiktoka-studio-uploader-genius
2023-09-27 09:28:59,516 - INFO - TiktokaStudio GUI started
2023-09-27 09:28:59,548 - DEBUG - Installation path is:D:\Download\audio-visual\saas\tiktoka\tiktoka-studio-uploader-genius
2023-09-27 09:28:59,548 - INFO - TiktokaStudio GUI started
2023-09-27 09:31:13,247 - DEBUG - Installation path is:D:\Download\audio-visual\saas\tiktoka\tiktoka-studio-uploader-genius
2023-09-27 09:31:13,248 - INFO - TiktokaStudio GUI started
2023-09-27 09:31:13,287 - DEBUG - Installation path is:D:\Download\audio-visual\saas\tiktoka\tiktoka-studio-uploader-genius
2023-09-27 09:31:13,287 - INFO - TiktokaStudio GUI started
2023-09-27 09:48:26,391 - DEBUG - Installation path is:D:\Download\audio-visual\saas\tiktoka\tiktoka-studio-uploader-genius
2023-09-27 09:48:26,391 - INFO - TiktokaStudio GUI started
2023-09-27 09:48:26,424 - DEBUG - Installation path is:D:\Download\audio-visual\saas\tiktoka\tiktoka-studio-uploader-genius
2023-09-27 09:48:26,424 - INFO - TiktokaStudio GUI started
2023-09-27 09:50:40,374 - DEBUG - Installation path is:D:\Download\audio-visual\saas\tiktoka\tiktoka-studio-uploader-genius
2023-09-27 09:50:40,374 - INFO - TiktokaStudio GUI started
2023-09-27 09:50:40,405 - DEBUG - Installation path is:D:\Download\audio-visual\saas\tiktoka\tiktoka-studio-uploader-genius
2023-09-27 09:50:40,405 - INFO - TiktokaStudio GUI started
2023-09-27 09:51:43,320 - DEBUG - Installation path is:D:\Download\audio-visual\saas\tiktoka\tiktoka-studio-uploader-genius
2023-09-27 09:51:43,321 - INFO - TiktokaStudio GUI started
2023-09-27 09:51:43,354 - DEBUG - Installation path is:D:\Download\audio-visual\saas\tiktoka\tiktoka-studio-uploader-genius
2023-09-27 09:51:43,354 - INFO - TiktokaStudio GUI started
2023-09-27 09:52:07,526 - INFO - detecting----------False
2023-09-27 09:52:07,527 - INFO - create cached data for this folder:
D:/Download/audio-visual/saas/tiktoka/tiktoka-studio-uploader-genius/tests/videos/vertical
2023-09-27 09:52:07,533 - INFO - start to check thumbFilePaths for video: 1
2023-09-27 09:52:07,534 - INFO - this  thumbFilePaths exist:
 D:/Download/audio-visual/saas/tiktoka/tiktoka-studio-uploader-genius/tests/videos/vertical\1.png
2023-09-27 09:52:07,535 - INFO - intial thumbFilePaths for 1:

2023-09-27 09:52:07,536 - INFO - update to 1 meta json
2023-09-27 09:52:07,536 - INFO - start to check desFilePaths for video: 1
2023-09-27 09:52:07,538 - INFO - update to 1 meta json
2023-09-27 09:52:07,539 - INFO - start to check metaFilePaths for video: 1
2023-09-27 09:52:07,540 - INFO - this  metaFilePaths exist:
 D:/Download/audio-visual/saas/tiktoka/tiktoka-studio-uploader-genius/tests/videos/vertical\1.json
2023-09-27 09:52:07,540 - INFO - intial metaFilePaths for 1:

2023-09-27 09:52:07,542 - INFO - update to 1 meta json
2023-09-27 09:53:04,195 - DEBUG - Installation path is:D:\Download\audio-visual\saas\tiktoka\tiktoka-studio-uploader-genius
2023-09-27 09:53:04,196 - INFO - TiktokaStudio GUI started
2023-09-27 09:53:04,232 - DEBUG - Installation path is:D:\Download\audio-visual\saas\tiktoka\tiktoka-studio-uploader-genius
2023-09-27 09:53:04,232 - INFO - TiktokaStudio GUI started
2023-09-27 09:53:10,945 - INFO - detecting----------False
2023-09-27 09:53:10,945 - INFO - create cached data for this folder:
D:/Download/audio-visual/saas/tiktoka/tiktoka-studio-uploader-genius/tests/videos/vertical
2023-09-27 09:53:10,951 - INFO - start to check thumbFilePaths for video: 1
2023-09-27 09:53:10,952 - INFO - this  thumbFilePaths exist:
 D:/Download/audio-visual/saas/tiktoka/tiktoka-studio-uploader-genius/tests/videos/vertical\1.png
2023-09-27 09:53:10,952 - INFO - intial thumbFilePaths for 1:

2023-09-27 09:53:10,954 - INFO - update to 1 meta json
2023-09-27 09:53:10,955 - INFO - start to check desFilePaths for video: 1
2023-09-27 09:53:10,956 - INFO - update to 1 meta json
2023-09-27 09:53:10,957 - INFO - start to check metaFilePaths for video: 1
2023-09-27 09:53:10,958 - INFO - this  metaFilePaths exist:
 D:/Download/audio-visual/saas/tiktoka/tiktoka-studio-uploader-genius/tests/videos/vertical\1.json
2023-09-27 09:53:10,958 - INFO - intial metaFilePaths for 1:

2023-09-27 09:53:10,959 - INFO - update to 1 meta json
2023-09-27 09:55:52,779 - DEBUG - Installation path is:D:\Download\audio-visual\saas\tiktoka\tiktoka-studio-uploader-genius
2023-09-27 09:55:52,780 - INFO - TiktokaStudio GUI started
2023-09-27 09:55:52,815 - DEBUG - Installation path is:D:\Download\audio-visual\saas\tiktoka\tiktoka-studio-uploader-genius
2023-09-27 09:55:52,815 - INFO - TiktokaStudio GUI started
2023-09-27 09:56:13,839 - INFO - detecting----------False
2023-09-27 09:56:13,839 - INFO - create cached data for this folder:
D:/Download/audio-visual/saas/tiktoka/tiktoka-studio-uploader-genius/tests/videos/vertical
2023-09-27 09:56:13,845 - INFO - start to check thumbFilePaths for video: 1
2023-09-27 09:56:13,846 - INFO - this  thumbFilePaths exist:
 D:/Download/audio-visual/saas/tiktoka/tiktoka-studio-uploader-genius/tests/videos/vertical\1.png
2023-09-27 09:56:13,846 - INFO - intial thumbFilePaths for 1:

2023-09-27 09:56:13,848 - INFO - update to 1 meta json
2023-09-27 09:56:13,848 - INFO - start to check desFilePaths for video: 1
2023-09-27 09:56:13,850 - INFO - update to 1 meta json
2023-09-27 09:56:13,850 - INFO - start to check metaFilePaths for video: 1
2023-09-27 09:56:13,851 - INFO - this  metaFilePaths exist:
 D:/Download/audio-visual/saas/tiktoka/tiktoka-studio-uploader-genius/tests/videos/vertical\1.json
2023-09-27 09:56:13,851 - INFO - intial metaFilePaths for 1:

2023-09-27 09:56:13,853 - INFO - update to 1 meta json
2023-09-27 09:56:24,094 - INFO - detecting----------True
2023-09-27 09:56:24,095 - INFO - we cached 10236587000 seconds before for  this folder D:/Download/audio-visual/saas/tiktoka/tiktoka-studio-uploader-genius/tests/videos/vertical
2023-09-27 09:56:24,096 - INFO - we found same filename diff ext video:1,please rename or remove
2023-09-27 09:56:26,255 - INFO - detecting----------True
2023-09-27 09:56:26,256 - INFO - we cached 2156311000 seconds before for  this folder D:/Download/audio-visual/saas/tiktoka/tiktoka-studio-uploader-genius/tests/videos/vertical
2023-09-27 09:56:26,257 - INFO - we found same filename diff ext video:1,please rename or remove
2023-09-27 09:59:08,160 - ERROR - this query >>> seems went wrong:
SELECT DISTINCT platform FROM accounts,full error message:
'OptionEngine' object has no attribute 'execute'
2023-09-27 09:59:08,160 - INFO - query results of existing platforms is None
2023-09-27 09:59:16,032 - ERROR - this query >>> seems went wrong:
SELECT DISTINCT platform FROM accounts,full error message:
'OptionEngine' object has no attribute 'execute'
2023-09-27 09:59:16,032 - INFO - query results of existing platforms is None
2023-09-27 10:00:35,035 - ERROR - this query >>> seems went wrong:
SELECT DISTINCT platform FROM accounts,full error message:
'OptionEngine' object has no attribute 'execute'
2023-09-27 10:00:35,035 - INFO - query results of existing platforms is None
2023-09-27 10:09:45,382 - ERROR - this query >>> seems went wrong:
SELECT DISTINCT platform FROM accounts,full error message:
'OptionEngine' object has no attribute 'execute'
2023-09-27 10:09:45,382 - INFO - query results of existing platforms is None
2023-09-27 10:22:56,709 - DEBUG - Installation path is:D:\Download\audio-visual\saas\tiktoka\tiktoka-studio-uploader-genius
2023-09-27 10:22:56,710 - INFO - TiktokaStudio GUI started
2023-09-27 10:22:56,742 - DEBUG - Installation path is:D:\Download\audio-visual\saas\tiktoka\tiktoka-studio-uploader-genius
2023-09-27 10:22:56,742 - INFO - TiktokaStudio GUI started
2023-09-27 10:23:16,290 - INFO - insert data to accounts>>> seems All good.
2023-09-27 10:23:22,321 - INFO - start a new query:
 SELECT * FROM accounts ORDER by inserted_at DESC
2023-09-27 10:23:22,322 - ERROR - this query >>> seems went wrong:
SELECT name FROM sqlite_master WHERE type='table' AND name='accounts',full error message:
'OptionEngine' object has no attribute 'execute'
2023-09-27 10:29:11,312 - DEBUG - Installation path is:D:\Download\audio-visual\saas\tiktoka\tiktoka-studio-uploader-genius
2023-09-27 10:29:11,312 - INFO - TiktokaStudio GUI started
2023-09-27 10:29:11,348 - DEBUG - Installation path is:D:\Download\audio-visual\saas\tiktoka\tiktoka-studio-uploader-genius
2023-09-27 10:29:11,348 - INFO - TiktokaStudio GUI started
2023-09-27 10:29:19,626 - INFO - insert data to accounts>>> seems All good.
2023-09-27 10:29:21,598 - INFO - start a new query:
 SELECT * FROM accounts ORDER by inserted_at DESC
2023-09-27 10:29:21,602 - INFO - we found 2 record matching 
2023-09-27 10:29:21,602 - ERROR - search failed error:name 'latest_proxy_conditions_user' is not defined
2023-09-27 10:37:36,704 - INFO - start a new query:
 SELECT * FROM accounts ORDER by inserted_at DESC
2023-09-27 10:37:36,708 - INFO - we found 2 record matching 
2023-09-27 10:37:36,708 - ERROR - search failed error:name 'latest_proxy_conditions_user' is not defined
2023-09-27 10:38:34,064 - INFO - query results of existing platforms is   platform
0  youtube
2023-09-27 10:38:35,702 - INFO - query results of existing platforms is   platform
0  youtube
2023-09-27 10:38:35,703 - ERROR - this query >>> seems went wrong:
SELECT account_name FROM your_table WHERE platform = youtube,full error message:
(sqlite3.OperationalError) no such table: your_table
[SQL: SELECT account_name FROM your_table WHERE platform = youtube]
(Background on this error at: https://sqlalche.me/e/20/e3q8)
2023-09-27 10:41:01,927 - DEBUG - Installation path is:D:\Download\audio-visual\saas\tiktoka\tiktoka-studio-uploader-genius
2023-09-27 10:41:01,928 - INFO - TiktokaStudio GUI started
2023-09-27 10:41:01,960 - DEBUG - Installation path is:D:\Download\audio-visual\saas\tiktoka\tiktoka-studio-uploader-genius
2023-09-27 10:41:01,961 - INFO - TiktokaStudio GUI started
2023-09-27 10:45:38,820 - DEBUG - Installation path is:D:\Download\audio-visual\saas\tiktoka\tiktoka-studio-uploader-genius
2023-09-27 10:45:38,820 - INFO - TiktokaStudio GUI started
2023-09-27 10:45:38,853 - DEBUG - Installation path is:D:\Download\audio-visual\saas\tiktoka\tiktoka-studio-uploader-genius
2023-09-27 10:45:38,853 - INFO - TiktokaStudio GUI started
2023-09-27 10:45:54,607 - INFO - insert data to accounts>>> seems All good.
2023-09-27 10:45:59,161 - INFO - start a new query:
 SELECT * FROM accounts ORDER by inserted_at DESC
2023-09-27 10:45:59,165 - INFO - we found 3 record matching 
2023-09-27 10:45:59,166 - ERROR - search failed error:name 'latest_proxy_conditions_user' is not defined
2023-09-27 10:46:08,477 - INFO - insert data to accounts>>> seems All good.
2023-09-27 10:46:13,947 - INFO - insert data to accounts>>> seems All good.
2023-09-27 10:46:16,075 - INFO - start a new query:
 SELECT * FROM accounts ORDER by inserted_at DESC
2023-09-27 10:46:16,077 - INFO - we found 5 record matching 
2023-09-27 10:46:16,078 - ERROR - search failed error:name 'latest_proxy_conditions_user' is not defined
2023-09-27 10:46:23,580 - INFO - insert data to accounts>>> seems All good.
2023-09-27 10:46:31,173 - INFO - insert data to accounts>>> seems All good.
2023-09-27 10:46:32,851 - INFO - start a new query:
 SELECT * FROM accounts ORDER by inserted_at DESC
2023-09-27 10:46:32,853 - INFO - we found 7 record matching 
2023-09-27 10:46:32,853 - ERROR - search failed error:name 'latest_proxy_conditions_user' is not defined
2023-09-27 10:46:41,488 - INFO - query results of existing platforms is   platform
0  youtube
1   tiktok
2   douyin
2023-09-27 10:46:43,696 - INFO - query results of existing platforms is   platform
0  youtube
1   tiktok
2   douyin
2023-09-27 10:46:43,697 - ERROR - this query >>> seems went wrong:
SELECT username FROM accounts WHERE platform = youtube,full error message:
(sqlite3.OperationalError) no such column: youtube
[SQL: SELECT username FROM accounts WHERE platform = youtube]
(Background on this error at: https://sqlalche.me/e/20/e3q8)
2023-09-27 10:51:56,430 - DEBUG - Installation path is:D:\Download\audio-visual\saas\tiktoka\tiktoka-studio-uploader-genius
2023-09-27 10:51:56,430 - INFO - TiktokaStudio GUI started
2023-09-27 10:51:56,466 - DEBUG - Installation path is:D:\Download\audio-visual\saas\tiktoka\tiktoka-studio-uploader-genius
2023-09-27 10:51:56,467 - INFO - TiktokaStudio GUI started
2023-09-27 10:52:00,494 - INFO - query results of existing platforms is   platform
0  youtube
1   tiktok
2   douyin
2023-09-27 10:52:02,018 - INFO - query results of existing platforms is   platform
0  youtube
1   tiktok
2   douyin
2023-09-27 10:52:02,020 - INFO - we found 3 record matching 
2023-09-27 10:52:28,088 - INFO - start a new query:
 SELECT * FROM accounts ORDER by inserted_at DESC
2023-09-27 10:52:28,092 - INFO - we found 7 record matching 
2023-09-27 10:52:28,092 - INFO - search and display finished:
SELECT * FROM accounts ORDER by inserted_at DESC
2023-09-27 10:58:23,098 - DEBUG - Installation path is:D:\Download\audio-visual\saas\tiktoka\tiktoka-studio-uploader-genius
2023-09-27 10:58:23,098 - INFO - TiktokaStudio GUI started
2023-09-27 10:58:23,132 - DEBUG - Installation path is:D:\Download\audio-visual\saas\tiktoka\tiktoka-studio-uploader-genius
2023-09-27 10:58:23,132 - INFO - TiktokaStudio GUI started
2023-09-27 10:58:27,022 - INFO - query results of existing platforms is   platform
0  youtube
1   tiktok
2   douyin
2023-09-27 10:58:28,409 - INFO - query results of existing platforms is   platform
0  youtube
1   tiktok
2   douyin
2023-09-27 10:58:28,411 - INFO - we found 3 record matching 
2023-09-27 10:58:46,946 - INFO - query results of existing platforms is   platform
0  youtube
1   tiktok
2   douyin
2023-09-27 10:58:46,948 - INFO - we found 2 record matching 
2023-09-27 11:00:50,200 - INFO - query results of existing platforms is   platform
0  youtube
1   tiktok
2   douyin
2023-09-27 11:00:51,958 - INFO - query results of existing platforms is   platform
0  youtube
1   tiktok
2   douyin
2023-09-27 11:00:51,960 - INFO - we found 3 record matching 
2023-09-27 11:21:32,437 - DEBUG - Installation path is:D:\Download\audio-visual\saas\tiktoka\tiktoka-studio-uploader-genius
2023-09-27 11:21:32,437 - INFO - TiktokaStudio GUI started
2023-09-27 11:21:32,470 - DEBUG - Installation path is:D:\Download\audio-visual\saas\tiktoka\tiktoka-studio-uploader-genius
2023-09-27 11:21:32,470 - INFO - TiktokaStudio GUI started
2023-09-27 11:21:35,671 - INFO - query results of existing platforms is   platform
0  youtube
1   tiktok
2   douyin
2023-09-27 11:21:53,455 - INFO - start a new query:
 SELECT * FROM accounts ORDER by inserted_at DESC
2023-09-27 11:21:53,458 - INFO - we found 7 record matching 
2023-09-27 11:21:53,459 - INFO - search and display finished:
SELECT * FROM accounts ORDER by inserted_at DESC
2023-09-27 11:21:57,870 - INFO - query results of existing platforms is   platform
0  youtube
1   tiktok
2   douyin
2023-09-27 11:23:47,297 - DEBUG - Installation path is:D:\Download\audio-visual\saas\tiktoka\tiktoka-studio-uploader-genius
2023-09-27 11:23:47,297 - INFO - TiktokaStudio GUI started
2023-09-27 11:23:47,334 - DEBUG - Installation path is:D:\Download\audio-visual\saas\tiktoka\tiktoka-studio-uploader-genius
2023-09-27 11:23:47,334 - INFO - TiktokaStudio GUI started
2023-09-27 11:23:52,850 - INFO - query results of existing platforms is   platform
0  youtube
1   tiktok
2   douyin
2023-09-27 11:25:57,456 - INFO - start a new query:
 SELECT * FROM accounts ORDER by inserted_at DESC
2023-09-27 11:25:57,459 - INFO - we found 7 record matching 
2023-09-27 11:25:57,460 - INFO - search and display finished:
SELECT * FROM accounts ORDER by inserted_at DESC
2023-09-27 11:28:03,705 - DEBUG - Installation path is:D:\Download\audio-visual\saas\tiktoka\tiktoka-studio-uploader-genius
2023-09-27 11:28:03,705 - INFO - TiktokaStudio GUI started
2023-09-27 11:28:03,737 - DEBUG - Installation path is:D:\Download\audio-visual\saas\tiktoka\tiktoka-studio-uploader-genius
2023-09-27 11:28:03,738 - INFO - TiktokaStudio GUI started
2023-09-27 11:28:06,633 - INFO - query results of existing platforms is ['youtube', 'tiktok', 'douyin']
2023-09-27 11:32:29,357 - DEBUG - Installation path is:D:\Download\audio-visual\saas\tiktoka\tiktoka-studio-uploader-genius
2023-09-27 11:32:29,357 - INFO - TiktokaStudio GUI started
2023-09-27 11:32:29,391 - DEBUG - Installation path is:D:\Download\audio-visual\saas\tiktoka\tiktoka-studio-uploader-genius
2023-09-27 11:32:29,391 - INFO - TiktokaStudio GUI started
2023-09-27 11:32:36,174 - INFO - start a new query:
 SELECT * FROM accounts ORDER by inserted_at DESC
2023-09-27 11:32:36,178 - INFO - we found 7 record matching 
2023-09-27 11:32:36,179 - ERROR - search failed error:name 'latest_proxy_conditions_user' is not defined
2023-09-27 11:32:41,987 - INFO - query results of existing platforms is ['youtube', 'tiktok', 'douyin']
2023-09-27 11:38:02,223 - DEBUG - Installation path is:D:\Download\audio-visual\saas\tiktoka\tiktoka-studio-uploader-genius
2023-09-27 11:38:02,223 - INFO - TiktokaStudio GUI started
2023-09-27 11:38:02,256 - DEBUG - Installation path is:D:\Download\audio-visual\saas\tiktoka\tiktoka-studio-uploader-genius
2023-09-27 11:38:02,256 - INFO - TiktokaStudio GUI started
2023-09-27 11:38:04,999 - INFO - query results of existing platforms is ['youtube', 'tiktok', 'douyin']
2023-09-27 11:52:55,532 - DEBUG - Installation path is:D:\Download\audio-visual\saas\tiktoka\tiktoka-studio-uploader-genius
2023-09-27 11:52:55,533 - INFO - TiktokaStudio GUI started
2023-09-27 11:52:55,568 - DEBUG - Installation path is:D:\Download\audio-visual\saas\tiktoka\tiktoka-studio-uploader-genius
2023-09-27 11:52:55,568 - INFO - TiktokaStudio GUI started
2023-09-27 11:52:59,182 - INFO - query results of existing platforms is ['youtube', 'tiktok', 'douyin']
2023-09-27 11:53:00,774 - INFO - query results of existing platforms is ['youtube', 'tiktok', 'douyin']
2023-09-27 11:53:00,774 - INFO - you have cached account for this platform youtube
2023-09-27 12:00:49,694 - DEBUG - Installation path is:D:\Download\audio-visual\saas\tiktoka\tiktoka-studio-uploader-genius
2023-09-27 12:00:49,695 - INFO - TiktokaStudio GUI started
2023-09-27 12:00:49,734 - DEBUG - Installation path is:D:\Download\audio-visual\saas\tiktoka\tiktoka-studio-uploader-genius
2023-09-27 12:00:49,734 - INFO - TiktokaStudio GUI started
2023-09-27 12:01:08,441 - INFO - query results of existing platforms is ['youtube', 'tiktok', 'douyin']
2023-09-27 12:01:08,444 - INFO - we found 0 record matching 
2023-09-27 12:01:09,855 - INFO - query results of existing platforms is ['youtube', 'tiktok', 'douyin']
2023-09-27 12:01:09,855 - INFO - you have cached account for this platform youtube
2023-09-27 12:01:09,856 - INFO - you have cached account for this platform tiktok
2023-09-27 12:01:09,856 - INFO - you have cached account for this platform douyin
2023-09-27 12:01:09,858 - INFO - we found 3 record matching 
2023-09-27 12:03:33,893 - DEBUG - Installation path is:D:\Download\audio-visual\saas\tiktoka\tiktoka-studio-uploader-genius
2023-09-27 12:03:33,893 - INFO - TiktokaStudio GUI started
2023-09-27 12:03:33,930 - DEBUG - Installation path is:D:\Download\audio-visual\saas\tiktoka\tiktoka-studio-uploader-genius
2023-09-27 12:03:33,930 - INFO - TiktokaStudio GUI started
2023-09-27 12:04:35,080 - DEBUG - Installation path is:D:\Download\audio-visual\saas\tiktoka\tiktoka-studio-uploader-genius
2023-09-27 12:04:35,080 - INFO - TiktokaStudio GUI started
2023-09-27 12:04:35,112 - DEBUG - Installation path is:D:\Download\audio-visual\saas\tiktoka\tiktoka-studio-uploader-genius
2023-09-27 12:04:35,112 - INFO - TiktokaStudio GUI started
2023-09-27 12:04:39,065 - INFO - query results of existing platforms is ['youtube', 'tiktok', 'douyin']
2023-09-27 12:04:39,068 - INFO - we found 0 record matching 
2023-09-27 12:04:40,885 - INFO - query results of existing platforms is ['youtube', 'tiktok', 'douyin']
2023-09-27 12:04:40,886 - INFO - you have cached account for this platform youtube
2023-09-27 12:04:40,886 - INFO - you have cached account for this platform tiktok
2023-09-27 12:04:40,886 - INFO - you have cached account for this platform douyin
2023-09-27 12:04:40,888 - INFO - we found 3 record matching 
2023-09-27 12:04:43,935 - INFO - query results of existing platforms is ['youtube', 'tiktok', 'douyin']
2023-09-27 12:04:43,935 - INFO - you have cached account for this platform youtube
2023-09-27 12:04:43,936 - INFO - you have cached account for this platform tiktok
2023-09-27 12:04:43,936 - INFO - you have cached account for this platform douyin
2023-09-27 12:04:43,939 - INFO - we found 2 record matching 
2023-09-27 12:07:15,041 - DEBUG - Installation path is:D:\Download\audio-visual\saas\tiktoka\tiktoka-studio-uploader-genius
2023-09-27 12:07:15,041 - INFO - TiktokaStudio GUI started
2023-09-27 12:07:15,073 - DEBUG - Installation path is:D:\Download\audio-visual\saas\tiktoka\tiktoka-studio-uploader-genius
2023-09-27 12:07:15,073 - INFO - TiktokaStudio GUI started
2023-09-27 12:07:17,734 - INFO - query results of existing platforms is ['youtube', 'tiktok', 'douyin']
2023-09-27 12:07:17,736 - INFO - we found 0 record matching 
2023-09-27 12:07:19,843 - INFO - query results of existing platforms is ['youtube', 'tiktok', 'douyin']
2023-09-27 12:07:19,843 - INFO - you have cached account for this platform youtube
2023-09-27 12:07:19,843 - INFO - you have cached account for this platform tiktok
2023-09-27 12:07:19,843 - INFO - you have cached account for this platform douyin
2023-09-27 12:07:19,845 - INFO - we found 3 record matching 
2023-09-27 12:07:52,245 - INFO - query results of existing platforms is ['youtube', 'tiktok', 'douyin']
2023-09-27 12:07:52,245 - INFO - you have cached account for this platform youtube
2023-09-27 12:07:52,245 - INFO - you have cached account for this platform tiktok
2023-09-27 12:07:52,245 - INFO - you have cached account for this platform douyin
2023-09-27 12:07:52,248 - INFO - we found 2 record matching 
2023-09-27 12:08:06,694 - INFO - query results of existing platforms is ['youtube', 'tiktok', 'douyin']
2023-09-27 12:08:06,694 - INFO - you have cached account for this platform youtube
2023-09-27 12:08:06,694 - INFO - you have cached account for this platform tiktok
2023-09-27 12:08:06,694 - INFO - you have cached account for this platform douyin
2023-09-27 12:08:06,696 - INFO - we found 2 record matching 
2023-09-27 12:17:24,913 - DEBUG - Installation path is:D:\Download\audio-visual\saas\tiktoka\tiktoka-studio-uploader-genius
2023-09-27 12:17:24,913 - INFO - TiktokaStudio GUI started
2023-09-27 12:17:24,949 - DEBUG - Installation path is:D:\Download\audio-visual\saas\tiktoka\tiktoka-studio-uploader-genius
2023-09-27 12:17:24,949 - INFO - TiktokaStudio GUI started
2023-09-27 12:18:06,061 - INFO - query results of existing platforms is ['youtube', 'tiktok', 'douyin']
2023-09-27 12:18:08,754 - INFO - query results of existing platforms is ['youtube', 'tiktok', 'douyin']
2023-09-27 12:18:38,572 - DEBUG - Installation path is:D:\Download\audio-visual\saas\tiktoka\tiktoka-studio-uploader-genius
2023-09-27 12:18:38,572 - INFO - TiktokaStudio GUI started
2023-09-27 12:18:38,607 - DEBUG - Installation path is:D:\Download\audio-visual\saas\tiktoka\tiktoka-studio-uploader-genius
2023-09-27 12:18:38,607 - INFO - TiktokaStudio GUI started
2023-09-27 12:19:05,672 - INFO - query results of existing platforms is ['youtube', 'tiktok', 'douyin']
2023-09-27 12:19:05,674 - INFO - we found 0 record matching 
2023-09-27 12:19:07,350 - INFO - query results of existing platforms is ['youtube', 'tiktok', 'douyin']
2023-09-27 12:19:07,350 - INFO - you have cached account for this platform youtube
2023-09-27 12:19:07,350 - INFO - you have cached account for this platform tiktok
2023-09-27 12:19:07,350 - INFO - you have cached account for this platform douyin
2023-09-27 12:19:07,354 - INFO - we found 3 record matching 
2023-09-27 12:20:27,671 - INFO - query results of existing platforms is ['youtube', 'tiktok', 'douyin']
2023-09-27 12:20:27,671 - INFO - you have cached account for this platform youtube
2023-09-27 12:20:27,671 - INFO - you have cached account for this platform tiktok
2023-09-27 12:20:27,671 - INFO - you have cached account for this platform douyin
2023-09-27 12:20:27,673 - INFO - we found 2 record matching 
2023-09-27 12:23:41,004 - DEBUG - Installation path is:D:\Download\audio-visual\saas\tiktoka\tiktoka-studio-uploader-genius
2023-09-27 12:23:41,005 - INFO - TiktokaStudio GUI started
2023-09-27 12:23:41,037 - DEBUG - Installation path is:D:\Download\audio-visual\saas\tiktoka\tiktoka-studio-uploader-genius
2023-09-27 12:23:41,037 - INFO - TiktokaStudio GUI started
2023-09-27 12:23:44,354 - INFO - query results of existing platforms is ['youtube', 'tiktok', 'douyin']
2023-09-27 12:23:44,356 - INFO - we found 0 record matching 
2023-09-27 12:23:46,160 - INFO - query results of existing platforms is ['youtube', 'tiktok', 'douyin']
2023-09-27 12:23:46,160 - INFO - you have cached account for this platform youtube
2023-09-27 12:23:46,160 - INFO - you have cached account for this platform tiktok
2023-09-27 12:23:46,160 - INFO - you have cached account for this platform douyin
2023-09-27 12:23:46,164 - INFO - we found 2 record matching 
2023-09-27 12:33:50,424 - DEBUG - Installation path is:D:\Download\audio-visual\saas\tiktoka\tiktoka-studio-uploader-genius
2023-09-27 12:33:50,424 - INFO - TiktokaStudio GUI started
2023-09-27 12:33:50,459 - DEBUG - Installation path is:D:\Download\audio-visual\saas\tiktoka\tiktoka-studio-uploader-genius
2023-09-27 12:33:50,459 - INFO - TiktokaStudio GUI started
2023-09-27 12:33:57,160 - INFO - query results of existing platforms is ['youtube', 'tiktok', 'douyin']
2023-09-27 12:33:57,163 - INFO - we found 0 record matching 
2023-09-27 12:34:30,832 - DEBUG - Installation path is:D:\Download\audio-visual\saas\tiktoka\tiktoka-studio-uploader-genius
2023-09-27 12:34:30,832 - INFO - TiktokaStudio GUI started
2023-09-27 12:34:30,867 - DEBUG - Installation path is:D:\Download\audio-visual\saas\tiktoka\tiktoka-studio-uploader-genius
2023-09-27 12:34:30,867 - INFO - TiktokaStudio GUI started
2023-09-27 12:34:33,890 - INFO - query results of existing platforms is ['youtube', 'tiktok', 'douyin']
2023-09-27 12:34:33,892 - INFO - we found 0 record matching 
2023-09-27 12:35:11,933 - DEBUG - Installation path is:D:\Download\audio-visual\saas\tiktoka\tiktoka-studio-uploader-genius
2023-09-27 12:35:11,934 - INFO - TiktokaStudio GUI started
2023-09-27 12:35:11,968 - DEBUG - Installation path is:D:\Download\audio-visual\saas\tiktoka\tiktoka-studio-uploader-genius
2023-09-27 12:35:11,969 - INFO - TiktokaStudio GUI started
2023-09-27 12:35:14,828 - INFO - query results of existing platforms is ['youtube', 'tiktok', 'douyin']
2023-09-27 12:35:14,831 - INFO - we found 0 record matching 
2023-09-27 12:35:21,113 - INFO - query results of existing platforms is ['youtube', 'tiktok', 'douyin']
2023-09-27 12:35:21,115 - INFO - you have cached account for this platform youtube
2023-09-27 12:35:21,115 - INFO - you have cached account for this platform tiktok
2023-09-27 12:35:21,115 - INFO - you have cached account for this platform douyin
2023-09-27 12:35:21,118 - INFO - we found 3 record matching 
2023-09-27 12:35:49,303 - DEBUG - Installation path is:D:\Download\audio-visual\saas\tiktoka\tiktoka-studio-uploader-genius
2023-09-27 12:35:49,303 - INFO - TiktokaStudio GUI started
2023-09-27 12:35:49,339 - DEBUG - Installation path is:D:\Download\audio-visual\saas\tiktoka\tiktoka-studio-uploader-genius
2023-09-27 12:35:49,339 - INFO - TiktokaStudio GUI started
2023-09-27 12:35:52,821 - INFO - query results of existing platforms is ['youtube', 'tiktok', 'douyin']
2023-09-27 12:35:52,823 - INFO - we found 0 record matching 
2023-09-27 12:36:13,680 - DEBUG - Installation path is:D:\Download\audio-visual\saas\tiktoka\tiktoka-studio-uploader-genius
2023-09-27 12:36:13,680 - INFO - TiktokaStudio GUI started
2023-09-27 12:36:13,716 - DEBUG - Installation path is:D:\Download\audio-visual\saas\tiktoka\tiktoka-studio-uploader-genius
2023-09-27 12:36:13,717 - INFO - TiktokaStudio GUI started
2023-09-27 12:36:18,653 - INFO - query results of existing platforms is ['youtube', 'tiktok', 'douyin']
2023-09-27 12:36:18,656 - INFO - we found 0 record matching 
2023-09-27 12:36:44,743 - DEBUG - Installation path is:D:\Download\audio-visual\saas\tiktoka\tiktoka-studio-uploader-genius
2023-09-27 12:36:44,743 - INFO - TiktokaStudio GUI started
2023-09-27 12:36:44,779 - DEBUG - Installation path is:D:\Download\audio-visual\saas\tiktoka\tiktoka-studio-uploader-genius
2023-09-27 12:36:44,779 - INFO - TiktokaStudio GUI started
2023-09-27 12:36:48,518 - INFO - query results of existing platforms is ['youtube', 'tiktok', 'douyin']
2023-09-27 12:36:48,520 - INFO - we found 0 record matching 
2023-09-27 12:37:09,597 - DEBUG - Installation path is:D:\Download\audio-visual\saas\tiktoka\tiktoka-studio-uploader-genius
2023-09-27 12:37:09,597 - INFO - TiktokaStudio GUI started
2023-09-27 12:37:09,635 - DEBUG - Installation path is:D:\Download\audio-visual\saas\tiktoka\tiktoka-studio-uploader-genius
2023-09-27 12:37:09,635 - INFO - TiktokaStudio GUI started
2023-09-27 12:37:13,383 - INFO - query results of existing platforms is ['youtube', 'tiktok', 'douyin']
2023-09-27 12:37:13,386 - INFO - we found 0 record matching 
2023-09-27 12:38:12,919 - DEBUG - Installation path is:D:\Download\audio-visual\saas\tiktoka\tiktoka-studio-uploader-genius
2023-09-27 12:38:12,919 - INFO - TiktokaStudio GUI started
2023-09-27 12:38:12,952 - DEBUG - Installation path is:D:\Download\audio-visual\saas\tiktoka\tiktoka-studio-uploader-genius
2023-09-27 12:38:12,953 - INFO - TiktokaStudio GUI started
2023-09-27 13:22:16,140 - DEBUG - Installation path is:D:\Download\audio-visual\saas\tiktoka\tiktoka-studio-uploader-genius
2023-09-27 13:22:16,140 - INFO - TiktokaStudio GUI started
2023-09-27 13:22:16,175 - DEBUG - Installation path is:D:\Download\audio-visual\saas\tiktoka\tiktoka-studio-uploader-genius
2023-09-27 13:22:16,176 - INFO - TiktokaStudio GUI started
2023-09-27 13:22:20,024 - INFO - query results of existing platforms is ['youtube', 'tiktok', 'douyin']
2023-09-27 13:22:20,027 - INFO - we found 0 record matching 
2023-09-27 13:22:22,029 - INFO - query results of existing platforms is ['youtube', 'tiktok', 'douyin']
2023-09-27 13:22:22,029 - INFO - you have cached account for this platform youtube
2023-09-27 13:22:22,029 - INFO - you have cached account for this platform tiktok
2023-09-27 13:22:22,029 - INFO - you have cached account for this platform douyin
2023-09-27 13:22:22,032 - INFO - we found 3 record matching 
2023-09-27 13:24:59,516 - DEBUG - Installation path is:D:\Download\audio-visual\saas\tiktoka\tiktoka-studio-uploader-genius
2023-09-27 13:24:59,517 - INFO - TiktokaStudio GUI started
2023-09-27 13:24:59,549 - DEBUG - Installation path is:D:\Download\audio-visual\saas\tiktoka\tiktoka-studio-uploader-genius
2023-09-27 13:24:59,549 - INFO - TiktokaStudio GUI started
2023-09-27 13:25:06,647 - INFO - query results of existing platforms is ['youtube', 'tiktok', 'douyin']
2023-09-27 13:25:06,649 - INFO - we found 0 record matching 
2023-09-27 13:25:10,836 - INFO - query results of existing platforms is ['youtube', 'tiktok', 'douyin']
2023-09-27 13:25:10,836 - INFO - you have cached account for this platform youtube
2023-09-27 13:25:10,836 - INFO - you have cached account for this platform tiktok
2023-09-27 13:25:10,836 - INFO - you have cached account for this platform douyin
2023-09-27 13:25:10,839 - INFO - we found 3 record matching 
2023-09-27 13:27:26,892 - DEBUG - Installation path is:D:\Download\audio-visual\saas\tiktoka\tiktoka-studio-uploader-genius
2023-09-27 13:27:26,892 - INFO - TiktokaStudio GUI started
2023-09-27 13:27:26,927 - DEBUG - Installation path is:D:\Download\audio-visual\saas\tiktoka\tiktoka-studio-uploader-genius
2023-09-27 13:27:26,927 - INFO - TiktokaStudio GUI started
2023-09-27 13:27:30,068 - INFO - query results of existing platforms is ['youtube', 'tiktok', 'douyin']
2023-09-27 13:27:30,071 - INFO - we found 0 record matching 
2023-09-27 13:27:31,865 - INFO - query results of existing platforms is ['youtube', 'tiktok', 'douyin']
2023-09-27 13:27:31,865 - INFO - you have cached account for this platform youtube
2023-09-27 13:27:31,865 - INFO - you have cached account for this platform tiktok
2023-09-27 13:27:31,865 - INFO - you have cached account for this platform douyin
2023-09-27 13:27:31,868 - INFO - we found 3 record matching 
2023-09-27 13:31:24,541 - DEBUG - Installation path is:D:\Download\audio-visual\saas\tiktoka\tiktoka-studio-uploader-genius
2023-09-27 13:31:24,542 - INFO - TiktokaStudio GUI started
2023-09-27 13:31:24,576 - DEBUG - Installation path is:D:\Download\audio-visual\saas\tiktoka\tiktoka-studio-uploader-genius
2023-09-27 13:31:24,576 - INFO - TiktokaStudio GUI started
2023-09-27 13:31:39,340 - INFO - query results of existing platforms is ['youtube', 'tiktok', 'douyin']
2023-09-27 13:31:39,342 - INFO - we found 0 record matching 
2023-09-27 13:31:41,866 - INFO - query results of existing platforms is ['youtube', 'tiktok', 'douyin']
2023-09-27 13:31:41,866 - INFO - you have cached account for this platform youtube
2023-09-27 13:31:41,866 - INFO - you have cached account for this platform tiktok
2023-09-27 13:31:41,866 - INFO - you have cached account for this platform douyin
2023-09-27 13:31:41,869 - INFO - we found 3 record matching 
2023-09-27 13:31:42,599 - INFO - this account t1 added successS
2023-09-27 13:31:42,958 - INFO - this account t1 added before
2023-09-27 13:31:42,958 - INFO - this account t1 added before
2023-09-27 13:31:43,367 - INFO - this account t1 added before
2023-09-27 13:31:43,368 - INFO - this account t1 added before
2023-09-27 13:31:43,368 - INFO - this account y1 added successS
2023-09-27 13:31:47,088 - INFO - this account t1 removed success
2023-09-27 13:31:48,057 - INFO - this account y1 removed success
2023-09-27 13:32:10,665 - INFO - you have not selected  accounts at all.choose one or more
2023-09-27 13:32:13,432 - INFO - this account t1 added successS
2023-09-27 13:32:13,856 - INFO - this account t1 added before
2023-09-27 13:32:13,857 - INFO - this account t1 added before
2023-09-27 13:32:14,360 - INFO - this account t1 added before
2023-09-27 13:32:14,360 - INFO - this account t1 added before
2023-09-27 13:32:14,360 - INFO - this account y1 added successS
2023-09-27 13:32:18,128 - INFO - you have not selected new accounts at all
2023-09-27 13:32:21,026 - INFO - this account t1 removed success
2023-09-27 13:32:54,946 - INFO - you have not selected  accounts at all.choose one or more
2023-09-27 13:33:58,345 - DEBUG - Installation path is:D:\Download\audio-visual\saas\tiktoka\tiktoka-studio-uploader-genius
2023-09-27 13:33:58,345 - INFO - TiktokaStudio GUI started
2023-09-27 13:33:58,378 - DEBUG - Installation path is:D:\Download\audio-visual\saas\tiktoka\tiktoka-studio-uploader-genius
2023-09-27 13:33:58,378 - INFO - TiktokaStudio GUI started
2023-09-27 13:34:25,286 - DEBUG - Installation path is:D:\Download\audio-visual\saas\tiktoka\tiktoka-studio-uploader-genius
2023-09-27 13:34:25,286 - INFO - TiktokaStudio GUI started
2023-09-27 13:34:25,320 - DEBUG - Installation path is:D:\Download\audio-visual\saas\tiktoka\tiktoka-studio-uploader-genius
2023-09-27 13:34:25,320 - INFO - TiktokaStudio GUI started
2023-09-27 13:34:33,538 - INFO - query results of existing platforms is ['youtube', 'tiktok', 'douyin']
2023-09-27 13:34:33,541 - INFO - we found 0 record matching 
2023-09-27 13:34:35,608 - INFO - query results of existing platforms is ['youtube', 'tiktok', 'douyin']
2023-09-27 13:34:35,608 - INFO - you have cached account for this platform youtube
2023-09-27 13:34:35,608 - INFO - you have cached account for this platform tiktok
2023-09-27 13:34:35,608 - INFO - you have cached account for this platform douyin
2023-09-27 13:34:35,611 - INFO - we found 3 record matching 
2023-09-27 13:34:36,301 - INFO - this account t1 added successS
2023-09-27 13:34:36,651 - INFO - this account t1 added before
2023-09-27 13:34:36,652 - INFO - this account t1 added before
2023-09-27 13:34:37,069 - INFO - this account t1 added before
2023-09-27 13:34:37,070 - INFO - this account t1 added before
2023-09-27 13:34:37,070 - INFO - this account y1 added successS
2023-09-27 13:34:48,903 - INFO - this account t1 removed success
2023-09-27 13:35:57,368 - INFO - this account t1 added successS
2023-09-27 13:35:57,369 - INFO - this account t1 added before
2023-09-27 13:35:58,408 - INFO - this account t1 added before
2023-09-27 13:35:58,408 - INFO - this account t1 added before
2023-09-27 13:35:58,408 - INFO - this account y1 added before
2023-09-27 13:35:58,992 - INFO - this account t1 added before
2023-09-27 13:35:58,993 - INFO - this account y1 added before
2023-09-27 13:35:59,584 - INFO - this account y1 added before
2023-09-27 13:35:59,880 - INFO - you have not selected  accounts at all.choose one or more
2023-09-27 13:36:00,360 - INFO - this account y1 added before
2023-09-27 13:36:00,792 - INFO - this account t1 added before
2023-09-27 13:36:00,793 - INFO - this account y1 added before
2023-09-27 13:36:01,072 - INFO - this account t1 added before
2023-09-27 13:36:01,072 - INFO - this account t1 added before
2023-09-27 13:36:01,073 - INFO - this account y1 added before
2023-09-27 13:37:25,527 - DEBUG - Installation path is:D:\Download\audio-visual\saas\tiktoka\tiktoka-studio-uploader-genius
2023-09-27 13:37:25,527 - INFO - TiktokaStudio GUI started
2023-09-27 13:37:25,562 - DEBUG - Installation path is:D:\Download\audio-visual\saas\tiktoka\tiktoka-studio-uploader-genius
2023-09-27 13:37:25,562 - INFO - TiktokaStudio GUI started
2023-09-27 13:37:28,769 - INFO - query results of existing platforms is ['youtube', 'tiktok', 'douyin']
2023-09-27 13:37:28,771 - INFO - we found 0 record matching 
2023-09-27 13:37:33,583 - INFO - query results of existing platforms is ['youtube', 'tiktok', 'douyin']
2023-09-27 13:37:33,584 - INFO - you have cached account for this platform youtube
2023-09-27 13:37:33,584 - INFO - you have cached account for this platform tiktok
2023-09-27 13:37:33,585 - INFO - you have cached account for this platform douyin
2023-09-27 13:37:33,588 - INFO - we found 3 record matching 
2023-09-27 13:37:34,218 - INFO - this account t1 added successS
2023-09-27 13:37:34,587 - INFO - this account t1 added before
2023-09-27 13:37:34,588 - INFO - this account t1 added before
2023-09-27 13:37:35,059 - INFO - this account t1 added before
2023-09-27 13:37:35,060 - INFO - this account t1 added before
2023-09-27 13:37:35,060 - INFO - this account y1 added successS
2023-09-27 13:37:44,669 - INFO - you want to remove this selected account t1
2023-09-27 13:37:44,670 - INFO - this account t1 removed success
2023-09-27 13:37:53,374 - INFO - you have not selected  accounts at all.choose one or more
2023-09-27 13:38:13,701 - INFO - this account t1 added successS
2023-09-27 13:38:14,396 - INFO - this account t1 added before
2023-09-27 13:38:14,397 - INFO - this account t1 added before
2023-09-27 13:38:14,971 - INFO - this account t1 added before
2023-09-27 13:38:14,972 - INFO - this account t1 added before
2023-09-27 13:38:14,972 - INFO - this account y1 added before
2023-09-27 13:39:44,622 - DEBUG - Installation path is:D:\Download\audio-visual\saas\tiktoka\tiktoka-studio-uploader-genius
2023-09-27 13:39:44,622 - INFO - TiktokaStudio GUI started
2023-09-27 13:39:44,655 - DEBUG - Installation path is:D:\Download\audio-visual\saas\tiktoka\tiktoka-studio-uploader-genius
2023-09-27 13:39:44,655 - INFO - TiktokaStudio GUI started
2023-09-27 13:39:47,526 - INFO - query results of existing platforms is ['youtube', 'tiktok', 'douyin']
2023-09-27 13:39:47,528 - INFO - we found 0 record matching 
2023-09-27 13:39:49,052 - INFO - query results of existing platforms is ['youtube', 'tiktok', 'douyin']
2023-09-27 13:39:49,052 - INFO - you have cached account for this platform youtube
2023-09-27 13:39:49,052 - INFO - you have cached account for this platform tiktok
2023-09-27 13:39:49,052 - INFO - you have cached account for this platform douyin
2023-09-27 13:39:49,056 - INFO - we found 3 record matching 
2023-09-27 13:39:49,728 - INFO - this account t1 added successS
2023-09-27 13:39:50,425 - INFO - this account t1 added before
2023-09-27 13:39:50,425 - INFO - this account y1 added successS
2023-09-27 13:39:50,840 - INFO - this account t1 added before
2023-09-27 13:39:50,840 - INFO - this account t1 added before
2023-09-27 13:39:50,840 - INFO - this account y1 added before
2023-09-27 13:39:53,640 - INFO - you have not selected new accounts at all
2023-09-27 13:40:01,096 - INFO - you want to remove this selected account t1
2023-09-27 13:40:01,097 - INFO - this account t1 removed success
2023-09-27 13:40:01,099 - INFO - you want to remove this selected account y1
2023-09-27 13:40:01,099 - INFO - this account y1 removed success
2023-09-27 13:40:09,094 - INFO - you have not selected  accounts at all.choose one or more
2023-09-27 13:40:23,489 - INFO - this account t1 added successS
2023-09-27 13:40:23,865 - INFO - this account t1 added before
2023-09-27 13:40:23,866 - INFO - this account t1 added before
2023-09-27 13:40:24,705 - INFO - this account t1 added before
2023-09-27 13:40:24,706 - INFO - this account t1 added before
2023-09-27 13:40:24,706 - INFO - this account y1 added successS
2023-09-27 13:40:26,788 - INFO - query results of existing platforms is ['youtube', 'tiktok', 'douyin']
2023-09-27 13:40:26,789 - INFO - you have cached account for this platform youtube
2023-09-27 13:40:26,789 - INFO - you have cached account for this platform tiktok
2023-09-27 13:40:26,789 - INFO - you have cached account for this platform douyin
2023-09-27 13:40:26,791 - INFO - we found 2 record matching 
2023-09-27 13:40:26,791 - INFO - you have not selected  accounts at all.choose one or more
2023-09-27 13:40:27,593 - INFO - this account t1 added successS
2023-09-27 13:40:27,938 - INFO - this account t1 added before
2023-09-27 13:40:27,938 - INFO - this account t2 added successS
2023-09-27 13:40:29,755 - INFO - query results of existing platforms is ['youtube', 'tiktok', 'douyin']
2023-09-27 13:40:29,755 - INFO - you have cached account for this platform youtube
2023-09-27 13:40:29,755 - INFO - you have cached account for this platform tiktok
2023-09-27 13:40:29,755 - INFO - you have cached account for this platform douyin
2023-09-27 13:40:29,757 - INFO - we found 2 record matching 
2023-09-27 13:40:29,758 - INFO - you have not selected  accounts at all.choose one or more
2023-09-27 13:40:30,586 - INFO - this account d1 added successS
2023-09-27 13:40:30,929 - INFO - this account d1 added before
2023-09-27 13:40:30,929 - INFO - this account d2 added successS
2023-09-27 13:40:32,925 - INFO - query results of existing platforms is ['youtube', 'tiktok', 'douyin']
2023-09-27 13:40:32,925 - INFO - you have cached account for this platform youtube
2023-09-27 13:40:32,925 - INFO - you have cached account for this platform tiktok
2023-09-27 13:40:32,925 - INFO - you have cached account for this platform douyin
2023-09-27 13:40:32,927 - INFO - we found 3 record matching 
2023-09-27 13:40:32,928 - INFO - you have not selected  accounts at all.choose one or more
2023-09-27 13:40:33,953 - INFO - this account t1 added before
2023-09-27 13:40:34,731 - INFO - you have not selected new accounts at all
2023-09-27 13:40:36,786 - INFO - you want to remove this selected account t1
2023-09-27 13:40:36,786 - INFO - this account t1 removed success
2023-09-27 13:40:36,788 - INFO - you want to remove this selected account y1
2023-09-27 13:40:36,788 - INFO - this account y1 removed success
2023-09-27 13:40:39,949 - INFO - query results of existing platforms is ['youtube', 'tiktok', 'douyin']
2023-09-27 13:40:39,949 - INFO - you have cached account for this platform youtube
2023-09-27 13:40:39,950 - INFO - you have cached account for this platform tiktok
2023-09-27 13:40:39,950 - INFO - you have cached account for this platform douyin
2023-09-27 13:40:39,952 - INFO - we found 2 record matching 
2023-09-27 13:40:39,952 - INFO - you have not selected  accounts at all.choose one or more
2023-09-27 13:40:41,113 - INFO - this account t1 added before
2023-09-27 13:40:41,554 - INFO - you have not selected new accounts at all
2023-09-27 13:40:43,251 - INFO - you want to remove this selected account t1
2023-09-27 13:40:43,251 - INFO - this account t1 removed success
2023-09-27 13:40:43,253 - INFO - you want to remove this selected account t2
2023-09-27 13:40:43,254 - INFO - this account t2 removed success
2023-09-27 13:40:45,117 - INFO - query results of existing platforms is ['youtube', 'tiktok', 'douyin']
2023-09-27 13:40:45,117 - INFO - you have cached account for this platform youtube
2023-09-27 13:40:45,117 - INFO - you have cached account for this platform tiktok
2023-09-27 13:40:45,117 - INFO - you have cached account for this platform douyin
2023-09-27 13:40:45,119 - INFO - we found 2 record matching 
2023-09-27 13:40:45,122 - INFO - you have not selected  accounts at all.choose one or more
2023-09-27 13:40:45,658 - INFO - this account d1 added before
2023-09-27 13:40:45,985 - INFO - you have not selected new accounts at all
2023-09-27 13:40:46,963 - INFO - you want to remove this selected account d1
2023-09-27 13:40:46,963 - INFO - this account d1 removed success
2023-09-27 13:40:46,965 - INFO - you want to remove this selected account d2
2023-09-27 13:40:46,965 - INFO - this account d2 removed success
2023-09-27 13:40:49,403 - INFO - you have not selected  accounts at all.choose one or more
2023-09-27 13:41:46,096 - DEBUG - Installation path is:D:\Download\audio-visual\saas\tiktoka\tiktoka-studio-uploader-genius
2023-09-27 13:41:46,096 - INFO - TiktokaStudio GUI started
2023-09-27 13:41:46,131 - DEBUG - Installation path is:D:\Download\audio-visual\saas\tiktoka\tiktoka-studio-uploader-genius
2023-09-27 13:41:46,132 - INFO - TiktokaStudio GUI started
2023-09-27 13:41:49,002 - INFO - query results of existing platforms is ['youtube', 'tiktok', 'douyin']
2023-09-27 13:41:49,004 - INFO - we found 0 record matching 
2023-09-27 13:41:50,783 - INFO - query results of existing platforms is ['youtube', 'tiktok', 'douyin']
2023-09-27 13:41:50,783 - INFO - you have cached account for this platform youtube
2023-09-27 13:41:50,784 - INFO - you have cached account for this platform tiktok
2023-09-27 13:41:50,784 - INFO - you have cached account for this platform douyin
2023-09-27 13:41:50,787 - INFO - we found 2 record matching 
2023-09-27 13:41:51,700 - INFO - this account t1 added successS
2023-09-27 13:41:52,868 - INFO - this account t1 added before
2023-09-27 13:41:52,868 - INFO - this account t2 added successS
2023-09-27 13:41:55,502 - INFO - you have not selected  accounts at all.choose one or more
2023-09-27 13:43:04,998 - DEBUG - Installation path is:D:\Download\audio-visual\saas\tiktoka\tiktoka-studio-uploader-genius
2023-09-27 13:43:04,998 - INFO - TiktokaStudio GUI started
2023-09-27 13:43:05,036 - DEBUG - Installation path is:D:\Download\audio-visual\saas\tiktoka\tiktoka-studio-uploader-genius
2023-09-27 13:43:05,036 - INFO - TiktokaStudio GUI started
2023-09-27 13:43:10,972 - INFO - query results of existing platforms is ['youtube', 'tiktok', 'douyin']
2023-09-27 13:43:10,974 - INFO - we found 0 record matching 
2023-09-27 13:43:12,643 - INFO - query results of existing platforms is ['youtube', 'tiktok', 'douyin']
2023-09-27 13:43:12,643 - INFO - you have cached account for this platform youtube
2023-09-27 13:43:12,643 - INFO - you have cached account for this platform tiktok
2023-09-27 13:43:12,643 - INFO - you have cached account for this platform douyin
2023-09-27 13:43:12,646 - INFO - we found 3 record matching 
2023-09-27 13:43:13,231 - INFO - this account t1 added successS
2023-09-27 13:43:13,567 - INFO - this account t1 added before
2023-09-27 13:43:13,567 - INFO - this account t1 added before
2023-09-27 13:43:13,895 - INFO - this account t1 added before
2023-09-27 13:43:13,896 - INFO - this account t1 added before
2023-09-27 13:43:13,896 - INFO - this account y1 added successS
2023-09-27 13:43:14,729 - INFO - you have not selected  accounts at all.choose one or more
2023-09-27 13:47:26,520 - DEBUG - Installation path is:D:\Download\audio-visual\saas\tiktoka\tiktoka-studio-uploader-genius
2023-09-27 13:47:26,520 - INFO - TiktokaStudio GUI started
2023-09-27 13:47:26,553 - DEBUG - Installation path is:D:\Download\audio-visual\saas\tiktoka\tiktoka-studio-uploader-genius
2023-09-27 13:47:26,553 - INFO - TiktokaStudio GUI started
2023-09-27 13:47:29,278 - INFO - query results of existing platforms is ['youtube', 'tiktok', 'douyin']
2023-09-27 13:47:29,279 - INFO - we found 0 record matching 
2023-09-27 13:47:30,693 - INFO - query results of existing platforms is ['youtube', 'tiktok', 'douyin']
2023-09-27 13:47:30,693 - INFO - you have cached account for this platform youtube
2023-09-27 13:47:30,694 - INFO - you have cached account for this platform tiktok
2023-09-27 13:47:30,694 - INFO - you have cached account for this platform douyin
2023-09-27 13:47:30,696 - INFO - we found 3 record matching 
2023-09-27 13:47:31,297 - INFO - this account t1 added successS
2023-09-27 13:47:31,610 - INFO - this account t1 added before
2023-09-27 13:47:31,611 - INFO - this account t1 added before
2023-09-27 13:47:31,945 - INFO - this account t1 added before
2023-09-27 13:47:31,946 - INFO - this account t1 added before
2023-09-27 13:47:31,946 - INFO - this account y1 added successS
2023-09-27 13:47:33,163 - INFO - you have not selected  accounts at all.choose one or more
2023-09-27 13:49:36,744 - DEBUG - Installation path is:D:\Download\audio-visual\saas\tiktoka\tiktoka-studio-uploader-genius
2023-09-27 13:49:36,744 - INFO - TiktokaStudio GUI started
2023-09-27 13:49:36,783 - DEBUG - Installation path is:D:\Download\audio-visual\saas\tiktoka\tiktoka-studio-uploader-genius
2023-09-27 13:49:36,783 - INFO - TiktokaStudio GUI started
2023-09-27 13:49:39,402 - INFO - query results of existing platforms is ['youtube', 'tiktok', 'douyin']
2023-09-27 13:49:39,405 - INFO - we found 0 record matching 
2023-09-27 13:49:41,544 - INFO - query results of existing platforms is ['youtube', 'tiktok', 'douyin']
2023-09-27 13:49:41,545 - INFO - you have cached account for this platform youtube
2023-09-27 13:49:41,545 - INFO - you have cached account for this platform tiktok
2023-09-27 13:49:41,545 - INFO - you have cached account for this platform douyin
2023-09-27 13:49:41,548 - INFO - we found 3 record matching 
2023-09-27 13:49:42,141 - INFO - this account t1 added successS
2023-09-27 13:49:42,509 - INFO - this account t1 added before
2023-09-27 13:49:42,510 - INFO - this account t1 added before
2023-09-27 13:49:42,853 - INFO - this account t1 added before
2023-09-27 13:49:42,854 - INFO - this account t1 added before
2023-09-27 13:49:42,854 - INFO - this account y1 added successS
2023-09-27 13:49:46,856 - INFO - you have not selected  accounts at all.choose one or more
2023-09-27 13:49:49,710 - INFO - this account t1 added before
2023-09-27 13:49:50,174 - INFO - you have not selected new accounts at all
2023-09-27 13:49:51,223 - INFO - you want to remove this selected account t1
2023-09-27 13:49:51,223 - INFO - this account t1 removed success
2023-09-27 13:49:51,225 - INFO - you want to remove this selected account y1
2023-09-27 13:49:51,226 - INFO - this account y1 removed success
2023-09-27 13:49:52,264 - INFO - you have not selected  accounts at all.choose one or more
2023-09-27 13:51:57,383 - DEBUG - Installation path is:D:\Download\audio-visual\saas\tiktoka\tiktoka-studio-uploader-genius
2023-09-27 13:51:57,384 - INFO - TiktokaStudio GUI started
2023-09-27 13:51:57,419 - DEBUG - Installation path is:D:\Download\audio-visual\saas\tiktoka\tiktoka-studio-uploader-genius
2023-09-27 13:51:57,419 - INFO - TiktokaStudio GUI started
2023-09-27 13:54:16,469 - DEBUG - Installation path is:D:\Download\audio-visual\saas\tiktoka\tiktoka-studio-uploader-genius
2023-09-27 13:54:16,469 - INFO - TiktokaStudio GUI started
2023-09-27 13:54:16,505 - DEBUG - Installation path is:D:\Download\audio-visual\saas\tiktoka\tiktoka-studio-uploader-genius
2023-09-27 13:54:16,505 - INFO - TiktokaStudio GUI started
2023-09-27 13:54:27,070 - DEBUG - Installation path is:D:\Download\audio-visual\saas\tiktoka\tiktoka-studio-uploader-genius
2023-09-27 13:54:27,070 - INFO - TiktokaStudio GUI started
2023-09-27 13:54:27,105 - DEBUG - Installation path is:D:\Download\audio-visual\saas\tiktoka\tiktoka-studio-uploader-genius
2023-09-27 13:54:27,105 - INFO - TiktokaStudio GUI started
2023-09-27 13:54:33,188 - INFO - query results of existing platforms is ['youtube', 'tiktok', 'douyin']
2023-09-27 13:54:33,190 - INFO - we found 0 record matching 
2023-09-27 13:54:34,522 - INFO - query results of existing platforms is ['youtube', 'tiktok', 'douyin']
2023-09-27 13:54:34,522 - INFO - you have cached account for this platform youtube
2023-09-27 13:54:34,522 - INFO - you have cached account for this platform tiktok
2023-09-27 13:54:34,522 - INFO - you have cached account for this platform douyin
2023-09-27 13:54:34,525 - INFO - we found 3 record matching 
2023-09-27 13:54:35,351 - INFO - this account t1 added successS
2023-09-27 13:54:35,744 - INFO - you have not selected  accounts at all.choose one or more
2023-09-27 13:54:36,640 - INFO - you have not selected new accounts at all
2023-09-27 13:54:37,167 - INFO - this account t1 added before
2023-09-27 13:54:37,169 - INFO - this account y1 added successS
2023-09-27 13:54:39,312 - INFO - you have not selected  accounts at all.choose one or more
2023-09-27 13:57:40,197 - DEBUG - Installation path is:D:\Download\audio-visual\saas\tiktoka\tiktoka-studio-uploader-genius
2023-09-27 13:57:40,198 - INFO - TiktokaStudio GUI started
2023-09-27 13:57:40,230 - DEBUG - Installation path is:D:\Download\audio-visual\saas\tiktoka\tiktoka-studio-uploader-genius
2023-09-27 13:57:40,230 - INFO - TiktokaStudio GUI started
2023-09-27 13:57:43,459 - INFO - query results of existing platforms is ['youtube', 'tiktok', 'douyin']
2023-09-27 13:57:43,462 - INFO - we found 0 record matching 
2023-09-27 13:57:45,250 - INFO - query results of existing platforms is ['youtube', 'tiktok', 'douyin']
2023-09-27 13:57:45,251 - INFO - you have cached account for this platform youtube
2023-09-27 13:57:45,251 - INFO - you have cached account for this platform tiktok
2023-09-27 13:57:45,251 - INFO - you have cached account for this platform douyin
2023-09-27 13:57:45,254 - INFO - we found 3 record matching 
2023-09-27 13:57:45,751 - INFO - this account t1 added successS
2023-09-27 13:57:46,063 - INFO - you have not selected  accounts at all.choose one or more
2023-09-27 13:57:46,919 - INFO - this account y1 added successS
2023-09-27 13:57:47,271 - INFO - you have not selected new accounts at all
2023-09-27 13:57:48,944 - INFO - you have not selected  accounts at all.choose one or more
2023-09-27 13:58:51,506 - DEBUG - Installation path is:D:\Download\audio-visual\saas\tiktoka\tiktoka-studio-uploader-genius
2023-09-27 13:58:51,506 - INFO - TiktokaStudio GUI started
2023-09-27 13:58:51,540 - DEBUG - Installation path is:D:\Download\audio-visual\saas\tiktoka\tiktoka-studio-uploader-genius
2023-09-27 13:58:51,541 - INFO - TiktokaStudio GUI started
2023-09-27 13:58:55,479 - INFO - query results of existing platforms is ['youtube', 'tiktok', 'douyin']
2023-09-27 13:58:55,481 - INFO - we found 0 record matching 
2023-09-27 13:58:57,140 - INFO - query results of existing platforms is ['youtube', 'tiktok', 'douyin']
2023-09-27 13:58:57,141 - INFO - you have cached account for this platform youtube
2023-09-27 13:58:57,141 - INFO - you have cached account for this platform tiktok
2023-09-27 13:58:57,141 - INFO - you have cached account for this platform douyin
2023-09-27 13:58:57,143 - INFO - we found 3 record matching 
2023-09-27 13:58:57,833 - INFO - this account t1 added successS
2023-09-27 13:58:58,193 - INFO - this account t1 added before
2023-09-27 13:58:58,194 - INFO - this account t1 added before
2023-09-27 13:58:58,594 - INFO - you have not selected new accounts at all
2023-09-27 13:59:03,065 - INFO - this account t1 added before
2023-09-27 13:59:03,065 - INFO - this account y1 added successS
2023-09-27 13:59:05,499 - INFO - you have not selected  accounts at all.choose one or more
2023-09-27 13:59:10,354 - INFO - this account t1 added before
2023-09-27 13:59:11,434 - INFO - you have not selected  accounts at all.choose one or more
2023-09-27 13:59:11,913 - INFO - this account t1 added before
2023-09-27 13:59:12,530 - INFO - you have not selected new accounts at all
2023-09-27 13:59:13,371 - INFO - you want to remove this selected account t1
2023-09-27 13:59:13,372 - INFO - this account t1 removed success
2023-09-27 13:59:13,374 - INFO - you want to remove this selected account y1
2023-09-27 13:59:13,374 - INFO - this account y1 removed success
2023-09-27 13:59:34,620 - INFO - you have not selected  accounts at all.choose one or more
2023-09-27 14:00:50,077 - INFO - this account t1 added successS
2023-09-27 14:00:50,733 - INFO - this account t1 added before
2023-09-27 14:00:50,733 - INFO - this account y1 added successS
2023-09-27 14:02:45,697 - DEBUG - Installation path is:D:\Download\audio-visual\saas\tiktoka\tiktoka-studio-uploader-genius
2023-09-27 14:02:45,697 - INFO - TiktokaStudio GUI started
2023-09-27 14:02:45,732 - DEBUG - Installation path is:D:\Download\audio-visual\saas\tiktoka\tiktoka-studio-uploader-genius
2023-09-27 14:02:45,732 - INFO - TiktokaStudio GUI started
2023-09-27 14:02:51,007 - INFO - query results of existing platforms is ['youtube', 'tiktok', 'douyin']
2023-09-27 14:02:51,009 - INFO - we found 0 record matching 
2023-09-27 14:02:53,612 - INFO - query results of existing platforms is ['youtube', 'tiktok', 'douyin']
2023-09-27 14:02:53,612 - INFO - you have cached account for this platform youtube
2023-09-27 14:02:53,612 - INFO - you have cached account for this platform tiktok
2023-09-27 14:02:53,612 - INFO - you have cached account for this platform douyin
2023-09-27 14:02:53,616 - INFO - we found 3 record matching 
2023-09-27 14:02:54,195 - INFO - this account t1 added successS
2023-09-27 14:02:54,618 - INFO - this account t1 added before
2023-09-27 14:02:54,619 - INFO - this account t1 added before
2023-09-27 14:02:55,058 - INFO - this account t1 added before
2023-09-27 14:02:55,058 - INFO - this account t1 added before
2023-09-27 14:02:55,058 - INFO - this account y1 added successS
2023-09-27 14:03:21,055 - INFO - query results of existing platforms is ['youtube', 'tiktok', 'douyin']
2023-09-27 14:03:21,055 - INFO - you have cached account for this platform youtube
2023-09-27 14:03:21,055 - INFO - you have cached account for this platform tiktok
2023-09-27 14:03:21,055 - INFO - you have cached account for this platform douyin
2023-09-27 14:03:21,057 - INFO - we found 0 record matching 
2023-09-27 14:07:54,035 - DEBUG - Installation path is:D:\Download\audio-visual\saas\tiktoka\tiktoka-studio-uploader-genius
2023-09-27 14:07:54,035 - INFO - TiktokaStudio GUI started
2023-09-27 14:07:54,071 - DEBUG - Installation path is:D:\Download\audio-visual\saas\tiktoka\tiktoka-studio-uploader-genius
2023-09-27 14:07:54,071 - INFO - TiktokaStudio GUI started
2023-09-27 14:07:57,203 - INFO - query results of existing platforms is ['youtube', 'tiktok', 'douyin']
2023-09-27 14:07:57,205 - INFO - we found 0 record matching 
2023-09-27 14:08:00,520 - INFO - query results of existing platforms is ['youtube', 'tiktok', 'douyin']
2023-09-27 14:08:00,520 - INFO - you have cached account for this platform youtube
2023-09-27 14:08:00,520 - INFO - you have cached account for this platform tiktok
2023-09-27 14:08:00,520 - INFO - you have cached account for this platform douyin
2023-09-27 14:08:00,522 - INFO - we found 3 record matching 
2023-09-27 14:08:01,189 - INFO - this account t1 added successS
2023-09-27 14:08:01,637 - INFO - this account t1 added before
2023-09-27 14:08:01,637 - INFO - this account t1 added before
2023-09-27 14:08:02,701 - INFO - this account t1 added before
2023-09-27 14:08:02,702 - INFO - this account t1 added before
2023-09-27 14:08:02,702 - INFO - this account y1 added successS
2023-09-27 14:08:08,542 - INFO - you want to remove this selected account t1
2023-09-27 14:08:08,542 - INFO - this account t1 removed success
2023-09-27 14:08:08,545 - INFO - you want to remove this selected account t1
2023-09-27 14:08:08,545 - INFO - you cannot remove this account t1, not added before
2023-09-27 14:08:08,548 - INFO - you want to remove this selected account y1
2023-09-27 14:08:08,548 - INFO - this account y1 removed success
2023-09-27 14:08:11,406 - INFO - you have not selected  accounts at all.choose one or more
2023-09-27 14:37:56,297 - DEBUG - Installation path is:D:\Download\audio-visual\saas\tiktoka\tiktoka-studio-uploader-genius
2023-09-27 14:37:56,297 - INFO - TiktokaStudio GUI started
2023-09-27 14:37:56,340 - DEBUG - Installation path is:D:\Download\audio-visual\saas\tiktoka\tiktoka-studio-uploader-genius
2023-09-27 14:37:56,340 - INFO - TiktokaStudio GUI started
2023-09-27 14:42:09,186 - DEBUG - Installation path is:D:\Download\audio-visual\saas\tiktoka\tiktoka-studio-uploader-genius
2023-09-27 14:42:09,188 - INFO - TiktokaStudio GUI started
2023-09-27 14:42:09,257 - DEBUG - Installation path is:D:\Download\audio-visual\saas\tiktoka\tiktoka-studio-uploader-genius
2023-09-27 14:42:09,257 - INFO - TiktokaStudio GUI started
2023-09-27 14:42:15,983 - INFO - detecting----------False
2023-09-27 14:42:15,984 - INFO - create cached data for this folder:
D:/Download/audio-visual/saas/tiktoka/tiktoka-studio-uploader-genius/tests/videos/vertical
2023-09-27 14:42:15,990 - INFO - start to check thumbFilePaths for video: 1
2023-09-27 14:42:15,992 - INFO - create a fresh 1 meta json
2023-09-27 14:42:15,993 - INFO - start to check desFilePaths for video: 1
2023-09-27 14:42:15,994 - INFO - update to 1 meta json
2023-09-27 14:42:15,995 - INFO - start to check metaFilePaths for video: 1
2023-09-27 14:42:15,996 - INFO - this  metaFilePaths exist:
 D:/Download/audio-visual/saas/tiktoka/tiktoka-studio-uploader-genius/tests/videos/vertical\1.json
2023-09-27 14:42:15,997 - INFO - intial metaFilePaths for 1:

2023-09-27 14:42:15,998 - INFO - update to 1 meta json
2023-09-27 14:43:20,777 - INFO - start to load thumbnail gen setting json from::D:/Download/audio-visual/saas/tiktoka/tiktoka-studio-uploader-genius/tests/videos/vertical/template (9).json
2023-09-27 14:43:20,777 - INFO - start to validate template
2023-09-27 14:43:20,782 - INFO - validate thumbnail gen template passed
2023-09-27 14:43:20,782 - INFO - start to validate metadata for thumbgen setting
2023-09-27 14:43:20,795 - INFO - start to check ['heading', 'subheading', 'extraheading'] defined in template
2023-09-27 14:43:20,795 - INFO - heading value is \u662f\u554a\u554a\u554a\u554a\u554a\u8428\u8fbe in entry 1.
2023-09-27 14:43:20,795 - INFO - subheading value is \u60fa\u60fa\u60dc\u60fa\u60fa\u60fa\u60fa\u76f8\u60dc\u7b11\u563b\u563b\u7b11\u563b\u563b in entry 1.
2023-09-27 14:43:20,795 - ERROR - extraheading value is empty in entry 1.
2023-09-27 14:43:20,795 - ERROR - validate metadata for thumbgen setting failed
2023-09-27 14:43:20,795 - INFO - start to validate bg folder
2023-09-27 14:43:20,796 - INFO - bg folder image list :['D:/Download/audio-visual/saas/tiktoka/tiktoka-studio-uploader-genius/tests/videos/vertical/sp\\1-001.jpg', 'D:/Download/audio-visual/saas/tiktoka/tiktoka-studio-uploader-genius/tests/videos/vertical/sp\\1-002.jpg', 'D:/Download/audio-visual/saas/tiktoka/tiktoka-studio-uploader-genius/tests/videos/vertical/sp\\1-003.jpg']
2023-09-27 14:43:20,796 - INFO - Random assign bg:D:/Download/audio-visual/saas/tiktoka/tiktoka-studio-uploader-genius/tests/videos/vertical/sp\1-003.jpg to  video:1
2023-09-27 14:43:20,796 - INFO - validate bg folder passed
2023-09-27 14:44:05,250 - INFO - start to load thumbnail gen setting json from::D:/Download/audio-visual/saas/tiktoka/tiktoka-studio-uploader-genius/tests/videos/vertical/template (9).json
2023-09-27 14:44:05,251 - INFO - start to validate template
2023-09-27 14:44:05,255 - INFO - validate thumbnail gen template passed
2023-09-27 14:44:05,256 - INFO - start to validate metadata for thumbgen setting
2023-09-27 14:44:05,266 - INFO - start to check ['heading', 'subheading', 'extraheading'] defined in template
2023-09-27 14:44:05,267 - INFO - heading value is \u662f\u554a\u554a\u554a\u554a\u554a\u8428\u8fbe in entry 1.
2023-09-27 14:44:05,267 - INFO - subheading value is \u60fa\u60fa\u60dc\u60fa\u60fa\u60fa\u60fa\u76f8\u60dc\u7b11\u563b\u563b\u7b11\u563b\u563b in entry 1.
2023-09-27 14:44:05,267 - ERROR - extraheading value is empty in entry 1.
2023-09-27 14:44:05,267 - ERROR - validate metadata for thumbgen setting failed
2023-09-27 14:44:05,267 - INFO - start to validate bg folder
2023-09-27 14:44:05,268 - INFO - bg folder image list :['D:/Download/audio-visual/saas/tiktoka/tiktoka-studio-uploader-genius/tests/videos/vertical/sp\\1-001.jpg', 'D:/Download/audio-visual/saas/tiktoka/tiktoka-studio-uploader-genius/tests/videos/vertical/sp\\1-002.jpg', 'D:/Download/audio-visual/saas/tiktoka/tiktoka-studio-uploader-genius/tests/videos/vertical/sp\\1-003.jpg']
2023-09-27 14:44:05,268 - INFO - Random assign bg:D:/Download/audio-visual/saas/tiktoka/tiktoka-studio-uploader-genius/tests/videos/vertical/sp\1-001.jpg to  video:1
2023-09-27 14:44:05,269 - INFO - validate bg folder passed
2023-09-27 14:46:03,031 - INFO - start to load thumbnail gen setting json from::D:/Download/audio-visual/saas/tiktoka/tiktoka-studio-uploader-genius/tests/videos/vertical/template (9).json
2023-09-27 14:46:03,032 - INFO - start to validate template
2023-09-27 14:46:03,036 - INFO - validate thumbnail gen template passed
2023-09-27 14:46:03,036 - INFO - start to validate metadata for thumbgen setting
2023-09-27 14:46:03,036 - ERROR - this thumb template json can not be loaded and parsed,check the error msg:
File D:/Download/audio-visual/saas/tiktoka/tiktoka-studio-uploader-genius/tests/videos/vertical\videos-meta.json does not exist
2023-09-27 14:46:03,036 - INFO - start to validate bg folder
2023-09-27 14:46:03,037 - INFO - bg folder image list :['D:/Download/audio-visual/saas/tiktoka/tiktoka-studio-uploader-genius/tests/videos/vertical/sp\\1-001.jpg', 'D:/Download/audio-visual/saas/tiktoka/tiktoka-studio-uploader-genius/tests/videos/vertical/sp\\1-002.jpg', 'D:/Download/audio-visual/saas/tiktoka/tiktoka-studio-uploader-genius/tests/videos/vertical/sp\\1-003.jpg']
2023-09-27 14:46:03,037 - INFO - {'video_local_path': 'D:/Download/audio-visual/saas/tiktoka/tiktoka-studio-uploader-genius/tests/videos/vertical\\1.mp4', 'video_filename': '1.mp4', 'video_title': '1', 'heading': '', 'subheading': '', 'extraheading': '', 'video_description': '', 'thumbnail_bg_image_path': 'D:/Download/audio-visual/saas/tiktoka/tiktoka-studio-uploader-genius/tests/videos/vertical/sp\\1-001.jpg', 'thumbnail_local_path': ['D:/Download/audio-visual/saas/tiktoka/tiktoka-studio-uploader-genius/tests/videos/vertical\\1.png'], 'release_date': '', 'release_date_hour': '10:15', 'is_not_for_kid': True, 'categories': '', 'comments_ratings_policy': 1, 'is_age_restriction': False, 'is_paid_promotion': False, 'is_automatic_chapters': True, 'is_featured_place': True, 'video_language': '', 'captions_certification': 0, 'video_film_date': '', 'video_film_location': '', 'license_type': 0, 'is_allow_embedding': True, 'is_publish_to_subscriptions_feed_notify': True, 'shorts_remixing_type': 0, 'is_show_howmany_likes': True, 'is_monetization_allowed': True, 'first_comment': '', 'subtitles': '', 'tags': ''} has got thumbnail setup:['D:/Download/audio-visual/saas/tiktoka/tiktoka-studio-uploader-genius/tests/videos/vertical\\1.png']
2023-09-27 14:46:03,037 - INFO - validate bg folder passed
2023-09-27 14:52:00,058 - DEBUG - Installation path is:D:\Download\audio-visual\saas\tiktoka\tiktoka-studio-uploader-genius
2023-09-27 14:52:00,059 - INFO - TiktokaStudio GUI started
2023-09-27 14:52:00,096 - DEBUG - Installation path is:D:\Download\audio-visual\saas\tiktoka\tiktoka-studio-uploader-genius
2023-09-27 14:52:00,096 - INFO - TiktokaStudio GUI started
2023-09-27 14:53:11,991 - INFO - detecting----------False
2023-09-27 14:53:11,991 - INFO - create cached data for this folder:
D:/Download/audio-visual/saas/tiktoka/tiktoka-studio-uploader-genius/tests/videos/horizon
2023-09-27 14:53:11,998 - INFO - start to check thumbFilePaths for video: OP
2023-09-27 14:53:12,000 - INFO - update to OP meta json
2023-09-27 14:53:12,001 - INFO - start to check desFilePaths for video: OP
2023-09-27 14:53:12,003 - INFO - update to OP meta json
2023-09-27 14:53:12,003 - INFO - start to check metaFilePaths for video: OP
2023-09-27 14:53:12,004 - INFO - this  metaFilePaths exist:
 D:/Download/audio-visual/saas/tiktoka/tiktoka-studio-uploader-genius/tests/videos/horizon\OP.json
2023-09-27 14:53:12,005 - INFO - intial metaFilePaths for OP:

2023-09-27 14:53:12,006 - INFO - update to OP meta json
2023-09-27 14:54:33,305 - INFO - start to load thumbnail gen setting json from::D:/Download/audio-visual/saas/tiktoka/tiktoka-studio-uploader-genius/tests/videos/horizon/template (9).json
2023-09-27 14:54:33,306 - INFO - start to validate template
2023-09-27 14:54:33,310 - INFO - validate thumbnail gen template passed
2023-09-27 14:54:33,310 - INFO - start to validate metadata for thumbgen setting
2023-09-27 14:54:33,320 - INFO - start to check ['heading', 'subheading', 'extraheading'] defined in template
2023-09-27 14:54:33,321 - INFO - heading value is \u5149\u68cd\u5149\u68cd\u5149\u68cd\u5149\u68cd\u5149\u68cd\u5149\u68cd\u5149\u68cd\u5149\u68cd in entry OP.
2023-09-27 14:54:33,321 - INFO - subheading value is \u723d\u723d\u723d\u723d\u723d\u723d\u723d\u723d\u723d\u723d in entry OP.
2023-09-27 14:54:33,321 - ERROR - extraheading value is empty in entry OP.
2023-09-27 14:54:33,321 - ERROR - validate metadata for thumbgen setting failed
2023-09-27 14:54:33,321 - INFO - start to validate bg folder
2023-09-27 14:54:33,321 - INFO - bg folder image list :['D:/Download/audio-visual/saas/tiktoka/tiktoka-studio-uploader-genius/assets/bgs/1920x1080\\bg1.jpg', 'D:/Download/audio-visual/saas/tiktoka/tiktoka-studio-uploader-genius/assets/bgs/1920x1080\\bg2.jpg']
2023-09-27 14:54:33,322 - INFO - Random assign bg:D:/Download/audio-visual/saas/tiktoka/tiktoka-studio-uploader-genius/assets/bgs/1920x1080\bg2.jpg to  video:OP
2023-09-27 14:54:33,322 - INFO - validate bg folder passed
2023-09-27 14:54:33,361 - INFO - all fonts installed:['8514fix.fon', '8514fixe.fon', '8514fixg.fon', '8514fixr.fon', '8514fixt.fon', '8514oem.fon', '8514oeme.fon', '8514oemg.fon', '8514oemr.fon', '8514oemt.fon', '8514sys.fon', '8514syse.fon', '8514sysg.fon', '8514sysr.fon', '8514syst.fon', '85775.fon', '85855.fon', '85f1255.fon', '85f1256.fon', '85f1257.fon', '85f874.fon', '85s1255.fon', '85s1256.fon', '85s1257.fon', '85s874.fon', 'AGENCYB.TTF', 'AGENCYR.TTF', 'ALGER.TTF', 'ANTQUAB.TTF', 'ANTQUABI.TTF', 'ANTQUAI.TTF', 'app775.fon', 'app850.fon', 'app852.fon', 'app855.fon', 'app857.fon', 'app866.fon', 'app932.fon', 'app936.fon', 'app949.fon', 'app950.fon', 'arial.ttf', 'arialbd.ttf', 'arialbi.ttf', 'ariali.ttf', 'ARIALN.TTF', 'ARIALNB.TTF', 'ARIALNBI.TTF', 'ARIALNI.TTF', 'ariblk.ttf', 'ARLRDBD.TTF', 'AxureHandwriting-Bold.otf', 'AxureHandwriting-BoldItalic.otf', 'AxureHandwriting-Italic.otf', 'AxureHandwriting.otf', 'bahnschrift.ttf', 'BASKVILL.TTF', 'BAUHS93.TTF', 'BELL.TTF', 'BELLB.TTF', 'BELLI.TTF', 'BERNHC.TTF', 'BKANT.TTF', 'BOD_B.TTF', 'BOD_BI.TTF', 'BOD_BLAI.TTF', 'BOD_BLAR.TTF', 'BOD_CB.TTF', 'BOD_CBI.TTF', 'BOD_CI.TTF', 'BOD_CR.TTF', 'BOD_I.TTF', 'BOD_PSTC.TTF', 'BOD_R.TTF', 'BOOKOS.TTF', 'BOOKOSB.TTF', 'BOOKOSBI.TTF', 'BOOKOSI.TTF', 'BRADHITC.TTF', 'BRITANIC.TTF', 'BRLNSB.TTF', 'BRLNSDB.TTF', 'BRLNSR.TTF', 'BROADW.TTF', 'BRUSHSCI.TTF', 'BSSYM7.TTF', 'c8514fix.fon', 'c8514oem.fon', 'c8514sys.fon', 'calibri.ttf', 'calibrib.ttf', 'calibrii.ttf', 'calibril.ttf', 'calibrili.ttf', 'calibriz.ttf', 'CALIFB.TTF', 'CALIFI.TTF', 'CALIFR.TTF', 'CALIST.TTF', 'CALISTB.TTF', 'CALISTBI.TTF', 'CALISTI.TTF', 'cambria.ttc', 'cambriab.ttf', 'cambriai.ttf', 'cambriaz.ttf', 'Candara.ttf', 'Candarab.ttf', 'Candarai.ttf', 'Candaral.ttf', 'Candarali.ttf', 'Candaraz.ttf', 'CascadiaCode.ttf', 'CascadiaMono.ttf', 'CASTELAR.TTF', 'CENSCBK.TTF', 'CENTAUR.TTF', 'CENTURY.TTF', 'cga40737.fon', 'cga40850.fon', 'cga40852.fon', 'cga40857.fon', 'cga40866.fon', 'cga40869.fon', 'cga40woa.fon', 'cga80737.fon', 'cga80850.fon', 'cga80852.fon', 'cga80857.fon', 'cga80866.fon', 'cga80869.fon', 'cga80woa.fon', 'CHILLER.TTF', 'COLONNA.TTF', 'comic.ttf', 'comicbd.ttf', 'comici.ttf', 'comicz.ttf', 'consola.ttf', 'consolab.ttf', 'consolai.ttf', 'consolaz.ttf', 'constan.ttf', 'constanb.ttf', 'constani.ttf', 'constanz.ttf', 'COOPBL.TTF', 'COPRGTB.TTF', 'COPRGTL.TTF', 'corbel.ttf', 'corbelb.ttf', 'corbeli.ttf', 'corbell.ttf', 'corbelli.ttf', 'corbelz.ttf', 'coue1255.fon', 'coue1256.fon', 'coue1257.fon', 'couf1255.fon', 'couf1256.fon', 'couf1257.fon', 'cour.ttf', 'courbd.ttf', 'courbi.ttf', 'coure.fon', 'couree.fon', 'coureg.fon', 'courer.fon', 'couret.fon', 'courf.fon', 'courfe.fon', 'courfg.fon', 'courfr.fon', 'courft.fon', 'couri.ttf', 'CURLZ___.TTF', 'cvgafix.fon', 'cvgasys.fon', 'Deng.ttf', 'Dengb.ttf', 'Dengl.ttf', 'desktop.ini', 'dos737.fon', 'dos869.fon', 'dosapp.fon', 'DUBAI-BOLD.TTF', 'DUBAI-LIGHT.TTF', 'DUBAI-MEDIUM.TTF', 'DUBAI-REGULAR.TTF', 'ebrima.ttf', 'ebrimabd.ttf', 'ega40737.fon', 'ega40850.fon', 'ega40852.fon', 'ega40857.fon', 'ega40866.fon', 'ega40869.fon', 'ega40woa.fon', 'ega80737.fon', 'ega80850.fon', 'ega80852.fon', 'ega80857.fon', 'ega80866.fon', 'ega80869.fon', 'ega80woa.fon', 'ELEPHNT.TTF', 'ELEPHNTI.TTF', 'ENGR.TTF', 'ERASBD.TTF', 'ERASDEMI.TTF', 'ERASLGHT.TTF', 'ERASMD.TTF', 'FELIXTI.TTF', 'fms_metadata.xml', 'FORTE.TTF', 'FRABK.TTF', 'FRABKIT.TTF', 'FRADM.TTF', 'FRADMCN.TTF', 'FRADMIT.TTF', 'FRAHV.TTF', 'FRAHVIT.TTF', 'framd.ttf', 'FRAMDCN.TTF', 'framdit.ttf', 'FREESCPT.TTF', 'FRSCRIPT.TTF', 'FTLTLT.TTF', 'FZSTK.TTF', 'FZYTK.TTF', 'Gabriola.ttf', 'gadugi.ttf', 'gadugib.ttf', 'GARA.TTF', 'GARABD.TTF', 'GARAIT.TTF', 'georgia.ttf', 'georgiab.ttf', 'georgiai.ttf', 'georgiaz.ttf', 'GIGI.TTF', 'GILBI___.TTF', 'GILB____.TTF', 'GILC____.TTF', 'GILI____.TTF', 'GILLUBCD.TTF', 'GILSANUB.TTF', 'GIL_____.TTF', 'GLECB.TTF', 'GlobalMonospace.CompositeFont', 'GlobalSansSerif.CompositeFont', 'GlobalSerif.CompositeFont', 'GlobalUserInterface.CompositeFont', 'GLSNECB.TTF', 'GOTHIC.TTF', 'GOTHICB.TTF', 'GOTHICBI.TTF', 'GOTHICI.TTF', 'GOUDOS.TTF', 'GOUDOSB.TTF', 'GOUDOSI.TTF', 'GOUDYSTO.TTF', 'h8514fix.fon', 'h8514oem.fon', 'h8514sys.fon', 'HARLOWSI.TTF', 'HARNGTON.TTF', 'HATTEN.TTF', 'HGB1X_CNKI.ttf', 'HGB1_CNKI.ttf', 'HGB2X_CNKI.ttf', 'HGB2_CNKI.ttf', 'HGB3X_CNKI.ttf', 'HGB3_CNKI.ttf', 'HGB4X_CNKI.ttf', 'HGB4_CNKI.ttf', 'HGB5X_CNKI.ttf', 'HGB5_CNKI.ttf', 'HGB6X_CNKI.ttf', 'HGB6_CNKI.ttf', 'HGB7X_CNKI.ttf', 'HGB7_CNKI.ttf', 'HGB8X_CNKI.ttf', 'HGB8_CNKI.ttf', 'HGBD_CNKI.ttf', 'HGBKBX_CNKI.ttf', 'HGBKB_CNKI.ttf', 'HGBKHX_CNKI.ttf', 'HGBKH_CNKI.ttf', 'HGBS1_CNKI.TTF', 'HGBS2_CNKI.TTF', 'HGBS_CNKI.TTF', 'HGBTH_CNKI.TTF', 'HGBTS_CNKI.TTF', 'HGBX_CNKI.ttf', 'HGBZ_CNKI.ttf', 'HGCH_CNKI.TTF', 'HGCUH_CNKI.TTF', 'HGCY_CNKI.TTF', 'HGDBS_CNKI.TTF', 'HGDGY_CNKI.TTF', 'HGDH2_CNKI.TTF', 'HGDH_CNKI.TTF', 'HGDYS_CNKI.TTF', 'HGDY_CNKI.ttf', 'HGF1X_CNKI.ttf', 'HGF1_CNKI.ttf', 'HGF2X_CNKI.ttf', 'HGF2_CNKI.ttf', 'HGF3_CNKI.ttf', 'HGF4X_CNKI.ttf', 'HGF4_CNKI.ttf', 'HGF5X_CNKI.ttf', 'HGF5_CNKI.ttf', 'HGF6X_CNKI.ttf', 'HGF6_CNKI.ttf', 'HGF7X_CNKI.ttf', 'HGF7_CNKI.ttf', 'HGF8_CNKI.ttf', 'HGF9X_CNKI.ttf', 'HGF9_CNKI.ttf', 'HGFS1_CNKI.TTF', 'HGFS2_CNKI.TTF', 'HGFSH_CNKI.TTF', 'HGFS_CNKI.TTF', 'HGFX_CNKI.ttf', 'HGFZ_CNKI.ttf', 'HGGG_CNKI.TTF', 'HGH1X_CNKI.ttf', 'HGH1_CNKI.ttf', 'HGH2X_CNKI.ttf', 'HGH2_CNKI.ttf', 'HGH3X_CNKI.ttf', 'HGH3_CNKI.ttf', 'HGH4X_CNKI.ttf', 'HGH4_CNKI.ttf', 'HGH5X_CNKI.ttf', 'HGH5_CNKI.ttf', 'HGH6X_CNKI.ttf', 'HGH6_CNKI.ttf', 'HGH7X_CNKI.ttf', 'HGH7_CNKI.ttf', 'HGHB_CNKI.TTF', 'HGHD_CNKI.ttf', 'HGHP_CNKI.TTF', 'HGHT1_CNKI.ttf', 'HGHT2_CNKI.ttf', 'HGHUATI_CNKI.ttf', 'HGHX_CNKI.ttf', 'HGHZ_CNKI.ttf', 'HGH_CNKI.TTF', 'HGKT1_CNKI.TTF', 'HGKT2_CNKI.TTF', 'HGKT_CNKI.TTF', 'HGKY_CNKI.ttf', 'HGLB_CNKI.TTF', 'HGLS_CNKI.TTF', 'HGMH_CNKI.TTF', 'HGNBS_CNKI.ttf', 'HGOCR_CNKI.ttf', 'HGPH_CNKI.TTF', 'HGPTY_CNKI.TTF', 'HGSS1_CNKI.TTF', 'HGSS2_CNKI.TTF', 'HGSS_CNKI.TTF', 'HGSXT_CNKI.ttf', 'HGTT_CNKI.ttf', 'HGTX_CNKI.TTF', 'HGWT_CNKI.TTF', 'HGWYS_CNKI.TTF', 'HGX1X_CNKI.ttf', 'HGX1_CNKI.ttf', 'HGXBS_CNKI.TTF', 'HGXC_CNKI.TTF', 'HGXF1_CNKI.ttf', 'HGXFX_CNKI.ttf', 'HGXFZ_CNKI.ttf', 'HGXH1_CNKI.TTF', 'HGXH_CNKI.TTF', 'HGXK_CNKI.TTF', 'HGXL_CNKI.TTF', 'HGXS_CNKI.TTF', 'HGXT_CNKI.ttf', 'HGXY_CNKI.ttf', 'HGY1_CNKI.TTF', 'HGY2_CNKI.TTF', 'HGY3_CNKI.TTF', 'HGY4_CNKI.TTF', 'HGYB_CNKI.ttf', 'HGYT1_CNKI.ttf', 'HGYT2_CNKI.ttf', 'HGYT_CNKI.TTF', 'HGYX_CNKI.TTF', 'HGZCS_CNKI.TTF', 'HGZDX_CNKI.TTF', 'HGZK_CNKI.TTF', 'HGZYT_CNKI.TTF', 'HGZY_CNKI.TTF', 'himalaya.ttf', 'holomdl2.ttf', 'HTOWERT.TTF', 'HTOWERTI.TTF', 'hvgafix.fon', 'hvgasys.fon', 'impact.ttf', 'IMPRISHA.TTF', 'INFROMAN.TTF', 'Inkfree.ttf', 'iqiyi_logov7.ttf', 'ITCBLKAD.TTF', 'ITCEDSCR.TTF', 'ITCKRIST.TTF', 'j8514fix.fon', 'j8514oem.fon', 'j8514sys.fon', 'javatext.ttf', 'JOKERMAN.TTF', 'jsmalle.fon', 'jsmallf.fon', 'JUICE___.TTF', 'jvgafix.fon', 'jvgasys.fon', 'KUNSTLER.TTF', 'LATINWD.TTF', 'LBRITE.TTF', 'LBRITED.TTF', 'LBRITEDI.TTF', 'LBRITEI.TTF', 'LCALLIG.TTF', 'LeelaUIb.ttf', 'LeelawUI.ttf', 'LeelUIsl.ttf', 'LFAX.TTF', 'LFAXD.TTF', 'LFAXDI.TTF', 'LFAXI.TTF', 'LHANDW.TTF', 'LSANS.TTF', 'LSANSD.TTF', 'LSANSDI.TTF', 'LSANSI.TTF', 'LTYPE.TTF', 'LTYPEB.TTF', 'LTYPEBO.TTF', 'LTYPEO.TTF', 'lucon.ttf', 'l_10646.ttf', 'MAGNETOB.TTF', 'MAIAN.TTF', 'malgun.ttf', 'malgunbd.ttf', 'malgunsl.ttf', 'marlett.ttf', 'MATURASC.TTF', 'micross.ttf', 'mingliub.ttc', 'MISTRAL.TTF', 'mmrtext.ttf', 'mmrtextb.ttf', 'MOD20.TTF', 'modern.fon', 'monbaiti.ttf', 'msgothic.ttc', 'msjh.ttc', 'msjhbd.ttc', 'msjhl.ttc', 'msyh.ttc', 'msyhbd.ttc', 'msyhl.ttc', 'msyi.ttf', 'MTCORSVA.TTF', 'MTEXTRA.TTF', 'mvboli.ttf', 'NIAGENG.TTF', 'NIAGSOL.TTF', 'Nirmala.ttf', 'NirmalaB.ttf', 'NirmalaS.ttf', 'ntailu.ttf', 'ntailub.ttf', 'NumberOnly.ttf', 'OCRAEXT.TTF', 'OLDENGL.TTF', 'ONYX.TTF', 'OUTLOOK.TTF', 'pala.ttf', 'palab.ttf', 'palabi.ttf', 'palai.ttf', 'PALSCRI.TTF', 'PAPYRUS.TTF', 'PARCHM.TTF', 'PERBI___.TTF', 'PERB____.TTF', 'PERI____.TTF', 'PERTIBD.TTF', 'PERTILI.TTF', 'PER_____.TTF', 'phagspa.ttf', 'phagspab.ttf', 'PLAYBILL.TTF', 'POORICH.TTF', 'PRISTINA.TTF', 'RAGE.TTF', 'RAVIE.TTF', 'REFSAN.TTF', 'REFSPCL.TTF', 'ROCCB___.TTF', 'ROCC____.TTF', 'ROCK.TTF', 'ROCKB.TTF', 'ROCKBI.TTF', 'ROCKEB.TTF', 'ROCKI.TTF', 'roman.fon', 's8514fix.fon', 's8514oem.fon', 's8514sys.fon', 'SCHLBKB.TTF', 'SCHLBKBI.TTF', 'SCHLBKI.TTF', 'script.fon', 'SCRIPTBL.TTF', 'segmdl2.ttf', 'SegoeIcons.ttf', 'segoepr.ttf', 'segoeprb.ttf', 'segoesc.ttf', 'segoescb.ttf', 'segoeui.ttf', 'segoeuib.ttf', 'segoeuii.ttf', 'segoeuil.ttf', 'segoeuisl.ttf', 'segoeuiz.ttf', 'seguibl.ttf', 'seguibli.ttf', 'seguiemj.ttf', 'seguihis.ttf', 'seguili.ttf', 'seguisb.ttf', 'seguisbi.ttf', 'seguisli.ttf', 'seguisym.ttf', 'SegUIVar.ttf', 'sere1255.fon', 'sere1256.fon', 'sere1257.fon', 'serf1255.fon', 'serf1256.fon', 'serf1257.fon', 'serife.fon', 'serifee.fon', 'serifeg.fon', 'serifer.fon', 'serifet.fon', 'seriff.fon', 'seriffe.fon', 'seriffg.fon', 'seriffr.fon', 'serifft.fon', 'SHOWG.TTF', 'simfang.ttf', 'simhei.ttf', 'simkai.ttf', 'SIMLI.TTF', 'simsun.ttc', 'simsunb.ttf', 'SIMYOU.TTF', 'SitkaVF-Italic.ttf', 'SitkaVF.ttf', 'smae1255.fon', 'smae1256.fon', 'smae1257.fon', 'smaf1255.fon', 'smaf1256.fon', 'smaf1257.fon', 'smalle.fon', 'smallee.fon', 'smalleg.fon', 'smaller.fon', 'smallet.fon', 'smallf.fon', 'smallfe.fon', 'smallfg.fon', 'smallfr.fon', 'smallft.fon', 'SNAP____.TTF', 'ssee1255.fon', 'ssee1256.fon', 'ssee1257.fon', 'ssee874.fon', 'ssef1255.fon', 'ssef1256.fon', 'ssef1257.fon', 'ssef874.fon', 'sserife.fon', 'sserifee.fon', 'sserifeg.fon', 'sserifer.fon', 'sserifet.fon', 'sseriff.fon', 'sseriffe.fon', 'sseriffg.fon', 'sseriffr.fon', 'sserifft.fon', 'StaticCache.dat', 'STCAIYUN.TTF', 'STENCIL.TTF', 'STFANGSO.TTF', 'STHUPO.TTF', 'STKAITI.TTF', 'STLITI.TTF', 'STSONG.TTF', 'STXIHEI.TTF', 'STXINGKA.TTF', 'STXINWEI.TTF', 'STZHONGS.TTF', 'svgafix.fon', 'svgasys.fon', 'sylfaen.ttf', 'symbol.ttf', 'tahoma.ttf', 'tahomabd.ttf', 'taile.ttf', 'taileb.ttf', 'TCBI____.TTF', 'TCB_____.TTF', 'TCCB____.TTF', 'TCCEB.TTF', 'TCCM____.TTF', 'TCMI____.TTF', 'TCM_____.TTF', 'TEMPSITC.TTF', 'times.ttf', 'timesbd.ttf', 'timesbi.ttf', 'timesi.ttf', 'trebuc.ttf', 'trebucbd.ttf', 'trebucbi.ttf', 'trebucit.ttf', 'verdana.ttf', 'verdanab.ttf', 'verdanai.ttf', 'verdanaz.ttf', 'vga737.fon', 'vga775.fon', 'vga850.fon', 'vga852.fon', 'vga855.fon', 'vga857.fon', 'vga860.fon', 'vga861.fon', 'vga863.fon', 'vga865.fon', 'vga866.fon', 'vga869.fon', 'vga932.fon', 'vga936.fon', 'vga949.fon', 'vga950.fon', 'vgaf1255.fon', 'vgaf1256.fon', 'vgaf1257.fon', 'vgaf874.fon', 'vgafix.fon', 'vgafixe.fon', 'vgafixg.fon', 'vgafixr.fon', 'vgafixt.fon', 'vgaoem.fon', 'vgas1255.fon', 'vgas1256.fon', 'vgas1257.fon', 'vgas874.fon', 'vgasys.fon', 'vgasyse.fon', 'vgasysg.fon', 'vgasysr.fon', 'vgasyst.fon', 'VINERITC.TTF', 'VIVALDII.TTF', 'VLADIMIR.TTF', 'webdings.ttf', 'wingding.ttf', 'WINGDNG2.TTF', 'WINGDNG3.TTF', 'YuGothB.ttc', 'YuGothL.ttc', 'YuGothM.ttc', 'YuGothR.ttc', '\u534e\u5eb7\u65b9\u5706\u4f53W7.TTC', '\u65b9\u6b63\u7c97\u9ed1\u5b8b\u7b80\u4f53.ttf']
2023-09-27 14:54:33,364 - INFO - all fonts installed:['8514fix.fon', '8514fixe.fon', '8514fixg.fon', '8514fixr.fon', '8514fixt.fon', '8514oem.fon', '8514oeme.fon', '8514oemg.fon', '8514oemr.fon', '8514oemt.fon', '8514sys.fon', '8514syse.fon', '8514sysg.fon', '8514sysr.fon', '8514syst.fon', '85775.fon', '85855.fon', '85f1255.fon', '85f1256.fon', '85f1257.fon', '85f874.fon', '85s1255.fon', '85s1256.fon', '85s1257.fon', '85s874.fon', 'AGENCYB.TTF', 'AGENCYR.TTF', 'ALGER.TTF', 'ANTQUAB.TTF', 'ANTQUABI.TTF', 'ANTQUAI.TTF', 'app775.fon', 'app850.fon', 'app852.fon', 'app855.fon', 'app857.fon', 'app866.fon', 'app932.fon', 'app936.fon', 'app949.fon', 'app950.fon', 'arial.ttf', 'arialbd.ttf', 'arialbi.ttf', 'ariali.ttf', 'ARIALN.TTF', 'ARIALNB.TTF', 'ARIALNBI.TTF', 'ARIALNI.TTF', 'ariblk.ttf', 'ARLRDBD.TTF', 'AxureHandwriting-Bold.otf', 'AxureHandwriting-BoldItalic.otf', 'AxureHandwriting-Italic.otf', 'AxureHandwriting.otf', 'bahnschrift.ttf', 'BASKVILL.TTF', 'BAUHS93.TTF', 'BELL.TTF', 'BELLB.TTF', 'BELLI.TTF', 'BERNHC.TTF', 'BKANT.TTF', 'BOD_B.TTF', 'BOD_BI.TTF', 'BOD_BLAI.TTF', 'BOD_BLAR.TTF', 'BOD_CB.TTF', 'BOD_CBI.TTF', 'BOD_CI.TTF', 'BOD_CR.TTF', 'BOD_I.TTF', 'BOD_PSTC.TTF', 'BOD_R.TTF', 'BOOKOS.TTF', 'BOOKOSB.TTF', 'BOOKOSBI.TTF', 'BOOKOSI.TTF', 'BRADHITC.TTF', 'BRITANIC.TTF', 'BRLNSB.TTF', 'BRLNSDB.TTF', 'BRLNSR.TTF', 'BROADW.TTF', 'BRUSHSCI.TTF', 'BSSYM7.TTF', 'c8514fix.fon', 'c8514oem.fon', 'c8514sys.fon', 'calibri.ttf', 'calibrib.ttf', 'calibrii.ttf', 'calibril.ttf', 'calibrili.ttf', 'calibriz.ttf', 'CALIFB.TTF', 'CALIFI.TTF', 'CALIFR.TTF', 'CALIST.TTF', 'CALISTB.TTF', 'CALISTBI.TTF', 'CALISTI.TTF', 'cambria.ttc', 'cambriab.ttf', 'cambriai.ttf', 'cambriaz.ttf', 'Candara.ttf', 'Candarab.ttf', 'Candarai.ttf', 'Candaral.ttf', 'Candarali.ttf', 'Candaraz.ttf', 'CascadiaCode.ttf', 'CascadiaMono.ttf', 'CASTELAR.TTF', 'CENSCBK.TTF', 'CENTAUR.TTF', 'CENTURY.TTF', 'cga40737.fon', 'cga40850.fon', 'cga40852.fon', 'cga40857.fon', 'cga40866.fon', 'cga40869.fon', 'cga40woa.fon', 'cga80737.fon', 'cga80850.fon', 'cga80852.fon', 'cga80857.fon', 'cga80866.fon', 'cga80869.fon', 'cga80woa.fon', 'CHILLER.TTF', 'COLONNA.TTF', 'comic.ttf', 'comicbd.ttf', 'comici.ttf', 'comicz.ttf', 'consola.ttf', 'consolab.ttf', 'consolai.ttf', 'consolaz.ttf', 'constan.ttf', 'constanb.ttf', 'constani.ttf', 'constanz.ttf', 'COOPBL.TTF', 'COPRGTB.TTF', 'COPRGTL.TTF', 'corbel.ttf', 'corbelb.ttf', 'corbeli.ttf', 'corbell.ttf', 'corbelli.ttf', 'corbelz.ttf', 'coue1255.fon', 'coue1256.fon', 'coue1257.fon', 'couf1255.fon', 'couf1256.fon', 'couf1257.fon', 'cour.ttf', 'courbd.ttf', 'courbi.ttf', 'coure.fon', 'couree.fon', 'coureg.fon', 'courer.fon', 'couret.fon', 'courf.fon', 'courfe.fon', 'courfg.fon', 'courfr.fon', 'courft.fon', 'couri.ttf', 'CURLZ___.TTF', 'cvgafix.fon', 'cvgasys.fon', 'Deng.ttf', 'Dengb.ttf', 'Dengl.ttf', 'desktop.ini', 'dos737.fon', 'dos869.fon', 'dosapp.fon', 'DUBAI-BOLD.TTF', 'DUBAI-LIGHT.TTF', 'DUBAI-MEDIUM.TTF', 'DUBAI-REGULAR.TTF', 'ebrima.ttf', 'ebrimabd.ttf', 'ega40737.fon', 'ega40850.fon', 'ega40852.fon', 'ega40857.fon', 'ega40866.fon', 'ega40869.fon', 'ega40woa.fon', 'ega80737.fon', 'ega80850.fon', 'ega80852.fon', 'ega80857.fon', 'ega80866.fon', 'ega80869.fon', 'ega80woa.fon', 'ELEPHNT.TTF', 'ELEPHNTI.TTF', 'ENGR.TTF', 'ERASBD.TTF', 'ERASDEMI.TTF', 'ERASLGHT.TTF', 'ERASMD.TTF', 'FELIXTI.TTF', 'fms_metadata.xml', 'FORTE.TTF', 'FRABK.TTF', 'FRABKIT.TTF', 'FRADM.TTF', 'FRADMCN.TTF', 'FRADMIT.TTF', 'FRAHV.TTF', 'FRAHVIT.TTF', 'framd.ttf', 'FRAMDCN.TTF', 'framdit.ttf', 'FREESCPT.TTF', 'FRSCRIPT.TTF', 'FTLTLT.TTF', 'FZSTK.TTF', 'FZYTK.TTF', 'Gabriola.ttf', 'gadugi.ttf', 'gadugib.ttf', 'GARA.TTF', 'GARABD.TTF', 'GARAIT.TTF', 'georgia.ttf', 'georgiab.ttf', 'georgiai.ttf', 'georgiaz.ttf', 'GIGI.TTF', 'GILBI___.TTF', 'GILB____.TTF', 'GILC____.TTF', 'GILI____.TTF', 'GILLUBCD.TTF', 'GILSANUB.TTF', 'GIL_____.TTF', 'GLECB.TTF', 'GlobalMonospace.CompositeFont', 'GlobalSansSerif.CompositeFont', 'GlobalSerif.CompositeFont', 'GlobalUserInterface.CompositeFont', 'GLSNECB.TTF', 'GOTHIC.TTF', 'GOTHICB.TTF', 'GOTHICBI.TTF', 'GOTHICI.TTF', 'GOUDOS.TTF', 'GOUDOSB.TTF', 'GOUDOSI.TTF', 'GOUDYSTO.TTF', 'h8514fix.fon', 'h8514oem.fon', 'h8514sys.fon', 'HARLOWSI.TTF', 'HARNGTON.TTF', 'HATTEN.TTF', 'HGB1X_CNKI.ttf', 'HGB1_CNKI.ttf', 'HGB2X_CNKI.ttf', 'HGB2_CNKI.ttf', 'HGB3X_CNKI.ttf', 'HGB3_CNKI.ttf', 'HGB4X_CNKI.ttf', 'HGB4_CNKI.ttf', 'HGB5X_CNKI.ttf', 'HGB5_CNKI.ttf', 'HGB6X_CNKI.ttf', 'HGB6_CNKI.ttf', 'HGB7X_CNKI.ttf', 'HGB7_CNKI.ttf', 'HGB8X_CNKI.ttf', 'HGB8_CNKI.ttf', 'HGBD_CNKI.ttf', 'HGBKBX_CNKI.ttf', 'HGBKB_CNKI.ttf', 'HGBKHX_CNKI.ttf', 'HGBKH_CNKI.ttf', 'HGBS1_CNKI.TTF', 'HGBS2_CNKI.TTF', 'HGBS_CNKI.TTF', 'HGBTH_CNKI.TTF', 'HGBTS_CNKI.TTF', 'HGBX_CNKI.ttf', 'HGBZ_CNKI.ttf', 'HGCH_CNKI.TTF', 'HGCUH_CNKI.TTF', 'HGCY_CNKI.TTF', 'HGDBS_CNKI.TTF', 'HGDGY_CNKI.TTF', 'HGDH2_CNKI.TTF', 'HGDH_CNKI.TTF', 'HGDYS_CNKI.TTF', 'HGDY_CNKI.ttf', 'HGF1X_CNKI.ttf', 'HGF1_CNKI.ttf', 'HGF2X_CNKI.ttf', 'HGF2_CNKI.ttf', 'HGF3_CNKI.ttf', 'HGF4X_CNKI.ttf', 'HGF4_CNKI.ttf', 'HGF5X_CNKI.ttf', 'HGF5_CNKI.ttf', 'HGF6X_CNKI.ttf', 'HGF6_CNKI.ttf', 'HGF7X_CNKI.ttf', 'HGF7_CNKI.ttf', 'HGF8_CNKI.ttf', 'HGF9X_CNKI.ttf', 'HGF9_CNKI.ttf', 'HGFS1_CNKI.TTF', 'HGFS2_CNKI.TTF', 'HGFSH_CNKI.TTF', 'HGFS_CNKI.TTF', 'HGFX_CNKI.ttf', 'HGFZ_CNKI.ttf', 'HGGG_CNKI.TTF', 'HGH1X_CNKI.ttf', 'HGH1_CNKI.ttf', 'HGH2X_CNKI.ttf', 'HGH2_CNKI.ttf', 'HGH3X_CNKI.ttf', 'HGH3_CNKI.ttf', 'HGH4X_CNKI.ttf', 'HGH4_CNKI.ttf', 'HGH5X_CNKI.ttf', 'HGH5_CNKI.ttf', 'HGH6X_CNKI.ttf', 'HGH6_CNKI.ttf', 'HGH7X_CNKI.ttf', 'HGH7_CNKI.ttf', 'HGHB_CNKI.TTF', 'HGHD_CNKI.ttf', 'HGHP_CNKI.TTF', 'HGHT1_CNKI.ttf', 'HGHT2_CNKI.ttf', 'HGHUATI_CNKI.ttf', 'HGHX_CNKI.ttf', 'HGHZ_CNKI.ttf', 'HGH_CNKI.TTF', 'HGKT1_CNKI.TTF', 'HGKT2_CNKI.TTF', 'HGKT_CNKI.TTF', 'HGKY_CNKI.ttf', 'HGLB_CNKI.TTF', 'HGLS_CNKI.TTF', 'HGMH_CNKI.TTF', 'HGNBS_CNKI.ttf', 'HGOCR_CNKI.ttf', 'HGPH_CNKI.TTF', 'HGPTY_CNKI.TTF', 'HGSS1_CNKI.TTF', 'HGSS2_CNKI.TTF', 'HGSS_CNKI.TTF', 'HGSXT_CNKI.ttf', 'HGTT_CNKI.ttf', 'HGTX_CNKI.TTF', 'HGWT_CNKI.TTF', 'HGWYS_CNKI.TTF', 'HGX1X_CNKI.ttf', 'HGX1_CNKI.ttf', 'HGXBS_CNKI.TTF', 'HGXC_CNKI.TTF', 'HGXF1_CNKI.ttf', 'HGXFX_CNKI.ttf', 'HGXFZ_CNKI.ttf', 'HGXH1_CNKI.TTF', 'HGXH_CNKI.TTF', 'HGXK_CNKI.TTF', 'HGXL_CNKI.TTF', 'HGXS_CNKI.TTF', 'HGXT_CNKI.ttf', 'HGXY_CNKI.ttf', 'HGY1_CNKI.TTF', 'HGY2_CNKI.TTF', 'HGY3_CNKI.TTF', 'HGY4_CNKI.TTF', 'HGYB_CNKI.ttf', 'HGYT1_CNKI.ttf', 'HGYT2_CNKI.ttf', 'HGYT_CNKI.TTF', 'HGYX_CNKI.TTF', 'HGZCS_CNKI.TTF', 'HGZDX_CNKI.TTF', 'HGZK_CNKI.TTF', 'HGZYT_CNKI.TTF', 'HGZY_CNKI.TTF', 'himalaya.ttf', 'holomdl2.ttf', 'HTOWERT.TTF', 'HTOWERTI.TTF', 'hvgafix.fon', 'hvgasys.fon', 'impact.ttf', 'IMPRISHA.TTF', 'INFROMAN.TTF', 'Inkfree.ttf', 'iqiyi_logov7.ttf', 'ITCBLKAD.TTF', 'ITCEDSCR.TTF', 'ITCKRIST.TTF', 'j8514fix.fon', 'j8514oem.fon', 'j8514sys.fon', 'javatext.ttf', 'JOKERMAN.TTF', 'jsmalle.fon', 'jsmallf.fon', 'JUICE___.TTF', 'jvgafix.fon', 'jvgasys.fon', 'KUNSTLER.TTF', 'LATINWD.TTF', 'LBRITE.TTF', 'LBRITED.TTF', 'LBRITEDI.TTF', 'LBRITEI.TTF', 'LCALLIG.TTF', 'LeelaUIb.ttf', 'LeelawUI.ttf', 'LeelUIsl.ttf', 'LFAX.TTF', 'LFAXD.TTF', 'LFAXDI.TTF', 'LFAXI.TTF', 'LHANDW.TTF', 'LSANS.TTF', 'LSANSD.TTF', 'LSANSDI.TTF', 'LSANSI.TTF', 'LTYPE.TTF', 'LTYPEB.TTF', 'LTYPEBO.TTF', 'LTYPEO.TTF', 'lucon.ttf', 'l_10646.ttf', 'MAGNETOB.TTF', 'MAIAN.TTF', 'malgun.ttf', 'malgunbd.ttf', 'malgunsl.ttf', 'marlett.ttf', 'MATURASC.TTF', 'micross.ttf', 'mingliub.ttc', 'MISTRAL.TTF', 'mmrtext.ttf', 'mmrtextb.ttf', 'MOD20.TTF', 'modern.fon', 'monbaiti.ttf', 'msgothic.ttc', 'msjh.ttc', 'msjhbd.ttc', 'msjhl.ttc', 'msyh.ttc', 'msyhbd.ttc', 'msyhl.ttc', 'msyi.ttf', 'MTCORSVA.TTF', 'MTEXTRA.TTF', 'mvboli.ttf', 'NIAGENG.TTF', 'NIAGSOL.TTF', 'Nirmala.ttf', 'NirmalaB.ttf', 'NirmalaS.ttf', 'ntailu.ttf', 'ntailub.ttf', 'NumberOnly.ttf', 'OCRAEXT.TTF', 'OLDENGL.TTF', 'ONYX.TTF', 'OUTLOOK.TTF', 'pala.ttf', 'palab.ttf', 'palabi.ttf', 'palai.ttf', 'PALSCRI.TTF', 'PAPYRUS.TTF', 'PARCHM.TTF', 'PERBI___.TTF', 'PERB____.TTF', 'PERI____.TTF', 'PERTIBD.TTF', 'PERTILI.TTF', 'PER_____.TTF', 'phagspa.ttf', 'phagspab.ttf', 'PLAYBILL.TTF', 'POORICH.TTF', 'PRISTINA.TTF', 'RAGE.TTF', 'RAVIE.TTF', 'REFSAN.TTF', 'REFSPCL.TTF', 'ROCCB___.TTF', 'ROCC____.TTF', 'ROCK.TTF', 'ROCKB.TTF', 'ROCKBI.TTF', 'ROCKEB.TTF', 'ROCKI.TTF', 'roman.fon', 's8514fix.fon', 's8514oem.fon', 's8514sys.fon', 'SCHLBKB.TTF', 'SCHLBKBI.TTF', 'SCHLBKI.TTF', 'script.fon', 'SCRIPTBL.TTF', 'segmdl2.ttf', 'SegoeIcons.ttf', 'segoepr.ttf', 'segoeprb.ttf', 'segoesc.ttf', 'segoescb.ttf', 'segoeui.ttf', 'segoeuib.ttf', 'segoeuii.ttf', 'segoeuil.ttf', 'segoeuisl.ttf', 'segoeuiz.ttf', 'seguibl.ttf', 'seguibli.ttf', 'seguiemj.ttf', 'seguihis.ttf', 'seguili.ttf', 'seguisb.ttf', 'seguisbi.ttf', 'seguisli.ttf', 'seguisym.ttf', 'SegUIVar.ttf', 'sere1255.fon', 'sere1256.fon', 'sere1257.fon', 'serf1255.fon', 'serf1256.fon', 'serf1257.fon', 'serife.fon', 'serifee.fon', 'serifeg.fon', 'serifer.fon', 'serifet.fon', 'seriff.fon', 'seriffe.fon', 'seriffg.fon', 'seriffr.fon', 'serifft.fon', 'SHOWG.TTF', 'simfang.ttf', 'simhei.ttf', 'simkai.ttf', 'SIMLI.TTF', 'simsun.ttc', 'simsunb.ttf', 'SIMYOU.TTF', 'SitkaVF-Italic.ttf', 'SitkaVF.ttf', 'smae1255.fon', 'smae1256.fon', 'smae1257.fon', 'smaf1255.fon', 'smaf1256.fon', 'smaf1257.fon', 'smalle.fon', 'smallee.fon', 'smalleg.fon', 'smaller.fon', 'smallet.fon', 'smallf.fon', 'smallfe.fon', 'smallfg.fon', 'smallfr.fon', 'smallft.fon', 'SNAP____.TTF', 'ssee1255.fon', 'ssee1256.fon', 'ssee1257.fon', 'ssee874.fon', 'ssef1255.fon', 'ssef1256.fon', 'ssef1257.fon', 'ssef874.fon', 'sserife.fon', 'sserifee.fon', 'sserifeg.fon', 'sserifer.fon', 'sserifet.fon', 'sseriff.fon', 'sseriffe.fon', 'sseriffg.fon', 'sseriffr.fon', 'sserifft.fon', 'StaticCache.dat', 'STCAIYUN.TTF', 'STENCIL.TTF', 'STFANGSO.TTF', 'STHUPO.TTF', 'STKAITI.TTF', 'STLITI.TTF', 'STSONG.TTF', 'STXIHEI.TTF', 'STXINGKA.TTF', 'STXINWEI.TTF', 'STZHONGS.TTF', 'svgafix.fon', 'svgasys.fon', 'sylfaen.ttf', 'symbol.ttf', 'tahoma.ttf', 'tahomabd.ttf', 'taile.ttf', 'taileb.ttf', 'TCBI____.TTF', 'TCB_____.TTF', 'TCCB____.TTF', 'TCCEB.TTF', 'TCCM____.TTF', 'TCMI____.TTF', 'TCM_____.TTF', 'TEMPSITC.TTF', 'times.ttf', 'timesbd.ttf', 'timesbi.ttf', 'timesi.ttf', 'trebuc.ttf', 'trebucbd.ttf', 'trebucbi.ttf', 'trebucit.ttf', 'verdana.ttf', 'verdanab.ttf', 'verdanai.ttf', 'verdanaz.ttf', 'vga737.fon', 'vga775.fon', 'vga850.fon', 'vga852.fon', 'vga855.fon', 'vga857.fon', 'vga860.fon', 'vga861.fon', 'vga863.fon', 'vga865.fon', 'vga866.fon', 'vga869.fon', 'vga932.fon', 'vga936.fon', 'vga949.fon', 'vga950.fon', 'vgaf1255.fon', 'vgaf1256.fon', 'vgaf1257.fon', 'vgaf874.fon', 'vgafix.fon', 'vgafixe.fon', 'vgafixg.fon', 'vgafixr.fon', 'vgafixt.fon', 'vgaoem.fon', 'vgas1255.fon', 'vgas1256.fon', 'vgas1257.fon', 'vgas874.fon', 'vgasys.fon', 'vgasyse.fon', 'vgasysg.fon', 'vgasysr.fon', 'vgasyst.fon', 'VINERITC.TTF', 'VIVALDII.TTF', 'VLADIMIR.TTF', 'webdings.ttf', 'wingding.ttf', 'WINGDNG2.TTF', 'WINGDNG3.TTF', 'YuGothB.ttc', 'YuGothL.ttc', 'YuGothM.ttc', 'YuGothR.ttc', '\u534e\u5eb7\u65b9\u5706\u4f53W7.TTC', '\u65b9\u6b63\u7c97\u9ed1\u5b8b\u7b80\u4f53.ttf']
2023-09-27 14:54:33,366 - INFO - all fonts installed:['8514fix.fon', '8514fixe.fon', '8514fixg.fon', '8514fixr.fon', '8514fixt.fon', '8514oem.fon', '8514oeme.fon', '8514oemg.fon', '8514oemr.fon', '8514oemt.fon', '8514sys.fon', '8514syse.fon', '8514sysg.fon', '8514sysr.fon', '8514syst.fon', '85775.fon', '85855.fon', '85f1255.fon', '85f1256.fon', '85f1257.fon', '85f874.fon', '85s1255.fon', '85s1256.fon', '85s1257.fon', '85s874.fon', 'AGENCYB.TTF', 'AGENCYR.TTF', 'ALGER.TTF', 'ANTQUAB.TTF', 'ANTQUABI.TTF', 'ANTQUAI.TTF', 'app775.fon', 'app850.fon', 'app852.fon', 'app855.fon', 'app857.fon', 'app866.fon', 'app932.fon', 'app936.fon', 'app949.fon', 'app950.fon', 'arial.ttf', 'arialbd.ttf', 'arialbi.ttf', 'ariali.ttf', 'ARIALN.TTF', 'ARIALNB.TTF', 'ARIALNBI.TTF', 'ARIALNI.TTF', 'ariblk.ttf', 'ARLRDBD.TTF', 'AxureHandwriting-Bold.otf', 'AxureHandwriting-BoldItalic.otf', 'AxureHandwriting-Italic.otf', 'AxureHandwriting.otf', 'bahnschrift.ttf', 'BASKVILL.TTF', 'BAUHS93.TTF', 'BELL.TTF', 'BELLB.TTF', 'BELLI.TTF', 'BERNHC.TTF', 'BKANT.TTF', 'BOD_B.TTF', 'BOD_BI.TTF', 'BOD_BLAI.TTF', 'BOD_BLAR.TTF', 'BOD_CB.TTF', 'BOD_CBI.TTF', 'BOD_CI.TTF', 'BOD_CR.TTF', 'BOD_I.TTF', 'BOD_PSTC.TTF', 'BOD_R.TTF', 'BOOKOS.TTF', 'BOOKOSB.TTF', 'BOOKOSBI.TTF', 'BOOKOSI.TTF', 'BRADHITC.TTF', 'BRITANIC.TTF', 'BRLNSB.TTF', 'BRLNSDB.TTF', 'BRLNSR.TTF', 'BROADW.TTF', 'BRUSHSCI.TTF', 'BSSYM7.TTF', 'c8514fix.fon', 'c8514oem.fon', 'c8514sys.fon', 'calibri.ttf', 'calibrib.ttf', 'calibrii.ttf', 'calibril.ttf', 'calibrili.ttf', 'calibriz.ttf', 'CALIFB.TTF', 'CALIFI.TTF', 'CALIFR.TTF', 'CALIST.TTF', 'CALISTB.TTF', 'CALISTBI.TTF', 'CALISTI.TTF', 'cambria.ttc', 'cambriab.ttf', 'cambriai.ttf', 'cambriaz.ttf', 'Candara.ttf', 'Candarab.ttf', 'Candarai.ttf', 'Candaral.ttf', 'Candarali.ttf', 'Candaraz.ttf', 'CascadiaCode.ttf', 'CascadiaMono.ttf', 'CASTELAR.TTF', 'CENSCBK.TTF', 'CENTAUR.TTF', 'CENTURY.TTF', 'cga40737.fon', 'cga40850.fon', 'cga40852.fon', 'cga40857.fon', 'cga40866.fon', 'cga40869.fon', 'cga40woa.fon', 'cga80737.fon', 'cga80850.fon', 'cga80852.fon', 'cga80857.fon', 'cga80866.fon', 'cga80869.fon', 'cga80woa.fon', 'CHILLER.TTF', 'COLONNA.TTF', 'comic.ttf', 'comicbd.ttf', 'comici.ttf', 'comicz.ttf', 'consola.ttf', 'consolab.ttf', 'consolai.ttf', 'consolaz.ttf', 'constan.ttf', 'constanb.ttf', 'constani.ttf', 'constanz.ttf', 'COOPBL.TTF', 'COPRGTB.TTF', 'COPRGTL.TTF', 'corbel.ttf', 'corbelb.ttf', 'corbeli.ttf', 'corbell.ttf', 'corbelli.ttf', 'corbelz.ttf', 'coue1255.fon', 'coue1256.fon', 'coue1257.fon', 'couf1255.fon', 'couf1256.fon', 'couf1257.fon', 'cour.ttf', 'courbd.ttf', 'courbi.ttf', 'coure.fon', 'couree.fon', 'coureg.fon', 'courer.fon', 'couret.fon', 'courf.fon', 'courfe.fon', 'courfg.fon', 'courfr.fon', 'courft.fon', 'couri.ttf', 'CURLZ___.TTF', 'cvgafix.fon', 'cvgasys.fon', 'Deng.ttf', 'Dengb.ttf', 'Dengl.ttf', 'desktop.ini', 'dos737.fon', 'dos869.fon', 'dosapp.fon', 'DUBAI-BOLD.TTF', 'DUBAI-LIGHT.TTF', 'DUBAI-MEDIUM.TTF', 'DUBAI-REGULAR.TTF', 'ebrima.ttf', 'ebrimabd.ttf', 'ega40737.fon', 'ega40850.fon', 'ega40852.fon', 'ega40857.fon', 'ega40866.fon', 'ega40869.fon', 'ega40woa.fon', 'ega80737.fon', 'ega80850.fon', 'ega80852.fon', 'ega80857.fon', 'ega80866.fon', 'ega80869.fon', 'ega80woa.fon', 'ELEPHNT.TTF', 'ELEPHNTI.TTF', 'ENGR.TTF', 'ERASBD.TTF', 'ERASDEMI.TTF', 'ERASLGHT.TTF', 'ERASMD.TTF', 'FELIXTI.TTF', 'fms_metadata.xml', 'FORTE.TTF', 'FRABK.TTF', 'FRABKIT.TTF', 'FRADM.TTF', 'FRADMCN.TTF', 'FRADMIT.TTF', 'FRAHV.TTF', 'FRAHVIT.TTF', 'framd.ttf', 'FRAMDCN.TTF', 'framdit.ttf', 'FREESCPT.TTF', 'FRSCRIPT.TTF', 'FTLTLT.TTF', 'FZSTK.TTF', 'FZYTK.TTF', 'Gabriola.ttf', 'gadugi.ttf', 'gadugib.ttf', 'GARA.TTF', 'GARABD.TTF', 'GARAIT.TTF', 'georgia.ttf', 'georgiab.ttf', 'georgiai.ttf', 'georgiaz.ttf', 'GIGI.TTF', 'GILBI___.TTF', 'GILB____.TTF', 'GILC____.TTF', 'GILI____.TTF', 'GILLUBCD.TTF', 'GILSANUB.TTF', 'GIL_____.TTF', 'GLECB.TTF', 'GlobalMonospace.CompositeFont', 'GlobalSansSerif.CompositeFont', 'GlobalSerif.CompositeFont', 'GlobalUserInterface.CompositeFont', 'GLSNECB.TTF', 'GOTHIC.TTF', 'GOTHICB.TTF', 'GOTHICBI.TTF', 'GOTHICI.TTF', 'GOUDOS.TTF', 'GOUDOSB.TTF', 'GOUDOSI.TTF', 'GOUDYSTO.TTF', 'h8514fix.fon', 'h8514oem.fon', 'h8514sys.fon', 'HARLOWSI.TTF', 'HARNGTON.TTF', 'HATTEN.TTF', 'HGB1X_CNKI.ttf', 'HGB1_CNKI.ttf', 'HGB2X_CNKI.ttf', 'HGB2_CNKI.ttf', 'HGB3X_CNKI.ttf', 'HGB3_CNKI.ttf', 'HGB4X_CNKI.ttf', 'HGB4_CNKI.ttf', 'HGB5X_CNKI.ttf', 'HGB5_CNKI.ttf', 'HGB6X_CNKI.ttf', 'HGB6_CNKI.ttf', 'HGB7X_CNKI.ttf', 'HGB7_CNKI.ttf', 'HGB8X_CNKI.ttf', 'HGB8_CNKI.ttf', 'HGBD_CNKI.ttf', 'HGBKBX_CNKI.ttf', 'HGBKB_CNKI.ttf', 'HGBKHX_CNKI.ttf', 'HGBKH_CNKI.ttf', 'HGBS1_CNKI.TTF', 'HGBS2_CNKI.TTF', 'HGBS_CNKI.TTF', 'HGBTH_CNKI.TTF', 'HGBTS_CNKI.TTF', 'HGBX_CNKI.ttf', 'HGBZ_CNKI.ttf', 'HGCH_CNKI.TTF', 'HGCUH_CNKI.TTF', 'HGCY_CNKI.TTF', 'HGDBS_CNKI.TTF', 'HGDGY_CNKI.TTF', 'HGDH2_CNKI.TTF', 'HGDH_CNKI.TTF', 'HGDYS_CNKI.TTF', 'HGDY_CNKI.ttf', 'HGF1X_CNKI.ttf', 'HGF1_CNKI.ttf', 'HGF2X_CNKI.ttf', 'HGF2_CNKI.ttf', 'HGF3_CNKI.ttf', 'HGF4X_CNKI.ttf', 'HGF4_CNKI.ttf', 'HGF5X_CNKI.ttf', 'HGF5_CNKI.ttf', 'HGF6X_CNKI.ttf', 'HGF6_CNKI.ttf', 'HGF7X_CNKI.ttf', 'HGF7_CNKI.ttf', 'HGF8_CNKI.ttf', 'HGF9X_CNKI.ttf', 'HGF9_CNKI.ttf', 'HGFS1_CNKI.TTF', 'HGFS2_CNKI.TTF', 'HGFSH_CNKI.TTF', 'HGFS_CNKI.TTF', 'HGFX_CNKI.ttf', 'HGFZ_CNKI.ttf', 'HGGG_CNKI.TTF', 'HGH1X_CNKI.ttf', 'HGH1_CNKI.ttf', 'HGH2X_CNKI.ttf', 'HGH2_CNKI.ttf', 'HGH3X_CNKI.ttf', 'HGH3_CNKI.ttf', 'HGH4X_CNKI.ttf', 'HGH4_CNKI.ttf', 'HGH5X_CNKI.ttf', 'HGH5_CNKI.ttf', 'HGH6X_CNKI.ttf', 'HGH6_CNKI.ttf', 'HGH7X_CNKI.ttf', 'HGH7_CNKI.ttf', 'HGHB_CNKI.TTF', 'HGHD_CNKI.ttf', 'HGHP_CNKI.TTF', 'HGHT1_CNKI.ttf', 'HGHT2_CNKI.ttf', 'HGHUATI_CNKI.ttf', 'HGHX_CNKI.ttf', 'HGHZ_CNKI.ttf', 'HGH_CNKI.TTF', 'HGKT1_CNKI.TTF', 'HGKT2_CNKI.TTF', 'HGKT_CNKI.TTF', 'HGKY_CNKI.ttf', 'HGLB_CNKI.TTF', 'HGLS_CNKI.TTF', 'HGMH_CNKI.TTF', 'HGNBS_CNKI.ttf', 'HGOCR_CNKI.ttf', 'HGPH_CNKI.TTF', 'HGPTY_CNKI.TTF', 'HGSS1_CNKI.TTF', 'HGSS2_CNKI.TTF', 'HGSS_CNKI.TTF', 'HGSXT_CNKI.ttf', 'HGTT_CNKI.ttf', 'HGTX_CNKI.TTF', 'HGWT_CNKI.TTF', 'HGWYS_CNKI.TTF', 'HGX1X_CNKI.ttf', 'HGX1_CNKI.ttf', 'HGXBS_CNKI.TTF', 'HGXC_CNKI.TTF', 'HGXF1_CNKI.ttf', 'HGXFX_CNKI.ttf', 'HGXFZ_CNKI.ttf', 'HGXH1_CNKI.TTF', 'HGXH_CNKI.TTF', 'HGXK_CNKI.TTF', 'HGXL_CNKI.TTF', 'HGXS_CNKI.TTF', 'HGXT_CNKI.ttf', 'HGXY_CNKI.ttf', 'HGY1_CNKI.TTF', 'HGY2_CNKI.TTF', 'HGY3_CNKI.TTF', 'HGY4_CNKI.TTF', 'HGYB_CNKI.ttf', 'HGYT1_CNKI.ttf', 'HGYT2_CNKI.ttf', 'HGYT_CNKI.TTF', 'HGYX_CNKI.TTF', 'HGZCS_CNKI.TTF', 'HGZDX_CNKI.TTF', 'HGZK_CNKI.TTF', 'HGZYT_CNKI.TTF', 'HGZY_CNKI.TTF', 'himalaya.ttf', 'holomdl2.ttf', 'HTOWERT.TTF', 'HTOWERTI.TTF', 'hvgafix.fon', 'hvgasys.fon', 'impact.ttf', 'IMPRISHA.TTF', 'INFROMAN.TTF', 'Inkfree.ttf', 'iqiyi_logov7.ttf', 'ITCBLKAD.TTF', 'ITCEDSCR.TTF', 'ITCKRIST.TTF', 'j8514fix.fon', 'j8514oem.fon', 'j8514sys.fon', 'javatext.ttf', 'JOKERMAN.TTF', 'jsmalle.fon', 'jsmallf.fon', 'JUICE___.TTF', 'jvgafix.fon', 'jvgasys.fon', 'KUNSTLER.TTF', 'LATINWD.TTF', 'LBRITE.TTF', 'LBRITED.TTF', 'LBRITEDI.TTF', 'LBRITEI.TTF', 'LCALLIG.TTF', 'LeelaUIb.ttf', 'LeelawUI.ttf', 'LeelUIsl.ttf', 'LFAX.TTF', 'LFAXD.TTF', 'LFAXDI.TTF', 'LFAXI.TTF', 'LHANDW.TTF', 'LSANS.TTF', 'LSANSD.TTF', 'LSANSDI.TTF', 'LSANSI.TTF', 'LTYPE.TTF', 'LTYPEB.TTF', 'LTYPEBO.TTF', 'LTYPEO.TTF', 'lucon.ttf', 'l_10646.ttf', 'MAGNETOB.TTF', 'MAIAN.TTF', 'malgun.ttf', 'malgunbd.ttf', 'malgunsl.ttf', 'marlett.ttf', 'MATURASC.TTF', 'micross.ttf', 'mingliub.ttc', 'MISTRAL.TTF', 'mmrtext.ttf', 'mmrtextb.ttf', 'MOD20.TTF', 'modern.fon', 'monbaiti.ttf', 'msgothic.ttc', 'msjh.ttc', 'msjhbd.ttc', 'msjhl.ttc', 'msyh.ttc', 'msyhbd.ttc', 'msyhl.ttc', 'msyi.ttf', 'MTCORSVA.TTF', 'MTEXTRA.TTF', 'mvboli.ttf', 'NIAGENG.TTF', 'NIAGSOL.TTF', 'Nirmala.ttf', 'NirmalaB.ttf', 'NirmalaS.ttf', 'ntailu.ttf', 'ntailub.ttf', 'NumberOnly.ttf', 'OCRAEXT.TTF', 'OLDENGL.TTF', 'ONYX.TTF', 'OUTLOOK.TTF', 'pala.ttf', 'palab.ttf', 'palabi.ttf', 'palai.ttf', 'PALSCRI.TTF', 'PAPYRUS.TTF', 'PARCHM.TTF', 'PERBI___.TTF', 'PERB____.TTF', 'PERI____.TTF', 'PERTIBD.TTF', 'PERTILI.TTF', 'PER_____.TTF', 'phagspa.ttf', 'phagspab.ttf', 'PLAYBILL.TTF', 'POORICH.TTF', 'PRISTINA.TTF', 'RAGE.TTF', 'RAVIE.TTF', 'REFSAN.TTF', 'REFSPCL.TTF', 'ROCCB___.TTF', 'ROCC____.TTF', 'ROCK.TTF', 'ROCKB.TTF', 'ROCKBI.TTF', 'ROCKEB.TTF', 'ROCKI.TTF', 'roman.fon', 's8514fix.fon', 's8514oem.fon', 's8514sys.fon', 'SCHLBKB.TTF', 'SCHLBKBI.TTF', 'SCHLBKI.TTF', 'script.fon', 'SCRIPTBL.TTF', 'segmdl2.ttf', 'SegoeIcons.ttf', 'segoepr.ttf', 'segoeprb.ttf', 'segoesc.ttf', 'segoescb.ttf', 'segoeui.ttf', 'segoeuib.ttf', 'segoeuii.ttf', 'segoeuil.ttf', 'segoeuisl.ttf', 'segoeuiz.ttf', 'seguibl.ttf', 'seguibli.ttf', 'seguiemj.ttf', 'seguihis.ttf', 'seguili.ttf', 'seguisb.ttf', 'seguisbi.ttf', 'seguisli.ttf', 'seguisym.ttf', 'SegUIVar.ttf', 'sere1255.fon', 'sere1256.fon', 'sere1257.fon', 'serf1255.fon', 'serf1256.fon', 'serf1257.fon', 'serife.fon', 'serifee.fon', 'serifeg.fon', 'serifer.fon', 'serifet.fon', 'seriff.fon', 'seriffe.fon', 'seriffg.fon', 'seriffr.fon', 'serifft.fon', 'SHOWG.TTF', 'simfang.ttf', 'simhei.ttf', 'simkai.ttf', 'SIMLI.TTF', 'simsun.ttc', 'simsunb.ttf', 'SIMYOU.TTF', 'SitkaVF-Italic.ttf', 'SitkaVF.ttf', 'smae1255.fon', 'smae1256.fon', 'smae1257.fon', 'smaf1255.fon', 'smaf1256.fon', 'smaf1257.fon', 'smalle.fon', 'smallee.fon', 'smalleg.fon', 'smaller.fon', 'smallet.fon', 'smallf.fon', 'smallfe.fon', 'smallfg.fon', 'smallfr.fon', 'smallft.fon', 'SNAP____.TTF', 'ssee1255.fon', 'ssee1256.fon', 'ssee1257.fon', 'ssee874.fon', 'ssef1255.fon', 'ssef1256.fon', 'ssef1257.fon', 'ssef874.fon', 'sserife.fon', 'sserifee.fon', 'sserifeg.fon', 'sserifer.fon', 'sserifet.fon', 'sseriff.fon', 'sseriffe.fon', 'sseriffg.fon', 'sseriffr.fon', 'sserifft.fon', 'StaticCache.dat', 'STCAIYUN.TTF', 'STENCIL.TTF', 'STFANGSO.TTF', 'STHUPO.TTF', 'STKAITI.TTF', 'STLITI.TTF', 'STSONG.TTF', 'STXIHEI.TTF', 'STXINGKA.TTF', 'STXINWEI.TTF', 'STZHONGS.TTF', 'svgafix.fon', 'svgasys.fon', 'sylfaen.ttf', 'symbol.ttf', 'tahoma.ttf', 'tahomabd.ttf', 'taile.ttf', 'taileb.ttf', 'TCBI____.TTF', 'TCB_____.TTF', 'TCCB____.TTF', 'TCCEB.TTF', 'TCCM____.TTF', 'TCMI____.TTF', 'TCM_____.TTF', 'TEMPSITC.TTF', 'times.ttf', 'timesbd.ttf', 'timesbi.ttf', 'timesi.ttf', 'trebuc.ttf', 'trebucbd.ttf', 'trebucbi.ttf', 'trebucit.ttf', 'verdana.ttf', 'verdanab.ttf', 'verdanai.ttf', 'verdanaz.ttf', 'vga737.fon', 'vga775.fon', 'vga850.fon', 'vga852.fon', 'vga855.fon', 'vga857.fon', 'vga860.fon', 'vga861.fon', 'vga863.fon', 'vga865.fon', 'vga866.fon', 'vga869.fon', 'vga932.fon', 'vga936.fon', 'vga949.fon', 'vga950.fon', 'vgaf1255.fon', 'vgaf1256.fon', 'vgaf1257.fon', 'vgaf874.fon', 'vgafix.fon', 'vgafixe.fon', 'vgafixg.fon', 'vgafixr.fon', 'vgafixt.fon', 'vgaoem.fon', 'vgas1255.fon', 'vgas1256.fon', 'vgas1257.fon', 'vgas874.fon', 'vgasys.fon', 'vgasyse.fon', 'vgasysg.fon', 'vgasysr.fon', 'vgasyst.fon', 'VINERITC.TTF', 'VIVALDII.TTF', 'VLADIMIR.TTF', 'webdings.ttf', 'wingding.ttf', 'WINGDNG2.TTF', 'WINGDNG3.TTF', 'YuGothB.ttc', 'YuGothL.ttc', 'YuGothM.ttc', 'YuGothR.ttc', '\u534e\u5eb7\u65b9\u5706\u4f53W7.TTC', '\u65b9\u6b63\u7c97\u9ed1\u5b8b\u7b80\u4f53.ttf']
2023-09-27 14:54:33,547 - INFO - all fonts installed:['8514fix.fon', '8514fixe.fon', '8514fixg.fon', '8514fixr.fon', '8514fixt.fon', '8514oem.fon', '8514oeme.fon', '8514oemg.fon', '8514oemr.fon', '8514oemt.fon', '8514sys.fon', '8514syse.fon', '8514sysg.fon', '8514sysr.fon', '8514syst.fon', '85775.fon', '85855.fon', '85f1255.fon', '85f1256.fon', '85f1257.fon', '85f874.fon', '85s1255.fon', '85s1256.fon', '85s1257.fon', '85s874.fon', 'AGENCYB.TTF', 'AGENCYR.TTF', 'ALGER.TTF', 'ANTQUAB.TTF', 'ANTQUABI.TTF', 'ANTQUAI.TTF', 'app775.fon', 'app850.fon', 'app852.fon', 'app855.fon', 'app857.fon', 'app866.fon', 'app932.fon', 'app936.fon', 'app949.fon', 'app950.fon', 'arial.ttf', 'arialbd.ttf', 'arialbi.ttf', 'ariali.ttf', 'ARIALN.TTF', 'ARIALNB.TTF', 'ARIALNBI.TTF', 'ARIALNI.TTF', 'ariblk.ttf', 'ARLRDBD.TTF', 'AxureHandwriting-Bold.otf', 'AxureHandwriting-BoldItalic.otf', 'AxureHandwriting-Italic.otf', 'AxureHandwriting.otf', 'bahnschrift.ttf', 'BASKVILL.TTF', 'BAUHS93.TTF', 'BELL.TTF', 'BELLB.TTF', 'BELLI.TTF', 'BERNHC.TTF', 'BKANT.TTF', 'BOD_B.TTF', 'BOD_BI.TTF', 'BOD_BLAI.TTF', 'BOD_BLAR.TTF', 'BOD_CB.TTF', 'BOD_CBI.TTF', 'BOD_CI.TTF', 'BOD_CR.TTF', 'BOD_I.TTF', 'BOD_PSTC.TTF', 'BOD_R.TTF', 'BOOKOS.TTF', 'BOOKOSB.TTF', 'BOOKOSBI.TTF', 'BOOKOSI.TTF', 'BRADHITC.TTF', 'BRITANIC.TTF', 'BRLNSB.TTF', 'BRLNSDB.TTF', 'BRLNSR.TTF', 'BROADW.TTF', 'BRUSHSCI.TTF', 'BSSYM7.TTF', 'c8514fix.fon', 'c8514oem.fon', 'c8514sys.fon', 'calibri.ttf', 'calibrib.ttf', 'calibrii.ttf', 'calibril.ttf', 'calibrili.ttf', 'calibriz.ttf', 'CALIFB.TTF', 'CALIFI.TTF', 'CALIFR.TTF', 'CALIST.TTF', 'CALISTB.TTF', 'CALISTBI.TTF', 'CALISTI.TTF', 'cambria.ttc', 'cambriab.ttf', 'cambriai.ttf', 'cambriaz.ttf', 'Candara.ttf', 'Candarab.ttf', 'Candarai.ttf', 'Candaral.ttf', 'Candarali.ttf', 'Candaraz.ttf', 'CascadiaCode.ttf', 'CascadiaMono.ttf', 'CASTELAR.TTF', 'CENSCBK.TTF', 'CENTAUR.TTF', 'CENTURY.TTF', 'cga40737.fon', 'cga40850.fon', 'cga40852.fon', 'cga40857.fon', 'cga40866.fon', 'cga40869.fon', 'cga40woa.fon', 'cga80737.fon', 'cga80850.fon', 'cga80852.fon', 'cga80857.fon', 'cga80866.fon', 'cga80869.fon', 'cga80woa.fon', 'CHILLER.TTF', 'COLONNA.TTF', 'comic.ttf', 'comicbd.ttf', 'comici.ttf', 'comicz.ttf', 'consola.ttf', 'consolab.ttf', 'consolai.ttf', 'consolaz.ttf', 'constan.ttf', 'constanb.ttf', 'constani.ttf', 'constanz.ttf', 'COOPBL.TTF', 'COPRGTB.TTF', 'COPRGTL.TTF', 'corbel.ttf', 'corbelb.ttf', 'corbeli.ttf', 'corbell.ttf', 'corbelli.ttf', 'corbelz.ttf', 'coue1255.fon', 'coue1256.fon', 'coue1257.fon', 'couf1255.fon', 'couf1256.fon', 'couf1257.fon', 'cour.ttf', 'courbd.ttf', 'courbi.ttf', 'coure.fon', 'couree.fon', 'coureg.fon', 'courer.fon', 'couret.fon', 'courf.fon', 'courfe.fon', 'courfg.fon', 'courfr.fon', 'courft.fon', 'couri.ttf', 'CURLZ___.TTF', 'cvgafix.fon', 'cvgasys.fon', 'Deng.ttf', 'Dengb.ttf', 'Dengl.ttf', 'desktop.ini', 'dos737.fon', 'dos869.fon', 'dosapp.fon', 'DUBAI-BOLD.TTF', 'DUBAI-LIGHT.TTF', 'DUBAI-MEDIUM.TTF', 'DUBAI-REGULAR.TTF', 'ebrima.ttf', 'ebrimabd.ttf', 'ega40737.fon', 'ega40850.fon', 'ega40852.fon', 'ega40857.fon', 'ega40866.fon', 'ega40869.fon', 'ega40woa.fon', 'ega80737.fon', 'ega80850.fon', 'ega80852.fon', 'ega80857.fon', 'ega80866.fon', 'ega80869.fon', 'ega80woa.fon', 'ELEPHNT.TTF', 'ELEPHNTI.TTF', 'ENGR.TTF', 'ERASBD.TTF', 'ERASDEMI.TTF', 'ERASLGHT.TTF', 'ERASMD.TTF', 'FELIXTI.TTF', 'fms_metadata.xml', 'FORTE.TTF', 'FRABK.TTF', 'FRABKIT.TTF', 'FRADM.TTF', 'FRADMCN.TTF', 'FRADMIT.TTF', 'FRAHV.TTF', 'FRAHVIT.TTF', 'framd.ttf', 'FRAMDCN.TTF', 'framdit.ttf', 'FREESCPT.TTF', 'FRSCRIPT.TTF', 'FTLTLT.TTF', 'FZSTK.TTF', 'FZYTK.TTF', 'Gabriola.ttf', 'gadugi.ttf', 'gadugib.ttf', 'GARA.TTF', 'GARABD.TTF', 'GARAIT.TTF', 'georgia.ttf', 'georgiab.ttf', 'georgiai.ttf', 'georgiaz.ttf', 'GIGI.TTF', 'GILBI___.TTF', 'GILB____.TTF', 'GILC____.TTF', 'GILI____.TTF', 'GILLUBCD.TTF', 'GILSANUB.TTF', 'GIL_____.TTF', 'GLECB.TTF', 'GlobalMonospace.CompositeFont', 'GlobalSansSerif.CompositeFont', 'GlobalSerif.CompositeFont', 'GlobalUserInterface.CompositeFont', 'GLSNECB.TTF', 'GOTHIC.TTF', 'GOTHICB.TTF', 'GOTHICBI.TTF', 'GOTHICI.TTF', 'GOUDOS.TTF', 'GOUDOSB.TTF', 'GOUDOSI.TTF', 'GOUDYSTO.TTF', 'h8514fix.fon', 'h8514oem.fon', 'h8514sys.fon', 'HARLOWSI.TTF', 'HARNGTON.TTF', 'HATTEN.TTF', 'HGB1X_CNKI.ttf', 'HGB1_CNKI.ttf', 'HGB2X_CNKI.ttf', 'HGB2_CNKI.ttf', 'HGB3X_CNKI.ttf', 'HGB3_CNKI.ttf', 'HGB4X_CNKI.ttf', 'HGB4_CNKI.ttf', 'HGB5X_CNKI.ttf', 'HGB5_CNKI.ttf', 'HGB6X_CNKI.ttf', 'HGB6_CNKI.ttf', 'HGB7X_CNKI.ttf', 'HGB7_CNKI.ttf', 'HGB8X_CNKI.ttf', 'HGB8_CNKI.ttf', 'HGBD_CNKI.ttf', 'HGBKBX_CNKI.ttf', 'HGBKB_CNKI.ttf', 'HGBKHX_CNKI.ttf', 'HGBKH_CNKI.ttf', 'HGBS1_CNKI.TTF', 'HGBS2_CNKI.TTF', 'HGBS_CNKI.TTF', 'HGBTH_CNKI.TTF', 'HGBTS_CNKI.TTF', 'HGBX_CNKI.ttf', 'HGBZ_CNKI.ttf', 'HGCH_CNKI.TTF', 'HGCUH_CNKI.TTF', 'HGCY_CNKI.TTF', 'HGDBS_CNKI.TTF', 'HGDGY_CNKI.TTF', 'HGDH2_CNKI.TTF', 'HGDH_CNKI.TTF', 'HGDYS_CNKI.TTF', 'HGDY_CNKI.ttf', 'HGF1X_CNKI.ttf', 'HGF1_CNKI.ttf', 'HGF2X_CNKI.ttf', 'HGF2_CNKI.ttf', 'HGF3_CNKI.ttf', 'HGF4X_CNKI.ttf', 'HGF4_CNKI.ttf', 'HGF5X_CNKI.ttf', 'HGF5_CNKI.ttf', 'HGF6X_CNKI.ttf', 'HGF6_CNKI.ttf', 'HGF7X_CNKI.ttf', 'HGF7_CNKI.ttf', 'HGF8_CNKI.ttf', 'HGF9X_CNKI.ttf', 'HGF9_CNKI.ttf', 'HGFS1_CNKI.TTF', 'HGFS2_CNKI.TTF', 'HGFSH_CNKI.TTF', 'HGFS_CNKI.TTF', 'HGFX_CNKI.ttf', 'HGFZ_CNKI.ttf', 'HGGG_CNKI.TTF', 'HGH1X_CNKI.ttf', 'HGH1_CNKI.ttf', 'HGH2X_CNKI.ttf', 'HGH2_CNKI.ttf', 'HGH3X_CNKI.ttf', 'HGH3_CNKI.ttf', 'HGH4X_CNKI.ttf', 'HGH4_CNKI.ttf', 'HGH5X_CNKI.ttf', 'HGH5_CNKI.ttf', 'HGH6X_CNKI.ttf', 'HGH6_CNKI.ttf', 'HGH7X_CNKI.ttf', 'HGH7_CNKI.ttf', 'HGHB_CNKI.TTF', 'HGHD_CNKI.ttf', 'HGHP_CNKI.TTF', 'HGHT1_CNKI.ttf', 'HGHT2_CNKI.ttf', 'HGHUATI_CNKI.ttf', 'HGHX_CNKI.ttf', 'HGHZ_CNKI.ttf', 'HGH_CNKI.TTF', 'HGKT1_CNKI.TTF', 'HGKT2_CNKI.TTF', 'HGKT_CNKI.TTF', 'HGKY_CNKI.ttf', 'HGLB_CNKI.TTF', 'HGLS_CNKI.TTF', 'HGMH_CNKI.TTF', 'HGNBS_CNKI.ttf', 'HGOCR_CNKI.ttf', 'HGPH_CNKI.TTF', 'HGPTY_CNKI.TTF', 'HGSS1_CNKI.TTF', 'HGSS2_CNKI.TTF', 'HGSS_CNKI.TTF', 'HGSXT_CNKI.ttf', 'HGTT_CNKI.ttf', 'HGTX_CNKI.TTF', 'HGWT_CNKI.TTF', 'HGWYS_CNKI.TTF', 'HGX1X_CNKI.ttf', 'HGX1_CNKI.ttf', 'HGXBS_CNKI.TTF', 'HGXC_CNKI.TTF', 'HGXF1_CNKI.ttf', 'HGXFX_CNKI.ttf', 'HGXFZ_CNKI.ttf', 'HGXH1_CNKI.TTF', 'HGXH_CNKI.TTF', 'HGXK_CNKI.TTF', 'HGXL_CNKI.TTF', 'HGXS_CNKI.TTF', 'HGXT_CNKI.ttf', 'HGXY_CNKI.ttf', 'HGY1_CNKI.TTF', 'HGY2_CNKI.TTF', 'HGY3_CNKI.TTF', 'HGY4_CNKI.TTF', 'HGYB_CNKI.ttf', 'HGYT1_CNKI.ttf', 'HGYT2_CNKI.ttf', 'HGYT_CNKI.TTF', 'HGYX_CNKI.TTF', 'HGZCS_CNKI.TTF', 'HGZDX_CNKI.TTF', 'HGZK_CNKI.TTF', 'HGZYT_CNKI.TTF', 'HGZY_CNKI.TTF', 'himalaya.ttf', 'holomdl2.ttf', 'HTOWERT.TTF', 'HTOWERTI.TTF', 'hvgafix.fon', 'hvgasys.fon', 'impact.ttf', 'IMPRISHA.TTF', 'INFROMAN.TTF', 'Inkfree.ttf', 'iqiyi_logov7.ttf', 'ITCBLKAD.TTF', 'ITCEDSCR.TTF', 'ITCKRIST.TTF', 'j8514fix.fon', 'j8514oem.fon', 'j8514sys.fon', 'javatext.ttf', 'JOKERMAN.TTF', 'jsmalle.fon', 'jsmallf.fon', 'JUICE___.TTF', 'jvgafix.fon', 'jvgasys.fon', 'KUNSTLER.TTF', 'LATINWD.TTF', 'LBRITE.TTF', 'LBRITED.TTF', 'LBRITEDI.TTF', 'LBRITEI.TTF', 'LCALLIG.TTF', 'LeelaUIb.ttf', 'LeelawUI.ttf', 'LeelUIsl.ttf', 'LFAX.TTF', 'LFAXD.TTF', 'LFAXDI.TTF', 'LFAXI.TTF', 'LHANDW.TTF', 'LSANS.TTF', 'LSANSD.TTF', 'LSANSDI.TTF', 'LSANSI.TTF', 'LTYPE.TTF', 'LTYPEB.TTF', 'LTYPEBO.TTF', 'LTYPEO.TTF', 'lucon.ttf', 'l_10646.ttf', 'MAGNETOB.TTF', 'MAIAN.TTF', 'malgun.ttf', 'malgunbd.ttf', 'malgunsl.ttf', 'marlett.ttf', 'MATURASC.TTF', 'micross.ttf', 'mingliub.ttc', 'MISTRAL.TTF', 'mmrtext.ttf', 'mmrtextb.ttf', 'MOD20.TTF', 'modern.fon', 'monbaiti.ttf', 'msgothic.ttc', 'msjh.ttc', 'msjhbd.ttc', 'msjhl.ttc', 'msyh.ttc', 'msyhbd.ttc', 'msyhl.ttc', 'msyi.ttf', 'MTCORSVA.TTF', 'MTEXTRA.TTF', 'mvboli.ttf', 'NIAGENG.TTF', 'NIAGSOL.TTF', 'Nirmala.ttf', 'NirmalaB.ttf', 'NirmalaS.ttf', 'ntailu.ttf', 'ntailub.ttf', 'NumberOnly.ttf', 'OCRAEXT.TTF', 'OLDENGL.TTF', 'ONYX.TTF', 'OUTLOOK.TTF', 'pala.ttf', 'palab.ttf', 'palabi.ttf', 'palai.ttf', 'PALSCRI.TTF', 'PAPYRUS.TTF', 'PARCHM.TTF', 'PERBI___.TTF', 'PERB____.TTF', 'PERI____.TTF', 'PERTIBD.TTF', 'PERTILI.TTF', 'PER_____.TTF', 'phagspa.ttf', 'phagspab.ttf', 'PLAYBILL.TTF', 'POORICH.TTF', 'PRISTINA.TTF', 'RAGE.TTF', 'RAVIE.TTF', 'REFSAN.TTF', 'REFSPCL.TTF', 'ROCCB___.TTF', 'ROCC____.TTF', 'ROCK.TTF', 'ROCKB.TTF', 'ROCKBI.TTF', 'ROCKEB.TTF', 'ROCKI.TTF', 'roman.fon', 's8514fix.fon', 's8514oem.fon', 's8514sys.fon', 'SCHLBKB.TTF', 'SCHLBKBI.TTF', 'SCHLBKI.TTF', 'script.fon', 'SCRIPTBL.TTF', 'segmdl2.ttf', 'SegoeIcons.ttf', 'segoepr.ttf', 'segoeprb.ttf', 'segoesc.ttf', 'segoescb.ttf', 'segoeui.ttf', 'segoeuib.ttf', 'segoeuii.ttf', 'segoeuil.ttf', 'segoeuisl.ttf', 'segoeuiz.ttf', 'seguibl.ttf', 'seguibli.ttf', 'seguiemj.ttf', 'seguihis.ttf', 'seguili.ttf', 'seguisb.ttf', 'seguisbi.ttf', 'seguisli.ttf', 'seguisym.ttf', 'SegUIVar.ttf', 'sere1255.fon', 'sere1256.fon', 'sere1257.fon', 'serf1255.fon', 'serf1256.fon', 'serf1257.fon', 'serife.fon', 'serifee.fon', 'serifeg.fon', 'serifer.fon', 'serifet.fon', 'seriff.fon', 'seriffe.fon', 'seriffg.fon', 'seriffr.fon', 'serifft.fon', 'SHOWG.TTF', 'simfang.ttf', 'simhei.ttf', 'simkai.ttf', 'SIMLI.TTF', 'simsun.ttc', 'simsunb.ttf', 'SIMYOU.TTF', 'SitkaVF-Italic.ttf', 'SitkaVF.ttf', 'smae1255.fon', 'smae1256.fon', 'smae1257.fon', 'smaf1255.fon', 'smaf1256.fon', 'smaf1257.fon', 'smalle.fon', 'smallee.fon', 'smalleg.fon', 'smaller.fon', 'smallet.fon', 'smallf.fon', 'smallfe.fon', 'smallfg.fon', 'smallfr.fon', 'smallft.fon', 'SNAP____.TTF', 'ssee1255.fon', 'ssee1256.fon', 'ssee1257.fon', 'ssee874.fon', 'ssef1255.fon', 'ssef1256.fon', 'ssef1257.fon', 'ssef874.fon', 'sserife.fon', 'sserifee.fon', 'sserifeg.fon', 'sserifer.fon', 'sserifet.fon', 'sseriff.fon', 'sseriffe.fon', 'sseriffg.fon', 'sseriffr.fon', 'sserifft.fon', 'StaticCache.dat', 'STCAIYUN.TTF', 'STENCIL.TTF', 'STFANGSO.TTF', 'STHUPO.TTF', 'STKAITI.TTF', 'STLITI.TTF', 'STSONG.TTF', 'STXIHEI.TTF', 'STXINGKA.TTF', 'STXINWEI.TTF', 'STZHONGS.TTF', 'svgafix.fon', 'svgasys.fon', 'sylfaen.ttf', 'symbol.ttf', 'tahoma.ttf', 'tahomabd.ttf', 'taile.ttf', 'taileb.ttf', 'TCBI____.TTF', 'TCB_____.TTF', 'TCCB____.TTF', 'TCCEB.TTF', 'TCCM____.TTF', 'TCMI____.TTF', 'TCM_____.TTF', 'TEMPSITC.TTF', 'times.ttf', 'timesbd.ttf', 'timesbi.ttf', 'timesi.ttf', 'trebuc.ttf', 'trebucbd.ttf', 'trebucbi.ttf', 'trebucit.ttf', 'verdana.ttf', 'verdanab.ttf', 'verdanai.ttf', 'verdanaz.ttf', 'vga737.fon', 'vga775.fon', 'vga850.fon', 'vga852.fon', 'vga855.fon', 'vga857.fon', 'vga860.fon', 'vga861.fon', 'vga863.fon', 'vga865.fon', 'vga866.fon', 'vga869.fon', 'vga932.fon', 'vga936.fon', 'vga949.fon', 'vga950.fon', 'vgaf1255.fon', 'vgaf1256.fon', 'vgaf1257.fon', 'vgaf874.fon', 'vgafix.fon', 'vgafixe.fon', 'vgafixg.fon', 'vgafixr.fon', 'vgafixt.fon', 'vgaoem.fon', 'vgas1255.fon', 'vgas1256.fon', 'vgas1257.fon', 'vgas874.fon', 'vgasys.fon', 'vgasyse.fon', 'vgasysg.fon', 'vgasysr.fon', 'vgasyst.fon', 'VINERITC.TTF', 'VIVALDII.TTF', 'VLADIMIR.TTF', 'webdings.ttf', 'wingding.ttf', 'WINGDNG2.TTF', 'WINGDNG3.TTF', 'YuGothB.ttc', 'YuGothL.ttc', 'YuGothM.ttc', 'YuGothR.ttc', '\u534e\u5eb7\u65b9\u5706\u4f53W7.TTC', '\u65b9\u6b63\u7c97\u9ed1\u5b8b\u7b80\u4f53.ttf']
2023-09-27 14:54:33,548 - INFO - all fonts installed:['8514fix.fon', '8514fixe.fon', '8514fixg.fon', '8514fixr.fon', '8514fixt.fon', '8514oem.fon', '8514oeme.fon', '8514oemg.fon', '8514oemr.fon', '8514oemt.fon', '8514sys.fon', '8514syse.fon', '8514sysg.fon', '8514sysr.fon', '8514syst.fon', '85775.fon', '85855.fon', '85f1255.fon', '85f1256.fon', '85f1257.fon', '85f874.fon', '85s1255.fon', '85s1256.fon', '85s1257.fon', '85s874.fon', 'AGENCYB.TTF', 'AGENCYR.TTF', 'ALGER.TTF', 'ANTQUAB.TTF', 'ANTQUABI.TTF', 'ANTQUAI.TTF', 'app775.fon', 'app850.fon', 'app852.fon', 'app855.fon', 'app857.fon', 'app866.fon', 'app932.fon', 'app936.fon', 'app949.fon', 'app950.fon', 'arial.ttf', 'arialbd.ttf', 'arialbi.ttf', 'ariali.ttf', 'ARIALN.TTF', 'ARIALNB.TTF', 'ARIALNBI.TTF', 'ARIALNI.TTF', 'ariblk.ttf', 'ARLRDBD.TTF', 'AxureHandwriting-Bold.otf', 'AxureHandwriting-BoldItalic.otf', 'AxureHandwriting-Italic.otf', 'AxureHandwriting.otf', 'bahnschrift.ttf', 'BASKVILL.TTF', 'BAUHS93.TTF', 'BELL.TTF', 'BELLB.TTF', 'BELLI.TTF', 'BERNHC.TTF', 'BKANT.TTF', 'BOD_B.TTF', 'BOD_BI.TTF', 'BOD_BLAI.TTF', 'BOD_BLAR.TTF', 'BOD_CB.TTF', 'BOD_CBI.TTF', 'BOD_CI.TTF', 'BOD_CR.TTF', 'BOD_I.TTF', 'BOD_PSTC.TTF', 'BOD_R.TTF', 'BOOKOS.TTF', 'BOOKOSB.TTF', 'BOOKOSBI.TTF', 'BOOKOSI.TTF', 'BRADHITC.TTF', 'BRITANIC.TTF', 'BRLNSB.TTF', 'BRLNSDB.TTF', 'BRLNSR.TTF', 'BROADW.TTF', 'BRUSHSCI.TTF', 'BSSYM7.TTF', 'c8514fix.fon', 'c8514oem.fon', 'c8514sys.fon', 'calibri.ttf', 'calibrib.ttf', 'calibrii.ttf', 'calibril.ttf', 'calibrili.ttf', 'calibriz.ttf', 'CALIFB.TTF', 'CALIFI.TTF', 'CALIFR.TTF', 'CALIST.TTF', 'CALISTB.TTF', 'CALISTBI.TTF', 'CALISTI.TTF', 'cambria.ttc', 'cambriab.ttf', 'cambriai.ttf', 'cambriaz.ttf', 'Candara.ttf', 'Candarab.ttf', 'Candarai.ttf', 'Candaral.ttf', 'Candarali.ttf', 'Candaraz.ttf', 'CascadiaCode.ttf', 'CascadiaMono.ttf', 'CASTELAR.TTF', 'CENSCBK.TTF', 'CENTAUR.TTF', 'CENTURY.TTF', 'cga40737.fon', 'cga40850.fon', 'cga40852.fon', 'cga40857.fon', 'cga40866.fon', 'cga40869.fon', 'cga40woa.fon', 'cga80737.fon', 'cga80850.fon', 'cga80852.fon', 'cga80857.fon', 'cga80866.fon', 'cga80869.fon', 'cga80woa.fon', 'CHILLER.TTF', 'COLONNA.TTF', 'comic.ttf', 'comicbd.ttf', 'comici.ttf', 'comicz.ttf', 'consola.ttf', 'consolab.ttf', 'consolai.ttf', 'consolaz.ttf', 'constan.ttf', 'constanb.ttf', 'constani.ttf', 'constanz.ttf', 'COOPBL.TTF', 'COPRGTB.TTF', 'COPRGTL.TTF', 'corbel.ttf', 'corbelb.ttf', 'corbeli.ttf', 'corbell.ttf', 'corbelli.ttf', 'corbelz.ttf', 'coue1255.fon', 'coue1256.fon', 'coue1257.fon', 'couf1255.fon', 'couf1256.fon', 'couf1257.fon', 'cour.ttf', 'courbd.ttf', 'courbi.ttf', 'coure.fon', 'couree.fon', 'coureg.fon', 'courer.fon', 'couret.fon', 'courf.fon', 'courfe.fon', 'courfg.fon', 'courfr.fon', 'courft.fon', 'couri.ttf', 'CURLZ___.TTF', 'cvgafix.fon', 'cvgasys.fon', 'Deng.ttf', 'Dengb.ttf', 'Dengl.ttf', 'desktop.ini', 'dos737.fon', 'dos869.fon', 'dosapp.fon', 'DUBAI-BOLD.TTF', 'DUBAI-LIGHT.TTF', 'DUBAI-MEDIUM.TTF', 'DUBAI-REGULAR.TTF', 'ebrima.ttf', 'ebrimabd.ttf', 'ega40737.fon', 'ega40850.fon', 'ega40852.fon', 'ega40857.fon', 'ega40866.fon', 'ega40869.fon', 'ega40woa.fon', 'ega80737.fon', 'ega80850.fon', 'ega80852.fon', 'ega80857.fon', 'ega80866.fon', 'ega80869.fon', 'ega80woa.fon', 'ELEPHNT.TTF', 'ELEPHNTI.TTF', 'ENGR.TTF', 'ERASBD.TTF', 'ERASDEMI.TTF', 'ERASLGHT.TTF', 'ERASMD.TTF', 'FELIXTI.TTF', 'fms_metadata.xml', 'FORTE.TTF', 'FRABK.TTF', 'FRABKIT.TTF', 'FRADM.TTF', 'FRADMCN.TTF', 'FRADMIT.TTF', 'FRAHV.TTF', 'FRAHVIT.TTF', 'framd.ttf', 'FRAMDCN.TTF', 'framdit.ttf', 'FREESCPT.TTF', 'FRSCRIPT.TTF', 'FTLTLT.TTF', 'FZSTK.TTF', 'FZYTK.TTF', 'Gabriola.ttf', 'gadugi.ttf', 'gadugib.ttf', 'GARA.TTF', 'GARABD.TTF', 'GARAIT.TTF', 'georgia.ttf', 'georgiab.ttf', 'georgiai.ttf', 'georgiaz.ttf', 'GIGI.TTF', 'GILBI___.TTF', 'GILB____.TTF', 'GILC____.TTF', 'GILI____.TTF', 'GILLUBCD.TTF', 'GILSANUB.TTF', 'GIL_____.TTF', 'GLECB.TTF', 'GlobalMonospace.CompositeFont', 'GlobalSansSerif.CompositeFont', 'GlobalSerif.CompositeFont', 'GlobalUserInterface.CompositeFont', 'GLSNECB.TTF', 'GOTHIC.TTF', 'GOTHICB.TTF', 'GOTHICBI.TTF', 'GOTHICI.TTF', 'GOUDOS.TTF', 'GOUDOSB.TTF', 'GOUDOSI.TTF', 'GOUDYSTO.TTF', 'h8514fix.fon', 'h8514oem.fon', 'h8514sys.fon', 'HARLOWSI.TTF', 'HARNGTON.TTF', 'HATTEN.TTF', 'HGB1X_CNKI.ttf', 'HGB1_CNKI.ttf', 'HGB2X_CNKI.ttf', 'HGB2_CNKI.ttf', 'HGB3X_CNKI.ttf', 'HGB3_CNKI.ttf', 'HGB4X_CNKI.ttf', 'HGB4_CNKI.ttf', 'HGB5X_CNKI.ttf', 'HGB5_CNKI.ttf', 'HGB6X_CNKI.ttf', 'HGB6_CNKI.ttf', 'HGB7X_CNKI.ttf', 'HGB7_CNKI.ttf', 'HGB8X_CNKI.ttf', 'HGB8_CNKI.ttf', 'HGBD_CNKI.ttf', 'HGBKBX_CNKI.ttf', 'HGBKB_CNKI.ttf', 'HGBKHX_CNKI.ttf', 'HGBKH_CNKI.ttf', 'HGBS1_CNKI.TTF', 'HGBS2_CNKI.TTF', 'HGBS_CNKI.TTF', 'HGBTH_CNKI.TTF', 'HGBTS_CNKI.TTF', 'HGBX_CNKI.ttf', 'HGBZ_CNKI.ttf', 'HGCH_CNKI.TTF', 'HGCUH_CNKI.TTF', 'HGCY_CNKI.TTF', 'HGDBS_CNKI.TTF', 'HGDGY_CNKI.TTF', 'HGDH2_CNKI.TTF', 'HGDH_CNKI.TTF', 'HGDYS_CNKI.TTF', 'HGDY_CNKI.ttf', 'HGF1X_CNKI.ttf', 'HGF1_CNKI.ttf', 'HGF2X_CNKI.ttf', 'HGF2_CNKI.ttf', 'HGF3_CNKI.ttf', 'HGF4X_CNKI.ttf', 'HGF4_CNKI.ttf', 'HGF5X_CNKI.ttf', 'HGF5_CNKI.ttf', 'HGF6X_CNKI.ttf', 'HGF6_CNKI.ttf', 'HGF7X_CNKI.ttf', 'HGF7_CNKI.ttf', 'HGF8_CNKI.ttf', 'HGF9X_CNKI.ttf', 'HGF9_CNKI.ttf', 'HGFS1_CNKI.TTF', 'HGFS2_CNKI.TTF', 'HGFSH_CNKI.TTF', 'HGFS_CNKI.TTF', 'HGFX_CNKI.ttf', 'HGFZ_CNKI.ttf', 'HGGG_CNKI.TTF', 'HGH1X_CNKI.ttf', 'HGH1_CNKI.ttf', 'HGH2X_CNKI.ttf', 'HGH2_CNKI.ttf', 'HGH3X_CNKI.ttf', 'HGH3_CNKI.ttf', 'HGH4X_CNKI.ttf', 'HGH4_CNKI.ttf', 'HGH5X_CNKI.ttf', 'HGH5_CNKI.ttf', 'HGH6X_CNKI.ttf', 'HGH6_CNKI.ttf', 'HGH7X_CNKI.ttf', 'HGH7_CNKI.ttf', 'HGHB_CNKI.TTF', 'HGHD_CNKI.ttf', 'HGHP_CNKI.TTF', 'HGHT1_CNKI.ttf', 'HGHT2_CNKI.ttf', 'HGHUATI_CNKI.ttf', 'HGHX_CNKI.ttf', 'HGHZ_CNKI.ttf', 'HGH_CNKI.TTF', 'HGKT1_CNKI.TTF', 'HGKT2_CNKI.TTF', 'HGKT_CNKI.TTF', 'HGKY_CNKI.ttf', 'HGLB_CNKI.TTF', 'HGLS_CNKI.TTF', 'HGMH_CNKI.TTF', 'HGNBS_CNKI.ttf', 'HGOCR_CNKI.ttf', 'HGPH_CNKI.TTF', 'HGPTY_CNKI.TTF', 'HGSS1_CNKI.TTF', 'HGSS2_CNKI.TTF', 'HGSS_CNKI.TTF', 'HGSXT_CNKI.ttf', 'HGTT_CNKI.ttf', 'HGTX_CNKI.TTF', 'HGWT_CNKI.TTF', 'HGWYS_CNKI.TTF', 'HGX1X_CNKI.ttf', 'HGX1_CNKI.ttf', 'HGXBS_CNKI.TTF', 'HGXC_CNKI.TTF', 'HGXF1_CNKI.ttf', 'HGXFX_CNKI.ttf', 'HGXFZ_CNKI.ttf', 'HGXH1_CNKI.TTF', 'HGXH_CNKI.TTF', 'HGXK_CNKI.TTF', 'HGXL_CNKI.TTF', 'HGXS_CNKI.TTF', 'HGXT_CNKI.ttf', 'HGXY_CNKI.ttf', 'HGY1_CNKI.TTF', 'HGY2_CNKI.TTF', 'HGY3_CNKI.TTF', 'HGY4_CNKI.TTF', 'HGYB_CNKI.ttf', 'HGYT1_CNKI.ttf', 'HGYT2_CNKI.ttf', 'HGYT_CNKI.TTF', 'HGYX_CNKI.TTF', 'HGZCS_CNKI.TTF', 'HGZDX_CNKI.TTF', 'HGZK_CNKI.TTF', 'HGZYT_CNKI.TTF', 'HGZY_CNKI.TTF', 'himalaya.ttf', 'holomdl2.ttf', 'HTOWERT.TTF', 'HTOWERTI.TTF', 'hvgafix.fon', 'hvgasys.fon', 'impact.ttf', 'IMPRISHA.TTF', 'INFROMAN.TTF', 'Inkfree.ttf', 'iqiyi_logov7.ttf', 'ITCBLKAD.TTF', 'ITCEDSCR.TTF', 'ITCKRIST.TTF', 'j8514fix.fon', 'j8514oem.fon', 'j8514sys.fon', 'javatext.ttf', 'JOKERMAN.TTF', 'jsmalle.fon', 'jsmallf.fon', 'JUICE___.TTF', 'jvgafix.fon', 'jvgasys.fon', 'KUNSTLER.TTF', 'LATINWD.TTF', 'LBRITE.TTF', 'LBRITED.TTF', 'LBRITEDI.TTF', 'LBRITEI.TTF', 'LCALLIG.TTF', 'LeelaUIb.ttf', 'LeelawUI.ttf', 'LeelUIsl.ttf', 'LFAX.TTF', 'LFAXD.TTF', 'LFAXDI.TTF', 'LFAXI.TTF', 'LHANDW.TTF', 'LSANS.TTF', 'LSANSD.TTF', 'LSANSDI.TTF', 'LSANSI.TTF', 'LTYPE.TTF', 'LTYPEB.TTF', 'LTYPEBO.TTF', 'LTYPEO.TTF', 'lucon.ttf', 'l_10646.ttf', 'MAGNETOB.TTF', 'MAIAN.TTF', 'malgun.ttf', 'malgunbd.ttf', 'malgunsl.ttf', 'marlett.ttf', 'MATURASC.TTF', 'micross.ttf', 'mingliub.ttc', 'MISTRAL.TTF', 'mmrtext.ttf', 'mmrtextb.ttf', 'MOD20.TTF', 'modern.fon', 'monbaiti.ttf', 'msgothic.ttc', 'msjh.ttc', 'msjhbd.ttc', 'msjhl.ttc', 'msyh.ttc', 'msyhbd.ttc', 'msyhl.ttc', 'msyi.ttf', 'MTCORSVA.TTF', 'MTEXTRA.TTF', 'mvboli.ttf', 'NIAGENG.TTF', 'NIAGSOL.TTF', 'Nirmala.ttf', 'NirmalaB.ttf', 'NirmalaS.ttf', 'ntailu.ttf', 'ntailub.ttf', 'NumberOnly.ttf', 'OCRAEXT.TTF', 'OLDENGL.TTF', 'ONYX.TTF', 'OUTLOOK.TTF', 'pala.ttf', 'palab.ttf', 'palabi.ttf', 'palai.ttf', 'PALSCRI.TTF', 'PAPYRUS.TTF', 'PARCHM.TTF', 'PERBI___.TTF', 'PERB____.TTF', 'PERI____.TTF', 'PERTIBD.TTF', 'PERTILI.TTF', 'PER_____.TTF', 'phagspa.ttf', 'phagspab.ttf', 'PLAYBILL.TTF', 'POORICH.TTF', 'PRISTINA.TTF', 'RAGE.TTF', 'RAVIE.TTF', 'REFSAN.TTF', 'REFSPCL.TTF', 'ROCCB___.TTF', 'ROCC____.TTF', 'ROCK.TTF', 'ROCKB.TTF', 'ROCKBI.TTF', 'ROCKEB.TTF', 'ROCKI.TTF', 'roman.fon', 's8514fix.fon', 's8514oem.fon', 's8514sys.fon', 'SCHLBKB.TTF', 'SCHLBKBI.TTF', 'SCHLBKI.TTF', 'script.fon', 'SCRIPTBL.TTF', 'segmdl2.ttf', 'SegoeIcons.ttf', 'segoepr.ttf', 'segoeprb.ttf', 'segoesc.ttf', 'segoescb.ttf', 'segoeui.ttf', 'segoeuib.ttf', 'segoeuii.ttf', 'segoeuil.ttf', 'segoeuisl.ttf', 'segoeuiz.ttf', 'seguibl.ttf', 'seguibli.ttf', 'seguiemj.ttf', 'seguihis.ttf', 'seguili.ttf', 'seguisb.ttf', 'seguisbi.ttf', 'seguisli.ttf', 'seguisym.ttf', 'SegUIVar.ttf', 'sere1255.fon', 'sere1256.fon', 'sere1257.fon', 'serf1255.fon', 'serf1256.fon', 'serf1257.fon', 'serife.fon', 'serifee.fon', 'serifeg.fon', 'serifer.fon', 'serifet.fon', 'seriff.fon', 'seriffe.fon', 'seriffg.fon', 'seriffr.fon', 'serifft.fon', 'SHOWG.TTF', 'simfang.ttf', 'simhei.ttf', 'simkai.ttf', 'SIMLI.TTF', 'simsun.ttc', 'simsunb.ttf', 'SIMYOU.TTF', 'SitkaVF-Italic.ttf', 'SitkaVF.ttf', 'smae1255.fon', 'smae1256.fon', 'smae1257.fon', 'smaf1255.fon', 'smaf1256.fon', 'smaf1257.fon', 'smalle.fon', 'smallee.fon', 'smalleg.fon', 'smaller.fon', 'smallet.fon', 'smallf.fon', 'smallfe.fon', 'smallfg.fon', 'smallfr.fon', 'smallft.fon', 'SNAP____.TTF', 'ssee1255.fon', 'ssee1256.fon', 'ssee1257.fon', 'ssee874.fon', 'ssef1255.fon', 'ssef1256.fon', 'ssef1257.fon', 'ssef874.fon', 'sserife.fon', 'sserifee.fon', 'sserifeg.fon', 'sserifer.fon', 'sserifet.fon', 'sseriff.fon', 'sseriffe.fon', 'sseriffg.fon', 'sseriffr.fon', 'sserifft.fon', 'StaticCache.dat', 'STCAIYUN.TTF', 'STENCIL.TTF', 'STFANGSO.TTF', 'STHUPO.TTF', 'STKAITI.TTF', 'STLITI.TTF', 'STSONG.TTF', 'STXIHEI.TTF', 'STXINGKA.TTF', 'STXINWEI.TTF', 'STZHONGS.TTF', 'svgafix.fon', 'svgasys.fon', 'sylfaen.ttf', 'symbol.ttf', 'tahoma.ttf', 'tahomabd.ttf', 'taile.ttf', 'taileb.ttf', 'TCBI____.TTF', 'TCB_____.TTF', 'TCCB____.TTF', 'TCCEB.TTF', 'TCCM____.TTF', 'TCMI____.TTF', 'TCM_____.TTF', 'TEMPSITC.TTF', 'times.ttf', 'timesbd.ttf', 'timesbi.ttf', 'timesi.ttf', 'trebuc.ttf', 'trebucbd.ttf', 'trebucbi.ttf', 'trebucit.ttf', 'verdana.ttf', 'verdanab.ttf', 'verdanai.ttf', 'verdanaz.ttf', 'vga737.fon', 'vga775.fon', 'vga850.fon', 'vga852.fon', 'vga855.fon', 'vga857.fon', 'vga860.fon', 'vga861.fon', 'vga863.fon', 'vga865.fon', 'vga866.fon', 'vga869.fon', 'vga932.fon', 'vga936.fon', 'vga949.fon', 'vga950.fon', 'vgaf1255.fon', 'vgaf1256.fon', 'vgaf1257.fon', 'vgaf874.fon', 'vgafix.fon', 'vgafixe.fon', 'vgafixg.fon', 'vgafixr.fon', 'vgafixt.fon', 'vgaoem.fon', 'vgas1255.fon', 'vgas1256.fon', 'vgas1257.fon', 'vgas874.fon', 'vgasys.fon', 'vgasyse.fon', 'vgasysg.fon', 'vgasysr.fon', 'vgasyst.fon', 'VINERITC.TTF', 'VIVALDII.TTF', 'VLADIMIR.TTF', 'webdings.ttf', 'wingding.ttf', 'WINGDNG2.TTF', 'WINGDNG3.TTF', 'YuGothB.ttc', 'YuGothL.ttc', 'YuGothM.ttc', 'YuGothR.ttc', '\u534e\u5eb7\u65b9\u5706\u4f53W7.TTC', '\u65b9\u6b63\u7c97\u9ed1\u5b8b\u7b80\u4f53.ttf']
2023-09-27 14:54:33,550 - INFO - all fonts installed:['8514fix.fon', '8514fixe.fon', '8514fixg.fon', '8514fixr.fon', '8514fixt.fon', '8514oem.fon', '8514oeme.fon', '8514oemg.fon', '8514oemr.fon', '8514oemt.fon', '8514sys.fon', '8514syse.fon', '8514sysg.fon', '8514sysr.fon', '8514syst.fon', '85775.fon', '85855.fon', '85f1255.fon', '85f1256.fon', '85f1257.fon', '85f874.fon', '85s1255.fon', '85s1256.fon', '85s1257.fon', '85s874.fon', 'AGENCYB.TTF', 'AGENCYR.TTF', 'ALGER.TTF', 'ANTQUAB.TTF', 'ANTQUABI.TTF', 'ANTQUAI.TTF', 'app775.fon', 'app850.fon', 'app852.fon', 'app855.fon', 'app857.fon', 'app866.fon', 'app932.fon', 'app936.fon', 'app949.fon', 'app950.fon', 'arial.ttf', 'arialbd.ttf', 'arialbi.ttf', 'ariali.ttf', 'ARIALN.TTF', 'ARIALNB.TTF', 'ARIALNBI.TTF', 'ARIALNI.TTF', 'ariblk.ttf', 'ARLRDBD.TTF', 'AxureHandwriting-Bold.otf', 'AxureHandwriting-BoldItalic.otf', 'AxureHandwriting-Italic.otf', 'AxureHandwriting.otf', 'bahnschrift.ttf', 'BASKVILL.TTF', 'BAUHS93.TTF', 'BELL.TTF', 'BELLB.TTF', 'BELLI.TTF', 'BERNHC.TTF', 'BKANT.TTF', 'BOD_B.TTF', 'BOD_BI.TTF', 'BOD_BLAI.TTF', 'BOD_BLAR.TTF', 'BOD_CB.TTF', 'BOD_CBI.TTF', 'BOD_CI.TTF', 'BOD_CR.TTF', 'BOD_I.TTF', 'BOD_PSTC.TTF', 'BOD_R.TTF', 'BOOKOS.TTF', 'BOOKOSB.TTF', 'BOOKOSBI.TTF', 'BOOKOSI.TTF', 'BRADHITC.TTF', 'BRITANIC.TTF', 'BRLNSB.TTF', 'BRLNSDB.TTF', 'BRLNSR.TTF', 'BROADW.TTF', 'BRUSHSCI.TTF', 'BSSYM7.TTF', 'c8514fix.fon', 'c8514oem.fon', 'c8514sys.fon', 'calibri.ttf', 'calibrib.ttf', 'calibrii.ttf', 'calibril.ttf', 'calibrili.ttf', 'calibriz.ttf', 'CALIFB.TTF', 'CALIFI.TTF', 'CALIFR.TTF', 'CALIST.TTF', 'CALISTB.TTF', 'CALISTBI.TTF', 'CALISTI.TTF', 'cambria.ttc', 'cambriab.ttf', 'cambriai.ttf', 'cambriaz.ttf', 'Candara.ttf', 'Candarab.ttf', 'Candarai.ttf', 'Candaral.ttf', 'Candarali.ttf', 'Candaraz.ttf', 'CascadiaCode.ttf', 'CascadiaMono.ttf', 'CASTELAR.TTF', 'CENSCBK.TTF', 'CENTAUR.TTF', 'CENTURY.TTF', 'cga40737.fon', 'cga40850.fon', 'cga40852.fon', 'cga40857.fon', 'cga40866.fon', 'cga40869.fon', 'cga40woa.fon', 'cga80737.fon', 'cga80850.fon', 'cga80852.fon', 'cga80857.fon', 'cga80866.fon', 'cga80869.fon', 'cga80woa.fon', 'CHILLER.TTF', 'COLONNA.TTF', 'comic.ttf', 'comicbd.ttf', 'comici.ttf', 'comicz.ttf', 'consola.ttf', 'consolab.ttf', 'consolai.ttf', 'consolaz.ttf', 'constan.ttf', 'constanb.ttf', 'constani.ttf', 'constanz.ttf', 'COOPBL.TTF', 'COPRGTB.TTF', 'COPRGTL.TTF', 'corbel.ttf', 'corbelb.ttf', 'corbeli.ttf', 'corbell.ttf', 'corbelli.ttf', 'corbelz.ttf', 'coue1255.fon', 'coue1256.fon', 'coue1257.fon', 'couf1255.fon', 'couf1256.fon', 'couf1257.fon', 'cour.ttf', 'courbd.ttf', 'courbi.ttf', 'coure.fon', 'couree.fon', 'coureg.fon', 'courer.fon', 'couret.fon', 'courf.fon', 'courfe.fon', 'courfg.fon', 'courfr.fon', 'courft.fon', 'couri.ttf', 'CURLZ___.TTF', 'cvgafix.fon', 'cvgasys.fon', 'Deng.ttf', 'Dengb.ttf', 'Dengl.ttf', 'desktop.ini', 'dos737.fon', 'dos869.fon', 'dosapp.fon', 'DUBAI-BOLD.TTF', 'DUBAI-LIGHT.TTF', 'DUBAI-MEDIUM.TTF', 'DUBAI-REGULAR.TTF', 'ebrima.ttf', 'ebrimabd.ttf', 'ega40737.fon', 'ega40850.fon', 'ega40852.fon', 'ega40857.fon', 'ega40866.fon', 'ega40869.fon', 'ega40woa.fon', 'ega80737.fon', 'ega80850.fon', 'ega80852.fon', 'ega80857.fon', 'ega80866.fon', 'ega80869.fon', 'ega80woa.fon', 'ELEPHNT.TTF', 'ELEPHNTI.TTF', 'ENGR.TTF', 'ERASBD.TTF', 'ERASDEMI.TTF', 'ERASLGHT.TTF', 'ERASMD.TTF', 'FELIXTI.TTF', 'fms_metadata.xml', 'FORTE.TTF', 'FRABK.TTF', 'FRABKIT.TTF', 'FRADM.TTF', 'FRADMCN.TTF', 'FRADMIT.TTF', 'FRAHV.TTF', 'FRAHVIT.TTF', 'framd.ttf', 'FRAMDCN.TTF', 'framdit.ttf', 'FREESCPT.TTF', 'FRSCRIPT.TTF', 'FTLTLT.TTF', 'FZSTK.TTF', 'FZYTK.TTF', 'Gabriola.ttf', 'gadugi.ttf', 'gadugib.ttf', 'GARA.TTF', 'GARABD.TTF', 'GARAIT.TTF', 'georgia.ttf', 'georgiab.ttf', 'georgiai.ttf', 'georgiaz.ttf', 'GIGI.TTF', 'GILBI___.TTF', 'GILB____.TTF', 'GILC____.TTF', 'GILI____.TTF', 'GILLUBCD.TTF', 'GILSANUB.TTF', 'GIL_____.TTF', 'GLECB.TTF', 'GlobalMonospace.CompositeFont', 'GlobalSansSerif.CompositeFont', 'GlobalSerif.CompositeFont', 'GlobalUserInterface.CompositeFont', 'GLSNECB.TTF', 'GOTHIC.TTF', 'GOTHICB.TTF', 'GOTHICBI.TTF', 'GOTHICI.TTF', 'GOUDOS.TTF', 'GOUDOSB.TTF', 'GOUDOSI.TTF', 'GOUDYSTO.TTF', 'h8514fix.fon', 'h8514oem.fon', 'h8514sys.fon', 'HARLOWSI.TTF', 'HARNGTON.TTF', 'HATTEN.TTF', 'HGB1X_CNKI.ttf', 'HGB1_CNKI.ttf', 'HGB2X_CNKI.ttf', 'HGB2_CNKI.ttf', 'HGB3X_CNKI.ttf', 'HGB3_CNKI.ttf', 'HGB4X_CNKI.ttf', 'HGB4_CNKI.ttf', 'HGB5X_CNKI.ttf', 'HGB5_CNKI.ttf', 'HGB6X_CNKI.ttf', 'HGB6_CNKI.ttf', 'HGB7X_CNKI.ttf', 'HGB7_CNKI.ttf', 'HGB8X_CNKI.ttf', 'HGB8_CNKI.ttf', 'HGBD_CNKI.ttf', 'HGBKBX_CNKI.ttf', 'HGBKB_CNKI.ttf', 'HGBKHX_CNKI.ttf', 'HGBKH_CNKI.ttf', 'HGBS1_CNKI.TTF', 'HGBS2_CNKI.TTF', 'HGBS_CNKI.TTF', 'HGBTH_CNKI.TTF', 'HGBTS_CNKI.TTF', 'HGBX_CNKI.ttf', 'HGBZ_CNKI.ttf', 'HGCH_CNKI.TTF', 'HGCUH_CNKI.TTF', 'HGCY_CNKI.TTF', 'HGDBS_CNKI.TTF', 'HGDGY_CNKI.TTF', 'HGDH2_CNKI.TTF', 'HGDH_CNKI.TTF', 'HGDYS_CNKI.TTF', 'HGDY_CNKI.ttf', 'HGF1X_CNKI.ttf', 'HGF1_CNKI.ttf', 'HGF2X_CNKI.ttf', 'HGF2_CNKI.ttf', 'HGF3_CNKI.ttf', 'HGF4X_CNKI.ttf', 'HGF4_CNKI.ttf', 'HGF5X_CNKI.ttf', 'HGF5_CNKI.ttf', 'HGF6X_CNKI.ttf', 'HGF6_CNKI.ttf', 'HGF7X_CNKI.ttf', 'HGF7_CNKI.ttf', 'HGF8_CNKI.ttf', 'HGF9X_CNKI.ttf', 'HGF9_CNKI.ttf', 'HGFS1_CNKI.TTF', 'HGFS2_CNKI.TTF', 'HGFSH_CNKI.TTF', 'HGFS_CNKI.TTF', 'HGFX_CNKI.ttf', 'HGFZ_CNKI.ttf', 'HGGG_CNKI.TTF', 'HGH1X_CNKI.ttf', 'HGH1_CNKI.ttf', 'HGH2X_CNKI.ttf', 'HGH2_CNKI.ttf', 'HGH3X_CNKI.ttf', 'HGH3_CNKI.ttf', 'HGH4X_CNKI.ttf', 'HGH4_CNKI.ttf', 'HGH5X_CNKI.ttf', 'HGH5_CNKI.ttf', 'HGH6X_CNKI.ttf', 'HGH6_CNKI.ttf', 'HGH7X_CNKI.ttf', 'HGH7_CNKI.ttf', 'HGHB_CNKI.TTF', 'HGHD_CNKI.ttf', 'HGHP_CNKI.TTF', 'HGHT1_CNKI.ttf', 'HGHT2_CNKI.ttf', 'HGHUATI_CNKI.ttf', 'HGHX_CNKI.ttf', 'HGHZ_CNKI.ttf', 'HGH_CNKI.TTF', 'HGKT1_CNKI.TTF', 'HGKT2_CNKI.TTF', 'HGKT_CNKI.TTF', 'HGKY_CNKI.ttf', 'HGLB_CNKI.TTF', 'HGLS_CNKI.TTF', 'HGMH_CNKI.TTF', 'HGNBS_CNKI.ttf', 'HGOCR_CNKI.ttf', 'HGPH_CNKI.TTF', 'HGPTY_CNKI.TTF', 'HGSS1_CNKI.TTF', 'HGSS2_CNKI.TTF', 'HGSS_CNKI.TTF', 'HGSXT_CNKI.ttf', 'HGTT_CNKI.ttf', 'HGTX_CNKI.TTF', 'HGWT_CNKI.TTF', 'HGWYS_CNKI.TTF', 'HGX1X_CNKI.ttf', 'HGX1_CNKI.ttf', 'HGXBS_CNKI.TTF', 'HGXC_CNKI.TTF', 'HGXF1_CNKI.ttf', 'HGXFX_CNKI.ttf', 'HGXFZ_CNKI.ttf', 'HGXH1_CNKI.TTF', 'HGXH_CNKI.TTF', 'HGXK_CNKI.TTF', 'HGXL_CNKI.TTF', 'HGXS_CNKI.TTF', 'HGXT_CNKI.ttf', 'HGXY_CNKI.ttf', 'HGY1_CNKI.TTF', 'HGY2_CNKI.TTF', 'HGY3_CNKI.TTF', 'HGY4_CNKI.TTF', 'HGYB_CNKI.ttf', 'HGYT1_CNKI.ttf', 'HGYT2_CNKI.ttf', 'HGYT_CNKI.TTF', 'HGYX_CNKI.TTF', 'HGZCS_CNKI.TTF', 'HGZDX_CNKI.TTF', 'HGZK_CNKI.TTF', 'HGZYT_CNKI.TTF', 'HGZY_CNKI.TTF', 'himalaya.ttf', 'holomdl2.ttf', 'HTOWERT.TTF', 'HTOWERTI.TTF', 'hvgafix.fon', 'hvgasys.fon', 'impact.ttf', 'IMPRISHA.TTF', 'INFROMAN.TTF', 'Inkfree.ttf', 'iqiyi_logov7.ttf', 'ITCBLKAD.TTF', 'ITCEDSCR.TTF', 'ITCKRIST.TTF', 'j8514fix.fon', 'j8514oem.fon', 'j8514sys.fon', 'javatext.ttf', 'JOKERMAN.TTF', 'jsmalle.fon', 'jsmallf.fon', 'JUICE___.TTF', 'jvgafix.fon', 'jvgasys.fon', 'KUNSTLER.TTF', 'LATINWD.TTF', 'LBRITE.TTF', 'LBRITED.TTF', 'LBRITEDI.TTF', 'LBRITEI.TTF', 'LCALLIG.TTF', 'LeelaUIb.ttf', 'LeelawUI.ttf', 'LeelUIsl.ttf', 'LFAX.TTF', 'LFAXD.TTF', 'LFAXDI.TTF', 'LFAXI.TTF', 'LHANDW.TTF', 'LSANS.TTF', 'LSANSD.TTF', 'LSANSDI.TTF', 'LSANSI.TTF', 'LTYPE.TTF', 'LTYPEB.TTF', 'LTYPEBO.TTF', 'LTYPEO.TTF', 'lucon.ttf', 'l_10646.ttf', 'MAGNETOB.TTF', 'MAIAN.TTF', 'malgun.ttf', 'malgunbd.ttf', 'malgunsl.ttf', 'marlett.ttf', 'MATURASC.TTF', 'micross.ttf', 'mingliub.ttc', 'MISTRAL.TTF', 'mmrtext.ttf', 'mmrtextb.ttf', 'MOD20.TTF', 'modern.fon', 'monbaiti.ttf', 'msgothic.ttc', 'msjh.ttc', 'msjhbd.ttc', 'msjhl.ttc', 'msyh.ttc', 'msyhbd.ttc', 'msyhl.ttc', 'msyi.ttf', 'MTCORSVA.TTF', 'MTEXTRA.TTF', 'mvboli.ttf', 'NIAGENG.TTF', 'NIAGSOL.TTF', 'Nirmala.ttf', 'NirmalaB.ttf', 'NirmalaS.ttf', 'ntailu.ttf', 'ntailub.ttf', 'NumberOnly.ttf', 'OCRAEXT.TTF', 'OLDENGL.TTF', 'ONYX.TTF', 'OUTLOOK.TTF', 'pala.ttf', 'palab.ttf', 'palabi.ttf', 'palai.ttf', 'PALSCRI.TTF', 'PAPYRUS.TTF', 'PARCHM.TTF', 'PERBI___.TTF', 'PERB____.TTF', 'PERI____.TTF', 'PERTIBD.TTF', 'PERTILI.TTF', 'PER_____.TTF', 'phagspa.ttf', 'phagspab.ttf', 'PLAYBILL.TTF', 'POORICH.TTF', 'PRISTINA.TTF', 'RAGE.TTF', 'RAVIE.TTF', 'REFSAN.TTF', 'REFSPCL.TTF', 'ROCCB___.TTF', 'ROCC____.TTF', 'ROCK.TTF', 'ROCKB.TTF', 'ROCKBI.TTF', 'ROCKEB.TTF', 'ROCKI.TTF', 'roman.fon', 's8514fix.fon', 's8514oem.fon', 's8514sys.fon', 'SCHLBKB.TTF', 'SCHLBKBI.TTF', 'SCHLBKI.TTF', 'script.fon', 'SCRIPTBL.TTF', 'segmdl2.ttf', 'SegoeIcons.ttf', 'segoepr.ttf', 'segoeprb.ttf', 'segoesc.ttf', 'segoescb.ttf', 'segoeui.ttf', 'segoeuib.ttf', 'segoeuii.ttf', 'segoeuil.ttf', 'segoeuisl.ttf', 'segoeuiz.ttf', 'seguibl.ttf', 'seguibli.ttf', 'seguiemj.ttf', 'seguihis.ttf', 'seguili.ttf', 'seguisb.ttf', 'seguisbi.ttf', 'seguisli.ttf', 'seguisym.ttf', 'SegUIVar.ttf', 'sere1255.fon', 'sere1256.fon', 'sere1257.fon', 'serf1255.fon', 'serf1256.fon', 'serf1257.fon', 'serife.fon', 'serifee.fon', 'serifeg.fon', 'serifer.fon', 'serifet.fon', 'seriff.fon', 'seriffe.fon', 'seriffg.fon', 'seriffr.fon', 'serifft.fon', 'SHOWG.TTF', 'simfang.ttf', 'simhei.ttf', 'simkai.ttf', 'SIMLI.TTF', 'simsun.ttc', 'simsunb.ttf', 'SIMYOU.TTF', 'SitkaVF-Italic.ttf', 'SitkaVF.ttf', 'smae1255.fon', 'smae1256.fon', 'smae1257.fon', 'smaf1255.fon', 'smaf1256.fon', 'smaf1257.fon', 'smalle.fon', 'smallee.fon', 'smalleg.fon', 'smaller.fon', 'smallet.fon', 'smallf.fon', 'smallfe.fon', 'smallfg.fon', 'smallfr.fon', 'smallft.fon', 'SNAP____.TTF', 'ssee1255.fon', 'ssee1256.fon', 'ssee1257.fon', 'ssee874.fon', 'ssef1255.fon', 'ssef1256.fon', 'ssef1257.fon', 'ssef874.fon', 'sserife.fon', 'sserifee.fon', 'sserifeg.fon', 'sserifer.fon', 'sserifet.fon', 'sseriff.fon', 'sseriffe.fon', 'sseriffg.fon', 'sseriffr.fon', 'sserifft.fon', 'StaticCache.dat', 'STCAIYUN.TTF', 'STENCIL.TTF', 'STFANGSO.TTF', 'STHUPO.TTF', 'STKAITI.TTF', 'STLITI.TTF', 'STSONG.TTF', 'STXIHEI.TTF', 'STXINGKA.TTF', 'STXINWEI.TTF', 'STZHONGS.TTF', 'svgafix.fon', 'svgasys.fon', 'sylfaen.ttf', 'symbol.ttf', 'tahoma.ttf', 'tahomabd.ttf', 'taile.ttf', 'taileb.ttf', 'TCBI____.TTF', 'TCB_____.TTF', 'TCCB____.TTF', 'TCCEB.TTF', 'TCCM____.TTF', 'TCMI____.TTF', 'TCM_____.TTF', 'TEMPSITC.TTF', 'times.ttf', 'timesbd.ttf', 'timesbi.ttf', 'timesi.ttf', 'trebuc.ttf', 'trebucbd.ttf', 'trebucbi.ttf', 'trebucit.ttf', 'verdana.ttf', 'verdanab.ttf', 'verdanai.ttf', 'verdanaz.ttf', 'vga737.fon', 'vga775.fon', 'vga850.fon', 'vga852.fon', 'vga855.fon', 'vga857.fon', 'vga860.fon', 'vga861.fon', 'vga863.fon', 'vga865.fon', 'vga866.fon', 'vga869.fon', 'vga932.fon', 'vga936.fon', 'vga949.fon', 'vga950.fon', 'vgaf1255.fon', 'vgaf1256.fon', 'vgaf1257.fon', 'vgaf874.fon', 'vgafix.fon', 'vgafixe.fon', 'vgafixg.fon', 'vgafixr.fon', 'vgafixt.fon', 'vgaoem.fon', 'vgas1255.fon', 'vgas1256.fon', 'vgas1257.fon', 'vgas874.fon', 'vgasys.fon', 'vgasyse.fon', 'vgasysg.fon', 'vgasysr.fon', 'vgasyst.fon', 'VINERITC.TTF', 'VIVALDII.TTF', 'VLADIMIR.TTF', 'webdings.ttf', 'wingding.ttf', 'WINGDNG2.TTF', 'WINGDNG3.TTF', 'YuGothB.ttc', 'YuGothL.ttc', 'YuGothM.ttc', 'YuGothR.ttc', '\u534e\u5eb7\u65b9\u5706\u4f53W7.TTC', '\u65b9\u6b63\u7c97\u9ed1\u5b8b\u7b80\u4f53.ttf']
2023-09-27 14:54:33,798 - INFO - all fonts installed:['8514fix.fon', '8514fixe.fon', '8514fixg.fon', '8514fixr.fon', '8514fixt.fon', '8514oem.fon', '8514oeme.fon', '8514oemg.fon', '8514oemr.fon', '8514oemt.fon', '8514sys.fon', '8514syse.fon', '8514sysg.fon', '8514sysr.fon', '8514syst.fon', '85775.fon', '85855.fon', '85f1255.fon', '85f1256.fon', '85f1257.fon', '85f874.fon', '85s1255.fon', '85s1256.fon', '85s1257.fon', '85s874.fon', 'AGENCYB.TTF', 'AGENCYR.TTF', 'ALGER.TTF', 'ANTQUAB.TTF', 'ANTQUABI.TTF', 'ANTQUAI.TTF', 'app775.fon', 'app850.fon', 'app852.fon', 'app855.fon', 'app857.fon', 'app866.fon', 'app932.fon', 'app936.fon', 'app949.fon', 'app950.fon', 'arial.ttf', 'arialbd.ttf', 'arialbi.ttf', 'ariali.ttf', 'ARIALN.TTF', 'ARIALNB.TTF', 'ARIALNBI.TTF', 'ARIALNI.TTF', 'ariblk.ttf', 'ARLRDBD.TTF', 'AxureHandwriting-Bold.otf', 'AxureHandwriting-BoldItalic.otf', 'AxureHandwriting-Italic.otf', 'AxureHandwriting.otf', 'bahnschrift.ttf', 'BASKVILL.TTF', 'BAUHS93.TTF', 'BELL.TTF', 'BELLB.TTF', 'BELLI.TTF', 'BERNHC.TTF', 'BKANT.TTF', 'BOD_B.TTF', 'BOD_BI.TTF', 'BOD_BLAI.TTF', 'BOD_BLAR.TTF', 'BOD_CB.TTF', 'BOD_CBI.TTF', 'BOD_CI.TTF', 'BOD_CR.TTF', 'BOD_I.TTF', 'BOD_PSTC.TTF', 'BOD_R.TTF', 'BOOKOS.TTF', 'BOOKOSB.TTF', 'BOOKOSBI.TTF', 'BOOKOSI.TTF', 'BRADHITC.TTF', 'BRITANIC.TTF', 'BRLNSB.TTF', 'BRLNSDB.TTF', 'BRLNSR.TTF', 'BROADW.TTF', 'BRUSHSCI.TTF', 'BSSYM7.TTF', 'c8514fix.fon', 'c8514oem.fon', 'c8514sys.fon', 'calibri.ttf', 'calibrib.ttf', 'calibrii.ttf', 'calibril.ttf', 'calibrili.ttf', 'calibriz.ttf', 'CALIFB.TTF', 'CALIFI.TTF', 'CALIFR.TTF', 'CALIST.TTF', 'CALISTB.TTF', 'CALISTBI.TTF', 'CALISTI.TTF', 'cambria.ttc', 'cambriab.ttf', 'cambriai.ttf', 'cambriaz.ttf', 'Candara.ttf', 'Candarab.ttf', 'Candarai.ttf', 'Candaral.ttf', 'Candarali.ttf', 'Candaraz.ttf', 'CascadiaCode.ttf', 'CascadiaMono.ttf', 'CASTELAR.TTF', 'CENSCBK.TTF', 'CENTAUR.TTF', 'CENTURY.TTF', 'cga40737.fon', 'cga40850.fon', 'cga40852.fon', 'cga40857.fon', 'cga40866.fon', 'cga40869.fon', 'cga40woa.fon', 'cga80737.fon', 'cga80850.fon', 'cga80852.fon', 'cga80857.fon', 'cga80866.fon', 'cga80869.fon', 'cga80woa.fon', 'CHILLER.TTF', 'COLONNA.TTF', 'comic.ttf', 'comicbd.ttf', 'comici.ttf', 'comicz.ttf', 'consola.ttf', 'consolab.ttf', 'consolai.ttf', 'consolaz.ttf', 'constan.ttf', 'constanb.ttf', 'constani.ttf', 'constanz.ttf', 'COOPBL.TTF', 'COPRGTB.TTF', 'COPRGTL.TTF', 'corbel.ttf', 'corbelb.ttf', 'corbeli.ttf', 'corbell.ttf', 'corbelli.ttf', 'corbelz.ttf', 'coue1255.fon', 'coue1256.fon', 'coue1257.fon', 'couf1255.fon', 'couf1256.fon', 'couf1257.fon', 'cour.ttf', 'courbd.ttf', 'courbi.ttf', 'coure.fon', 'couree.fon', 'coureg.fon', 'courer.fon', 'couret.fon', 'courf.fon', 'courfe.fon', 'courfg.fon', 'courfr.fon', 'courft.fon', 'couri.ttf', 'CURLZ___.TTF', 'cvgafix.fon', 'cvgasys.fon', 'Deng.ttf', 'Dengb.ttf', 'Dengl.ttf', 'desktop.ini', 'dos737.fon', 'dos869.fon', 'dosapp.fon', 'DUBAI-BOLD.TTF', 'DUBAI-LIGHT.TTF', 'DUBAI-MEDIUM.TTF', 'DUBAI-REGULAR.TTF', 'ebrima.ttf', 'ebrimabd.ttf', 'ega40737.fon', 'ega40850.fon', 'ega40852.fon', 'ega40857.fon', 'ega40866.fon', 'ega40869.fon', 'ega40woa.fon', 'ega80737.fon', 'ega80850.fon', 'ega80852.fon', 'ega80857.fon', 'ega80866.fon', 'ega80869.fon', 'ega80woa.fon', 'ELEPHNT.TTF', 'ELEPHNTI.TTF', 'ENGR.TTF', 'ERASBD.TTF', 'ERASDEMI.TTF', 'ERASLGHT.TTF', 'ERASMD.TTF', 'FELIXTI.TTF', 'fms_metadata.xml', 'FORTE.TTF', 'FRABK.TTF', 'FRABKIT.TTF', 'FRADM.TTF', 'FRADMCN.TTF', 'FRADMIT.TTF', 'FRAHV.TTF', 'FRAHVIT.TTF', 'framd.ttf', 'FRAMDCN.TTF', 'framdit.ttf', 'FREESCPT.TTF', 'FRSCRIPT.TTF', 'FTLTLT.TTF', 'FZSTK.TTF', 'FZYTK.TTF', 'Gabriola.ttf', 'gadugi.ttf', 'gadugib.ttf', 'GARA.TTF', 'GARABD.TTF', 'GARAIT.TTF', 'georgia.ttf', 'georgiab.ttf', 'georgiai.ttf', 'georgiaz.ttf', 'GIGI.TTF', 'GILBI___.TTF', 'GILB____.TTF', 'GILC____.TTF', 'GILI____.TTF', 'GILLUBCD.TTF', 'GILSANUB.TTF', 'GIL_____.TTF', 'GLECB.TTF', 'GlobalMonospace.CompositeFont', 'GlobalSansSerif.CompositeFont', 'GlobalSerif.CompositeFont', 'GlobalUserInterface.CompositeFont', 'GLSNECB.TTF', 'GOTHIC.TTF', 'GOTHICB.TTF', 'GOTHICBI.TTF', 'GOTHICI.TTF', 'GOUDOS.TTF', 'GOUDOSB.TTF', 'GOUDOSI.TTF', 'GOUDYSTO.TTF', 'h8514fix.fon', 'h8514oem.fon', 'h8514sys.fon', 'HARLOWSI.TTF', 'HARNGTON.TTF', 'HATTEN.TTF', 'HGB1X_CNKI.ttf', 'HGB1_CNKI.ttf', 'HGB2X_CNKI.ttf', 'HGB2_CNKI.ttf', 'HGB3X_CNKI.ttf', 'HGB3_CNKI.ttf', 'HGB4X_CNKI.ttf', 'HGB4_CNKI.ttf', 'HGB5X_CNKI.ttf', 'HGB5_CNKI.ttf', 'HGB6X_CNKI.ttf', 'HGB6_CNKI.ttf', 'HGB7X_CNKI.ttf', 'HGB7_CNKI.ttf', 'HGB8X_CNKI.ttf', 'HGB8_CNKI.ttf', 'HGBD_CNKI.ttf', 'HGBKBX_CNKI.ttf', 'HGBKB_CNKI.ttf', 'HGBKHX_CNKI.ttf', 'HGBKH_CNKI.ttf', 'HGBS1_CNKI.TTF', 'HGBS2_CNKI.TTF', 'HGBS_CNKI.TTF', 'HGBTH_CNKI.TTF', 'HGBTS_CNKI.TTF', 'HGBX_CNKI.ttf', 'HGBZ_CNKI.ttf', 'HGCH_CNKI.TTF', 'HGCUH_CNKI.TTF', 'HGCY_CNKI.TTF', 'HGDBS_CNKI.TTF', 'HGDGY_CNKI.TTF', 'HGDH2_CNKI.TTF', 'HGDH_CNKI.TTF', 'HGDYS_CNKI.TTF', 'HGDY_CNKI.ttf', 'HGF1X_CNKI.ttf', 'HGF1_CNKI.ttf', 'HGF2X_CNKI.ttf', 'HGF2_CNKI.ttf', 'HGF3_CNKI.ttf', 'HGF4X_CNKI.ttf', 'HGF4_CNKI.ttf', 'HGF5X_CNKI.ttf', 'HGF5_CNKI.ttf', 'HGF6X_CNKI.ttf', 'HGF6_CNKI.ttf', 'HGF7X_CNKI.ttf', 'HGF7_CNKI.ttf', 'HGF8_CNKI.ttf', 'HGF9X_CNKI.ttf', 'HGF9_CNKI.ttf', 'HGFS1_CNKI.TTF', 'HGFS2_CNKI.TTF', 'HGFSH_CNKI.TTF', 'HGFS_CNKI.TTF', 'HGFX_CNKI.ttf', 'HGFZ_CNKI.ttf', 'HGGG_CNKI.TTF', 'HGH1X_CNKI.ttf', 'HGH1_CNKI.ttf', 'HGH2X_CNKI.ttf', 'HGH2_CNKI.ttf', 'HGH3X_CNKI.ttf', 'HGH3_CNKI.ttf', 'HGH4X_CNKI.ttf', 'HGH4_CNKI.ttf', 'HGH5X_CNKI.ttf', 'HGH5_CNKI.ttf', 'HGH6X_CNKI.ttf', 'HGH6_CNKI.ttf', 'HGH7X_CNKI.ttf', 'HGH7_CNKI.ttf', 'HGHB_CNKI.TTF', 'HGHD_CNKI.ttf', 'HGHP_CNKI.TTF', 'HGHT1_CNKI.ttf', 'HGHT2_CNKI.ttf', 'HGHUATI_CNKI.ttf', 'HGHX_CNKI.ttf', 'HGHZ_CNKI.ttf', 'HGH_CNKI.TTF', 'HGKT1_CNKI.TTF', 'HGKT2_CNKI.TTF', 'HGKT_CNKI.TTF', 'HGKY_CNKI.ttf', 'HGLB_CNKI.TTF', 'HGLS_CNKI.TTF', 'HGMH_CNKI.TTF', 'HGNBS_CNKI.ttf', 'HGOCR_CNKI.ttf', 'HGPH_CNKI.TTF', 'HGPTY_CNKI.TTF', 'HGSS1_CNKI.TTF', 'HGSS2_CNKI.TTF', 'HGSS_CNKI.TTF', 'HGSXT_CNKI.ttf', 'HGTT_CNKI.ttf', 'HGTX_CNKI.TTF', 'HGWT_CNKI.TTF', 'HGWYS_CNKI.TTF', 'HGX1X_CNKI.ttf', 'HGX1_CNKI.ttf', 'HGXBS_CNKI.TTF', 'HGXC_CNKI.TTF', 'HGXF1_CNKI.ttf', 'HGXFX_CNKI.ttf', 'HGXFZ_CNKI.ttf', 'HGXH1_CNKI.TTF', 'HGXH_CNKI.TTF', 'HGXK_CNKI.TTF', 'HGXL_CNKI.TTF', 'HGXS_CNKI.TTF', 'HGXT_CNKI.ttf', 'HGXY_CNKI.ttf', 'HGY1_CNKI.TTF', 'HGY2_CNKI.TTF', 'HGY3_CNKI.TTF', 'HGY4_CNKI.TTF', 'HGYB_CNKI.ttf', 'HGYT1_CNKI.ttf', 'HGYT2_CNKI.ttf', 'HGYT_CNKI.TTF', 'HGYX_CNKI.TTF', 'HGZCS_CNKI.TTF', 'HGZDX_CNKI.TTF', 'HGZK_CNKI.TTF', 'HGZYT_CNKI.TTF', 'HGZY_CNKI.TTF', 'himalaya.ttf', 'holomdl2.ttf', 'HTOWERT.TTF', 'HTOWERTI.TTF', 'hvgafix.fon', 'hvgasys.fon', 'impact.ttf', 'IMPRISHA.TTF', 'INFROMAN.TTF', 'Inkfree.ttf', 'iqiyi_logov7.ttf', 'ITCBLKAD.TTF', 'ITCEDSCR.TTF', 'ITCKRIST.TTF', 'j8514fix.fon', 'j8514oem.fon', 'j8514sys.fon', 'javatext.ttf', 'JOKERMAN.TTF', 'jsmalle.fon', 'jsmallf.fon', 'JUICE___.TTF', 'jvgafix.fon', 'jvgasys.fon', 'KUNSTLER.TTF', 'LATINWD.TTF', 'LBRITE.TTF', 'LBRITED.TTF', 'LBRITEDI.TTF', 'LBRITEI.TTF', 'LCALLIG.TTF', 'LeelaUIb.ttf', 'LeelawUI.ttf', 'LeelUIsl.ttf', 'LFAX.TTF', 'LFAXD.TTF', 'LFAXDI.TTF', 'LFAXI.TTF', 'LHANDW.TTF', 'LSANS.TTF', 'LSANSD.TTF', 'LSANSDI.TTF', 'LSANSI.TTF', 'LTYPE.TTF', 'LTYPEB.TTF', 'LTYPEBO.TTF', 'LTYPEO.TTF', 'lucon.ttf', 'l_10646.ttf', 'MAGNETOB.TTF', 'MAIAN.TTF', 'malgun.ttf', 'malgunbd.ttf', 'malgunsl.ttf', 'marlett.ttf', 'MATURASC.TTF', 'micross.ttf', 'mingliub.ttc', 'MISTRAL.TTF', 'mmrtext.ttf', 'mmrtextb.ttf', 'MOD20.TTF', 'modern.fon', 'monbaiti.ttf', 'msgothic.ttc', 'msjh.ttc', 'msjhbd.ttc', 'msjhl.ttc', 'msyh.ttc', 'msyhbd.ttc', 'msyhl.ttc', 'msyi.ttf', 'MTCORSVA.TTF', 'MTEXTRA.TTF', 'mvboli.ttf', 'NIAGENG.TTF', 'NIAGSOL.TTF', 'Nirmala.ttf', 'NirmalaB.ttf', 'NirmalaS.ttf', 'ntailu.ttf', 'ntailub.ttf', 'NumberOnly.ttf', 'OCRAEXT.TTF', 'OLDENGL.TTF', 'ONYX.TTF', 'OUTLOOK.TTF', 'pala.ttf', 'palab.ttf', 'palabi.ttf', 'palai.ttf', 'PALSCRI.TTF', 'PAPYRUS.TTF', 'PARCHM.TTF', 'PERBI___.TTF', 'PERB____.TTF', 'PERI____.TTF', 'PERTIBD.TTF', 'PERTILI.TTF', 'PER_____.TTF', 'phagspa.ttf', 'phagspab.ttf', 'PLAYBILL.TTF', 'POORICH.TTF', 'PRISTINA.TTF', 'RAGE.TTF', 'RAVIE.TTF', 'REFSAN.TTF', 'REFSPCL.TTF', 'ROCCB___.TTF', 'ROCC____.TTF', 'ROCK.TTF', 'ROCKB.TTF', 'ROCKBI.TTF', 'ROCKEB.TTF', 'ROCKI.TTF', 'roman.fon', 's8514fix.fon', 's8514oem.fon', 's8514sys.fon', 'SCHLBKB.TTF', 'SCHLBKBI.TTF', 'SCHLBKI.TTF', 'script.fon', 'SCRIPTBL.TTF', 'segmdl2.ttf', 'SegoeIcons.ttf', 'segoepr.ttf', 'segoeprb.ttf', 'segoesc.ttf', 'segoescb.ttf', 'segoeui.ttf', 'segoeuib.ttf', 'segoeuii.ttf', 'segoeuil.ttf', 'segoeuisl.ttf', 'segoeuiz.ttf', 'seguibl.ttf', 'seguibli.ttf', 'seguiemj.ttf', 'seguihis.ttf', 'seguili.ttf', 'seguisb.ttf', 'seguisbi.ttf', 'seguisli.ttf', 'seguisym.ttf', 'SegUIVar.ttf', 'sere1255.fon', 'sere1256.fon', 'sere1257.fon', 'serf1255.fon', 'serf1256.fon', 'serf1257.fon', 'serife.fon', 'serifee.fon', 'serifeg.fon', 'serifer.fon', 'serifet.fon', 'seriff.fon', 'seriffe.fon', 'seriffg.fon', 'seriffr.fon', 'serifft.fon', 'SHOWG.TTF', 'simfang.ttf', 'simhei.ttf', 'simkai.ttf', 'SIMLI.TTF', 'simsun.ttc', 'simsunb.ttf', 'SIMYOU.TTF', 'SitkaVF-Italic.ttf', 'SitkaVF.ttf', 'smae1255.fon', 'smae1256.fon', 'smae1257.fon', 'smaf1255.fon', 'smaf1256.fon', 'smaf1257.fon', 'smalle.fon', 'smallee.fon', 'smalleg.fon', 'smaller.fon', 'smallet.fon', 'smallf.fon', 'smallfe.fon', 'smallfg.fon', 'smallfr.fon', 'smallft.fon', 'SNAP____.TTF', 'ssee1255.fon', 'ssee1256.fon', 'ssee1257.fon', 'ssee874.fon', 'ssef1255.fon', 'ssef1256.fon', 'ssef1257.fon', 'ssef874.fon', 'sserife.fon', 'sserifee.fon', 'sserifeg.fon', 'sserifer.fon', 'sserifet.fon', 'sseriff.fon', 'sseriffe.fon', 'sseriffg.fon', 'sseriffr.fon', 'sserifft.fon', 'StaticCache.dat', 'STCAIYUN.TTF', 'STENCIL.TTF', 'STFANGSO.TTF', 'STHUPO.TTF', 'STKAITI.TTF', 'STLITI.TTF', 'STSONG.TTF', 'STXIHEI.TTF', 'STXINGKA.TTF', 'STXINWEI.TTF', 'STZHONGS.TTF', 'svgafix.fon', 'svgasys.fon', 'sylfaen.ttf', 'symbol.ttf', 'tahoma.ttf', 'tahomabd.ttf', 'taile.ttf', 'taileb.ttf', 'TCBI____.TTF', 'TCB_____.TTF', 'TCCB____.TTF', 'TCCEB.TTF', 'TCCM____.TTF', 'TCMI____.TTF', 'TCM_____.TTF', 'TEMPSITC.TTF', 'times.ttf', 'timesbd.ttf', 'timesbi.ttf', 'timesi.ttf', 'trebuc.ttf', 'trebucbd.ttf', 'trebucbi.ttf', 'trebucit.ttf', 'verdana.ttf', 'verdanab.ttf', 'verdanai.ttf', 'verdanaz.ttf', 'vga737.fon', 'vga775.fon', 'vga850.fon', 'vga852.fon', 'vga855.fon', 'vga857.fon', 'vga860.fon', 'vga861.fon', 'vga863.fon', 'vga865.fon', 'vga866.fon', 'vga869.fon', 'vga932.fon', 'vga936.fon', 'vga949.fon', 'vga950.fon', 'vgaf1255.fon', 'vgaf1256.fon', 'vgaf1257.fon', 'vgaf874.fon', 'vgafix.fon', 'vgafixe.fon', 'vgafixg.fon', 'vgafixr.fon', 'vgafixt.fon', 'vgaoem.fon', 'vgas1255.fon', 'vgas1256.fon', 'vgas1257.fon', 'vgas874.fon', 'vgasys.fon', 'vgasyse.fon', 'vgasysg.fon', 'vgasysr.fon', 'vgasyst.fon', 'VINERITC.TTF', 'VIVALDII.TTF', 'VLADIMIR.TTF', 'webdings.ttf', 'wingding.ttf', 'WINGDNG2.TTF', 'WINGDNG3.TTF', 'YuGothB.ttc', 'YuGothL.ttc', 'YuGothM.ttc', 'YuGothR.ttc', '\u534e\u5eb7\u65b9\u5706\u4f53W7.TTC', '\u65b9\u6b63\u7c97\u9ed1\u5b8b\u7b80\u4f53.ttf']
2023-09-27 14:54:33,800 - INFO - all fonts installed:['8514fix.fon', '8514fixe.fon', '8514fixg.fon', '8514fixr.fon', '8514fixt.fon', '8514oem.fon', '8514oeme.fon', '8514oemg.fon', '8514oemr.fon', '8514oemt.fon', '8514sys.fon', '8514syse.fon', '8514sysg.fon', '8514sysr.fon', '8514syst.fon', '85775.fon', '85855.fon', '85f1255.fon', '85f1256.fon', '85f1257.fon', '85f874.fon', '85s1255.fon', '85s1256.fon', '85s1257.fon', '85s874.fon', 'AGENCYB.TTF', 'AGENCYR.TTF', 'ALGER.TTF', 'ANTQUAB.TTF', 'ANTQUABI.TTF', 'ANTQUAI.TTF', 'app775.fon', 'app850.fon', 'app852.fon', 'app855.fon', 'app857.fon', 'app866.fon', 'app932.fon', 'app936.fon', 'app949.fon', 'app950.fon', 'arial.ttf', 'arialbd.ttf', 'arialbi.ttf', 'ariali.ttf', 'ARIALN.TTF', 'ARIALNB.TTF', 'ARIALNBI.TTF', 'ARIALNI.TTF', 'ariblk.ttf', 'ARLRDBD.TTF', 'AxureHandwriting-Bold.otf', 'AxureHandwriting-BoldItalic.otf', 'AxureHandwriting-Italic.otf', 'AxureHandwriting.otf', 'bahnschrift.ttf', 'BASKVILL.TTF', 'BAUHS93.TTF', 'BELL.TTF', 'BELLB.TTF', 'BELLI.TTF', 'BERNHC.TTF', 'BKANT.TTF', 'BOD_B.TTF', 'BOD_BI.TTF', 'BOD_BLAI.TTF', 'BOD_BLAR.TTF', 'BOD_CB.TTF', 'BOD_CBI.TTF', 'BOD_CI.TTF', 'BOD_CR.TTF', 'BOD_I.TTF', 'BOD_PSTC.TTF', 'BOD_R.TTF', 'BOOKOS.TTF', 'BOOKOSB.TTF', 'BOOKOSBI.TTF', 'BOOKOSI.TTF', 'BRADHITC.TTF', 'BRITANIC.TTF', 'BRLNSB.TTF', 'BRLNSDB.TTF', 'BRLNSR.TTF', 'BROADW.TTF', 'BRUSHSCI.TTF', 'BSSYM7.TTF', 'c8514fix.fon', 'c8514oem.fon', 'c8514sys.fon', 'calibri.ttf', 'calibrib.ttf', 'calibrii.ttf', 'calibril.ttf', 'calibrili.ttf', 'calibriz.ttf', 'CALIFB.TTF', 'CALIFI.TTF', 'CALIFR.TTF', 'CALIST.TTF', 'CALISTB.TTF', 'CALISTBI.TTF', 'CALISTI.TTF', 'cambria.ttc', 'cambriab.ttf', 'cambriai.ttf', 'cambriaz.ttf', 'Candara.ttf', 'Candarab.ttf', 'Candarai.ttf', 'Candaral.ttf', 'Candarali.ttf', 'Candaraz.ttf', 'CascadiaCode.ttf', 'CascadiaMono.ttf', 'CASTELAR.TTF', 'CENSCBK.TTF', 'CENTAUR.TTF', 'CENTURY.TTF', 'cga40737.fon', 'cga40850.fon', 'cga40852.fon', 'cga40857.fon', 'cga40866.fon', 'cga40869.fon', 'cga40woa.fon', 'cga80737.fon', 'cga80850.fon', 'cga80852.fon', 'cga80857.fon', 'cga80866.fon', 'cga80869.fon', 'cga80woa.fon', 'CHILLER.TTF', 'COLONNA.TTF', 'comic.ttf', 'comicbd.ttf', 'comici.ttf', 'comicz.ttf', 'consola.ttf', 'consolab.ttf', 'consolai.ttf', 'consolaz.ttf', 'constan.ttf', 'constanb.ttf', 'constani.ttf', 'constanz.ttf', 'COOPBL.TTF', 'COPRGTB.TTF', 'COPRGTL.TTF', 'corbel.ttf', 'corbelb.ttf', 'corbeli.ttf', 'corbell.ttf', 'corbelli.ttf', 'corbelz.ttf', 'coue1255.fon', 'coue1256.fon', 'coue1257.fon', 'couf1255.fon', 'couf1256.fon', 'couf1257.fon', 'cour.ttf', 'courbd.ttf', 'courbi.ttf', 'coure.fon', 'couree.fon', 'coureg.fon', 'courer.fon', 'couret.fon', 'courf.fon', 'courfe.fon', 'courfg.fon', 'courfr.fon', 'courft.fon', 'couri.ttf', 'CURLZ___.TTF', 'cvgafix.fon', 'cvgasys.fon', 'Deng.ttf', 'Dengb.ttf', 'Dengl.ttf', 'desktop.ini', 'dos737.fon', 'dos869.fon', 'dosapp.fon', 'DUBAI-BOLD.TTF', 'DUBAI-LIGHT.TTF', 'DUBAI-MEDIUM.TTF', 'DUBAI-REGULAR.TTF', 'ebrima.ttf', 'ebrimabd.ttf', 'ega40737.fon', 'ega40850.fon', 'ega40852.fon', 'ega40857.fon', 'ega40866.fon', 'ega40869.fon', 'ega40woa.fon', 'ega80737.fon', 'ega80850.fon', 'ega80852.fon', 'ega80857.fon', 'ega80866.fon', 'ega80869.fon', 'ega80woa.fon', 'ELEPHNT.TTF', 'ELEPHNTI.TTF', 'ENGR.TTF', 'ERASBD.TTF', 'ERASDEMI.TTF', 'ERASLGHT.TTF', 'ERASMD.TTF', 'FELIXTI.TTF', 'fms_metadata.xml', 'FORTE.TTF', 'FRABK.TTF', 'FRABKIT.TTF', 'FRADM.TTF', 'FRADMCN.TTF', 'FRADMIT.TTF', 'FRAHV.TTF', 'FRAHVIT.TTF', 'framd.ttf', 'FRAMDCN.TTF', 'framdit.ttf', 'FREESCPT.TTF', 'FRSCRIPT.TTF', 'FTLTLT.TTF', 'FZSTK.TTF', 'FZYTK.TTF', 'Gabriola.ttf', 'gadugi.ttf', 'gadugib.ttf', 'GARA.TTF', 'GARABD.TTF', 'GARAIT.TTF', 'georgia.ttf', 'georgiab.ttf', 'georgiai.ttf', 'georgiaz.ttf', 'GIGI.TTF', 'GILBI___.TTF', 'GILB____.TTF', 'GILC____.TTF', 'GILI____.TTF', 'GILLUBCD.TTF', 'GILSANUB.TTF', 'GIL_____.TTF', 'GLECB.TTF', 'GlobalMonospace.CompositeFont', 'GlobalSansSerif.CompositeFont', 'GlobalSerif.CompositeFont', 'GlobalUserInterface.CompositeFont', 'GLSNECB.TTF', 'GOTHIC.TTF', 'GOTHICB.TTF', 'GOTHICBI.TTF', 'GOTHICI.TTF', 'GOUDOS.TTF', 'GOUDOSB.TTF', 'GOUDOSI.TTF', 'GOUDYSTO.TTF', 'h8514fix.fon', 'h8514oem.fon', 'h8514sys.fon', 'HARLOWSI.TTF', 'HARNGTON.TTF', 'HATTEN.TTF', 'HGB1X_CNKI.ttf', 'HGB1_CNKI.ttf', 'HGB2X_CNKI.ttf', 'HGB2_CNKI.ttf', 'HGB3X_CNKI.ttf', 'HGB3_CNKI.ttf', 'HGB4X_CNKI.ttf', 'HGB4_CNKI.ttf', 'HGB5X_CNKI.ttf', 'HGB5_CNKI.ttf', 'HGB6X_CNKI.ttf', 'HGB6_CNKI.ttf', 'HGB7X_CNKI.ttf', 'HGB7_CNKI.ttf', 'HGB8X_CNKI.ttf', 'HGB8_CNKI.ttf', 'HGBD_CNKI.ttf', 'HGBKBX_CNKI.ttf', 'HGBKB_CNKI.ttf', 'HGBKHX_CNKI.ttf', 'HGBKH_CNKI.ttf', 'HGBS1_CNKI.TTF', 'HGBS2_CNKI.TTF', 'HGBS_CNKI.TTF', 'HGBTH_CNKI.TTF', 'HGBTS_CNKI.TTF', 'HGBX_CNKI.ttf', 'HGBZ_CNKI.ttf', 'HGCH_CNKI.TTF', 'HGCUH_CNKI.TTF', 'HGCY_CNKI.TTF', 'HGDBS_CNKI.TTF', 'HGDGY_CNKI.TTF', 'HGDH2_CNKI.TTF', 'HGDH_CNKI.TTF', 'HGDYS_CNKI.TTF', 'HGDY_CNKI.ttf', 'HGF1X_CNKI.ttf', 'HGF1_CNKI.ttf', 'HGF2X_CNKI.ttf', 'HGF2_CNKI.ttf', 'HGF3_CNKI.ttf', 'HGF4X_CNKI.ttf', 'HGF4_CNKI.ttf', 'HGF5X_CNKI.ttf', 'HGF5_CNKI.ttf', 'HGF6X_CNKI.ttf', 'HGF6_CNKI.ttf', 'HGF7X_CNKI.ttf', 'HGF7_CNKI.ttf', 'HGF8_CNKI.ttf', 'HGF9X_CNKI.ttf', 'HGF9_CNKI.ttf', 'HGFS1_CNKI.TTF', 'HGFS2_CNKI.TTF', 'HGFSH_CNKI.TTF', 'HGFS_CNKI.TTF', 'HGFX_CNKI.ttf', 'HGFZ_CNKI.ttf', 'HGGG_CNKI.TTF', 'HGH1X_CNKI.ttf', 'HGH1_CNKI.ttf', 'HGH2X_CNKI.ttf', 'HGH2_CNKI.ttf', 'HGH3X_CNKI.ttf', 'HGH3_CNKI.ttf', 'HGH4X_CNKI.ttf', 'HGH4_CNKI.ttf', 'HGH5X_CNKI.ttf', 'HGH5_CNKI.ttf', 'HGH6X_CNKI.ttf', 'HGH6_CNKI.ttf', 'HGH7X_CNKI.ttf', 'HGH7_CNKI.ttf', 'HGHB_CNKI.TTF', 'HGHD_CNKI.ttf', 'HGHP_CNKI.TTF', 'HGHT1_CNKI.ttf', 'HGHT2_CNKI.ttf', 'HGHUATI_CNKI.ttf', 'HGHX_CNKI.ttf', 'HGHZ_CNKI.ttf', 'HGH_CNKI.TTF', 'HGKT1_CNKI.TTF', 'HGKT2_CNKI.TTF', 'HGKT_CNKI.TTF', 'HGKY_CNKI.ttf', 'HGLB_CNKI.TTF', 'HGLS_CNKI.TTF', 'HGMH_CNKI.TTF', 'HGNBS_CNKI.ttf', 'HGOCR_CNKI.ttf', 'HGPH_CNKI.TTF', 'HGPTY_CNKI.TTF', 'HGSS1_CNKI.TTF', 'HGSS2_CNKI.TTF', 'HGSS_CNKI.TTF', 'HGSXT_CNKI.ttf', 'HGTT_CNKI.ttf', 'HGTX_CNKI.TTF', 'HGWT_CNKI.TTF', 'HGWYS_CNKI.TTF', 'HGX1X_CNKI.ttf', 'HGX1_CNKI.ttf', 'HGXBS_CNKI.TTF', 'HGXC_CNKI.TTF', 'HGXF1_CNKI.ttf', 'HGXFX_CNKI.ttf', 'HGXFZ_CNKI.ttf', 'HGXH1_CNKI.TTF', 'HGXH_CNKI.TTF', 'HGXK_CNKI.TTF', 'HGXL_CNKI.TTF', 'HGXS_CNKI.TTF', 'HGXT_CNKI.ttf', 'HGXY_CNKI.ttf', 'HGY1_CNKI.TTF', 'HGY2_CNKI.TTF', 'HGY3_CNKI.TTF', 'HGY4_CNKI.TTF', 'HGYB_CNKI.ttf', 'HGYT1_CNKI.ttf', 'HGYT2_CNKI.ttf', 'HGYT_CNKI.TTF', 'HGYX_CNKI.TTF', 'HGZCS_CNKI.TTF', 'HGZDX_CNKI.TTF', 'HGZK_CNKI.TTF', 'HGZYT_CNKI.TTF', 'HGZY_CNKI.TTF', 'himalaya.ttf', 'holomdl2.ttf', 'HTOWERT.TTF', 'HTOWERTI.TTF', 'hvgafix.fon', 'hvgasys.fon', 'impact.ttf', 'IMPRISHA.TTF', 'INFROMAN.TTF', 'Inkfree.ttf', 'iqiyi_logov7.ttf', 'ITCBLKAD.TTF', 'ITCEDSCR.TTF', 'ITCKRIST.TTF', 'j8514fix.fon', 'j8514oem.fon', 'j8514sys.fon', 'javatext.ttf', 'JOKERMAN.TTF', 'jsmalle.fon', 'jsmallf.fon', 'JUICE___.TTF', 'jvgafix.fon', 'jvgasys.fon', 'KUNSTLER.TTF', 'LATINWD.TTF', 'LBRITE.TTF', 'LBRITED.TTF', 'LBRITEDI.TTF', 'LBRITEI.TTF', 'LCALLIG.TTF', 'LeelaUIb.ttf', 'LeelawUI.ttf', 'LeelUIsl.ttf', 'LFAX.TTF', 'LFAXD.TTF', 'LFAXDI.TTF', 'LFAXI.TTF', 'LHANDW.TTF', 'LSANS.TTF', 'LSANSD.TTF', 'LSANSDI.TTF', 'LSANSI.TTF', 'LTYPE.TTF', 'LTYPEB.TTF', 'LTYPEBO.TTF', 'LTYPEO.TTF', 'lucon.ttf', 'l_10646.ttf', 'MAGNETOB.TTF', 'MAIAN.TTF', 'malgun.ttf', 'malgunbd.ttf', 'malgunsl.ttf', 'marlett.ttf', 'MATURASC.TTF', 'micross.ttf', 'mingliub.ttc', 'MISTRAL.TTF', 'mmrtext.ttf', 'mmrtextb.ttf', 'MOD20.TTF', 'modern.fon', 'monbaiti.ttf', 'msgothic.ttc', 'msjh.ttc', 'msjhbd.ttc', 'msjhl.ttc', 'msyh.ttc', 'msyhbd.ttc', 'msyhl.ttc', 'msyi.ttf', 'MTCORSVA.TTF', 'MTEXTRA.TTF', 'mvboli.ttf', 'NIAGENG.TTF', 'NIAGSOL.TTF', 'Nirmala.ttf', 'NirmalaB.ttf', 'NirmalaS.ttf', 'ntailu.ttf', 'ntailub.ttf', 'NumberOnly.ttf', 'OCRAEXT.TTF', 'OLDENGL.TTF', 'ONYX.TTF', 'OUTLOOK.TTF', 'pala.ttf', 'palab.ttf', 'palabi.ttf', 'palai.ttf', 'PALSCRI.TTF', 'PAPYRUS.TTF', 'PARCHM.TTF', 'PERBI___.TTF', 'PERB____.TTF', 'PERI____.TTF', 'PERTIBD.TTF', 'PERTILI.TTF', 'PER_____.TTF', 'phagspa.ttf', 'phagspab.ttf', 'PLAYBILL.TTF', 'POORICH.TTF', 'PRISTINA.TTF', 'RAGE.TTF', 'RAVIE.TTF', 'REFSAN.TTF', 'REFSPCL.TTF', 'ROCCB___.TTF', 'ROCC____.TTF', 'ROCK.TTF', 'ROCKB.TTF', 'ROCKBI.TTF', 'ROCKEB.TTF', 'ROCKI.TTF', 'roman.fon', 's8514fix.fon', 's8514oem.fon', 's8514sys.fon', 'SCHLBKB.TTF', 'SCHLBKBI.TTF', 'SCHLBKI.TTF', 'script.fon', 'SCRIPTBL.TTF', 'segmdl2.ttf', 'SegoeIcons.ttf', 'segoepr.ttf', 'segoeprb.ttf', 'segoesc.ttf', 'segoescb.ttf', 'segoeui.ttf', 'segoeuib.ttf', 'segoeuii.ttf', 'segoeuil.ttf', 'segoeuisl.ttf', 'segoeuiz.ttf', 'seguibl.ttf', 'seguibli.ttf', 'seguiemj.ttf', 'seguihis.ttf', 'seguili.ttf', 'seguisb.ttf', 'seguisbi.ttf', 'seguisli.ttf', 'seguisym.ttf', 'SegUIVar.ttf', 'sere1255.fon', 'sere1256.fon', 'sere1257.fon', 'serf1255.fon', 'serf1256.fon', 'serf1257.fon', 'serife.fon', 'serifee.fon', 'serifeg.fon', 'serifer.fon', 'serifet.fon', 'seriff.fon', 'seriffe.fon', 'seriffg.fon', 'seriffr.fon', 'serifft.fon', 'SHOWG.TTF', 'simfang.ttf', 'simhei.ttf', 'simkai.ttf', 'SIMLI.TTF', 'simsun.ttc', 'simsunb.ttf', 'SIMYOU.TTF', 'SitkaVF-Italic.ttf', 'SitkaVF.ttf', 'smae1255.fon', 'smae1256.fon', 'smae1257.fon', 'smaf1255.fon', 'smaf1256.fon', 'smaf1257.fon', 'smalle.fon', 'smallee.fon', 'smalleg.fon', 'smaller.fon', 'smallet.fon', 'smallf.fon', 'smallfe.fon', 'smallfg.fon', 'smallfr.fon', 'smallft.fon', 'SNAP____.TTF', 'ssee1255.fon', 'ssee1256.fon', 'ssee1257.fon', 'ssee874.fon', 'ssef1255.fon', 'ssef1256.fon', 'ssef1257.fon', 'ssef874.fon', 'sserife.fon', 'sserifee.fon', 'sserifeg.fon', 'sserifer.fon', 'sserifet.fon', 'sseriff.fon', 'sseriffe.fon', 'sseriffg.fon', 'sseriffr.fon', 'sserifft.fon', 'StaticCache.dat', 'STCAIYUN.TTF', 'STENCIL.TTF', 'STFANGSO.TTF', 'STHUPO.TTF', 'STKAITI.TTF', 'STLITI.TTF', 'STSONG.TTF', 'STXIHEI.TTF', 'STXINGKA.TTF', 'STXINWEI.TTF', 'STZHONGS.TTF', 'svgafix.fon', 'svgasys.fon', 'sylfaen.ttf', 'symbol.ttf', 'tahoma.ttf', 'tahomabd.ttf', 'taile.ttf', 'taileb.ttf', 'TCBI____.TTF', 'TCB_____.TTF', 'TCCB____.TTF', 'TCCEB.TTF', 'TCCM____.TTF', 'TCMI____.TTF', 'TCM_____.TTF', 'TEMPSITC.TTF', 'times.ttf', 'timesbd.ttf', 'timesbi.ttf', 'timesi.ttf', 'trebuc.ttf', 'trebucbd.ttf', 'trebucbi.ttf', 'trebucit.ttf', 'verdana.ttf', 'verdanab.ttf', 'verdanai.ttf', 'verdanaz.ttf', 'vga737.fon', 'vga775.fon', 'vga850.fon', 'vga852.fon', 'vga855.fon', 'vga857.fon', 'vga860.fon', 'vga861.fon', 'vga863.fon', 'vga865.fon', 'vga866.fon', 'vga869.fon', 'vga932.fon', 'vga936.fon', 'vga949.fon', 'vga950.fon', 'vgaf1255.fon', 'vgaf1256.fon', 'vgaf1257.fon', 'vgaf874.fon', 'vgafix.fon', 'vgafixe.fon', 'vgafixg.fon', 'vgafixr.fon', 'vgafixt.fon', 'vgaoem.fon', 'vgas1255.fon', 'vgas1256.fon', 'vgas1257.fon', 'vgas874.fon', 'vgasys.fon', 'vgasyse.fon', 'vgasysg.fon', 'vgasysr.fon', 'vgasyst.fon', 'VINERITC.TTF', 'VIVALDII.TTF', 'VLADIMIR.TTF', 'webdings.ttf', 'wingding.ttf', 'WINGDNG2.TTF', 'WINGDNG3.TTF', 'YuGothB.ttc', 'YuGothL.ttc', 'YuGothM.ttc', 'YuGothR.ttc', '\u534e\u5eb7\u65b9\u5706\u4f53W7.TTC', '\u65b9\u6b63\u7c97\u9ed1\u5b8b\u7b80\u4f53.ttf']
2023-09-27 14:54:33,802 - INFO - all fonts installed:['8514fix.fon', '8514fixe.fon', '8514fixg.fon', '8514fixr.fon', '8514fixt.fon', '8514oem.fon', '8514oeme.fon', '8514oemg.fon', '8514oemr.fon', '8514oemt.fon', '8514sys.fon', '8514syse.fon', '8514sysg.fon', '8514sysr.fon', '8514syst.fon', '85775.fon', '85855.fon', '85f1255.fon', '85f1256.fon', '85f1257.fon', '85f874.fon', '85s1255.fon', '85s1256.fon', '85s1257.fon', '85s874.fon', 'AGENCYB.TTF', 'AGENCYR.TTF', 'ALGER.TTF', 'ANTQUAB.TTF', 'ANTQUABI.TTF', 'ANTQUAI.TTF', 'app775.fon', 'app850.fon', 'app852.fon', 'app855.fon', 'app857.fon', 'app866.fon', 'app932.fon', 'app936.fon', 'app949.fon', 'app950.fon', 'arial.ttf', 'arialbd.ttf', 'arialbi.ttf', 'ariali.ttf', 'ARIALN.TTF', 'ARIALNB.TTF', 'ARIALNBI.TTF', 'ARIALNI.TTF', 'ariblk.ttf', 'ARLRDBD.TTF', 'AxureHandwriting-Bold.otf', 'AxureHandwriting-BoldItalic.otf', 'AxureHandwriting-Italic.otf', 'AxureHandwriting.otf', 'bahnschrift.ttf', 'BASKVILL.TTF', 'BAUHS93.TTF', 'BELL.TTF', 'BELLB.TTF', 'BELLI.TTF', 'BERNHC.TTF', 'BKANT.TTF', 'BOD_B.TTF', 'BOD_BI.TTF', 'BOD_BLAI.TTF', 'BOD_BLAR.TTF', 'BOD_CB.TTF', 'BOD_CBI.TTF', 'BOD_CI.TTF', 'BOD_CR.TTF', 'BOD_I.TTF', 'BOD_PSTC.TTF', 'BOD_R.TTF', 'BOOKOS.TTF', 'BOOKOSB.TTF', 'BOOKOSBI.TTF', 'BOOKOSI.TTF', 'BRADHITC.TTF', 'BRITANIC.TTF', 'BRLNSB.TTF', 'BRLNSDB.TTF', 'BRLNSR.TTF', 'BROADW.TTF', 'BRUSHSCI.TTF', 'BSSYM7.TTF', 'c8514fix.fon', 'c8514oem.fon', 'c8514sys.fon', 'calibri.ttf', 'calibrib.ttf', 'calibrii.ttf', 'calibril.ttf', 'calibrili.ttf', 'calibriz.ttf', 'CALIFB.TTF', 'CALIFI.TTF', 'CALIFR.TTF', 'CALIST.TTF', 'CALISTB.TTF', 'CALISTBI.TTF', 'CALISTI.TTF', 'cambria.ttc', 'cambriab.ttf', 'cambriai.ttf', 'cambriaz.ttf', 'Candara.ttf', 'Candarab.ttf', 'Candarai.ttf', 'Candaral.ttf', 'Candarali.ttf', 'Candaraz.ttf', 'CascadiaCode.ttf', 'CascadiaMono.ttf', 'CASTELAR.TTF', 'CENSCBK.TTF', 'CENTAUR.TTF', 'CENTURY.TTF', 'cga40737.fon', 'cga40850.fon', 'cga40852.fon', 'cga40857.fon', 'cga40866.fon', 'cga40869.fon', 'cga40woa.fon', 'cga80737.fon', 'cga80850.fon', 'cga80852.fon', 'cga80857.fon', 'cga80866.fon', 'cga80869.fon', 'cga80woa.fon', 'CHILLER.TTF', 'COLONNA.TTF', 'comic.ttf', 'comicbd.ttf', 'comici.ttf', 'comicz.ttf', 'consola.ttf', 'consolab.ttf', 'consolai.ttf', 'consolaz.ttf', 'constan.ttf', 'constanb.ttf', 'constani.ttf', 'constanz.ttf', 'COOPBL.TTF', 'COPRGTB.TTF', 'COPRGTL.TTF', 'corbel.ttf', 'corbelb.ttf', 'corbeli.ttf', 'corbell.ttf', 'corbelli.ttf', 'corbelz.ttf', 'coue1255.fon', 'coue1256.fon', 'coue1257.fon', 'couf1255.fon', 'couf1256.fon', 'couf1257.fon', 'cour.ttf', 'courbd.ttf', 'courbi.ttf', 'coure.fon', 'couree.fon', 'coureg.fon', 'courer.fon', 'couret.fon', 'courf.fon', 'courfe.fon', 'courfg.fon', 'courfr.fon', 'courft.fon', 'couri.ttf', 'CURLZ___.TTF', 'cvgafix.fon', 'cvgasys.fon', 'Deng.ttf', 'Dengb.ttf', 'Dengl.ttf', 'desktop.ini', 'dos737.fon', 'dos869.fon', 'dosapp.fon', 'DUBAI-BOLD.TTF', 'DUBAI-LIGHT.TTF', 'DUBAI-MEDIUM.TTF', 'DUBAI-REGULAR.TTF', 'ebrima.ttf', 'ebrimabd.ttf', 'ega40737.fon', 'ega40850.fon', 'ega40852.fon', 'ega40857.fon', 'ega40866.fon', 'ega40869.fon', 'ega40woa.fon', 'ega80737.fon', 'ega80850.fon', 'ega80852.fon', 'ega80857.fon', 'ega80866.fon', 'ega80869.fon', 'ega80woa.fon', 'ELEPHNT.TTF', 'ELEPHNTI.TTF', 'ENGR.TTF', 'ERASBD.TTF', 'ERASDEMI.TTF', 'ERASLGHT.TTF', 'ERASMD.TTF', 'FELIXTI.TTF', 'fms_metadata.xml', 'FORTE.TTF', 'FRABK.TTF', 'FRABKIT.TTF', 'FRADM.TTF', 'FRADMCN.TTF', 'FRADMIT.TTF', 'FRAHV.TTF', 'FRAHVIT.TTF', 'framd.ttf', 'FRAMDCN.TTF', 'framdit.ttf', 'FREESCPT.TTF', 'FRSCRIPT.TTF', 'FTLTLT.TTF', 'FZSTK.TTF', 'FZYTK.TTF', 'Gabriola.ttf', 'gadugi.ttf', 'gadugib.ttf', 'GARA.TTF', 'GARABD.TTF', 'GARAIT.TTF', 'georgia.ttf', 'georgiab.ttf', 'georgiai.ttf', 'georgiaz.ttf', 'GIGI.TTF', 'GILBI___.TTF', 'GILB____.TTF', 'GILC____.TTF', 'GILI____.TTF', 'GILLUBCD.TTF', 'GILSANUB.TTF', 'GIL_____.TTF', 'GLECB.TTF', 'GlobalMonospace.CompositeFont', 'GlobalSansSerif.CompositeFont', 'GlobalSerif.CompositeFont', 'GlobalUserInterface.CompositeFont', 'GLSNECB.TTF', 'GOTHIC.TTF', 'GOTHICB.TTF', 'GOTHICBI.TTF', 'GOTHICI.TTF', 'GOUDOS.TTF', 'GOUDOSB.TTF', 'GOUDOSI.TTF', 'GOUDYSTO.TTF', 'h8514fix.fon', 'h8514oem.fon', 'h8514sys.fon', 'HARLOWSI.TTF', 'HARNGTON.TTF', 'HATTEN.TTF', 'HGB1X_CNKI.ttf', 'HGB1_CNKI.ttf', 'HGB2X_CNKI.ttf', 'HGB2_CNKI.ttf', 'HGB3X_CNKI.ttf', 'HGB3_CNKI.ttf', 'HGB4X_CNKI.ttf', 'HGB4_CNKI.ttf', 'HGB5X_CNKI.ttf', 'HGB5_CNKI.ttf', 'HGB6X_CNKI.ttf', 'HGB6_CNKI.ttf', 'HGB7X_CNKI.ttf', 'HGB7_CNKI.ttf', 'HGB8X_CNKI.ttf', 'HGB8_CNKI.ttf', 'HGBD_CNKI.ttf', 'HGBKBX_CNKI.ttf', 'HGBKB_CNKI.ttf', 'HGBKHX_CNKI.ttf', 'HGBKH_CNKI.ttf', 'HGBS1_CNKI.TTF', 'HGBS2_CNKI.TTF', 'HGBS_CNKI.TTF', 'HGBTH_CNKI.TTF', 'HGBTS_CNKI.TTF', 'HGBX_CNKI.ttf', 'HGBZ_CNKI.ttf', 'HGCH_CNKI.TTF', 'HGCUH_CNKI.TTF', 'HGCY_CNKI.TTF', 'HGDBS_CNKI.TTF', 'HGDGY_CNKI.TTF', 'HGDH2_CNKI.TTF', 'HGDH_CNKI.TTF', 'HGDYS_CNKI.TTF', 'HGDY_CNKI.ttf', 'HGF1X_CNKI.ttf', 'HGF1_CNKI.ttf', 'HGF2X_CNKI.ttf', 'HGF2_CNKI.ttf', 'HGF3_CNKI.ttf', 'HGF4X_CNKI.ttf', 'HGF4_CNKI.ttf', 'HGF5X_CNKI.ttf', 'HGF5_CNKI.ttf', 'HGF6X_CNKI.ttf', 'HGF6_CNKI.ttf', 'HGF7X_CNKI.ttf', 'HGF7_CNKI.ttf', 'HGF8_CNKI.ttf', 'HGF9X_CNKI.ttf', 'HGF9_CNKI.ttf', 'HGFS1_CNKI.TTF', 'HGFS2_CNKI.TTF', 'HGFSH_CNKI.TTF', 'HGFS_CNKI.TTF', 'HGFX_CNKI.ttf', 'HGFZ_CNKI.ttf', 'HGGG_CNKI.TTF', 'HGH1X_CNKI.ttf', 'HGH1_CNKI.ttf', 'HGH2X_CNKI.ttf', 'HGH2_CNKI.ttf', 'HGH3X_CNKI.ttf', 'HGH3_CNKI.ttf', 'HGH4X_CNKI.ttf', 'HGH4_CNKI.ttf', 'HGH5X_CNKI.ttf', 'HGH5_CNKI.ttf', 'HGH6X_CNKI.ttf', 'HGH6_CNKI.ttf', 'HGH7X_CNKI.ttf', 'HGH7_CNKI.ttf', 'HGHB_CNKI.TTF', 'HGHD_CNKI.ttf', 'HGHP_CNKI.TTF', 'HGHT1_CNKI.ttf', 'HGHT2_CNKI.ttf', 'HGHUATI_CNKI.ttf', 'HGHX_CNKI.ttf', 'HGHZ_CNKI.ttf', 'HGH_CNKI.TTF', 'HGKT1_CNKI.TTF', 'HGKT2_CNKI.TTF', 'HGKT_CNKI.TTF', 'HGKY_CNKI.ttf', 'HGLB_CNKI.TTF', 'HGLS_CNKI.TTF', 'HGMH_CNKI.TTF', 'HGNBS_CNKI.ttf', 'HGOCR_CNKI.ttf', 'HGPH_CNKI.TTF', 'HGPTY_CNKI.TTF', 'HGSS1_CNKI.TTF', 'HGSS2_CNKI.TTF', 'HGSS_CNKI.TTF', 'HGSXT_CNKI.ttf', 'HGTT_CNKI.ttf', 'HGTX_CNKI.TTF', 'HGWT_CNKI.TTF', 'HGWYS_CNKI.TTF', 'HGX1X_CNKI.ttf', 'HGX1_CNKI.ttf', 'HGXBS_CNKI.TTF', 'HGXC_CNKI.TTF', 'HGXF1_CNKI.ttf', 'HGXFX_CNKI.ttf', 'HGXFZ_CNKI.ttf', 'HGXH1_CNKI.TTF', 'HGXH_CNKI.TTF', 'HGXK_CNKI.TTF', 'HGXL_CNKI.TTF', 'HGXS_CNKI.TTF', 'HGXT_CNKI.ttf', 'HGXY_CNKI.ttf', 'HGY1_CNKI.TTF', 'HGY2_CNKI.TTF', 'HGY3_CNKI.TTF', 'HGY4_CNKI.TTF', 'HGYB_CNKI.ttf', 'HGYT1_CNKI.ttf', 'HGYT2_CNKI.ttf', 'HGYT_CNKI.TTF', 'HGYX_CNKI.TTF', 'HGZCS_CNKI.TTF', 'HGZDX_CNKI.TTF', 'HGZK_CNKI.TTF', 'HGZYT_CNKI.TTF', 'HGZY_CNKI.TTF', 'himalaya.ttf', 'holomdl2.ttf', 'HTOWERT.TTF', 'HTOWERTI.TTF', 'hvgafix.fon', 'hvgasys.fon', 'impact.ttf', 'IMPRISHA.TTF', 'INFROMAN.TTF', 'Inkfree.ttf', 'iqiyi_logov7.ttf', 'ITCBLKAD.TTF', 'ITCEDSCR.TTF', 'ITCKRIST.TTF', 'j8514fix.fon', 'j8514oem.fon', 'j8514sys.fon', 'javatext.ttf', 'JOKERMAN.TTF', 'jsmalle.fon', 'jsmallf.fon', 'JUICE___.TTF', 'jvgafix.fon', 'jvgasys.fon', 'KUNSTLER.TTF', 'LATINWD.TTF', 'LBRITE.TTF', 'LBRITED.TTF', 'LBRITEDI.TTF', 'LBRITEI.TTF', 'LCALLIG.TTF', 'LeelaUIb.ttf', 'LeelawUI.ttf', 'LeelUIsl.ttf', 'LFAX.TTF', 'LFAXD.TTF', 'LFAXDI.TTF', 'LFAXI.TTF', 'LHANDW.TTF', 'LSANS.TTF', 'LSANSD.TTF', 'LSANSDI.TTF', 'LSANSI.TTF', 'LTYPE.TTF', 'LTYPEB.TTF', 'LTYPEBO.TTF', 'LTYPEO.TTF', 'lucon.ttf', 'l_10646.ttf', 'MAGNETOB.TTF', 'MAIAN.TTF', 'malgun.ttf', 'malgunbd.ttf', 'malgunsl.ttf', 'marlett.ttf', 'MATURASC.TTF', 'micross.ttf', 'mingliub.ttc', 'MISTRAL.TTF', 'mmrtext.ttf', 'mmrtextb.ttf', 'MOD20.TTF', 'modern.fon', 'monbaiti.ttf', 'msgothic.ttc', 'msjh.ttc', 'msjhbd.ttc', 'msjhl.ttc', 'msyh.ttc', 'msyhbd.ttc', 'msyhl.ttc', 'msyi.ttf', 'MTCORSVA.TTF', 'MTEXTRA.TTF', 'mvboli.ttf', 'NIAGENG.TTF', 'NIAGSOL.TTF', 'Nirmala.ttf', 'NirmalaB.ttf', 'NirmalaS.ttf', 'ntailu.ttf', 'ntailub.ttf', 'NumberOnly.ttf', 'OCRAEXT.TTF', 'OLDENGL.TTF', 'ONYX.TTF', 'OUTLOOK.TTF', 'pala.ttf', 'palab.ttf', 'palabi.ttf', 'palai.ttf', 'PALSCRI.TTF', 'PAPYRUS.TTF', 'PARCHM.TTF', 'PERBI___.TTF', 'PERB____.TTF', 'PERI____.TTF', 'PERTIBD.TTF', 'PERTILI.TTF', 'PER_____.TTF', 'phagspa.ttf', 'phagspab.ttf', 'PLAYBILL.TTF', 'POORICH.TTF', 'PRISTINA.TTF', 'RAGE.TTF', 'RAVIE.TTF', 'REFSAN.TTF', 'REFSPCL.TTF', 'ROCCB___.TTF', 'ROCC____.TTF', 'ROCK.TTF', 'ROCKB.TTF', 'ROCKBI.TTF', 'ROCKEB.TTF', 'ROCKI.TTF', 'roman.fon', 's8514fix.fon', 's8514oem.fon', 's8514sys.fon', 'SCHLBKB.TTF', 'SCHLBKBI.TTF', 'SCHLBKI.TTF', 'script.fon', 'SCRIPTBL.TTF', 'segmdl2.ttf', 'SegoeIcons.ttf', 'segoepr.ttf', 'segoeprb.ttf', 'segoesc.ttf', 'segoescb.ttf', 'segoeui.ttf', 'segoeuib.ttf', 'segoeuii.ttf', 'segoeuil.ttf', 'segoeuisl.ttf', 'segoeuiz.ttf', 'seguibl.ttf', 'seguibli.ttf', 'seguiemj.ttf', 'seguihis.ttf', 'seguili.ttf', 'seguisb.ttf', 'seguisbi.ttf', 'seguisli.ttf', 'seguisym.ttf', 'SegUIVar.ttf', 'sere1255.fon', 'sere1256.fon', 'sere1257.fon', 'serf1255.fon', 'serf1256.fon', 'serf1257.fon', 'serife.fon', 'serifee.fon', 'serifeg.fon', 'serifer.fon', 'serifet.fon', 'seriff.fon', 'seriffe.fon', 'seriffg.fon', 'seriffr.fon', 'serifft.fon', 'SHOWG.TTF', 'simfang.ttf', 'simhei.ttf', 'simkai.ttf', 'SIMLI.TTF', 'simsun.ttc', 'simsunb.ttf', 'SIMYOU.TTF', 'SitkaVF-Italic.ttf', 'SitkaVF.ttf', 'smae1255.fon', 'smae1256.fon', 'smae1257.fon', 'smaf1255.fon', 'smaf1256.fon', 'smaf1257.fon', 'smalle.fon', 'smallee.fon', 'smalleg.fon', 'smaller.fon', 'smallet.fon', 'smallf.fon', 'smallfe.fon', 'smallfg.fon', 'smallfr.fon', 'smallft.fon', 'SNAP____.TTF', 'ssee1255.fon', 'ssee1256.fon', 'ssee1257.fon', 'ssee874.fon', 'ssef1255.fon', 'ssef1256.fon', 'ssef1257.fon', 'ssef874.fon', 'sserife.fon', 'sserifee.fon', 'sserifeg.fon', 'sserifer.fon', 'sserifet.fon', 'sseriff.fon', 'sseriffe.fon', 'sseriffg.fon', 'sseriffr.fon', 'sserifft.fon', 'StaticCache.dat', 'STCAIYUN.TTF', 'STENCIL.TTF', 'STFANGSO.TTF', 'STHUPO.TTF', 'STKAITI.TTF', 'STLITI.TTF', 'STSONG.TTF', 'STXIHEI.TTF', 'STXINGKA.TTF', 'STXINWEI.TTF', 'STZHONGS.TTF', 'svgafix.fon', 'svgasys.fon', 'sylfaen.ttf', 'symbol.ttf', 'tahoma.ttf', 'tahomabd.ttf', 'taile.ttf', 'taileb.ttf', 'TCBI____.TTF', 'TCB_____.TTF', 'TCCB____.TTF', 'TCCEB.TTF', 'TCCM____.TTF', 'TCMI____.TTF', 'TCM_____.TTF', 'TEMPSITC.TTF', 'times.ttf', 'timesbd.ttf', 'timesbi.ttf', 'timesi.ttf', 'trebuc.ttf', 'trebucbd.ttf', 'trebucbi.ttf', 'trebucit.ttf', 'verdana.ttf', 'verdanab.ttf', 'verdanai.ttf', 'verdanaz.ttf', 'vga737.fon', 'vga775.fon', 'vga850.fon', 'vga852.fon', 'vga855.fon', 'vga857.fon', 'vga860.fon', 'vga861.fon', 'vga863.fon', 'vga865.fon', 'vga866.fon', 'vga869.fon', 'vga932.fon', 'vga936.fon', 'vga949.fon', 'vga950.fon', 'vgaf1255.fon', 'vgaf1256.fon', 'vgaf1257.fon', 'vgaf874.fon', 'vgafix.fon', 'vgafixe.fon', 'vgafixg.fon', 'vgafixr.fon', 'vgafixt.fon', 'vgaoem.fon', 'vgas1255.fon', 'vgas1256.fon', 'vgas1257.fon', 'vgas874.fon', 'vgasys.fon', 'vgasyse.fon', 'vgasysg.fon', 'vgasysr.fon', 'vgasyst.fon', 'VINERITC.TTF', 'VIVALDII.TTF', 'VLADIMIR.TTF', 'webdings.ttf', 'wingding.ttf', 'WINGDNG2.TTF', 'WINGDNG3.TTF', 'YuGothB.ttc', 'YuGothL.ttc', 'YuGothM.ttc', 'YuGothR.ttc', '\u534e\u5eb7\u65b9\u5706\u4f53W7.TTC', '\u65b9\u6b63\u7c97\u9ed1\u5b8b\u7b80\u4f53.ttf']
2023-09-27 14:54:33,973 - INFO - all fonts installed:['8514fix.fon', '8514fixe.fon', '8514fixg.fon', '8514fixr.fon', '8514fixt.fon', '8514oem.fon', '8514oeme.fon', '8514oemg.fon', '8514oemr.fon', '8514oemt.fon', '8514sys.fon', '8514syse.fon', '8514sysg.fon', '8514sysr.fon', '8514syst.fon', '85775.fon', '85855.fon', '85f1255.fon', '85f1256.fon', '85f1257.fon', '85f874.fon', '85s1255.fon', '85s1256.fon', '85s1257.fon', '85s874.fon', 'AGENCYB.TTF', 'AGENCYR.TTF', 'ALGER.TTF', 'ANTQUAB.TTF', 'ANTQUABI.TTF', 'ANTQUAI.TTF', 'app775.fon', 'app850.fon', 'app852.fon', 'app855.fon', 'app857.fon', 'app866.fon', 'app932.fon', 'app936.fon', 'app949.fon', 'app950.fon', 'arial.ttf', 'arialbd.ttf', 'arialbi.ttf', 'ariali.ttf', 'ARIALN.TTF', 'ARIALNB.TTF', 'ARIALNBI.TTF', 'ARIALNI.TTF', 'ariblk.ttf', 'ARLRDBD.TTF', 'AxureHandwriting-Bold.otf', 'AxureHandwriting-BoldItalic.otf', 'AxureHandwriting-Italic.otf', 'AxureHandwriting.otf', 'bahnschrift.ttf', 'BASKVILL.TTF', 'BAUHS93.TTF', 'BELL.TTF', 'BELLB.TTF', 'BELLI.TTF', 'BERNHC.TTF', 'BKANT.TTF', 'BOD_B.TTF', 'BOD_BI.TTF', 'BOD_BLAI.TTF', 'BOD_BLAR.TTF', 'BOD_CB.TTF', 'BOD_CBI.TTF', 'BOD_CI.TTF', 'BOD_CR.TTF', 'BOD_I.TTF', 'BOD_PSTC.TTF', 'BOD_R.TTF', 'BOOKOS.TTF', 'BOOKOSB.TTF', 'BOOKOSBI.TTF', 'BOOKOSI.TTF', 'BRADHITC.TTF', 'BRITANIC.TTF', 'BRLNSB.TTF', 'BRLNSDB.TTF', 'BRLNSR.TTF', 'BROADW.TTF', 'BRUSHSCI.TTF', 'BSSYM7.TTF', 'c8514fix.fon', 'c8514oem.fon', 'c8514sys.fon', 'calibri.ttf', 'calibrib.ttf', 'calibrii.ttf', 'calibril.ttf', 'calibrili.ttf', 'calibriz.ttf', 'CALIFB.TTF', 'CALIFI.TTF', 'CALIFR.TTF', 'CALIST.TTF', 'CALISTB.TTF', 'CALISTBI.TTF', 'CALISTI.TTF', 'cambria.ttc', 'cambriab.ttf', 'cambriai.ttf', 'cambriaz.ttf', 'Candara.ttf', 'Candarab.ttf', 'Candarai.ttf', 'Candaral.ttf', 'Candarali.ttf', 'Candaraz.ttf', 'CascadiaCode.ttf', 'CascadiaMono.ttf', 'CASTELAR.TTF', 'CENSCBK.TTF', 'CENTAUR.TTF', 'CENTURY.TTF', 'cga40737.fon', 'cga40850.fon', 'cga40852.fon', 'cga40857.fon', 'cga40866.fon', 'cga40869.fon', 'cga40woa.fon', 'cga80737.fon', 'cga80850.fon', 'cga80852.fon', 'cga80857.fon', 'cga80866.fon', 'cga80869.fon', 'cga80woa.fon', 'CHILLER.TTF', 'COLONNA.TTF', 'comic.ttf', 'comicbd.ttf', 'comici.ttf', 'comicz.ttf', 'consola.ttf', 'consolab.ttf', 'consolai.ttf', 'consolaz.ttf', 'constan.ttf', 'constanb.ttf', 'constani.ttf', 'constanz.ttf', 'COOPBL.TTF', 'COPRGTB.TTF', 'COPRGTL.TTF', 'corbel.ttf', 'corbelb.ttf', 'corbeli.ttf', 'corbell.ttf', 'corbelli.ttf', 'corbelz.ttf', 'coue1255.fon', 'coue1256.fon', 'coue1257.fon', 'couf1255.fon', 'couf1256.fon', 'couf1257.fon', 'cour.ttf', 'courbd.ttf', 'courbi.ttf', 'coure.fon', 'couree.fon', 'coureg.fon', 'courer.fon', 'couret.fon', 'courf.fon', 'courfe.fon', 'courfg.fon', 'courfr.fon', 'courft.fon', 'couri.ttf', 'CURLZ___.TTF', 'cvgafix.fon', 'cvgasys.fon', 'Deng.ttf', 'Dengb.ttf', 'Dengl.ttf', 'desktop.ini', 'dos737.fon', 'dos869.fon', 'dosapp.fon', 'DUBAI-BOLD.TTF', 'DUBAI-LIGHT.TTF', 'DUBAI-MEDIUM.TTF', 'DUBAI-REGULAR.TTF', 'ebrima.ttf', 'ebrimabd.ttf', 'ega40737.fon', 'ega40850.fon', 'ega40852.fon', 'ega40857.fon', 'ega40866.fon', 'ega40869.fon', 'ega40woa.fon', 'ega80737.fon', 'ega80850.fon', 'ega80852.fon', 'ega80857.fon', 'ega80866.fon', 'ega80869.fon', 'ega80woa.fon', 'ELEPHNT.TTF', 'ELEPHNTI.TTF', 'ENGR.TTF', 'ERASBD.TTF', 'ERASDEMI.TTF', 'ERASLGHT.TTF', 'ERASMD.TTF', 'FELIXTI.TTF', 'fms_metadata.xml', 'FORTE.TTF', 'FRABK.TTF', 'FRABKIT.TTF', 'FRADM.TTF', 'FRADMCN.TTF', 'FRADMIT.TTF', 'FRAHV.TTF', 'FRAHVIT.TTF', 'framd.ttf', 'FRAMDCN.TTF', 'framdit.ttf', 'FREESCPT.TTF', 'FRSCRIPT.TTF', 'FTLTLT.TTF', 'FZSTK.TTF', 'FZYTK.TTF', 'Gabriola.ttf', 'gadugi.ttf', 'gadugib.ttf', 'GARA.TTF', 'GARABD.TTF', 'GARAIT.TTF', 'georgia.ttf', 'georgiab.ttf', 'georgiai.ttf', 'georgiaz.ttf', 'GIGI.TTF', 'GILBI___.TTF', 'GILB____.TTF', 'GILC____.TTF', 'GILI____.TTF', 'GILLUBCD.TTF', 'GILSANUB.TTF', 'GIL_____.TTF', 'GLECB.TTF', 'GlobalMonospace.CompositeFont', 'GlobalSansSerif.CompositeFont', 'GlobalSerif.CompositeFont', 'GlobalUserInterface.CompositeFont', 'GLSNECB.TTF', 'GOTHIC.TTF', 'GOTHICB.TTF', 'GOTHICBI.TTF', 'GOTHICI.TTF', 'GOUDOS.TTF', 'GOUDOSB.TTF', 'GOUDOSI.TTF', 'GOUDYSTO.TTF', 'h8514fix.fon', 'h8514oem.fon', 'h8514sys.fon', 'HARLOWSI.TTF', 'HARNGTON.TTF', 'HATTEN.TTF', 'HGB1X_CNKI.ttf', 'HGB1_CNKI.ttf', 'HGB2X_CNKI.ttf', 'HGB2_CNKI.ttf', 'HGB3X_CNKI.ttf', 'HGB3_CNKI.ttf', 'HGB4X_CNKI.ttf', 'HGB4_CNKI.ttf', 'HGB5X_CNKI.ttf', 'HGB5_CNKI.ttf', 'HGB6X_CNKI.ttf', 'HGB6_CNKI.ttf', 'HGB7X_CNKI.ttf', 'HGB7_CNKI.ttf', 'HGB8X_CNKI.ttf', 'HGB8_CNKI.ttf', 'HGBD_CNKI.ttf', 'HGBKBX_CNKI.ttf', 'HGBKB_CNKI.ttf', 'HGBKHX_CNKI.ttf', 'HGBKH_CNKI.ttf', 'HGBS1_CNKI.TTF', 'HGBS2_CNKI.TTF', 'HGBS_CNKI.TTF', 'HGBTH_CNKI.TTF', 'HGBTS_CNKI.TTF', 'HGBX_CNKI.ttf', 'HGBZ_CNKI.ttf', 'HGCH_CNKI.TTF', 'HGCUH_CNKI.TTF', 'HGCY_CNKI.TTF', 'HGDBS_CNKI.TTF', 'HGDGY_CNKI.TTF', 'HGDH2_CNKI.TTF', 'HGDH_CNKI.TTF', 'HGDYS_CNKI.TTF', 'HGDY_CNKI.ttf', 'HGF1X_CNKI.ttf', 'HGF1_CNKI.ttf', 'HGF2X_CNKI.ttf', 'HGF2_CNKI.ttf', 'HGF3_CNKI.ttf', 'HGF4X_CNKI.ttf', 'HGF4_CNKI.ttf', 'HGF5X_CNKI.ttf', 'HGF5_CNKI.ttf', 'HGF6X_CNKI.ttf', 'HGF6_CNKI.ttf', 'HGF7X_CNKI.ttf', 'HGF7_CNKI.ttf', 'HGF8_CNKI.ttf', 'HGF9X_CNKI.ttf', 'HGF9_CNKI.ttf', 'HGFS1_CNKI.TTF', 'HGFS2_CNKI.TTF', 'HGFSH_CNKI.TTF', 'HGFS_CNKI.TTF', 'HGFX_CNKI.ttf', 'HGFZ_CNKI.ttf', 'HGGG_CNKI.TTF', 'HGH1X_CNKI.ttf', 'HGH1_CNKI.ttf', 'HGH2X_CNKI.ttf', 'HGH2_CNKI.ttf', 'HGH3X_CNKI.ttf', 'HGH3_CNKI.ttf', 'HGH4X_CNKI.ttf', 'HGH4_CNKI.ttf', 'HGH5X_CNKI.ttf', 'HGH5_CNKI.ttf', 'HGH6X_CNKI.ttf', 'HGH6_CNKI.ttf', 'HGH7X_CNKI.ttf', 'HGH7_CNKI.ttf', 'HGHB_CNKI.TTF', 'HGHD_CNKI.ttf', 'HGHP_CNKI.TTF', 'HGHT1_CNKI.ttf', 'HGHT2_CNKI.ttf', 'HGHUATI_CNKI.ttf', 'HGHX_CNKI.ttf', 'HGHZ_CNKI.ttf', 'HGH_CNKI.TTF', 'HGKT1_CNKI.TTF', 'HGKT2_CNKI.TTF', 'HGKT_CNKI.TTF', 'HGKY_CNKI.ttf', 'HGLB_CNKI.TTF', 'HGLS_CNKI.TTF', 'HGMH_CNKI.TTF', 'HGNBS_CNKI.ttf', 'HGOCR_CNKI.ttf', 'HGPH_CNKI.TTF', 'HGPTY_CNKI.TTF', 'HGSS1_CNKI.TTF', 'HGSS2_CNKI.TTF', 'HGSS_CNKI.TTF', 'HGSXT_CNKI.ttf', 'HGTT_CNKI.ttf', 'HGTX_CNKI.TTF', 'HGWT_CNKI.TTF', 'HGWYS_CNKI.TTF', 'HGX1X_CNKI.ttf', 'HGX1_CNKI.ttf', 'HGXBS_CNKI.TTF', 'HGXC_CNKI.TTF', 'HGXF1_CNKI.ttf', 'HGXFX_CNKI.ttf', 'HGXFZ_CNKI.ttf', 'HGXH1_CNKI.TTF', 'HGXH_CNKI.TTF', 'HGXK_CNKI.TTF', 'HGXL_CNKI.TTF', 'HGXS_CNKI.TTF', 'HGXT_CNKI.ttf', 'HGXY_CNKI.ttf', 'HGY1_CNKI.TTF', 'HGY2_CNKI.TTF', 'HGY3_CNKI.TTF', 'HGY4_CNKI.TTF', 'HGYB_CNKI.ttf', 'HGYT1_CNKI.ttf', 'HGYT2_CNKI.ttf', 'HGYT_CNKI.TTF', 'HGYX_CNKI.TTF', 'HGZCS_CNKI.TTF', 'HGZDX_CNKI.TTF', 'HGZK_CNKI.TTF', 'HGZYT_CNKI.TTF', 'HGZY_CNKI.TTF', 'himalaya.ttf', 'holomdl2.ttf', 'HTOWERT.TTF', 'HTOWERTI.TTF', 'hvgafix.fon', 'hvgasys.fon', 'impact.ttf', 'IMPRISHA.TTF', 'INFROMAN.TTF', 'Inkfree.ttf', 'iqiyi_logov7.ttf', 'ITCBLKAD.TTF', 'ITCEDSCR.TTF', 'ITCKRIST.TTF', 'j8514fix.fon', 'j8514oem.fon', 'j8514sys.fon', 'javatext.ttf', 'JOKERMAN.TTF', 'jsmalle.fon', 'jsmallf.fon', 'JUICE___.TTF', 'jvgafix.fon', 'jvgasys.fon', 'KUNSTLER.TTF', 'LATINWD.TTF', 'LBRITE.TTF', 'LBRITED.TTF', 'LBRITEDI.TTF', 'LBRITEI.TTF', 'LCALLIG.TTF', 'LeelaUIb.ttf', 'LeelawUI.ttf', 'LeelUIsl.ttf', 'LFAX.TTF', 'LFAXD.TTF', 'LFAXDI.TTF', 'LFAXI.TTF', 'LHANDW.TTF', 'LSANS.TTF', 'LSANSD.TTF', 'LSANSDI.TTF', 'LSANSI.TTF', 'LTYPE.TTF', 'LTYPEB.TTF', 'LTYPEBO.TTF', 'LTYPEO.TTF', 'lucon.ttf', 'l_10646.ttf', 'MAGNETOB.TTF', 'MAIAN.TTF', 'malgun.ttf', 'malgunbd.ttf', 'malgunsl.ttf', 'marlett.ttf', 'MATURASC.TTF', 'micross.ttf', 'mingliub.ttc', 'MISTRAL.TTF', 'mmrtext.ttf', 'mmrtextb.ttf', 'MOD20.TTF', 'modern.fon', 'monbaiti.ttf', 'msgothic.ttc', 'msjh.ttc', 'msjhbd.ttc', 'msjhl.ttc', 'msyh.ttc', 'msyhbd.ttc', 'msyhl.ttc', 'msyi.ttf', 'MTCORSVA.TTF', 'MTEXTRA.TTF', 'mvboli.ttf', 'NIAGENG.TTF', 'NIAGSOL.TTF', 'Nirmala.ttf', 'NirmalaB.ttf', 'NirmalaS.ttf', 'ntailu.ttf', 'ntailub.ttf', 'NumberOnly.ttf', 'OCRAEXT.TTF', 'OLDENGL.TTF', 'ONYX.TTF', 'OUTLOOK.TTF', 'pala.ttf', 'palab.ttf', 'palabi.ttf', 'palai.ttf', 'PALSCRI.TTF', 'PAPYRUS.TTF', 'PARCHM.TTF', 'PERBI___.TTF', 'PERB____.TTF', 'PERI____.TTF', 'PERTIBD.TTF', 'PERTILI.TTF', 'PER_____.TTF', 'phagspa.ttf', 'phagspab.ttf', 'PLAYBILL.TTF', 'POORICH.TTF', 'PRISTINA.TTF', 'RAGE.TTF', 'RAVIE.TTF', 'REFSAN.TTF', 'REFSPCL.TTF', 'ROCCB___.TTF', 'ROCC____.TTF', 'ROCK.TTF', 'ROCKB.TTF', 'ROCKBI.TTF', 'ROCKEB.TTF', 'ROCKI.TTF', 'roman.fon', 's8514fix.fon', 's8514oem.fon', 's8514sys.fon', 'SCHLBKB.TTF', 'SCHLBKBI.TTF', 'SCHLBKI.TTF', 'script.fon', 'SCRIPTBL.TTF', 'segmdl2.ttf', 'SegoeIcons.ttf', 'segoepr.ttf', 'segoeprb.ttf', 'segoesc.ttf', 'segoescb.ttf', 'segoeui.ttf', 'segoeuib.ttf', 'segoeuii.ttf', 'segoeuil.ttf', 'segoeuisl.ttf', 'segoeuiz.ttf', 'seguibl.ttf', 'seguibli.ttf', 'seguiemj.ttf', 'seguihis.ttf', 'seguili.ttf', 'seguisb.ttf', 'seguisbi.ttf', 'seguisli.ttf', 'seguisym.ttf', 'SegUIVar.ttf', 'sere1255.fon', 'sere1256.fon', 'sere1257.fon', 'serf1255.fon', 'serf1256.fon', 'serf1257.fon', 'serife.fon', 'serifee.fon', 'serifeg.fon', 'serifer.fon', 'serifet.fon', 'seriff.fon', 'seriffe.fon', 'seriffg.fon', 'seriffr.fon', 'serifft.fon', 'SHOWG.TTF', 'simfang.ttf', 'simhei.ttf', 'simkai.ttf', 'SIMLI.TTF', 'simsun.ttc', 'simsunb.ttf', 'SIMYOU.TTF', 'SitkaVF-Italic.ttf', 'SitkaVF.ttf', 'smae1255.fon', 'smae1256.fon', 'smae1257.fon', 'smaf1255.fon', 'smaf1256.fon', 'smaf1257.fon', 'smalle.fon', 'smallee.fon', 'smalleg.fon', 'smaller.fon', 'smallet.fon', 'smallf.fon', 'smallfe.fon', 'smallfg.fon', 'smallfr.fon', 'smallft.fon', 'SNAP____.TTF', 'ssee1255.fon', 'ssee1256.fon', 'ssee1257.fon', 'ssee874.fon', 'ssef1255.fon', 'ssef1256.fon', 'ssef1257.fon', 'ssef874.fon', 'sserife.fon', 'sserifee.fon', 'sserifeg.fon', 'sserifer.fon', 'sserifet.fon', 'sseriff.fon', 'sseriffe.fon', 'sseriffg.fon', 'sseriffr.fon', 'sserifft.fon', 'StaticCache.dat', 'STCAIYUN.TTF', 'STENCIL.TTF', 'STFANGSO.TTF', 'STHUPO.TTF', 'STKAITI.TTF', 'STLITI.TTF', 'STSONG.TTF', 'STXIHEI.TTF', 'STXINGKA.TTF', 'STXINWEI.TTF', 'STZHONGS.TTF', 'svgafix.fon', 'svgasys.fon', 'sylfaen.ttf', 'symbol.ttf', 'tahoma.ttf', 'tahomabd.ttf', 'taile.ttf', 'taileb.ttf', 'TCBI____.TTF', 'TCB_____.TTF', 'TCCB____.TTF', 'TCCEB.TTF', 'TCCM____.TTF', 'TCMI____.TTF', 'TCM_____.TTF', 'TEMPSITC.TTF', 'times.ttf', 'timesbd.ttf', 'timesbi.ttf', 'timesi.ttf', 'trebuc.ttf', 'trebucbd.ttf', 'trebucbi.ttf', 'trebucit.ttf', 'verdana.ttf', 'verdanab.ttf', 'verdanai.ttf', 'verdanaz.ttf', 'vga737.fon', 'vga775.fon', 'vga850.fon', 'vga852.fon', 'vga855.fon', 'vga857.fon', 'vga860.fon', 'vga861.fon', 'vga863.fon', 'vga865.fon', 'vga866.fon', 'vga869.fon', 'vga932.fon', 'vga936.fon', 'vga949.fon', 'vga950.fon', 'vgaf1255.fon', 'vgaf1256.fon', 'vgaf1257.fon', 'vgaf874.fon', 'vgafix.fon', 'vgafixe.fon', 'vgafixg.fon', 'vgafixr.fon', 'vgafixt.fon', 'vgaoem.fon', 'vgas1255.fon', 'vgas1256.fon', 'vgas1257.fon', 'vgas874.fon', 'vgasys.fon', 'vgasyse.fon', 'vgasysg.fon', 'vgasysr.fon', 'vgasyst.fon', 'VINERITC.TTF', 'VIVALDII.TTF', 'VLADIMIR.TTF', 'webdings.ttf', 'wingding.ttf', 'WINGDNG2.TTF', 'WINGDNG3.TTF', 'YuGothB.ttc', 'YuGothL.ttc', 'YuGothM.ttc', 'YuGothR.ttc', '\u534e\u5eb7\u65b9\u5706\u4f53W7.TTC', '\u65b9\u6b63\u7c97\u9ed1\u5b8b\u7b80\u4f53.ttf']
2023-09-27 14:54:33,975 - INFO - all fonts installed:['8514fix.fon', '8514fixe.fon', '8514fixg.fon', '8514fixr.fon', '8514fixt.fon', '8514oem.fon', '8514oeme.fon', '8514oemg.fon', '8514oemr.fon', '8514oemt.fon', '8514sys.fon', '8514syse.fon', '8514sysg.fon', '8514sysr.fon', '8514syst.fon', '85775.fon', '85855.fon', '85f1255.fon', '85f1256.fon', '85f1257.fon', '85f874.fon', '85s1255.fon', '85s1256.fon', '85s1257.fon', '85s874.fon', 'AGENCYB.TTF', 'AGENCYR.TTF', 'ALGER.TTF', 'ANTQUAB.TTF', 'ANTQUABI.TTF', 'ANTQUAI.TTF', 'app775.fon', 'app850.fon', 'app852.fon', 'app855.fon', 'app857.fon', 'app866.fon', 'app932.fon', 'app936.fon', 'app949.fon', 'app950.fon', 'arial.ttf', 'arialbd.ttf', 'arialbi.ttf', 'ariali.ttf', 'ARIALN.TTF', 'ARIALNB.TTF', 'ARIALNBI.TTF', 'ARIALNI.TTF', 'ariblk.ttf', 'ARLRDBD.TTF', 'AxureHandwriting-Bold.otf', 'AxureHandwriting-BoldItalic.otf', 'AxureHandwriting-Italic.otf', 'AxureHandwriting.otf', 'bahnschrift.ttf', 'BASKVILL.TTF', 'BAUHS93.TTF', 'BELL.TTF', 'BELLB.TTF', 'BELLI.TTF', 'BERNHC.TTF', 'BKANT.TTF', 'BOD_B.TTF', 'BOD_BI.TTF', 'BOD_BLAI.TTF', 'BOD_BLAR.TTF', 'BOD_CB.TTF', 'BOD_CBI.TTF', 'BOD_CI.TTF', 'BOD_CR.TTF', 'BOD_I.TTF', 'BOD_PSTC.TTF', 'BOD_R.TTF', 'BOOKOS.TTF', 'BOOKOSB.TTF', 'BOOKOSBI.TTF', 'BOOKOSI.TTF', 'BRADHITC.TTF', 'BRITANIC.TTF', 'BRLNSB.TTF', 'BRLNSDB.TTF', 'BRLNSR.TTF', 'BROADW.TTF', 'BRUSHSCI.TTF', 'BSSYM7.TTF', 'c8514fix.fon', 'c8514oem.fon', 'c8514sys.fon', 'calibri.ttf', 'calibrib.ttf', 'calibrii.ttf', 'calibril.ttf', 'calibrili.ttf', 'calibriz.ttf', 'CALIFB.TTF', 'CALIFI.TTF', 'CALIFR.TTF', 'CALIST.TTF', 'CALISTB.TTF', 'CALISTBI.TTF', 'CALISTI.TTF', 'cambria.ttc', 'cambriab.ttf', 'cambriai.ttf', 'cambriaz.ttf', 'Candara.ttf', 'Candarab.ttf', 'Candarai.ttf', 'Candaral.ttf', 'Candarali.ttf', 'Candaraz.ttf', 'CascadiaCode.ttf', 'CascadiaMono.ttf', 'CASTELAR.TTF', 'CENSCBK.TTF', 'CENTAUR.TTF', 'CENTURY.TTF', 'cga40737.fon', 'cga40850.fon', 'cga40852.fon', 'cga40857.fon', 'cga40866.fon', 'cga40869.fon', 'cga40woa.fon', 'cga80737.fon', 'cga80850.fon', 'cga80852.fon', 'cga80857.fon', 'cga80866.fon', 'cga80869.fon', 'cga80woa.fon', 'CHILLER.TTF', 'COLONNA.TTF', 'comic.ttf', 'comicbd.ttf', 'comici.ttf', 'comicz.ttf', 'consola.ttf', 'consolab.ttf', 'consolai.ttf', 'consolaz.ttf', 'constan.ttf', 'constanb.ttf', 'constani.ttf', 'constanz.ttf', 'COOPBL.TTF', 'COPRGTB.TTF', 'COPRGTL.TTF', 'corbel.ttf', 'corbelb.ttf', 'corbeli.ttf', 'corbell.ttf', 'corbelli.ttf', 'corbelz.ttf', 'coue1255.fon', 'coue1256.fon', 'coue1257.fon', 'couf1255.fon', 'couf1256.fon', 'couf1257.fon', 'cour.ttf', 'courbd.ttf', 'courbi.ttf', 'coure.fon', 'couree.fon', 'coureg.fon', 'courer.fon', 'couret.fon', 'courf.fon', 'courfe.fon', 'courfg.fon', 'courfr.fon', 'courft.fon', 'couri.ttf', 'CURLZ___.TTF', 'cvgafix.fon', 'cvgasys.fon', 'Deng.ttf', 'Dengb.ttf', 'Dengl.ttf', 'desktop.ini', 'dos737.fon', 'dos869.fon', 'dosapp.fon', 'DUBAI-BOLD.TTF', 'DUBAI-LIGHT.TTF', 'DUBAI-MEDIUM.TTF', 'DUBAI-REGULAR.TTF', 'ebrima.ttf', 'ebrimabd.ttf', 'ega40737.fon', 'ega40850.fon', 'ega40852.fon', 'ega40857.fon', 'ega40866.fon', 'ega40869.fon', 'ega40woa.fon', 'ega80737.fon', 'ega80850.fon', 'ega80852.fon', 'ega80857.fon', 'ega80866.fon', 'ega80869.fon', 'ega80woa.fon', 'ELEPHNT.TTF', 'ELEPHNTI.TTF', 'ENGR.TTF', 'ERASBD.TTF', 'ERASDEMI.TTF', 'ERASLGHT.TTF', 'ERASMD.TTF', 'FELIXTI.TTF', 'fms_metadata.xml', 'FORTE.TTF', 'FRABK.TTF', 'FRABKIT.TTF', 'FRADM.TTF', 'FRADMCN.TTF', 'FRADMIT.TTF', 'FRAHV.TTF', 'FRAHVIT.TTF', 'framd.ttf', 'FRAMDCN.TTF', 'framdit.ttf', 'FREESCPT.TTF', 'FRSCRIPT.TTF', 'FTLTLT.TTF', 'FZSTK.TTF', 'FZYTK.TTF', 'Gabriola.ttf', 'gadugi.ttf', 'gadugib.ttf', 'GARA.TTF', 'GARABD.TTF', 'GARAIT.TTF', 'georgia.ttf', 'georgiab.ttf', 'georgiai.ttf', 'georgiaz.ttf', 'GIGI.TTF', 'GILBI___.TTF', 'GILB____.TTF', 'GILC____.TTF', 'GILI____.TTF', 'GILLUBCD.TTF', 'GILSANUB.TTF', 'GIL_____.TTF', 'GLECB.TTF', 'GlobalMonospace.CompositeFont', 'GlobalSansSerif.CompositeFont', 'GlobalSerif.CompositeFont', 'GlobalUserInterface.CompositeFont', 'GLSNECB.TTF', 'GOTHIC.TTF', 'GOTHICB.TTF', 'GOTHICBI.TTF', 'GOTHICI.TTF', 'GOUDOS.TTF', 'GOUDOSB.TTF', 'GOUDOSI.TTF', 'GOUDYSTO.TTF', 'h8514fix.fon', 'h8514oem.fon', 'h8514sys.fon', 'HARLOWSI.TTF', 'HARNGTON.TTF', 'HATTEN.TTF', 'HGB1X_CNKI.ttf', 'HGB1_CNKI.ttf', 'HGB2X_CNKI.ttf', 'HGB2_CNKI.ttf', 'HGB3X_CNKI.ttf', 'HGB3_CNKI.ttf', 'HGB4X_CNKI.ttf', 'HGB4_CNKI.ttf', 'HGB5X_CNKI.ttf', 'HGB5_CNKI.ttf', 'HGB6X_CNKI.ttf', 'HGB6_CNKI.ttf', 'HGB7X_CNKI.ttf', 'HGB7_CNKI.ttf', 'HGB8X_CNKI.ttf', 'HGB8_CNKI.ttf', 'HGBD_CNKI.ttf', 'HGBKBX_CNKI.ttf', 'HGBKB_CNKI.ttf', 'HGBKHX_CNKI.ttf', 'HGBKH_CNKI.ttf', 'HGBS1_CNKI.TTF', 'HGBS2_CNKI.TTF', 'HGBS_CNKI.TTF', 'HGBTH_CNKI.TTF', 'HGBTS_CNKI.TTF', 'HGBX_CNKI.ttf', 'HGBZ_CNKI.ttf', 'HGCH_CNKI.TTF', 'HGCUH_CNKI.TTF', 'HGCY_CNKI.TTF', 'HGDBS_CNKI.TTF', 'HGDGY_CNKI.TTF', 'HGDH2_CNKI.TTF', 'HGDH_CNKI.TTF', 'HGDYS_CNKI.TTF', 'HGDY_CNKI.ttf', 'HGF1X_CNKI.ttf', 'HGF1_CNKI.ttf', 'HGF2X_CNKI.ttf', 'HGF2_CNKI.ttf', 'HGF3_CNKI.ttf', 'HGF4X_CNKI.ttf', 'HGF4_CNKI.ttf', 'HGF5X_CNKI.ttf', 'HGF5_CNKI.ttf', 'HGF6X_CNKI.ttf', 'HGF6_CNKI.ttf', 'HGF7X_CNKI.ttf', 'HGF7_CNKI.ttf', 'HGF8_CNKI.ttf', 'HGF9X_CNKI.ttf', 'HGF9_CNKI.ttf', 'HGFS1_CNKI.TTF', 'HGFS2_CNKI.TTF', 'HGFSH_CNKI.TTF', 'HGFS_CNKI.TTF', 'HGFX_CNKI.ttf', 'HGFZ_CNKI.ttf', 'HGGG_CNKI.TTF', 'HGH1X_CNKI.ttf', 'HGH1_CNKI.ttf', 'HGH2X_CNKI.ttf', 'HGH2_CNKI.ttf', 'HGH3X_CNKI.ttf', 'HGH3_CNKI.ttf', 'HGH4X_CNKI.ttf', 'HGH4_CNKI.ttf', 'HGH5X_CNKI.ttf', 'HGH5_CNKI.ttf', 'HGH6X_CNKI.ttf', 'HGH6_CNKI.ttf', 'HGH7X_CNKI.ttf', 'HGH7_CNKI.ttf', 'HGHB_CNKI.TTF', 'HGHD_CNKI.ttf', 'HGHP_CNKI.TTF', 'HGHT1_CNKI.ttf', 'HGHT2_CNKI.ttf', 'HGHUATI_CNKI.ttf', 'HGHX_CNKI.ttf', 'HGHZ_CNKI.ttf', 'HGH_CNKI.TTF', 'HGKT1_CNKI.TTF', 'HGKT2_CNKI.TTF', 'HGKT_CNKI.TTF', 'HGKY_CNKI.ttf', 'HGLB_CNKI.TTF', 'HGLS_CNKI.TTF', 'HGMH_CNKI.TTF', 'HGNBS_CNKI.ttf', 'HGOCR_CNKI.ttf', 'HGPH_CNKI.TTF', 'HGPTY_CNKI.TTF', 'HGSS1_CNKI.TTF', 'HGSS2_CNKI.TTF', 'HGSS_CNKI.TTF', 'HGSXT_CNKI.ttf', 'HGTT_CNKI.ttf', 'HGTX_CNKI.TTF', 'HGWT_CNKI.TTF', 'HGWYS_CNKI.TTF', 'HGX1X_CNKI.ttf', 'HGX1_CNKI.ttf', 'HGXBS_CNKI.TTF', 'HGXC_CNKI.TTF', 'HGXF1_CNKI.ttf', 'HGXFX_CNKI.ttf', 'HGXFZ_CNKI.ttf', 'HGXH1_CNKI.TTF', 'HGXH_CNKI.TTF', 'HGXK_CNKI.TTF', 'HGXL_CNKI.TTF', 'HGXS_CNKI.TTF', 'HGXT_CNKI.ttf', 'HGXY_CNKI.ttf', 'HGY1_CNKI.TTF', 'HGY2_CNKI.TTF', 'HGY3_CNKI.TTF', 'HGY4_CNKI.TTF', 'HGYB_CNKI.ttf', 'HGYT1_CNKI.ttf', 'HGYT2_CNKI.ttf', 'HGYT_CNKI.TTF', 'HGYX_CNKI.TTF', 'HGZCS_CNKI.TTF', 'HGZDX_CNKI.TTF', 'HGZK_CNKI.TTF', 'HGZYT_CNKI.TTF', 'HGZY_CNKI.TTF', 'himalaya.ttf', 'holomdl2.ttf', 'HTOWERT.TTF', 'HTOWERTI.TTF', 'hvgafix.fon', 'hvgasys.fon', 'impact.ttf', 'IMPRISHA.TTF', 'INFROMAN.TTF', 'Inkfree.ttf', 'iqiyi_logov7.ttf', 'ITCBLKAD.TTF', 'ITCEDSCR.TTF', 'ITCKRIST.TTF', 'j8514fix.fon', 'j8514oem.fon', 'j8514sys.fon', 'javatext.ttf', 'JOKERMAN.TTF', 'jsmalle.fon', 'jsmallf.fon', 'JUICE___.TTF', 'jvgafix.fon', 'jvgasys.fon', 'KUNSTLER.TTF', 'LATINWD.TTF', 'LBRITE.TTF', 'LBRITED.TTF', 'LBRITEDI.TTF', 'LBRITEI.TTF', 'LCALLIG.TTF', 'LeelaUIb.ttf', 'LeelawUI.ttf', 'LeelUIsl.ttf', 'LFAX.TTF', 'LFAXD.TTF', 'LFAXDI.TTF', 'LFAXI.TTF', 'LHANDW.TTF', 'LSANS.TTF', 'LSANSD.TTF', 'LSANSDI.TTF', 'LSANSI.TTF', 'LTYPE.TTF', 'LTYPEB.TTF', 'LTYPEBO.TTF', 'LTYPEO.TTF', 'lucon.ttf', 'l_10646.ttf', 'MAGNETOB.TTF', 'MAIAN.TTF', 'malgun.ttf', 'malgunbd.ttf', 'malgunsl.ttf', 'marlett.ttf', 'MATURASC.TTF', 'micross.ttf', 'mingliub.ttc', 'MISTRAL.TTF', 'mmrtext.ttf', 'mmrtextb.ttf', 'MOD20.TTF', 'modern.fon', 'monbaiti.ttf', 'msgothic.ttc', 'msjh.ttc', 'msjhbd.ttc', 'msjhl.ttc', 'msyh.ttc', 'msyhbd.ttc', 'msyhl.ttc', 'msyi.ttf', 'MTCORSVA.TTF', 'MTEXTRA.TTF', 'mvboli.ttf', 'NIAGENG.TTF', 'NIAGSOL.TTF', 'Nirmala.ttf', 'NirmalaB.ttf', 'NirmalaS.ttf', 'ntailu.ttf', 'ntailub.ttf', 'NumberOnly.ttf', 'OCRAEXT.TTF', 'OLDENGL.TTF', 'ONYX.TTF', 'OUTLOOK.TTF', 'pala.ttf', 'palab.ttf', 'palabi.ttf', 'palai.ttf', 'PALSCRI.TTF', 'PAPYRUS.TTF', 'PARCHM.TTF', 'PERBI___.TTF', 'PERB____.TTF', 'PERI____.TTF', 'PERTIBD.TTF', 'PERTILI.TTF', 'PER_____.TTF', 'phagspa.ttf', 'phagspab.ttf', 'PLAYBILL.TTF', 'POORICH.TTF', 'PRISTINA.TTF', 'RAGE.TTF', 'RAVIE.TTF', 'REFSAN.TTF', 'REFSPCL.TTF', 'ROCCB___.TTF', 'ROCC____.TTF', 'ROCK.TTF', 'ROCKB.TTF', 'ROCKBI.TTF', 'ROCKEB.TTF', 'ROCKI.TTF', 'roman.fon', 's8514fix.fon', 's8514oem.fon', 's8514sys.fon', 'SCHLBKB.TTF', 'SCHLBKBI.TTF', 'SCHLBKI.TTF', 'script.fon', 'SCRIPTBL.TTF', 'segmdl2.ttf', 'SegoeIcons.ttf', 'segoepr.ttf', 'segoeprb.ttf', 'segoesc.ttf', 'segoescb.ttf', 'segoeui.ttf', 'segoeuib.ttf', 'segoeuii.ttf', 'segoeuil.ttf', 'segoeuisl.ttf', 'segoeuiz.ttf', 'seguibl.ttf', 'seguibli.ttf', 'seguiemj.ttf', 'seguihis.ttf', 'seguili.ttf', 'seguisb.ttf', 'seguisbi.ttf', 'seguisli.ttf', 'seguisym.ttf', 'SegUIVar.ttf', 'sere1255.fon', 'sere1256.fon', 'sere1257.fon', 'serf1255.fon', 'serf1256.fon', 'serf1257.fon', 'serife.fon', 'serifee.fon', 'serifeg.fon', 'serifer.fon', 'serifet.fon', 'seriff.fon', 'seriffe.fon', 'seriffg.fon', 'seriffr.fon', 'serifft.fon', 'SHOWG.TTF', 'simfang.ttf', 'simhei.ttf', 'simkai.ttf', 'SIMLI.TTF', 'simsun.ttc', 'simsunb.ttf', 'SIMYOU.TTF', 'SitkaVF-Italic.ttf', 'SitkaVF.ttf', 'smae1255.fon', 'smae1256.fon', 'smae1257.fon', 'smaf1255.fon', 'smaf1256.fon', 'smaf1257.fon', 'smalle.fon', 'smallee.fon', 'smalleg.fon', 'smaller.fon', 'smallet.fon', 'smallf.fon', 'smallfe.fon', 'smallfg.fon', 'smallfr.fon', 'smallft.fon', 'SNAP____.TTF', 'ssee1255.fon', 'ssee1256.fon', 'ssee1257.fon', 'ssee874.fon', 'ssef1255.fon', 'ssef1256.fon', 'ssef1257.fon', 'ssef874.fon', 'sserife.fon', 'sserifee.fon', 'sserifeg.fon', 'sserifer.fon', 'sserifet.fon', 'sseriff.fon', 'sseriffe.fon', 'sseriffg.fon', 'sseriffr.fon', 'sserifft.fon', 'StaticCache.dat', 'STCAIYUN.TTF', 'STENCIL.TTF', 'STFANGSO.TTF', 'STHUPO.TTF', 'STKAITI.TTF', 'STLITI.TTF', 'STSONG.TTF', 'STXIHEI.TTF', 'STXINGKA.TTF', 'STXINWEI.TTF', 'STZHONGS.TTF', 'svgafix.fon', 'svgasys.fon', 'sylfaen.ttf', 'symbol.ttf', 'tahoma.ttf', 'tahomabd.ttf', 'taile.ttf', 'taileb.ttf', 'TCBI____.TTF', 'TCB_____.TTF', 'TCCB____.TTF', 'TCCEB.TTF', 'TCCM____.TTF', 'TCMI____.TTF', 'TCM_____.TTF', 'TEMPSITC.TTF', 'times.ttf', 'timesbd.ttf', 'timesbi.ttf', 'timesi.ttf', 'trebuc.ttf', 'trebucbd.ttf', 'trebucbi.ttf', 'trebucit.ttf', 'verdana.ttf', 'verdanab.ttf', 'verdanai.ttf', 'verdanaz.ttf', 'vga737.fon', 'vga775.fon', 'vga850.fon', 'vga852.fon', 'vga855.fon', 'vga857.fon', 'vga860.fon', 'vga861.fon', 'vga863.fon', 'vga865.fon', 'vga866.fon', 'vga869.fon', 'vga932.fon', 'vga936.fon', 'vga949.fon', 'vga950.fon', 'vgaf1255.fon', 'vgaf1256.fon', 'vgaf1257.fon', 'vgaf874.fon', 'vgafix.fon', 'vgafixe.fon', 'vgafixg.fon', 'vgafixr.fon', 'vgafixt.fon', 'vgaoem.fon', 'vgas1255.fon', 'vgas1256.fon', 'vgas1257.fon', 'vgas874.fon', 'vgasys.fon', 'vgasyse.fon', 'vgasysg.fon', 'vgasysr.fon', 'vgasyst.fon', 'VINERITC.TTF', 'VIVALDII.TTF', 'VLADIMIR.TTF', 'webdings.ttf', 'wingding.ttf', 'WINGDNG2.TTF', 'WINGDNG3.TTF', 'YuGothB.ttc', 'YuGothL.ttc', 'YuGothM.ttc', 'YuGothR.ttc', '\u534e\u5eb7\u65b9\u5706\u4f53W7.TTC', '\u65b9\u6b63\u7c97\u9ed1\u5b8b\u7b80\u4f53.ttf']
2023-09-27 14:54:33,977 - INFO - all fonts installed:['8514fix.fon', '8514fixe.fon', '8514fixg.fon', '8514fixr.fon', '8514fixt.fon', '8514oem.fon', '8514oeme.fon', '8514oemg.fon', '8514oemr.fon', '8514oemt.fon', '8514sys.fon', '8514syse.fon', '8514sysg.fon', '8514sysr.fon', '8514syst.fon', '85775.fon', '85855.fon', '85f1255.fon', '85f1256.fon', '85f1257.fon', '85f874.fon', '85s1255.fon', '85s1256.fon', '85s1257.fon', '85s874.fon', 'AGENCYB.TTF', 'AGENCYR.TTF', 'ALGER.TTF', 'ANTQUAB.TTF', 'ANTQUABI.TTF', 'ANTQUAI.TTF', 'app775.fon', 'app850.fon', 'app852.fon', 'app855.fon', 'app857.fon', 'app866.fon', 'app932.fon', 'app936.fon', 'app949.fon', 'app950.fon', 'arial.ttf', 'arialbd.ttf', 'arialbi.ttf', 'ariali.ttf', 'ARIALN.TTF', 'ARIALNB.TTF', 'ARIALNBI.TTF', 'ARIALNI.TTF', 'ariblk.ttf', 'ARLRDBD.TTF', 'AxureHandwriting-Bold.otf', 'AxureHandwriting-BoldItalic.otf', 'AxureHandwriting-Italic.otf', 'AxureHandwriting.otf', 'bahnschrift.ttf', 'BASKVILL.TTF', 'BAUHS93.TTF', 'BELL.TTF', 'BELLB.TTF', 'BELLI.TTF', 'BERNHC.TTF', 'BKANT.TTF', 'BOD_B.TTF', 'BOD_BI.TTF', 'BOD_BLAI.TTF', 'BOD_BLAR.TTF', 'BOD_CB.TTF', 'BOD_CBI.TTF', 'BOD_CI.TTF', 'BOD_CR.TTF', 'BOD_I.TTF', 'BOD_PSTC.TTF', 'BOD_R.TTF', 'BOOKOS.TTF', 'BOOKOSB.TTF', 'BOOKOSBI.TTF', 'BOOKOSI.TTF', 'BRADHITC.TTF', 'BRITANIC.TTF', 'BRLNSB.TTF', 'BRLNSDB.TTF', 'BRLNSR.TTF', 'BROADW.TTF', 'BRUSHSCI.TTF', 'BSSYM7.TTF', 'c8514fix.fon', 'c8514oem.fon', 'c8514sys.fon', 'calibri.ttf', 'calibrib.ttf', 'calibrii.ttf', 'calibril.ttf', 'calibrili.ttf', 'calibriz.ttf', 'CALIFB.TTF', 'CALIFI.TTF', 'CALIFR.TTF', 'CALIST.TTF', 'CALISTB.TTF', 'CALISTBI.TTF', 'CALISTI.TTF', 'cambria.ttc', 'cambriab.ttf', 'cambriai.ttf', 'cambriaz.ttf', 'Candara.ttf', 'Candarab.ttf', 'Candarai.ttf', 'Candaral.ttf', 'Candarali.ttf', 'Candaraz.ttf', 'CascadiaCode.ttf', 'CascadiaMono.ttf', 'CASTELAR.TTF', 'CENSCBK.TTF', 'CENTAUR.TTF', 'CENTURY.TTF', 'cga40737.fon', 'cga40850.fon', 'cga40852.fon', 'cga40857.fon', 'cga40866.fon', 'cga40869.fon', 'cga40woa.fon', 'cga80737.fon', 'cga80850.fon', 'cga80852.fon', 'cga80857.fon', 'cga80866.fon', 'cga80869.fon', 'cga80woa.fon', 'CHILLER.TTF', 'COLONNA.TTF', 'comic.ttf', 'comicbd.ttf', 'comici.ttf', 'comicz.ttf', 'consola.ttf', 'consolab.ttf', 'consolai.ttf', 'consolaz.ttf', 'constan.ttf', 'constanb.ttf', 'constani.ttf', 'constanz.ttf', 'COOPBL.TTF', 'COPRGTB.TTF', 'COPRGTL.TTF', 'corbel.ttf', 'corbelb.ttf', 'corbeli.ttf', 'corbell.ttf', 'corbelli.ttf', 'corbelz.ttf', 'coue1255.fon', 'coue1256.fon', 'coue1257.fon', 'couf1255.fon', 'couf1256.fon', 'couf1257.fon', 'cour.ttf', 'courbd.ttf', 'courbi.ttf', 'coure.fon', 'couree.fon', 'coureg.fon', 'courer.fon', 'couret.fon', 'courf.fon', 'courfe.fon', 'courfg.fon', 'courfr.fon', 'courft.fon', 'couri.ttf', 'CURLZ___.TTF', 'cvgafix.fon', 'cvgasys.fon', 'Deng.ttf', 'Dengb.ttf', 'Dengl.ttf', 'desktop.ini', 'dos737.fon', 'dos869.fon', 'dosapp.fon', 'DUBAI-BOLD.TTF', 'DUBAI-LIGHT.TTF', 'DUBAI-MEDIUM.TTF', 'DUBAI-REGULAR.TTF', 'ebrima.ttf', 'ebrimabd.ttf', 'ega40737.fon', 'ega40850.fon', 'ega40852.fon', 'ega40857.fon', 'ega40866.fon', 'ega40869.fon', 'ega40woa.fon', 'ega80737.fon', 'ega80850.fon', 'ega80852.fon', 'ega80857.fon', 'ega80866.fon', 'ega80869.fon', 'ega80woa.fon', 'ELEPHNT.TTF', 'ELEPHNTI.TTF', 'ENGR.TTF', 'ERASBD.TTF', 'ERASDEMI.TTF', 'ERASLGHT.TTF', 'ERASMD.TTF', 'FELIXTI.TTF', 'fms_metadata.xml', 'FORTE.TTF', 'FRABK.TTF', 'FRABKIT.TTF', 'FRADM.TTF', 'FRADMCN.TTF', 'FRADMIT.TTF', 'FRAHV.TTF', 'FRAHVIT.TTF', 'framd.ttf', 'FRAMDCN.TTF', 'framdit.ttf', 'FREESCPT.TTF', 'FRSCRIPT.TTF', 'FTLTLT.TTF', 'FZSTK.TTF', 'FZYTK.TTF', 'Gabriola.ttf', 'gadugi.ttf', 'gadugib.ttf', 'GARA.TTF', 'GARABD.TTF', 'GARAIT.TTF', 'georgia.ttf', 'georgiab.ttf', 'georgiai.ttf', 'georgiaz.ttf', 'GIGI.TTF', 'GILBI___.TTF', 'GILB____.TTF', 'GILC____.TTF', 'GILI____.TTF', 'GILLUBCD.TTF', 'GILSANUB.TTF', 'GIL_____.TTF', 'GLECB.TTF', 'GlobalMonospace.CompositeFont', 'GlobalSansSerif.CompositeFont', 'GlobalSerif.CompositeFont', 'GlobalUserInterface.CompositeFont', 'GLSNECB.TTF', 'GOTHIC.TTF', 'GOTHICB.TTF', 'GOTHICBI.TTF', 'GOTHICI.TTF', 'GOUDOS.TTF', 'GOUDOSB.TTF', 'GOUDOSI.TTF', 'GOUDYSTO.TTF', 'h8514fix.fon', 'h8514oem.fon', 'h8514sys.fon', 'HARLOWSI.TTF', 'HARNGTON.TTF', 'HATTEN.TTF', 'HGB1X_CNKI.ttf', 'HGB1_CNKI.ttf', 'HGB2X_CNKI.ttf', 'HGB2_CNKI.ttf', 'HGB3X_CNKI.ttf', 'HGB3_CNKI.ttf', 'HGB4X_CNKI.ttf', 'HGB4_CNKI.ttf', 'HGB5X_CNKI.ttf', 'HGB5_CNKI.ttf', 'HGB6X_CNKI.ttf', 'HGB6_CNKI.ttf', 'HGB7X_CNKI.ttf', 'HGB7_CNKI.ttf', 'HGB8X_CNKI.ttf', 'HGB8_CNKI.ttf', 'HGBD_CNKI.ttf', 'HGBKBX_CNKI.ttf', 'HGBKB_CNKI.ttf', 'HGBKHX_CNKI.ttf', 'HGBKH_CNKI.ttf', 'HGBS1_CNKI.TTF', 'HGBS2_CNKI.TTF', 'HGBS_CNKI.TTF', 'HGBTH_CNKI.TTF', 'HGBTS_CNKI.TTF', 'HGBX_CNKI.ttf', 'HGBZ_CNKI.ttf', 'HGCH_CNKI.TTF', 'HGCUH_CNKI.TTF', 'HGCY_CNKI.TTF', 'HGDBS_CNKI.TTF', 'HGDGY_CNKI.TTF', 'HGDH2_CNKI.TTF', 'HGDH_CNKI.TTF', 'HGDYS_CNKI.TTF', 'HGDY_CNKI.ttf', 'HGF1X_CNKI.ttf', 'HGF1_CNKI.ttf', 'HGF2X_CNKI.ttf', 'HGF2_CNKI.ttf', 'HGF3_CNKI.ttf', 'HGF4X_CNKI.ttf', 'HGF4_CNKI.ttf', 'HGF5X_CNKI.ttf', 'HGF5_CNKI.ttf', 'HGF6X_CNKI.ttf', 'HGF6_CNKI.ttf', 'HGF7X_CNKI.ttf', 'HGF7_CNKI.ttf', 'HGF8_CNKI.ttf', 'HGF9X_CNKI.ttf', 'HGF9_CNKI.ttf', 'HGFS1_CNKI.TTF', 'HGFS2_CNKI.TTF', 'HGFSH_CNKI.TTF', 'HGFS_CNKI.TTF', 'HGFX_CNKI.ttf', 'HGFZ_CNKI.ttf', 'HGGG_CNKI.TTF', 'HGH1X_CNKI.ttf', 'HGH1_CNKI.ttf', 'HGH2X_CNKI.ttf', 'HGH2_CNKI.ttf', 'HGH3X_CNKI.ttf', 'HGH3_CNKI.ttf', 'HGH4X_CNKI.ttf', 'HGH4_CNKI.ttf', 'HGH5X_CNKI.ttf', 'HGH5_CNKI.ttf', 'HGH6X_CNKI.ttf', 'HGH6_CNKI.ttf', 'HGH7X_CNKI.ttf', 'HGH7_CNKI.ttf', 'HGHB_CNKI.TTF', 'HGHD_CNKI.ttf', 'HGHP_CNKI.TTF', 'HGHT1_CNKI.ttf', 'HGHT2_CNKI.ttf', 'HGHUATI_CNKI.ttf', 'HGHX_CNKI.ttf', 'HGHZ_CNKI.ttf', 'HGH_CNKI.TTF', 'HGKT1_CNKI.TTF', 'HGKT2_CNKI.TTF', 'HGKT_CNKI.TTF', 'HGKY_CNKI.ttf', 'HGLB_CNKI.TTF', 'HGLS_CNKI.TTF', 'HGMH_CNKI.TTF', 'HGNBS_CNKI.ttf', 'HGOCR_CNKI.ttf', 'HGPH_CNKI.TTF', 'HGPTY_CNKI.TTF', 'HGSS1_CNKI.TTF', 'HGSS2_CNKI.TTF', 'HGSS_CNKI.TTF', 'HGSXT_CNKI.ttf', 'HGTT_CNKI.ttf', 'HGTX_CNKI.TTF', 'HGWT_CNKI.TTF', 'HGWYS_CNKI.TTF', 'HGX1X_CNKI.ttf', 'HGX1_CNKI.ttf', 'HGXBS_CNKI.TTF', 'HGXC_CNKI.TTF', 'HGXF1_CNKI.ttf', 'HGXFX_CNKI.ttf', 'HGXFZ_CNKI.ttf', 'HGXH1_CNKI.TTF', 'HGXH_CNKI.TTF', 'HGXK_CNKI.TTF', 'HGXL_CNKI.TTF', 'HGXS_CNKI.TTF', 'HGXT_CNKI.ttf', 'HGXY_CNKI.ttf', 'HGY1_CNKI.TTF', 'HGY2_CNKI.TTF', 'HGY3_CNKI.TTF', 'HGY4_CNKI.TTF', 'HGYB_CNKI.ttf', 'HGYT1_CNKI.ttf', 'HGYT2_CNKI.ttf', 'HGYT_CNKI.TTF', 'HGYX_CNKI.TTF', 'HGZCS_CNKI.TTF', 'HGZDX_CNKI.TTF', 'HGZK_CNKI.TTF', 'HGZYT_CNKI.TTF', 'HGZY_CNKI.TTF', 'himalaya.ttf', 'holomdl2.ttf', 'HTOWERT.TTF', 'HTOWERTI.TTF', 'hvgafix.fon', 'hvgasys.fon', 'impact.ttf', 'IMPRISHA.TTF', 'INFROMAN.TTF', 'Inkfree.ttf', 'iqiyi_logov7.ttf', 'ITCBLKAD.TTF', 'ITCEDSCR.TTF', 'ITCKRIST.TTF', 'j8514fix.fon', 'j8514oem.fon', 'j8514sys.fon', 'javatext.ttf', 'JOKERMAN.TTF', 'jsmalle.fon', 'jsmallf.fon', 'JUICE___.TTF', 'jvgafix.fon', 'jvgasys.fon', 'KUNSTLER.TTF', 'LATINWD.TTF', 'LBRITE.TTF', 'LBRITED.TTF', 'LBRITEDI.TTF', 'LBRITEI.TTF', 'LCALLIG.TTF', 'LeelaUIb.ttf', 'LeelawUI.ttf', 'LeelUIsl.ttf', 'LFAX.TTF', 'LFAXD.TTF', 'LFAXDI.TTF', 'LFAXI.TTF', 'LHANDW.TTF', 'LSANS.TTF', 'LSANSD.TTF', 'LSANSDI.TTF', 'LSANSI.TTF', 'LTYPE.TTF', 'LTYPEB.TTF', 'LTYPEBO.TTF', 'LTYPEO.TTF', 'lucon.ttf', 'l_10646.ttf', 'MAGNETOB.TTF', 'MAIAN.TTF', 'malgun.ttf', 'malgunbd.ttf', 'malgunsl.ttf', 'marlett.ttf', 'MATURASC.TTF', 'micross.ttf', 'mingliub.ttc', 'MISTRAL.TTF', 'mmrtext.ttf', 'mmrtextb.ttf', 'MOD20.TTF', 'modern.fon', 'monbaiti.ttf', 'msgothic.ttc', 'msjh.ttc', 'msjhbd.ttc', 'msjhl.ttc', 'msyh.ttc', 'msyhbd.ttc', 'msyhl.ttc', 'msyi.ttf', 'MTCORSVA.TTF', 'MTEXTRA.TTF', 'mvboli.ttf', 'NIAGENG.TTF', 'NIAGSOL.TTF', 'Nirmala.ttf', 'NirmalaB.ttf', 'NirmalaS.ttf', 'ntailu.ttf', 'ntailub.ttf', 'NumberOnly.ttf', 'OCRAEXT.TTF', 'OLDENGL.TTF', 'ONYX.TTF', 'OUTLOOK.TTF', 'pala.ttf', 'palab.ttf', 'palabi.ttf', 'palai.ttf', 'PALSCRI.TTF', 'PAPYRUS.TTF', 'PARCHM.TTF', 'PERBI___.TTF', 'PERB____.TTF', 'PERI____.TTF', 'PERTIBD.TTF', 'PERTILI.TTF', 'PER_____.TTF', 'phagspa.ttf', 'phagspab.ttf', 'PLAYBILL.TTF', 'POORICH.TTF', 'PRISTINA.TTF', 'RAGE.TTF', 'RAVIE.TTF', 'REFSAN.TTF', 'REFSPCL.TTF', 'ROCCB___.TTF', 'ROCC____.TTF', 'ROCK.TTF', 'ROCKB.TTF', 'ROCKBI.TTF', 'ROCKEB.TTF', 'ROCKI.TTF', 'roman.fon', 's8514fix.fon', 's8514oem.fon', 's8514sys.fon', 'SCHLBKB.TTF', 'SCHLBKBI.TTF', 'SCHLBKI.TTF', 'script.fon', 'SCRIPTBL.TTF', 'segmdl2.ttf', 'SegoeIcons.ttf', 'segoepr.ttf', 'segoeprb.ttf', 'segoesc.ttf', 'segoescb.ttf', 'segoeui.ttf', 'segoeuib.ttf', 'segoeuii.ttf', 'segoeuil.ttf', 'segoeuisl.ttf', 'segoeuiz.ttf', 'seguibl.ttf', 'seguibli.ttf', 'seguiemj.ttf', 'seguihis.ttf', 'seguili.ttf', 'seguisb.ttf', 'seguisbi.ttf', 'seguisli.ttf', 'seguisym.ttf', 'SegUIVar.ttf', 'sere1255.fon', 'sere1256.fon', 'sere1257.fon', 'serf1255.fon', 'serf1256.fon', 'serf1257.fon', 'serife.fon', 'serifee.fon', 'serifeg.fon', 'serifer.fon', 'serifet.fon', 'seriff.fon', 'seriffe.fon', 'seriffg.fon', 'seriffr.fon', 'serifft.fon', 'SHOWG.TTF', 'simfang.ttf', 'simhei.ttf', 'simkai.ttf', 'SIMLI.TTF', 'simsun.ttc', 'simsunb.ttf', 'SIMYOU.TTF', 'SitkaVF-Italic.ttf', 'SitkaVF.ttf', 'smae1255.fon', 'smae1256.fon', 'smae1257.fon', 'smaf1255.fon', 'smaf1256.fon', 'smaf1257.fon', 'smalle.fon', 'smallee.fon', 'smalleg.fon', 'smaller.fon', 'smallet.fon', 'smallf.fon', 'smallfe.fon', 'smallfg.fon', 'smallfr.fon', 'smallft.fon', 'SNAP____.TTF', 'ssee1255.fon', 'ssee1256.fon', 'ssee1257.fon', 'ssee874.fon', 'ssef1255.fon', 'ssef1256.fon', 'ssef1257.fon', 'ssef874.fon', 'sserife.fon', 'sserifee.fon', 'sserifeg.fon', 'sserifer.fon', 'sserifet.fon', 'sseriff.fon', 'sseriffe.fon', 'sseriffg.fon', 'sseriffr.fon', 'sserifft.fon', 'StaticCache.dat', 'STCAIYUN.TTF', 'STENCIL.TTF', 'STFANGSO.TTF', 'STHUPO.TTF', 'STKAITI.TTF', 'STLITI.TTF', 'STSONG.TTF', 'STXIHEI.TTF', 'STXINGKA.TTF', 'STXINWEI.TTF', 'STZHONGS.TTF', 'svgafix.fon', 'svgasys.fon', 'sylfaen.ttf', 'symbol.ttf', 'tahoma.ttf', 'tahomabd.ttf', 'taile.ttf', 'taileb.ttf', 'TCBI____.TTF', 'TCB_____.TTF', 'TCCB____.TTF', 'TCCEB.TTF', 'TCCM____.TTF', 'TCMI____.TTF', 'TCM_____.TTF', 'TEMPSITC.TTF', 'times.ttf', 'timesbd.ttf', 'timesbi.ttf', 'timesi.ttf', 'trebuc.ttf', 'trebucbd.ttf', 'trebucbi.ttf', 'trebucit.ttf', 'verdana.ttf', 'verdanab.ttf', 'verdanai.ttf', 'verdanaz.ttf', 'vga737.fon', 'vga775.fon', 'vga850.fon', 'vga852.fon', 'vga855.fon', 'vga857.fon', 'vga860.fon', 'vga861.fon', 'vga863.fon', 'vga865.fon', 'vga866.fon', 'vga869.fon', 'vga932.fon', 'vga936.fon', 'vga949.fon', 'vga950.fon', 'vgaf1255.fon', 'vgaf1256.fon', 'vgaf1257.fon', 'vgaf874.fon', 'vgafix.fon', 'vgafixe.fon', 'vgafixg.fon', 'vgafixr.fon', 'vgafixt.fon', 'vgaoem.fon', 'vgas1255.fon', 'vgas1256.fon', 'vgas1257.fon', 'vgas874.fon', 'vgasys.fon', 'vgasyse.fon', 'vgasysg.fon', 'vgasysr.fon', 'vgasyst.fon', 'VINERITC.TTF', 'VIVALDII.TTF', 'VLADIMIR.TTF', 'webdings.ttf', 'wingding.ttf', 'WINGDNG2.TTF', 'WINGDNG3.TTF', 'YuGothB.ttc', 'YuGothL.ttc', 'YuGothM.ttc', 'YuGothR.ttc', '\u534e\u5eb7\u65b9\u5706\u4f53W7.TTC', '\u65b9\u6b63\u7c97\u9ed1\u5b8b\u7b80\u4f53.ttf']
2023-09-27 14:54:34,152 - INFO - all fonts installed:['8514fix.fon', '8514fixe.fon', '8514fixg.fon', '8514fixr.fon', '8514fixt.fon', '8514oem.fon', '8514oeme.fon', '8514oemg.fon', '8514oemr.fon', '8514oemt.fon', '8514sys.fon', '8514syse.fon', '8514sysg.fon', '8514sysr.fon', '8514syst.fon', '85775.fon', '85855.fon', '85f1255.fon', '85f1256.fon', '85f1257.fon', '85f874.fon', '85s1255.fon', '85s1256.fon', '85s1257.fon', '85s874.fon', 'AGENCYB.TTF', 'AGENCYR.TTF', 'ALGER.TTF', 'ANTQUAB.TTF', 'ANTQUABI.TTF', 'ANTQUAI.TTF', 'app775.fon', 'app850.fon', 'app852.fon', 'app855.fon', 'app857.fon', 'app866.fon', 'app932.fon', 'app936.fon', 'app949.fon', 'app950.fon', 'arial.ttf', 'arialbd.ttf', 'arialbi.ttf', 'ariali.ttf', 'ARIALN.TTF', 'ARIALNB.TTF', 'ARIALNBI.TTF', 'ARIALNI.TTF', 'ariblk.ttf', 'ARLRDBD.TTF', 'AxureHandwriting-Bold.otf', 'AxureHandwriting-BoldItalic.otf', 'AxureHandwriting-Italic.otf', 'AxureHandwriting.otf', 'bahnschrift.ttf', 'BASKVILL.TTF', 'BAUHS93.TTF', 'BELL.TTF', 'BELLB.TTF', 'BELLI.TTF', 'BERNHC.TTF', 'BKANT.TTF', 'BOD_B.TTF', 'BOD_BI.TTF', 'BOD_BLAI.TTF', 'BOD_BLAR.TTF', 'BOD_CB.TTF', 'BOD_CBI.TTF', 'BOD_CI.TTF', 'BOD_CR.TTF', 'BOD_I.TTF', 'BOD_PSTC.TTF', 'BOD_R.TTF', 'BOOKOS.TTF', 'BOOKOSB.TTF', 'BOOKOSBI.TTF', 'BOOKOSI.TTF', 'BRADHITC.TTF', 'BRITANIC.TTF', 'BRLNSB.TTF', 'BRLNSDB.TTF', 'BRLNSR.TTF', 'BROADW.TTF', 'BRUSHSCI.TTF', 'BSSYM7.TTF', 'c8514fix.fon', 'c8514oem.fon', 'c8514sys.fon', 'calibri.ttf', 'calibrib.ttf', 'calibrii.ttf', 'calibril.ttf', 'calibrili.ttf', 'calibriz.ttf', 'CALIFB.TTF', 'CALIFI.TTF', 'CALIFR.TTF', 'CALIST.TTF', 'CALISTB.TTF', 'CALISTBI.TTF', 'CALISTI.TTF', 'cambria.ttc', 'cambriab.ttf', 'cambriai.ttf', 'cambriaz.ttf', 'Candara.ttf', 'Candarab.ttf', 'Candarai.ttf', 'Candaral.ttf', 'Candarali.ttf', 'Candaraz.ttf', 'CascadiaCode.ttf', 'CascadiaMono.ttf', 'CASTELAR.TTF', 'CENSCBK.TTF', 'CENTAUR.TTF', 'CENTURY.TTF', 'cga40737.fon', 'cga40850.fon', 'cga40852.fon', 'cga40857.fon', 'cga40866.fon', 'cga40869.fon', 'cga40woa.fon', 'cga80737.fon', 'cga80850.fon', 'cga80852.fon', 'cga80857.fon', 'cga80866.fon', 'cga80869.fon', 'cga80woa.fon', 'CHILLER.TTF', 'COLONNA.TTF', 'comic.ttf', 'comicbd.ttf', 'comici.ttf', 'comicz.ttf', 'consola.ttf', 'consolab.ttf', 'consolai.ttf', 'consolaz.ttf', 'constan.ttf', 'constanb.ttf', 'constani.ttf', 'constanz.ttf', 'COOPBL.TTF', 'COPRGTB.TTF', 'COPRGTL.TTF', 'corbel.ttf', 'corbelb.ttf', 'corbeli.ttf', 'corbell.ttf', 'corbelli.ttf', 'corbelz.ttf', 'coue1255.fon', 'coue1256.fon', 'coue1257.fon', 'couf1255.fon', 'couf1256.fon', 'couf1257.fon', 'cour.ttf', 'courbd.ttf', 'courbi.ttf', 'coure.fon', 'couree.fon', 'coureg.fon', 'courer.fon', 'couret.fon', 'courf.fon', 'courfe.fon', 'courfg.fon', 'courfr.fon', 'courft.fon', 'couri.ttf', 'CURLZ___.TTF', 'cvgafix.fon', 'cvgasys.fon', 'Deng.ttf', 'Dengb.ttf', 'Dengl.ttf', 'desktop.ini', 'dos737.fon', 'dos869.fon', 'dosapp.fon', 'DUBAI-BOLD.TTF', 'DUBAI-LIGHT.TTF', 'DUBAI-MEDIUM.TTF', 'DUBAI-REGULAR.TTF', 'ebrima.ttf', 'ebrimabd.ttf', 'ega40737.fon', 'ega40850.fon', 'ega40852.fon', 'ega40857.fon', 'ega40866.fon', 'ega40869.fon', 'ega40woa.fon', 'ega80737.fon', 'ega80850.fon', 'ega80852.fon', 'ega80857.fon', 'ega80866.fon', 'ega80869.fon', 'ega80woa.fon', 'ELEPHNT.TTF', 'ELEPHNTI.TTF', 'ENGR.TTF', 'ERASBD.TTF', 'ERASDEMI.TTF', 'ERASLGHT.TTF', 'ERASMD.TTF', 'FELIXTI.TTF', 'fms_metadata.xml', 'FORTE.TTF', 'FRABK.TTF', 'FRABKIT.TTF', 'FRADM.TTF', 'FRADMCN.TTF', 'FRADMIT.TTF', 'FRAHV.TTF', 'FRAHVIT.TTF', 'framd.ttf', 'FRAMDCN.TTF', 'framdit.ttf', 'FREESCPT.TTF', 'FRSCRIPT.TTF', 'FTLTLT.TTF', 'FZSTK.TTF', 'FZYTK.TTF', 'Gabriola.ttf', 'gadugi.ttf', 'gadugib.ttf', 'GARA.TTF', 'GARABD.TTF', 'GARAIT.TTF', 'georgia.ttf', 'georgiab.ttf', 'georgiai.ttf', 'georgiaz.ttf', 'GIGI.TTF', 'GILBI___.TTF', 'GILB____.TTF', 'GILC____.TTF', 'GILI____.TTF', 'GILLUBCD.TTF', 'GILSANUB.TTF', 'GIL_____.TTF', 'GLECB.TTF', 'GlobalMonospace.CompositeFont', 'GlobalSansSerif.CompositeFont', 'GlobalSerif.CompositeFont', 'GlobalUserInterface.CompositeFont', 'GLSNECB.TTF', 'GOTHIC.TTF', 'GOTHICB.TTF', 'GOTHICBI.TTF', 'GOTHICI.TTF', 'GOUDOS.TTF', 'GOUDOSB.TTF', 'GOUDOSI.TTF', 'GOUDYSTO.TTF', 'h8514fix.fon', 'h8514oem.fon', 'h8514sys.fon', 'HARLOWSI.TTF', 'HARNGTON.TTF', 'HATTEN.TTF', 'HGB1X_CNKI.ttf', 'HGB1_CNKI.ttf', 'HGB2X_CNKI.ttf', 'HGB2_CNKI.ttf', 'HGB3X_CNKI.ttf', 'HGB3_CNKI.ttf', 'HGB4X_CNKI.ttf', 'HGB4_CNKI.ttf', 'HGB5X_CNKI.ttf', 'HGB5_CNKI.ttf', 'HGB6X_CNKI.ttf', 'HGB6_CNKI.ttf', 'HGB7X_CNKI.ttf', 'HGB7_CNKI.ttf', 'HGB8X_CNKI.ttf', 'HGB8_CNKI.ttf', 'HGBD_CNKI.ttf', 'HGBKBX_CNKI.ttf', 'HGBKB_CNKI.ttf', 'HGBKHX_CNKI.ttf', 'HGBKH_CNKI.ttf', 'HGBS1_CNKI.TTF', 'HGBS2_CNKI.TTF', 'HGBS_CNKI.TTF', 'HGBTH_CNKI.TTF', 'HGBTS_CNKI.TTF', 'HGBX_CNKI.ttf', 'HGBZ_CNKI.ttf', 'HGCH_CNKI.TTF', 'HGCUH_CNKI.TTF', 'HGCY_CNKI.TTF', 'HGDBS_CNKI.TTF', 'HGDGY_CNKI.TTF', 'HGDH2_CNKI.TTF', 'HGDH_CNKI.TTF', 'HGDYS_CNKI.TTF', 'HGDY_CNKI.ttf', 'HGF1X_CNKI.ttf', 'HGF1_CNKI.ttf', 'HGF2X_CNKI.ttf', 'HGF2_CNKI.ttf', 'HGF3_CNKI.ttf', 'HGF4X_CNKI.ttf', 'HGF4_CNKI.ttf', 'HGF5X_CNKI.ttf', 'HGF5_CNKI.ttf', 'HGF6X_CNKI.ttf', 'HGF6_CNKI.ttf', 'HGF7X_CNKI.ttf', 'HGF7_CNKI.ttf', 'HGF8_CNKI.ttf', 'HGF9X_CNKI.ttf', 'HGF9_CNKI.ttf', 'HGFS1_CNKI.TTF', 'HGFS2_CNKI.TTF', 'HGFSH_CNKI.TTF', 'HGFS_CNKI.TTF', 'HGFX_CNKI.ttf', 'HGFZ_CNKI.ttf', 'HGGG_CNKI.TTF', 'HGH1X_CNKI.ttf', 'HGH1_CNKI.ttf', 'HGH2X_CNKI.ttf', 'HGH2_CNKI.ttf', 'HGH3X_CNKI.ttf', 'HGH3_CNKI.ttf', 'HGH4X_CNKI.ttf', 'HGH4_CNKI.ttf', 'HGH5X_CNKI.ttf', 'HGH5_CNKI.ttf', 'HGH6X_CNKI.ttf', 'HGH6_CNKI.ttf', 'HGH7X_CNKI.ttf', 'HGH7_CNKI.ttf', 'HGHB_CNKI.TTF', 'HGHD_CNKI.ttf', 'HGHP_CNKI.TTF', 'HGHT1_CNKI.ttf', 'HGHT2_CNKI.ttf', 'HGHUATI_CNKI.ttf', 'HGHX_CNKI.ttf', 'HGHZ_CNKI.ttf', 'HGH_CNKI.TTF', 'HGKT1_CNKI.TTF', 'HGKT2_CNKI.TTF', 'HGKT_CNKI.TTF', 'HGKY_CNKI.ttf', 'HGLB_CNKI.TTF', 'HGLS_CNKI.TTF', 'HGMH_CNKI.TTF', 'HGNBS_CNKI.ttf', 'HGOCR_CNKI.ttf', 'HGPH_CNKI.TTF', 'HGPTY_CNKI.TTF', 'HGSS1_CNKI.TTF', 'HGSS2_CNKI.TTF', 'HGSS_CNKI.TTF', 'HGSXT_CNKI.ttf', 'HGTT_CNKI.ttf', 'HGTX_CNKI.TTF', 'HGWT_CNKI.TTF', 'HGWYS_CNKI.TTF', 'HGX1X_CNKI.ttf', 'HGX1_CNKI.ttf', 'HGXBS_CNKI.TTF', 'HGXC_CNKI.TTF', 'HGXF1_CNKI.ttf', 'HGXFX_CNKI.ttf', 'HGXFZ_CNKI.ttf', 'HGXH1_CNKI.TTF', 'HGXH_CNKI.TTF', 'HGXK_CNKI.TTF', 'HGXL_CNKI.TTF', 'HGXS_CNKI.TTF', 'HGXT_CNKI.ttf', 'HGXY_CNKI.ttf', 'HGY1_CNKI.TTF', 'HGY2_CNKI.TTF', 'HGY3_CNKI.TTF', 'HGY4_CNKI.TTF', 'HGYB_CNKI.ttf', 'HGYT1_CNKI.ttf', 'HGYT2_CNKI.ttf', 'HGYT_CNKI.TTF', 'HGYX_CNKI.TTF', 'HGZCS_CNKI.TTF', 'HGZDX_CNKI.TTF', 'HGZK_CNKI.TTF', 'HGZYT_CNKI.TTF', 'HGZY_CNKI.TTF', 'himalaya.ttf', 'holomdl2.ttf', 'HTOWERT.TTF', 'HTOWERTI.TTF', 'hvgafix.fon', 'hvgasys.fon', 'impact.ttf', 'IMPRISHA.TTF', 'INFROMAN.TTF', 'Inkfree.ttf', 'iqiyi_logov7.ttf', 'ITCBLKAD.TTF', 'ITCEDSCR.TTF', 'ITCKRIST.TTF', 'j8514fix.fon', 'j8514oem.fon', 'j8514sys.fon', 'javatext.ttf', 'JOKERMAN.TTF', 'jsmalle.fon', 'jsmallf.fon', 'JUICE___.TTF', 'jvgafix.fon', 'jvgasys.fon', 'KUNSTLER.TTF', 'LATINWD.TTF', 'LBRITE.TTF', 'LBRITED.TTF', 'LBRITEDI.TTF', 'LBRITEI.TTF', 'LCALLIG.TTF', 'LeelaUIb.ttf', 'LeelawUI.ttf', 'LeelUIsl.ttf', 'LFAX.TTF', 'LFAXD.TTF', 'LFAXDI.TTF', 'LFAXI.TTF', 'LHANDW.TTF', 'LSANS.TTF', 'LSANSD.TTF', 'LSANSDI.TTF', 'LSANSI.TTF', 'LTYPE.TTF', 'LTYPEB.TTF', 'LTYPEBO.TTF', 'LTYPEO.TTF', 'lucon.ttf', 'l_10646.ttf', 'MAGNETOB.TTF', 'MAIAN.TTF', 'malgun.ttf', 'malgunbd.ttf', 'malgunsl.ttf', 'marlett.ttf', 'MATURASC.TTF', 'micross.ttf', 'mingliub.ttc', 'MISTRAL.TTF', 'mmrtext.ttf', 'mmrtextb.ttf', 'MOD20.TTF', 'modern.fon', 'monbaiti.ttf', 'msgothic.ttc', 'msjh.ttc', 'msjhbd.ttc', 'msjhl.ttc', 'msyh.ttc', 'msyhbd.ttc', 'msyhl.ttc', 'msyi.ttf', 'MTCORSVA.TTF', 'MTEXTRA.TTF', 'mvboli.ttf', 'NIAGENG.TTF', 'NIAGSOL.TTF', 'Nirmala.ttf', 'NirmalaB.ttf', 'NirmalaS.ttf', 'ntailu.ttf', 'ntailub.ttf', 'NumberOnly.ttf', 'OCRAEXT.TTF', 'OLDENGL.TTF', 'ONYX.TTF', 'OUTLOOK.TTF', 'pala.ttf', 'palab.ttf', 'palabi.ttf', 'palai.ttf', 'PALSCRI.TTF', 'PAPYRUS.TTF', 'PARCHM.TTF', 'PERBI___.TTF', 'PERB____.TTF', 'PERI____.TTF', 'PERTIBD.TTF', 'PERTILI.TTF', 'PER_____.TTF', 'phagspa.ttf', 'phagspab.ttf', 'PLAYBILL.TTF', 'POORICH.TTF', 'PRISTINA.TTF', 'RAGE.TTF', 'RAVIE.TTF', 'REFSAN.TTF', 'REFSPCL.TTF', 'ROCCB___.TTF', 'ROCC____.TTF', 'ROCK.TTF', 'ROCKB.TTF', 'ROCKBI.TTF', 'ROCKEB.TTF', 'ROCKI.TTF', 'roman.fon', 's8514fix.fon', 's8514oem.fon', 's8514sys.fon', 'SCHLBKB.TTF', 'SCHLBKBI.TTF', 'SCHLBKI.TTF', 'script.fon', 'SCRIPTBL.TTF', 'segmdl2.ttf', 'SegoeIcons.ttf', 'segoepr.ttf', 'segoeprb.ttf', 'segoesc.ttf', 'segoescb.ttf', 'segoeui.ttf', 'segoeuib.ttf', 'segoeuii.ttf', 'segoeuil.ttf', 'segoeuisl.ttf', 'segoeuiz.ttf', 'seguibl.ttf', 'seguibli.ttf', 'seguiemj.ttf', 'seguihis.ttf', 'seguili.ttf', 'seguisb.ttf', 'seguisbi.ttf', 'seguisli.ttf', 'seguisym.ttf', 'SegUIVar.ttf', 'sere1255.fon', 'sere1256.fon', 'sere1257.fon', 'serf1255.fon', 'serf1256.fon', 'serf1257.fon', 'serife.fon', 'serifee.fon', 'serifeg.fon', 'serifer.fon', 'serifet.fon', 'seriff.fon', 'seriffe.fon', 'seriffg.fon', 'seriffr.fon', 'serifft.fon', 'SHOWG.TTF', 'simfang.ttf', 'simhei.ttf', 'simkai.ttf', 'SIMLI.TTF', 'simsun.ttc', 'simsunb.ttf', 'SIMYOU.TTF', 'SitkaVF-Italic.ttf', 'SitkaVF.ttf', 'smae1255.fon', 'smae1256.fon', 'smae1257.fon', 'smaf1255.fon', 'smaf1256.fon', 'smaf1257.fon', 'smalle.fon', 'smallee.fon', 'smalleg.fon', 'smaller.fon', 'smallet.fon', 'smallf.fon', 'smallfe.fon', 'smallfg.fon', 'smallfr.fon', 'smallft.fon', 'SNAP____.TTF', 'ssee1255.fon', 'ssee1256.fon', 'ssee1257.fon', 'ssee874.fon', 'ssef1255.fon', 'ssef1256.fon', 'ssef1257.fon', 'ssef874.fon', 'sserife.fon', 'sserifee.fon', 'sserifeg.fon', 'sserifer.fon', 'sserifet.fon', 'sseriff.fon', 'sseriffe.fon', 'sseriffg.fon', 'sseriffr.fon', 'sserifft.fon', 'StaticCache.dat', 'STCAIYUN.TTF', 'STENCIL.TTF', 'STFANGSO.TTF', 'STHUPO.TTF', 'STKAITI.TTF', 'STLITI.TTF', 'STSONG.TTF', 'STXIHEI.TTF', 'STXINGKA.TTF', 'STXINWEI.TTF', 'STZHONGS.TTF', 'svgafix.fon', 'svgasys.fon', 'sylfaen.ttf', 'symbol.ttf', 'tahoma.ttf', 'tahomabd.ttf', 'taile.ttf', 'taileb.ttf', 'TCBI____.TTF', 'TCB_____.TTF', 'TCCB____.TTF', 'TCCEB.TTF', 'TCCM____.TTF', 'TCMI____.TTF', 'TCM_____.TTF', 'TEMPSITC.TTF', 'times.ttf', 'timesbd.ttf', 'timesbi.ttf', 'timesi.ttf', 'trebuc.ttf', 'trebucbd.ttf', 'trebucbi.ttf', 'trebucit.ttf', 'verdana.ttf', 'verdanab.ttf', 'verdanai.ttf', 'verdanaz.ttf', 'vga737.fon', 'vga775.fon', 'vga850.fon', 'vga852.fon', 'vga855.fon', 'vga857.fon', 'vga860.fon', 'vga861.fon', 'vga863.fon', 'vga865.fon', 'vga866.fon', 'vga869.fon', 'vga932.fon', 'vga936.fon', 'vga949.fon', 'vga950.fon', 'vgaf1255.fon', 'vgaf1256.fon', 'vgaf1257.fon', 'vgaf874.fon', 'vgafix.fon', 'vgafixe.fon', 'vgafixg.fon', 'vgafixr.fon', 'vgafixt.fon', 'vgaoem.fon', 'vgas1255.fon', 'vgas1256.fon', 'vgas1257.fon', 'vgas874.fon', 'vgasys.fon', 'vgasyse.fon', 'vgasysg.fon', 'vgasysr.fon', 'vgasyst.fon', 'VINERITC.TTF', 'VIVALDII.TTF', 'VLADIMIR.TTF', 'webdings.ttf', 'wingding.ttf', 'WINGDNG2.TTF', 'WINGDNG3.TTF', 'YuGothB.ttc', 'YuGothL.ttc', 'YuGothM.ttc', 'YuGothR.ttc', '\u534e\u5eb7\u65b9\u5706\u4f53W7.TTC', '\u65b9\u6b63\u7c97\u9ed1\u5b8b\u7b80\u4f53.ttf']
2023-09-27 14:54:34,155 - INFO - all fonts installed:['8514fix.fon', '8514fixe.fon', '8514fixg.fon', '8514fixr.fon', '8514fixt.fon', '8514oem.fon', '8514oeme.fon', '8514oemg.fon', '8514oemr.fon', '8514oemt.fon', '8514sys.fon', '8514syse.fon', '8514sysg.fon', '8514sysr.fon', '8514syst.fon', '85775.fon', '85855.fon', '85f1255.fon', '85f1256.fon', '85f1257.fon', '85f874.fon', '85s1255.fon', '85s1256.fon', '85s1257.fon', '85s874.fon', 'AGENCYB.TTF', 'AGENCYR.TTF', 'ALGER.TTF', 'ANTQUAB.TTF', 'ANTQUABI.TTF', 'ANTQUAI.TTF', 'app775.fon', 'app850.fon', 'app852.fon', 'app855.fon', 'app857.fon', 'app866.fon', 'app932.fon', 'app936.fon', 'app949.fon', 'app950.fon', 'arial.ttf', 'arialbd.ttf', 'arialbi.ttf', 'ariali.ttf', 'ARIALN.TTF', 'ARIALNB.TTF', 'ARIALNBI.TTF', 'ARIALNI.TTF', 'ariblk.ttf', 'ARLRDBD.TTF', 'AxureHandwriting-Bold.otf', 'AxureHandwriting-BoldItalic.otf', 'AxureHandwriting-Italic.otf', 'AxureHandwriting.otf', 'bahnschrift.ttf', 'BASKVILL.TTF', 'BAUHS93.TTF', 'BELL.TTF', 'BELLB.TTF', 'BELLI.TTF', 'BERNHC.TTF', 'BKANT.TTF', 'BOD_B.TTF', 'BOD_BI.TTF', 'BOD_BLAI.TTF', 'BOD_BLAR.TTF', 'BOD_CB.TTF', 'BOD_CBI.TTF', 'BOD_CI.TTF', 'BOD_CR.TTF', 'BOD_I.TTF', 'BOD_PSTC.TTF', 'BOD_R.TTF', 'BOOKOS.TTF', 'BOOKOSB.TTF', 'BOOKOSBI.TTF', 'BOOKOSI.TTF', 'BRADHITC.TTF', 'BRITANIC.TTF', 'BRLNSB.TTF', 'BRLNSDB.TTF', 'BRLNSR.TTF', 'BROADW.TTF', 'BRUSHSCI.TTF', 'BSSYM7.TTF', 'c8514fix.fon', 'c8514oem.fon', 'c8514sys.fon', 'calibri.ttf', 'calibrib.ttf', 'calibrii.ttf', 'calibril.ttf', 'calibrili.ttf', 'calibriz.ttf', 'CALIFB.TTF', 'CALIFI.TTF', 'CALIFR.TTF', 'CALIST.TTF', 'CALISTB.TTF', 'CALISTBI.TTF', 'CALISTI.TTF', 'cambria.ttc', 'cambriab.ttf', 'cambriai.ttf', 'cambriaz.ttf', 'Candara.ttf', 'Candarab.ttf', 'Candarai.ttf', 'Candaral.ttf', 'Candarali.ttf', 'Candaraz.ttf', 'CascadiaCode.ttf', 'CascadiaMono.ttf', 'CASTELAR.TTF', 'CENSCBK.TTF', 'CENTAUR.TTF', 'CENTURY.TTF', 'cga40737.fon', 'cga40850.fon', 'cga40852.fon', 'cga40857.fon', 'cga40866.fon', 'cga40869.fon', 'cga40woa.fon', 'cga80737.fon', 'cga80850.fon', 'cga80852.fon', 'cga80857.fon', 'cga80866.fon', 'cga80869.fon', 'cga80woa.fon', 'CHILLER.TTF', 'COLONNA.TTF', 'comic.ttf', 'comicbd.ttf', 'comici.ttf', 'comicz.ttf', 'consola.ttf', 'consolab.ttf', 'consolai.ttf', 'consolaz.ttf', 'constan.ttf', 'constanb.ttf', 'constani.ttf', 'constanz.ttf', 'COOPBL.TTF', 'COPRGTB.TTF', 'COPRGTL.TTF', 'corbel.ttf', 'corbelb.ttf', 'corbeli.ttf', 'corbell.ttf', 'corbelli.ttf', 'corbelz.ttf', 'coue1255.fon', 'coue1256.fon', 'coue1257.fon', 'couf1255.fon', 'couf1256.fon', 'couf1257.fon', 'cour.ttf', 'courbd.ttf', 'courbi.ttf', 'coure.fon', 'couree.fon', 'coureg.fon', 'courer.fon', 'couret.fon', 'courf.fon', 'courfe.fon', 'courfg.fon', 'courfr.fon', 'courft.fon', 'couri.ttf', 'CURLZ___.TTF', 'cvgafix.fon', 'cvgasys.fon', 'Deng.ttf', 'Dengb.ttf', 'Dengl.ttf', 'desktop.ini', 'dos737.fon', 'dos869.fon', 'dosapp.fon', 'DUBAI-BOLD.TTF', 'DUBAI-LIGHT.TTF', 'DUBAI-MEDIUM.TTF', 'DUBAI-REGULAR.TTF', 'ebrima.ttf', 'ebrimabd.ttf', 'ega40737.fon', 'ega40850.fon', 'ega40852.fon', 'ega40857.fon', 'ega40866.fon', 'ega40869.fon', 'ega40woa.fon', 'ega80737.fon', 'ega80850.fon', 'ega80852.fon', 'ega80857.fon', 'ega80866.fon', 'ega80869.fon', 'ega80woa.fon', 'ELEPHNT.TTF', 'ELEPHNTI.TTF', 'ENGR.TTF', 'ERASBD.TTF', 'ERASDEMI.TTF', 'ERASLGHT.TTF', 'ERASMD.TTF', 'FELIXTI.TTF', 'fms_metadata.xml', 'FORTE.TTF', 'FRABK.TTF', 'FRABKIT.TTF', 'FRADM.TTF', 'FRADMCN.TTF', 'FRADMIT.TTF', 'FRAHV.TTF', 'FRAHVIT.TTF', 'framd.ttf', 'FRAMDCN.TTF', 'framdit.ttf', 'FREESCPT.TTF', 'FRSCRIPT.TTF', 'FTLTLT.TTF', 'FZSTK.TTF', 'FZYTK.TTF', 'Gabriola.ttf', 'gadugi.ttf', 'gadugib.ttf', 'GARA.TTF', 'GARABD.TTF', 'GARAIT.TTF', 'georgia.ttf', 'georgiab.ttf', 'georgiai.ttf', 'georgiaz.ttf', 'GIGI.TTF', 'GILBI___.TTF', 'GILB____.TTF', 'GILC____.TTF', 'GILI____.TTF', 'GILLUBCD.TTF', 'GILSANUB.TTF', 'GIL_____.TTF', 'GLECB.TTF', 'GlobalMonospace.CompositeFont', 'GlobalSansSerif.CompositeFont', 'GlobalSerif.CompositeFont', 'GlobalUserInterface.CompositeFont', 'GLSNECB.TTF', 'GOTHIC.TTF', 'GOTHICB.TTF', 'GOTHICBI.TTF', 'GOTHICI.TTF', 'GOUDOS.TTF', 'GOUDOSB.TTF', 'GOUDOSI.TTF', 'GOUDYSTO.TTF', 'h8514fix.fon', 'h8514oem.fon', 'h8514sys.fon', 'HARLOWSI.TTF', 'HARNGTON.TTF', 'HATTEN.TTF', 'HGB1X_CNKI.ttf', 'HGB1_CNKI.ttf', 'HGB2X_CNKI.ttf', 'HGB2_CNKI.ttf', 'HGB3X_CNKI.ttf', 'HGB3_CNKI.ttf', 'HGB4X_CNKI.ttf', 'HGB4_CNKI.ttf', 'HGB5X_CNKI.ttf', 'HGB5_CNKI.ttf', 'HGB6X_CNKI.ttf', 'HGB6_CNKI.ttf', 'HGB7X_CNKI.ttf', 'HGB7_CNKI.ttf', 'HGB8X_CNKI.ttf', 'HGB8_CNKI.ttf', 'HGBD_CNKI.ttf', 'HGBKBX_CNKI.ttf', 'HGBKB_CNKI.ttf', 'HGBKHX_CNKI.ttf', 'HGBKH_CNKI.ttf', 'HGBS1_CNKI.TTF', 'HGBS2_CNKI.TTF', 'HGBS_CNKI.TTF', 'HGBTH_CNKI.TTF', 'HGBTS_CNKI.TTF', 'HGBX_CNKI.ttf', 'HGBZ_CNKI.ttf', 'HGCH_CNKI.TTF', 'HGCUH_CNKI.TTF', 'HGCY_CNKI.TTF', 'HGDBS_CNKI.TTF', 'HGDGY_CNKI.TTF', 'HGDH2_CNKI.TTF', 'HGDH_CNKI.TTF', 'HGDYS_CNKI.TTF', 'HGDY_CNKI.ttf', 'HGF1X_CNKI.ttf', 'HGF1_CNKI.ttf', 'HGF2X_CNKI.ttf', 'HGF2_CNKI.ttf', 'HGF3_CNKI.ttf', 'HGF4X_CNKI.ttf', 'HGF4_CNKI.ttf', 'HGF5X_CNKI.ttf', 'HGF5_CNKI.ttf', 'HGF6X_CNKI.ttf', 'HGF6_CNKI.ttf', 'HGF7X_CNKI.ttf', 'HGF7_CNKI.ttf', 'HGF8_CNKI.ttf', 'HGF9X_CNKI.ttf', 'HGF9_CNKI.ttf', 'HGFS1_CNKI.TTF', 'HGFS2_CNKI.TTF', 'HGFSH_CNKI.TTF', 'HGFS_CNKI.TTF', 'HGFX_CNKI.ttf', 'HGFZ_CNKI.ttf', 'HGGG_CNKI.TTF', 'HGH1X_CNKI.ttf', 'HGH1_CNKI.ttf', 'HGH2X_CNKI.ttf', 'HGH2_CNKI.ttf', 'HGH3X_CNKI.ttf', 'HGH3_CNKI.ttf', 'HGH4X_CNKI.ttf', 'HGH4_CNKI.ttf', 'HGH5X_CNKI.ttf', 'HGH5_CNKI.ttf', 'HGH6X_CNKI.ttf', 'HGH6_CNKI.ttf', 'HGH7X_CNKI.ttf', 'HGH7_CNKI.ttf', 'HGHB_CNKI.TTF', 'HGHD_CNKI.ttf', 'HGHP_CNKI.TTF', 'HGHT1_CNKI.ttf', 'HGHT2_CNKI.ttf', 'HGHUATI_CNKI.ttf', 'HGHX_CNKI.ttf', 'HGHZ_CNKI.ttf', 'HGH_CNKI.TTF', 'HGKT1_CNKI.TTF', 'HGKT2_CNKI.TTF', 'HGKT_CNKI.TTF', 'HGKY_CNKI.ttf', 'HGLB_CNKI.TTF', 'HGLS_CNKI.TTF', 'HGMH_CNKI.TTF', 'HGNBS_CNKI.ttf', 'HGOCR_CNKI.ttf', 'HGPH_CNKI.TTF', 'HGPTY_CNKI.TTF', 'HGSS1_CNKI.TTF', 'HGSS2_CNKI.TTF', 'HGSS_CNKI.TTF', 'HGSXT_CNKI.ttf', 'HGTT_CNKI.ttf', 'HGTX_CNKI.TTF', 'HGWT_CNKI.TTF', 'HGWYS_CNKI.TTF', 'HGX1X_CNKI.ttf', 'HGX1_CNKI.ttf', 'HGXBS_CNKI.TTF', 'HGXC_CNKI.TTF', 'HGXF1_CNKI.ttf', 'HGXFX_CNKI.ttf', 'HGXFZ_CNKI.ttf', 'HGXH1_CNKI.TTF', 'HGXH_CNKI.TTF', 'HGXK_CNKI.TTF', 'HGXL_CNKI.TTF', 'HGXS_CNKI.TTF', 'HGXT_CNKI.ttf', 'HGXY_CNKI.ttf', 'HGY1_CNKI.TTF', 'HGY2_CNKI.TTF', 'HGY3_CNKI.TTF', 'HGY4_CNKI.TTF', 'HGYB_CNKI.ttf', 'HGYT1_CNKI.ttf', 'HGYT2_CNKI.ttf', 'HGYT_CNKI.TTF', 'HGYX_CNKI.TTF', 'HGZCS_CNKI.TTF', 'HGZDX_CNKI.TTF', 'HGZK_CNKI.TTF', 'HGZYT_CNKI.TTF', 'HGZY_CNKI.TTF', 'himalaya.ttf', 'holomdl2.ttf', 'HTOWERT.TTF', 'HTOWERTI.TTF', 'hvgafix.fon', 'hvgasys.fon', 'impact.ttf', 'IMPRISHA.TTF', 'INFROMAN.TTF', 'Inkfree.ttf', 'iqiyi_logov7.ttf', 'ITCBLKAD.TTF', 'ITCEDSCR.TTF', 'ITCKRIST.TTF', 'j8514fix.fon', 'j8514oem.fon', 'j8514sys.fon', 'javatext.ttf', 'JOKERMAN.TTF', 'jsmalle.fon', 'jsmallf.fon', 'JUICE___.TTF', 'jvgafix.fon', 'jvgasys.fon', 'KUNSTLER.TTF', 'LATINWD.TTF', 'LBRITE.TTF', 'LBRITED.TTF', 'LBRITEDI.TTF', 'LBRITEI.TTF', 'LCALLIG.TTF', 'LeelaUIb.ttf', 'LeelawUI.ttf', 'LeelUIsl.ttf', 'LFAX.TTF', 'LFAXD.TTF', 'LFAXDI.TTF', 'LFAXI.TTF', 'LHANDW.TTF', 'LSANS.TTF', 'LSANSD.TTF', 'LSANSDI.TTF', 'LSANSI.TTF', 'LTYPE.TTF', 'LTYPEB.TTF', 'LTYPEBO.TTF', 'LTYPEO.TTF', 'lucon.ttf', 'l_10646.ttf', 'MAGNETOB.TTF', 'MAIAN.TTF', 'malgun.ttf', 'malgunbd.ttf', 'malgunsl.ttf', 'marlett.ttf', 'MATURASC.TTF', 'micross.ttf', 'mingliub.ttc', 'MISTRAL.TTF', 'mmrtext.ttf', 'mmrtextb.ttf', 'MOD20.TTF', 'modern.fon', 'monbaiti.ttf', 'msgothic.ttc', 'msjh.ttc', 'msjhbd.ttc', 'msjhl.ttc', 'msyh.ttc', 'msyhbd.ttc', 'msyhl.ttc', 'msyi.ttf', 'MTCORSVA.TTF', 'MTEXTRA.TTF', 'mvboli.ttf', 'NIAGENG.TTF', 'NIAGSOL.TTF', 'Nirmala.ttf', 'NirmalaB.ttf', 'NirmalaS.ttf', 'ntailu.ttf', 'ntailub.ttf', 'NumberOnly.ttf', 'OCRAEXT.TTF', 'OLDENGL.TTF', 'ONYX.TTF', 'OUTLOOK.TTF', 'pala.ttf', 'palab.ttf', 'palabi.ttf', 'palai.ttf', 'PALSCRI.TTF', 'PAPYRUS.TTF', 'PARCHM.TTF', 'PERBI___.TTF', 'PERB____.TTF', 'PERI____.TTF', 'PERTIBD.TTF', 'PERTILI.TTF', 'PER_____.TTF', 'phagspa.ttf', 'phagspab.ttf', 'PLAYBILL.TTF', 'POORICH.TTF', 'PRISTINA.TTF', 'RAGE.TTF', 'RAVIE.TTF', 'REFSAN.TTF', 'REFSPCL.TTF', 'ROCCB___.TTF', 'ROCC____.TTF', 'ROCK.TTF', 'ROCKB.TTF', 'ROCKBI.TTF', 'ROCKEB.TTF', 'ROCKI.TTF', 'roman.fon', 's8514fix.fon', 's8514oem.fon', 's8514sys.fon', 'SCHLBKB.TTF', 'SCHLBKBI.TTF', 'SCHLBKI.TTF', 'script.fon', 'SCRIPTBL.TTF', 'segmdl2.ttf', 'SegoeIcons.ttf', 'segoepr.ttf', 'segoeprb.ttf', 'segoesc.ttf', 'segoescb.ttf', 'segoeui.ttf', 'segoeuib.ttf', 'segoeuii.ttf', 'segoeuil.ttf', 'segoeuisl.ttf', 'segoeuiz.ttf', 'seguibl.ttf', 'seguibli.ttf', 'seguiemj.ttf', 'seguihis.ttf', 'seguili.ttf', 'seguisb.ttf', 'seguisbi.ttf', 'seguisli.ttf', 'seguisym.ttf', 'SegUIVar.ttf', 'sere1255.fon', 'sere1256.fon', 'sere1257.fon', 'serf1255.fon', 'serf1256.fon', 'serf1257.fon', 'serife.fon', 'serifee.fon', 'serifeg.fon', 'serifer.fon', 'serifet.fon', 'seriff.fon', 'seriffe.fon', 'seriffg.fon', 'seriffr.fon', 'serifft.fon', 'SHOWG.TTF', 'simfang.ttf', 'simhei.ttf', 'simkai.ttf', 'SIMLI.TTF', 'simsun.ttc', 'simsunb.ttf', 'SIMYOU.TTF', 'SitkaVF-Italic.ttf', 'SitkaVF.ttf', 'smae1255.fon', 'smae1256.fon', 'smae1257.fon', 'smaf1255.fon', 'smaf1256.fon', 'smaf1257.fon', 'smalle.fon', 'smallee.fon', 'smalleg.fon', 'smaller.fon', 'smallet.fon', 'smallf.fon', 'smallfe.fon', 'smallfg.fon', 'smallfr.fon', 'smallft.fon', 'SNAP____.TTF', 'ssee1255.fon', 'ssee1256.fon', 'ssee1257.fon', 'ssee874.fon', 'ssef1255.fon', 'ssef1256.fon', 'ssef1257.fon', 'ssef874.fon', 'sserife.fon', 'sserifee.fon', 'sserifeg.fon', 'sserifer.fon', 'sserifet.fon', 'sseriff.fon', 'sseriffe.fon', 'sseriffg.fon', 'sseriffr.fon', 'sserifft.fon', 'StaticCache.dat', 'STCAIYUN.TTF', 'STENCIL.TTF', 'STFANGSO.TTF', 'STHUPO.TTF', 'STKAITI.TTF', 'STLITI.TTF', 'STSONG.TTF', 'STXIHEI.TTF', 'STXINGKA.TTF', 'STXINWEI.TTF', 'STZHONGS.TTF', 'svgafix.fon', 'svgasys.fon', 'sylfaen.ttf', 'symbol.ttf', 'tahoma.ttf', 'tahomabd.ttf', 'taile.ttf', 'taileb.ttf', 'TCBI____.TTF', 'TCB_____.TTF', 'TCCB____.TTF', 'TCCEB.TTF', 'TCCM____.TTF', 'TCMI____.TTF', 'TCM_____.TTF', 'TEMPSITC.TTF', 'times.ttf', 'timesbd.ttf', 'timesbi.ttf', 'timesi.ttf', 'trebuc.ttf', 'trebucbd.ttf', 'trebucbi.ttf', 'trebucit.ttf', 'verdana.ttf', 'verdanab.ttf', 'verdanai.ttf', 'verdanaz.ttf', 'vga737.fon', 'vga775.fon', 'vga850.fon', 'vga852.fon', 'vga855.fon', 'vga857.fon', 'vga860.fon', 'vga861.fon', 'vga863.fon', 'vga865.fon', 'vga866.fon', 'vga869.fon', 'vga932.fon', 'vga936.fon', 'vga949.fon', 'vga950.fon', 'vgaf1255.fon', 'vgaf1256.fon', 'vgaf1257.fon', 'vgaf874.fon', 'vgafix.fon', 'vgafixe.fon', 'vgafixg.fon', 'vgafixr.fon', 'vgafixt.fon', 'vgaoem.fon', 'vgas1255.fon', 'vgas1256.fon', 'vgas1257.fon', 'vgas874.fon', 'vgasys.fon', 'vgasyse.fon', 'vgasysg.fon', 'vgasysr.fon', 'vgasyst.fon', 'VINERITC.TTF', 'VIVALDII.TTF', 'VLADIMIR.TTF', 'webdings.ttf', 'wingding.ttf', 'WINGDNG2.TTF', 'WINGDNG3.TTF', 'YuGothB.ttc', 'YuGothL.ttc', 'YuGothM.ttc', 'YuGothR.ttc', '\u534e\u5eb7\u65b9\u5706\u4f53W7.TTC', '\u65b9\u6b63\u7c97\u9ed1\u5b8b\u7b80\u4f53.ttf']
2023-09-27 14:54:34,157 - INFO - all fonts installed:['8514fix.fon', '8514fixe.fon', '8514fixg.fon', '8514fixr.fon', '8514fixt.fon', '8514oem.fon', '8514oeme.fon', '8514oemg.fon', '8514oemr.fon', '8514oemt.fon', '8514sys.fon', '8514syse.fon', '8514sysg.fon', '8514sysr.fon', '8514syst.fon', '85775.fon', '85855.fon', '85f1255.fon', '85f1256.fon', '85f1257.fon', '85f874.fon', '85s1255.fon', '85s1256.fon', '85s1257.fon', '85s874.fon', 'AGENCYB.TTF', 'AGENCYR.TTF', 'ALGER.TTF', 'ANTQUAB.TTF', 'ANTQUABI.TTF', 'ANTQUAI.TTF', 'app775.fon', 'app850.fon', 'app852.fon', 'app855.fon', 'app857.fon', 'app866.fon', 'app932.fon', 'app936.fon', 'app949.fon', 'app950.fon', 'arial.ttf', 'arialbd.ttf', 'arialbi.ttf', 'ariali.ttf', 'ARIALN.TTF', 'ARIALNB.TTF', 'ARIALNBI.TTF', 'ARIALNI.TTF', 'ariblk.ttf', 'ARLRDBD.TTF', 'AxureHandwriting-Bold.otf', 'AxureHandwriting-BoldItalic.otf', 'AxureHandwriting-Italic.otf', 'AxureHandwriting.otf', 'bahnschrift.ttf', 'BASKVILL.TTF', 'BAUHS93.TTF', 'BELL.TTF', 'BELLB.TTF', 'BELLI.TTF', 'BERNHC.TTF', 'BKANT.TTF', 'BOD_B.TTF', 'BOD_BI.TTF', 'BOD_BLAI.TTF', 'BOD_BLAR.TTF', 'BOD_CB.TTF', 'BOD_CBI.TTF', 'BOD_CI.TTF', 'BOD_CR.TTF', 'BOD_I.TTF', 'BOD_PSTC.TTF', 'BOD_R.TTF', 'BOOKOS.TTF', 'BOOKOSB.TTF', 'BOOKOSBI.TTF', 'BOOKOSI.TTF', 'BRADHITC.TTF', 'BRITANIC.TTF', 'BRLNSB.TTF', 'BRLNSDB.TTF', 'BRLNSR.TTF', 'BROADW.TTF', 'BRUSHSCI.TTF', 'BSSYM7.TTF', 'c8514fix.fon', 'c8514oem.fon', 'c8514sys.fon', 'calibri.ttf', 'calibrib.ttf', 'calibrii.ttf', 'calibril.ttf', 'calibrili.ttf', 'calibriz.ttf', 'CALIFB.TTF', 'CALIFI.TTF', 'CALIFR.TTF', 'CALIST.TTF', 'CALISTB.TTF', 'CALISTBI.TTF', 'CALISTI.TTF', 'cambria.ttc', 'cambriab.ttf', 'cambriai.ttf', 'cambriaz.ttf', 'Candara.ttf', 'Candarab.ttf', 'Candarai.ttf', 'Candaral.ttf', 'Candarali.ttf', 'Candaraz.ttf', 'CascadiaCode.ttf', 'CascadiaMono.ttf', 'CASTELAR.TTF', 'CENSCBK.TTF', 'CENTAUR.TTF', 'CENTURY.TTF', 'cga40737.fon', 'cga40850.fon', 'cga40852.fon', 'cga40857.fon', 'cga40866.fon', 'cga40869.fon', 'cga40woa.fon', 'cga80737.fon', 'cga80850.fon', 'cga80852.fon', 'cga80857.fon', 'cga80866.fon', 'cga80869.fon', 'cga80woa.fon', 'CHILLER.TTF', 'COLONNA.TTF', 'comic.ttf', 'comicbd.ttf', 'comici.ttf', 'comicz.ttf', 'consola.ttf', 'consolab.ttf', 'consolai.ttf', 'consolaz.ttf', 'constan.ttf', 'constanb.ttf', 'constani.ttf', 'constanz.ttf', 'COOPBL.TTF', 'COPRGTB.TTF', 'COPRGTL.TTF', 'corbel.ttf', 'corbelb.ttf', 'corbeli.ttf', 'corbell.ttf', 'corbelli.ttf', 'corbelz.ttf', 'coue1255.fon', 'coue1256.fon', 'coue1257.fon', 'couf1255.fon', 'couf1256.fon', 'couf1257.fon', 'cour.ttf', 'courbd.ttf', 'courbi.ttf', 'coure.fon', 'couree.fon', 'coureg.fon', 'courer.fon', 'couret.fon', 'courf.fon', 'courfe.fon', 'courfg.fon', 'courfr.fon', 'courft.fon', 'couri.ttf', 'CURLZ___.TTF', 'cvgafix.fon', 'cvgasys.fon', 'Deng.ttf', 'Dengb.ttf', 'Dengl.ttf', 'desktop.ini', 'dos737.fon', 'dos869.fon', 'dosapp.fon', 'DUBAI-BOLD.TTF', 'DUBAI-LIGHT.TTF', 'DUBAI-MEDIUM.TTF', 'DUBAI-REGULAR.TTF', 'ebrima.ttf', 'ebrimabd.ttf', 'ega40737.fon', 'ega40850.fon', 'ega40852.fon', 'ega40857.fon', 'ega40866.fon', 'ega40869.fon', 'ega40woa.fon', 'ega80737.fon', 'ega80850.fon', 'ega80852.fon', 'ega80857.fon', 'ega80866.fon', 'ega80869.fon', 'ega80woa.fon', 'ELEPHNT.TTF', 'ELEPHNTI.TTF', 'ENGR.TTF', 'ERASBD.TTF', 'ERASDEMI.TTF', 'ERASLGHT.TTF', 'ERASMD.TTF', 'FELIXTI.TTF', 'fms_metadata.xml', 'FORTE.TTF', 'FRABK.TTF', 'FRABKIT.TTF', 'FRADM.TTF', 'FRADMCN.TTF', 'FRADMIT.TTF', 'FRAHV.TTF', 'FRAHVIT.TTF', 'framd.ttf', 'FRAMDCN.TTF', 'framdit.ttf', 'FREESCPT.TTF', 'FRSCRIPT.TTF', 'FTLTLT.TTF', 'FZSTK.TTF', 'FZYTK.TTF', 'Gabriola.ttf', 'gadugi.ttf', 'gadugib.ttf', 'GARA.TTF', 'GARABD.TTF', 'GARAIT.TTF', 'georgia.ttf', 'georgiab.ttf', 'georgiai.ttf', 'georgiaz.ttf', 'GIGI.TTF', 'GILBI___.TTF', 'GILB____.TTF', 'GILC____.TTF', 'GILI____.TTF', 'GILLUBCD.TTF', 'GILSANUB.TTF', 'GIL_____.TTF', 'GLECB.TTF', 'GlobalMonospace.CompositeFont', 'GlobalSansSerif.CompositeFont', 'GlobalSerif.CompositeFont', 'GlobalUserInterface.CompositeFont', 'GLSNECB.TTF', 'GOTHIC.TTF', 'GOTHICB.TTF', 'GOTHICBI.TTF', 'GOTHICI.TTF', 'GOUDOS.TTF', 'GOUDOSB.TTF', 'GOUDOSI.TTF', 'GOUDYSTO.TTF', 'h8514fix.fon', 'h8514oem.fon', 'h8514sys.fon', 'HARLOWSI.TTF', 'HARNGTON.TTF', 'HATTEN.TTF', 'HGB1X_CNKI.ttf', 'HGB1_CNKI.ttf', 'HGB2X_CNKI.ttf', 'HGB2_CNKI.ttf', 'HGB3X_CNKI.ttf', 'HGB3_CNKI.ttf', 'HGB4X_CNKI.ttf', 'HGB4_CNKI.ttf', 'HGB5X_CNKI.ttf', 'HGB5_CNKI.ttf', 'HGB6X_CNKI.ttf', 'HGB6_CNKI.ttf', 'HGB7X_CNKI.ttf', 'HGB7_CNKI.ttf', 'HGB8X_CNKI.ttf', 'HGB8_CNKI.ttf', 'HGBD_CNKI.ttf', 'HGBKBX_CNKI.ttf', 'HGBKB_CNKI.ttf', 'HGBKHX_CNKI.ttf', 'HGBKH_CNKI.ttf', 'HGBS1_CNKI.TTF', 'HGBS2_CNKI.TTF', 'HGBS_CNKI.TTF', 'HGBTH_CNKI.TTF', 'HGBTS_CNKI.TTF', 'HGBX_CNKI.ttf', 'HGBZ_CNKI.ttf', 'HGCH_CNKI.TTF', 'HGCUH_CNKI.TTF', 'HGCY_CNKI.TTF', 'HGDBS_CNKI.TTF', 'HGDGY_CNKI.TTF', 'HGDH2_CNKI.TTF', 'HGDH_CNKI.TTF', 'HGDYS_CNKI.TTF', 'HGDY_CNKI.ttf', 'HGF1X_CNKI.ttf', 'HGF1_CNKI.ttf', 'HGF2X_CNKI.ttf', 'HGF2_CNKI.ttf', 'HGF3_CNKI.ttf', 'HGF4X_CNKI.ttf', 'HGF4_CNKI.ttf', 'HGF5X_CNKI.ttf', 'HGF5_CNKI.ttf', 'HGF6X_CNKI.ttf', 'HGF6_CNKI.ttf', 'HGF7X_CNKI.ttf', 'HGF7_CNKI.ttf', 'HGF8_CNKI.ttf', 'HGF9X_CNKI.ttf', 'HGF9_CNKI.ttf', 'HGFS1_CNKI.TTF', 'HGFS2_CNKI.TTF', 'HGFSH_CNKI.TTF', 'HGFS_CNKI.TTF', 'HGFX_CNKI.ttf', 'HGFZ_CNKI.ttf', 'HGGG_CNKI.TTF', 'HGH1X_CNKI.ttf', 'HGH1_CNKI.ttf', 'HGH2X_CNKI.ttf', 'HGH2_CNKI.ttf', 'HGH3X_CNKI.ttf', 'HGH3_CNKI.ttf', 'HGH4X_CNKI.ttf', 'HGH4_CNKI.ttf', 'HGH5X_CNKI.ttf', 'HGH5_CNKI.ttf', 'HGH6X_CNKI.ttf', 'HGH6_CNKI.ttf', 'HGH7X_CNKI.ttf', 'HGH7_CNKI.ttf', 'HGHB_CNKI.TTF', 'HGHD_CNKI.ttf', 'HGHP_CNKI.TTF', 'HGHT1_CNKI.ttf', 'HGHT2_CNKI.ttf', 'HGHUATI_CNKI.ttf', 'HGHX_CNKI.ttf', 'HGHZ_CNKI.ttf', 'HGH_CNKI.TTF', 'HGKT1_CNKI.TTF', 'HGKT2_CNKI.TTF', 'HGKT_CNKI.TTF', 'HGKY_CNKI.ttf', 'HGLB_CNKI.TTF', 'HGLS_CNKI.TTF', 'HGMH_CNKI.TTF', 'HGNBS_CNKI.ttf', 'HGOCR_CNKI.ttf', 'HGPH_CNKI.TTF', 'HGPTY_CNKI.TTF', 'HGSS1_CNKI.TTF', 'HGSS2_CNKI.TTF', 'HGSS_CNKI.TTF', 'HGSXT_CNKI.ttf', 'HGTT_CNKI.ttf', 'HGTX_CNKI.TTF', 'HGWT_CNKI.TTF', 'HGWYS_CNKI.TTF', 'HGX1X_CNKI.ttf', 'HGX1_CNKI.ttf', 'HGXBS_CNKI.TTF', 'HGXC_CNKI.TTF', 'HGXF1_CNKI.ttf', 'HGXFX_CNKI.ttf', 'HGXFZ_CNKI.ttf', 'HGXH1_CNKI.TTF', 'HGXH_CNKI.TTF', 'HGXK_CNKI.TTF', 'HGXL_CNKI.TTF', 'HGXS_CNKI.TTF', 'HGXT_CNKI.ttf', 'HGXY_CNKI.ttf', 'HGY1_CNKI.TTF', 'HGY2_CNKI.TTF', 'HGY3_CNKI.TTF', 'HGY4_CNKI.TTF', 'HGYB_CNKI.ttf', 'HGYT1_CNKI.ttf', 'HGYT2_CNKI.ttf', 'HGYT_CNKI.TTF', 'HGYX_CNKI.TTF', 'HGZCS_CNKI.TTF', 'HGZDX_CNKI.TTF', 'HGZK_CNKI.TTF', 'HGZYT_CNKI.TTF', 'HGZY_CNKI.TTF', 'himalaya.ttf', 'holomdl2.ttf', 'HTOWERT.TTF', 'HTOWERTI.TTF', 'hvgafix.fon', 'hvgasys.fon', 'impact.ttf', 'IMPRISHA.TTF', 'INFROMAN.TTF', 'Inkfree.ttf', 'iqiyi_logov7.ttf', 'ITCBLKAD.TTF', 'ITCEDSCR.TTF', 'ITCKRIST.TTF', 'j8514fix.fon', 'j8514oem.fon', 'j8514sys.fon', 'javatext.ttf', 'JOKERMAN.TTF', 'jsmalle.fon', 'jsmallf.fon', 'JUICE___.TTF', 'jvgafix.fon', 'jvgasys.fon', 'KUNSTLER.TTF', 'LATINWD.TTF', 'LBRITE.TTF', 'LBRITED.TTF', 'LBRITEDI.TTF', 'LBRITEI.TTF', 'LCALLIG.TTF', 'LeelaUIb.ttf', 'LeelawUI.ttf', 'LeelUIsl.ttf', 'LFAX.TTF', 'LFAXD.TTF', 'LFAXDI.TTF', 'LFAXI.TTF', 'LHANDW.TTF', 'LSANS.TTF', 'LSANSD.TTF', 'LSANSDI.TTF', 'LSANSI.TTF', 'LTYPE.TTF', 'LTYPEB.TTF', 'LTYPEBO.TTF', 'LTYPEO.TTF', 'lucon.ttf', 'l_10646.ttf', 'MAGNETOB.TTF', 'MAIAN.TTF', 'malgun.ttf', 'malgunbd.ttf', 'malgunsl.ttf', 'marlett.ttf', 'MATURASC.TTF', 'micross.ttf', 'mingliub.ttc', 'MISTRAL.TTF', 'mmrtext.ttf', 'mmrtextb.ttf', 'MOD20.TTF', 'modern.fon', 'monbaiti.ttf', 'msgothic.ttc', 'msjh.ttc', 'msjhbd.ttc', 'msjhl.ttc', 'msyh.ttc', 'msyhbd.ttc', 'msyhl.ttc', 'msyi.ttf', 'MTCORSVA.TTF', 'MTEXTRA.TTF', 'mvboli.ttf', 'NIAGENG.TTF', 'NIAGSOL.TTF', 'Nirmala.ttf', 'NirmalaB.ttf', 'NirmalaS.ttf', 'ntailu.ttf', 'ntailub.ttf', 'NumberOnly.ttf', 'OCRAEXT.TTF', 'OLDENGL.TTF', 'ONYX.TTF', 'OUTLOOK.TTF', 'pala.ttf', 'palab.ttf', 'palabi.ttf', 'palai.ttf', 'PALSCRI.TTF', 'PAPYRUS.TTF', 'PARCHM.TTF', 'PERBI___.TTF', 'PERB____.TTF', 'PERI____.TTF', 'PERTIBD.TTF', 'PERTILI.TTF', 'PER_____.TTF', 'phagspa.ttf', 'phagspab.ttf', 'PLAYBILL.TTF', 'POORICH.TTF', 'PRISTINA.TTF', 'RAGE.TTF', 'RAVIE.TTF', 'REFSAN.TTF', 'REFSPCL.TTF', 'ROCCB___.TTF', 'ROCC____.TTF', 'ROCK.TTF', 'ROCKB.TTF', 'ROCKBI.TTF', 'ROCKEB.TTF', 'ROCKI.TTF', 'roman.fon', 's8514fix.fon', 's8514oem.fon', 's8514sys.fon', 'SCHLBKB.TTF', 'SCHLBKBI.TTF', 'SCHLBKI.TTF', 'script.fon', 'SCRIPTBL.TTF', 'segmdl2.ttf', 'SegoeIcons.ttf', 'segoepr.ttf', 'segoeprb.ttf', 'segoesc.ttf', 'segoescb.ttf', 'segoeui.ttf', 'segoeuib.ttf', 'segoeuii.ttf', 'segoeuil.ttf', 'segoeuisl.ttf', 'segoeuiz.ttf', 'seguibl.ttf', 'seguibli.ttf', 'seguiemj.ttf', 'seguihis.ttf', 'seguili.ttf', 'seguisb.ttf', 'seguisbi.ttf', 'seguisli.ttf', 'seguisym.ttf', 'SegUIVar.ttf', 'sere1255.fon', 'sere1256.fon', 'sere1257.fon', 'serf1255.fon', 'serf1256.fon', 'serf1257.fon', 'serife.fon', 'serifee.fon', 'serifeg.fon', 'serifer.fon', 'serifet.fon', 'seriff.fon', 'seriffe.fon', 'seriffg.fon', 'seriffr.fon', 'serifft.fon', 'SHOWG.TTF', 'simfang.ttf', 'simhei.ttf', 'simkai.ttf', 'SIMLI.TTF', 'simsun.ttc', 'simsunb.ttf', 'SIMYOU.TTF', 'SitkaVF-Italic.ttf', 'SitkaVF.ttf', 'smae1255.fon', 'smae1256.fon', 'smae1257.fon', 'smaf1255.fon', 'smaf1256.fon', 'smaf1257.fon', 'smalle.fon', 'smallee.fon', 'smalleg.fon', 'smaller.fon', 'smallet.fon', 'smallf.fon', 'smallfe.fon', 'smallfg.fon', 'smallfr.fon', 'smallft.fon', 'SNAP____.TTF', 'ssee1255.fon', 'ssee1256.fon', 'ssee1257.fon', 'ssee874.fon', 'ssef1255.fon', 'ssef1256.fon', 'ssef1257.fon', 'ssef874.fon', 'sserife.fon', 'sserifee.fon', 'sserifeg.fon', 'sserifer.fon', 'sserifet.fon', 'sseriff.fon', 'sseriffe.fon', 'sseriffg.fon', 'sseriffr.fon', 'sserifft.fon', 'StaticCache.dat', 'STCAIYUN.TTF', 'STENCIL.TTF', 'STFANGSO.TTF', 'STHUPO.TTF', 'STKAITI.TTF', 'STLITI.TTF', 'STSONG.TTF', 'STXIHEI.TTF', 'STXINGKA.TTF', 'STXINWEI.TTF', 'STZHONGS.TTF', 'svgafix.fon', 'svgasys.fon', 'sylfaen.ttf', 'symbol.ttf', 'tahoma.ttf', 'tahomabd.ttf', 'taile.ttf', 'taileb.ttf', 'TCBI____.TTF', 'TCB_____.TTF', 'TCCB____.TTF', 'TCCEB.TTF', 'TCCM____.TTF', 'TCMI____.TTF', 'TCM_____.TTF', 'TEMPSITC.TTF', 'times.ttf', 'timesbd.ttf', 'timesbi.ttf', 'timesi.ttf', 'trebuc.ttf', 'trebucbd.ttf', 'trebucbi.ttf', 'trebucit.ttf', 'verdana.ttf', 'verdanab.ttf', 'verdanai.ttf', 'verdanaz.ttf', 'vga737.fon', 'vga775.fon', 'vga850.fon', 'vga852.fon', 'vga855.fon', 'vga857.fon', 'vga860.fon', 'vga861.fon', 'vga863.fon', 'vga865.fon', 'vga866.fon', 'vga869.fon', 'vga932.fon', 'vga936.fon', 'vga949.fon', 'vga950.fon', 'vgaf1255.fon', 'vgaf1256.fon', 'vgaf1257.fon', 'vgaf874.fon', 'vgafix.fon', 'vgafixe.fon', 'vgafixg.fon', 'vgafixr.fon', 'vgafixt.fon', 'vgaoem.fon', 'vgas1255.fon', 'vgas1256.fon', 'vgas1257.fon', 'vgas874.fon', 'vgasys.fon', 'vgasyse.fon', 'vgasysg.fon', 'vgasysr.fon', 'vgasyst.fon', 'VINERITC.TTF', 'VIVALDII.TTF', 'VLADIMIR.TTF', 'webdings.ttf', 'wingding.ttf', 'WINGDNG2.TTF', 'WINGDNG3.TTF', 'YuGothB.ttc', 'YuGothL.ttc', 'YuGothM.ttc', 'YuGothR.ttc', '\u534e\u5eb7\u65b9\u5706\u4f53W7.TTC', '\u65b9\u6b63\u7c97\u9ed1\u5b8b\u7b80\u4f53.ttf']
2023-09-27 14:54:34,357 - INFO - all fonts installed:['8514fix.fon', '8514fixe.fon', '8514fixg.fon', '8514fixr.fon', '8514fixt.fon', '8514oem.fon', '8514oeme.fon', '8514oemg.fon', '8514oemr.fon', '8514oemt.fon', '8514sys.fon', '8514syse.fon', '8514sysg.fon', '8514sysr.fon', '8514syst.fon', '85775.fon', '85855.fon', '85f1255.fon', '85f1256.fon', '85f1257.fon', '85f874.fon', '85s1255.fon', '85s1256.fon', '85s1257.fon', '85s874.fon', 'AGENCYB.TTF', 'AGENCYR.TTF', 'ALGER.TTF', 'ANTQUAB.TTF', 'ANTQUABI.TTF', 'ANTQUAI.TTF', 'app775.fon', 'app850.fon', 'app852.fon', 'app855.fon', 'app857.fon', 'app866.fon', 'app932.fon', 'app936.fon', 'app949.fon', 'app950.fon', 'arial.ttf', 'arialbd.ttf', 'arialbi.ttf', 'ariali.ttf', 'ARIALN.TTF', 'ARIALNB.TTF', 'ARIALNBI.TTF', 'ARIALNI.TTF', 'ariblk.ttf', 'ARLRDBD.TTF', 'AxureHandwriting-Bold.otf', 'AxureHandwriting-BoldItalic.otf', 'AxureHandwriting-Italic.otf', 'AxureHandwriting.otf', 'bahnschrift.ttf', 'BASKVILL.TTF', 'BAUHS93.TTF', 'BELL.TTF', 'BELLB.TTF', 'BELLI.TTF', 'BERNHC.TTF', 'BKANT.TTF', 'BOD_B.TTF', 'BOD_BI.TTF', 'BOD_BLAI.TTF', 'BOD_BLAR.TTF', 'BOD_CB.TTF', 'BOD_CBI.TTF', 'BOD_CI.TTF', 'BOD_CR.TTF', 'BOD_I.TTF', 'BOD_PSTC.TTF', 'BOD_R.TTF', 'BOOKOS.TTF', 'BOOKOSB.TTF', 'BOOKOSBI.TTF', 'BOOKOSI.TTF', 'BRADHITC.TTF', 'BRITANIC.TTF', 'BRLNSB.TTF', 'BRLNSDB.TTF', 'BRLNSR.TTF', 'BROADW.TTF', 'BRUSHSCI.TTF', 'BSSYM7.TTF', 'c8514fix.fon', 'c8514oem.fon', 'c8514sys.fon', 'calibri.ttf', 'calibrib.ttf', 'calibrii.ttf', 'calibril.ttf', 'calibrili.ttf', 'calibriz.ttf', 'CALIFB.TTF', 'CALIFI.TTF', 'CALIFR.TTF', 'CALIST.TTF', 'CALISTB.TTF', 'CALISTBI.TTF', 'CALISTI.TTF', 'cambria.ttc', 'cambriab.ttf', 'cambriai.ttf', 'cambriaz.ttf', 'Candara.ttf', 'Candarab.ttf', 'Candarai.ttf', 'Candaral.ttf', 'Candarali.ttf', 'Candaraz.ttf', 'CascadiaCode.ttf', 'CascadiaMono.ttf', 'CASTELAR.TTF', 'CENSCBK.TTF', 'CENTAUR.TTF', 'CENTURY.TTF', 'cga40737.fon', 'cga40850.fon', 'cga40852.fon', 'cga40857.fon', 'cga40866.fon', 'cga40869.fon', 'cga40woa.fon', 'cga80737.fon', 'cga80850.fon', 'cga80852.fon', 'cga80857.fon', 'cga80866.fon', 'cga80869.fon', 'cga80woa.fon', 'CHILLER.TTF', 'COLONNA.TTF', 'comic.ttf', 'comicbd.ttf', 'comici.ttf', 'comicz.ttf', 'consola.ttf', 'consolab.ttf', 'consolai.ttf', 'consolaz.ttf', 'constan.ttf', 'constanb.ttf', 'constani.ttf', 'constanz.ttf', 'COOPBL.TTF', 'COPRGTB.TTF', 'COPRGTL.TTF', 'corbel.ttf', 'corbelb.ttf', 'corbeli.ttf', 'corbell.ttf', 'corbelli.ttf', 'corbelz.ttf', 'coue1255.fon', 'coue1256.fon', 'coue1257.fon', 'couf1255.fon', 'couf1256.fon', 'couf1257.fon', 'cour.ttf', 'courbd.ttf', 'courbi.ttf', 'coure.fon', 'couree.fon', 'coureg.fon', 'courer.fon', 'couret.fon', 'courf.fon', 'courfe.fon', 'courfg.fon', 'courfr.fon', 'courft.fon', 'couri.ttf', 'CURLZ___.TTF', 'cvgafix.fon', 'cvgasys.fon', 'Deng.ttf', 'Dengb.ttf', 'Dengl.ttf', 'desktop.ini', 'dos737.fon', 'dos869.fon', 'dosapp.fon', 'DUBAI-BOLD.TTF', 'DUBAI-LIGHT.TTF', 'DUBAI-MEDIUM.TTF', 'DUBAI-REGULAR.TTF', 'ebrima.ttf', 'ebrimabd.ttf', 'ega40737.fon', 'ega40850.fon', 'ega40852.fon', 'ega40857.fon', 'ega40866.fon', 'ega40869.fon', 'ega40woa.fon', 'ega80737.fon', 'ega80850.fon', 'ega80852.fon', 'ega80857.fon', 'ega80866.fon', 'ega80869.fon', 'ega80woa.fon', 'ELEPHNT.TTF', 'ELEPHNTI.TTF', 'ENGR.TTF', 'ERASBD.TTF', 'ERASDEMI.TTF', 'ERASLGHT.TTF', 'ERASMD.TTF', 'FELIXTI.TTF', 'fms_metadata.xml', 'FORTE.TTF', 'FRABK.TTF', 'FRABKIT.TTF', 'FRADM.TTF', 'FRADMCN.TTF', 'FRADMIT.TTF', 'FRAHV.TTF', 'FRAHVIT.TTF', 'framd.ttf', 'FRAMDCN.TTF', 'framdit.ttf', 'FREESCPT.TTF', 'FRSCRIPT.TTF', 'FTLTLT.TTF', 'FZSTK.TTF', 'FZYTK.TTF', 'Gabriola.ttf', 'gadugi.ttf', 'gadugib.ttf', 'GARA.TTF', 'GARABD.TTF', 'GARAIT.TTF', 'georgia.ttf', 'georgiab.ttf', 'georgiai.ttf', 'georgiaz.ttf', 'GIGI.TTF', 'GILBI___.TTF', 'GILB____.TTF', 'GILC____.TTF', 'GILI____.TTF', 'GILLUBCD.TTF', 'GILSANUB.TTF', 'GIL_____.TTF', 'GLECB.TTF', 'GlobalMonospace.CompositeFont', 'GlobalSansSerif.CompositeFont', 'GlobalSerif.CompositeFont', 'GlobalUserInterface.CompositeFont', 'GLSNECB.TTF', 'GOTHIC.TTF', 'GOTHICB.TTF', 'GOTHICBI.TTF', 'GOTHICI.TTF', 'GOUDOS.TTF', 'GOUDOSB.TTF', 'GOUDOSI.TTF', 'GOUDYSTO.TTF', 'h8514fix.fon', 'h8514oem.fon', 'h8514sys.fon', 'HARLOWSI.TTF', 'HARNGTON.TTF', 'HATTEN.TTF', 'HGB1X_CNKI.ttf', 'HGB1_CNKI.ttf', 'HGB2X_CNKI.ttf', 'HGB2_CNKI.ttf', 'HGB3X_CNKI.ttf', 'HGB3_CNKI.ttf', 'HGB4X_CNKI.ttf', 'HGB4_CNKI.ttf', 'HGB5X_CNKI.ttf', 'HGB5_CNKI.ttf', 'HGB6X_CNKI.ttf', 'HGB6_CNKI.ttf', 'HGB7X_CNKI.ttf', 'HGB7_CNKI.ttf', 'HGB8X_CNKI.ttf', 'HGB8_CNKI.ttf', 'HGBD_CNKI.ttf', 'HGBKBX_CNKI.ttf', 'HGBKB_CNKI.ttf', 'HGBKHX_CNKI.ttf', 'HGBKH_CNKI.ttf', 'HGBS1_CNKI.TTF', 'HGBS2_CNKI.TTF', 'HGBS_CNKI.TTF', 'HGBTH_CNKI.TTF', 'HGBTS_CNKI.TTF', 'HGBX_CNKI.ttf', 'HGBZ_CNKI.ttf', 'HGCH_CNKI.TTF', 'HGCUH_CNKI.TTF', 'HGCY_CNKI.TTF', 'HGDBS_CNKI.TTF', 'HGDGY_CNKI.TTF', 'HGDH2_CNKI.TTF', 'HGDH_CNKI.TTF', 'HGDYS_CNKI.TTF', 'HGDY_CNKI.ttf', 'HGF1X_CNKI.ttf', 'HGF1_CNKI.ttf', 'HGF2X_CNKI.ttf', 'HGF2_CNKI.ttf', 'HGF3_CNKI.ttf', 'HGF4X_CNKI.ttf', 'HGF4_CNKI.ttf', 'HGF5X_CNKI.ttf', 'HGF5_CNKI.ttf', 'HGF6X_CNKI.ttf', 'HGF6_CNKI.ttf', 'HGF7X_CNKI.ttf', 'HGF7_CNKI.ttf', 'HGF8_CNKI.ttf', 'HGF9X_CNKI.ttf', 'HGF9_CNKI.ttf', 'HGFS1_CNKI.TTF', 'HGFS2_CNKI.TTF', 'HGFSH_CNKI.TTF', 'HGFS_CNKI.TTF', 'HGFX_CNKI.ttf', 'HGFZ_CNKI.ttf', 'HGGG_CNKI.TTF', 'HGH1X_CNKI.ttf', 'HGH1_CNKI.ttf', 'HGH2X_CNKI.ttf', 'HGH2_CNKI.ttf', 'HGH3X_CNKI.ttf', 'HGH3_CNKI.ttf', 'HGH4X_CNKI.ttf', 'HGH4_CNKI.ttf', 'HGH5X_CNKI.ttf', 'HGH5_CNKI.ttf', 'HGH6X_CNKI.ttf', 'HGH6_CNKI.ttf', 'HGH7X_CNKI.ttf', 'HGH7_CNKI.ttf', 'HGHB_CNKI.TTF', 'HGHD_CNKI.ttf', 'HGHP_CNKI.TTF', 'HGHT1_CNKI.ttf', 'HGHT2_CNKI.ttf', 'HGHUATI_CNKI.ttf', 'HGHX_CNKI.ttf', 'HGHZ_CNKI.ttf', 'HGH_CNKI.TTF', 'HGKT1_CNKI.TTF', 'HGKT2_CNKI.TTF', 'HGKT_CNKI.TTF', 'HGKY_CNKI.ttf', 'HGLB_CNKI.TTF', 'HGLS_CNKI.TTF', 'HGMH_CNKI.TTF', 'HGNBS_CNKI.ttf', 'HGOCR_CNKI.ttf', 'HGPH_CNKI.TTF', 'HGPTY_CNKI.TTF', 'HGSS1_CNKI.TTF', 'HGSS2_CNKI.TTF', 'HGSS_CNKI.TTF', 'HGSXT_CNKI.ttf', 'HGTT_CNKI.ttf', 'HGTX_CNKI.TTF', 'HGWT_CNKI.TTF', 'HGWYS_CNKI.TTF', 'HGX1X_CNKI.ttf', 'HGX1_CNKI.ttf', 'HGXBS_CNKI.TTF', 'HGXC_CNKI.TTF', 'HGXF1_CNKI.ttf', 'HGXFX_CNKI.ttf', 'HGXFZ_CNKI.ttf', 'HGXH1_CNKI.TTF', 'HGXH_CNKI.TTF', 'HGXK_CNKI.TTF', 'HGXL_CNKI.TTF', 'HGXS_CNKI.TTF', 'HGXT_CNKI.ttf', 'HGXY_CNKI.ttf', 'HGY1_CNKI.TTF', 'HGY2_CNKI.TTF', 'HGY3_CNKI.TTF', 'HGY4_CNKI.TTF', 'HGYB_CNKI.ttf', 'HGYT1_CNKI.ttf', 'HGYT2_CNKI.ttf', 'HGYT_CNKI.TTF', 'HGYX_CNKI.TTF', 'HGZCS_CNKI.TTF', 'HGZDX_CNKI.TTF', 'HGZK_CNKI.TTF', 'HGZYT_CNKI.TTF', 'HGZY_CNKI.TTF', 'himalaya.ttf', 'holomdl2.ttf', 'HTOWERT.TTF', 'HTOWERTI.TTF', 'hvgafix.fon', 'hvgasys.fon', 'impact.ttf', 'IMPRISHA.TTF', 'INFROMAN.TTF', 'Inkfree.ttf', 'iqiyi_logov7.ttf', 'ITCBLKAD.TTF', 'ITCEDSCR.TTF', 'ITCKRIST.TTF', 'j8514fix.fon', 'j8514oem.fon', 'j8514sys.fon', 'javatext.ttf', 'JOKERMAN.TTF', 'jsmalle.fon', 'jsmallf.fon', 'JUICE___.TTF', 'jvgafix.fon', 'jvgasys.fon', 'KUNSTLER.TTF', 'LATINWD.TTF', 'LBRITE.TTF', 'LBRITED.TTF', 'LBRITEDI.TTF', 'LBRITEI.TTF', 'LCALLIG.TTF', 'LeelaUIb.ttf', 'LeelawUI.ttf', 'LeelUIsl.ttf', 'LFAX.TTF', 'LFAXD.TTF', 'LFAXDI.TTF', 'LFAXI.TTF', 'LHANDW.TTF', 'LSANS.TTF', 'LSANSD.TTF', 'LSANSDI.TTF', 'LSANSI.TTF', 'LTYPE.TTF', 'LTYPEB.TTF', 'LTYPEBO.TTF', 'LTYPEO.TTF', 'lucon.ttf', 'l_10646.ttf', 'MAGNETOB.TTF', 'MAIAN.TTF', 'malgun.ttf', 'malgunbd.ttf', 'malgunsl.ttf', 'marlett.ttf', 'MATURASC.TTF', 'micross.ttf', 'mingliub.ttc', 'MISTRAL.TTF', 'mmrtext.ttf', 'mmrtextb.ttf', 'MOD20.TTF', 'modern.fon', 'monbaiti.ttf', 'msgothic.ttc', 'msjh.ttc', 'msjhbd.ttc', 'msjhl.ttc', 'msyh.ttc', 'msyhbd.ttc', 'msyhl.ttc', 'msyi.ttf', 'MTCORSVA.TTF', 'MTEXTRA.TTF', 'mvboli.ttf', 'NIAGENG.TTF', 'NIAGSOL.TTF', 'Nirmala.ttf', 'NirmalaB.ttf', 'NirmalaS.ttf', 'ntailu.ttf', 'ntailub.ttf', 'NumberOnly.ttf', 'OCRAEXT.TTF', 'OLDENGL.TTF', 'ONYX.TTF', 'OUTLOOK.TTF', 'pala.ttf', 'palab.ttf', 'palabi.ttf', 'palai.ttf', 'PALSCRI.TTF', 'PAPYRUS.TTF', 'PARCHM.TTF', 'PERBI___.TTF', 'PERB____.TTF', 'PERI____.TTF', 'PERTIBD.TTF', 'PERTILI.TTF', 'PER_____.TTF', 'phagspa.ttf', 'phagspab.ttf', 'PLAYBILL.TTF', 'POORICH.TTF', 'PRISTINA.TTF', 'RAGE.TTF', 'RAVIE.TTF', 'REFSAN.TTF', 'REFSPCL.TTF', 'ROCCB___.TTF', 'ROCC____.TTF', 'ROCK.TTF', 'ROCKB.TTF', 'ROCKBI.TTF', 'ROCKEB.TTF', 'ROCKI.TTF', 'roman.fon', 's8514fix.fon', 's8514oem.fon', 's8514sys.fon', 'SCHLBKB.TTF', 'SCHLBKBI.TTF', 'SCHLBKI.TTF', 'script.fon', 'SCRIPTBL.TTF', 'segmdl2.ttf', 'SegoeIcons.ttf', 'segoepr.ttf', 'segoeprb.ttf', 'segoesc.ttf', 'segoescb.ttf', 'segoeui.ttf', 'segoeuib.ttf', 'segoeuii.ttf', 'segoeuil.ttf', 'segoeuisl.ttf', 'segoeuiz.ttf', 'seguibl.ttf', 'seguibli.ttf', 'seguiemj.ttf', 'seguihis.ttf', 'seguili.ttf', 'seguisb.ttf', 'seguisbi.ttf', 'seguisli.ttf', 'seguisym.ttf', 'SegUIVar.ttf', 'sere1255.fon', 'sere1256.fon', 'sere1257.fon', 'serf1255.fon', 'serf1256.fon', 'serf1257.fon', 'serife.fon', 'serifee.fon', 'serifeg.fon', 'serifer.fon', 'serifet.fon', 'seriff.fon', 'seriffe.fon', 'seriffg.fon', 'seriffr.fon', 'serifft.fon', 'SHOWG.TTF', 'simfang.ttf', 'simhei.ttf', 'simkai.ttf', 'SIMLI.TTF', 'simsun.ttc', 'simsunb.ttf', 'SIMYOU.TTF', 'SitkaVF-Italic.ttf', 'SitkaVF.ttf', 'smae1255.fon', 'smae1256.fon', 'smae1257.fon', 'smaf1255.fon', 'smaf1256.fon', 'smaf1257.fon', 'smalle.fon', 'smallee.fon', 'smalleg.fon', 'smaller.fon', 'smallet.fon', 'smallf.fon', 'smallfe.fon', 'smallfg.fon', 'smallfr.fon', 'smallft.fon', 'SNAP____.TTF', 'ssee1255.fon', 'ssee1256.fon', 'ssee1257.fon', 'ssee874.fon', 'ssef1255.fon', 'ssef1256.fon', 'ssef1257.fon', 'ssef874.fon', 'sserife.fon', 'sserifee.fon', 'sserifeg.fon', 'sserifer.fon', 'sserifet.fon', 'sseriff.fon', 'sseriffe.fon', 'sseriffg.fon', 'sseriffr.fon', 'sserifft.fon', 'StaticCache.dat', 'STCAIYUN.TTF', 'STENCIL.TTF', 'STFANGSO.TTF', 'STHUPO.TTF', 'STKAITI.TTF', 'STLITI.TTF', 'STSONG.TTF', 'STXIHEI.TTF', 'STXINGKA.TTF', 'STXINWEI.TTF', 'STZHONGS.TTF', 'svgafix.fon', 'svgasys.fon', 'sylfaen.ttf', 'symbol.ttf', 'tahoma.ttf', 'tahomabd.ttf', 'taile.ttf', 'taileb.ttf', 'TCBI____.TTF', 'TCB_____.TTF', 'TCCB____.TTF', 'TCCEB.TTF', 'TCCM____.TTF', 'TCMI____.TTF', 'TCM_____.TTF', 'TEMPSITC.TTF', 'times.ttf', 'timesbd.ttf', 'timesbi.ttf', 'timesi.ttf', 'trebuc.ttf', 'trebucbd.ttf', 'trebucbi.ttf', 'trebucit.ttf', 'verdana.ttf', 'verdanab.ttf', 'verdanai.ttf', 'verdanaz.ttf', 'vga737.fon', 'vga775.fon', 'vga850.fon', 'vga852.fon', 'vga855.fon', 'vga857.fon', 'vga860.fon', 'vga861.fon', 'vga863.fon', 'vga865.fon', 'vga866.fon', 'vga869.fon', 'vga932.fon', 'vga936.fon', 'vga949.fon', 'vga950.fon', 'vgaf1255.fon', 'vgaf1256.fon', 'vgaf1257.fon', 'vgaf874.fon', 'vgafix.fon', 'vgafixe.fon', 'vgafixg.fon', 'vgafixr.fon', 'vgafixt.fon', 'vgaoem.fon', 'vgas1255.fon', 'vgas1256.fon', 'vgas1257.fon', 'vgas874.fon', 'vgasys.fon', 'vgasyse.fon', 'vgasysg.fon', 'vgasysr.fon', 'vgasyst.fon', 'VINERITC.TTF', 'VIVALDII.TTF', 'VLADIMIR.TTF', 'webdings.ttf', 'wingding.ttf', 'WINGDNG2.TTF', 'WINGDNG3.TTF', 'YuGothB.ttc', 'YuGothL.ttc', 'YuGothM.ttc', 'YuGothR.ttc', '\u534e\u5eb7\u65b9\u5706\u4f53W7.TTC', '\u65b9\u6b63\u7c97\u9ed1\u5b8b\u7b80\u4f53.ttf']
2023-09-27 14:54:34,359 - INFO - all fonts installed:['8514fix.fon', '8514fixe.fon', '8514fixg.fon', '8514fixr.fon', '8514fixt.fon', '8514oem.fon', '8514oeme.fon', '8514oemg.fon', '8514oemr.fon', '8514oemt.fon', '8514sys.fon', '8514syse.fon', '8514sysg.fon', '8514sysr.fon', '8514syst.fon', '85775.fon', '85855.fon', '85f1255.fon', '85f1256.fon', '85f1257.fon', '85f874.fon', '85s1255.fon', '85s1256.fon', '85s1257.fon', '85s874.fon', 'AGENCYB.TTF', 'AGENCYR.TTF', 'ALGER.TTF', 'ANTQUAB.TTF', 'ANTQUABI.TTF', 'ANTQUAI.TTF', 'app775.fon', 'app850.fon', 'app852.fon', 'app855.fon', 'app857.fon', 'app866.fon', 'app932.fon', 'app936.fon', 'app949.fon', 'app950.fon', 'arial.ttf', 'arialbd.ttf', 'arialbi.ttf', 'ariali.ttf', 'ARIALN.TTF', 'ARIALNB.TTF', 'ARIALNBI.TTF', 'ARIALNI.TTF', 'ariblk.ttf', 'ARLRDBD.TTF', 'AxureHandwriting-Bold.otf', 'AxureHandwriting-BoldItalic.otf', 'AxureHandwriting-Italic.otf', 'AxureHandwriting.otf', 'bahnschrift.ttf', 'BASKVILL.TTF', 'BAUHS93.TTF', 'BELL.TTF', 'BELLB.TTF', 'BELLI.TTF', 'BERNHC.TTF', 'BKANT.TTF', 'BOD_B.TTF', 'BOD_BI.TTF', 'BOD_BLAI.TTF', 'BOD_BLAR.TTF', 'BOD_CB.TTF', 'BOD_CBI.TTF', 'BOD_CI.TTF', 'BOD_CR.TTF', 'BOD_I.TTF', 'BOD_PSTC.TTF', 'BOD_R.TTF', 'BOOKOS.TTF', 'BOOKOSB.TTF', 'BOOKOSBI.TTF', 'BOOKOSI.TTF', 'BRADHITC.TTF', 'BRITANIC.TTF', 'BRLNSB.TTF', 'BRLNSDB.TTF', 'BRLNSR.TTF', 'BROADW.TTF', 'BRUSHSCI.TTF', 'BSSYM7.TTF', 'c8514fix.fon', 'c8514oem.fon', 'c8514sys.fon', 'calibri.ttf', 'calibrib.ttf', 'calibrii.ttf', 'calibril.ttf', 'calibrili.ttf', 'calibriz.ttf', 'CALIFB.TTF', 'CALIFI.TTF', 'CALIFR.TTF', 'CALIST.TTF', 'CALISTB.TTF', 'CALISTBI.TTF', 'CALISTI.TTF', 'cambria.ttc', 'cambriab.ttf', 'cambriai.ttf', 'cambriaz.ttf', 'Candara.ttf', 'Candarab.ttf', 'Candarai.ttf', 'Candaral.ttf', 'Candarali.ttf', 'Candaraz.ttf', 'CascadiaCode.ttf', 'CascadiaMono.ttf', 'CASTELAR.TTF', 'CENSCBK.TTF', 'CENTAUR.TTF', 'CENTURY.TTF', 'cga40737.fon', 'cga40850.fon', 'cga40852.fon', 'cga40857.fon', 'cga40866.fon', 'cga40869.fon', 'cga40woa.fon', 'cga80737.fon', 'cga80850.fon', 'cga80852.fon', 'cga80857.fon', 'cga80866.fon', 'cga80869.fon', 'cga80woa.fon', 'CHILLER.TTF', 'COLONNA.TTF', 'comic.ttf', 'comicbd.ttf', 'comici.ttf', 'comicz.ttf', 'consola.ttf', 'consolab.ttf', 'consolai.ttf', 'consolaz.ttf', 'constan.ttf', 'constanb.ttf', 'constani.ttf', 'constanz.ttf', 'COOPBL.TTF', 'COPRGTB.TTF', 'COPRGTL.TTF', 'corbel.ttf', 'corbelb.ttf', 'corbeli.ttf', 'corbell.ttf', 'corbelli.ttf', 'corbelz.ttf', 'coue1255.fon', 'coue1256.fon', 'coue1257.fon', 'couf1255.fon', 'couf1256.fon', 'couf1257.fon', 'cour.ttf', 'courbd.ttf', 'courbi.ttf', 'coure.fon', 'couree.fon', 'coureg.fon', 'courer.fon', 'couret.fon', 'courf.fon', 'courfe.fon', 'courfg.fon', 'courfr.fon', 'courft.fon', 'couri.ttf', 'CURLZ___.TTF', 'cvgafix.fon', 'cvgasys.fon', 'Deng.ttf', 'Dengb.ttf', 'Dengl.ttf', 'desktop.ini', 'dos737.fon', 'dos869.fon', 'dosapp.fon', 'DUBAI-BOLD.TTF', 'DUBAI-LIGHT.TTF', 'DUBAI-MEDIUM.TTF', 'DUBAI-REGULAR.TTF', 'ebrima.ttf', 'ebrimabd.ttf', 'ega40737.fon', 'ega40850.fon', 'ega40852.fon', 'ega40857.fon', 'ega40866.fon', 'ega40869.fon', 'ega40woa.fon', 'ega80737.fon', 'ega80850.fon', 'ega80852.fon', 'ega80857.fon', 'ega80866.fon', 'ega80869.fon', 'ega80woa.fon', 'ELEPHNT.TTF', 'ELEPHNTI.TTF', 'ENGR.TTF', 'ERASBD.TTF', 'ERASDEMI.TTF', 'ERASLGHT.TTF', 'ERASMD.TTF', 'FELIXTI.TTF', 'fms_metadata.xml', 'FORTE.TTF', 'FRABK.TTF', 'FRABKIT.TTF', 'FRADM.TTF', 'FRADMCN.TTF', 'FRADMIT.TTF', 'FRAHV.TTF', 'FRAHVIT.TTF', 'framd.ttf', 'FRAMDCN.TTF', 'framdit.ttf', 'FREESCPT.TTF', 'FRSCRIPT.TTF', 'FTLTLT.TTF', 'FZSTK.TTF', 'FZYTK.TTF', 'Gabriola.ttf', 'gadugi.ttf', 'gadugib.ttf', 'GARA.TTF', 'GARABD.TTF', 'GARAIT.TTF', 'georgia.ttf', 'georgiab.ttf', 'georgiai.ttf', 'georgiaz.ttf', 'GIGI.TTF', 'GILBI___.TTF', 'GILB____.TTF', 'GILC____.TTF', 'GILI____.TTF', 'GILLUBCD.TTF', 'GILSANUB.TTF', 'GIL_____.TTF', 'GLECB.TTF', 'GlobalMonospace.CompositeFont', 'GlobalSansSerif.CompositeFont', 'GlobalSerif.CompositeFont', 'GlobalUserInterface.CompositeFont', 'GLSNECB.TTF', 'GOTHIC.TTF', 'GOTHICB.TTF', 'GOTHICBI.TTF', 'GOTHICI.TTF', 'GOUDOS.TTF', 'GOUDOSB.TTF', 'GOUDOSI.TTF', 'GOUDYSTO.TTF', 'h8514fix.fon', 'h8514oem.fon', 'h8514sys.fon', 'HARLOWSI.TTF', 'HARNGTON.TTF', 'HATTEN.TTF', 'HGB1X_CNKI.ttf', 'HGB1_CNKI.ttf', 'HGB2X_CNKI.ttf', 'HGB2_CNKI.ttf', 'HGB3X_CNKI.ttf', 'HGB3_CNKI.ttf', 'HGB4X_CNKI.ttf', 'HGB4_CNKI.ttf', 'HGB5X_CNKI.ttf', 'HGB5_CNKI.ttf', 'HGB6X_CNKI.ttf', 'HGB6_CNKI.ttf', 'HGB7X_CNKI.ttf', 'HGB7_CNKI.ttf', 'HGB8X_CNKI.ttf', 'HGB8_CNKI.ttf', 'HGBD_CNKI.ttf', 'HGBKBX_CNKI.ttf', 'HGBKB_CNKI.ttf', 'HGBKHX_CNKI.ttf', 'HGBKH_CNKI.ttf', 'HGBS1_CNKI.TTF', 'HGBS2_CNKI.TTF', 'HGBS_CNKI.TTF', 'HGBTH_CNKI.TTF', 'HGBTS_CNKI.TTF', 'HGBX_CNKI.ttf', 'HGBZ_CNKI.ttf', 'HGCH_CNKI.TTF', 'HGCUH_CNKI.TTF', 'HGCY_CNKI.TTF', 'HGDBS_CNKI.TTF', 'HGDGY_CNKI.TTF', 'HGDH2_CNKI.TTF', 'HGDH_CNKI.TTF', 'HGDYS_CNKI.TTF', 'HGDY_CNKI.ttf', 'HGF1X_CNKI.ttf', 'HGF1_CNKI.ttf', 'HGF2X_CNKI.ttf', 'HGF2_CNKI.ttf', 'HGF3_CNKI.ttf', 'HGF4X_CNKI.ttf', 'HGF4_CNKI.ttf', 'HGF5X_CNKI.ttf', 'HGF5_CNKI.ttf', 'HGF6X_CNKI.ttf', 'HGF6_CNKI.ttf', 'HGF7X_CNKI.ttf', 'HGF7_CNKI.ttf', 'HGF8_CNKI.ttf', 'HGF9X_CNKI.ttf', 'HGF9_CNKI.ttf', 'HGFS1_CNKI.TTF', 'HGFS2_CNKI.TTF', 'HGFSH_CNKI.TTF', 'HGFS_CNKI.TTF', 'HGFX_CNKI.ttf', 'HGFZ_CNKI.ttf', 'HGGG_CNKI.TTF', 'HGH1X_CNKI.ttf', 'HGH1_CNKI.ttf', 'HGH2X_CNKI.ttf', 'HGH2_CNKI.ttf', 'HGH3X_CNKI.ttf', 'HGH3_CNKI.ttf', 'HGH4X_CNKI.ttf', 'HGH4_CNKI.ttf', 'HGH5X_CNKI.ttf', 'HGH5_CNKI.ttf', 'HGH6X_CNKI.ttf', 'HGH6_CNKI.ttf', 'HGH7X_CNKI.ttf', 'HGH7_CNKI.ttf', 'HGHB_CNKI.TTF', 'HGHD_CNKI.ttf', 'HGHP_CNKI.TTF', 'HGHT1_CNKI.ttf', 'HGHT2_CNKI.ttf', 'HGHUATI_CNKI.ttf', 'HGHX_CNKI.ttf', 'HGHZ_CNKI.ttf', 'HGH_CNKI.TTF', 'HGKT1_CNKI.TTF', 'HGKT2_CNKI.TTF', 'HGKT_CNKI.TTF', 'HGKY_CNKI.ttf', 'HGLB_CNKI.TTF', 'HGLS_CNKI.TTF', 'HGMH_CNKI.TTF', 'HGNBS_CNKI.ttf', 'HGOCR_CNKI.ttf', 'HGPH_CNKI.TTF', 'HGPTY_CNKI.TTF', 'HGSS1_CNKI.TTF', 'HGSS2_CNKI.TTF', 'HGSS_CNKI.TTF', 'HGSXT_CNKI.ttf', 'HGTT_CNKI.ttf', 'HGTX_CNKI.TTF', 'HGWT_CNKI.TTF', 'HGWYS_CNKI.TTF', 'HGX1X_CNKI.ttf', 'HGX1_CNKI.ttf', 'HGXBS_CNKI.TTF', 'HGXC_CNKI.TTF', 'HGXF1_CNKI.ttf', 'HGXFX_CNKI.ttf', 'HGXFZ_CNKI.ttf', 'HGXH1_CNKI.TTF', 'HGXH_CNKI.TTF', 'HGXK_CNKI.TTF', 'HGXL_CNKI.TTF', 'HGXS_CNKI.TTF', 'HGXT_CNKI.ttf', 'HGXY_CNKI.ttf', 'HGY1_CNKI.TTF', 'HGY2_CNKI.TTF', 'HGY3_CNKI.TTF', 'HGY4_CNKI.TTF', 'HGYB_CNKI.ttf', 'HGYT1_CNKI.ttf', 'HGYT2_CNKI.ttf', 'HGYT_CNKI.TTF', 'HGYX_CNKI.TTF', 'HGZCS_CNKI.TTF', 'HGZDX_CNKI.TTF', 'HGZK_CNKI.TTF', 'HGZYT_CNKI.TTF', 'HGZY_CNKI.TTF', 'himalaya.ttf', 'holomdl2.ttf', 'HTOWERT.TTF', 'HTOWERTI.TTF', 'hvgafix.fon', 'hvgasys.fon', 'impact.ttf', 'IMPRISHA.TTF', 'INFROMAN.TTF', 'Inkfree.ttf', 'iqiyi_logov7.ttf', 'ITCBLKAD.TTF', 'ITCEDSCR.TTF', 'ITCKRIST.TTF', 'j8514fix.fon', 'j8514oem.fon', 'j8514sys.fon', 'javatext.ttf', 'JOKERMAN.TTF', 'jsmalle.fon', 'jsmallf.fon', 'JUICE___.TTF', 'jvgafix.fon', 'jvgasys.fon', 'KUNSTLER.TTF', 'LATINWD.TTF', 'LBRITE.TTF', 'LBRITED.TTF', 'LBRITEDI.TTF', 'LBRITEI.TTF', 'LCALLIG.TTF', 'LeelaUIb.ttf', 'LeelawUI.ttf', 'LeelUIsl.ttf', 'LFAX.TTF', 'LFAXD.TTF', 'LFAXDI.TTF', 'LFAXI.TTF', 'LHANDW.TTF', 'LSANS.TTF', 'LSANSD.TTF', 'LSANSDI.TTF', 'LSANSI.TTF', 'LTYPE.TTF', 'LTYPEB.TTF', 'LTYPEBO.TTF', 'LTYPEO.TTF', 'lucon.ttf', 'l_10646.ttf', 'MAGNETOB.TTF', 'MAIAN.TTF', 'malgun.ttf', 'malgunbd.ttf', 'malgunsl.ttf', 'marlett.ttf', 'MATURASC.TTF', 'micross.ttf', 'mingliub.ttc', 'MISTRAL.TTF', 'mmrtext.ttf', 'mmrtextb.ttf', 'MOD20.TTF', 'modern.fon', 'monbaiti.ttf', 'msgothic.ttc', 'msjh.ttc', 'msjhbd.ttc', 'msjhl.ttc', 'msyh.ttc', 'msyhbd.ttc', 'msyhl.ttc', 'msyi.ttf', 'MTCORSVA.TTF', 'MTEXTRA.TTF', 'mvboli.ttf', 'NIAGENG.TTF', 'NIAGSOL.TTF', 'Nirmala.ttf', 'NirmalaB.ttf', 'NirmalaS.ttf', 'ntailu.ttf', 'ntailub.ttf', 'NumberOnly.ttf', 'OCRAEXT.TTF', 'OLDENGL.TTF', 'ONYX.TTF', 'OUTLOOK.TTF', 'pala.ttf', 'palab.ttf', 'palabi.ttf', 'palai.ttf', 'PALSCRI.TTF', 'PAPYRUS.TTF', 'PARCHM.TTF', 'PERBI___.TTF', 'PERB____.TTF', 'PERI____.TTF', 'PERTIBD.TTF', 'PERTILI.TTF', 'PER_____.TTF', 'phagspa.ttf', 'phagspab.ttf', 'PLAYBILL.TTF', 'POORICH.TTF', 'PRISTINA.TTF', 'RAGE.TTF', 'RAVIE.TTF', 'REFSAN.TTF', 'REFSPCL.TTF', 'ROCCB___.TTF', 'ROCC____.TTF', 'ROCK.TTF', 'ROCKB.TTF', 'ROCKBI.TTF', 'ROCKEB.TTF', 'ROCKI.TTF', 'roman.fon', 's8514fix.fon', 's8514oem.fon', 's8514sys.fon', 'SCHLBKB.TTF', 'SCHLBKBI.TTF', 'SCHLBKI.TTF', 'script.fon', 'SCRIPTBL.TTF', 'segmdl2.ttf', 'SegoeIcons.ttf', 'segoepr.ttf', 'segoeprb.ttf', 'segoesc.ttf', 'segoescb.ttf', 'segoeui.ttf', 'segoeuib.ttf', 'segoeuii.ttf', 'segoeuil.ttf', 'segoeuisl.ttf', 'segoeuiz.ttf', 'seguibl.ttf', 'seguibli.ttf', 'seguiemj.ttf', 'seguihis.ttf', 'seguili.ttf', 'seguisb.ttf', 'seguisbi.ttf', 'seguisli.ttf', 'seguisym.ttf', 'SegUIVar.ttf', 'sere1255.fon', 'sere1256.fon', 'sere1257.fon', 'serf1255.fon', 'serf1256.fon', 'serf1257.fon', 'serife.fon', 'serifee.fon', 'serifeg.fon', 'serifer.fon', 'serifet.fon', 'seriff.fon', 'seriffe.fon', 'seriffg.fon', 'seriffr.fon', 'serifft.fon', 'SHOWG.TTF', 'simfang.ttf', 'simhei.ttf', 'simkai.ttf', 'SIMLI.TTF', 'simsun.ttc', 'simsunb.ttf', 'SIMYOU.TTF', 'SitkaVF-Italic.ttf', 'SitkaVF.ttf', 'smae1255.fon', 'smae1256.fon', 'smae1257.fon', 'smaf1255.fon', 'smaf1256.fon', 'smaf1257.fon', 'smalle.fon', 'smallee.fon', 'smalleg.fon', 'smaller.fon', 'smallet.fon', 'smallf.fon', 'smallfe.fon', 'smallfg.fon', 'smallfr.fon', 'smallft.fon', 'SNAP____.TTF', 'ssee1255.fon', 'ssee1256.fon', 'ssee1257.fon', 'ssee874.fon', 'ssef1255.fon', 'ssef1256.fon', 'ssef1257.fon', 'ssef874.fon', 'sserife.fon', 'sserifee.fon', 'sserifeg.fon', 'sserifer.fon', 'sserifet.fon', 'sseriff.fon', 'sseriffe.fon', 'sseriffg.fon', 'sseriffr.fon', 'sserifft.fon', 'StaticCache.dat', 'STCAIYUN.TTF', 'STENCIL.TTF', 'STFANGSO.TTF', 'STHUPO.TTF', 'STKAITI.TTF', 'STLITI.TTF', 'STSONG.TTF', 'STXIHEI.TTF', 'STXINGKA.TTF', 'STXINWEI.TTF', 'STZHONGS.TTF', 'svgafix.fon', 'svgasys.fon', 'sylfaen.ttf', 'symbol.ttf', 'tahoma.ttf', 'tahomabd.ttf', 'taile.ttf', 'taileb.ttf', 'TCBI____.TTF', 'TCB_____.TTF', 'TCCB____.TTF', 'TCCEB.TTF', 'TCCM____.TTF', 'TCMI____.TTF', 'TCM_____.TTF', 'TEMPSITC.TTF', 'times.ttf', 'timesbd.ttf', 'timesbi.ttf', 'timesi.ttf', 'trebuc.ttf', 'trebucbd.ttf', 'trebucbi.ttf', 'trebucit.ttf', 'verdana.ttf', 'verdanab.ttf', 'verdanai.ttf', 'verdanaz.ttf', 'vga737.fon', 'vga775.fon', 'vga850.fon', 'vga852.fon', 'vga855.fon', 'vga857.fon', 'vga860.fon', 'vga861.fon', 'vga863.fon', 'vga865.fon', 'vga866.fon', 'vga869.fon', 'vga932.fon', 'vga936.fon', 'vga949.fon', 'vga950.fon', 'vgaf1255.fon', 'vgaf1256.fon', 'vgaf1257.fon', 'vgaf874.fon', 'vgafix.fon', 'vgafixe.fon', 'vgafixg.fon', 'vgafixr.fon', 'vgafixt.fon', 'vgaoem.fon', 'vgas1255.fon', 'vgas1256.fon', 'vgas1257.fon', 'vgas874.fon', 'vgasys.fon', 'vgasyse.fon', 'vgasysg.fon', 'vgasysr.fon', 'vgasyst.fon', 'VINERITC.TTF', 'VIVALDII.TTF', 'VLADIMIR.TTF', 'webdings.ttf', 'wingding.ttf', 'WINGDNG2.TTF', 'WINGDNG3.TTF', 'YuGothB.ttc', 'YuGothL.ttc', 'YuGothM.ttc', 'YuGothR.ttc', '\u534e\u5eb7\u65b9\u5706\u4f53W7.TTC', '\u65b9\u6b63\u7c97\u9ed1\u5b8b\u7b80\u4f53.ttf']
2023-09-27 14:54:34,361 - INFO - all fonts installed:['8514fix.fon', '8514fixe.fon', '8514fixg.fon', '8514fixr.fon', '8514fixt.fon', '8514oem.fon', '8514oeme.fon', '8514oemg.fon', '8514oemr.fon', '8514oemt.fon', '8514sys.fon', '8514syse.fon', '8514sysg.fon', '8514sysr.fon', '8514syst.fon', '85775.fon', '85855.fon', '85f1255.fon', '85f1256.fon', '85f1257.fon', '85f874.fon', '85s1255.fon', '85s1256.fon', '85s1257.fon', '85s874.fon', 'AGENCYB.TTF', 'AGENCYR.TTF', 'ALGER.TTF', 'ANTQUAB.TTF', 'ANTQUABI.TTF', 'ANTQUAI.TTF', 'app775.fon', 'app850.fon', 'app852.fon', 'app855.fon', 'app857.fon', 'app866.fon', 'app932.fon', 'app936.fon', 'app949.fon', 'app950.fon', 'arial.ttf', 'arialbd.ttf', 'arialbi.ttf', 'ariali.ttf', 'ARIALN.TTF', 'ARIALNB.TTF', 'ARIALNBI.TTF', 'ARIALNI.TTF', 'ariblk.ttf', 'ARLRDBD.TTF', 'AxureHandwriting-Bold.otf', 'AxureHandwriting-BoldItalic.otf', 'AxureHandwriting-Italic.otf', 'AxureHandwriting.otf', 'bahnschrift.ttf', 'BASKVILL.TTF', 'BAUHS93.TTF', 'BELL.TTF', 'BELLB.TTF', 'BELLI.TTF', 'BERNHC.TTF', 'BKANT.TTF', 'BOD_B.TTF', 'BOD_BI.TTF', 'BOD_BLAI.TTF', 'BOD_BLAR.TTF', 'BOD_CB.TTF', 'BOD_CBI.TTF', 'BOD_CI.TTF', 'BOD_CR.TTF', 'BOD_I.TTF', 'BOD_PSTC.TTF', 'BOD_R.TTF', 'BOOKOS.TTF', 'BOOKOSB.TTF', 'BOOKOSBI.TTF', 'BOOKOSI.TTF', 'BRADHITC.TTF', 'BRITANIC.TTF', 'BRLNSB.TTF', 'BRLNSDB.TTF', 'BRLNSR.TTF', 'BROADW.TTF', 'BRUSHSCI.TTF', 'BSSYM7.TTF', 'c8514fix.fon', 'c8514oem.fon', 'c8514sys.fon', 'calibri.ttf', 'calibrib.ttf', 'calibrii.ttf', 'calibril.ttf', 'calibrili.ttf', 'calibriz.ttf', 'CALIFB.TTF', 'CALIFI.TTF', 'CALIFR.TTF', 'CALIST.TTF', 'CALISTB.TTF', 'CALISTBI.TTF', 'CALISTI.TTF', 'cambria.ttc', 'cambriab.ttf', 'cambriai.ttf', 'cambriaz.ttf', 'Candara.ttf', 'Candarab.ttf', 'Candarai.ttf', 'Candaral.ttf', 'Candarali.ttf', 'Candaraz.ttf', 'CascadiaCode.ttf', 'CascadiaMono.ttf', 'CASTELAR.TTF', 'CENSCBK.TTF', 'CENTAUR.TTF', 'CENTURY.TTF', 'cga40737.fon', 'cga40850.fon', 'cga40852.fon', 'cga40857.fon', 'cga40866.fon', 'cga40869.fon', 'cga40woa.fon', 'cga80737.fon', 'cga80850.fon', 'cga80852.fon', 'cga80857.fon', 'cga80866.fon', 'cga80869.fon', 'cga80woa.fon', 'CHILLER.TTF', 'COLONNA.TTF', 'comic.ttf', 'comicbd.ttf', 'comici.ttf', 'comicz.ttf', 'consola.ttf', 'consolab.ttf', 'consolai.ttf', 'consolaz.ttf', 'constan.ttf', 'constanb.ttf', 'constani.ttf', 'constanz.ttf', 'COOPBL.TTF', 'COPRGTB.TTF', 'COPRGTL.TTF', 'corbel.ttf', 'corbelb.ttf', 'corbeli.ttf', 'corbell.ttf', 'corbelli.ttf', 'corbelz.ttf', 'coue1255.fon', 'coue1256.fon', 'coue1257.fon', 'couf1255.fon', 'couf1256.fon', 'couf1257.fon', 'cour.ttf', 'courbd.ttf', 'courbi.ttf', 'coure.fon', 'couree.fon', 'coureg.fon', 'courer.fon', 'couret.fon', 'courf.fon', 'courfe.fon', 'courfg.fon', 'courfr.fon', 'courft.fon', 'couri.ttf', 'CURLZ___.TTF', 'cvgafix.fon', 'cvgasys.fon', 'Deng.ttf', 'Dengb.ttf', 'Dengl.ttf', 'desktop.ini', 'dos737.fon', 'dos869.fon', 'dosapp.fon', 'DUBAI-BOLD.TTF', 'DUBAI-LIGHT.TTF', 'DUBAI-MEDIUM.TTF', 'DUBAI-REGULAR.TTF', 'ebrima.ttf', 'ebrimabd.ttf', 'ega40737.fon', 'ega40850.fon', 'ega40852.fon', 'ega40857.fon', 'ega40866.fon', 'ega40869.fon', 'ega40woa.fon', 'ega80737.fon', 'ega80850.fon', 'ega80852.fon', 'ega80857.fon', 'ega80866.fon', 'ega80869.fon', 'ega80woa.fon', 'ELEPHNT.TTF', 'ELEPHNTI.TTF', 'ENGR.TTF', 'ERASBD.TTF', 'ERASDEMI.TTF', 'ERASLGHT.TTF', 'ERASMD.TTF', 'FELIXTI.TTF', 'fms_metadata.xml', 'FORTE.TTF', 'FRABK.TTF', 'FRABKIT.TTF', 'FRADM.TTF', 'FRADMCN.TTF', 'FRADMIT.TTF', 'FRAHV.TTF', 'FRAHVIT.TTF', 'framd.ttf', 'FRAMDCN.TTF', 'framdit.ttf', 'FREESCPT.TTF', 'FRSCRIPT.TTF', 'FTLTLT.TTF', 'FZSTK.TTF', 'FZYTK.TTF', 'Gabriola.ttf', 'gadugi.ttf', 'gadugib.ttf', 'GARA.TTF', 'GARABD.TTF', 'GARAIT.TTF', 'georgia.ttf', 'georgiab.ttf', 'georgiai.ttf', 'georgiaz.ttf', 'GIGI.TTF', 'GILBI___.TTF', 'GILB____.TTF', 'GILC____.TTF', 'GILI____.TTF', 'GILLUBCD.TTF', 'GILSANUB.TTF', 'GIL_____.TTF', 'GLECB.TTF', 'GlobalMonospace.CompositeFont', 'GlobalSansSerif.CompositeFont', 'GlobalSerif.CompositeFont', 'GlobalUserInterface.CompositeFont', 'GLSNECB.TTF', 'GOTHIC.TTF', 'GOTHICB.TTF', 'GOTHICBI.TTF', 'GOTHICI.TTF', 'GOUDOS.TTF', 'GOUDOSB.TTF', 'GOUDOSI.TTF', 'GOUDYSTO.TTF', 'h8514fix.fon', 'h8514oem.fon', 'h8514sys.fon', 'HARLOWSI.TTF', 'HARNGTON.TTF', 'HATTEN.TTF', 'HGB1X_CNKI.ttf', 'HGB1_CNKI.ttf', 'HGB2X_CNKI.ttf', 'HGB2_CNKI.ttf', 'HGB3X_CNKI.ttf', 'HGB3_CNKI.ttf', 'HGB4X_CNKI.ttf', 'HGB4_CNKI.ttf', 'HGB5X_CNKI.ttf', 'HGB5_CNKI.ttf', 'HGB6X_CNKI.ttf', 'HGB6_CNKI.ttf', 'HGB7X_CNKI.ttf', 'HGB7_CNKI.ttf', 'HGB8X_CNKI.ttf', 'HGB8_CNKI.ttf', 'HGBD_CNKI.ttf', 'HGBKBX_CNKI.ttf', 'HGBKB_CNKI.ttf', 'HGBKHX_CNKI.ttf', 'HGBKH_CNKI.ttf', 'HGBS1_CNKI.TTF', 'HGBS2_CNKI.TTF', 'HGBS_CNKI.TTF', 'HGBTH_CNKI.TTF', 'HGBTS_CNKI.TTF', 'HGBX_CNKI.ttf', 'HGBZ_CNKI.ttf', 'HGCH_CNKI.TTF', 'HGCUH_CNKI.TTF', 'HGCY_CNKI.TTF', 'HGDBS_CNKI.TTF', 'HGDGY_CNKI.TTF', 'HGDH2_CNKI.TTF', 'HGDH_CNKI.TTF', 'HGDYS_CNKI.TTF', 'HGDY_CNKI.ttf', 'HGF1X_CNKI.ttf', 'HGF1_CNKI.ttf', 'HGF2X_CNKI.ttf', 'HGF2_CNKI.ttf', 'HGF3_CNKI.ttf', 'HGF4X_CNKI.ttf', 'HGF4_CNKI.ttf', 'HGF5X_CNKI.ttf', 'HGF5_CNKI.ttf', 'HGF6X_CNKI.ttf', 'HGF6_CNKI.ttf', 'HGF7X_CNKI.ttf', 'HGF7_CNKI.ttf', 'HGF8_CNKI.ttf', 'HGF9X_CNKI.ttf', 'HGF9_CNKI.ttf', 'HGFS1_CNKI.TTF', 'HGFS2_CNKI.TTF', 'HGFSH_CNKI.TTF', 'HGFS_CNKI.TTF', 'HGFX_CNKI.ttf', 'HGFZ_CNKI.ttf', 'HGGG_CNKI.TTF', 'HGH1X_CNKI.ttf', 'HGH1_CNKI.ttf', 'HGH2X_CNKI.ttf', 'HGH2_CNKI.ttf', 'HGH3X_CNKI.ttf', 'HGH3_CNKI.ttf', 'HGH4X_CNKI.ttf', 'HGH4_CNKI.ttf', 'HGH5X_CNKI.ttf', 'HGH5_CNKI.ttf', 'HGH6X_CNKI.ttf', 'HGH6_CNKI.ttf', 'HGH7X_CNKI.ttf', 'HGH7_CNKI.ttf', 'HGHB_CNKI.TTF', 'HGHD_CNKI.ttf', 'HGHP_CNKI.TTF', 'HGHT1_CNKI.ttf', 'HGHT2_CNKI.ttf', 'HGHUATI_CNKI.ttf', 'HGHX_CNKI.ttf', 'HGHZ_CNKI.ttf', 'HGH_CNKI.TTF', 'HGKT1_CNKI.TTF', 'HGKT2_CNKI.TTF', 'HGKT_CNKI.TTF', 'HGKY_CNKI.ttf', 'HGLB_CNKI.TTF', 'HGLS_CNKI.TTF', 'HGMH_CNKI.TTF', 'HGNBS_CNKI.ttf', 'HGOCR_CNKI.ttf', 'HGPH_CNKI.TTF', 'HGPTY_CNKI.TTF', 'HGSS1_CNKI.TTF', 'HGSS2_CNKI.TTF', 'HGSS_CNKI.TTF', 'HGSXT_CNKI.ttf', 'HGTT_CNKI.ttf', 'HGTX_CNKI.TTF', 'HGWT_CNKI.TTF', 'HGWYS_CNKI.TTF', 'HGX1X_CNKI.ttf', 'HGX1_CNKI.ttf', 'HGXBS_CNKI.TTF', 'HGXC_CNKI.TTF', 'HGXF1_CNKI.ttf', 'HGXFX_CNKI.ttf', 'HGXFZ_CNKI.ttf', 'HGXH1_CNKI.TTF', 'HGXH_CNKI.TTF', 'HGXK_CNKI.TTF', 'HGXL_CNKI.TTF', 'HGXS_CNKI.TTF', 'HGXT_CNKI.ttf', 'HGXY_CNKI.ttf', 'HGY1_CNKI.TTF', 'HGY2_CNKI.TTF', 'HGY3_CNKI.TTF', 'HGY4_CNKI.TTF', 'HGYB_CNKI.ttf', 'HGYT1_CNKI.ttf', 'HGYT2_CNKI.ttf', 'HGYT_CNKI.TTF', 'HGYX_CNKI.TTF', 'HGZCS_CNKI.TTF', 'HGZDX_CNKI.TTF', 'HGZK_CNKI.TTF', 'HGZYT_CNKI.TTF', 'HGZY_CNKI.TTF', 'himalaya.ttf', 'holomdl2.ttf', 'HTOWERT.TTF', 'HTOWERTI.TTF', 'hvgafix.fon', 'hvgasys.fon', 'impact.ttf', 'IMPRISHA.TTF', 'INFROMAN.TTF', 'Inkfree.ttf', 'iqiyi_logov7.ttf', 'ITCBLKAD.TTF', 'ITCEDSCR.TTF', 'ITCKRIST.TTF', 'j8514fix.fon', 'j8514oem.fon', 'j8514sys.fon', 'javatext.ttf', 'JOKERMAN.TTF', 'jsmalle.fon', 'jsmallf.fon', 'JUICE___.TTF', 'jvgafix.fon', 'jvgasys.fon', 'KUNSTLER.TTF', 'LATINWD.TTF', 'LBRITE.TTF', 'LBRITED.TTF', 'LBRITEDI.TTF', 'LBRITEI.TTF', 'LCALLIG.TTF', 'LeelaUIb.ttf', 'LeelawUI.ttf', 'LeelUIsl.ttf', 'LFAX.TTF', 'LFAXD.TTF', 'LFAXDI.TTF', 'LFAXI.TTF', 'LHANDW.TTF', 'LSANS.TTF', 'LSANSD.TTF', 'LSANSDI.TTF', 'LSANSI.TTF', 'LTYPE.TTF', 'LTYPEB.TTF', 'LTYPEBO.TTF', 'LTYPEO.TTF', 'lucon.ttf', 'l_10646.ttf', 'MAGNETOB.TTF', 'MAIAN.TTF', 'malgun.ttf', 'malgunbd.ttf', 'malgunsl.ttf', 'marlett.ttf', 'MATURASC.TTF', 'micross.ttf', 'mingliub.ttc', 'MISTRAL.TTF', 'mmrtext.ttf', 'mmrtextb.ttf', 'MOD20.TTF', 'modern.fon', 'monbaiti.ttf', 'msgothic.ttc', 'msjh.ttc', 'msjhbd.ttc', 'msjhl.ttc', 'msyh.ttc', 'msyhbd.ttc', 'msyhl.ttc', 'msyi.ttf', 'MTCORSVA.TTF', 'MTEXTRA.TTF', 'mvboli.ttf', 'NIAGENG.TTF', 'NIAGSOL.TTF', 'Nirmala.ttf', 'NirmalaB.ttf', 'NirmalaS.ttf', 'ntailu.ttf', 'ntailub.ttf', 'NumberOnly.ttf', 'OCRAEXT.TTF', 'OLDENGL.TTF', 'ONYX.TTF', 'OUTLOOK.TTF', 'pala.ttf', 'palab.ttf', 'palabi.ttf', 'palai.ttf', 'PALSCRI.TTF', 'PAPYRUS.TTF', 'PARCHM.TTF', 'PERBI___.TTF', 'PERB____.TTF', 'PERI____.TTF', 'PERTIBD.TTF', 'PERTILI.TTF', 'PER_____.TTF', 'phagspa.ttf', 'phagspab.ttf', 'PLAYBILL.TTF', 'POORICH.TTF', 'PRISTINA.TTF', 'RAGE.TTF', 'RAVIE.TTF', 'REFSAN.TTF', 'REFSPCL.TTF', 'ROCCB___.TTF', 'ROCC____.TTF', 'ROCK.TTF', 'ROCKB.TTF', 'ROCKBI.TTF', 'ROCKEB.TTF', 'ROCKI.TTF', 'roman.fon', 's8514fix.fon', 's8514oem.fon', 's8514sys.fon', 'SCHLBKB.TTF', 'SCHLBKBI.TTF', 'SCHLBKI.TTF', 'script.fon', 'SCRIPTBL.TTF', 'segmdl2.ttf', 'SegoeIcons.ttf', 'segoepr.ttf', 'segoeprb.ttf', 'segoesc.ttf', 'segoescb.ttf', 'segoeui.ttf', 'segoeuib.ttf', 'segoeuii.ttf', 'segoeuil.ttf', 'segoeuisl.ttf', 'segoeuiz.ttf', 'seguibl.ttf', 'seguibli.ttf', 'seguiemj.ttf', 'seguihis.ttf', 'seguili.ttf', 'seguisb.ttf', 'seguisbi.ttf', 'seguisli.ttf', 'seguisym.ttf', 'SegUIVar.ttf', 'sere1255.fon', 'sere1256.fon', 'sere1257.fon', 'serf1255.fon', 'serf1256.fon', 'serf1257.fon', 'serife.fon', 'serifee.fon', 'serifeg.fon', 'serifer.fon', 'serifet.fon', 'seriff.fon', 'seriffe.fon', 'seriffg.fon', 'seriffr.fon', 'serifft.fon', 'SHOWG.TTF', 'simfang.ttf', 'simhei.ttf', 'simkai.ttf', 'SIMLI.TTF', 'simsun.ttc', 'simsunb.ttf', 'SIMYOU.TTF', 'SitkaVF-Italic.ttf', 'SitkaVF.ttf', 'smae1255.fon', 'smae1256.fon', 'smae1257.fon', 'smaf1255.fon', 'smaf1256.fon', 'smaf1257.fon', 'smalle.fon', 'smallee.fon', 'smalleg.fon', 'smaller.fon', 'smallet.fon', 'smallf.fon', 'smallfe.fon', 'smallfg.fon', 'smallfr.fon', 'smallft.fon', 'SNAP____.TTF', 'ssee1255.fon', 'ssee1256.fon', 'ssee1257.fon', 'ssee874.fon', 'ssef1255.fon', 'ssef1256.fon', 'ssef1257.fon', 'ssef874.fon', 'sserife.fon', 'sserifee.fon', 'sserifeg.fon', 'sserifer.fon', 'sserifet.fon', 'sseriff.fon', 'sseriffe.fon', 'sseriffg.fon', 'sseriffr.fon', 'sserifft.fon', 'StaticCache.dat', 'STCAIYUN.TTF', 'STENCIL.TTF', 'STFANGSO.TTF', 'STHUPO.TTF', 'STKAITI.TTF', 'STLITI.TTF', 'STSONG.TTF', 'STXIHEI.TTF', 'STXINGKA.TTF', 'STXINWEI.TTF', 'STZHONGS.TTF', 'svgafix.fon', 'svgasys.fon', 'sylfaen.ttf', 'symbol.ttf', 'tahoma.ttf', 'tahomabd.ttf', 'taile.ttf', 'taileb.ttf', 'TCBI____.TTF', 'TCB_____.TTF', 'TCCB____.TTF', 'TCCEB.TTF', 'TCCM____.TTF', 'TCMI____.TTF', 'TCM_____.TTF', 'TEMPSITC.TTF', 'times.ttf', 'timesbd.ttf', 'timesbi.ttf', 'timesi.ttf', 'trebuc.ttf', 'trebucbd.ttf', 'trebucbi.ttf', 'trebucit.ttf', 'verdana.ttf', 'verdanab.ttf', 'verdanai.ttf', 'verdanaz.ttf', 'vga737.fon', 'vga775.fon', 'vga850.fon', 'vga852.fon', 'vga855.fon', 'vga857.fon', 'vga860.fon', 'vga861.fon', 'vga863.fon', 'vga865.fon', 'vga866.fon', 'vga869.fon', 'vga932.fon', 'vga936.fon', 'vga949.fon', 'vga950.fon', 'vgaf1255.fon', 'vgaf1256.fon', 'vgaf1257.fon', 'vgaf874.fon', 'vgafix.fon', 'vgafixe.fon', 'vgafixg.fon', 'vgafixr.fon', 'vgafixt.fon', 'vgaoem.fon', 'vgas1255.fon', 'vgas1256.fon', 'vgas1257.fon', 'vgas874.fon', 'vgasys.fon', 'vgasyse.fon', 'vgasysg.fon', 'vgasysr.fon', 'vgasyst.fon', 'VINERITC.TTF', 'VIVALDII.TTF', 'VLADIMIR.TTF', 'webdings.ttf', 'wingding.ttf', 'WINGDNG2.TTF', 'WINGDNG3.TTF', 'YuGothB.ttc', 'YuGothL.ttc', 'YuGothM.ttc', 'YuGothR.ttc', '\u534e\u5eb7\u65b9\u5706\u4f53W7.TTC', '\u65b9\u6b63\u7c97\u9ed1\u5b8b\u7b80\u4f53.ttf']
2023-09-27 14:58:16,913 - INFO - start to load thumbnail gen setting json from::D:/Download/audio-visual/saas/tiktoka/tiktoka-studio-uploader-genius/tests/videos/horizon/template (9).json
2023-09-27 14:58:16,914 - INFO - start to validate template
2023-09-27 14:58:16,918 - INFO - validate thumbnail gen template passed
2023-09-27 14:58:16,918 - INFO - start to validate metadata for thumbgen setting
2023-09-27 14:58:16,918 - ERROR - this thumb template json can not be loaded and parsed,check the error msg:
File D:/Download/audio-visual/saas/tiktoka/tiktoka-studio-uploader-genius/tests/videos/horizon\videos-meta.json does not exist
2023-09-27 14:58:16,918 - INFO - start to validate bg folder
2023-09-27 14:58:16,919 - INFO - bg folder image list :['D:/Download/audio-visual/saas/tiktoka/tiktoka-studio-uploader-genius/assets/bgs/1920x1080\\bg1.jpg', 'D:/Download/audio-visual/saas/tiktoka/tiktoka-studio-uploader-genius/assets/bgs/1920x1080\\bg2.jpg']
2023-09-27 14:58:16,919 - INFO - {'video_local_path': 'D:/Download/audio-visual/saas/tiktoka/tiktoka-studio-uploader-genius/tests/videos/horizon\\OP.mp4', 'video_filename': 'OP.mp4', 'video_title': 'OP', 'heading': '', 'subheading': '', 'extraheading': '', 'video_description': '', 'thumbnail_bg_image_path': 'D:/Download/audio-visual/saas/tiktoka/tiktoka-studio-uploader-genius/assets/bgs/1920x1080\\bg2.jpg', 'thumbnail_local_path': ['D:/Download/audio-visual/saas/tiktoka/tiktoka-studio-uploader-genius/tests/videos/horizon\\OP.png'], 'release_date': '', 'release_date_hour': '10:15', 'is_not_for_kid': True, 'categories': '', 'comments_ratings_policy': 1, 'is_age_restriction': False, 'is_paid_promotion': False, 'is_automatic_chapters': True, 'is_featured_place': True, 'video_language': '', 'captions_certification': 0, 'video_film_date': '', 'video_film_location': '', 'license_type': 0, 'is_allow_embedding': True, 'is_publish_to_subscriptions_feed_notify': True, 'shorts_remixing_type': 0, 'is_show_howmany_likes': True, 'is_monetization_allowed': True, 'first_comment': '', 'subtitles': '', 'tags': ''} has got thumbnail setup:['D:/Download/audio-visual/saas/tiktoka/tiktoka-studio-uploader-genius/tests/videos/horizon\\OP.png']
2023-09-27 14:58:16,919 - INFO - validate bg folder passed
2023-09-27 14:59:05,746 - INFO - detecting----------True
2023-09-27 14:59:05,747 - INFO - we cached 353740256000 seconds before for  this folder D:/Download/audio-visual/saas/tiktoka/tiktoka-studio-uploader-genius/tests/videos/horizon
2023-09-27 14:59:05,748 - INFO - we found same filename diff ext video:OP,please rename or remove
2023-09-27 14:59:36,326 - INFO - start to load thumbnail gen setting json from::D:/Download/audio-visual/saas/tiktoka/tiktoka-studio-uploader-genius/tests/videos/horizon/template (9).json
2023-09-27 14:59:36,326 - INFO - start to validate template
2023-09-27 14:59:36,330 - INFO - validate thumbnail gen template passed
2023-09-27 14:59:36,330 - INFO - start to validate metadata for thumbgen setting
2023-09-27 14:59:36,339 - INFO - start to check ['heading', 'subheading', 'extraheading'] defined in template
2023-09-27 14:59:36,340 - INFO - heading value is \u723d\u723d\u723d\u723d\u723d\u723d\u723d\u723d\u723d in entry OP.
2023-09-27 14:59:36,340 - INFO - subheading value is \u7a81\u7a81\u7a81\u7a81\u7a81\u7a81\u7a81\u7a81\u7a81\u7a81\u7a81\u7a81 in entry OP.
2023-09-27 14:59:36,340 - INFO - extraheading value is \u60fa\u60fa\u60dc\u60fa\u60fa\u60fa\u60fa\u76f8\u60dc\u4e0b in entry OP.
2023-09-27 14:59:36,340 - INFO - validate metadata for thumbgen setting passed
2023-09-27 14:59:36,340 - INFO - start to update user submited metafile to video assets
2023-09-27 14:59:36,340 - WARNING - You are running on win32, potentially without locks. Consider setting shared_lock=True
2023-09-27 14:59:36,341 - INFO - update user submited metafile to video assets passed
2023-09-27 14:59:36,341 - INFO - start to validate bg folder
2023-09-27 14:59:36,341 - INFO - bg folder image list :['D:/Download/audio-visual/saas/tiktoka/tiktoka-studio-uploader-genius/assets/bgs/1920x1080\\bg1.jpg', 'D:/Download/audio-visual/saas/tiktoka/tiktoka-studio-uploader-genius/assets/bgs/1920x1080\\bg2.jpg']
2023-09-27 14:59:36,341 - INFO - {'captions_certification': 0, 'categories': '', 'comments_ratings_policy': 1, 'extraheading': '\u60fa\u60fa\u60dc\u60fa\u60fa\u60fa\u60fa\u76f8\u60dc\u4e0b', 'first_comment': '', 'heading': '\u723d\u723d\u723d\u723d\u723d\u723d\u723d\u723d\u723d', 'is_age_restriction': False, 'is_allow_embedding': True, 'is_automatic_chapters': True, 'is_featured_place': True, 'is_monetization_allowed': True, 'is_not_for_kid': True, 'is_paid_promotion': False, 'is_publish_to_subscriptions_feed_notify': True, 'is_show_howmany_likes': True, 'license_type': 0, 'release_date': '', 'release_date_hour': '10:15', 'shorts_remixing_type': 0, 'subheading': '\u7a81\u7a81\u7a81\u7a81\u7a81\u7a81\u7a81\u7a81\u7a81\u7a81\u7a81\u7a81', 'subtitles': '', 'tags': '', 'thumbnail_bg_image_path': 'D:/Download/audio-visual/saas/tiktoka/tiktoka-studio-uploader-genius/assets/bgs/1920x1080\\bg2.jpg', 'thumbnail_local_path': ['D:/Download/audio-visual/saas/tiktoka/tiktoka-studio-uploader-genius/tests/videos/horizon\\OP.png'], 'video_description': '', 'video_filename': 'OP.mp4', 'video_film_date': '', 'video_film_location': '', 'video_language': '', 'video_local_path': 'D:/Download/audio-visual/saas/tiktoka/tiktoka-studio-uploader-genius/tests/videos/horizon\\OP.mp4', 'video_title': 'OP'} has got thumbnail setup:['D:/Download/audio-visual/saas/tiktoka/tiktoka-studio-uploader-genius/tests/videos/horizon\\OP.png']
2023-09-27 14:59:36,341 - INFO - validate bg folder passed
2023-09-27 14:59:36,383 - INFO - all fonts installed:['8514fix.fon', '8514fixe.fon', '8514fixg.fon', '8514fixr.fon', '8514fixt.fon', '8514oem.fon', '8514oeme.fon', '8514oemg.fon', '8514oemr.fon', '8514oemt.fon', '8514sys.fon', '8514syse.fon', '8514sysg.fon', '8514sysr.fon', '8514syst.fon', '85775.fon', '85855.fon', '85f1255.fon', '85f1256.fon', '85f1257.fon', '85f874.fon', '85s1255.fon', '85s1256.fon', '85s1257.fon', '85s874.fon', 'AGENCYB.TTF', 'AGENCYR.TTF', 'ALGER.TTF', 'ANTQUAB.TTF', 'ANTQUABI.TTF', 'ANTQUAI.TTF', 'app775.fon', 'app850.fon', 'app852.fon', 'app855.fon', 'app857.fon', 'app866.fon', 'app932.fon', 'app936.fon', 'app949.fon', 'app950.fon', 'arial.ttf', 'arialbd.ttf', 'arialbi.ttf', 'ariali.ttf', 'ARIALN.TTF', 'ARIALNB.TTF', 'ARIALNBI.TTF', 'ARIALNI.TTF', 'ariblk.ttf', 'ARLRDBD.TTF', 'AxureHandwriting-Bold.otf', 'AxureHandwriting-BoldItalic.otf', 'AxureHandwriting-Italic.otf', 'AxureHandwriting.otf', 'bahnschrift.ttf', 'BASKVILL.TTF', 'BAUHS93.TTF', 'BELL.TTF', 'BELLB.TTF', 'BELLI.TTF', 'BERNHC.TTF', 'BKANT.TTF', 'BOD_B.TTF', 'BOD_BI.TTF', 'BOD_BLAI.TTF', 'BOD_BLAR.TTF', 'BOD_CB.TTF', 'BOD_CBI.TTF', 'BOD_CI.TTF', 'BOD_CR.TTF', 'BOD_I.TTF', 'BOD_PSTC.TTF', 'BOD_R.TTF', 'BOOKOS.TTF', 'BOOKOSB.TTF', 'BOOKOSBI.TTF', 'BOOKOSI.TTF', 'BRADHITC.TTF', 'BRITANIC.TTF', 'BRLNSB.TTF', 'BRLNSDB.TTF', 'BRLNSR.TTF', 'BROADW.TTF', 'BRUSHSCI.TTF', 'BSSYM7.TTF', 'c8514fix.fon', 'c8514oem.fon', 'c8514sys.fon', 'calibri.ttf', 'calibrib.ttf', 'calibrii.ttf', 'calibril.ttf', 'calibrili.ttf', 'calibriz.ttf', 'CALIFB.TTF', 'CALIFI.TTF', 'CALIFR.TTF', 'CALIST.TTF', 'CALISTB.TTF', 'CALISTBI.TTF', 'CALISTI.TTF', 'cambria.ttc', 'cambriab.ttf', 'cambriai.ttf', 'cambriaz.ttf', 'Candara.ttf', 'Candarab.ttf', 'Candarai.ttf', 'Candaral.ttf', 'Candarali.ttf', 'Candaraz.ttf', 'CascadiaCode.ttf', 'CascadiaMono.ttf', 'CASTELAR.TTF', 'CENSCBK.TTF', 'CENTAUR.TTF', 'CENTURY.TTF', 'cga40737.fon', 'cga40850.fon', 'cga40852.fon', 'cga40857.fon', 'cga40866.fon', 'cga40869.fon', 'cga40woa.fon', 'cga80737.fon', 'cga80850.fon', 'cga80852.fon', 'cga80857.fon', 'cga80866.fon', 'cga80869.fon', 'cga80woa.fon', 'CHILLER.TTF', 'COLONNA.TTF', 'comic.ttf', 'comicbd.ttf', 'comici.ttf', 'comicz.ttf', 'consola.ttf', 'consolab.ttf', 'consolai.ttf', 'consolaz.ttf', 'constan.ttf', 'constanb.ttf', 'constani.ttf', 'constanz.ttf', 'COOPBL.TTF', 'COPRGTB.TTF', 'COPRGTL.TTF', 'corbel.ttf', 'corbelb.ttf', 'corbeli.ttf', 'corbell.ttf', 'corbelli.ttf', 'corbelz.ttf', 'coue1255.fon', 'coue1256.fon', 'coue1257.fon', 'couf1255.fon', 'couf1256.fon', 'couf1257.fon', 'cour.ttf', 'courbd.ttf', 'courbi.ttf', 'coure.fon', 'couree.fon', 'coureg.fon', 'courer.fon', 'couret.fon', 'courf.fon', 'courfe.fon', 'courfg.fon', 'courfr.fon', 'courft.fon', 'couri.ttf', 'CURLZ___.TTF', 'cvgafix.fon', 'cvgasys.fon', 'Deng.ttf', 'Dengb.ttf', 'Dengl.ttf', 'desktop.ini', 'dos737.fon', 'dos869.fon', 'dosapp.fon', 'DUBAI-BOLD.TTF', 'DUBAI-LIGHT.TTF', 'DUBAI-MEDIUM.TTF', 'DUBAI-REGULAR.TTF', 'ebrima.ttf', 'ebrimabd.ttf', 'ega40737.fon', 'ega40850.fon', 'ega40852.fon', 'ega40857.fon', 'ega40866.fon', 'ega40869.fon', 'ega40woa.fon', 'ega80737.fon', 'ega80850.fon', 'ega80852.fon', 'ega80857.fon', 'ega80866.fon', 'ega80869.fon', 'ega80woa.fon', 'ELEPHNT.TTF', 'ELEPHNTI.TTF', 'ENGR.TTF', 'ERASBD.TTF', 'ERASDEMI.TTF', 'ERASLGHT.TTF', 'ERASMD.TTF', 'FELIXTI.TTF', 'fms_metadata.xml', 'FORTE.TTF', 'FRABK.TTF', 'FRABKIT.TTF', 'FRADM.TTF', 'FRADMCN.TTF', 'FRADMIT.TTF', 'FRAHV.TTF', 'FRAHVIT.TTF', 'framd.ttf', 'FRAMDCN.TTF', 'framdit.ttf', 'FREESCPT.TTF', 'FRSCRIPT.TTF', 'FTLTLT.TTF', 'FZSTK.TTF', 'FZYTK.TTF', 'Gabriola.ttf', 'gadugi.ttf', 'gadugib.ttf', 'GARA.TTF', 'GARABD.TTF', 'GARAIT.TTF', 'georgia.ttf', 'georgiab.ttf', 'georgiai.ttf', 'georgiaz.ttf', 'GIGI.TTF', 'GILBI___.TTF', 'GILB____.TTF', 'GILC____.TTF', 'GILI____.TTF', 'GILLUBCD.TTF', 'GILSANUB.TTF', 'GIL_____.TTF', 'GLECB.TTF', 'GlobalMonospace.CompositeFont', 'GlobalSansSerif.CompositeFont', 'GlobalSerif.CompositeFont', 'GlobalUserInterface.CompositeFont', 'GLSNECB.TTF', 'GOTHIC.TTF', 'GOTHICB.TTF', 'GOTHICBI.TTF', 'GOTHICI.TTF', 'GOUDOS.TTF', 'GOUDOSB.TTF', 'GOUDOSI.TTF', 'GOUDYSTO.TTF', 'h8514fix.fon', 'h8514oem.fon', 'h8514sys.fon', 'HARLOWSI.TTF', 'HARNGTON.TTF', 'HATTEN.TTF', 'HGB1X_CNKI.ttf', 'HGB1_CNKI.ttf', 'HGB2X_CNKI.ttf', 'HGB2_CNKI.ttf', 'HGB3X_CNKI.ttf', 'HGB3_CNKI.ttf', 'HGB4X_CNKI.ttf', 'HGB4_CNKI.ttf', 'HGB5X_CNKI.ttf', 'HGB5_CNKI.ttf', 'HGB6X_CNKI.ttf', 'HGB6_CNKI.ttf', 'HGB7X_CNKI.ttf', 'HGB7_CNKI.ttf', 'HGB8X_CNKI.ttf', 'HGB8_CNKI.ttf', 'HGBD_CNKI.ttf', 'HGBKBX_CNKI.ttf', 'HGBKB_CNKI.ttf', 'HGBKHX_CNKI.ttf', 'HGBKH_CNKI.ttf', 'HGBS1_CNKI.TTF', 'HGBS2_CNKI.TTF', 'HGBS_CNKI.TTF', 'HGBTH_CNKI.TTF', 'HGBTS_CNKI.TTF', 'HGBX_CNKI.ttf', 'HGBZ_CNKI.ttf', 'HGCH_CNKI.TTF', 'HGCUH_CNKI.TTF', 'HGCY_CNKI.TTF', 'HGDBS_CNKI.TTF', 'HGDGY_CNKI.TTF', 'HGDH2_CNKI.TTF', 'HGDH_CNKI.TTF', 'HGDYS_CNKI.TTF', 'HGDY_CNKI.ttf', 'HGF1X_CNKI.ttf', 'HGF1_CNKI.ttf', 'HGF2X_CNKI.ttf', 'HGF2_CNKI.ttf', 'HGF3_CNKI.ttf', 'HGF4X_CNKI.ttf', 'HGF4_CNKI.ttf', 'HGF5X_CNKI.ttf', 'HGF5_CNKI.ttf', 'HGF6X_CNKI.ttf', 'HGF6_CNKI.ttf', 'HGF7X_CNKI.ttf', 'HGF7_CNKI.ttf', 'HGF8_CNKI.ttf', 'HGF9X_CNKI.ttf', 'HGF9_CNKI.ttf', 'HGFS1_CNKI.TTF', 'HGFS2_CNKI.TTF', 'HGFSH_CNKI.TTF', 'HGFS_CNKI.TTF', 'HGFX_CNKI.ttf', 'HGFZ_CNKI.ttf', 'HGGG_CNKI.TTF', 'HGH1X_CNKI.ttf', 'HGH1_CNKI.ttf', 'HGH2X_CNKI.ttf', 'HGH2_CNKI.ttf', 'HGH3X_CNKI.ttf', 'HGH3_CNKI.ttf', 'HGH4X_CNKI.ttf', 'HGH4_CNKI.ttf', 'HGH5X_CNKI.ttf', 'HGH5_CNKI.ttf', 'HGH6X_CNKI.ttf', 'HGH6_CNKI.ttf', 'HGH7X_CNKI.ttf', 'HGH7_CNKI.ttf', 'HGHB_CNKI.TTF', 'HGHD_CNKI.ttf', 'HGHP_CNKI.TTF', 'HGHT1_CNKI.ttf', 'HGHT2_CNKI.ttf', 'HGHUATI_CNKI.ttf', 'HGHX_CNKI.ttf', 'HGHZ_CNKI.ttf', 'HGH_CNKI.TTF', 'HGKT1_CNKI.TTF', 'HGKT2_CNKI.TTF', 'HGKT_CNKI.TTF', 'HGKY_CNKI.ttf', 'HGLB_CNKI.TTF', 'HGLS_CNKI.TTF', 'HGMH_CNKI.TTF', 'HGNBS_CNKI.ttf', 'HGOCR_CNKI.ttf', 'HGPH_CNKI.TTF', 'HGPTY_CNKI.TTF', 'HGSS1_CNKI.TTF', 'HGSS2_CNKI.TTF', 'HGSS_CNKI.TTF', 'HGSXT_CNKI.ttf', 'HGTT_CNKI.ttf', 'HGTX_CNKI.TTF', 'HGWT_CNKI.TTF', 'HGWYS_CNKI.TTF', 'HGX1X_CNKI.ttf', 'HGX1_CNKI.ttf', 'HGXBS_CNKI.TTF', 'HGXC_CNKI.TTF', 'HGXF1_CNKI.ttf', 'HGXFX_CNKI.ttf', 'HGXFZ_CNKI.ttf', 'HGXH1_CNKI.TTF', 'HGXH_CNKI.TTF', 'HGXK_CNKI.TTF', 'HGXL_CNKI.TTF', 'HGXS_CNKI.TTF', 'HGXT_CNKI.ttf', 'HGXY_CNKI.ttf', 'HGY1_CNKI.TTF', 'HGY2_CNKI.TTF', 'HGY3_CNKI.TTF', 'HGY4_CNKI.TTF', 'HGYB_CNKI.ttf', 'HGYT1_CNKI.ttf', 'HGYT2_CNKI.ttf', 'HGYT_CNKI.TTF', 'HGYX_CNKI.TTF', 'HGZCS_CNKI.TTF', 'HGZDX_CNKI.TTF', 'HGZK_CNKI.TTF', 'HGZYT_CNKI.TTF', 'HGZY_CNKI.TTF', 'himalaya.ttf', 'holomdl2.ttf', 'HTOWERT.TTF', 'HTOWERTI.TTF', 'hvgafix.fon', 'hvgasys.fon', 'impact.ttf', 'IMPRISHA.TTF', 'INFROMAN.TTF', 'Inkfree.ttf', 'iqiyi_logov7.ttf', 'ITCBLKAD.TTF', 'ITCEDSCR.TTF', 'ITCKRIST.TTF', 'j8514fix.fon', 'j8514oem.fon', 'j8514sys.fon', 'javatext.ttf', 'JOKERMAN.TTF', 'jsmalle.fon', 'jsmallf.fon', 'JUICE___.TTF', 'jvgafix.fon', 'jvgasys.fon', 'KUNSTLER.TTF', 'LATINWD.TTF', 'LBRITE.TTF', 'LBRITED.TTF', 'LBRITEDI.TTF', 'LBRITEI.TTF', 'LCALLIG.TTF', 'LeelaUIb.ttf', 'LeelawUI.ttf', 'LeelUIsl.ttf', 'LFAX.TTF', 'LFAXD.TTF', 'LFAXDI.TTF', 'LFAXI.TTF', 'LHANDW.TTF', 'LSANS.TTF', 'LSANSD.TTF', 'LSANSDI.TTF', 'LSANSI.TTF', 'LTYPE.TTF', 'LTYPEB.TTF', 'LTYPEBO.TTF', 'LTYPEO.TTF', 'lucon.ttf', 'l_10646.ttf', 'MAGNETOB.TTF', 'MAIAN.TTF', 'malgun.ttf', 'malgunbd.ttf', 'malgunsl.ttf', 'marlett.ttf', 'MATURASC.TTF', 'micross.ttf', 'mingliub.ttc', 'MISTRAL.TTF', 'mmrtext.ttf', 'mmrtextb.ttf', 'MOD20.TTF', 'modern.fon', 'monbaiti.ttf', 'msgothic.ttc', 'msjh.ttc', 'msjhbd.ttc', 'msjhl.ttc', 'msyh.ttc', 'msyhbd.ttc', 'msyhl.ttc', 'msyi.ttf', 'MTCORSVA.TTF', 'MTEXTRA.TTF', 'mvboli.ttf', 'NIAGENG.TTF', 'NIAGSOL.TTF', 'Nirmala.ttf', 'NirmalaB.ttf', 'NirmalaS.ttf', 'ntailu.ttf', 'ntailub.ttf', 'NumberOnly.ttf', 'OCRAEXT.TTF', 'OLDENGL.TTF', 'ONYX.TTF', 'OUTLOOK.TTF', 'pala.ttf', 'palab.ttf', 'palabi.ttf', 'palai.ttf', 'PALSCRI.TTF', 'PAPYRUS.TTF', 'PARCHM.TTF', 'PERBI___.TTF', 'PERB____.TTF', 'PERI____.TTF', 'PERTIBD.TTF', 'PERTILI.TTF', 'PER_____.TTF', 'phagspa.ttf', 'phagspab.ttf', 'PLAYBILL.TTF', 'POORICH.TTF', 'PRISTINA.TTF', 'RAGE.TTF', 'RAVIE.TTF', 'REFSAN.TTF', 'REFSPCL.TTF', 'ROCCB___.TTF', 'ROCC____.TTF', 'ROCK.TTF', 'ROCKB.TTF', 'ROCKBI.TTF', 'ROCKEB.TTF', 'ROCKI.TTF', 'roman.fon', 's8514fix.fon', 's8514oem.fon', 's8514sys.fon', 'SCHLBKB.TTF', 'SCHLBKBI.TTF', 'SCHLBKI.TTF', 'script.fon', 'SCRIPTBL.TTF', 'segmdl2.ttf', 'SegoeIcons.ttf', 'segoepr.ttf', 'segoeprb.ttf', 'segoesc.ttf', 'segoescb.ttf', 'segoeui.ttf', 'segoeuib.ttf', 'segoeuii.ttf', 'segoeuil.ttf', 'segoeuisl.ttf', 'segoeuiz.ttf', 'seguibl.ttf', 'seguibli.ttf', 'seguiemj.ttf', 'seguihis.ttf', 'seguili.ttf', 'seguisb.ttf', 'seguisbi.ttf', 'seguisli.ttf', 'seguisym.ttf', 'SegUIVar.ttf', 'sere1255.fon', 'sere1256.fon', 'sere1257.fon', 'serf1255.fon', 'serf1256.fon', 'serf1257.fon', 'serife.fon', 'serifee.fon', 'serifeg.fon', 'serifer.fon', 'serifet.fon', 'seriff.fon', 'seriffe.fon', 'seriffg.fon', 'seriffr.fon', 'serifft.fon', 'SHOWG.TTF', 'simfang.ttf', 'simhei.ttf', 'simkai.ttf', 'SIMLI.TTF', 'simsun.ttc', 'simsunb.ttf', 'SIMYOU.TTF', 'SitkaVF-Italic.ttf', 'SitkaVF.ttf', 'smae1255.fon', 'smae1256.fon', 'smae1257.fon', 'smaf1255.fon', 'smaf1256.fon', 'smaf1257.fon', 'smalle.fon', 'smallee.fon', 'smalleg.fon', 'smaller.fon', 'smallet.fon', 'smallf.fon', 'smallfe.fon', 'smallfg.fon', 'smallfr.fon', 'smallft.fon', 'SNAP____.TTF', 'ssee1255.fon', 'ssee1256.fon', 'ssee1257.fon', 'ssee874.fon', 'ssef1255.fon', 'ssef1256.fon', 'ssef1257.fon', 'ssef874.fon', 'sserife.fon', 'sserifee.fon', 'sserifeg.fon', 'sserifer.fon', 'sserifet.fon', 'sseriff.fon', 'sseriffe.fon', 'sseriffg.fon', 'sseriffr.fon', 'sserifft.fon', 'StaticCache.dat', 'STCAIYUN.TTF', 'STENCIL.TTF', 'STFANGSO.TTF', 'STHUPO.TTF', 'STKAITI.TTF', 'STLITI.TTF', 'STSONG.TTF', 'STXIHEI.TTF', 'STXINGKA.TTF', 'STXINWEI.TTF', 'STZHONGS.TTF', 'svgafix.fon', 'svgasys.fon', 'sylfaen.ttf', 'symbol.ttf', 'tahoma.ttf', 'tahomabd.ttf', 'taile.ttf', 'taileb.ttf', 'TCBI____.TTF', 'TCB_____.TTF', 'TCCB____.TTF', 'TCCEB.TTF', 'TCCM____.TTF', 'TCMI____.TTF', 'TCM_____.TTF', 'TEMPSITC.TTF', 'times.ttf', 'timesbd.ttf', 'timesbi.ttf', 'timesi.ttf', 'trebuc.ttf', 'trebucbd.ttf', 'trebucbi.ttf', 'trebucit.ttf', 'verdana.ttf', 'verdanab.ttf', 'verdanai.ttf', 'verdanaz.ttf', 'vga737.fon', 'vga775.fon', 'vga850.fon', 'vga852.fon', 'vga855.fon', 'vga857.fon', 'vga860.fon', 'vga861.fon', 'vga863.fon', 'vga865.fon', 'vga866.fon', 'vga869.fon', 'vga932.fon', 'vga936.fon', 'vga949.fon', 'vga950.fon', 'vgaf1255.fon', 'vgaf1256.fon', 'vgaf1257.fon', 'vgaf874.fon', 'vgafix.fon', 'vgafixe.fon', 'vgafixg.fon', 'vgafixr.fon', 'vgafixt.fon', 'vgaoem.fon', 'vgas1255.fon', 'vgas1256.fon', 'vgas1257.fon', 'vgas874.fon', 'vgasys.fon', 'vgasyse.fon', 'vgasysg.fon', 'vgasysr.fon', 'vgasyst.fon', 'VINERITC.TTF', 'VIVALDII.TTF', 'VLADIMIR.TTF', 'webdings.ttf', 'wingding.ttf', 'WINGDNG2.TTF', 'WINGDNG3.TTF', 'YuGothB.ttc', 'YuGothL.ttc', 'YuGothM.ttc', 'YuGothR.ttc', '\u534e\u5eb7\u65b9\u5706\u4f53W7.TTC', '\u65b9\u6b63\u7c97\u9ed1\u5b8b\u7b80\u4f53.ttf']
2023-09-27 14:59:36,392 - INFO - all fonts installed:['8514fix.fon', '8514fixe.fon', '8514fixg.fon', '8514fixr.fon', '8514fixt.fon', '8514oem.fon', '8514oeme.fon', '8514oemg.fon', '8514oemr.fon', '8514oemt.fon', '8514sys.fon', '8514syse.fon', '8514sysg.fon', '8514sysr.fon', '8514syst.fon', '85775.fon', '85855.fon', '85f1255.fon', '85f1256.fon', '85f1257.fon', '85f874.fon', '85s1255.fon', '85s1256.fon', '85s1257.fon', '85s874.fon', 'AGENCYB.TTF', 'AGENCYR.TTF', 'ALGER.TTF', 'ANTQUAB.TTF', 'ANTQUABI.TTF', 'ANTQUAI.TTF', 'app775.fon', 'app850.fon', 'app852.fon', 'app855.fon', 'app857.fon', 'app866.fon', 'app932.fon', 'app936.fon', 'app949.fon', 'app950.fon', 'arial.ttf', 'arialbd.ttf', 'arialbi.ttf', 'ariali.ttf', 'ARIALN.TTF', 'ARIALNB.TTF', 'ARIALNBI.TTF', 'ARIALNI.TTF', 'ariblk.ttf', 'ARLRDBD.TTF', 'AxureHandwriting-Bold.otf', 'AxureHandwriting-BoldItalic.otf', 'AxureHandwriting-Italic.otf', 'AxureHandwriting.otf', 'bahnschrift.ttf', 'BASKVILL.TTF', 'BAUHS93.TTF', 'BELL.TTF', 'BELLB.TTF', 'BELLI.TTF', 'BERNHC.TTF', 'BKANT.TTF', 'BOD_B.TTF', 'BOD_BI.TTF', 'BOD_BLAI.TTF', 'BOD_BLAR.TTF', 'BOD_CB.TTF', 'BOD_CBI.TTF', 'BOD_CI.TTF', 'BOD_CR.TTF', 'BOD_I.TTF', 'BOD_PSTC.TTF', 'BOD_R.TTF', 'BOOKOS.TTF', 'BOOKOSB.TTF', 'BOOKOSBI.TTF', 'BOOKOSI.TTF', 'BRADHITC.TTF', 'BRITANIC.TTF', 'BRLNSB.TTF', 'BRLNSDB.TTF', 'BRLNSR.TTF', 'BROADW.TTF', 'BRUSHSCI.TTF', 'BSSYM7.TTF', 'c8514fix.fon', 'c8514oem.fon', 'c8514sys.fon', 'calibri.ttf', 'calibrib.ttf', 'calibrii.ttf', 'calibril.ttf', 'calibrili.ttf', 'calibriz.ttf', 'CALIFB.TTF', 'CALIFI.TTF', 'CALIFR.TTF', 'CALIST.TTF', 'CALISTB.TTF', 'CALISTBI.TTF', 'CALISTI.TTF', 'cambria.ttc', 'cambriab.ttf', 'cambriai.ttf', 'cambriaz.ttf', 'Candara.ttf', 'Candarab.ttf', 'Candarai.ttf', 'Candaral.ttf', 'Candarali.ttf', 'Candaraz.ttf', 'CascadiaCode.ttf', 'CascadiaMono.ttf', 'CASTELAR.TTF', 'CENSCBK.TTF', 'CENTAUR.TTF', 'CENTURY.TTF', 'cga40737.fon', 'cga40850.fon', 'cga40852.fon', 'cga40857.fon', 'cga40866.fon', 'cga40869.fon', 'cga40woa.fon', 'cga80737.fon', 'cga80850.fon', 'cga80852.fon', 'cga80857.fon', 'cga80866.fon', 'cga80869.fon', 'cga80woa.fon', 'CHILLER.TTF', 'COLONNA.TTF', 'comic.ttf', 'comicbd.ttf', 'comici.ttf', 'comicz.ttf', 'consola.ttf', 'consolab.ttf', 'consolai.ttf', 'consolaz.ttf', 'constan.ttf', 'constanb.ttf', 'constani.ttf', 'constanz.ttf', 'COOPBL.TTF', 'COPRGTB.TTF', 'COPRGTL.TTF', 'corbel.ttf', 'corbelb.ttf', 'corbeli.ttf', 'corbell.ttf', 'corbelli.ttf', 'corbelz.ttf', 'coue1255.fon', 'coue1256.fon', 'coue1257.fon', 'couf1255.fon', 'couf1256.fon', 'couf1257.fon', 'cour.ttf', 'courbd.ttf', 'courbi.ttf', 'coure.fon', 'couree.fon', 'coureg.fon', 'courer.fon', 'couret.fon', 'courf.fon', 'courfe.fon', 'courfg.fon', 'courfr.fon', 'courft.fon', 'couri.ttf', 'CURLZ___.TTF', 'cvgafix.fon', 'cvgasys.fon', 'Deng.ttf', 'Dengb.ttf', 'Dengl.ttf', 'desktop.ini', 'dos737.fon', 'dos869.fon', 'dosapp.fon', 'DUBAI-BOLD.TTF', 'DUBAI-LIGHT.TTF', 'DUBAI-MEDIUM.TTF', 'DUBAI-REGULAR.TTF', 'ebrima.ttf', 'ebrimabd.ttf', 'ega40737.fon', 'ega40850.fon', 'ega40852.fon', 'ega40857.fon', 'ega40866.fon', 'ega40869.fon', 'ega40woa.fon', 'ega80737.fon', 'ega80850.fon', 'ega80852.fon', 'ega80857.fon', 'ega80866.fon', 'ega80869.fon', 'ega80woa.fon', 'ELEPHNT.TTF', 'ELEPHNTI.TTF', 'ENGR.TTF', 'ERASBD.TTF', 'ERASDEMI.TTF', 'ERASLGHT.TTF', 'ERASMD.TTF', 'FELIXTI.TTF', 'fms_metadata.xml', 'FORTE.TTF', 'FRABK.TTF', 'FRABKIT.TTF', 'FRADM.TTF', 'FRADMCN.TTF', 'FRADMIT.TTF', 'FRAHV.TTF', 'FRAHVIT.TTF', 'framd.ttf', 'FRAMDCN.TTF', 'framdit.ttf', 'FREESCPT.TTF', 'FRSCRIPT.TTF', 'FTLTLT.TTF', 'FZSTK.TTF', 'FZYTK.TTF', 'Gabriola.ttf', 'gadugi.ttf', 'gadugib.ttf', 'GARA.TTF', 'GARABD.TTF', 'GARAIT.TTF', 'georgia.ttf', 'georgiab.ttf', 'georgiai.ttf', 'georgiaz.ttf', 'GIGI.TTF', 'GILBI___.TTF', 'GILB____.TTF', 'GILC____.TTF', 'GILI____.TTF', 'GILLUBCD.TTF', 'GILSANUB.TTF', 'GIL_____.TTF', 'GLECB.TTF', 'GlobalMonospace.CompositeFont', 'GlobalSansSerif.CompositeFont', 'GlobalSerif.CompositeFont', 'GlobalUserInterface.CompositeFont', 'GLSNECB.TTF', 'GOTHIC.TTF', 'GOTHICB.TTF', 'GOTHICBI.TTF', 'GOTHICI.TTF', 'GOUDOS.TTF', 'GOUDOSB.TTF', 'GOUDOSI.TTF', 'GOUDYSTO.TTF', 'h8514fix.fon', 'h8514oem.fon', 'h8514sys.fon', 'HARLOWSI.TTF', 'HARNGTON.TTF', 'HATTEN.TTF', 'HGB1X_CNKI.ttf', 'HGB1_CNKI.ttf', 'HGB2X_CNKI.ttf', 'HGB2_CNKI.ttf', 'HGB3X_CNKI.ttf', 'HGB3_CNKI.ttf', 'HGB4X_CNKI.ttf', 'HGB4_CNKI.ttf', 'HGB5X_CNKI.ttf', 'HGB5_CNKI.ttf', 'HGB6X_CNKI.ttf', 'HGB6_CNKI.ttf', 'HGB7X_CNKI.ttf', 'HGB7_CNKI.ttf', 'HGB8X_CNKI.ttf', 'HGB8_CNKI.ttf', 'HGBD_CNKI.ttf', 'HGBKBX_CNKI.ttf', 'HGBKB_CNKI.ttf', 'HGBKHX_CNKI.ttf', 'HGBKH_CNKI.ttf', 'HGBS1_CNKI.TTF', 'HGBS2_CNKI.TTF', 'HGBS_CNKI.TTF', 'HGBTH_CNKI.TTF', 'HGBTS_CNKI.TTF', 'HGBX_CNKI.ttf', 'HGBZ_CNKI.ttf', 'HGCH_CNKI.TTF', 'HGCUH_CNKI.TTF', 'HGCY_CNKI.TTF', 'HGDBS_CNKI.TTF', 'HGDGY_CNKI.TTF', 'HGDH2_CNKI.TTF', 'HGDH_CNKI.TTF', 'HGDYS_CNKI.TTF', 'HGDY_CNKI.ttf', 'HGF1X_CNKI.ttf', 'HGF1_CNKI.ttf', 'HGF2X_CNKI.ttf', 'HGF2_CNKI.ttf', 'HGF3_CNKI.ttf', 'HGF4X_CNKI.ttf', 'HGF4_CNKI.ttf', 'HGF5X_CNKI.ttf', 'HGF5_CNKI.ttf', 'HGF6X_CNKI.ttf', 'HGF6_CNKI.ttf', 'HGF7X_CNKI.ttf', 'HGF7_CNKI.ttf', 'HGF8_CNKI.ttf', 'HGF9X_CNKI.ttf', 'HGF9_CNKI.ttf', 'HGFS1_CNKI.TTF', 'HGFS2_CNKI.TTF', 'HGFSH_CNKI.TTF', 'HGFS_CNKI.TTF', 'HGFX_CNKI.ttf', 'HGFZ_CNKI.ttf', 'HGGG_CNKI.TTF', 'HGH1X_CNKI.ttf', 'HGH1_CNKI.ttf', 'HGH2X_CNKI.ttf', 'HGH2_CNKI.ttf', 'HGH3X_CNKI.ttf', 'HGH3_CNKI.ttf', 'HGH4X_CNKI.ttf', 'HGH4_CNKI.ttf', 'HGH5X_CNKI.ttf', 'HGH5_CNKI.ttf', 'HGH6X_CNKI.ttf', 'HGH6_CNKI.ttf', 'HGH7X_CNKI.ttf', 'HGH7_CNKI.ttf', 'HGHB_CNKI.TTF', 'HGHD_CNKI.ttf', 'HGHP_CNKI.TTF', 'HGHT1_CNKI.ttf', 'HGHT2_CNKI.ttf', 'HGHUATI_CNKI.ttf', 'HGHX_CNKI.ttf', 'HGHZ_CNKI.ttf', 'HGH_CNKI.TTF', 'HGKT1_CNKI.TTF', 'HGKT2_CNKI.TTF', 'HGKT_CNKI.TTF', 'HGKY_CNKI.ttf', 'HGLB_CNKI.TTF', 'HGLS_CNKI.TTF', 'HGMH_CNKI.TTF', 'HGNBS_CNKI.ttf', 'HGOCR_CNKI.ttf', 'HGPH_CNKI.TTF', 'HGPTY_CNKI.TTF', 'HGSS1_CNKI.TTF', 'HGSS2_CNKI.TTF', 'HGSS_CNKI.TTF', 'HGSXT_CNKI.ttf', 'HGTT_CNKI.ttf', 'HGTX_CNKI.TTF', 'HGWT_CNKI.TTF', 'HGWYS_CNKI.TTF', 'HGX1X_CNKI.ttf', 'HGX1_CNKI.ttf', 'HGXBS_CNKI.TTF', 'HGXC_CNKI.TTF', 'HGXF1_CNKI.ttf', 'HGXFX_CNKI.ttf', 'HGXFZ_CNKI.ttf', 'HGXH1_CNKI.TTF', 'HGXH_CNKI.TTF', 'HGXK_CNKI.TTF', 'HGXL_CNKI.TTF', 'HGXS_CNKI.TTF', 'HGXT_CNKI.ttf', 'HGXY_CNKI.ttf', 'HGY1_CNKI.TTF', 'HGY2_CNKI.TTF', 'HGY3_CNKI.TTF', 'HGY4_CNKI.TTF', 'HGYB_CNKI.ttf', 'HGYT1_CNKI.ttf', 'HGYT2_CNKI.ttf', 'HGYT_CNKI.TTF', 'HGYX_CNKI.TTF', 'HGZCS_CNKI.TTF', 'HGZDX_CNKI.TTF', 'HGZK_CNKI.TTF', 'HGZYT_CNKI.TTF', 'HGZY_CNKI.TTF', 'himalaya.ttf', 'holomdl2.ttf', 'HTOWERT.TTF', 'HTOWERTI.TTF', 'hvgafix.fon', 'hvgasys.fon', 'impact.ttf', 'IMPRISHA.TTF', 'INFROMAN.TTF', 'Inkfree.ttf', 'iqiyi_logov7.ttf', 'ITCBLKAD.TTF', 'ITCEDSCR.TTF', 'ITCKRIST.TTF', 'j8514fix.fon', 'j8514oem.fon', 'j8514sys.fon', 'javatext.ttf', 'JOKERMAN.TTF', 'jsmalle.fon', 'jsmallf.fon', 'JUICE___.TTF', 'jvgafix.fon', 'jvgasys.fon', 'KUNSTLER.TTF', 'LATINWD.TTF', 'LBRITE.TTF', 'LBRITED.TTF', 'LBRITEDI.TTF', 'LBRITEI.TTF', 'LCALLIG.TTF', 'LeelaUIb.ttf', 'LeelawUI.ttf', 'LeelUIsl.ttf', 'LFAX.TTF', 'LFAXD.TTF', 'LFAXDI.TTF', 'LFAXI.TTF', 'LHANDW.TTF', 'LSANS.TTF', 'LSANSD.TTF', 'LSANSDI.TTF', 'LSANSI.TTF', 'LTYPE.TTF', 'LTYPEB.TTF', 'LTYPEBO.TTF', 'LTYPEO.TTF', 'lucon.ttf', 'l_10646.ttf', 'MAGNETOB.TTF', 'MAIAN.TTF', 'malgun.ttf', 'malgunbd.ttf', 'malgunsl.ttf', 'marlett.ttf', 'MATURASC.TTF', 'micross.ttf', 'mingliub.ttc', 'MISTRAL.TTF', 'mmrtext.ttf', 'mmrtextb.ttf', 'MOD20.TTF', 'modern.fon', 'monbaiti.ttf', 'msgothic.ttc', 'msjh.ttc', 'msjhbd.ttc', 'msjhl.ttc', 'msyh.ttc', 'msyhbd.ttc', 'msyhl.ttc', 'msyi.ttf', 'MTCORSVA.TTF', 'MTEXTRA.TTF', 'mvboli.ttf', 'NIAGENG.TTF', 'NIAGSOL.TTF', 'Nirmala.ttf', 'NirmalaB.ttf', 'NirmalaS.ttf', 'ntailu.ttf', 'ntailub.ttf', 'NumberOnly.ttf', 'OCRAEXT.TTF', 'OLDENGL.TTF', 'ONYX.TTF', 'OUTLOOK.TTF', 'pala.ttf', 'palab.ttf', 'palabi.ttf', 'palai.ttf', 'PALSCRI.TTF', 'PAPYRUS.TTF', 'PARCHM.TTF', 'PERBI___.TTF', 'PERB____.TTF', 'PERI____.TTF', 'PERTIBD.TTF', 'PERTILI.TTF', 'PER_____.TTF', 'phagspa.ttf', 'phagspab.ttf', 'PLAYBILL.TTF', 'POORICH.TTF', 'PRISTINA.TTF', 'RAGE.TTF', 'RAVIE.TTF', 'REFSAN.TTF', 'REFSPCL.TTF', 'ROCCB___.TTF', 'ROCC____.TTF', 'ROCK.TTF', 'ROCKB.TTF', 'ROCKBI.TTF', 'ROCKEB.TTF', 'ROCKI.TTF', 'roman.fon', 's8514fix.fon', 's8514oem.fon', 's8514sys.fon', 'SCHLBKB.TTF', 'SCHLBKBI.TTF', 'SCHLBKI.TTF', 'script.fon', 'SCRIPTBL.TTF', 'segmdl2.ttf', 'SegoeIcons.ttf', 'segoepr.ttf', 'segoeprb.ttf', 'segoesc.ttf', 'segoescb.ttf', 'segoeui.ttf', 'segoeuib.ttf', 'segoeuii.ttf', 'segoeuil.ttf', 'segoeuisl.ttf', 'segoeuiz.ttf', 'seguibl.ttf', 'seguibli.ttf', 'seguiemj.ttf', 'seguihis.ttf', 'seguili.ttf', 'seguisb.ttf', 'seguisbi.ttf', 'seguisli.ttf', 'seguisym.ttf', 'SegUIVar.ttf', 'sere1255.fon', 'sere1256.fon', 'sere1257.fon', 'serf1255.fon', 'serf1256.fon', 'serf1257.fon', 'serife.fon', 'serifee.fon', 'serifeg.fon', 'serifer.fon', 'serifet.fon', 'seriff.fon', 'seriffe.fon', 'seriffg.fon', 'seriffr.fon', 'serifft.fon', 'SHOWG.TTF', 'simfang.ttf', 'simhei.ttf', 'simkai.ttf', 'SIMLI.TTF', 'simsun.ttc', 'simsunb.ttf', 'SIMYOU.TTF', 'SitkaVF-Italic.ttf', 'SitkaVF.ttf', 'smae1255.fon', 'smae1256.fon', 'smae1257.fon', 'smaf1255.fon', 'smaf1256.fon', 'smaf1257.fon', 'smalle.fon', 'smallee.fon', 'smalleg.fon', 'smaller.fon', 'smallet.fon', 'smallf.fon', 'smallfe.fon', 'smallfg.fon', 'smallfr.fon', 'smallft.fon', 'SNAP____.TTF', 'ssee1255.fon', 'ssee1256.fon', 'ssee1257.fon', 'ssee874.fon', 'ssef1255.fon', 'ssef1256.fon', 'ssef1257.fon', 'ssef874.fon', 'sserife.fon', 'sserifee.fon', 'sserifeg.fon', 'sserifer.fon', 'sserifet.fon', 'sseriff.fon', 'sseriffe.fon', 'sseriffg.fon', 'sseriffr.fon', 'sserifft.fon', 'StaticCache.dat', 'STCAIYUN.TTF', 'STENCIL.TTF', 'STFANGSO.TTF', 'STHUPO.TTF', 'STKAITI.TTF', 'STLITI.TTF', 'STSONG.TTF', 'STXIHEI.TTF', 'STXINGKA.TTF', 'STXINWEI.TTF', 'STZHONGS.TTF', 'svgafix.fon', 'svgasys.fon', 'sylfaen.ttf', 'symbol.ttf', 'tahoma.ttf', 'tahomabd.ttf', 'taile.ttf', 'taileb.ttf', 'TCBI____.TTF', 'TCB_____.TTF', 'TCCB____.TTF', 'TCCEB.TTF', 'TCCM____.TTF', 'TCMI____.TTF', 'TCM_____.TTF', 'TEMPSITC.TTF', 'times.ttf', 'timesbd.ttf', 'timesbi.ttf', 'timesi.ttf', 'trebuc.ttf', 'trebucbd.ttf', 'trebucbi.ttf', 'trebucit.ttf', 'verdana.ttf', 'verdanab.ttf', 'verdanai.ttf', 'verdanaz.ttf', 'vga737.fon', 'vga775.fon', 'vga850.fon', 'vga852.fon', 'vga855.fon', 'vga857.fon', 'vga860.fon', 'vga861.fon', 'vga863.fon', 'vga865.fon', 'vga866.fon', 'vga869.fon', 'vga932.fon', 'vga936.fon', 'vga949.fon', 'vga950.fon', 'vgaf1255.fon', 'vgaf1256.fon', 'vgaf1257.fon', 'vgaf874.fon', 'vgafix.fon', 'vgafixe.fon', 'vgafixg.fon', 'vgafixr.fon', 'vgafixt.fon', 'vgaoem.fon', 'vgas1255.fon', 'vgas1256.fon', 'vgas1257.fon', 'vgas874.fon', 'vgasys.fon', 'vgasyse.fon', 'vgasysg.fon', 'vgasysr.fon', 'vgasyst.fon', 'VINERITC.TTF', 'VIVALDII.TTF', 'VLADIMIR.TTF', 'webdings.ttf', 'wingding.ttf', 'WINGDNG2.TTF', 'WINGDNG3.TTF', 'YuGothB.ttc', 'YuGothL.ttc', 'YuGothM.ttc', 'YuGothR.ttc', '\u534e\u5eb7\u65b9\u5706\u4f53W7.TTC', '\u65b9\u6b63\u7c97\u9ed1\u5b8b\u7b80\u4f53.ttf']
2023-09-27 14:59:36,400 - INFO - all fonts installed:['8514fix.fon', '8514fixe.fon', '8514fixg.fon', '8514fixr.fon', '8514fixt.fon', '8514oem.fon', '8514oeme.fon', '8514oemg.fon', '8514oemr.fon', '8514oemt.fon', '8514sys.fon', '8514syse.fon', '8514sysg.fon', '8514sysr.fon', '8514syst.fon', '85775.fon', '85855.fon', '85f1255.fon', '85f1256.fon', '85f1257.fon', '85f874.fon', '85s1255.fon', '85s1256.fon', '85s1257.fon', '85s874.fon', 'AGENCYB.TTF', 'AGENCYR.TTF', 'ALGER.TTF', 'ANTQUAB.TTF', 'ANTQUABI.TTF', 'ANTQUAI.TTF', 'app775.fon', 'app850.fon', 'app852.fon', 'app855.fon', 'app857.fon', 'app866.fon', 'app932.fon', 'app936.fon', 'app949.fon', 'app950.fon', 'arial.ttf', 'arialbd.ttf', 'arialbi.ttf', 'ariali.ttf', 'ARIALN.TTF', 'ARIALNB.TTF', 'ARIALNBI.TTF', 'ARIALNI.TTF', 'ariblk.ttf', 'ARLRDBD.TTF', 'AxureHandwriting-Bold.otf', 'AxureHandwriting-BoldItalic.otf', 'AxureHandwriting-Italic.otf', 'AxureHandwriting.otf', 'bahnschrift.ttf', 'BASKVILL.TTF', 'BAUHS93.TTF', 'BELL.TTF', 'BELLB.TTF', 'BELLI.TTF', 'BERNHC.TTF', 'BKANT.TTF', 'BOD_B.TTF', 'BOD_BI.TTF', 'BOD_BLAI.TTF', 'BOD_BLAR.TTF', 'BOD_CB.TTF', 'BOD_CBI.TTF', 'BOD_CI.TTF', 'BOD_CR.TTF', 'BOD_I.TTF', 'BOD_PSTC.TTF', 'BOD_R.TTF', 'BOOKOS.TTF', 'BOOKOSB.TTF', 'BOOKOSBI.TTF', 'BOOKOSI.TTF', 'BRADHITC.TTF', 'BRITANIC.TTF', 'BRLNSB.TTF', 'BRLNSDB.TTF', 'BRLNSR.TTF', 'BROADW.TTF', 'BRUSHSCI.TTF', 'BSSYM7.TTF', 'c8514fix.fon', 'c8514oem.fon', 'c8514sys.fon', 'calibri.ttf', 'calibrib.ttf', 'calibrii.ttf', 'calibril.ttf', 'calibrili.ttf', 'calibriz.ttf', 'CALIFB.TTF', 'CALIFI.TTF', 'CALIFR.TTF', 'CALIST.TTF', 'CALISTB.TTF', 'CALISTBI.TTF', 'CALISTI.TTF', 'cambria.ttc', 'cambriab.ttf', 'cambriai.ttf', 'cambriaz.ttf', 'Candara.ttf', 'Candarab.ttf', 'Candarai.ttf', 'Candaral.ttf', 'Candarali.ttf', 'Candaraz.ttf', 'CascadiaCode.ttf', 'CascadiaMono.ttf', 'CASTELAR.TTF', 'CENSCBK.TTF', 'CENTAUR.TTF', 'CENTURY.TTF', 'cga40737.fon', 'cga40850.fon', 'cga40852.fon', 'cga40857.fon', 'cga40866.fon', 'cga40869.fon', 'cga40woa.fon', 'cga80737.fon', 'cga80850.fon', 'cga80852.fon', 'cga80857.fon', 'cga80866.fon', 'cga80869.fon', 'cga80woa.fon', 'CHILLER.TTF', 'COLONNA.TTF', 'comic.ttf', 'comicbd.ttf', 'comici.ttf', 'comicz.ttf', 'consola.ttf', 'consolab.ttf', 'consolai.ttf', 'consolaz.ttf', 'constan.ttf', 'constanb.ttf', 'constani.ttf', 'constanz.ttf', 'COOPBL.TTF', 'COPRGTB.TTF', 'COPRGTL.TTF', 'corbel.ttf', 'corbelb.ttf', 'corbeli.ttf', 'corbell.ttf', 'corbelli.ttf', 'corbelz.ttf', 'coue1255.fon', 'coue1256.fon', 'coue1257.fon', 'couf1255.fon', 'couf1256.fon', 'couf1257.fon', 'cour.ttf', 'courbd.ttf', 'courbi.ttf', 'coure.fon', 'couree.fon', 'coureg.fon', 'courer.fon', 'couret.fon', 'courf.fon', 'courfe.fon', 'courfg.fon', 'courfr.fon', 'courft.fon', 'couri.ttf', 'CURLZ___.TTF', 'cvgafix.fon', 'cvgasys.fon', 'Deng.ttf', 'Dengb.ttf', 'Dengl.ttf', 'desktop.ini', 'dos737.fon', 'dos869.fon', 'dosapp.fon', 'DUBAI-BOLD.TTF', 'DUBAI-LIGHT.TTF', 'DUBAI-MEDIUM.TTF', 'DUBAI-REGULAR.TTF', 'ebrima.ttf', 'ebrimabd.ttf', 'ega40737.fon', 'ega40850.fon', 'ega40852.fon', 'ega40857.fon', 'ega40866.fon', 'ega40869.fon', 'ega40woa.fon', 'ega80737.fon', 'ega80850.fon', 'ega80852.fon', 'ega80857.fon', 'ega80866.fon', 'ega80869.fon', 'ega80woa.fon', 'ELEPHNT.TTF', 'ELEPHNTI.TTF', 'ENGR.TTF', 'ERASBD.TTF', 'ERASDEMI.TTF', 'ERASLGHT.TTF', 'ERASMD.TTF', 'FELIXTI.TTF', 'fms_metadata.xml', 'FORTE.TTF', 'FRABK.TTF', 'FRABKIT.TTF', 'FRADM.TTF', 'FRADMCN.TTF', 'FRADMIT.TTF', 'FRAHV.TTF', 'FRAHVIT.TTF', 'framd.ttf', 'FRAMDCN.TTF', 'framdit.ttf', 'FREESCPT.TTF', 'FRSCRIPT.TTF', 'FTLTLT.TTF', 'FZSTK.TTF', 'FZYTK.TTF', 'Gabriola.ttf', 'gadugi.ttf', 'gadugib.ttf', 'GARA.TTF', 'GARABD.TTF', 'GARAIT.TTF', 'georgia.ttf', 'georgiab.ttf', 'georgiai.ttf', 'georgiaz.ttf', 'GIGI.TTF', 'GILBI___.TTF', 'GILB____.TTF', 'GILC____.TTF', 'GILI____.TTF', 'GILLUBCD.TTF', 'GILSANUB.TTF', 'GIL_____.TTF', 'GLECB.TTF', 'GlobalMonospace.CompositeFont', 'GlobalSansSerif.CompositeFont', 'GlobalSerif.CompositeFont', 'GlobalUserInterface.CompositeFont', 'GLSNECB.TTF', 'GOTHIC.TTF', 'GOTHICB.TTF', 'GOTHICBI.TTF', 'GOTHICI.TTF', 'GOUDOS.TTF', 'GOUDOSB.TTF', 'GOUDOSI.TTF', 'GOUDYSTO.TTF', 'h8514fix.fon', 'h8514oem.fon', 'h8514sys.fon', 'HARLOWSI.TTF', 'HARNGTON.TTF', 'HATTEN.TTF', 'HGB1X_CNKI.ttf', 'HGB1_CNKI.ttf', 'HGB2X_CNKI.ttf', 'HGB2_CNKI.ttf', 'HGB3X_CNKI.ttf', 'HGB3_CNKI.ttf', 'HGB4X_CNKI.ttf', 'HGB4_CNKI.ttf', 'HGB5X_CNKI.ttf', 'HGB5_CNKI.ttf', 'HGB6X_CNKI.ttf', 'HGB6_CNKI.ttf', 'HGB7X_CNKI.ttf', 'HGB7_CNKI.ttf', 'HGB8X_CNKI.ttf', 'HGB8_CNKI.ttf', 'HGBD_CNKI.ttf', 'HGBKBX_CNKI.ttf', 'HGBKB_CNKI.ttf', 'HGBKHX_CNKI.ttf', 'HGBKH_CNKI.ttf', 'HGBS1_CNKI.TTF', 'HGBS2_CNKI.TTF', 'HGBS_CNKI.TTF', 'HGBTH_CNKI.TTF', 'HGBTS_CNKI.TTF', 'HGBX_CNKI.ttf', 'HGBZ_CNKI.ttf', 'HGCH_CNKI.TTF', 'HGCUH_CNKI.TTF', 'HGCY_CNKI.TTF', 'HGDBS_CNKI.TTF', 'HGDGY_CNKI.TTF', 'HGDH2_CNKI.TTF', 'HGDH_CNKI.TTF', 'HGDYS_CNKI.TTF', 'HGDY_CNKI.ttf', 'HGF1X_CNKI.ttf', 'HGF1_CNKI.ttf', 'HGF2X_CNKI.ttf', 'HGF2_CNKI.ttf', 'HGF3_CNKI.ttf', 'HGF4X_CNKI.ttf', 'HGF4_CNKI.ttf', 'HGF5X_CNKI.ttf', 'HGF5_CNKI.ttf', 'HGF6X_CNKI.ttf', 'HGF6_CNKI.ttf', 'HGF7X_CNKI.ttf', 'HGF7_CNKI.ttf', 'HGF8_CNKI.ttf', 'HGF9X_CNKI.ttf', 'HGF9_CNKI.ttf', 'HGFS1_CNKI.TTF', 'HGFS2_CNKI.TTF', 'HGFSH_CNKI.TTF', 'HGFS_CNKI.TTF', 'HGFX_CNKI.ttf', 'HGFZ_CNKI.ttf', 'HGGG_CNKI.TTF', 'HGH1X_CNKI.ttf', 'HGH1_CNKI.ttf', 'HGH2X_CNKI.ttf', 'HGH2_CNKI.ttf', 'HGH3X_CNKI.ttf', 'HGH3_CNKI.ttf', 'HGH4X_CNKI.ttf', 'HGH4_CNKI.ttf', 'HGH5X_CNKI.ttf', 'HGH5_CNKI.ttf', 'HGH6X_CNKI.ttf', 'HGH6_CNKI.ttf', 'HGH7X_CNKI.ttf', 'HGH7_CNKI.ttf', 'HGHB_CNKI.TTF', 'HGHD_CNKI.ttf', 'HGHP_CNKI.TTF', 'HGHT1_CNKI.ttf', 'HGHT2_CNKI.ttf', 'HGHUATI_CNKI.ttf', 'HGHX_CNKI.ttf', 'HGHZ_CNKI.ttf', 'HGH_CNKI.TTF', 'HGKT1_CNKI.TTF', 'HGKT2_CNKI.TTF', 'HGKT_CNKI.TTF', 'HGKY_CNKI.ttf', 'HGLB_CNKI.TTF', 'HGLS_CNKI.TTF', 'HGMH_CNKI.TTF', 'HGNBS_CNKI.ttf', 'HGOCR_CNKI.ttf', 'HGPH_CNKI.TTF', 'HGPTY_CNKI.TTF', 'HGSS1_CNKI.TTF', 'HGSS2_CNKI.TTF', 'HGSS_CNKI.TTF', 'HGSXT_CNKI.ttf', 'HGTT_CNKI.ttf', 'HGTX_CNKI.TTF', 'HGWT_CNKI.TTF', 'HGWYS_CNKI.TTF', 'HGX1X_CNKI.ttf', 'HGX1_CNKI.ttf', 'HGXBS_CNKI.TTF', 'HGXC_CNKI.TTF', 'HGXF1_CNKI.ttf', 'HGXFX_CNKI.ttf', 'HGXFZ_CNKI.ttf', 'HGXH1_CNKI.TTF', 'HGXH_CNKI.TTF', 'HGXK_CNKI.TTF', 'HGXL_CNKI.TTF', 'HGXS_CNKI.TTF', 'HGXT_CNKI.ttf', 'HGXY_CNKI.ttf', 'HGY1_CNKI.TTF', 'HGY2_CNKI.TTF', 'HGY3_CNKI.TTF', 'HGY4_CNKI.TTF', 'HGYB_CNKI.ttf', 'HGYT1_CNKI.ttf', 'HGYT2_CNKI.ttf', 'HGYT_CNKI.TTF', 'HGYX_CNKI.TTF', 'HGZCS_CNKI.TTF', 'HGZDX_CNKI.TTF', 'HGZK_CNKI.TTF', 'HGZYT_CNKI.TTF', 'HGZY_CNKI.TTF', 'himalaya.ttf', 'holomdl2.ttf', 'HTOWERT.TTF', 'HTOWERTI.TTF', 'hvgafix.fon', 'hvgasys.fon', 'impact.ttf', 'IMPRISHA.TTF', 'INFROMAN.TTF', 'Inkfree.ttf', 'iqiyi_logov7.ttf', 'ITCBLKAD.TTF', 'ITCEDSCR.TTF', 'ITCKRIST.TTF', 'j8514fix.fon', 'j8514oem.fon', 'j8514sys.fon', 'javatext.ttf', 'JOKERMAN.TTF', 'jsmalle.fon', 'jsmallf.fon', 'JUICE___.TTF', 'jvgafix.fon', 'jvgasys.fon', 'KUNSTLER.TTF', 'LATINWD.TTF', 'LBRITE.TTF', 'LBRITED.TTF', 'LBRITEDI.TTF', 'LBRITEI.TTF', 'LCALLIG.TTF', 'LeelaUIb.ttf', 'LeelawUI.ttf', 'LeelUIsl.ttf', 'LFAX.TTF', 'LFAXD.TTF', 'LFAXDI.TTF', 'LFAXI.TTF', 'LHANDW.TTF', 'LSANS.TTF', 'LSANSD.TTF', 'LSANSDI.TTF', 'LSANSI.TTF', 'LTYPE.TTF', 'LTYPEB.TTF', 'LTYPEBO.TTF', 'LTYPEO.TTF', 'lucon.ttf', 'l_10646.ttf', 'MAGNETOB.TTF', 'MAIAN.TTF', 'malgun.ttf', 'malgunbd.ttf', 'malgunsl.ttf', 'marlett.ttf', 'MATURASC.TTF', 'micross.ttf', 'mingliub.ttc', 'MISTRAL.TTF', 'mmrtext.ttf', 'mmrtextb.ttf', 'MOD20.TTF', 'modern.fon', 'monbaiti.ttf', 'msgothic.ttc', 'msjh.ttc', 'msjhbd.ttc', 'msjhl.ttc', 'msyh.ttc', 'msyhbd.ttc', 'msyhl.ttc', 'msyi.ttf', 'MTCORSVA.TTF', 'MTEXTRA.TTF', 'mvboli.ttf', 'NIAGENG.TTF', 'NIAGSOL.TTF', 'Nirmala.ttf', 'NirmalaB.ttf', 'NirmalaS.ttf', 'ntailu.ttf', 'ntailub.ttf', 'NumberOnly.ttf', 'OCRAEXT.TTF', 'OLDENGL.TTF', 'ONYX.TTF', 'OUTLOOK.TTF', 'pala.ttf', 'palab.ttf', 'palabi.ttf', 'palai.ttf', 'PALSCRI.TTF', 'PAPYRUS.TTF', 'PARCHM.TTF', 'PERBI___.TTF', 'PERB____.TTF', 'PERI____.TTF', 'PERTIBD.TTF', 'PERTILI.TTF', 'PER_____.TTF', 'phagspa.ttf', 'phagspab.ttf', 'PLAYBILL.TTF', 'POORICH.TTF', 'PRISTINA.TTF', 'RAGE.TTF', 'RAVIE.TTF', 'REFSAN.TTF', 'REFSPCL.TTF', 'ROCCB___.TTF', 'ROCC____.TTF', 'ROCK.TTF', 'ROCKB.TTF', 'ROCKBI.TTF', 'ROCKEB.TTF', 'ROCKI.TTF', 'roman.fon', 's8514fix.fon', 's8514oem.fon', 's8514sys.fon', 'SCHLBKB.TTF', 'SCHLBKBI.TTF', 'SCHLBKI.TTF', 'script.fon', 'SCRIPTBL.TTF', 'segmdl2.ttf', 'SegoeIcons.ttf', 'segoepr.ttf', 'segoeprb.ttf', 'segoesc.ttf', 'segoescb.ttf', 'segoeui.ttf', 'segoeuib.ttf', 'segoeuii.ttf', 'segoeuil.ttf', 'segoeuisl.ttf', 'segoeuiz.ttf', 'seguibl.ttf', 'seguibli.ttf', 'seguiemj.ttf', 'seguihis.ttf', 'seguili.ttf', 'seguisb.ttf', 'seguisbi.ttf', 'seguisli.ttf', 'seguisym.ttf', 'SegUIVar.ttf', 'sere1255.fon', 'sere1256.fon', 'sere1257.fon', 'serf1255.fon', 'serf1256.fon', 'serf1257.fon', 'serife.fon', 'serifee.fon', 'serifeg.fon', 'serifer.fon', 'serifet.fon', 'seriff.fon', 'seriffe.fon', 'seriffg.fon', 'seriffr.fon', 'serifft.fon', 'SHOWG.TTF', 'simfang.ttf', 'simhei.ttf', 'simkai.ttf', 'SIMLI.TTF', 'simsun.ttc', 'simsunb.ttf', 'SIMYOU.TTF', 'SitkaVF-Italic.ttf', 'SitkaVF.ttf', 'smae1255.fon', 'smae1256.fon', 'smae1257.fon', 'smaf1255.fon', 'smaf1256.fon', 'smaf1257.fon', 'smalle.fon', 'smallee.fon', 'smalleg.fon', 'smaller.fon', 'smallet.fon', 'smallf.fon', 'smallfe.fon', 'smallfg.fon', 'smallfr.fon', 'smallft.fon', 'SNAP____.TTF', 'ssee1255.fon', 'ssee1256.fon', 'ssee1257.fon', 'ssee874.fon', 'ssef1255.fon', 'ssef1256.fon', 'ssef1257.fon', 'ssef874.fon', 'sserife.fon', 'sserifee.fon', 'sserifeg.fon', 'sserifer.fon', 'sserifet.fon', 'sseriff.fon', 'sseriffe.fon', 'sseriffg.fon', 'sseriffr.fon', 'sserifft.fon', 'StaticCache.dat', 'STCAIYUN.TTF', 'STENCIL.TTF', 'STFANGSO.TTF', 'STHUPO.TTF', 'STKAITI.TTF', 'STLITI.TTF', 'STSONG.TTF', 'STXIHEI.TTF', 'STXINGKA.TTF', 'STXINWEI.TTF', 'STZHONGS.TTF', 'svgafix.fon', 'svgasys.fon', 'sylfaen.ttf', 'symbol.ttf', 'tahoma.ttf', 'tahomabd.ttf', 'taile.ttf', 'taileb.ttf', 'TCBI____.TTF', 'TCB_____.TTF', 'TCCB____.TTF', 'TCCEB.TTF', 'TCCM____.TTF', 'TCMI____.TTF', 'TCM_____.TTF', 'TEMPSITC.TTF', 'times.ttf', 'timesbd.ttf', 'timesbi.ttf', 'timesi.ttf', 'trebuc.ttf', 'trebucbd.ttf', 'trebucbi.ttf', 'trebucit.ttf', 'verdana.ttf', 'verdanab.ttf', 'verdanai.ttf', 'verdanaz.ttf', 'vga737.fon', 'vga775.fon', 'vga850.fon', 'vga852.fon', 'vga855.fon', 'vga857.fon', 'vga860.fon', 'vga861.fon', 'vga863.fon', 'vga865.fon', 'vga866.fon', 'vga869.fon', 'vga932.fon', 'vga936.fon', 'vga949.fon', 'vga950.fon', 'vgaf1255.fon', 'vgaf1256.fon', 'vgaf1257.fon', 'vgaf874.fon', 'vgafix.fon', 'vgafixe.fon', 'vgafixg.fon', 'vgafixr.fon', 'vgafixt.fon', 'vgaoem.fon', 'vgas1255.fon', 'vgas1256.fon', 'vgas1257.fon', 'vgas874.fon', 'vgasys.fon', 'vgasyse.fon', 'vgasysg.fon', 'vgasysr.fon', 'vgasyst.fon', 'VINERITC.TTF', 'VIVALDII.TTF', 'VLADIMIR.TTF', 'webdings.ttf', 'wingding.ttf', 'WINGDNG2.TTF', 'WINGDNG3.TTF', 'YuGothB.ttc', 'YuGothL.ttc', 'YuGothM.ttc', 'YuGothR.ttc', '\u534e\u5eb7\u65b9\u5706\u4f53W7.TTC', '\u65b9\u6b63\u7c97\u9ed1\u5b8b\u7b80\u4f53.ttf']
2023-09-27 14:59:36,586 - INFO - all fonts installed:['8514fix.fon', '8514fixe.fon', '8514fixg.fon', '8514fixr.fon', '8514fixt.fon', '8514oem.fon', '8514oeme.fon', '8514oemg.fon', '8514oemr.fon', '8514oemt.fon', '8514sys.fon', '8514syse.fon', '8514sysg.fon', '8514sysr.fon', '8514syst.fon', '85775.fon', '85855.fon', '85f1255.fon', '85f1256.fon', '85f1257.fon', '85f874.fon', '85s1255.fon', '85s1256.fon', '85s1257.fon', '85s874.fon', 'AGENCYB.TTF', 'AGENCYR.TTF', 'ALGER.TTF', 'ANTQUAB.TTF', 'ANTQUABI.TTF', 'ANTQUAI.TTF', 'app775.fon', 'app850.fon', 'app852.fon', 'app855.fon', 'app857.fon', 'app866.fon', 'app932.fon', 'app936.fon', 'app949.fon', 'app950.fon', 'arial.ttf', 'arialbd.ttf', 'arialbi.ttf', 'ariali.ttf', 'ARIALN.TTF', 'ARIALNB.TTF', 'ARIALNBI.TTF', 'ARIALNI.TTF', 'ariblk.ttf', 'ARLRDBD.TTF', 'AxureHandwriting-Bold.otf', 'AxureHandwriting-BoldItalic.otf', 'AxureHandwriting-Italic.otf', 'AxureHandwriting.otf', 'bahnschrift.ttf', 'BASKVILL.TTF', 'BAUHS93.TTF', 'BELL.TTF', 'BELLB.TTF', 'BELLI.TTF', 'BERNHC.TTF', 'BKANT.TTF', 'BOD_B.TTF', 'BOD_BI.TTF', 'BOD_BLAI.TTF', 'BOD_BLAR.TTF', 'BOD_CB.TTF', 'BOD_CBI.TTF', 'BOD_CI.TTF', 'BOD_CR.TTF', 'BOD_I.TTF', 'BOD_PSTC.TTF', 'BOD_R.TTF', 'BOOKOS.TTF', 'BOOKOSB.TTF', 'BOOKOSBI.TTF', 'BOOKOSI.TTF', 'BRADHITC.TTF', 'BRITANIC.TTF', 'BRLNSB.TTF', 'BRLNSDB.TTF', 'BRLNSR.TTF', 'BROADW.TTF', 'BRUSHSCI.TTF', 'BSSYM7.TTF', 'c8514fix.fon', 'c8514oem.fon', 'c8514sys.fon', 'calibri.ttf', 'calibrib.ttf', 'calibrii.ttf', 'calibril.ttf', 'calibrili.ttf', 'calibriz.ttf', 'CALIFB.TTF', 'CALIFI.TTF', 'CALIFR.TTF', 'CALIST.TTF', 'CALISTB.TTF', 'CALISTBI.TTF', 'CALISTI.TTF', 'cambria.ttc', 'cambriab.ttf', 'cambriai.ttf', 'cambriaz.ttf', 'Candara.ttf', 'Candarab.ttf', 'Candarai.ttf', 'Candaral.ttf', 'Candarali.ttf', 'Candaraz.ttf', 'CascadiaCode.ttf', 'CascadiaMono.ttf', 'CASTELAR.TTF', 'CENSCBK.TTF', 'CENTAUR.TTF', 'CENTURY.TTF', 'cga40737.fon', 'cga40850.fon', 'cga40852.fon', 'cga40857.fon', 'cga40866.fon', 'cga40869.fon', 'cga40woa.fon', 'cga80737.fon', 'cga80850.fon', 'cga80852.fon', 'cga80857.fon', 'cga80866.fon', 'cga80869.fon', 'cga80woa.fon', 'CHILLER.TTF', 'COLONNA.TTF', 'comic.ttf', 'comicbd.ttf', 'comici.ttf', 'comicz.ttf', 'consola.ttf', 'consolab.ttf', 'consolai.ttf', 'consolaz.ttf', 'constan.ttf', 'constanb.ttf', 'constani.ttf', 'constanz.ttf', 'COOPBL.TTF', 'COPRGTB.TTF', 'COPRGTL.TTF', 'corbel.ttf', 'corbelb.ttf', 'corbeli.ttf', 'corbell.ttf', 'corbelli.ttf', 'corbelz.ttf', 'coue1255.fon', 'coue1256.fon', 'coue1257.fon', 'couf1255.fon', 'couf1256.fon', 'couf1257.fon', 'cour.ttf', 'courbd.ttf', 'courbi.ttf', 'coure.fon', 'couree.fon', 'coureg.fon', 'courer.fon', 'couret.fon', 'courf.fon', 'courfe.fon', 'courfg.fon', 'courfr.fon', 'courft.fon', 'couri.ttf', 'CURLZ___.TTF', 'cvgafix.fon', 'cvgasys.fon', 'Deng.ttf', 'Dengb.ttf', 'Dengl.ttf', 'desktop.ini', 'dos737.fon', 'dos869.fon', 'dosapp.fon', 'DUBAI-BOLD.TTF', 'DUBAI-LIGHT.TTF', 'DUBAI-MEDIUM.TTF', 'DUBAI-REGULAR.TTF', 'ebrima.ttf', 'ebrimabd.ttf', 'ega40737.fon', 'ega40850.fon', 'ega40852.fon', 'ega40857.fon', 'ega40866.fon', 'ega40869.fon', 'ega40woa.fon', 'ega80737.fon', 'ega80850.fon', 'ega80852.fon', 'ega80857.fon', 'ega80866.fon', 'ega80869.fon', 'ega80woa.fon', 'ELEPHNT.TTF', 'ELEPHNTI.TTF', 'ENGR.TTF', 'ERASBD.TTF', 'ERASDEMI.TTF', 'ERASLGHT.TTF', 'ERASMD.TTF', 'FELIXTI.TTF', 'fms_metadata.xml', 'FORTE.TTF', 'FRABK.TTF', 'FRABKIT.TTF', 'FRADM.TTF', 'FRADMCN.TTF', 'FRADMIT.TTF', 'FRAHV.TTF', 'FRAHVIT.TTF', 'framd.ttf', 'FRAMDCN.TTF', 'framdit.ttf', 'FREESCPT.TTF', 'FRSCRIPT.TTF', 'FTLTLT.TTF', 'FZSTK.TTF', 'FZYTK.TTF', 'Gabriola.ttf', 'gadugi.ttf', 'gadugib.ttf', 'GARA.TTF', 'GARABD.TTF', 'GARAIT.TTF', 'georgia.ttf', 'georgiab.ttf', 'georgiai.ttf', 'georgiaz.ttf', 'GIGI.TTF', 'GILBI___.TTF', 'GILB____.TTF', 'GILC____.TTF', 'GILI____.TTF', 'GILLUBCD.TTF', 'GILSANUB.TTF', 'GIL_____.TTF', 'GLECB.TTF', 'GlobalMonospace.CompositeFont', 'GlobalSansSerif.CompositeFont', 'GlobalSerif.CompositeFont', 'GlobalUserInterface.CompositeFont', 'GLSNECB.TTF', 'GOTHIC.TTF', 'GOTHICB.TTF', 'GOTHICBI.TTF', 'GOTHICI.TTF', 'GOUDOS.TTF', 'GOUDOSB.TTF', 'GOUDOSI.TTF', 'GOUDYSTO.TTF', 'h8514fix.fon', 'h8514oem.fon', 'h8514sys.fon', 'HARLOWSI.TTF', 'HARNGTON.TTF', 'HATTEN.TTF', 'HGB1X_CNKI.ttf', 'HGB1_CNKI.ttf', 'HGB2X_CNKI.ttf', 'HGB2_CNKI.ttf', 'HGB3X_CNKI.ttf', 'HGB3_CNKI.ttf', 'HGB4X_CNKI.ttf', 'HGB4_CNKI.ttf', 'HGB5X_CNKI.ttf', 'HGB5_CNKI.ttf', 'HGB6X_CNKI.ttf', 'HGB6_CNKI.ttf', 'HGB7X_CNKI.ttf', 'HGB7_CNKI.ttf', 'HGB8X_CNKI.ttf', 'HGB8_CNKI.ttf', 'HGBD_CNKI.ttf', 'HGBKBX_CNKI.ttf', 'HGBKB_CNKI.ttf', 'HGBKHX_CNKI.ttf', 'HGBKH_CNKI.ttf', 'HGBS1_CNKI.TTF', 'HGBS2_CNKI.TTF', 'HGBS_CNKI.TTF', 'HGBTH_CNKI.TTF', 'HGBTS_CNKI.TTF', 'HGBX_CNKI.ttf', 'HGBZ_CNKI.ttf', 'HGCH_CNKI.TTF', 'HGCUH_CNKI.TTF', 'HGCY_CNKI.TTF', 'HGDBS_CNKI.TTF', 'HGDGY_CNKI.TTF', 'HGDH2_CNKI.TTF', 'HGDH_CNKI.TTF', 'HGDYS_CNKI.TTF', 'HGDY_CNKI.ttf', 'HGF1X_CNKI.ttf', 'HGF1_CNKI.ttf', 'HGF2X_CNKI.ttf', 'HGF2_CNKI.ttf', 'HGF3_CNKI.ttf', 'HGF4X_CNKI.ttf', 'HGF4_CNKI.ttf', 'HGF5X_CNKI.ttf', 'HGF5_CNKI.ttf', 'HGF6X_CNKI.ttf', 'HGF6_CNKI.ttf', 'HGF7X_CNKI.ttf', 'HGF7_CNKI.ttf', 'HGF8_CNKI.ttf', 'HGF9X_CNKI.ttf', 'HGF9_CNKI.ttf', 'HGFS1_CNKI.TTF', 'HGFS2_CNKI.TTF', 'HGFSH_CNKI.TTF', 'HGFS_CNKI.TTF', 'HGFX_CNKI.ttf', 'HGFZ_CNKI.ttf', 'HGGG_CNKI.TTF', 'HGH1X_CNKI.ttf', 'HGH1_CNKI.ttf', 'HGH2X_CNKI.ttf', 'HGH2_CNKI.ttf', 'HGH3X_CNKI.ttf', 'HGH3_CNKI.ttf', 'HGH4X_CNKI.ttf', 'HGH4_CNKI.ttf', 'HGH5X_CNKI.ttf', 'HGH5_CNKI.ttf', 'HGH6X_CNKI.ttf', 'HGH6_CNKI.ttf', 'HGH7X_CNKI.ttf', 'HGH7_CNKI.ttf', 'HGHB_CNKI.TTF', 'HGHD_CNKI.ttf', 'HGHP_CNKI.TTF', 'HGHT1_CNKI.ttf', 'HGHT2_CNKI.ttf', 'HGHUATI_CNKI.ttf', 'HGHX_CNKI.ttf', 'HGHZ_CNKI.ttf', 'HGH_CNKI.TTF', 'HGKT1_CNKI.TTF', 'HGKT2_CNKI.TTF', 'HGKT_CNKI.TTF', 'HGKY_CNKI.ttf', 'HGLB_CNKI.TTF', 'HGLS_CNKI.TTF', 'HGMH_CNKI.TTF', 'HGNBS_CNKI.ttf', 'HGOCR_CNKI.ttf', 'HGPH_CNKI.TTF', 'HGPTY_CNKI.TTF', 'HGSS1_CNKI.TTF', 'HGSS2_CNKI.TTF', 'HGSS_CNKI.TTF', 'HGSXT_CNKI.ttf', 'HGTT_CNKI.ttf', 'HGTX_CNKI.TTF', 'HGWT_CNKI.TTF', 'HGWYS_CNKI.TTF', 'HGX1X_CNKI.ttf', 'HGX1_CNKI.ttf', 'HGXBS_CNKI.TTF', 'HGXC_CNKI.TTF', 'HGXF1_CNKI.ttf', 'HGXFX_CNKI.ttf', 'HGXFZ_CNKI.ttf', 'HGXH1_CNKI.TTF', 'HGXH_CNKI.TTF', 'HGXK_CNKI.TTF', 'HGXL_CNKI.TTF', 'HGXS_CNKI.TTF', 'HGXT_CNKI.ttf', 'HGXY_CNKI.ttf', 'HGY1_CNKI.TTF', 'HGY2_CNKI.TTF', 'HGY3_CNKI.TTF', 'HGY4_CNKI.TTF', 'HGYB_CNKI.ttf', 'HGYT1_CNKI.ttf', 'HGYT2_CNKI.ttf', 'HGYT_CNKI.TTF', 'HGYX_CNKI.TTF', 'HGZCS_CNKI.TTF', 'HGZDX_CNKI.TTF', 'HGZK_CNKI.TTF', 'HGZYT_CNKI.TTF', 'HGZY_CNKI.TTF', 'himalaya.ttf', 'holomdl2.ttf', 'HTOWERT.TTF', 'HTOWERTI.TTF', 'hvgafix.fon', 'hvgasys.fon', 'impact.ttf', 'IMPRISHA.TTF', 'INFROMAN.TTF', 'Inkfree.ttf', 'iqiyi_logov7.ttf', 'ITCBLKAD.TTF', 'ITCEDSCR.TTF', 'ITCKRIST.TTF', 'j8514fix.fon', 'j8514oem.fon', 'j8514sys.fon', 'javatext.ttf', 'JOKERMAN.TTF', 'jsmalle.fon', 'jsmallf.fon', 'JUICE___.TTF', 'jvgafix.fon', 'jvgasys.fon', 'KUNSTLER.TTF', 'LATINWD.TTF', 'LBRITE.TTF', 'LBRITED.TTF', 'LBRITEDI.TTF', 'LBRITEI.TTF', 'LCALLIG.TTF', 'LeelaUIb.ttf', 'LeelawUI.ttf', 'LeelUIsl.ttf', 'LFAX.TTF', 'LFAXD.TTF', 'LFAXDI.TTF', 'LFAXI.TTF', 'LHANDW.TTF', 'LSANS.TTF', 'LSANSD.TTF', 'LSANSDI.TTF', 'LSANSI.TTF', 'LTYPE.TTF', 'LTYPEB.TTF', 'LTYPEBO.TTF', 'LTYPEO.TTF', 'lucon.ttf', 'l_10646.ttf', 'MAGNETOB.TTF', 'MAIAN.TTF', 'malgun.ttf', 'malgunbd.ttf', 'malgunsl.ttf', 'marlett.ttf', 'MATURASC.TTF', 'micross.ttf', 'mingliub.ttc', 'MISTRAL.TTF', 'mmrtext.ttf', 'mmrtextb.ttf', 'MOD20.TTF', 'modern.fon', 'monbaiti.ttf', 'msgothic.ttc', 'msjh.ttc', 'msjhbd.ttc', 'msjhl.ttc', 'msyh.ttc', 'msyhbd.ttc', 'msyhl.ttc', 'msyi.ttf', 'MTCORSVA.TTF', 'MTEXTRA.TTF', 'mvboli.ttf', 'NIAGENG.TTF', 'NIAGSOL.TTF', 'Nirmala.ttf', 'NirmalaB.ttf', 'NirmalaS.ttf', 'ntailu.ttf', 'ntailub.ttf', 'NumberOnly.ttf', 'OCRAEXT.TTF', 'OLDENGL.TTF', 'ONYX.TTF', 'OUTLOOK.TTF', 'pala.ttf', 'palab.ttf', 'palabi.ttf', 'palai.ttf', 'PALSCRI.TTF', 'PAPYRUS.TTF', 'PARCHM.TTF', 'PERBI___.TTF', 'PERB____.TTF', 'PERI____.TTF', 'PERTIBD.TTF', 'PERTILI.TTF', 'PER_____.TTF', 'phagspa.ttf', 'phagspab.ttf', 'PLAYBILL.TTF', 'POORICH.TTF', 'PRISTINA.TTF', 'RAGE.TTF', 'RAVIE.TTF', 'REFSAN.TTF', 'REFSPCL.TTF', 'ROCCB___.TTF', 'ROCC____.TTF', 'ROCK.TTF', 'ROCKB.TTF', 'ROCKBI.TTF', 'ROCKEB.TTF', 'ROCKI.TTF', 'roman.fon', 's8514fix.fon', 's8514oem.fon', 's8514sys.fon', 'SCHLBKB.TTF', 'SCHLBKBI.TTF', 'SCHLBKI.TTF', 'script.fon', 'SCRIPTBL.TTF', 'segmdl2.ttf', 'SegoeIcons.ttf', 'segoepr.ttf', 'segoeprb.ttf', 'segoesc.ttf', 'segoescb.ttf', 'segoeui.ttf', 'segoeuib.ttf', 'segoeuii.ttf', 'segoeuil.ttf', 'segoeuisl.ttf', 'segoeuiz.ttf', 'seguibl.ttf', 'seguibli.ttf', 'seguiemj.ttf', 'seguihis.ttf', 'seguili.ttf', 'seguisb.ttf', 'seguisbi.ttf', 'seguisli.ttf', 'seguisym.ttf', 'SegUIVar.ttf', 'sere1255.fon', 'sere1256.fon', 'sere1257.fon', 'serf1255.fon', 'serf1256.fon', 'serf1257.fon', 'serife.fon', 'serifee.fon', 'serifeg.fon', 'serifer.fon', 'serifet.fon', 'seriff.fon', 'seriffe.fon', 'seriffg.fon', 'seriffr.fon', 'serifft.fon', 'SHOWG.TTF', 'simfang.ttf', 'simhei.ttf', 'simkai.ttf', 'SIMLI.TTF', 'simsun.ttc', 'simsunb.ttf', 'SIMYOU.TTF', 'SitkaVF-Italic.ttf', 'SitkaVF.ttf', 'smae1255.fon', 'smae1256.fon', 'smae1257.fon', 'smaf1255.fon', 'smaf1256.fon', 'smaf1257.fon', 'smalle.fon', 'smallee.fon', 'smalleg.fon', 'smaller.fon', 'smallet.fon', 'smallf.fon', 'smallfe.fon', 'smallfg.fon', 'smallfr.fon', 'smallft.fon', 'SNAP____.TTF', 'ssee1255.fon', 'ssee1256.fon', 'ssee1257.fon', 'ssee874.fon', 'ssef1255.fon', 'ssef1256.fon', 'ssef1257.fon', 'ssef874.fon', 'sserife.fon', 'sserifee.fon', 'sserifeg.fon', 'sserifer.fon', 'sserifet.fon', 'sseriff.fon', 'sseriffe.fon', 'sseriffg.fon', 'sseriffr.fon', 'sserifft.fon', 'StaticCache.dat', 'STCAIYUN.TTF', 'STENCIL.TTF', 'STFANGSO.TTF', 'STHUPO.TTF', 'STKAITI.TTF', 'STLITI.TTF', 'STSONG.TTF', 'STXIHEI.TTF', 'STXINGKA.TTF', 'STXINWEI.TTF', 'STZHONGS.TTF', 'svgafix.fon', 'svgasys.fon', 'sylfaen.ttf', 'symbol.ttf', 'tahoma.ttf', 'tahomabd.ttf', 'taile.ttf', 'taileb.ttf', 'TCBI____.TTF', 'TCB_____.TTF', 'TCCB____.TTF', 'TCCEB.TTF', 'TCCM____.TTF', 'TCMI____.TTF', 'TCM_____.TTF', 'TEMPSITC.TTF', 'times.ttf', 'timesbd.ttf', 'timesbi.ttf', 'timesi.ttf', 'trebuc.ttf', 'trebucbd.ttf', 'trebucbi.ttf', 'trebucit.ttf', 'verdana.ttf', 'verdanab.ttf', 'verdanai.ttf', 'verdanaz.ttf', 'vga737.fon', 'vga775.fon', 'vga850.fon', 'vga852.fon', 'vga855.fon', 'vga857.fon', 'vga860.fon', 'vga861.fon', 'vga863.fon', 'vga865.fon', 'vga866.fon', 'vga869.fon', 'vga932.fon', 'vga936.fon', 'vga949.fon', 'vga950.fon', 'vgaf1255.fon', 'vgaf1256.fon', 'vgaf1257.fon', 'vgaf874.fon', 'vgafix.fon', 'vgafixe.fon', 'vgafixg.fon', 'vgafixr.fon', 'vgafixt.fon', 'vgaoem.fon', 'vgas1255.fon', 'vgas1256.fon', 'vgas1257.fon', 'vgas874.fon', 'vgasys.fon', 'vgasyse.fon', 'vgasysg.fon', 'vgasysr.fon', 'vgasyst.fon', 'VINERITC.TTF', 'VIVALDII.TTF', 'VLADIMIR.TTF', 'webdings.ttf', 'wingding.ttf', 'WINGDNG2.TTF', 'WINGDNG3.TTF', 'YuGothB.ttc', 'YuGothL.ttc', 'YuGothM.ttc', 'YuGothR.ttc', '\u534e\u5eb7\u65b9\u5706\u4f53W7.TTC', '\u65b9\u6b63\u7c97\u9ed1\u5b8b\u7b80\u4f53.ttf']
2023-09-27 14:59:36,589 - INFO - all fonts installed:['8514fix.fon', '8514fixe.fon', '8514fixg.fon', '8514fixr.fon', '8514fixt.fon', '8514oem.fon', '8514oeme.fon', '8514oemg.fon', '8514oemr.fon', '8514oemt.fon', '8514sys.fon', '8514syse.fon', '8514sysg.fon', '8514sysr.fon', '8514syst.fon', '85775.fon', '85855.fon', '85f1255.fon', '85f1256.fon', '85f1257.fon', '85f874.fon', '85s1255.fon', '85s1256.fon', '85s1257.fon', '85s874.fon', 'AGENCYB.TTF', 'AGENCYR.TTF', 'ALGER.TTF', 'ANTQUAB.TTF', 'ANTQUABI.TTF', 'ANTQUAI.TTF', 'app775.fon', 'app850.fon', 'app852.fon', 'app855.fon', 'app857.fon', 'app866.fon', 'app932.fon', 'app936.fon', 'app949.fon', 'app950.fon', 'arial.ttf', 'arialbd.ttf', 'arialbi.ttf', 'ariali.ttf', 'ARIALN.TTF', 'ARIALNB.TTF', 'ARIALNBI.TTF', 'ARIALNI.TTF', 'ariblk.ttf', 'ARLRDBD.TTF', 'AxureHandwriting-Bold.otf', 'AxureHandwriting-BoldItalic.otf', 'AxureHandwriting-Italic.otf', 'AxureHandwriting.otf', 'bahnschrift.ttf', 'BASKVILL.TTF', 'BAUHS93.TTF', 'BELL.TTF', 'BELLB.TTF', 'BELLI.TTF', 'BERNHC.TTF', 'BKANT.TTF', 'BOD_B.TTF', 'BOD_BI.TTF', 'BOD_BLAI.TTF', 'BOD_BLAR.TTF', 'BOD_CB.TTF', 'BOD_CBI.TTF', 'BOD_CI.TTF', 'BOD_CR.TTF', 'BOD_I.TTF', 'BOD_PSTC.TTF', 'BOD_R.TTF', 'BOOKOS.TTF', 'BOOKOSB.TTF', 'BOOKOSBI.TTF', 'BOOKOSI.TTF', 'BRADHITC.TTF', 'BRITANIC.TTF', 'BRLNSB.TTF', 'BRLNSDB.TTF', 'BRLNSR.TTF', 'BROADW.TTF', 'BRUSHSCI.TTF', 'BSSYM7.TTF', 'c8514fix.fon', 'c8514oem.fon', 'c8514sys.fon', 'calibri.ttf', 'calibrib.ttf', 'calibrii.ttf', 'calibril.ttf', 'calibrili.ttf', 'calibriz.ttf', 'CALIFB.TTF', 'CALIFI.TTF', 'CALIFR.TTF', 'CALIST.TTF', 'CALISTB.TTF', 'CALISTBI.TTF', 'CALISTI.TTF', 'cambria.ttc', 'cambriab.ttf', 'cambriai.ttf', 'cambriaz.ttf', 'Candara.ttf', 'Candarab.ttf', 'Candarai.ttf', 'Candaral.ttf', 'Candarali.ttf', 'Candaraz.ttf', 'CascadiaCode.ttf', 'CascadiaMono.ttf', 'CASTELAR.TTF', 'CENSCBK.TTF', 'CENTAUR.TTF', 'CENTURY.TTF', 'cga40737.fon', 'cga40850.fon', 'cga40852.fon', 'cga40857.fon', 'cga40866.fon', 'cga40869.fon', 'cga40woa.fon', 'cga80737.fon', 'cga80850.fon', 'cga80852.fon', 'cga80857.fon', 'cga80866.fon', 'cga80869.fon', 'cga80woa.fon', 'CHILLER.TTF', 'COLONNA.TTF', 'comic.ttf', 'comicbd.ttf', 'comici.ttf', 'comicz.ttf', 'consola.ttf', 'consolab.ttf', 'consolai.ttf', 'consolaz.ttf', 'constan.ttf', 'constanb.ttf', 'constani.ttf', 'constanz.ttf', 'COOPBL.TTF', 'COPRGTB.TTF', 'COPRGTL.TTF', 'corbel.ttf', 'corbelb.ttf', 'corbeli.ttf', 'corbell.ttf', 'corbelli.ttf', 'corbelz.ttf', 'coue1255.fon', 'coue1256.fon', 'coue1257.fon', 'couf1255.fon', 'couf1256.fon', 'couf1257.fon', 'cour.ttf', 'courbd.ttf', 'courbi.ttf', 'coure.fon', 'couree.fon', 'coureg.fon', 'courer.fon', 'couret.fon', 'courf.fon', 'courfe.fon', 'courfg.fon', 'courfr.fon', 'courft.fon', 'couri.ttf', 'CURLZ___.TTF', 'cvgafix.fon', 'cvgasys.fon', 'Deng.ttf', 'Dengb.ttf', 'Dengl.ttf', 'desktop.ini', 'dos737.fon', 'dos869.fon', 'dosapp.fon', 'DUBAI-BOLD.TTF', 'DUBAI-LIGHT.TTF', 'DUBAI-MEDIUM.TTF', 'DUBAI-REGULAR.TTF', 'ebrima.ttf', 'ebrimabd.ttf', 'ega40737.fon', 'ega40850.fon', 'ega40852.fon', 'ega40857.fon', 'ega40866.fon', 'ega40869.fon', 'ega40woa.fon', 'ega80737.fon', 'ega80850.fon', 'ega80852.fon', 'ega80857.fon', 'ega80866.fon', 'ega80869.fon', 'ega80woa.fon', 'ELEPHNT.TTF', 'ELEPHNTI.TTF', 'ENGR.TTF', 'ERASBD.TTF', 'ERASDEMI.TTF', 'ERASLGHT.TTF', 'ERASMD.TTF', 'FELIXTI.TTF', 'fms_metadata.xml', 'FORTE.TTF', 'FRABK.TTF', 'FRABKIT.TTF', 'FRADM.TTF', 'FRADMCN.TTF', 'FRADMIT.TTF', 'FRAHV.TTF', 'FRAHVIT.TTF', 'framd.ttf', 'FRAMDCN.TTF', 'framdit.ttf', 'FREESCPT.TTF', 'FRSCRIPT.TTF', 'FTLTLT.TTF', 'FZSTK.TTF', 'FZYTK.TTF', 'Gabriola.ttf', 'gadugi.ttf', 'gadugib.ttf', 'GARA.TTF', 'GARABD.TTF', 'GARAIT.TTF', 'georgia.ttf', 'georgiab.ttf', 'georgiai.ttf', 'georgiaz.ttf', 'GIGI.TTF', 'GILBI___.TTF', 'GILB____.TTF', 'GILC____.TTF', 'GILI____.TTF', 'GILLUBCD.TTF', 'GILSANUB.TTF', 'GIL_____.TTF', 'GLECB.TTF', 'GlobalMonospace.CompositeFont', 'GlobalSansSerif.CompositeFont', 'GlobalSerif.CompositeFont', 'GlobalUserInterface.CompositeFont', 'GLSNECB.TTF', 'GOTHIC.TTF', 'GOTHICB.TTF', 'GOTHICBI.TTF', 'GOTHICI.TTF', 'GOUDOS.TTF', 'GOUDOSB.TTF', 'GOUDOSI.TTF', 'GOUDYSTO.TTF', 'h8514fix.fon', 'h8514oem.fon', 'h8514sys.fon', 'HARLOWSI.TTF', 'HARNGTON.TTF', 'HATTEN.TTF', 'HGB1X_CNKI.ttf', 'HGB1_CNKI.ttf', 'HGB2X_CNKI.ttf', 'HGB2_CNKI.ttf', 'HGB3X_CNKI.ttf', 'HGB3_CNKI.ttf', 'HGB4X_CNKI.ttf', 'HGB4_CNKI.ttf', 'HGB5X_CNKI.ttf', 'HGB5_CNKI.ttf', 'HGB6X_CNKI.ttf', 'HGB6_CNKI.ttf', 'HGB7X_CNKI.ttf', 'HGB7_CNKI.ttf', 'HGB8X_CNKI.ttf', 'HGB8_CNKI.ttf', 'HGBD_CNKI.ttf', 'HGBKBX_CNKI.ttf', 'HGBKB_CNKI.ttf', 'HGBKHX_CNKI.ttf', 'HGBKH_CNKI.ttf', 'HGBS1_CNKI.TTF', 'HGBS2_CNKI.TTF', 'HGBS_CNKI.TTF', 'HGBTH_CNKI.TTF', 'HGBTS_CNKI.TTF', 'HGBX_CNKI.ttf', 'HGBZ_CNKI.ttf', 'HGCH_CNKI.TTF', 'HGCUH_CNKI.TTF', 'HGCY_CNKI.TTF', 'HGDBS_CNKI.TTF', 'HGDGY_CNKI.TTF', 'HGDH2_CNKI.TTF', 'HGDH_CNKI.TTF', 'HGDYS_CNKI.TTF', 'HGDY_CNKI.ttf', 'HGF1X_CNKI.ttf', 'HGF1_CNKI.ttf', 'HGF2X_CNKI.ttf', 'HGF2_CNKI.ttf', 'HGF3_CNKI.ttf', 'HGF4X_CNKI.ttf', 'HGF4_CNKI.ttf', 'HGF5X_CNKI.ttf', 'HGF5_CNKI.ttf', 'HGF6X_CNKI.ttf', 'HGF6_CNKI.ttf', 'HGF7X_CNKI.ttf', 'HGF7_CNKI.ttf', 'HGF8_CNKI.ttf', 'HGF9X_CNKI.ttf', 'HGF9_CNKI.ttf', 'HGFS1_CNKI.TTF', 'HGFS2_CNKI.TTF', 'HGFSH_CNKI.TTF', 'HGFS_CNKI.TTF', 'HGFX_CNKI.ttf', 'HGFZ_CNKI.ttf', 'HGGG_CNKI.TTF', 'HGH1X_CNKI.ttf', 'HGH1_CNKI.ttf', 'HGH2X_CNKI.ttf', 'HGH2_CNKI.ttf', 'HGH3X_CNKI.ttf', 'HGH3_CNKI.ttf', 'HGH4X_CNKI.ttf', 'HGH4_CNKI.ttf', 'HGH5X_CNKI.ttf', 'HGH5_CNKI.ttf', 'HGH6X_CNKI.ttf', 'HGH6_CNKI.ttf', 'HGH7X_CNKI.ttf', 'HGH7_CNKI.ttf', 'HGHB_CNKI.TTF', 'HGHD_CNKI.ttf', 'HGHP_CNKI.TTF', 'HGHT1_CNKI.ttf', 'HGHT2_CNKI.ttf', 'HGHUATI_CNKI.ttf', 'HGHX_CNKI.ttf', 'HGHZ_CNKI.ttf', 'HGH_CNKI.TTF', 'HGKT1_CNKI.TTF', 'HGKT2_CNKI.TTF', 'HGKT_CNKI.TTF', 'HGKY_CNKI.ttf', 'HGLB_CNKI.TTF', 'HGLS_CNKI.TTF', 'HGMH_CNKI.TTF', 'HGNBS_CNKI.ttf', 'HGOCR_CNKI.ttf', 'HGPH_CNKI.TTF', 'HGPTY_CNKI.TTF', 'HGSS1_CNKI.TTF', 'HGSS2_CNKI.TTF', 'HGSS_CNKI.TTF', 'HGSXT_CNKI.ttf', 'HGTT_CNKI.ttf', 'HGTX_CNKI.TTF', 'HGWT_CNKI.TTF', 'HGWYS_CNKI.TTF', 'HGX1X_CNKI.ttf', 'HGX1_CNKI.ttf', 'HGXBS_CNKI.TTF', 'HGXC_CNKI.TTF', 'HGXF1_CNKI.ttf', 'HGXFX_CNKI.ttf', 'HGXFZ_CNKI.ttf', 'HGXH1_CNKI.TTF', 'HGXH_CNKI.TTF', 'HGXK_CNKI.TTF', 'HGXL_CNKI.TTF', 'HGXS_CNKI.TTF', 'HGXT_CNKI.ttf', 'HGXY_CNKI.ttf', 'HGY1_CNKI.TTF', 'HGY2_CNKI.TTF', 'HGY3_CNKI.TTF', 'HGY4_CNKI.TTF', 'HGYB_CNKI.ttf', 'HGYT1_CNKI.ttf', 'HGYT2_CNKI.ttf', 'HGYT_CNKI.TTF', 'HGYX_CNKI.TTF', 'HGZCS_CNKI.TTF', 'HGZDX_CNKI.TTF', 'HGZK_CNKI.TTF', 'HGZYT_CNKI.TTF', 'HGZY_CNKI.TTF', 'himalaya.ttf', 'holomdl2.ttf', 'HTOWERT.TTF', 'HTOWERTI.TTF', 'hvgafix.fon', 'hvgasys.fon', 'impact.ttf', 'IMPRISHA.TTF', 'INFROMAN.TTF', 'Inkfree.ttf', 'iqiyi_logov7.ttf', 'ITCBLKAD.TTF', 'ITCEDSCR.TTF', 'ITCKRIST.TTF', 'j8514fix.fon', 'j8514oem.fon', 'j8514sys.fon', 'javatext.ttf', 'JOKERMAN.TTF', 'jsmalle.fon', 'jsmallf.fon', 'JUICE___.TTF', 'jvgafix.fon', 'jvgasys.fon', 'KUNSTLER.TTF', 'LATINWD.TTF', 'LBRITE.TTF', 'LBRITED.TTF', 'LBRITEDI.TTF', 'LBRITEI.TTF', 'LCALLIG.TTF', 'LeelaUIb.ttf', 'LeelawUI.ttf', 'LeelUIsl.ttf', 'LFAX.TTF', 'LFAXD.TTF', 'LFAXDI.TTF', 'LFAXI.TTF', 'LHANDW.TTF', 'LSANS.TTF', 'LSANSD.TTF', 'LSANSDI.TTF', 'LSANSI.TTF', 'LTYPE.TTF', 'LTYPEB.TTF', 'LTYPEBO.TTF', 'LTYPEO.TTF', 'lucon.ttf', 'l_10646.ttf', 'MAGNETOB.TTF', 'MAIAN.TTF', 'malgun.ttf', 'malgunbd.ttf', 'malgunsl.ttf', 'marlett.ttf', 'MATURASC.TTF', 'micross.ttf', 'mingliub.ttc', 'MISTRAL.TTF', 'mmrtext.ttf', 'mmrtextb.ttf', 'MOD20.TTF', 'modern.fon', 'monbaiti.ttf', 'msgothic.ttc', 'msjh.ttc', 'msjhbd.ttc', 'msjhl.ttc', 'msyh.ttc', 'msyhbd.ttc', 'msyhl.ttc', 'msyi.ttf', 'MTCORSVA.TTF', 'MTEXTRA.TTF', 'mvboli.ttf', 'NIAGENG.TTF', 'NIAGSOL.TTF', 'Nirmala.ttf', 'NirmalaB.ttf', 'NirmalaS.ttf', 'ntailu.ttf', 'ntailub.ttf', 'NumberOnly.ttf', 'OCRAEXT.TTF', 'OLDENGL.TTF', 'ONYX.TTF', 'OUTLOOK.TTF', 'pala.ttf', 'palab.ttf', 'palabi.ttf', 'palai.ttf', 'PALSCRI.TTF', 'PAPYRUS.TTF', 'PARCHM.TTF', 'PERBI___.TTF', 'PERB____.TTF', 'PERI____.TTF', 'PERTIBD.TTF', 'PERTILI.TTF', 'PER_____.TTF', 'phagspa.ttf', 'phagspab.ttf', 'PLAYBILL.TTF', 'POORICH.TTF', 'PRISTINA.TTF', 'RAGE.TTF', 'RAVIE.TTF', 'REFSAN.TTF', 'REFSPCL.TTF', 'ROCCB___.TTF', 'ROCC____.TTF', 'ROCK.TTF', 'ROCKB.TTF', 'ROCKBI.TTF', 'ROCKEB.TTF', 'ROCKI.TTF', 'roman.fon', 's8514fix.fon', 's8514oem.fon', 's8514sys.fon', 'SCHLBKB.TTF', 'SCHLBKBI.TTF', 'SCHLBKI.TTF', 'script.fon', 'SCRIPTBL.TTF', 'segmdl2.ttf', 'SegoeIcons.ttf', 'segoepr.ttf', 'segoeprb.ttf', 'segoesc.ttf', 'segoescb.ttf', 'segoeui.ttf', 'segoeuib.ttf', 'segoeuii.ttf', 'segoeuil.ttf', 'segoeuisl.ttf', 'segoeuiz.ttf', 'seguibl.ttf', 'seguibli.ttf', 'seguiemj.ttf', 'seguihis.ttf', 'seguili.ttf', 'seguisb.ttf', 'seguisbi.ttf', 'seguisli.ttf', 'seguisym.ttf', 'SegUIVar.ttf', 'sere1255.fon', 'sere1256.fon', 'sere1257.fon', 'serf1255.fon', 'serf1256.fon', 'serf1257.fon', 'serife.fon', 'serifee.fon', 'serifeg.fon', 'serifer.fon', 'serifet.fon', 'seriff.fon', 'seriffe.fon', 'seriffg.fon', 'seriffr.fon', 'serifft.fon', 'SHOWG.TTF', 'simfang.ttf', 'simhei.ttf', 'simkai.ttf', 'SIMLI.TTF', 'simsun.ttc', 'simsunb.ttf', 'SIMYOU.TTF', 'SitkaVF-Italic.ttf', 'SitkaVF.ttf', 'smae1255.fon', 'smae1256.fon', 'smae1257.fon', 'smaf1255.fon', 'smaf1256.fon', 'smaf1257.fon', 'smalle.fon', 'smallee.fon', 'smalleg.fon', 'smaller.fon', 'smallet.fon', 'smallf.fon', 'smallfe.fon', 'smallfg.fon', 'smallfr.fon', 'smallft.fon', 'SNAP____.TTF', 'ssee1255.fon', 'ssee1256.fon', 'ssee1257.fon', 'ssee874.fon', 'ssef1255.fon', 'ssef1256.fon', 'ssef1257.fon', 'ssef874.fon', 'sserife.fon', 'sserifee.fon', 'sserifeg.fon', 'sserifer.fon', 'sserifet.fon', 'sseriff.fon', 'sseriffe.fon', 'sseriffg.fon', 'sseriffr.fon', 'sserifft.fon', 'StaticCache.dat', 'STCAIYUN.TTF', 'STENCIL.TTF', 'STFANGSO.TTF', 'STHUPO.TTF', 'STKAITI.TTF', 'STLITI.TTF', 'STSONG.TTF', 'STXIHEI.TTF', 'STXINGKA.TTF', 'STXINWEI.TTF', 'STZHONGS.TTF', 'svgafix.fon', 'svgasys.fon', 'sylfaen.ttf', 'symbol.ttf', 'tahoma.ttf', 'tahomabd.ttf', 'taile.ttf', 'taileb.ttf', 'TCBI____.TTF', 'TCB_____.TTF', 'TCCB____.TTF', 'TCCEB.TTF', 'TCCM____.TTF', 'TCMI____.TTF', 'TCM_____.TTF', 'TEMPSITC.TTF', 'times.ttf', 'timesbd.ttf', 'timesbi.ttf', 'timesi.ttf', 'trebuc.ttf', 'trebucbd.ttf', 'trebucbi.ttf', 'trebucit.ttf', 'verdana.ttf', 'verdanab.ttf', 'verdanai.ttf', 'verdanaz.ttf', 'vga737.fon', 'vga775.fon', 'vga850.fon', 'vga852.fon', 'vga855.fon', 'vga857.fon', 'vga860.fon', 'vga861.fon', 'vga863.fon', 'vga865.fon', 'vga866.fon', 'vga869.fon', 'vga932.fon', 'vga936.fon', 'vga949.fon', 'vga950.fon', 'vgaf1255.fon', 'vgaf1256.fon', 'vgaf1257.fon', 'vgaf874.fon', 'vgafix.fon', 'vgafixe.fon', 'vgafixg.fon', 'vgafixr.fon', 'vgafixt.fon', 'vgaoem.fon', 'vgas1255.fon', 'vgas1256.fon', 'vgas1257.fon', 'vgas874.fon', 'vgasys.fon', 'vgasyse.fon', 'vgasysg.fon', 'vgasysr.fon', 'vgasyst.fon', 'VINERITC.TTF', 'VIVALDII.TTF', 'VLADIMIR.TTF', 'webdings.ttf', 'wingding.ttf', 'WINGDNG2.TTF', 'WINGDNG3.TTF', 'YuGothB.ttc', 'YuGothL.ttc', 'YuGothM.ttc', 'YuGothR.ttc', '\u534e\u5eb7\u65b9\u5706\u4f53W7.TTC', '\u65b9\u6b63\u7c97\u9ed1\u5b8b\u7b80\u4f53.ttf']
2023-09-27 14:59:36,593 - INFO - all fonts installed:['8514fix.fon', '8514fixe.fon', '8514fixg.fon', '8514fixr.fon', '8514fixt.fon', '8514oem.fon', '8514oeme.fon', '8514oemg.fon', '8514oemr.fon', '8514oemt.fon', '8514sys.fon', '8514syse.fon', '8514sysg.fon', '8514sysr.fon', '8514syst.fon', '85775.fon', '85855.fon', '85f1255.fon', '85f1256.fon', '85f1257.fon', '85f874.fon', '85s1255.fon', '85s1256.fon', '85s1257.fon', '85s874.fon', 'AGENCYB.TTF', 'AGENCYR.TTF', 'ALGER.TTF', 'ANTQUAB.TTF', 'ANTQUABI.TTF', 'ANTQUAI.TTF', 'app775.fon', 'app850.fon', 'app852.fon', 'app855.fon', 'app857.fon', 'app866.fon', 'app932.fon', 'app936.fon', 'app949.fon', 'app950.fon', 'arial.ttf', 'arialbd.ttf', 'arialbi.ttf', 'ariali.ttf', 'ARIALN.TTF', 'ARIALNB.TTF', 'ARIALNBI.TTF', 'ARIALNI.TTF', 'ariblk.ttf', 'ARLRDBD.TTF', 'AxureHandwriting-Bold.otf', 'AxureHandwriting-BoldItalic.otf', 'AxureHandwriting-Italic.otf', 'AxureHandwriting.otf', 'bahnschrift.ttf', 'BASKVILL.TTF', 'BAUHS93.TTF', 'BELL.TTF', 'BELLB.TTF', 'BELLI.TTF', 'BERNHC.TTF', 'BKANT.TTF', 'BOD_B.TTF', 'BOD_BI.TTF', 'BOD_BLAI.TTF', 'BOD_BLAR.TTF', 'BOD_CB.TTF', 'BOD_CBI.TTF', 'BOD_CI.TTF', 'BOD_CR.TTF', 'BOD_I.TTF', 'BOD_PSTC.TTF', 'BOD_R.TTF', 'BOOKOS.TTF', 'BOOKOSB.TTF', 'BOOKOSBI.TTF', 'BOOKOSI.TTF', 'BRADHITC.TTF', 'BRITANIC.TTF', 'BRLNSB.TTF', 'BRLNSDB.TTF', 'BRLNSR.TTF', 'BROADW.TTF', 'BRUSHSCI.TTF', 'BSSYM7.TTF', 'c8514fix.fon', 'c8514oem.fon', 'c8514sys.fon', 'calibri.ttf', 'calibrib.ttf', 'calibrii.ttf', 'calibril.ttf', 'calibrili.ttf', 'calibriz.ttf', 'CALIFB.TTF', 'CALIFI.TTF', 'CALIFR.TTF', 'CALIST.TTF', 'CALISTB.TTF', 'CALISTBI.TTF', 'CALISTI.TTF', 'cambria.ttc', 'cambriab.ttf', 'cambriai.ttf', 'cambriaz.ttf', 'Candara.ttf', 'Candarab.ttf', 'Candarai.ttf', 'Candaral.ttf', 'Candarali.ttf', 'Candaraz.ttf', 'CascadiaCode.ttf', 'CascadiaMono.ttf', 'CASTELAR.TTF', 'CENSCBK.TTF', 'CENTAUR.TTF', 'CENTURY.TTF', 'cga40737.fon', 'cga40850.fon', 'cga40852.fon', 'cga40857.fon', 'cga40866.fon', 'cga40869.fon', 'cga40woa.fon', 'cga80737.fon', 'cga80850.fon', 'cga80852.fon', 'cga80857.fon', 'cga80866.fon', 'cga80869.fon', 'cga80woa.fon', 'CHILLER.TTF', 'COLONNA.TTF', 'comic.ttf', 'comicbd.ttf', 'comici.ttf', 'comicz.ttf', 'consola.ttf', 'consolab.ttf', 'consolai.ttf', 'consolaz.ttf', 'constan.ttf', 'constanb.ttf', 'constani.ttf', 'constanz.ttf', 'COOPBL.TTF', 'COPRGTB.TTF', 'COPRGTL.TTF', 'corbel.ttf', 'corbelb.ttf', 'corbeli.ttf', 'corbell.ttf', 'corbelli.ttf', 'corbelz.ttf', 'coue1255.fon', 'coue1256.fon', 'coue1257.fon', 'couf1255.fon', 'couf1256.fon', 'couf1257.fon', 'cour.ttf', 'courbd.ttf', 'courbi.ttf', 'coure.fon', 'couree.fon', 'coureg.fon', 'courer.fon', 'couret.fon', 'courf.fon', 'courfe.fon', 'courfg.fon', 'courfr.fon', 'courft.fon', 'couri.ttf', 'CURLZ___.TTF', 'cvgafix.fon', 'cvgasys.fon', 'Deng.ttf', 'Dengb.ttf', 'Dengl.ttf', 'desktop.ini', 'dos737.fon', 'dos869.fon', 'dosapp.fon', 'DUBAI-BOLD.TTF', 'DUBAI-LIGHT.TTF', 'DUBAI-MEDIUM.TTF', 'DUBAI-REGULAR.TTF', 'ebrima.ttf', 'ebrimabd.ttf', 'ega40737.fon', 'ega40850.fon', 'ega40852.fon', 'ega40857.fon', 'ega40866.fon', 'ega40869.fon', 'ega40woa.fon', 'ega80737.fon', 'ega80850.fon', 'ega80852.fon', 'ega80857.fon', 'ega80866.fon', 'ega80869.fon', 'ega80woa.fon', 'ELEPHNT.TTF', 'ELEPHNTI.TTF', 'ENGR.TTF', 'ERASBD.TTF', 'ERASDEMI.TTF', 'ERASLGHT.TTF', 'ERASMD.TTF', 'FELIXTI.TTF', 'fms_metadata.xml', 'FORTE.TTF', 'FRABK.TTF', 'FRABKIT.TTF', 'FRADM.TTF', 'FRADMCN.TTF', 'FRADMIT.TTF', 'FRAHV.TTF', 'FRAHVIT.TTF', 'framd.ttf', 'FRAMDCN.TTF', 'framdit.ttf', 'FREESCPT.TTF', 'FRSCRIPT.TTF', 'FTLTLT.TTF', 'FZSTK.TTF', 'FZYTK.TTF', 'Gabriola.ttf', 'gadugi.ttf', 'gadugib.ttf', 'GARA.TTF', 'GARABD.TTF', 'GARAIT.TTF', 'georgia.ttf', 'georgiab.ttf', 'georgiai.ttf', 'georgiaz.ttf', 'GIGI.TTF', 'GILBI___.TTF', 'GILB____.TTF', 'GILC____.TTF', 'GILI____.TTF', 'GILLUBCD.TTF', 'GILSANUB.TTF', 'GIL_____.TTF', 'GLECB.TTF', 'GlobalMonospace.CompositeFont', 'GlobalSansSerif.CompositeFont', 'GlobalSerif.CompositeFont', 'GlobalUserInterface.CompositeFont', 'GLSNECB.TTF', 'GOTHIC.TTF', 'GOTHICB.TTF', 'GOTHICBI.TTF', 'GOTHICI.TTF', 'GOUDOS.TTF', 'GOUDOSB.TTF', 'GOUDOSI.TTF', 'GOUDYSTO.TTF', 'h8514fix.fon', 'h8514oem.fon', 'h8514sys.fon', 'HARLOWSI.TTF', 'HARNGTON.TTF', 'HATTEN.TTF', 'HGB1X_CNKI.ttf', 'HGB1_CNKI.ttf', 'HGB2X_CNKI.ttf', 'HGB2_CNKI.ttf', 'HGB3X_CNKI.ttf', 'HGB3_CNKI.ttf', 'HGB4X_CNKI.ttf', 'HGB4_CNKI.ttf', 'HGB5X_CNKI.ttf', 'HGB5_CNKI.ttf', 'HGB6X_CNKI.ttf', 'HGB6_CNKI.ttf', 'HGB7X_CNKI.ttf', 'HGB7_CNKI.ttf', 'HGB8X_CNKI.ttf', 'HGB8_CNKI.ttf', 'HGBD_CNKI.ttf', 'HGBKBX_CNKI.ttf', 'HGBKB_CNKI.ttf', 'HGBKHX_CNKI.ttf', 'HGBKH_CNKI.ttf', 'HGBS1_CNKI.TTF', 'HGBS2_CNKI.TTF', 'HGBS_CNKI.TTF', 'HGBTH_CNKI.TTF', 'HGBTS_CNKI.TTF', 'HGBX_CNKI.ttf', 'HGBZ_CNKI.ttf', 'HGCH_CNKI.TTF', 'HGCUH_CNKI.TTF', 'HGCY_CNKI.TTF', 'HGDBS_CNKI.TTF', 'HGDGY_CNKI.TTF', 'HGDH2_CNKI.TTF', 'HGDH_CNKI.TTF', 'HGDYS_CNKI.TTF', 'HGDY_CNKI.ttf', 'HGF1X_CNKI.ttf', 'HGF1_CNKI.ttf', 'HGF2X_CNKI.ttf', 'HGF2_CNKI.ttf', 'HGF3_CNKI.ttf', 'HGF4X_CNKI.ttf', 'HGF4_CNKI.ttf', 'HGF5X_CNKI.ttf', 'HGF5_CNKI.ttf', 'HGF6X_CNKI.ttf', 'HGF6_CNKI.ttf', 'HGF7X_CNKI.ttf', 'HGF7_CNKI.ttf', 'HGF8_CNKI.ttf', 'HGF9X_CNKI.ttf', 'HGF9_CNKI.ttf', 'HGFS1_CNKI.TTF', 'HGFS2_CNKI.TTF', 'HGFSH_CNKI.TTF', 'HGFS_CNKI.TTF', 'HGFX_CNKI.ttf', 'HGFZ_CNKI.ttf', 'HGGG_CNKI.TTF', 'HGH1X_CNKI.ttf', 'HGH1_CNKI.ttf', 'HGH2X_CNKI.ttf', 'HGH2_CNKI.ttf', 'HGH3X_CNKI.ttf', 'HGH3_CNKI.ttf', 'HGH4X_CNKI.ttf', 'HGH4_CNKI.ttf', 'HGH5X_CNKI.ttf', 'HGH5_CNKI.ttf', 'HGH6X_CNKI.ttf', 'HGH6_CNKI.ttf', 'HGH7X_CNKI.ttf', 'HGH7_CNKI.ttf', 'HGHB_CNKI.TTF', 'HGHD_CNKI.ttf', 'HGHP_CNKI.TTF', 'HGHT1_CNKI.ttf', 'HGHT2_CNKI.ttf', 'HGHUATI_CNKI.ttf', 'HGHX_CNKI.ttf', 'HGHZ_CNKI.ttf', 'HGH_CNKI.TTF', 'HGKT1_CNKI.TTF', 'HGKT2_CNKI.TTF', 'HGKT_CNKI.TTF', 'HGKY_CNKI.ttf', 'HGLB_CNKI.TTF', 'HGLS_CNKI.TTF', 'HGMH_CNKI.TTF', 'HGNBS_CNKI.ttf', 'HGOCR_CNKI.ttf', 'HGPH_CNKI.TTF', 'HGPTY_CNKI.TTF', 'HGSS1_CNKI.TTF', 'HGSS2_CNKI.TTF', 'HGSS_CNKI.TTF', 'HGSXT_CNKI.ttf', 'HGTT_CNKI.ttf', 'HGTX_CNKI.TTF', 'HGWT_CNKI.TTF', 'HGWYS_CNKI.TTF', 'HGX1X_CNKI.ttf', 'HGX1_CNKI.ttf', 'HGXBS_CNKI.TTF', 'HGXC_CNKI.TTF', 'HGXF1_CNKI.ttf', 'HGXFX_CNKI.ttf', 'HGXFZ_CNKI.ttf', 'HGXH1_CNKI.TTF', 'HGXH_CNKI.TTF', 'HGXK_CNKI.TTF', 'HGXL_CNKI.TTF', 'HGXS_CNKI.TTF', 'HGXT_CNKI.ttf', 'HGXY_CNKI.ttf', 'HGY1_CNKI.TTF', 'HGY2_CNKI.TTF', 'HGY3_CNKI.TTF', 'HGY4_CNKI.TTF', 'HGYB_CNKI.ttf', 'HGYT1_CNKI.ttf', 'HGYT2_CNKI.ttf', 'HGYT_CNKI.TTF', 'HGYX_CNKI.TTF', 'HGZCS_CNKI.TTF', 'HGZDX_CNKI.TTF', 'HGZK_CNKI.TTF', 'HGZYT_CNKI.TTF', 'HGZY_CNKI.TTF', 'himalaya.ttf', 'holomdl2.ttf', 'HTOWERT.TTF', 'HTOWERTI.TTF', 'hvgafix.fon', 'hvgasys.fon', 'impact.ttf', 'IMPRISHA.TTF', 'INFROMAN.TTF', 'Inkfree.ttf', 'iqiyi_logov7.ttf', 'ITCBLKAD.TTF', 'ITCEDSCR.TTF', 'ITCKRIST.TTF', 'j8514fix.fon', 'j8514oem.fon', 'j8514sys.fon', 'javatext.ttf', 'JOKERMAN.TTF', 'jsmalle.fon', 'jsmallf.fon', 'JUICE___.TTF', 'jvgafix.fon', 'jvgasys.fon', 'KUNSTLER.TTF', 'LATINWD.TTF', 'LBRITE.TTF', 'LBRITED.TTF', 'LBRITEDI.TTF', 'LBRITEI.TTF', 'LCALLIG.TTF', 'LeelaUIb.ttf', 'LeelawUI.ttf', 'LeelUIsl.ttf', 'LFAX.TTF', 'LFAXD.TTF', 'LFAXDI.TTF', 'LFAXI.TTF', 'LHANDW.TTF', 'LSANS.TTF', 'LSANSD.TTF', 'LSANSDI.TTF', 'LSANSI.TTF', 'LTYPE.TTF', 'LTYPEB.TTF', 'LTYPEBO.TTF', 'LTYPEO.TTF', 'lucon.ttf', 'l_10646.ttf', 'MAGNETOB.TTF', 'MAIAN.TTF', 'malgun.ttf', 'malgunbd.ttf', 'malgunsl.ttf', 'marlett.ttf', 'MATURASC.TTF', 'micross.ttf', 'mingliub.ttc', 'MISTRAL.TTF', 'mmrtext.ttf', 'mmrtextb.ttf', 'MOD20.TTF', 'modern.fon', 'monbaiti.ttf', 'msgothic.ttc', 'msjh.ttc', 'msjhbd.ttc', 'msjhl.ttc', 'msyh.ttc', 'msyhbd.ttc', 'msyhl.ttc', 'msyi.ttf', 'MTCORSVA.TTF', 'MTEXTRA.TTF', 'mvboli.ttf', 'NIAGENG.TTF', 'NIAGSOL.TTF', 'Nirmala.ttf', 'NirmalaB.ttf', 'NirmalaS.ttf', 'ntailu.ttf', 'ntailub.ttf', 'NumberOnly.ttf', 'OCRAEXT.TTF', 'OLDENGL.TTF', 'ONYX.TTF', 'OUTLOOK.TTF', 'pala.ttf', 'palab.ttf', 'palabi.ttf', 'palai.ttf', 'PALSCRI.TTF', 'PAPYRUS.TTF', 'PARCHM.TTF', 'PERBI___.TTF', 'PERB____.TTF', 'PERI____.TTF', 'PERTIBD.TTF', 'PERTILI.TTF', 'PER_____.TTF', 'phagspa.ttf', 'phagspab.ttf', 'PLAYBILL.TTF', 'POORICH.TTF', 'PRISTINA.TTF', 'RAGE.TTF', 'RAVIE.TTF', 'REFSAN.TTF', 'REFSPCL.TTF', 'ROCCB___.TTF', 'ROCC____.TTF', 'ROCK.TTF', 'ROCKB.TTF', 'ROCKBI.TTF', 'ROCKEB.TTF', 'ROCKI.TTF', 'roman.fon', 's8514fix.fon', 's8514oem.fon', 's8514sys.fon', 'SCHLBKB.TTF', 'SCHLBKBI.TTF', 'SCHLBKI.TTF', 'script.fon', 'SCRIPTBL.TTF', 'segmdl2.ttf', 'SegoeIcons.ttf', 'segoepr.ttf', 'segoeprb.ttf', 'segoesc.ttf', 'segoescb.ttf', 'segoeui.ttf', 'segoeuib.ttf', 'segoeuii.ttf', 'segoeuil.ttf', 'segoeuisl.ttf', 'segoeuiz.ttf', 'seguibl.ttf', 'seguibli.ttf', 'seguiemj.ttf', 'seguihis.ttf', 'seguili.ttf', 'seguisb.ttf', 'seguisbi.ttf', 'seguisli.ttf', 'seguisym.ttf', 'SegUIVar.ttf', 'sere1255.fon', 'sere1256.fon', 'sere1257.fon', 'serf1255.fon', 'serf1256.fon', 'serf1257.fon', 'serife.fon', 'serifee.fon', 'serifeg.fon', 'serifer.fon', 'serifet.fon', 'seriff.fon', 'seriffe.fon', 'seriffg.fon', 'seriffr.fon', 'serifft.fon', 'SHOWG.TTF', 'simfang.ttf', 'simhei.ttf', 'simkai.ttf', 'SIMLI.TTF', 'simsun.ttc', 'simsunb.ttf', 'SIMYOU.TTF', 'SitkaVF-Italic.ttf', 'SitkaVF.ttf', 'smae1255.fon', 'smae1256.fon', 'smae1257.fon', 'smaf1255.fon', 'smaf1256.fon', 'smaf1257.fon', 'smalle.fon', 'smallee.fon', 'smalleg.fon', 'smaller.fon', 'smallet.fon', 'smallf.fon', 'smallfe.fon', 'smallfg.fon', 'smallfr.fon', 'smallft.fon', 'SNAP____.TTF', 'ssee1255.fon', 'ssee1256.fon', 'ssee1257.fon', 'ssee874.fon', 'ssef1255.fon', 'ssef1256.fon', 'ssef1257.fon', 'ssef874.fon', 'sserife.fon', 'sserifee.fon', 'sserifeg.fon', 'sserifer.fon', 'sserifet.fon', 'sseriff.fon', 'sseriffe.fon', 'sseriffg.fon', 'sseriffr.fon', 'sserifft.fon', 'StaticCache.dat', 'STCAIYUN.TTF', 'STENCIL.TTF', 'STFANGSO.TTF', 'STHUPO.TTF', 'STKAITI.TTF', 'STLITI.TTF', 'STSONG.TTF', 'STXIHEI.TTF', 'STXINGKA.TTF', 'STXINWEI.TTF', 'STZHONGS.TTF', 'svgafix.fon', 'svgasys.fon', 'sylfaen.ttf', 'symbol.ttf', 'tahoma.ttf', 'tahomabd.ttf', 'taile.ttf', 'taileb.ttf', 'TCBI____.TTF', 'TCB_____.TTF', 'TCCB____.TTF', 'TCCEB.TTF', 'TCCM____.TTF', 'TCMI____.TTF', 'TCM_____.TTF', 'TEMPSITC.TTF', 'times.ttf', 'timesbd.ttf', 'timesbi.ttf', 'timesi.ttf', 'trebuc.ttf', 'trebucbd.ttf', 'trebucbi.ttf', 'trebucit.ttf', 'verdana.ttf', 'verdanab.ttf', 'verdanai.ttf', 'verdanaz.ttf', 'vga737.fon', 'vga775.fon', 'vga850.fon', 'vga852.fon', 'vga855.fon', 'vga857.fon', 'vga860.fon', 'vga861.fon', 'vga863.fon', 'vga865.fon', 'vga866.fon', 'vga869.fon', 'vga932.fon', 'vga936.fon', 'vga949.fon', 'vga950.fon', 'vgaf1255.fon', 'vgaf1256.fon', 'vgaf1257.fon', 'vgaf874.fon', 'vgafix.fon', 'vgafixe.fon', 'vgafixg.fon', 'vgafixr.fon', 'vgafixt.fon', 'vgaoem.fon', 'vgas1255.fon', 'vgas1256.fon', 'vgas1257.fon', 'vgas874.fon', 'vgasys.fon', 'vgasyse.fon', 'vgasysg.fon', 'vgasysr.fon', 'vgasyst.fon', 'VINERITC.TTF', 'VIVALDII.TTF', 'VLADIMIR.TTF', 'webdings.ttf', 'wingding.ttf', 'WINGDNG2.TTF', 'WINGDNG3.TTF', 'YuGothB.ttc', 'YuGothL.ttc', 'YuGothM.ttc', 'YuGothR.ttc', '\u534e\u5eb7\u65b9\u5706\u4f53W7.TTC', '\u65b9\u6b63\u7c97\u9ed1\u5b8b\u7b80\u4f53.ttf']
2023-09-27 14:59:36,842 - INFO - all fonts installed:['8514fix.fon', '8514fixe.fon', '8514fixg.fon', '8514fixr.fon', '8514fixt.fon', '8514oem.fon', '8514oeme.fon', '8514oemg.fon', '8514oemr.fon', '8514oemt.fon', '8514sys.fon', '8514syse.fon', '8514sysg.fon', '8514sysr.fon', '8514syst.fon', '85775.fon', '85855.fon', '85f1255.fon', '85f1256.fon', '85f1257.fon', '85f874.fon', '85s1255.fon', '85s1256.fon', '85s1257.fon', '85s874.fon', 'AGENCYB.TTF', 'AGENCYR.TTF', 'ALGER.TTF', 'ANTQUAB.TTF', 'ANTQUABI.TTF', 'ANTQUAI.TTF', 'app775.fon', 'app850.fon', 'app852.fon', 'app855.fon', 'app857.fon', 'app866.fon', 'app932.fon', 'app936.fon', 'app949.fon', 'app950.fon', 'arial.ttf', 'arialbd.ttf', 'arialbi.ttf', 'ariali.ttf', 'ARIALN.TTF', 'ARIALNB.TTF', 'ARIALNBI.TTF', 'ARIALNI.TTF', 'ariblk.ttf', 'ARLRDBD.TTF', 'AxureHandwriting-Bold.otf', 'AxureHandwriting-BoldItalic.otf', 'AxureHandwriting-Italic.otf', 'AxureHandwriting.otf', 'bahnschrift.ttf', 'BASKVILL.TTF', 'BAUHS93.TTF', 'BELL.TTF', 'BELLB.TTF', 'BELLI.TTF', 'BERNHC.TTF', 'BKANT.TTF', 'BOD_B.TTF', 'BOD_BI.TTF', 'BOD_BLAI.TTF', 'BOD_BLAR.TTF', 'BOD_CB.TTF', 'BOD_CBI.TTF', 'BOD_CI.TTF', 'BOD_CR.TTF', 'BOD_I.TTF', 'BOD_PSTC.TTF', 'BOD_R.TTF', 'BOOKOS.TTF', 'BOOKOSB.TTF', 'BOOKOSBI.TTF', 'BOOKOSI.TTF', 'BRADHITC.TTF', 'BRITANIC.TTF', 'BRLNSB.TTF', 'BRLNSDB.TTF', 'BRLNSR.TTF', 'BROADW.TTF', 'BRUSHSCI.TTF', 'BSSYM7.TTF', 'c8514fix.fon', 'c8514oem.fon', 'c8514sys.fon', 'calibri.ttf', 'calibrib.ttf', 'calibrii.ttf', 'calibril.ttf', 'calibrili.ttf', 'calibriz.ttf', 'CALIFB.TTF', 'CALIFI.TTF', 'CALIFR.TTF', 'CALIST.TTF', 'CALISTB.TTF', 'CALISTBI.TTF', 'CALISTI.TTF', 'cambria.ttc', 'cambriab.ttf', 'cambriai.ttf', 'cambriaz.ttf', 'Candara.ttf', 'Candarab.ttf', 'Candarai.ttf', 'Candaral.ttf', 'Candarali.ttf', 'Candaraz.ttf', 'CascadiaCode.ttf', 'CascadiaMono.ttf', 'CASTELAR.TTF', 'CENSCBK.TTF', 'CENTAUR.TTF', 'CENTURY.TTF', 'cga40737.fon', 'cga40850.fon', 'cga40852.fon', 'cga40857.fon', 'cga40866.fon', 'cga40869.fon', 'cga40woa.fon', 'cga80737.fon', 'cga80850.fon', 'cga80852.fon', 'cga80857.fon', 'cga80866.fon', 'cga80869.fon', 'cga80woa.fon', 'CHILLER.TTF', 'COLONNA.TTF', 'comic.ttf', 'comicbd.ttf', 'comici.ttf', 'comicz.ttf', 'consola.ttf', 'consolab.ttf', 'consolai.ttf', 'consolaz.ttf', 'constan.ttf', 'constanb.ttf', 'constani.ttf', 'constanz.ttf', 'COOPBL.TTF', 'COPRGTB.TTF', 'COPRGTL.TTF', 'corbel.ttf', 'corbelb.ttf', 'corbeli.ttf', 'corbell.ttf', 'corbelli.ttf', 'corbelz.ttf', 'coue1255.fon', 'coue1256.fon', 'coue1257.fon', 'couf1255.fon', 'couf1256.fon', 'couf1257.fon', 'cour.ttf', 'courbd.ttf', 'courbi.ttf', 'coure.fon', 'couree.fon', 'coureg.fon', 'courer.fon', 'couret.fon', 'courf.fon', 'courfe.fon', 'courfg.fon', 'courfr.fon', 'courft.fon', 'couri.ttf', 'CURLZ___.TTF', 'cvgafix.fon', 'cvgasys.fon', 'Deng.ttf', 'Dengb.ttf', 'Dengl.ttf', 'desktop.ini', 'dos737.fon', 'dos869.fon', 'dosapp.fon', 'DUBAI-BOLD.TTF', 'DUBAI-LIGHT.TTF', 'DUBAI-MEDIUM.TTF', 'DUBAI-REGULAR.TTF', 'ebrima.ttf', 'ebrimabd.ttf', 'ega40737.fon', 'ega40850.fon', 'ega40852.fon', 'ega40857.fon', 'ega40866.fon', 'ega40869.fon', 'ega40woa.fon', 'ega80737.fon', 'ega80850.fon', 'ega80852.fon', 'ega80857.fon', 'ega80866.fon', 'ega80869.fon', 'ega80woa.fon', 'ELEPHNT.TTF', 'ELEPHNTI.TTF', 'ENGR.TTF', 'ERASBD.TTF', 'ERASDEMI.TTF', 'ERASLGHT.TTF', 'ERASMD.TTF', 'FELIXTI.TTF', 'fms_metadata.xml', 'FORTE.TTF', 'FRABK.TTF', 'FRABKIT.TTF', 'FRADM.TTF', 'FRADMCN.TTF', 'FRADMIT.TTF', 'FRAHV.TTF', 'FRAHVIT.TTF', 'framd.ttf', 'FRAMDCN.TTF', 'framdit.ttf', 'FREESCPT.TTF', 'FRSCRIPT.TTF', 'FTLTLT.TTF', 'FZSTK.TTF', 'FZYTK.TTF', 'Gabriola.ttf', 'gadugi.ttf', 'gadugib.ttf', 'GARA.TTF', 'GARABD.TTF', 'GARAIT.TTF', 'georgia.ttf', 'georgiab.ttf', 'georgiai.ttf', 'georgiaz.ttf', 'GIGI.TTF', 'GILBI___.TTF', 'GILB____.TTF', 'GILC____.TTF', 'GILI____.TTF', 'GILLUBCD.TTF', 'GILSANUB.TTF', 'GIL_____.TTF', 'GLECB.TTF', 'GlobalMonospace.CompositeFont', 'GlobalSansSerif.CompositeFont', 'GlobalSerif.CompositeFont', 'GlobalUserInterface.CompositeFont', 'GLSNECB.TTF', 'GOTHIC.TTF', 'GOTHICB.TTF', 'GOTHICBI.TTF', 'GOTHICI.TTF', 'GOUDOS.TTF', 'GOUDOSB.TTF', 'GOUDOSI.TTF', 'GOUDYSTO.TTF', 'h8514fix.fon', 'h8514oem.fon', 'h8514sys.fon', 'HARLOWSI.TTF', 'HARNGTON.TTF', 'HATTEN.TTF', 'HGB1X_CNKI.ttf', 'HGB1_CNKI.ttf', 'HGB2X_CNKI.ttf', 'HGB2_CNKI.ttf', 'HGB3X_CNKI.ttf', 'HGB3_CNKI.ttf', 'HGB4X_CNKI.ttf', 'HGB4_CNKI.ttf', 'HGB5X_CNKI.ttf', 'HGB5_CNKI.ttf', 'HGB6X_CNKI.ttf', 'HGB6_CNKI.ttf', 'HGB7X_CNKI.ttf', 'HGB7_CNKI.ttf', 'HGB8X_CNKI.ttf', 'HGB8_CNKI.ttf', 'HGBD_CNKI.ttf', 'HGBKBX_CNKI.ttf', 'HGBKB_CNKI.ttf', 'HGBKHX_CNKI.ttf', 'HGBKH_CNKI.ttf', 'HGBS1_CNKI.TTF', 'HGBS2_CNKI.TTF', 'HGBS_CNKI.TTF', 'HGBTH_CNKI.TTF', 'HGBTS_CNKI.TTF', 'HGBX_CNKI.ttf', 'HGBZ_CNKI.ttf', 'HGCH_CNKI.TTF', 'HGCUH_CNKI.TTF', 'HGCY_CNKI.TTF', 'HGDBS_CNKI.TTF', 'HGDGY_CNKI.TTF', 'HGDH2_CNKI.TTF', 'HGDH_CNKI.TTF', 'HGDYS_CNKI.TTF', 'HGDY_CNKI.ttf', 'HGF1X_CNKI.ttf', 'HGF1_CNKI.ttf', 'HGF2X_CNKI.ttf', 'HGF2_CNKI.ttf', 'HGF3_CNKI.ttf', 'HGF4X_CNKI.ttf', 'HGF4_CNKI.ttf', 'HGF5X_CNKI.ttf', 'HGF5_CNKI.ttf', 'HGF6X_CNKI.ttf', 'HGF6_CNKI.ttf', 'HGF7X_CNKI.ttf', 'HGF7_CNKI.ttf', 'HGF8_CNKI.ttf', 'HGF9X_CNKI.ttf', 'HGF9_CNKI.ttf', 'HGFS1_CNKI.TTF', 'HGFS2_CNKI.TTF', 'HGFSH_CNKI.TTF', 'HGFS_CNKI.TTF', 'HGFX_CNKI.ttf', 'HGFZ_CNKI.ttf', 'HGGG_CNKI.TTF', 'HGH1X_CNKI.ttf', 'HGH1_CNKI.ttf', 'HGH2X_CNKI.ttf', 'HGH2_CNKI.ttf', 'HGH3X_CNKI.ttf', 'HGH3_CNKI.ttf', 'HGH4X_CNKI.ttf', 'HGH4_CNKI.ttf', 'HGH5X_CNKI.ttf', 'HGH5_CNKI.ttf', 'HGH6X_CNKI.ttf', 'HGH6_CNKI.ttf', 'HGH7X_CNKI.ttf', 'HGH7_CNKI.ttf', 'HGHB_CNKI.TTF', 'HGHD_CNKI.ttf', 'HGHP_CNKI.TTF', 'HGHT1_CNKI.ttf', 'HGHT2_CNKI.ttf', 'HGHUATI_CNKI.ttf', 'HGHX_CNKI.ttf', 'HGHZ_CNKI.ttf', 'HGH_CNKI.TTF', 'HGKT1_CNKI.TTF', 'HGKT2_CNKI.TTF', 'HGKT_CNKI.TTF', 'HGKY_CNKI.ttf', 'HGLB_CNKI.TTF', 'HGLS_CNKI.TTF', 'HGMH_CNKI.TTF', 'HGNBS_CNKI.ttf', 'HGOCR_CNKI.ttf', 'HGPH_CNKI.TTF', 'HGPTY_CNKI.TTF', 'HGSS1_CNKI.TTF', 'HGSS2_CNKI.TTF', 'HGSS_CNKI.TTF', 'HGSXT_CNKI.ttf', 'HGTT_CNKI.ttf', 'HGTX_CNKI.TTF', 'HGWT_CNKI.TTF', 'HGWYS_CNKI.TTF', 'HGX1X_CNKI.ttf', 'HGX1_CNKI.ttf', 'HGXBS_CNKI.TTF', 'HGXC_CNKI.TTF', 'HGXF1_CNKI.ttf', 'HGXFX_CNKI.ttf', 'HGXFZ_CNKI.ttf', 'HGXH1_CNKI.TTF', 'HGXH_CNKI.TTF', 'HGXK_CNKI.TTF', 'HGXL_CNKI.TTF', 'HGXS_CNKI.TTF', 'HGXT_CNKI.ttf', 'HGXY_CNKI.ttf', 'HGY1_CNKI.TTF', 'HGY2_CNKI.TTF', 'HGY3_CNKI.TTF', 'HGY4_CNKI.TTF', 'HGYB_CNKI.ttf', 'HGYT1_CNKI.ttf', 'HGYT2_CNKI.ttf', 'HGYT_CNKI.TTF', 'HGYX_CNKI.TTF', 'HGZCS_CNKI.TTF', 'HGZDX_CNKI.TTF', 'HGZK_CNKI.TTF', 'HGZYT_CNKI.TTF', 'HGZY_CNKI.TTF', 'himalaya.ttf', 'holomdl2.ttf', 'HTOWERT.TTF', 'HTOWERTI.TTF', 'hvgafix.fon', 'hvgasys.fon', 'impact.ttf', 'IMPRISHA.TTF', 'INFROMAN.TTF', 'Inkfree.ttf', 'iqiyi_logov7.ttf', 'ITCBLKAD.TTF', 'ITCEDSCR.TTF', 'ITCKRIST.TTF', 'j8514fix.fon', 'j8514oem.fon', 'j8514sys.fon', 'javatext.ttf', 'JOKERMAN.TTF', 'jsmalle.fon', 'jsmallf.fon', 'JUICE___.TTF', 'jvgafix.fon', 'jvgasys.fon', 'KUNSTLER.TTF', 'LATINWD.TTF', 'LBRITE.TTF', 'LBRITED.TTF', 'LBRITEDI.TTF', 'LBRITEI.TTF', 'LCALLIG.TTF', 'LeelaUIb.ttf', 'LeelawUI.ttf', 'LeelUIsl.ttf', 'LFAX.TTF', 'LFAXD.TTF', 'LFAXDI.TTF', 'LFAXI.TTF', 'LHANDW.TTF', 'LSANS.TTF', 'LSANSD.TTF', 'LSANSDI.TTF', 'LSANSI.TTF', 'LTYPE.TTF', 'LTYPEB.TTF', 'LTYPEBO.TTF', 'LTYPEO.TTF', 'lucon.ttf', 'l_10646.ttf', 'MAGNETOB.TTF', 'MAIAN.TTF', 'malgun.ttf', 'malgunbd.ttf', 'malgunsl.ttf', 'marlett.ttf', 'MATURASC.TTF', 'micross.ttf', 'mingliub.ttc', 'MISTRAL.TTF', 'mmrtext.ttf', 'mmrtextb.ttf', 'MOD20.TTF', 'modern.fon', 'monbaiti.ttf', 'msgothic.ttc', 'msjh.ttc', 'msjhbd.ttc', 'msjhl.ttc', 'msyh.ttc', 'msyhbd.ttc', 'msyhl.ttc', 'msyi.ttf', 'MTCORSVA.TTF', 'MTEXTRA.TTF', 'mvboli.ttf', 'NIAGENG.TTF', 'NIAGSOL.TTF', 'Nirmala.ttf', 'NirmalaB.ttf', 'NirmalaS.ttf', 'ntailu.ttf', 'ntailub.ttf', 'NumberOnly.ttf', 'OCRAEXT.TTF', 'OLDENGL.TTF', 'ONYX.TTF', 'OUTLOOK.TTF', 'pala.ttf', 'palab.ttf', 'palabi.ttf', 'palai.ttf', 'PALSCRI.TTF', 'PAPYRUS.TTF', 'PARCHM.TTF', 'PERBI___.TTF', 'PERB____.TTF', 'PERI____.TTF', 'PERTIBD.TTF', 'PERTILI.TTF', 'PER_____.TTF', 'phagspa.ttf', 'phagspab.ttf', 'PLAYBILL.TTF', 'POORICH.TTF', 'PRISTINA.TTF', 'RAGE.TTF', 'RAVIE.TTF', 'REFSAN.TTF', 'REFSPCL.TTF', 'ROCCB___.TTF', 'ROCC____.TTF', 'ROCK.TTF', 'ROCKB.TTF', 'ROCKBI.TTF', 'ROCKEB.TTF', 'ROCKI.TTF', 'roman.fon', 's8514fix.fon', 's8514oem.fon', 's8514sys.fon', 'SCHLBKB.TTF', 'SCHLBKBI.TTF', 'SCHLBKI.TTF', 'script.fon', 'SCRIPTBL.TTF', 'segmdl2.ttf', 'SegoeIcons.ttf', 'segoepr.ttf', 'segoeprb.ttf', 'segoesc.ttf', 'segoescb.ttf', 'segoeui.ttf', 'segoeuib.ttf', 'segoeuii.ttf', 'segoeuil.ttf', 'segoeuisl.ttf', 'segoeuiz.ttf', 'seguibl.ttf', 'seguibli.ttf', 'seguiemj.ttf', 'seguihis.ttf', 'seguili.ttf', 'seguisb.ttf', 'seguisbi.ttf', 'seguisli.ttf', 'seguisym.ttf', 'SegUIVar.ttf', 'sere1255.fon', 'sere1256.fon', 'sere1257.fon', 'serf1255.fon', 'serf1256.fon', 'serf1257.fon', 'serife.fon', 'serifee.fon', 'serifeg.fon', 'serifer.fon', 'serifet.fon', 'seriff.fon', 'seriffe.fon', 'seriffg.fon', 'seriffr.fon', 'serifft.fon', 'SHOWG.TTF', 'simfang.ttf', 'simhei.ttf', 'simkai.ttf', 'SIMLI.TTF', 'simsun.ttc', 'simsunb.ttf', 'SIMYOU.TTF', 'SitkaVF-Italic.ttf', 'SitkaVF.ttf', 'smae1255.fon', 'smae1256.fon', 'smae1257.fon', 'smaf1255.fon', 'smaf1256.fon', 'smaf1257.fon', 'smalle.fon', 'smallee.fon', 'smalleg.fon', 'smaller.fon', 'smallet.fon', 'smallf.fon', 'smallfe.fon', 'smallfg.fon', 'smallfr.fon', 'smallft.fon', 'SNAP____.TTF', 'ssee1255.fon', 'ssee1256.fon', 'ssee1257.fon', 'ssee874.fon', 'ssef1255.fon', 'ssef1256.fon', 'ssef1257.fon', 'ssef874.fon', 'sserife.fon', 'sserifee.fon', 'sserifeg.fon', 'sserifer.fon', 'sserifet.fon', 'sseriff.fon', 'sseriffe.fon', 'sseriffg.fon', 'sseriffr.fon', 'sserifft.fon', 'StaticCache.dat', 'STCAIYUN.TTF', 'STENCIL.TTF', 'STFANGSO.TTF', 'STHUPO.TTF', 'STKAITI.TTF', 'STLITI.TTF', 'STSONG.TTF', 'STXIHEI.TTF', 'STXINGKA.TTF', 'STXINWEI.TTF', 'STZHONGS.TTF', 'svgafix.fon', 'svgasys.fon', 'sylfaen.ttf', 'symbol.ttf', 'tahoma.ttf', 'tahomabd.ttf', 'taile.ttf', 'taileb.ttf', 'TCBI____.TTF', 'TCB_____.TTF', 'TCCB____.TTF', 'TCCEB.TTF', 'TCCM____.TTF', 'TCMI____.TTF', 'TCM_____.TTF', 'TEMPSITC.TTF', 'times.ttf', 'timesbd.ttf', 'timesbi.ttf', 'timesi.ttf', 'trebuc.ttf', 'trebucbd.ttf', 'trebucbi.ttf', 'trebucit.ttf', 'verdana.ttf', 'verdanab.ttf', 'verdanai.ttf', 'verdanaz.ttf', 'vga737.fon', 'vga775.fon', 'vga850.fon', 'vga852.fon', 'vga855.fon', 'vga857.fon', 'vga860.fon', 'vga861.fon', 'vga863.fon', 'vga865.fon', 'vga866.fon', 'vga869.fon', 'vga932.fon', 'vga936.fon', 'vga949.fon', 'vga950.fon', 'vgaf1255.fon', 'vgaf1256.fon', 'vgaf1257.fon', 'vgaf874.fon', 'vgafix.fon', 'vgafixe.fon', 'vgafixg.fon', 'vgafixr.fon', 'vgafixt.fon', 'vgaoem.fon', 'vgas1255.fon', 'vgas1256.fon', 'vgas1257.fon', 'vgas874.fon', 'vgasys.fon', 'vgasyse.fon', 'vgasysg.fon', 'vgasysr.fon', 'vgasyst.fon', 'VINERITC.TTF', 'VIVALDII.TTF', 'VLADIMIR.TTF', 'webdings.ttf', 'wingding.ttf', 'WINGDNG2.TTF', 'WINGDNG3.TTF', 'YuGothB.ttc', 'YuGothL.ttc', 'YuGothM.ttc', 'YuGothR.ttc', '\u534e\u5eb7\u65b9\u5706\u4f53W7.TTC', '\u65b9\u6b63\u7c97\u9ed1\u5b8b\u7b80\u4f53.ttf']
2023-09-27 14:59:36,846 - INFO - all fonts installed:['8514fix.fon', '8514fixe.fon', '8514fixg.fon', '8514fixr.fon', '8514fixt.fon', '8514oem.fon', '8514oeme.fon', '8514oemg.fon', '8514oemr.fon', '8514oemt.fon', '8514sys.fon', '8514syse.fon', '8514sysg.fon', '8514sysr.fon', '8514syst.fon', '85775.fon', '85855.fon', '85f1255.fon', '85f1256.fon', '85f1257.fon', '85f874.fon', '85s1255.fon', '85s1256.fon', '85s1257.fon', '85s874.fon', 'AGENCYB.TTF', 'AGENCYR.TTF', 'ALGER.TTF', 'ANTQUAB.TTF', 'ANTQUABI.TTF', 'ANTQUAI.TTF', 'app775.fon', 'app850.fon', 'app852.fon', 'app855.fon', 'app857.fon', 'app866.fon', 'app932.fon', 'app936.fon', 'app949.fon', 'app950.fon', 'arial.ttf', 'arialbd.ttf', 'arialbi.ttf', 'ariali.ttf', 'ARIALN.TTF', 'ARIALNB.TTF', 'ARIALNBI.TTF', 'ARIALNI.TTF', 'ariblk.ttf', 'ARLRDBD.TTF', 'AxureHandwriting-Bold.otf', 'AxureHandwriting-BoldItalic.otf', 'AxureHandwriting-Italic.otf', 'AxureHandwriting.otf', 'bahnschrift.ttf', 'BASKVILL.TTF', 'BAUHS93.TTF', 'BELL.TTF', 'BELLB.TTF', 'BELLI.TTF', 'BERNHC.TTF', 'BKANT.TTF', 'BOD_B.TTF', 'BOD_BI.TTF', 'BOD_BLAI.TTF', 'BOD_BLAR.TTF', 'BOD_CB.TTF', 'BOD_CBI.TTF', 'BOD_CI.TTF', 'BOD_CR.TTF', 'BOD_I.TTF', 'BOD_PSTC.TTF', 'BOD_R.TTF', 'BOOKOS.TTF', 'BOOKOSB.TTF', 'BOOKOSBI.TTF', 'BOOKOSI.TTF', 'BRADHITC.TTF', 'BRITANIC.TTF', 'BRLNSB.TTF', 'BRLNSDB.TTF', 'BRLNSR.TTF', 'BROADW.TTF', 'BRUSHSCI.TTF', 'BSSYM7.TTF', 'c8514fix.fon', 'c8514oem.fon', 'c8514sys.fon', 'calibri.ttf', 'calibrib.ttf', 'calibrii.ttf', 'calibril.ttf', 'calibrili.ttf', 'calibriz.ttf', 'CALIFB.TTF', 'CALIFI.TTF', 'CALIFR.TTF', 'CALIST.TTF', 'CALISTB.TTF', 'CALISTBI.TTF', 'CALISTI.TTF', 'cambria.ttc', 'cambriab.ttf', 'cambriai.ttf', 'cambriaz.ttf', 'Candara.ttf', 'Candarab.ttf', 'Candarai.ttf', 'Candaral.ttf', 'Candarali.ttf', 'Candaraz.ttf', 'CascadiaCode.ttf', 'CascadiaMono.ttf', 'CASTELAR.TTF', 'CENSCBK.TTF', 'CENTAUR.TTF', 'CENTURY.TTF', 'cga40737.fon', 'cga40850.fon', 'cga40852.fon', 'cga40857.fon', 'cga40866.fon', 'cga40869.fon', 'cga40woa.fon', 'cga80737.fon', 'cga80850.fon', 'cga80852.fon', 'cga80857.fon', 'cga80866.fon', 'cga80869.fon', 'cga80woa.fon', 'CHILLER.TTF', 'COLONNA.TTF', 'comic.ttf', 'comicbd.ttf', 'comici.ttf', 'comicz.ttf', 'consola.ttf', 'consolab.ttf', 'consolai.ttf', 'consolaz.ttf', 'constan.ttf', 'constanb.ttf', 'constani.ttf', 'constanz.ttf', 'COOPBL.TTF', 'COPRGTB.TTF', 'COPRGTL.TTF', 'corbel.ttf', 'corbelb.ttf', 'corbeli.ttf', 'corbell.ttf', 'corbelli.ttf', 'corbelz.ttf', 'coue1255.fon', 'coue1256.fon', 'coue1257.fon', 'couf1255.fon', 'couf1256.fon', 'couf1257.fon', 'cour.ttf', 'courbd.ttf', 'courbi.ttf', 'coure.fon', 'couree.fon', 'coureg.fon', 'courer.fon', 'couret.fon', 'courf.fon', 'courfe.fon', 'courfg.fon', 'courfr.fon', 'courft.fon', 'couri.ttf', 'CURLZ___.TTF', 'cvgafix.fon', 'cvgasys.fon', 'Deng.ttf', 'Dengb.ttf', 'Dengl.ttf', 'desktop.ini', 'dos737.fon', 'dos869.fon', 'dosapp.fon', 'DUBAI-BOLD.TTF', 'DUBAI-LIGHT.TTF', 'DUBAI-MEDIUM.TTF', 'DUBAI-REGULAR.TTF', 'ebrima.ttf', 'ebrimabd.ttf', 'ega40737.fon', 'ega40850.fon', 'ega40852.fon', 'ega40857.fon', 'ega40866.fon', 'ega40869.fon', 'ega40woa.fon', 'ega80737.fon', 'ega80850.fon', 'ega80852.fon', 'ega80857.fon', 'ega80866.fon', 'ega80869.fon', 'ega80woa.fon', 'ELEPHNT.TTF', 'ELEPHNTI.TTF', 'ENGR.TTF', 'ERASBD.TTF', 'ERASDEMI.TTF', 'ERASLGHT.TTF', 'ERASMD.TTF', 'FELIXTI.TTF', 'fms_metadata.xml', 'FORTE.TTF', 'FRABK.TTF', 'FRABKIT.TTF', 'FRADM.TTF', 'FRADMCN.TTF', 'FRADMIT.TTF', 'FRAHV.TTF', 'FRAHVIT.TTF', 'framd.ttf', 'FRAMDCN.TTF', 'framdit.ttf', 'FREESCPT.TTF', 'FRSCRIPT.TTF', 'FTLTLT.TTF', 'FZSTK.TTF', 'FZYTK.TTF', 'Gabriola.ttf', 'gadugi.ttf', 'gadugib.ttf', 'GARA.TTF', 'GARABD.TTF', 'GARAIT.TTF', 'georgia.ttf', 'georgiab.ttf', 'georgiai.ttf', 'georgiaz.ttf', 'GIGI.TTF', 'GILBI___.TTF', 'GILB____.TTF', 'GILC____.TTF', 'GILI____.TTF', 'GILLUBCD.TTF', 'GILSANUB.TTF', 'GIL_____.TTF', 'GLECB.TTF', 'GlobalMonospace.CompositeFont', 'GlobalSansSerif.CompositeFont', 'GlobalSerif.CompositeFont', 'GlobalUserInterface.CompositeFont', 'GLSNECB.TTF', 'GOTHIC.TTF', 'GOTHICB.TTF', 'GOTHICBI.TTF', 'GOTHICI.TTF', 'GOUDOS.TTF', 'GOUDOSB.TTF', 'GOUDOSI.TTF', 'GOUDYSTO.TTF', 'h8514fix.fon', 'h8514oem.fon', 'h8514sys.fon', 'HARLOWSI.TTF', 'HARNGTON.TTF', 'HATTEN.TTF', 'HGB1X_CNKI.ttf', 'HGB1_CNKI.ttf', 'HGB2X_CNKI.ttf', 'HGB2_CNKI.ttf', 'HGB3X_CNKI.ttf', 'HGB3_CNKI.ttf', 'HGB4X_CNKI.ttf', 'HGB4_CNKI.ttf', 'HGB5X_CNKI.ttf', 'HGB5_CNKI.ttf', 'HGB6X_CNKI.ttf', 'HGB6_CNKI.ttf', 'HGB7X_CNKI.ttf', 'HGB7_CNKI.ttf', 'HGB8X_CNKI.ttf', 'HGB8_CNKI.ttf', 'HGBD_CNKI.ttf', 'HGBKBX_CNKI.ttf', 'HGBKB_CNKI.ttf', 'HGBKHX_CNKI.ttf', 'HGBKH_CNKI.ttf', 'HGBS1_CNKI.TTF', 'HGBS2_CNKI.TTF', 'HGBS_CNKI.TTF', 'HGBTH_CNKI.TTF', 'HGBTS_CNKI.TTF', 'HGBX_CNKI.ttf', 'HGBZ_CNKI.ttf', 'HGCH_CNKI.TTF', 'HGCUH_CNKI.TTF', 'HGCY_CNKI.TTF', 'HGDBS_CNKI.TTF', 'HGDGY_CNKI.TTF', 'HGDH2_CNKI.TTF', 'HGDH_CNKI.TTF', 'HGDYS_CNKI.TTF', 'HGDY_CNKI.ttf', 'HGF1X_CNKI.ttf', 'HGF1_CNKI.ttf', 'HGF2X_CNKI.ttf', 'HGF2_CNKI.ttf', 'HGF3_CNKI.ttf', 'HGF4X_CNKI.ttf', 'HGF4_CNKI.ttf', 'HGF5X_CNKI.ttf', 'HGF5_CNKI.ttf', 'HGF6X_CNKI.ttf', 'HGF6_CNKI.ttf', 'HGF7X_CNKI.ttf', 'HGF7_CNKI.ttf', 'HGF8_CNKI.ttf', 'HGF9X_CNKI.ttf', 'HGF9_CNKI.ttf', 'HGFS1_CNKI.TTF', 'HGFS2_CNKI.TTF', 'HGFSH_CNKI.TTF', 'HGFS_CNKI.TTF', 'HGFX_CNKI.ttf', 'HGFZ_CNKI.ttf', 'HGGG_CNKI.TTF', 'HGH1X_CNKI.ttf', 'HGH1_CNKI.ttf', 'HGH2X_CNKI.ttf', 'HGH2_CNKI.ttf', 'HGH3X_CNKI.ttf', 'HGH3_CNKI.ttf', 'HGH4X_CNKI.ttf', 'HGH4_CNKI.ttf', 'HGH5X_CNKI.ttf', 'HGH5_CNKI.ttf', 'HGH6X_CNKI.ttf', 'HGH6_CNKI.ttf', 'HGH7X_CNKI.ttf', 'HGH7_CNKI.ttf', 'HGHB_CNKI.TTF', 'HGHD_CNKI.ttf', 'HGHP_CNKI.TTF', 'HGHT1_CNKI.ttf', 'HGHT2_CNKI.ttf', 'HGHUATI_CNKI.ttf', 'HGHX_CNKI.ttf', 'HGHZ_CNKI.ttf', 'HGH_CNKI.TTF', 'HGKT1_CNKI.TTF', 'HGKT2_CNKI.TTF', 'HGKT_CNKI.TTF', 'HGKY_CNKI.ttf', 'HGLB_CNKI.TTF', 'HGLS_CNKI.TTF', 'HGMH_CNKI.TTF', 'HGNBS_CNKI.ttf', 'HGOCR_CNKI.ttf', 'HGPH_CNKI.TTF', 'HGPTY_CNKI.TTF', 'HGSS1_CNKI.TTF', 'HGSS2_CNKI.TTF', 'HGSS_CNKI.TTF', 'HGSXT_CNKI.ttf', 'HGTT_CNKI.ttf', 'HGTX_CNKI.TTF', 'HGWT_CNKI.TTF', 'HGWYS_CNKI.TTF', 'HGX1X_CNKI.ttf', 'HGX1_CNKI.ttf', 'HGXBS_CNKI.TTF', 'HGXC_CNKI.TTF', 'HGXF1_CNKI.ttf', 'HGXFX_CNKI.ttf', 'HGXFZ_CNKI.ttf', 'HGXH1_CNKI.TTF', 'HGXH_CNKI.TTF', 'HGXK_CNKI.TTF', 'HGXL_CNKI.TTF', 'HGXS_CNKI.TTF', 'HGXT_CNKI.ttf', 'HGXY_CNKI.ttf', 'HGY1_CNKI.TTF', 'HGY2_CNKI.TTF', 'HGY3_CNKI.TTF', 'HGY4_CNKI.TTF', 'HGYB_CNKI.ttf', 'HGYT1_CNKI.ttf', 'HGYT2_CNKI.ttf', 'HGYT_CNKI.TTF', 'HGYX_CNKI.TTF', 'HGZCS_CNKI.TTF', 'HGZDX_CNKI.TTF', 'HGZK_CNKI.TTF', 'HGZYT_CNKI.TTF', 'HGZY_CNKI.TTF', 'himalaya.ttf', 'holomdl2.ttf', 'HTOWERT.TTF', 'HTOWERTI.TTF', 'hvgafix.fon', 'hvgasys.fon', 'impact.ttf', 'IMPRISHA.TTF', 'INFROMAN.TTF', 'Inkfree.ttf', 'iqiyi_logov7.ttf', 'ITCBLKAD.TTF', 'ITCEDSCR.TTF', 'ITCKRIST.TTF', 'j8514fix.fon', 'j8514oem.fon', 'j8514sys.fon', 'javatext.ttf', 'JOKERMAN.TTF', 'jsmalle.fon', 'jsmallf.fon', 'JUICE___.TTF', 'jvgafix.fon', 'jvgasys.fon', 'KUNSTLER.TTF', 'LATINWD.TTF', 'LBRITE.TTF', 'LBRITED.TTF', 'LBRITEDI.TTF', 'LBRITEI.TTF', 'LCALLIG.TTF', 'LeelaUIb.ttf', 'LeelawUI.ttf', 'LeelUIsl.ttf', 'LFAX.TTF', 'LFAXD.TTF', 'LFAXDI.TTF', 'LFAXI.TTF', 'LHANDW.TTF', 'LSANS.TTF', 'LSANSD.TTF', 'LSANSDI.TTF', 'LSANSI.TTF', 'LTYPE.TTF', 'LTYPEB.TTF', 'LTYPEBO.TTF', 'LTYPEO.TTF', 'lucon.ttf', 'l_10646.ttf', 'MAGNETOB.TTF', 'MAIAN.TTF', 'malgun.ttf', 'malgunbd.ttf', 'malgunsl.ttf', 'marlett.ttf', 'MATURASC.TTF', 'micross.ttf', 'mingliub.ttc', 'MISTRAL.TTF', 'mmrtext.ttf', 'mmrtextb.ttf', 'MOD20.TTF', 'modern.fon', 'monbaiti.ttf', 'msgothic.ttc', 'msjh.ttc', 'msjhbd.ttc', 'msjhl.ttc', 'msyh.ttc', 'msyhbd.ttc', 'msyhl.ttc', 'msyi.ttf', 'MTCORSVA.TTF', 'MTEXTRA.TTF', 'mvboli.ttf', 'NIAGENG.TTF', 'NIAGSOL.TTF', 'Nirmala.ttf', 'NirmalaB.ttf', 'NirmalaS.ttf', 'ntailu.ttf', 'ntailub.ttf', 'NumberOnly.ttf', 'OCRAEXT.TTF', 'OLDENGL.TTF', 'ONYX.TTF', 'OUTLOOK.TTF', 'pala.ttf', 'palab.ttf', 'palabi.ttf', 'palai.ttf', 'PALSCRI.TTF', 'PAPYRUS.TTF', 'PARCHM.TTF', 'PERBI___.TTF', 'PERB____.TTF', 'PERI____.TTF', 'PERTIBD.TTF', 'PERTILI.TTF', 'PER_____.TTF', 'phagspa.ttf', 'phagspab.ttf', 'PLAYBILL.TTF', 'POORICH.TTF', 'PRISTINA.TTF', 'RAGE.TTF', 'RAVIE.TTF', 'REFSAN.TTF', 'REFSPCL.TTF', 'ROCCB___.TTF', 'ROCC____.TTF', 'ROCK.TTF', 'ROCKB.TTF', 'ROCKBI.TTF', 'ROCKEB.TTF', 'ROCKI.TTF', 'roman.fon', 's8514fix.fon', 's8514oem.fon', 's8514sys.fon', 'SCHLBKB.TTF', 'SCHLBKBI.TTF', 'SCHLBKI.TTF', 'script.fon', 'SCRIPTBL.TTF', 'segmdl2.ttf', 'SegoeIcons.ttf', 'segoepr.ttf', 'segoeprb.ttf', 'segoesc.ttf', 'segoescb.ttf', 'segoeui.ttf', 'segoeuib.ttf', 'segoeuii.ttf', 'segoeuil.ttf', 'segoeuisl.ttf', 'segoeuiz.ttf', 'seguibl.ttf', 'seguibli.ttf', 'seguiemj.ttf', 'seguihis.ttf', 'seguili.ttf', 'seguisb.ttf', 'seguisbi.ttf', 'seguisli.ttf', 'seguisym.ttf', 'SegUIVar.ttf', 'sere1255.fon', 'sere1256.fon', 'sere1257.fon', 'serf1255.fon', 'serf1256.fon', 'serf1257.fon', 'serife.fon', 'serifee.fon', 'serifeg.fon', 'serifer.fon', 'serifet.fon', 'seriff.fon', 'seriffe.fon', 'seriffg.fon', 'seriffr.fon', 'serifft.fon', 'SHOWG.TTF', 'simfang.ttf', 'simhei.ttf', 'simkai.ttf', 'SIMLI.TTF', 'simsun.ttc', 'simsunb.ttf', 'SIMYOU.TTF', 'SitkaVF-Italic.ttf', 'SitkaVF.ttf', 'smae1255.fon', 'smae1256.fon', 'smae1257.fon', 'smaf1255.fon', 'smaf1256.fon', 'smaf1257.fon', 'smalle.fon', 'smallee.fon', 'smalleg.fon', 'smaller.fon', 'smallet.fon', 'smallf.fon', 'smallfe.fon', 'smallfg.fon', 'smallfr.fon', 'smallft.fon', 'SNAP____.TTF', 'ssee1255.fon', 'ssee1256.fon', 'ssee1257.fon', 'ssee874.fon', 'ssef1255.fon', 'ssef1256.fon', 'ssef1257.fon', 'ssef874.fon', 'sserife.fon', 'sserifee.fon', 'sserifeg.fon', 'sserifer.fon', 'sserifet.fon', 'sseriff.fon', 'sseriffe.fon', 'sseriffg.fon', 'sseriffr.fon', 'sserifft.fon', 'StaticCache.dat', 'STCAIYUN.TTF', 'STENCIL.TTF', 'STFANGSO.TTF', 'STHUPO.TTF', 'STKAITI.TTF', 'STLITI.TTF', 'STSONG.TTF', 'STXIHEI.TTF', 'STXINGKA.TTF', 'STXINWEI.TTF', 'STZHONGS.TTF', 'svgafix.fon', 'svgasys.fon', 'sylfaen.ttf', 'symbol.ttf', 'tahoma.ttf', 'tahomabd.ttf', 'taile.ttf', 'taileb.ttf', 'TCBI____.TTF', 'TCB_____.TTF', 'TCCB____.TTF', 'TCCEB.TTF', 'TCCM____.TTF', 'TCMI____.TTF', 'TCM_____.TTF', 'TEMPSITC.TTF', 'times.ttf', 'timesbd.ttf', 'timesbi.ttf', 'timesi.ttf', 'trebuc.ttf', 'trebucbd.ttf', 'trebucbi.ttf', 'trebucit.ttf', 'verdana.ttf', 'verdanab.ttf', 'verdanai.ttf', 'verdanaz.ttf', 'vga737.fon', 'vga775.fon', 'vga850.fon', 'vga852.fon', 'vga855.fon', 'vga857.fon', 'vga860.fon', 'vga861.fon', 'vga863.fon', 'vga865.fon', 'vga866.fon', 'vga869.fon', 'vga932.fon', 'vga936.fon', 'vga949.fon', 'vga950.fon', 'vgaf1255.fon', 'vgaf1256.fon', 'vgaf1257.fon', 'vgaf874.fon', 'vgafix.fon', 'vgafixe.fon', 'vgafixg.fon', 'vgafixr.fon', 'vgafixt.fon', 'vgaoem.fon', 'vgas1255.fon', 'vgas1256.fon', 'vgas1257.fon', 'vgas874.fon', 'vgasys.fon', 'vgasyse.fon', 'vgasysg.fon', 'vgasysr.fon', 'vgasyst.fon', 'VINERITC.TTF', 'VIVALDII.TTF', 'VLADIMIR.TTF', 'webdings.ttf', 'wingding.ttf', 'WINGDNG2.TTF', 'WINGDNG3.TTF', 'YuGothB.ttc', 'YuGothL.ttc', 'YuGothM.ttc', 'YuGothR.ttc', '\u534e\u5eb7\u65b9\u5706\u4f53W7.TTC', '\u65b9\u6b63\u7c97\u9ed1\u5b8b\u7b80\u4f53.ttf']
2023-09-27 14:59:36,850 - INFO - all fonts installed:['8514fix.fon', '8514fixe.fon', '8514fixg.fon', '8514fixr.fon', '8514fixt.fon', '8514oem.fon', '8514oeme.fon', '8514oemg.fon', '8514oemr.fon', '8514oemt.fon', '8514sys.fon', '8514syse.fon', '8514sysg.fon', '8514sysr.fon', '8514syst.fon', '85775.fon', '85855.fon', '85f1255.fon', '85f1256.fon', '85f1257.fon', '85f874.fon', '85s1255.fon', '85s1256.fon', '85s1257.fon', '85s874.fon', 'AGENCYB.TTF', 'AGENCYR.TTF', 'ALGER.TTF', 'ANTQUAB.TTF', 'ANTQUABI.TTF', 'ANTQUAI.TTF', 'app775.fon', 'app850.fon', 'app852.fon', 'app855.fon', 'app857.fon', 'app866.fon', 'app932.fon', 'app936.fon', 'app949.fon', 'app950.fon', 'arial.ttf', 'arialbd.ttf', 'arialbi.ttf', 'ariali.ttf', 'ARIALN.TTF', 'ARIALNB.TTF', 'ARIALNBI.TTF', 'ARIALNI.TTF', 'ariblk.ttf', 'ARLRDBD.TTF', 'AxureHandwriting-Bold.otf', 'AxureHandwriting-BoldItalic.otf', 'AxureHandwriting-Italic.otf', 'AxureHandwriting.otf', 'bahnschrift.ttf', 'BASKVILL.TTF', 'BAUHS93.TTF', 'BELL.TTF', 'BELLB.TTF', 'BELLI.TTF', 'BERNHC.TTF', 'BKANT.TTF', 'BOD_B.TTF', 'BOD_BI.TTF', 'BOD_BLAI.TTF', 'BOD_BLAR.TTF', 'BOD_CB.TTF', 'BOD_CBI.TTF', 'BOD_CI.TTF', 'BOD_CR.TTF', 'BOD_I.TTF', 'BOD_PSTC.TTF', 'BOD_R.TTF', 'BOOKOS.TTF', 'BOOKOSB.TTF', 'BOOKOSBI.TTF', 'BOOKOSI.TTF', 'BRADHITC.TTF', 'BRITANIC.TTF', 'BRLNSB.TTF', 'BRLNSDB.TTF', 'BRLNSR.TTF', 'BROADW.TTF', 'BRUSHSCI.TTF', 'BSSYM7.TTF', 'c8514fix.fon', 'c8514oem.fon', 'c8514sys.fon', 'calibri.ttf', 'calibrib.ttf', 'calibrii.ttf', 'calibril.ttf', 'calibrili.ttf', 'calibriz.ttf', 'CALIFB.TTF', 'CALIFI.TTF', 'CALIFR.TTF', 'CALIST.TTF', 'CALISTB.TTF', 'CALISTBI.TTF', 'CALISTI.TTF', 'cambria.ttc', 'cambriab.ttf', 'cambriai.ttf', 'cambriaz.ttf', 'Candara.ttf', 'Candarab.ttf', 'Candarai.ttf', 'Candaral.ttf', 'Candarali.ttf', 'Candaraz.ttf', 'CascadiaCode.ttf', 'CascadiaMono.ttf', 'CASTELAR.TTF', 'CENSCBK.TTF', 'CENTAUR.TTF', 'CENTURY.TTF', 'cga40737.fon', 'cga40850.fon', 'cga40852.fon', 'cga40857.fon', 'cga40866.fon', 'cga40869.fon', 'cga40woa.fon', 'cga80737.fon', 'cga80850.fon', 'cga80852.fon', 'cga80857.fon', 'cga80866.fon', 'cga80869.fon', 'cga80woa.fon', 'CHILLER.TTF', 'COLONNA.TTF', 'comic.ttf', 'comicbd.ttf', 'comici.ttf', 'comicz.ttf', 'consola.ttf', 'consolab.ttf', 'consolai.ttf', 'consolaz.ttf', 'constan.ttf', 'constanb.ttf', 'constani.ttf', 'constanz.ttf', 'COOPBL.TTF', 'COPRGTB.TTF', 'COPRGTL.TTF', 'corbel.ttf', 'corbelb.ttf', 'corbeli.ttf', 'corbell.ttf', 'corbelli.ttf', 'corbelz.ttf', 'coue1255.fon', 'coue1256.fon', 'coue1257.fon', 'couf1255.fon', 'couf1256.fon', 'couf1257.fon', 'cour.ttf', 'courbd.ttf', 'courbi.ttf', 'coure.fon', 'couree.fon', 'coureg.fon', 'courer.fon', 'couret.fon', 'courf.fon', 'courfe.fon', 'courfg.fon', 'courfr.fon', 'courft.fon', 'couri.ttf', 'CURLZ___.TTF', 'cvgafix.fon', 'cvgasys.fon', 'Deng.ttf', 'Dengb.ttf', 'Dengl.ttf', 'desktop.ini', 'dos737.fon', 'dos869.fon', 'dosapp.fon', 'DUBAI-BOLD.TTF', 'DUBAI-LIGHT.TTF', 'DUBAI-MEDIUM.TTF', 'DUBAI-REGULAR.TTF', 'ebrima.ttf', 'ebrimabd.ttf', 'ega40737.fon', 'ega40850.fon', 'ega40852.fon', 'ega40857.fon', 'ega40866.fon', 'ega40869.fon', 'ega40woa.fon', 'ega80737.fon', 'ega80850.fon', 'ega80852.fon', 'ega80857.fon', 'ega80866.fon', 'ega80869.fon', 'ega80woa.fon', 'ELEPHNT.TTF', 'ELEPHNTI.TTF', 'ENGR.TTF', 'ERASBD.TTF', 'ERASDEMI.TTF', 'ERASLGHT.TTF', 'ERASMD.TTF', 'FELIXTI.TTF', 'fms_metadata.xml', 'FORTE.TTF', 'FRABK.TTF', 'FRABKIT.TTF', 'FRADM.TTF', 'FRADMCN.TTF', 'FRADMIT.TTF', 'FRAHV.TTF', 'FRAHVIT.TTF', 'framd.ttf', 'FRAMDCN.TTF', 'framdit.ttf', 'FREESCPT.TTF', 'FRSCRIPT.TTF', 'FTLTLT.TTF', 'FZSTK.TTF', 'FZYTK.TTF', 'Gabriola.ttf', 'gadugi.ttf', 'gadugib.ttf', 'GARA.TTF', 'GARABD.TTF', 'GARAIT.TTF', 'georgia.ttf', 'georgiab.ttf', 'georgiai.ttf', 'georgiaz.ttf', 'GIGI.TTF', 'GILBI___.TTF', 'GILB____.TTF', 'GILC____.TTF', 'GILI____.TTF', 'GILLUBCD.TTF', 'GILSANUB.TTF', 'GIL_____.TTF', 'GLECB.TTF', 'GlobalMonospace.CompositeFont', 'GlobalSansSerif.CompositeFont', 'GlobalSerif.CompositeFont', 'GlobalUserInterface.CompositeFont', 'GLSNECB.TTF', 'GOTHIC.TTF', 'GOTHICB.TTF', 'GOTHICBI.TTF', 'GOTHICI.TTF', 'GOUDOS.TTF', 'GOUDOSB.TTF', 'GOUDOSI.TTF', 'GOUDYSTO.TTF', 'h8514fix.fon', 'h8514oem.fon', 'h8514sys.fon', 'HARLOWSI.TTF', 'HARNGTON.TTF', 'HATTEN.TTF', 'HGB1X_CNKI.ttf', 'HGB1_CNKI.ttf', 'HGB2X_CNKI.ttf', 'HGB2_CNKI.ttf', 'HGB3X_CNKI.ttf', 'HGB3_CNKI.ttf', 'HGB4X_CNKI.ttf', 'HGB4_CNKI.ttf', 'HGB5X_CNKI.ttf', 'HGB5_CNKI.ttf', 'HGB6X_CNKI.ttf', 'HGB6_CNKI.ttf', 'HGB7X_CNKI.ttf', 'HGB7_CNKI.ttf', 'HGB8X_CNKI.ttf', 'HGB8_CNKI.ttf', 'HGBD_CNKI.ttf', 'HGBKBX_CNKI.ttf', 'HGBKB_CNKI.ttf', 'HGBKHX_CNKI.ttf', 'HGBKH_CNKI.ttf', 'HGBS1_CNKI.TTF', 'HGBS2_CNKI.TTF', 'HGBS_CNKI.TTF', 'HGBTH_CNKI.TTF', 'HGBTS_CNKI.TTF', 'HGBX_CNKI.ttf', 'HGBZ_CNKI.ttf', 'HGCH_CNKI.TTF', 'HGCUH_CNKI.TTF', 'HGCY_CNKI.TTF', 'HGDBS_CNKI.TTF', 'HGDGY_CNKI.TTF', 'HGDH2_CNKI.TTF', 'HGDH_CNKI.TTF', 'HGDYS_CNKI.TTF', 'HGDY_CNKI.ttf', 'HGF1X_CNKI.ttf', 'HGF1_CNKI.ttf', 'HGF2X_CNKI.ttf', 'HGF2_CNKI.ttf', 'HGF3_CNKI.ttf', 'HGF4X_CNKI.ttf', 'HGF4_CNKI.ttf', 'HGF5X_CNKI.ttf', 'HGF5_CNKI.ttf', 'HGF6X_CNKI.ttf', 'HGF6_CNKI.ttf', 'HGF7X_CNKI.ttf', 'HGF7_CNKI.ttf', 'HGF8_CNKI.ttf', 'HGF9X_CNKI.ttf', 'HGF9_CNKI.ttf', 'HGFS1_CNKI.TTF', 'HGFS2_CNKI.TTF', 'HGFSH_CNKI.TTF', 'HGFS_CNKI.TTF', 'HGFX_CNKI.ttf', 'HGFZ_CNKI.ttf', 'HGGG_CNKI.TTF', 'HGH1X_CNKI.ttf', 'HGH1_CNKI.ttf', 'HGH2X_CNKI.ttf', 'HGH2_CNKI.ttf', 'HGH3X_CNKI.ttf', 'HGH3_CNKI.ttf', 'HGH4X_CNKI.ttf', 'HGH4_CNKI.ttf', 'HGH5X_CNKI.ttf', 'HGH5_CNKI.ttf', 'HGH6X_CNKI.ttf', 'HGH6_CNKI.ttf', 'HGH7X_CNKI.ttf', 'HGH7_CNKI.ttf', 'HGHB_CNKI.TTF', 'HGHD_CNKI.ttf', 'HGHP_CNKI.TTF', 'HGHT1_CNKI.ttf', 'HGHT2_CNKI.ttf', 'HGHUATI_CNKI.ttf', 'HGHX_CNKI.ttf', 'HGHZ_CNKI.ttf', 'HGH_CNKI.TTF', 'HGKT1_CNKI.TTF', 'HGKT2_CNKI.TTF', 'HGKT_CNKI.TTF', 'HGKY_CNKI.ttf', 'HGLB_CNKI.TTF', 'HGLS_CNKI.TTF', 'HGMH_CNKI.TTF', 'HGNBS_CNKI.ttf', 'HGOCR_CNKI.ttf', 'HGPH_CNKI.TTF', 'HGPTY_CNKI.TTF', 'HGSS1_CNKI.TTF', 'HGSS2_CNKI.TTF', 'HGSS_CNKI.TTF', 'HGSXT_CNKI.ttf', 'HGTT_CNKI.ttf', 'HGTX_CNKI.TTF', 'HGWT_CNKI.TTF', 'HGWYS_CNKI.TTF', 'HGX1X_CNKI.ttf', 'HGX1_CNKI.ttf', 'HGXBS_CNKI.TTF', 'HGXC_CNKI.TTF', 'HGXF1_CNKI.ttf', 'HGXFX_CNKI.ttf', 'HGXFZ_CNKI.ttf', 'HGXH1_CNKI.TTF', 'HGXH_CNKI.TTF', 'HGXK_CNKI.TTF', 'HGXL_CNKI.TTF', 'HGXS_CNKI.TTF', 'HGXT_CNKI.ttf', 'HGXY_CNKI.ttf', 'HGY1_CNKI.TTF', 'HGY2_CNKI.TTF', 'HGY3_CNKI.TTF', 'HGY4_CNKI.TTF', 'HGYB_CNKI.ttf', 'HGYT1_CNKI.ttf', 'HGYT2_CNKI.ttf', 'HGYT_CNKI.TTF', 'HGYX_CNKI.TTF', 'HGZCS_CNKI.TTF', 'HGZDX_CNKI.TTF', 'HGZK_CNKI.TTF', 'HGZYT_CNKI.TTF', 'HGZY_CNKI.TTF', 'himalaya.ttf', 'holomdl2.ttf', 'HTOWERT.TTF', 'HTOWERTI.TTF', 'hvgafix.fon', 'hvgasys.fon', 'impact.ttf', 'IMPRISHA.TTF', 'INFROMAN.TTF', 'Inkfree.ttf', 'iqiyi_logov7.ttf', 'ITCBLKAD.TTF', 'ITCEDSCR.TTF', 'ITCKRIST.TTF', 'j8514fix.fon', 'j8514oem.fon', 'j8514sys.fon', 'javatext.ttf', 'JOKERMAN.TTF', 'jsmalle.fon', 'jsmallf.fon', 'JUICE___.TTF', 'jvgafix.fon', 'jvgasys.fon', 'KUNSTLER.TTF', 'LATINWD.TTF', 'LBRITE.TTF', 'LBRITED.TTF', 'LBRITEDI.TTF', 'LBRITEI.TTF', 'LCALLIG.TTF', 'LeelaUIb.ttf', 'LeelawUI.ttf', 'LeelUIsl.ttf', 'LFAX.TTF', 'LFAXD.TTF', 'LFAXDI.TTF', 'LFAXI.TTF', 'LHANDW.TTF', 'LSANS.TTF', 'LSANSD.TTF', 'LSANSDI.TTF', 'LSANSI.TTF', 'LTYPE.TTF', 'LTYPEB.TTF', 'LTYPEBO.TTF', 'LTYPEO.TTF', 'lucon.ttf', 'l_10646.ttf', 'MAGNETOB.TTF', 'MAIAN.TTF', 'malgun.ttf', 'malgunbd.ttf', 'malgunsl.ttf', 'marlett.ttf', 'MATURASC.TTF', 'micross.ttf', 'mingliub.ttc', 'MISTRAL.TTF', 'mmrtext.ttf', 'mmrtextb.ttf', 'MOD20.TTF', 'modern.fon', 'monbaiti.ttf', 'msgothic.ttc', 'msjh.ttc', 'msjhbd.ttc', 'msjhl.ttc', 'msyh.ttc', 'msyhbd.ttc', 'msyhl.ttc', 'msyi.ttf', 'MTCORSVA.TTF', 'MTEXTRA.TTF', 'mvboli.ttf', 'NIAGENG.TTF', 'NIAGSOL.TTF', 'Nirmala.ttf', 'NirmalaB.ttf', 'NirmalaS.ttf', 'ntailu.ttf', 'ntailub.ttf', 'NumberOnly.ttf', 'OCRAEXT.TTF', 'OLDENGL.TTF', 'ONYX.TTF', 'OUTLOOK.TTF', 'pala.ttf', 'palab.ttf', 'palabi.ttf', 'palai.ttf', 'PALSCRI.TTF', 'PAPYRUS.TTF', 'PARCHM.TTF', 'PERBI___.TTF', 'PERB____.TTF', 'PERI____.TTF', 'PERTIBD.TTF', 'PERTILI.TTF', 'PER_____.TTF', 'phagspa.ttf', 'phagspab.ttf', 'PLAYBILL.TTF', 'POORICH.TTF', 'PRISTINA.TTF', 'RAGE.TTF', 'RAVIE.TTF', 'REFSAN.TTF', 'REFSPCL.TTF', 'ROCCB___.TTF', 'ROCC____.TTF', 'ROCK.TTF', 'ROCKB.TTF', 'ROCKBI.TTF', 'ROCKEB.TTF', 'ROCKI.TTF', 'roman.fon', 's8514fix.fon', 's8514oem.fon', 's8514sys.fon', 'SCHLBKB.TTF', 'SCHLBKBI.TTF', 'SCHLBKI.TTF', 'script.fon', 'SCRIPTBL.TTF', 'segmdl2.ttf', 'SegoeIcons.ttf', 'segoepr.ttf', 'segoeprb.ttf', 'segoesc.ttf', 'segoescb.ttf', 'segoeui.ttf', 'segoeuib.ttf', 'segoeuii.ttf', 'segoeuil.ttf', 'segoeuisl.ttf', 'segoeuiz.ttf', 'seguibl.ttf', 'seguibli.ttf', 'seguiemj.ttf', 'seguihis.ttf', 'seguili.ttf', 'seguisb.ttf', 'seguisbi.ttf', 'seguisli.ttf', 'seguisym.ttf', 'SegUIVar.ttf', 'sere1255.fon', 'sere1256.fon', 'sere1257.fon', 'serf1255.fon', 'serf1256.fon', 'serf1257.fon', 'serife.fon', 'serifee.fon', 'serifeg.fon', 'serifer.fon', 'serifet.fon', 'seriff.fon', 'seriffe.fon', 'seriffg.fon', 'seriffr.fon', 'serifft.fon', 'SHOWG.TTF', 'simfang.ttf', 'simhei.ttf', 'simkai.ttf', 'SIMLI.TTF', 'simsun.ttc', 'simsunb.ttf', 'SIMYOU.TTF', 'SitkaVF-Italic.ttf', 'SitkaVF.ttf', 'smae1255.fon', 'smae1256.fon', 'smae1257.fon', 'smaf1255.fon', 'smaf1256.fon', 'smaf1257.fon', 'smalle.fon', 'smallee.fon', 'smalleg.fon', 'smaller.fon', 'smallet.fon', 'smallf.fon', 'smallfe.fon', 'smallfg.fon', 'smallfr.fon', 'smallft.fon', 'SNAP____.TTF', 'ssee1255.fon', 'ssee1256.fon', 'ssee1257.fon', 'ssee874.fon', 'ssef1255.fon', 'ssef1256.fon', 'ssef1257.fon', 'ssef874.fon', 'sserife.fon', 'sserifee.fon', 'sserifeg.fon', 'sserifer.fon', 'sserifet.fon', 'sseriff.fon', 'sseriffe.fon', 'sseriffg.fon', 'sseriffr.fon', 'sserifft.fon', 'StaticCache.dat', 'STCAIYUN.TTF', 'STENCIL.TTF', 'STFANGSO.TTF', 'STHUPO.TTF', 'STKAITI.TTF', 'STLITI.TTF', 'STSONG.TTF', 'STXIHEI.TTF', 'STXINGKA.TTF', 'STXINWEI.TTF', 'STZHONGS.TTF', 'svgafix.fon', 'svgasys.fon', 'sylfaen.ttf', 'symbol.ttf', 'tahoma.ttf', 'tahomabd.ttf', 'taile.ttf', 'taileb.ttf', 'TCBI____.TTF', 'TCB_____.TTF', 'TCCB____.TTF', 'TCCEB.TTF', 'TCCM____.TTF', 'TCMI____.TTF', 'TCM_____.TTF', 'TEMPSITC.TTF', 'times.ttf', 'timesbd.ttf', 'timesbi.ttf', 'timesi.ttf', 'trebuc.ttf', 'trebucbd.ttf', 'trebucbi.ttf', 'trebucit.ttf', 'verdana.ttf', 'verdanab.ttf', 'verdanai.ttf', 'verdanaz.ttf', 'vga737.fon', 'vga775.fon', 'vga850.fon', 'vga852.fon', 'vga855.fon', 'vga857.fon', 'vga860.fon', 'vga861.fon', 'vga863.fon', 'vga865.fon', 'vga866.fon', 'vga869.fon', 'vga932.fon', 'vga936.fon', 'vga949.fon', 'vga950.fon', 'vgaf1255.fon', 'vgaf1256.fon', 'vgaf1257.fon', 'vgaf874.fon', 'vgafix.fon', 'vgafixe.fon', 'vgafixg.fon', 'vgafixr.fon', 'vgafixt.fon', 'vgaoem.fon', 'vgas1255.fon', 'vgas1256.fon', 'vgas1257.fon', 'vgas874.fon', 'vgasys.fon', 'vgasyse.fon', 'vgasysg.fon', 'vgasysr.fon', 'vgasyst.fon', 'VINERITC.TTF', 'VIVALDII.TTF', 'VLADIMIR.TTF', 'webdings.ttf', 'wingding.ttf', 'WINGDNG2.TTF', 'WINGDNG3.TTF', 'YuGothB.ttc', 'YuGothL.ttc', 'YuGothM.ttc', 'YuGothR.ttc', '\u534e\u5eb7\u65b9\u5706\u4f53W7.TTC', '\u65b9\u6b63\u7c97\u9ed1\u5b8b\u7b80\u4f53.ttf']
2023-09-27 14:59:37,024 - INFO - all fonts installed:['8514fix.fon', '8514fixe.fon', '8514fixg.fon', '8514fixr.fon', '8514fixt.fon', '8514oem.fon', '8514oeme.fon', '8514oemg.fon', '8514oemr.fon', '8514oemt.fon', '8514sys.fon', '8514syse.fon', '8514sysg.fon', '8514sysr.fon', '8514syst.fon', '85775.fon', '85855.fon', '85f1255.fon', '85f1256.fon', '85f1257.fon', '85f874.fon', '85s1255.fon', '85s1256.fon', '85s1257.fon', '85s874.fon', 'AGENCYB.TTF', 'AGENCYR.TTF', 'ALGER.TTF', 'ANTQUAB.TTF', 'ANTQUABI.TTF', 'ANTQUAI.TTF', 'app775.fon', 'app850.fon', 'app852.fon', 'app855.fon', 'app857.fon', 'app866.fon', 'app932.fon', 'app936.fon', 'app949.fon', 'app950.fon', 'arial.ttf', 'arialbd.ttf', 'arialbi.ttf', 'ariali.ttf', 'ARIALN.TTF', 'ARIALNB.TTF', 'ARIALNBI.TTF', 'ARIALNI.TTF', 'ariblk.ttf', 'ARLRDBD.TTF', 'AxureHandwriting-Bold.otf', 'AxureHandwriting-BoldItalic.otf', 'AxureHandwriting-Italic.otf', 'AxureHandwriting.otf', 'bahnschrift.ttf', 'BASKVILL.TTF', 'BAUHS93.TTF', 'BELL.TTF', 'BELLB.TTF', 'BELLI.TTF', 'BERNHC.TTF', 'BKANT.TTF', 'BOD_B.TTF', 'BOD_BI.TTF', 'BOD_BLAI.TTF', 'BOD_BLAR.TTF', 'BOD_CB.TTF', 'BOD_CBI.TTF', 'BOD_CI.TTF', 'BOD_CR.TTF', 'BOD_I.TTF', 'BOD_PSTC.TTF', 'BOD_R.TTF', 'BOOKOS.TTF', 'BOOKOSB.TTF', 'BOOKOSBI.TTF', 'BOOKOSI.TTF', 'BRADHITC.TTF', 'BRITANIC.TTF', 'BRLNSB.TTF', 'BRLNSDB.TTF', 'BRLNSR.TTF', 'BROADW.TTF', 'BRUSHSCI.TTF', 'BSSYM7.TTF', 'c8514fix.fon', 'c8514oem.fon', 'c8514sys.fon', 'calibri.ttf', 'calibrib.ttf', 'calibrii.ttf', 'calibril.ttf', 'calibrili.ttf', 'calibriz.ttf', 'CALIFB.TTF', 'CALIFI.TTF', 'CALIFR.TTF', 'CALIST.TTF', 'CALISTB.TTF', 'CALISTBI.TTF', 'CALISTI.TTF', 'cambria.ttc', 'cambriab.ttf', 'cambriai.ttf', 'cambriaz.ttf', 'Candara.ttf', 'Candarab.ttf', 'Candarai.ttf', 'Candaral.ttf', 'Candarali.ttf', 'Candaraz.ttf', 'CascadiaCode.ttf', 'CascadiaMono.ttf', 'CASTELAR.TTF', 'CENSCBK.TTF', 'CENTAUR.TTF', 'CENTURY.TTF', 'cga40737.fon', 'cga40850.fon', 'cga40852.fon', 'cga40857.fon', 'cga40866.fon', 'cga40869.fon', 'cga40woa.fon', 'cga80737.fon', 'cga80850.fon', 'cga80852.fon', 'cga80857.fon', 'cga80866.fon', 'cga80869.fon', 'cga80woa.fon', 'CHILLER.TTF', 'COLONNA.TTF', 'comic.ttf', 'comicbd.ttf', 'comici.ttf', 'comicz.ttf', 'consola.ttf', 'consolab.ttf', 'consolai.ttf', 'consolaz.ttf', 'constan.ttf', 'constanb.ttf', 'constani.ttf', 'constanz.ttf', 'COOPBL.TTF', 'COPRGTB.TTF', 'COPRGTL.TTF', 'corbel.ttf', 'corbelb.ttf', 'corbeli.ttf', 'corbell.ttf', 'corbelli.ttf', 'corbelz.ttf', 'coue1255.fon', 'coue1256.fon', 'coue1257.fon', 'couf1255.fon', 'couf1256.fon', 'couf1257.fon', 'cour.ttf', 'courbd.ttf', 'courbi.ttf', 'coure.fon', 'couree.fon', 'coureg.fon', 'courer.fon', 'couret.fon', 'courf.fon', 'courfe.fon', 'courfg.fon', 'courfr.fon', 'courft.fon', 'couri.ttf', 'CURLZ___.TTF', 'cvgafix.fon', 'cvgasys.fon', 'Deng.ttf', 'Dengb.ttf', 'Dengl.ttf', 'desktop.ini', 'dos737.fon', 'dos869.fon', 'dosapp.fon', 'DUBAI-BOLD.TTF', 'DUBAI-LIGHT.TTF', 'DUBAI-MEDIUM.TTF', 'DUBAI-REGULAR.TTF', 'ebrima.ttf', 'ebrimabd.ttf', 'ega40737.fon', 'ega40850.fon', 'ega40852.fon', 'ega40857.fon', 'ega40866.fon', 'ega40869.fon', 'ega40woa.fon', 'ega80737.fon', 'ega80850.fon', 'ega80852.fon', 'ega80857.fon', 'ega80866.fon', 'ega80869.fon', 'ega80woa.fon', 'ELEPHNT.TTF', 'ELEPHNTI.TTF', 'ENGR.TTF', 'ERASBD.TTF', 'ERASDEMI.TTF', 'ERASLGHT.TTF', 'ERASMD.TTF', 'FELIXTI.TTF', 'fms_metadata.xml', 'FORTE.TTF', 'FRABK.TTF', 'FRABKIT.TTF', 'FRADM.TTF', 'FRADMCN.TTF', 'FRADMIT.TTF', 'FRAHV.TTF', 'FRAHVIT.TTF', 'framd.ttf', 'FRAMDCN.TTF', 'framdit.ttf', 'FREESCPT.TTF', 'FRSCRIPT.TTF', 'FTLTLT.TTF', 'FZSTK.TTF', 'FZYTK.TTF', 'Gabriola.ttf', 'gadugi.ttf', 'gadugib.ttf', 'GARA.TTF', 'GARABD.TTF', 'GARAIT.TTF', 'georgia.ttf', 'georgiab.ttf', 'georgiai.ttf', 'georgiaz.ttf', 'GIGI.TTF', 'GILBI___.TTF', 'GILB____.TTF', 'GILC____.TTF', 'GILI____.TTF', 'GILLUBCD.TTF', 'GILSANUB.TTF', 'GIL_____.TTF', 'GLECB.TTF', 'GlobalMonospace.CompositeFont', 'GlobalSansSerif.CompositeFont', 'GlobalSerif.CompositeFont', 'GlobalUserInterface.CompositeFont', 'GLSNECB.TTF', 'GOTHIC.TTF', 'GOTHICB.TTF', 'GOTHICBI.TTF', 'GOTHICI.TTF', 'GOUDOS.TTF', 'GOUDOSB.TTF', 'GOUDOSI.TTF', 'GOUDYSTO.TTF', 'h8514fix.fon', 'h8514oem.fon', 'h8514sys.fon', 'HARLOWSI.TTF', 'HARNGTON.TTF', 'HATTEN.TTF', 'HGB1X_CNKI.ttf', 'HGB1_CNKI.ttf', 'HGB2X_CNKI.ttf', 'HGB2_CNKI.ttf', 'HGB3X_CNKI.ttf', 'HGB3_CNKI.ttf', 'HGB4X_CNKI.ttf', 'HGB4_CNKI.ttf', 'HGB5X_CNKI.ttf', 'HGB5_CNKI.ttf', 'HGB6X_CNKI.ttf', 'HGB6_CNKI.ttf', 'HGB7X_CNKI.ttf', 'HGB7_CNKI.ttf', 'HGB8X_CNKI.ttf', 'HGB8_CNKI.ttf', 'HGBD_CNKI.ttf', 'HGBKBX_CNKI.ttf', 'HGBKB_CNKI.ttf', 'HGBKHX_CNKI.ttf', 'HGBKH_CNKI.ttf', 'HGBS1_CNKI.TTF', 'HGBS2_CNKI.TTF', 'HGBS_CNKI.TTF', 'HGBTH_CNKI.TTF', 'HGBTS_CNKI.TTF', 'HGBX_CNKI.ttf', 'HGBZ_CNKI.ttf', 'HGCH_CNKI.TTF', 'HGCUH_CNKI.TTF', 'HGCY_CNKI.TTF', 'HGDBS_CNKI.TTF', 'HGDGY_CNKI.TTF', 'HGDH2_CNKI.TTF', 'HGDH_CNKI.TTF', 'HGDYS_CNKI.TTF', 'HGDY_CNKI.ttf', 'HGF1X_CNKI.ttf', 'HGF1_CNKI.ttf', 'HGF2X_CNKI.ttf', 'HGF2_CNKI.ttf', 'HGF3_CNKI.ttf', 'HGF4X_CNKI.ttf', 'HGF4_CNKI.ttf', 'HGF5X_CNKI.ttf', 'HGF5_CNKI.ttf', 'HGF6X_CNKI.ttf', 'HGF6_CNKI.ttf', 'HGF7X_CNKI.ttf', 'HGF7_CNKI.ttf', 'HGF8_CNKI.ttf', 'HGF9X_CNKI.ttf', 'HGF9_CNKI.ttf', 'HGFS1_CNKI.TTF', 'HGFS2_CNKI.TTF', 'HGFSH_CNKI.TTF', 'HGFS_CNKI.TTF', 'HGFX_CNKI.ttf', 'HGFZ_CNKI.ttf', 'HGGG_CNKI.TTF', 'HGH1X_CNKI.ttf', 'HGH1_CNKI.ttf', 'HGH2X_CNKI.ttf', 'HGH2_CNKI.ttf', 'HGH3X_CNKI.ttf', 'HGH3_CNKI.ttf', 'HGH4X_CNKI.ttf', 'HGH4_CNKI.ttf', 'HGH5X_CNKI.ttf', 'HGH5_CNKI.ttf', 'HGH6X_CNKI.ttf', 'HGH6_CNKI.ttf', 'HGH7X_CNKI.ttf', 'HGH7_CNKI.ttf', 'HGHB_CNKI.TTF', 'HGHD_CNKI.ttf', 'HGHP_CNKI.TTF', 'HGHT1_CNKI.ttf', 'HGHT2_CNKI.ttf', 'HGHUATI_CNKI.ttf', 'HGHX_CNKI.ttf', 'HGHZ_CNKI.ttf', 'HGH_CNKI.TTF', 'HGKT1_CNKI.TTF', 'HGKT2_CNKI.TTF', 'HGKT_CNKI.TTF', 'HGKY_CNKI.ttf', 'HGLB_CNKI.TTF', 'HGLS_CNKI.TTF', 'HGMH_CNKI.TTF', 'HGNBS_CNKI.ttf', 'HGOCR_CNKI.ttf', 'HGPH_CNKI.TTF', 'HGPTY_CNKI.TTF', 'HGSS1_CNKI.TTF', 'HGSS2_CNKI.TTF', 'HGSS_CNKI.TTF', 'HGSXT_CNKI.ttf', 'HGTT_CNKI.ttf', 'HGTX_CNKI.TTF', 'HGWT_CNKI.TTF', 'HGWYS_CNKI.TTF', 'HGX1X_CNKI.ttf', 'HGX1_CNKI.ttf', 'HGXBS_CNKI.TTF', 'HGXC_CNKI.TTF', 'HGXF1_CNKI.ttf', 'HGXFX_CNKI.ttf', 'HGXFZ_CNKI.ttf', 'HGXH1_CNKI.TTF', 'HGXH_CNKI.TTF', 'HGXK_CNKI.TTF', 'HGXL_CNKI.TTF', 'HGXS_CNKI.TTF', 'HGXT_CNKI.ttf', 'HGXY_CNKI.ttf', 'HGY1_CNKI.TTF', 'HGY2_CNKI.TTF', 'HGY3_CNKI.TTF', 'HGY4_CNKI.TTF', 'HGYB_CNKI.ttf', 'HGYT1_CNKI.ttf', 'HGYT2_CNKI.ttf', 'HGYT_CNKI.TTF', 'HGYX_CNKI.TTF', 'HGZCS_CNKI.TTF', 'HGZDX_CNKI.TTF', 'HGZK_CNKI.TTF', 'HGZYT_CNKI.TTF', 'HGZY_CNKI.TTF', 'himalaya.ttf', 'holomdl2.ttf', 'HTOWERT.TTF', 'HTOWERTI.TTF', 'hvgafix.fon', 'hvgasys.fon', 'impact.ttf', 'IMPRISHA.TTF', 'INFROMAN.TTF', 'Inkfree.ttf', 'iqiyi_logov7.ttf', 'ITCBLKAD.TTF', 'ITCEDSCR.TTF', 'ITCKRIST.TTF', 'j8514fix.fon', 'j8514oem.fon', 'j8514sys.fon', 'javatext.ttf', 'JOKERMAN.TTF', 'jsmalle.fon', 'jsmallf.fon', 'JUICE___.TTF', 'jvgafix.fon', 'jvgasys.fon', 'KUNSTLER.TTF', 'LATINWD.TTF', 'LBRITE.TTF', 'LBRITED.TTF', 'LBRITEDI.TTF', 'LBRITEI.TTF', 'LCALLIG.TTF', 'LeelaUIb.ttf', 'LeelawUI.ttf', 'LeelUIsl.ttf', 'LFAX.TTF', 'LFAXD.TTF', 'LFAXDI.TTF', 'LFAXI.TTF', 'LHANDW.TTF', 'LSANS.TTF', 'LSANSD.TTF', 'LSANSDI.TTF', 'LSANSI.TTF', 'LTYPE.TTF', 'LTYPEB.TTF', 'LTYPEBO.TTF', 'LTYPEO.TTF', 'lucon.ttf', 'l_10646.ttf', 'MAGNETOB.TTF', 'MAIAN.TTF', 'malgun.ttf', 'malgunbd.ttf', 'malgunsl.ttf', 'marlett.ttf', 'MATURASC.TTF', 'micross.ttf', 'mingliub.ttc', 'MISTRAL.TTF', 'mmrtext.ttf', 'mmrtextb.ttf', 'MOD20.TTF', 'modern.fon', 'monbaiti.ttf', 'msgothic.ttc', 'msjh.ttc', 'msjhbd.ttc', 'msjhl.ttc', 'msyh.ttc', 'msyhbd.ttc', 'msyhl.ttc', 'msyi.ttf', 'MTCORSVA.TTF', 'MTEXTRA.TTF', 'mvboli.ttf', 'NIAGENG.TTF', 'NIAGSOL.TTF', 'Nirmala.ttf', 'NirmalaB.ttf', 'NirmalaS.ttf', 'ntailu.ttf', 'ntailub.ttf', 'NumberOnly.ttf', 'OCRAEXT.TTF', 'OLDENGL.TTF', 'ONYX.TTF', 'OUTLOOK.TTF', 'pala.ttf', 'palab.ttf', 'palabi.ttf', 'palai.ttf', 'PALSCRI.TTF', 'PAPYRUS.TTF', 'PARCHM.TTF', 'PERBI___.TTF', 'PERB____.TTF', 'PERI____.TTF', 'PERTIBD.TTF', 'PERTILI.TTF', 'PER_____.TTF', 'phagspa.ttf', 'phagspab.ttf', 'PLAYBILL.TTF', 'POORICH.TTF', 'PRISTINA.TTF', 'RAGE.TTF', 'RAVIE.TTF', 'REFSAN.TTF', 'REFSPCL.TTF', 'ROCCB___.TTF', 'ROCC____.TTF', 'ROCK.TTF', 'ROCKB.TTF', 'ROCKBI.TTF', 'ROCKEB.TTF', 'ROCKI.TTF', 'roman.fon', 's8514fix.fon', 's8514oem.fon', 's8514sys.fon', 'SCHLBKB.TTF', 'SCHLBKBI.TTF', 'SCHLBKI.TTF', 'script.fon', 'SCRIPTBL.TTF', 'segmdl2.ttf', 'SegoeIcons.ttf', 'segoepr.ttf', 'segoeprb.ttf', 'segoesc.ttf', 'segoescb.ttf', 'segoeui.ttf', 'segoeuib.ttf', 'segoeuii.ttf', 'segoeuil.ttf', 'segoeuisl.ttf', 'segoeuiz.ttf', 'seguibl.ttf', 'seguibli.ttf', 'seguiemj.ttf', 'seguihis.ttf', 'seguili.ttf', 'seguisb.ttf', 'seguisbi.ttf', 'seguisli.ttf', 'seguisym.ttf', 'SegUIVar.ttf', 'sere1255.fon', 'sere1256.fon', 'sere1257.fon', 'serf1255.fon', 'serf1256.fon', 'serf1257.fon', 'serife.fon', 'serifee.fon', 'serifeg.fon', 'serifer.fon', 'serifet.fon', 'seriff.fon', 'seriffe.fon', 'seriffg.fon', 'seriffr.fon', 'serifft.fon', 'SHOWG.TTF', 'simfang.ttf', 'simhei.ttf', 'simkai.ttf', 'SIMLI.TTF', 'simsun.ttc', 'simsunb.ttf', 'SIMYOU.TTF', 'SitkaVF-Italic.ttf', 'SitkaVF.ttf', 'smae1255.fon', 'smae1256.fon', 'smae1257.fon', 'smaf1255.fon', 'smaf1256.fon', 'smaf1257.fon', 'smalle.fon', 'smallee.fon', 'smalleg.fon', 'smaller.fon', 'smallet.fon', 'smallf.fon', 'smallfe.fon', 'smallfg.fon', 'smallfr.fon', 'smallft.fon', 'SNAP____.TTF', 'ssee1255.fon', 'ssee1256.fon', 'ssee1257.fon', 'ssee874.fon', 'ssef1255.fon', 'ssef1256.fon', 'ssef1257.fon', 'ssef874.fon', 'sserife.fon', 'sserifee.fon', 'sserifeg.fon', 'sserifer.fon', 'sserifet.fon', 'sseriff.fon', 'sseriffe.fon', 'sseriffg.fon', 'sseriffr.fon', 'sserifft.fon', 'StaticCache.dat', 'STCAIYUN.TTF', 'STENCIL.TTF', 'STFANGSO.TTF', 'STHUPO.TTF', 'STKAITI.TTF', 'STLITI.TTF', 'STSONG.TTF', 'STXIHEI.TTF', 'STXINGKA.TTF', 'STXINWEI.TTF', 'STZHONGS.TTF', 'svgafix.fon', 'svgasys.fon', 'sylfaen.ttf', 'symbol.ttf', 'tahoma.ttf', 'tahomabd.ttf', 'taile.ttf', 'taileb.ttf', 'TCBI____.TTF', 'TCB_____.TTF', 'TCCB____.TTF', 'TCCEB.TTF', 'TCCM____.TTF', 'TCMI____.TTF', 'TCM_____.TTF', 'TEMPSITC.TTF', 'times.ttf', 'timesbd.ttf', 'timesbi.ttf', 'timesi.ttf', 'trebuc.ttf', 'trebucbd.ttf', 'trebucbi.ttf', 'trebucit.ttf', 'verdana.ttf', 'verdanab.ttf', 'verdanai.ttf', 'verdanaz.ttf', 'vga737.fon', 'vga775.fon', 'vga850.fon', 'vga852.fon', 'vga855.fon', 'vga857.fon', 'vga860.fon', 'vga861.fon', 'vga863.fon', 'vga865.fon', 'vga866.fon', 'vga869.fon', 'vga932.fon', 'vga936.fon', 'vga949.fon', 'vga950.fon', 'vgaf1255.fon', 'vgaf1256.fon', 'vgaf1257.fon', 'vgaf874.fon', 'vgafix.fon', 'vgafixe.fon', 'vgafixg.fon', 'vgafixr.fon', 'vgafixt.fon', 'vgaoem.fon', 'vgas1255.fon', 'vgas1256.fon', 'vgas1257.fon', 'vgas874.fon', 'vgasys.fon', 'vgasyse.fon', 'vgasysg.fon', 'vgasysr.fon', 'vgasyst.fon', 'VINERITC.TTF', 'VIVALDII.TTF', 'VLADIMIR.TTF', 'webdings.ttf', 'wingding.ttf', 'WINGDNG2.TTF', 'WINGDNG3.TTF', 'YuGothB.ttc', 'YuGothL.ttc', 'YuGothM.ttc', 'YuGothR.ttc', '\u534e\u5eb7\u65b9\u5706\u4f53W7.TTC', '\u65b9\u6b63\u7c97\u9ed1\u5b8b\u7b80\u4f53.ttf']
2023-09-27 14:59:37,027 - INFO - all fonts installed:['8514fix.fon', '8514fixe.fon', '8514fixg.fon', '8514fixr.fon', '8514fixt.fon', '8514oem.fon', '8514oeme.fon', '8514oemg.fon', '8514oemr.fon', '8514oemt.fon', '8514sys.fon', '8514syse.fon', '8514sysg.fon', '8514sysr.fon', '8514syst.fon', '85775.fon', '85855.fon', '85f1255.fon', '85f1256.fon', '85f1257.fon', '85f874.fon', '85s1255.fon', '85s1256.fon', '85s1257.fon', '85s874.fon', 'AGENCYB.TTF', 'AGENCYR.TTF', 'ALGER.TTF', 'ANTQUAB.TTF', 'ANTQUABI.TTF', 'ANTQUAI.TTF', 'app775.fon', 'app850.fon', 'app852.fon', 'app855.fon', 'app857.fon', 'app866.fon', 'app932.fon', 'app936.fon', 'app949.fon', 'app950.fon', 'arial.ttf', 'arialbd.ttf', 'arialbi.ttf', 'ariali.ttf', 'ARIALN.TTF', 'ARIALNB.TTF', 'ARIALNBI.TTF', 'ARIALNI.TTF', 'ariblk.ttf', 'ARLRDBD.TTF', 'AxureHandwriting-Bold.otf', 'AxureHandwriting-BoldItalic.otf', 'AxureHandwriting-Italic.otf', 'AxureHandwriting.otf', 'bahnschrift.ttf', 'BASKVILL.TTF', 'BAUHS93.TTF', 'BELL.TTF', 'BELLB.TTF', 'BELLI.TTF', 'BERNHC.TTF', 'BKANT.TTF', 'BOD_B.TTF', 'BOD_BI.TTF', 'BOD_BLAI.TTF', 'BOD_BLAR.TTF', 'BOD_CB.TTF', 'BOD_CBI.TTF', 'BOD_CI.TTF', 'BOD_CR.TTF', 'BOD_I.TTF', 'BOD_PSTC.TTF', 'BOD_R.TTF', 'BOOKOS.TTF', 'BOOKOSB.TTF', 'BOOKOSBI.TTF', 'BOOKOSI.TTF', 'BRADHITC.TTF', 'BRITANIC.TTF', 'BRLNSB.TTF', 'BRLNSDB.TTF', 'BRLNSR.TTF', 'BROADW.TTF', 'BRUSHSCI.TTF', 'BSSYM7.TTF', 'c8514fix.fon', 'c8514oem.fon', 'c8514sys.fon', 'calibri.ttf', 'calibrib.ttf', 'calibrii.ttf', 'calibril.ttf', 'calibrili.ttf', 'calibriz.ttf', 'CALIFB.TTF', 'CALIFI.TTF', 'CALIFR.TTF', 'CALIST.TTF', 'CALISTB.TTF', 'CALISTBI.TTF', 'CALISTI.TTF', 'cambria.ttc', 'cambriab.ttf', 'cambriai.ttf', 'cambriaz.ttf', 'Candara.ttf', 'Candarab.ttf', 'Candarai.ttf', 'Candaral.ttf', 'Candarali.ttf', 'Candaraz.ttf', 'CascadiaCode.ttf', 'CascadiaMono.ttf', 'CASTELAR.TTF', 'CENSCBK.TTF', 'CENTAUR.TTF', 'CENTURY.TTF', 'cga40737.fon', 'cga40850.fon', 'cga40852.fon', 'cga40857.fon', 'cga40866.fon', 'cga40869.fon', 'cga40woa.fon', 'cga80737.fon', 'cga80850.fon', 'cga80852.fon', 'cga80857.fon', 'cga80866.fon', 'cga80869.fon', 'cga80woa.fon', 'CHILLER.TTF', 'COLONNA.TTF', 'comic.ttf', 'comicbd.ttf', 'comici.ttf', 'comicz.ttf', 'consola.ttf', 'consolab.ttf', 'consolai.ttf', 'consolaz.ttf', 'constan.ttf', 'constanb.ttf', 'constani.ttf', 'constanz.ttf', 'COOPBL.TTF', 'COPRGTB.TTF', 'COPRGTL.TTF', 'corbel.ttf', 'corbelb.ttf', 'corbeli.ttf', 'corbell.ttf', 'corbelli.ttf', 'corbelz.ttf', 'coue1255.fon', 'coue1256.fon', 'coue1257.fon', 'couf1255.fon', 'couf1256.fon', 'couf1257.fon', 'cour.ttf', 'courbd.ttf', 'courbi.ttf', 'coure.fon', 'couree.fon', 'coureg.fon', 'courer.fon', 'couret.fon', 'courf.fon', 'courfe.fon', 'courfg.fon', 'courfr.fon', 'courft.fon', 'couri.ttf', 'CURLZ___.TTF', 'cvgafix.fon', 'cvgasys.fon', 'Deng.ttf', 'Dengb.ttf', 'Dengl.ttf', 'desktop.ini', 'dos737.fon', 'dos869.fon', 'dosapp.fon', 'DUBAI-BOLD.TTF', 'DUBAI-LIGHT.TTF', 'DUBAI-MEDIUM.TTF', 'DUBAI-REGULAR.TTF', 'ebrima.ttf', 'ebrimabd.ttf', 'ega40737.fon', 'ega40850.fon', 'ega40852.fon', 'ega40857.fon', 'ega40866.fon', 'ega40869.fon', 'ega40woa.fon', 'ega80737.fon', 'ega80850.fon', 'ega80852.fon', 'ega80857.fon', 'ega80866.fon', 'ega80869.fon', 'ega80woa.fon', 'ELEPHNT.TTF', 'ELEPHNTI.TTF', 'ENGR.TTF', 'ERASBD.TTF', 'ERASDEMI.TTF', 'ERASLGHT.TTF', 'ERASMD.TTF', 'FELIXTI.TTF', 'fms_metadata.xml', 'FORTE.TTF', 'FRABK.TTF', 'FRABKIT.TTF', 'FRADM.TTF', 'FRADMCN.TTF', 'FRADMIT.TTF', 'FRAHV.TTF', 'FRAHVIT.TTF', 'framd.ttf', 'FRAMDCN.TTF', 'framdit.ttf', 'FREESCPT.TTF', 'FRSCRIPT.TTF', 'FTLTLT.TTF', 'FZSTK.TTF', 'FZYTK.TTF', 'Gabriola.ttf', 'gadugi.ttf', 'gadugib.ttf', 'GARA.TTF', 'GARABD.TTF', 'GARAIT.TTF', 'georgia.ttf', 'georgiab.ttf', 'georgiai.ttf', 'georgiaz.ttf', 'GIGI.TTF', 'GILBI___.TTF', 'GILB____.TTF', 'GILC____.TTF', 'GILI____.TTF', 'GILLUBCD.TTF', 'GILSANUB.TTF', 'GIL_____.TTF', 'GLECB.TTF', 'GlobalMonospace.CompositeFont', 'GlobalSansSerif.CompositeFont', 'GlobalSerif.CompositeFont', 'GlobalUserInterface.CompositeFont', 'GLSNECB.TTF', 'GOTHIC.TTF', 'GOTHICB.TTF', 'GOTHICBI.TTF', 'GOTHICI.TTF', 'GOUDOS.TTF', 'GOUDOSB.TTF', 'GOUDOSI.TTF', 'GOUDYSTO.TTF', 'h8514fix.fon', 'h8514oem.fon', 'h8514sys.fon', 'HARLOWSI.TTF', 'HARNGTON.TTF', 'HATTEN.TTF', 'HGB1X_CNKI.ttf', 'HGB1_CNKI.ttf', 'HGB2X_CNKI.ttf', 'HGB2_CNKI.ttf', 'HGB3X_CNKI.ttf', 'HGB3_CNKI.ttf', 'HGB4X_CNKI.ttf', 'HGB4_CNKI.ttf', 'HGB5X_CNKI.ttf', 'HGB5_CNKI.ttf', 'HGB6X_CNKI.ttf', 'HGB6_CNKI.ttf', 'HGB7X_CNKI.ttf', 'HGB7_CNKI.ttf', 'HGB8X_CNKI.ttf', 'HGB8_CNKI.ttf', 'HGBD_CNKI.ttf', 'HGBKBX_CNKI.ttf', 'HGBKB_CNKI.ttf', 'HGBKHX_CNKI.ttf', 'HGBKH_CNKI.ttf', 'HGBS1_CNKI.TTF', 'HGBS2_CNKI.TTF', 'HGBS_CNKI.TTF', 'HGBTH_CNKI.TTF', 'HGBTS_CNKI.TTF', 'HGBX_CNKI.ttf', 'HGBZ_CNKI.ttf', 'HGCH_CNKI.TTF', 'HGCUH_CNKI.TTF', 'HGCY_CNKI.TTF', 'HGDBS_CNKI.TTF', 'HGDGY_CNKI.TTF', 'HGDH2_CNKI.TTF', 'HGDH_CNKI.TTF', 'HGDYS_CNKI.TTF', 'HGDY_CNKI.ttf', 'HGF1X_CNKI.ttf', 'HGF1_CNKI.ttf', 'HGF2X_CNKI.ttf', 'HGF2_CNKI.ttf', 'HGF3_CNKI.ttf', 'HGF4X_CNKI.ttf', 'HGF4_CNKI.ttf', 'HGF5X_CNKI.ttf', 'HGF5_CNKI.ttf', 'HGF6X_CNKI.ttf', 'HGF6_CNKI.ttf', 'HGF7X_CNKI.ttf', 'HGF7_CNKI.ttf', 'HGF8_CNKI.ttf', 'HGF9X_CNKI.ttf', 'HGF9_CNKI.ttf', 'HGFS1_CNKI.TTF', 'HGFS2_CNKI.TTF', 'HGFSH_CNKI.TTF', 'HGFS_CNKI.TTF', 'HGFX_CNKI.ttf', 'HGFZ_CNKI.ttf', 'HGGG_CNKI.TTF', 'HGH1X_CNKI.ttf', 'HGH1_CNKI.ttf', 'HGH2X_CNKI.ttf', 'HGH2_CNKI.ttf', 'HGH3X_CNKI.ttf', 'HGH3_CNKI.ttf', 'HGH4X_CNKI.ttf', 'HGH4_CNKI.ttf', 'HGH5X_CNKI.ttf', 'HGH5_CNKI.ttf', 'HGH6X_CNKI.ttf', 'HGH6_CNKI.ttf', 'HGH7X_CNKI.ttf', 'HGH7_CNKI.ttf', 'HGHB_CNKI.TTF', 'HGHD_CNKI.ttf', 'HGHP_CNKI.TTF', 'HGHT1_CNKI.ttf', 'HGHT2_CNKI.ttf', 'HGHUATI_CNKI.ttf', 'HGHX_CNKI.ttf', 'HGHZ_CNKI.ttf', 'HGH_CNKI.TTF', 'HGKT1_CNKI.TTF', 'HGKT2_CNKI.TTF', 'HGKT_CNKI.TTF', 'HGKY_CNKI.ttf', 'HGLB_CNKI.TTF', 'HGLS_CNKI.TTF', 'HGMH_CNKI.TTF', 'HGNBS_CNKI.ttf', 'HGOCR_CNKI.ttf', 'HGPH_CNKI.TTF', 'HGPTY_CNKI.TTF', 'HGSS1_CNKI.TTF', 'HGSS2_CNKI.TTF', 'HGSS_CNKI.TTF', 'HGSXT_CNKI.ttf', 'HGTT_CNKI.ttf', 'HGTX_CNKI.TTF', 'HGWT_CNKI.TTF', 'HGWYS_CNKI.TTF', 'HGX1X_CNKI.ttf', 'HGX1_CNKI.ttf', 'HGXBS_CNKI.TTF', 'HGXC_CNKI.TTF', 'HGXF1_CNKI.ttf', 'HGXFX_CNKI.ttf', 'HGXFZ_CNKI.ttf', 'HGXH1_CNKI.TTF', 'HGXH_CNKI.TTF', 'HGXK_CNKI.TTF', 'HGXL_CNKI.TTF', 'HGXS_CNKI.TTF', 'HGXT_CNKI.ttf', 'HGXY_CNKI.ttf', 'HGY1_CNKI.TTF', 'HGY2_CNKI.TTF', 'HGY3_CNKI.TTF', 'HGY4_CNKI.TTF', 'HGYB_CNKI.ttf', 'HGYT1_CNKI.ttf', 'HGYT2_CNKI.ttf', 'HGYT_CNKI.TTF', 'HGYX_CNKI.TTF', 'HGZCS_CNKI.TTF', 'HGZDX_CNKI.TTF', 'HGZK_CNKI.TTF', 'HGZYT_CNKI.TTF', 'HGZY_CNKI.TTF', 'himalaya.ttf', 'holomdl2.ttf', 'HTOWERT.TTF', 'HTOWERTI.TTF', 'hvgafix.fon', 'hvgasys.fon', 'impact.ttf', 'IMPRISHA.TTF', 'INFROMAN.TTF', 'Inkfree.ttf', 'iqiyi_logov7.ttf', 'ITCBLKAD.TTF', 'ITCEDSCR.TTF', 'ITCKRIST.TTF', 'j8514fix.fon', 'j8514oem.fon', 'j8514sys.fon', 'javatext.ttf', 'JOKERMAN.TTF', 'jsmalle.fon', 'jsmallf.fon', 'JUICE___.TTF', 'jvgafix.fon', 'jvgasys.fon', 'KUNSTLER.TTF', 'LATINWD.TTF', 'LBRITE.TTF', 'LBRITED.TTF', 'LBRITEDI.TTF', 'LBRITEI.TTF', 'LCALLIG.TTF', 'LeelaUIb.ttf', 'LeelawUI.ttf', 'LeelUIsl.ttf', 'LFAX.TTF', 'LFAXD.TTF', 'LFAXDI.TTF', 'LFAXI.TTF', 'LHANDW.TTF', 'LSANS.TTF', 'LSANSD.TTF', 'LSANSDI.TTF', 'LSANSI.TTF', 'LTYPE.TTF', 'LTYPEB.TTF', 'LTYPEBO.TTF', 'LTYPEO.TTF', 'lucon.ttf', 'l_10646.ttf', 'MAGNETOB.TTF', 'MAIAN.TTF', 'malgun.ttf', 'malgunbd.ttf', 'malgunsl.ttf', 'marlett.ttf', 'MATURASC.TTF', 'micross.ttf', 'mingliub.ttc', 'MISTRAL.TTF', 'mmrtext.ttf', 'mmrtextb.ttf', 'MOD20.TTF', 'modern.fon', 'monbaiti.ttf', 'msgothic.ttc', 'msjh.ttc', 'msjhbd.ttc', 'msjhl.ttc', 'msyh.ttc', 'msyhbd.ttc', 'msyhl.ttc', 'msyi.ttf', 'MTCORSVA.TTF', 'MTEXTRA.TTF', 'mvboli.ttf', 'NIAGENG.TTF', 'NIAGSOL.TTF', 'Nirmala.ttf', 'NirmalaB.ttf', 'NirmalaS.ttf', 'ntailu.ttf', 'ntailub.ttf', 'NumberOnly.ttf', 'OCRAEXT.TTF', 'OLDENGL.TTF', 'ONYX.TTF', 'OUTLOOK.TTF', 'pala.ttf', 'palab.ttf', 'palabi.ttf', 'palai.ttf', 'PALSCRI.TTF', 'PAPYRUS.TTF', 'PARCHM.TTF', 'PERBI___.TTF', 'PERB____.TTF', 'PERI____.TTF', 'PERTIBD.TTF', 'PERTILI.TTF', 'PER_____.TTF', 'phagspa.ttf', 'phagspab.ttf', 'PLAYBILL.TTF', 'POORICH.TTF', 'PRISTINA.TTF', 'RAGE.TTF', 'RAVIE.TTF', 'REFSAN.TTF', 'REFSPCL.TTF', 'ROCCB___.TTF', 'ROCC____.TTF', 'ROCK.TTF', 'ROCKB.TTF', 'ROCKBI.TTF', 'ROCKEB.TTF', 'ROCKI.TTF', 'roman.fon', 's8514fix.fon', 's8514oem.fon', 's8514sys.fon', 'SCHLBKB.TTF', 'SCHLBKBI.TTF', 'SCHLBKI.TTF', 'script.fon', 'SCRIPTBL.TTF', 'segmdl2.ttf', 'SegoeIcons.ttf', 'segoepr.ttf', 'segoeprb.ttf', 'segoesc.ttf', 'segoescb.ttf', 'segoeui.ttf', 'segoeuib.ttf', 'segoeuii.ttf', 'segoeuil.ttf', 'segoeuisl.ttf', 'segoeuiz.ttf', 'seguibl.ttf', 'seguibli.ttf', 'seguiemj.ttf', 'seguihis.ttf', 'seguili.ttf', 'seguisb.ttf', 'seguisbi.ttf', 'seguisli.ttf', 'seguisym.ttf', 'SegUIVar.ttf', 'sere1255.fon', 'sere1256.fon', 'sere1257.fon', 'serf1255.fon', 'serf1256.fon', 'serf1257.fon', 'serife.fon', 'serifee.fon', 'serifeg.fon', 'serifer.fon', 'serifet.fon', 'seriff.fon', 'seriffe.fon', 'seriffg.fon', 'seriffr.fon', 'serifft.fon', 'SHOWG.TTF', 'simfang.ttf', 'simhei.ttf', 'simkai.ttf', 'SIMLI.TTF', 'simsun.ttc', 'simsunb.ttf', 'SIMYOU.TTF', 'SitkaVF-Italic.ttf', 'SitkaVF.ttf', 'smae1255.fon', 'smae1256.fon', 'smae1257.fon', 'smaf1255.fon', 'smaf1256.fon', 'smaf1257.fon', 'smalle.fon', 'smallee.fon', 'smalleg.fon', 'smaller.fon', 'smallet.fon', 'smallf.fon', 'smallfe.fon', 'smallfg.fon', 'smallfr.fon', 'smallft.fon', 'SNAP____.TTF', 'ssee1255.fon', 'ssee1256.fon', 'ssee1257.fon', 'ssee874.fon', 'ssef1255.fon', 'ssef1256.fon', 'ssef1257.fon', 'ssef874.fon', 'sserife.fon', 'sserifee.fon', 'sserifeg.fon', 'sserifer.fon', 'sserifet.fon', 'sseriff.fon', 'sseriffe.fon', 'sseriffg.fon', 'sseriffr.fon', 'sserifft.fon', 'StaticCache.dat', 'STCAIYUN.TTF', 'STENCIL.TTF', 'STFANGSO.TTF', 'STHUPO.TTF', 'STKAITI.TTF', 'STLITI.TTF', 'STSONG.TTF', 'STXIHEI.TTF', 'STXINGKA.TTF', 'STXINWEI.TTF', 'STZHONGS.TTF', 'svgafix.fon', 'svgasys.fon', 'sylfaen.ttf', 'symbol.ttf', 'tahoma.ttf', 'tahomabd.ttf', 'taile.ttf', 'taileb.ttf', 'TCBI____.TTF', 'TCB_____.TTF', 'TCCB____.TTF', 'TCCEB.TTF', 'TCCM____.TTF', 'TCMI____.TTF', 'TCM_____.TTF', 'TEMPSITC.TTF', 'times.ttf', 'timesbd.ttf', 'timesbi.ttf', 'timesi.ttf', 'trebuc.ttf', 'trebucbd.ttf', 'trebucbi.ttf', 'trebucit.ttf', 'verdana.ttf', 'verdanab.ttf', 'verdanai.ttf', 'verdanaz.ttf', 'vga737.fon', 'vga775.fon', 'vga850.fon', 'vga852.fon', 'vga855.fon', 'vga857.fon', 'vga860.fon', 'vga861.fon', 'vga863.fon', 'vga865.fon', 'vga866.fon', 'vga869.fon', 'vga932.fon', 'vga936.fon', 'vga949.fon', 'vga950.fon', 'vgaf1255.fon', 'vgaf1256.fon', 'vgaf1257.fon', 'vgaf874.fon', 'vgafix.fon', 'vgafixe.fon', 'vgafixg.fon', 'vgafixr.fon', 'vgafixt.fon', 'vgaoem.fon', 'vgas1255.fon', 'vgas1256.fon', 'vgas1257.fon', 'vgas874.fon', 'vgasys.fon', 'vgasyse.fon', 'vgasysg.fon', 'vgasysr.fon', 'vgasyst.fon', 'VINERITC.TTF', 'VIVALDII.TTF', 'VLADIMIR.TTF', 'webdings.ttf', 'wingding.ttf', 'WINGDNG2.TTF', 'WINGDNG3.TTF', 'YuGothB.ttc', 'YuGothL.ttc', 'YuGothM.ttc', 'YuGothR.ttc', '\u534e\u5eb7\u65b9\u5706\u4f53W7.TTC', '\u65b9\u6b63\u7c97\u9ed1\u5b8b\u7b80\u4f53.ttf']
2023-09-27 14:59:37,031 - INFO - all fonts installed:['8514fix.fon', '8514fixe.fon', '8514fixg.fon', '8514fixr.fon', '8514fixt.fon', '8514oem.fon', '8514oeme.fon', '8514oemg.fon', '8514oemr.fon', '8514oemt.fon', '8514sys.fon', '8514syse.fon', '8514sysg.fon', '8514sysr.fon', '8514syst.fon', '85775.fon', '85855.fon', '85f1255.fon', '85f1256.fon', '85f1257.fon', '85f874.fon', '85s1255.fon', '85s1256.fon', '85s1257.fon', '85s874.fon', 'AGENCYB.TTF', 'AGENCYR.TTF', 'ALGER.TTF', 'ANTQUAB.TTF', 'ANTQUABI.TTF', 'ANTQUAI.TTF', 'app775.fon', 'app850.fon', 'app852.fon', 'app855.fon', 'app857.fon', 'app866.fon', 'app932.fon', 'app936.fon', 'app949.fon', 'app950.fon', 'arial.ttf', 'arialbd.ttf', 'arialbi.ttf', 'ariali.ttf', 'ARIALN.TTF', 'ARIALNB.TTF', 'ARIALNBI.TTF', 'ARIALNI.TTF', 'ariblk.ttf', 'ARLRDBD.TTF', 'AxureHandwriting-Bold.otf', 'AxureHandwriting-BoldItalic.otf', 'AxureHandwriting-Italic.otf', 'AxureHandwriting.otf', 'bahnschrift.ttf', 'BASKVILL.TTF', 'BAUHS93.TTF', 'BELL.TTF', 'BELLB.TTF', 'BELLI.TTF', 'BERNHC.TTF', 'BKANT.TTF', 'BOD_B.TTF', 'BOD_BI.TTF', 'BOD_BLAI.TTF', 'BOD_BLAR.TTF', 'BOD_CB.TTF', 'BOD_CBI.TTF', 'BOD_CI.TTF', 'BOD_CR.TTF', 'BOD_I.TTF', 'BOD_PSTC.TTF', 'BOD_R.TTF', 'BOOKOS.TTF', 'BOOKOSB.TTF', 'BOOKOSBI.TTF', 'BOOKOSI.TTF', 'BRADHITC.TTF', 'BRITANIC.TTF', 'BRLNSB.TTF', 'BRLNSDB.TTF', 'BRLNSR.TTF', 'BROADW.TTF', 'BRUSHSCI.TTF', 'BSSYM7.TTF', 'c8514fix.fon', 'c8514oem.fon', 'c8514sys.fon', 'calibri.ttf', 'calibrib.ttf', 'calibrii.ttf', 'calibril.ttf', 'calibrili.ttf', 'calibriz.ttf', 'CALIFB.TTF', 'CALIFI.TTF', 'CALIFR.TTF', 'CALIST.TTF', 'CALISTB.TTF', 'CALISTBI.TTF', 'CALISTI.TTF', 'cambria.ttc', 'cambriab.ttf', 'cambriai.ttf', 'cambriaz.ttf', 'Candara.ttf', 'Candarab.ttf', 'Candarai.ttf', 'Candaral.ttf', 'Candarali.ttf', 'Candaraz.ttf', 'CascadiaCode.ttf', 'CascadiaMono.ttf', 'CASTELAR.TTF', 'CENSCBK.TTF', 'CENTAUR.TTF', 'CENTURY.TTF', 'cga40737.fon', 'cga40850.fon', 'cga40852.fon', 'cga40857.fon', 'cga40866.fon', 'cga40869.fon', 'cga40woa.fon', 'cga80737.fon', 'cga80850.fon', 'cga80852.fon', 'cga80857.fon', 'cga80866.fon', 'cga80869.fon', 'cga80woa.fon', 'CHILLER.TTF', 'COLONNA.TTF', 'comic.ttf', 'comicbd.ttf', 'comici.ttf', 'comicz.ttf', 'consola.ttf', 'consolab.ttf', 'consolai.ttf', 'consolaz.ttf', 'constan.ttf', 'constanb.ttf', 'constani.ttf', 'constanz.ttf', 'COOPBL.TTF', 'COPRGTB.TTF', 'COPRGTL.TTF', 'corbel.ttf', 'corbelb.ttf', 'corbeli.ttf', 'corbell.ttf', 'corbelli.ttf', 'corbelz.ttf', 'coue1255.fon', 'coue1256.fon', 'coue1257.fon', 'couf1255.fon', 'couf1256.fon', 'couf1257.fon', 'cour.ttf', 'courbd.ttf', 'courbi.ttf', 'coure.fon', 'couree.fon', 'coureg.fon', 'courer.fon', 'couret.fon', 'courf.fon', 'courfe.fon', 'courfg.fon', 'courfr.fon', 'courft.fon', 'couri.ttf', 'CURLZ___.TTF', 'cvgafix.fon', 'cvgasys.fon', 'Deng.ttf', 'Dengb.ttf', 'Dengl.ttf', 'desktop.ini', 'dos737.fon', 'dos869.fon', 'dosapp.fon', 'DUBAI-BOLD.TTF', 'DUBAI-LIGHT.TTF', 'DUBAI-MEDIUM.TTF', 'DUBAI-REGULAR.TTF', 'ebrima.ttf', 'ebrimabd.ttf', 'ega40737.fon', 'ega40850.fon', 'ega40852.fon', 'ega40857.fon', 'ega40866.fon', 'ega40869.fon', 'ega40woa.fon', 'ega80737.fon', 'ega80850.fon', 'ega80852.fon', 'ega80857.fon', 'ega80866.fon', 'ega80869.fon', 'ega80woa.fon', 'ELEPHNT.TTF', 'ELEPHNTI.TTF', 'ENGR.TTF', 'ERASBD.TTF', 'ERASDEMI.TTF', 'ERASLGHT.TTF', 'ERASMD.TTF', 'FELIXTI.TTF', 'fms_metadata.xml', 'FORTE.TTF', 'FRABK.TTF', 'FRABKIT.TTF', 'FRADM.TTF', 'FRADMCN.TTF', 'FRADMIT.TTF', 'FRAHV.TTF', 'FRAHVIT.TTF', 'framd.ttf', 'FRAMDCN.TTF', 'framdit.ttf', 'FREESCPT.TTF', 'FRSCRIPT.TTF', 'FTLTLT.TTF', 'FZSTK.TTF', 'FZYTK.TTF', 'Gabriola.ttf', 'gadugi.ttf', 'gadugib.ttf', 'GARA.TTF', 'GARABD.TTF', 'GARAIT.TTF', 'georgia.ttf', 'georgiab.ttf', 'georgiai.ttf', 'georgiaz.ttf', 'GIGI.TTF', 'GILBI___.TTF', 'GILB____.TTF', 'GILC____.TTF', 'GILI____.TTF', 'GILLUBCD.TTF', 'GILSANUB.TTF', 'GIL_____.TTF', 'GLECB.TTF', 'GlobalMonospace.CompositeFont', 'GlobalSansSerif.CompositeFont', 'GlobalSerif.CompositeFont', 'GlobalUserInterface.CompositeFont', 'GLSNECB.TTF', 'GOTHIC.TTF', 'GOTHICB.TTF', 'GOTHICBI.TTF', 'GOTHICI.TTF', 'GOUDOS.TTF', 'GOUDOSB.TTF', 'GOUDOSI.TTF', 'GOUDYSTO.TTF', 'h8514fix.fon', 'h8514oem.fon', 'h8514sys.fon', 'HARLOWSI.TTF', 'HARNGTON.TTF', 'HATTEN.TTF', 'HGB1X_CNKI.ttf', 'HGB1_CNKI.ttf', 'HGB2X_CNKI.ttf', 'HGB2_CNKI.ttf', 'HGB3X_CNKI.ttf', 'HGB3_CNKI.ttf', 'HGB4X_CNKI.ttf', 'HGB4_CNKI.ttf', 'HGB5X_CNKI.ttf', 'HGB5_CNKI.ttf', 'HGB6X_CNKI.ttf', 'HGB6_CNKI.ttf', 'HGB7X_CNKI.ttf', 'HGB7_CNKI.ttf', 'HGB8X_CNKI.ttf', 'HGB8_CNKI.ttf', 'HGBD_CNKI.ttf', 'HGBKBX_CNKI.ttf', 'HGBKB_CNKI.ttf', 'HGBKHX_CNKI.ttf', 'HGBKH_CNKI.ttf', 'HGBS1_CNKI.TTF', 'HGBS2_CNKI.TTF', 'HGBS_CNKI.TTF', 'HGBTH_CNKI.TTF', 'HGBTS_CNKI.TTF', 'HGBX_CNKI.ttf', 'HGBZ_CNKI.ttf', 'HGCH_CNKI.TTF', 'HGCUH_CNKI.TTF', 'HGCY_CNKI.TTF', 'HGDBS_CNKI.TTF', 'HGDGY_CNKI.TTF', 'HGDH2_CNKI.TTF', 'HGDH_CNKI.TTF', 'HGDYS_CNKI.TTF', 'HGDY_CNKI.ttf', 'HGF1X_CNKI.ttf', 'HGF1_CNKI.ttf', 'HGF2X_CNKI.ttf', 'HGF2_CNKI.ttf', 'HGF3_CNKI.ttf', 'HGF4X_CNKI.ttf', 'HGF4_CNKI.ttf', 'HGF5X_CNKI.ttf', 'HGF5_CNKI.ttf', 'HGF6X_CNKI.ttf', 'HGF6_CNKI.ttf', 'HGF7X_CNKI.ttf', 'HGF7_CNKI.ttf', 'HGF8_CNKI.ttf', 'HGF9X_CNKI.ttf', 'HGF9_CNKI.ttf', 'HGFS1_CNKI.TTF', 'HGFS2_CNKI.TTF', 'HGFSH_CNKI.TTF', 'HGFS_CNKI.TTF', 'HGFX_CNKI.ttf', 'HGFZ_CNKI.ttf', 'HGGG_CNKI.TTF', 'HGH1X_CNKI.ttf', 'HGH1_CNKI.ttf', 'HGH2X_CNKI.ttf', 'HGH2_CNKI.ttf', 'HGH3X_CNKI.ttf', 'HGH3_CNKI.ttf', 'HGH4X_CNKI.ttf', 'HGH4_CNKI.ttf', 'HGH5X_CNKI.ttf', 'HGH5_CNKI.ttf', 'HGH6X_CNKI.ttf', 'HGH6_CNKI.ttf', 'HGH7X_CNKI.ttf', 'HGH7_CNKI.ttf', 'HGHB_CNKI.TTF', 'HGHD_CNKI.ttf', 'HGHP_CNKI.TTF', 'HGHT1_CNKI.ttf', 'HGHT2_CNKI.ttf', 'HGHUATI_CNKI.ttf', 'HGHX_CNKI.ttf', 'HGHZ_CNKI.ttf', 'HGH_CNKI.TTF', 'HGKT1_CNKI.TTF', 'HGKT2_CNKI.TTF', 'HGKT_CNKI.TTF', 'HGKY_CNKI.ttf', 'HGLB_CNKI.TTF', 'HGLS_CNKI.TTF', 'HGMH_CNKI.TTF', 'HGNBS_CNKI.ttf', 'HGOCR_CNKI.ttf', 'HGPH_CNKI.TTF', 'HGPTY_CNKI.TTF', 'HGSS1_CNKI.TTF', 'HGSS2_CNKI.TTF', 'HGSS_CNKI.TTF', 'HGSXT_CNKI.ttf', 'HGTT_CNKI.ttf', 'HGTX_CNKI.TTF', 'HGWT_CNKI.TTF', 'HGWYS_CNKI.TTF', 'HGX1X_CNKI.ttf', 'HGX1_CNKI.ttf', 'HGXBS_CNKI.TTF', 'HGXC_CNKI.TTF', 'HGXF1_CNKI.ttf', 'HGXFX_CNKI.ttf', 'HGXFZ_CNKI.ttf', 'HGXH1_CNKI.TTF', 'HGXH_CNKI.TTF', 'HGXK_CNKI.TTF', 'HGXL_CNKI.TTF', 'HGXS_CNKI.TTF', 'HGXT_CNKI.ttf', 'HGXY_CNKI.ttf', 'HGY1_CNKI.TTF', 'HGY2_CNKI.TTF', 'HGY3_CNKI.TTF', 'HGY4_CNKI.TTF', 'HGYB_CNKI.ttf', 'HGYT1_CNKI.ttf', 'HGYT2_CNKI.ttf', 'HGYT_CNKI.TTF', 'HGYX_CNKI.TTF', 'HGZCS_CNKI.TTF', 'HGZDX_CNKI.TTF', 'HGZK_CNKI.TTF', 'HGZYT_CNKI.TTF', 'HGZY_CNKI.TTF', 'himalaya.ttf', 'holomdl2.ttf', 'HTOWERT.TTF', 'HTOWERTI.TTF', 'hvgafix.fon', 'hvgasys.fon', 'impact.ttf', 'IMPRISHA.TTF', 'INFROMAN.TTF', 'Inkfree.ttf', 'iqiyi_logov7.ttf', 'ITCBLKAD.TTF', 'ITCEDSCR.TTF', 'ITCKRIST.TTF', 'j8514fix.fon', 'j8514oem.fon', 'j8514sys.fon', 'javatext.ttf', 'JOKERMAN.TTF', 'jsmalle.fon', 'jsmallf.fon', 'JUICE___.TTF', 'jvgafix.fon', 'jvgasys.fon', 'KUNSTLER.TTF', 'LATINWD.TTF', 'LBRITE.TTF', 'LBRITED.TTF', 'LBRITEDI.TTF', 'LBRITEI.TTF', 'LCALLIG.TTF', 'LeelaUIb.ttf', 'LeelawUI.ttf', 'LeelUIsl.ttf', 'LFAX.TTF', 'LFAXD.TTF', 'LFAXDI.TTF', 'LFAXI.TTF', 'LHANDW.TTF', 'LSANS.TTF', 'LSANSD.TTF', 'LSANSDI.TTF', 'LSANSI.TTF', 'LTYPE.TTF', 'LTYPEB.TTF', 'LTYPEBO.TTF', 'LTYPEO.TTF', 'lucon.ttf', 'l_10646.ttf', 'MAGNETOB.TTF', 'MAIAN.TTF', 'malgun.ttf', 'malgunbd.ttf', 'malgunsl.ttf', 'marlett.ttf', 'MATURASC.TTF', 'micross.ttf', 'mingliub.ttc', 'MISTRAL.TTF', 'mmrtext.ttf', 'mmrtextb.ttf', 'MOD20.TTF', 'modern.fon', 'monbaiti.ttf', 'msgothic.ttc', 'msjh.ttc', 'msjhbd.ttc', 'msjhl.ttc', 'msyh.ttc', 'msyhbd.ttc', 'msyhl.ttc', 'msyi.ttf', 'MTCORSVA.TTF', 'MTEXTRA.TTF', 'mvboli.ttf', 'NIAGENG.TTF', 'NIAGSOL.TTF', 'Nirmala.ttf', 'NirmalaB.ttf', 'NirmalaS.ttf', 'ntailu.ttf', 'ntailub.ttf', 'NumberOnly.ttf', 'OCRAEXT.TTF', 'OLDENGL.TTF', 'ONYX.TTF', 'OUTLOOK.TTF', 'pala.ttf', 'palab.ttf', 'palabi.ttf', 'palai.ttf', 'PALSCRI.TTF', 'PAPYRUS.TTF', 'PARCHM.TTF', 'PERBI___.TTF', 'PERB____.TTF', 'PERI____.TTF', 'PERTIBD.TTF', 'PERTILI.TTF', 'PER_____.TTF', 'phagspa.ttf', 'phagspab.ttf', 'PLAYBILL.TTF', 'POORICH.TTF', 'PRISTINA.TTF', 'RAGE.TTF', 'RAVIE.TTF', 'REFSAN.TTF', 'REFSPCL.TTF', 'ROCCB___.TTF', 'ROCC____.TTF', 'ROCK.TTF', 'ROCKB.TTF', 'ROCKBI.TTF', 'ROCKEB.TTF', 'ROCKI.TTF', 'roman.fon', 's8514fix.fon', 's8514oem.fon', 's8514sys.fon', 'SCHLBKB.TTF', 'SCHLBKBI.TTF', 'SCHLBKI.TTF', 'script.fon', 'SCRIPTBL.TTF', 'segmdl2.ttf', 'SegoeIcons.ttf', 'segoepr.ttf', 'segoeprb.ttf', 'segoesc.ttf', 'segoescb.ttf', 'segoeui.ttf', 'segoeuib.ttf', 'segoeuii.ttf', 'segoeuil.ttf', 'segoeuisl.ttf', 'segoeuiz.ttf', 'seguibl.ttf', 'seguibli.ttf', 'seguiemj.ttf', 'seguihis.ttf', 'seguili.ttf', 'seguisb.ttf', 'seguisbi.ttf', 'seguisli.ttf', 'seguisym.ttf', 'SegUIVar.ttf', 'sere1255.fon', 'sere1256.fon', 'sere1257.fon', 'serf1255.fon', 'serf1256.fon', 'serf1257.fon', 'serife.fon', 'serifee.fon', 'serifeg.fon', 'serifer.fon', 'serifet.fon', 'seriff.fon', 'seriffe.fon', 'seriffg.fon', 'seriffr.fon', 'serifft.fon', 'SHOWG.TTF', 'simfang.ttf', 'simhei.ttf', 'simkai.ttf', 'SIMLI.TTF', 'simsun.ttc', 'simsunb.ttf', 'SIMYOU.TTF', 'SitkaVF-Italic.ttf', 'SitkaVF.ttf', 'smae1255.fon', 'smae1256.fon', 'smae1257.fon', 'smaf1255.fon', 'smaf1256.fon', 'smaf1257.fon', 'smalle.fon', 'smallee.fon', 'smalleg.fon', 'smaller.fon', 'smallet.fon', 'smallf.fon', 'smallfe.fon', 'smallfg.fon', 'smallfr.fon', 'smallft.fon', 'SNAP____.TTF', 'ssee1255.fon', 'ssee1256.fon', 'ssee1257.fon', 'ssee874.fon', 'ssef1255.fon', 'ssef1256.fon', 'ssef1257.fon', 'ssef874.fon', 'sserife.fon', 'sserifee.fon', 'sserifeg.fon', 'sserifer.fon', 'sserifet.fon', 'sseriff.fon', 'sseriffe.fon', 'sseriffg.fon', 'sseriffr.fon', 'sserifft.fon', 'StaticCache.dat', 'STCAIYUN.TTF', 'STENCIL.TTF', 'STFANGSO.TTF', 'STHUPO.TTF', 'STKAITI.TTF', 'STLITI.TTF', 'STSONG.TTF', 'STXIHEI.TTF', 'STXINGKA.TTF', 'STXINWEI.TTF', 'STZHONGS.TTF', 'svgafix.fon', 'svgasys.fon', 'sylfaen.ttf', 'symbol.ttf', 'tahoma.ttf', 'tahomabd.ttf', 'taile.ttf', 'taileb.ttf', 'TCBI____.TTF', 'TCB_____.TTF', 'TCCB____.TTF', 'TCCEB.TTF', 'TCCM____.TTF', 'TCMI____.TTF', 'TCM_____.TTF', 'TEMPSITC.TTF', 'times.ttf', 'timesbd.ttf', 'timesbi.ttf', 'timesi.ttf', 'trebuc.ttf', 'trebucbd.ttf', 'trebucbi.ttf', 'trebucit.ttf', 'verdana.ttf', 'verdanab.ttf', 'verdanai.ttf', 'verdanaz.ttf', 'vga737.fon', 'vga775.fon', 'vga850.fon', 'vga852.fon', 'vga855.fon', 'vga857.fon', 'vga860.fon', 'vga861.fon', 'vga863.fon', 'vga865.fon', 'vga866.fon', 'vga869.fon', 'vga932.fon', 'vga936.fon', 'vga949.fon', 'vga950.fon', 'vgaf1255.fon', 'vgaf1256.fon', 'vgaf1257.fon', 'vgaf874.fon', 'vgafix.fon', 'vgafixe.fon', 'vgafixg.fon', 'vgafixr.fon', 'vgafixt.fon', 'vgaoem.fon', 'vgas1255.fon', 'vgas1256.fon', 'vgas1257.fon', 'vgas874.fon', 'vgasys.fon', 'vgasyse.fon', 'vgasysg.fon', 'vgasysr.fon', 'vgasyst.fon', 'VINERITC.TTF', 'VIVALDII.TTF', 'VLADIMIR.TTF', 'webdings.ttf', 'wingding.ttf', 'WINGDNG2.TTF', 'WINGDNG3.TTF', 'YuGothB.ttc', 'YuGothL.ttc', 'YuGothM.ttc', 'YuGothR.ttc', '\u534e\u5eb7\u65b9\u5706\u4f53W7.TTC', '\u65b9\u6b63\u7c97\u9ed1\u5b8b\u7b80\u4f53.ttf']
2023-09-27 14:59:37,207 - INFO - all fonts installed:['8514fix.fon', '8514fixe.fon', '8514fixg.fon', '8514fixr.fon', '8514fixt.fon', '8514oem.fon', '8514oeme.fon', '8514oemg.fon', '8514oemr.fon', '8514oemt.fon', '8514sys.fon', '8514syse.fon', '8514sysg.fon', '8514sysr.fon', '8514syst.fon', '85775.fon', '85855.fon', '85f1255.fon', '85f1256.fon', '85f1257.fon', '85f874.fon', '85s1255.fon', '85s1256.fon', '85s1257.fon', '85s874.fon', 'AGENCYB.TTF', 'AGENCYR.TTF', 'ALGER.TTF', 'ANTQUAB.TTF', 'ANTQUABI.TTF', 'ANTQUAI.TTF', 'app775.fon', 'app850.fon', 'app852.fon', 'app855.fon', 'app857.fon', 'app866.fon', 'app932.fon', 'app936.fon', 'app949.fon', 'app950.fon', 'arial.ttf', 'arialbd.ttf', 'arialbi.ttf', 'ariali.ttf', 'ARIALN.TTF', 'ARIALNB.TTF', 'ARIALNBI.TTF', 'ARIALNI.TTF', 'ariblk.ttf', 'ARLRDBD.TTF', 'AxureHandwriting-Bold.otf', 'AxureHandwriting-BoldItalic.otf', 'AxureHandwriting-Italic.otf', 'AxureHandwriting.otf', 'bahnschrift.ttf', 'BASKVILL.TTF', 'BAUHS93.TTF', 'BELL.TTF', 'BELLB.TTF', 'BELLI.TTF', 'BERNHC.TTF', 'BKANT.TTF', 'BOD_B.TTF', 'BOD_BI.TTF', 'BOD_BLAI.TTF', 'BOD_BLAR.TTF', 'BOD_CB.TTF', 'BOD_CBI.TTF', 'BOD_CI.TTF', 'BOD_CR.TTF', 'BOD_I.TTF', 'BOD_PSTC.TTF', 'BOD_R.TTF', 'BOOKOS.TTF', 'BOOKOSB.TTF', 'BOOKOSBI.TTF', 'BOOKOSI.TTF', 'BRADHITC.TTF', 'BRITANIC.TTF', 'BRLNSB.TTF', 'BRLNSDB.TTF', 'BRLNSR.TTF', 'BROADW.TTF', 'BRUSHSCI.TTF', 'BSSYM7.TTF', 'c8514fix.fon', 'c8514oem.fon', 'c8514sys.fon', 'calibri.ttf', 'calibrib.ttf', 'calibrii.ttf', 'calibril.ttf', 'calibrili.ttf', 'calibriz.ttf', 'CALIFB.TTF', 'CALIFI.TTF', 'CALIFR.TTF', 'CALIST.TTF', 'CALISTB.TTF', 'CALISTBI.TTF', 'CALISTI.TTF', 'cambria.ttc', 'cambriab.ttf', 'cambriai.ttf', 'cambriaz.ttf', 'Candara.ttf', 'Candarab.ttf', 'Candarai.ttf', 'Candaral.ttf', 'Candarali.ttf', 'Candaraz.ttf', 'CascadiaCode.ttf', 'CascadiaMono.ttf', 'CASTELAR.TTF', 'CENSCBK.TTF', 'CENTAUR.TTF', 'CENTURY.TTF', 'cga40737.fon', 'cga40850.fon', 'cga40852.fon', 'cga40857.fon', 'cga40866.fon', 'cga40869.fon', 'cga40woa.fon', 'cga80737.fon', 'cga80850.fon', 'cga80852.fon', 'cga80857.fon', 'cga80866.fon', 'cga80869.fon', 'cga80woa.fon', 'CHILLER.TTF', 'COLONNA.TTF', 'comic.ttf', 'comicbd.ttf', 'comici.ttf', 'comicz.ttf', 'consola.ttf', 'consolab.ttf', 'consolai.ttf', 'consolaz.ttf', 'constan.ttf', 'constanb.ttf', 'constani.ttf', 'constanz.ttf', 'COOPBL.TTF', 'COPRGTB.TTF', 'COPRGTL.TTF', 'corbel.ttf', 'corbelb.ttf', 'corbeli.ttf', 'corbell.ttf', 'corbelli.ttf', 'corbelz.ttf', 'coue1255.fon', 'coue1256.fon', 'coue1257.fon', 'couf1255.fon', 'couf1256.fon', 'couf1257.fon', 'cour.ttf', 'courbd.ttf', 'courbi.ttf', 'coure.fon', 'couree.fon', 'coureg.fon', 'courer.fon', 'couret.fon', 'courf.fon', 'courfe.fon', 'courfg.fon', 'courfr.fon', 'courft.fon', 'couri.ttf', 'CURLZ___.TTF', 'cvgafix.fon', 'cvgasys.fon', 'Deng.ttf', 'Dengb.ttf', 'Dengl.ttf', 'desktop.ini', 'dos737.fon', 'dos869.fon', 'dosapp.fon', 'DUBAI-BOLD.TTF', 'DUBAI-LIGHT.TTF', 'DUBAI-MEDIUM.TTF', 'DUBAI-REGULAR.TTF', 'ebrima.ttf', 'ebrimabd.ttf', 'ega40737.fon', 'ega40850.fon', 'ega40852.fon', 'ega40857.fon', 'ega40866.fon', 'ega40869.fon', 'ega40woa.fon', 'ega80737.fon', 'ega80850.fon', 'ega80852.fon', 'ega80857.fon', 'ega80866.fon', 'ega80869.fon', 'ega80woa.fon', 'ELEPHNT.TTF', 'ELEPHNTI.TTF', 'ENGR.TTF', 'ERASBD.TTF', 'ERASDEMI.TTF', 'ERASLGHT.TTF', 'ERASMD.TTF', 'FELIXTI.TTF', 'fms_metadata.xml', 'FORTE.TTF', 'FRABK.TTF', 'FRABKIT.TTF', 'FRADM.TTF', 'FRADMCN.TTF', 'FRADMIT.TTF', 'FRAHV.TTF', 'FRAHVIT.TTF', 'framd.ttf', 'FRAMDCN.TTF', 'framdit.ttf', 'FREESCPT.TTF', 'FRSCRIPT.TTF', 'FTLTLT.TTF', 'FZSTK.TTF', 'FZYTK.TTF', 'Gabriola.ttf', 'gadugi.ttf', 'gadugib.ttf', 'GARA.TTF', 'GARABD.TTF', 'GARAIT.TTF', 'georgia.ttf', 'georgiab.ttf', 'georgiai.ttf', 'georgiaz.ttf', 'GIGI.TTF', 'GILBI___.TTF', 'GILB____.TTF', 'GILC____.TTF', 'GILI____.TTF', 'GILLUBCD.TTF', 'GILSANUB.TTF', 'GIL_____.TTF', 'GLECB.TTF', 'GlobalMonospace.CompositeFont', 'GlobalSansSerif.CompositeFont', 'GlobalSerif.CompositeFont', 'GlobalUserInterface.CompositeFont', 'GLSNECB.TTF', 'GOTHIC.TTF', 'GOTHICB.TTF', 'GOTHICBI.TTF', 'GOTHICI.TTF', 'GOUDOS.TTF', 'GOUDOSB.TTF', 'GOUDOSI.TTF', 'GOUDYSTO.TTF', 'h8514fix.fon', 'h8514oem.fon', 'h8514sys.fon', 'HARLOWSI.TTF', 'HARNGTON.TTF', 'HATTEN.TTF', 'HGB1X_CNKI.ttf', 'HGB1_CNKI.ttf', 'HGB2X_CNKI.ttf', 'HGB2_CNKI.ttf', 'HGB3X_CNKI.ttf', 'HGB3_CNKI.ttf', 'HGB4X_CNKI.ttf', 'HGB4_CNKI.ttf', 'HGB5X_CNKI.ttf', 'HGB5_CNKI.ttf', 'HGB6X_CNKI.ttf', 'HGB6_CNKI.ttf', 'HGB7X_CNKI.ttf', 'HGB7_CNKI.ttf', 'HGB8X_CNKI.ttf', 'HGB8_CNKI.ttf', 'HGBD_CNKI.ttf', 'HGBKBX_CNKI.ttf', 'HGBKB_CNKI.ttf', 'HGBKHX_CNKI.ttf', 'HGBKH_CNKI.ttf', 'HGBS1_CNKI.TTF', 'HGBS2_CNKI.TTF', 'HGBS_CNKI.TTF', 'HGBTH_CNKI.TTF', 'HGBTS_CNKI.TTF', 'HGBX_CNKI.ttf', 'HGBZ_CNKI.ttf', 'HGCH_CNKI.TTF', 'HGCUH_CNKI.TTF', 'HGCY_CNKI.TTF', 'HGDBS_CNKI.TTF', 'HGDGY_CNKI.TTF', 'HGDH2_CNKI.TTF', 'HGDH_CNKI.TTF', 'HGDYS_CNKI.TTF', 'HGDY_CNKI.ttf', 'HGF1X_CNKI.ttf', 'HGF1_CNKI.ttf', 'HGF2X_CNKI.ttf', 'HGF2_CNKI.ttf', 'HGF3_CNKI.ttf', 'HGF4X_CNKI.ttf', 'HGF4_CNKI.ttf', 'HGF5X_CNKI.ttf', 'HGF5_CNKI.ttf', 'HGF6X_CNKI.ttf', 'HGF6_CNKI.ttf', 'HGF7X_CNKI.ttf', 'HGF7_CNKI.ttf', 'HGF8_CNKI.ttf', 'HGF9X_CNKI.ttf', 'HGF9_CNKI.ttf', 'HGFS1_CNKI.TTF', 'HGFS2_CNKI.TTF', 'HGFSH_CNKI.TTF', 'HGFS_CNKI.TTF', 'HGFX_CNKI.ttf', 'HGFZ_CNKI.ttf', 'HGGG_CNKI.TTF', 'HGH1X_CNKI.ttf', 'HGH1_CNKI.ttf', 'HGH2X_CNKI.ttf', 'HGH2_CNKI.ttf', 'HGH3X_CNKI.ttf', 'HGH3_CNKI.ttf', 'HGH4X_CNKI.ttf', 'HGH4_CNKI.ttf', 'HGH5X_CNKI.ttf', 'HGH5_CNKI.ttf', 'HGH6X_CNKI.ttf', 'HGH6_CNKI.ttf', 'HGH7X_CNKI.ttf', 'HGH7_CNKI.ttf', 'HGHB_CNKI.TTF', 'HGHD_CNKI.ttf', 'HGHP_CNKI.TTF', 'HGHT1_CNKI.ttf', 'HGHT2_CNKI.ttf', 'HGHUATI_CNKI.ttf', 'HGHX_CNKI.ttf', 'HGHZ_CNKI.ttf', 'HGH_CNKI.TTF', 'HGKT1_CNKI.TTF', 'HGKT2_CNKI.TTF', 'HGKT_CNKI.TTF', 'HGKY_CNKI.ttf', 'HGLB_CNKI.TTF', 'HGLS_CNKI.TTF', 'HGMH_CNKI.TTF', 'HGNBS_CNKI.ttf', 'HGOCR_CNKI.ttf', 'HGPH_CNKI.TTF', 'HGPTY_CNKI.TTF', 'HGSS1_CNKI.TTF', 'HGSS2_CNKI.TTF', 'HGSS_CNKI.TTF', 'HGSXT_CNKI.ttf', 'HGTT_CNKI.ttf', 'HGTX_CNKI.TTF', 'HGWT_CNKI.TTF', 'HGWYS_CNKI.TTF', 'HGX1X_CNKI.ttf', 'HGX1_CNKI.ttf', 'HGXBS_CNKI.TTF', 'HGXC_CNKI.TTF', 'HGXF1_CNKI.ttf', 'HGXFX_CNKI.ttf', 'HGXFZ_CNKI.ttf', 'HGXH1_CNKI.TTF', 'HGXH_CNKI.TTF', 'HGXK_CNKI.TTF', 'HGXL_CNKI.TTF', 'HGXS_CNKI.TTF', 'HGXT_CNKI.ttf', 'HGXY_CNKI.ttf', 'HGY1_CNKI.TTF', 'HGY2_CNKI.TTF', 'HGY3_CNKI.TTF', 'HGY4_CNKI.TTF', 'HGYB_CNKI.ttf', 'HGYT1_CNKI.ttf', 'HGYT2_CNKI.ttf', 'HGYT_CNKI.TTF', 'HGYX_CNKI.TTF', 'HGZCS_CNKI.TTF', 'HGZDX_CNKI.TTF', 'HGZK_CNKI.TTF', 'HGZYT_CNKI.TTF', 'HGZY_CNKI.TTF', 'himalaya.ttf', 'holomdl2.ttf', 'HTOWERT.TTF', 'HTOWERTI.TTF', 'hvgafix.fon', 'hvgasys.fon', 'impact.ttf', 'IMPRISHA.TTF', 'INFROMAN.TTF', 'Inkfree.ttf', 'iqiyi_logov7.ttf', 'ITCBLKAD.TTF', 'ITCEDSCR.TTF', 'ITCKRIST.TTF', 'j8514fix.fon', 'j8514oem.fon', 'j8514sys.fon', 'javatext.ttf', 'JOKERMAN.TTF', 'jsmalle.fon', 'jsmallf.fon', 'JUICE___.TTF', 'jvgafix.fon', 'jvgasys.fon', 'KUNSTLER.TTF', 'LATINWD.TTF', 'LBRITE.TTF', 'LBRITED.TTF', 'LBRITEDI.TTF', 'LBRITEI.TTF', 'LCALLIG.TTF', 'LeelaUIb.ttf', 'LeelawUI.ttf', 'LeelUIsl.ttf', 'LFAX.TTF', 'LFAXD.TTF', 'LFAXDI.TTF', 'LFAXI.TTF', 'LHANDW.TTF', 'LSANS.TTF', 'LSANSD.TTF', 'LSANSDI.TTF', 'LSANSI.TTF', 'LTYPE.TTF', 'LTYPEB.TTF', 'LTYPEBO.TTF', 'LTYPEO.TTF', 'lucon.ttf', 'l_10646.ttf', 'MAGNETOB.TTF', 'MAIAN.TTF', 'malgun.ttf', 'malgunbd.ttf', 'malgunsl.ttf', 'marlett.ttf', 'MATURASC.TTF', 'micross.ttf', 'mingliub.ttc', 'MISTRAL.TTF', 'mmrtext.ttf', 'mmrtextb.ttf', 'MOD20.TTF', 'modern.fon', 'monbaiti.ttf', 'msgothic.ttc', 'msjh.ttc', 'msjhbd.ttc', 'msjhl.ttc', 'msyh.ttc', 'msyhbd.ttc', 'msyhl.ttc', 'msyi.ttf', 'MTCORSVA.TTF', 'MTEXTRA.TTF', 'mvboli.ttf', 'NIAGENG.TTF', 'NIAGSOL.TTF', 'Nirmala.ttf', 'NirmalaB.ttf', 'NirmalaS.ttf', 'ntailu.ttf', 'ntailub.ttf', 'NumberOnly.ttf', 'OCRAEXT.TTF', 'OLDENGL.TTF', 'ONYX.TTF', 'OUTLOOK.TTF', 'pala.ttf', 'palab.ttf', 'palabi.ttf', 'palai.ttf', 'PALSCRI.TTF', 'PAPYRUS.TTF', 'PARCHM.TTF', 'PERBI___.TTF', 'PERB____.TTF', 'PERI____.TTF', 'PERTIBD.TTF', 'PERTILI.TTF', 'PER_____.TTF', 'phagspa.ttf', 'phagspab.ttf', 'PLAYBILL.TTF', 'POORICH.TTF', 'PRISTINA.TTF', 'RAGE.TTF', 'RAVIE.TTF', 'REFSAN.TTF', 'REFSPCL.TTF', 'ROCCB___.TTF', 'ROCC____.TTF', 'ROCK.TTF', 'ROCKB.TTF', 'ROCKBI.TTF', 'ROCKEB.TTF', 'ROCKI.TTF', 'roman.fon', 's8514fix.fon', 's8514oem.fon', 's8514sys.fon', 'SCHLBKB.TTF', 'SCHLBKBI.TTF', 'SCHLBKI.TTF', 'script.fon', 'SCRIPTBL.TTF', 'segmdl2.ttf', 'SegoeIcons.ttf', 'segoepr.ttf', 'segoeprb.ttf', 'segoesc.ttf', 'segoescb.ttf', 'segoeui.ttf', 'segoeuib.ttf', 'segoeuii.ttf', 'segoeuil.ttf', 'segoeuisl.ttf', 'segoeuiz.ttf', 'seguibl.ttf', 'seguibli.ttf', 'seguiemj.ttf', 'seguihis.ttf', 'seguili.ttf', 'seguisb.ttf', 'seguisbi.ttf', 'seguisli.ttf', 'seguisym.ttf', 'SegUIVar.ttf', 'sere1255.fon', 'sere1256.fon', 'sere1257.fon', 'serf1255.fon', 'serf1256.fon', 'serf1257.fon', 'serife.fon', 'serifee.fon', 'serifeg.fon', 'serifer.fon', 'serifet.fon', 'seriff.fon', 'seriffe.fon', 'seriffg.fon', 'seriffr.fon', 'serifft.fon', 'SHOWG.TTF', 'simfang.ttf', 'simhei.ttf', 'simkai.ttf', 'SIMLI.TTF', 'simsun.ttc', 'simsunb.ttf', 'SIMYOU.TTF', 'SitkaVF-Italic.ttf', 'SitkaVF.ttf', 'smae1255.fon', 'smae1256.fon', 'smae1257.fon', 'smaf1255.fon', 'smaf1256.fon', 'smaf1257.fon', 'smalle.fon', 'smallee.fon', 'smalleg.fon', 'smaller.fon', 'smallet.fon', 'smallf.fon', 'smallfe.fon', 'smallfg.fon', 'smallfr.fon', 'smallft.fon', 'SNAP____.TTF', 'ssee1255.fon', 'ssee1256.fon', 'ssee1257.fon', 'ssee874.fon', 'ssef1255.fon', 'ssef1256.fon', 'ssef1257.fon', 'ssef874.fon', 'sserife.fon', 'sserifee.fon', 'sserifeg.fon', 'sserifer.fon', 'sserifet.fon', 'sseriff.fon', 'sseriffe.fon', 'sseriffg.fon', 'sseriffr.fon', 'sserifft.fon', 'StaticCache.dat', 'STCAIYUN.TTF', 'STENCIL.TTF', 'STFANGSO.TTF', 'STHUPO.TTF', 'STKAITI.TTF', 'STLITI.TTF', 'STSONG.TTF', 'STXIHEI.TTF', 'STXINGKA.TTF', 'STXINWEI.TTF', 'STZHONGS.TTF', 'svgafix.fon', 'svgasys.fon', 'sylfaen.ttf', 'symbol.ttf', 'tahoma.ttf', 'tahomabd.ttf', 'taile.ttf', 'taileb.ttf', 'TCBI____.TTF', 'TCB_____.TTF', 'TCCB____.TTF', 'TCCEB.TTF', 'TCCM____.TTF', 'TCMI____.TTF', 'TCM_____.TTF', 'TEMPSITC.TTF', 'times.ttf', 'timesbd.ttf', 'timesbi.ttf', 'timesi.ttf', 'trebuc.ttf', 'trebucbd.ttf', 'trebucbi.ttf', 'trebucit.ttf', 'verdana.ttf', 'verdanab.ttf', 'verdanai.ttf', 'verdanaz.ttf', 'vga737.fon', 'vga775.fon', 'vga850.fon', 'vga852.fon', 'vga855.fon', 'vga857.fon', 'vga860.fon', 'vga861.fon', 'vga863.fon', 'vga865.fon', 'vga866.fon', 'vga869.fon', 'vga932.fon', 'vga936.fon', 'vga949.fon', 'vga950.fon', 'vgaf1255.fon', 'vgaf1256.fon', 'vgaf1257.fon', 'vgaf874.fon', 'vgafix.fon', 'vgafixe.fon', 'vgafixg.fon', 'vgafixr.fon', 'vgafixt.fon', 'vgaoem.fon', 'vgas1255.fon', 'vgas1256.fon', 'vgas1257.fon', 'vgas874.fon', 'vgasys.fon', 'vgasyse.fon', 'vgasysg.fon', 'vgasysr.fon', 'vgasyst.fon', 'VINERITC.TTF', 'VIVALDII.TTF', 'VLADIMIR.TTF', 'webdings.ttf', 'wingding.ttf', 'WINGDNG2.TTF', 'WINGDNG3.TTF', 'YuGothB.ttc', 'YuGothL.ttc', 'YuGothM.ttc', 'YuGothR.ttc', '\u534e\u5eb7\u65b9\u5706\u4f53W7.TTC', '\u65b9\u6b63\u7c97\u9ed1\u5b8b\u7b80\u4f53.ttf']
2023-09-27 14:59:37,210 - INFO - all fonts installed:['8514fix.fon', '8514fixe.fon', '8514fixg.fon', '8514fixr.fon', '8514fixt.fon', '8514oem.fon', '8514oeme.fon', '8514oemg.fon', '8514oemr.fon', '8514oemt.fon', '8514sys.fon', '8514syse.fon', '8514sysg.fon', '8514sysr.fon', '8514syst.fon', '85775.fon', '85855.fon', '85f1255.fon', '85f1256.fon', '85f1257.fon', '85f874.fon', '85s1255.fon', '85s1256.fon', '85s1257.fon', '85s874.fon', 'AGENCYB.TTF', 'AGENCYR.TTF', 'ALGER.TTF', 'ANTQUAB.TTF', 'ANTQUABI.TTF', 'ANTQUAI.TTF', 'app775.fon', 'app850.fon', 'app852.fon', 'app855.fon', 'app857.fon', 'app866.fon', 'app932.fon', 'app936.fon', 'app949.fon', 'app950.fon', 'arial.ttf', 'arialbd.ttf', 'arialbi.ttf', 'ariali.ttf', 'ARIALN.TTF', 'ARIALNB.TTF', 'ARIALNBI.TTF', 'ARIALNI.TTF', 'ariblk.ttf', 'ARLRDBD.TTF', 'AxureHandwriting-Bold.otf', 'AxureHandwriting-BoldItalic.otf', 'AxureHandwriting-Italic.otf', 'AxureHandwriting.otf', 'bahnschrift.ttf', 'BASKVILL.TTF', 'BAUHS93.TTF', 'BELL.TTF', 'BELLB.TTF', 'BELLI.TTF', 'BERNHC.TTF', 'BKANT.TTF', 'BOD_B.TTF', 'BOD_BI.TTF', 'BOD_BLAI.TTF', 'BOD_BLAR.TTF', 'BOD_CB.TTF', 'BOD_CBI.TTF', 'BOD_CI.TTF', 'BOD_CR.TTF', 'BOD_I.TTF', 'BOD_PSTC.TTF', 'BOD_R.TTF', 'BOOKOS.TTF', 'BOOKOSB.TTF', 'BOOKOSBI.TTF', 'BOOKOSI.TTF', 'BRADHITC.TTF', 'BRITANIC.TTF', 'BRLNSB.TTF', 'BRLNSDB.TTF', 'BRLNSR.TTF', 'BROADW.TTF', 'BRUSHSCI.TTF', 'BSSYM7.TTF', 'c8514fix.fon', 'c8514oem.fon', 'c8514sys.fon', 'calibri.ttf', 'calibrib.ttf', 'calibrii.ttf', 'calibril.ttf', 'calibrili.ttf', 'calibriz.ttf', 'CALIFB.TTF', 'CALIFI.TTF', 'CALIFR.TTF', 'CALIST.TTF', 'CALISTB.TTF', 'CALISTBI.TTF', 'CALISTI.TTF', 'cambria.ttc', 'cambriab.ttf', 'cambriai.ttf', 'cambriaz.ttf', 'Candara.ttf', 'Candarab.ttf', 'Candarai.ttf', 'Candaral.ttf', 'Candarali.ttf', 'Candaraz.ttf', 'CascadiaCode.ttf', 'CascadiaMono.ttf', 'CASTELAR.TTF', 'CENSCBK.TTF', 'CENTAUR.TTF', 'CENTURY.TTF', 'cga40737.fon', 'cga40850.fon', 'cga40852.fon', 'cga40857.fon', 'cga40866.fon', 'cga40869.fon', 'cga40woa.fon', 'cga80737.fon', 'cga80850.fon', 'cga80852.fon', 'cga80857.fon', 'cga80866.fon', 'cga80869.fon', 'cga80woa.fon', 'CHILLER.TTF', 'COLONNA.TTF', 'comic.ttf', 'comicbd.ttf', 'comici.ttf', 'comicz.ttf', 'consola.ttf', 'consolab.ttf', 'consolai.ttf', 'consolaz.ttf', 'constan.ttf', 'constanb.ttf', 'constani.ttf', 'constanz.ttf', 'COOPBL.TTF', 'COPRGTB.TTF', 'COPRGTL.TTF', 'corbel.ttf', 'corbelb.ttf', 'corbeli.ttf', 'corbell.ttf', 'corbelli.ttf', 'corbelz.ttf', 'coue1255.fon', 'coue1256.fon', 'coue1257.fon', 'couf1255.fon', 'couf1256.fon', 'couf1257.fon', 'cour.ttf', 'courbd.ttf', 'courbi.ttf', 'coure.fon', 'couree.fon', 'coureg.fon', 'courer.fon', 'couret.fon', 'courf.fon', 'courfe.fon', 'courfg.fon', 'courfr.fon', 'courft.fon', 'couri.ttf', 'CURLZ___.TTF', 'cvgafix.fon', 'cvgasys.fon', 'Deng.ttf', 'Dengb.ttf', 'Dengl.ttf', 'desktop.ini', 'dos737.fon', 'dos869.fon', 'dosapp.fon', 'DUBAI-BOLD.TTF', 'DUBAI-LIGHT.TTF', 'DUBAI-MEDIUM.TTF', 'DUBAI-REGULAR.TTF', 'ebrima.ttf', 'ebrimabd.ttf', 'ega40737.fon', 'ega40850.fon', 'ega40852.fon', 'ega40857.fon', 'ega40866.fon', 'ega40869.fon', 'ega40woa.fon', 'ega80737.fon', 'ega80850.fon', 'ega80852.fon', 'ega80857.fon', 'ega80866.fon', 'ega80869.fon', 'ega80woa.fon', 'ELEPHNT.TTF', 'ELEPHNTI.TTF', 'ENGR.TTF', 'ERASBD.TTF', 'ERASDEMI.TTF', 'ERASLGHT.TTF', 'ERASMD.TTF', 'FELIXTI.TTF', 'fms_metadata.xml', 'FORTE.TTF', 'FRABK.TTF', 'FRABKIT.TTF', 'FRADM.TTF', 'FRADMCN.TTF', 'FRADMIT.TTF', 'FRAHV.TTF', 'FRAHVIT.TTF', 'framd.ttf', 'FRAMDCN.TTF', 'framdit.ttf', 'FREESCPT.TTF', 'FRSCRIPT.TTF', 'FTLTLT.TTF', 'FZSTK.TTF', 'FZYTK.TTF', 'Gabriola.ttf', 'gadugi.ttf', 'gadugib.ttf', 'GARA.TTF', 'GARABD.TTF', 'GARAIT.TTF', 'georgia.ttf', 'georgiab.ttf', 'georgiai.ttf', 'georgiaz.ttf', 'GIGI.TTF', 'GILBI___.TTF', 'GILB____.TTF', 'GILC____.TTF', 'GILI____.TTF', 'GILLUBCD.TTF', 'GILSANUB.TTF', 'GIL_____.TTF', 'GLECB.TTF', 'GlobalMonospace.CompositeFont', 'GlobalSansSerif.CompositeFont', 'GlobalSerif.CompositeFont', 'GlobalUserInterface.CompositeFont', 'GLSNECB.TTF', 'GOTHIC.TTF', 'GOTHICB.TTF', 'GOTHICBI.TTF', 'GOTHICI.TTF', 'GOUDOS.TTF', 'GOUDOSB.TTF', 'GOUDOSI.TTF', 'GOUDYSTO.TTF', 'h8514fix.fon', 'h8514oem.fon', 'h8514sys.fon', 'HARLOWSI.TTF', 'HARNGTON.TTF', 'HATTEN.TTF', 'HGB1X_CNKI.ttf', 'HGB1_CNKI.ttf', 'HGB2X_CNKI.ttf', 'HGB2_CNKI.ttf', 'HGB3X_CNKI.ttf', 'HGB3_CNKI.ttf', 'HGB4X_CNKI.ttf', 'HGB4_CNKI.ttf', 'HGB5X_CNKI.ttf', 'HGB5_CNKI.ttf', 'HGB6X_CNKI.ttf', 'HGB6_CNKI.ttf', 'HGB7X_CNKI.ttf', 'HGB7_CNKI.ttf', 'HGB8X_CNKI.ttf', 'HGB8_CNKI.ttf', 'HGBD_CNKI.ttf', 'HGBKBX_CNKI.ttf', 'HGBKB_CNKI.ttf', 'HGBKHX_CNKI.ttf', 'HGBKH_CNKI.ttf', 'HGBS1_CNKI.TTF', 'HGBS2_CNKI.TTF', 'HGBS_CNKI.TTF', 'HGBTH_CNKI.TTF', 'HGBTS_CNKI.TTF', 'HGBX_CNKI.ttf', 'HGBZ_CNKI.ttf', 'HGCH_CNKI.TTF', 'HGCUH_CNKI.TTF', 'HGCY_CNKI.TTF', 'HGDBS_CNKI.TTF', 'HGDGY_CNKI.TTF', 'HGDH2_CNKI.TTF', 'HGDH_CNKI.TTF', 'HGDYS_CNKI.TTF', 'HGDY_CNKI.ttf', 'HGF1X_CNKI.ttf', 'HGF1_CNKI.ttf', 'HGF2X_CNKI.ttf', 'HGF2_CNKI.ttf', 'HGF3_CNKI.ttf', 'HGF4X_CNKI.ttf', 'HGF4_CNKI.ttf', 'HGF5X_CNKI.ttf', 'HGF5_CNKI.ttf', 'HGF6X_CNKI.ttf', 'HGF6_CNKI.ttf', 'HGF7X_CNKI.ttf', 'HGF7_CNKI.ttf', 'HGF8_CNKI.ttf', 'HGF9X_CNKI.ttf', 'HGF9_CNKI.ttf', 'HGFS1_CNKI.TTF', 'HGFS2_CNKI.TTF', 'HGFSH_CNKI.TTF', 'HGFS_CNKI.TTF', 'HGFX_CNKI.ttf', 'HGFZ_CNKI.ttf', 'HGGG_CNKI.TTF', 'HGH1X_CNKI.ttf', 'HGH1_CNKI.ttf', 'HGH2X_CNKI.ttf', 'HGH2_CNKI.ttf', 'HGH3X_CNKI.ttf', 'HGH3_CNKI.ttf', 'HGH4X_CNKI.ttf', 'HGH4_CNKI.ttf', 'HGH5X_CNKI.ttf', 'HGH5_CNKI.ttf', 'HGH6X_CNKI.ttf', 'HGH6_CNKI.ttf', 'HGH7X_CNKI.ttf', 'HGH7_CNKI.ttf', 'HGHB_CNKI.TTF', 'HGHD_CNKI.ttf', 'HGHP_CNKI.TTF', 'HGHT1_CNKI.ttf', 'HGHT2_CNKI.ttf', 'HGHUATI_CNKI.ttf', 'HGHX_CNKI.ttf', 'HGHZ_CNKI.ttf', 'HGH_CNKI.TTF', 'HGKT1_CNKI.TTF', 'HGKT2_CNKI.TTF', 'HGKT_CNKI.TTF', 'HGKY_CNKI.ttf', 'HGLB_CNKI.TTF', 'HGLS_CNKI.TTF', 'HGMH_CNKI.TTF', 'HGNBS_CNKI.ttf', 'HGOCR_CNKI.ttf', 'HGPH_CNKI.TTF', 'HGPTY_CNKI.TTF', 'HGSS1_CNKI.TTF', 'HGSS2_CNKI.TTF', 'HGSS_CNKI.TTF', 'HGSXT_CNKI.ttf', 'HGTT_CNKI.ttf', 'HGTX_CNKI.TTF', 'HGWT_CNKI.TTF', 'HGWYS_CNKI.TTF', 'HGX1X_CNKI.ttf', 'HGX1_CNKI.ttf', 'HGXBS_CNKI.TTF', 'HGXC_CNKI.TTF', 'HGXF1_CNKI.ttf', 'HGXFX_CNKI.ttf', 'HGXFZ_CNKI.ttf', 'HGXH1_CNKI.TTF', 'HGXH_CNKI.TTF', 'HGXK_CNKI.TTF', 'HGXL_CNKI.TTF', 'HGXS_CNKI.TTF', 'HGXT_CNKI.ttf', 'HGXY_CNKI.ttf', 'HGY1_CNKI.TTF', 'HGY2_CNKI.TTF', 'HGY3_CNKI.TTF', 'HGY4_CNKI.TTF', 'HGYB_CNKI.ttf', 'HGYT1_CNKI.ttf', 'HGYT2_CNKI.ttf', 'HGYT_CNKI.TTF', 'HGYX_CNKI.TTF', 'HGZCS_CNKI.TTF', 'HGZDX_CNKI.TTF', 'HGZK_CNKI.TTF', 'HGZYT_CNKI.TTF', 'HGZY_CNKI.TTF', 'himalaya.ttf', 'holomdl2.ttf', 'HTOWERT.TTF', 'HTOWERTI.TTF', 'hvgafix.fon', 'hvgasys.fon', 'impact.ttf', 'IMPRISHA.TTF', 'INFROMAN.TTF', 'Inkfree.ttf', 'iqiyi_logov7.ttf', 'ITCBLKAD.TTF', 'ITCEDSCR.TTF', 'ITCKRIST.TTF', 'j8514fix.fon', 'j8514oem.fon', 'j8514sys.fon', 'javatext.ttf', 'JOKERMAN.TTF', 'jsmalle.fon', 'jsmallf.fon', 'JUICE___.TTF', 'jvgafix.fon', 'jvgasys.fon', 'KUNSTLER.TTF', 'LATINWD.TTF', 'LBRITE.TTF', 'LBRITED.TTF', 'LBRITEDI.TTF', 'LBRITEI.TTF', 'LCALLIG.TTF', 'LeelaUIb.ttf', 'LeelawUI.ttf', 'LeelUIsl.ttf', 'LFAX.TTF', 'LFAXD.TTF', 'LFAXDI.TTF', 'LFAXI.TTF', 'LHANDW.TTF', 'LSANS.TTF', 'LSANSD.TTF', 'LSANSDI.TTF', 'LSANSI.TTF', 'LTYPE.TTF', 'LTYPEB.TTF', 'LTYPEBO.TTF', 'LTYPEO.TTF', 'lucon.ttf', 'l_10646.ttf', 'MAGNETOB.TTF', 'MAIAN.TTF', 'malgun.ttf', 'malgunbd.ttf', 'malgunsl.ttf', 'marlett.ttf', 'MATURASC.TTF', 'micross.ttf', 'mingliub.ttc', 'MISTRAL.TTF', 'mmrtext.ttf', 'mmrtextb.ttf', 'MOD20.TTF', 'modern.fon', 'monbaiti.ttf', 'msgothic.ttc', 'msjh.ttc', 'msjhbd.ttc', 'msjhl.ttc', 'msyh.ttc', 'msyhbd.ttc', 'msyhl.ttc', 'msyi.ttf', 'MTCORSVA.TTF', 'MTEXTRA.TTF', 'mvboli.ttf', 'NIAGENG.TTF', 'NIAGSOL.TTF', 'Nirmala.ttf', 'NirmalaB.ttf', 'NirmalaS.ttf', 'ntailu.ttf', 'ntailub.ttf', 'NumberOnly.ttf', 'OCRAEXT.TTF', 'OLDENGL.TTF', 'ONYX.TTF', 'OUTLOOK.TTF', 'pala.ttf', 'palab.ttf', 'palabi.ttf', 'palai.ttf', 'PALSCRI.TTF', 'PAPYRUS.TTF', 'PARCHM.TTF', 'PERBI___.TTF', 'PERB____.TTF', 'PERI____.TTF', 'PERTIBD.TTF', 'PERTILI.TTF', 'PER_____.TTF', 'phagspa.ttf', 'phagspab.ttf', 'PLAYBILL.TTF', 'POORICH.TTF', 'PRISTINA.TTF', 'RAGE.TTF', 'RAVIE.TTF', 'REFSAN.TTF', 'REFSPCL.TTF', 'ROCCB___.TTF', 'ROCC____.TTF', 'ROCK.TTF', 'ROCKB.TTF', 'ROCKBI.TTF', 'ROCKEB.TTF', 'ROCKI.TTF', 'roman.fon', 's8514fix.fon', 's8514oem.fon', 's8514sys.fon', 'SCHLBKB.TTF', 'SCHLBKBI.TTF', 'SCHLBKI.TTF', 'script.fon', 'SCRIPTBL.TTF', 'segmdl2.ttf', 'SegoeIcons.ttf', 'segoepr.ttf', 'segoeprb.ttf', 'segoesc.ttf', 'segoescb.ttf', 'segoeui.ttf', 'segoeuib.ttf', 'segoeuii.ttf', 'segoeuil.ttf', 'segoeuisl.ttf', 'segoeuiz.ttf', 'seguibl.ttf', 'seguibli.ttf', 'seguiemj.ttf', 'seguihis.ttf', 'seguili.ttf', 'seguisb.ttf', 'seguisbi.ttf', 'seguisli.ttf', 'seguisym.ttf', 'SegUIVar.ttf', 'sere1255.fon', 'sere1256.fon', 'sere1257.fon', 'serf1255.fon', 'serf1256.fon', 'serf1257.fon', 'serife.fon', 'serifee.fon', 'serifeg.fon', 'serifer.fon', 'serifet.fon', 'seriff.fon', 'seriffe.fon', 'seriffg.fon', 'seriffr.fon', 'serifft.fon', 'SHOWG.TTF', 'simfang.ttf', 'simhei.ttf', 'simkai.ttf', 'SIMLI.TTF', 'simsun.ttc', 'simsunb.ttf', 'SIMYOU.TTF', 'SitkaVF-Italic.ttf', 'SitkaVF.ttf', 'smae1255.fon', 'smae1256.fon', 'smae1257.fon', 'smaf1255.fon', 'smaf1256.fon', 'smaf1257.fon', 'smalle.fon', 'smallee.fon', 'smalleg.fon', 'smaller.fon', 'smallet.fon', 'smallf.fon', 'smallfe.fon', 'smallfg.fon', 'smallfr.fon', 'smallft.fon', 'SNAP____.TTF', 'ssee1255.fon', 'ssee1256.fon', 'ssee1257.fon', 'ssee874.fon', 'ssef1255.fon', 'ssef1256.fon', 'ssef1257.fon', 'ssef874.fon', 'sserife.fon', 'sserifee.fon', 'sserifeg.fon', 'sserifer.fon', 'sserifet.fon', 'sseriff.fon', 'sseriffe.fon', 'sseriffg.fon', 'sseriffr.fon', 'sserifft.fon', 'StaticCache.dat', 'STCAIYUN.TTF', 'STENCIL.TTF', 'STFANGSO.TTF', 'STHUPO.TTF', 'STKAITI.TTF', 'STLITI.TTF', 'STSONG.TTF', 'STXIHEI.TTF', 'STXINGKA.TTF', 'STXINWEI.TTF', 'STZHONGS.TTF', 'svgafix.fon', 'svgasys.fon', 'sylfaen.ttf', 'symbol.ttf', 'tahoma.ttf', 'tahomabd.ttf', 'taile.ttf', 'taileb.ttf', 'TCBI____.TTF', 'TCB_____.TTF', 'TCCB____.TTF', 'TCCEB.TTF', 'TCCM____.TTF', 'TCMI____.TTF', 'TCM_____.TTF', 'TEMPSITC.TTF', 'times.ttf', 'timesbd.ttf', 'timesbi.ttf', 'timesi.ttf', 'trebuc.ttf', 'trebucbd.ttf', 'trebucbi.ttf', 'trebucit.ttf', 'verdana.ttf', 'verdanab.ttf', 'verdanai.ttf', 'verdanaz.ttf', 'vga737.fon', 'vga775.fon', 'vga850.fon', 'vga852.fon', 'vga855.fon', 'vga857.fon', 'vga860.fon', 'vga861.fon', 'vga863.fon', 'vga865.fon', 'vga866.fon', 'vga869.fon', 'vga932.fon', 'vga936.fon', 'vga949.fon', 'vga950.fon', 'vgaf1255.fon', 'vgaf1256.fon', 'vgaf1257.fon', 'vgaf874.fon', 'vgafix.fon', 'vgafixe.fon', 'vgafixg.fon', 'vgafixr.fon', 'vgafixt.fon', 'vgaoem.fon', 'vgas1255.fon', 'vgas1256.fon', 'vgas1257.fon', 'vgas874.fon', 'vgasys.fon', 'vgasyse.fon', 'vgasysg.fon', 'vgasysr.fon', 'vgasyst.fon', 'VINERITC.TTF', 'VIVALDII.TTF', 'VLADIMIR.TTF', 'webdings.ttf', 'wingding.ttf', 'WINGDNG2.TTF', 'WINGDNG3.TTF', 'YuGothB.ttc', 'YuGothL.ttc', 'YuGothM.ttc', 'YuGothR.ttc', '\u534e\u5eb7\u65b9\u5706\u4f53W7.TTC', '\u65b9\u6b63\u7c97\u9ed1\u5b8b\u7b80\u4f53.ttf']
2023-09-27 14:59:37,216 - INFO - all fonts installed:['8514fix.fon', '8514fixe.fon', '8514fixg.fon', '8514fixr.fon', '8514fixt.fon', '8514oem.fon', '8514oeme.fon', '8514oemg.fon', '8514oemr.fon', '8514oemt.fon', '8514sys.fon', '8514syse.fon', '8514sysg.fon', '8514sysr.fon', '8514syst.fon', '85775.fon', '85855.fon', '85f1255.fon', '85f1256.fon', '85f1257.fon', '85f874.fon', '85s1255.fon', '85s1256.fon', '85s1257.fon', '85s874.fon', 'AGENCYB.TTF', 'AGENCYR.TTF', 'ALGER.TTF', 'ANTQUAB.TTF', 'ANTQUABI.TTF', 'ANTQUAI.TTF', 'app775.fon', 'app850.fon', 'app852.fon', 'app855.fon', 'app857.fon', 'app866.fon', 'app932.fon', 'app936.fon', 'app949.fon', 'app950.fon', 'arial.ttf', 'arialbd.ttf', 'arialbi.ttf', 'ariali.ttf', 'ARIALN.TTF', 'ARIALNB.TTF', 'ARIALNBI.TTF', 'ARIALNI.TTF', 'ariblk.ttf', 'ARLRDBD.TTF', 'AxureHandwriting-Bold.otf', 'AxureHandwriting-BoldItalic.otf', 'AxureHandwriting-Italic.otf', 'AxureHandwriting.otf', 'bahnschrift.ttf', 'BASKVILL.TTF', 'BAUHS93.TTF', 'BELL.TTF', 'BELLB.TTF', 'BELLI.TTF', 'BERNHC.TTF', 'BKANT.TTF', 'BOD_B.TTF', 'BOD_BI.TTF', 'BOD_BLAI.TTF', 'BOD_BLAR.TTF', 'BOD_CB.TTF', 'BOD_CBI.TTF', 'BOD_CI.TTF', 'BOD_CR.TTF', 'BOD_I.TTF', 'BOD_PSTC.TTF', 'BOD_R.TTF', 'BOOKOS.TTF', 'BOOKOSB.TTF', 'BOOKOSBI.TTF', 'BOOKOSI.TTF', 'BRADHITC.TTF', 'BRITANIC.TTF', 'BRLNSB.TTF', 'BRLNSDB.TTF', 'BRLNSR.TTF', 'BROADW.TTF', 'BRUSHSCI.TTF', 'BSSYM7.TTF', 'c8514fix.fon', 'c8514oem.fon', 'c8514sys.fon', 'calibri.ttf', 'calibrib.ttf', 'calibrii.ttf', 'calibril.ttf', 'calibrili.ttf', 'calibriz.ttf', 'CALIFB.TTF', 'CALIFI.TTF', 'CALIFR.TTF', 'CALIST.TTF', 'CALISTB.TTF', 'CALISTBI.TTF', 'CALISTI.TTF', 'cambria.ttc', 'cambriab.ttf', 'cambriai.ttf', 'cambriaz.ttf', 'Candara.ttf', 'Candarab.ttf', 'Candarai.ttf', 'Candaral.ttf', 'Candarali.ttf', 'Candaraz.ttf', 'CascadiaCode.ttf', 'CascadiaMono.ttf', 'CASTELAR.TTF', 'CENSCBK.TTF', 'CENTAUR.TTF', 'CENTURY.TTF', 'cga40737.fon', 'cga40850.fon', 'cga40852.fon', 'cga40857.fon', 'cga40866.fon', 'cga40869.fon', 'cga40woa.fon', 'cga80737.fon', 'cga80850.fon', 'cga80852.fon', 'cga80857.fon', 'cga80866.fon', 'cga80869.fon', 'cga80woa.fon', 'CHILLER.TTF', 'COLONNA.TTF', 'comic.ttf', 'comicbd.ttf', 'comici.ttf', 'comicz.ttf', 'consola.ttf', 'consolab.ttf', 'consolai.ttf', 'consolaz.ttf', 'constan.ttf', 'constanb.ttf', 'constani.ttf', 'constanz.ttf', 'COOPBL.TTF', 'COPRGTB.TTF', 'COPRGTL.TTF', 'corbel.ttf', 'corbelb.ttf', 'corbeli.ttf', 'corbell.ttf', 'corbelli.ttf', 'corbelz.ttf', 'coue1255.fon', 'coue1256.fon', 'coue1257.fon', 'couf1255.fon', 'couf1256.fon', 'couf1257.fon', 'cour.ttf', 'courbd.ttf', 'courbi.ttf', 'coure.fon', 'couree.fon', 'coureg.fon', 'courer.fon', 'couret.fon', 'courf.fon', 'courfe.fon', 'courfg.fon', 'courfr.fon', 'courft.fon', 'couri.ttf', 'CURLZ___.TTF', 'cvgafix.fon', 'cvgasys.fon', 'Deng.ttf', 'Dengb.ttf', 'Dengl.ttf', 'desktop.ini', 'dos737.fon', 'dos869.fon', 'dosapp.fon', 'DUBAI-BOLD.TTF', 'DUBAI-LIGHT.TTF', 'DUBAI-MEDIUM.TTF', 'DUBAI-REGULAR.TTF', 'ebrima.ttf', 'ebrimabd.ttf', 'ega40737.fon', 'ega40850.fon', 'ega40852.fon', 'ega40857.fon', 'ega40866.fon', 'ega40869.fon', 'ega40woa.fon', 'ega80737.fon', 'ega80850.fon', 'ega80852.fon', 'ega80857.fon', 'ega80866.fon', 'ega80869.fon', 'ega80woa.fon', 'ELEPHNT.TTF', 'ELEPHNTI.TTF', 'ENGR.TTF', 'ERASBD.TTF', 'ERASDEMI.TTF', 'ERASLGHT.TTF', 'ERASMD.TTF', 'FELIXTI.TTF', 'fms_metadata.xml', 'FORTE.TTF', 'FRABK.TTF', 'FRABKIT.TTF', 'FRADM.TTF', 'FRADMCN.TTF', 'FRADMIT.TTF', 'FRAHV.TTF', 'FRAHVIT.TTF', 'framd.ttf', 'FRAMDCN.TTF', 'framdit.ttf', 'FREESCPT.TTF', 'FRSCRIPT.TTF', 'FTLTLT.TTF', 'FZSTK.TTF', 'FZYTK.TTF', 'Gabriola.ttf', 'gadugi.ttf', 'gadugib.ttf', 'GARA.TTF', 'GARABD.TTF', 'GARAIT.TTF', 'georgia.ttf', 'georgiab.ttf', 'georgiai.ttf', 'georgiaz.ttf', 'GIGI.TTF', 'GILBI___.TTF', 'GILB____.TTF', 'GILC____.TTF', 'GILI____.TTF', 'GILLUBCD.TTF', 'GILSANUB.TTF', 'GIL_____.TTF', 'GLECB.TTF', 'GlobalMonospace.CompositeFont', 'GlobalSansSerif.CompositeFont', 'GlobalSerif.CompositeFont', 'GlobalUserInterface.CompositeFont', 'GLSNECB.TTF', 'GOTHIC.TTF', 'GOTHICB.TTF', 'GOTHICBI.TTF', 'GOTHICI.TTF', 'GOUDOS.TTF', 'GOUDOSB.TTF', 'GOUDOSI.TTF', 'GOUDYSTO.TTF', 'h8514fix.fon', 'h8514oem.fon', 'h8514sys.fon', 'HARLOWSI.TTF', 'HARNGTON.TTF', 'HATTEN.TTF', 'HGB1X_CNKI.ttf', 'HGB1_CNKI.ttf', 'HGB2X_CNKI.ttf', 'HGB2_CNKI.ttf', 'HGB3X_CNKI.ttf', 'HGB3_CNKI.ttf', 'HGB4X_CNKI.ttf', 'HGB4_CNKI.ttf', 'HGB5X_CNKI.ttf', 'HGB5_CNKI.ttf', 'HGB6X_CNKI.ttf', 'HGB6_CNKI.ttf', 'HGB7X_CNKI.ttf', 'HGB7_CNKI.ttf', 'HGB8X_CNKI.ttf', 'HGB8_CNKI.ttf', 'HGBD_CNKI.ttf', 'HGBKBX_CNKI.ttf', 'HGBKB_CNKI.ttf', 'HGBKHX_CNKI.ttf', 'HGBKH_CNKI.ttf', 'HGBS1_CNKI.TTF', 'HGBS2_CNKI.TTF', 'HGBS_CNKI.TTF', 'HGBTH_CNKI.TTF', 'HGBTS_CNKI.TTF', 'HGBX_CNKI.ttf', 'HGBZ_CNKI.ttf', 'HGCH_CNKI.TTF', 'HGCUH_CNKI.TTF', 'HGCY_CNKI.TTF', 'HGDBS_CNKI.TTF', 'HGDGY_CNKI.TTF', 'HGDH2_CNKI.TTF', 'HGDH_CNKI.TTF', 'HGDYS_CNKI.TTF', 'HGDY_CNKI.ttf', 'HGF1X_CNKI.ttf', 'HGF1_CNKI.ttf', 'HGF2X_CNKI.ttf', 'HGF2_CNKI.ttf', 'HGF3_CNKI.ttf', 'HGF4X_CNKI.ttf', 'HGF4_CNKI.ttf', 'HGF5X_CNKI.ttf', 'HGF5_CNKI.ttf', 'HGF6X_CNKI.ttf', 'HGF6_CNKI.ttf', 'HGF7X_CNKI.ttf', 'HGF7_CNKI.ttf', 'HGF8_CNKI.ttf', 'HGF9X_CNKI.ttf', 'HGF9_CNKI.ttf', 'HGFS1_CNKI.TTF', 'HGFS2_CNKI.TTF', 'HGFSH_CNKI.TTF', 'HGFS_CNKI.TTF', 'HGFX_CNKI.ttf', 'HGFZ_CNKI.ttf', 'HGGG_CNKI.TTF', 'HGH1X_CNKI.ttf', 'HGH1_CNKI.ttf', 'HGH2X_CNKI.ttf', 'HGH2_CNKI.ttf', 'HGH3X_CNKI.ttf', 'HGH3_CNKI.ttf', 'HGH4X_CNKI.ttf', 'HGH4_CNKI.ttf', 'HGH5X_CNKI.ttf', 'HGH5_CNKI.ttf', 'HGH6X_CNKI.ttf', 'HGH6_CNKI.ttf', 'HGH7X_CNKI.ttf', 'HGH7_CNKI.ttf', 'HGHB_CNKI.TTF', 'HGHD_CNKI.ttf', 'HGHP_CNKI.TTF', 'HGHT1_CNKI.ttf', 'HGHT2_CNKI.ttf', 'HGHUATI_CNKI.ttf', 'HGHX_CNKI.ttf', 'HGHZ_CNKI.ttf', 'HGH_CNKI.TTF', 'HGKT1_CNKI.TTF', 'HGKT2_CNKI.TTF', 'HGKT_CNKI.TTF', 'HGKY_CNKI.ttf', 'HGLB_CNKI.TTF', 'HGLS_CNKI.TTF', 'HGMH_CNKI.TTF', 'HGNBS_CNKI.ttf', 'HGOCR_CNKI.ttf', 'HGPH_CNKI.TTF', 'HGPTY_CNKI.TTF', 'HGSS1_CNKI.TTF', 'HGSS2_CNKI.TTF', 'HGSS_CNKI.TTF', 'HGSXT_CNKI.ttf', 'HGTT_CNKI.ttf', 'HGTX_CNKI.TTF', 'HGWT_CNKI.TTF', 'HGWYS_CNKI.TTF', 'HGX1X_CNKI.ttf', 'HGX1_CNKI.ttf', 'HGXBS_CNKI.TTF', 'HGXC_CNKI.TTF', 'HGXF1_CNKI.ttf', 'HGXFX_CNKI.ttf', 'HGXFZ_CNKI.ttf', 'HGXH1_CNKI.TTF', 'HGXH_CNKI.TTF', 'HGXK_CNKI.TTF', 'HGXL_CNKI.TTF', 'HGXS_CNKI.TTF', 'HGXT_CNKI.ttf', 'HGXY_CNKI.ttf', 'HGY1_CNKI.TTF', 'HGY2_CNKI.TTF', 'HGY3_CNKI.TTF', 'HGY4_CNKI.TTF', 'HGYB_CNKI.ttf', 'HGYT1_CNKI.ttf', 'HGYT2_CNKI.ttf', 'HGYT_CNKI.TTF', 'HGYX_CNKI.TTF', 'HGZCS_CNKI.TTF', 'HGZDX_CNKI.TTF', 'HGZK_CNKI.TTF', 'HGZYT_CNKI.TTF', 'HGZY_CNKI.TTF', 'himalaya.ttf', 'holomdl2.ttf', 'HTOWERT.TTF', 'HTOWERTI.TTF', 'hvgafix.fon', 'hvgasys.fon', 'impact.ttf', 'IMPRISHA.TTF', 'INFROMAN.TTF', 'Inkfree.ttf', 'iqiyi_logov7.ttf', 'ITCBLKAD.TTF', 'ITCEDSCR.TTF', 'ITCKRIST.TTF', 'j8514fix.fon', 'j8514oem.fon', 'j8514sys.fon', 'javatext.ttf', 'JOKERMAN.TTF', 'jsmalle.fon', 'jsmallf.fon', 'JUICE___.TTF', 'jvgafix.fon', 'jvgasys.fon', 'KUNSTLER.TTF', 'LATINWD.TTF', 'LBRITE.TTF', 'LBRITED.TTF', 'LBRITEDI.TTF', 'LBRITEI.TTF', 'LCALLIG.TTF', 'LeelaUIb.ttf', 'LeelawUI.ttf', 'LeelUIsl.ttf', 'LFAX.TTF', 'LFAXD.TTF', 'LFAXDI.TTF', 'LFAXI.TTF', 'LHANDW.TTF', 'LSANS.TTF', 'LSANSD.TTF', 'LSANSDI.TTF', 'LSANSI.TTF', 'LTYPE.TTF', 'LTYPEB.TTF', 'LTYPEBO.TTF', 'LTYPEO.TTF', 'lucon.ttf', 'l_10646.ttf', 'MAGNETOB.TTF', 'MAIAN.TTF', 'malgun.ttf', 'malgunbd.ttf', 'malgunsl.ttf', 'marlett.ttf', 'MATURASC.TTF', 'micross.ttf', 'mingliub.ttc', 'MISTRAL.TTF', 'mmrtext.ttf', 'mmrtextb.ttf', 'MOD20.TTF', 'modern.fon', 'monbaiti.ttf', 'msgothic.ttc', 'msjh.ttc', 'msjhbd.ttc', 'msjhl.ttc', 'msyh.ttc', 'msyhbd.ttc', 'msyhl.ttc', 'msyi.ttf', 'MTCORSVA.TTF', 'MTEXTRA.TTF', 'mvboli.ttf', 'NIAGENG.TTF', 'NIAGSOL.TTF', 'Nirmala.ttf', 'NirmalaB.ttf', 'NirmalaS.ttf', 'ntailu.ttf', 'ntailub.ttf', 'NumberOnly.ttf', 'OCRAEXT.TTF', 'OLDENGL.TTF', 'ONYX.TTF', 'OUTLOOK.TTF', 'pala.ttf', 'palab.ttf', 'palabi.ttf', 'palai.ttf', 'PALSCRI.TTF', 'PAPYRUS.TTF', 'PARCHM.TTF', 'PERBI___.TTF', 'PERB____.TTF', 'PERI____.TTF', 'PERTIBD.TTF', 'PERTILI.TTF', 'PER_____.TTF', 'phagspa.ttf', 'phagspab.ttf', 'PLAYBILL.TTF', 'POORICH.TTF', 'PRISTINA.TTF', 'RAGE.TTF', 'RAVIE.TTF', 'REFSAN.TTF', 'REFSPCL.TTF', 'ROCCB___.TTF', 'ROCC____.TTF', 'ROCK.TTF', 'ROCKB.TTF', 'ROCKBI.TTF', 'ROCKEB.TTF', 'ROCKI.TTF', 'roman.fon', 's8514fix.fon', 's8514oem.fon', 's8514sys.fon', 'SCHLBKB.TTF', 'SCHLBKBI.TTF', 'SCHLBKI.TTF', 'script.fon', 'SCRIPTBL.TTF', 'segmdl2.ttf', 'SegoeIcons.ttf', 'segoepr.ttf', 'segoeprb.ttf', 'segoesc.ttf', 'segoescb.ttf', 'segoeui.ttf', 'segoeuib.ttf', 'segoeuii.ttf', 'segoeuil.ttf', 'segoeuisl.ttf', 'segoeuiz.ttf', 'seguibl.ttf', 'seguibli.ttf', 'seguiemj.ttf', 'seguihis.ttf', 'seguili.ttf', 'seguisb.ttf', 'seguisbi.ttf', 'seguisli.ttf', 'seguisym.ttf', 'SegUIVar.ttf', 'sere1255.fon', 'sere1256.fon', 'sere1257.fon', 'serf1255.fon', 'serf1256.fon', 'serf1257.fon', 'serife.fon', 'serifee.fon', 'serifeg.fon', 'serifer.fon', 'serifet.fon', 'seriff.fon', 'seriffe.fon', 'seriffg.fon', 'seriffr.fon', 'serifft.fon', 'SHOWG.TTF', 'simfang.ttf', 'simhei.ttf', 'simkai.ttf', 'SIMLI.TTF', 'simsun.ttc', 'simsunb.ttf', 'SIMYOU.TTF', 'SitkaVF-Italic.ttf', 'SitkaVF.ttf', 'smae1255.fon', 'smae1256.fon', 'smae1257.fon', 'smaf1255.fon', 'smaf1256.fon', 'smaf1257.fon', 'smalle.fon', 'smallee.fon', 'smalleg.fon', 'smaller.fon', 'smallet.fon', 'smallf.fon', 'smallfe.fon', 'smallfg.fon', 'smallfr.fon', 'smallft.fon', 'SNAP____.TTF', 'ssee1255.fon', 'ssee1256.fon', 'ssee1257.fon', 'ssee874.fon', 'ssef1255.fon', 'ssef1256.fon', 'ssef1257.fon', 'ssef874.fon', 'sserife.fon', 'sserifee.fon', 'sserifeg.fon', 'sserifer.fon', 'sserifet.fon', 'sseriff.fon', 'sseriffe.fon', 'sseriffg.fon', 'sseriffr.fon', 'sserifft.fon', 'StaticCache.dat', 'STCAIYUN.TTF', 'STENCIL.TTF', 'STFANGSO.TTF', 'STHUPO.TTF', 'STKAITI.TTF', 'STLITI.TTF', 'STSONG.TTF', 'STXIHEI.TTF', 'STXINGKA.TTF', 'STXINWEI.TTF', 'STZHONGS.TTF', 'svgafix.fon', 'svgasys.fon', 'sylfaen.ttf', 'symbol.ttf', 'tahoma.ttf', 'tahomabd.ttf', 'taile.ttf', 'taileb.ttf', 'TCBI____.TTF', 'TCB_____.TTF', 'TCCB____.TTF', 'TCCEB.TTF', 'TCCM____.TTF', 'TCMI____.TTF', 'TCM_____.TTF', 'TEMPSITC.TTF', 'times.ttf', 'timesbd.ttf', 'timesbi.ttf', 'timesi.ttf', 'trebuc.ttf', 'trebucbd.ttf', 'trebucbi.ttf', 'trebucit.ttf', 'verdana.ttf', 'verdanab.ttf', 'verdanai.ttf', 'verdanaz.ttf', 'vga737.fon', 'vga775.fon', 'vga850.fon', 'vga852.fon', 'vga855.fon', 'vga857.fon', 'vga860.fon', 'vga861.fon', 'vga863.fon', 'vga865.fon', 'vga866.fon', 'vga869.fon', 'vga932.fon', 'vga936.fon', 'vga949.fon', 'vga950.fon', 'vgaf1255.fon', 'vgaf1256.fon', 'vgaf1257.fon', 'vgaf874.fon', 'vgafix.fon', 'vgafixe.fon', 'vgafixg.fon', 'vgafixr.fon', 'vgafixt.fon', 'vgaoem.fon', 'vgas1255.fon', 'vgas1256.fon', 'vgas1257.fon', 'vgas874.fon', 'vgasys.fon', 'vgasyse.fon', 'vgasysg.fon', 'vgasysr.fon', 'vgasyst.fon', 'VINERITC.TTF', 'VIVALDII.TTF', 'VLADIMIR.TTF', 'webdings.ttf', 'wingding.ttf', 'WINGDNG2.TTF', 'WINGDNG3.TTF', 'YuGothB.ttc', 'YuGothL.ttc', 'YuGothM.ttc', 'YuGothR.ttc', '\u534e\u5eb7\u65b9\u5706\u4f53W7.TTC', '\u65b9\u6b63\u7c97\u9ed1\u5b8b\u7b80\u4f53.ttf']
2023-09-27 14:59:37,417 - INFO - all fonts installed:['8514fix.fon', '8514fixe.fon', '8514fixg.fon', '8514fixr.fon', '8514fixt.fon', '8514oem.fon', '8514oeme.fon', '8514oemg.fon', '8514oemr.fon', '8514oemt.fon', '8514sys.fon', '8514syse.fon', '8514sysg.fon', '8514sysr.fon', '8514syst.fon', '85775.fon', '85855.fon', '85f1255.fon', '85f1256.fon', '85f1257.fon', '85f874.fon', '85s1255.fon', '85s1256.fon', '85s1257.fon', '85s874.fon', 'AGENCYB.TTF', 'AGENCYR.TTF', 'ALGER.TTF', 'ANTQUAB.TTF', 'ANTQUABI.TTF', 'ANTQUAI.TTF', 'app775.fon', 'app850.fon', 'app852.fon', 'app855.fon', 'app857.fon', 'app866.fon', 'app932.fon', 'app936.fon', 'app949.fon', 'app950.fon', 'arial.ttf', 'arialbd.ttf', 'arialbi.ttf', 'ariali.ttf', 'ARIALN.TTF', 'ARIALNB.TTF', 'ARIALNBI.TTF', 'ARIALNI.TTF', 'ariblk.ttf', 'ARLRDBD.TTF', 'AxureHandwriting-Bold.otf', 'AxureHandwriting-BoldItalic.otf', 'AxureHandwriting-Italic.otf', 'AxureHandwriting.otf', 'bahnschrift.ttf', 'BASKVILL.TTF', 'BAUHS93.TTF', 'BELL.TTF', 'BELLB.TTF', 'BELLI.TTF', 'BERNHC.TTF', 'BKANT.TTF', 'BOD_B.TTF', 'BOD_BI.TTF', 'BOD_BLAI.TTF', 'BOD_BLAR.TTF', 'BOD_CB.TTF', 'BOD_CBI.TTF', 'BOD_CI.TTF', 'BOD_CR.TTF', 'BOD_I.TTF', 'BOD_PSTC.TTF', 'BOD_R.TTF', 'BOOKOS.TTF', 'BOOKOSB.TTF', 'BOOKOSBI.TTF', 'BOOKOSI.TTF', 'BRADHITC.TTF', 'BRITANIC.TTF', 'BRLNSB.TTF', 'BRLNSDB.TTF', 'BRLNSR.TTF', 'BROADW.TTF', 'BRUSHSCI.TTF', 'BSSYM7.TTF', 'c8514fix.fon', 'c8514oem.fon', 'c8514sys.fon', 'calibri.ttf', 'calibrib.ttf', 'calibrii.ttf', 'calibril.ttf', 'calibrili.ttf', 'calibriz.ttf', 'CALIFB.TTF', 'CALIFI.TTF', 'CALIFR.TTF', 'CALIST.TTF', 'CALISTB.TTF', 'CALISTBI.TTF', 'CALISTI.TTF', 'cambria.ttc', 'cambriab.ttf', 'cambriai.ttf', 'cambriaz.ttf', 'Candara.ttf', 'Candarab.ttf', 'Candarai.ttf', 'Candaral.ttf', 'Candarali.ttf', 'Candaraz.ttf', 'CascadiaCode.ttf', 'CascadiaMono.ttf', 'CASTELAR.TTF', 'CENSCBK.TTF', 'CENTAUR.TTF', 'CENTURY.TTF', 'cga40737.fon', 'cga40850.fon', 'cga40852.fon', 'cga40857.fon', 'cga40866.fon', 'cga40869.fon', 'cga40woa.fon', 'cga80737.fon', 'cga80850.fon', 'cga80852.fon', 'cga80857.fon', 'cga80866.fon', 'cga80869.fon', 'cga80woa.fon', 'CHILLER.TTF', 'COLONNA.TTF', 'comic.ttf', 'comicbd.ttf', 'comici.ttf', 'comicz.ttf', 'consola.ttf', 'consolab.ttf', 'consolai.ttf', 'consolaz.ttf', 'constan.ttf', 'constanb.ttf', 'constani.ttf', 'constanz.ttf', 'COOPBL.TTF', 'COPRGTB.TTF', 'COPRGTL.TTF', 'corbel.ttf', 'corbelb.ttf', 'corbeli.ttf', 'corbell.ttf', 'corbelli.ttf', 'corbelz.ttf', 'coue1255.fon', 'coue1256.fon', 'coue1257.fon', 'couf1255.fon', 'couf1256.fon', 'couf1257.fon', 'cour.ttf', 'courbd.ttf', 'courbi.ttf', 'coure.fon', 'couree.fon', 'coureg.fon', 'courer.fon', 'couret.fon', 'courf.fon', 'courfe.fon', 'courfg.fon', 'courfr.fon', 'courft.fon', 'couri.ttf', 'CURLZ___.TTF', 'cvgafix.fon', 'cvgasys.fon', 'Deng.ttf', 'Dengb.ttf', 'Dengl.ttf', 'desktop.ini', 'dos737.fon', 'dos869.fon', 'dosapp.fon', 'DUBAI-BOLD.TTF', 'DUBAI-LIGHT.TTF', 'DUBAI-MEDIUM.TTF', 'DUBAI-REGULAR.TTF', 'ebrima.ttf', 'ebrimabd.ttf', 'ega40737.fon', 'ega40850.fon', 'ega40852.fon', 'ega40857.fon', 'ega40866.fon', 'ega40869.fon', 'ega40woa.fon', 'ega80737.fon', 'ega80850.fon', 'ega80852.fon', 'ega80857.fon', 'ega80866.fon', 'ega80869.fon', 'ega80woa.fon', 'ELEPHNT.TTF', 'ELEPHNTI.TTF', 'ENGR.TTF', 'ERASBD.TTF', 'ERASDEMI.TTF', 'ERASLGHT.TTF', 'ERASMD.TTF', 'FELIXTI.TTF', 'fms_metadata.xml', 'FORTE.TTF', 'FRABK.TTF', 'FRABKIT.TTF', 'FRADM.TTF', 'FRADMCN.TTF', 'FRADMIT.TTF', 'FRAHV.TTF', 'FRAHVIT.TTF', 'framd.ttf', 'FRAMDCN.TTF', 'framdit.ttf', 'FREESCPT.TTF', 'FRSCRIPT.TTF', 'FTLTLT.TTF', 'FZSTK.TTF', 'FZYTK.TTF', 'Gabriola.ttf', 'gadugi.ttf', 'gadugib.ttf', 'GARA.TTF', 'GARABD.TTF', 'GARAIT.TTF', 'georgia.ttf', 'georgiab.ttf', 'georgiai.ttf', 'georgiaz.ttf', 'GIGI.TTF', 'GILBI___.TTF', 'GILB____.TTF', 'GILC____.TTF', 'GILI____.TTF', 'GILLUBCD.TTF', 'GILSANUB.TTF', 'GIL_____.TTF', 'GLECB.TTF', 'GlobalMonospace.CompositeFont', 'GlobalSansSerif.CompositeFont', 'GlobalSerif.CompositeFont', 'GlobalUserInterface.CompositeFont', 'GLSNECB.TTF', 'GOTHIC.TTF', 'GOTHICB.TTF', 'GOTHICBI.TTF', 'GOTHICI.TTF', 'GOUDOS.TTF', 'GOUDOSB.TTF', 'GOUDOSI.TTF', 'GOUDYSTO.TTF', 'h8514fix.fon', 'h8514oem.fon', 'h8514sys.fon', 'HARLOWSI.TTF', 'HARNGTON.TTF', 'HATTEN.TTF', 'HGB1X_CNKI.ttf', 'HGB1_CNKI.ttf', 'HGB2X_CNKI.ttf', 'HGB2_CNKI.ttf', 'HGB3X_CNKI.ttf', 'HGB3_CNKI.ttf', 'HGB4X_CNKI.ttf', 'HGB4_CNKI.ttf', 'HGB5X_CNKI.ttf', 'HGB5_CNKI.ttf', 'HGB6X_CNKI.ttf', 'HGB6_CNKI.ttf', 'HGB7X_CNKI.ttf', 'HGB7_CNKI.ttf', 'HGB8X_CNKI.ttf', 'HGB8_CNKI.ttf', 'HGBD_CNKI.ttf', 'HGBKBX_CNKI.ttf', 'HGBKB_CNKI.ttf', 'HGBKHX_CNKI.ttf', 'HGBKH_CNKI.ttf', 'HGBS1_CNKI.TTF', 'HGBS2_CNKI.TTF', 'HGBS_CNKI.TTF', 'HGBTH_CNKI.TTF', 'HGBTS_CNKI.TTF', 'HGBX_CNKI.ttf', 'HGBZ_CNKI.ttf', 'HGCH_CNKI.TTF', 'HGCUH_CNKI.TTF', 'HGCY_CNKI.TTF', 'HGDBS_CNKI.TTF', 'HGDGY_CNKI.TTF', 'HGDH2_CNKI.TTF', 'HGDH_CNKI.TTF', 'HGDYS_CNKI.TTF', 'HGDY_CNKI.ttf', 'HGF1X_CNKI.ttf', 'HGF1_CNKI.ttf', 'HGF2X_CNKI.ttf', 'HGF2_CNKI.ttf', 'HGF3_CNKI.ttf', 'HGF4X_CNKI.ttf', 'HGF4_CNKI.ttf', 'HGF5X_CNKI.ttf', 'HGF5_CNKI.ttf', 'HGF6X_CNKI.ttf', 'HGF6_CNKI.ttf', 'HGF7X_CNKI.ttf', 'HGF7_CNKI.ttf', 'HGF8_CNKI.ttf', 'HGF9X_CNKI.ttf', 'HGF9_CNKI.ttf', 'HGFS1_CNKI.TTF', 'HGFS2_CNKI.TTF', 'HGFSH_CNKI.TTF', 'HGFS_CNKI.TTF', 'HGFX_CNKI.ttf', 'HGFZ_CNKI.ttf', 'HGGG_CNKI.TTF', 'HGH1X_CNKI.ttf', 'HGH1_CNKI.ttf', 'HGH2X_CNKI.ttf', 'HGH2_CNKI.ttf', 'HGH3X_CNKI.ttf', 'HGH3_CNKI.ttf', 'HGH4X_CNKI.ttf', 'HGH4_CNKI.ttf', 'HGH5X_CNKI.ttf', 'HGH5_CNKI.ttf', 'HGH6X_CNKI.ttf', 'HGH6_CNKI.ttf', 'HGH7X_CNKI.ttf', 'HGH7_CNKI.ttf', 'HGHB_CNKI.TTF', 'HGHD_CNKI.ttf', 'HGHP_CNKI.TTF', 'HGHT1_CNKI.ttf', 'HGHT2_CNKI.ttf', 'HGHUATI_CNKI.ttf', 'HGHX_CNKI.ttf', 'HGHZ_CNKI.ttf', 'HGH_CNKI.TTF', 'HGKT1_CNKI.TTF', 'HGKT2_CNKI.TTF', 'HGKT_CNKI.TTF', 'HGKY_CNKI.ttf', 'HGLB_CNKI.TTF', 'HGLS_CNKI.TTF', 'HGMH_CNKI.TTF', 'HGNBS_CNKI.ttf', 'HGOCR_CNKI.ttf', 'HGPH_CNKI.TTF', 'HGPTY_CNKI.TTF', 'HGSS1_CNKI.TTF', 'HGSS2_CNKI.TTF', 'HGSS_CNKI.TTF', 'HGSXT_CNKI.ttf', 'HGTT_CNKI.ttf', 'HGTX_CNKI.TTF', 'HGWT_CNKI.TTF', 'HGWYS_CNKI.TTF', 'HGX1X_CNKI.ttf', 'HGX1_CNKI.ttf', 'HGXBS_CNKI.TTF', 'HGXC_CNKI.TTF', 'HGXF1_CNKI.ttf', 'HGXFX_CNKI.ttf', 'HGXFZ_CNKI.ttf', 'HGXH1_CNKI.TTF', 'HGXH_CNKI.TTF', 'HGXK_CNKI.TTF', 'HGXL_CNKI.TTF', 'HGXS_CNKI.TTF', 'HGXT_CNKI.ttf', 'HGXY_CNKI.ttf', 'HGY1_CNKI.TTF', 'HGY2_CNKI.TTF', 'HGY3_CNKI.TTF', 'HGY4_CNKI.TTF', 'HGYB_CNKI.ttf', 'HGYT1_CNKI.ttf', 'HGYT2_CNKI.ttf', 'HGYT_CNKI.TTF', 'HGYX_CNKI.TTF', 'HGZCS_CNKI.TTF', 'HGZDX_CNKI.TTF', 'HGZK_CNKI.TTF', 'HGZYT_CNKI.TTF', 'HGZY_CNKI.TTF', 'himalaya.ttf', 'holomdl2.ttf', 'HTOWERT.TTF', 'HTOWERTI.TTF', 'hvgafix.fon', 'hvgasys.fon', 'impact.ttf', 'IMPRISHA.TTF', 'INFROMAN.TTF', 'Inkfree.ttf', 'iqiyi_logov7.ttf', 'ITCBLKAD.TTF', 'ITCEDSCR.TTF', 'ITCKRIST.TTF', 'j8514fix.fon', 'j8514oem.fon', 'j8514sys.fon', 'javatext.ttf', 'JOKERMAN.TTF', 'jsmalle.fon', 'jsmallf.fon', 'JUICE___.TTF', 'jvgafix.fon', 'jvgasys.fon', 'KUNSTLER.TTF', 'LATINWD.TTF', 'LBRITE.TTF', 'LBRITED.TTF', 'LBRITEDI.TTF', 'LBRITEI.TTF', 'LCALLIG.TTF', 'LeelaUIb.ttf', 'LeelawUI.ttf', 'LeelUIsl.ttf', 'LFAX.TTF', 'LFAXD.TTF', 'LFAXDI.TTF', 'LFAXI.TTF', 'LHANDW.TTF', 'LSANS.TTF', 'LSANSD.TTF', 'LSANSDI.TTF', 'LSANSI.TTF', 'LTYPE.TTF', 'LTYPEB.TTF', 'LTYPEBO.TTF', 'LTYPEO.TTF', 'lucon.ttf', 'l_10646.ttf', 'MAGNETOB.TTF', 'MAIAN.TTF', 'malgun.ttf', 'malgunbd.ttf', 'malgunsl.ttf', 'marlett.ttf', 'MATURASC.TTF', 'micross.ttf', 'mingliub.ttc', 'MISTRAL.TTF', 'mmrtext.ttf', 'mmrtextb.ttf', 'MOD20.TTF', 'modern.fon', 'monbaiti.ttf', 'msgothic.ttc', 'msjh.ttc', 'msjhbd.ttc', 'msjhl.ttc', 'msyh.ttc', 'msyhbd.ttc', 'msyhl.ttc', 'msyi.ttf', 'MTCORSVA.TTF', 'MTEXTRA.TTF', 'mvboli.ttf', 'NIAGENG.TTF', 'NIAGSOL.TTF', 'Nirmala.ttf', 'NirmalaB.ttf', 'NirmalaS.ttf', 'ntailu.ttf', 'ntailub.ttf', 'NumberOnly.ttf', 'OCRAEXT.TTF', 'OLDENGL.TTF', 'ONYX.TTF', 'OUTLOOK.TTF', 'pala.ttf', 'palab.ttf', 'palabi.ttf', 'palai.ttf', 'PALSCRI.TTF', 'PAPYRUS.TTF', 'PARCHM.TTF', 'PERBI___.TTF', 'PERB____.TTF', 'PERI____.TTF', 'PERTIBD.TTF', 'PERTILI.TTF', 'PER_____.TTF', 'phagspa.ttf', 'phagspab.ttf', 'PLAYBILL.TTF', 'POORICH.TTF', 'PRISTINA.TTF', 'RAGE.TTF', 'RAVIE.TTF', 'REFSAN.TTF', 'REFSPCL.TTF', 'ROCCB___.TTF', 'ROCC____.TTF', 'ROCK.TTF', 'ROCKB.TTF', 'ROCKBI.TTF', 'ROCKEB.TTF', 'ROCKI.TTF', 'roman.fon', 's8514fix.fon', 's8514oem.fon', 's8514sys.fon', 'SCHLBKB.TTF', 'SCHLBKBI.TTF', 'SCHLBKI.TTF', 'script.fon', 'SCRIPTBL.TTF', 'segmdl2.ttf', 'SegoeIcons.ttf', 'segoepr.ttf', 'segoeprb.ttf', 'segoesc.ttf', 'segoescb.ttf', 'segoeui.ttf', 'segoeuib.ttf', 'segoeuii.ttf', 'segoeuil.ttf', 'segoeuisl.ttf', 'segoeuiz.ttf', 'seguibl.ttf', 'seguibli.ttf', 'seguiemj.ttf', 'seguihis.ttf', 'seguili.ttf', 'seguisb.ttf', 'seguisbi.ttf', 'seguisli.ttf', 'seguisym.ttf', 'SegUIVar.ttf', 'sere1255.fon', 'sere1256.fon', 'sere1257.fon', 'serf1255.fon', 'serf1256.fon', 'serf1257.fon', 'serife.fon', 'serifee.fon', 'serifeg.fon', 'serifer.fon', 'serifet.fon', 'seriff.fon', 'seriffe.fon', 'seriffg.fon', 'seriffr.fon', 'serifft.fon', 'SHOWG.TTF', 'simfang.ttf', 'simhei.ttf', 'simkai.ttf', 'SIMLI.TTF', 'simsun.ttc', 'simsunb.ttf', 'SIMYOU.TTF', 'SitkaVF-Italic.ttf', 'SitkaVF.ttf', 'smae1255.fon', 'smae1256.fon', 'smae1257.fon', 'smaf1255.fon', 'smaf1256.fon', 'smaf1257.fon', 'smalle.fon', 'smallee.fon', 'smalleg.fon', 'smaller.fon', 'smallet.fon', 'smallf.fon', 'smallfe.fon', 'smallfg.fon', 'smallfr.fon', 'smallft.fon', 'SNAP____.TTF', 'ssee1255.fon', 'ssee1256.fon', 'ssee1257.fon', 'ssee874.fon', 'ssef1255.fon', 'ssef1256.fon', 'ssef1257.fon', 'ssef874.fon', 'sserife.fon', 'sserifee.fon', 'sserifeg.fon', 'sserifer.fon', 'sserifet.fon', 'sseriff.fon', 'sseriffe.fon', 'sseriffg.fon', 'sseriffr.fon', 'sserifft.fon', 'StaticCache.dat', 'STCAIYUN.TTF', 'STENCIL.TTF', 'STFANGSO.TTF', 'STHUPO.TTF', 'STKAITI.TTF', 'STLITI.TTF', 'STSONG.TTF', 'STXIHEI.TTF', 'STXINGKA.TTF', 'STXINWEI.TTF', 'STZHONGS.TTF', 'svgafix.fon', 'svgasys.fon', 'sylfaen.ttf', 'symbol.ttf', 'tahoma.ttf', 'tahomabd.ttf', 'taile.ttf', 'taileb.ttf', 'TCBI____.TTF', 'TCB_____.TTF', 'TCCB____.TTF', 'TCCEB.TTF', 'TCCM____.TTF', 'TCMI____.TTF', 'TCM_____.TTF', 'TEMPSITC.TTF', 'times.ttf', 'timesbd.ttf', 'timesbi.ttf', 'timesi.ttf', 'trebuc.ttf', 'trebucbd.ttf', 'trebucbi.ttf', 'trebucit.ttf', 'verdana.ttf', 'verdanab.ttf', 'verdanai.ttf', 'verdanaz.ttf', 'vga737.fon', 'vga775.fon', 'vga850.fon', 'vga852.fon', 'vga855.fon', 'vga857.fon', 'vga860.fon', 'vga861.fon', 'vga863.fon', 'vga865.fon', 'vga866.fon', 'vga869.fon', 'vga932.fon', 'vga936.fon', 'vga949.fon', 'vga950.fon', 'vgaf1255.fon', 'vgaf1256.fon', 'vgaf1257.fon', 'vgaf874.fon', 'vgafix.fon', 'vgafixe.fon', 'vgafixg.fon', 'vgafixr.fon', 'vgafixt.fon', 'vgaoem.fon', 'vgas1255.fon', 'vgas1256.fon', 'vgas1257.fon', 'vgas874.fon', 'vgasys.fon', 'vgasyse.fon', 'vgasysg.fon', 'vgasysr.fon', 'vgasyst.fon', 'VINERITC.TTF', 'VIVALDII.TTF', 'VLADIMIR.TTF', 'webdings.ttf', 'wingding.ttf', 'WINGDNG2.TTF', 'WINGDNG3.TTF', 'YuGothB.ttc', 'YuGothL.ttc', 'YuGothM.ttc', 'YuGothR.ttc', '\u534e\u5eb7\u65b9\u5706\u4f53W7.TTC', '\u65b9\u6b63\u7c97\u9ed1\u5b8b\u7b80\u4f53.ttf']
2023-09-27 14:59:37,421 - INFO - all fonts installed:['8514fix.fon', '8514fixe.fon', '8514fixg.fon', '8514fixr.fon', '8514fixt.fon', '8514oem.fon', '8514oeme.fon', '8514oemg.fon', '8514oemr.fon', '8514oemt.fon', '8514sys.fon', '8514syse.fon', '8514sysg.fon', '8514sysr.fon', '8514syst.fon', '85775.fon', '85855.fon', '85f1255.fon', '85f1256.fon', '85f1257.fon', '85f874.fon', '85s1255.fon', '85s1256.fon', '85s1257.fon', '85s874.fon', 'AGENCYB.TTF', 'AGENCYR.TTF', 'ALGER.TTF', 'ANTQUAB.TTF', 'ANTQUABI.TTF', 'ANTQUAI.TTF', 'app775.fon', 'app850.fon', 'app852.fon', 'app855.fon', 'app857.fon', 'app866.fon', 'app932.fon', 'app936.fon', 'app949.fon', 'app950.fon', 'arial.ttf', 'arialbd.ttf', 'arialbi.ttf', 'ariali.ttf', 'ARIALN.TTF', 'ARIALNB.TTF', 'ARIALNBI.TTF', 'ARIALNI.TTF', 'ariblk.ttf', 'ARLRDBD.TTF', 'AxureHandwriting-Bold.otf', 'AxureHandwriting-BoldItalic.otf', 'AxureHandwriting-Italic.otf', 'AxureHandwriting.otf', 'bahnschrift.ttf', 'BASKVILL.TTF', 'BAUHS93.TTF', 'BELL.TTF', 'BELLB.TTF', 'BELLI.TTF', 'BERNHC.TTF', 'BKANT.TTF', 'BOD_B.TTF', 'BOD_BI.TTF', 'BOD_BLAI.TTF', 'BOD_BLAR.TTF', 'BOD_CB.TTF', 'BOD_CBI.TTF', 'BOD_CI.TTF', 'BOD_CR.TTF', 'BOD_I.TTF', 'BOD_PSTC.TTF', 'BOD_R.TTF', 'BOOKOS.TTF', 'BOOKOSB.TTF', 'BOOKOSBI.TTF', 'BOOKOSI.TTF', 'BRADHITC.TTF', 'BRITANIC.TTF', 'BRLNSB.TTF', 'BRLNSDB.TTF', 'BRLNSR.TTF', 'BROADW.TTF', 'BRUSHSCI.TTF', 'BSSYM7.TTF', 'c8514fix.fon', 'c8514oem.fon', 'c8514sys.fon', 'calibri.ttf', 'calibrib.ttf', 'calibrii.ttf', 'calibril.ttf', 'calibrili.ttf', 'calibriz.ttf', 'CALIFB.TTF', 'CALIFI.TTF', 'CALIFR.TTF', 'CALIST.TTF', 'CALISTB.TTF', 'CALISTBI.TTF', 'CALISTI.TTF', 'cambria.ttc', 'cambriab.ttf', 'cambriai.ttf', 'cambriaz.ttf', 'Candara.ttf', 'Candarab.ttf', 'Candarai.ttf', 'Candaral.ttf', 'Candarali.ttf', 'Candaraz.ttf', 'CascadiaCode.ttf', 'CascadiaMono.ttf', 'CASTELAR.TTF', 'CENSCBK.TTF', 'CENTAUR.TTF', 'CENTURY.TTF', 'cga40737.fon', 'cga40850.fon', 'cga40852.fon', 'cga40857.fon', 'cga40866.fon', 'cga40869.fon', 'cga40woa.fon', 'cga80737.fon', 'cga80850.fon', 'cga80852.fon', 'cga80857.fon', 'cga80866.fon', 'cga80869.fon', 'cga80woa.fon', 'CHILLER.TTF', 'COLONNA.TTF', 'comic.ttf', 'comicbd.ttf', 'comici.ttf', 'comicz.ttf', 'consola.ttf', 'consolab.ttf', 'consolai.ttf', 'consolaz.ttf', 'constan.ttf', 'constanb.ttf', 'constani.ttf', 'constanz.ttf', 'COOPBL.TTF', 'COPRGTB.TTF', 'COPRGTL.TTF', 'corbel.ttf', 'corbelb.ttf', 'corbeli.ttf', 'corbell.ttf', 'corbelli.ttf', 'corbelz.ttf', 'coue1255.fon', 'coue1256.fon', 'coue1257.fon', 'couf1255.fon', 'couf1256.fon', 'couf1257.fon', 'cour.ttf', 'courbd.ttf', 'courbi.ttf', 'coure.fon', 'couree.fon', 'coureg.fon', 'courer.fon', 'couret.fon', 'courf.fon', 'courfe.fon', 'courfg.fon', 'courfr.fon', 'courft.fon', 'couri.ttf', 'CURLZ___.TTF', 'cvgafix.fon', 'cvgasys.fon', 'Deng.ttf', 'Dengb.ttf', 'Dengl.ttf', 'desktop.ini', 'dos737.fon', 'dos869.fon', 'dosapp.fon', 'DUBAI-BOLD.TTF', 'DUBAI-LIGHT.TTF', 'DUBAI-MEDIUM.TTF', 'DUBAI-REGULAR.TTF', 'ebrima.ttf', 'ebrimabd.ttf', 'ega40737.fon', 'ega40850.fon', 'ega40852.fon', 'ega40857.fon', 'ega40866.fon', 'ega40869.fon', 'ega40woa.fon', 'ega80737.fon', 'ega80850.fon', 'ega80852.fon', 'ega80857.fon', 'ega80866.fon', 'ega80869.fon', 'ega80woa.fon', 'ELEPHNT.TTF', 'ELEPHNTI.TTF', 'ENGR.TTF', 'ERASBD.TTF', 'ERASDEMI.TTF', 'ERASLGHT.TTF', 'ERASMD.TTF', 'FELIXTI.TTF', 'fms_metadata.xml', 'FORTE.TTF', 'FRABK.TTF', 'FRABKIT.TTF', 'FRADM.TTF', 'FRADMCN.TTF', 'FRADMIT.TTF', 'FRAHV.TTF', 'FRAHVIT.TTF', 'framd.ttf', 'FRAMDCN.TTF', 'framdit.ttf', 'FREESCPT.TTF', 'FRSCRIPT.TTF', 'FTLTLT.TTF', 'FZSTK.TTF', 'FZYTK.TTF', 'Gabriola.ttf', 'gadugi.ttf', 'gadugib.ttf', 'GARA.TTF', 'GARABD.TTF', 'GARAIT.TTF', 'georgia.ttf', 'georgiab.ttf', 'georgiai.ttf', 'georgiaz.ttf', 'GIGI.TTF', 'GILBI___.TTF', 'GILB____.TTF', 'GILC____.TTF', 'GILI____.TTF', 'GILLUBCD.TTF', 'GILSANUB.TTF', 'GIL_____.TTF', 'GLECB.TTF', 'GlobalMonospace.CompositeFont', 'GlobalSansSerif.CompositeFont', 'GlobalSerif.CompositeFont', 'GlobalUserInterface.CompositeFont', 'GLSNECB.TTF', 'GOTHIC.TTF', 'GOTHICB.TTF', 'GOTHICBI.TTF', 'GOTHICI.TTF', 'GOUDOS.TTF', 'GOUDOSB.TTF', 'GOUDOSI.TTF', 'GOUDYSTO.TTF', 'h8514fix.fon', 'h8514oem.fon', 'h8514sys.fon', 'HARLOWSI.TTF', 'HARNGTON.TTF', 'HATTEN.TTF', 'HGB1X_CNKI.ttf', 'HGB1_CNKI.ttf', 'HGB2X_CNKI.ttf', 'HGB2_CNKI.ttf', 'HGB3X_CNKI.ttf', 'HGB3_CNKI.ttf', 'HGB4X_CNKI.ttf', 'HGB4_CNKI.ttf', 'HGB5X_CNKI.ttf', 'HGB5_CNKI.ttf', 'HGB6X_CNKI.ttf', 'HGB6_CNKI.ttf', 'HGB7X_CNKI.ttf', 'HGB7_CNKI.ttf', 'HGB8X_CNKI.ttf', 'HGB8_CNKI.ttf', 'HGBD_CNKI.ttf', 'HGBKBX_CNKI.ttf', 'HGBKB_CNKI.ttf', 'HGBKHX_CNKI.ttf', 'HGBKH_CNKI.ttf', 'HGBS1_CNKI.TTF', 'HGBS2_CNKI.TTF', 'HGBS_CNKI.TTF', 'HGBTH_CNKI.TTF', 'HGBTS_CNKI.TTF', 'HGBX_CNKI.ttf', 'HGBZ_CNKI.ttf', 'HGCH_CNKI.TTF', 'HGCUH_CNKI.TTF', 'HGCY_CNKI.TTF', 'HGDBS_CNKI.TTF', 'HGDGY_CNKI.TTF', 'HGDH2_CNKI.TTF', 'HGDH_CNKI.TTF', 'HGDYS_CNKI.TTF', 'HGDY_CNKI.ttf', 'HGF1X_CNKI.ttf', 'HGF1_CNKI.ttf', 'HGF2X_CNKI.ttf', 'HGF2_CNKI.ttf', 'HGF3_CNKI.ttf', 'HGF4X_CNKI.ttf', 'HGF4_CNKI.ttf', 'HGF5X_CNKI.ttf', 'HGF5_CNKI.ttf', 'HGF6X_CNKI.ttf', 'HGF6_CNKI.ttf', 'HGF7X_CNKI.ttf', 'HGF7_CNKI.ttf', 'HGF8_CNKI.ttf', 'HGF9X_CNKI.ttf', 'HGF9_CNKI.ttf', 'HGFS1_CNKI.TTF', 'HGFS2_CNKI.TTF', 'HGFSH_CNKI.TTF', 'HGFS_CNKI.TTF', 'HGFX_CNKI.ttf', 'HGFZ_CNKI.ttf', 'HGGG_CNKI.TTF', 'HGH1X_CNKI.ttf', 'HGH1_CNKI.ttf', 'HGH2X_CNKI.ttf', 'HGH2_CNKI.ttf', 'HGH3X_CNKI.ttf', 'HGH3_CNKI.ttf', 'HGH4X_CNKI.ttf', 'HGH4_CNKI.ttf', 'HGH5X_CNKI.ttf', 'HGH5_CNKI.ttf', 'HGH6X_CNKI.ttf', 'HGH6_CNKI.ttf', 'HGH7X_CNKI.ttf', 'HGH7_CNKI.ttf', 'HGHB_CNKI.TTF', 'HGHD_CNKI.ttf', 'HGHP_CNKI.TTF', 'HGHT1_CNKI.ttf', 'HGHT2_CNKI.ttf', 'HGHUATI_CNKI.ttf', 'HGHX_CNKI.ttf', 'HGHZ_CNKI.ttf', 'HGH_CNKI.TTF', 'HGKT1_CNKI.TTF', 'HGKT2_CNKI.TTF', 'HGKT_CNKI.TTF', 'HGKY_CNKI.ttf', 'HGLB_CNKI.TTF', 'HGLS_CNKI.TTF', 'HGMH_CNKI.TTF', 'HGNBS_CNKI.ttf', 'HGOCR_CNKI.ttf', 'HGPH_CNKI.TTF', 'HGPTY_CNKI.TTF', 'HGSS1_CNKI.TTF', 'HGSS2_CNKI.TTF', 'HGSS_CNKI.TTF', 'HGSXT_CNKI.ttf', 'HGTT_CNKI.ttf', 'HGTX_CNKI.TTF', 'HGWT_CNKI.TTF', 'HGWYS_CNKI.TTF', 'HGX1X_CNKI.ttf', 'HGX1_CNKI.ttf', 'HGXBS_CNKI.TTF', 'HGXC_CNKI.TTF', 'HGXF1_CNKI.ttf', 'HGXFX_CNKI.ttf', 'HGXFZ_CNKI.ttf', 'HGXH1_CNKI.TTF', 'HGXH_CNKI.TTF', 'HGXK_CNKI.TTF', 'HGXL_CNKI.TTF', 'HGXS_CNKI.TTF', 'HGXT_CNKI.ttf', 'HGXY_CNKI.ttf', 'HGY1_CNKI.TTF', 'HGY2_CNKI.TTF', 'HGY3_CNKI.TTF', 'HGY4_CNKI.TTF', 'HGYB_CNKI.ttf', 'HGYT1_CNKI.ttf', 'HGYT2_CNKI.ttf', 'HGYT_CNKI.TTF', 'HGYX_CNKI.TTF', 'HGZCS_CNKI.TTF', 'HGZDX_CNKI.TTF', 'HGZK_CNKI.TTF', 'HGZYT_CNKI.TTF', 'HGZY_CNKI.TTF', 'himalaya.ttf', 'holomdl2.ttf', 'HTOWERT.TTF', 'HTOWERTI.TTF', 'hvgafix.fon', 'hvgasys.fon', 'impact.ttf', 'IMPRISHA.TTF', 'INFROMAN.TTF', 'Inkfree.ttf', 'iqiyi_logov7.ttf', 'ITCBLKAD.TTF', 'ITCEDSCR.TTF', 'ITCKRIST.TTF', 'j8514fix.fon', 'j8514oem.fon', 'j8514sys.fon', 'javatext.ttf', 'JOKERMAN.TTF', 'jsmalle.fon', 'jsmallf.fon', 'JUICE___.TTF', 'jvgafix.fon', 'jvgasys.fon', 'KUNSTLER.TTF', 'LATINWD.TTF', 'LBRITE.TTF', 'LBRITED.TTF', 'LBRITEDI.TTF', 'LBRITEI.TTF', 'LCALLIG.TTF', 'LeelaUIb.ttf', 'LeelawUI.ttf', 'LeelUIsl.ttf', 'LFAX.TTF', 'LFAXD.TTF', 'LFAXDI.TTF', 'LFAXI.TTF', 'LHANDW.TTF', 'LSANS.TTF', 'LSANSD.TTF', 'LSANSDI.TTF', 'LSANSI.TTF', 'LTYPE.TTF', 'LTYPEB.TTF', 'LTYPEBO.TTF', 'LTYPEO.TTF', 'lucon.ttf', 'l_10646.ttf', 'MAGNETOB.TTF', 'MAIAN.TTF', 'malgun.ttf', 'malgunbd.ttf', 'malgunsl.ttf', 'marlett.ttf', 'MATURASC.TTF', 'micross.ttf', 'mingliub.ttc', 'MISTRAL.TTF', 'mmrtext.ttf', 'mmrtextb.ttf', 'MOD20.TTF', 'modern.fon', 'monbaiti.ttf', 'msgothic.ttc', 'msjh.ttc', 'msjhbd.ttc', 'msjhl.ttc', 'msyh.ttc', 'msyhbd.ttc', 'msyhl.ttc', 'msyi.ttf', 'MTCORSVA.TTF', 'MTEXTRA.TTF', 'mvboli.ttf', 'NIAGENG.TTF', 'NIAGSOL.TTF', 'Nirmala.ttf', 'NirmalaB.ttf', 'NirmalaS.ttf', 'ntailu.ttf', 'ntailub.ttf', 'NumberOnly.ttf', 'OCRAEXT.TTF', 'OLDENGL.TTF', 'ONYX.TTF', 'OUTLOOK.TTF', 'pala.ttf', 'palab.ttf', 'palabi.ttf', 'palai.ttf', 'PALSCRI.TTF', 'PAPYRUS.TTF', 'PARCHM.TTF', 'PERBI___.TTF', 'PERB____.TTF', 'PERI____.TTF', 'PERTIBD.TTF', 'PERTILI.TTF', 'PER_____.TTF', 'phagspa.ttf', 'phagspab.ttf', 'PLAYBILL.TTF', 'POORICH.TTF', 'PRISTINA.TTF', 'RAGE.TTF', 'RAVIE.TTF', 'REFSAN.TTF', 'REFSPCL.TTF', 'ROCCB___.TTF', 'ROCC____.TTF', 'ROCK.TTF', 'ROCKB.TTF', 'ROCKBI.TTF', 'ROCKEB.TTF', 'ROCKI.TTF', 'roman.fon', 's8514fix.fon', 's8514oem.fon', 's8514sys.fon', 'SCHLBKB.TTF', 'SCHLBKBI.TTF', 'SCHLBKI.TTF', 'script.fon', 'SCRIPTBL.TTF', 'segmdl2.ttf', 'SegoeIcons.ttf', 'segoepr.ttf', 'segoeprb.ttf', 'segoesc.ttf', 'segoescb.ttf', 'segoeui.ttf', 'segoeuib.ttf', 'segoeuii.ttf', 'segoeuil.ttf', 'segoeuisl.ttf', 'segoeuiz.ttf', 'seguibl.ttf', 'seguibli.ttf', 'seguiemj.ttf', 'seguihis.ttf', 'seguili.ttf', 'seguisb.ttf', 'seguisbi.ttf', 'seguisli.ttf', 'seguisym.ttf', 'SegUIVar.ttf', 'sere1255.fon', 'sere1256.fon', 'sere1257.fon', 'serf1255.fon', 'serf1256.fon', 'serf1257.fon', 'serife.fon', 'serifee.fon', 'serifeg.fon', 'serifer.fon', 'serifet.fon', 'seriff.fon', 'seriffe.fon', 'seriffg.fon', 'seriffr.fon', 'serifft.fon', 'SHOWG.TTF', 'simfang.ttf', 'simhei.ttf', 'simkai.ttf', 'SIMLI.TTF', 'simsun.ttc', 'simsunb.ttf', 'SIMYOU.TTF', 'SitkaVF-Italic.ttf', 'SitkaVF.ttf', 'smae1255.fon', 'smae1256.fon', 'smae1257.fon', 'smaf1255.fon', 'smaf1256.fon', 'smaf1257.fon', 'smalle.fon', 'smallee.fon', 'smalleg.fon', 'smaller.fon', 'smallet.fon', 'smallf.fon', 'smallfe.fon', 'smallfg.fon', 'smallfr.fon', 'smallft.fon', 'SNAP____.TTF', 'ssee1255.fon', 'ssee1256.fon', 'ssee1257.fon', 'ssee874.fon', 'ssef1255.fon', 'ssef1256.fon', 'ssef1257.fon', 'ssef874.fon', 'sserife.fon', 'sserifee.fon', 'sserifeg.fon', 'sserifer.fon', 'sserifet.fon', 'sseriff.fon', 'sseriffe.fon', 'sseriffg.fon', 'sseriffr.fon', 'sserifft.fon', 'StaticCache.dat', 'STCAIYUN.TTF', 'STENCIL.TTF', 'STFANGSO.TTF', 'STHUPO.TTF', 'STKAITI.TTF', 'STLITI.TTF', 'STSONG.TTF', 'STXIHEI.TTF', 'STXINGKA.TTF', 'STXINWEI.TTF', 'STZHONGS.TTF', 'svgafix.fon', 'svgasys.fon', 'sylfaen.ttf', 'symbol.ttf', 'tahoma.ttf', 'tahomabd.ttf', 'taile.ttf', 'taileb.ttf', 'TCBI____.TTF', 'TCB_____.TTF', 'TCCB____.TTF', 'TCCEB.TTF', 'TCCM____.TTF', 'TCMI____.TTF', 'TCM_____.TTF', 'TEMPSITC.TTF', 'times.ttf', 'timesbd.ttf', 'timesbi.ttf', 'timesi.ttf', 'trebuc.ttf', 'trebucbd.ttf', 'trebucbi.ttf', 'trebucit.ttf', 'verdana.ttf', 'verdanab.ttf', 'verdanai.ttf', 'verdanaz.ttf', 'vga737.fon', 'vga775.fon', 'vga850.fon', 'vga852.fon', 'vga855.fon', 'vga857.fon', 'vga860.fon', 'vga861.fon', 'vga863.fon', 'vga865.fon', 'vga866.fon', 'vga869.fon', 'vga932.fon', 'vga936.fon', 'vga949.fon', 'vga950.fon', 'vgaf1255.fon', 'vgaf1256.fon', 'vgaf1257.fon', 'vgaf874.fon', 'vgafix.fon', 'vgafixe.fon', 'vgafixg.fon', 'vgafixr.fon', 'vgafixt.fon', 'vgaoem.fon', 'vgas1255.fon', 'vgas1256.fon', 'vgas1257.fon', 'vgas874.fon', 'vgasys.fon', 'vgasyse.fon', 'vgasysg.fon', 'vgasysr.fon', 'vgasyst.fon', 'VINERITC.TTF', 'VIVALDII.TTF', 'VLADIMIR.TTF', 'webdings.ttf', 'wingding.ttf', 'WINGDNG2.TTF', 'WINGDNG3.TTF', 'YuGothB.ttc', 'YuGothL.ttc', 'YuGothM.ttc', 'YuGothR.ttc', '\u534e\u5eb7\u65b9\u5706\u4f53W7.TTC', '\u65b9\u6b63\u7c97\u9ed1\u5b8b\u7b80\u4f53.ttf']
2023-09-27 14:59:37,425 - INFO - all fonts installed:['8514fix.fon', '8514fixe.fon', '8514fixg.fon', '8514fixr.fon', '8514fixt.fon', '8514oem.fon', '8514oeme.fon', '8514oemg.fon', '8514oemr.fon', '8514oemt.fon', '8514sys.fon', '8514syse.fon', '8514sysg.fon', '8514sysr.fon', '8514syst.fon', '85775.fon', '85855.fon', '85f1255.fon', '85f1256.fon', '85f1257.fon', '85f874.fon', '85s1255.fon', '85s1256.fon', '85s1257.fon', '85s874.fon', 'AGENCYB.TTF', 'AGENCYR.TTF', 'ALGER.TTF', 'ANTQUAB.TTF', 'ANTQUABI.TTF', 'ANTQUAI.TTF', 'app775.fon', 'app850.fon', 'app852.fon', 'app855.fon', 'app857.fon', 'app866.fon', 'app932.fon', 'app936.fon', 'app949.fon', 'app950.fon', 'arial.ttf', 'arialbd.ttf', 'arialbi.ttf', 'ariali.ttf', 'ARIALN.TTF', 'ARIALNB.TTF', 'ARIALNBI.TTF', 'ARIALNI.TTF', 'ariblk.ttf', 'ARLRDBD.TTF', 'AxureHandwriting-Bold.otf', 'AxureHandwriting-BoldItalic.otf', 'AxureHandwriting-Italic.otf', 'AxureHandwriting.otf', 'bahnschrift.ttf', 'BASKVILL.TTF', 'BAUHS93.TTF', 'BELL.TTF', 'BELLB.TTF', 'BELLI.TTF', 'BERNHC.TTF', 'BKANT.TTF', 'BOD_B.TTF', 'BOD_BI.TTF', 'BOD_BLAI.TTF', 'BOD_BLAR.TTF', 'BOD_CB.TTF', 'BOD_CBI.TTF', 'BOD_CI.TTF', 'BOD_CR.TTF', 'BOD_I.TTF', 'BOD_PSTC.TTF', 'BOD_R.TTF', 'BOOKOS.TTF', 'BOOKOSB.TTF', 'BOOKOSBI.TTF', 'BOOKOSI.TTF', 'BRADHITC.TTF', 'BRITANIC.TTF', 'BRLNSB.TTF', 'BRLNSDB.TTF', 'BRLNSR.TTF', 'BROADW.TTF', 'BRUSHSCI.TTF', 'BSSYM7.TTF', 'c8514fix.fon', 'c8514oem.fon', 'c8514sys.fon', 'calibri.ttf', 'calibrib.ttf', 'calibrii.ttf', 'calibril.ttf', 'calibrili.ttf', 'calibriz.ttf', 'CALIFB.TTF', 'CALIFI.TTF', 'CALIFR.TTF', 'CALIST.TTF', 'CALISTB.TTF', 'CALISTBI.TTF', 'CALISTI.TTF', 'cambria.ttc', 'cambriab.ttf', 'cambriai.ttf', 'cambriaz.ttf', 'Candara.ttf', 'Candarab.ttf', 'Candarai.ttf', 'Candaral.ttf', 'Candarali.ttf', 'Candaraz.ttf', 'CascadiaCode.ttf', 'CascadiaMono.ttf', 'CASTELAR.TTF', 'CENSCBK.TTF', 'CENTAUR.TTF', 'CENTURY.TTF', 'cga40737.fon', 'cga40850.fon', 'cga40852.fon', 'cga40857.fon', 'cga40866.fon', 'cga40869.fon', 'cga40woa.fon', 'cga80737.fon', 'cga80850.fon', 'cga80852.fon', 'cga80857.fon', 'cga80866.fon', 'cga80869.fon', 'cga80woa.fon', 'CHILLER.TTF', 'COLONNA.TTF', 'comic.ttf', 'comicbd.ttf', 'comici.ttf', 'comicz.ttf', 'consola.ttf', 'consolab.ttf', 'consolai.ttf', 'consolaz.ttf', 'constan.ttf', 'constanb.ttf', 'constani.ttf', 'constanz.ttf', 'COOPBL.TTF', 'COPRGTB.TTF', 'COPRGTL.TTF', 'corbel.ttf', 'corbelb.ttf', 'corbeli.ttf', 'corbell.ttf', 'corbelli.ttf', 'corbelz.ttf', 'coue1255.fon', 'coue1256.fon', 'coue1257.fon', 'couf1255.fon', 'couf1256.fon', 'couf1257.fon', 'cour.ttf', 'courbd.ttf', 'courbi.ttf', 'coure.fon', 'couree.fon', 'coureg.fon', 'courer.fon', 'couret.fon', 'courf.fon', 'courfe.fon', 'courfg.fon', 'courfr.fon', 'courft.fon', 'couri.ttf', 'CURLZ___.TTF', 'cvgafix.fon', 'cvgasys.fon', 'Deng.ttf', 'Dengb.ttf', 'Dengl.ttf', 'desktop.ini', 'dos737.fon', 'dos869.fon', 'dosapp.fon', 'DUBAI-BOLD.TTF', 'DUBAI-LIGHT.TTF', 'DUBAI-MEDIUM.TTF', 'DUBAI-REGULAR.TTF', 'ebrima.ttf', 'ebrimabd.ttf', 'ega40737.fon', 'ega40850.fon', 'ega40852.fon', 'ega40857.fon', 'ega40866.fon', 'ega40869.fon', 'ega40woa.fon', 'ega80737.fon', 'ega80850.fon', 'ega80852.fon', 'ega80857.fon', 'ega80866.fon', 'ega80869.fon', 'ega80woa.fon', 'ELEPHNT.TTF', 'ELEPHNTI.TTF', 'ENGR.TTF', 'ERASBD.TTF', 'ERASDEMI.TTF', 'ERASLGHT.TTF', 'ERASMD.TTF', 'FELIXTI.TTF', 'fms_metadata.xml', 'FORTE.TTF', 'FRABK.TTF', 'FRABKIT.TTF', 'FRADM.TTF', 'FRADMCN.TTF', 'FRADMIT.TTF', 'FRAHV.TTF', 'FRAHVIT.TTF', 'framd.ttf', 'FRAMDCN.TTF', 'framdit.ttf', 'FREESCPT.TTF', 'FRSCRIPT.TTF', 'FTLTLT.TTF', 'FZSTK.TTF', 'FZYTK.TTF', 'Gabriola.ttf', 'gadugi.ttf', 'gadugib.ttf', 'GARA.TTF', 'GARABD.TTF', 'GARAIT.TTF', 'georgia.ttf', 'georgiab.ttf', 'georgiai.ttf', 'georgiaz.ttf', 'GIGI.TTF', 'GILBI___.TTF', 'GILB____.TTF', 'GILC____.TTF', 'GILI____.TTF', 'GILLUBCD.TTF', 'GILSANUB.TTF', 'GIL_____.TTF', 'GLECB.TTF', 'GlobalMonospace.CompositeFont', 'GlobalSansSerif.CompositeFont', 'GlobalSerif.CompositeFont', 'GlobalUserInterface.CompositeFont', 'GLSNECB.TTF', 'GOTHIC.TTF', 'GOTHICB.TTF', 'GOTHICBI.TTF', 'GOTHICI.TTF', 'GOUDOS.TTF', 'GOUDOSB.TTF', 'GOUDOSI.TTF', 'GOUDYSTO.TTF', 'h8514fix.fon', 'h8514oem.fon', 'h8514sys.fon', 'HARLOWSI.TTF', 'HARNGTON.TTF', 'HATTEN.TTF', 'HGB1X_CNKI.ttf', 'HGB1_CNKI.ttf', 'HGB2X_CNKI.ttf', 'HGB2_CNKI.ttf', 'HGB3X_CNKI.ttf', 'HGB3_CNKI.ttf', 'HGB4X_CNKI.ttf', 'HGB4_CNKI.ttf', 'HGB5X_CNKI.ttf', 'HGB5_CNKI.ttf', 'HGB6X_CNKI.ttf', 'HGB6_CNKI.ttf', 'HGB7X_CNKI.ttf', 'HGB7_CNKI.ttf', 'HGB8X_CNKI.ttf', 'HGB8_CNKI.ttf', 'HGBD_CNKI.ttf', 'HGBKBX_CNKI.ttf', 'HGBKB_CNKI.ttf', 'HGBKHX_CNKI.ttf', 'HGBKH_CNKI.ttf', 'HGBS1_CNKI.TTF', 'HGBS2_CNKI.TTF', 'HGBS_CNKI.TTF', 'HGBTH_CNKI.TTF', 'HGBTS_CNKI.TTF', 'HGBX_CNKI.ttf', 'HGBZ_CNKI.ttf', 'HGCH_CNKI.TTF', 'HGCUH_CNKI.TTF', 'HGCY_CNKI.TTF', 'HGDBS_CNKI.TTF', 'HGDGY_CNKI.TTF', 'HGDH2_CNKI.TTF', 'HGDH_CNKI.TTF', 'HGDYS_CNKI.TTF', 'HGDY_CNKI.ttf', 'HGF1X_CNKI.ttf', 'HGF1_CNKI.ttf', 'HGF2X_CNKI.ttf', 'HGF2_CNKI.ttf', 'HGF3_CNKI.ttf', 'HGF4X_CNKI.ttf', 'HGF4_CNKI.ttf', 'HGF5X_CNKI.ttf', 'HGF5_CNKI.ttf', 'HGF6X_CNKI.ttf', 'HGF6_CNKI.ttf', 'HGF7X_CNKI.ttf', 'HGF7_CNKI.ttf', 'HGF8_CNKI.ttf', 'HGF9X_CNKI.ttf', 'HGF9_CNKI.ttf', 'HGFS1_CNKI.TTF', 'HGFS2_CNKI.TTF', 'HGFSH_CNKI.TTF', 'HGFS_CNKI.TTF', 'HGFX_CNKI.ttf', 'HGFZ_CNKI.ttf', 'HGGG_CNKI.TTF', 'HGH1X_CNKI.ttf', 'HGH1_CNKI.ttf', 'HGH2X_CNKI.ttf', 'HGH2_CNKI.ttf', 'HGH3X_CNKI.ttf', 'HGH3_CNKI.ttf', 'HGH4X_CNKI.ttf', 'HGH4_CNKI.ttf', 'HGH5X_CNKI.ttf', 'HGH5_CNKI.ttf', 'HGH6X_CNKI.ttf', 'HGH6_CNKI.ttf', 'HGH7X_CNKI.ttf', 'HGH7_CNKI.ttf', 'HGHB_CNKI.TTF', 'HGHD_CNKI.ttf', 'HGHP_CNKI.TTF', 'HGHT1_CNKI.ttf', 'HGHT2_CNKI.ttf', 'HGHUATI_CNKI.ttf', 'HGHX_CNKI.ttf', 'HGHZ_CNKI.ttf', 'HGH_CNKI.TTF', 'HGKT1_CNKI.TTF', 'HGKT2_CNKI.TTF', 'HGKT_CNKI.TTF', 'HGKY_CNKI.ttf', 'HGLB_CNKI.TTF', 'HGLS_CNKI.TTF', 'HGMH_CNKI.TTF', 'HGNBS_CNKI.ttf', 'HGOCR_CNKI.ttf', 'HGPH_CNKI.TTF', 'HGPTY_CNKI.TTF', 'HGSS1_CNKI.TTF', 'HGSS2_CNKI.TTF', 'HGSS_CNKI.TTF', 'HGSXT_CNKI.ttf', 'HGTT_CNKI.ttf', 'HGTX_CNKI.TTF', 'HGWT_CNKI.TTF', 'HGWYS_CNKI.TTF', 'HGX1X_CNKI.ttf', 'HGX1_CNKI.ttf', 'HGXBS_CNKI.TTF', 'HGXC_CNKI.TTF', 'HGXF1_CNKI.ttf', 'HGXFX_CNKI.ttf', 'HGXFZ_CNKI.ttf', 'HGXH1_CNKI.TTF', 'HGXH_CNKI.TTF', 'HGXK_CNKI.TTF', 'HGXL_CNKI.TTF', 'HGXS_CNKI.TTF', 'HGXT_CNKI.ttf', 'HGXY_CNKI.ttf', 'HGY1_CNKI.TTF', 'HGY2_CNKI.TTF', 'HGY3_CNKI.TTF', 'HGY4_CNKI.TTF', 'HGYB_CNKI.ttf', 'HGYT1_CNKI.ttf', 'HGYT2_CNKI.ttf', 'HGYT_CNKI.TTF', 'HGYX_CNKI.TTF', 'HGZCS_CNKI.TTF', 'HGZDX_CNKI.TTF', 'HGZK_CNKI.TTF', 'HGZYT_CNKI.TTF', 'HGZY_CNKI.TTF', 'himalaya.ttf', 'holomdl2.ttf', 'HTOWERT.TTF', 'HTOWERTI.TTF', 'hvgafix.fon', 'hvgasys.fon', 'impact.ttf', 'IMPRISHA.TTF', 'INFROMAN.TTF', 'Inkfree.ttf', 'iqiyi_logov7.ttf', 'ITCBLKAD.TTF', 'ITCEDSCR.TTF', 'ITCKRIST.TTF', 'j8514fix.fon', 'j8514oem.fon', 'j8514sys.fon', 'javatext.ttf', 'JOKERMAN.TTF', 'jsmalle.fon', 'jsmallf.fon', 'JUICE___.TTF', 'jvgafix.fon', 'jvgasys.fon', 'KUNSTLER.TTF', 'LATINWD.TTF', 'LBRITE.TTF', 'LBRITED.TTF', 'LBRITEDI.TTF', 'LBRITEI.TTF', 'LCALLIG.TTF', 'LeelaUIb.ttf', 'LeelawUI.ttf', 'LeelUIsl.ttf', 'LFAX.TTF', 'LFAXD.TTF', 'LFAXDI.TTF', 'LFAXI.TTF', 'LHANDW.TTF', 'LSANS.TTF', 'LSANSD.TTF', 'LSANSDI.TTF', 'LSANSI.TTF', 'LTYPE.TTF', 'LTYPEB.TTF', 'LTYPEBO.TTF', 'LTYPEO.TTF', 'lucon.ttf', 'l_10646.ttf', 'MAGNETOB.TTF', 'MAIAN.TTF', 'malgun.ttf', 'malgunbd.ttf', 'malgunsl.ttf', 'marlett.ttf', 'MATURASC.TTF', 'micross.ttf', 'mingliub.ttc', 'MISTRAL.TTF', 'mmrtext.ttf', 'mmrtextb.ttf', 'MOD20.TTF', 'modern.fon', 'monbaiti.ttf', 'msgothic.ttc', 'msjh.ttc', 'msjhbd.ttc', 'msjhl.ttc', 'msyh.ttc', 'msyhbd.ttc', 'msyhl.ttc', 'msyi.ttf', 'MTCORSVA.TTF', 'MTEXTRA.TTF', 'mvboli.ttf', 'NIAGENG.TTF', 'NIAGSOL.TTF', 'Nirmala.ttf', 'NirmalaB.ttf', 'NirmalaS.ttf', 'ntailu.ttf', 'ntailub.ttf', 'NumberOnly.ttf', 'OCRAEXT.TTF', 'OLDENGL.TTF', 'ONYX.TTF', 'OUTLOOK.TTF', 'pala.ttf', 'palab.ttf', 'palabi.ttf', 'palai.ttf', 'PALSCRI.TTF', 'PAPYRUS.TTF', 'PARCHM.TTF', 'PERBI___.TTF', 'PERB____.TTF', 'PERI____.TTF', 'PERTIBD.TTF', 'PERTILI.TTF', 'PER_____.TTF', 'phagspa.ttf', 'phagspab.ttf', 'PLAYBILL.TTF', 'POORICH.TTF', 'PRISTINA.TTF', 'RAGE.TTF', 'RAVIE.TTF', 'REFSAN.TTF', 'REFSPCL.TTF', 'ROCCB___.TTF', 'ROCC____.TTF', 'ROCK.TTF', 'ROCKB.TTF', 'ROCKBI.TTF', 'ROCKEB.TTF', 'ROCKI.TTF', 'roman.fon', 's8514fix.fon', 's8514oem.fon', 's8514sys.fon', 'SCHLBKB.TTF', 'SCHLBKBI.TTF', 'SCHLBKI.TTF', 'script.fon', 'SCRIPTBL.TTF', 'segmdl2.ttf', 'SegoeIcons.ttf', 'segoepr.ttf', 'segoeprb.ttf', 'segoesc.ttf', 'segoescb.ttf', 'segoeui.ttf', 'segoeuib.ttf', 'segoeuii.ttf', 'segoeuil.ttf', 'segoeuisl.ttf', 'segoeuiz.ttf', 'seguibl.ttf', 'seguibli.ttf', 'seguiemj.ttf', 'seguihis.ttf', 'seguili.ttf', 'seguisb.ttf', 'seguisbi.ttf', 'seguisli.ttf', 'seguisym.ttf', 'SegUIVar.ttf', 'sere1255.fon', 'sere1256.fon', 'sere1257.fon', 'serf1255.fon', 'serf1256.fon', 'serf1257.fon', 'serife.fon', 'serifee.fon', 'serifeg.fon', 'serifer.fon', 'serifet.fon', 'seriff.fon', 'seriffe.fon', 'seriffg.fon', 'seriffr.fon', 'serifft.fon', 'SHOWG.TTF', 'simfang.ttf', 'simhei.ttf', 'simkai.ttf', 'SIMLI.TTF', 'simsun.ttc', 'simsunb.ttf', 'SIMYOU.TTF', 'SitkaVF-Italic.ttf', 'SitkaVF.ttf', 'smae1255.fon', 'smae1256.fon', 'smae1257.fon', 'smaf1255.fon', 'smaf1256.fon', 'smaf1257.fon', 'smalle.fon', 'smallee.fon', 'smalleg.fon', 'smaller.fon', 'smallet.fon', 'smallf.fon', 'smallfe.fon', 'smallfg.fon', 'smallfr.fon', 'smallft.fon', 'SNAP____.TTF', 'ssee1255.fon', 'ssee1256.fon', 'ssee1257.fon', 'ssee874.fon', 'ssef1255.fon', 'ssef1256.fon', 'ssef1257.fon', 'ssef874.fon', 'sserife.fon', 'sserifee.fon', 'sserifeg.fon', 'sserifer.fon', 'sserifet.fon', 'sseriff.fon', 'sseriffe.fon', 'sseriffg.fon', 'sseriffr.fon', 'sserifft.fon', 'StaticCache.dat', 'STCAIYUN.TTF', 'STENCIL.TTF', 'STFANGSO.TTF', 'STHUPO.TTF', 'STKAITI.TTF', 'STLITI.TTF', 'STSONG.TTF', 'STXIHEI.TTF', 'STXINGKA.TTF', 'STXINWEI.TTF', 'STZHONGS.TTF', 'svgafix.fon', 'svgasys.fon', 'sylfaen.ttf', 'symbol.ttf', 'tahoma.ttf', 'tahomabd.ttf', 'taile.ttf', 'taileb.ttf', 'TCBI____.TTF', 'TCB_____.TTF', 'TCCB____.TTF', 'TCCEB.TTF', 'TCCM____.TTF', 'TCMI____.TTF', 'TCM_____.TTF', 'TEMPSITC.TTF', 'times.ttf', 'timesbd.ttf', 'timesbi.ttf', 'timesi.ttf', 'trebuc.ttf', 'trebucbd.ttf', 'trebucbi.ttf', 'trebucit.ttf', 'verdana.ttf', 'verdanab.ttf', 'verdanai.ttf', 'verdanaz.ttf', 'vga737.fon', 'vga775.fon', 'vga850.fon', 'vga852.fon', 'vga855.fon', 'vga857.fon', 'vga860.fon', 'vga861.fon', 'vga863.fon', 'vga865.fon', 'vga866.fon', 'vga869.fon', 'vga932.fon', 'vga936.fon', 'vga949.fon', 'vga950.fon', 'vgaf1255.fon', 'vgaf1256.fon', 'vgaf1257.fon', 'vgaf874.fon', 'vgafix.fon', 'vgafixe.fon', 'vgafixg.fon', 'vgafixr.fon', 'vgafixt.fon', 'vgaoem.fon', 'vgas1255.fon', 'vgas1256.fon', 'vgas1257.fon', 'vgas874.fon', 'vgasys.fon', 'vgasyse.fon', 'vgasysg.fon', 'vgasysr.fon', 'vgasyst.fon', 'VINERITC.TTF', 'VIVALDII.TTF', 'VLADIMIR.TTF', 'webdings.ttf', 'wingding.ttf', 'WINGDNG2.TTF', 'WINGDNG3.TTF', 'YuGothB.ttc', 'YuGothL.ttc', 'YuGothM.ttc', 'YuGothR.ttc', '\u534e\u5eb7\u65b9\u5706\u4f53W7.TTC', '\u65b9\u6b63\u7c97\u9ed1\u5b8b\u7b80\u4f53.ttf']
2023-09-27 15:05:05,000 - INFO - start to load thumbnail gen setting json from::D:/Download/audio-visual/saas/tiktoka/tiktoka-studio-uploader-genius/tests/videos/horizon/template (9).json
2023-09-27 15:05:05,001 - INFO - start to validate template
2023-09-27 15:05:05,004 - INFO - validate thumbnail gen template passed
2023-09-27 15:05:05,004 - INFO - start to validate metadata for thumbgen setting
2023-09-27 15:05:05,015 - INFO - start to check ['heading', 'subheading', 'extraheading'] defined in template
2023-09-27 15:05:05,016 - INFO - heading value is \u723d\u723d\u723d\u723d\u723d\u723d\u723d\u723d\u723d in entry OP.
2023-09-27 15:05:05,016 - INFO - subheading value is \u7a81\u7a81\u7a81\u7a81\u7a81\u7a81\u7a81\u7a81\u7a81\u7a81\u7a81\u7a81 in entry OP.
2023-09-27 15:05:05,016 - INFO - extraheading value is \u60fa\u60fa\u60dc\u60fa\u60fa\u60fa\u60fa\u76f8\u60dc\u4e0b in entry OP.
2023-09-27 15:05:05,016 - INFO - validate metadata for thumbgen setting passed
2023-09-27 15:05:05,016 - INFO - start to update user submited metafile to video assets
2023-09-27 15:05:05,016 - WARNING - You are running on win32, potentially without locks. Consider setting shared_lock=True
2023-09-27 15:05:05,016 - INFO - update user submited metafile to video assets passed
2023-09-27 15:05:05,016 - INFO - start to validate bg folder
2023-09-27 15:05:05,017 - INFO - bg folder image list :['D:/Download/audio-visual/saas/tiktoka/tiktoka-studio-uploader-genius/assets/bgs/1920x1080\\bg1.jpg', 'D:/Download/audio-visual/saas/tiktoka/tiktoka-studio-uploader-genius/assets/bgs/1920x1080\\bg2.jpg']
2023-09-27 15:05:05,017 - INFO - {'captions_certification': 0, 'categories': '', 'comments_ratings_policy': 1, 'extraheading': '\u60fa\u60fa\u60dc\u60fa\u60fa\u60fa\u60fa\u76f8\u60dc\u4e0b', 'first_comment': '', 'heading': '\u723d\u723d\u723d\u723d\u723d\u723d\u723d\u723d\u723d', 'is_age_restriction': False, 'is_allow_embedding': True, 'is_automatic_chapters': True, 'is_featured_place': True, 'is_monetization_allowed': True, 'is_not_for_kid': True, 'is_paid_promotion': False, 'is_publish_to_subscriptions_feed_notify': True, 'is_show_howmany_likes': True, 'license_type': 0, 'release_date': '', 'release_date_hour': '10:15', 'shorts_remixing_type': 0, 'subheading': '\u7a81\u7a81\u7a81\u7a81\u7a81\u7a81\u7a81\u7a81\u7a81\u7a81\u7a81\u7a81', 'subtitles': '', 'tags': '', 'thumbnail_bg_image_path': 'D:/Download/audio-visual/saas/tiktoka/tiktoka-studio-uploader-genius/assets/bgs/1920x1080\\bg2.jpg', 'thumbnail_local_path': ['D:/Download/audio-visual/saas/tiktoka/tiktoka-studio-uploader-genius/tests/videos/horizon\\OP.png'], 'video_description': '', 'video_filename': 'OP.mp4', 'video_film_date': '', 'video_film_location': '', 'video_language': '', 'video_local_path': 'D:/Download/audio-visual/saas/tiktoka/tiktoka-studio-uploader-genius/tests/videos/horizon\\OP.mp4', 'video_title': 'OP'} has got thumbnail setup:['D:/Download/audio-visual/saas/tiktoka/tiktoka-studio-uploader-genius/tests/videos/horizon\\OP.png']
2023-09-27 15:05:05,017 - INFO - validate bg folder passed
2023-09-27 15:05:05,055 - INFO - all fonts installed:['8514fix.fon', '8514fixe.fon', '8514fixg.fon', '8514fixr.fon', '8514fixt.fon', '8514oem.fon', '8514oeme.fon', '8514oemg.fon', '8514oemr.fon', '8514oemt.fon', '8514sys.fon', '8514syse.fon', '8514sysg.fon', '8514sysr.fon', '8514syst.fon', '85775.fon', '85855.fon', '85f1255.fon', '85f1256.fon', '85f1257.fon', '85f874.fon', '85s1255.fon', '85s1256.fon', '85s1257.fon', '85s874.fon', 'AGENCYB.TTF', 'AGENCYR.TTF', 'ALGER.TTF', 'ANTQUAB.TTF', 'ANTQUABI.TTF', 'ANTQUAI.TTF', 'app775.fon', 'app850.fon', 'app852.fon', 'app855.fon', 'app857.fon', 'app866.fon', 'app932.fon', 'app936.fon', 'app949.fon', 'app950.fon', 'arial.ttf', 'arialbd.ttf', 'arialbi.ttf', 'ariali.ttf', 'ARIALN.TTF', 'ARIALNB.TTF', 'ARIALNBI.TTF', 'ARIALNI.TTF', 'ariblk.ttf', 'ARLRDBD.TTF', 'AxureHandwriting-Bold.otf', 'AxureHandwriting-BoldItalic.otf', 'AxureHandwriting-Italic.otf', 'AxureHandwriting.otf', 'bahnschrift.ttf', 'BASKVILL.TTF', 'BAUHS93.TTF', 'BELL.TTF', 'BELLB.TTF', 'BELLI.TTF', 'BERNHC.TTF', 'BKANT.TTF', 'BOD_B.TTF', 'BOD_BI.TTF', 'BOD_BLAI.TTF', 'BOD_BLAR.TTF', 'BOD_CB.TTF', 'BOD_CBI.TTF', 'BOD_CI.TTF', 'BOD_CR.TTF', 'BOD_I.TTF', 'BOD_PSTC.TTF', 'BOD_R.TTF', 'BOOKOS.TTF', 'BOOKOSB.TTF', 'BOOKOSBI.TTF', 'BOOKOSI.TTF', 'BRADHITC.TTF', 'BRITANIC.TTF', 'BRLNSB.TTF', 'BRLNSDB.TTF', 'BRLNSR.TTF', 'BROADW.TTF', 'BRUSHSCI.TTF', 'BSSYM7.TTF', 'c8514fix.fon', 'c8514oem.fon', 'c8514sys.fon', 'calibri.ttf', 'calibrib.ttf', 'calibrii.ttf', 'calibril.ttf', 'calibrili.ttf', 'calibriz.ttf', 'CALIFB.TTF', 'CALIFI.TTF', 'CALIFR.TTF', 'CALIST.TTF', 'CALISTB.TTF', 'CALISTBI.TTF', 'CALISTI.TTF', 'cambria.ttc', 'cambriab.ttf', 'cambriai.ttf', 'cambriaz.ttf', 'Candara.ttf', 'Candarab.ttf', 'Candarai.ttf', 'Candaral.ttf', 'Candarali.ttf', 'Candaraz.ttf', 'CascadiaCode.ttf', 'CascadiaMono.ttf', 'CASTELAR.TTF', 'CENSCBK.TTF', 'CENTAUR.TTF', 'CENTURY.TTF', 'cga40737.fon', 'cga40850.fon', 'cga40852.fon', 'cga40857.fon', 'cga40866.fon', 'cga40869.fon', 'cga40woa.fon', 'cga80737.fon', 'cga80850.fon', 'cga80852.fon', 'cga80857.fon', 'cga80866.fon', 'cga80869.fon', 'cga80woa.fon', 'CHILLER.TTF', 'COLONNA.TTF', 'comic.ttf', 'comicbd.ttf', 'comici.ttf', 'comicz.ttf', 'consola.ttf', 'consolab.ttf', 'consolai.ttf', 'consolaz.ttf', 'constan.ttf', 'constanb.ttf', 'constani.ttf', 'constanz.ttf', 'COOPBL.TTF', 'COPRGTB.TTF', 'COPRGTL.TTF', 'corbel.ttf', 'corbelb.ttf', 'corbeli.ttf', 'corbell.ttf', 'corbelli.ttf', 'corbelz.ttf', 'coue1255.fon', 'coue1256.fon', 'coue1257.fon', 'couf1255.fon', 'couf1256.fon', 'couf1257.fon', 'cour.ttf', 'courbd.ttf', 'courbi.ttf', 'coure.fon', 'couree.fon', 'coureg.fon', 'courer.fon', 'couret.fon', 'courf.fon', 'courfe.fon', 'courfg.fon', 'courfr.fon', 'courft.fon', 'couri.ttf', 'CURLZ___.TTF', 'cvgafix.fon', 'cvgasys.fon', 'Deng.ttf', 'Dengb.ttf', 'Dengl.ttf', 'desktop.ini', 'dos737.fon', 'dos869.fon', 'dosapp.fon', 'DUBAI-BOLD.TTF', 'DUBAI-LIGHT.TTF', 'DUBAI-MEDIUM.TTF', 'DUBAI-REGULAR.TTF', 'ebrima.ttf', 'ebrimabd.ttf', 'ega40737.fon', 'ega40850.fon', 'ega40852.fon', 'ega40857.fon', 'ega40866.fon', 'ega40869.fon', 'ega40woa.fon', 'ega80737.fon', 'ega80850.fon', 'ega80852.fon', 'ega80857.fon', 'ega80866.fon', 'ega80869.fon', 'ega80woa.fon', 'ELEPHNT.TTF', 'ELEPHNTI.TTF', 'ENGR.TTF', 'ERASBD.TTF', 'ERASDEMI.TTF', 'ERASLGHT.TTF', 'ERASMD.TTF', 'FELIXTI.TTF', 'fms_metadata.xml', 'FORTE.TTF', 'FRABK.TTF', 'FRABKIT.TTF', 'FRADM.TTF', 'FRADMCN.TTF', 'FRADMIT.TTF', 'FRAHV.TTF', 'FRAHVIT.TTF', 'framd.ttf', 'FRAMDCN.TTF', 'framdit.ttf', 'FREESCPT.TTF', 'FRSCRIPT.TTF', 'FTLTLT.TTF', 'FZSTK.TTF', 'FZYTK.TTF', 'Gabriola.ttf', 'gadugi.ttf', 'gadugib.ttf', 'GARA.TTF', 'GARABD.TTF', 'GARAIT.TTF', 'georgia.ttf', 'georgiab.ttf', 'georgiai.ttf', 'georgiaz.ttf', 'GIGI.TTF', 'GILBI___.TTF', 'GILB____.TTF', 'GILC____.TTF', 'GILI____.TTF', 'GILLUBCD.TTF', 'GILSANUB.TTF', 'GIL_____.TTF', 'GLECB.TTF', 'GlobalMonospace.CompositeFont', 'GlobalSansSerif.CompositeFont', 'GlobalSerif.CompositeFont', 'GlobalUserInterface.CompositeFont', 'GLSNECB.TTF', 'GOTHIC.TTF', 'GOTHICB.TTF', 'GOTHICBI.TTF', 'GOTHICI.TTF', 'GOUDOS.TTF', 'GOUDOSB.TTF', 'GOUDOSI.TTF', 'GOUDYSTO.TTF', 'h8514fix.fon', 'h8514oem.fon', 'h8514sys.fon', 'HARLOWSI.TTF', 'HARNGTON.TTF', 'HATTEN.TTF', 'HGB1X_CNKI.ttf', 'HGB1_CNKI.ttf', 'HGB2X_CNKI.ttf', 'HGB2_CNKI.ttf', 'HGB3X_CNKI.ttf', 'HGB3_CNKI.ttf', 'HGB4X_CNKI.ttf', 'HGB4_CNKI.ttf', 'HGB5X_CNKI.ttf', 'HGB5_CNKI.ttf', 'HGB6X_CNKI.ttf', 'HGB6_CNKI.ttf', 'HGB7X_CNKI.ttf', 'HGB7_CNKI.ttf', 'HGB8X_CNKI.ttf', 'HGB8_CNKI.ttf', 'HGBD_CNKI.ttf', 'HGBKBX_CNKI.ttf', 'HGBKB_CNKI.ttf', 'HGBKHX_CNKI.ttf', 'HGBKH_CNKI.ttf', 'HGBS1_CNKI.TTF', 'HGBS2_CNKI.TTF', 'HGBS_CNKI.TTF', 'HGBTH_CNKI.TTF', 'HGBTS_CNKI.TTF', 'HGBX_CNKI.ttf', 'HGBZ_CNKI.ttf', 'HGCH_CNKI.TTF', 'HGCUH_CNKI.TTF', 'HGCY_CNKI.TTF', 'HGDBS_CNKI.TTF', 'HGDGY_CNKI.TTF', 'HGDH2_CNKI.TTF', 'HGDH_CNKI.TTF', 'HGDYS_CNKI.TTF', 'HGDY_CNKI.ttf', 'HGF1X_CNKI.ttf', 'HGF1_CNKI.ttf', 'HGF2X_CNKI.ttf', 'HGF2_CNKI.ttf', 'HGF3_CNKI.ttf', 'HGF4X_CNKI.ttf', 'HGF4_CNKI.ttf', 'HGF5X_CNKI.ttf', 'HGF5_CNKI.ttf', 'HGF6X_CNKI.ttf', 'HGF6_CNKI.ttf', 'HGF7X_CNKI.ttf', 'HGF7_CNKI.ttf', 'HGF8_CNKI.ttf', 'HGF9X_CNKI.ttf', 'HGF9_CNKI.ttf', 'HGFS1_CNKI.TTF', 'HGFS2_CNKI.TTF', 'HGFSH_CNKI.TTF', 'HGFS_CNKI.TTF', 'HGFX_CNKI.ttf', 'HGFZ_CNKI.ttf', 'HGGG_CNKI.TTF', 'HGH1X_CNKI.ttf', 'HGH1_CNKI.ttf', 'HGH2X_CNKI.ttf', 'HGH2_CNKI.ttf', 'HGH3X_CNKI.ttf', 'HGH3_CNKI.ttf', 'HGH4X_CNKI.ttf', 'HGH4_CNKI.ttf', 'HGH5X_CNKI.ttf', 'HGH5_CNKI.ttf', 'HGH6X_CNKI.ttf', 'HGH6_CNKI.ttf', 'HGH7X_CNKI.ttf', 'HGH7_CNKI.ttf', 'HGHB_CNKI.TTF', 'HGHD_CNKI.ttf', 'HGHP_CNKI.TTF', 'HGHT1_CNKI.ttf', 'HGHT2_CNKI.ttf', 'HGHUATI_CNKI.ttf', 'HGHX_CNKI.ttf', 'HGHZ_CNKI.ttf', 'HGH_CNKI.TTF', 'HGKT1_CNKI.TTF', 'HGKT2_CNKI.TTF', 'HGKT_CNKI.TTF', 'HGKY_CNKI.ttf', 'HGLB_CNKI.TTF', 'HGLS_CNKI.TTF', 'HGMH_CNKI.TTF', 'HGNBS_CNKI.ttf', 'HGOCR_CNKI.ttf', 'HGPH_CNKI.TTF', 'HGPTY_CNKI.TTF', 'HGSS1_CNKI.TTF', 'HGSS2_CNKI.TTF', 'HGSS_CNKI.TTF', 'HGSXT_CNKI.ttf', 'HGTT_CNKI.ttf', 'HGTX_CNKI.TTF', 'HGWT_CNKI.TTF', 'HGWYS_CNKI.TTF', 'HGX1X_CNKI.ttf', 'HGX1_CNKI.ttf', 'HGXBS_CNKI.TTF', 'HGXC_CNKI.TTF', 'HGXF1_CNKI.ttf', 'HGXFX_CNKI.ttf', 'HGXFZ_CNKI.ttf', 'HGXH1_CNKI.TTF', 'HGXH_CNKI.TTF', 'HGXK_CNKI.TTF', 'HGXL_CNKI.TTF', 'HGXS_CNKI.TTF', 'HGXT_CNKI.ttf', 'HGXY_CNKI.ttf', 'HGY1_CNKI.TTF', 'HGY2_CNKI.TTF', 'HGY3_CNKI.TTF', 'HGY4_CNKI.TTF', 'HGYB_CNKI.ttf', 'HGYT1_CNKI.ttf', 'HGYT2_CNKI.ttf', 'HGYT_CNKI.TTF', 'HGYX_CNKI.TTF', 'HGZCS_CNKI.TTF', 'HGZDX_CNKI.TTF', 'HGZK_CNKI.TTF', 'HGZYT_CNKI.TTF', 'HGZY_CNKI.TTF', 'himalaya.ttf', 'holomdl2.ttf', 'HTOWERT.TTF', 'HTOWERTI.TTF', 'hvgafix.fon', 'hvgasys.fon', 'impact.ttf', 'IMPRISHA.TTF', 'INFROMAN.TTF', 'Inkfree.ttf', 'iqiyi_logov7.ttf', 'ITCBLKAD.TTF', 'ITCEDSCR.TTF', 'ITCKRIST.TTF', 'j8514fix.fon', 'j8514oem.fon', 'j8514sys.fon', 'javatext.ttf', 'JOKERMAN.TTF', 'jsmalle.fon', 'jsmallf.fon', 'JUICE___.TTF', 'jvgafix.fon', 'jvgasys.fon', 'KUNSTLER.TTF', 'LATINWD.TTF', 'LBRITE.TTF', 'LBRITED.TTF', 'LBRITEDI.TTF', 'LBRITEI.TTF', 'LCALLIG.TTF', 'LeelaUIb.ttf', 'LeelawUI.ttf', 'LeelUIsl.ttf', 'LFAX.TTF', 'LFAXD.TTF', 'LFAXDI.TTF', 'LFAXI.TTF', 'LHANDW.TTF', 'LSANS.TTF', 'LSANSD.TTF', 'LSANSDI.TTF', 'LSANSI.TTF', 'LTYPE.TTF', 'LTYPEB.TTF', 'LTYPEBO.TTF', 'LTYPEO.TTF', 'lucon.ttf', 'l_10646.ttf', 'MAGNETOB.TTF', 'MAIAN.TTF', 'malgun.ttf', 'malgunbd.ttf', 'malgunsl.ttf', 'marlett.ttf', 'MATURASC.TTF', 'micross.ttf', 'mingliub.ttc', 'MISTRAL.TTF', 'mmrtext.ttf', 'mmrtextb.ttf', 'MOD20.TTF', 'modern.fon', 'monbaiti.ttf', 'msgothic.ttc', 'msjh.ttc', 'msjhbd.ttc', 'msjhl.ttc', 'msyh.ttc', 'msyhbd.ttc', 'msyhl.ttc', 'msyi.ttf', 'MTCORSVA.TTF', 'MTEXTRA.TTF', 'mvboli.ttf', 'NIAGENG.TTF', 'NIAGSOL.TTF', 'Nirmala.ttf', 'NirmalaB.ttf', 'NirmalaS.ttf', 'ntailu.ttf', 'ntailub.ttf', 'NumberOnly.ttf', 'OCRAEXT.TTF', 'OLDENGL.TTF', 'ONYX.TTF', 'OUTLOOK.TTF', 'pala.ttf', 'palab.ttf', 'palabi.ttf', 'palai.ttf', 'PALSCRI.TTF', 'PAPYRUS.TTF', 'PARCHM.TTF', 'PERBI___.TTF', 'PERB____.TTF', 'PERI____.TTF', 'PERTIBD.TTF', 'PERTILI.TTF', 'PER_____.TTF', 'phagspa.ttf', 'phagspab.ttf', 'PLAYBILL.TTF', 'POORICH.TTF', 'PRISTINA.TTF', 'RAGE.TTF', 'RAVIE.TTF', 'REFSAN.TTF', 'REFSPCL.TTF', 'ROCCB___.TTF', 'ROCC____.TTF', 'ROCK.TTF', 'ROCKB.TTF', 'ROCKBI.TTF', 'ROCKEB.TTF', 'ROCKI.TTF', 'roman.fon', 's8514fix.fon', 's8514oem.fon', 's8514sys.fon', 'SCHLBKB.TTF', 'SCHLBKBI.TTF', 'SCHLBKI.TTF', 'script.fon', 'SCRIPTBL.TTF', 'segmdl2.ttf', 'SegoeIcons.ttf', 'segoepr.ttf', 'segoeprb.ttf', 'segoesc.ttf', 'segoescb.ttf', 'segoeui.ttf', 'segoeuib.ttf', 'segoeuii.ttf', 'segoeuil.ttf', 'segoeuisl.ttf', 'segoeuiz.ttf', 'seguibl.ttf', 'seguibli.ttf', 'seguiemj.ttf', 'seguihis.ttf', 'seguili.ttf', 'seguisb.ttf', 'seguisbi.ttf', 'seguisli.ttf', 'seguisym.ttf', 'SegUIVar.ttf', 'sere1255.fon', 'sere1256.fon', 'sere1257.fon', 'serf1255.fon', 'serf1256.fon', 'serf1257.fon', 'serife.fon', 'serifee.fon', 'serifeg.fon', 'serifer.fon', 'serifet.fon', 'seriff.fon', 'seriffe.fon', 'seriffg.fon', 'seriffr.fon', 'serifft.fon', 'SHOWG.TTF', 'simfang.ttf', 'simhei.ttf', 'simkai.ttf', 'SIMLI.TTF', 'simsun.ttc', 'simsunb.ttf', 'SIMYOU.TTF', 'SitkaVF-Italic.ttf', 'SitkaVF.ttf', 'smae1255.fon', 'smae1256.fon', 'smae1257.fon', 'smaf1255.fon', 'smaf1256.fon', 'smaf1257.fon', 'smalle.fon', 'smallee.fon', 'smalleg.fon', 'smaller.fon', 'smallet.fon', 'smallf.fon', 'smallfe.fon', 'smallfg.fon', 'smallfr.fon', 'smallft.fon', 'SNAP____.TTF', 'ssee1255.fon', 'ssee1256.fon', 'ssee1257.fon', 'ssee874.fon', 'ssef1255.fon', 'ssef1256.fon', 'ssef1257.fon', 'ssef874.fon', 'sserife.fon', 'sserifee.fon', 'sserifeg.fon', 'sserifer.fon', 'sserifet.fon', 'sseriff.fon', 'sseriffe.fon', 'sseriffg.fon', 'sseriffr.fon', 'sserifft.fon', 'StaticCache.dat', 'STCAIYUN.TTF', 'STENCIL.TTF', 'STFANGSO.TTF', 'STHUPO.TTF', 'STKAITI.TTF', 'STLITI.TTF', 'STSONG.TTF', 'STXIHEI.TTF', 'STXINGKA.TTF', 'STXINWEI.TTF', 'STZHONGS.TTF', 'svgafix.fon', 'svgasys.fon', 'sylfaen.ttf', 'symbol.ttf', 'tahoma.ttf', 'tahomabd.ttf', 'taile.ttf', 'taileb.ttf', 'TCBI____.TTF', 'TCB_____.TTF', 'TCCB____.TTF', 'TCCEB.TTF', 'TCCM____.TTF', 'TCMI____.TTF', 'TCM_____.TTF', 'TEMPSITC.TTF', 'times.ttf', 'timesbd.ttf', 'timesbi.ttf', 'timesi.ttf', 'trebuc.ttf', 'trebucbd.ttf', 'trebucbi.ttf', 'trebucit.ttf', 'verdana.ttf', 'verdanab.ttf', 'verdanai.ttf', 'verdanaz.ttf', 'vga737.fon', 'vga775.fon', 'vga850.fon', 'vga852.fon', 'vga855.fon', 'vga857.fon', 'vga860.fon', 'vga861.fon', 'vga863.fon', 'vga865.fon', 'vga866.fon', 'vga869.fon', 'vga932.fon', 'vga936.fon', 'vga949.fon', 'vga950.fon', 'vgaf1255.fon', 'vgaf1256.fon', 'vgaf1257.fon', 'vgaf874.fon', 'vgafix.fon', 'vgafixe.fon', 'vgafixg.fon', 'vgafixr.fon', 'vgafixt.fon', 'vgaoem.fon', 'vgas1255.fon', 'vgas1256.fon', 'vgas1257.fon', 'vgas874.fon', 'vgasys.fon', 'vgasyse.fon', 'vgasysg.fon', 'vgasysr.fon', 'vgasyst.fon', 'VINERITC.TTF', 'VIVALDII.TTF', 'VLADIMIR.TTF', 'webdings.ttf', 'wingding.ttf', 'WINGDNG2.TTF', 'WINGDNG3.TTF', 'YuGothB.ttc', 'YuGothL.ttc', 'YuGothM.ttc', 'YuGothR.ttc', '\u534e\u5eb7\u65b9\u5706\u4f53W7.TTC', '\u65b9\u6b63\u7c97\u9ed1\u5b8b\u7b80\u4f53.ttf']
2023-09-27 15:05:05,060 - INFO - all fonts installed:['8514fix.fon', '8514fixe.fon', '8514fixg.fon', '8514fixr.fon', '8514fixt.fon', '8514oem.fon', '8514oeme.fon', '8514oemg.fon', '8514oemr.fon', '8514oemt.fon', '8514sys.fon', '8514syse.fon', '8514sysg.fon', '8514sysr.fon', '8514syst.fon', '85775.fon', '85855.fon', '85f1255.fon', '85f1256.fon', '85f1257.fon', '85f874.fon', '85s1255.fon', '85s1256.fon', '85s1257.fon', '85s874.fon', 'AGENCYB.TTF', 'AGENCYR.TTF', 'ALGER.TTF', 'ANTQUAB.TTF', 'ANTQUABI.TTF', 'ANTQUAI.TTF', 'app775.fon', 'app850.fon', 'app852.fon', 'app855.fon', 'app857.fon', 'app866.fon', 'app932.fon', 'app936.fon', 'app949.fon', 'app950.fon', 'arial.ttf', 'arialbd.ttf', 'arialbi.ttf', 'ariali.ttf', 'ARIALN.TTF', 'ARIALNB.TTF', 'ARIALNBI.TTF', 'ARIALNI.TTF', 'ariblk.ttf', 'ARLRDBD.TTF', 'AxureHandwriting-Bold.otf', 'AxureHandwriting-BoldItalic.otf', 'AxureHandwriting-Italic.otf', 'AxureHandwriting.otf', 'bahnschrift.ttf', 'BASKVILL.TTF', 'BAUHS93.TTF', 'BELL.TTF', 'BELLB.TTF', 'BELLI.TTF', 'BERNHC.TTF', 'BKANT.TTF', 'BOD_B.TTF', 'BOD_BI.TTF', 'BOD_BLAI.TTF', 'BOD_BLAR.TTF', 'BOD_CB.TTF', 'BOD_CBI.TTF', 'BOD_CI.TTF', 'BOD_CR.TTF', 'BOD_I.TTF', 'BOD_PSTC.TTF', 'BOD_R.TTF', 'BOOKOS.TTF', 'BOOKOSB.TTF', 'BOOKOSBI.TTF', 'BOOKOSI.TTF', 'BRADHITC.TTF', 'BRITANIC.TTF', 'BRLNSB.TTF', 'BRLNSDB.TTF', 'BRLNSR.TTF', 'BROADW.TTF', 'BRUSHSCI.TTF', 'BSSYM7.TTF', 'c8514fix.fon', 'c8514oem.fon', 'c8514sys.fon', 'calibri.ttf', 'calibrib.ttf', 'calibrii.ttf', 'calibril.ttf', 'calibrili.ttf', 'calibriz.ttf', 'CALIFB.TTF', 'CALIFI.TTF', 'CALIFR.TTF', 'CALIST.TTF', 'CALISTB.TTF', 'CALISTBI.TTF', 'CALISTI.TTF', 'cambria.ttc', 'cambriab.ttf', 'cambriai.ttf', 'cambriaz.ttf', 'Candara.ttf', 'Candarab.ttf', 'Candarai.ttf', 'Candaral.ttf', 'Candarali.ttf', 'Candaraz.ttf', 'CascadiaCode.ttf', 'CascadiaMono.ttf', 'CASTELAR.TTF', 'CENSCBK.TTF', 'CENTAUR.TTF', 'CENTURY.TTF', 'cga40737.fon', 'cga40850.fon', 'cga40852.fon', 'cga40857.fon', 'cga40866.fon', 'cga40869.fon', 'cga40woa.fon', 'cga80737.fon', 'cga80850.fon', 'cga80852.fon', 'cga80857.fon', 'cga80866.fon', 'cga80869.fon', 'cga80woa.fon', 'CHILLER.TTF', 'COLONNA.TTF', 'comic.ttf', 'comicbd.ttf', 'comici.ttf', 'comicz.ttf', 'consola.ttf', 'consolab.ttf', 'consolai.ttf', 'consolaz.ttf', 'constan.ttf', 'constanb.ttf', 'constani.ttf', 'constanz.ttf', 'COOPBL.TTF', 'COPRGTB.TTF', 'COPRGTL.TTF', 'corbel.ttf', 'corbelb.ttf', 'corbeli.ttf', 'corbell.ttf', 'corbelli.ttf', 'corbelz.ttf', 'coue1255.fon', 'coue1256.fon', 'coue1257.fon', 'couf1255.fon', 'couf1256.fon', 'couf1257.fon', 'cour.ttf', 'courbd.ttf', 'courbi.ttf', 'coure.fon', 'couree.fon', 'coureg.fon', 'courer.fon', 'couret.fon', 'courf.fon', 'courfe.fon', 'courfg.fon', 'courfr.fon', 'courft.fon', 'couri.ttf', 'CURLZ___.TTF', 'cvgafix.fon', 'cvgasys.fon', 'Deng.ttf', 'Dengb.ttf', 'Dengl.ttf', 'desktop.ini', 'dos737.fon', 'dos869.fon', 'dosapp.fon', 'DUBAI-BOLD.TTF', 'DUBAI-LIGHT.TTF', 'DUBAI-MEDIUM.TTF', 'DUBAI-REGULAR.TTF', 'ebrima.ttf', 'ebrimabd.ttf', 'ega40737.fon', 'ega40850.fon', 'ega40852.fon', 'ega40857.fon', 'ega40866.fon', 'ega40869.fon', 'ega40woa.fon', 'ega80737.fon', 'ega80850.fon', 'ega80852.fon', 'ega80857.fon', 'ega80866.fon', 'ega80869.fon', 'ega80woa.fon', 'ELEPHNT.TTF', 'ELEPHNTI.TTF', 'ENGR.TTF', 'ERASBD.TTF', 'ERASDEMI.TTF', 'ERASLGHT.TTF', 'ERASMD.TTF', 'FELIXTI.TTF', 'fms_metadata.xml', 'FORTE.TTF', 'FRABK.TTF', 'FRABKIT.TTF', 'FRADM.TTF', 'FRADMCN.TTF', 'FRADMIT.TTF', 'FRAHV.TTF', 'FRAHVIT.TTF', 'framd.ttf', 'FRAMDCN.TTF', 'framdit.ttf', 'FREESCPT.TTF', 'FRSCRIPT.TTF', 'FTLTLT.TTF', 'FZSTK.TTF', 'FZYTK.TTF', 'Gabriola.ttf', 'gadugi.ttf', 'gadugib.ttf', 'GARA.TTF', 'GARABD.TTF', 'GARAIT.TTF', 'georgia.ttf', 'georgiab.ttf', 'georgiai.ttf', 'georgiaz.ttf', 'GIGI.TTF', 'GILBI___.TTF', 'GILB____.TTF', 'GILC____.TTF', 'GILI____.TTF', 'GILLUBCD.TTF', 'GILSANUB.TTF', 'GIL_____.TTF', 'GLECB.TTF', 'GlobalMonospace.CompositeFont', 'GlobalSansSerif.CompositeFont', 'GlobalSerif.CompositeFont', 'GlobalUserInterface.CompositeFont', 'GLSNECB.TTF', 'GOTHIC.TTF', 'GOTHICB.TTF', 'GOTHICBI.TTF', 'GOTHICI.TTF', 'GOUDOS.TTF', 'GOUDOSB.TTF', 'GOUDOSI.TTF', 'GOUDYSTO.TTF', 'h8514fix.fon', 'h8514oem.fon', 'h8514sys.fon', 'HARLOWSI.TTF', 'HARNGTON.TTF', 'HATTEN.TTF', 'HGB1X_CNKI.ttf', 'HGB1_CNKI.ttf', 'HGB2X_CNKI.ttf', 'HGB2_CNKI.ttf', 'HGB3X_CNKI.ttf', 'HGB3_CNKI.ttf', 'HGB4X_CNKI.ttf', 'HGB4_CNKI.ttf', 'HGB5X_CNKI.ttf', 'HGB5_CNKI.ttf', 'HGB6X_CNKI.ttf', 'HGB6_CNKI.ttf', 'HGB7X_CNKI.ttf', 'HGB7_CNKI.ttf', 'HGB8X_CNKI.ttf', 'HGB8_CNKI.ttf', 'HGBD_CNKI.ttf', 'HGBKBX_CNKI.ttf', 'HGBKB_CNKI.ttf', 'HGBKHX_CNKI.ttf', 'HGBKH_CNKI.ttf', 'HGBS1_CNKI.TTF', 'HGBS2_CNKI.TTF', 'HGBS_CNKI.TTF', 'HGBTH_CNKI.TTF', 'HGBTS_CNKI.TTF', 'HGBX_CNKI.ttf', 'HGBZ_CNKI.ttf', 'HGCH_CNKI.TTF', 'HGCUH_CNKI.TTF', 'HGCY_CNKI.TTF', 'HGDBS_CNKI.TTF', 'HGDGY_CNKI.TTF', 'HGDH2_CNKI.TTF', 'HGDH_CNKI.TTF', 'HGDYS_CNKI.TTF', 'HGDY_CNKI.ttf', 'HGF1X_CNKI.ttf', 'HGF1_CNKI.ttf', 'HGF2X_CNKI.ttf', 'HGF2_CNKI.ttf', 'HGF3_CNKI.ttf', 'HGF4X_CNKI.ttf', 'HGF4_CNKI.ttf', 'HGF5X_CNKI.ttf', 'HGF5_CNKI.ttf', 'HGF6X_CNKI.ttf', 'HGF6_CNKI.ttf', 'HGF7X_CNKI.ttf', 'HGF7_CNKI.ttf', 'HGF8_CNKI.ttf', 'HGF9X_CNKI.ttf', 'HGF9_CNKI.ttf', 'HGFS1_CNKI.TTF', 'HGFS2_CNKI.TTF', 'HGFSH_CNKI.TTF', 'HGFS_CNKI.TTF', 'HGFX_CNKI.ttf', 'HGFZ_CNKI.ttf', 'HGGG_CNKI.TTF', 'HGH1X_CNKI.ttf', 'HGH1_CNKI.ttf', 'HGH2X_CNKI.ttf', 'HGH2_CNKI.ttf', 'HGH3X_CNKI.ttf', 'HGH3_CNKI.ttf', 'HGH4X_CNKI.ttf', 'HGH4_CNKI.ttf', 'HGH5X_CNKI.ttf', 'HGH5_CNKI.ttf', 'HGH6X_CNKI.ttf', 'HGH6_CNKI.ttf', 'HGH7X_CNKI.ttf', 'HGH7_CNKI.ttf', 'HGHB_CNKI.TTF', 'HGHD_CNKI.ttf', 'HGHP_CNKI.TTF', 'HGHT1_CNKI.ttf', 'HGHT2_CNKI.ttf', 'HGHUATI_CNKI.ttf', 'HGHX_CNKI.ttf', 'HGHZ_CNKI.ttf', 'HGH_CNKI.TTF', 'HGKT1_CNKI.TTF', 'HGKT2_CNKI.TTF', 'HGKT_CNKI.TTF', 'HGKY_CNKI.ttf', 'HGLB_CNKI.TTF', 'HGLS_CNKI.TTF', 'HGMH_CNKI.TTF', 'HGNBS_CNKI.ttf', 'HGOCR_CNKI.ttf', 'HGPH_CNKI.TTF', 'HGPTY_CNKI.TTF', 'HGSS1_CNKI.TTF', 'HGSS2_CNKI.TTF', 'HGSS_CNKI.TTF', 'HGSXT_CNKI.ttf', 'HGTT_CNKI.ttf', 'HGTX_CNKI.TTF', 'HGWT_CNKI.TTF', 'HGWYS_CNKI.TTF', 'HGX1X_CNKI.ttf', 'HGX1_CNKI.ttf', 'HGXBS_CNKI.TTF', 'HGXC_CNKI.TTF', 'HGXF1_CNKI.ttf', 'HGXFX_CNKI.ttf', 'HGXFZ_CNKI.ttf', 'HGXH1_CNKI.TTF', 'HGXH_CNKI.TTF', 'HGXK_CNKI.TTF', 'HGXL_CNKI.TTF', 'HGXS_CNKI.TTF', 'HGXT_CNKI.ttf', 'HGXY_CNKI.ttf', 'HGY1_CNKI.TTF', 'HGY2_CNKI.TTF', 'HGY3_CNKI.TTF', 'HGY4_CNKI.TTF', 'HGYB_CNKI.ttf', 'HGYT1_CNKI.ttf', 'HGYT2_CNKI.ttf', 'HGYT_CNKI.TTF', 'HGYX_CNKI.TTF', 'HGZCS_CNKI.TTF', 'HGZDX_CNKI.TTF', 'HGZK_CNKI.TTF', 'HGZYT_CNKI.TTF', 'HGZY_CNKI.TTF', 'himalaya.ttf', 'holomdl2.ttf', 'HTOWERT.TTF', 'HTOWERTI.TTF', 'hvgafix.fon', 'hvgasys.fon', 'impact.ttf', 'IMPRISHA.TTF', 'INFROMAN.TTF', 'Inkfree.ttf', 'iqiyi_logov7.ttf', 'ITCBLKAD.TTF', 'ITCEDSCR.TTF', 'ITCKRIST.TTF', 'j8514fix.fon', 'j8514oem.fon', 'j8514sys.fon', 'javatext.ttf', 'JOKERMAN.TTF', 'jsmalle.fon', 'jsmallf.fon', 'JUICE___.TTF', 'jvgafix.fon', 'jvgasys.fon', 'KUNSTLER.TTF', 'LATINWD.TTF', 'LBRITE.TTF', 'LBRITED.TTF', 'LBRITEDI.TTF', 'LBRITEI.TTF', 'LCALLIG.TTF', 'LeelaUIb.ttf', 'LeelawUI.ttf', 'LeelUIsl.ttf', 'LFAX.TTF', 'LFAXD.TTF', 'LFAXDI.TTF', 'LFAXI.TTF', 'LHANDW.TTF', 'LSANS.TTF', 'LSANSD.TTF', 'LSANSDI.TTF', 'LSANSI.TTF', 'LTYPE.TTF', 'LTYPEB.TTF', 'LTYPEBO.TTF', 'LTYPEO.TTF', 'lucon.ttf', 'l_10646.ttf', 'MAGNETOB.TTF', 'MAIAN.TTF', 'malgun.ttf', 'malgunbd.ttf', 'malgunsl.ttf', 'marlett.ttf', 'MATURASC.TTF', 'micross.ttf', 'mingliub.ttc', 'MISTRAL.TTF', 'mmrtext.ttf', 'mmrtextb.ttf', 'MOD20.TTF', 'modern.fon', 'monbaiti.ttf', 'msgothic.ttc', 'msjh.ttc', 'msjhbd.ttc', 'msjhl.ttc', 'msyh.ttc', 'msyhbd.ttc', 'msyhl.ttc', 'msyi.ttf', 'MTCORSVA.TTF', 'MTEXTRA.TTF', 'mvboli.ttf', 'NIAGENG.TTF', 'NIAGSOL.TTF', 'Nirmala.ttf', 'NirmalaB.ttf', 'NirmalaS.ttf', 'ntailu.ttf', 'ntailub.ttf', 'NumberOnly.ttf', 'OCRAEXT.TTF', 'OLDENGL.TTF', 'ONYX.TTF', 'OUTLOOK.TTF', 'pala.ttf', 'palab.ttf', 'palabi.ttf', 'palai.ttf', 'PALSCRI.TTF', 'PAPYRUS.TTF', 'PARCHM.TTF', 'PERBI___.TTF', 'PERB____.TTF', 'PERI____.TTF', 'PERTIBD.TTF', 'PERTILI.TTF', 'PER_____.TTF', 'phagspa.ttf', 'phagspab.ttf', 'PLAYBILL.TTF', 'POORICH.TTF', 'PRISTINA.TTF', 'RAGE.TTF', 'RAVIE.TTF', 'REFSAN.TTF', 'REFSPCL.TTF', 'ROCCB___.TTF', 'ROCC____.TTF', 'ROCK.TTF', 'ROCKB.TTF', 'ROCKBI.TTF', 'ROCKEB.TTF', 'ROCKI.TTF', 'roman.fon', 's8514fix.fon', 's8514oem.fon', 's8514sys.fon', 'SCHLBKB.TTF', 'SCHLBKBI.TTF', 'SCHLBKI.TTF', 'script.fon', 'SCRIPTBL.TTF', 'segmdl2.ttf', 'SegoeIcons.ttf', 'segoepr.ttf', 'segoeprb.ttf', 'segoesc.ttf', 'segoescb.ttf', 'segoeui.ttf', 'segoeuib.ttf', 'segoeuii.ttf', 'segoeuil.ttf', 'segoeuisl.ttf', 'segoeuiz.ttf', 'seguibl.ttf', 'seguibli.ttf', 'seguiemj.ttf', 'seguihis.ttf', 'seguili.ttf', 'seguisb.ttf', 'seguisbi.ttf', 'seguisli.ttf', 'seguisym.ttf', 'SegUIVar.ttf', 'sere1255.fon', 'sere1256.fon', 'sere1257.fon', 'serf1255.fon', 'serf1256.fon', 'serf1257.fon', 'serife.fon', 'serifee.fon', 'serifeg.fon', 'serifer.fon', 'serifet.fon', 'seriff.fon', 'seriffe.fon', 'seriffg.fon', 'seriffr.fon', 'serifft.fon', 'SHOWG.TTF', 'simfang.ttf', 'simhei.ttf', 'simkai.ttf', 'SIMLI.TTF', 'simsun.ttc', 'simsunb.ttf', 'SIMYOU.TTF', 'SitkaVF-Italic.ttf', 'SitkaVF.ttf', 'smae1255.fon', 'smae1256.fon', 'smae1257.fon', 'smaf1255.fon', 'smaf1256.fon', 'smaf1257.fon', 'smalle.fon', 'smallee.fon', 'smalleg.fon', 'smaller.fon', 'smallet.fon', 'smallf.fon', 'smallfe.fon', 'smallfg.fon', 'smallfr.fon', 'smallft.fon', 'SNAP____.TTF', 'ssee1255.fon', 'ssee1256.fon', 'ssee1257.fon', 'ssee874.fon', 'ssef1255.fon', 'ssef1256.fon', 'ssef1257.fon', 'ssef874.fon', 'sserife.fon', 'sserifee.fon', 'sserifeg.fon', 'sserifer.fon', 'sserifet.fon', 'sseriff.fon', 'sseriffe.fon', 'sseriffg.fon', 'sseriffr.fon', 'sserifft.fon', 'StaticCache.dat', 'STCAIYUN.TTF', 'STENCIL.TTF', 'STFANGSO.TTF', 'STHUPO.TTF', 'STKAITI.TTF', 'STLITI.TTF', 'STSONG.TTF', 'STXIHEI.TTF', 'STXINGKA.TTF', 'STXINWEI.TTF', 'STZHONGS.TTF', 'svgafix.fon', 'svgasys.fon', 'sylfaen.ttf', 'symbol.ttf', 'tahoma.ttf', 'tahomabd.ttf', 'taile.ttf', 'taileb.ttf', 'TCBI____.TTF', 'TCB_____.TTF', 'TCCB____.TTF', 'TCCEB.TTF', 'TCCM____.TTF', 'TCMI____.TTF', 'TCM_____.TTF', 'TEMPSITC.TTF', 'times.ttf', 'timesbd.ttf', 'timesbi.ttf', 'timesi.ttf', 'trebuc.ttf', 'trebucbd.ttf', 'trebucbi.ttf', 'trebucit.ttf', 'verdana.ttf', 'verdanab.ttf', 'verdanai.ttf', 'verdanaz.ttf', 'vga737.fon', 'vga775.fon', 'vga850.fon', 'vga852.fon', 'vga855.fon', 'vga857.fon', 'vga860.fon', 'vga861.fon', 'vga863.fon', 'vga865.fon', 'vga866.fon', 'vga869.fon', 'vga932.fon', 'vga936.fon', 'vga949.fon', 'vga950.fon', 'vgaf1255.fon', 'vgaf1256.fon', 'vgaf1257.fon', 'vgaf874.fon', 'vgafix.fon', 'vgafixe.fon', 'vgafixg.fon', 'vgafixr.fon', 'vgafixt.fon', 'vgaoem.fon', 'vgas1255.fon', 'vgas1256.fon', 'vgas1257.fon', 'vgas874.fon', 'vgasys.fon', 'vgasyse.fon', 'vgasysg.fon', 'vgasysr.fon', 'vgasyst.fon', 'VINERITC.TTF', 'VIVALDII.TTF', 'VLADIMIR.TTF', 'webdings.ttf', 'wingding.ttf', 'WINGDNG2.TTF', 'WINGDNG3.TTF', 'YuGothB.ttc', 'YuGothL.ttc', 'YuGothM.ttc', 'YuGothR.ttc', '\u534e\u5eb7\u65b9\u5706\u4f53W7.TTC', '\u65b9\u6b63\u7c97\u9ed1\u5b8b\u7b80\u4f53.ttf']
2023-09-27 15:05:05,064 - INFO - all fonts installed:['8514fix.fon', '8514fixe.fon', '8514fixg.fon', '8514fixr.fon', '8514fixt.fon', '8514oem.fon', '8514oeme.fon', '8514oemg.fon', '8514oemr.fon', '8514oemt.fon', '8514sys.fon', '8514syse.fon', '8514sysg.fon', '8514sysr.fon', '8514syst.fon', '85775.fon', '85855.fon', '85f1255.fon', '85f1256.fon', '85f1257.fon', '85f874.fon', '85s1255.fon', '85s1256.fon', '85s1257.fon', '85s874.fon', 'AGENCYB.TTF', 'AGENCYR.TTF', 'ALGER.TTF', 'ANTQUAB.TTF', 'ANTQUABI.TTF', 'ANTQUAI.TTF', 'app775.fon', 'app850.fon', 'app852.fon', 'app855.fon', 'app857.fon', 'app866.fon', 'app932.fon', 'app936.fon', 'app949.fon', 'app950.fon', 'arial.ttf', 'arialbd.ttf', 'arialbi.ttf', 'ariali.ttf', 'ARIALN.TTF', 'ARIALNB.TTF', 'ARIALNBI.TTF', 'ARIALNI.TTF', 'ariblk.ttf', 'ARLRDBD.TTF', 'AxureHandwriting-Bold.otf', 'AxureHandwriting-BoldItalic.otf', 'AxureHandwriting-Italic.otf', 'AxureHandwriting.otf', 'bahnschrift.ttf', 'BASKVILL.TTF', 'BAUHS93.TTF', 'BELL.TTF', 'BELLB.TTF', 'BELLI.TTF', 'BERNHC.TTF', 'BKANT.TTF', 'BOD_B.TTF', 'BOD_BI.TTF', 'BOD_BLAI.TTF', 'BOD_BLAR.TTF', 'BOD_CB.TTF', 'BOD_CBI.TTF', 'BOD_CI.TTF', 'BOD_CR.TTF', 'BOD_I.TTF', 'BOD_PSTC.TTF', 'BOD_R.TTF', 'BOOKOS.TTF', 'BOOKOSB.TTF', 'BOOKOSBI.TTF', 'BOOKOSI.TTF', 'BRADHITC.TTF', 'BRITANIC.TTF', 'BRLNSB.TTF', 'BRLNSDB.TTF', 'BRLNSR.TTF', 'BROADW.TTF', 'BRUSHSCI.TTF', 'BSSYM7.TTF', 'c8514fix.fon', 'c8514oem.fon', 'c8514sys.fon', 'calibri.ttf', 'calibrib.ttf', 'calibrii.ttf', 'calibril.ttf', 'calibrili.ttf', 'calibriz.ttf', 'CALIFB.TTF', 'CALIFI.TTF', 'CALIFR.TTF', 'CALIST.TTF', 'CALISTB.TTF', 'CALISTBI.TTF', 'CALISTI.TTF', 'cambria.ttc', 'cambriab.ttf', 'cambriai.ttf', 'cambriaz.ttf', 'Candara.ttf', 'Candarab.ttf', 'Candarai.ttf', 'Candaral.ttf', 'Candarali.ttf', 'Candaraz.ttf', 'CascadiaCode.ttf', 'CascadiaMono.ttf', 'CASTELAR.TTF', 'CENSCBK.TTF', 'CENTAUR.TTF', 'CENTURY.TTF', 'cga40737.fon', 'cga40850.fon', 'cga40852.fon', 'cga40857.fon', 'cga40866.fon', 'cga40869.fon', 'cga40woa.fon', 'cga80737.fon', 'cga80850.fon', 'cga80852.fon', 'cga80857.fon', 'cga80866.fon', 'cga80869.fon', 'cga80woa.fon', 'CHILLER.TTF', 'COLONNA.TTF', 'comic.ttf', 'comicbd.ttf', 'comici.ttf', 'comicz.ttf', 'consola.ttf', 'consolab.ttf', 'consolai.ttf', 'consolaz.ttf', 'constan.ttf', 'constanb.ttf', 'constani.ttf', 'constanz.ttf', 'COOPBL.TTF', 'COPRGTB.TTF', 'COPRGTL.TTF', 'corbel.ttf', 'corbelb.ttf', 'corbeli.ttf', 'corbell.ttf', 'corbelli.ttf', 'corbelz.ttf', 'coue1255.fon', 'coue1256.fon', 'coue1257.fon', 'couf1255.fon', 'couf1256.fon', 'couf1257.fon', 'cour.ttf', 'courbd.ttf', 'courbi.ttf', 'coure.fon', 'couree.fon', 'coureg.fon', 'courer.fon', 'couret.fon', 'courf.fon', 'courfe.fon', 'courfg.fon', 'courfr.fon', 'courft.fon', 'couri.ttf', 'CURLZ___.TTF', 'cvgafix.fon', 'cvgasys.fon', 'Deng.ttf', 'Dengb.ttf', 'Dengl.ttf', 'desktop.ini', 'dos737.fon', 'dos869.fon', 'dosapp.fon', 'DUBAI-BOLD.TTF', 'DUBAI-LIGHT.TTF', 'DUBAI-MEDIUM.TTF', 'DUBAI-REGULAR.TTF', 'ebrima.ttf', 'ebrimabd.ttf', 'ega40737.fon', 'ega40850.fon', 'ega40852.fon', 'ega40857.fon', 'ega40866.fon', 'ega40869.fon', 'ega40woa.fon', 'ega80737.fon', 'ega80850.fon', 'ega80852.fon', 'ega80857.fon', 'ega80866.fon', 'ega80869.fon', 'ega80woa.fon', 'ELEPHNT.TTF', 'ELEPHNTI.TTF', 'ENGR.TTF', 'ERASBD.TTF', 'ERASDEMI.TTF', 'ERASLGHT.TTF', 'ERASMD.TTF', 'FELIXTI.TTF', 'fms_metadata.xml', 'FORTE.TTF', 'FRABK.TTF', 'FRABKIT.TTF', 'FRADM.TTF', 'FRADMCN.TTF', 'FRADMIT.TTF', 'FRAHV.TTF', 'FRAHVIT.TTF', 'framd.ttf', 'FRAMDCN.TTF', 'framdit.ttf', 'FREESCPT.TTF', 'FRSCRIPT.TTF', 'FTLTLT.TTF', 'FZSTK.TTF', 'FZYTK.TTF', 'Gabriola.ttf', 'gadugi.ttf', 'gadugib.ttf', 'GARA.TTF', 'GARABD.TTF', 'GARAIT.TTF', 'georgia.ttf', 'georgiab.ttf', 'georgiai.ttf', 'georgiaz.ttf', 'GIGI.TTF', 'GILBI___.TTF', 'GILB____.TTF', 'GILC____.TTF', 'GILI____.TTF', 'GILLUBCD.TTF', 'GILSANUB.TTF', 'GIL_____.TTF', 'GLECB.TTF', 'GlobalMonospace.CompositeFont', 'GlobalSansSerif.CompositeFont', 'GlobalSerif.CompositeFont', 'GlobalUserInterface.CompositeFont', 'GLSNECB.TTF', 'GOTHIC.TTF', 'GOTHICB.TTF', 'GOTHICBI.TTF', 'GOTHICI.TTF', 'GOUDOS.TTF', 'GOUDOSB.TTF', 'GOUDOSI.TTF', 'GOUDYSTO.TTF', 'h8514fix.fon', 'h8514oem.fon', 'h8514sys.fon', 'HARLOWSI.TTF', 'HARNGTON.TTF', 'HATTEN.TTF', 'HGB1X_CNKI.ttf', 'HGB1_CNKI.ttf', 'HGB2X_CNKI.ttf', 'HGB2_CNKI.ttf', 'HGB3X_CNKI.ttf', 'HGB3_CNKI.ttf', 'HGB4X_CNKI.ttf', 'HGB4_CNKI.ttf', 'HGB5X_CNKI.ttf', 'HGB5_CNKI.ttf', 'HGB6X_CNKI.ttf', 'HGB6_CNKI.ttf', 'HGB7X_CNKI.ttf', 'HGB7_CNKI.ttf', 'HGB8X_CNKI.ttf', 'HGB8_CNKI.ttf', 'HGBD_CNKI.ttf', 'HGBKBX_CNKI.ttf', 'HGBKB_CNKI.ttf', 'HGBKHX_CNKI.ttf', 'HGBKH_CNKI.ttf', 'HGBS1_CNKI.TTF', 'HGBS2_CNKI.TTF', 'HGBS_CNKI.TTF', 'HGBTH_CNKI.TTF', 'HGBTS_CNKI.TTF', 'HGBX_CNKI.ttf', 'HGBZ_CNKI.ttf', 'HGCH_CNKI.TTF', 'HGCUH_CNKI.TTF', 'HGCY_CNKI.TTF', 'HGDBS_CNKI.TTF', 'HGDGY_CNKI.TTF', 'HGDH2_CNKI.TTF', 'HGDH_CNKI.TTF', 'HGDYS_CNKI.TTF', 'HGDY_CNKI.ttf', 'HGF1X_CNKI.ttf', 'HGF1_CNKI.ttf', 'HGF2X_CNKI.ttf', 'HGF2_CNKI.ttf', 'HGF3_CNKI.ttf', 'HGF4X_CNKI.ttf', 'HGF4_CNKI.ttf', 'HGF5X_CNKI.ttf', 'HGF5_CNKI.ttf', 'HGF6X_CNKI.ttf', 'HGF6_CNKI.ttf', 'HGF7X_CNKI.ttf', 'HGF7_CNKI.ttf', 'HGF8_CNKI.ttf', 'HGF9X_CNKI.ttf', 'HGF9_CNKI.ttf', 'HGFS1_CNKI.TTF', 'HGFS2_CNKI.TTF', 'HGFSH_CNKI.TTF', 'HGFS_CNKI.TTF', 'HGFX_CNKI.ttf', 'HGFZ_CNKI.ttf', 'HGGG_CNKI.TTF', 'HGH1X_CNKI.ttf', 'HGH1_CNKI.ttf', 'HGH2X_CNKI.ttf', 'HGH2_CNKI.ttf', 'HGH3X_CNKI.ttf', 'HGH3_CNKI.ttf', 'HGH4X_CNKI.ttf', 'HGH4_CNKI.ttf', 'HGH5X_CNKI.ttf', 'HGH5_CNKI.ttf', 'HGH6X_CNKI.ttf', 'HGH6_CNKI.ttf', 'HGH7X_CNKI.ttf', 'HGH7_CNKI.ttf', 'HGHB_CNKI.TTF', 'HGHD_CNKI.ttf', 'HGHP_CNKI.TTF', 'HGHT1_CNKI.ttf', 'HGHT2_CNKI.ttf', 'HGHUATI_CNKI.ttf', 'HGHX_CNKI.ttf', 'HGHZ_CNKI.ttf', 'HGH_CNKI.TTF', 'HGKT1_CNKI.TTF', 'HGKT2_CNKI.TTF', 'HGKT_CNKI.TTF', 'HGKY_CNKI.ttf', 'HGLB_CNKI.TTF', 'HGLS_CNKI.TTF', 'HGMH_CNKI.TTF', 'HGNBS_CNKI.ttf', 'HGOCR_CNKI.ttf', 'HGPH_CNKI.TTF', 'HGPTY_CNKI.TTF', 'HGSS1_CNKI.TTF', 'HGSS2_CNKI.TTF', 'HGSS_CNKI.TTF', 'HGSXT_CNKI.ttf', 'HGTT_CNKI.ttf', 'HGTX_CNKI.TTF', 'HGWT_CNKI.TTF', 'HGWYS_CNKI.TTF', 'HGX1X_CNKI.ttf', 'HGX1_CNKI.ttf', 'HGXBS_CNKI.TTF', 'HGXC_CNKI.TTF', 'HGXF1_CNKI.ttf', 'HGXFX_CNKI.ttf', 'HGXFZ_CNKI.ttf', 'HGXH1_CNKI.TTF', 'HGXH_CNKI.TTF', 'HGXK_CNKI.TTF', 'HGXL_CNKI.TTF', 'HGXS_CNKI.TTF', 'HGXT_CNKI.ttf', 'HGXY_CNKI.ttf', 'HGY1_CNKI.TTF', 'HGY2_CNKI.TTF', 'HGY3_CNKI.TTF', 'HGY4_CNKI.TTF', 'HGYB_CNKI.ttf', 'HGYT1_CNKI.ttf', 'HGYT2_CNKI.ttf', 'HGYT_CNKI.TTF', 'HGYX_CNKI.TTF', 'HGZCS_CNKI.TTF', 'HGZDX_CNKI.TTF', 'HGZK_CNKI.TTF', 'HGZYT_CNKI.TTF', 'HGZY_CNKI.TTF', 'himalaya.ttf', 'holomdl2.ttf', 'HTOWERT.TTF', 'HTOWERTI.TTF', 'hvgafix.fon', 'hvgasys.fon', 'impact.ttf', 'IMPRISHA.TTF', 'INFROMAN.TTF', 'Inkfree.ttf', 'iqiyi_logov7.ttf', 'ITCBLKAD.TTF', 'ITCEDSCR.TTF', 'ITCKRIST.TTF', 'j8514fix.fon', 'j8514oem.fon', 'j8514sys.fon', 'javatext.ttf', 'JOKERMAN.TTF', 'jsmalle.fon', 'jsmallf.fon', 'JUICE___.TTF', 'jvgafix.fon', 'jvgasys.fon', 'KUNSTLER.TTF', 'LATINWD.TTF', 'LBRITE.TTF', 'LBRITED.TTF', 'LBRITEDI.TTF', 'LBRITEI.TTF', 'LCALLIG.TTF', 'LeelaUIb.ttf', 'LeelawUI.ttf', 'LeelUIsl.ttf', 'LFAX.TTF', 'LFAXD.TTF', 'LFAXDI.TTF', 'LFAXI.TTF', 'LHANDW.TTF', 'LSANS.TTF', 'LSANSD.TTF', 'LSANSDI.TTF', 'LSANSI.TTF', 'LTYPE.TTF', 'LTYPEB.TTF', 'LTYPEBO.TTF', 'LTYPEO.TTF', 'lucon.ttf', 'l_10646.ttf', 'MAGNETOB.TTF', 'MAIAN.TTF', 'malgun.ttf', 'malgunbd.ttf', 'malgunsl.ttf', 'marlett.ttf', 'MATURASC.TTF', 'micross.ttf', 'mingliub.ttc', 'MISTRAL.TTF', 'mmrtext.ttf', 'mmrtextb.ttf', 'MOD20.TTF', 'modern.fon', 'monbaiti.ttf', 'msgothic.ttc', 'msjh.ttc', 'msjhbd.ttc', 'msjhl.ttc', 'msyh.ttc', 'msyhbd.ttc', 'msyhl.ttc', 'msyi.ttf', 'MTCORSVA.TTF', 'MTEXTRA.TTF', 'mvboli.ttf', 'NIAGENG.TTF', 'NIAGSOL.TTF', 'Nirmala.ttf', 'NirmalaB.ttf', 'NirmalaS.ttf', 'ntailu.ttf', 'ntailub.ttf', 'NumberOnly.ttf', 'OCRAEXT.TTF', 'OLDENGL.TTF', 'ONYX.TTF', 'OUTLOOK.TTF', 'pala.ttf', 'palab.ttf', 'palabi.ttf', 'palai.ttf', 'PALSCRI.TTF', 'PAPYRUS.TTF', 'PARCHM.TTF', 'PERBI___.TTF', 'PERB____.TTF', 'PERI____.TTF', 'PERTIBD.TTF', 'PERTILI.TTF', 'PER_____.TTF', 'phagspa.ttf', 'phagspab.ttf', 'PLAYBILL.TTF', 'POORICH.TTF', 'PRISTINA.TTF', 'RAGE.TTF', 'RAVIE.TTF', 'REFSAN.TTF', 'REFSPCL.TTF', 'ROCCB___.TTF', 'ROCC____.TTF', 'ROCK.TTF', 'ROCKB.TTF', 'ROCKBI.TTF', 'ROCKEB.TTF', 'ROCKI.TTF', 'roman.fon', 's8514fix.fon', 's8514oem.fon', 's8514sys.fon', 'SCHLBKB.TTF', 'SCHLBKBI.TTF', 'SCHLBKI.TTF', 'script.fon', 'SCRIPTBL.TTF', 'segmdl2.ttf', 'SegoeIcons.ttf', 'segoepr.ttf', 'segoeprb.ttf', 'segoesc.ttf', 'segoescb.ttf', 'segoeui.ttf', 'segoeuib.ttf', 'segoeuii.ttf', 'segoeuil.ttf', 'segoeuisl.ttf', 'segoeuiz.ttf', 'seguibl.ttf', 'seguibli.ttf', 'seguiemj.ttf', 'seguihis.ttf', 'seguili.ttf', 'seguisb.ttf', 'seguisbi.ttf', 'seguisli.ttf', 'seguisym.ttf', 'SegUIVar.ttf', 'sere1255.fon', 'sere1256.fon', 'sere1257.fon', 'serf1255.fon', 'serf1256.fon', 'serf1257.fon', 'serife.fon', 'serifee.fon', 'serifeg.fon', 'serifer.fon', 'serifet.fon', 'seriff.fon', 'seriffe.fon', 'seriffg.fon', 'seriffr.fon', 'serifft.fon', 'SHOWG.TTF', 'simfang.ttf', 'simhei.ttf', 'simkai.ttf', 'SIMLI.TTF', 'simsun.ttc', 'simsunb.ttf', 'SIMYOU.TTF', 'SitkaVF-Italic.ttf', 'SitkaVF.ttf', 'smae1255.fon', 'smae1256.fon', 'smae1257.fon', 'smaf1255.fon', 'smaf1256.fon', 'smaf1257.fon', 'smalle.fon', 'smallee.fon', 'smalleg.fon', 'smaller.fon', 'smallet.fon', 'smallf.fon', 'smallfe.fon', 'smallfg.fon', 'smallfr.fon', 'smallft.fon', 'SNAP____.TTF', 'ssee1255.fon', 'ssee1256.fon', 'ssee1257.fon', 'ssee874.fon', 'ssef1255.fon', 'ssef1256.fon', 'ssef1257.fon', 'ssef874.fon', 'sserife.fon', 'sserifee.fon', 'sserifeg.fon', 'sserifer.fon', 'sserifet.fon', 'sseriff.fon', 'sseriffe.fon', 'sseriffg.fon', 'sseriffr.fon', 'sserifft.fon', 'StaticCache.dat', 'STCAIYUN.TTF', 'STENCIL.TTF', 'STFANGSO.TTF', 'STHUPO.TTF', 'STKAITI.TTF', 'STLITI.TTF', 'STSONG.TTF', 'STXIHEI.TTF', 'STXINGKA.TTF', 'STXINWEI.TTF', 'STZHONGS.TTF', 'svgafix.fon', 'svgasys.fon', 'sylfaen.ttf', 'symbol.ttf', 'tahoma.ttf', 'tahomabd.ttf', 'taile.ttf', 'taileb.ttf', 'TCBI____.TTF', 'TCB_____.TTF', 'TCCB____.TTF', 'TCCEB.TTF', 'TCCM____.TTF', 'TCMI____.TTF', 'TCM_____.TTF', 'TEMPSITC.TTF', 'times.ttf', 'timesbd.ttf', 'timesbi.ttf', 'timesi.ttf', 'trebuc.ttf', 'trebucbd.ttf', 'trebucbi.ttf', 'trebucit.ttf', 'verdana.ttf', 'verdanab.ttf', 'verdanai.ttf', 'verdanaz.ttf', 'vga737.fon', 'vga775.fon', 'vga850.fon', 'vga852.fon', 'vga855.fon', 'vga857.fon', 'vga860.fon', 'vga861.fon', 'vga863.fon', 'vga865.fon', 'vga866.fon', 'vga869.fon', 'vga932.fon', 'vga936.fon', 'vga949.fon', 'vga950.fon', 'vgaf1255.fon', 'vgaf1256.fon', 'vgaf1257.fon', 'vgaf874.fon', 'vgafix.fon', 'vgafixe.fon', 'vgafixg.fon', 'vgafixr.fon', 'vgafixt.fon', 'vgaoem.fon', 'vgas1255.fon', 'vgas1256.fon', 'vgas1257.fon', 'vgas874.fon', 'vgasys.fon', 'vgasyse.fon', 'vgasysg.fon', 'vgasysr.fon', 'vgasyst.fon', 'VINERITC.TTF', 'VIVALDII.TTF', 'VLADIMIR.TTF', 'webdings.ttf', 'wingding.ttf', 'WINGDNG2.TTF', 'WINGDNG3.TTF', 'YuGothB.ttc', 'YuGothL.ttc', 'YuGothM.ttc', 'YuGothR.ttc', '\u534e\u5eb7\u65b9\u5706\u4f53W7.TTC', '\u65b9\u6b63\u7c97\u9ed1\u5b8b\u7b80\u4f53.ttf']
2023-09-27 15:05:05,245 - INFO - all fonts installed:['8514fix.fon', '8514fixe.fon', '8514fixg.fon', '8514fixr.fon', '8514fixt.fon', '8514oem.fon', '8514oeme.fon', '8514oemg.fon', '8514oemr.fon', '8514oemt.fon', '8514sys.fon', '8514syse.fon', '8514sysg.fon', '8514sysr.fon', '8514syst.fon', '85775.fon', '85855.fon', '85f1255.fon', '85f1256.fon', '85f1257.fon', '85f874.fon', '85s1255.fon', '85s1256.fon', '85s1257.fon', '85s874.fon', 'AGENCYB.TTF', 'AGENCYR.TTF', 'ALGER.TTF', 'ANTQUAB.TTF', 'ANTQUABI.TTF', 'ANTQUAI.TTF', 'app775.fon', 'app850.fon', 'app852.fon', 'app855.fon', 'app857.fon', 'app866.fon', 'app932.fon', 'app936.fon', 'app949.fon', 'app950.fon', 'arial.ttf', 'arialbd.ttf', 'arialbi.ttf', 'ariali.ttf', 'ARIALN.TTF', 'ARIALNB.TTF', 'ARIALNBI.TTF', 'ARIALNI.TTF', 'ariblk.ttf', 'ARLRDBD.TTF', 'AxureHandwriting-Bold.otf', 'AxureHandwriting-BoldItalic.otf', 'AxureHandwriting-Italic.otf', 'AxureHandwriting.otf', 'bahnschrift.ttf', 'BASKVILL.TTF', 'BAUHS93.TTF', 'BELL.TTF', 'BELLB.TTF', 'BELLI.TTF', 'BERNHC.TTF', 'BKANT.TTF', 'BOD_B.TTF', 'BOD_BI.TTF', 'BOD_BLAI.TTF', 'BOD_BLAR.TTF', 'BOD_CB.TTF', 'BOD_CBI.TTF', 'BOD_CI.TTF', 'BOD_CR.TTF', 'BOD_I.TTF', 'BOD_PSTC.TTF', 'BOD_R.TTF', 'BOOKOS.TTF', 'BOOKOSB.TTF', 'BOOKOSBI.TTF', 'BOOKOSI.TTF', 'BRADHITC.TTF', 'BRITANIC.TTF', 'BRLNSB.TTF', 'BRLNSDB.TTF', 'BRLNSR.TTF', 'BROADW.TTF', 'BRUSHSCI.TTF', 'BSSYM7.TTF', 'c8514fix.fon', 'c8514oem.fon', 'c8514sys.fon', 'calibri.ttf', 'calibrib.ttf', 'calibrii.ttf', 'calibril.ttf', 'calibrili.ttf', 'calibriz.ttf', 'CALIFB.TTF', 'CALIFI.TTF', 'CALIFR.TTF', 'CALIST.TTF', 'CALISTB.TTF', 'CALISTBI.TTF', 'CALISTI.TTF', 'cambria.ttc', 'cambriab.ttf', 'cambriai.ttf', 'cambriaz.ttf', 'Candara.ttf', 'Candarab.ttf', 'Candarai.ttf', 'Candaral.ttf', 'Candarali.ttf', 'Candaraz.ttf', 'CascadiaCode.ttf', 'CascadiaMono.ttf', 'CASTELAR.TTF', 'CENSCBK.TTF', 'CENTAUR.TTF', 'CENTURY.TTF', 'cga40737.fon', 'cga40850.fon', 'cga40852.fon', 'cga40857.fon', 'cga40866.fon', 'cga40869.fon', 'cga40woa.fon', 'cga80737.fon', 'cga80850.fon', 'cga80852.fon', 'cga80857.fon', 'cga80866.fon', 'cga80869.fon', 'cga80woa.fon', 'CHILLER.TTF', 'COLONNA.TTF', 'comic.ttf', 'comicbd.ttf', 'comici.ttf', 'comicz.ttf', 'consola.ttf', 'consolab.ttf', 'consolai.ttf', 'consolaz.ttf', 'constan.ttf', 'constanb.ttf', 'constani.ttf', 'constanz.ttf', 'COOPBL.TTF', 'COPRGTB.TTF', 'COPRGTL.TTF', 'corbel.ttf', 'corbelb.ttf', 'corbeli.ttf', 'corbell.ttf', 'corbelli.ttf', 'corbelz.ttf', 'coue1255.fon', 'coue1256.fon', 'coue1257.fon', 'couf1255.fon', 'couf1256.fon', 'couf1257.fon', 'cour.ttf', 'courbd.ttf', 'courbi.ttf', 'coure.fon', 'couree.fon', 'coureg.fon', 'courer.fon', 'couret.fon', 'courf.fon', 'courfe.fon', 'courfg.fon', 'courfr.fon', 'courft.fon', 'couri.ttf', 'CURLZ___.TTF', 'cvgafix.fon', 'cvgasys.fon', 'Deng.ttf', 'Dengb.ttf', 'Dengl.ttf', 'desktop.ini', 'dos737.fon', 'dos869.fon', 'dosapp.fon', 'DUBAI-BOLD.TTF', 'DUBAI-LIGHT.TTF', 'DUBAI-MEDIUM.TTF', 'DUBAI-REGULAR.TTF', 'ebrima.ttf', 'ebrimabd.ttf', 'ega40737.fon', 'ega40850.fon', 'ega40852.fon', 'ega40857.fon', 'ega40866.fon', 'ega40869.fon', 'ega40woa.fon', 'ega80737.fon', 'ega80850.fon', 'ega80852.fon', 'ega80857.fon', 'ega80866.fon', 'ega80869.fon', 'ega80woa.fon', 'ELEPHNT.TTF', 'ELEPHNTI.TTF', 'ENGR.TTF', 'ERASBD.TTF', 'ERASDEMI.TTF', 'ERASLGHT.TTF', 'ERASMD.TTF', 'FELIXTI.TTF', 'fms_metadata.xml', 'FORTE.TTF', 'FRABK.TTF', 'FRABKIT.TTF', 'FRADM.TTF', 'FRADMCN.TTF', 'FRADMIT.TTF', 'FRAHV.TTF', 'FRAHVIT.TTF', 'framd.ttf', 'FRAMDCN.TTF', 'framdit.ttf', 'FREESCPT.TTF', 'FRSCRIPT.TTF', 'FTLTLT.TTF', 'FZSTK.TTF', 'FZYTK.TTF', 'Gabriola.ttf', 'gadugi.ttf', 'gadugib.ttf', 'GARA.TTF', 'GARABD.TTF', 'GARAIT.TTF', 'georgia.ttf', 'georgiab.ttf', 'georgiai.ttf', 'georgiaz.ttf', 'GIGI.TTF', 'GILBI___.TTF', 'GILB____.TTF', 'GILC____.TTF', 'GILI____.TTF', 'GILLUBCD.TTF', 'GILSANUB.TTF', 'GIL_____.TTF', 'GLECB.TTF', 'GlobalMonospace.CompositeFont', 'GlobalSansSerif.CompositeFont', 'GlobalSerif.CompositeFont', 'GlobalUserInterface.CompositeFont', 'GLSNECB.TTF', 'GOTHIC.TTF', 'GOTHICB.TTF', 'GOTHICBI.TTF', 'GOTHICI.TTF', 'GOUDOS.TTF', 'GOUDOSB.TTF', 'GOUDOSI.TTF', 'GOUDYSTO.TTF', 'h8514fix.fon', 'h8514oem.fon', 'h8514sys.fon', 'HARLOWSI.TTF', 'HARNGTON.TTF', 'HATTEN.TTF', 'HGB1X_CNKI.ttf', 'HGB1_CNKI.ttf', 'HGB2X_CNKI.ttf', 'HGB2_CNKI.ttf', 'HGB3X_CNKI.ttf', 'HGB3_CNKI.ttf', 'HGB4X_CNKI.ttf', 'HGB4_CNKI.ttf', 'HGB5X_CNKI.ttf', 'HGB5_CNKI.ttf', 'HGB6X_CNKI.ttf', 'HGB6_CNKI.ttf', 'HGB7X_CNKI.ttf', 'HGB7_CNKI.ttf', 'HGB8X_CNKI.ttf', 'HGB8_CNKI.ttf', 'HGBD_CNKI.ttf', 'HGBKBX_CNKI.ttf', 'HGBKB_CNKI.ttf', 'HGBKHX_CNKI.ttf', 'HGBKH_CNKI.ttf', 'HGBS1_CNKI.TTF', 'HGBS2_CNKI.TTF', 'HGBS_CNKI.TTF', 'HGBTH_CNKI.TTF', 'HGBTS_CNKI.TTF', 'HGBX_CNKI.ttf', 'HGBZ_CNKI.ttf', 'HGCH_CNKI.TTF', 'HGCUH_CNKI.TTF', 'HGCY_CNKI.TTF', 'HGDBS_CNKI.TTF', 'HGDGY_CNKI.TTF', 'HGDH2_CNKI.TTF', 'HGDH_CNKI.TTF', 'HGDYS_CNKI.TTF', 'HGDY_CNKI.ttf', 'HGF1X_CNKI.ttf', 'HGF1_CNKI.ttf', 'HGF2X_CNKI.ttf', 'HGF2_CNKI.ttf', 'HGF3_CNKI.ttf', 'HGF4X_CNKI.ttf', 'HGF4_CNKI.ttf', 'HGF5X_CNKI.ttf', 'HGF5_CNKI.ttf', 'HGF6X_CNKI.ttf', 'HGF6_CNKI.ttf', 'HGF7X_CNKI.ttf', 'HGF7_CNKI.ttf', 'HGF8_CNKI.ttf', 'HGF9X_CNKI.ttf', 'HGF9_CNKI.ttf', 'HGFS1_CNKI.TTF', 'HGFS2_CNKI.TTF', 'HGFSH_CNKI.TTF', 'HGFS_CNKI.TTF', 'HGFX_CNKI.ttf', 'HGFZ_CNKI.ttf', 'HGGG_CNKI.TTF', 'HGH1X_CNKI.ttf', 'HGH1_CNKI.ttf', 'HGH2X_CNKI.ttf', 'HGH2_CNKI.ttf', 'HGH3X_CNKI.ttf', 'HGH3_CNKI.ttf', 'HGH4X_CNKI.ttf', 'HGH4_CNKI.ttf', 'HGH5X_CNKI.ttf', 'HGH5_CNKI.ttf', 'HGH6X_CNKI.ttf', 'HGH6_CNKI.ttf', 'HGH7X_CNKI.ttf', 'HGH7_CNKI.ttf', 'HGHB_CNKI.TTF', 'HGHD_CNKI.ttf', 'HGHP_CNKI.TTF', 'HGHT1_CNKI.ttf', 'HGHT2_CNKI.ttf', 'HGHUATI_CNKI.ttf', 'HGHX_CNKI.ttf', 'HGHZ_CNKI.ttf', 'HGH_CNKI.TTF', 'HGKT1_CNKI.TTF', 'HGKT2_CNKI.TTF', 'HGKT_CNKI.TTF', 'HGKY_CNKI.ttf', 'HGLB_CNKI.TTF', 'HGLS_CNKI.TTF', 'HGMH_CNKI.TTF', 'HGNBS_CNKI.ttf', 'HGOCR_CNKI.ttf', 'HGPH_CNKI.TTF', 'HGPTY_CNKI.TTF', 'HGSS1_CNKI.TTF', 'HGSS2_CNKI.TTF', 'HGSS_CNKI.TTF', 'HGSXT_CNKI.ttf', 'HGTT_CNKI.ttf', 'HGTX_CNKI.TTF', 'HGWT_CNKI.TTF', 'HGWYS_CNKI.TTF', 'HGX1X_CNKI.ttf', 'HGX1_CNKI.ttf', 'HGXBS_CNKI.TTF', 'HGXC_CNKI.TTF', 'HGXF1_CNKI.ttf', 'HGXFX_CNKI.ttf', 'HGXFZ_CNKI.ttf', 'HGXH1_CNKI.TTF', 'HGXH_CNKI.TTF', 'HGXK_CNKI.TTF', 'HGXL_CNKI.TTF', 'HGXS_CNKI.TTF', 'HGXT_CNKI.ttf', 'HGXY_CNKI.ttf', 'HGY1_CNKI.TTF', 'HGY2_CNKI.TTF', 'HGY3_CNKI.TTF', 'HGY4_CNKI.TTF', 'HGYB_CNKI.ttf', 'HGYT1_CNKI.ttf', 'HGYT2_CNKI.ttf', 'HGYT_CNKI.TTF', 'HGYX_CNKI.TTF', 'HGZCS_CNKI.TTF', 'HGZDX_CNKI.TTF', 'HGZK_CNKI.TTF', 'HGZYT_CNKI.TTF', 'HGZY_CNKI.TTF', 'himalaya.ttf', 'holomdl2.ttf', 'HTOWERT.TTF', 'HTOWERTI.TTF', 'hvgafix.fon', 'hvgasys.fon', 'impact.ttf', 'IMPRISHA.TTF', 'INFROMAN.TTF', 'Inkfree.ttf', 'iqiyi_logov7.ttf', 'ITCBLKAD.TTF', 'ITCEDSCR.TTF', 'ITCKRIST.TTF', 'j8514fix.fon', 'j8514oem.fon', 'j8514sys.fon', 'javatext.ttf', 'JOKERMAN.TTF', 'jsmalle.fon', 'jsmallf.fon', 'JUICE___.TTF', 'jvgafix.fon', 'jvgasys.fon', 'KUNSTLER.TTF', 'LATINWD.TTF', 'LBRITE.TTF', 'LBRITED.TTF', 'LBRITEDI.TTF', 'LBRITEI.TTF', 'LCALLIG.TTF', 'LeelaUIb.ttf', 'LeelawUI.ttf', 'LeelUIsl.ttf', 'LFAX.TTF', 'LFAXD.TTF', 'LFAXDI.TTF', 'LFAXI.TTF', 'LHANDW.TTF', 'LSANS.TTF', 'LSANSD.TTF', 'LSANSDI.TTF', 'LSANSI.TTF', 'LTYPE.TTF', 'LTYPEB.TTF', 'LTYPEBO.TTF', 'LTYPEO.TTF', 'lucon.ttf', 'l_10646.ttf', 'MAGNETOB.TTF', 'MAIAN.TTF', 'malgun.ttf', 'malgunbd.ttf', 'malgunsl.ttf', 'marlett.ttf', 'MATURASC.TTF', 'micross.ttf', 'mingliub.ttc', 'MISTRAL.TTF', 'mmrtext.ttf', 'mmrtextb.ttf', 'MOD20.TTF', 'modern.fon', 'monbaiti.ttf', 'msgothic.ttc', 'msjh.ttc', 'msjhbd.ttc', 'msjhl.ttc', 'msyh.ttc', 'msyhbd.ttc', 'msyhl.ttc', 'msyi.ttf', 'MTCORSVA.TTF', 'MTEXTRA.TTF', 'mvboli.ttf', 'NIAGENG.TTF', 'NIAGSOL.TTF', 'Nirmala.ttf', 'NirmalaB.ttf', 'NirmalaS.ttf', 'ntailu.ttf', 'ntailub.ttf', 'NumberOnly.ttf', 'OCRAEXT.TTF', 'OLDENGL.TTF', 'ONYX.TTF', 'OUTLOOK.TTF', 'pala.ttf', 'palab.ttf', 'palabi.ttf', 'palai.ttf', 'PALSCRI.TTF', 'PAPYRUS.TTF', 'PARCHM.TTF', 'PERBI___.TTF', 'PERB____.TTF', 'PERI____.TTF', 'PERTIBD.TTF', 'PERTILI.TTF', 'PER_____.TTF', 'phagspa.ttf', 'phagspab.ttf', 'PLAYBILL.TTF', 'POORICH.TTF', 'PRISTINA.TTF', 'RAGE.TTF', 'RAVIE.TTF', 'REFSAN.TTF', 'REFSPCL.TTF', 'ROCCB___.TTF', 'ROCC____.TTF', 'ROCK.TTF', 'ROCKB.TTF', 'ROCKBI.TTF', 'ROCKEB.TTF', 'ROCKI.TTF', 'roman.fon', 's8514fix.fon', 's8514oem.fon', 's8514sys.fon', 'SCHLBKB.TTF', 'SCHLBKBI.TTF', 'SCHLBKI.TTF', 'script.fon', 'SCRIPTBL.TTF', 'segmdl2.ttf', 'SegoeIcons.ttf', 'segoepr.ttf', 'segoeprb.ttf', 'segoesc.ttf', 'segoescb.ttf', 'segoeui.ttf', 'segoeuib.ttf', 'segoeuii.ttf', 'segoeuil.ttf', 'segoeuisl.ttf', 'segoeuiz.ttf', 'seguibl.ttf', 'seguibli.ttf', 'seguiemj.ttf', 'seguihis.ttf', 'seguili.ttf', 'seguisb.ttf', 'seguisbi.ttf', 'seguisli.ttf', 'seguisym.ttf', 'SegUIVar.ttf', 'sere1255.fon', 'sere1256.fon', 'sere1257.fon', 'serf1255.fon', 'serf1256.fon', 'serf1257.fon', 'serife.fon', 'serifee.fon', 'serifeg.fon', 'serifer.fon', 'serifet.fon', 'seriff.fon', 'seriffe.fon', 'seriffg.fon', 'seriffr.fon', 'serifft.fon', 'SHOWG.TTF', 'simfang.ttf', 'simhei.ttf', 'simkai.ttf', 'SIMLI.TTF', 'simsun.ttc', 'simsunb.ttf', 'SIMYOU.TTF', 'SitkaVF-Italic.ttf', 'SitkaVF.ttf', 'smae1255.fon', 'smae1256.fon', 'smae1257.fon', 'smaf1255.fon', 'smaf1256.fon', 'smaf1257.fon', 'smalle.fon', 'smallee.fon', 'smalleg.fon', 'smaller.fon', 'smallet.fon', 'smallf.fon', 'smallfe.fon', 'smallfg.fon', 'smallfr.fon', 'smallft.fon', 'SNAP____.TTF', 'ssee1255.fon', 'ssee1256.fon', 'ssee1257.fon', 'ssee874.fon', 'ssef1255.fon', 'ssef1256.fon', 'ssef1257.fon', 'ssef874.fon', 'sserife.fon', 'sserifee.fon', 'sserifeg.fon', 'sserifer.fon', 'sserifet.fon', 'sseriff.fon', 'sseriffe.fon', 'sseriffg.fon', 'sseriffr.fon', 'sserifft.fon', 'StaticCache.dat', 'STCAIYUN.TTF', 'STENCIL.TTF', 'STFANGSO.TTF', 'STHUPO.TTF', 'STKAITI.TTF', 'STLITI.TTF', 'STSONG.TTF', 'STXIHEI.TTF', 'STXINGKA.TTF', 'STXINWEI.TTF', 'STZHONGS.TTF', 'svgafix.fon', 'svgasys.fon', 'sylfaen.ttf', 'symbol.ttf', 'tahoma.ttf', 'tahomabd.ttf', 'taile.ttf', 'taileb.ttf', 'TCBI____.TTF', 'TCB_____.TTF', 'TCCB____.TTF', 'TCCEB.TTF', 'TCCM____.TTF', 'TCMI____.TTF', 'TCM_____.TTF', 'TEMPSITC.TTF', 'times.ttf', 'timesbd.ttf', 'timesbi.ttf', 'timesi.ttf', 'trebuc.ttf', 'trebucbd.ttf', 'trebucbi.ttf', 'trebucit.ttf', 'verdana.ttf', 'verdanab.ttf', 'verdanai.ttf', 'verdanaz.ttf', 'vga737.fon', 'vga775.fon', 'vga850.fon', 'vga852.fon', 'vga855.fon', 'vga857.fon', 'vga860.fon', 'vga861.fon', 'vga863.fon', 'vga865.fon', 'vga866.fon', 'vga869.fon', 'vga932.fon', 'vga936.fon', 'vga949.fon', 'vga950.fon', 'vgaf1255.fon', 'vgaf1256.fon', 'vgaf1257.fon', 'vgaf874.fon', 'vgafix.fon', 'vgafixe.fon', 'vgafixg.fon', 'vgafixr.fon', 'vgafixt.fon', 'vgaoem.fon', 'vgas1255.fon', 'vgas1256.fon', 'vgas1257.fon', 'vgas874.fon', 'vgasys.fon', 'vgasyse.fon', 'vgasysg.fon', 'vgasysr.fon', 'vgasyst.fon', 'VINERITC.TTF', 'VIVALDII.TTF', 'VLADIMIR.TTF', 'webdings.ttf', 'wingding.ttf', 'WINGDNG2.TTF', 'WINGDNG3.TTF', 'YuGothB.ttc', 'YuGothL.ttc', 'YuGothM.ttc', 'YuGothR.ttc', '\u534e\u5eb7\u65b9\u5706\u4f53W7.TTC', '\u65b9\u6b63\u7c97\u9ed1\u5b8b\u7b80\u4f53.ttf']
2023-09-27 15:05:05,251 - INFO - all fonts installed:['8514fix.fon', '8514fixe.fon', '8514fixg.fon', '8514fixr.fon', '8514fixt.fon', '8514oem.fon', '8514oeme.fon', '8514oemg.fon', '8514oemr.fon', '8514oemt.fon', '8514sys.fon', '8514syse.fon', '8514sysg.fon', '8514sysr.fon', '8514syst.fon', '85775.fon', '85855.fon', '85f1255.fon', '85f1256.fon', '85f1257.fon', '85f874.fon', '85s1255.fon', '85s1256.fon', '85s1257.fon', '85s874.fon', 'AGENCYB.TTF', 'AGENCYR.TTF', 'ALGER.TTF', 'ANTQUAB.TTF', 'ANTQUABI.TTF', 'ANTQUAI.TTF', 'app775.fon', 'app850.fon', 'app852.fon', 'app855.fon', 'app857.fon', 'app866.fon', 'app932.fon', 'app936.fon', 'app949.fon', 'app950.fon', 'arial.ttf', 'arialbd.ttf', 'arialbi.ttf', 'ariali.ttf', 'ARIALN.TTF', 'ARIALNB.TTF', 'ARIALNBI.TTF', 'ARIALNI.TTF', 'ariblk.ttf', 'ARLRDBD.TTF', 'AxureHandwriting-Bold.otf', 'AxureHandwriting-BoldItalic.otf', 'AxureHandwriting-Italic.otf', 'AxureHandwriting.otf', 'bahnschrift.ttf', 'BASKVILL.TTF', 'BAUHS93.TTF', 'BELL.TTF', 'BELLB.TTF', 'BELLI.TTF', 'BERNHC.TTF', 'BKANT.TTF', 'BOD_B.TTF', 'BOD_BI.TTF', 'BOD_BLAI.TTF', 'BOD_BLAR.TTF', 'BOD_CB.TTF', 'BOD_CBI.TTF', 'BOD_CI.TTF', 'BOD_CR.TTF', 'BOD_I.TTF', 'BOD_PSTC.TTF', 'BOD_R.TTF', 'BOOKOS.TTF', 'BOOKOSB.TTF', 'BOOKOSBI.TTF', 'BOOKOSI.TTF', 'BRADHITC.TTF', 'BRITANIC.TTF', 'BRLNSB.TTF', 'BRLNSDB.TTF', 'BRLNSR.TTF', 'BROADW.TTF', 'BRUSHSCI.TTF', 'BSSYM7.TTF', 'c8514fix.fon', 'c8514oem.fon', 'c8514sys.fon', 'calibri.ttf', 'calibrib.ttf', 'calibrii.ttf', 'calibril.ttf', 'calibrili.ttf', 'calibriz.ttf', 'CALIFB.TTF', 'CALIFI.TTF', 'CALIFR.TTF', 'CALIST.TTF', 'CALISTB.TTF', 'CALISTBI.TTF', 'CALISTI.TTF', 'cambria.ttc', 'cambriab.ttf', 'cambriai.ttf', 'cambriaz.ttf', 'Candara.ttf', 'Candarab.ttf', 'Candarai.ttf', 'Candaral.ttf', 'Candarali.ttf', 'Candaraz.ttf', 'CascadiaCode.ttf', 'CascadiaMono.ttf', 'CASTELAR.TTF', 'CENSCBK.TTF', 'CENTAUR.TTF', 'CENTURY.TTF', 'cga40737.fon', 'cga40850.fon', 'cga40852.fon', 'cga40857.fon', 'cga40866.fon', 'cga40869.fon', 'cga40woa.fon', 'cga80737.fon', 'cga80850.fon', 'cga80852.fon', 'cga80857.fon', 'cga80866.fon', 'cga80869.fon', 'cga80woa.fon', 'CHILLER.TTF', 'COLONNA.TTF', 'comic.ttf', 'comicbd.ttf', 'comici.ttf', 'comicz.ttf', 'consola.ttf', 'consolab.ttf', 'consolai.ttf', 'consolaz.ttf', 'constan.ttf', 'constanb.ttf', 'constani.ttf', 'constanz.ttf', 'COOPBL.TTF', 'COPRGTB.TTF', 'COPRGTL.TTF', 'corbel.ttf', 'corbelb.ttf', 'corbeli.ttf', 'corbell.ttf', 'corbelli.ttf', 'corbelz.ttf', 'coue1255.fon', 'coue1256.fon', 'coue1257.fon', 'couf1255.fon', 'couf1256.fon', 'couf1257.fon', 'cour.ttf', 'courbd.ttf', 'courbi.ttf', 'coure.fon', 'couree.fon', 'coureg.fon', 'courer.fon', 'couret.fon', 'courf.fon', 'courfe.fon', 'courfg.fon', 'courfr.fon', 'courft.fon', 'couri.ttf', 'CURLZ___.TTF', 'cvgafix.fon', 'cvgasys.fon', 'Deng.ttf', 'Dengb.ttf', 'Dengl.ttf', 'desktop.ini', 'dos737.fon', 'dos869.fon', 'dosapp.fon', 'DUBAI-BOLD.TTF', 'DUBAI-LIGHT.TTF', 'DUBAI-MEDIUM.TTF', 'DUBAI-REGULAR.TTF', 'ebrima.ttf', 'ebrimabd.ttf', 'ega40737.fon', 'ega40850.fon', 'ega40852.fon', 'ega40857.fon', 'ega40866.fon', 'ega40869.fon', 'ega40woa.fon', 'ega80737.fon', 'ega80850.fon', 'ega80852.fon', 'ega80857.fon', 'ega80866.fon', 'ega80869.fon', 'ega80woa.fon', 'ELEPHNT.TTF', 'ELEPHNTI.TTF', 'ENGR.TTF', 'ERASBD.TTF', 'ERASDEMI.TTF', 'ERASLGHT.TTF', 'ERASMD.TTF', 'FELIXTI.TTF', 'fms_metadata.xml', 'FORTE.TTF', 'FRABK.TTF', 'FRABKIT.TTF', 'FRADM.TTF', 'FRADMCN.TTF', 'FRADMIT.TTF', 'FRAHV.TTF', 'FRAHVIT.TTF', 'framd.ttf', 'FRAMDCN.TTF', 'framdit.ttf', 'FREESCPT.TTF', 'FRSCRIPT.TTF', 'FTLTLT.TTF', 'FZSTK.TTF', 'FZYTK.TTF', 'Gabriola.ttf', 'gadugi.ttf', 'gadugib.ttf', 'GARA.TTF', 'GARABD.TTF', 'GARAIT.TTF', 'georgia.ttf', 'georgiab.ttf', 'georgiai.ttf', 'georgiaz.ttf', 'GIGI.TTF', 'GILBI___.TTF', 'GILB____.TTF', 'GILC____.TTF', 'GILI____.TTF', 'GILLUBCD.TTF', 'GILSANUB.TTF', 'GIL_____.TTF', 'GLECB.TTF', 'GlobalMonospace.CompositeFont', 'GlobalSansSerif.CompositeFont', 'GlobalSerif.CompositeFont', 'GlobalUserInterface.CompositeFont', 'GLSNECB.TTF', 'GOTHIC.TTF', 'GOTHICB.TTF', 'GOTHICBI.TTF', 'GOTHICI.TTF', 'GOUDOS.TTF', 'GOUDOSB.TTF', 'GOUDOSI.TTF', 'GOUDYSTO.TTF', 'h8514fix.fon', 'h8514oem.fon', 'h8514sys.fon', 'HARLOWSI.TTF', 'HARNGTON.TTF', 'HATTEN.TTF', 'HGB1X_CNKI.ttf', 'HGB1_CNKI.ttf', 'HGB2X_CNKI.ttf', 'HGB2_CNKI.ttf', 'HGB3X_CNKI.ttf', 'HGB3_CNKI.ttf', 'HGB4X_CNKI.ttf', 'HGB4_CNKI.ttf', 'HGB5X_CNKI.ttf', 'HGB5_CNKI.ttf', 'HGB6X_CNKI.ttf', 'HGB6_CNKI.ttf', 'HGB7X_CNKI.ttf', 'HGB7_CNKI.ttf', 'HGB8X_CNKI.ttf', 'HGB8_CNKI.ttf', 'HGBD_CNKI.ttf', 'HGBKBX_CNKI.ttf', 'HGBKB_CNKI.ttf', 'HGBKHX_CNKI.ttf', 'HGBKH_CNKI.ttf', 'HGBS1_CNKI.TTF', 'HGBS2_CNKI.TTF', 'HGBS_CNKI.TTF', 'HGBTH_CNKI.TTF', 'HGBTS_CNKI.TTF', 'HGBX_CNKI.ttf', 'HGBZ_CNKI.ttf', 'HGCH_CNKI.TTF', 'HGCUH_CNKI.TTF', 'HGCY_CNKI.TTF', 'HGDBS_CNKI.TTF', 'HGDGY_CNKI.TTF', 'HGDH2_CNKI.TTF', 'HGDH_CNKI.TTF', 'HGDYS_CNKI.TTF', 'HGDY_CNKI.ttf', 'HGF1X_CNKI.ttf', 'HGF1_CNKI.ttf', 'HGF2X_CNKI.ttf', 'HGF2_CNKI.ttf', 'HGF3_CNKI.ttf', 'HGF4X_CNKI.ttf', 'HGF4_CNKI.ttf', 'HGF5X_CNKI.ttf', 'HGF5_CNKI.ttf', 'HGF6X_CNKI.ttf', 'HGF6_CNKI.ttf', 'HGF7X_CNKI.ttf', 'HGF7_CNKI.ttf', 'HGF8_CNKI.ttf', 'HGF9X_CNKI.ttf', 'HGF9_CNKI.ttf', 'HGFS1_CNKI.TTF', 'HGFS2_CNKI.TTF', 'HGFSH_CNKI.TTF', 'HGFS_CNKI.TTF', 'HGFX_CNKI.ttf', 'HGFZ_CNKI.ttf', 'HGGG_CNKI.TTF', 'HGH1X_CNKI.ttf', 'HGH1_CNKI.ttf', 'HGH2X_CNKI.ttf', 'HGH2_CNKI.ttf', 'HGH3X_CNKI.ttf', 'HGH3_CNKI.ttf', 'HGH4X_CNKI.ttf', 'HGH4_CNKI.ttf', 'HGH5X_CNKI.ttf', 'HGH5_CNKI.ttf', 'HGH6X_CNKI.ttf', 'HGH6_CNKI.ttf', 'HGH7X_CNKI.ttf', 'HGH7_CNKI.ttf', 'HGHB_CNKI.TTF', 'HGHD_CNKI.ttf', 'HGHP_CNKI.TTF', 'HGHT1_CNKI.ttf', 'HGHT2_CNKI.ttf', 'HGHUATI_CNKI.ttf', 'HGHX_CNKI.ttf', 'HGHZ_CNKI.ttf', 'HGH_CNKI.TTF', 'HGKT1_CNKI.TTF', 'HGKT2_CNKI.TTF', 'HGKT_CNKI.TTF', 'HGKY_CNKI.ttf', 'HGLB_CNKI.TTF', 'HGLS_CNKI.TTF', 'HGMH_CNKI.TTF', 'HGNBS_CNKI.ttf', 'HGOCR_CNKI.ttf', 'HGPH_CNKI.TTF', 'HGPTY_CNKI.TTF', 'HGSS1_CNKI.TTF', 'HGSS2_CNKI.TTF', 'HGSS_CNKI.TTF', 'HGSXT_CNKI.ttf', 'HGTT_CNKI.ttf', 'HGTX_CNKI.TTF', 'HGWT_CNKI.TTF', 'HGWYS_CNKI.TTF', 'HGX1X_CNKI.ttf', 'HGX1_CNKI.ttf', 'HGXBS_CNKI.TTF', 'HGXC_CNKI.TTF', 'HGXF1_CNKI.ttf', 'HGXFX_CNKI.ttf', 'HGXFZ_CNKI.ttf', 'HGXH1_CNKI.TTF', 'HGXH_CNKI.TTF', 'HGXK_CNKI.TTF', 'HGXL_CNKI.TTF', 'HGXS_CNKI.TTF', 'HGXT_CNKI.ttf', 'HGXY_CNKI.ttf', 'HGY1_CNKI.TTF', 'HGY2_CNKI.TTF', 'HGY3_CNKI.TTF', 'HGY4_CNKI.TTF', 'HGYB_CNKI.ttf', 'HGYT1_CNKI.ttf', 'HGYT2_CNKI.ttf', 'HGYT_CNKI.TTF', 'HGYX_CNKI.TTF', 'HGZCS_CNKI.TTF', 'HGZDX_CNKI.TTF', 'HGZK_CNKI.TTF', 'HGZYT_CNKI.TTF', 'HGZY_CNKI.TTF', 'himalaya.ttf', 'holomdl2.ttf', 'HTOWERT.TTF', 'HTOWERTI.TTF', 'hvgafix.fon', 'hvgasys.fon', 'impact.ttf', 'IMPRISHA.TTF', 'INFROMAN.TTF', 'Inkfree.ttf', 'iqiyi_logov7.ttf', 'ITCBLKAD.TTF', 'ITCEDSCR.TTF', 'ITCKRIST.TTF', 'j8514fix.fon', 'j8514oem.fon', 'j8514sys.fon', 'javatext.ttf', 'JOKERMAN.TTF', 'jsmalle.fon', 'jsmallf.fon', 'JUICE___.TTF', 'jvgafix.fon', 'jvgasys.fon', 'KUNSTLER.TTF', 'LATINWD.TTF', 'LBRITE.TTF', 'LBRITED.TTF', 'LBRITEDI.TTF', 'LBRITEI.TTF', 'LCALLIG.TTF', 'LeelaUIb.ttf', 'LeelawUI.ttf', 'LeelUIsl.ttf', 'LFAX.TTF', 'LFAXD.TTF', 'LFAXDI.TTF', 'LFAXI.TTF', 'LHANDW.TTF', 'LSANS.TTF', 'LSANSD.TTF', 'LSANSDI.TTF', 'LSANSI.TTF', 'LTYPE.TTF', 'LTYPEB.TTF', 'LTYPEBO.TTF', 'LTYPEO.TTF', 'lucon.ttf', 'l_10646.ttf', 'MAGNETOB.TTF', 'MAIAN.TTF', 'malgun.ttf', 'malgunbd.ttf', 'malgunsl.ttf', 'marlett.ttf', 'MATURASC.TTF', 'micross.ttf', 'mingliub.ttc', 'MISTRAL.TTF', 'mmrtext.ttf', 'mmrtextb.ttf', 'MOD20.TTF', 'modern.fon', 'monbaiti.ttf', 'msgothic.ttc', 'msjh.ttc', 'msjhbd.ttc', 'msjhl.ttc', 'msyh.ttc', 'msyhbd.ttc', 'msyhl.ttc', 'msyi.ttf', 'MTCORSVA.TTF', 'MTEXTRA.TTF', 'mvboli.ttf', 'NIAGENG.TTF', 'NIAGSOL.TTF', 'Nirmala.ttf', 'NirmalaB.ttf', 'NirmalaS.ttf', 'ntailu.ttf', 'ntailub.ttf', 'NumberOnly.ttf', 'OCRAEXT.TTF', 'OLDENGL.TTF', 'ONYX.TTF', 'OUTLOOK.TTF', 'pala.ttf', 'palab.ttf', 'palabi.ttf', 'palai.ttf', 'PALSCRI.TTF', 'PAPYRUS.TTF', 'PARCHM.TTF', 'PERBI___.TTF', 'PERB____.TTF', 'PERI____.TTF', 'PERTIBD.TTF', 'PERTILI.TTF', 'PER_____.TTF', 'phagspa.ttf', 'phagspab.ttf', 'PLAYBILL.TTF', 'POORICH.TTF', 'PRISTINA.TTF', 'RAGE.TTF', 'RAVIE.TTF', 'REFSAN.TTF', 'REFSPCL.TTF', 'ROCCB___.TTF', 'ROCC____.TTF', 'ROCK.TTF', 'ROCKB.TTF', 'ROCKBI.TTF', 'ROCKEB.TTF', 'ROCKI.TTF', 'roman.fon', 's8514fix.fon', 's8514oem.fon', 's8514sys.fon', 'SCHLBKB.TTF', 'SCHLBKBI.TTF', 'SCHLBKI.TTF', 'script.fon', 'SCRIPTBL.TTF', 'segmdl2.ttf', 'SegoeIcons.ttf', 'segoepr.ttf', 'segoeprb.ttf', 'segoesc.ttf', 'segoescb.ttf', 'segoeui.ttf', 'segoeuib.ttf', 'segoeuii.ttf', 'segoeuil.ttf', 'segoeuisl.ttf', 'segoeuiz.ttf', 'seguibl.ttf', 'seguibli.ttf', 'seguiemj.ttf', 'seguihis.ttf', 'seguili.ttf', 'seguisb.ttf', 'seguisbi.ttf', 'seguisli.ttf', 'seguisym.ttf', 'SegUIVar.ttf', 'sere1255.fon', 'sere1256.fon', 'sere1257.fon', 'serf1255.fon', 'serf1256.fon', 'serf1257.fon', 'serife.fon', 'serifee.fon', 'serifeg.fon', 'serifer.fon', 'serifet.fon', 'seriff.fon', 'seriffe.fon', 'seriffg.fon', 'seriffr.fon', 'serifft.fon', 'SHOWG.TTF', 'simfang.ttf', 'simhei.ttf', 'simkai.ttf', 'SIMLI.TTF', 'simsun.ttc', 'simsunb.ttf', 'SIMYOU.TTF', 'SitkaVF-Italic.ttf', 'SitkaVF.ttf', 'smae1255.fon', 'smae1256.fon', 'smae1257.fon', 'smaf1255.fon', 'smaf1256.fon', 'smaf1257.fon', 'smalle.fon', 'smallee.fon', 'smalleg.fon', 'smaller.fon', 'smallet.fon', 'smallf.fon', 'smallfe.fon', 'smallfg.fon', 'smallfr.fon', 'smallft.fon', 'SNAP____.TTF', 'ssee1255.fon', 'ssee1256.fon', 'ssee1257.fon', 'ssee874.fon', 'ssef1255.fon', 'ssef1256.fon', 'ssef1257.fon', 'ssef874.fon', 'sserife.fon', 'sserifee.fon', 'sserifeg.fon', 'sserifer.fon', 'sserifet.fon', 'sseriff.fon', 'sseriffe.fon', 'sseriffg.fon', 'sseriffr.fon', 'sserifft.fon', 'StaticCache.dat', 'STCAIYUN.TTF', 'STENCIL.TTF', 'STFANGSO.TTF', 'STHUPO.TTF', 'STKAITI.TTF', 'STLITI.TTF', 'STSONG.TTF', 'STXIHEI.TTF', 'STXINGKA.TTF', 'STXINWEI.TTF', 'STZHONGS.TTF', 'svgafix.fon', 'svgasys.fon', 'sylfaen.ttf', 'symbol.ttf', 'tahoma.ttf', 'tahomabd.ttf', 'taile.ttf', 'taileb.ttf', 'TCBI____.TTF', 'TCB_____.TTF', 'TCCB____.TTF', 'TCCEB.TTF', 'TCCM____.TTF', 'TCMI____.TTF', 'TCM_____.TTF', 'TEMPSITC.TTF', 'times.ttf', 'timesbd.ttf', 'timesbi.ttf', 'timesi.ttf', 'trebuc.ttf', 'trebucbd.ttf', 'trebucbi.ttf', 'trebucit.ttf', 'verdana.ttf', 'verdanab.ttf', 'verdanai.ttf', 'verdanaz.ttf', 'vga737.fon', 'vga775.fon', 'vga850.fon', 'vga852.fon', 'vga855.fon', 'vga857.fon', 'vga860.fon', 'vga861.fon', 'vga863.fon', 'vga865.fon', 'vga866.fon', 'vga869.fon', 'vga932.fon', 'vga936.fon', 'vga949.fon', 'vga950.fon', 'vgaf1255.fon', 'vgaf1256.fon', 'vgaf1257.fon', 'vgaf874.fon', 'vgafix.fon', 'vgafixe.fon', 'vgafixg.fon', 'vgafixr.fon', 'vgafixt.fon', 'vgaoem.fon', 'vgas1255.fon', 'vgas1256.fon', 'vgas1257.fon', 'vgas874.fon', 'vgasys.fon', 'vgasyse.fon', 'vgasysg.fon', 'vgasysr.fon', 'vgasyst.fon', 'VINERITC.TTF', 'VIVALDII.TTF', 'VLADIMIR.TTF', 'webdings.ttf', 'wingding.ttf', 'WINGDNG2.TTF', 'WINGDNG3.TTF', 'YuGothB.ttc', 'YuGothL.ttc', 'YuGothM.ttc', 'YuGothR.ttc', '\u534e\u5eb7\u65b9\u5706\u4f53W7.TTC', '\u65b9\u6b63\u7c97\u9ed1\u5b8b\u7b80\u4f53.ttf']
2023-09-27 15:05:05,254 - INFO - all fonts installed:['8514fix.fon', '8514fixe.fon', '8514fixg.fon', '8514fixr.fon', '8514fixt.fon', '8514oem.fon', '8514oeme.fon', '8514oemg.fon', '8514oemr.fon', '8514oemt.fon', '8514sys.fon', '8514syse.fon', '8514sysg.fon', '8514sysr.fon', '8514syst.fon', '85775.fon', '85855.fon', '85f1255.fon', '85f1256.fon', '85f1257.fon', '85f874.fon', '85s1255.fon', '85s1256.fon', '85s1257.fon', '85s874.fon', 'AGENCYB.TTF', 'AGENCYR.TTF', 'ALGER.TTF', 'ANTQUAB.TTF', 'ANTQUABI.TTF', 'ANTQUAI.TTF', 'app775.fon', 'app850.fon', 'app852.fon', 'app855.fon', 'app857.fon', 'app866.fon', 'app932.fon', 'app936.fon', 'app949.fon', 'app950.fon', 'arial.ttf', 'arialbd.ttf', 'arialbi.ttf', 'ariali.ttf', 'ARIALN.TTF', 'ARIALNB.TTF', 'ARIALNBI.TTF', 'ARIALNI.TTF', 'ariblk.ttf', 'ARLRDBD.TTF', 'AxureHandwriting-Bold.otf', 'AxureHandwriting-BoldItalic.otf', 'AxureHandwriting-Italic.otf', 'AxureHandwriting.otf', 'bahnschrift.ttf', 'BASKVILL.TTF', 'BAUHS93.TTF', 'BELL.TTF', 'BELLB.TTF', 'BELLI.TTF', 'BERNHC.TTF', 'BKANT.TTF', 'BOD_B.TTF', 'BOD_BI.TTF', 'BOD_BLAI.TTF', 'BOD_BLAR.TTF', 'BOD_CB.TTF', 'BOD_CBI.TTF', 'BOD_CI.TTF', 'BOD_CR.TTF', 'BOD_I.TTF', 'BOD_PSTC.TTF', 'BOD_R.TTF', 'BOOKOS.TTF', 'BOOKOSB.TTF', 'BOOKOSBI.TTF', 'BOOKOSI.TTF', 'BRADHITC.TTF', 'BRITANIC.TTF', 'BRLNSB.TTF', 'BRLNSDB.TTF', 'BRLNSR.TTF', 'BROADW.TTF', 'BRUSHSCI.TTF', 'BSSYM7.TTF', 'c8514fix.fon', 'c8514oem.fon', 'c8514sys.fon', 'calibri.ttf', 'calibrib.ttf', 'calibrii.ttf', 'calibril.ttf', 'calibrili.ttf', 'calibriz.ttf', 'CALIFB.TTF', 'CALIFI.TTF', 'CALIFR.TTF', 'CALIST.TTF', 'CALISTB.TTF', 'CALISTBI.TTF', 'CALISTI.TTF', 'cambria.ttc', 'cambriab.ttf', 'cambriai.ttf', 'cambriaz.ttf', 'Candara.ttf', 'Candarab.ttf', 'Candarai.ttf', 'Candaral.ttf', 'Candarali.ttf', 'Candaraz.ttf', 'CascadiaCode.ttf', 'CascadiaMono.ttf', 'CASTELAR.TTF', 'CENSCBK.TTF', 'CENTAUR.TTF', 'CENTURY.TTF', 'cga40737.fon', 'cga40850.fon', 'cga40852.fon', 'cga40857.fon', 'cga40866.fon', 'cga40869.fon', 'cga40woa.fon', 'cga80737.fon', 'cga80850.fon', 'cga80852.fon', 'cga80857.fon', 'cga80866.fon', 'cga80869.fon', 'cga80woa.fon', 'CHILLER.TTF', 'COLONNA.TTF', 'comic.ttf', 'comicbd.ttf', 'comici.ttf', 'comicz.ttf', 'consola.ttf', 'consolab.ttf', 'consolai.ttf', 'consolaz.ttf', 'constan.ttf', 'constanb.ttf', 'constani.ttf', 'constanz.ttf', 'COOPBL.TTF', 'COPRGTB.TTF', 'COPRGTL.TTF', 'corbel.ttf', 'corbelb.ttf', 'corbeli.ttf', 'corbell.ttf', 'corbelli.ttf', 'corbelz.ttf', 'coue1255.fon', 'coue1256.fon', 'coue1257.fon', 'couf1255.fon', 'couf1256.fon', 'couf1257.fon', 'cour.ttf', 'courbd.ttf', 'courbi.ttf', 'coure.fon', 'couree.fon', 'coureg.fon', 'courer.fon', 'couret.fon', 'courf.fon', 'courfe.fon', 'courfg.fon', 'courfr.fon', 'courft.fon', 'couri.ttf', 'CURLZ___.TTF', 'cvgafix.fon', 'cvgasys.fon', 'Deng.ttf', 'Dengb.ttf', 'Dengl.ttf', 'desktop.ini', 'dos737.fon', 'dos869.fon', 'dosapp.fon', 'DUBAI-BOLD.TTF', 'DUBAI-LIGHT.TTF', 'DUBAI-MEDIUM.TTF', 'DUBAI-REGULAR.TTF', 'ebrima.ttf', 'ebrimabd.ttf', 'ega40737.fon', 'ega40850.fon', 'ega40852.fon', 'ega40857.fon', 'ega40866.fon', 'ega40869.fon', 'ega40woa.fon', 'ega80737.fon', 'ega80850.fon', 'ega80852.fon', 'ega80857.fon', 'ega80866.fon', 'ega80869.fon', 'ega80woa.fon', 'ELEPHNT.TTF', 'ELEPHNTI.TTF', 'ENGR.TTF', 'ERASBD.TTF', 'ERASDEMI.TTF', 'ERASLGHT.TTF', 'ERASMD.TTF', 'FELIXTI.TTF', 'fms_metadata.xml', 'FORTE.TTF', 'FRABK.TTF', 'FRABKIT.TTF', 'FRADM.TTF', 'FRADMCN.TTF', 'FRADMIT.TTF', 'FRAHV.TTF', 'FRAHVIT.TTF', 'framd.ttf', 'FRAMDCN.TTF', 'framdit.ttf', 'FREESCPT.TTF', 'FRSCRIPT.TTF', 'FTLTLT.TTF', 'FZSTK.TTF', 'FZYTK.TTF', 'Gabriola.ttf', 'gadugi.ttf', 'gadugib.ttf', 'GARA.TTF', 'GARABD.TTF', 'GARAIT.TTF', 'georgia.ttf', 'georgiab.ttf', 'georgiai.ttf', 'georgiaz.ttf', 'GIGI.TTF', 'GILBI___.TTF', 'GILB____.TTF', 'GILC____.TTF', 'GILI____.TTF', 'GILLUBCD.TTF', 'GILSANUB.TTF', 'GIL_____.TTF', 'GLECB.TTF', 'GlobalMonospace.CompositeFont', 'GlobalSansSerif.CompositeFont', 'GlobalSerif.CompositeFont', 'GlobalUserInterface.CompositeFont', 'GLSNECB.TTF', 'GOTHIC.TTF', 'GOTHICB.TTF', 'GOTHICBI.TTF', 'GOTHICI.TTF', 'GOUDOS.TTF', 'GOUDOSB.TTF', 'GOUDOSI.TTF', 'GOUDYSTO.TTF', 'h8514fix.fon', 'h8514oem.fon', 'h8514sys.fon', 'HARLOWSI.TTF', 'HARNGTON.TTF', 'HATTEN.TTF', 'HGB1X_CNKI.ttf', 'HGB1_CNKI.ttf', 'HGB2X_CNKI.ttf', 'HGB2_CNKI.ttf', 'HGB3X_CNKI.ttf', 'HGB3_CNKI.ttf', 'HGB4X_CNKI.ttf', 'HGB4_CNKI.ttf', 'HGB5X_CNKI.ttf', 'HGB5_CNKI.ttf', 'HGB6X_CNKI.ttf', 'HGB6_CNKI.ttf', 'HGB7X_CNKI.ttf', 'HGB7_CNKI.ttf', 'HGB8X_CNKI.ttf', 'HGB8_CNKI.ttf', 'HGBD_CNKI.ttf', 'HGBKBX_CNKI.ttf', 'HGBKB_CNKI.ttf', 'HGBKHX_CNKI.ttf', 'HGBKH_CNKI.ttf', 'HGBS1_CNKI.TTF', 'HGBS2_CNKI.TTF', 'HGBS_CNKI.TTF', 'HGBTH_CNKI.TTF', 'HGBTS_CNKI.TTF', 'HGBX_CNKI.ttf', 'HGBZ_CNKI.ttf', 'HGCH_CNKI.TTF', 'HGCUH_CNKI.TTF', 'HGCY_CNKI.TTF', 'HGDBS_CNKI.TTF', 'HGDGY_CNKI.TTF', 'HGDH2_CNKI.TTF', 'HGDH_CNKI.TTF', 'HGDYS_CNKI.TTF', 'HGDY_CNKI.ttf', 'HGF1X_CNKI.ttf', 'HGF1_CNKI.ttf', 'HGF2X_CNKI.ttf', 'HGF2_CNKI.ttf', 'HGF3_CNKI.ttf', 'HGF4X_CNKI.ttf', 'HGF4_CNKI.ttf', 'HGF5X_CNKI.ttf', 'HGF5_CNKI.ttf', 'HGF6X_CNKI.ttf', 'HGF6_CNKI.ttf', 'HGF7X_CNKI.ttf', 'HGF7_CNKI.ttf', 'HGF8_CNKI.ttf', 'HGF9X_CNKI.ttf', 'HGF9_CNKI.ttf', 'HGFS1_CNKI.TTF', 'HGFS2_CNKI.TTF', 'HGFSH_CNKI.TTF', 'HGFS_CNKI.TTF', 'HGFX_CNKI.ttf', 'HGFZ_CNKI.ttf', 'HGGG_CNKI.TTF', 'HGH1X_CNKI.ttf', 'HGH1_CNKI.ttf', 'HGH2X_CNKI.ttf', 'HGH2_CNKI.ttf', 'HGH3X_CNKI.ttf', 'HGH3_CNKI.ttf', 'HGH4X_CNKI.ttf', 'HGH4_CNKI.ttf', 'HGH5X_CNKI.ttf', 'HGH5_CNKI.ttf', 'HGH6X_CNKI.ttf', 'HGH6_CNKI.ttf', 'HGH7X_CNKI.ttf', 'HGH7_CNKI.ttf', 'HGHB_CNKI.TTF', 'HGHD_CNKI.ttf', 'HGHP_CNKI.TTF', 'HGHT1_CNKI.ttf', 'HGHT2_CNKI.ttf', 'HGHUATI_CNKI.ttf', 'HGHX_CNKI.ttf', 'HGHZ_CNKI.ttf', 'HGH_CNKI.TTF', 'HGKT1_CNKI.TTF', 'HGKT2_CNKI.TTF', 'HGKT_CNKI.TTF', 'HGKY_CNKI.ttf', 'HGLB_CNKI.TTF', 'HGLS_CNKI.TTF', 'HGMH_CNKI.TTF', 'HGNBS_CNKI.ttf', 'HGOCR_CNKI.ttf', 'HGPH_CNKI.TTF', 'HGPTY_CNKI.TTF', 'HGSS1_CNKI.TTF', 'HGSS2_CNKI.TTF', 'HGSS_CNKI.TTF', 'HGSXT_CNKI.ttf', 'HGTT_CNKI.ttf', 'HGTX_CNKI.TTF', 'HGWT_CNKI.TTF', 'HGWYS_CNKI.TTF', 'HGX1X_CNKI.ttf', 'HGX1_CNKI.ttf', 'HGXBS_CNKI.TTF', 'HGXC_CNKI.TTF', 'HGXF1_CNKI.ttf', 'HGXFX_CNKI.ttf', 'HGXFZ_CNKI.ttf', 'HGXH1_CNKI.TTF', 'HGXH_CNKI.TTF', 'HGXK_CNKI.TTF', 'HGXL_CNKI.TTF', 'HGXS_CNKI.TTF', 'HGXT_CNKI.ttf', 'HGXY_CNKI.ttf', 'HGY1_CNKI.TTF', 'HGY2_CNKI.TTF', 'HGY3_CNKI.TTF', 'HGY4_CNKI.TTF', 'HGYB_CNKI.ttf', 'HGYT1_CNKI.ttf', 'HGYT2_CNKI.ttf', 'HGYT_CNKI.TTF', 'HGYX_CNKI.TTF', 'HGZCS_CNKI.TTF', 'HGZDX_CNKI.TTF', 'HGZK_CNKI.TTF', 'HGZYT_CNKI.TTF', 'HGZY_CNKI.TTF', 'himalaya.ttf', 'holomdl2.ttf', 'HTOWERT.TTF', 'HTOWERTI.TTF', 'hvgafix.fon', 'hvgasys.fon', 'impact.ttf', 'IMPRISHA.TTF', 'INFROMAN.TTF', 'Inkfree.ttf', 'iqiyi_logov7.ttf', 'ITCBLKAD.TTF', 'ITCEDSCR.TTF', 'ITCKRIST.TTF', 'j8514fix.fon', 'j8514oem.fon', 'j8514sys.fon', 'javatext.ttf', 'JOKERMAN.TTF', 'jsmalle.fon', 'jsmallf.fon', 'JUICE___.TTF', 'jvgafix.fon', 'jvgasys.fon', 'KUNSTLER.TTF', 'LATINWD.TTF', 'LBRITE.TTF', 'LBRITED.TTF', 'LBRITEDI.TTF', 'LBRITEI.TTF', 'LCALLIG.TTF', 'LeelaUIb.ttf', 'LeelawUI.ttf', 'LeelUIsl.ttf', 'LFAX.TTF', 'LFAXD.TTF', 'LFAXDI.TTF', 'LFAXI.TTF', 'LHANDW.TTF', 'LSANS.TTF', 'LSANSD.TTF', 'LSANSDI.TTF', 'LSANSI.TTF', 'LTYPE.TTF', 'LTYPEB.TTF', 'LTYPEBO.TTF', 'LTYPEO.TTF', 'lucon.ttf', 'l_10646.ttf', 'MAGNETOB.TTF', 'MAIAN.TTF', 'malgun.ttf', 'malgunbd.ttf', 'malgunsl.ttf', 'marlett.ttf', 'MATURASC.TTF', 'micross.ttf', 'mingliub.ttc', 'MISTRAL.TTF', 'mmrtext.ttf', 'mmrtextb.ttf', 'MOD20.TTF', 'modern.fon', 'monbaiti.ttf', 'msgothic.ttc', 'msjh.ttc', 'msjhbd.ttc', 'msjhl.ttc', 'msyh.ttc', 'msyhbd.ttc', 'msyhl.ttc', 'msyi.ttf', 'MTCORSVA.TTF', 'MTEXTRA.TTF', 'mvboli.ttf', 'NIAGENG.TTF', 'NIAGSOL.TTF', 'Nirmala.ttf', 'NirmalaB.ttf', 'NirmalaS.ttf', 'ntailu.ttf', 'ntailub.ttf', 'NumberOnly.ttf', 'OCRAEXT.TTF', 'OLDENGL.TTF', 'ONYX.TTF', 'OUTLOOK.TTF', 'pala.ttf', 'palab.ttf', 'palabi.ttf', 'palai.ttf', 'PALSCRI.TTF', 'PAPYRUS.TTF', 'PARCHM.TTF', 'PERBI___.TTF', 'PERB____.TTF', 'PERI____.TTF', 'PERTIBD.TTF', 'PERTILI.TTF', 'PER_____.TTF', 'phagspa.ttf', 'phagspab.ttf', 'PLAYBILL.TTF', 'POORICH.TTF', 'PRISTINA.TTF', 'RAGE.TTF', 'RAVIE.TTF', 'REFSAN.TTF', 'REFSPCL.TTF', 'ROCCB___.TTF', 'ROCC____.TTF', 'ROCK.TTF', 'ROCKB.TTF', 'ROCKBI.TTF', 'ROCKEB.TTF', 'ROCKI.TTF', 'roman.fon', 's8514fix.fon', 's8514oem.fon', 's8514sys.fon', 'SCHLBKB.TTF', 'SCHLBKBI.TTF', 'SCHLBKI.TTF', 'script.fon', 'SCRIPTBL.TTF', 'segmdl2.ttf', 'SegoeIcons.ttf', 'segoepr.ttf', 'segoeprb.ttf', 'segoesc.ttf', 'segoescb.ttf', 'segoeui.ttf', 'segoeuib.ttf', 'segoeuii.ttf', 'segoeuil.ttf', 'segoeuisl.ttf', 'segoeuiz.ttf', 'seguibl.ttf', 'seguibli.ttf', 'seguiemj.ttf', 'seguihis.ttf', 'seguili.ttf', 'seguisb.ttf', 'seguisbi.ttf', 'seguisli.ttf', 'seguisym.ttf', 'SegUIVar.ttf', 'sere1255.fon', 'sere1256.fon', 'sere1257.fon', 'serf1255.fon', 'serf1256.fon', 'serf1257.fon', 'serife.fon', 'serifee.fon', 'serifeg.fon', 'serifer.fon', 'serifet.fon', 'seriff.fon', 'seriffe.fon', 'seriffg.fon', 'seriffr.fon', 'serifft.fon', 'SHOWG.TTF', 'simfang.ttf', 'simhei.ttf', 'simkai.ttf', 'SIMLI.TTF', 'simsun.ttc', 'simsunb.ttf', 'SIMYOU.TTF', 'SitkaVF-Italic.ttf', 'SitkaVF.ttf', 'smae1255.fon', 'smae1256.fon', 'smae1257.fon', 'smaf1255.fon', 'smaf1256.fon', 'smaf1257.fon', 'smalle.fon', 'smallee.fon', 'smalleg.fon', 'smaller.fon', 'smallet.fon', 'smallf.fon', 'smallfe.fon', 'smallfg.fon', 'smallfr.fon', 'smallft.fon', 'SNAP____.TTF', 'ssee1255.fon', 'ssee1256.fon', 'ssee1257.fon', 'ssee874.fon', 'ssef1255.fon', 'ssef1256.fon', 'ssef1257.fon', 'ssef874.fon', 'sserife.fon', 'sserifee.fon', 'sserifeg.fon', 'sserifer.fon', 'sserifet.fon', 'sseriff.fon', 'sseriffe.fon', 'sseriffg.fon', 'sseriffr.fon', 'sserifft.fon', 'StaticCache.dat', 'STCAIYUN.TTF', 'STENCIL.TTF', 'STFANGSO.TTF', 'STHUPO.TTF', 'STKAITI.TTF', 'STLITI.TTF', 'STSONG.TTF', 'STXIHEI.TTF', 'STXINGKA.TTF', 'STXINWEI.TTF', 'STZHONGS.TTF', 'svgafix.fon', 'svgasys.fon', 'sylfaen.ttf', 'symbol.ttf', 'tahoma.ttf', 'tahomabd.ttf', 'taile.ttf', 'taileb.ttf', 'TCBI____.TTF', 'TCB_____.TTF', 'TCCB____.TTF', 'TCCEB.TTF', 'TCCM____.TTF', 'TCMI____.TTF', 'TCM_____.TTF', 'TEMPSITC.TTF', 'times.ttf', 'timesbd.ttf', 'timesbi.ttf', 'timesi.ttf', 'trebuc.ttf', 'trebucbd.ttf', 'trebucbi.ttf', 'trebucit.ttf', 'verdana.ttf', 'verdanab.ttf', 'verdanai.ttf', 'verdanaz.ttf', 'vga737.fon', 'vga775.fon', 'vga850.fon', 'vga852.fon', 'vga855.fon', 'vga857.fon', 'vga860.fon', 'vga861.fon', 'vga863.fon', 'vga865.fon', 'vga866.fon', 'vga869.fon', 'vga932.fon', 'vga936.fon', 'vga949.fon', 'vga950.fon', 'vgaf1255.fon', 'vgaf1256.fon', 'vgaf1257.fon', 'vgaf874.fon', 'vgafix.fon', 'vgafixe.fon', 'vgafixg.fon', 'vgafixr.fon', 'vgafixt.fon', 'vgaoem.fon', 'vgas1255.fon', 'vgas1256.fon', 'vgas1257.fon', 'vgas874.fon', 'vgasys.fon', 'vgasyse.fon', 'vgasysg.fon', 'vgasysr.fon', 'vgasyst.fon', 'VINERITC.TTF', 'VIVALDII.TTF', 'VLADIMIR.TTF', 'webdings.ttf', 'wingding.ttf', 'WINGDNG2.TTF', 'WINGDNG3.TTF', 'YuGothB.ttc', 'YuGothL.ttc', 'YuGothM.ttc', 'YuGothR.ttc', '\u534e\u5eb7\u65b9\u5706\u4f53W7.TTC', '\u65b9\u6b63\u7c97\u9ed1\u5b8b\u7b80\u4f53.ttf']
2023-09-27 15:05:05,500 - INFO - all fonts installed:['8514fix.fon', '8514fixe.fon', '8514fixg.fon', '8514fixr.fon', '8514fixt.fon', '8514oem.fon', '8514oeme.fon', '8514oemg.fon', '8514oemr.fon', '8514oemt.fon', '8514sys.fon', '8514syse.fon', '8514sysg.fon', '8514sysr.fon', '8514syst.fon', '85775.fon', '85855.fon', '85f1255.fon', '85f1256.fon', '85f1257.fon', '85f874.fon', '85s1255.fon', '85s1256.fon', '85s1257.fon', '85s874.fon', 'AGENCYB.TTF', 'AGENCYR.TTF', 'ALGER.TTF', 'ANTQUAB.TTF', 'ANTQUABI.TTF', 'ANTQUAI.TTF', 'app775.fon', 'app850.fon', 'app852.fon', 'app855.fon', 'app857.fon', 'app866.fon', 'app932.fon', 'app936.fon', 'app949.fon', 'app950.fon', 'arial.ttf', 'arialbd.ttf', 'arialbi.ttf', 'ariali.ttf', 'ARIALN.TTF', 'ARIALNB.TTF', 'ARIALNBI.TTF', 'ARIALNI.TTF', 'ariblk.ttf', 'ARLRDBD.TTF', 'AxureHandwriting-Bold.otf', 'AxureHandwriting-BoldItalic.otf', 'AxureHandwriting-Italic.otf', 'AxureHandwriting.otf', 'bahnschrift.ttf', 'BASKVILL.TTF', 'BAUHS93.TTF', 'BELL.TTF', 'BELLB.TTF', 'BELLI.TTF', 'BERNHC.TTF', 'BKANT.TTF', 'BOD_B.TTF', 'BOD_BI.TTF', 'BOD_BLAI.TTF', 'BOD_BLAR.TTF', 'BOD_CB.TTF', 'BOD_CBI.TTF', 'BOD_CI.TTF', 'BOD_CR.TTF', 'BOD_I.TTF', 'BOD_PSTC.TTF', 'BOD_R.TTF', 'BOOKOS.TTF', 'BOOKOSB.TTF', 'BOOKOSBI.TTF', 'BOOKOSI.TTF', 'BRADHITC.TTF', 'BRITANIC.TTF', 'BRLNSB.TTF', 'BRLNSDB.TTF', 'BRLNSR.TTF', 'BROADW.TTF', 'BRUSHSCI.TTF', 'BSSYM7.TTF', 'c8514fix.fon', 'c8514oem.fon', 'c8514sys.fon', 'calibri.ttf', 'calibrib.ttf', 'calibrii.ttf', 'calibril.ttf', 'calibrili.ttf', 'calibriz.ttf', 'CALIFB.TTF', 'CALIFI.TTF', 'CALIFR.TTF', 'CALIST.TTF', 'CALISTB.TTF', 'CALISTBI.TTF', 'CALISTI.TTF', 'cambria.ttc', 'cambriab.ttf', 'cambriai.ttf', 'cambriaz.ttf', 'Candara.ttf', 'Candarab.ttf', 'Candarai.ttf', 'Candaral.ttf', 'Candarali.ttf', 'Candaraz.ttf', 'CascadiaCode.ttf', 'CascadiaMono.ttf', 'CASTELAR.TTF', 'CENSCBK.TTF', 'CENTAUR.TTF', 'CENTURY.TTF', 'cga40737.fon', 'cga40850.fon', 'cga40852.fon', 'cga40857.fon', 'cga40866.fon', 'cga40869.fon', 'cga40woa.fon', 'cga80737.fon', 'cga80850.fon', 'cga80852.fon', 'cga80857.fon', 'cga80866.fon', 'cga80869.fon', 'cga80woa.fon', 'CHILLER.TTF', 'COLONNA.TTF', 'comic.ttf', 'comicbd.ttf', 'comici.ttf', 'comicz.ttf', 'consola.ttf', 'consolab.ttf', 'consolai.ttf', 'consolaz.ttf', 'constan.ttf', 'constanb.ttf', 'constani.ttf', 'constanz.ttf', 'COOPBL.TTF', 'COPRGTB.TTF', 'COPRGTL.TTF', 'corbel.ttf', 'corbelb.ttf', 'corbeli.ttf', 'corbell.ttf', 'corbelli.ttf', 'corbelz.ttf', 'coue1255.fon', 'coue1256.fon', 'coue1257.fon', 'couf1255.fon', 'couf1256.fon', 'couf1257.fon', 'cour.ttf', 'courbd.ttf', 'courbi.ttf', 'coure.fon', 'couree.fon', 'coureg.fon', 'courer.fon', 'couret.fon', 'courf.fon', 'courfe.fon', 'courfg.fon', 'courfr.fon', 'courft.fon', 'couri.ttf', 'CURLZ___.TTF', 'cvgafix.fon', 'cvgasys.fon', 'Deng.ttf', 'Dengb.ttf', 'Dengl.ttf', 'desktop.ini', 'dos737.fon', 'dos869.fon', 'dosapp.fon', 'DUBAI-BOLD.TTF', 'DUBAI-LIGHT.TTF', 'DUBAI-MEDIUM.TTF', 'DUBAI-REGULAR.TTF', 'ebrima.ttf', 'ebrimabd.ttf', 'ega40737.fon', 'ega40850.fon', 'ega40852.fon', 'ega40857.fon', 'ega40866.fon', 'ega40869.fon', 'ega40woa.fon', 'ega80737.fon', 'ega80850.fon', 'ega80852.fon', 'ega80857.fon', 'ega80866.fon', 'ega80869.fon', 'ega80woa.fon', 'ELEPHNT.TTF', 'ELEPHNTI.TTF', 'ENGR.TTF', 'ERASBD.TTF', 'ERASDEMI.TTF', 'ERASLGHT.TTF', 'ERASMD.TTF', 'FELIXTI.TTF', 'fms_metadata.xml', 'FORTE.TTF', 'FRABK.TTF', 'FRABKIT.TTF', 'FRADM.TTF', 'FRADMCN.TTF', 'FRADMIT.TTF', 'FRAHV.TTF', 'FRAHVIT.TTF', 'framd.ttf', 'FRAMDCN.TTF', 'framdit.ttf', 'FREESCPT.TTF', 'FRSCRIPT.TTF', 'FTLTLT.TTF', 'FZSTK.TTF', 'FZYTK.TTF', 'Gabriola.ttf', 'gadugi.ttf', 'gadugib.ttf', 'GARA.TTF', 'GARABD.TTF', 'GARAIT.TTF', 'georgia.ttf', 'georgiab.ttf', 'georgiai.ttf', 'georgiaz.ttf', 'GIGI.TTF', 'GILBI___.TTF', 'GILB____.TTF', 'GILC____.TTF', 'GILI____.TTF', 'GILLUBCD.TTF', 'GILSANUB.TTF', 'GIL_____.TTF', 'GLECB.TTF', 'GlobalMonospace.CompositeFont', 'GlobalSansSerif.CompositeFont', 'GlobalSerif.CompositeFont', 'GlobalUserInterface.CompositeFont', 'GLSNECB.TTF', 'GOTHIC.TTF', 'GOTHICB.TTF', 'GOTHICBI.TTF', 'GOTHICI.TTF', 'GOUDOS.TTF', 'GOUDOSB.TTF', 'GOUDOSI.TTF', 'GOUDYSTO.TTF', 'h8514fix.fon', 'h8514oem.fon', 'h8514sys.fon', 'HARLOWSI.TTF', 'HARNGTON.TTF', 'HATTEN.TTF', 'HGB1X_CNKI.ttf', 'HGB1_CNKI.ttf', 'HGB2X_CNKI.ttf', 'HGB2_CNKI.ttf', 'HGB3X_CNKI.ttf', 'HGB3_CNKI.ttf', 'HGB4X_CNKI.ttf', 'HGB4_CNKI.ttf', 'HGB5X_CNKI.ttf', 'HGB5_CNKI.ttf', 'HGB6X_CNKI.ttf', 'HGB6_CNKI.ttf', 'HGB7X_CNKI.ttf', 'HGB7_CNKI.ttf', 'HGB8X_CNKI.ttf', 'HGB8_CNKI.ttf', 'HGBD_CNKI.ttf', 'HGBKBX_CNKI.ttf', 'HGBKB_CNKI.ttf', 'HGBKHX_CNKI.ttf', 'HGBKH_CNKI.ttf', 'HGBS1_CNKI.TTF', 'HGBS2_CNKI.TTF', 'HGBS_CNKI.TTF', 'HGBTH_CNKI.TTF', 'HGBTS_CNKI.TTF', 'HGBX_CNKI.ttf', 'HGBZ_CNKI.ttf', 'HGCH_CNKI.TTF', 'HGCUH_CNKI.TTF', 'HGCY_CNKI.TTF', 'HGDBS_CNKI.TTF', 'HGDGY_CNKI.TTF', 'HGDH2_CNKI.TTF', 'HGDH_CNKI.TTF', 'HGDYS_CNKI.TTF', 'HGDY_CNKI.ttf', 'HGF1X_CNKI.ttf', 'HGF1_CNKI.ttf', 'HGF2X_CNKI.ttf', 'HGF2_CNKI.ttf', 'HGF3_CNKI.ttf', 'HGF4X_CNKI.ttf', 'HGF4_CNKI.ttf', 'HGF5X_CNKI.ttf', 'HGF5_CNKI.ttf', 'HGF6X_CNKI.ttf', 'HGF6_CNKI.ttf', 'HGF7X_CNKI.ttf', 'HGF7_CNKI.ttf', 'HGF8_CNKI.ttf', 'HGF9X_CNKI.ttf', 'HGF9_CNKI.ttf', 'HGFS1_CNKI.TTF', 'HGFS2_CNKI.TTF', 'HGFSH_CNKI.TTF', 'HGFS_CNKI.TTF', 'HGFX_CNKI.ttf', 'HGFZ_CNKI.ttf', 'HGGG_CNKI.TTF', 'HGH1X_CNKI.ttf', 'HGH1_CNKI.ttf', 'HGH2X_CNKI.ttf', 'HGH2_CNKI.ttf', 'HGH3X_CNKI.ttf', 'HGH3_CNKI.ttf', 'HGH4X_CNKI.ttf', 'HGH4_CNKI.ttf', 'HGH5X_CNKI.ttf', 'HGH5_CNKI.ttf', 'HGH6X_CNKI.ttf', 'HGH6_CNKI.ttf', 'HGH7X_CNKI.ttf', 'HGH7_CNKI.ttf', 'HGHB_CNKI.TTF', 'HGHD_CNKI.ttf', 'HGHP_CNKI.TTF', 'HGHT1_CNKI.ttf', 'HGHT2_CNKI.ttf', 'HGHUATI_CNKI.ttf', 'HGHX_CNKI.ttf', 'HGHZ_CNKI.ttf', 'HGH_CNKI.TTF', 'HGKT1_CNKI.TTF', 'HGKT2_CNKI.TTF', 'HGKT_CNKI.TTF', 'HGKY_CNKI.ttf', 'HGLB_CNKI.TTF', 'HGLS_CNKI.TTF', 'HGMH_CNKI.TTF', 'HGNBS_CNKI.ttf', 'HGOCR_CNKI.ttf', 'HGPH_CNKI.TTF', 'HGPTY_CNKI.TTF', 'HGSS1_CNKI.TTF', 'HGSS2_CNKI.TTF', 'HGSS_CNKI.TTF', 'HGSXT_CNKI.ttf', 'HGTT_CNKI.ttf', 'HGTX_CNKI.TTF', 'HGWT_CNKI.TTF', 'HGWYS_CNKI.TTF', 'HGX1X_CNKI.ttf', 'HGX1_CNKI.ttf', 'HGXBS_CNKI.TTF', 'HGXC_CNKI.TTF', 'HGXF1_CNKI.ttf', 'HGXFX_CNKI.ttf', 'HGXFZ_CNKI.ttf', 'HGXH1_CNKI.TTF', 'HGXH_CNKI.TTF', 'HGXK_CNKI.TTF', 'HGXL_CNKI.TTF', 'HGXS_CNKI.TTF', 'HGXT_CNKI.ttf', 'HGXY_CNKI.ttf', 'HGY1_CNKI.TTF', 'HGY2_CNKI.TTF', 'HGY3_CNKI.TTF', 'HGY4_CNKI.TTF', 'HGYB_CNKI.ttf', 'HGYT1_CNKI.ttf', 'HGYT2_CNKI.ttf', 'HGYT_CNKI.TTF', 'HGYX_CNKI.TTF', 'HGZCS_CNKI.TTF', 'HGZDX_CNKI.TTF', 'HGZK_CNKI.TTF', 'HGZYT_CNKI.TTF', 'HGZY_CNKI.TTF', 'himalaya.ttf', 'holomdl2.ttf', 'HTOWERT.TTF', 'HTOWERTI.TTF', 'hvgafix.fon', 'hvgasys.fon', 'impact.ttf', 'IMPRISHA.TTF', 'INFROMAN.TTF', 'Inkfree.ttf', 'iqiyi_logov7.ttf', 'ITCBLKAD.TTF', 'ITCEDSCR.TTF', 'ITCKRIST.TTF', 'j8514fix.fon', 'j8514oem.fon', 'j8514sys.fon', 'javatext.ttf', 'JOKERMAN.TTF', 'jsmalle.fon', 'jsmallf.fon', 'JUICE___.TTF', 'jvgafix.fon', 'jvgasys.fon', 'KUNSTLER.TTF', 'LATINWD.TTF', 'LBRITE.TTF', 'LBRITED.TTF', 'LBRITEDI.TTF', 'LBRITEI.TTF', 'LCALLIG.TTF', 'LeelaUIb.ttf', 'LeelawUI.ttf', 'LeelUIsl.ttf', 'LFAX.TTF', 'LFAXD.TTF', 'LFAXDI.TTF', 'LFAXI.TTF', 'LHANDW.TTF', 'LSANS.TTF', 'LSANSD.TTF', 'LSANSDI.TTF', 'LSANSI.TTF', 'LTYPE.TTF', 'LTYPEB.TTF', 'LTYPEBO.TTF', 'LTYPEO.TTF', 'lucon.ttf', 'l_10646.ttf', 'MAGNETOB.TTF', 'MAIAN.TTF', 'malgun.ttf', 'malgunbd.ttf', 'malgunsl.ttf', 'marlett.ttf', 'MATURASC.TTF', 'micross.ttf', 'mingliub.ttc', 'MISTRAL.TTF', 'mmrtext.ttf', 'mmrtextb.ttf', 'MOD20.TTF', 'modern.fon', 'monbaiti.ttf', 'msgothic.ttc', 'msjh.ttc', 'msjhbd.ttc', 'msjhl.ttc', 'msyh.ttc', 'msyhbd.ttc', 'msyhl.ttc', 'msyi.ttf', 'MTCORSVA.TTF', 'MTEXTRA.TTF', 'mvboli.ttf', 'NIAGENG.TTF', 'NIAGSOL.TTF', 'Nirmala.ttf', 'NirmalaB.ttf', 'NirmalaS.ttf', 'ntailu.ttf', 'ntailub.ttf', 'NumberOnly.ttf', 'OCRAEXT.TTF', 'OLDENGL.TTF', 'ONYX.TTF', 'OUTLOOK.TTF', 'pala.ttf', 'palab.ttf', 'palabi.ttf', 'palai.ttf', 'PALSCRI.TTF', 'PAPYRUS.TTF', 'PARCHM.TTF', 'PERBI___.TTF', 'PERB____.TTF', 'PERI____.TTF', 'PERTIBD.TTF', 'PERTILI.TTF', 'PER_____.TTF', 'phagspa.ttf', 'phagspab.ttf', 'PLAYBILL.TTF', 'POORICH.TTF', 'PRISTINA.TTF', 'RAGE.TTF', 'RAVIE.TTF', 'REFSAN.TTF', 'REFSPCL.TTF', 'ROCCB___.TTF', 'ROCC____.TTF', 'ROCK.TTF', 'ROCKB.TTF', 'ROCKBI.TTF', 'ROCKEB.TTF', 'ROCKI.TTF', 'roman.fon', 's8514fix.fon', 's8514oem.fon', 's8514sys.fon', 'SCHLBKB.TTF', 'SCHLBKBI.TTF', 'SCHLBKI.TTF', 'script.fon', 'SCRIPTBL.TTF', 'segmdl2.ttf', 'SegoeIcons.ttf', 'segoepr.ttf', 'segoeprb.ttf', 'segoesc.ttf', 'segoescb.ttf', 'segoeui.ttf', 'segoeuib.ttf', 'segoeuii.ttf', 'segoeuil.ttf', 'segoeuisl.ttf', 'segoeuiz.ttf', 'seguibl.ttf', 'seguibli.ttf', 'seguiemj.ttf', 'seguihis.ttf', 'seguili.ttf', 'seguisb.ttf', 'seguisbi.ttf', 'seguisli.ttf', 'seguisym.ttf', 'SegUIVar.ttf', 'sere1255.fon', 'sere1256.fon', 'sere1257.fon', 'serf1255.fon', 'serf1256.fon', 'serf1257.fon', 'serife.fon', 'serifee.fon', 'serifeg.fon', 'serifer.fon', 'serifet.fon', 'seriff.fon', 'seriffe.fon', 'seriffg.fon', 'seriffr.fon', 'serifft.fon', 'SHOWG.TTF', 'simfang.ttf', 'simhei.ttf', 'simkai.ttf', 'SIMLI.TTF', 'simsun.ttc', 'simsunb.ttf', 'SIMYOU.TTF', 'SitkaVF-Italic.ttf', 'SitkaVF.ttf', 'smae1255.fon', 'smae1256.fon', 'smae1257.fon', 'smaf1255.fon', 'smaf1256.fon', 'smaf1257.fon', 'smalle.fon', 'smallee.fon', 'smalleg.fon', 'smaller.fon', 'smallet.fon', 'smallf.fon', 'smallfe.fon', 'smallfg.fon', 'smallfr.fon', 'smallft.fon', 'SNAP____.TTF', 'ssee1255.fon', 'ssee1256.fon', 'ssee1257.fon', 'ssee874.fon', 'ssef1255.fon', 'ssef1256.fon', 'ssef1257.fon', 'ssef874.fon', 'sserife.fon', 'sserifee.fon', 'sserifeg.fon', 'sserifer.fon', 'sserifet.fon', 'sseriff.fon', 'sseriffe.fon', 'sseriffg.fon', 'sseriffr.fon', 'sserifft.fon', 'StaticCache.dat', 'STCAIYUN.TTF', 'STENCIL.TTF', 'STFANGSO.TTF', 'STHUPO.TTF', 'STKAITI.TTF', 'STLITI.TTF', 'STSONG.TTF', 'STXIHEI.TTF', 'STXINGKA.TTF', 'STXINWEI.TTF', 'STZHONGS.TTF', 'svgafix.fon', 'svgasys.fon', 'sylfaen.ttf', 'symbol.ttf', 'tahoma.ttf', 'tahomabd.ttf', 'taile.ttf', 'taileb.ttf', 'TCBI____.TTF', 'TCB_____.TTF', 'TCCB____.TTF', 'TCCEB.TTF', 'TCCM____.TTF', 'TCMI____.TTF', 'TCM_____.TTF', 'TEMPSITC.TTF', 'times.ttf', 'timesbd.ttf', 'timesbi.ttf', 'timesi.ttf', 'trebuc.ttf', 'trebucbd.ttf', 'trebucbi.ttf', 'trebucit.ttf', 'verdana.ttf', 'verdanab.ttf', 'verdanai.ttf', 'verdanaz.ttf', 'vga737.fon', 'vga775.fon', 'vga850.fon', 'vga852.fon', 'vga855.fon', 'vga857.fon', 'vga860.fon', 'vga861.fon', 'vga863.fon', 'vga865.fon', 'vga866.fon', 'vga869.fon', 'vga932.fon', 'vga936.fon', 'vga949.fon', 'vga950.fon', 'vgaf1255.fon', 'vgaf1256.fon', 'vgaf1257.fon', 'vgaf874.fon', 'vgafix.fon', 'vgafixe.fon', 'vgafixg.fon', 'vgafixr.fon', 'vgafixt.fon', 'vgaoem.fon', 'vgas1255.fon', 'vgas1256.fon', 'vgas1257.fon', 'vgas874.fon', 'vgasys.fon', 'vgasyse.fon', 'vgasysg.fon', 'vgasysr.fon', 'vgasyst.fon', 'VINERITC.TTF', 'VIVALDII.TTF', 'VLADIMIR.TTF', 'webdings.ttf', 'wingding.ttf', 'WINGDNG2.TTF', 'WINGDNG3.TTF', 'YuGothB.ttc', 'YuGothL.ttc', 'YuGothM.ttc', 'YuGothR.ttc', '\u534e\u5eb7\u65b9\u5706\u4f53W7.TTC', '\u65b9\u6b63\u7c97\u9ed1\u5b8b\u7b80\u4f53.ttf']
2023-09-27 15:05:05,506 - INFO - all fonts installed:['8514fix.fon', '8514fixe.fon', '8514fixg.fon', '8514fixr.fon', '8514fixt.fon', '8514oem.fon', '8514oeme.fon', '8514oemg.fon', '8514oemr.fon', '8514oemt.fon', '8514sys.fon', '8514syse.fon', '8514sysg.fon', '8514sysr.fon', '8514syst.fon', '85775.fon', '85855.fon', '85f1255.fon', '85f1256.fon', '85f1257.fon', '85f874.fon', '85s1255.fon', '85s1256.fon', '85s1257.fon', '85s874.fon', 'AGENCYB.TTF', 'AGENCYR.TTF', 'ALGER.TTF', 'ANTQUAB.TTF', 'ANTQUABI.TTF', 'ANTQUAI.TTF', 'app775.fon', 'app850.fon', 'app852.fon', 'app855.fon', 'app857.fon', 'app866.fon', 'app932.fon', 'app936.fon', 'app949.fon', 'app950.fon', 'arial.ttf', 'arialbd.ttf', 'arialbi.ttf', 'ariali.ttf', 'ARIALN.TTF', 'ARIALNB.TTF', 'ARIALNBI.TTF', 'ARIALNI.TTF', 'ariblk.ttf', 'ARLRDBD.TTF', 'AxureHandwriting-Bold.otf', 'AxureHandwriting-BoldItalic.otf', 'AxureHandwriting-Italic.otf', 'AxureHandwriting.otf', 'bahnschrift.ttf', 'BASKVILL.TTF', 'BAUHS93.TTF', 'BELL.TTF', 'BELLB.TTF', 'BELLI.TTF', 'BERNHC.TTF', 'BKANT.TTF', 'BOD_B.TTF', 'BOD_BI.TTF', 'BOD_BLAI.TTF', 'BOD_BLAR.TTF', 'BOD_CB.TTF', 'BOD_CBI.TTF', 'BOD_CI.TTF', 'BOD_CR.TTF', 'BOD_I.TTF', 'BOD_PSTC.TTF', 'BOD_R.TTF', 'BOOKOS.TTF', 'BOOKOSB.TTF', 'BOOKOSBI.TTF', 'BOOKOSI.TTF', 'BRADHITC.TTF', 'BRITANIC.TTF', 'BRLNSB.TTF', 'BRLNSDB.TTF', 'BRLNSR.TTF', 'BROADW.TTF', 'BRUSHSCI.TTF', 'BSSYM7.TTF', 'c8514fix.fon', 'c8514oem.fon', 'c8514sys.fon', 'calibri.ttf', 'calibrib.ttf', 'calibrii.ttf', 'calibril.ttf', 'calibrili.ttf', 'calibriz.ttf', 'CALIFB.TTF', 'CALIFI.TTF', 'CALIFR.TTF', 'CALIST.TTF', 'CALISTB.TTF', 'CALISTBI.TTF', 'CALISTI.TTF', 'cambria.ttc', 'cambriab.ttf', 'cambriai.ttf', 'cambriaz.ttf', 'Candara.ttf', 'Candarab.ttf', 'Candarai.ttf', 'Candaral.ttf', 'Candarali.ttf', 'Candaraz.ttf', 'CascadiaCode.ttf', 'CascadiaMono.ttf', 'CASTELAR.TTF', 'CENSCBK.TTF', 'CENTAUR.TTF', 'CENTURY.TTF', 'cga40737.fon', 'cga40850.fon', 'cga40852.fon', 'cga40857.fon', 'cga40866.fon', 'cga40869.fon', 'cga40woa.fon', 'cga80737.fon', 'cga80850.fon', 'cga80852.fon', 'cga80857.fon', 'cga80866.fon', 'cga80869.fon', 'cga80woa.fon', 'CHILLER.TTF', 'COLONNA.TTF', 'comic.ttf', 'comicbd.ttf', 'comici.ttf', 'comicz.ttf', 'consola.ttf', 'consolab.ttf', 'consolai.ttf', 'consolaz.ttf', 'constan.ttf', 'constanb.ttf', 'constani.ttf', 'constanz.ttf', 'COOPBL.TTF', 'COPRGTB.TTF', 'COPRGTL.TTF', 'corbel.ttf', 'corbelb.ttf', 'corbeli.ttf', 'corbell.ttf', 'corbelli.ttf', 'corbelz.ttf', 'coue1255.fon', 'coue1256.fon', 'coue1257.fon', 'couf1255.fon', 'couf1256.fon', 'couf1257.fon', 'cour.ttf', 'courbd.ttf', 'courbi.ttf', 'coure.fon', 'couree.fon', 'coureg.fon', 'courer.fon', 'couret.fon', 'courf.fon', 'courfe.fon', 'courfg.fon', 'courfr.fon', 'courft.fon', 'couri.ttf', 'CURLZ___.TTF', 'cvgafix.fon', 'cvgasys.fon', 'Deng.ttf', 'Dengb.ttf', 'Dengl.ttf', 'desktop.ini', 'dos737.fon', 'dos869.fon', 'dosapp.fon', 'DUBAI-BOLD.TTF', 'DUBAI-LIGHT.TTF', 'DUBAI-MEDIUM.TTF', 'DUBAI-REGULAR.TTF', 'ebrima.ttf', 'ebrimabd.ttf', 'ega40737.fon', 'ega40850.fon', 'ega40852.fon', 'ega40857.fon', 'ega40866.fon', 'ega40869.fon', 'ega40woa.fon', 'ega80737.fon', 'ega80850.fon', 'ega80852.fon', 'ega80857.fon', 'ega80866.fon', 'ega80869.fon', 'ega80woa.fon', 'ELEPHNT.TTF', 'ELEPHNTI.TTF', 'ENGR.TTF', 'ERASBD.TTF', 'ERASDEMI.TTF', 'ERASLGHT.TTF', 'ERASMD.TTF', 'FELIXTI.TTF', 'fms_metadata.xml', 'FORTE.TTF', 'FRABK.TTF', 'FRABKIT.TTF', 'FRADM.TTF', 'FRADMCN.TTF', 'FRADMIT.TTF', 'FRAHV.TTF', 'FRAHVIT.TTF', 'framd.ttf', 'FRAMDCN.TTF', 'framdit.ttf', 'FREESCPT.TTF', 'FRSCRIPT.TTF', 'FTLTLT.TTF', 'FZSTK.TTF', 'FZYTK.TTF', 'Gabriola.ttf', 'gadugi.ttf', 'gadugib.ttf', 'GARA.TTF', 'GARABD.TTF', 'GARAIT.TTF', 'georgia.ttf', 'georgiab.ttf', 'georgiai.ttf', 'georgiaz.ttf', 'GIGI.TTF', 'GILBI___.TTF', 'GILB____.TTF', 'GILC____.TTF', 'GILI____.TTF', 'GILLUBCD.TTF', 'GILSANUB.TTF', 'GIL_____.TTF', 'GLECB.TTF', 'GlobalMonospace.CompositeFont', 'GlobalSansSerif.CompositeFont', 'GlobalSerif.CompositeFont', 'GlobalUserInterface.CompositeFont', 'GLSNECB.TTF', 'GOTHIC.TTF', 'GOTHICB.TTF', 'GOTHICBI.TTF', 'GOTHICI.TTF', 'GOUDOS.TTF', 'GOUDOSB.TTF', 'GOUDOSI.TTF', 'GOUDYSTO.TTF', 'h8514fix.fon', 'h8514oem.fon', 'h8514sys.fon', 'HARLOWSI.TTF', 'HARNGTON.TTF', 'HATTEN.TTF', 'HGB1X_CNKI.ttf', 'HGB1_CNKI.ttf', 'HGB2X_CNKI.ttf', 'HGB2_CNKI.ttf', 'HGB3X_CNKI.ttf', 'HGB3_CNKI.ttf', 'HGB4X_CNKI.ttf', 'HGB4_CNKI.ttf', 'HGB5X_CNKI.ttf', 'HGB5_CNKI.ttf', 'HGB6X_CNKI.ttf', 'HGB6_CNKI.ttf', 'HGB7X_CNKI.ttf', 'HGB7_CNKI.ttf', 'HGB8X_CNKI.ttf', 'HGB8_CNKI.ttf', 'HGBD_CNKI.ttf', 'HGBKBX_CNKI.ttf', 'HGBKB_CNKI.ttf', 'HGBKHX_CNKI.ttf', 'HGBKH_CNKI.ttf', 'HGBS1_CNKI.TTF', 'HGBS2_CNKI.TTF', 'HGBS_CNKI.TTF', 'HGBTH_CNKI.TTF', 'HGBTS_CNKI.TTF', 'HGBX_CNKI.ttf', 'HGBZ_CNKI.ttf', 'HGCH_CNKI.TTF', 'HGCUH_CNKI.TTF', 'HGCY_CNKI.TTF', 'HGDBS_CNKI.TTF', 'HGDGY_CNKI.TTF', 'HGDH2_CNKI.TTF', 'HGDH_CNKI.TTF', 'HGDYS_CNKI.TTF', 'HGDY_CNKI.ttf', 'HGF1X_CNKI.ttf', 'HGF1_CNKI.ttf', 'HGF2X_CNKI.ttf', 'HGF2_CNKI.ttf', 'HGF3_CNKI.ttf', 'HGF4X_CNKI.ttf', 'HGF4_CNKI.ttf', 'HGF5X_CNKI.ttf', 'HGF5_CNKI.ttf', 'HGF6X_CNKI.ttf', 'HGF6_CNKI.ttf', 'HGF7X_CNKI.ttf', 'HGF7_CNKI.ttf', 'HGF8_CNKI.ttf', 'HGF9X_CNKI.ttf', 'HGF9_CNKI.ttf', 'HGFS1_CNKI.TTF', 'HGFS2_CNKI.TTF', 'HGFSH_CNKI.TTF', 'HGFS_CNKI.TTF', 'HGFX_CNKI.ttf', 'HGFZ_CNKI.ttf', 'HGGG_CNKI.TTF', 'HGH1X_CNKI.ttf', 'HGH1_CNKI.ttf', 'HGH2X_CNKI.ttf', 'HGH2_CNKI.ttf', 'HGH3X_CNKI.ttf', 'HGH3_CNKI.ttf', 'HGH4X_CNKI.ttf', 'HGH4_CNKI.ttf', 'HGH5X_CNKI.ttf', 'HGH5_CNKI.ttf', 'HGH6X_CNKI.ttf', 'HGH6_CNKI.ttf', 'HGH7X_CNKI.ttf', 'HGH7_CNKI.ttf', 'HGHB_CNKI.TTF', 'HGHD_CNKI.ttf', 'HGHP_CNKI.TTF', 'HGHT1_CNKI.ttf', 'HGHT2_CNKI.ttf', 'HGHUATI_CNKI.ttf', 'HGHX_CNKI.ttf', 'HGHZ_CNKI.ttf', 'HGH_CNKI.TTF', 'HGKT1_CNKI.TTF', 'HGKT2_CNKI.TTF', 'HGKT_CNKI.TTF', 'HGKY_CNKI.ttf', 'HGLB_CNKI.TTF', 'HGLS_CNKI.TTF', 'HGMH_CNKI.TTF', 'HGNBS_CNKI.ttf', 'HGOCR_CNKI.ttf', 'HGPH_CNKI.TTF', 'HGPTY_CNKI.TTF', 'HGSS1_CNKI.TTF', 'HGSS2_CNKI.TTF', 'HGSS_CNKI.TTF', 'HGSXT_CNKI.ttf', 'HGTT_CNKI.ttf', 'HGTX_CNKI.TTF', 'HGWT_CNKI.TTF', 'HGWYS_CNKI.TTF', 'HGX1X_CNKI.ttf', 'HGX1_CNKI.ttf', 'HGXBS_CNKI.TTF', 'HGXC_CNKI.TTF', 'HGXF1_CNKI.ttf', 'HGXFX_CNKI.ttf', 'HGXFZ_CNKI.ttf', 'HGXH1_CNKI.TTF', 'HGXH_CNKI.TTF', 'HGXK_CNKI.TTF', 'HGXL_CNKI.TTF', 'HGXS_CNKI.TTF', 'HGXT_CNKI.ttf', 'HGXY_CNKI.ttf', 'HGY1_CNKI.TTF', 'HGY2_CNKI.TTF', 'HGY3_CNKI.TTF', 'HGY4_CNKI.TTF', 'HGYB_CNKI.ttf', 'HGYT1_CNKI.ttf', 'HGYT2_CNKI.ttf', 'HGYT_CNKI.TTF', 'HGYX_CNKI.TTF', 'HGZCS_CNKI.TTF', 'HGZDX_CNKI.TTF', 'HGZK_CNKI.TTF', 'HGZYT_CNKI.TTF', 'HGZY_CNKI.TTF', 'himalaya.ttf', 'holomdl2.ttf', 'HTOWERT.TTF', 'HTOWERTI.TTF', 'hvgafix.fon', 'hvgasys.fon', 'impact.ttf', 'IMPRISHA.TTF', 'INFROMAN.TTF', 'Inkfree.ttf', 'iqiyi_logov7.ttf', 'ITCBLKAD.TTF', 'ITCEDSCR.TTF', 'ITCKRIST.TTF', 'j8514fix.fon', 'j8514oem.fon', 'j8514sys.fon', 'javatext.ttf', 'JOKERMAN.TTF', 'jsmalle.fon', 'jsmallf.fon', 'JUICE___.TTF', 'jvgafix.fon', 'jvgasys.fon', 'KUNSTLER.TTF', 'LATINWD.TTF', 'LBRITE.TTF', 'LBRITED.TTF', 'LBRITEDI.TTF', 'LBRITEI.TTF', 'LCALLIG.TTF', 'LeelaUIb.ttf', 'LeelawUI.ttf', 'LeelUIsl.ttf', 'LFAX.TTF', 'LFAXD.TTF', 'LFAXDI.TTF', 'LFAXI.TTF', 'LHANDW.TTF', 'LSANS.TTF', 'LSANSD.TTF', 'LSANSDI.TTF', 'LSANSI.TTF', 'LTYPE.TTF', 'LTYPEB.TTF', 'LTYPEBO.TTF', 'LTYPEO.TTF', 'lucon.ttf', 'l_10646.ttf', 'MAGNETOB.TTF', 'MAIAN.TTF', 'malgun.ttf', 'malgunbd.ttf', 'malgunsl.ttf', 'marlett.ttf', 'MATURASC.TTF', 'micross.ttf', 'mingliub.ttc', 'MISTRAL.TTF', 'mmrtext.ttf', 'mmrtextb.ttf', 'MOD20.TTF', 'modern.fon', 'monbaiti.ttf', 'msgothic.ttc', 'msjh.ttc', 'msjhbd.ttc', 'msjhl.ttc', 'msyh.ttc', 'msyhbd.ttc', 'msyhl.ttc', 'msyi.ttf', 'MTCORSVA.TTF', 'MTEXTRA.TTF', 'mvboli.ttf', 'NIAGENG.TTF', 'NIAGSOL.TTF', 'Nirmala.ttf', 'NirmalaB.ttf', 'NirmalaS.ttf', 'ntailu.ttf', 'ntailub.ttf', 'NumberOnly.ttf', 'OCRAEXT.TTF', 'OLDENGL.TTF', 'ONYX.TTF', 'OUTLOOK.TTF', 'pala.ttf', 'palab.ttf', 'palabi.ttf', 'palai.ttf', 'PALSCRI.TTF', 'PAPYRUS.TTF', 'PARCHM.TTF', 'PERBI___.TTF', 'PERB____.TTF', 'PERI____.TTF', 'PERTIBD.TTF', 'PERTILI.TTF', 'PER_____.TTF', 'phagspa.ttf', 'phagspab.ttf', 'PLAYBILL.TTF', 'POORICH.TTF', 'PRISTINA.TTF', 'RAGE.TTF', 'RAVIE.TTF', 'REFSAN.TTF', 'REFSPCL.TTF', 'ROCCB___.TTF', 'ROCC____.TTF', 'ROCK.TTF', 'ROCKB.TTF', 'ROCKBI.TTF', 'ROCKEB.TTF', 'ROCKI.TTF', 'roman.fon', 's8514fix.fon', 's8514oem.fon', 's8514sys.fon', 'SCHLBKB.TTF', 'SCHLBKBI.TTF', 'SCHLBKI.TTF', 'script.fon', 'SCRIPTBL.TTF', 'segmdl2.ttf', 'SegoeIcons.ttf', 'segoepr.ttf', 'segoeprb.ttf', 'segoesc.ttf', 'segoescb.ttf', 'segoeui.ttf', 'segoeuib.ttf', 'segoeuii.ttf', 'segoeuil.ttf', 'segoeuisl.ttf', 'segoeuiz.ttf', 'seguibl.ttf', 'seguibli.ttf', 'seguiemj.ttf', 'seguihis.ttf', 'seguili.ttf', 'seguisb.ttf', 'seguisbi.ttf', 'seguisli.ttf', 'seguisym.ttf', 'SegUIVar.ttf', 'sere1255.fon', 'sere1256.fon', 'sere1257.fon', 'serf1255.fon', 'serf1256.fon', 'serf1257.fon', 'serife.fon', 'serifee.fon', 'serifeg.fon', 'serifer.fon', 'serifet.fon', 'seriff.fon', 'seriffe.fon', 'seriffg.fon', 'seriffr.fon', 'serifft.fon', 'SHOWG.TTF', 'simfang.ttf', 'simhei.ttf', 'simkai.ttf', 'SIMLI.TTF', 'simsun.ttc', 'simsunb.ttf', 'SIMYOU.TTF', 'SitkaVF-Italic.ttf', 'SitkaVF.ttf', 'smae1255.fon', 'smae1256.fon', 'smae1257.fon', 'smaf1255.fon', 'smaf1256.fon', 'smaf1257.fon', 'smalle.fon', 'smallee.fon', 'smalleg.fon', 'smaller.fon', 'smallet.fon', 'smallf.fon', 'smallfe.fon', 'smallfg.fon', 'smallfr.fon', 'smallft.fon', 'SNAP____.TTF', 'ssee1255.fon', 'ssee1256.fon', 'ssee1257.fon', 'ssee874.fon', 'ssef1255.fon', 'ssef1256.fon', 'ssef1257.fon', 'ssef874.fon', 'sserife.fon', 'sserifee.fon', 'sserifeg.fon', 'sserifer.fon', 'sserifet.fon', 'sseriff.fon', 'sseriffe.fon', 'sseriffg.fon', 'sseriffr.fon', 'sserifft.fon', 'StaticCache.dat', 'STCAIYUN.TTF', 'STENCIL.TTF', 'STFANGSO.TTF', 'STHUPO.TTF', 'STKAITI.TTF', 'STLITI.TTF', 'STSONG.TTF', 'STXIHEI.TTF', 'STXINGKA.TTF', 'STXINWEI.TTF', 'STZHONGS.TTF', 'svgafix.fon', 'svgasys.fon', 'sylfaen.ttf', 'symbol.ttf', 'tahoma.ttf', 'tahomabd.ttf', 'taile.ttf', 'taileb.ttf', 'TCBI____.TTF', 'TCB_____.TTF', 'TCCB____.TTF', 'TCCEB.TTF', 'TCCM____.TTF', 'TCMI____.TTF', 'TCM_____.TTF', 'TEMPSITC.TTF', 'times.ttf', 'timesbd.ttf', 'timesbi.ttf', 'timesi.ttf', 'trebuc.ttf', 'trebucbd.ttf', 'trebucbi.ttf', 'trebucit.ttf', 'verdana.ttf', 'verdanab.ttf', 'verdanai.ttf', 'verdanaz.ttf', 'vga737.fon', 'vga775.fon', 'vga850.fon', 'vga852.fon', 'vga855.fon', 'vga857.fon', 'vga860.fon', 'vga861.fon', 'vga863.fon', 'vga865.fon', 'vga866.fon', 'vga869.fon', 'vga932.fon', 'vga936.fon', 'vga949.fon', 'vga950.fon', 'vgaf1255.fon', 'vgaf1256.fon', 'vgaf1257.fon', 'vgaf874.fon', 'vgafix.fon', 'vgafixe.fon', 'vgafixg.fon', 'vgafixr.fon', 'vgafixt.fon', 'vgaoem.fon', 'vgas1255.fon', 'vgas1256.fon', 'vgas1257.fon', 'vgas874.fon', 'vgasys.fon', 'vgasyse.fon', 'vgasysg.fon', 'vgasysr.fon', 'vgasyst.fon', 'VINERITC.TTF', 'VIVALDII.TTF', 'VLADIMIR.TTF', 'webdings.ttf', 'wingding.ttf', 'WINGDNG2.TTF', 'WINGDNG3.TTF', 'YuGothB.ttc', 'YuGothL.ttc', 'YuGothM.ttc', 'YuGothR.ttc', '\u534e\u5eb7\u65b9\u5706\u4f53W7.TTC', '\u65b9\u6b63\u7c97\u9ed1\u5b8b\u7b80\u4f53.ttf']
2023-09-27 15:05:05,509 - INFO - all fonts installed:['8514fix.fon', '8514fixe.fon', '8514fixg.fon', '8514fixr.fon', '8514fixt.fon', '8514oem.fon', '8514oeme.fon', '8514oemg.fon', '8514oemr.fon', '8514oemt.fon', '8514sys.fon', '8514syse.fon', '8514sysg.fon', '8514sysr.fon', '8514syst.fon', '85775.fon', '85855.fon', '85f1255.fon', '85f1256.fon', '85f1257.fon', '85f874.fon', '85s1255.fon', '85s1256.fon', '85s1257.fon', '85s874.fon', 'AGENCYB.TTF', 'AGENCYR.TTF', 'ALGER.TTF', 'ANTQUAB.TTF', 'ANTQUABI.TTF', 'ANTQUAI.TTF', 'app775.fon', 'app850.fon', 'app852.fon', 'app855.fon', 'app857.fon', 'app866.fon', 'app932.fon', 'app936.fon', 'app949.fon', 'app950.fon', 'arial.ttf', 'arialbd.ttf', 'arialbi.ttf', 'ariali.ttf', 'ARIALN.TTF', 'ARIALNB.TTF', 'ARIALNBI.TTF', 'ARIALNI.TTF', 'ariblk.ttf', 'ARLRDBD.TTF', 'AxureHandwriting-Bold.otf', 'AxureHandwriting-BoldItalic.otf', 'AxureHandwriting-Italic.otf', 'AxureHandwriting.otf', 'bahnschrift.ttf', 'BASKVILL.TTF', 'BAUHS93.TTF', 'BELL.TTF', 'BELLB.TTF', 'BELLI.TTF', 'BERNHC.TTF', 'BKANT.TTF', 'BOD_B.TTF', 'BOD_BI.TTF', 'BOD_BLAI.TTF', 'BOD_BLAR.TTF', 'BOD_CB.TTF', 'BOD_CBI.TTF', 'BOD_CI.TTF', 'BOD_CR.TTF', 'BOD_I.TTF', 'BOD_PSTC.TTF', 'BOD_R.TTF', 'BOOKOS.TTF', 'BOOKOSB.TTF', 'BOOKOSBI.TTF', 'BOOKOSI.TTF', 'BRADHITC.TTF', 'BRITANIC.TTF', 'BRLNSB.TTF', 'BRLNSDB.TTF', 'BRLNSR.TTF', 'BROADW.TTF', 'BRUSHSCI.TTF', 'BSSYM7.TTF', 'c8514fix.fon', 'c8514oem.fon', 'c8514sys.fon', 'calibri.ttf', 'calibrib.ttf', 'calibrii.ttf', 'calibril.ttf', 'calibrili.ttf', 'calibriz.ttf', 'CALIFB.TTF', 'CALIFI.TTF', 'CALIFR.TTF', 'CALIST.TTF', 'CALISTB.TTF', 'CALISTBI.TTF', 'CALISTI.TTF', 'cambria.ttc', 'cambriab.ttf', 'cambriai.ttf', 'cambriaz.ttf', 'Candara.ttf', 'Candarab.ttf', 'Candarai.ttf', 'Candaral.ttf', 'Candarali.ttf', 'Candaraz.ttf', 'CascadiaCode.ttf', 'CascadiaMono.ttf', 'CASTELAR.TTF', 'CENSCBK.TTF', 'CENTAUR.TTF', 'CENTURY.TTF', 'cga40737.fon', 'cga40850.fon', 'cga40852.fon', 'cga40857.fon', 'cga40866.fon', 'cga40869.fon', 'cga40woa.fon', 'cga80737.fon', 'cga80850.fon', 'cga80852.fon', 'cga80857.fon', 'cga80866.fon', 'cga80869.fon', 'cga80woa.fon', 'CHILLER.TTF', 'COLONNA.TTF', 'comic.ttf', 'comicbd.ttf', 'comici.ttf', 'comicz.ttf', 'consola.ttf', 'consolab.ttf', 'consolai.ttf', 'consolaz.ttf', 'constan.ttf', 'constanb.ttf', 'constani.ttf', 'constanz.ttf', 'COOPBL.TTF', 'COPRGTB.TTF', 'COPRGTL.TTF', 'corbel.ttf', 'corbelb.ttf', 'corbeli.ttf', 'corbell.ttf', 'corbelli.ttf', 'corbelz.ttf', 'coue1255.fon', 'coue1256.fon', 'coue1257.fon', 'couf1255.fon', 'couf1256.fon', 'couf1257.fon', 'cour.ttf', 'courbd.ttf', 'courbi.ttf', 'coure.fon', 'couree.fon', 'coureg.fon', 'courer.fon', 'couret.fon', 'courf.fon', 'courfe.fon', 'courfg.fon', 'courfr.fon', 'courft.fon', 'couri.ttf', 'CURLZ___.TTF', 'cvgafix.fon', 'cvgasys.fon', 'Deng.ttf', 'Dengb.ttf', 'Dengl.ttf', 'desktop.ini', 'dos737.fon', 'dos869.fon', 'dosapp.fon', 'DUBAI-BOLD.TTF', 'DUBAI-LIGHT.TTF', 'DUBAI-MEDIUM.TTF', 'DUBAI-REGULAR.TTF', 'ebrima.ttf', 'ebrimabd.ttf', 'ega40737.fon', 'ega40850.fon', 'ega40852.fon', 'ega40857.fon', 'ega40866.fon', 'ega40869.fon', 'ega40woa.fon', 'ega80737.fon', 'ega80850.fon', 'ega80852.fon', 'ega80857.fon', 'ega80866.fon', 'ega80869.fon', 'ega80woa.fon', 'ELEPHNT.TTF', 'ELEPHNTI.TTF', 'ENGR.TTF', 'ERASBD.TTF', 'ERASDEMI.TTF', 'ERASLGHT.TTF', 'ERASMD.TTF', 'FELIXTI.TTF', 'fms_metadata.xml', 'FORTE.TTF', 'FRABK.TTF', 'FRABKIT.TTF', 'FRADM.TTF', 'FRADMCN.TTF', 'FRADMIT.TTF', 'FRAHV.TTF', 'FRAHVIT.TTF', 'framd.ttf', 'FRAMDCN.TTF', 'framdit.ttf', 'FREESCPT.TTF', 'FRSCRIPT.TTF', 'FTLTLT.TTF', 'FZSTK.TTF', 'FZYTK.TTF', 'Gabriola.ttf', 'gadugi.ttf', 'gadugib.ttf', 'GARA.TTF', 'GARABD.TTF', 'GARAIT.TTF', 'georgia.ttf', 'georgiab.ttf', 'georgiai.ttf', 'georgiaz.ttf', 'GIGI.TTF', 'GILBI___.TTF', 'GILB____.TTF', 'GILC____.TTF', 'GILI____.TTF', 'GILLUBCD.TTF', 'GILSANUB.TTF', 'GIL_____.TTF', 'GLECB.TTF', 'GlobalMonospace.CompositeFont', 'GlobalSansSerif.CompositeFont', 'GlobalSerif.CompositeFont', 'GlobalUserInterface.CompositeFont', 'GLSNECB.TTF', 'GOTHIC.TTF', 'GOTHICB.TTF', 'GOTHICBI.TTF', 'GOTHICI.TTF', 'GOUDOS.TTF', 'GOUDOSB.TTF', 'GOUDOSI.TTF', 'GOUDYSTO.TTF', 'h8514fix.fon', 'h8514oem.fon', 'h8514sys.fon', 'HARLOWSI.TTF', 'HARNGTON.TTF', 'HATTEN.TTF', 'HGB1X_CNKI.ttf', 'HGB1_CNKI.ttf', 'HGB2X_CNKI.ttf', 'HGB2_CNKI.ttf', 'HGB3X_CNKI.ttf', 'HGB3_CNKI.ttf', 'HGB4X_CNKI.ttf', 'HGB4_CNKI.ttf', 'HGB5X_CNKI.ttf', 'HGB5_CNKI.ttf', 'HGB6X_CNKI.ttf', 'HGB6_CNKI.ttf', 'HGB7X_CNKI.ttf', 'HGB7_CNKI.ttf', 'HGB8X_CNKI.ttf', 'HGB8_CNKI.ttf', 'HGBD_CNKI.ttf', 'HGBKBX_CNKI.ttf', 'HGBKB_CNKI.ttf', 'HGBKHX_CNKI.ttf', 'HGBKH_CNKI.ttf', 'HGBS1_CNKI.TTF', 'HGBS2_CNKI.TTF', 'HGBS_CNKI.TTF', 'HGBTH_CNKI.TTF', 'HGBTS_CNKI.TTF', 'HGBX_CNKI.ttf', 'HGBZ_CNKI.ttf', 'HGCH_CNKI.TTF', 'HGCUH_CNKI.TTF', 'HGCY_CNKI.TTF', 'HGDBS_CNKI.TTF', 'HGDGY_CNKI.TTF', 'HGDH2_CNKI.TTF', 'HGDH_CNKI.TTF', 'HGDYS_CNKI.TTF', 'HGDY_CNKI.ttf', 'HGF1X_CNKI.ttf', 'HGF1_CNKI.ttf', 'HGF2X_CNKI.ttf', 'HGF2_CNKI.ttf', 'HGF3_CNKI.ttf', 'HGF4X_CNKI.ttf', 'HGF4_CNKI.ttf', 'HGF5X_CNKI.ttf', 'HGF5_CNKI.ttf', 'HGF6X_CNKI.ttf', 'HGF6_CNKI.ttf', 'HGF7X_CNKI.ttf', 'HGF7_CNKI.ttf', 'HGF8_CNKI.ttf', 'HGF9X_CNKI.ttf', 'HGF9_CNKI.ttf', 'HGFS1_CNKI.TTF', 'HGFS2_CNKI.TTF', 'HGFSH_CNKI.TTF', 'HGFS_CNKI.TTF', 'HGFX_CNKI.ttf', 'HGFZ_CNKI.ttf', 'HGGG_CNKI.TTF', 'HGH1X_CNKI.ttf', 'HGH1_CNKI.ttf', 'HGH2X_CNKI.ttf', 'HGH2_CNKI.ttf', 'HGH3X_CNKI.ttf', 'HGH3_CNKI.ttf', 'HGH4X_CNKI.ttf', 'HGH4_CNKI.ttf', 'HGH5X_CNKI.ttf', 'HGH5_CNKI.ttf', 'HGH6X_CNKI.ttf', 'HGH6_CNKI.ttf', 'HGH7X_CNKI.ttf', 'HGH7_CNKI.ttf', 'HGHB_CNKI.TTF', 'HGHD_CNKI.ttf', 'HGHP_CNKI.TTF', 'HGHT1_CNKI.ttf', 'HGHT2_CNKI.ttf', 'HGHUATI_CNKI.ttf', 'HGHX_CNKI.ttf', 'HGHZ_CNKI.ttf', 'HGH_CNKI.TTF', 'HGKT1_CNKI.TTF', 'HGKT2_CNKI.TTF', 'HGKT_CNKI.TTF', 'HGKY_CNKI.ttf', 'HGLB_CNKI.TTF', 'HGLS_CNKI.TTF', 'HGMH_CNKI.TTF', 'HGNBS_CNKI.ttf', 'HGOCR_CNKI.ttf', 'HGPH_CNKI.TTF', 'HGPTY_CNKI.TTF', 'HGSS1_CNKI.TTF', 'HGSS2_CNKI.TTF', 'HGSS_CNKI.TTF', 'HGSXT_CNKI.ttf', 'HGTT_CNKI.ttf', 'HGTX_CNKI.TTF', 'HGWT_CNKI.TTF', 'HGWYS_CNKI.TTF', 'HGX1X_CNKI.ttf', 'HGX1_CNKI.ttf', 'HGXBS_CNKI.TTF', 'HGXC_CNKI.TTF', 'HGXF1_CNKI.ttf', 'HGXFX_CNKI.ttf', 'HGXFZ_CNKI.ttf', 'HGXH1_CNKI.TTF', 'HGXH_CNKI.TTF', 'HGXK_CNKI.TTF', 'HGXL_CNKI.TTF', 'HGXS_CNKI.TTF', 'HGXT_CNKI.ttf', 'HGXY_CNKI.ttf', 'HGY1_CNKI.TTF', 'HGY2_CNKI.TTF', 'HGY3_CNKI.TTF', 'HGY4_CNKI.TTF', 'HGYB_CNKI.ttf', 'HGYT1_CNKI.ttf', 'HGYT2_CNKI.ttf', 'HGYT_CNKI.TTF', 'HGYX_CNKI.TTF', 'HGZCS_CNKI.TTF', 'HGZDX_CNKI.TTF', 'HGZK_CNKI.TTF', 'HGZYT_CNKI.TTF', 'HGZY_CNKI.TTF', 'himalaya.ttf', 'holomdl2.ttf', 'HTOWERT.TTF', 'HTOWERTI.TTF', 'hvgafix.fon', 'hvgasys.fon', 'impact.ttf', 'IMPRISHA.TTF', 'INFROMAN.TTF', 'Inkfree.ttf', 'iqiyi_logov7.ttf', 'ITCBLKAD.TTF', 'ITCEDSCR.TTF', 'ITCKRIST.TTF', 'j8514fix.fon', 'j8514oem.fon', 'j8514sys.fon', 'javatext.ttf', 'JOKERMAN.TTF', 'jsmalle.fon', 'jsmallf.fon', 'JUICE___.TTF', 'jvgafix.fon', 'jvgasys.fon', 'KUNSTLER.TTF', 'LATINWD.TTF', 'LBRITE.TTF', 'LBRITED.TTF', 'LBRITEDI.TTF', 'LBRITEI.TTF', 'LCALLIG.TTF', 'LeelaUIb.ttf', 'LeelawUI.ttf', 'LeelUIsl.ttf', 'LFAX.TTF', 'LFAXD.TTF', 'LFAXDI.TTF', 'LFAXI.TTF', 'LHANDW.TTF', 'LSANS.TTF', 'LSANSD.TTF', 'LSANSDI.TTF', 'LSANSI.TTF', 'LTYPE.TTF', 'LTYPEB.TTF', 'LTYPEBO.TTF', 'LTYPEO.TTF', 'lucon.ttf', 'l_10646.ttf', 'MAGNETOB.TTF', 'MAIAN.TTF', 'malgun.ttf', 'malgunbd.ttf', 'malgunsl.ttf', 'marlett.ttf', 'MATURASC.TTF', 'micross.ttf', 'mingliub.ttc', 'MISTRAL.TTF', 'mmrtext.ttf', 'mmrtextb.ttf', 'MOD20.TTF', 'modern.fon', 'monbaiti.ttf', 'msgothic.ttc', 'msjh.ttc', 'msjhbd.ttc', 'msjhl.ttc', 'msyh.ttc', 'msyhbd.ttc', 'msyhl.ttc', 'msyi.ttf', 'MTCORSVA.TTF', 'MTEXTRA.TTF', 'mvboli.ttf', 'NIAGENG.TTF', 'NIAGSOL.TTF', 'Nirmala.ttf', 'NirmalaB.ttf', 'NirmalaS.ttf', 'ntailu.ttf', 'ntailub.ttf', 'NumberOnly.ttf', 'OCRAEXT.TTF', 'OLDENGL.TTF', 'ONYX.TTF', 'OUTLOOK.TTF', 'pala.ttf', 'palab.ttf', 'palabi.ttf', 'palai.ttf', 'PALSCRI.TTF', 'PAPYRUS.TTF', 'PARCHM.TTF', 'PERBI___.TTF', 'PERB____.TTF', 'PERI____.TTF', 'PERTIBD.TTF', 'PERTILI.TTF', 'PER_____.TTF', 'phagspa.ttf', 'phagspab.ttf', 'PLAYBILL.TTF', 'POORICH.TTF', 'PRISTINA.TTF', 'RAGE.TTF', 'RAVIE.TTF', 'REFSAN.TTF', 'REFSPCL.TTF', 'ROCCB___.TTF', 'ROCC____.TTF', 'ROCK.TTF', 'ROCKB.TTF', 'ROCKBI.TTF', 'ROCKEB.TTF', 'ROCKI.TTF', 'roman.fon', 's8514fix.fon', 's8514oem.fon', 's8514sys.fon', 'SCHLBKB.TTF', 'SCHLBKBI.TTF', 'SCHLBKI.TTF', 'script.fon', 'SCRIPTBL.TTF', 'segmdl2.ttf', 'SegoeIcons.ttf', 'segoepr.ttf', 'segoeprb.ttf', 'segoesc.ttf', 'segoescb.ttf', 'segoeui.ttf', 'segoeuib.ttf', 'segoeuii.ttf', 'segoeuil.ttf', 'segoeuisl.ttf', 'segoeuiz.ttf', 'seguibl.ttf', 'seguibli.ttf', 'seguiemj.ttf', 'seguihis.ttf', 'seguili.ttf', 'seguisb.ttf', 'seguisbi.ttf', 'seguisli.ttf', 'seguisym.ttf', 'SegUIVar.ttf', 'sere1255.fon', 'sere1256.fon', 'sere1257.fon', 'serf1255.fon', 'serf1256.fon', 'serf1257.fon', 'serife.fon', 'serifee.fon', 'serifeg.fon', 'serifer.fon', 'serifet.fon', 'seriff.fon', 'seriffe.fon', 'seriffg.fon', 'seriffr.fon', 'serifft.fon', 'SHOWG.TTF', 'simfang.ttf', 'simhei.ttf', 'simkai.ttf', 'SIMLI.TTF', 'simsun.ttc', 'simsunb.ttf', 'SIMYOU.TTF', 'SitkaVF-Italic.ttf', 'SitkaVF.ttf', 'smae1255.fon', 'smae1256.fon', 'smae1257.fon', 'smaf1255.fon', 'smaf1256.fon', 'smaf1257.fon', 'smalle.fon', 'smallee.fon', 'smalleg.fon', 'smaller.fon', 'smallet.fon', 'smallf.fon', 'smallfe.fon', 'smallfg.fon', 'smallfr.fon', 'smallft.fon', 'SNAP____.TTF', 'ssee1255.fon', 'ssee1256.fon', 'ssee1257.fon', 'ssee874.fon', 'ssef1255.fon', 'ssef1256.fon', 'ssef1257.fon', 'ssef874.fon', 'sserife.fon', 'sserifee.fon', 'sserifeg.fon', 'sserifer.fon', 'sserifet.fon', 'sseriff.fon', 'sseriffe.fon', 'sseriffg.fon', 'sseriffr.fon', 'sserifft.fon', 'StaticCache.dat', 'STCAIYUN.TTF', 'STENCIL.TTF', 'STFANGSO.TTF', 'STHUPO.TTF', 'STKAITI.TTF', 'STLITI.TTF', 'STSONG.TTF', 'STXIHEI.TTF', 'STXINGKA.TTF', 'STXINWEI.TTF', 'STZHONGS.TTF', 'svgafix.fon', 'svgasys.fon', 'sylfaen.ttf', 'symbol.ttf', 'tahoma.ttf', 'tahomabd.ttf', 'taile.ttf', 'taileb.ttf', 'TCBI____.TTF', 'TCB_____.TTF', 'TCCB____.TTF', 'TCCEB.TTF', 'TCCM____.TTF', 'TCMI____.TTF', 'TCM_____.TTF', 'TEMPSITC.TTF', 'times.ttf', 'timesbd.ttf', 'timesbi.ttf', 'timesi.ttf', 'trebuc.ttf', 'trebucbd.ttf', 'trebucbi.ttf', 'trebucit.ttf', 'verdana.ttf', 'verdanab.ttf', 'verdanai.ttf', 'verdanaz.ttf', 'vga737.fon', 'vga775.fon', 'vga850.fon', 'vga852.fon', 'vga855.fon', 'vga857.fon', 'vga860.fon', 'vga861.fon', 'vga863.fon', 'vga865.fon', 'vga866.fon', 'vga869.fon', 'vga932.fon', 'vga936.fon', 'vga949.fon', 'vga950.fon', 'vgaf1255.fon', 'vgaf1256.fon', 'vgaf1257.fon', 'vgaf874.fon', 'vgafix.fon', 'vgafixe.fon', 'vgafixg.fon', 'vgafixr.fon', 'vgafixt.fon', 'vgaoem.fon', 'vgas1255.fon', 'vgas1256.fon', 'vgas1257.fon', 'vgas874.fon', 'vgasys.fon', 'vgasyse.fon', 'vgasysg.fon', 'vgasysr.fon', 'vgasyst.fon', 'VINERITC.TTF', 'VIVALDII.TTF', 'VLADIMIR.TTF', 'webdings.ttf', 'wingding.ttf', 'WINGDNG2.TTF', 'WINGDNG3.TTF', 'YuGothB.ttc', 'YuGothL.ttc', 'YuGothM.ttc', 'YuGothR.ttc', '\u534e\u5eb7\u65b9\u5706\u4f53W7.TTC', '\u65b9\u6b63\u7c97\u9ed1\u5b8b\u7b80\u4f53.ttf']
2023-09-27 15:05:05,680 - INFO - all fonts installed:['8514fix.fon', '8514fixe.fon', '8514fixg.fon', '8514fixr.fon', '8514fixt.fon', '8514oem.fon', '8514oeme.fon', '8514oemg.fon', '8514oemr.fon', '8514oemt.fon', '8514sys.fon', '8514syse.fon', '8514sysg.fon', '8514sysr.fon', '8514syst.fon', '85775.fon', '85855.fon', '85f1255.fon', '85f1256.fon', '85f1257.fon', '85f874.fon', '85s1255.fon', '85s1256.fon', '85s1257.fon', '85s874.fon', 'AGENCYB.TTF', 'AGENCYR.TTF', 'ALGER.TTF', 'ANTQUAB.TTF', 'ANTQUABI.TTF', 'ANTQUAI.TTF', 'app775.fon', 'app850.fon', 'app852.fon', 'app855.fon', 'app857.fon', 'app866.fon', 'app932.fon', 'app936.fon', 'app949.fon', 'app950.fon', 'arial.ttf', 'arialbd.ttf', 'arialbi.ttf', 'ariali.ttf', 'ARIALN.TTF', 'ARIALNB.TTF', 'ARIALNBI.TTF', 'ARIALNI.TTF', 'ariblk.ttf', 'ARLRDBD.TTF', 'AxureHandwriting-Bold.otf', 'AxureHandwriting-BoldItalic.otf', 'AxureHandwriting-Italic.otf', 'AxureHandwriting.otf', 'bahnschrift.ttf', 'BASKVILL.TTF', 'BAUHS93.TTF', 'BELL.TTF', 'BELLB.TTF', 'BELLI.TTF', 'BERNHC.TTF', 'BKANT.TTF', 'BOD_B.TTF', 'BOD_BI.TTF', 'BOD_BLAI.TTF', 'BOD_BLAR.TTF', 'BOD_CB.TTF', 'BOD_CBI.TTF', 'BOD_CI.TTF', 'BOD_CR.TTF', 'BOD_I.TTF', 'BOD_PSTC.TTF', 'BOD_R.TTF', 'BOOKOS.TTF', 'BOOKOSB.TTF', 'BOOKOSBI.TTF', 'BOOKOSI.TTF', 'BRADHITC.TTF', 'BRITANIC.TTF', 'BRLNSB.TTF', 'BRLNSDB.TTF', 'BRLNSR.TTF', 'BROADW.TTF', 'BRUSHSCI.TTF', 'BSSYM7.TTF', 'c8514fix.fon', 'c8514oem.fon', 'c8514sys.fon', 'calibri.ttf', 'calibrib.ttf', 'calibrii.ttf', 'calibril.ttf', 'calibrili.ttf', 'calibriz.ttf', 'CALIFB.TTF', 'CALIFI.TTF', 'CALIFR.TTF', 'CALIST.TTF', 'CALISTB.TTF', 'CALISTBI.TTF', 'CALISTI.TTF', 'cambria.ttc', 'cambriab.ttf', 'cambriai.ttf', 'cambriaz.ttf', 'Candara.ttf', 'Candarab.ttf', 'Candarai.ttf', 'Candaral.ttf', 'Candarali.ttf', 'Candaraz.ttf', 'CascadiaCode.ttf', 'CascadiaMono.ttf', 'CASTELAR.TTF', 'CENSCBK.TTF', 'CENTAUR.TTF', 'CENTURY.TTF', 'cga40737.fon', 'cga40850.fon', 'cga40852.fon', 'cga40857.fon', 'cga40866.fon', 'cga40869.fon', 'cga40woa.fon', 'cga80737.fon', 'cga80850.fon', 'cga80852.fon', 'cga80857.fon', 'cga80866.fon', 'cga80869.fon', 'cga80woa.fon', 'CHILLER.TTF', 'COLONNA.TTF', 'comic.ttf', 'comicbd.ttf', 'comici.ttf', 'comicz.ttf', 'consola.ttf', 'consolab.ttf', 'consolai.ttf', 'consolaz.ttf', 'constan.ttf', 'constanb.ttf', 'constani.ttf', 'constanz.ttf', 'COOPBL.TTF', 'COPRGTB.TTF', 'COPRGTL.TTF', 'corbel.ttf', 'corbelb.ttf', 'corbeli.ttf', 'corbell.ttf', 'corbelli.ttf', 'corbelz.ttf', 'coue1255.fon', 'coue1256.fon', 'coue1257.fon', 'couf1255.fon', 'couf1256.fon', 'couf1257.fon', 'cour.ttf', 'courbd.ttf', 'courbi.ttf', 'coure.fon', 'couree.fon', 'coureg.fon', 'courer.fon', 'couret.fon', 'courf.fon', 'courfe.fon', 'courfg.fon', 'courfr.fon', 'courft.fon', 'couri.ttf', 'CURLZ___.TTF', 'cvgafix.fon', 'cvgasys.fon', 'Deng.ttf', 'Dengb.ttf', 'Dengl.ttf', 'desktop.ini', 'dos737.fon', 'dos869.fon', 'dosapp.fon', 'DUBAI-BOLD.TTF', 'DUBAI-LIGHT.TTF', 'DUBAI-MEDIUM.TTF', 'DUBAI-REGULAR.TTF', 'ebrima.ttf', 'ebrimabd.ttf', 'ega40737.fon', 'ega40850.fon', 'ega40852.fon', 'ega40857.fon', 'ega40866.fon', 'ega40869.fon', 'ega40woa.fon', 'ega80737.fon', 'ega80850.fon', 'ega80852.fon', 'ega80857.fon', 'ega80866.fon', 'ega80869.fon', 'ega80woa.fon', 'ELEPHNT.TTF', 'ELEPHNTI.TTF', 'ENGR.TTF', 'ERASBD.TTF', 'ERASDEMI.TTF', 'ERASLGHT.TTF', 'ERASMD.TTF', 'FELIXTI.TTF', 'fms_metadata.xml', 'FORTE.TTF', 'FRABK.TTF', 'FRABKIT.TTF', 'FRADM.TTF', 'FRADMCN.TTF', 'FRADMIT.TTF', 'FRAHV.TTF', 'FRAHVIT.TTF', 'framd.ttf', 'FRAMDCN.TTF', 'framdit.ttf', 'FREESCPT.TTF', 'FRSCRIPT.TTF', 'FTLTLT.TTF', 'FZSTK.TTF', 'FZYTK.TTF', 'Gabriola.ttf', 'gadugi.ttf', 'gadugib.ttf', 'GARA.TTF', 'GARABD.TTF', 'GARAIT.TTF', 'georgia.ttf', 'georgiab.ttf', 'georgiai.ttf', 'georgiaz.ttf', 'GIGI.TTF', 'GILBI___.TTF', 'GILB____.TTF', 'GILC____.TTF', 'GILI____.TTF', 'GILLUBCD.TTF', 'GILSANUB.TTF', 'GIL_____.TTF', 'GLECB.TTF', 'GlobalMonospace.CompositeFont', 'GlobalSansSerif.CompositeFont', 'GlobalSerif.CompositeFont', 'GlobalUserInterface.CompositeFont', 'GLSNECB.TTF', 'GOTHIC.TTF', 'GOTHICB.TTF', 'GOTHICBI.TTF', 'GOTHICI.TTF', 'GOUDOS.TTF', 'GOUDOSB.TTF', 'GOUDOSI.TTF', 'GOUDYSTO.TTF', 'h8514fix.fon', 'h8514oem.fon', 'h8514sys.fon', 'HARLOWSI.TTF', 'HARNGTON.TTF', 'HATTEN.TTF', 'HGB1X_CNKI.ttf', 'HGB1_CNKI.ttf', 'HGB2X_CNKI.ttf', 'HGB2_CNKI.ttf', 'HGB3X_CNKI.ttf', 'HGB3_CNKI.ttf', 'HGB4X_CNKI.ttf', 'HGB4_CNKI.ttf', 'HGB5X_CNKI.ttf', 'HGB5_CNKI.ttf', 'HGB6X_CNKI.ttf', 'HGB6_CNKI.ttf', 'HGB7X_CNKI.ttf', 'HGB7_CNKI.ttf', 'HGB8X_CNKI.ttf', 'HGB8_CNKI.ttf', 'HGBD_CNKI.ttf', 'HGBKBX_CNKI.ttf', 'HGBKB_CNKI.ttf', 'HGBKHX_CNKI.ttf', 'HGBKH_CNKI.ttf', 'HGBS1_CNKI.TTF', 'HGBS2_CNKI.TTF', 'HGBS_CNKI.TTF', 'HGBTH_CNKI.TTF', 'HGBTS_CNKI.TTF', 'HGBX_CNKI.ttf', 'HGBZ_CNKI.ttf', 'HGCH_CNKI.TTF', 'HGCUH_CNKI.TTF', 'HGCY_CNKI.TTF', 'HGDBS_CNKI.TTF', 'HGDGY_CNKI.TTF', 'HGDH2_CNKI.TTF', 'HGDH_CNKI.TTF', 'HGDYS_CNKI.TTF', 'HGDY_CNKI.ttf', 'HGF1X_CNKI.ttf', 'HGF1_CNKI.ttf', 'HGF2X_CNKI.ttf', 'HGF2_CNKI.ttf', 'HGF3_CNKI.ttf', 'HGF4X_CNKI.ttf', 'HGF4_CNKI.ttf', 'HGF5X_CNKI.ttf', 'HGF5_CNKI.ttf', 'HGF6X_CNKI.ttf', 'HGF6_CNKI.ttf', 'HGF7X_CNKI.ttf', 'HGF7_CNKI.ttf', 'HGF8_CNKI.ttf', 'HGF9X_CNKI.ttf', 'HGF9_CNKI.ttf', 'HGFS1_CNKI.TTF', 'HGFS2_CNKI.TTF', 'HGFSH_CNKI.TTF', 'HGFS_CNKI.TTF', 'HGFX_CNKI.ttf', 'HGFZ_CNKI.ttf', 'HGGG_CNKI.TTF', 'HGH1X_CNKI.ttf', 'HGH1_CNKI.ttf', 'HGH2X_CNKI.ttf', 'HGH2_CNKI.ttf', 'HGH3X_CNKI.ttf', 'HGH3_CNKI.ttf', 'HGH4X_CNKI.ttf', 'HGH4_CNKI.ttf', 'HGH5X_CNKI.ttf', 'HGH5_CNKI.ttf', 'HGH6X_CNKI.ttf', 'HGH6_CNKI.ttf', 'HGH7X_CNKI.ttf', 'HGH7_CNKI.ttf', 'HGHB_CNKI.TTF', 'HGHD_CNKI.ttf', 'HGHP_CNKI.TTF', 'HGHT1_CNKI.ttf', 'HGHT2_CNKI.ttf', 'HGHUATI_CNKI.ttf', 'HGHX_CNKI.ttf', 'HGHZ_CNKI.ttf', 'HGH_CNKI.TTF', 'HGKT1_CNKI.TTF', 'HGKT2_CNKI.TTF', 'HGKT_CNKI.TTF', 'HGKY_CNKI.ttf', 'HGLB_CNKI.TTF', 'HGLS_CNKI.TTF', 'HGMH_CNKI.TTF', 'HGNBS_CNKI.ttf', 'HGOCR_CNKI.ttf', 'HGPH_CNKI.TTF', 'HGPTY_CNKI.TTF', 'HGSS1_CNKI.TTF', 'HGSS2_CNKI.TTF', 'HGSS_CNKI.TTF', 'HGSXT_CNKI.ttf', 'HGTT_CNKI.ttf', 'HGTX_CNKI.TTF', 'HGWT_CNKI.TTF', 'HGWYS_CNKI.TTF', 'HGX1X_CNKI.ttf', 'HGX1_CNKI.ttf', 'HGXBS_CNKI.TTF', 'HGXC_CNKI.TTF', 'HGXF1_CNKI.ttf', 'HGXFX_CNKI.ttf', 'HGXFZ_CNKI.ttf', 'HGXH1_CNKI.TTF', 'HGXH_CNKI.TTF', 'HGXK_CNKI.TTF', 'HGXL_CNKI.TTF', 'HGXS_CNKI.TTF', 'HGXT_CNKI.ttf', 'HGXY_CNKI.ttf', 'HGY1_CNKI.TTF', 'HGY2_CNKI.TTF', 'HGY3_CNKI.TTF', 'HGY4_CNKI.TTF', 'HGYB_CNKI.ttf', 'HGYT1_CNKI.ttf', 'HGYT2_CNKI.ttf', 'HGYT_CNKI.TTF', 'HGYX_CNKI.TTF', 'HGZCS_CNKI.TTF', 'HGZDX_CNKI.TTF', 'HGZK_CNKI.TTF', 'HGZYT_CNKI.TTF', 'HGZY_CNKI.TTF', 'himalaya.ttf', 'holomdl2.ttf', 'HTOWERT.TTF', 'HTOWERTI.TTF', 'hvgafix.fon', 'hvgasys.fon', 'impact.ttf', 'IMPRISHA.TTF', 'INFROMAN.TTF', 'Inkfree.ttf', 'iqiyi_logov7.ttf', 'ITCBLKAD.TTF', 'ITCEDSCR.TTF', 'ITCKRIST.TTF', 'j8514fix.fon', 'j8514oem.fon', 'j8514sys.fon', 'javatext.ttf', 'JOKERMAN.TTF', 'jsmalle.fon', 'jsmallf.fon', 'JUICE___.TTF', 'jvgafix.fon', 'jvgasys.fon', 'KUNSTLER.TTF', 'LATINWD.TTF', 'LBRITE.TTF', 'LBRITED.TTF', 'LBRITEDI.TTF', 'LBRITEI.TTF', 'LCALLIG.TTF', 'LeelaUIb.ttf', 'LeelawUI.ttf', 'LeelUIsl.ttf', 'LFAX.TTF', 'LFAXD.TTF', 'LFAXDI.TTF', 'LFAXI.TTF', 'LHANDW.TTF', 'LSANS.TTF', 'LSANSD.TTF', 'LSANSDI.TTF', 'LSANSI.TTF', 'LTYPE.TTF', 'LTYPEB.TTF', 'LTYPEBO.TTF', 'LTYPEO.TTF', 'lucon.ttf', 'l_10646.ttf', 'MAGNETOB.TTF', 'MAIAN.TTF', 'malgun.ttf', 'malgunbd.ttf', 'malgunsl.ttf', 'marlett.ttf', 'MATURASC.TTF', 'micross.ttf', 'mingliub.ttc', 'MISTRAL.TTF', 'mmrtext.ttf', 'mmrtextb.ttf', 'MOD20.TTF', 'modern.fon', 'monbaiti.ttf', 'msgothic.ttc', 'msjh.ttc', 'msjhbd.ttc', 'msjhl.ttc', 'msyh.ttc', 'msyhbd.ttc', 'msyhl.ttc', 'msyi.ttf', 'MTCORSVA.TTF', 'MTEXTRA.TTF', 'mvboli.ttf', 'NIAGENG.TTF', 'NIAGSOL.TTF', 'Nirmala.ttf', 'NirmalaB.ttf', 'NirmalaS.ttf', 'ntailu.ttf', 'ntailub.ttf', 'NumberOnly.ttf', 'OCRAEXT.TTF', 'OLDENGL.TTF', 'ONYX.TTF', 'OUTLOOK.TTF', 'pala.ttf', 'palab.ttf', 'palabi.ttf', 'palai.ttf', 'PALSCRI.TTF', 'PAPYRUS.TTF', 'PARCHM.TTF', 'PERBI___.TTF', 'PERB____.TTF', 'PERI____.TTF', 'PERTIBD.TTF', 'PERTILI.TTF', 'PER_____.TTF', 'phagspa.ttf', 'phagspab.ttf', 'PLAYBILL.TTF', 'POORICH.TTF', 'PRISTINA.TTF', 'RAGE.TTF', 'RAVIE.TTF', 'REFSAN.TTF', 'REFSPCL.TTF', 'ROCCB___.TTF', 'ROCC____.TTF', 'ROCK.TTF', 'ROCKB.TTF', 'ROCKBI.TTF', 'ROCKEB.TTF', 'ROCKI.TTF', 'roman.fon', 's8514fix.fon', 's8514oem.fon', 's8514sys.fon', 'SCHLBKB.TTF', 'SCHLBKBI.TTF', 'SCHLBKI.TTF', 'script.fon', 'SCRIPTBL.TTF', 'segmdl2.ttf', 'SegoeIcons.ttf', 'segoepr.ttf', 'segoeprb.ttf', 'segoesc.ttf', 'segoescb.ttf', 'segoeui.ttf', 'segoeuib.ttf', 'segoeuii.ttf', 'segoeuil.ttf', 'segoeuisl.ttf', 'segoeuiz.ttf', 'seguibl.ttf', 'seguibli.ttf', 'seguiemj.ttf', 'seguihis.ttf', 'seguili.ttf', 'seguisb.ttf', 'seguisbi.ttf', 'seguisli.ttf', 'seguisym.ttf', 'SegUIVar.ttf', 'sere1255.fon', 'sere1256.fon', 'sere1257.fon', 'serf1255.fon', 'serf1256.fon', 'serf1257.fon', 'serife.fon', 'serifee.fon', 'serifeg.fon', 'serifer.fon', 'serifet.fon', 'seriff.fon', 'seriffe.fon', 'seriffg.fon', 'seriffr.fon', 'serifft.fon', 'SHOWG.TTF', 'simfang.ttf', 'simhei.ttf', 'simkai.ttf', 'SIMLI.TTF', 'simsun.ttc', 'simsunb.ttf', 'SIMYOU.TTF', 'SitkaVF-Italic.ttf', 'SitkaVF.ttf', 'smae1255.fon', 'smae1256.fon', 'smae1257.fon', 'smaf1255.fon', 'smaf1256.fon', 'smaf1257.fon', 'smalle.fon', 'smallee.fon', 'smalleg.fon', 'smaller.fon', 'smallet.fon', 'smallf.fon', 'smallfe.fon', 'smallfg.fon', 'smallfr.fon', 'smallft.fon', 'SNAP____.TTF', 'ssee1255.fon', 'ssee1256.fon', 'ssee1257.fon', 'ssee874.fon', 'ssef1255.fon', 'ssef1256.fon', 'ssef1257.fon', 'ssef874.fon', 'sserife.fon', 'sserifee.fon', 'sserifeg.fon', 'sserifer.fon', 'sserifet.fon', 'sseriff.fon', 'sseriffe.fon', 'sseriffg.fon', 'sseriffr.fon', 'sserifft.fon', 'StaticCache.dat', 'STCAIYUN.TTF', 'STENCIL.TTF', 'STFANGSO.TTF', 'STHUPO.TTF', 'STKAITI.TTF', 'STLITI.TTF', 'STSONG.TTF', 'STXIHEI.TTF', 'STXINGKA.TTF', 'STXINWEI.TTF', 'STZHONGS.TTF', 'svgafix.fon', 'svgasys.fon', 'sylfaen.ttf', 'symbol.ttf', 'tahoma.ttf', 'tahomabd.ttf', 'taile.ttf', 'taileb.ttf', 'TCBI____.TTF', 'TCB_____.TTF', 'TCCB____.TTF', 'TCCEB.TTF', 'TCCM____.TTF', 'TCMI____.TTF', 'TCM_____.TTF', 'TEMPSITC.TTF', 'times.ttf', 'timesbd.ttf', 'timesbi.ttf', 'timesi.ttf', 'trebuc.ttf', 'trebucbd.ttf', 'trebucbi.ttf', 'trebucit.ttf', 'verdana.ttf', 'verdanab.ttf', 'verdanai.ttf', 'verdanaz.ttf', 'vga737.fon', 'vga775.fon', 'vga850.fon', 'vga852.fon', 'vga855.fon', 'vga857.fon', 'vga860.fon', 'vga861.fon', 'vga863.fon', 'vga865.fon', 'vga866.fon', 'vga869.fon', 'vga932.fon', 'vga936.fon', 'vga949.fon', 'vga950.fon', 'vgaf1255.fon', 'vgaf1256.fon', 'vgaf1257.fon', 'vgaf874.fon', 'vgafix.fon', 'vgafixe.fon', 'vgafixg.fon', 'vgafixr.fon', 'vgafixt.fon', 'vgaoem.fon', 'vgas1255.fon', 'vgas1256.fon', 'vgas1257.fon', 'vgas874.fon', 'vgasys.fon', 'vgasyse.fon', 'vgasysg.fon', 'vgasysr.fon', 'vgasyst.fon', 'VINERITC.TTF', 'VIVALDII.TTF', 'VLADIMIR.TTF', 'webdings.ttf', 'wingding.ttf', 'WINGDNG2.TTF', 'WINGDNG3.TTF', 'YuGothB.ttc', 'YuGothL.ttc', 'YuGothM.ttc', 'YuGothR.ttc', '\u534e\u5eb7\u65b9\u5706\u4f53W7.TTC', '\u65b9\u6b63\u7c97\u9ed1\u5b8b\u7b80\u4f53.ttf']
2023-09-27 15:05:05,686 - INFO - all fonts installed:['8514fix.fon', '8514fixe.fon', '8514fixg.fon', '8514fixr.fon', '8514fixt.fon', '8514oem.fon', '8514oeme.fon', '8514oemg.fon', '8514oemr.fon', '8514oemt.fon', '8514sys.fon', '8514syse.fon', '8514sysg.fon', '8514sysr.fon', '8514syst.fon', '85775.fon', '85855.fon', '85f1255.fon', '85f1256.fon', '85f1257.fon', '85f874.fon', '85s1255.fon', '85s1256.fon', '85s1257.fon', '85s874.fon', 'AGENCYB.TTF', 'AGENCYR.TTF', 'ALGER.TTF', 'ANTQUAB.TTF', 'ANTQUABI.TTF', 'ANTQUAI.TTF', 'app775.fon', 'app850.fon', 'app852.fon', 'app855.fon', 'app857.fon', 'app866.fon', 'app932.fon', 'app936.fon', 'app949.fon', 'app950.fon', 'arial.ttf', 'arialbd.ttf', 'arialbi.ttf', 'ariali.ttf', 'ARIALN.TTF', 'ARIALNB.TTF', 'ARIALNBI.TTF', 'ARIALNI.TTF', 'ariblk.ttf', 'ARLRDBD.TTF', 'AxureHandwriting-Bold.otf', 'AxureHandwriting-BoldItalic.otf', 'AxureHandwriting-Italic.otf', 'AxureHandwriting.otf', 'bahnschrift.ttf', 'BASKVILL.TTF', 'BAUHS93.TTF', 'BELL.TTF', 'BELLB.TTF', 'BELLI.TTF', 'BERNHC.TTF', 'BKANT.TTF', 'BOD_B.TTF', 'BOD_BI.TTF', 'BOD_BLAI.TTF', 'BOD_BLAR.TTF', 'BOD_CB.TTF', 'BOD_CBI.TTF', 'BOD_CI.TTF', 'BOD_CR.TTF', 'BOD_I.TTF', 'BOD_PSTC.TTF', 'BOD_R.TTF', 'BOOKOS.TTF', 'BOOKOSB.TTF', 'BOOKOSBI.TTF', 'BOOKOSI.TTF', 'BRADHITC.TTF', 'BRITANIC.TTF', 'BRLNSB.TTF', 'BRLNSDB.TTF', 'BRLNSR.TTF', 'BROADW.TTF', 'BRUSHSCI.TTF', 'BSSYM7.TTF', 'c8514fix.fon', 'c8514oem.fon', 'c8514sys.fon', 'calibri.ttf', 'calibrib.ttf', 'calibrii.ttf', 'calibril.ttf', 'calibrili.ttf', 'calibriz.ttf', 'CALIFB.TTF', 'CALIFI.TTF', 'CALIFR.TTF', 'CALIST.TTF', 'CALISTB.TTF', 'CALISTBI.TTF', 'CALISTI.TTF', 'cambria.ttc', 'cambriab.ttf', 'cambriai.ttf', 'cambriaz.ttf', 'Candara.ttf', 'Candarab.ttf', 'Candarai.ttf', 'Candaral.ttf', 'Candarali.ttf', 'Candaraz.ttf', 'CascadiaCode.ttf', 'CascadiaMono.ttf', 'CASTELAR.TTF', 'CENSCBK.TTF', 'CENTAUR.TTF', 'CENTURY.TTF', 'cga40737.fon', 'cga40850.fon', 'cga40852.fon', 'cga40857.fon', 'cga40866.fon', 'cga40869.fon', 'cga40woa.fon', 'cga80737.fon', 'cga80850.fon', 'cga80852.fon', 'cga80857.fon', 'cga80866.fon', 'cga80869.fon', 'cga80woa.fon', 'CHILLER.TTF', 'COLONNA.TTF', 'comic.ttf', 'comicbd.ttf', 'comici.ttf', 'comicz.ttf', 'consola.ttf', 'consolab.ttf', 'consolai.ttf', 'consolaz.ttf', 'constan.ttf', 'constanb.ttf', 'constani.ttf', 'constanz.ttf', 'COOPBL.TTF', 'COPRGTB.TTF', 'COPRGTL.TTF', 'corbel.ttf', 'corbelb.ttf', 'corbeli.ttf', 'corbell.ttf', 'corbelli.ttf', 'corbelz.ttf', 'coue1255.fon', 'coue1256.fon', 'coue1257.fon', 'couf1255.fon', 'couf1256.fon', 'couf1257.fon', 'cour.ttf', 'courbd.ttf', 'courbi.ttf', 'coure.fon', 'couree.fon', 'coureg.fon', 'courer.fon', 'couret.fon', 'courf.fon', 'courfe.fon', 'courfg.fon', 'courfr.fon', 'courft.fon', 'couri.ttf', 'CURLZ___.TTF', 'cvgafix.fon', 'cvgasys.fon', 'Deng.ttf', 'Dengb.ttf', 'Dengl.ttf', 'desktop.ini', 'dos737.fon', 'dos869.fon', 'dosapp.fon', 'DUBAI-BOLD.TTF', 'DUBAI-LIGHT.TTF', 'DUBAI-MEDIUM.TTF', 'DUBAI-REGULAR.TTF', 'ebrima.ttf', 'ebrimabd.ttf', 'ega40737.fon', 'ega40850.fon', 'ega40852.fon', 'ega40857.fon', 'ega40866.fon', 'ega40869.fon', 'ega40woa.fon', 'ega80737.fon', 'ega80850.fon', 'ega80852.fon', 'ega80857.fon', 'ega80866.fon', 'ega80869.fon', 'ega80woa.fon', 'ELEPHNT.TTF', 'ELEPHNTI.TTF', 'ENGR.TTF', 'ERASBD.TTF', 'ERASDEMI.TTF', 'ERASLGHT.TTF', 'ERASMD.TTF', 'FELIXTI.TTF', 'fms_metadata.xml', 'FORTE.TTF', 'FRABK.TTF', 'FRABKIT.TTF', 'FRADM.TTF', 'FRADMCN.TTF', 'FRADMIT.TTF', 'FRAHV.TTF', 'FRAHVIT.TTF', 'framd.ttf', 'FRAMDCN.TTF', 'framdit.ttf', 'FREESCPT.TTF', 'FRSCRIPT.TTF', 'FTLTLT.TTF', 'FZSTK.TTF', 'FZYTK.TTF', 'Gabriola.ttf', 'gadugi.ttf', 'gadugib.ttf', 'GARA.TTF', 'GARABD.TTF', 'GARAIT.TTF', 'georgia.ttf', 'georgiab.ttf', 'georgiai.ttf', 'georgiaz.ttf', 'GIGI.TTF', 'GILBI___.TTF', 'GILB____.TTF', 'GILC____.TTF', 'GILI____.TTF', 'GILLUBCD.TTF', 'GILSANUB.TTF', 'GIL_____.TTF', 'GLECB.TTF', 'GlobalMonospace.CompositeFont', 'GlobalSansSerif.CompositeFont', 'GlobalSerif.CompositeFont', 'GlobalUserInterface.CompositeFont', 'GLSNECB.TTF', 'GOTHIC.TTF', 'GOTHICB.TTF', 'GOTHICBI.TTF', 'GOTHICI.TTF', 'GOUDOS.TTF', 'GOUDOSB.TTF', 'GOUDOSI.TTF', 'GOUDYSTO.TTF', 'h8514fix.fon', 'h8514oem.fon', 'h8514sys.fon', 'HARLOWSI.TTF', 'HARNGTON.TTF', 'HATTEN.TTF', 'HGB1X_CNKI.ttf', 'HGB1_CNKI.ttf', 'HGB2X_CNKI.ttf', 'HGB2_CNKI.ttf', 'HGB3X_CNKI.ttf', 'HGB3_CNKI.ttf', 'HGB4X_CNKI.ttf', 'HGB4_CNKI.ttf', 'HGB5X_CNKI.ttf', 'HGB5_CNKI.ttf', 'HGB6X_CNKI.ttf', 'HGB6_CNKI.ttf', 'HGB7X_CNKI.ttf', 'HGB7_CNKI.ttf', 'HGB8X_CNKI.ttf', 'HGB8_CNKI.ttf', 'HGBD_CNKI.ttf', 'HGBKBX_CNKI.ttf', 'HGBKB_CNKI.ttf', 'HGBKHX_CNKI.ttf', 'HGBKH_CNKI.ttf', 'HGBS1_CNKI.TTF', 'HGBS2_CNKI.TTF', 'HGBS_CNKI.TTF', 'HGBTH_CNKI.TTF', 'HGBTS_CNKI.TTF', 'HGBX_CNKI.ttf', 'HGBZ_CNKI.ttf', 'HGCH_CNKI.TTF', 'HGCUH_CNKI.TTF', 'HGCY_CNKI.TTF', 'HGDBS_CNKI.TTF', 'HGDGY_CNKI.TTF', 'HGDH2_CNKI.TTF', 'HGDH_CNKI.TTF', 'HGDYS_CNKI.TTF', 'HGDY_CNKI.ttf', 'HGF1X_CNKI.ttf', 'HGF1_CNKI.ttf', 'HGF2X_CNKI.ttf', 'HGF2_CNKI.ttf', 'HGF3_CNKI.ttf', 'HGF4X_CNKI.ttf', 'HGF4_CNKI.ttf', 'HGF5X_CNKI.ttf', 'HGF5_CNKI.ttf', 'HGF6X_CNKI.ttf', 'HGF6_CNKI.ttf', 'HGF7X_CNKI.ttf', 'HGF7_CNKI.ttf', 'HGF8_CNKI.ttf', 'HGF9X_CNKI.ttf', 'HGF9_CNKI.ttf', 'HGFS1_CNKI.TTF', 'HGFS2_CNKI.TTF', 'HGFSH_CNKI.TTF', 'HGFS_CNKI.TTF', 'HGFX_CNKI.ttf', 'HGFZ_CNKI.ttf', 'HGGG_CNKI.TTF', 'HGH1X_CNKI.ttf', 'HGH1_CNKI.ttf', 'HGH2X_CNKI.ttf', 'HGH2_CNKI.ttf', 'HGH3X_CNKI.ttf', 'HGH3_CNKI.ttf', 'HGH4X_CNKI.ttf', 'HGH4_CNKI.ttf', 'HGH5X_CNKI.ttf', 'HGH5_CNKI.ttf', 'HGH6X_CNKI.ttf', 'HGH6_CNKI.ttf', 'HGH7X_CNKI.ttf', 'HGH7_CNKI.ttf', 'HGHB_CNKI.TTF', 'HGHD_CNKI.ttf', 'HGHP_CNKI.TTF', 'HGHT1_CNKI.ttf', 'HGHT2_CNKI.ttf', 'HGHUATI_CNKI.ttf', 'HGHX_CNKI.ttf', 'HGHZ_CNKI.ttf', 'HGH_CNKI.TTF', 'HGKT1_CNKI.TTF', 'HGKT2_CNKI.TTF', 'HGKT_CNKI.TTF', 'HGKY_CNKI.ttf', 'HGLB_CNKI.TTF', 'HGLS_CNKI.TTF', 'HGMH_CNKI.TTF', 'HGNBS_CNKI.ttf', 'HGOCR_CNKI.ttf', 'HGPH_CNKI.TTF', 'HGPTY_CNKI.TTF', 'HGSS1_CNKI.TTF', 'HGSS2_CNKI.TTF', 'HGSS_CNKI.TTF', 'HGSXT_CNKI.ttf', 'HGTT_CNKI.ttf', 'HGTX_CNKI.TTF', 'HGWT_CNKI.TTF', 'HGWYS_CNKI.TTF', 'HGX1X_CNKI.ttf', 'HGX1_CNKI.ttf', 'HGXBS_CNKI.TTF', 'HGXC_CNKI.TTF', 'HGXF1_CNKI.ttf', 'HGXFX_CNKI.ttf', 'HGXFZ_CNKI.ttf', 'HGXH1_CNKI.TTF', 'HGXH_CNKI.TTF', 'HGXK_CNKI.TTF', 'HGXL_CNKI.TTF', 'HGXS_CNKI.TTF', 'HGXT_CNKI.ttf', 'HGXY_CNKI.ttf', 'HGY1_CNKI.TTF', 'HGY2_CNKI.TTF', 'HGY3_CNKI.TTF', 'HGY4_CNKI.TTF', 'HGYB_CNKI.ttf', 'HGYT1_CNKI.ttf', 'HGYT2_CNKI.ttf', 'HGYT_CNKI.TTF', 'HGYX_CNKI.TTF', 'HGZCS_CNKI.TTF', 'HGZDX_CNKI.TTF', 'HGZK_CNKI.TTF', 'HGZYT_CNKI.TTF', 'HGZY_CNKI.TTF', 'himalaya.ttf', 'holomdl2.ttf', 'HTOWERT.TTF', 'HTOWERTI.TTF', 'hvgafix.fon', 'hvgasys.fon', 'impact.ttf', 'IMPRISHA.TTF', 'INFROMAN.TTF', 'Inkfree.ttf', 'iqiyi_logov7.ttf', 'ITCBLKAD.TTF', 'ITCEDSCR.TTF', 'ITCKRIST.TTF', 'j8514fix.fon', 'j8514oem.fon', 'j8514sys.fon', 'javatext.ttf', 'JOKERMAN.TTF', 'jsmalle.fon', 'jsmallf.fon', 'JUICE___.TTF', 'jvgafix.fon', 'jvgasys.fon', 'KUNSTLER.TTF', 'LATINWD.TTF', 'LBRITE.TTF', 'LBRITED.TTF', 'LBRITEDI.TTF', 'LBRITEI.TTF', 'LCALLIG.TTF', 'LeelaUIb.ttf', 'LeelawUI.ttf', 'LeelUIsl.ttf', 'LFAX.TTF', 'LFAXD.TTF', 'LFAXDI.TTF', 'LFAXI.TTF', 'LHANDW.TTF', 'LSANS.TTF', 'LSANSD.TTF', 'LSANSDI.TTF', 'LSANSI.TTF', 'LTYPE.TTF', 'LTYPEB.TTF', 'LTYPEBO.TTF', 'LTYPEO.TTF', 'lucon.ttf', 'l_10646.ttf', 'MAGNETOB.TTF', 'MAIAN.TTF', 'malgun.ttf', 'malgunbd.ttf', 'malgunsl.ttf', 'marlett.ttf', 'MATURASC.TTF', 'micross.ttf', 'mingliub.ttc', 'MISTRAL.TTF', 'mmrtext.ttf', 'mmrtextb.ttf', 'MOD20.TTF', 'modern.fon', 'monbaiti.ttf', 'msgothic.ttc', 'msjh.ttc', 'msjhbd.ttc', 'msjhl.ttc', 'msyh.ttc', 'msyhbd.ttc', 'msyhl.ttc', 'msyi.ttf', 'MTCORSVA.TTF', 'MTEXTRA.TTF', 'mvboli.ttf', 'NIAGENG.TTF', 'NIAGSOL.TTF', 'Nirmala.ttf', 'NirmalaB.ttf', 'NirmalaS.ttf', 'ntailu.ttf', 'ntailub.ttf', 'NumberOnly.ttf', 'OCRAEXT.TTF', 'OLDENGL.TTF', 'ONYX.TTF', 'OUTLOOK.TTF', 'pala.ttf', 'palab.ttf', 'palabi.ttf', 'palai.ttf', 'PALSCRI.TTF', 'PAPYRUS.TTF', 'PARCHM.TTF', 'PERBI___.TTF', 'PERB____.TTF', 'PERI____.TTF', 'PERTIBD.TTF', 'PERTILI.TTF', 'PER_____.TTF', 'phagspa.ttf', 'phagspab.ttf', 'PLAYBILL.TTF', 'POORICH.TTF', 'PRISTINA.TTF', 'RAGE.TTF', 'RAVIE.TTF', 'REFSAN.TTF', 'REFSPCL.TTF', 'ROCCB___.TTF', 'ROCC____.TTF', 'ROCK.TTF', 'ROCKB.TTF', 'ROCKBI.TTF', 'ROCKEB.TTF', 'ROCKI.TTF', 'roman.fon', 's8514fix.fon', 's8514oem.fon', 's8514sys.fon', 'SCHLBKB.TTF', 'SCHLBKBI.TTF', 'SCHLBKI.TTF', 'script.fon', 'SCRIPTBL.TTF', 'segmdl2.ttf', 'SegoeIcons.ttf', 'segoepr.ttf', 'segoeprb.ttf', 'segoesc.ttf', 'segoescb.ttf', 'segoeui.ttf', 'segoeuib.ttf', 'segoeuii.ttf', 'segoeuil.ttf', 'segoeuisl.ttf', 'segoeuiz.ttf', 'seguibl.ttf', 'seguibli.ttf', 'seguiemj.ttf', 'seguihis.ttf', 'seguili.ttf', 'seguisb.ttf', 'seguisbi.ttf', 'seguisli.ttf', 'seguisym.ttf', 'SegUIVar.ttf', 'sere1255.fon', 'sere1256.fon', 'sere1257.fon', 'serf1255.fon', 'serf1256.fon', 'serf1257.fon', 'serife.fon', 'serifee.fon', 'serifeg.fon', 'serifer.fon', 'serifet.fon', 'seriff.fon', 'seriffe.fon', 'seriffg.fon', 'seriffr.fon', 'serifft.fon', 'SHOWG.TTF', 'simfang.ttf', 'simhei.ttf', 'simkai.ttf', 'SIMLI.TTF', 'simsun.ttc', 'simsunb.ttf', 'SIMYOU.TTF', 'SitkaVF-Italic.ttf', 'SitkaVF.ttf', 'smae1255.fon', 'smae1256.fon', 'smae1257.fon', 'smaf1255.fon', 'smaf1256.fon', 'smaf1257.fon', 'smalle.fon', 'smallee.fon', 'smalleg.fon', 'smaller.fon', 'smallet.fon', 'smallf.fon', 'smallfe.fon', 'smallfg.fon', 'smallfr.fon', 'smallft.fon', 'SNAP____.TTF', 'ssee1255.fon', 'ssee1256.fon', 'ssee1257.fon', 'ssee874.fon', 'ssef1255.fon', 'ssef1256.fon', 'ssef1257.fon', 'ssef874.fon', 'sserife.fon', 'sserifee.fon', 'sserifeg.fon', 'sserifer.fon', 'sserifet.fon', 'sseriff.fon', 'sseriffe.fon', 'sseriffg.fon', 'sseriffr.fon', 'sserifft.fon', 'StaticCache.dat', 'STCAIYUN.TTF', 'STENCIL.TTF', 'STFANGSO.TTF', 'STHUPO.TTF', 'STKAITI.TTF', 'STLITI.TTF', 'STSONG.TTF', 'STXIHEI.TTF', 'STXINGKA.TTF', 'STXINWEI.TTF', 'STZHONGS.TTF', 'svgafix.fon', 'svgasys.fon', 'sylfaen.ttf', 'symbol.ttf', 'tahoma.ttf', 'tahomabd.ttf', 'taile.ttf', 'taileb.ttf', 'TCBI____.TTF', 'TCB_____.TTF', 'TCCB____.TTF', 'TCCEB.TTF', 'TCCM____.TTF', 'TCMI____.TTF', 'TCM_____.TTF', 'TEMPSITC.TTF', 'times.ttf', 'timesbd.ttf', 'timesbi.ttf', 'timesi.ttf', 'trebuc.ttf', 'trebucbd.ttf', 'trebucbi.ttf', 'trebucit.ttf', 'verdana.ttf', 'verdanab.ttf', 'verdanai.ttf', 'verdanaz.ttf', 'vga737.fon', 'vga775.fon', 'vga850.fon', 'vga852.fon', 'vga855.fon', 'vga857.fon', 'vga860.fon', 'vga861.fon', 'vga863.fon', 'vga865.fon', 'vga866.fon', 'vga869.fon', 'vga932.fon', 'vga936.fon', 'vga949.fon', 'vga950.fon', 'vgaf1255.fon', 'vgaf1256.fon', 'vgaf1257.fon', 'vgaf874.fon', 'vgafix.fon', 'vgafixe.fon', 'vgafixg.fon', 'vgafixr.fon', 'vgafixt.fon', 'vgaoem.fon', 'vgas1255.fon', 'vgas1256.fon', 'vgas1257.fon', 'vgas874.fon', 'vgasys.fon', 'vgasyse.fon', 'vgasysg.fon', 'vgasysr.fon', 'vgasyst.fon', 'VINERITC.TTF', 'VIVALDII.TTF', 'VLADIMIR.TTF', 'webdings.ttf', 'wingding.ttf', 'WINGDNG2.TTF', 'WINGDNG3.TTF', 'YuGothB.ttc', 'YuGothL.ttc', 'YuGothM.ttc', 'YuGothR.ttc', '\u534e\u5eb7\u65b9\u5706\u4f53W7.TTC', '\u65b9\u6b63\u7c97\u9ed1\u5b8b\u7b80\u4f53.ttf']
2023-09-27 15:05:05,690 - INFO - all fonts installed:['8514fix.fon', '8514fixe.fon', '8514fixg.fon', '8514fixr.fon', '8514fixt.fon', '8514oem.fon', '8514oeme.fon', '8514oemg.fon', '8514oemr.fon', '8514oemt.fon', '8514sys.fon', '8514syse.fon', '8514sysg.fon', '8514sysr.fon', '8514syst.fon', '85775.fon', '85855.fon', '85f1255.fon', '85f1256.fon', '85f1257.fon', '85f874.fon', '85s1255.fon', '85s1256.fon', '85s1257.fon', '85s874.fon', 'AGENCYB.TTF', 'AGENCYR.TTF', 'ALGER.TTF', 'ANTQUAB.TTF', 'ANTQUABI.TTF', 'ANTQUAI.TTF', 'app775.fon', 'app850.fon', 'app852.fon', 'app855.fon', 'app857.fon', 'app866.fon', 'app932.fon', 'app936.fon', 'app949.fon', 'app950.fon', 'arial.ttf', 'arialbd.ttf', 'arialbi.ttf', 'ariali.ttf', 'ARIALN.TTF', 'ARIALNB.TTF', 'ARIALNBI.TTF', 'ARIALNI.TTF', 'ariblk.ttf', 'ARLRDBD.TTF', 'AxureHandwriting-Bold.otf', 'AxureHandwriting-BoldItalic.otf', 'AxureHandwriting-Italic.otf', 'AxureHandwriting.otf', 'bahnschrift.ttf', 'BASKVILL.TTF', 'BAUHS93.TTF', 'BELL.TTF', 'BELLB.TTF', 'BELLI.TTF', 'BERNHC.TTF', 'BKANT.TTF', 'BOD_B.TTF', 'BOD_BI.TTF', 'BOD_BLAI.TTF', 'BOD_BLAR.TTF', 'BOD_CB.TTF', 'BOD_CBI.TTF', 'BOD_CI.TTF', 'BOD_CR.TTF', 'BOD_I.TTF', 'BOD_PSTC.TTF', 'BOD_R.TTF', 'BOOKOS.TTF', 'BOOKOSB.TTF', 'BOOKOSBI.TTF', 'BOOKOSI.TTF', 'BRADHITC.TTF', 'BRITANIC.TTF', 'BRLNSB.TTF', 'BRLNSDB.TTF', 'BRLNSR.TTF', 'BROADW.TTF', 'BRUSHSCI.TTF', 'BSSYM7.TTF', 'c8514fix.fon', 'c8514oem.fon', 'c8514sys.fon', 'calibri.ttf', 'calibrib.ttf', 'calibrii.ttf', 'calibril.ttf', 'calibrili.ttf', 'calibriz.ttf', 'CALIFB.TTF', 'CALIFI.TTF', 'CALIFR.TTF', 'CALIST.TTF', 'CALISTB.TTF', 'CALISTBI.TTF', 'CALISTI.TTF', 'cambria.ttc', 'cambriab.ttf', 'cambriai.ttf', 'cambriaz.ttf', 'Candara.ttf', 'Candarab.ttf', 'Candarai.ttf', 'Candaral.ttf', 'Candarali.ttf', 'Candaraz.ttf', 'CascadiaCode.ttf', 'CascadiaMono.ttf', 'CASTELAR.TTF', 'CENSCBK.TTF', 'CENTAUR.TTF', 'CENTURY.TTF', 'cga40737.fon', 'cga40850.fon', 'cga40852.fon', 'cga40857.fon', 'cga40866.fon', 'cga40869.fon', 'cga40woa.fon', 'cga80737.fon', 'cga80850.fon', 'cga80852.fon', 'cga80857.fon', 'cga80866.fon', 'cga80869.fon', 'cga80woa.fon', 'CHILLER.TTF', 'COLONNA.TTF', 'comic.ttf', 'comicbd.ttf', 'comici.ttf', 'comicz.ttf', 'consola.ttf', 'consolab.ttf', 'consolai.ttf', 'consolaz.ttf', 'constan.ttf', 'constanb.ttf', 'constani.ttf', 'constanz.ttf', 'COOPBL.TTF', 'COPRGTB.TTF', 'COPRGTL.TTF', 'corbel.ttf', 'corbelb.ttf', 'corbeli.ttf', 'corbell.ttf', 'corbelli.ttf', 'corbelz.ttf', 'coue1255.fon', 'coue1256.fon', 'coue1257.fon', 'couf1255.fon', 'couf1256.fon', 'couf1257.fon', 'cour.ttf', 'courbd.ttf', 'courbi.ttf', 'coure.fon', 'couree.fon', 'coureg.fon', 'courer.fon', 'couret.fon', 'courf.fon', 'courfe.fon', 'courfg.fon', 'courfr.fon', 'courft.fon', 'couri.ttf', 'CURLZ___.TTF', 'cvgafix.fon', 'cvgasys.fon', 'Deng.ttf', 'Dengb.ttf', 'Dengl.ttf', 'desktop.ini', 'dos737.fon', 'dos869.fon', 'dosapp.fon', 'DUBAI-BOLD.TTF', 'DUBAI-LIGHT.TTF', 'DUBAI-MEDIUM.TTF', 'DUBAI-REGULAR.TTF', 'ebrima.ttf', 'ebrimabd.ttf', 'ega40737.fon', 'ega40850.fon', 'ega40852.fon', 'ega40857.fon', 'ega40866.fon', 'ega40869.fon', 'ega40woa.fon', 'ega80737.fon', 'ega80850.fon', 'ega80852.fon', 'ega80857.fon', 'ega80866.fon', 'ega80869.fon', 'ega80woa.fon', 'ELEPHNT.TTF', 'ELEPHNTI.TTF', 'ENGR.TTF', 'ERASBD.TTF', 'ERASDEMI.TTF', 'ERASLGHT.TTF', 'ERASMD.TTF', 'FELIXTI.TTF', 'fms_metadata.xml', 'FORTE.TTF', 'FRABK.TTF', 'FRABKIT.TTF', 'FRADM.TTF', 'FRADMCN.TTF', 'FRADMIT.TTF', 'FRAHV.TTF', 'FRAHVIT.TTF', 'framd.ttf', 'FRAMDCN.TTF', 'framdit.ttf', 'FREESCPT.TTF', 'FRSCRIPT.TTF', 'FTLTLT.TTF', 'FZSTK.TTF', 'FZYTK.TTF', 'Gabriola.ttf', 'gadugi.ttf', 'gadugib.ttf', 'GARA.TTF', 'GARABD.TTF', 'GARAIT.TTF', 'georgia.ttf', 'georgiab.ttf', 'georgiai.ttf', 'georgiaz.ttf', 'GIGI.TTF', 'GILBI___.TTF', 'GILB____.TTF', 'GILC____.TTF', 'GILI____.TTF', 'GILLUBCD.TTF', 'GILSANUB.TTF', 'GIL_____.TTF', 'GLECB.TTF', 'GlobalMonospace.CompositeFont', 'GlobalSansSerif.CompositeFont', 'GlobalSerif.CompositeFont', 'GlobalUserInterface.CompositeFont', 'GLSNECB.TTF', 'GOTHIC.TTF', 'GOTHICB.TTF', 'GOTHICBI.TTF', 'GOTHICI.TTF', 'GOUDOS.TTF', 'GOUDOSB.TTF', 'GOUDOSI.TTF', 'GOUDYSTO.TTF', 'h8514fix.fon', 'h8514oem.fon', 'h8514sys.fon', 'HARLOWSI.TTF', 'HARNGTON.TTF', 'HATTEN.TTF', 'HGB1X_CNKI.ttf', 'HGB1_CNKI.ttf', 'HGB2X_CNKI.ttf', 'HGB2_CNKI.ttf', 'HGB3X_CNKI.ttf', 'HGB3_CNKI.ttf', 'HGB4X_CNKI.ttf', 'HGB4_CNKI.ttf', 'HGB5X_CNKI.ttf', 'HGB5_CNKI.ttf', 'HGB6X_CNKI.ttf', 'HGB6_CNKI.ttf', 'HGB7X_CNKI.ttf', 'HGB7_CNKI.ttf', 'HGB8X_CNKI.ttf', 'HGB8_CNKI.ttf', 'HGBD_CNKI.ttf', 'HGBKBX_CNKI.ttf', 'HGBKB_CNKI.ttf', 'HGBKHX_CNKI.ttf', 'HGBKH_CNKI.ttf', 'HGBS1_CNKI.TTF', 'HGBS2_CNKI.TTF', 'HGBS_CNKI.TTF', 'HGBTH_CNKI.TTF', 'HGBTS_CNKI.TTF', 'HGBX_CNKI.ttf', 'HGBZ_CNKI.ttf', 'HGCH_CNKI.TTF', 'HGCUH_CNKI.TTF', 'HGCY_CNKI.TTF', 'HGDBS_CNKI.TTF', 'HGDGY_CNKI.TTF', 'HGDH2_CNKI.TTF', 'HGDH_CNKI.TTF', 'HGDYS_CNKI.TTF', 'HGDY_CNKI.ttf', 'HGF1X_CNKI.ttf', 'HGF1_CNKI.ttf', 'HGF2X_CNKI.ttf', 'HGF2_CNKI.ttf', 'HGF3_CNKI.ttf', 'HGF4X_CNKI.ttf', 'HGF4_CNKI.ttf', 'HGF5X_CNKI.ttf', 'HGF5_CNKI.ttf', 'HGF6X_CNKI.ttf', 'HGF6_CNKI.ttf', 'HGF7X_CNKI.ttf', 'HGF7_CNKI.ttf', 'HGF8_CNKI.ttf', 'HGF9X_CNKI.ttf', 'HGF9_CNKI.ttf', 'HGFS1_CNKI.TTF', 'HGFS2_CNKI.TTF', 'HGFSH_CNKI.TTF', 'HGFS_CNKI.TTF', 'HGFX_CNKI.ttf', 'HGFZ_CNKI.ttf', 'HGGG_CNKI.TTF', 'HGH1X_CNKI.ttf', 'HGH1_CNKI.ttf', 'HGH2X_CNKI.ttf', 'HGH2_CNKI.ttf', 'HGH3X_CNKI.ttf', 'HGH3_CNKI.ttf', 'HGH4X_CNKI.ttf', 'HGH4_CNKI.ttf', 'HGH5X_CNKI.ttf', 'HGH5_CNKI.ttf', 'HGH6X_CNKI.ttf', 'HGH6_CNKI.ttf', 'HGH7X_CNKI.ttf', 'HGH7_CNKI.ttf', 'HGHB_CNKI.TTF', 'HGHD_CNKI.ttf', 'HGHP_CNKI.TTF', 'HGHT1_CNKI.ttf', 'HGHT2_CNKI.ttf', 'HGHUATI_CNKI.ttf', 'HGHX_CNKI.ttf', 'HGHZ_CNKI.ttf', 'HGH_CNKI.TTF', 'HGKT1_CNKI.TTF', 'HGKT2_CNKI.TTF', 'HGKT_CNKI.TTF', 'HGKY_CNKI.ttf', 'HGLB_CNKI.TTF', 'HGLS_CNKI.TTF', 'HGMH_CNKI.TTF', 'HGNBS_CNKI.ttf', 'HGOCR_CNKI.ttf', 'HGPH_CNKI.TTF', 'HGPTY_CNKI.TTF', 'HGSS1_CNKI.TTF', 'HGSS2_CNKI.TTF', 'HGSS_CNKI.TTF', 'HGSXT_CNKI.ttf', 'HGTT_CNKI.ttf', 'HGTX_CNKI.TTF', 'HGWT_CNKI.TTF', 'HGWYS_CNKI.TTF', 'HGX1X_CNKI.ttf', 'HGX1_CNKI.ttf', 'HGXBS_CNKI.TTF', 'HGXC_CNKI.TTF', 'HGXF1_CNKI.ttf', 'HGXFX_CNKI.ttf', 'HGXFZ_CNKI.ttf', 'HGXH1_CNKI.TTF', 'HGXH_CNKI.TTF', 'HGXK_CNKI.TTF', 'HGXL_CNKI.TTF', 'HGXS_CNKI.TTF', 'HGXT_CNKI.ttf', 'HGXY_CNKI.ttf', 'HGY1_CNKI.TTF', 'HGY2_CNKI.TTF', 'HGY3_CNKI.TTF', 'HGY4_CNKI.TTF', 'HGYB_CNKI.ttf', 'HGYT1_CNKI.ttf', 'HGYT2_CNKI.ttf', 'HGYT_CNKI.TTF', 'HGYX_CNKI.TTF', 'HGZCS_CNKI.TTF', 'HGZDX_CNKI.TTF', 'HGZK_CNKI.TTF', 'HGZYT_CNKI.TTF', 'HGZY_CNKI.TTF', 'himalaya.ttf', 'holomdl2.ttf', 'HTOWERT.TTF', 'HTOWERTI.TTF', 'hvgafix.fon', 'hvgasys.fon', 'impact.ttf', 'IMPRISHA.TTF', 'INFROMAN.TTF', 'Inkfree.ttf', 'iqiyi_logov7.ttf', 'ITCBLKAD.TTF', 'ITCEDSCR.TTF', 'ITCKRIST.TTF', 'j8514fix.fon', 'j8514oem.fon', 'j8514sys.fon', 'javatext.ttf', 'JOKERMAN.TTF', 'jsmalle.fon', 'jsmallf.fon', 'JUICE___.TTF', 'jvgafix.fon', 'jvgasys.fon', 'KUNSTLER.TTF', 'LATINWD.TTF', 'LBRITE.TTF', 'LBRITED.TTF', 'LBRITEDI.TTF', 'LBRITEI.TTF', 'LCALLIG.TTF', 'LeelaUIb.ttf', 'LeelawUI.ttf', 'LeelUIsl.ttf', 'LFAX.TTF', 'LFAXD.TTF', 'LFAXDI.TTF', 'LFAXI.TTF', 'LHANDW.TTF', 'LSANS.TTF', 'LSANSD.TTF', 'LSANSDI.TTF', 'LSANSI.TTF', 'LTYPE.TTF', 'LTYPEB.TTF', 'LTYPEBO.TTF', 'LTYPEO.TTF', 'lucon.ttf', 'l_10646.ttf', 'MAGNETOB.TTF', 'MAIAN.TTF', 'malgun.ttf', 'malgunbd.ttf', 'malgunsl.ttf', 'marlett.ttf', 'MATURASC.TTF', 'micross.ttf', 'mingliub.ttc', 'MISTRAL.TTF', 'mmrtext.ttf', 'mmrtextb.ttf', 'MOD20.TTF', 'modern.fon', 'monbaiti.ttf', 'msgothic.ttc', 'msjh.ttc', 'msjhbd.ttc', 'msjhl.ttc', 'msyh.ttc', 'msyhbd.ttc', 'msyhl.ttc', 'msyi.ttf', 'MTCORSVA.TTF', 'MTEXTRA.TTF', 'mvboli.ttf', 'NIAGENG.TTF', 'NIAGSOL.TTF', 'Nirmala.ttf', 'NirmalaB.ttf', 'NirmalaS.ttf', 'ntailu.ttf', 'ntailub.ttf', 'NumberOnly.ttf', 'OCRAEXT.TTF', 'OLDENGL.TTF', 'ONYX.TTF', 'OUTLOOK.TTF', 'pala.ttf', 'palab.ttf', 'palabi.ttf', 'palai.ttf', 'PALSCRI.TTF', 'PAPYRUS.TTF', 'PARCHM.TTF', 'PERBI___.TTF', 'PERB____.TTF', 'PERI____.TTF', 'PERTIBD.TTF', 'PERTILI.TTF', 'PER_____.TTF', 'phagspa.ttf', 'phagspab.ttf', 'PLAYBILL.TTF', 'POORICH.TTF', 'PRISTINA.TTF', 'RAGE.TTF', 'RAVIE.TTF', 'REFSAN.TTF', 'REFSPCL.TTF', 'ROCCB___.TTF', 'ROCC____.TTF', 'ROCK.TTF', 'ROCKB.TTF', 'ROCKBI.TTF', 'ROCKEB.TTF', 'ROCKI.TTF', 'roman.fon', 's8514fix.fon', 's8514oem.fon', 's8514sys.fon', 'SCHLBKB.TTF', 'SCHLBKBI.TTF', 'SCHLBKI.TTF', 'script.fon', 'SCRIPTBL.TTF', 'segmdl2.ttf', 'SegoeIcons.ttf', 'segoepr.ttf', 'segoeprb.ttf', 'segoesc.ttf', 'segoescb.ttf', 'segoeui.ttf', 'segoeuib.ttf', 'segoeuii.ttf', 'segoeuil.ttf', 'segoeuisl.ttf', 'segoeuiz.ttf', 'seguibl.ttf', 'seguibli.ttf', 'seguiemj.ttf', 'seguihis.ttf', 'seguili.ttf', 'seguisb.ttf', 'seguisbi.ttf', 'seguisli.ttf', 'seguisym.ttf', 'SegUIVar.ttf', 'sere1255.fon', 'sere1256.fon', 'sere1257.fon', 'serf1255.fon', 'serf1256.fon', 'serf1257.fon', 'serife.fon', 'serifee.fon', 'serifeg.fon', 'serifer.fon', 'serifet.fon', 'seriff.fon', 'seriffe.fon', 'seriffg.fon', 'seriffr.fon', 'serifft.fon', 'SHOWG.TTF', 'simfang.ttf', 'simhei.ttf', 'simkai.ttf', 'SIMLI.TTF', 'simsun.ttc', 'simsunb.ttf', 'SIMYOU.TTF', 'SitkaVF-Italic.ttf', 'SitkaVF.ttf', 'smae1255.fon', 'smae1256.fon', 'smae1257.fon', 'smaf1255.fon', 'smaf1256.fon', 'smaf1257.fon', 'smalle.fon', 'smallee.fon', 'smalleg.fon', 'smaller.fon', 'smallet.fon', 'smallf.fon', 'smallfe.fon', 'smallfg.fon', 'smallfr.fon', 'smallft.fon', 'SNAP____.TTF', 'ssee1255.fon', 'ssee1256.fon', 'ssee1257.fon', 'ssee874.fon', 'ssef1255.fon', 'ssef1256.fon', 'ssef1257.fon', 'ssef874.fon', 'sserife.fon', 'sserifee.fon', 'sserifeg.fon', 'sserifer.fon', 'sserifet.fon', 'sseriff.fon', 'sseriffe.fon', 'sseriffg.fon', 'sseriffr.fon', 'sserifft.fon', 'StaticCache.dat', 'STCAIYUN.TTF', 'STENCIL.TTF', 'STFANGSO.TTF', 'STHUPO.TTF', 'STKAITI.TTF', 'STLITI.TTF', 'STSONG.TTF', 'STXIHEI.TTF', 'STXINGKA.TTF', 'STXINWEI.TTF', 'STZHONGS.TTF', 'svgafix.fon', 'svgasys.fon', 'sylfaen.ttf', 'symbol.ttf', 'tahoma.ttf', 'tahomabd.ttf', 'taile.ttf', 'taileb.ttf', 'TCBI____.TTF', 'TCB_____.TTF', 'TCCB____.TTF', 'TCCEB.TTF', 'TCCM____.TTF', 'TCMI____.TTF', 'TCM_____.TTF', 'TEMPSITC.TTF', 'times.ttf', 'timesbd.ttf', 'timesbi.ttf', 'timesi.ttf', 'trebuc.ttf', 'trebucbd.ttf', 'trebucbi.ttf', 'trebucit.ttf', 'verdana.ttf', 'verdanab.ttf', 'verdanai.ttf', 'verdanaz.ttf', 'vga737.fon', 'vga775.fon', 'vga850.fon', 'vga852.fon', 'vga855.fon', 'vga857.fon', 'vga860.fon', 'vga861.fon', 'vga863.fon', 'vga865.fon', 'vga866.fon', 'vga869.fon', 'vga932.fon', 'vga936.fon', 'vga949.fon', 'vga950.fon', 'vgaf1255.fon', 'vgaf1256.fon', 'vgaf1257.fon', 'vgaf874.fon', 'vgafix.fon', 'vgafixe.fon', 'vgafixg.fon', 'vgafixr.fon', 'vgafixt.fon', 'vgaoem.fon', 'vgas1255.fon', 'vgas1256.fon', 'vgas1257.fon', 'vgas874.fon', 'vgasys.fon', 'vgasyse.fon', 'vgasysg.fon', 'vgasysr.fon', 'vgasyst.fon', 'VINERITC.TTF', 'VIVALDII.TTF', 'VLADIMIR.TTF', 'webdings.ttf', 'wingding.ttf', 'WINGDNG2.TTF', 'WINGDNG3.TTF', 'YuGothB.ttc', 'YuGothL.ttc', 'YuGothM.ttc', 'YuGothR.ttc', '\u534e\u5eb7\u65b9\u5706\u4f53W7.TTC', '\u65b9\u6b63\u7c97\u9ed1\u5b8b\u7b80\u4f53.ttf']
2023-09-27 15:05:05,862 - INFO - all fonts installed:['8514fix.fon', '8514fixe.fon', '8514fixg.fon', '8514fixr.fon', '8514fixt.fon', '8514oem.fon', '8514oeme.fon', '8514oemg.fon', '8514oemr.fon', '8514oemt.fon', '8514sys.fon', '8514syse.fon', '8514sysg.fon', '8514sysr.fon', '8514syst.fon', '85775.fon', '85855.fon', '85f1255.fon', '85f1256.fon', '85f1257.fon', '85f874.fon', '85s1255.fon', '85s1256.fon', '85s1257.fon', '85s874.fon', 'AGENCYB.TTF', 'AGENCYR.TTF', 'ALGER.TTF', 'ANTQUAB.TTF', 'ANTQUABI.TTF', 'ANTQUAI.TTF', 'app775.fon', 'app850.fon', 'app852.fon', 'app855.fon', 'app857.fon', 'app866.fon', 'app932.fon', 'app936.fon', 'app949.fon', 'app950.fon', 'arial.ttf', 'arialbd.ttf', 'arialbi.ttf', 'ariali.ttf', 'ARIALN.TTF', 'ARIALNB.TTF', 'ARIALNBI.TTF', 'ARIALNI.TTF', 'ariblk.ttf', 'ARLRDBD.TTF', 'AxureHandwriting-Bold.otf', 'AxureHandwriting-BoldItalic.otf', 'AxureHandwriting-Italic.otf', 'AxureHandwriting.otf', 'bahnschrift.ttf', 'BASKVILL.TTF', 'BAUHS93.TTF', 'BELL.TTF', 'BELLB.TTF', 'BELLI.TTF', 'BERNHC.TTF', 'BKANT.TTF', 'BOD_B.TTF', 'BOD_BI.TTF', 'BOD_BLAI.TTF', 'BOD_BLAR.TTF', 'BOD_CB.TTF', 'BOD_CBI.TTF', 'BOD_CI.TTF', 'BOD_CR.TTF', 'BOD_I.TTF', 'BOD_PSTC.TTF', 'BOD_R.TTF', 'BOOKOS.TTF', 'BOOKOSB.TTF', 'BOOKOSBI.TTF', 'BOOKOSI.TTF', 'BRADHITC.TTF', 'BRITANIC.TTF', 'BRLNSB.TTF', 'BRLNSDB.TTF', 'BRLNSR.TTF', 'BROADW.TTF', 'BRUSHSCI.TTF', 'BSSYM7.TTF', 'c8514fix.fon', 'c8514oem.fon', 'c8514sys.fon', 'calibri.ttf', 'calibrib.ttf', 'calibrii.ttf', 'calibril.ttf', 'calibrili.ttf', 'calibriz.ttf', 'CALIFB.TTF', 'CALIFI.TTF', 'CALIFR.TTF', 'CALIST.TTF', 'CALISTB.TTF', 'CALISTBI.TTF', 'CALISTI.TTF', 'cambria.ttc', 'cambriab.ttf', 'cambriai.ttf', 'cambriaz.ttf', 'Candara.ttf', 'Candarab.ttf', 'Candarai.ttf', 'Candaral.ttf', 'Candarali.ttf', 'Candaraz.ttf', 'CascadiaCode.ttf', 'CascadiaMono.ttf', 'CASTELAR.TTF', 'CENSCBK.TTF', 'CENTAUR.TTF', 'CENTURY.TTF', 'cga40737.fon', 'cga40850.fon', 'cga40852.fon', 'cga40857.fon', 'cga40866.fon', 'cga40869.fon', 'cga40woa.fon', 'cga80737.fon', 'cga80850.fon', 'cga80852.fon', 'cga80857.fon', 'cga80866.fon', 'cga80869.fon', 'cga80woa.fon', 'CHILLER.TTF', 'COLONNA.TTF', 'comic.ttf', 'comicbd.ttf', 'comici.ttf', 'comicz.ttf', 'consola.ttf', 'consolab.ttf', 'consolai.ttf', 'consolaz.ttf', 'constan.ttf', 'constanb.ttf', 'constani.ttf', 'constanz.ttf', 'COOPBL.TTF', 'COPRGTB.TTF', 'COPRGTL.TTF', 'corbel.ttf', 'corbelb.ttf', 'corbeli.ttf', 'corbell.ttf', 'corbelli.ttf', 'corbelz.ttf', 'coue1255.fon', 'coue1256.fon', 'coue1257.fon', 'couf1255.fon', 'couf1256.fon', 'couf1257.fon', 'cour.ttf', 'courbd.ttf', 'courbi.ttf', 'coure.fon', 'couree.fon', 'coureg.fon', 'courer.fon', 'couret.fon', 'courf.fon', 'courfe.fon', 'courfg.fon', 'courfr.fon', 'courft.fon', 'couri.ttf', 'CURLZ___.TTF', 'cvgafix.fon', 'cvgasys.fon', 'Deng.ttf', 'Dengb.ttf', 'Dengl.ttf', 'desktop.ini', 'dos737.fon', 'dos869.fon', 'dosapp.fon', 'DUBAI-BOLD.TTF', 'DUBAI-LIGHT.TTF', 'DUBAI-MEDIUM.TTF', 'DUBAI-REGULAR.TTF', 'ebrima.ttf', 'ebrimabd.ttf', 'ega40737.fon', 'ega40850.fon', 'ega40852.fon', 'ega40857.fon', 'ega40866.fon', 'ega40869.fon', 'ega40woa.fon', 'ega80737.fon', 'ega80850.fon', 'ega80852.fon', 'ega80857.fon', 'ega80866.fon', 'ega80869.fon', 'ega80woa.fon', 'ELEPHNT.TTF', 'ELEPHNTI.TTF', 'ENGR.TTF', 'ERASBD.TTF', 'ERASDEMI.TTF', 'ERASLGHT.TTF', 'ERASMD.TTF', 'FELIXTI.TTF', 'fms_metadata.xml', 'FORTE.TTF', 'FRABK.TTF', 'FRABKIT.TTF', 'FRADM.TTF', 'FRADMCN.TTF', 'FRADMIT.TTF', 'FRAHV.TTF', 'FRAHVIT.TTF', 'framd.ttf', 'FRAMDCN.TTF', 'framdit.ttf', 'FREESCPT.TTF', 'FRSCRIPT.TTF', 'FTLTLT.TTF', 'FZSTK.TTF', 'FZYTK.TTF', 'Gabriola.ttf', 'gadugi.ttf', 'gadugib.ttf', 'GARA.TTF', 'GARABD.TTF', 'GARAIT.TTF', 'georgia.ttf', 'georgiab.ttf', 'georgiai.ttf', 'georgiaz.ttf', 'GIGI.TTF', 'GILBI___.TTF', 'GILB____.TTF', 'GILC____.TTF', 'GILI____.TTF', 'GILLUBCD.TTF', 'GILSANUB.TTF', 'GIL_____.TTF', 'GLECB.TTF', 'GlobalMonospace.CompositeFont', 'GlobalSansSerif.CompositeFont', 'GlobalSerif.CompositeFont', 'GlobalUserInterface.CompositeFont', 'GLSNECB.TTF', 'GOTHIC.TTF', 'GOTHICB.TTF', 'GOTHICBI.TTF', 'GOTHICI.TTF', 'GOUDOS.TTF', 'GOUDOSB.TTF', 'GOUDOSI.TTF', 'GOUDYSTO.TTF', 'h8514fix.fon', 'h8514oem.fon', 'h8514sys.fon', 'HARLOWSI.TTF', 'HARNGTON.TTF', 'HATTEN.TTF', 'HGB1X_CNKI.ttf', 'HGB1_CNKI.ttf', 'HGB2X_CNKI.ttf', 'HGB2_CNKI.ttf', 'HGB3X_CNKI.ttf', 'HGB3_CNKI.ttf', 'HGB4X_CNKI.ttf', 'HGB4_CNKI.ttf', 'HGB5X_CNKI.ttf', 'HGB5_CNKI.ttf', 'HGB6X_CNKI.ttf', 'HGB6_CNKI.ttf', 'HGB7X_CNKI.ttf', 'HGB7_CNKI.ttf', 'HGB8X_CNKI.ttf', 'HGB8_CNKI.ttf', 'HGBD_CNKI.ttf', 'HGBKBX_CNKI.ttf', 'HGBKB_CNKI.ttf', 'HGBKHX_CNKI.ttf', 'HGBKH_CNKI.ttf', 'HGBS1_CNKI.TTF', 'HGBS2_CNKI.TTF', 'HGBS_CNKI.TTF', 'HGBTH_CNKI.TTF', 'HGBTS_CNKI.TTF', 'HGBX_CNKI.ttf', 'HGBZ_CNKI.ttf', 'HGCH_CNKI.TTF', 'HGCUH_CNKI.TTF', 'HGCY_CNKI.TTF', 'HGDBS_CNKI.TTF', 'HGDGY_CNKI.TTF', 'HGDH2_CNKI.TTF', 'HGDH_CNKI.TTF', 'HGDYS_CNKI.TTF', 'HGDY_CNKI.ttf', 'HGF1X_CNKI.ttf', 'HGF1_CNKI.ttf', 'HGF2X_CNKI.ttf', 'HGF2_CNKI.ttf', 'HGF3_CNKI.ttf', 'HGF4X_CNKI.ttf', 'HGF4_CNKI.ttf', 'HGF5X_CNKI.ttf', 'HGF5_CNKI.ttf', 'HGF6X_CNKI.ttf', 'HGF6_CNKI.ttf', 'HGF7X_CNKI.ttf', 'HGF7_CNKI.ttf', 'HGF8_CNKI.ttf', 'HGF9X_CNKI.ttf', 'HGF9_CNKI.ttf', 'HGFS1_CNKI.TTF', 'HGFS2_CNKI.TTF', 'HGFSH_CNKI.TTF', 'HGFS_CNKI.TTF', 'HGFX_CNKI.ttf', 'HGFZ_CNKI.ttf', 'HGGG_CNKI.TTF', 'HGH1X_CNKI.ttf', 'HGH1_CNKI.ttf', 'HGH2X_CNKI.ttf', 'HGH2_CNKI.ttf', 'HGH3X_CNKI.ttf', 'HGH3_CNKI.ttf', 'HGH4X_CNKI.ttf', 'HGH4_CNKI.ttf', 'HGH5X_CNKI.ttf', 'HGH5_CNKI.ttf', 'HGH6X_CNKI.ttf', 'HGH6_CNKI.ttf', 'HGH7X_CNKI.ttf', 'HGH7_CNKI.ttf', 'HGHB_CNKI.TTF', 'HGHD_CNKI.ttf', 'HGHP_CNKI.TTF', 'HGHT1_CNKI.ttf', 'HGHT2_CNKI.ttf', 'HGHUATI_CNKI.ttf', 'HGHX_CNKI.ttf', 'HGHZ_CNKI.ttf', 'HGH_CNKI.TTF', 'HGKT1_CNKI.TTF', 'HGKT2_CNKI.TTF', 'HGKT_CNKI.TTF', 'HGKY_CNKI.ttf', 'HGLB_CNKI.TTF', 'HGLS_CNKI.TTF', 'HGMH_CNKI.TTF', 'HGNBS_CNKI.ttf', 'HGOCR_CNKI.ttf', 'HGPH_CNKI.TTF', 'HGPTY_CNKI.TTF', 'HGSS1_CNKI.TTF', 'HGSS2_CNKI.TTF', 'HGSS_CNKI.TTF', 'HGSXT_CNKI.ttf', 'HGTT_CNKI.ttf', 'HGTX_CNKI.TTF', 'HGWT_CNKI.TTF', 'HGWYS_CNKI.TTF', 'HGX1X_CNKI.ttf', 'HGX1_CNKI.ttf', 'HGXBS_CNKI.TTF', 'HGXC_CNKI.TTF', 'HGXF1_CNKI.ttf', 'HGXFX_CNKI.ttf', 'HGXFZ_CNKI.ttf', 'HGXH1_CNKI.TTF', 'HGXH_CNKI.TTF', 'HGXK_CNKI.TTF', 'HGXL_CNKI.TTF', 'HGXS_CNKI.TTF', 'HGXT_CNKI.ttf', 'HGXY_CNKI.ttf', 'HGY1_CNKI.TTF', 'HGY2_CNKI.TTF', 'HGY3_CNKI.TTF', 'HGY4_CNKI.TTF', 'HGYB_CNKI.ttf', 'HGYT1_CNKI.ttf', 'HGYT2_CNKI.ttf', 'HGYT_CNKI.TTF', 'HGYX_CNKI.TTF', 'HGZCS_CNKI.TTF', 'HGZDX_CNKI.TTF', 'HGZK_CNKI.TTF', 'HGZYT_CNKI.TTF', 'HGZY_CNKI.TTF', 'himalaya.ttf', 'holomdl2.ttf', 'HTOWERT.TTF', 'HTOWERTI.TTF', 'hvgafix.fon', 'hvgasys.fon', 'impact.ttf', 'IMPRISHA.TTF', 'INFROMAN.TTF', 'Inkfree.ttf', 'iqiyi_logov7.ttf', 'ITCBLKAD.TTF', 'ITCEDSCR.TTF', 'ITCKRIST.TTF', 'j8514fix.fon', 'j8514oem.fon', 'j8514sys.fon', 'javatext.ttf', 'JOKERMAN.TTF', 'jsmalle.fon', 'jsmallf.fon', 'JUICE___.TTF', 'jvgafix.fon', 'jvgasys.fon', 'KUNSTLER.TTF', 'LATINWD.TTF', 'LBRITE.TTF', 'LBRITED.TTF', 'LBRITEDI.TTF', 'LBRITEI.TTF', 'LCALLIG.TTF', 'LeelaUIb.ttf', 'LeelawUI.ttf', 'LeelUIsl.ttf', 'LFAX.TTF', 'LFAXD.TTF', 'LFAXDI.TTF', 'LFAXI.TTF', 'LHANDW.TTF', 'LSANS.TTF', 'LSANSD.TTF', 'LSANSDI.TTF', 'LSANSI.TTF', 'LTYPE.TTF', 'LTYPEB.TTF', 'LTYPEBO.TTF', 'LTYPEO.TTF', 'lucon.ttf', 'l_10646.ttf', 'MAGNETOB.TTF', 'MAIAN.TTF', 'malgun.ttf', 'malgunbd.ttf', 'malgunsl.ttf', 'marlett.ttf', 'MATURASC.TTF', 'micross.ttf', 'mingliub.ttc', 'MISTRAL.TTF', 'mmrtext.ttf', 'mmrtextb.ttf', 'MOD20.TTF', 'modern.fon', 'monbaiti.ttf', 'msgothic.ttc', 'msjh.ttc', 'msjhbd.ttc', 'msjhl.ttc', 'msyh.ttc', 'msyhbd.ttc', 'msyhl.ttc', 'msyi.ttf', 'MTCORSVA.TTF', 'MTEXTRA.TTF', 'mvboli.ttf', 'NIAGENG.TTF', 'NIAGSOL.TTF', 'Nirmala.ttf', 'NirmalaB.ttf', 'NirmalaS.ttf', 'ntailu.ttf', 'ntailub.ttf', 'NumberOnly.ttf', 'OCRAEXT.TTF', 'OLDENGL.TTF', 'ONYX.TTF', 'OUTLOOK.TTF', 'pala.ttf', 'palab.ttf', 'palabi.ttf', 'palai.ttf', 'PALSCRI.TTF', 'PAPYRUS.TTF', 'PARCHM.TTF', 'PERBI___.TTF', 'PERB____.TTF', 'PERI____.TTF', 'PERTIBD.TTF', 'PERTILI.TTF', 'PER_____.TTF', 'phagspa.ttf', 'phagspab.ttf', 'PLAYBILL.TTF', 'POORICH.TTF', 'PRISTINA.TTF', 'RAGE.TTF', 'RAVIE.TTF', 'REFSAN.TTF', 'REFSPCL.TTF', 'ROCCB___.TTF', 'ROCC____.TTF', 'ROCK.TTF', 'ROCKB.TTF', 'ROCKBI.TTF', 'ROCKEB.TTF', 'ROCKI.TTF', 'roman.fon', 's8514fix.fon', 's8514oem.fon', 's8514sys.fon', 'SCHLBKB.TTF', 'SCHLBKBI.TTF', 'SCHLBKI.TTF', 'script.fon', 'SCRIPTBL.TTF', 'segmdl2.ttf', 'SegoeIcons.ttf', 'segoepr.ttf', 'segoeprb.ttf', 'segoesc.ttf', 'segoescb.ttf', 'segoeui.ttf', 'segoeuib.ttf', 'segoeuii.ttf', 'segoeuil.ttf', 'segoeuisl.ttf', 'segoeuiz.ttf', 'seguibl.ttf', 'seguibli.ttf', 'seguiemj.ttf', 'seguihis.ttf', 'seguili.ttf', 'seguisb.ttf', 'seguisbi.ttf', 'seguisli.ttf', 'seguisym.ttf', 'SegUIVar.ttf', 'sere1255.fon', 'sere1256.fon', 'sere1257.fon', 'serf1255.fon', 'serf1256.fon', 'serf1257.fon', 'serife.fon', 'serifee.fon', 'serifeg.fon', 'serifer.fon', 'serifet.fon', 'seriff.fon', 'seriffe.fon', 'seriffg.fon', 'seriffr.fon', 'serifft.fon', 'SHOWG.TTF', 'simfang.ttf', 'simhei.ttf', 'simkai.ttf', 'SIMLI.TTF', 'simsun.ttc', 'simsunb.ttf', 'SIMYOU.TTF', 'SitkaVF-Italic.ttf', 'SitkaVF.ttf', 'smae1255.fon', 'smae1256.fon', 'smae1257.fon', 'smaf1255.fon', 'smaf1256.fon', 'smaf1257.fon', 'smalle.fon', 'smallee.fon', 'smalleg.fon', 'smaller.fon', 'smallet.fon', 'smallf.fon', 'smallfe.fon', 'smallfg.fon', 'smallfr.fon', 'smallft.fon', 'SNAP____.TTF', 'ssee1255.fon', 'ssee1256.fon', 'ssee1257.fon', 'ssee874.fon', 'ssef1255.fon', 'ssef1256.fon', 'ssef1257.fon', 'ssef874.fon', 'sserife.fon', 'sserifee.fon', 'sserifeg.fon', 'sserifer.fon', 'sserifet.fon', 'sseriff.fon', 'sseriffe.fon', 'sseriffg.fon', 'sseriffr.fon', 'sserifft.fon', 'StaticCache.dat', 'STCAIYUN.TTF', 'STENCIL.TTF', 'STFANGSO.TTF', 'STHUPO.TTF', 'STKAITI.TTF', 'STLITI.TTF', 'STSONG.TTF', 'STXIHEI.TTF', 'STXINGKA.TTF', 'STXINWEI.TTF', 'STZHONGS.TTF', 'svgafix.fon', 'svgasys.fon', 'sylfaen.ttf', 'symbol.ttf', 'tahoma.ttf', 'tahomabd.ttf', 'taile.ttf', 'taileb.ttf', 'TCBI____.TTF', 'TCB_____.TTF', 'TCCB____.TTF', 'TCCEB.TTF', 'TCCM____.TTF', 'TCMI____.TTF', 'TCM_____.TTF', 'TEMPSITC.TTF', 'times.ttf', 'timesbd.ttf', 'timesbi.ttf', 'timesi.ttf', 'trebuc.ttf', 'trebucbd.ttf', 'trebucbi.ttf', 'trebucit.ttf', 'verdana.ttf', 'verdanab.ttf', 'verdanai.ttf', 'verdanaz.ttf', 'vga737.fon', 'vga775.fon', 'vga850.fon', 'vga852.fon', 'vga855.fon', 'vga857.fon', 'vga860.fon', 'vga861.fon', 'vga863.fon', 'vga865.fon', 'vga866.fon', 'vga869.fon', 'vga932.fon', 'vga936.fon', 'vga949.fon', 'vga950.fon', 'vgaf1255.fon', 'vgaf1256.fon', 'vgaf1257.fon', 'vgaf874.fon', 'vgafix.fon', 'vgafixe.fon', 'vgafixg.fon', 'vgafixr.fon', 'vgafixt.fon', 'vgaoem.fon', 'vgas1255.fon', 'vgas1256.fon', 'vgas1257.fon', 'vgas874.fon', 'vgasys.fon', 'vgasyse.fon', 'vgasysg.fon', 'vgasysr.fon', 'vgasyst.fon', 'VINERITC.TTF', 'VIVALDII.TTF', 'VLADIMIR.TTF', 'webdings.ttf', 'wingding.ttf', 'WINGDNG2.TTF', 'WINGDNG3.TTF', 'YuGothB.ttc', 'YuGothL.ttc', 'YuGothM.ttc', 'YuGothR.ttc', '\u534e\u5eb7\u65b9\u5706\u4f53W7.TTC', '\u65b9\u6b63\u7c97\u9ed1\u5b8b\u7b80\u4f53.ttf']
2023-09-27 15:05:05,867 - INFO - all fonts installed:['8514fix.fon', '8514fixe.fon', '8514fixg.fon', '8514fixr.fon', '8514fixt.fon', '8514oem.fon', '8514oeme.fon', '8514oemg.fon', '8514oemr.fon', '8514oemt.fon', '8514sys.fon', '8514syse.fon', '8514sysg.fon', '8514sysr.fon', '8514syst.fon', '85775.fon', '85855.fon', '85f1255.fon', '85f1256.fon', '85f1257.fon', '85f874.fon', '85s1255.fon', '85s1256.fon', '85s1257.fon', '85s874.fon', 'AGENCYB.TTF', 'AGENCYR.TTF', 'ALGER.TTF', 'ANTQUAB.TTF', 'ANTQUABI.TTF', 'ANTQUAI.TTF', 'app775.fon', 'app850.fon', 'app852.fon', 'app855.fon', 'app857.fon', 'app866.fon', 'app932.fon', 'app936.fon', 'app949.fon', 'app950.fon', 'arial.ttf', 'arialbd.ttf', 'arialbi.ttf', 'ariali.ttf', 'ARIALN.TTF', 'ARIALNB.TTF', 'ARIALNBI.TTF', 'ARIALNI.TTF', 'ariblk.ttf', 'ARLRDBD.TTF', 'AxureHandwriting-Bold.otf', 'AxureHandwriting-BoldItalic.otf', 'AxureHandwriting-Italic.otf', 'AxureHandwriting.otf', 'bahnschrift.ttf', 'BASKVILL.TTF', 'BAUHS93.TTF', 'BELL.TTF', 'BELLB.TTF', 'BELLI.TTF', 'BERNHC.TTF', 'BKANT.TTF', 'BOD_B.TTF', 'BOD_BI.TTF', 'BOD_BLAI.TTF', 'BOD_BLAR.TTF', 'BOD_CB.TTF', 'BOD_CBI.TTF', 'BOD_CI.TTF', 'BOD_CR.TTF', 'BOD_I.TTF', 'BOD_PSTC.TTF', 'BOD_R.TTF', 'BOOKOS.TTF', 'BOOKOSB.TTF', 'BOOKOSBI.TTF', 'BOOKOSI.TTF', 'BRADHITC.TTF', 'BRITANIC.TTF', 'BRLNSB.TTF', 'BRLNSDB.TTF', 'BRLNSR.TTF', 'BROADW.TTF', 'BRUSHSCI.TTF', 'BSSYM7.TTF', 'c8514fix.fon', 'c8514oem.fon', 'c8514sys.fon', 'calibri.ttf', 'calibrib.ttf', 'calibrii.ttf', 'calibril.ttf', 'calibrili.ttf', 'calibriz.ttf', 'CALIFB.TTF', 'CALIFI.TTF', 'CALIFR.TTF', 'CALIST.TTF', 'CALISTB.TTF', 'CALISTBI.TTF', 'CALISTI.TTF', 'cambria.ttc', 'cambriab.ttf', 'cambriai.ttf', 'cambriaz.ttf', 'Candara.ttf', 'Candarab.ttf', 'Candarai.ttf', 'Candaral.ttf', 'Candarali.ttf', 'Candaraz.ttf', 'CascadiaCode.ttf', 'CascadiaMono.ttf', 'CASTELAR.TTF', 'CENSCBK.TTF', 'CENTAUR.TTF', 'CENTURY.TTF', 'cga40737.fon', 'cga40850.fon', 'cga40852.fon', 'cga40857.fon', 'cga40866.fon', 'cga40869.fon', 'cga40woa.fon', 'cga80737.fon', 'cga80850.fon', 'cga80852.fon', 'cga80857.fon', 'cga80866.fon', 'cga80869.fon', 'cga80woa.fon', 'CHILLER.TTF', 'COLONNA.TTF', 'comic.ttf', 'comicbd.ttf', 'comici.ttf', 'comicz.ttf', 'consola.ttf', 'consolab.ttf', 'consolai.ttf', 'consolaz.ttf', 'constan.ttf', 'constanb.ttf', 'constani.ttf', 'constanz.ttf', 'COOPBL.TTF', 'COPRGTB.TTF', 'COPRGTL.TTF', 'corbel.ttf', 'corbelb.ttf', 'corbeli.ttf', 'corbell.ttf', 'corbelli.ttf', 'corbelz.ttf', 'coue1255.fon', 'coue1256.fon', 'coue1257.fon', 'couf1255.fon', 'couf1256.fon', 'couf1257.fon', 'cour.ttf', 'courbd.ttf', 'courbi.ttf', 'coure.fon', 'couree.fon', 'coureg.fon', 'courer.fon', 'couret.fon', 'courf.fon', 'courfe.fon', 'courfg.fon', 'courfr.fon', 'courft.fon', 'couri.ttf', 'CURLZ___.TTF', 'cvgafix.fon', 'cvgasys.fon', 'Deng.ttf', 'Dengb.ttf', 'Dengl.ttf', 'desktop.ini', 'dos737.fon', 'dos869.fon', 'dosapp.fon', 'DUBAI-BOLD.TTF', 'DUBAI-LIGHT.TTF', 'DUBAI-MEDIUM.TTF', 'DUBAI-REGULAR.TTF', 'ebrima.ttf', 'ebrimabd.ttf', 'ega40737.fon', 'ega40850.fon', 'ega40852.fon', 'ega40857.fon', 'ega40866.fon', 'ega40869.fon', 'ega40woa.fon', 'ega80737.fon', 'ega80850.fon', 'ega80852.fon', 'ega80857.fon', 'ega80866.fon', 'ega80869.fon', 'ega80woa.fon', 'ELEPHNT.TTF', 'ELEPHNTI.TTF', 'ENGR.TTF', 'ERASBD.TTF', 'ERASDEMI.TTF', 'ERASLGHT.TTF', 'ERASMD.TTF', 'FELIXTI.TTF', 'fms_metadata.xml', 'FORTE.TTF', 'FRABK.TTF', 'FRABKIT.TTF', 'FRADM.TTF', 'FRADMCN.TTF', 'FRADMIT.TTF', 'FRAHV.TTF', 'FRAHVIT.TTF', 'framd.ttf', 'FRAMDCN.TTF', 'framdit.ttf', 'FREESCPT.TTF', 'FRSCRIPT.TTF', 'FTLTLT.TTF', 'FZSTK.TTF', 'FZYTK.TTF', 'Gabriola.ttf', 'gadugi.ttf', 'gadugib.ttf', 'GARA.TTF', 'GARABD.TTF', 'GARAIT.TTF', 'georgia.ttf', 'georgiab.ttf', 'georgiai.ttf', 'georgiaz.ttf', 'GIGI.TTF', 'GILBI___.TTF', 'GILB____.TTF', 'GILC____.TTF', 'GILI____.TTF', 'GILLUBCD.TTF', 'GILSANUB.TTF', 'GIL_____.TTF', 'GLECB.TTF', 'GlobalMonospace.CompositeFont', 'GlobalSansSerif.CompositeFont', 'GlobalSerif.CompositeFont', 'GlobalUserInterface.CompositeFont', 'GLSNECB.TTF', 'GOTHIC.TTF', 'GOTHICB.TTF', 'GOTHICBI.TTF', 'GOTHICI.TTF', 'GOUDOS.TTF', 'GOUDOSB.TTF', 'GOUDOSI.TTF', 'GOUDYSTO.TTF', 'h8514fix.fon', 'h8514oem.fon', 'h8514sys.fon', 'HARLOWSI.TTF', 'HARNGTON.TTF', 'HATTEN.TTF', 'HGB1X_CNKI.ttf', 'HGB1_CNKI.ttf', 'HGB2X_CNKI.ttf', 'HGB2_CNKI.ttf', 'HGB3X_CNKI.ttf', 'HGB3_CNKI.ttf', 'HGB4X_CNKI.ttf', 'HGB4_CNKI.ttf', 'HGB5X_CNKI.ttf', 'HGB5_CNKI.ttf', 'HGB6X_CNKI.ttf', 'HGB6_CNKI.ttf', 'HGB7X_CNKI.ttf', 'HGB7_CNKI.ttf', 'HGB8X_CNKI.ttf', 'HGB8_CNKI.ttf', 'HGBD_CNKI.ttf', 'HGBKBX_CNKI.ttf', 'HGBKB_CNKI.ttf', 'HGBKHX_CNKI.ttf', 'HGBKH_CNKI.ttf', 'HGBS1_CNKI.TTF', 'HGBS2_CNKI.TTF', 'HGBS_CNKI.TTF', 'HGBTH_CNKI.TTF', 'HGBTS_CNKI.TTF', 'HGBX_CNKI.ttf', 'HGBZ_CNKI.ttf', 'HGCH_CNKI.TTF', 'HGCUH_CNKI.TTF', 'HGCY_CNKI.TTF', 'HGDBS_CNKI.TTF', 'HGDGY_CNKI.TTF', 'HGDH2_CNKI.TTF', 'HGDH_CNKI.TTF', 'HGDYS_CNKI.TTF', 'HGDY_CNKI.ttf', 'HGF1X_CNKI.ttf', 'HGF1_CNKI.ttf', 'HGF2X_CNKI.ttf', 'HGF2_CNKI.ttf', 'HGF3_CNKI.ttf', 'HGF4X_CNKI.ttf', 'HGF4_CNKI.ttf', 'HGF5X_CNKI.ttf', 'HGF5_CNKI.ttf', 'HGF6X_CNKI.ttf', 'HGF6_CNKI.ttf', 'HGF7X_CNKI.ttf', 'HGF7_CNKI.ttf', 'HGF8_CNKI.ttf', 'HGF9X_CNKI.ttf', 'HGF9_CNKI.ttf', 'HGFS1_CNKI.TTF', 'HGFS2_CNKI.TTF', 'HGFSH_CNKI.TTF', 'HGFS_CNKI.TTF', 'HGFX_CNKI.ttf', 'HGFZ_CNKI.ttf', 'HGGG_CNKI.TTF', 'HGH1X_CNKI.ttf', 'HGH1_CNKI.ttf', 'HGH2X_CNKI.ttf', 'HGH2_CNKI.ttf', 'HGH3X_CNKI.ttf', 'HGH3_CNKI.ttf', 'HGH4X_CNKI.ttf', 'HGH4_CNKI.ttf', 'HGH5X_CNKI.ttf', 'HGH5_CNKI.ttf', 'HGH6X_CNKI.ttf', 'HGH6_CNKI.ttf', 'HGH7X_CNKI.ttf', 'HGH7_CNKI.ttf', 'HGHB_CNKI.TTF', 'HGHD_CNKI.ttf', 'HGHP_CNKI.TTF', 'HGHT1_CNKI.ttf', 'HGHT2_CNKI.ttf', 'HGHUATI_CNKI.ttf', 'HGHX_CNKI.ttf', 'HGHZ_CNKI.ttf', 'HGH_CNKI.TTF', 'HGKT1_CNKI.TTF', 'HGKT2_CNKI.TTF', 'HGKT_CNKI.TTF', 'HGKY_CNKI.ttf', 'HGLB_CNKI.TTF', 'HGLS_CNKI.TTF', 'HGMH_CNKI.TTF', 'HGNBS_CNKI.ttf', 'HGOCR_CNKI.ttf', 'HGPH_CNKI.TTF', 'HGPTY_CNKI.TTF', 'HGSS1_CNKI.TTF', 'HGSS2_CNKI.TTF', 'HGSS_CNKI.TTF', 'HGSXT_CNKI.ttf', 'HGTT_CNKI.ttf', 'HGTX_CNKI.TTF', 'HGWT_CNKI.TTF', 'HGWYS_CNKI.TTF', 'HGX1X_CNKI.ttf', 'HGX1_CNKI.ttf', 'HGXBS_CNKI.TTF', 'HGXC_CNKI.TTF', 'HGXF1_CNKI.ttf', 'HGXFX_CNKI.ttf', 'HGXFZ_CNKI.ttf', 'HGXH1_CNKI.TTF', 'HGXH_CNKI.TTF', 'HGXK_CNKI.TTF', 'HGXL_CNKI.TTF', 'HGXS_CNKI.TTF', 'HGXT_CNKI.ttf', 'HGXY_CNKI.ttf', 'HGY1_CNKI.TTF', 'HGY2_CNKI.TTF', 'HGY3_CNKI.TTF', 'HGY4_CNKI.TTF', 'HGYB_CNKI.ttf', 'HGYT1_CNKI.ttf', 'HGYT2_CNKI.ttf', 'HGYT_CNKI.TTF', 'HGYX_CNKI.TTF', 'HGZCS_CNKI.TTF', 'HGZDX_CNKI.TTF', 'HGZK_CNKI.TTF', 'HGZYT_CNKI.TTF', 'HGZY_CNKI.TTF', 'himalaya.ttf', 'holomdl2.ttf', 'HTOWERT.TTF', 'HTOWERTI.TTF', 'hvgafix.fon', 'hvgasys.fon', 'impact.ttf', 'IMPRISHA.TTF', 'INFROMAN.TTF', 'Inkfree.ttf', 'iqiyi_logov7.ttf', 'ITCBLKAD.TTF', 'ITCEDSCR.TTF', 'ITCKRIST.TTF', 'j8514fix.fon', 'j8514oem.fon', 'j8514sys.fon', 'javatext.ttf', 'JOKERMAN.TTF', 'jsmalle.fon', 'jsmallf.fon', 'JUICE___.TTF', 'jvgafix.fon', 'jvgasys.fon', 'KUNSTLER.TTF', 'LATINWD.TTF', 'LBRITE.TTF', 'LBRITED.TTF', 'LBRITEDI.TTF', 'LBRITEI.TTF', 'LCALLIG.TTF', 'LeelaUIb.ttf', 'LeelawUI.ttf', 'LeelUIsl.ttf', 'LFAX.TTF', 'LFAXD.TTF', 'LFAXDI.TTF', 'LFAXI.TTF', 'LHANDW.TTF', 'LSANS.TTF', 'LSANSD.TTF', 'LSANSDI.TTF', 'LSANSI.TTF', 'LTYPE.TTF', 'LTYPEB.TTF', 'LTYPEBO.TTF', 'LTYPEO.TTF', 'lucon.ttf', 'l_10646.ttf', 'MAGNETOB.TTF', 'MAIAN.TTF', 'malgun.ttf', 'malgunbd.ttf', 'malgunsl.ttf', 'marlett.ttf', 'MATURASC.TTF', 'micross.ttf', 'mingliub.ttc', 'MISTRAL.TTF', 'mmrtext.ttf', 'mmrtextb.ttf', 'MOD20.TTF', 'modern.fon', 'monbaiti.ttf', 'msgothic.ttc', 'msjh.ttc', 'msjhbd.ttc', 'msjhl.ttc', 'msyh.ttc', 'msyhbd.ttc', 'msyhl.ttc', 'msyi.ttf', 'MTCORSVA.TTF', 'MTEXTRA.TTF', 'mvboli.ttf', 'NIAGENG.TTF', 'NIAGSOL.TTF', 'Nirmala.ttf', 'NirmalaB.ttf', 'NirmalaS.ttf', 'ntailu.ttf', 'ntailub.ttf', 'NumberOnly.ttf', 'OCRAEXT.TTF', 'OLDENGL.TTF', 'ONYX.TTF', 'OUTLOOK.TTF', 'pala.ttf', 'palab.ttf', 'palabi.ttf', 'palai.ttf', 'PALSCRI.TTF', 'PAPYRUS.TTF', 'PARCHM.TTF', 'PERBI___.TTF', 'PERB____.TTF', 'PERI____.TTF', 'PERTIBD.TTF', 'PERTILI.TTF', 'PER_____.TTF', 'phagspa.ttf', 'phagspab.ttf', 'PLAYBILL.TTF', 'POORICH.TTF', 'PRISTINA.TTF', 'RAGE.TTF', 'RAVIE.TTF', 'REFSAN.TTF', 'REFSPCL.TTF', 'ROCCB___.TTF', 'ROCC____.TTF', 'ROCK.TTF', 'ROCKB.TTF', 'ROCKBI.TTF', 'ROCKEB.TTF', 'ROCKI.TTF', 'roman.fon', 's8514fix.fon', 's8514oem.fon', 's8514sys.fon', 'SCHLBKB.TTF', 'SCHLBKBI.TTF', 'SCHLBKI.TTF', 'script.fon', 'SCRIPTBL.TTF', 'segmdl2.ttf', 'SegoeIcons.ttf', 'segoepr.ttf', 'segoeprb.ttf', 'segoesc.ttf', 'segoescb.ttf', 'segoeui.ttf', 'segoeuib.ttf', 'segoeuii.ttf', 'segoeuil.ttf', 'segoeuisl.ttf', 'segoeuiz.ttf', 'seguibl.ttf', 'seguibli.ttf', 'seguiemj.ttf', 'seguihis.ttf', 'seguili.ttf', 'seguisb.ttf', 'seguisbi.ttf', 'seguisli.ttf', 'seguisym.ttf', 'SegUIVar.ttf', 'sere1255.fon', 'sere1256.fon', 'sere1257.fon', 'serf1255.fon', 'serf1256.fon', 'serf1257.fon', 'serife.fon', 'serifee.fon', 'serifeg.fon', 'serifer.fon', 'serifet.fon', 'seriff.fon', 'seriffe.fon', 'seriffg.fon', 'seriffr.fon', 'serifft.fon', 'SHOWG.TTF', 'simfang.ttf', 'simhei.ttf', 'simkai.ttf', 'SIMLI.TTF', 'simsun.ttc', 'simsunb.ttf', 'SIMYOU.TTF', 'SitkaVF-Italic.ttf', 'SitkaVF.ttf', 'smae1255.fon', 'smae1256.fon', 'smae1257.fon', 'smaf1255.fon', 'smaf1256.fon', 'smaf1257.fon', 'smalle.fon', 'smallee.fon', 'smalleg.fon', 'smaller.fon', 'smallet.fon', 'smallf.fon', 'smallfe.fon', 'smallfg.fon', 'smallfr.fon', 'smallft.fon', 'SNAP____.TTF', 'ssee1255.fon', 'ssee1256.fon', 'ssee1257.fon', 'ssee874.fon', 'ssef1255.fon', 'ssef1256.fon', 'ssef1257.fon', 'ssef874.fon', 'sserife.fon', 'sserifee.fon', 'sserifeg.fon', 'sserifer.fon', 'sserifet.fon', 'sseriff.fon', 'sseriffe.fon', 'sseriffg.fon', 'sseriffr.fon', 'sserifft.fon', 'StaticCache.dat', 'STCAIYUN.TTF', 'STENCIL.TTF', 'STFANGSO.TTF', 'STHUPO.TTF', 'STKAITI.TTF', 'STLITI.TTF', 'STSONG.TTF', 'STXIHEI.TTF', 'STXINGKA.TTF', 'STXINWEI.TTF', 'STZHONGS.TTF', 'svgafix.fon', 'svgasys.fon', 'sylfaen.ttf', 'symbol.ttf', 'tahoma.ttf', 'tahomabd.ttf', 'taile.ttf', 'taileb.ttf', 'TCBI____.TTF', 'TCB_____.TTF', 'TCCB____.TTF', 'TCCEB.TTF', 'TCCM____.TTF', 'TCMI____.TTF', 'TCM_____.TTF', 'TEMPSITC.TTF', 'times.ttf', 'timesbd.ttf', 'timesbi.ttf', 'timesi.ttf', 'trebuc.ttf', 'trebucbd.ttf', 'trebucbi.ttf', 'trebucit.ttf', 'verdana.ttf', 'verdanab.ttf', 'verdanai.ttf', 'verdanaz.ttf', 'vga737.fon', 'vga775.fon', 'vga850.fon', 'vga852.fon', 'vga855.fon', 'vga857.fon', 'vga860.fon', 'vga861.fon', 'vga863.fon', 'vga865.fon', 'vga866.fon', 'vga869.fon', 'vga932.fon', 'vga936.fon', 'vga949.fon', 'vga950.fon', 'vgaf1255.fon', 'vgaf1256.fon', 'vgaf1257.fon', 'vgaf874.fon', 'vgafix.fon', 'vgafixe.fon', 'vgafixg.fon', 'vgafixr.fon', 'vgafixt.fon', 'vgaoem.fon', 'vgas1255.fon', 'vgas1256.fon', 'vgas1257.fon', 'vgas874.fon', 'vgasys.fon', 'vgasyse.fon', 'vgasysg.fon', 'vgasysr.fon', 'vgasyst.fon', 'VINERITC.TTF', 'VIVALDII.TTF', 'VLADIMIR.TTF', 'webdings.ttf', 'wingding.ttf', 'WINGDNG2.TTF', 'WINGDNG3.TTF', 'YuGothB.ttc', 'YuGothL.ttc', 'YuGothM.ttc', 'YuGothR.ttc', '\u534e\u5eb7\u65b9\u5706\u4f53W7.TTC', '\u65b9\u6b63\u7c97\u9ed1\u5b8b\u7b80\u4f53.ttf']
2023-09-27 15:05:05,870 - INFO - all fonts installed:['8514fix.fon', '8514fixe.fon', '8514fixg.fon', '8514fixr.fon', '8514fixt.fon', '8514oem.fon', '8514oeme.fon', '8514oemg.fon', '8514oemr.fon', '8514oemt.fon', '8514sys.fon', '8514syse.fon', '8514sysg.fon', '8514sysr.fon', '8514syst.fon', '85775.fon', '85855.fon', '85f1255.fon', '85f1256.fon', '85f1257.fon', '85f874.fon', '85s1255.fon', '85s1256.fon', '85s1257.fon', '85s874.fon', 'AGENCYB.TTF', 'AGENCYR.TTF', 'ALGER.TTF', 'ANTQUAB.TTF', 'ANTQUABI.TTF', 'ANTQUAI.TTF', 'app775.fon', 'app850.fon', 'app852.fon', 'app855.fon', 'app857.fon', 'app866.fon', 'app932.fon', 'app936.fon', 'app949.fon', 'app950.fon', 'arial.ttf', 'arialbd.ttf', 'arialbi.ttf', 'ariali.ttf', 'ARIALN.TTF', 'ARIALNB.TTF', 'ARIALNBI.TTF', 'ARIALNI.TTF', 'ariblk.ttf', 'ARLRDBD.TTF', 'AxureHandwriting-Bold.otf', 'AxureHandwriting-BoldItalic.otf', 'AxureHandwriting-Italic.otf', 'AxureHandwriting.otf', 'bahnschrift.ttf', 'BASKVILL.TTF', 'BAUHS93.TTF', 'BELL.TTF', 'BELLB.TTF', 'BELLI.TTF', 'BERNHC.TTF', 'BKANT.TTF', 'BOD_B.TTF', 'BOD_BI.TTF', 'BOD_BLAI.TTF', 'BOD_BLAR.TTF', 'BOD_CB.TTF', 'BOD_CBI.TTF', 'BOD_CI.TTF', 'BOD_CR.TTF', 'BOD_I.TTF', 'BOD_PSTC.TTF', 'BOD_R.TTF', 'BOOKOS.TTF', 'BOOKOSB.TTF', 'BOOKOSBI.TTF', 'BOOKOSI.TTF', 'BRADHITC.TTF', 'BRITANIC.TTF', 'BRLNSB.TTF', 'BRLNSDB.TTF', 'BRLNSR.TTF', 'BROADW.TTF', 'BRUSHSCI.TTF', 'BSSYM7.TTF', 'c8514fix.fon', 'c8514oem.fon', 'c8514sys.fon', 'calibri.ttf', 'calibrib.ttf', 'calibrii.ttf', 'calibril.ttf', 'calibrili.ttf', 'calibriz.ttf', 'CALIFB.TTF', 'CALIFI.TTF', 'CALIFR.TTF', 'CALIST.TTF', 'CALISTB.TTF', 'CALISTBI.TTF', 'CALISTI.TTF', 'cambria.ttc', 'cambriab.ttf', 'cambriai.ttf', 'cambriaz.ttf', 'Candara.ttf', 'Candarab.ttf', 'Candarai.ttf', 'Candaral.ttf', 'Candarali.ttf', 'Candaraz.ttf', 'CascadiaCode.ttf', 'CascadiaMono.ttf', 'CASTELAR.TTF', 'CENSCBK.TTF', 'CENTAUR.TTF', 'CENTURY.TTF', 'cga40737.fon', 'cga40850.fon', 'cga40852.fon', 'cga40857.fon', 'cga40866.fon', 'cga40869.fon', 'cga40woa.fon', 'cga80737.fon', 'cga80850.fon', 'cga80852.fon', 'cga80857.fon', 'cga80866.fon', 'cga80869.fon', 'cga80woa.fon', 'CHILLER.TTF', 'COLONNA.TTF', 'comic.ttf', 'comicbd.ttf', 'comici.ttf', 'comicz.ttf', 'consola.ttf', 'consolab.ttf', 'consolai.ttf', 'consolaz.ttf', 'constan.ttf', 'constanb.ttf', 'constani.ttf', 'constanz.ttf', 'COOPBL.TTF', 'COPRGTB.TTF', 'COPRGTL.TTF', 'corbel.ttf', 'corbelb.ttf', 'corbeli.ttf', 'corbell.ttf', 'corbelli.ttf', 'corbelz.ttf', 'coue1255.fon', 'coue1256.fon', 'coue1257.fon', 'couf1255.fon', 'couf1256.fon', 'couf1257.fon', 'cour.ttf', 'courbd.ttf', 'courbi.ttf', 'coure.fon', 'couree.fon', 'coureg.fon', 'courer.fon', 'couret.fon', 'courf.fon', 'courfe.fon', 'courfg.fon', 'courfr.fon', 'courft.fon', 'couri.ttf', 'CURLZ___.TTF', 'cvgafix.fon', 'cvgasys.fon', 'Deng.ttf', 'Dengb.ttf', 'Dengl.ttf', 'desktop.ini', 'dos737.fon', 'dos869.fon', 'dosapp.fon', 'DUBAI-BOLD.TTF', 'DUBAI-LIGHT.TTF', 'DUBAI-MEDIUM.TTF', 'DUBAI-REGULAR.TTF', 'ebrima.ttf', 'ebrimabd.ttf', 'ega40737.fon', 'ega40850.fon', 'ega40852.fon', 'ega40857.fon', 'ega40866.fon', 'ega40869.fon', 'ega40woa.fon', 'ega80737.fon', 'ega80850.fon', 'ega80852.fon', 'ega80857.fon', 'ega80866.fon', 'ega80869.fon', 'ega80woa.fon', 'ELEPHNT.TTF', 'ELEPHNTI.TTF', 'ENGR.TTF', 'ERASBD.TTF', 'ERASDEMI.TTF', 'ERASLGHT.TTF', 'ERASMD.TTF', 'FELIXTI.TTF', 'fms_metadata.xml', 'FORTE.TTF', 'FRABK.TTF', 'FRABKIT.TTF', 'FRADM.TTF', 'FRADMCN.TTF', 'FRADMIT.TTF', 'FRAHV.TTF', 'FRAHVIT.TTF', 'framd.ttf', 'FRAMDCN.TTF', 'framdit.ttf', 'FREESCPT.TTF', 'FRSCRIPT.TTF', 'FTLTLT.TTF', 'FZSTK.TTF', 'FZYTK.TTF', 'Gabriola.ttf', 'gadugi.ttf', 'gadugib.ttf', 'GARA.TTF', 'GARABD.TTF', 'GARAIT.TTF', 'georgia.ttf', 'georgiab.ttf', 'georgiai.ttf', 'georgiaz.ttf', 'GIGI.TTF', 'GILBI___.TTF', 'GILB____.TTF', 'GILC____.TTF', 'GILI____.TTF', 'GILLUBCD.TTF', 'GILSANUB.TTF', 'GIL_____.TTF', 'GLECB.TTF', 'GlobalMonospace.CompositeFont', 'GlobalSansSerif.CompositeFont', 'GlobalSerif.CompositeFont', 'GlobalUserInterface.CompositeFont', 'GLSNECB.TTF', 'GOTHIC.TTF', 'GOTHICB.TTF', 'GOTHICBI.TTF', 'GOTHICI.TTF', 'GOUDOS.TTF', 'GOUDOSB.TTF', 'GOUDOSI.TTF', 'GOUDYSTO.TTF', 'h8514fix.fon', 'h8514oem.fon', 'h8514sys.fon', 'HARLOWSI.TTF', 'HARNGTON.TTF', 'HATTEN.TTF', 'HGB1X_CNKI.ttf', 'HGB1_CNKI.ttf', 'HGB2X_CNKI.ttf', 'HGB2_CNKI.ttf', 'HGB3X_CNKI.ttf', 'HGB3_CNKI.ttf', 'HGB4X_CNKI.ttf', 'HGB4_CNKI.ttf', 'HGB5X_CNKI.ttf', 'HGB5_CNKI.ttf', 'HGB6X_CNKI.ttf', 'HGB6_CNKI.ttf', 'HGB7X_CNKI.ttf', 'HGB7_CNKI.ttf', 'HGB8X_CNKI.ttf', 'HGB8_CNKI.ttf', 'HGBD_CNKI.ttf', 'HGBKBX_CNKI.ttf', 'HGBKB_CNKI.ttf', 'HGBKHX_CNKI.ttf', 'HGBKH_CNKI.ttf', 'HGBS1_CNKI.TTF', 'HGBS2_CNKI.TTF', 'HGBS_CNKI.TTF', 'HGBTH_CNKI.TTF', 'HGBTS_CNKI.TTF', 'HGBX_CNKI.ttf', 'HGBZ_CNKI.ttf', 'HGCH_CNKI.TTF', 'HGCUH_CNKI.TTF', 'HGCY_CNKI.TTF', 'HGDBS_CNKI.TTF', 'HGDGY_CNKI.TTF', 'HGDH2_CNKI.TTF', 'HGDH_CNKI.TTF', 'HGDYS_CNKI.TTF', 'HGDY_CNKI.ttf', 'HGF1X_CNKI.ttf', 'HGF1_CNKI.ttf', 'HGF2X_CNKI.ttf', 'HGF2_CNKI.ttf', 'HGF3_CNKI.ttf', 'HGF4X_CNKI.ttf', 'HGF4_CNKI.ttf', 'HGF5X_CNKI.ttf', 'HGF5_CNKI.ttf', 'HGF6X_CNKI.ttf', 'HGF6_CNKI.ttf', 'HGF7X_CNKI.ttf', 'HGF7_CNKI.ttf', 'HGF8_CNKI.ttf', 'HGF9X_CNKI.ttf', 'HGF9_CNKI.ttf', 'HGFS1_CNKI.TTF', 'HGFS2_CNKI.TTF', 'HGFSH_CNKI.TTF', 'HGFS_CNKI.TTF', 'HGFX_CNKI.ttf', 'HGFZ_CNKI.ttf', 'HGGG_CNKI.TTF', 'HGH1X_CNKI.ttf', 'HGH1_CNKI.ttf', 'HGH2X_CNKI.ttf', 'HGH2_CNKI.ttf', 'HGH3X_CNKI.ttf', 'HGH3_CNKI.ttf', 'HGH4X_CNKI.ttf', 'HGH4_CNKI.ttf', 'HGH5X_CNKI.ttf', 'HGH5_CNKI.ttf', 'HGH6X_CNKI.ttf', 'HGH6_CNKI.ttf', 'HGH7X_CNKI.ttf', 'HGH7_CNKI.ttf', 'HGHB_CNKI.TTF', 'HGHD_CNKI.ttf', 'HGHP_CNKI.TTF', 'HGHT1_CNKI.ttf', 'HGHT2_CNKI.ttf', 'HGHUATI_CNKI.ttf', 'HGHX_CNKI.ttf', 'HGHZ_CNKI.ttf', 'HGH_CNKI.TTF', 'HGKT1_CNKI.TTF', 'HGKT2_CNKI.TTF', 'HGKT_CNKI.TTF', 'HGKY_CNKI.ttf', 'HGLB_CNKI.TTF', 'HGLS_CNKI.TTF', 'HGMH_CNKI.TTF', 'HGNBS_CNKI.ttf', 'HGOCR_CNKI.ttf', 'HGPH_CNKI.TTF', 'HGPTY_CNKI.TTF', 'HGSS1_CNKI.TTF', 'HGSS2_CNKI.TTF', 'HGSS_CNKI.TTF', 'HGSXT_CNKI.ttf', 'HGTT_CNKI.ttf', 'HGTX_CNKI.TTF', 'HGWT_CNKI.TTF', 'HGWYS_CNKI.TTF', 'HGX1X_CNKI.ttf', 'HGX1_CNKI.ttf', 'HGXBS_CNKI.TTF', 'HGXC_CNKI.TTF', 'HGXF1_CNKI.ttf', 'HGXFX_CNKI.ttf', 'HGXFZ_CNKI.ttf', 'HGXH1_CNKI.TTF', 'HGXH_CNKI.TTF', 'HGXK_CNKI.TTF', 'HGXL_CNKI.TTF', 'HGXS_CNKI.TTF', 'HGXT_CNKI.ttf', 'HGXY_CNKI.ttf', 'HGY1_CNKI.TTF', 'HGY2_CNKI.TTF', 'HGY3_CNKI.TTF', 'HGY4_CNKI.TTF', 'HGYB_CNKI.ttf', 'HGYT1_CNKI.ttf', 'HGYT2_CNKI.ttf', 'HGYT_CNKI.TTF', 'HGYX_CNKI.TTF', 'HGZCS_CNKI.TTF', 'HGZDX_CNKI.TTF', 'HGZK_CNKI.TTF', 'HGZYT_CNKI.TTF', 'HGZY_CNKI.TTF', 'himalaya.ttf', 'holomdl2.ttf', 'HTOWERT.TTF', 'HTOWERTI.TTF', 'hvgafix.fon', 'hvgasys.fon', 'impact.ttf', 'IMPRISHA.TTF', 'INFROMAN.TTF', 'Inkfree.ttf', 'iqiyi_logov7.ttf', 'ITCBLKAD.TTF', 'ITCEDSCR.TTF', 'ITCKRIST.TTF', 'j8514fix.fon', 'j8514oem.fon', 'j8514sys.fon', 'javatext.ttf', 'JOKERMAN.TTF', 'jsmalle.fon', 'jsmallf.fon', 'JUICE___.TTF', 'jvgafix.fon', 'jvgasys.fon', 'KUNSTLER.TTF', 'LATINWD.TTF', 'LBRITE.TTF', 'LBRITED.TTF', 'LBRITEDI.TTF', 'LBRITEI.TTF', 'LCALLIG.TTF', 'LeelaUIb.ttf', 'LeelawUI.ttf', 'LeelUIsl.ttf', 'LFAX.TTF', 'LFAXD.TTF', 'LFAXDI.TTF', 'LFAXI.TTF', 'LHANDW.TTF', 'LSANS.TTF', 'LSANSD.TTF', 'LSANSDI.TTF', 'LSANSI.TTF', 'LTYPE.TTF', 'LTYPEB.TTF', 'LTYPEBO.TTF', 'LTYPEO.TTF', 'lucon.ttf', 'l_10646.ttf', 'MAGNETOB.TTF', 'MAIAN.TTF', 'malgun.ttf', 'malgunbd.ttf', 'malgunsl.ttf', 'marlett.ttf', 'MATURASC.TTF', 'micross.ttf', 'mingliub.ttc', 'MISTRAL.TTF', 'mmrtext.ttf', 'mmrtextb.ttf', 'MOD20.TTF', 'modern.fon', 'monbaiti.ttf', 'msgothic.ttc', 'msjh.ttc', 'msjhbd.ttc', 'msjhl.ttc', 'msyh.ttc', 'msyhbd.ttc', 'msyhl.ttc', 'msyi.ttf', 'MTCORSVA.TTF', 'MTEXTRA.TTF', 'mvboli.ttf', 'NIAGENG.TTF', 'NIAGSOL.TTF', 'Nirmala.ttf', 'NirmalaB.ttf', 'NirmalaS.ttf', 'ntailu.ttf', 'ntailub.ttf', 'NumberOnly.ttf', 'OCRAEXT.TTF', 'OLDENGL.TTF', 'ONYX.TTF', 'OUTLOOK.TTF', 'pala.ttf', 'palab.ttf', 'palabi.ttf', 'palai.ttf', 'PALSCRI.TTF', 'PAPYRUS.TTF', 'PARCHM.TTF', 'PERBI___.TTF', 'PERB____.TTF', 'PERI____.TTF', 'PERTIBD.TTF', 'PERTILI.TTF', 'PER_____.TTF', 'phagspa.ttf', 'phagspab.ttf', 'PLAYBILL.TTF', 'POORICH.TTF', 'PRISTINA.TTF', 'RAGE.TTF', 'RAVIE.TTF', 'REFSAN.TTF', 'REFSPCL.TTF', 'ROCCB___.TTF', 'ROCC____.TTF', 'ROCK.TTF', 'ROCKB.TTF', 'ROCKBI.TTF', 'ROCKEB.TTF', 'ROCKI.TTF', 'roman.fon', 's8514fix.fon', 's8514oem.fon', 's8514sys.fon', 'SCHLBKB.TTF', 'SCHLBKBI.TTF', 'SCHLBKI.TTF', 'script.fon', 'SCRIPTBL.TTF', 'segmdl2.ttf', 'SegoeIcons.ttf', 'segoepr.ttf', 'segoeprb.ttf', 'segoesc.ttf', 'segoescb.ttf', 'segoeui.ttf', 'segoeuib.ttf', 'segoeuii.ttf', 'segoeuil.ttf', 'segoeuisl.ttf', 'segoeuiz.ttf', 'seguibl.ttf', 'seguibli.ttf', 'seguiemj.ttf', 'seguihis.ttf', 'seguili.ttf', 'seguisb.ttf', 'seguisbi.ttf', 'seguisli.ttf', 'seguisym.ttf', 'SegUIVar.ttf', 'sere1255.fon', 'sere1256.fon', 'sere1257.fon', 'serf1255.fon', 'serf1256.fon', 'serf1257.fon', 'serife.fon', 'serifee.fon', 'serifeg.fon', 'serifer.fon', 'serifet.fon', 'seriff.fon', 'seriffe.fon', 'seriffg.fon', 'seriffr.fon', 'serifft.fon', 'SHOWG.TTF', 'simfang.ttf', 'simhei.ttf', 'simkai.ttf', 'SIMLI.TTF', 'simsun.ttc', 'simsunb.ttf', 'SIMYOU.TTF', 'SitkaVF-Italic.ttf', 'SitkaVF.ttf', 'smae1255.fon', 'smae1256.fon', 'smae1257.fon', 'smaf1255.fon', 'smaf1256.fon', 'smaf1257.fon', 'smalle.fon', 'smallee.fon', 'smalleg.fon', 'smaller.fon', 'smallet.fon', 'smallf.fon', 'smallfe.fon', 'smallfg.fon', 'smallfr.fon', 'smallft.fon', 'SNAP____.TTF', 'ssee1255.fon', 'ssee1256.fon', 'ssee1257.fon', 'ssee874.fon', 'ssef1255.fon', 'ssef1256.fon', 'ssef1257.fon', 'ssef874.fon', 'sserife.fon', 'sserifee.fon', 'sserifeg.fon', 'sserifer.fon', 'sserifet.fon', 'sseriff.fon', 'sseriffe.fon', 'sseriffg.fon', 'sseriffr.fon', 'sserifft.fon', 'StaticCache.dat', 'STCAIYUN.TTF', 'STENCIL.TTF', 'STFANGSO.TTF', 'STHUPO.TTF', 'STKAITI.TTF', 'STLITI.TTF', 'STSONG.TTF', 'STXIHEI.TTF', 'STXINGKA.TTF', 'STXINWEI.TTF', 'STZHONGS.TTF', 'svgafix.fon', 'svgasys.fon', 'sylfaen.ttf', 'symbol.ttf', 'tahoma.ttf', 'tahomabd.ttf', 'taile.ttf', 'taileb.ttf', 'TCBI____.TTF', 'TCB_____.TTF', 'TCCB____.TTF', 'TCCEB.TTF', 'TCCM____.TTF', 'TCMI____.TTF', 'TCM_____.TTF', 'TEMPSITC.TTF', 'times.ttf', 'timesbd.ttf', 'timesbi.ttf', 'timesi.ttf', 'trebuc.ttf', 'trebucbd.ttf', 'trebucbi.ttf', 'trebucit.ttf', 'verdana.ttf', 'verdanab.ttf', 'verdanai.ttf', 'verdanaz.ttf', 'vga737.fon', 'vga775.fon', 'vga850.fon', 'vga852.fon', 'vga855.fon', 'vga857.fon', 'vga860.fon', 'vga861.fon', 'vga863.fon', 'vga865.fon', 'vga866.fon', 'vga869.fon', 'vga932.fon', 'vga936.fon', 'vga949.fon', 'vga950.fon', 'vgaf1255.fon', 'vgaf1256.fon', 'vgaf1257.fon', 'vgaf874.fon', 'vgafix.fon', 'vgafixe.fon', 'vgafixg.fon', 'vgafixr.fon', 'vgafixt.fon', 'vgaoem.fon', 'vgas1255.fon', 'vgas1256.fon', 'vgas1257.fon', 'vgas874.fon', 'vgasys.fon', 'vgasyse.fon', 'vgasysg.fon', 'vgasysr.fon', 'vgasyst.fon', 'VINERITC.TTF', 'VIVALDII.TTF', 'VLADIMIR.TTF', 'webdings.ttf', 'wingding.ttf', 'WINGDNG2.TTF', 'WINGDNG3.TTF', 'YuGothB.ttc', 'YuGothL.ttc', 'YuGothM.ttc', 'YuGothR.ttc', '\u534e\u5eb7\u65b9\u5706\u4f53W7.TTC', '\u65b9\u6b63\u7c97\u9ed1\u5b8b\u7b80\u4f53.ttf']
2023-09-27 15:05:06,073 - INFO - all fonts installed:['8514fix.fon', '8514fixe.fon', '8514fixg.fon', '8514fixr.fon', '8514fixt.fon', '8514oem.fon', '8514oeme.fon', '8514oemg.fon', '8514oemr.fon', '8514oemt.fon', '8514sys.fon', '8514syse.fon', '8514sysg.fon', '8514sysr.fon', '8514syst.fon', '85775.fon', '85855.fon', '85f1255.fon', '85f1256.fon', '85f1257.fon', '85f874.fon', '85s1255.fon', '85s1256.fon', '85s1257.fon', '85s874.fon', 'AGENCYB.TTF', 'AGENCYR.TTF', 'ALGER.TTF', 'ANTQUAB.TTF', 'ANTQUABI.TTF', 'ANTQUAI.TTF', 'app775.fon', 'app850.fon', 'app852.fon', 'app855.fon', 'app857.fon', 'app866.fon', 'app932.fon', 'app936.fon', 'app949.fon', 'app950.fon', 'arial.ttf', 'arialbd.ttf', 'arialbi.ttf', 'ariali.ttf', 'ARIALN.TTF', 'ARIALNB.TTF', 'ARIALNBI.TTF', 'ARIALNI.TTF', 'ariblk.ttf', 'ARLRDBD.TTF', 'AxureHandwriting-Bold.otf', 'AxureHandwriting-BoldItalic.otf', 'AxureHandwriting-Italic.otf', 'AxureHandwriting.otf', 'bahnschrift.ttf', 'BASKVILL.TTF', 'BAUHS93.TTF', 'BELL.TTF', 'BELLB.TTF', 'BELLI.TTF', 'BERNHC.TTF', 'BKANT.TTF', 'BOD_B.TTF', 'BOD_BI.TTF', 'BOD_BLAI.TTF', 'BOD_BLAR.TTF', 'BOD_CB.TTF', 'BOD_CBI.TTF', 'BOD_CI.TTF', 'BOD_CR.TTF', 'BOD_I.TTF', 'BOD_PSTC.TTF', 'BOD_R.TTF', 'BOOKOS.TTF', 'BOOKOSB.TTF', 'BOOKOSBI.TTF', 'BOOKOSI.TTF', 'BRADHITC.TTF', 'BRITANIC.TTF', 'BRLNSB.TTF', 'BRLNSDB.TTF', 'BRLNSR.TTF', 'BROADW.TTF', 'BRUSHSCI.TTF', 'BSSYM7.TTF', 'c8514fix.fon', 'c8514oem.fon', 'c8514sys.fon', 'calibri.ttf', 'calibrib.ttf', 'calibrii.ttf', 'calibril.ttf', 'calibrili.ttf', 'calibriz.ttf', 'CALIFB.TTF', 'CALIFI.TTF', 'CALIFR.TTF', 'CALIST.TTF', 'CALISTB.TTF', 'CALISTBI.TTF', 'CALISTI.TTF', 'cambria.ttc', 'cambriab.ttf', 'cambriai.ttf', 'cambriaz.ttf', 'Candara.ttf', 'Candarab.ttf', 'Candarai.ttf', 'Candaral.ttf', 'Candarali.ttf', 'Candaraz.ttf', 'CascadiaCode.ttf', 'CascadiaMono.ttf', 'CASTELAR.TTF', 'CENSCBK.TTF', 'CENTAUR.TTF', 'CENTURY.TTF', 'cga40737.fon', 'cga40850.fon', 'cga40852.fon', 'cga40857.fon', 'cga40866.fon', 'cga40869.fon', 'cga40woa.fon', 'cga80737.fon', 'cga80850.fon', 'cga80852.fon', 'cga80857.fon', 'cga80866.fon', 'cga80869.fon', 'cga80woa.fon', 'CHILLER.TTF', 'COLONNA.TTF', 'comic.ttf', 'comicbd.ttf', 'comici.ttf', 'comicz.ttf', 'consola.ttf', 'consolab.ttf', 'consolai.ttf', 'consolaz.ttf', 'constan.ttf', 'constanb.ttf', 'constani.ttf', 'constanz.ttf', 'COOPBL.TTF', 'COPRGTB.TTF', 'COPRGTL.TTF', 'corbel.ttf', 'corbelb.ttf', 'corbeli.ttf', 'corbell.ttf', 'corbelli.ttf', 'corbelz.ttf', 'coue1255.fon', 'coue1256.fon', 'coue1257.fon', 'couf1255.fon', 'couf1256.fon', 'couf1257.fon', 'cour.ttf', 'courbd.ttf', 'courbi.ttf', 'coure.fon', 'couree.fon', 'coureg.fon', 'courer.fon', 'couret.fon', 'courf.fon', 'courfe.fon', 'courfg.fon', 'courfr.fon', 'courft.fon', 'couri.ttf', 'CURLZ___.TTF', 'cvgafix.fon', 'cvgasys.fon', 'Deng.ttf', 'Dengb.ttf', 'Dengl.ttf', 'desktop.ini', 'dos737.fon', 'dos869.fon', 'dosapp.fon', 'DUBAI-BOLD.TTF', 'DUBAI-LIGHT.TTF', 'DUBAI-MEDIUM.TTF', 'DUBAI-REGULAR.TTF', 'ebrima.ttf', 'ebrimabd.ttf', 'ega40737.fon', 'ega40850.fon', 'ega40852.fon', 'ega40857.fon', 'ega40866.fon', 'ega40869.fon', 'ega40woa.fon', 'ega80737.fon', 'ega80850.fon', 'ega80852.fon', 'ega80857.fon', 'ega80866.fon', 'ega80869.fon', 'ega80woa.fon', 'ELEPHNT.TTF', 'ELEPHNTI.TTF', 'ENGR.TTF', 'ERASBD.TTF', 'ERASDEMI.TTF', 'ERASLGHT.TTF', 'ERASMD.TTF', 'FELIXTI.TTF', 'fms_metadata.xml', 'FORTE.TTF', 'FRABK.TTF', 'FRABKIT.TTF', 'FRADM.TTF', 'FRADMCN.TTF', 'FRADMIT.TTF', 'FRAHV.TTF', 'FRAHVIT.TTF', 'framd.ttf', 'FRAMDCN.TTF', 'framdit.ttf', 'FREESCPT.TTF', 'FRSCRIPT.TTF', 'FTLTLT.TTF', 'FZSTK.TTF', 'FZYTK.TTF', 'Gabriola.ttf', 'gadugi.ttf', 'gadugib.ttf', 'GARA.TTF', 'GARABD.TTF', 'GARAIT.TTF', 'georgia.ttf', 'georgiab.ttf', 'georgiai.ttf', 'georgiaz.ttf', 'GIGI.TTF', 'GILBI___.TTF', 'GILB____.TTF', 'GILC____.TTF', 'GILI____.TTF', 'GILLUBCD.TTF', 'GILSANUB.TTF', 'GIL_____.TTF', 'GLECB.TTF', 'GlobalMonospace.CompositeFont', 'GlobalSansSerif.CompositeFont', 'GlobalSerif.CompositeFont', 'GlobalUserInterface.CompositeFont', 'GLSNECB.TTF', 'GOTHIC.TTF', 'GOTHICB.TTF', 'GOTHICBI.TTF', 'GOTHICI.TTF', 'GOUDOS.TTF', 'GOUDOSB.TTF', 'GOUDOSI.TTF', 'GOUDYSTO.TTF', 'h8514fix.fon', 'h8514oem.fon', 'h8514sys.fon', 'HARLOWSI.TTF', 'HARNGTON.TTF', 'HATTEN.TTF', 'HGB1X_CNKI.ttf', 'HGB1_CNKI.ttf', 'HGB2X_CNKI.ttf', 'HGB2_CNKI.ttf', 'HGB3X_CNKI.ttf', 'HGB3_CNKI.ttf', 'HGB4X_CNKI.ttf', 'HGB4_CNKI.ttf', 'HGB5X_CNKI.ttf', 'HGB5_CNKI.ttf', 'HGB6X_CNKI.ttf', 'HGB6_CNKI.ttf', 'HGB7X_CNKI.ttf', 'HGB7_CNKI.ttf', 'HGB8X_CNKI.ttf', 'HGB8_CNKI.ttf', 'HGBD_CNKI.ttf', 'HGBKBX_CNKI.ttf', 'HGBKB_CNKI.ttf', 'HGBKHX_CNKI.ttf', 'HGBKH_CNKI.ttf', 'HGBS1_CNKI.TTF', 'HGBS2_CNKI.TTF', 'HGBS_CNKI.TTF', 'HGBTH_CNKI.TTF', 'HGBTS_CNKI.TTF', 'HGBX_CNKI.ttf', 'HGBZ_CNKI.ttf', 'HGCH_CNKI.TTF', 'HGCUH_CNKI.TTF', 'HGCY_CNKI.TTF', 'HGDBS_CNKI.TTF', 'HGDGY_CNKI.TTF', 'HGDH2_CNKI.TTF', 'HGDH_CNKI.TTF', 'HGDYS_CNKI.TTF', 'HGDY_CNKI.ttf', 'HGF1X_CNKI.ttf', 'HGF1_CNKI.ttf', 'HGF2X_CNKI.ttf', 'HGF2_CNKI.ttf', 'HGF3_CNKI.ttf', 'HGF4X_CNKI.ttf', 'HGF4_CNKI.ttf', 'HGF5X_CNKI.ttf', 'HGF5_CNKI.ttf', 'HGF6X_CNKI.ttf', 'HGF6_CNKI.ttf', 'HGF7X_CNKI.ttf', 'HGF7_CNKI.ttf', 'HGF8_CNKI.ttf', 'HGF9X_CNKI.ttf', 'HGF9_CNKI.ttf', 'HGFS1_CNKI.TTF', 'HGFS2_CNKI.TTF', 'HGFSH_CNKI.TTF', 'HGFS_CNKI.TTF', 'HGFX_CNKI.ttf', 'HGFZ_CNKI.ttf', 'HGGG_CNKI.TTF', 'HGH1X_CNKI.ttf', 'HGH1_CNKI.ttf', 'HGH2X_CNKI.ttf', 'HGH2_CNKI.ttf', 'HGH3X_CNKI.ttf', 'HGH3_CNKI.ttf', 'HGH4X_CNKI.ttf', 'HGH4_CNKI.ttf', 'HGH5X_CNKI.ttf', 'HGH5_CNKI.ttf', 'HGH6X_CNKI.ttf', 'HGH6_CNKI.ttf', 'HGH7X_CNKI.ttf', 'HGH7_CNKI.ttf', 'HGHB_CNKI.TTF', 'HGHD_CNKI.ttf', 'HGHP_CNKI.TTF', 'HGHT1_CNKI.ttf', 'HGHT2_CNKI.ttf', 'HGHUATI_CNKI.ttf', 'HGHX_CNKI.ttf', 'HGHZ_CNKI.ttf', 'HGH_CNKI.TTF', 'HGKT1_CNKI.TTF', 'HGKT2_CNKI.TTF', 'HGKT_CNKI.TTF', 'HGKY_CNKI.ttf', 'HGLB_CNKI.TTF', 'HGLS_CNKI.TTF', 'HGMH_CNKI.TTF', 'HGNBS_CNKI.ttf', 'HGOCR_CNKI.ttf', 'HGPH_CNKI.TTF', 'HGPTY_CNKI.TTF', 'HGSS1_CNKI.TTF', 'HGSS2_CNKI.TTF', 'HGSS_CNKI.TTF', 'HGSXT_CNKI.ttf', 'HGTT_CNKI.ttf', 'HGTX_CNKI.TTF', 'HGWT_CNKI.TTF', 'HGWYS_CNKI.TTF', 'HGX1X_CNKI.ttf', 'HGX1_CNKI.ttf', 'HGXBS_CNKI.TTF', 'HGXC_CNKI.TTF', 'HGXF1_CNKI.ttf', 'HGXFX_CNKI.ttf', 'HGXFZ_CNKI.ttf', 'HGXH1_CNKI.TTF', 'HGXH_CNKI.TTF', 'HGXK_CNKI.TTF', 'HGXL_CNKI.TTF', 'HGXS_CNKI.TTF', 'HGXT_CNKI.ttf', 'HGXY_CNKI.ttf', 'HGY1_CNKI.TTF', 'HGY2_CNKI.TTF', 'HGY3_CNKI.TTF', 'HGY4_CNKI.TTF', 'HGYB_CNKI.ttf', 'HGYT1_CNKI.ttf', 'HGYT2_CNKI.ttf', 'HGYT_CNKI.TTF', 'HGYX_CNKI.TTF', 'HGZCS_CNKI.TTF', 'HGZDX_CNKI.TTF', 'HGZK_CNKI.TTF', 'HGZYT_CNKI.TTF', 'HGZY_CNKI.TTF', 'himalaya.ttf', 'holomdl2.ttf', 'HTOWERT.TTF', 'HTOWERTI.TTF', 'hvgafix.fon', 'hvgasys.fon', 'impact.ttf', 'IMPRISHA.TTF', 'INFROMAN.TTF', 'Inkfree.ttf', 'iqiyi_logov7.ttf', 'ITCBLKAD.TTF', 'ITCEDSCR.TTF', 'ITCKRIST.TTF', 'j8514fix.fon', 'j8514oem.fon', 'j8514sys.fon', 'javatext.ttf', 'JOKERMAN.TTF', 'jsmalle.fon', 'jsmallf.fon', 'JUICE___.TTF', 'jvgafix.fon', 'jvgasys.fon', 'KUNSTLER.TTF', 'LATINWD.TTF', 'LBRITE.TTF', 'LBRITED.TTF', 'LBRITEDI.TTF', 'LBRITEI.TTF', 'LCALLIG.TTF', 'LeelaUIb.ttf', 'LeelawUI.ttf', 'LeelUIsl.ttf', 'LFAX.TTF', 'LFAXD.TTF', 'LFAXDI.TTF', 'LFAXI.TTF', 'LHANDW.TTF', 'LSANS.TTF', 'LSANSD.TTF', 'LSANSDI.TTF', 'LSANSI.TTF', 'LTYPE.TTF', 'LTYPEB.TTF', 'LTYPEBO.TTF', 'LTYPEO.TTF', 'lucon.ttf', 'l_10646.ttf', 'MAGNETOB.TTF', 'MAIAN.TTF', 'malgun.ttf', 'malgunbd.ttf', 'malgunsl.ttf', 'marlett.ttf', 'MATURASC.TTF', 'micross.ttf', 'mingliub.ttc', 'MISTRAL.TTF', 'mmrtext.ttf', 'mmrtextb.ttf', 'MOD20.TTF', 'modern.fon', 'monbaiti.ttf', 'msgothic.ttc', 'msjh.ttc', 'msjhbd.ttc', 'msjhl.ttc', 'msyh.ttc', 'msyhbd.ttc', 'msyhl.ttc', 'msyi.ttf', 'MTCORSVA.TTF', 'MTEXTRA.TTF', 'mvboli.ttf', 'NIAGENG.TTF', 'NIAGSOL.TTF', 'Nirmala.ttf', 'NirmalaB.ttf', 'NirmalaS.ttf', 'ntailu.ttf', 'ntailub.ttf', 'NumberOnly.ttf', 'OCRAEXT.TTF', 'OLDENGL.TTF', 'ONYX.TTF', 'OUTLOOK.TTF', 'pala.ttf', 'palab.ttf', 'palabi.ttf', 'palai.ttf', 'PALSCRI.TTF', 'PAPYRUS.TTF', 'PARCHM.TTF', 'PERBI___.TTF', 'PERB____.TTF', 'PERI____.TTF', 'PERTIBD.TTF', 'PERTILI.TTF', 'PER_____.TTF', 'phagspa.ttf', 'phagspab.ttf', 'PLAYBILL.TTF', 'POORICH.TTF', 'PRISTINA.TTF', 'RAGE.TTF', 'RAVIE.TTF', 'REFSAN.TTF', 'REFSPCL.TTF', 'ROCCB___.TTF', 'ROCC____.TTF', 'ROCK.TTF', 'ROCKB.TTF', 'ROCKBI.TTF', 'ROCKEB.TTF', 'ROCKI.TTF', 'roman.fon', 's8514fix.fon', 's8514oem.fon', 's8514sys.fon', 'SCHLBKB.TTF', 'SCHLBKBI.TTF', 'SCHLBKI.TTF', 'script.fon', 'SCRIPTBL.TTF', 'segmdl2.ttf', 'SegoeIcons.ttf', 'segoepr.ttf', 'segoeprb.ttf', 'segoesc.ttf', 'segoescb.ttf', 'segoeui.ttf', 'segoeuib.ttf', 'segoeuii.ttf', 'segoeuil.ttf', 'segoeuisl.ttf', 'segoeuiz.ttf', 'seguibl.ttf', 'seguibli.ttf', 'seguiemj.ttf', 'seguihis.ttf', 'seguili.ttf', 'seguisb.ttf', 'seguisbi.ttf', 'seguisli.ttf', 'seguisym.ttf', 'SegUIVar.ttf', 'sere1255.fon', 'sere1256.fon', 'sere1257.fon', 'serf1255.fon', 'serf1256.fon', 'serf1257.fon', 'serife.fon', 'serifee.fon', 'serifeg.fon', 'serifer.fon', 'serifet.fon', 'seriff.fon', 'seriffe.fon', 'seriffg.fon', 'seriffr.fon', 'serifft.fon', 'SHOWG.TTF', 'simfang.ttf', 'simhei.ttf', 'simkai.ttf', 'SIMLI.TTF', 'simsun.ttc', 'simsunb.ttf', 'SIMYOU.TTF', 'SitkaVF-Italic.ttf', 'SitkaVF.ttf', 'smae1255.fon', 'smae1256.fon', 'smae1257.fon', 'smaf1255.fon', 'smaf1256.fon', 'smaf1257.fon', 'smalle.fon', 'smallee.fon', 'smalleg.fon', 'smaller.fon', 'smallet.fon', 'smallf.fon', 'smallfe.fon', 'smallfg.fon', 'smallfr.fon', 'smallft.fon', 'SNAP____.TTF', 'ssee1255.fon', 'ssee1256.fon', 'ssee1257.fon', 'ssee874.fon', 'ssef1255.fon', 'ssef1256.fon', 'ssef1257.fon', 'ssef874.fon', 'sserife.fon', 'sserifee.fon', 'sserifeg.fon', 'sserifer.fon', 'sserifet.fon', 'sseriff.fon', 'sseriffe.fon', 'sseriffg.fon', 'sseriffr.fon', 'sserifft.fon', 'StaticCache.dat', 'STCAIYUN.TTF', 'STENCIL.TTF', 'STFANGSO.TTF', 'STHUPO.TTF', 'STKAITI.TTF', 'STLITI.TTF', 'STSONG.TTF', 'STXIHEI.TTF', 'STXINGKA.TTF', 'STXINWEI.TTF', 'STZHONGS.TTF', 'svgafix.fon', 'svgasys.fon', 'sylfaen.ttf', 'symbol.ttf', 'tahoma.ttf', 'tahomabd.ttf', 'taile.ttf', 'taileb.ttf', 'TCBI____.TTF', 'TCB_____.TTF', 'TCCB____.TTF', 'TCCEB.TTF', 'TCCM____.TTF', 'TCMI____.TTF', 'TCM_____.TTF', 'TEMPSITC.TTF', 'times.ttf', 'timesbd.ttf', 'timesbi.ttf', 'timesi.ttf', 'trebuc.ttf', 'trebucbd.ttf', 'trebucbi.ttf', 'trebucit.ttf', 'verdana.ttf', 'verdanab.ttf', 'verdanai.ttf', 'verdanaz.ttf', 'vga737.fon', 'vga775.fon', 'vga850.fon', 'vga852.fon', 'vga855.fon', 'vga857.fon', 'vga860.fon', 'vga861.fon', 'vga863.fon', 'vga865.fon', 'vga866.fon', 'vga869.fon', 'vga932.fon', 'vga936.fon', 'vga949.fon', 'vga950.fon', 'vgaf1255.fon', 'vgaf1256.fon', 'vgaf1257.fon', 'vgaf874.fon', 'vgafix.fon', 'vgafixe.fon', 'vgafixg.fon', 'vgafixr.fon', 'vgafixt.fon', 'vgaoem.fon', 'vgas1255.fon', 'vgas1256.fon', 'vgas1257.fon', 'vgas874.fon', 'vgasys.fon', 'vgasyse.fon', 'vgasysg.fon', 'vgasysr.fon', 'vgasyst.fon', 'VINERITC.TTF', 'VIVALDII.TTF', 'VLADIMIR.TTF', 'webdings.ttf', 'wingding.ttf', 'WINGDNG2.TTF', 'WINGDNG3.TTF', 'YuGothB.ttc', 'YuGothL.ttc', 'YuGothM.ttc', 'YuGothR.ttc', '\u534e\u5eb7\u65b9\u5706\u4f53W7.TTC', '\u65b9\u6b63\u7c97\u9ed1\u5b8b\u7b80\u4f53.ttf']
2023-09-27 15:05:06,079 - INFO - all fonts installed:['8514fix.fon', '8514fixe.fon', '8514fixg.fon', '8514fixr.fon', '8514fixt.fon', '8514oem.fon', '8514oeme.fon', '8514oemg.fon', '8514oemr.fon', '8514oemt.fon', '8514sys.fon', '8514syse.fon', '8514sysg.fon', '8514sysr.fon', '8514syst.fon', '85775.fon', '85855.fon', '85f1255.fon', '85f1256.fon', '85f1257.fon', '85f874.fon', '85s1255.fon', '85s1256.fon', '85s1257.fon', '85s874.fon', 'AGENCYB.TTF', 'AGENCYR.TTF', 'ALGER.TTF', 'ANTQUAB.TTF', 'ANTQUABI.TTF', 'ANTQUAI.TTF', 'app775.fon', 'app850.fon', 'app852.fon', 'app855.fon', 'app857.fon', 'app866.fon', 'app932.fon', 'app936.fon', 'app949.fon', 'app950.fon', 'arial.ttf', 'arialbd.ttf', 'arialbi.ttf', 'ariali.ttf', 'ARIALN.TTF', 'ARIALNB.TTF', 'ARIALNBI.TTF', 'ARIALNI.TTF', 'ariblk.ttf', 'ARLRDBD.TTF', 'AxureHandwriting-Bold.otf', 'AxureHandwriting-BoldItalic.otf', 'AxureHandwriting-Italic.otf', 'AxureHandwriting.otf', 'bahnschrift.ttf', 'BASKVILL.TTF', 'BAUHS93.TTF', 'BELL.TTF', 'BELLB.TTF', 'BELLI.TTF', 'BERNHC.TTF', 'BKANT.TTF', 'BOD_B.TTF', 'BOD_BI.TTF', 'BOD_BLAI.TTF', 'BOD_BLAR.TTF', 'BOD_CB.TTF', 'BOD_CBI.TTF', 'BOD_CI.TTF', 'BOD_CR.TTF', 'BOD_I.TTF', 'BOD_PSTC.TTF', 'BOD_R.TTF', 'BOOKOS.TTF', 'BOOKOSB.TTF', 'BOOKOSBI.TTF', 'BOOKOSI.TTF', 'BRADHITC.TTF', 'BRITANIC.TTF', 'BRLNSB.TTF', 'BRLNSDB.TTF', 'BRLNSR.TTF', 'BROADW.TTF', 'BRUSHSCI.TTF', 'BSSYM7.TTF', 'c8514fix.fon', 'c8514oem.fon', 'c8514sys.fon', 'calibri.ttf', 'calibrib.ttf', 'calibrii.ttf', 'calibril.ttf', 'calibrili.ttf', 'calibriz.ttf', 'CALIFB.TTF', 'CALIFI.TTF', 'CALIFR.TTF', 'CALIST.TTF', 'CALISTB.TTF', 'CALISTBI.TTF', 'CALISTI.TTF', 'cambria.ttc', 'cambriab.ttf', 'cambriai.ttf', 'cambriaz.ttf', 'Candara.ttf', 'Candarab.ttf', 'Candarai.ttf', 'Candaral.ttf', 'Candarali.ttf', 'Candaraz.ttf', 'CascadiaCode.ttf', 'CascadiaMono.ttf', 'CASTELAR.TTF', 'CENSCBK.TTF', 'CENTAUR.TTF', 'CENTURY.TTF', 'cga40737.fon', 'cga40850.fon', 'cga40852.fon', 'cga40857.fon', 'cga40866.fon', 'cga40869.fon', 'cga40woa.fon', 'cga80737.fon', 'cga80850.fon', 'cga80852.fon', 'cga80857.fon', 'cga80866.fon', 'cga80869.fon', 'cga80woa.fon', 'CHILLER.TTF', 'COLONNA.TTF', 'comic.ttf', 'comicbd.ttf', 'comici.ttf', 'comicz.ttf', 'consola.ttf', 'consolab.ttf', 'consolai.ttf', 'consolaz.ttf', 'constan.ttf', 'constanb.ttf', 'constani.ttf', 'constanz.ttf', 'COOPBL.TTF', 'COPRGTB.TTF', 'COPRGTL.TTF', 'corbel.ttf', 'corbelb.ttf', 'corbeli.ttf', 'corbell.ttf', 'corbelli.ttf', 'corbelz.ttf', 'coue1255.fon', 'coue1256.fon', 'coue1257.fon', 'couf1255.fon', 'couf1256.fon', 'couf1257.fon', 'cour.ttf', 'courbd.ttf', 'courbi.ttf', 'coure.fon', 'couree.fon', 'coureg.fon', 'courer.fon', 'couret.fon', 'courf.fon', 'courfe.fon', 'courfg.fon', 'courfr.fon', 'courft.fon', 'couri.ttf', 'CURLZ___.TTF', 'cvgafix.fon', 'cvgasys.fon', 'Deng.ttf', 'Dengb.ttf', 'Dengl.ttf', 'desktop.ini', 'dos737.fon', 'dos869.fon', 'dosapp.fon', 'DUBAI-BOLD.TTF', 'DUBAI-LIGHT.TTF', 'DUBAI-MEDIUM.TTF', 'DUBAI-REGULAR.TTF', 'ebrima.ttf', 'ebrimabd.ttf', 'ega40737.fon', 'ega40850.fon', 'ega40852.fon', 'ega40857.fon', 'ega40866.fon', 'ega40869.fon', 'ega40woa.fon', 'ega80737.fon', 'ega80850.fon', 'ega80852.fon', 'ega80857.fon', 'ega80866.fon', 'ega80869.fon', 'ega80woa.fon', 'ELEPHNT.TTF', 'ELEPHNTI.TTF', 'ENGR.TTF', 'ERASBD.TTF', 'ERASDEMI.TTF', 'ERASLGHT.TTF', 'ERASMD.TTF', 'FELIXTI.TTF', 'fms_metadata.xml', 'FORTE.TTF', 'FRABK.TTF', 'FRABKIT.TTF', 'FRADM.TTF', 'FRADMCN.TTF', 'FRADMIT.TTF', 'FRAHV.TTF', 'FRAHVIT.TTF', 'framd.ttf', 'FRAMDCN.TTF', 'framdit.ttf', 'FREESCPT.TTF', 'FRSCRIPT.TTF', 'FTLTLT.TTF', 'FZSTK.TTF', 'FZYTK.TTF', 'Gabriola.ttf', 'gadugi.ttf', 'gadugib.ttf', 'GARA.TTF', 'GARABD.TTF', 'GARAIT.TTF', 'georgia.ttf', 'georgiab.ttf', 'georgiai.ttf', 'georgiaz.ttf', 'GIGI.TTF', 'GILBI___.TTF', 'GILB____.TTF', 'GILC____.TTF', 'GILI____.TTF', 'GILLUBCD.TTF', 'GILSANUB.TTF', 'GIL_____.TTF', 'GLECB.TTF', 'GlobalMonospace.CompositeFont', 'GlobalSansSerif.CompositeFont', 'GlobalSerif.CompositeFont', 'GlobalUserInterface.CompositeFont', 'GLSNECB.TTF', 'GOTHIC.TTF', 'GOTHICB.TTF', 'GOTHICBI.TTF', 'GOTHICI.TTF', 'GOUDOS.TTF', 'GOUDOSB.TTF', 'GOUDOSI.TTF', 'GOUDYSTO.TTF', 'h8514fix.fon', 'h8514oem.fon', 'h8514sys.fon', 'HARLOWSI.TTF', 'HARNGTON.TTF', 'HATTEN.TTF', 'HGB1X_CNKI.ttf', 'HGB1_CNKI.ttf', 'HGB2X_CNKI.ttf', 'HGB2_CNKI.ttf', 'HGB3X_CNKI.ttf', 'HGB3_CNKI.ttf', 'HGB4X_CNKI.ttf', 'HGB4_CNKI.ttf', 'HGB5X_CNKI.ttf', 'HGB5_CNKI.ttf', 'HGB6X_CNKI.ttf', 'HGB6_CNKI.ttf', 'HGB7X_CNKI.ttf', 'HGB7_CNKI.ttf', 'HGB8X_CNKI.ttf', 'HGB8_CNKI.ttf', 'HGBD_CNKI.ttf', 'HGBKBX_CNKI.ttf', 'HGBKB_CNKI.ttf', 'HGBKHX_CNKI.ttf', 'HGBKH_CNKI.ttf', 'HGBS1_CNKI.TTF', 'HGBS2_CNKI.TTF', 'HGBS_CNKI.TTF', 'HGBTH_CNKI.TTF', 'HGBTS_CNKI.TTF', 'HGBX_CNKI.ttf', 'HGBZ_CNKI.ttf', 'HGCH_CNKI.TTF', 'HGCUH_CNKI.TTF', 'HGCY_CNKI.TTF', 'HGDBS_CNKI.TTF', 'HGDGY_CNKI.TTF', 'HGDH2_CNKI.TTF', 'HGDH_CNKI.TTF', 'HGDYS_CNKI.TTF', 'HGDY_CNKI.ttf', 'HGF1X_CNKI.ttf', 'HGF1_CNKI.ttf', 'HGF2X_CNKI.ttf', 'HGF2_CNKI.ttf', 'HGF3_CNKI.ttf', 'HGF4X_CNKI.ttf', 'HGF4_CNKI.ttf', 'HGF5X_CNKI.ttf', 'HGF5_CNKI.ttf', 'HGF6X_CNKI.ttf', 'HGF6_CNKI.ttf', 'HGF7X_CNKI.ttf', 'HGF7_CNKI.ttf', 'HGF8_CNKI.ttf', 'HGF9X_CNKI.ttf', 'HGF9_CNKI.ttf', 'HGFS1_CNKI.TTF', 'HGFS2_CNKI.TTF', 'HGFSH_CNKI.TTF', 'HGFS_CNKI.TTF', 'HGFX_CNKI.ttf', 'HGFZ_CNKI.ttf', 'HGGG_CNKI.TTF', 'HGH1X_CNKI.ttf', 'HGH1_CNKI.ttf', 'HGH2X_CNKI.ttf', 'HGH2_CNKI.ttf', 'HGH3X_CNKI.ttf', 'HGH3_CNKI.ttf', 'HGH4X_CNKI.ttf', 'HGH4_CNKI.ttf', 'HGH5X_CNKI.ttf', 'HGH5_CNKI.ttf', 'HGH6X_CNKI.ttf', 'HGH6_CNKI.ttf', 'HGH7X_CNKI.ttf', 'HGH7_CNKI.ttf', 'HGHB_CNKI.TTF', 'HGHD_CNKI.ttf', 'HGHP_CNKI.TTF', 'HGHT1_CNKI.ttf', 'HGHT2_CNKI.ttf', 'HGHUATI_CNKI.ttf', 'HGHX_CNKI.ttf', 'HGHZ_CNKI.ttf', 'HGH_CNKI.TTF', 'HGKT1_CNKI.TTF', 'HGKT2_CNKI.TTF', 'HGKT_CNKI.TTF', 'HGKY_CNKI.ttf', 'HGLB_CNKI.TTF', 'HGLS_CNKI.TTF', 'HGMH_CNKI.TTF', 'HGNBS_CNKI.ttf', 'HGOCR_CNKI.ttf', 'HGPH_CNKI.TTF', 'HGPTY_CNKI.TTF', 'HGSS1_CNKI.TTF', 'HGSS2_CNKI.TTF', 'HGSS_CNKI.TTF', 'HGSXT_CNKI.ttf', 'HGTT_CNKI.ttf', 'HGTX_CNKI.TTF', 'HGWT_CNKI.TTF', 'HGWYS_CNKI.TTF', 'HGX1X_CNKI.ttf', 'HGX1_CNKI.ttf', 'HGXBS_CNKI.TTF', 'HGXC_CNKI.TTF', 'HGXF1_CNKI.ttf', 'HGXFX_CNKI.ttf', 'HGXFZ_CNKI.ttf', 'HGXH1_CNKI.TTF', 'HGXH_CNKI.TTF', 'HGXK_CNKI.TTF', 'HGXL_CNKI.TTF', 'HGXS_CNKI.TTF', 'HGXT_CNKI.ttf', 'HGXY_CNKI.ttf', 'HGY1_CNKI.TTF', 'HGY2_CNKI.TTF', 'HGY3_CNKI.TTF', 'HGY4_CNKI.TTF', 'HGYB_CNKI.ttf', 'HGYT1_CNKI.ttf', 'HGYT2_CNKI.ttf', 'HGYT_CNKI.TTF', 'HGYX_CNKI.TTF', 'HGZCS_CNKI.TTF', 'HGZDX_CNKI.TTF', 'HGZK_CNKI.TTF', 'HGZYT_CNKI.TTF', 'HGZY_CNKI.TTF', 'himalaya.ttf', 'holomdl2.ttf', 'HTOWERT.TTF', 'HTOWERTI.TTF', 'hvgafix.fon', 'hvgasys.fon', 'impact.ttf', 'IMPRISHA.TTF', 'INFROMAN.TTF', 'Inkfree.ttf', 'iqiyi_logov7.ttf', 'ITCBLKAD.TTF', 'ITCEDSCR.TTF', 'ITCKRIST.TTF', 'j8514fix.fon', 'j8514oem.fon', 'j8514sys.fon', 'javatext.ttf', 'JOKERMAN.TTF', 'jsmalle.fon', 'jsmallf.fon', 'JUICE___.TTF', 'jvgafix.fon', 'jvgasys.fon', 'KUNSTLER.TTF', 'LATINWD.TTF', 'LBRITE.TTF', 'LBRITED.TTF', 'LBRITEDI.TTF', 'LBRITEI.TTF', 'LCALLIG.TTF', 'LeelaUIb.ttf', 'LeelawUI.ttf', 'LeelUIsl.ttf', 'LFAX.TTF', 'LFAXD.TTF', 'LFAXDI.TTF', 'LFAXI.TTF', 'LHANDW.TTF', 'LSANS.TTF', 'LSANSD.TTF', 'LSANSDI.TTF', 'LSANSI.TTF', 'LTYPE.TTF', 'LTYPEB.TTF', 'LTYPEBO.TTF', 'LTYPEO.TTF', 'lucon.ttf', 'l_10646.ttf', 'MAGNETOB.TTF', 'MAIAN.TTF', 'malgun.ttf', 'malgunbd.ttf', 'malgunsl.ttf', 'marlett.ttf', 'MATURASC.TTF', 'micross.ttf', 'mingliub.ttc', 'MISTRAL.TTF', 'mmrtext.ttf', 'mmrtextb.ttf', 'MOD20.TTF', 'modern.fon', 'monbaiti.ttf', 'msgothic.ttc', 'msjh.ttc', 'msjhbd.ttc', 'msjhl.ttc', 'msyh.ttc', 'msyhbd.ttc', 'msyhl.ttc', 'msyi.ttf', 'MTCORSVA.TTF', 'MTEXTRA.TTF', 'mvboli.ttf', 'NIAGENG.TTF', 'NIAGSOL.TTF', 'Nirmala.ttf', 'NirmalaB.ttf', 'NirmalaS.ttf', 'ntailu.ttf', 'ntailub.ttf', 'NumberOnly.ttf', 'OCRAEXT.TTF', 'OLDENGL.TTF', 'ONYX.TTF', 'OUTLOOK.TTF', 'pala.ttf', 'palab.ttf', 'palabi.ttf', 'palai.ttf', 'PALSCRI.TTF', 'PAPYRUS.TTF', 'PARCHM.TTF', 'PERBI___.TTF', 'PERB____.TTF', 'PERI____.TTF', 'PERTIBD.TTF', 'PERTILI.TTF', 'PER_____.TTF', 'phagspa.ttf', 'phagspab.ttf', 'PLAYBILL.TTF', 'POORICH.TTF', 'PRISTINA.TTF', 'RAGE.TTF', 'RAVIE.TTF', 'REFSAN.TTF', 'REFSPCL.TTF', 'ROCCB___.TTF', 'ROCC____.TTF', 'ROCK.TTF', 'ROCKB.TTF', 'ROCKBI.TTF', 'ROCKEB.TTF', 'ROCKI.TTF', 'roman.fon', 's8514fix.fon', 's8514oem.fon', 's8514sys.fon', 'SCHLBKB.TTF', 'SCHLBKBI.TTF', 'SCHLBKI.TTF', 'script.fon', 'SCRIPTBL.TTF', 'segmdl2.ttf', 'SegoeIcons.ttf', 'segoepr.ttf', 'segoeprb.ttf', 'segoesc.ttf', 'segoescb.ttf', 'segoeui.ttf', 'segoeuib.ttf', 'segoeuii.ttf', 'segoeuil.ttf', 'segoeuisl.ttf', 'segoeuiz.ttf', 'seguibl.ttf', 'seguibli.ttf', 'seguiemj.ttf', 'seguihis.ttf', 'seguili.ttf', 'seguisb.ttf', 'seguisbi.ttf', 'seguisli.ttf', 'seguisym.ttf', 'SegUIVar.ttf', 'sere1255.fon', 'sere1256.fon', 'sere1257.fon', 'serf1255.fon', 'serf1256.fon', 'serf1257.fon', 'serife.fon', 'serifee.fon', 'serifeg.fon', 'serifer.fon', 'serifet.fon', 'seriff.fon', 'seriffe.fon', 'seriffg.fon', 'seriffr.fon', 'serifft.fon', 'SHOWG.TTF', 'simfang.ttf', 'simhei.ttf', 'simkai.ttf', 'SIMLI.TTF', 'simsun.ttc', 'simsunb.ttf', 'SIMYOU.TTF', 'SitkaVF-Italic.ttf', 'SitkaVF.ttf', 'smae1255.fon', 'smae1256.fon', 'smae1257.fon', 'smaf1255.fon', 'smaf1256.fon', 'smaf1257.fon', 'smalle.fon', 'smallee.fon', 'smalleg.fon', 'smaller.fon', 'smallet.fon', 'smallf.fon', 'smallfe.fon', 'smallfg.fon', 'smallfr.fon', 'smallft.fon', 'SNAP____.TTF', 'ssee1255.fon', 'ssee1256.fon', 'ssee1257.fon', 'ssee874.fon', 'ssef1255.fon', 'ssef1256.fon', 'ssef1257.fon', 'ssef874.fon', 'sserife.fon', 'sserifee.fon', 'sserifeg.fon', 'sserifer.fon', 'sserifet.fon', 'sseriff.fon', 'sseriffe.fon', 'sseriffg.fon', 'sseriffr.fon', 'sserifft.fon', 'StaticCache.dat', 'STCAIYUN.TTF', 'STENCIL.TTF', 'STFANGSO.TTF', 'STHUPO.TTF', 'STKAITI.TTF', 'STLITI.TTF', 'STSONG.TTF', 'STXIHEI.TTF', 'STXINGKA.TTF', 'STXINWEI.TTF', 'STZHONGS.TTF', 'svgafix.fon', 'svgasys.fon', 'sylfaen.ttf', 'symbol.ttf', 'tahoma.ttf', 'tahomabd.ttf', 'taile.ttf', 'taileb.ttf', 'TCBI____.TTF', 'TCB_____.TTF', 'TCCB____.TTF', 'TCCEB.TTF', 'TCCM____.TTF', 'TCMI____.TTF', 'TCM_____.TTF', 'TEMPSITC.TTF', 'times.ttf', 'timesbd.ttf', 'timesbi.ttf', 'timesi.ttf', 'trebuc.ttf', 'trebucbd.ttf', 'trebucbi.ttf', 'trebucit.ttf', 'verdana.ttf', 'verdanab.ttf', 'verdanai.ttf', 'verdanaz.ttf', 'vga737.fon', 'vga775.fon', 'vga850.fon', 'vga852.fon', 'vga855.fon', 'vga857.fon', 'vga860.fon', 'vga861.fon', 'vga863.fon', 'vga865.fon', 'vga866.fon', 'vga869.fon', 'vga932.fon', 'vga936.fon', 'vga949.fon', 'vga950.fon', 'vgaf1255.fon', 'vgaf1256.fon', 'vgaf1257.fon', 'vgaf874.fon', 'vgafix.fon', 'vgafixe.fon', 'vgafixg.fon', 'vgafixr.fon', 'vgafixt.fon', 'vgaoem.fon', 'vgas1255.fon', 'vgas1256.fon', 'vgas1257.fon', 'vgas874.fon', 'vgasys.fon', 'vgasyse.fon', 'vgasysg.fon', 'vgasysr.fon', 'vgasyst.fon', 'VINERITC.TTF', 'VIVALDII.TTF', 'VLADIMIR.TTF', 'webdings.ttf', 'wingding.ttf', 'WINGDNG2.TTF', 'WINGDNG3.TTF', 'YuGothB.ttc', 'YuGothL.ttc', 'YuGothM.ttc', 'YuGothR.ttc', '\u534e\u5eb7\u65b9\u5706\u4f53W7.TTC', '\u65b9\u6b63\u7c97\u9ed1\u5b8b\u7b80\u4f53.ttf']
2023-09-27 15:05:06,083 - INFO - all fonts installed:['8514fix.fon', '8514fixe.fon', '8514fixg.fon', '8514fixr.fon', '8514fixt.fon', '8514oem.fon', '8514oeme.fon', '8514oemg.fon', '8514oemr.fon', '8514oemt.fon', '8514sys.fon', '8514syse.fon', '8514sysg.fon', '8514sysr.fon', '8514syst.fon', '85775.fon', '85855.fon', '85f1255.fon', '85f1256.fon', '85f1257.fon', '85f874.fon', '85s1255.fon', '85s1256.fon', '85s1257.fon', '85s874.fon', 'AGENCYB.TTF', 'AGENCYR.TTF', 'ALGER.TTF', 'ANTQUAB.TTF', 'ANTQUABI.TTF', 'ANTQUAI.TTF', 'app775.fon', 'app850.fon', 'app852.fon', 'app855.fon', 'app857.fon', 'app866.fon', 'app932.fon', 'app936.fon', 'app949.fon', 'app950.fon', 'arial.ttf', 'arialbd.ttf', 'arialbi.ttf', 'ariali.ttf', 'ARIALN.TTF', 'ARIALNB.TTF', 'ARIALNBI.TTF', 'ARIALNI.TTF', 'ariblk.ttf', 'ARLRDBD.TTF', 'AxureHandwriting-Bold.otf', 'AxureHandwriting-BoldItalic.otf', 'AxureHandwriting-Italic.otf', 'AxureHandwriting.otf', 'bahnschrift.ttf', 'BASKVILL.TTF', 'BAUHS93.TTF', 'BELL.TTF', 'BELLB.TTF', 'BELLI.TTF', 'BERNHC.TTF', 'BKANT.TTF', 'BOD_B.TTF', 'BOD_BI.TTF', 'BOD_BLAI.TTF', 'BOD_BLAR.TTF', 'BOD_CB.TTF', 'BOD_CBI.TTF', 'BOD_CI.TTF', 'BOD_CR.TTF', 'BOD_I.TTF', 'BOD_PSTC.TTF', 'BOD_R.TTF', 'BOOKOS.TTF', 'BOOKOSB.TTF', 'BOOKOSBI.TTF', 'BOOKOSI.TTF', 'BRADHITC.TTF', 'BRITANIC.TTF', 'BRLNSB.TTF', 'BRLNSDB.TTF', 'BRLNSR.TTF', 'BROADW.TTF', 'BRUSHSCI.TTF', 'BSSYM7.TTF', 'c8514fix.fon', 'c8514oem.fon', 'c8514sys.fon', 'calibri.ttf', 'calibrib.ttf', 'calibrii.ttf', 'calibril.ttf', 'calibrili.ttf', 'calibriz.ttf', 'CALIFB.TTF', 'CALIFI.TTF', 'CALIFR.TTF', 'CALIST.TTF', 'CALISTB.TTF', 'CALISTBI.TTF', 'CALISTI.TTF', 'cambria.ttc', 'cambriab.ttf', 'cambriai.ttf', 'cambriaz.ttf', 'Candara.ttf', 'Candarab.ttf', 'Candarai.ttf', 'Candaral.ttf', 'Candarali.ttf', 'Candaraz.ttf', 'CascadiaCode.ttf', 'CascadiaMono.ttf', 'CASTELAR.TTF', 'CENSCBK.TTF', 'CENTAUR.TTF', 'CENTURY.TTF', 'cga40737.fon', 'cga40850.fon', 'cga40852.fon', 'cga40857.fon', 'cga40866.fon', 'cga40869.fon', 'cga40woa.fon', 'cga80737.fon', 'cga80850.fon', 'cga80852.fon', 'cga80857.fon', 'cga80866.fon', 'cga80869.fon', 'cga80woa.fon', 'CHILLER.TTF', 'COLONNA.TTF', 'comic.ttf', 'comicbd.ttf', 'comici.ttf', 'comicz.ttf', 'consola.ttf', 'consolab.ttf', 'consolai.ttf', 'consolaz.ttf', 'constan.ttf', 'constanb.ttf', 'constani.ttf', 'constanz.ttf', 'COOPBL.TTF', 'COPRGTB.TTF', 'COPRGTL.TTF', 'corbel.ttf', 'corbelb.ttf', 'corbeli.ttf', 'corbell.ttf', 'corbelli.ttf', 'corbelz.ttf', 'coue1255.fon', 'coue1256.fon', 'coue1257.fon', 'couf1255.fon', 'couf1256.fon', 'couf1257.fon', 'cour.ttf', 'courbd.ttf', 'courbi.ttf', 'coure.fon', 'couree.fon', 'coureg.fon', 'courer.fon', 'couret.fon', 'courf.fon', 'courfe.fon', 'courfg.fon', 'courfr.fon', 'courft.fon', 'couri.ttf', 'CURLZ___.TTF', 'cvgafix.fon', 'cvgasys.fon', 'Deng.ttf', 'Dengb.ttf', 'Dengl.ttf', 'desktop.ini', 'dos737.fon', 'dos869.fon', 'dosapp.fon', 'DUBAI-BOLD.TTF', 'DUBAI-LIGHT.TTF', 'DUBAI-MEDIUM.TTF', 'DUBAI-REGULAR.TTF', 'ebrima.ttf', 'ebrimabd.ttf', 'ega40737.fon', 'ega40850.fon', 'ega40852.fon', 'ega40857.fon', 'ega40866.fon', 'ega40869.fon', 'ega40woa.fon', 'ega80737.fon', 'ega80850.fon', 'ega80852.fon', 'ega80857.fon', 'ega80866.fon', 'ega80869.fon', 'ega80woa.fon', 'ELEPHNT.TTF', 'ELEPHNTI.TTF', 'ENGR.TTF', 'ERASBD.TTF', 'ERASDEMI.TTF', 'ERASLGHT.TTF', 'ERASMD.TTF', 'FELIXTI.TTF', 'fms_metadata.xml', 'FORTE.TTF', 'FRABK.TTF', 'FRABKIT.TTF', 'FRADM.TTF', 'FRADMCN.TTF', 'FRADMIT.TTF', 'FRAHV.TTF', 'FRAHVIT.TTF', 'framd.ttf', 'FRAMDCN.TTF', 'framdit.ttf', 'FREESCPT.TTF', 'FRSCRIPT.TTF', 'FTLTLT.TTF', 'FZSTK.TTF', 'FZYTK.TTF', 'Gabriola.ttf', 'gadugi.ttf', 'gadugib.ttf', 'GARA.TTF', 'GARABD.TTF', 'GARAIT.TTF', 'georgia.ttf', 'georgiab.ttf', 'georgiai.ttf', 'georgiaz.ttf', 'GIGI.TTF', 'GILBI___.TTF', 'GILB____.TTF', 'GILC____.TTF', 'GILI____.TTF', 'GILLUBCD.TTF', 'GILSANUB.TTF', 'GIL_____.TTF', 'GLECB.TTF', 'GlobalMonospace.CompositeFont', 'GlobalSansSerif.CompositeFont', 'GlobalSerif.CompositeFont', 'GlobalUserInterface.CompositeFont', 'GLSNECB.TTF', 'GOTHIC.TTF', 'GOTHICB.TTF', 'GOTHICBI.TTF', 'GOTHICI.TTF', 'GOUDOS.TTF', 'GOUDOSB.TTF', 'GOUDOSI.TTF', 'GOUDYSTO.TTF', 'h8514fix.fon', 'h8514oem.fon', 'h8514sys.fon', 'HARLOWSI.TTF', 'HARNGTON.TTF', 'HATTEN.TTF', 'HGB1X_CNKI.ttf', 'HGB1_CNKI.ttf', 'HGB2X_CNKI.ttf', 'HGB2_CNKI.ttf', 'HGB3X_CNKI.ttf', 'HGB3_CNKI.ttf', 'HGB4X_CNKI.ttf', 'HGB4_CNKI.ttf', 'HGB5X_CNKI.ttf', 'HGB5_CNKI.ttf', 'HGB6X_CNKI.ttf', 'HGB6_CNKI.ttf', 'HGB7X_CNKI.ttf', 'HGB7_CNKI.ttf', 'HGB8X_CNKI.ttf', 'HGB8_CNKI.ttf', 'HGBD_CNKI.ttf', 'HGBKBX_CNKI.ttf', 'HGBKB_CNKI.ttf', 'HGBKHX_CNKI.ttf', 'HGBKH_CNKI.ttf', 'HGBS1_CNKI.TTF', 'HGBS2_CNKI.TTF', 'HGBS_CNKI.TTF', 'HGBTH_CNKI.TTF', 'HGBTS_CNKI.TTF', 'HGBX_CNKI.ttf', 'HGBZ_CNKI.ttf', 'HGCH_CNKI.TTF', 'HGCUH_CNKI.TTF', 'HGCY_CNKI.TTF', 'HGDBS_CNKI.TTF', 'HGDGY_CNKI.TTF', 'HGDH2_CNKI.TTF', 'HGDH_CNKI.TTF', 'HGDYS_CNKI.TTF', 'HGDY_CNKI.ttf', 'HGF1X_CNKI.ttf', 'HGF1_CNKI.ttf', 'HGF2X_CNKI.ttf', 'HGF2_CNKI.ttf', 'HGF3_CNKI.ttf', 'HGF4X_CNKI.ttf', 'HGF4_CNKI.ttf', 'HGF5X_CNKI.ttf', 'HGF5_CNKI.ttf', 'HGF6X_CNKI.ttf', 'HGF6_CNKI.ttf', 'HGF7X_CNKI.ttf', 'HGF7_CNKI.ttf', 'HGF8_CNKI.ttf', 'HGF9X_CNKI.ttf', 'HGF9_CNKI.ttf', 'HGFS1_CNKI.TTF', 'HGFS2_CNKI.TTF', 'HGFSH_CNKI.TTF', 'HGFS_CNKI.TTF', 'HGFX_CNKI.ttf', 'HGFZ_CNKI.ttf', 'HGGG_CNKI.TTF', 'HGH1X_CNKI.ttf', 'HGH1_CNKI.ttf', 'HGH2X_CNKI.ttf', 'HGH2_CNKI.ttf', 'HGH3X_CNKI.ttf', 'HGH3_CNKI.ttf', 'HGH4X_CNKI.ttf', 'HGH4_CNKI.ttf', 'HGH5X_CNKI.ttf', 'HGH5_CNKI.ttf', 'HGH6X_CNKI.ttf', 'HGH6_CNKI.ttf', 'HGH7X_CNKI.ttf', 'HGH7_CNKI.ttf', 'HGHB_CNKI.TTF', 'HGHD_CNKI.ttf', 'HGHP_CNKI.TTF', 'HGHT1_CNKI.ttf', 'HGHT2_CNKI.ttf', 'HGHUATI_CNKI.ttf', 'HGHX_CNKI.ttf', 'HGHZ_CNKI.ttf', 'HGH_CNKI.TTF', 'HGKT1_CNKI.TTF', 'HGKT2_CNKI.TTF', 'HGKT_CNKI.TTF', 'HGKY_CNKI.ttf', 'HGLB_CNKI.TTF', 'HGLS_CNKI.TTF', 'HGMH_CNKI.TTF', 'HGNBS_CNKI.ttf', 'HGOCR_CNKI.ttf', 'HGPH_CNKI.TTF', 'HGPTY_CNKI.TTF', 'HGSS1_CNKI.TTF', 'HGSS2_CNKI.TTF', 'HGSS_CNKI.TTF', 'HGSXT_CNKI.ttf', 'HGTT_CNKI.ttf', 'HGTX_CNKI.TTF', 'HGWT_CNKI.TTF', 'HGWYS_CNKI.TTF', 'HGX1X_CNKI.ttf', 'HGX1_CNKI.ttf', 'HGXBS_CNKI.TTF', 'HGXC_CNKI.TTF', 'HGXF1_CNKI.ttf', 'HGXFX_CNKI.ttf', 'HGXFZ_CNKI.ttf', 'HGXH1_CNKI.TTF', 'HGXH_CNKI.TTF', 'HGXK_CNKI.TTF', 'HGXL_CNKI.TTF', 'HGXS_CNKI.TTF', 'HGXT_CNKI.ttf', 'HGXY_CNKI.ttf', 'HGY1_CNKI.TTF', 'HGY2_CNKI.TTF', 'HGY3_CNKI.TTF', 'HGY4_CNKI.TTF', 'HGYB_CNKI.ttf', 'HGYT1_CNKI.ttf', 'HGYT2_CNKI.ttf', 'HGYT_CNKI.TTF', 'HGYX_CNKI.TTF', 'HGZCS_CNKI.TTF', 'HGZDX_CNKI.TTF', 'HGZK_CNKI.TTF', 'HGZYT_CNKI.TTF', 'HGZY_CNKI.TTF', 'himalaya.ttf', 'holomdl2.ttf', 'HTOWERT.TTF', 'HTOWERTI.TTF', 'hvgafix.fon', 'hvgasys.fon', 'impact.ttf', 'IMPRISHA.TTF', 'INFROMAN.TTF', 'Inkfree.ttf', 'iqiyi_logov7.ttf', 'ITCBLKAD.TTF', 'ITCEDSCR.TTF', 'ITCKRIST.TTF', 'j8514fix.fon', 'j8514oem.fon', 'j8514sys.fon', 'javatext.ttf', 'JOKERMAN.TTF', 'jsmalle.fon', 'jsmallf.fon', 'JUICE___.TTF', 'jvgafix.fon', 'jvgasys.fon', 'KUNSTLER.TTF', 'LATINWD.TTF', 'LBRITE.TTF', 'LBRITED.TTF', 'LBRITEDI.TTF', 'LBRITEI.TTF', 'LCALLIG.TTF', 'LeelaUIb.ttf', 'LeelawUI.ttf', 'LeelUIsl.ttf', 'LFAX.TTF', 'LFAXD.TTF', 'LFAXDI.TTF', 'LFAXI.TTF', 'LHANDW.TTF', 'LSANS.TTF', 'LSANSD.TTF', 'LSANSDI.TTF', 'LSANSI.TTF', 'LTYPE.TTF', 'LTYPEB.TTF', 'LTYPEBO.TTF', 'LTYPEO.TTF', 'lucon.ttf', 'l_10646.ttf', 'MAGNETOB.TTF', 'MAIAN.TTF', 'malgun.ttf', 'malgunbd.ttf', 'malgunsl.ttf', 'marlett.ttf', 'MATURASC.TTF', 'micross.ttf', 'mingliub.ttc', 'MISTRAL.TTF', 'mmrtext.ttf', 'mmrtextb.ttf', 'MOD20.TTF', 'modern.fon', 'monbaiti.ttf', 'msgothic.ttc', 'msjh.ttc', 'msjhbd.ttc', 'msjhl.ttc', 'msyh.ttc', 'msyhbd.ttc', 'msyhl.ttc', 'msyi.ttf', 'MTCORSVA.TTF', 'MTEXTRA.TTF', 'mvboli.ttf', 'NIAGENG.TTF', 'NIAGSOL.TTF', 'Nirmala.ttf', 'NirmalaB.ttf', 'NirmalaS.ttf', 'ntailu.ttf', 'ntailub.ttf', 'NumberOnly.ttf', 'OCRAEXT.TTF', 'OLDENGL.TTF', 'ONYX.TTF', 'OUTLOOK.TTF', 'pala.ttf', 'palab.ttf', 'palabi.ttf', 'palai.ttf', 'PALSCRI.TTF', 'PAPYRUS.TTF', 'PARCHM.TTF', 'PERBI___.TTF', 'PERB____.TTF', 'PERI____.TTF', 'PERTIBD.TTF', 'PERTILI.TTF', 'PER_____.TTF', 'phagspa.ttf', 'phagspab.ttf', 'PLAYBILL.TTF', 'POORICH.TTF', 'PRISTINA.TTF', 'RAGE.TTF', 'RAVIE.TTF', 'REFSAN.TTF', 'REFSPCL.TTF', 'ROCCB___.TTF', 'ROCC____.TTF', 'ROCK.TTF', 'ROCKB.TTF', 'ROCKBI.TTF', 'ROCKEB.TTF', 'ROCKI.TTF', 'roman.fon', 's8514fix.fon', 's8514oem.fon', 's8514sys.fon', 'SCHLBKB.TTF', 'SCHLBKBI.TTF', 'SCHLBKI.TTF', 'script.fon', 'SCRIPTBL.TTF', 'segmdl2.ttf', 'SegoeIcons.ttf', 'segoepr.ttf', 'segoeprb.ttf', 'segoesc.ttf', 'segoescb.ttf', 'segoeui.ttf', 'segoeuib.ttf', 'segoeuii.ttf', 'segoeuil.ttf', 'segoeuisl.ttf', 'segoeuiz.ttf', 'seguibl.ttf', 'seguibli.ttf', 'seguiemj.ttf', 'seguihis.ttf', 'seguili.ttf', 'seguisb.ttf', 'seguisbi.ttf', 'seguisli.ttf', 'seguisym.ttf', 'SegUIVar.ttf', 'sere1255.fon', 'sere1256.fon', 'sere1257.fon', 'serf1255.fon', 'serf1256.fon', 'serf1257.fon', 'serife.fon', 'serifee.fon', 'serifeg.fon', 'serifer.fon', 'serifet.fon', 'seriff.fon', 'seriffe.fon', 'seriffg.fon', 'seriffr.fon', 'serifft.fon', 'SHOWG.TTF', 'simfang.ttf', 'simhei.ttf', 'simkai.ttf', 'SIMLI.TTF', 'simsun.ttc', 'simsunb.ttf', 'SIMYOU.TTF', 'SitkaVF-Italic.ttf', 'SitkaVF.ttf', 'smae1255.fon', 'smae1256.fon', 'smae1257.fon', 'smaf1255.fon', 'smaf1256.fon', 'smaf1257.fon', 'smalle.fon', 'smallee.fon', 'smalleg.fon', 'smaller.fon', 'smallet.fon', 'smallf.fon', 'smallfe.fon', 'smallfg.fon', 'smallfr.fon', 'smallft.fon', 'SNAP____.TTF', 'ssee1255.fon', 'ssee1256.fon', 'ssee1257.fon', 'ssee874.fon', 'ssef1255.fon', 'ssef1256.fon', 'ssef1257.fon', 'ssef874.fon', 'sserife.fon', 'sserifee.fon', 'sserifeg.fon', 'sserifer.fon', 'sserifet.fon', 'sseriff.fon', 'sseriffe.fon', 'sseriffg.fon', 'sseriffr.fon', 'sserifft.fon', 'StaticCache.dat', 'STCAIYUN.TTF', 'STENCIL.TTF', 'STFANGSO.TTF', 'STHUPO.TTF', 'STKAITI.TTF', 'STLITI.TTF', 'STSONG.TTF', 'STXIHEI.TTF', 'STXINGKA.TTF', 'STXINWEI.TTF', 'STZHONGS.TTF', 'svgafix.fon', 'svgasys.fon', 'sylfaen.ttf', 'symbol.ttf', 'tahoma.ttf', 'tahomabd.ttf', 'taile.ttf', 'taileb.ttf', 'TCBI____.TTF', 'TCB_____.TTF', 'TCCB____.TTF', 'TCCEB.TTF', 'TCCM____.TTF', 'TCMI____.TTF', 'TCM_____.TTF', 'TEMPSITC.TTF', 'times.ttf', 'timesbd.ttf', 'timesbi.ttf', 'timesi.ttf', 'trebuc.ttf', 'trebucbd.ttf', 'trebucbi.ttf', 'trebucit.ttf', 'verdana.ttf', 'verdanab.ttf', 'verdanai.ttf', 'verdanaz.ttf', 'vga737.fon', 'vga775.fon', 'vga850.fon', 'vga852.fon', 'vga855.fon', 'vga857.fon', 'vga860.fon', 'vga861.fon', 'vga863.fon', 'vga865.fon', 'vga866.fon', 'vga869.fon', 'vga932.fon', 'vga936.fon', 'vga949.fon', 'vga950.fon', 'vgaf1255.fon', 'vgaf1256.fon', 'vgaf1257.fon', 'vgaf874.fon', 'vgafix.fon', 'vgafixe.fon', 'vgafixg.fon', 'vgafixr.fon', 'vgafixt.fon', 'vgaoem.fon', 'vgas1255.fon', 'vgas1256.fon', 'vgas1257.fon', 'vgas874.fon', 'vgasys.fon', 'vgasyse.fon', 'vgasysg.fon', 'vgasysr.fon', 'vgasyst.fon', 'VINERITC.TTF', 'VIVALDII.TTF', 'VLADIMIR.TTF', 'webdings.ttf', 'wingding.ttf', 'WINGDNG2.TTF', 'WINGDNG3.TTF', 'YuGothB.ttc', 'YuGothL.ttc', 'YuGothM.ttc', 'YuGothR.ttc', '\u534e\u5eb7\u65b9\u5706\u4f53W7.TTC', '\u65b9\u6b63\u7c97\u9ed1\u5b8b\u7b80\u4f53.ttf']
2023-09-27 15:08:26,279 - DEBUG - Installation path is:D:\Download\audio-visual\saas\tiktoka\tiktoka-studio-uploader-genius
2023-09-27 15:08:26,279 - INFO - TiktokaStudio GUI started
2023-09-27 15:08:26,341 - DEBUG - Installation path is:D:\Download\audio-visual\saas\tiktoka\tiktoka-studio-uploader-genius
2023-09-27 15:08:26,341 - INFO - TiktokaStudio GUI started
2023-09-27 15:08:44,073 - INFO - detecting----------False
2023-09-27 15:08:44,073 - INFO - create cached data for this folder:
D:/Download/audio-visual/saas/tiktoka/tiktoka-studio-uploader-genius/tests/videos/horizon
2023-09-27 15:08:44,080 - INFO - start to check thumbFilePaths for video: OP
2023-09-27 15:08:44,081 - INFO - update to OP meta json
2023-09-27 15:08:44,083 - INFO - start to check desFilePaths for video: OP
2023-09-27 15:08:44,084 - INFO - update to OP meta json
2023-09-27 15:08:44,085 - INFO - start to check metaFilePaths for video: OP
2023-09-27 15:08:44,085 - INFO - this  metaFilePaths exist:
 D:/Download/audio-visual/saas/tiktoka/tiktoka-studio-uploader-genius/tests/videos/horizon\OP.json
2023-09-27 15:08:44,086 - INFO - intial metaFilePaths for OP:

2023-09-27 15:08:44,088 - INFO - update to OP meta json
2023-09-27 15:08:44,737 - INFO - detecting----------True
2023-09-27 15:08:44,738 - INFO - we cached 648925000 seconds before for  this folder D:/Download/audio-visual/saas/tiktoka/tiktoka-studio-uploader-genius/tests/videos/horizon
2023-09-27 15:08:44,738 - INFO - we found same filename diff ext video:OP,please rename or remove
2023-09-27 15:09:15,369 - INFO - start to load thumbnail gen setting json from::D:/Download/audio-visual/saas/tiktoka/tiktoka-studio-uploader-genius/tests/videos/horizon/template (9).json
2023-09-27 15:09:15,369 - INFO - start to validate template
2023-09-27 15:09:15,373 - INFO - validate thumbnail gen template passed
2023-09-27 15:09:15,374 - INFO - start to validate metadata for thumbgen setting
2023-09-27 15:09:15,386 - INFO - start to check ['heading', 'subheading', 'extraheading'] defined in template
2023-09-27 15:09:15,387 - INFO - heading value is \u6c34\u6c34\u6c34\u6c34\u6c34\u6c34\u6c34\u6c34\u8428\u5927\u58f0\u7684 in entry 1.
2023-09-27 15:09:15,387 - INFO - subheading value is \u60fa\u60fa\u60dc\u60fa\u60fa\u60fa\u60fa\u76f8\u60dc\u7b11\u563b\u563b\u7b11\u563b\u563b in entry 1.
2023-09-27 15:09:15,387 - ERROR - extraheading value is empty in entry 1.
2023-09-27 15:09:15,388 - ERROR - validate metadata for thumbgen setting failed
2023-09-27 15:09:15,388 - INFO - start to validate bg folder
2023-09-27 15:09:15,388 - INFO - bg folder image list :['D:/Download/audio-visual/saas/tiktoka/tiktoka-studio-uploader-genius/assets/bgs/1920x1080\\bg1.jpg', 'D:/Download/audio-visual/saas/tiktoka/tiktoka-studio-uploader-genius/assets/bgs/1920x1080\\bg2.jpg']
2023-09-27 15:09:15,389 - INFO - Random assign bg:D:/Download/audio-visual/saas/tiktoka/tiktoka-studio-uploader-genius/assets/bgs/1920x1080\bg2.jpg to  video:OP
2023-09-27 15:09:15,389 - INFO - validate bg folder passed
2023-09-27 15:09:15,431 - INFO - all fonts installed:['8514fix.fon', '8514fixe.fon', '8514fixg.fon', '8514fixr.fon', '8514fixt.fon', '8514oem.fon', '8514oeme.fon', '8514oemg.fon', '8514oemr.fon', '8514oemt.fon', '8514sys.fon', '8514syse.fon', '8514sysg.fon', '8514sysr.fon', '8514syst.fon', '85775.fon', '85855.fon', '85f1255.fon', '85f1256.fon', '85f1257.fon', '85f874.fon', '85s1255.fon', '85s1256.fon', '85s1257.fon', '85s874.fon', 'AGENCYB.TTF', 'AGENCYR.TTF', 'ALGER.TTF', 'ANTQUAB.TTF', 'ANTQUABI.TTF', 'ANTQUAI.TTF', 'app775.fon', 'app850.fon', 'app852.fon', 'app855.fon', 'app857.fon', 'app866.fon', 'app932.fon', 'app936.fon', 'app949.fon', 'app950.fon', 'arial.ttf', 'arialbd.ttf', 'arialbi.ttf', 'ariali.ttf', 'ARIALN.TTF', 'ARIALNB.TTF', 'ARIALNBI.TTF', 'ARIALNI.TTF', 'ariblk.ttf', 'ARLRDBD.TTF', 'AxureHandwriting-Bold.otf', 'AxureHandwriting-BoldItalic.otf', 'AxureHandwriting-Italic.otf', 'AxureHandwriting.otf', 'bahnschrift.ttf', 'BASKVILL.TTF', 'BAUHS93.TTF', 'BELL.TTF', 'BELLB.TTF', 'BELLI.TTF', 'BERNHC.TTF', 'BKANT.TTF', 'BOD_B.TTF', 'BOD_BI.TTF', 'BOD_BLAI.TTF', 'BOD_BLAR.TTF', 'BOD_CB.TTF', 'BOD_CBI.TTF', 'BOD_CI.TTF', 'BOD_CR.TTF', 'BOD_I.TTF', 'BOD_PSTC.TTF', 'BOD_R.TTF', 'BOOKOS.TTF', 'BOOKOSB.TTF', 'BOOKOSBI.TTF', 'BOOKOSI.TTF', 'BRADHITC.TTF', 'BRITANIC.TTF', 'BRLNSB.TTF', 'BRLNSDB.TTF', 'BRLNSR.TTF', 'BROADW.TTF', 'BRUSHSCI.TTF', 'BSSYM7.TTF', 'c8514fix.fon', 'c8514oem.fon', 'c8514sys.fon', 'calibri.ttf', 'calibrib.ttf', 'calibrii.ttf', 'calibril.ttf', 'calibrili.ttf', 'calibriz.ttf', 'CALIFB.TTF', 'CALIFI.TTF', 'CALIFR.TTF', 'CALIST.TTF', 'CALISTB.TTF', 'CALISTBI.TTF', 'CALISTI.TTF', 'cambria.ttc', 'cambriab.ttf', 'cambriai.ttf', 'cambriaz.ttf', 'Candara.ttf', 'Candarab.ttf', 'Candarai.ttf', 'Candaral.ttf', 'Candarali.ttf', 'Candaraz.ttf', 'CascadiaCode.ttf', 'CascadiaMono.ttf', 'CASTELAR.TTF', 'CENSCBK.TTF', 'CENTAUR.TTF', 'CENTURY.TTF', 'cga40737.fon', 'cga40850.fon', 'cga40852.fon', 'cga40857.fon', 'cga40866.fon', 'cga40869.fon', 'cga40woa.fon', 'cga80737.fon', 'cga80850.fon', 'cga80852.fon', 'cga80857.fon', 'cga80866.fon', 'cga80869.fon', 'cga80woa.fon', 'CHILLER.TTF', 'COLONNA.TTF', 'comic.ttf', 'comicbd.ttf', 'comici.ttf', 'comicz.ttf', 'consola.ttf', 'consolab.ttf', 'consolai.ttf', 'consolaz.ttf', 'constan.ttf', 'constanb.ttf', 'constani.ttf', 'constanz.ttf', 'COOPBL.TTF', 'COPRGTB.TTF', 'COPRGTL.TTF', 'corbel.ttf', 'corbelb.ttf', 'corbeli.ttf', 'corbell.ttf', 'corbelli.ttf', 'corbelz.ttf', 'coue1255.fon', 'coue1256.fon', 'coue1257.fon', 'couf1255.fon', 'couf1256.fon', 'couf1257.fon', 'cour.ttf', 'courbd.ttf', 'courbi.ttf', 'coure.fon', 'couree.fon', 'coureg.fon', 'courer.fon', 'couret.fon', 'courf.fon', 'courfe.fon', 'courfg.fon', 'courfr.fon', 'courft.fon', 'couri.ttf', 'CURLZ___.TTF', 'cvgafix.fon', 'cvgasys.fon', 'Deng.ttf', 'Dengb.ttf', 'Dengl.ttf', 'desktop.ini', 'dos737.fon', 'dos869.fon', 'dosapp.fon', 'DUBAI-BOLD.TTF', 'DUBAI-LIGHT.TTF', 'DUBAI-MEDIUM.TTF', 'DUBAI-REGULAR.TTF', 'ebrima.ttf', 'ebrimabd.ttf', 'ega40737.fon', 'ega40850.fon', 'ega40852.fon', 'ega40857.fon', 'ega40866.fon', 'ega40869.fon', 'ega40woa.fon', 'ega80737.fon', 'ega80850.fon', 'ega80852.fon', 'ega80857.fon', 'ega80866.fon', 'ega80869.fon', 'ega80woa.fon', 'ELEPHNT.TTF', 'ELEPHNTI.TTF', 'ENGR.TTF', 'ERASBD.TTF', 'ERASDEMI.TTF', 'ERASLGHT.TTF', 'ERASMD.TTF', 'FELIXTI.TTF', 'fms_metadata.xml', 'FORTE.TTF', 'FRABK.TTF', 'FRABKIT.TTF', 'FRADM.TTF', 'FRADMCN.TTF', 'FRADMIT.TTF', 'FRAHV.TTF', 'FRAHVIT.TTF', 'framd.ttf', 'FRAMDCN.TTF', 'framdit.ttf', 'FREESCPT.TTF', 'FRSCRIPT.TTF', 'FTLTLT.TTF', 'FZSTK.TTF', 'FZYTK.TTF', 'Gabriola.ttf', 'gadugi.ttf', 'gadugib.ttf', 'GARA.TTF', 'GARABD.TTF', 'GARAIT.TTF', 'georgia.ttf', 'georgiab.ttf', 'georgiai.ttf', 'georgiaz.ttf', 'GIGI.TTF', 'GILBI___.TTF', 'GILB____.TTF', 'GILC____.TTF', 'GILI____.TTF', 'GILLUBCD.TTF', 'GILSANUB.TTF', 'GIL_____.TTF', 'GLECB.TTF', 'GlobalMonospace.CompositeFont', 'GlobalSansSerif.CompositeFont', 'GlobalSerif.CompositeFont', 'GlobalUserInterface.CompositeFont', 'GLSNECB.TTF', 'GOTHIC.TTF', 'GOTHICB.TTF', 'GOTHICBI.TTF', 'GOTHICI.TTF', 'GOUDOS.TTF', 'GOUDOSB.TTF', 'GOUDOSI.TTF', 'GOUDYSTO.TTF', 'h8514fix.fon', 'h8514oem.fon', 'h8514sys.fon', 'HARLOWSI.TTF', 'HARNGTON.TTF', 'HATTEN.TTF', 'HGB1X_CNKI.ttf', 'HGB1_CNKI.ttf', 'HGB2X_CNKI.ttf', 'HGB2_CNKI.ttf', 'HGB3X_CNKI.ttf', 'HGB3_CNKI.ttf', 'HGB4X_CNKI.ttf', 'HGB4_CNKI.ttf', 'HGB5X_CNKI.ttf', 'HGB5_CNKI.ttf', 'HGB6X_CNKI.ttf', 'HGB6_CNKI.ttf', 'HGB7X_CNKI.ttf', 'HGB7_CNKI.ttf', 'HGB8X_CNKI.ttf', 'HGB8_CNKI.ttf', 'HGBD_CNKI.ttf', 'HGBKBX_CNKI.ttf', 'HGBKB_CNKI.ttf', 'HGBKHX_CNKI.ttf', 'HGBKH_CNKI.ttf', 'HGBS1_CNKI.TTF', 'HGBS2_CNKI.TTF', 'HGBS_CNKI.TTF', 'HGBTH_CNKI.TTF', 'HGBTS_CNKI.TTF', 'HGBX_CNKI.ttf', 'HGBZ_CNKI.ttf', 'HGCH_CNKI.TTF', 'HGCUH_CNKI.TTF', 'HGCY_CNKI.TTF', 'HGDBS_CNKI.TTF', 'HGDGY_CNKI.TTF', 'HGDH2_CNKI.TTF', 'HGDH_CNKI.TTF', 'HGDYS_CNKI.TTF', 'HGDY_CNKI.ttf', 'HGF1X_CNKI.ttf', 'HGF1_CNKI.ttf', 'HGF2X_CNKI.ttf', 'HGF2_CNKI.ttf', 'HGF3_CNKI.ttf', 'HGF4X_CNKI.ttf', 'HGF4_CNKI.ttf', 'HGF5X_CNKI.ttf', 'HGF5_CNKI.ttf', 'HGF6X_CNKI.ttf', 'HGF6_CNKI.ttf', 'HGF7X_CNKI.ttf', 'HGF7_CNKI.ttf', 'HGF8_CNKI.ttf', 'HGF9X_CNKI.ttf', 'HGF9_CNKI.ttf', 'HGFS1_CNKI.TTF', 'HGFS2_CNKI.TTF', 'HGFSH_CNKI.TTF', 'HGFS_CNKI.TTF', 'HGFX_CNKI.ttf', 'HGFZ_CNKI.ttf', 'HGGG_CNKI.TTF', 'HGH1X_CNKI.ttf', 'HGH1_CNKI.ttf', 'HGH2X_CNKI.ttf', 'HGH2_CNKI.ttf', 'HGH3X_CNKI.ttf', 'HGH3_CNKI.ttf', 'HGH4X_CNKI.ttf', 'HGH4_CNKI.ttf', 'HGH5X_CNKI.ttf', 'HGH5_CNKI.ttf', 'HGH6X_CNKI.ttf', 'HGH6_CNKI.ttf', 'HGH7X_CNKI.ttf', 'HGH7_CNKI.ttf', 'HGHB_CNKI.TTF', 'HGHD_CNKI.ttf', 'HGHP_CNKI.TTF', 'HGHT1_CNKI.ttf', 'HGHT2_CNKI.ttf', 'HGHUATI_CNKI.ttf', 'HGHX_CNKI.ttf', 'HGHZ_CNKI.ttf', 'HGH_CNKI.TTF', 'HGKT1_CNKI.TTF', 'HGKT2_CNKI.TTF', 'HGKT_CNKI.TTF', 'HGKY_CNKI.ttf', 'HGLB_CNKI.TTF', 'HGLS_CNKI.TTF', 'HGMH_CNKI.TTF', 'HGNBS_CNKI.ttf', 'HGOCR_CNKI.ttf', 'HGPH_CNKI.TTF', 'HGPTY_CNKI.TTF', 'HGSS1_CNKI.TTF', 'HGSS2_CNKI.TTF', 'HGSS_CNKI.TTF', 'HGSXT_CNKI.ttf', 'HGTT_CNKI.ttf', 'HGTX_CNKI.TTF', 'HGWT_CNKI.TTF', 'HGWYS_CNKI.TTF', 'HGX1X_CNKI.ttf', 'HGX1_CNKI.ttf', 'HGXBS_CNKI.TTF', 'HGXC_CNKI.TTF', 'HGXF1_CNKI.ttf', 'HGXFX_CNKI.ttf', 'HGXFZ_CNKI.ttf', 'HGXH1_CNKI.TTF', 'HGXH_CNKI.TTF', 'HGXK_CNKI.TTF', 'HGXL_CNKI.TTF', 'HGXS_CNKI.TTF', 'HGXT_CNKI.ttf', 'HGXY_CNKI.ttf', 'HGY1_CNKI.TTF', 'HGY2_CNKI.TTF', 'HGY3_CNKI.TTF', 'HGY4_CNKI.TTF', 'HGYB_CNKI.ttf', 'HGYT1_CNKI.ttf', 'HGYT2_CNKI.ttf', 'HGYT_CNKI.TTF', 'HGYX_CNKI.TTF', 'HGZCS_CNKI.TTF', 'HGZDX_CNKI.TTF', 'HGZK_CNKI.TTF', 'HGZYT_CNKI.TTF', 'HGZY_CNKI.TTF', 'himalaya.ttf', 'holomdl2.ttf', 'HTOWERT.TTF', 'HTOWERTI.TTF', 'hvgafix.fon', 'hvgasys.fon', 'impact.ttf', 'IMPRISHA.TTF', 'INFROMAN.TTF', 'Inkfree.ttf', 'iqiyi_logov7.ttf', 'ITCBLKAD.TTF', 'ITCEDSCR.TTF', 'ITCKRIST.TTF', 'j8514fix.fon', 'j8514oem.fon', 'j8514sys.fon', 'javatext.ttf', 'JOKERMAN.TTF', 'jsmalle.fon', 'jsmallf.fon', 'JUICE___.TTF', 'jvgafix.fon', 'jvgasys.fon', 'KUNSTLER.TTF', 'LATINWD.TTF', 'LBRITE.TTF', 'LBRITED.TTF', 'LBRITEDI.TTF', 'LBRITEI.TTF', 'LCALLIG.TTF', 'LeelaUIb.ttf', 'LeelawUI.ttf', 'LeelUIsl.ttf', 'LFAX.TTF', 'LFAXD.TTF', 'LFAXDI.TTF', 'LFAXI.TTF', 'LHANDW.TTF', 'LSANS.TTF', 'LSANSD.TTF', 'LSANSDI.TTF', 'LSANSI.TTF', 'LTYPE.TTF', 'LTYPEB.TTF', 'LTYPEBO.TTF', 'LTYPEO.TTF', 'lucon.ttf', 'l_10646.ttf', 'MAGNETOB.TTF', 'MAIAN.TTF', 'malgun.ttf', 'malgunbd.ttf', 'malgunsl.ttf', 'marlett.ttf', 'MATURASC.TTF', 'micross.ttf', 'mingliub.ttc', 'MISTRAL.TTF', 'mmrtext.ttf', 'mmrtextb.ttf', 'MOD20.TTF', 'modern.fon', 'monbaiti.ttf', 'msgothic.ttc', 'msjh.ttc', 'msjhbd.ttc', 'msjhl.ttc', 'msyh.ttc', 'msyhbd.ttc', 'msyhl.ttc', 'msyi.ttf', 'MTCORSVA.TTF', 'MTEXTRA.TTF', 'mvboli.ttf', 'NIAGENG.TTF', 'NIAGSOL.TTF', 'Nirmala.ttf', 'NirmalaB.ttf', 'NirmalaS.ttf', 'ntailu.ttf', 'ntailub.ttf', 'NumberOnly.ttf', 'OCRAEXT.TTF', 'OLDENGL.TTF', 'ONYX.TTF', 'OUTLOOK.TTF', 'pala.ttf', 'palab.ttf', 'palabi.ttf', 'palai.ttf', 'PALSCRI.TTF', 'PAPYRUS.TTF', 'PARCHM.TTF', 'PERBI___.TTF', 'PERB____.TTF', 'PERI____.TTF', 'PERTIBD.TTF', 'PERTILI.TTF', 'PER_____.TTF', 'phagspa.ttf', 'phagspab.ttf', 'PLAYBILL.TTF', 'POORICH.TTF', 'PRISTINA.TTF', 'RAGE.TTF', 'RAVIE.TTF', 'REFSAN.TTF', 'REFSPCL.TTF', 'ROCCB___.TTF', 'ROCC____.TTF', 'ROCK.TTF', 'ROCKB.TTF', 'ROCKBI.TTF', 'ROCKEB.TTF', 'ROCKI.TTF', 'roman.fon', 's8514fix.fon', 's8514oem.fon', 's8514sys.fon', 'SCHLBKB.TTF', 'SCHLBKBI.TTF', 'SCHLBKI.TTF', 'script.fon', 'SCRIPTBL.TTF', 'segmdl2.ttf', 'SegoeIcons.ttf', 'segoepr.ttf', 'segoeprb.ttf', 'segoesc.ttf', 'segoescb.ttf', 'segoeui.ttf', 'segoeuib.ttf', 'segoeuii.ttf', 'segoeuil.ttf', 'segoeuisl.ttf', 'segoeuiz.ttf', 'seguibl.ttf', 'seguibli.ttf', 'seguiemj.ttf', 'seguihis.ttf', 'seguili.ttf', 'seguisb.ttf', 'seguisbi.ttf', 'seguisli.ttf', 'seguisym.ttf', 'SegUIVar.ttf', 'sere1255.fon', 'sere1256.fon', 'sere1257.fon', 'serf1255.fon', 'serf1256.fon', 'serf1257.fon', 'serife.fon', 'serifee.fon', 'serifeg.fon', 'serifer.fon', 'serifet.fon', 'seriff.fon', 'seriffe.fon', 'seriffg.fon', 'seriffr.fon', 'serifft.fon', 'SHOWG.TTF', 'simfang.ttf', 'simhei.ttf', 'simkai.ttf', 'SIMLI.TTF', 'simsun.ttc', 'simsunb.ttf', 'SIMYOU.TTF', 'SitkaVF-Italic.ttf', 'SitkaVF.ttf', 'smae1255.fon', 'smae1256.fon', 'smae1257.fon', 'smaf1255.fon', 'smaf1256.fon', 'smaf1257.fon', 'smalle.fon', 'smallee.fon', 'smalleg.fon', 'smaller.fon', 'smallet.fon', 'smallf.fon', 'smallfe.fon', 'smallfg.fon', 'smallfr.fon', 'smallft.fon', 'SNAP____.TTF', 'ssee1255.fon', 'ssee1256.fon', 'ssee1257.fon', 'ssee874.fon', 'ssef1255.fon', 'ssef1256.fon', 'ssef1257.fon', 'ssef874.fon', 'sserife.fon', 'sserifee.fon', 'sserifeg.fon', 'sserifer.fon', 'sserifet.fon', 'sseriff.fon', 'sseriffe.fon', 'sseriffg.fon', 'sseriffr.fon', 'sserifft.fon', 'StaticCache.dat', 'STCAIYUN.TTF', 'STENCIL.TTF', 'STFANGSO.TTF', 'STHUPO.TTF', 'STKAITI.TTF', 'STLITI.TTF', 'STSONG.TTF', 'STXIHEI.TTF', 'STXINGKA.TTF', 'STXINWEI.TTF', 'STZHONGS.TTF', 'svgafix.fon', 'svgasys.fon', 'sylfaen.ttf', 'symbol.ttf', 'tahoma.ttf', 'tahomabd.ttf', 'taile.ttf', 'taileb.ttf', 'TCBI____.TTF', 'TCB_____.TTF', 'TCCB____.TTF', 'TCCEB.TTF', 'TCCM____.TTF', 'TCMI____.TTF', 'TCM_____.TTF', 'TEMPSITC.TTF', 'times.ttf', 'timesbd.ttf', 'timesbi.ttf', 'timesi.ttf', 'trebuc.ttf', 'trebucbd.ttf', 'trebucbi.ttf', 'trebucit.ttf', 'verdana.ttf', 'verdanab.ttf', 'verdanai.ttf', 'verdanaz.ttf', 'vga737.fon', 'vga775.fon', 'vga850.fon', 'vga852.fon', 'vga855.fon', 'vga857.fon', 'vga860.fon', 'vga861.fon', 'vga863.fon', 'vga865.fon', 'vga866.fon', 'vga869.fon', 'vga932.fon', 'vga936.fon', 'vga949.fon', 'vga950.fon', 'vgaf1255.fon', 'vgaf1256.fon', 'vgaf1257.fon', 'vgaf874.fon', 'vgafix.fon', 'vgafixe.fon', 'vgafixg.fon', 'vgafixr.fon', 'vgafixt.fon', 'vgaoem.fon', 'vgas1255.fon', 'vgas1256.fon', 'vgas1257.fon', 'vgas874.fon', 'vgasys.fon', 'vgasyse.fon', 'vgasysg.fon', 'vgasysr.fon', 'vgasyst.fon', 'VINERITC.TTF', 'VIVALDII.TTF', 'VLADIMIR.TTF', 'webdings.ttf', 'wingding.ttf', 'WINGDNG2.TTF', 'WINGDNG3.TTF', 'YuGothB.ttc', 'YuGothL.ttc', 'YuGothM.ttc', 'YuGothR.ttc', '\u534e\u5eb7\u65b9\u5706\u4f53W7.TTC', '\u65b9\u6b63\u7c97\u9ed1\u5b8b\u7b80\u4f53.ttf']
2023-09-27 15:09:15,434 - INFO - all fonts installed:['8514fix.fon', '8514fixe.fon', '8514fixg.fon', '8514fixr.fon', '8514fixt.fon', '8514oem.fon', '8514oeme.fon', '8514oemg.fon', '8514oemr.fon', '8514oemt.fon', '8514sys.fon', '8514syse.fon', '8514sysg.fon', '8514sysr.fon', '8514syst.fon', '85775.fon', '85855.fon', '85f1255.fon', '85f1256.fon', '85f1257.fon', '85f874.fon', '85s1255.fon', '85s1256.fon', '85s1257.fon', '85s874.fon', 'AGENCYB.TTF', 'AGENCYR.TTF', 'ALGER.TTF', 'ANTQUAB.TTF', 'ANTQUABI.TTF', 'ANTQUAI.TTF', 'app775.fon', 'app850.fon', 'app852.fon', 'app855.fon', 'app857.fon', 'app866.fon', 'app932.fon', 'app936.fon', 'app949.fon', 'app950.fon', 'arial.ttf', 'arialbd.ttf', 'arialbi.ttf', 'ariali.ttf', 'ARIALN.TTF', 'ARIALNB.TTF', 'ARIALNBI.TTF', 'ARIALNI.TTF', 'ariblk.ttf', 'ARLRDBD.TTF', 'AxureHandwriting-Bold.otf', 'AxureHandwriting-BoldItalic.otf', 'AxureHandwriting-Italic.otf', 'AxureHandwriting.otf', 'bahnschrift.ttf', 'BASKVILL.TTF', 'BAUHS93.TTF', 'BELL.TTF', 'BELLB.TTF', 'BELLI.TTF', 'BERNHC.TTF', 'BKANT.TTF', 'BOD_B.TTF', 'BOD_BI.TTF', 'BOD_BLAI.TTF', 'BOD_BLAR.TTF', 'BOD_CB.TTF', 'BOD_CBI.TTF', 'BOD_CI.TTF', 'BOD_CR.TTF', 'BOD_I.TTF', 'BOD_PSTC.TTF', 'BOD_R.TTF', 'BOOKOS.TTF', 'BOOKOSB.TTF', 'BOOKOSBI.TTF', 'BOOKOSI.TTF', 'BRADHITC.TTF', 'BRITANIC.TTF', 'BRLNSB.TTF', 'BRLNSDB.TTF', 'BRLNSR.TTF', 'BROADW.TTF', 'BRUSHSCI.TTF', 'BSSYM7.TTF', 'c8514fix.fon', 'c8514oem.fon', 'c8514sys.fon', 'calibri.ttf', 'calibrib.ttf', 'calibrii.ttf', 'calibril.ttf', 'calibrili.ttf', 'calibriz.ttf', 'CALIFB.TTF', 'CALIFI.TTF', 'CALIFR.TTF', 'CALIST.TTF', 'CALISTB.TTF', 'CALISTBI.TTF', 'CALISTI.TTF', 'cambria.ttc', 'cambriab.ttf', 'cambriai.ttf', 'cambriaz.ttf', 'Candara.ttf', 'Candarab.ttf', 'Candarai.ttf', 'Candaral.ttf', 'Candarali.ttf', 'Candaraz.ttf', 'CascadiaCode.ttf', 'CascadiaMono.ttf', 'CASTELAR.TTF', 'CENSCBK.TTF', 'CENTAUR.TTF', 'CENTURY.TTF', 'cga40737.fon', 'cga40850.fon', 'cga40852.fon', 'cga40857.fon', 'cga40866.fon', 'cga40869.fon', 'cga40woa.fon', 'cga80737.fon', 'cga80850.fon', 'cga80852.fon', 'cga80857.fon', 'cga80866.fon', 'cga80869.fon', 'cga80woa.fon', 'CHILLER.TTF', 'COLONNA.TTF', 'comic.ttf', 'comicbd.ttf', 'comici.ttf', 'comicz.ttf', 'consola.ttf', 'consolab.ttf', 'consolai.ttf', 'consolaz.ttf', 'constan.ttf', 'constanb.ttf', 'constani.ttf', 'constanz.ttf', 'COOPBL.TTF', 'COPRGTB.TTF', 'COPRGTL.TTF', 'corbel.ttf', 'corbelb.ttf', 'corbeli.ttf', 'corbell.ttf', 'corbelli.ttf', 'corbelz.ttf', 'coue1255.fon', 'coue1256.fon', 'coue1257.fon', 'couf1255.fon', 'couf1256.fon', 'couf1257.fon', 'cour.ttf', 'courbd.ttf', 'courbi.ttf', 'coure.fon', 'couree.fon', 'coureg.fon', 'courer.fon', 'couret.fon', 'courf.fon', 'courfe.fon', 'courfg.fon', 'courfr.fon', 'courft.fon', 'couri.ttf', 'CURLZ___.TTF', 'cvgafix.fon', 'cvgasys.fon', 'Deng.ttf', 'Dengb.ttf', 'Dengl.ttf', 'desktop.ini', 'dos737.fon', 'dos869.fon', 'dosapp.fon', 'DUBAI-BOLD.TTF', 'DUBAI-LIGHT.TTF', 'DUBAI-MEDIUM.TTF', 'DUBAI-REGULAR.TTF', 'ebrima.ttf', 'ebrimabd.ttf', 'ega40737.fon', 'ega40850.fon', 'ega40852.fon', 'ega40857.fon', 'ega40866.fon', 'ega40869.fon', 'ega40woa.fon', 'ega80737.fon', 'ega80850.fon', 'ega80852.fon', 'ega80857.fon', 'ega80866.fon', 'ega80869.fon', 'ega80woa.fon', 'ELEPHNT.TTF', 'ELEPHNTI.TTF', 'ENGR.TTF', 'ERASBD.TTF', 'ERASDEMI.TTF', 'ERASLGHT.TTF', 'ERASMD.TTF', 'FELIXTI.TTF', 'fms_metadata.xml', 'FORTE.TTF', 'FRABK.TTF', 'FRABKIT.TTF', 'FRADM.TTF', 'FRADMCN.TTF', 'FRADMIT.TTF', 'FRAHV.TTF', 'FRAHVIT.TTF', 'framd.ttf', 'FRAMDCN.TTF', 'framdit.ttf', 'FREESCPT.TTF', 'FRSCRIPT.TTF', 'FTLTLT.TTF', 'FZSTK.TTF', 'FZYTK.TTF', 'Gabriola.ttf', 'gadugi.ttf', 'gadugib.ttf', 'GARA.TTF', 'GARABD.TTF', 'GARAIT.TTF', 'georgia.ttf', 'georgiab.ttf', 'georgiai.ttf', 'georgiaz.ttf', 'GIGI.TTF', 'GILBI___.TTF', 'GILB____.TTF', 'GILC____.TTF', 'GILI____.TTF', 'GILLUBCD.TTF', 'GILSANUB.TTF', 'GIL_____.TTF', 'GLECB.TTF', 'GlobalMonospace.CompositeFont', 'GlobalSansSerif.CompositeFont', 'GlobalSerif.CompositeFont', 'GlobalUserInterface.CompositeFont', 'GLSNECB.TTF', 'GOTHIC.TTF', 'GOTHICB.TTF', 'GOTHICBI.TTF', 'GOTHICI.TTF', 'GOUDOS.TTF', 'GOUDOSB.TTF', 'GOUDOSI.TTF', 'GOUDYSTO.TTF', 'h8514fix.fon', 'h8514oem.fon', 'h8514sys.fon', 'HARLOWSI.TTF', 'HARNGTON.TTF', 'HATTEN.TTF', 'HGB1X_CNKI.ttf', 'HGB1_CNKI.ttf', 'HGB2X_CNKI.ttf', 'HGB2_CNKI.ttf', 'HGB3X_CNKI.ttf', 'HGB3_CNKI.ttf', 'HGB4X_CNKI.ttf', 'HGB4_CNKI.ttf', 'HGB5X_CNKI.ttf', 'HGB5_CNKI.ttf', 'HGB6X_CNKI.ttf', 'HGB6_CNKI.ttf', 'HGB7X_CNKI.ttf', 'HGB7_CNKI.ttf', 'HGB8X_CNKI.ttf', 'HGB8_CNKI.ttf', 'HGBD_CNKI.ttf', 'HGBKBX_CNKI.ttf', 'HGBKB_CNKI.ttf', 'HGBKHX_CNKI.ttf', 'HGBKH_CNKI.ttf', 'HGBS1_CNKI.TTF', 'HGBS2_CNKI.TTF', 'HGBS_CNKI.TTF', 'HGBTH_CNKI.TTF', 'HGBTS_CNKI.TTF', 'HGBX_CNKI.ttf', 'HGBZ_CNKI.ttf', 'HGCH_CNKI.TTF', 'HGCUH_CNKI.TTF', 'HGCY_CNKI.TTF', 'HGDBS_CNKI.TTF', 'HGDGY_CNKI.TTF', 'HGDH2_CNKI.TTF', 'HGDH_CNKI.TTF', 'HGDYS_CNKI.TTF', 'HGDY_CNKI.ttf', 'HGF1X_CNKI.ttf', 'HGF1_CNKI.ttf', 'HGF2X_CNKI.ttf', 'HGF2_CNKI.ttf', 'HGF3_CNKI.ttf', 'HGF4X_CNKI.ttf', 'HGF4_CNKI.ttf', 'HGF5X_CNKI.ttf', 'HGF5_CNKI.ttf', 'HGF6X_CNKI.ttf', 'HGF6_CNKI.ttf', 'HGF7X_CNKI.ttf', 'HGF7_CNKI.ttf', 'HGF8_CNKI.ttf', 'HGF9X_CNKI.ttf', 'HGF9_CNKI.ttf', 'HGFS1_CNKI.TTF', 'HGFS2_CNKI.TTF', 'HGFSH_CNKI.TTF', 'HGFS_CNKI.TTF', 'HGFX_CNKI.ttf', 'HGFZ_CNKI.ttf', 'HGGG_CNKI.TTF', 'HGH1X_CNKI.ttf', 'HGH1_CNKI.ttf', 'HGH2X_CNKI.ttf', 'HGH2_CNKI.ttf', 'HGH3X_CNKI.ttf', 'HGH3_CNKI.ttf', 'HGH4X_CNKI.ttf', 'HGH4_CNKI.ttf', 'HGH5X_CNKI.ttf', 'HGH5_CNKI.ttf', 'HGH6X_CNKI.ttf', 'HGH6_CNKI.ttf', 'HGH7X_CNKI.ttf', 'HGH7_CNKI.ttf', 'HGHB_CNKI.TTF', 'HGHD_CNKI.ttf', 'HGHP_CNKI.TTF', 'HGHT1_CNKI.ttf', 'HGHT2_CNKI.ttf', 'HGHUATI_CNKI.ttf', 'HGHX_CNKI.ttf', 'HGHZ_CNKI.ttf', 'HGH_CNKI.TTF', 'HGKT1_CNKI.TTF', 'HGKT2_CNKI.TTF', 'HGKT_CNKI.TTF', 'HGKY_CNKI.ttf', 'HGLB_CNKI.TTF', 'HGLS_CNKI.TTF', 'HGMH_CNKI.TTF', 'HGNBS_CNKI.ttf', 'HGOCR_CNKI.ttf', 'HGPH_CNKI.TTF', 'HGPTY_CNKI.TTF', 'HGSS1_CNKI.TTF', 'HGSS2_CNKI.TTF', 'HGSS_CNKI.TTF', 'HGSXT_CNKI.ttf', 'HGTT_CNKI.ttf', 'HGTX_CNKI.TTF', 'HGWT_CNKI.TTF', 'HGWYS_CNKI.TTF', 'HGX1X_CNKI.ttf', 'HGX1_CNKI.ttf', 'HGXBS_CNKI.TTF', 'HGXC_CNKI.TTF', 'HGXF1_CNKI.ttf', 'HGXFX_CNKI.ttf', 'HGXFZ_CNKI.ttf', 'HGXH1_CNKI.TTF', 'HGXH_CNKI.TTF', 'HGXK_CNKI.TTF', 'HGXL_CNKI.TTF', 'HGXS_CNKI.TTF', 'HGXT_CNKI.ttf', 'HGXY_CNKI.ttf', 'HGY1_CNKI.TTF', 'HGY2_CNKI.TTF', 'HGY3_CNKI.TTF', 'HGY4_CNKI.TTF', 'HGYB_CNKI.ttf', 'HGYT1_CNKI.ttf', 'HGYT2_CNKI.ttf', 'HGYT_CNKI.TTF', 'HGYX_CNKI.TTF', 'HGZCS_CNKI.TTF', 'HGZDX_CNKI.TTF', 'HGZK_CNKI.TTF', 'HGZYT_CNKI.TTF', 'HGZY_CNKI.TTF', 'himalaya.ttf', 'holomdl2.ttf', 'HTOWERT.TTF', 'HTOWERTI.TTF', 'hvgafix.fon', 'hvgasys.fon', 'impact.ttf', 'IMPRISHA.TTF', 'INFROMAN.TTF', 'Inkfree.ttf', 'iqiyi_logov7.ttf', 'ITCBLKAD.TTF', 'ITCEDSCR.TTF', 'ITCKRIST.TTF', 'j8514fix.fon', 'j8514oem.fon', 'j8514sys.fon', 'javatext.ttf', 'JOKERMAN.TTF', 'jsmalle.fon', 'jsmallf.fon', 'JUICE___.TTF', 'jvgafix.fon', 'jvgasys.fon', 'KUNSTLER.TTF', 'LATINWD.TTF', 'LBRITE.TTF', 'LBRITED.TTF', 'LBRITEDI.TTF', 'LBRITEI.TTF', 'LCALLIG.TTF', 'LeelaUIb.ttf', 'LeelawUI.ttf', 'LeelUIsl.ttf', 'LFAX.TTF', 'LFAXD.TTF', 'LFAXDI.TTF', 'LFAXI.TTF', 'LHANDW.TTF', 'LSANS.TTF', 'LSANSD.TTF', 'LSANSDI.TTF', 'LSANSI.TTF', 'LTYPE.TTF', 'LTYPEB.TTF', 'LTYPEBO.TTF', 'LTYPEO.TTF', 'lucon.ttf', 'l_10646.ttf', 'MAGNETOB.TTF', 'MAIAN.TTF', 'malgun.ttf', 'malgunbd.ttf', 'malgunsl.ttf', 'marlett.ttf', 'MATURASC.TTF', 'micross.ttf', 'mingliub.ttc', 'MISTRAL.TTF', 'mmrtext.ttf', 'mmrtextb.ttf', 'MOD20.TTF', 'modern.fon', 'monbaiti.ttf', 'msgothic.ttc', 'msjh.ttc', 'msjhbd.ttc', 'msjhl.ttc', 'msyh.ttc', 'msyhbd.ttc', 'msyhl.ttc', 'msyi.ttf', 'MTCORSVA.TTF', 'MTEXTRA.TTF', 'mvboli.ttf', 'NIAGENG.TTF', 'NIAGSOL.TTF', 'Nirmala.ttf', 'NirmalaB.ttf', 'NirmalaS.ttf', 'ntailu.ttf', 'ntailub.ttf', 'NumberOnly.ttf', 'OCRAEXT.TTF', 'OLDENGL.TTF', 'ONYX.TTF', 'OUTLOOK.TTF', 'pala.ttf', 'palab.ttf', 'palabi.ttf', 'palai.ttf', 'PALSCRI.TTF', 'PAPYRUS.TTF', 'PARCHM.TTF', 'PERBI___.TTF', 'PERB____.TTF', 'PERI____.TTF', 'PERTIBD.TTF', 'PERTILI.TTF', 'PER_____.TTF', 'phagspa.ttf', 'phagspab.ttf', 'PLAYBILL.TTF', 'POORICH.TTF', 'PRISTINA.TTF', 'RAGE.TTF', 'RAVIE.TTF', 'REFSAN.TTF', 'REFSPCL.TTF', 'ROCCB___.TTF', 'ROCC____.TTF', 'ROCK.TTF', 'ROCKB.TTF', 'ROCKBI.TTF', 'ROCKEB.TTF', 'ROCKI.TTF', 'roman.fon', 's8514fix.fon', 's8514oem.fon', 's8514sys.fon', 'SCHLBKB.TTF', 'SCHLBKBI.TTF', 'SCHLBKI.TTF', 'script.fon', 'SCRIPTBL.TTF', 'segmdl2.ttf', 'SegoeIcons.ttf', 'segoepr.ttf', 'segoeprb.ttf', 'segoesc.ttf', 'segoescb.ttf', 'segoeui.ttf', 'segoeuib.ttf', 'segoeuii.ttf', 'segoeuil.ttf', 'segoeuisl.ttf', 'segoeuiz.ttf', 'seguibl.ttf', 'seguibli.ttf', 'seguiemj.ttf', 'seguihis.ttf', 'seguili.ttf', 'seguisb.ttf', 'seguisbi.ttf', 'seguisli.ttf', 'seguisym.ttf', 'SegUIVar.ttf', 'sere1255.fon', 'sere1256.fon', 'sere1257.fon', 'serf1255.fon', 'serf1256.fon', 'serf1257.fon', 'serife.fon', 'serifee.fon', 'serifeg.fon', 'serifer.fon', 'serifet.fon', 'seriff.fon', 'seriffe.fon', 'seriffg.fon', 'seriffr.fon', 'serifft.fon', 'SHOWG.TTF', 'simfang.ttf', 'simhei.ttf', 'simkai.ttf', 'SIMLI.TTF', 'simsun.ttc', 'simsunb.ttf', 'SIMYOU.TTF', 'SitkaVF-Italic.ttf', 'SitkaVF.ttf', 'smae1255.fon', 'smae1256.fon', 'smae1257.fon', 'smaf1255.fon', 'smaf1256.fon', 'smaf1257.fon', 'smalle.fon', 'smallee.fon', 'smalleg.fon', 'smaller.fon', 'smallet.fon', 'smallf.fon', 'smallfe.fon', 'smallfg.fon', 'smallfr.fon', 'smallft.fon', 'SNAP____.TTF', 'ssee1255.fon', 'ssee1256.fon', 'ssee1257.fon', 'ssee874.fon', 'ssef1255.fon', 'ssef1256.fon', 'ssef1257.fon', 'ssef874.fon', 'sserife.fon', 'sserifee.fon', 'sserifeg.fon', 'sserifer.fon', 'sserifet.fon', 'sseriff.fon', 'sseriffe.fon', 'sseriffg.fon', 'sseriffr.fon', 'sserifft.fon', 'StaticCache.dat', 'STCAIYUN.TTF', 'STENCIL.TTF', 'STFANGSO.TTF', 'STHUPO.TTF', 'STKAITI.TTF', 'STLITI.TTF', 'STSONG.TTF', 'STXIHEI.TTF', 'STXINGKA.TTF', 'STXINWEI.TTF', 'STZHONGS.TTF', 'svgafix.fon', 'svgasys.fon', 'sylfaen.ttf', 'symbol.ttf', 'tahoma.ttf', 'tahomabd.ttf', 'taile.ttf', 'taileb.ttf', 'TCBI____.TTF', 'TCB_____.TTF', 'TCCB____.TTF', 'TCCEB.TTF', 'TCCM____.TTF', 'TCMI____.TTF', 'TCM_____.TTF', 'TEMPSITC.TTF', 'times.ttf', 'timesbd.ttf', 'timesbi.ttf', 'timesi.ttf', 'trebuc.ttf', 'trebucbd.ttf', 'trebucbi.ttf', 'trebucit.ttf', 'verdana.ttf', 'verdanab.ttf', 'verdanai.ttf', 'verdanaz.ttf', 'vga737.fon', 'vga775.fon', 'vga850.fon', 'vga852.fon', 'vga855.fon', 'vga857.fon', 'vga860.fon', 'vga861.fon', 'vga863.fon', 'vga865.fon', 'vga866.fon', 'vga869.fon', 'vga932.fon', 'vga936.fon', 'vga949.fon', 'vga950.fon', 'vgaf1255.fon', 'vgaf1256.fon', 'vgaf1257.fon', 'vgaf874.fon', 'vgafix.fon', 'vgafixe.fon', 'vgafixg.fon', 'vgafixr.fon', 'vgafixt.fon', 'vgaoem.fon', 'vgas1255.fon', 'vgas1256.fon', 'vgas1257.fon', 'vgas874.fon', 'vgasys.fon', 'vgasyse.fon', 'vgasysg.fon', 'vgasysr.fon', 'vgasyst.fon', 'VINERITC.TTF', 'VIVALDII.TTF', 'VLADIMIR.TTF', 'webdings.ttf', 'wingding.ttf', 'WINGDNG2.TTF', 'WINGDNG3.TTF', 'YuGothB.ttc', 'YuGothL.ttc', 'YuGothM.ttc', 'YuGothR.ttc', '\u534e\u5eb7\u65b9\u5706\u4f53W7.TTC', '\u65b9\u6b63\u7c97\u9ed1\u5b8b\u7b80\u4f53.ttf']
2023-09-27 15:09:15,435 - INFO - all fonts installed:['8514fix.fon', '8514fixe.fon', '8514fixg.fon', '8514fixr.fon', '8514fixt.fon', '8514oem.fon', '8514oeme.fon', '8514oemg.fon', '8514oemr.fon', '8514oemt.fon', '8514sys.fon', '8514syse.fon', '8514sysg.fon', '8514sysr.fon', '8514syst.fon', '85775.fon', '85855.fon', '85f1255.fon', '85f1256.fon', '85f1257.fon', '85f874.fon', '85s1255.fon', '85s1256.fon', '85s1257.fon', '85s874.fon', 'AGENCYB.TTF', 'AGENCYR.TTF', 'ALGER.TTF', 'ANTQUAB.TTF', 'ANTQUABI.TTF', 'ANTQUAI.TTF', 'app775.fon', 'app850.fon', 'app852.fon', 'app855.fon', 'app857.fon', 'app866.fon', 'app932.fon', 'app936.fon', 'app949.fon', 'app950.fon', 'arial.ttf', 'arialbd.ttf', 'arialbi.ttf', 'ariali.ttf', 'ARIALN.TTF', 'ARIALNB.TTF', 'ARIALNBI.TTF', 'ARIALNI.TTF', 'ariblk.ttf', 'ARLRDBD.TTF', 'AxureHandwriting-Bold.otf', 'AxureHandwriting-BoldItalic.otf', 'AxureHandwriting-Italic.otf', 'AxureHandwriting.otf', 'bahnschrift.ttf', 'BASKVILL.TTF', 'BAUHS93.TTF', 'BELL.TTF', 'BELLB.TTF', 'BELLI.TTF', 'BERNHC.TTF', 'BKANT.TTF', 'BOD_B.TTF', 'BOD_BI.TTF', 'BOD_BLAI.TTF', 'BOD_BLAR.TTF', 'BOD_CB.TTF', 'BOD_CBI.TTF', 'BOD_CI.TTF', 'BOD_CR.TTF', 'BOD_I.TTF', 'BOD_PSTC.TTF', 'BOD_R.TTF', 'BOOKOS.TTF', 'BOOKOSB.TTF', 'BOOKOSBI.TTF', 'BOOKOSI.TTF', 'BRADHITC.TTF', 'BRITANIC.TTF', 'BRLNSB.TTF', 'BRLNSDB.TTF', 'BRLNSR.TTF', 'BROADW.TTF', 'BRUSHSCI.TTF', 'BSSYM7.TTF', 'c8514fix.fon', 'c8514oem.fon', 'c8514sys.fon', 'calibri.ttf', 'calibrib.ttf', 'calibrii.ttf', 'calibril.ttf', 'calibrili.ttf', 'calibriz.ttf', 'CALIFB.TTF', 'CALIFI.TTF', 'CALIFR.TTF', 'CALIST.TTF', 'CALISTB.TTF', 'CALISTBI.TTF', 'CALISTI.TTF', 'cambria.ttc', 'cambriab.ttf', 'cambriai.ttf', 'cambriaz.ttf', 'Candara.ttf', 'Candarab.ttf', 'Candarai.ttf', 'Candaral.ttf', 'Candarali.ttf', 'Candaraz.ttf', 'CascadiaCode.ttf', 'CascadiaMono.ttf', 'CASTELAR.TTF', 'CENSCBK.TTF', 'CENTAUR.TTF', 'CENTURY.TTF', 'cga40737.fon', 'cga40850.fon', 'cga40852.fon', 'cga40857.fon', 'cga40866.fon', 'cga40869.fon', 'cga40woa.fon', 'cga80737.fon', 'cga80850.fon', 'cga80852.fon', 'cga80857.fon', 'cga80866.fon', 'cga80869.fon', 'cga80woa.fon', 'CHILLER.TTF', 'COLONNA.TTF', 'comic.ttf', 'comicbd.ttf', 'comici.ttf', 'comicz.ttf', 'consola.ttf', 'consolab.ttf', 'consolai.ttf', 'consolaz.ttf', 'constan.ttf', 'constanb.ttf', 'constani.ttf', 'constanz.ttf', 'COOPBL.TTF', 'COPRGTB.TTF', 'COPRGTL.TTF', 'corbel.ttf', 'corbelb.ttf', 'corbeli.ttf', 'corbell.ttf', 'corbelli.ttf', 'corbelz.ttf', 'coue1255.fon', 'coue1256.fon', 'coue1257.fon', 'couf1255.fon', 'couf1256.fon', 'couf1257.fon', 'cour.ttf', 'courbd.ttf', 'courbi.ttf', 'coure.fon', 'couree.fon', 'coureg.fon', 'courer.fon', 'couret.fon', 'courf.fon', 'courfe.fon', 'courfg.fon', 'courfr.fon', 'courft.fon', 'couri.ttf', 'CURLZ___.TTF', 'cvgafix.fon', 'cvgasys.fon', 'Deng.ttf', 'Dengb.ttf', 'Dengl.ttf', 'desktop.ini', 'dos737.fon', 'dos869.fon', 'dosapp.fon', 'DUBAI-BOLD.TTF', 'DUBAI-LIGHT.TTF', 'DUBAI-MEDIUM.TTF', 'DUBAI-REGULAR.TTF', 'ebrima.ttf', 'ebrimabd.ttf', 'ega40737.fon', 'ega40850.fon', 'ega40852.fon', 'ega40857.fon', 'ega40866.fon', 'ega40869.fon', 'ega40woa.fon', 'ega80737.fon', 'ega80850.fon', 'ega80852.fon', 'ega80857.fon', 'ega80866.fon', 'ega80869.fon', 'ega80woa.fon', 'ELEPHNT.TTF', 'ELEPHNTI.TTF', 'ENGR.TTF', 'ERASBD.TTF', 'ERASDEMI.TTF', 'ERASLGHT.TTF', 'ERASMD.TTF', 'FELIXTI.TTF', 'fms_metadata.xml', 'FORTE.TTF', 'FRABK.TTF', 'FRABKIT.TTF', 'FRADM.TTF', 'FRADMCN.TTF', 'FRADMIT.TTF', 'FRAHV.TTF', 'FRAHVIT.TTF', 'framd.ttf', 'FRAMDCN.TTF', 'framdit.ttf', 'FREESCPT.TTF', 'FRSCRIPT.TTF', 'FTLTLT.TTF', 'FZSTK.TTF', 'FZYTK.TTF', 'Gabriola.ttf', 'gadugi.ttf', 'gadugib.ttf', 'GARA.TTF', 'GARABD.TTF', 'GARAIT.TTF', 'georgia.ttf', 'georgiab.ttf', 'georgiai.ttf', 'georgiaz.ttf', 'GIGI.TTF', 'GILBI___.TTF', 'GILB____.TTF', 'GILC____.TTF', 'GILI____.TTF', 'GILLUBCD.TTF', 'GILSANUB.TTF', 'GIL_____.TTF', 'GLECB.TTF', 'GlobalMonospace.CompositeFont', 'GlobalSansSerif.CompositeFont', 'GlobalSerif.CompositeFont', 'GlobalUserInterface.CompositeFont', 'GLSNECB.TTF', 'GOTHIC.TTF', 'GOTHICB.TTF', 'GOTHICBI.TTF', 'GOTHICI.TTF', 'GOUDOS.TTF', 'GOUDOSB.TTF', 'GOUDOSI.TTF', 'GOUDYSTO.TTF', 'h8514fix.fon', 'h8514oem.fon', 'h8514sys.fon', 'HARLOWSI.TTF', 'HARNGTON.TTF', 'HATTEN.TTF', 'HGB1X_CNKI.ttf', 'HGB1_CNKI.ttf', 'HGB2X_CNKI.ttf', 'HGB2_CNKI.ttf', 'HGB3X_CNKI.ttf', 'HGB3_CNKI.ttf', 'HGB4X_CNKI.ttf', 'HGB4_CNKI.ttf', 'HGB5X_CNKI.ttf', 'HGB5_CNKI.ttf', 'HGB6X_CNKI.ttf', 'HGB6_CNKI.ttf', 'HGB7X_CNKI.ttf', 'HGB7_CNKI.ttf', 'HGB8X_CNKI.ttf', 'HGB8_CNKI.ttf', 'HGBD_CNKI.ttf', 'HGBKBX_CNKI.ttf', 'HGBKB_CNKI.ttf', 'HGBKHX_CNKI.ttf', 'HGBKH_CNKI.ttf', 'HGBS1_CNKI.TTF', 'HGBS2_CNKI.TTF', 'HGBS_CNKI.TTF', 'HGBTH_CNKI.TTF', 'HGBTS_CNKI.TTF', 'HGBX_CNKI.ttf', 'HGBZ_CNKI.ttf', 'HGCH_CNKI.TTF', 'HGCUH_CNKI.TTF', 'HGCY_CNKI.TTF', 'HGDBS_CNKI.TTF', 'HGDGY_CNKI.TTF', 'HGDH2_CNKI.TTF', 'HGDH_CNKI.TTF', 'HGDYS_CNKI.TTF', 'HGDY_CNKI.ttf', 'HGF1X_CNKI.ttf', 'HGF1_CNKI.ttf', 'HGF2X_CNKI.ttf', 'HGF2_CNKI.ttf', 'HGF3_CNKI.ttf', 'HGF4X_CNKI.ttf', 'HGF4_CNKI.ttf', 'HGF5X_CNKI.ttf', 'HGF5_CNKI.ttf', 'HGF6X_CNKI.ttf', 'HGF6_CNKI.ttf', 'HGF7X_CNKI.ttf', 'HGF7_CNKI.ttf', 'HGF8_CNKI.ttf', 'HGF9X_CNKI.ttf', 'HGF9_CNKI.ttf', 'HGFS1_CNKI.TTF', 'HGFS2_CNKI.TTF', 'HGFSH_CNKI.TTF', 'HGFS_CNKI.TTF', 'HGFX_CNKI.ttf', 'HGFZ_CNKI.ttf', 'HGGG_CNKI.TTF', 'HGH1X_CNKI.ttf', 'HGH1_CNKI.ttf', 'HGH2X_CNKI.ttf', 'HGH2_CNKI.ttf', 'HGH3X_CNKI.ttf', 'HGH3_CNKI.ttf', 'HGH4X_CNKI.ttf', 'HGH4_CNKI.ttf', 'HGH5X_CNKI.ttf', 'HGH5_CNKI.ttf', 'HGH6X_CNKI.ttf', 'HGH6_CNKI.ttf', 'HGH7X_CNKI.ttf', 'HGH7_CNKI.ttf', 'HGHB_CNKI.TTF', 'HGHD_CNKI.ttf', 'HGHP_CNKI.TTF', 'HGHT1_CNKI.ttf', 'HGHT2_CNKI.ttf', 'HGHUATI_CNKI.ttf', 'HGHX_CNKI.ttf', 'HGHZ_CNKI.ttf', 'HGH_CNKI.TTF', 'HGKT1_CNKI.TTF', 'HGKT2_CNKI.TTF', 'HGKT_CNKI.TTF', 'HGKY_CNKI.ttf', 'HGLB_CNKI.TTF', 'HGLS_CNKI.TTF', 'HGMH_CNKI.TTF', 'HGNBS_CNKI.ttf', 'HGOCR_CNKI.ttf', 'HGPH_CNKI.TTF', 'HGPTY_CNKI.TTF', 'HGSS1_CNKI.TTF', 'HGSS2_CNKI.TTF', 'HGSS_CNKI.TTF', 'HGSXT_CNKI.ttf', 'HGTT_CNKI.ttf', 'HGTX_CNKI.TTF', 'HGWT_CNKI.TTF', 'HGWYS_CNKI.TTF', 'HGX1X_CNKI.ttf', 'HGX1_CNKI.ttf', 'HGXBS_CNKI.TTF', 'HGXC_CNKI.TTF', 'HGXF1_CNKI.ttf', 'HGXFX_CNKI.ttf', 'HGXFZ_CNKI.ttf', 'HGXH1_CNKI.TTF', 'HGXH_CNKI.TTF', 'HGXK_CNKI.TTF', 'HGXL_CNKI.TTF', 'HGXS_CNKI.TTF', 'HGXT_CNKI.ttf', 'HGXY_CNKI.ttf', 'HGY1_CNKI.TTF', 'HGY2_CNKI.TTF', 'HGY3_CNKI.TTF', 'HGY4_CNKI.TTF', 'HGYB_CNKI.ttf', 'HGYT1_CNKI.ttf', 'HGYT2_CNKI.ttf', 'HGYT_CNKI.TTF', 'HGYX_CNKI.TTF', 'HGZCS_CNKI.TTF', 'HGZDX_CNKI.TTF', 'HGZK_CNKI.TTF', 'HGZYT_CNKI.TTF', 'HGZY_CNKI.TTF', 'himalaya.ttf', 'holomdl2.ttf', 'HTOWERT.TTF', 'HTOWERTI.TTF', 'hvgafix.fon', 'hvgasys.fon', 'impact.ttf', 'IMPRISHA.TTF', 'INFROMAN.TTF', 'Inkfree.ttf', 'iqiyi_logov7.ttf', 'ITCBLKAD.TTF', 'ITCEDSCR.TTF', 'ITCKRIST.TTF', 'j8514fix.fon', 'j8514oem.fon', 'j8514sys.fon', 'javatext.ttf', 'JOKERMAN.TTF', 'jsmalle.fon', 'jsmallf.fon', 'JUICE___.TTF', 'jvgafix.fon', 'jvgasys.fon', 'KUNSTLER.TTF', 'LATINWD.TTF', 'LBRITE.TTF', 'LBRITED.TTF', 'LBRITEDI.TTF', 'LBRITEI.TTF', 'LCALLIG.TTF', 'LeelaUIb.ttf', 'LeelawUI.ttf', 'LeelUIsl.ttf', 'LFAX.TTF', 'LFAXD.TTF', 'LFAXDI.TTF', 'LFAXI.TTF', 'LHANDW.TTF', 'LSANS.TTF', 'LSANSD.TTF', 'LSANSDI.TTF', 'LSANSI.TTF', 'LTYPE.TTF', 'LTYPEB.TTF', 'LTYPEBO.TTF', 'LTYPEO.TTF', 'lucon.ttf', 'l_10646.ttf', 'MAGNETOB.TTF', 'MAIAN.TTF', 'malgun.ttf', 'malgunbd.ttf', 'malgunsl.ttf', 'marlett.ttf', 'MATURASC.TTF', 'micross.ttf', 'mingliub.ttc', 'MISTRAL.TTF', 'mmrtext.ttf', 'mmrtextb.ttf', 'MOD20.TTF', 'modern.fon', 'monbaiti.ttf', 'msgothic.ttc', 'msjh.ttc', 'msjhbd.ttc', 'msjhl.ttc', 'msyh.ttc', 'msyhbd.ttc', 'msyhl.ttc', 'msyi.ttf', 'MTCORSVA.TTF', 'MTEXTRA.TTF', 'mvboli.ttf', 'NIAGENG.TTF', 'NIAGSOL.TTF', 'Nirmala.ttf', 'NirmalaB.ttf', 'NirmalaS.ttf', 'ntailu.ttf', 'ntailub.ttf', 'NumberOnly.ttf', 'OCRAEXT.TTF', 'OLDENGL.TTF', 'ONYX.TTF', 'OUTLOOK.TTF', 'pala.ttf', 'palab.ttf', 'palabi.ttf', 'palai.ttf', 'PALSCRI.TTF', 'PAPYRUS.TTF', 'PARCHM.TTF', 'PERBI___.TTF', 'PERB____.TTF', 'PERI____.TTF', 'PERTIBD.TTF', 'PERTILI.TTF', 'PER_____.TTF', 'phagspa.ttf', 'phagspab.ttf', 'PLAYBILL.TTF', 'POORICH.TTF', 'PRISTINA.TTF', 'RAGE.TTF', 'RAVIE.TTF', 'REFSAN.TTF', 'REFSPCL.TTF', 'ROCCB___.TTF', 'ROCC____.TTF', 'ROCK.TTF', 'ROCKB.TTF', 'ROCKBI.TTF', 'ROCKEB.TTF', 'ROCKI.TTF', 'roman.fon', 's8514fix.fon', 's8514oem.fon', 's8514sys.fon', 'SCHLBKB.TTF', 'SCHLBKBI.TTF', 'SCHLBKI.TTF', 'script.fon', 'SCRIPTBL.TTF', 'segmdl2.ttf', 'SegoeIcons.ttf', 'segoepr.ttf', 'segoeprb.ttf', 'segoesc.ttf', 'segoescb.ttf', 'segoeui.ttf', 'segoeuib.ttf', 'segoeuii.ttf', 'segoeuil.ttf', 'segoeuisl.ttf', 'segoeuiz.ttf', 'seguibl.ttf', 'seguibli.ttf', 'seguiemj.ttf', 'seguihis.ttf', 'seguili.ttf', 'seguisb.ttf', 'seguisbi.ttf', 'seguisli.ttf', 'seguisym.ttf', 'SegUIVar.ttf', 'sere1255.fon', 'sere1256.fon', 'sere1257.fon', 'serf1255.fon', 'serf1256.fon', 'serf1257.fon', 'serife.fon', 'serifee.fon', 'serifeg.fon', 'serifer.fon', 'serifet.fon', 'seriff.fon', 'seriffe.fon', 'seriffg.fon', 'seriffr.fon', 'serifft.fon', 'SHOWG.TTF', 'simfang.ttf', 'simhei.ttf', 'simkai.ttf', 'SIMLI.TTF', 'simsun.ttc', 'simsunb.ttf', 'SIMYOU.TTF', 'SitkaVF-Italic.ttf', 'SitkaVF.ttf', 'smae1255.fon', 'smae1256.fon', 'smae1257.fon', 'smaf1255.fon', 'smaf1256.fon', 'smaf1257.fon', 'smalle.fon', 'smallee.fon', 'smalleg.fon', 'smaller.fon', 'smallet.fon', 'smallf.fon', 'smallfe.fon', 'smallfg.fon', 'smallfr.fon', 'smallft.fon', 'SNAP____.TTF', 'ssee1255.fon', 'ssee1256.fon', 'ssee1257.fon', 'ssee874.fon', 'ssef1255.fon', 'ssef1256.fon', 'ssef1257.fon', 'ssef874.fon', 'sserife.fon', 'sserifee.fon', 'sserifeg.fon', 'sserifer.fon', 'sserifet.fon', 'sseriff.fon', 'sseriffe.fon', 'sseriffg.fon', 'sseriffr.fon', 'sserifft.fon', 'StaticCache.dat', 'STCAIYUN.TTF', 'STENCIL.TTF', 'STFANGSO.TTF', 'STHUPO.TTF', 'STKAITI.TTF', 'STLITI.TTF', 'STSONG.TTF', 'STXIHEI.TTF', 'STXINGKA.TTF', 'STXINWEI.TTF', 'STZHONGS.TTF', 'svgafix.fon', 'svgasys.fon', 'sylfaen.ttf', 'symbol.ttf', 'tahoma.ttf', 'tahomabd.ttf', 'taile.ttf', 'taileb.ttf', 'TCBI____.TTF', 'TCB_____.TTF', 'TCCB____.TTF', 'TCCEB.TTF', 'TCCM____.TTF', 'TCMI____.TTF', 'TCM_____.TTF', 'TEMPSITC.TTF', 'times.ttf', 'timesbd.ttf', 'timesbi.ttf', 'timesi.ttf', 'trebuc.ttf', 'trebucbd.ttf', 'trebucbi.ttf', 'trebucit.ttf', 'verdana.ttf', 'verdanab.ttf', 'verdanai.ttf', 'verdanaz.ttf', 'vga737.fon', 'vga775.fon', 'vga850.fon', 'vga852.fon', 'vga855.fon', 'vga857.fon', 'vga860.fon', 'vga861.fon', 'vga863.fon', 'vga865.fon', 'vga866.fon', 'vga869.fon', 'vga932.fon', 'vga936.fon', 'vga949.fon', 'vga950.fon', 'vgaf1255.fon', 'vgaf1256.fon', 'vgaf1257.fon', 'vgaf874.fon', 'vgafix.fon', 'vgafixe.fon', 'vgafixg.fon', 'vgafixr.fon', 'vgafixt.fon', 'vgaoem.fon', 'vgas1255.fon', 'vgas1256.fon', 'vgas1257.fon', 'vgas874.fon', 'vgasys.fon', 'vgasyse.fon', 'vgasysg.fon', 'vgasysr.fon', 'vgasyst.fon', 'VINERITC.TTF', 'VIVALDII.TTF', 'VLADIMIR.TTF', 'webdings.ttf', 'wingding.ttf', 'WINGDNG2.TTF', 'WINGDNG3.TTF', 'YuGothB.ttc', 'YuGothL.ttc', 'YuGothM.ttc', 'YuGothR.ttc', '\u534e\u5eb7\u65b9\u5706\u4f53W7.TTC', '\u65b9\u6b63\u7c97\u9ed1\u5b8b\u7b80\u4f53.ttf']
2023-09-27 15:09:15,612 - INFO - all fonts installed:['8514fix.fon', '8514fixe.fon', '8514fixg.fon', '8514fixr.fon', '8514fixt.fon', '8514oem.fon', '8514oeme.fon', '8514oemg.fon', '8514oemr.fon', '8514oemt.fon', '8514sys.fon', '8514syse.fon', '8514sysg.fon', '8514sysr.fon', '8514syst.fon', '85775.fon', '85855.fon', '85f1255.fon', '85f1256.fon', '85f1257.fon', '85f874.fon', '85s1255.fon', '85s1256.fon', '85s1257.fon', '85s874.fon', 'AGENCYB.TTF', 'AGENCYR.TTF', 'ALGER.TTF', 'ANTQUAB.TTF', 'ANTQUABI.TTF', 'ANTQUAI.TTF', 'app775.fon', 'app850.fon', 'app852.fon', 'app855.fon', 'app857.fon', 'app866.fon', 'app932.fon', 'app936.fon', 'app949.fon', 'app950.fon', 'arial.ttf', 'arialbd.ttf', 'arialbi.ttf', 'ariali.ttf', 'ARIALN.TTF', 'ARIALNB.TTF', 'ARIALNBI.TTF', 'ARIALNI.TTF', 'ariblk.ttf', 'ARLRDBD.TTF', 'AxureHandwriting-Bold.otf', 'AxureHandwriting-BoldItalic.otf', 'AxureHandwriting-Italic.otf', 'AxureHandwriting.otf', 'bahnschrift.ttf', 'BASKVILL.TTF', 'BAUHS93.TTF', 'BELL.TTF', 'BELLB.TTF', 'BELLI.TTF', 'BERNHC.TTF', 'BKANT.TTF', 'BOD_B.TTF', 'BOD_BI.TTF', 'BOD_BLAI.TTF', 'BOD_BLAR.TTF', 'BOD_CB.TTF', 'BOD_CBI.TTF', 'BOD_CI.TTF', 'BOD_CR.TTF', 'BOD_I.TTF', 'BOD_PSTC.TTF', 'BOD_R.TTF', 'BOOKOS.TTF', 'BOOKOSB.TTF', 'BOOKOSBI.TTF', 'BOOKOSI.TTF', 'BRADHITC.TTF', 'BRITANIC.TTF', 'BRLNSB.TTF', 'BRLNSDB.TTF', 'BRLNSR.TTF', 'BROADW.TTF', 'BRUSHSCI.TTF', 'BSSYM7.TTF', 'c8514fix.fon', 'c8514oem.fon', 'c8514sys.fon', 'calibri.ttf', 'calibrib.ttf', 'calibrii.ttf', 'calibril.ttf', 'calibrili.ttf', 'calibriz.ttf', 'CALIFB.TTF', 'CALIFI.TTF', 'CALIFR.TTF', 'CALIST.TTF', 'CALISTB.TTF', 'CALISTBI.TTF', 'CALISTI.TTF', 'cambria.ttc', 'cambriab.ttf', 'cambriai.ttf', 'cambriaz.ttf', 'Candara.ttf', 'Candarab.ttf', 'Candarai.ttf', 'Candaral.ttf', 'Candarali.ttf', 'Candaraz.ttf', 'CascadiaCode.ttf', 'CascadiaMono.ttf', 'CASTELAR.TTF', 'CENSCBK.TTF', 'CENTAUR.TTF', 'CENTURY.TTF', 'cga40737.fon', 'cga40850.fon', 'cga40852.fon', 'cga40857.fon', 'cga40866.fon', 'cga40869.fon', 'cga40woa.fon', 'cga80737.fon', 'cga80850.fon', 'cga80852.fon', 'cga80857.fon', 'cga80866.fon', 'cga80869.fon', 'cga80woa.fon', 'CHILLER.TTF', 'COLONNA.TTF', 'comic.ttf', 'comicbd.ttf', 'comici.ttf', 'comicz.ttf', 'consola.ttf', 'consolab.ttf', 'consolai.ttf', 'consolaz.ttf', 'constan.ttf', 'constanb.ttf', 'constani.ttf', 'constanz.ttf', 'COOPBL.TTF', 'COPRGTB.TTF', 'COPRGTL.TTF', 'corbel.ttf', 'corbelb.ttf', 'corbeli.ttf', 'corbell.ttf', 'corbelli.ttf', 'corbelz.ttf', 'coue1255.fon', 'coue1256.fon', 'coue1257.fon', 'couf1255.fon', 'couf1256.fon', 'couf1257.fon', 'cour.ttf', 'courbd.ttf', 'courbi.ttf', 'coure.fon', 'couree.fon', 'coureg.fon', 'courer.fon', 'couret.fon', 'courf.fon', 'courfe.fon', 'courfg.fon', 'courfr.fon', 'courft.fon', 'couri.ttf', 'CURLZ___.TTF', 'cvgafix.fon', 'cvgasys.fon', 'Deng.ttf', 'Dengb.ttf', 'Dengl.ttf', 'desktop.ini', 'dos737.fon', 'dos869.fon', 'dosapp.fon', 'DUBAI-BOLD.TTF', 'DUBAI-LIGHT.TTF', 'DUBAI-MEDIUM.TTF', 'DUBAI-REGULAR.TTF', 'ebrima.ttf', 'ebrimabd.ttf', 'ega40737.fon', 'ega40850.fon', 'ega40852.fon', 'ega40857.fon', 'ega40866.fon', 'ega40869.fon', 'ega40woa.fon', 'ega80737.fon', 'ega80850.fon', 'ega80852.fon', 'ega80857.fon', 'ega80866.fon', 'ega80869.fon', 'ega80woa.fon', 'ELEPHNT.TTF', 'ELEPHNTI.TTF', 'ENGR.TTF', 'ERASBD.TTF', 'ERASDEMI.TTF', 'ERASLGHT.TTF', 'ERASMD.TTF', 'FELIXTI.TTF', 'fms_metadata.xml', 'FORTE.TTF', 'FRABK.TTF', 'FRABKIT.TTF', 'FRADM.TTF', 'FRADMCN.TTF', 'FRADMIT.TTF', 'FRAHV.TTF', 'FRAHVIT.TTF', 'framd.ttf', 'FRAMDCN.TTF', 'framdit.ttf', 'FREESCPT.TTF', 'FRSCRIPT.TTF', 'FTLTLT.TTF', 'FZSTK.TTF', 'FZYTK.TTF', 'Gabriola.ttf', 'gadugi.ttf', 'gadugib.ttf', 'GARA.TTF', 'GARABD.TTF', 'GARAIT.TTF', 'georgia.ttf', 'georgiab.ttf', 'georgiai.ttf', 'georgiaz.ttf', 'GIGI.TTF', 'GILBI___.TTF', 'GILB____.TTF', 'GILC____.TTF', 'GILI____.TTF', 'GILLUBCD.TTF', 'GILSANUB.TTF', 'GIL_____.TTF', 'GLECB.TTF', 'GlobalMonospace.CompositeFont', 'GlobalSansSerif.CompositeFont', 'GlobalSerif.CompositeFont', 'GlobalUserInterface.CompositeFont', 'GLSNECB.TTF', 'GOTHIC.TTF', 'GOTHICB.TTF', 'GOTHICBI.TTF', 'GOTHICI.TTF', 'GOUDOS.TTF', 'GOUDOSB.TTF', 'GOUDOSI.TTF', 'GOUDYSTO.TTF', 'h8514fix.fon', 'h8514oem.fon', 'h8514sys.fon', 'HARLOWSI.TTF', 'HARNGTON.TTF', 'HATTEN.TTF', 'HGB1X_CNKI.ttf', 'HGB1_CNKI.ttf', 'HGB2X_CNKI.ttf', 'HGB2_CNKI.ttf', 'HGB3X_CNKI.ttf', 'HGB3_CNKI.ttf', 'HGB4X_CNKI.ttf', 'HGB4_CNKI.ttf', 'HGB5X_CNKI.ttf', 'HGB5_CNKI.ttf', 'HGB6X_CNKI.ttf', 'HGB6_CNKI.ttf', 'HGB7X_CNKI.ttf', 'HGB7_CNKI.ttf', 'HGB8X_CNKI.ttf', 'HGB8_CNKI.ttf', 'HGBD_CNKI.ttf', 'HGBKBX_CNKI.ttf', 'HGBKB_CNKI.ttf', 'HGBKHX_CNKI.ttf', 'HGBKH_CNKI.ttf', 'HGBS1_CNKI.TTF', 'HGBS2_CNKI.TTF', 'HGBS_CNKI.TTF', 'HGBTH_CNKI.TTF', 'HGBTS_CNKI.TTF', 'HGBX_CNKI.ttf', 'HGBZ_CNKI.ttf', 'HGCH_CNKI.TTF', 'HGCUH_CNKI.TTF', 'HGCY_CNKI.TTF', 'HGDBS_CNKI.TTF', 'HGDGY_CNKI.TTF', 'HGDH2_CNKI.TTF', 'HGDH_CNKI.TTF', 'HGDYS_CNKI.TTF', 'HGDY_CNKI.ttf', 'HGF1X_CNKI.ttf', 'HGF1_CNKI.ttf', 'HGF2X_CNKI.ttf', 'HGF2_CNKI.ttf', 'HGF3_CNKI.ttf', 'HGF4X_CNKI.ttf', 'HGF4_CNKI.ttf', 'HGF5X_CNKI.ttf', 'HGF5_CNKI.ttf', 'HGF6X_CNKI.ttf', 'HGF6_CNKI.ttf', 'HGF7X_CNKI.ttf', 'HGF7_CNKI.ttf', 'HGF8_CNKI.ttf', 'HGF9X_CNKI.ttf', 'HGF9_CNKI.ttf', 'HGFS1_CNKI.TTF', 'HGFS2_CNKI.TTF', 'HGFSH_CNKI.TTF', 'HGFS_CNKI.TTF', 'HGFX_CNKI.ttf', 'HGFZ_CNKI.ttf', 'HGGG_CNKI.TTF', 'HGH1X_CNKI.ttf', 'HGH1_CNKI.ttf', 'HGH2X_CNKI.ttf', 'HGH2_CNKI.ttf', 'HGH3X_CNKI.ttf', 'HGH3_CNKI.ttf', 'HGH4X_CNKI.ttf', 'HGH4_CNKI.ttf', 'HGH5X_CNKI.ttf', 'HGH5_CNKI.ttf', 'HGH6X_CNKI.ttf', 'HGH6_CNKI.ttf', 'HGH7X_CNKI.ttf', 'HGH7_CNKI.ttf', 'HGHB_CNKI.TTF', 'HGHD_CNKI.ttf', 'HGHP_CNKI.TTF', 'HGHT1_CNKI.ttf', 'HGHT2_CNKI.ttf', 'HGHUATI_CNKI.ttf', 'HGHX_CNKI.ttf', 'HGHZ_CNKI.ttf', 'HGH_CNKI.TTF', 'HGKT1_CNKI.TTF', 'HGKT2_CNKI.TTF', 'HGKT_CNKI.TTF', 'HGKY_CNKI.ttf', 'HGLB_CNKI.TTF', 'HGLS_CNKI.TTF', 'HGMH_CNKI.TTF', 'HGNBS_CNKI.ttf', 'HGOCR_CNKI.ttf', 'HGPH_CNKI.TTF', 'HGPTY_CNKI.TTF', 'HGSS1_CNKI.TTF', 'HGSS2_CNKI.TTF', 'HGSS_CNKI.TTF', 'HGSXT_CNKI.ttf', 'HGTT_CNKI.ttf', 'HGTX_CNKI.TTF', 'HGWT_CNKI.TTF', 'HGWYS_CNKI.TTF', 'HGX1X_CNKI.ttf', 'HGX1_CNKI.ttf', 'HGXBS_CNKI.TTF', 'HGXC_CNKI.TTF', 'HGXF1_CNKI.ttf', 'HGXFX_CNKI.ttf', 'HGXFZ_CNKI.ttf', 'HGXH1_CNKI.TTF', 'HGXH_CNKI.TTF', 'HGXK_CNKI.TTF', 'HGXL_CNKI.TTF', 'HGXS_CNKI.TTF', 'HGXT_CNKI.ttf', 'HGXY_CNKI.ttf', 'HGY1_CNKI.TTF', 'HGY2_CNKI.TTF', 'HGY3_CNKI.TTF', 'HGY4_CNKI.TTF', 'HGYB_CNKI.ttf', 'HGYT1_CNKI.ttf', 'HGYT2_CNKI.ttf', 'HGYT_CNKI.TTF', 'HGYX_CNKI.TTF', 'HGZCS_CNKI.TTF', 'HGZDX_CNKI.TTF', 'HGZK_CNKI.TTF', 'HGZYT_CNKI.TTF', 'HGZY_CNKI.TTF', 'himalaya.ttf', 'holomdl2.ttf', 'HTOWERT.TTF', 'HTOWERTI.TTF', 'hvgafix.fon', 'hvgasys.fon', 'impact.ttf', 'IMPRISHA.TTF', 'INFROMAN.TTF', 'Inkfree.ttf', 'iqiyi_logov7.ttf', 'ITCBLKAD.TTF', 'ITCEDSCR.TTF', 'ITCKRIST.TTF', 'j8514fix.fon', 'j8514oem.fon', 'j8514sys.fon', 'javatext.ttf', 'JOKERMAN.TTF', 'jsmalle.fon', 'jsmallf.fon', 'JUICE___.TTF', 'jvgafix.fon', 'jvgasys.fon', 'KUNSTLER.TTF', 'LATINWD.TTF', 'LBRITE.TTF', 'LBRITED.TTF', 'LBRITEDI.TTF', 'LBRITEI.TTF', 'LCALLIG.TTF', 'LeelaUIb.ttf', 'LeelawUI.ttf', 'LeelUIsl.ttf', 'LFAX.TTF', 'LFAXD.TTF', 'LFAXDI.TTF', 'LFAXI.TTF', 'LHANDW.TTF', 'LSANS.TTF', 'LSANSD.TTF', 'LSANSDI.TTF', 'LSANSI.TTF', 'LTYPE.TTF', 'LTYPEB.TTF', 'LTYPEBO.TTF', 'LTYPEO.TTF', 'lucon.ttf', 'l_10646.ttf', 'MAGNETOB.TTF', 'MAIAN.TTF', 'malgun.ttf', 'malgunbd.ttf', 'malgunsl.ttf', 'marlett.ttf', 'MATURASC.TTF', 'micross.ttf', 'mingliub.ttc', 'MISTRAL.TTF', 'mmrtext.ttf', 'mmrtextb.ttf', 'MOD20.TTF', 'modern.fon', 'monbaiti.ttf', 'msgothic.ttc', 'msjh.ttc', 'msjhbd.ttc', 'msjhl.ttc', 'msyh.ttc', 'msyhbd.ttc', 'msyhl.ttc', 'msyi.ttf', 'MTCORSVA.TTF', 'MTEXTRA.TTF', 'mvboli.ttf', 'NIAGENG.TTF', 'NIAGSOL.TTF', 'Nirmala.ttf', 'NirmalaB.ttf', 'NirmalaS.ttf', 'ntailu.ttf', 'ntailub.ttf', 'NumberOnly.ttf', 'OCRAEXT.TTF', 'OLDENGL.TTF', 'ONYX.TTF', 'OUTLOOK.TTF', 'pala.ttf', 'palab.ttf', 'palabi.ttf', 'palai.ttf', 'PALSCRI.TTF', 'PAPYRUS.TTF', 'PARCHM.TTF', 'PERBI___.TTF', 'PERB____.TTF', 'PERI____.TTF', 'PERTIBD.TTF', 'PERTILI.TTF', 'PER_____.TTF', 'phagspa.ttf', 'phagspab.ttf', 'PLAYBILL.TTF', 'POORICH.TTF', 'PRISTINA.TTF', 'RAGE.TTF', 'RAVIE.TTF', 'REFSAN.TTF', 'REFSPCL.TTF', 'ROCCB___.TTF', 'ROCC____.TTF', 'ROCK.TTF', 'ROCKB.TTF', 'ROCKBI.TTF', 'ROCKEB.TTF', 'ROCKI.TTF', 'roman.fon', 's8514fix.fon', 's8514oem.fon', 's8514sys.fon', 'SCHLBKB.TTF', 'SCHLBKBI.TTF', 'SCHLBKI.TTF', 'script.fon', 'SCRIPTBL.TTF', 'segmdl2.ttf', 'SegoeIcons.ttf', 'segoepr.ttf', 'segoeprb.ttf', 'segoesc.ttf', 'segoescb.ttf', 'segoeui.ttf', 'segoeuib.ttf', 'segoeuii.ttf', 'segoeuil.ttf', 'segoeuisl.ttf', 'segoeuiz.ttf', 'seguibl.ttf', 'seguibli.ttf', 'seguiemj.ttf', 'seguihis.ttf', 'seguili.ttf', 'seguisb.ttf', 'seguisbi.ttf', 'seguisli.ttf', 'seguisym.ttf', 'SegUIVar.ttf', 'sere1255.fon', 'sere1256.fon', 'sere1257.fon', 'serf1255.fon', 'serf1256.fon', 'serf1257.fon', 'serife.fon', 'serifee.fon', 'serifeg.fon', 'serifer.fon', 'serifet.fon', 'seriff.fon', 'seriffe.fon', 'seriffg.fon', 'seriffr.fon', 'serifft.fon', 'SHOWG.TTF', 'simfang.ttf', 'simhei.ttf', 'simkai.ttf', 'SIMLI.TTF', 'simsun.ttc', 'simsunb.ttf', 'SIMYOU.TTF', 'SitkaVF-Italic.ttf', 'SitkaVF.ttf', 'smae1255.fon', 'smae1256.fon', 'smae1257.fon', 'smaf1255.fon', 'smaf1256.fon', 'smaf1257.fon', 'smalle.fon', 'smallee.fon', 'smalleg.fon', 'smaller.fon', 'smallet.fon', 'smallf.fon', 'smallfe.fon', 'smallfg.fon', 'smallfr.fon', 'smallft.fon', 'SNAP____.TTF', 'ssee1255.fon', 'ssee1256.fon', 'ssee1257.fon', 'ssee874.fon', 'ssef1255.fon', 'ssef1256.fon', 'ssef1257.fon', 'ssef874.fon', 'sserife.fon', 'sserifee.fon', 'sserifeg.fon', 'sserifer.fon', 'sserifet.fon', 'sseriff.fon', 'sseriffe.fon', 'sseriffg.fon', 'sseriffr.fon', 'sserifft.fon', 'StaticCache.dat', 'STCAIYUN.TTF', 'STENCIL.TTF', 'STFANGSO.TTF', 'STHUPO.TTF', 'STKAITI.TTF', 'STLITI.TTF', 'STSONG.TTF', 'STXIHEI.TTF', 'STXINGKA.TTF', 'STXINWEI.TTF', 'STZHONGS.TTF', 'svgafix.fon', 'svgasys.fon', 'sylfaen.ttf', 'symbol.ttf', 'tahoma.ttf', 'tahomabd.ttf', 'taile.ttf', 'taileb.ttf', 'TCBI____.TTF', 'TCB_____.TTF', 'TCCB____.TTF', 'TCCEB.TTF', 'TCCM____.TTF', 'TCMI____.TTF', 'TCM_____.TTF', 'TEMPSITC.TTF', 'times.ttf', 'timesbd.ttf', 'timesbi.ttf', 'timesi.ttf', 'trebuc.ttf', 'trebucbd.ttf', 'trebucbi.ttf', 'trebucit.ttf', 'verdana.ttf', 'verdanab.ttf', 'verdanai.ttf', 'verdanaz.ttf', 'vga737.fon', 'vga775.fon', 'vga850.fon', 'vga852.fon', 'vga855.fon', 'vga857.fon', 'vga860.fon', 'vga861.fon', 'vga863.fon', 'vga865.fon', 'vga866.fon', 'vga869.fon', 'vga932.fon', 'vga936.fon', 'vga949.fon', 'vga950.fon', 'vgaf1255.fon', 'vgaf1256.fon', 'vgaf1257.fon', 'vgaf874.fon', 'vgafix.fon', 'vgafixe.fon', 'vgafixg.fon', 'vgafixr.fon', 'vgafixt.fon', 'vgaoem.fon', 'vgas1255.fon', 'vgas1256.fon', 'vgas1257.fon', 'vgas874.fon', 'vgasys.fon', 'vgasyse.fon', 'vgasysg.fon', 'vgasysr.fon', 'vgasyst.fon', 'VINERITC.TTF', 'VIVALDII.TTF', 'VLADIMIR.TTF', 'webdings.ttf', 'wingding.ttf', 'WINGDNG2.TTF', 'WINGDNG3.TTF', 'YuGothB.ttc', 'YuGothL.ttc', 'YuGothM.ttc', 'YuGothR.ttc', '\u534e\u5eb7\u65b9\u5706\u4f53W7.TTC', '\u65b9\u6b63\u7c97\u9ed1\u5b8b\u7b80\u4f53.ttf']
2023-09-27 15:09:15,615 - INFO - all fonts installed:['8514fix.fon', '8514fixe.fon', '8514fixg.fon', '8514fixr.fon', '8514fixt.fon', '8514oem.fon', '8514oeme.fon', '8514oemg.fon', '8514oemr.fon', '8514oemt.fon', '8514sys.fon', '8514syse.fon', '8514sysg.fon', '8514sysr.fon', '8514syst.fon', '85775.fon', '85855.fon', '85f1255.fon', '85f1256.fon', '85f1257.fon', '85f874.fon', '85s1255.fon', '85s1256.fon', '85s1257.fon', '85s874.fon', 'AGENCYB.TTF', 'AGENCYR.TTF', 'ALGER.TTF', 'ANTQUAB.TTF', 'ANTQUABI.TTF', 'ANTQUAI.TTF', 'app775.fon', 'app850.fon', 'app852.fon', 'app855.fon', 'app857.fon', 'app866.fon', 'app932.fon', 'app936.fon', 'app949.fon', 'app950.fon', 'arial.ttf', 'arialbd.ttf', 'arialbi.ttf', 'ariali.ttf', 'ARIALN.TTF', 'ARIALNB.TTF', 'ARIALNBI.TTF', 'ARIALNI.TTF', 'ariblk.ttf', 'ARLRDBD.TTF', 'AxureHandwriting-Bold.otf', 'AxureHandwriting-BoldItalic.otf', 'AxureHandwriting-Italic.otf', 'AxureHandwriting.otf', 'bahnschrift.ttf', 'BASKVILL.TTF', 'BAUHS93.TTF', 'BELL.TTF', 'BELLB.TTF', 'BELLI.TTF', 'BERNHC.TTF', 'BKANT.TTF', 'BOD_B.TTF', 'BOD_BI.TTF', 'BOD_BLAI.TTF', 'BOD_BLAR.TTF', 'BOD_CB.TTF', 'BOD_CBI.TTF', 'BOD_CI.TTF', 'BOD_CR.TTF', 'BOD_I.TTF', 'BOD_PSTC.TTF', 'BOD_R.TTF', 'BOOKOS.TTF', 'BOOKOSB.TTF', 'BOOKOSBI.TTF', 'BOOKOSI.TTF', 'BRADHITC.TTF', 'BRITANIC.TTF', 'BRLNSB.TTF', 'BRLNSDB.TTF', 'BRLNSR.TTF', 'BROADW.TTF', 'BRUSHSCI.TTF', 'BSSYM7.TTF', 'c8514fix.fon', 'c8514oem.fon', 'c8514sys.fon', 'calibri.ttf', 'calibrib.ttf', 'calibrii.ttf', 'calibril.ttf', 'calibrili.ttf', 'calibriz.ttf', 'CALIFB.TTF', 'CALIFI.TTF', 'CALIFR.TTF', 'CALIST.TTF', 'CALISTB.TTF', 'CALISTBI.TTF', 'CALISTI.TTF', 'cambria.ttc', 'cambriab.ttf', 'cambriai.ttf', 'cambriaz.ttf', 'Candara.ttf', 'Candarab.ttf', 'Candarai.ttf', 'Candaral.ttf', 'Candarali.ttf', 'Candaraz.ttf', 'CascadiaCode.ttf', 'CascadiaMono.ttf', 'CASTELAR.TTF', 'CENSCBK.TTF', 'CENTAUR.TTF', 'CENTURY.TTF', 'cga40737.fon', 'cga40850.fon', 'cga40852.fon', 'cga40857.fon', 'cga40866.fon', 'cga40869.fon', 'cga40woa.fon', 'cga80737.fon', 'cga80850.fon', 'cga80852.fon', 'cga80857.fon', 'cga80866.fon', 'cga80869.fon', 'cga80woa.fon', 'CHILLER.TTF', 'COLONNA.TTF', 'comic.ttf', 'comicbd.ttf', 'comici.ttf', 'comicz.ttf', 'consola.ttf', 'consolab.ttf', 'consolai.ttf', 'consolaz.ttf', 'constan.ttf', 'constanb.ttf', 'constani.ttf', 'constanz.ttf', 'COOPBL.TTF', 'COPRGTB.TTF', 'COPRGTL.TTF', 'corbel.ttf', 'corbelb.ttf', 'corbeli.ttf', 'corbell.ttf', 'corbelli.ttf', 'corbelz.ttf', 'coue1255.fon', 'coue1256.fon', 'coue1257.fon', 'couf1255.fon', 'couf1256.fon', 'couf1257.fon', 'cour.ttf', 'courbd.ttf', 'courbi.ttf', 'coure.fon', 'couree.fon', 'coureg.fon', 'courer.fon', 'couret.fon', 'courf.fon', 'courfe.fon', 'courfg.fon', 'courfr.fon', 'courft.fon', 'couri.ttf', 'CURLZ___.TTF', 'cvgafix.fon', 'cvgasys.fon', 'Deng.ttf', 'Dengb.ttf', 'Dengl.ttf', 'desktop.ini', 'dos737.fon', 'dos869.fon', 'dosapp.fon', 'DUBAI-BOLD.TTF', 'DUBAI-LIGHT.TTF', 'DUBAI-MEDIUM.TTF', 'DUBAI-REGULAR.TTF', 'ebrima.ttf', 'ebrimabd.ttf', 'ega40737.fon', 'ega40850.fon', 'ega40852.fon', 'ega40857.fon', 'ega40866.fon', 'ega40869.fon', 'ega40woa.fon', 'ega80737.fon', 'ega80850.fon', 'ega80852.fon', 'ega80857.fon', 'ega80866.fon', 'ega80869.fon', 'ega80woa.fon', 'ELEPHNT.TTF', 'ELEPHNTI.TTF', 'ENGR.TTF', 'ERASBD.TTF', 'ERASDEMI.TTF', 'ERASLGHT.TTF', 'ERASMD.TTF', 'FELIXTI.TTF', 'fms_metadata.xml', 'FORTE.TTF', 'FRABK.TTF', 'FRABKIT.TTF', 'FRADM.TTF', 'FRADMCN.TTF', 'FRADMIT.TTF', 'FRAHV.TTF', 'FRAHVIT.TTF', 'framd.ttf', 'FRAMDCN.TTF', 'framdit.ttf', 'FREESCPT.TTF', 'FRSCRIPT.TTF', 'FTLTLT.TTF', 'FZSTK.TTF', 'FZYTK.TTF', 'Gabriola.ttf', 'gadugi.ttf', 'gadugib.ttf', 'GARA.TTF', 'GARABD.TTF', 'GARAIT.TTF', 'georgia.ttf', 'georgiab.ttf', 'georgiai.ttf', 'georgiaz.ttf', 'GIGI.TTF', 'GILBI___.TTF', 'GILB____.TTF', 'GILC____.TTF', 'GILI____.TTF', 'GILLUBCD.TTF', 'GILSANUB.TTF', 'GIL_____.TTF', 'GLECB.TTF', 'GlobalMonospace.CompositeFont', 'GlobalSansSerif.CompositeFont', 'GlobalSerif.CompositeFont', 'GlobalUserInterface.CompositeFont', 'GLSNECB.TTF', 'GOTHIC.TTF', 'GOTHICB.TTF', 'GOTHICBI.TTF', 'GOTHICI.TTF', 'GOUDOS.TTF', 'GOUDOSB.TTF', 'GOUDOSI.TTF', 'GOUDYSTO.TTF', 'h8514fix.fon', 'h8514oem.fon', 'h8514sys.fon', 'HARLOWSI.TTF', 'HARNGTON.TTF', 'HATTEN.TTF', 'HGB1X_CNKI.ttf', 'HGB1_CNKI.ttf', 'HGB2X_CNKI.ttf', 'HGB2_CNKI.ttf', 'HGB3X_CNKI.ttf', 'HGB3_CNKI.ttf', 'HGB4X_CNKI.ttf', 'HGB4_CNKI.ttf', 'HGB5X_CNKI.ttf', 'HGB5_CNKI.ttf', 'HGB6X_CNKI.ttf', 'HGB6_CNKI.ttf', 'HGB7X_CNKI.ttf', 'HGB7_CNKI.ttf', 'HGB8X_CNKI.ttf', 'HGB8_CNKI.ttf', 'HGBD_CNKI.ttf', 'HGBKBX_CNKI.ttf', 'HGBKB_CNKI.ttf', 'HGBKHX_CNKI.ttf', 'HGBKH_CNKI.ttf', 'HGBS1_CNKI.TTF', 'HGBS2_CNKI.TTF', 'HGBS_CNKI.TTF', 'HGBTH_CNKI.TTF', 'HGBTS_CNKI.TTF', 'HGBX_CNKI.ttf', 'HGBZ_CNKI.ttf', 'HGCH_CNKI.TTF', 'HGCUH_CNKI.TTF', 'HGCY_CNKI.TTF', 'HGDBS_CNKI.TTF', 'HGDGY_CNKI.TTF', 'HGDH2_CNKI.TTF', 'HGDH_CNKI.TTF', 'HGDYS_CNKI.TTF', 'HGDY_CNKI.ttf', 'HGF1X_CNKI.ttf', 'HGF1_CNKI.ttf', 'HGF2X_CNKI.ttf', 'HGF2_CNKI.ttf', 'HGF3_CNKI.ttf', 'HGF4X_CNKI.ttf', 'HGF4_CNKI.ttf', 'HGF5X_CNKI.ttf', 'HGF5_CNKI.ttf', 'HGF6X_CNKI.ttf', 'HGF6_CNKI.ttf', 'HGF7X_CNKI.ttf', 'HGF7_CNKI.ttf', 'HGF8_CNKI.ttf', 'HGF9X_CNKI.ttf', 'HGF9_CNKI.ttf', 'HGFS1_CNKI.TTF', 'HGFS2_CNKI.TTF', 'HGFSH_CNKI.TTF', 'HGFS_CNKI.TTF', 'HGFX_CNKI.ttf', 'HGFZ_CNKI.ttf', 'HGGG_CNKI.TTF', 'HGH1X_CNKI.ttf', 'HGH1_CNKI.ttf', 'HGH2X_CNKI.ttf', 'HGH2_CNKI.ttf', 'HGH3X_CNKI.ttf', 'HGH3_CNKI.ttf', 'HGH4X_CNKI.ttf', 'HGH4_CNKI.ttf', 'HGH5X_CNKI.ttf', 'HGH5_CNKI.ttf', 'HGH6X_CNKI.ttf', 'HGH6_CNKI.ttf', 'HGH7X_CNKI.ttf', 'HGH7_CNKI.ttf', 'HGHB_CNKI.TTF', 'HGHD_CNKI.ttf', 'HGHP_CNKI.TTF', 'HGHT1_CNKI.ttf', 'HGHT2_CNKI.ttf', 'HGHUATI_CNKI.ttf', 'HGHX_CNKI.ttf', 'HGHZ_CNKI.ttf', 'HGH_CNKI.TTF', 'HGKT1_CNKI.TTF', 'HGKT2_CNKI.TTF', 'HGKT_CNKI.TTF', 'HGKY_CNKI.ttf', 'HGLB_CNKI.TTF', 'HGLS_CNKI.TTF', 'HGMH_CNKI.TTF', 'HGNBS_CNKI.ttf', 'HGOCR_CNKI.ttf', 'HGPH_CNKI.TTF', 'HGPTY_CNKI.TTF', 'HGSS1_CNKI.TTF', 'HGSS2_CNKI.TTF', 'HGSS_CNKI.TTF', 'HGSXT_CNKI.ttf', 'HGTT_CNKI.ttf', 'HGTX_CNKI.TTF', 'HGWT_CNKI.TTF', 'HGWYS_CNKI.TTF', 'HGX1X_CNKI.ttf', 'HGX1_CNKI.ttf', 'HGXBS_CNKI.TTF', 'HGXC_CNKI.TTF', 'HGXF1_CNKI.ttf', 'HGXFX_CNKI.ttf', 'HGXFZ_CNKI.ttf', 'HGXH1_CNKI.TTF', 'HGXH_CNKI.TTF', 'HGXK_CNKI.TTF', 'HGXL_CNKI.TTF', 'HGXS_CNKI.TTF', 'HGXT_CNKI.ttf', 'HGXY_CNKI.ttf', 'HGY1_CNKI.TTF', 'HGY2_CNKI.TTF', 'HGY3_CNKI.TTF', 'HGY4_CNKI.TTF', 'HGYB_CNKI.ttf', 'HGYT1_CNKI.ttf', 'HGYT2_CNKI.ttf', 'HGYT_CNKI.TTF', 'HGYX_CNKI.TTF', 'HGZCS_CNKI.TTF', 'HGZDX_CNKI.TTF', 'HGZK_CNKI.TTF', 'HGZYT_CNKI.TTF', 'HGZY_CNKI.TTF', 'himalaya.ttf', 'holomdl2.ttf', 'HTOWERT.TTF', 'HTOWERTI.TTF', 'hvgafix.fon', 'hvgasys.fon', 'impact.ttf', 'IMPRISHA.TTF', 'INFROMAN.TTF', 'Inkfree.ttf', 'iqiyi_logov7.ttf', 'ITCBLKAD.TTF', 'ITCEDSCR.TTF', 'ITCKRIST.TTF', 'j8514fix.fon', 'j8514oem.fon', 'j8514sys.fon', 'javatext.ttf', 'JOKERMAN.TTF', 'jsmalle.fon', 'jsmallf.fon', 'JUICE___.TTF', 'jvgafix.fon', 'jvgasys.fon', 'KUNSTLER.TTF', 'LATINWD.TTF', 'LBRITE.TTF', 'LBRITED.TTF', 'LBRITEDI.TTF', 'LBRITEI.TTF', 'LCALLIG.TTF', 'LeelaUIb.ttf', 'LeelawUI.ttf', 'LeelUIsl.ttf', 'LFAX.TTF', 'LFAXD.TTF', 'LFAXDI.TTF', 'LFAXI.TTF', 'LHANDW.TTF', 'LSANS.TTF', 'LSANSD.TTF', 'LSANSDI.TTF', 'LSANSI.TTF', 'LTYPE.TTF', 'LTYPEB.TTF', 'LTYPEBO.TTF', 'LTYPEO.TTF', 'lucon.ttf', 'l_10646.ttf', 'MAGNETOB.TTF', 'MAIAN.TTF', 'malgun.ttf', 'malgunbd.ttf', 'malgunsl.ttf', 'marlett.ttf', 'MATURASC.TTF', 'micross.ttf', 'mingliub.ttc', 'MISTRAL.TTF', 'mmrtext.ttf', 'mmrtextb.ttf', 'MOD20.TTF', 'modern.fon', 'monbaiti.ttf', 'msgothic.ttc', 'msjh.ttc', 'msjhbd.ttc', 'msjhl.ttc', 'msyh.ttc', 'msyhbd.ttc', 'msyhl.ttc', 'msyi.ttf', 'MTCORSVA.TTF', 'MTEXTRA.TTF', 'mvboli.ttf', 'NIAGENG.TTF', 'NIAGSOL.TTF', 'Nirmala.ttf', 'NirmalaB.ttf', 'NirmalaS.ttf', 'ntailu.ttf', 'ntailub.ttf', 'NumberOnly.ttf', 'OCRAEXT.TTF', 'OLDENGL.TTF', 'ONYX.TTF', 'OUTLOOK.TTF', 'pala.ttf', 'palab.ttf', 'palabi.ttf', 'palai.ttf', 'PALSCRI.TTF', 'PAPYRUS.TTF', 'PARCHM.TTF', 'PERBI___.TTF', 'PERB____.TTF', 'PERI____.TTF', 'PERTIBD.TTF', 'PERTILI.TTF', 'PER_____.TTF', 'phagspa.ttf', 'phagspab.ttf', 'PLAYBILL.TTF', 'POORICH.TTF', 'PRISTINA.TTF', 'RAGE.TTF', 'RAVIE.TTF', 'REFSAN.TTF', 'REFSPCL.TTF', 'ROCCB___.TTF', 'ROCC____.TTF', 'ROCK.TTF', 'ROCKB.TTF', 'ROCKBI.TTF', 'ROCKEB.TTF', 'ROCKI.TTF', 'roman.fon', 's8514fix.fon', 's8514oem.fon', 's8514sys.fon', 'SCHLBKB.TTF', 'SCHLBKBI.TTF', 'SCHLBKI.TTF', 'script.fon', 'SCRIPTBL.TTF', 'segmdl2.ttf', 'SegoeIcons.ttf', 'segoepr.ttf', 'segoeprb.ttf', 'segoesc.ttf', 'segoescb.ttf', 'segoeui.ttf', 'segoeuib.ttf', 'segoeuii.ttf', 'segoeuil.ttf', 'segoeuisl.ttf', 'segoeuiz.ttf', 'seguibl.ttf', 'seguibli.ttf', 'seguiemj.ttf', 'seguihis.ttf', 'seguili.ttf', 'seguisb.ttf', 'seguisbi.ttf', 'seguisli.ttf', 'seguisym.ttf', 'SegUIVar.ttf', 'sere1255.fon', 'sere1256.fon', 'sere1257.fon', 'serf1255.fon', 'serf1256.fon', 'serf1257.fon', 'serife.fon', 'serifee.fon', 'serifeg.fon', 'serifer.fon', 'serifet.fon', 'seriff.fon', 'seriffe.fon', 'seriffg.fon', 'seriffr.fon', 'serifft.fon', 'SHOWG.TTF', 'simfang.ttf', 'simhei.ttf', 'simkai.ttf', 'SIMLI.TTF', 'simsun.ttc', 'simsunb.ttf', 'SIMYOU.TTF', 'SitkaVF-Italic.ttf', 'SitkaVF.ttf', 'smae1255.fon', 'smae1256.fon', 'smae1257.fon', 'smaf1255.fon', 'smaf1256.fon', 'smaf1257.fon', 'smalle.fon', 'smallee.fon', 'smalleg.fon', 'smaller.fon', 'smallet.fon', 'smallf.fon', 'smallfe.fon', 'smallfg.fon', 'smallfr.fon', 'smallft.fon', 'SNAP____.TTF', 'ssee1255.fon', 'ssee1256.fon', 'ssee1257.fon', 'ssee874.fon', 'ssef1255.fon', 'ssef1256.fon', 'ssef1257.fon', 'ssef874.fon', 'sserife.fon', 'sserifee.fon', 'sserifeg.fon', 'sserifer.fon', 'sserifet.fon', 'sseriff.fon', 'sseriffe.fon', 'sseriffg.fon', 'sseriffr.fon', 'sserifft.fon', 'StaticCache.dat', 'STCAIYUN.TTF', 'STENCIL.TTF', 'STFANGSO.TTF', 'STHUPO.TTF', 'STKAITI.TTF', 'STLITI.TTF', 'STSONG.TTF', 'STXIHEI.TTF', 'STXINGKA.TTF', 'STXINWEI.TTF', 'STZHONGS.TTF', 'svgafix.fon', 'svgasys.fon', 'sylfaen.ttf', 'symbol.ttf', 'tahoma.ttf', 'tahomabd.ttf', 'taile.ttf', 'taileb.ttf', 'TCBI____.TTF', 'TCB_____.TTF', 'TCCB____.TTF', 'TCCEB.TTF', 'TCCM____.TTF', 'TCMI____.TTF', 'TCM_____.TTF', 'TEMPSITC.TTF', 'times.ttf', 'timesbd.ttf', 'timesbi.ttf', 'timesi.ttf', 'trebuc.ttf', 'trebucbd.ttf', 'trebucbi.ttf', 'trebucit.ttf', 'verdana.ttf', 'verdanab.ttf', 'verdanai.ttf', 'verdanaz.ttf', 'vga737.fon', 'vga775.fon', 'vga850.fon', 'vga852.fon', 'vga855.fon', 'vga857.fon', 'vga860.fon', 'vga861.fon', 'vga863.fon', 'vga865.fon', 'vga866.fon', 'vga869.fon', 'vga932.fon', 'vga936.fon', 'vga949.fon', 'vga950.fon', 'vgaf1255.fon', 'vgaf1256.fon', 'vgaf1257.fon', 'vgaf874.fon', 'vgafix.fon', 'vgafixe.fon', 'vgafixg.fon', 'vgafixr.fon', 'vgafixt.fon', 'vgaoem.fon', 'vgas1255.fon', 'vgas1256.fon', 'vgas1257.fon', 'vgas874.fon', 'vgasys.fon', 'vgasyse.fon', 'vgasysg.fon', 'vgasysr.fon', 'vgasyst.fon', 'VINERITC.TTF', 'VIVALDII.TTF', 'VLADIMIR.TTF', 'webdings.ttf', 'wingding.ttf', 'WINGDNG2.TTF', 'WINGDNG3.TTF', 'YuGothB.ttc', 'YuGothL.ttc', 'YuGothM.ttc', 'YuGothR.ttc', '\u534e\u5eb7\u65b9\u5706\u4f53W7.TTC', '\u65b9\u6b63\u7c97\u9ed1\u5b8b\u7b80\u4f53.ttf']
2023-09-27 15:09:15,617 - INFO - all fonts installed:['8514fix.fon', '8514fixe.fon', '8514fixg.fon', '8514fixr.fon', '8514fixt.fon', '8514oem.fon', '8514oeme.fon', '8514oemg.fon', '8514oemr.fon', '8514oemt.fon', '8514sys.fon', '8514syse.fon', '8514sysg.fon', '8514sysr.fon', '8514syst.fon', '85775.fon', '85855.fon', '85f1255.fon', '85f1256.fon', '85f1257.fon', '85f874.fon', '85s1255.fon', '85s1256.fon', '85s1257.fon', '85s874.fon', 'AGENCYB.TTF', 'AGENCYR.TTF', 'ALGER.TTF', 'ANTQUAB.TTF', 'ANTQUABI.TTF', 'ANTQUAI.TTF', 'app775.fon', 'app850.fon', 'app852.fon', 'app855.fon', 'app857.fon', 'app866.fon', 'app932.fon', 'app936.fon', 'app949.fon', 'app950.fon', 'arial.ttf', 'arialbd.ttf', 'arialbi.ttf', 'ariali.ttf', 'ARIALN.TTF', 'ARIALNB.TTF', 'ARIALNBI.TTF', 'ARIALNI.TTF', 'ariblk.ttf', 'ARLRDBD.TTF', 'AxureHandwriting-Bold.otf', 'AxureHandwriting-BoldItalic.otf', 'AxureHandwriting-Italic.otf', 'AxureHandwriting.otf', 'bahnschrift.ttf', 'BASKVILL.TTF', 'BAUHS93.TTF', 'BELL.TTF', 'BELLB.TTF', 'BELLI.TTF', 'BERNHC.TTF', 'BKANT.TTF', 'BOD_B.TTF', 'BOD_BI.TTF', 'BOD_BLAI.TTF', 'BOD_BLAR.TTF', 'BOD_CB.TTF', 'BOD_CBI.TTF', 'BOD_CI.TTF', 'BOD_CR.TTF', 'BOD_I.TTF', 'BOD_PSTC.TTF', 'BOD_R.TTF', 'BOOKOS.TTF', 'BOOKOSB.TTF', 'BOOKOSBI.TTF', 'BOOKOSI.TTF', 'BRADHITC.TTF', 'BRITANIC.TTF', 'BRLNSB.TTF', 'BRLNSDB.TTF', 'BRLNSR.TTF', 'BROADW.TTF', 'BRUSHSCI.TTF', 'BSSYM7.TTF', 'c8514fix.fon', 'c8514oem.fon', 'c8514sys.fon', 'calibri.ttf', 'calibrib.ttf', 'calibrii.ttf', 'calibril.ttf', 'calibrili.ttf', 'calibriz.ttf', 'CALIFB.TTF', 'CALIFI.TTF', 'CALIFR.TTF', 'CALIST.TTF', 'CALISTB.TTF', 'CALISTBI.TTF', 'CALISTI.TTF', 'cambria.ttc', 'cambriab.ttf', 'cambriai.ttf', 'cambriaz.ttf', 'Candara.ttf', 'Candarab.ttf', 'Candarai.ttf', 'Candaral.ttf', 'Candarali.ttf', 'Candaraz.ttf', 'CascadiaCode.ttf', 'CascadiaMono.ttf', 'CASTELAR.TTF', 'CENSCBK.TTF', 'CENTAUR.TTF', 'CENTURY.TTF', 'cga40737.fon', 'cga40850.fon', 'cga40852.fon', 'cga40857.fon', 'cga40866.fon', 'cga40869.fon', 'cga40woa.fon', 'cga80737.fon', 'cga80850.fon', 'cga80852.fon', 'cga80857.fon', 'cga80866.fon', 'cga80869.fon', 'cga80woa.fon', 'CHILLER.TTF', 'COLONNA.TTF', 'comic.ttf', 'comicbd.ttf', 'comici.ttf', 'comicz.ttf', 'consola.ttf', 'consolab.ttf', 'consolai.ttf', 'consolaz.ttf', 'constan.ttf', 'constanb.ttf', 'constani.ttf', 'constanz.ttf', 'COOPBL.TTF', 'COPRGTB.TTF', 'COPRGTL.TTF', 'corbel.ttf', 'corbelb.ttf', 'corbeli.ttf', 'corbell.ttf', 'corbelli.ttf', 'corbelz.ttf', 'coue1255.fon', 'coue1256.fon', 'coue1257.fon', 'couf1255.fon', 'couf1256.fon', 'couf1257.fon', 'cour.ttf', 'courbd.ttf', 'courbi.ttf', 'coure.fon', 'couree.fon', 'coureg.fon', 'courer.fon', 'couret.fon', 'courf.fon', 'courfe.fon', 'courfg.fon', 'courfr.fon', 'courft.fon', 'couri.ttf', 'CURLZ___.TTF', 'cvgafix.fon', 'cvgasys.fon', 'Deng.ttf', 'Dengb.ttf', 'Dengl.ttf', 'desktop.ini', 'dos737.fon', 'dos869.fon', 'dosapp.fon', 'DUBAI-BOLD.TTF', 'DUBAI-LIGHT.TTF', 'DUBAI-MEDIUM.TTF', 'DUBAI-REGULAR.TTF', 'ebrima.ttf', 'ebrimabd.ttf', 'ega40737.fon', 'ega40850.fon', 'ega40852.fon', 'ega40857.fon', 'ega40866.fon', 'ega40869.fon', 'ega40woa.fon', 'ega80737.fon', 'ega80850.fon', 'ega80852.fon', 'ega80857.fon', 'ega80866.fon', 'ega80869.fon', 'ega80woa.fon', 'ELEPHNT.TTF', 'ELEPHNTI.TTF', 'ENGR.TTF', 'ERASBD.TTF', 'ERASDEMI.TTF', 'ERASLGHT.TTF', 'ERASMD.TTF', 'FELIXTI.TTF', 'fms_metadata.xml', 'FORTE.TTF', 'FRABK.TTF', 'FRABKIT.TTF', 'FRADM.TTF', 'FRADMCN.TTF', 'FRADMIT.TTF', 'FRAHV.TTF', 'FRAHVIT.TTF', 'framd.ttf', 'FRAMDCN.TTF', 'framdit.ttf', 'FREESCPT.TTF', 'FRSCRIPT.TTF', 'FTLTLT.TTF', 'FZSTK.TTF', 'FZYTK.TTF', 'Gabriola.ttf', 'gadugi.ttf', 'gadugib.ttf', 'GARA.TTF', 'GARABD.TTF', 'GARAIT.TTF', 'georgia.ttf', 'georgiab.ttf', 'georgiai.ttf', 'georgiaz.ttf', 'GIGI.TTF', 'GILBI___.TTF', 'GILB____.TTF', 'GILC____.TTF', 'GILI____.TTF', 'GILLUBCD.TTF', 'GILSANUB.TTF', 'GIL_____.TTF', 'GLECB.TTF', 'GlobalMonospace.CompositeFont', 'GlobalSansSerif.CompositeFont', 'GlobalSerif.CompositeFont', 'GlobalUserInterface.CompositeFont', 'GLSNECB.TTF', 'GOTHIC.TTF', 'GOTHICB.TTF', 'GOTHICBI.TTF', 'GOTHICI.TTF', 'GOUDOS.TTF', 'GOUDOSB.TTF', 'GOUDOSI.TTF', 'GOUDYSTO.TTF', 'h8514fix.fon', 'h8514oem.fon', 'h8514sys.fon', 'HARLOWSI.TTF', 'HARNGTON.TTF', 'HATTEN.TTF', 'HGB1X_CNKI.ttf', 'HGB1_CNKI.ttf', 'HGB2X_CNKI.ttf', 'HGB2_CNKI.ttf', 'HGB3X_CNKI.ttf', 'HGB3_CNKI.ttf', 'HGB4X_CNKI.ttf', 'HGB4_CNKI.ttf', 'HGB5X_CNKI.ttf', 'HGB5_CNKI.ttf', 'HGB6X_CNKI.ttf', 'HGB6_CNKI.ttf', 'HGB7X_CNKI.ttf', 'HGB7_CNKI.ttf', 'HGB8X_CNKI.ttf', 'HGB8_CNKI.ttf', 'HGBD_CNKI.ttf', 'HGBKBX_CNKI.ttf', 'HGBKB_CNKI.ttf', 'HGBKHX_CNKI.ttf', 'HGBKH_CNKI.ttf', 'HGBS1_CNKI.TTF', 'HGBS2_CNKI.TTF', 'HGBS_CNKI.TTF', 'HGBTH_CNKI.TTF', 'HGBTS_CNKI.TTF', 'HGBX_CNKI.ttf', 'HGBZ_CNKI.ttf', 'HGCH_CNKI.TTF', 'HGCUH_CNKI.TTF', 'HGCY_CNKI.TTF', 'HGDBS_CNKI.TTF', 'HGDGY_CNKI.TTF', 'HGDH2_CNKI.TTF', 'HGDH_CNKI.TTF', 'HGDYS_CNKI.TTF', 'HGDY_CNKI.ttf', 'HGF1X_CNKI.ttf', 'HGF1_CNKI.ttf', 'HGF2X_CNKI.ttf', 'HGF2_CNKI.ttf', 'HGF3_CNKI.ttf', 'HGF4X_CNKI.ttf', 'HGF4_CNKI.ttf', 'HGF5X_CNKI.ttf', 'HGF5_CNKI.ttf', 'HGF6X_CNKI.ttf', 'HGF6_CNKI.ttf', 'HGF7X_CNKI.ttf', 'HGF7_CNKI.ttf', 'HGF8_CNKI.ttf', 'HGF9X_CNKI.ttf', 'HGF9_CNKI.ttf', 'HGFS1_CNKI.TTF', 'HGFS2_CNKI.TTF', 'HGFSH_CNKI.TTF', 'HGFS_CNKI.TTF', 'HGFX_CNKI.ttf', 'HGFZ_CNKI.ttf', 'HGGG_CNKI.TTF', 'HGH1X_CNKI.ttf', 'HGH1_CNKI.ttf', 'HGH2X_CNKI.ttf', 'HGH2_CNKI.ttf', 'HGH3X_CNKI.ttf', 'HGH3_CNKI.ttf', 'HGH4X_CNKI.ttf', 'HGH4_CNKI.ttf', 'HGH5X_CNKI.ttf', 'HGH5_CNKI.ttf', 'HGH6X_CNKI.ttf', 'HGH6_CNKI.ttf', 'HGH7X_CNKI.ttf', 'HGH7_CNKI.ttf', 'HGHB_CNKI.TTF', 'HGHD_CNKI.ttf', 'HGHP_CNKI.TTF', 'HGHT1_CNKI.ttf', 'HGHT2_CNKI.ttf', 'HGHUATI_CNKI.ttf', 'HGHX_CNKI.ttf', 'HGHZ_CNKI.ttf', 'HGH_CNKI.TTF', 'HGKT1_CNKI.TTF', 'HGKT2_CNKI.TTF', 'HGKT_CNKI.TTF', 'HGKY_CNKI.ttf', 'HGLB_CNKI.TTF', 'HGLS_CNKI.TTF', 'HGMH_CNKI.TTF', 'HGNBS_CNKI.ttf', 'HGOCR_CNKI.ttf', 'HGPH_CNKI.TTF', 'HGPTY_CNKI.TTF', 'HGSS1_CNKI.TTF', 'HGSS2_CNKI.TTF', 'HGSS_CNKI.TTF', 'HGSXT_CNKI.ttf', 'HGTT_CNKI.ttf', 'HGTX_CNKI.TTF', 'HGWT_CNKI.TTF', 'HGWYS_CNKI.TTF', 'HGX1X_CNKI.ttf', 'HGX1_CNKI.ttf', 'HGXBS_CNKI.TTF', 'HGXC_CNKI.TTF', 'HGXF1_CNKI.ttf', 'HGXFX_CNKI.ttf', 'HGXFZ_CNKI.ttf', 'HGXH1_CNKI.TTF', 'HGXH_CNKI.TTF', 'HGXK_CNKI.TTF', 'HGXL_CNKI.TTF', 'HGXS_CNKI.TTF', 'HGXT_CNKI.ttf', 'HGXY_CNKI.ttf', 'HGY1_CNKI.TTF', 'HGY2_CNKI.TTF', 'HGY3_CNKI.TTF', 'HGY4_CNKI.TTF', 'HGYB_CNKI.ttf', 'HGYT1_CNKI.ttf', 'HGYT2_CNKI.ttf', 'HGYT_CNKI.TTF', 'HGYX_CNKI.TTF', 'HGZCS_CNKI.TTF', 'HGZDX_CNKI.TTF', 'HGZK_CNKI.TTF', 'HGZYT_CNKI.TTF', 'HGZY_CNKI.TTF', 'himalaya.ttf', 'holomdl2.ttf', 'HTOWERT.TTF', 'HTOWERTI.TTF', 'hvgafix.fon', 'hvgasys.fon', 'impact.ttf', 'IMPRISHA.TTF', 'INFROMAN.TTF', 'Inkfree.ttf', 'iqiyi_logov7.ttf', 'ITCBLKAD.TTF', 'ITCEDSCR.TTF', 'ITCKRIST.TTF', 'j8514fix.fon', 'j8514oem.fon', 'j8514sys.fon', 'javatext.ttf', 'JOKERMAN.TTF', 'jsmalle.fon', 'jsmallf.fon', 'JUICE___.TTF', 'jvgafix.fon', 'jvgasys.fon', 'KUNSTLER.TTF', 'LATINWD.TTF', 'LBRITE.TTF', 'LBRITED.TTF', 'LBRITEDI.TTF', 'LBRITEI.TTF', 'LCALLIG.TTF', 'LeelaUIb.ttf', 'LeelawUI.ttf', 'LeelUIsl.ttf', 'LFAX.TTF', 'LFAXD.TTF', 'LFAXDI.TTF', 'LFAXI.TTF', 'LHANDW.TTF', 'LSANS.TTF', 'LSANSD.TTF', 'LSANSDI.TTF', 'LSANSI.TTF', 'LTYPE.TTF', 'LTYPEB.TTF', 'LTYPEBO.TTF', 'LTYPEO.TTF', 'lucon.ttf', 'l_10646.ttf', 'MAGNETOB.TTF', 'MAIAN.TTF', 'malgun.ttf', 'malgunbd.ttf', 'malgunsl.ttf', 'marlett.ttf', 'MATURASC.TTF', 'micross.ttf', 'mingliub.ttc', 'MISTRAL.TTF', 'mmrtext.ttf', 'mmrtextb.ttf', 'MOD20.TTF', 'modern.fon', 'monbaiti.ttf', 'msgothic.ttc', 'msjh.ttc', 'msjhbd.ttc', 'msjhl.ttc', 'msyh.ttc', 'msyhbd.ttc', 'msyhl.ttc', 'msyi.ttf', 'MTCORSVA.TTF', 'MTEXTRA.TTF', 'mvboli.ttf', 'NIAGENG.TTF', 'NIAGSOL.TTF', 'Nirmala.ttf', 'NirmalaB.ttf', 'NirmalaS.ttf', 'ntailu.ttf', 'ntailub.ttf', 'NumberOnly.ttf', 'OCRAEXT.TTF', 'OLDENGL.TTF', 'ONYX.TTF', 'OUTLOOK.TTF', 'pala.ttf', 'palab.ttf', 'palabi.ttf', 'palai.ttf', 'PALSCRI.TTF', 'PAPYRUS.TTF', 'PARCHM.TTF', 'PERBI___.TTF', 'PERB____.TTF', 'PERI____.TTF', 'PERTIBD.TTF', 'PERTILI.TTF', 'PER_____.TTF', 'phagspa.ttf', 'phagspab.ttf', 'PLAYBILL.TTF', 'POORICH.TTF', 'PRISTINA.TTF', 'RAGE.TTF', 'RAVIE.TTF', 'REFSAN.TTF', 'REFSPCL.TTF', 'ROCCB___.TTF', 'ROCC____.TTF', 'ROCK.TTF', 'ROCKB.TTF', 'ROCKBI.TTF', 'ROCKEB.TTF', 'ROCKI.TTF', 'roman.fon', 's8514fix.fon', 's8514oem.fon', 's8514sys.fon', 'SCHLBKB.TTF', 'SCHLBKBI.TTF', 'SCHLBKI.TTF', 'script.fon', 'SCRIPTBL.TTF', 'segmdl2.ttf', 'SegoeIcons.ttf', 'segoepr.ttf', 'segoeprb.ttf', 'segoesc.ttf', 'segoescb.ttf', 'segoeui.ttf', 'segoeuib.ttf', 'segoeuii.ttf', 'segoeuil.ttf', 'segoeuisl.ttf', 'segoeuiz.ttf', 'seguibl.ttf', 'seguibli.ttf', 'seguiemj.ttf', 'seguihis.ttf', 'seguili.ttf', 'seguisb.ttf', 'seguisbi.ttf', 'seguisli.ttf', 'seguisym.ttf', 'SegUIVar.ttf', 'sere1255.fon', 'sere1256.fon', 'sere1257.fon', 'serf1255.fon', 'serf1256.fon', 'serf1257.fon', 'serife.fon', 'serifee.fon', 'serifeg.fon', 'serifer.fon', 'serifet.fon', 'seriff.fon', 'seriffe.fon', 'seriffg.fon', 'seriffr.fon', 'serifft.fon', 'SHOWG.TTF', 'simfang.ttf', 'simhei.ttf', 'simkai.ttf', 'SIMLI.TTF', 'simsun.ttc', 'simsunb.ttf', 'SIMYOU.TTF', 'SitkaVF-Italic.ttf', 'SitkaVF.ttf', 'smae1255.fon', 'smae1256.fon', 'smae1257.fon', 'smaf1255.fon', 'smaf1256.fon', 'smaf1257.fon', 'smalle.fon', 'smallee.fon', 'smalleg.fon', 'smaller.fon', 'smallet.fon', 'smallf.fon', 'smallfe.fon', 'smallfg.fon', 'smallfr.fon', 'smallft.fon', 'SNAP____.TTF', 'ssee1255.fon', 'ssee1256.fon', 'ssee1257.fon', 'ssee874.fon', 'ssef1255.fon', 'ssef1256.fon', 'ssef1257.fon', 'ssef874.fon', 'sserife.fon', 'sserifee.fon', 'sserifeg.fon', 'sserifer.fon', 'sserifet.fon', 'sseriff.fon', 'sseriffe.fon', 'sseriffg.fon', 'sseriffr.fon', 'sserifft.fon', 'StaticCache.dat', 'STCAIYUN.TTF', 'STENCIL.TTF', 'STFANGSO.TTF', 'STHUPO.TTF', 'STKAITI.TTF', 'STLITI.TTF', 'STSONG.TTF', 'STXIHEI.TTF', 'STXINGKA.TTF', 'STXINWEI.TTF', 'STZHONGS.TTF', 'svgafix.fon', 'svgasys.fon', 'sylfaen.ttf', 'symbol.ttf', 'tahoma.ttf', 'tahomabd.ttf', 'taile.ttf', 'taileb.ttf', 'TCBI____.TTF', 'TCB_____.TTF', 'TCCB____.TTF', 'TCCEB.TTF', 'TCCM____.TTF', 'TCMI____.TTF', 'TCM_____.TTF', 'TEMPSITC.TTF', 'times.ttf', 'timesbd.ttf', 'timesbi.ttf', 'timesi.ttf', 'trebuc.ttf', 'trebucbd.ttf', 'trebucbi.ttf', 'trebucit.ttf', 'verdana.ttf', 'verdanab.ttf', 'verdanai.ttf', 'verdanaz.ttf', 'vga737.fon', 'vga775.fon', 'vga850.fon', 'vga852.fon', 'vga855.fon', 'vga857.fon', 'vga860.fon', 'vga861.fon', 'vga863.fon', 'vga865.fon', 'vga866.fon', 'vga869.fon', 'vga932.fon', 'vga936.fon', 'vga949.fon', 'vga950.fon', 'vgaf1255.fon', 'vgaf1256.fon', 'vgaf1257.fon', 'vgaf874.fon', 'vgafix.fon', 'vgafixe.fon', 'vgafixg.fon', 'vgafixr.fon', 'vgafixt.fon', 'vgaoem.fon', 'vgas1255.fon', 'vgas1256.fon', 'vgas1257.fon', 'vgas874.fon', 'vgasys.fon', 'vgasyse.fon', 'vgasysg.fon', 'vgasysr.fon', 'vgasyst.fon', 'VINERITC.TTF', 'VIVALDII.TTF', 'VLADIMIR.TTF', 'webdings.ttf', 'wingding.ttf', 'WINGDNG2.TTF', 'WINGDNG3.TTF', 'YuGothB.ttc', 'YuGothL.ttc', 'YuGothM.ttc', 'YuGothR.ttc', '\u534e\u5eb7\u65b9\u5706\u4f53W7.TTC', '\u65b9\u6b63\u7c97\u9ed1\u5b8b\u7b80\u4f53.ttf']
2023-09-27 15:09:15,859 - INFO - all fonts installed:['8514fix.fon', '8514fixe.fon', '8514fixg.fon', '8514fixr.fon', '8514fixt.fon', '8514oem.fon', '8514oeme.fon', '8514oemg.fon', '8514oemr.fon', '8514oemt.fon', '8514sys.fon', '8514syse.fon', '8514sysg.fon', '8514sysr.fon', '8514syst.fon', '85775.fon', '85855.fon', '85f1255.fon', '85f1256.fon', '85f1257.fon', '85f874.fon', '85s1255.fon', '85s1256.fon', '85s1257.fon', '85s874.fon', 'AGENCYB.TTF', 'AGENCYR.TTF', 'ALGER.TTF', 'ANTQUAB.TTF', 'ANTQUABI.TTF', 'ANTQUAI.TTF', 'app775.fon', 'app850.fon', 'app852.fon', 'app855.fon', 'app857.fon', 'app866.fon', 'app932.fon', 'app936.fon', 'app949.fon', 'app950.fon', 'arial.ttf', 'arialbd.ttf', 'arialbi.ttf', 'ariali.ttf', 'ARIALN.TTF', 'ARIALNB.TTF', 'ARIALNBI.TTF', 'ARIALNI.TTF', 'ariblk.ttf', 'ARLRDBD.TTF', 'AxureHandwriting-Bold.otf', 'AxureHandwriting-BoldItalic.otf', 'AxureHandwriting-Italic.otf', 'AxureHandwriting.otf', 'bahnschrift.ttf', 'BASKVILL.TTF', 'BAUHS93.TTF', 'BELL.TTF', 'BELLB.TTF', 'BELLI.TTF', 'BERNHC.TTF', 'BKANT.TTF', 'BOD_B.TTF', 'BOD_BI.TTF', 'BOD_BLAI.TTF', 'BOD_BLAR.TTF', 'BOD_CB.TTF', 'BOD_CBI.TTF', 'BOD_CI.TTF', 'BOD_CR.TTF', 'BOD_I.TTF', 'BOD_PSTC.TTF', 'BOD_R.TTF', 'BOOKOS.TTF', 'BOOKOSB.TTF', 'BOOKOSBI.TTF', 'BOOKOSI.TTF', 'BRADHITC.TTF', 'BRITANIC.TTF', 'BRLNSB.TTF', 'BRLNSDB.TTF', 'BRLNSR.TTF', 'BROADW.TTF', 'BRUSHSCI.TTF', 'BSSYM7.TTF', 'c8514fix.fon', 'c8514oem.fon', 'c8514sys.fon', 'calibri.ttf', 'calibrib.ttf', 'calibrii.ttf', 'calibril.ttf', 'calibrili.ttf', 'calibriz.ttf', 'CALIFB.TTF', 'CALIFI.TTF', 'CALIFR.TTF', 'CALIST.TTF', 'CALISTB.TTF', 'CALISTBI.TTF', 'CALISTI.TTF', 'cambria.ttc', 'cambriab.ttf', 'cambriai.ttf', 'cambriaz.ttf', 'Candara.ttf', 'Candarab.ttf', 'Candarai.ttf', 'Candaral.ttf', 'Candarali.ttf', 'Candaraz.ttf', 'CascadiaCode.ttf', 'CascadiaMono.ttf', 'CASTELAR.TTF', 'CENSCBK.TTF', 'CENTAUR.TTF', 'CENTURY.TTF', 'cga40737.fon', 'cga40850.fon', 'cga40852.fon', 'cga40857.fon', 'cga40866.fon', 'cga40869.fon', 'cga40woa.fon', 'cga80737.fon', 'cga80850.fon', 'cga80852.fon', 'cga80857.fon', 'cga80866.fon', 'cga80869.fon', 'cga80woa.fon', 'CHILLER.TTF', 'COLONNA.TTF', 'comic.ttf', 'comicbd.ttf', 'comici.ttf', 'comicz.ttf', 'consola.ttf', 'consolab.ttf', 'consolai.ttf', 'consolaz.ttf', 'constan.ttf', 'constanb.ttf', 'constani.ttf', 'constanz.ttf', 'COOPBL.TTF', 'COPRGTB.TTF', 'COPRGTL.TTF', 'corbel.ttf', 'corbelb.ttf', 'corbeli.ttf', 'corbell.ttf', 'corbelli.ttf', 'corbelz.ttf', 'coue1255.fon', 'coue1256.fon', 'coue1257.fon', 'couf1255.fon', 'couf1256.fon', 'couf1257.fon', 'cour.ttf', 'courbd.ttf', 'courbi.ttf', 'coure.fon', 'couree.fon', 'coureg.fon', 'courer.fon', 'couret.fon', 'courf.fon', 'courfe.fon', 'courfg.fon', 'courfr.fon', 'courft.fon', 'couri.ttf', 'CURLZ___.TTF', 'cvgafix.fon', 'cvgasys.fon', 'Deng.ttf', 'Dengb.ttf', 'Dengl.ttf', 'desktop.ini', 'dos737.fon', 'dos869.fon', 'dosapp.fon', 'DUBAI-BOLD.TTF', 'DUBAI-LIGHT.TTF', 'DUBAI-MEDIUM.TTF', 'DUBAI-REGULAR.TTF', 'ebrima.ttf', 'ebrimabd.ttf', 'ega40737.fon', 'ega40850.fon', 'ega40852.fon', 'ega40857.fon', 'ega40866.fon', 'ega40869.fon', 'ega40woa.fon', 'ega80737.fon', 'ega80850.fon', 'ega80852.fon', 'ega80857.fon', 'ega80866.fon', 'ega80869.fon', 'ega80woa.fon', 'ELEPHNT.TTF', 'ELEPHNTI.TTF', 'ENGR.TTF', 'ERASBD.TTF', 'ERASDEMI.TTF', 'ERASLGHT.TTF', 'ERASMD.TTF', 'FELIXTI.TTF', 'fms_metadata.xml', 'FORTE.TTF', 'FRABK.TTF', 'FRABKIT.TTF', 'FRADM.TTF', 'FRADMCN.TTF', 'FRADMIT.TTF', 'FRAHV.TTF', 'FRAHVIT.TTF', 'framd.ttf', 'FRAMDCN.TTF', 'framdit.ttf', 'FREESCPT.TTF', 'FRSCRIPT.TTF', 'FTLTLT.TTF', 'FZSTK.TTF', 'FZYTK.TTF', 'Gabriola.ttf', 'gadugi.ttf', 'gadugib.ttf', 'GARA.TTF', 'GARABD.TTF', 'GARAIT.TTF', 'georgia.ttf', 'georgiab.ttf', 'georgiai.ttf', 'georgiaz.ttf', 'GIGI.TTF', 'GILBI___.TTF', 'GILB____.TTF', 'GILC____.TTF', 'GILI____.TTF', 'GILLUBCD.TTF', 'GILSANUB.TTF', 'GIL_____.TTF', 'GLECB.TTF', 'GlobalMonospace.CompositeFont', 'GlobalSansSerif.CompositeFont', 'GlobalSerif.CompositeFont', 'GlobalUserInterface.CompositeFont', 'GLSNECB.TTF', 'GOTHIC.TTF', 'GOTHICB.TTF', 'GOTHICBI.TTF', 'GOTHICI.TTF', 'GOUDOS.TTF', 'GOUDOSB.TTF', 'GOUDOSI.TTF', 'GOUDYSTO.TTF', 'h8514fix.fon', 'h8514oem.fon', 'h8514sys.fon', 'HARLOWSI.TTF', 'HARNGTON.TTF', 'HATTEN.TTF', 'HGB1X_CNKI.ttf', 'HGB1_CNKI.ttf', 'HGB2X_CNKI.ttf', 'HGB2_CNKI.ttf', 'HGB3X_CNKI.ttf', 'HGB3_CNKI.ttf', 'HGB4X_CNKI.ttf', 'HGB4_CNKI.ttf', 'HGB5X_CNKI.ttf', 'HGB5_CNKI.ttf', 'HGB6X_CNKI.ttf', 'HGB6_CNKI.ttf', 'HGB7X_CNKI.ttf', 'HGB7_CNKI.ttf', 'HGB8X_CNKI.ttf', 'HGB8_CNKI.ttf', 'HGBD_CNKI.ttf', 'HGBKBX_CNKI.ttf', 'HGBKB_CNKI.ttf', 'HGBKHX_CNKI.ttf', 'HGBKH_CNKI.ttf', 'HGBS1_CNKI.TTF', 'HGBS2_CNKI.TTF', 'HGBS_CNKI.TTF', 'HGBTH_CNKI.TTF', 'HGBTS_CNKI.TTF', 'HGBX_CNKI.ttf', 'HGBZ_CNKI.ttf', 'HGCH_CNKI.TTF', 'HGCUH_CNKI.TTF', 'HGCY_CNKI.TTF', 'HGDBS_CNKI.TTF', 'HGDGY_CNKI.TTF', 'HGDH2_CNKI.TTF', 'HGDH_CNKI.TTF', 'HGDYS_CNKI.TTF', 'HGDY_CNKI.ttf', 'HGF1X_CNKI.ttf', 'HGF1_CNKI.ttf', 'HGF2X_CNKI.ttf', 'HGF2_CNKI.ttf', 'HGF3_CNKI.ttf', 'HGF4X_CNKI.ttf', 'HGF4_CNKI.ttf', 'HGF5X_CNKI.ttf', 'HGF5_CNKI.ttf', 'HGF6X_CNKI.ttf', 'HGF6_CNKI.ttf', 'HGF7X_CNKI.ttf', 'HGF7_CNKI.ttf', 'HGF8_CNKI.ttf', 'HGF9X_CNKI.ttf', 'HGF9_CNKI.ttf', 'HGFS1_CNKI.TTF', 'HGFS2_CNKI.TTF', 'HGFSH_CNKI.TTF', 'HGFS_CNKI.TTF', 'HGFX_CNKI.ttf', 'HGFZ_CNKI.ttf', 'HGGG_CNKI.TTF', 'HGH1X_CNKI.ttf', 'HGH1_CNKI.ttf', 'HGH2X_CNKI.ttf', 'HGH2_CNKI.ttf', 'HGH3X_CNKI.ttf', 'HGH3_CNKI.ttf', 'HGH4X_CNKI.ttf', 'HGH4_CNKI.ttf', 'HGH5X_CNKI.ttf', 'HGH5_CNKI.ttf', 'HGH6X_CNKI.ttf', 'HGH6_CNKI.ttf', 'HGH7X_CNKI.ttf', 'HGH7_CNKI.ttf', 'HGHB_CNKI.TTF', 'HGHD_CNKI.ttf', 'HGHP_CNKI.TTF', 'HGHT1_CNKI.ttf', 'HGHT2_CNKI.ttf', 'HGHUATI_CNKI.ttf', 'HGHX_CNKI.ttf', 'HGHZ_CNKI.ttf', 'HGH_CNKI.TTF', 'HGKT1_CNKI.TTF', 'HGKT2_CNKI.TTF', 'HGKT_CNKI.TTF', 'HGKY_CNKI.ttf', 'HGLB_CNKI.TTF', 'HGLS_CNKI.TTF', 'HGMH_CNKI.TTF', 'HGNBS_CNKI.ttf', 'HGOCR_CNKI.ttf', 'HGPH_CNKI.TTF', 'HGPTY_CNKI.TTF', 'HGSS1_CNKI.TTF', 'HGSS2_CNKI.TTF', 'HGSS_CNKI.TTF', 'HGSXT_CNKI.ttf', 'HGTT_CNKI.ttf', 'HGTX_CNKI.TTF', 'HGWT_CNKI.TTF', 'HGWYS_CNKI.TTF', 'HGX1X_CNKI.ttf', 'HGX1_CNKI.ttf', 'HGXBS_CNKI.TTF', 'HGXC_CNKI.TTF', 'HGXF1_CNKI.ttf', 'HGXFX_CNKI.ttf', 'HGXFZ_CNKI.ttf', 'HGXH1_CNKI.TTF', 'HGXH_CNKI.TTF', 'HGXK_CNKI.TTF', 'HGXL_CNKI.TTF', 'HGXS_CNKI.TTF', 'HGXT_CNKI.ttf', 'HGXY_CNKI.ttf', 'HGY1_CNKI.TTF', 'HGY2_CNKI.TTF', 'HGY3_CNKI.TTF', 'HGY4_CNKI.TTF', 'HGYB_CNKI.ttf', 'HGYT1_CNKI.ttf', 'HGYT2_CNKI.ttf', 'HGYT_CNKI.TTF', 'HGYX_CNKI.TTF', 'HGZCS_CNKI.TTF', 'HGZDX_CNKI.TTF', 'HGZK_CNKI.TTF', 'HGZYT_CNKI.TTF', 'HGZY_CNKI.TTF', 'himalaya.ttf', 'holomdl2.ttf', 'HTOWERT.TTF', 'HTOWERTI.TTF', 'hvgafix.fon', 'hvgasys.fon', 'impact.ttf', 'IMPRISHA.TTF', 'INFROMAN.TTF', 'Inkfree.ttf', 'iqiyi_logov7.ttf', 'ITCBLKAD.TTF', 'ITCEDSCR.TTF', 'ITCKRIST.TTF', 'j8514fix.fon', 'j8514oem.fon', 'j8514sys.fon', 'javatext.ttf', 'JOKERMAN.TTF', 'jsmalle.fon', 'jsmallf.fon', 'JUICE___.TTF', 'jvgafix.fon', 'jvgasys.fon', 'KUNSTLER.TTF', 'LATINWD.TTF', 'LBRITE.TTF', 'LBRITED.TTF', 'LBRITEDI.TTF', 'LBRITEI.TTF', 'LCALLIG.TTF', 'LeelaUIb.ttf', 'LeelawUI.ttf', 'LeelUIsl.ttf', 'LFAX.TTF', 'LFAXD.TTF', 'LFAXDI.TTF', 'LFAXI.TTF', 'LHANDW.TTF', 'LSANS.TTF', 'LSANSD.TTF', 'LSANSDI.TTF', 'LSANSI.TTF', 'LTYPE.TTF', 'LTYPEB.TTF', 'LTYPEBO.TTF', 'LTYPEO.TTF', 'lucon.ttf', 'l_10646.ttf', 'MAGNETOB.TTF', 'MAIAN.TTF', 'malgun.ttf', 'malgunbd.ttf', 'malgunsl.ttf', 'marlett.ttf', 'MATURASC.TTF', 'micross.ttf', 'mingliub.ttc', 'MISTRAL.TTF', 'mmrtext.ttf', 'mmrtextb.ttf', 'MOD20.TTF', 'modern.fon', 'monbaiti.ttf', 'msgothic.ttc', 'msjh.ttc', 'msjhbd.ttc', 'msjhl.ttc', 'msyh.ttc', 'msyhbd.ttc', 'msyhl.ttc', 'msyi.ttf', 'MTCORSVA.TTF', 'MTEXTRA.TTF', 'mvboli.ttf', 'NIAGENG.TTF', 'NIAGSOL.TTF', 'Nirmala.ttf', 'NirmalaB.ttf', 'NirmalaS.ttf', 'ntailu.ttf', 'ntailub.ttf', 'NumberOnly.ttf', 'OCRAEXT.TTF', 'OLDENGL.TTF', 'ONYX.TTF', 'OUTLOOK.TTF', 'pala.ttf', 'palab.ttf', 'palabi.ttf', 'palai.ttf', 'PALSCRI.TTF', 'PAPYRUS.TTF', 'PARCHM.TTF', 'PERBI___.TTF', 'PERB____.TTF', 'PERI____.TTF', 'PERTIBD.TTF', 'PERTILI.TTF', 'PER_____.TTF', 'phagspa.ttf', 'phagspab.ttf', 'PLAYBILL.TTF', 'POORICH.TTF', 'PRISTINA.TTF', 'RAGE.TTF', 'RAVIE.TTF', 'REFSAN.TTF', 'REFSPCL.TTF', 'ROCCB___.TTF', 'ROCC____.TTF', 'ROCK.TTF', 'ROCKB.TTF', 'ROCKBI.TTF', 'ROCKEB.TTF', 'ROCKI.TTF', 'roman.fon', 's8514fix.fon', 's8514oem.fon', 's8514sys.fon', 'SCHLBKB.TTF', 'SCHLBKBI.TTF', 'SCHLBKI.TTF', 'script.fon', 'SCRIPTBL.TTF', 'segmdl2.ttf', 'SegoeIcons.ttf', 'segoepr.ttf', 'segoeprb.ttf', 'segoesc.ttf', 'segoescb.ttf', 'segoeui.ttf', 'segoeuib.ttf', 'segoeuii.ttf', 'segoeuil.ttf', 'segoeuisl.ttf', 'segoeuiz.ttf', 'seguibl.ttf', 'seguibli.ttf', 'seguiemj.ttf', 'seguihis.ttf', 'seguili.ttf', 'seguisb.ttf', 'seguisbi.ttf', 'seguisli.ttf', 'seguisym.ttf', 'SegUIVar.ttf', 'sere1255.fon', 'sere1256.fon', 'sere1257.fon', 'serf1255.fon', 'serf1256.fon', 'serf1257.fon', 'serife.fon', 'serifee.fon', 'serifeg.fon', 'serifer.fon', 'serifet.fon', 'seriff.fon', 'seriffe.fon', 'seriffg.fon', 'seriffr.fon', 'serifft.fon', 'SHOWG.TTF', 'simfang.ttf', 'simhei.ttf', 'simkai.ttf', 'SIMLI.TTF', 'simsun.ttc', 'simsunb.ttf', 'SIMYOU.TTF', 'SitkaVF-Italic.ttf', 'SitkaVF.ttf', 'smae1255.fon', 'smae1256.fon', 'smae1257.fon', 'smaf1255.fon', 'smaf1256.fon', 'smaf1257.fon', 'smalle.fon', 'smallee.fon', 'smalleg.fon', 'smaller.fon', 'smallet.fon', 'smallf.fon', 'smallfe.fon', 'smallfg.fon', 'smallfr.fon', 'smallft.fon', 'SNAP____.TTF', 'ssee1255.fon', 'ssee1256.fon', 'ssee1257.fon', 'ssee874.fon', 'ssef1255.fon', 'ssef1256.fon', 'ssef1257.fon', 'ssef874.fon', 'sserife.fon', 'sserifee.fon', 'sserifeg.fon', 'sserifer.fon', 'sserifet.fon', 'sseriff.fon', 'sseriffe.fon', 'sseriffg.fon', 'sseriffr.fon', 'sserifft.fon', 'StaticCache.dat', 'STCAIYUN.TTF', 'STENCIL.TTF', 'STFANGSO.TTF', 'STHUPO.TTF', 'STKAITI.TTF', 'STLITI.TTF', 'STSONG.TTF', 'STXIHEI.TTF', 'STXINGKA.TTF', 'STXINWEI.TTF', 'STZHONGS.TTF', 'svgafix.fon', 'svgasys.fon', 'sylfaen.ttf', 'symbol.ttf', 'tahoma.ttf', 'tahomabd.ttf', 'taile.ttf', 'taileb.ttf', 'TCBI____.TTF', 'TCB_____.TTF', 'TCCB____.TTF', 'TCCEB.TTF', 'TCCM____.TTF', 'TCMI____.TTF', 'TCM_____.TTF', 'TEMPSITC.TTF', 'times.ttf', 'timesbd.ttf', 'timesbi.ttf', 'timesi.ttf', 'trebuc.ttf', 'trebucbd.ttf', 'trebucbi.ttf', 'trebucit.ttf', 'verdana.ttf', 'verdanab.ttf', 'verdanai.ttf', 'verdanaz.ttf', 'vga737.fon', 'vga775.fon', 'vga850.fon', 'vga852.fon', 'vga855.fon', 'vga857.fon', 'vga860.fon', 'vga861.fon', 'vga863.fon', 'vga865.fon', 'vga866.fon', 'vga869.fon', 'vga932.fon', 'vga936.fon', 'vga949.fon', 'vga950.fon', 'vgaf1255.fon', 'vgaf1256.fon', 'vgaf1257.fon', 'vgaf874.fon', 'vgafix.fon', 'vgafixe.fon', 'vgafixg.fon', 'vgafixr.fon', 'vgafixt.fon', 'vgaoem.fon', 'vgas1255.fon', 'vgas1256.fon', 'vgas1257.fon', 'vgas874.fon', 'vgasys.fon', 'vgasyse.fon', 'vgasysg.fon', 'vgasysr.fon', 'vgasyst.fon', 'VINERITC.TTF', 'VIVALDII.TTF', 'VLADIMIR.TTF', 'webdings.ttf', 'wingding.ttf', 'WINGDNG2.TTF', 'WINGDNG3.TTF', 'YuGothB.ttc', 'YuGothL.ttc', 'YuGothM.ttc', 'YuGothR.ttc', '\u534e\u5eb7\u65b9\u5706\u4f53W7.TTC', '\u65b9\u6b63\u7c97\u9ed1\u5b8b\u7b80\u4f53.ttf']
2023-09-27 15:09:15,861 - INFO - all fonts installed:['8514fix.fon', '8514fixe.fon', '8514fixg.fon', '8514fixr.fon', '8514fixt.fon', '8514oem.fon', '8514oeme.fon', '8514oemg.fon', '8514oemr.fon', '8514oemt.fon', '8514sys.fon', '8514syse.fon', '8514sysg.fon', '8514sysr.fon', '8514syst.fon', '85775.fon', '85855.fon', '85f1255.fon', '85f1256.fon', '85f1257.fon', '85f874.fon', '85s1255.fon', '85s1256.fon', '85s1257.fon', '85s874.fon', 'AGENCYB.TTF', 'AGENCYR.TTF', 'ALGER.TTF', 'ANTQUAB.TTF', 'ANTQUABI.TTF', 'ANTQUAI.TTF', 'app775.fon', 'app850.fon', 'app852.fon', 'app855.fon', 'app857.fon', 'app866.fon', 'app932.fon', 'app936.fon', 'app949.fon', 'app950.fon', 'arial.ttf', 'arialbd.ttf', 'arialbi.ttf', 'ariali.ttf', 'ARIALN.TTF', 'ARIALNB.TTF', 'ARIALNBI.TTF', 'ARIALNI.TTF', 'ariblk.ttf', 'ARLRDBD.TTF', 'AxureHandwriting-Bold.otf', 'AxureHandwriting-BoldItalic.otf', 'AxureHandwriting-Italic.otf', 'AxureHandwriting.otf', 'bahnschrift.ttf', 'BASKVILL.TTF', 'BAUHS93.TTF', 'BELL.TTF', 'BELLB.TTF', 'BELLI.TTF', 'BERNHC.TTF', 'BKANT.TTF', 'BOD_B.TTF', 'BOD_BI.TTF', 'BOD_BLAI.TTF', 'BOD_BLAR.TTF', 'BOD_CB.TTF', 'BOD_CBI.TTF', 'BOD_CI.TTF', 'BOD_CR.TTF', 'BOD_I.TTF', 'BOD_PSTC.TTF', 'BOD_R.TTF', 'BOOKOS.TTF', 'BOOKOSB.TTF', 'BOOKOSBI.TTF', 'BOOKOSI.TTF', 'BRADHITC.TTF', 'BRITANIC.TTF', 'BRLNSB.TTF', 'BRLNSDB.TTF', 'BRLNSR.TTF', 'BROADW.TTF', 'BRUSHSCI.TTF', 'BSSYM7.TTF', 'c8514fix.fon', 'c8514oem.fon', 'c8514sys.fon', 'calibri.ttf', 'calibrib.ttf', 'calibrii.ttf', 'calibril.ttf', 'calibrili.ttf', 'calibriz.ttf', 'CALIFB.TTF', 'CALIFI.TTF', 'CALIFR.TTF', 'CALIST.TTF', 'CALISTB.TTF', 'CALISTBI.TTF', 'CALISTI.TTF', 'cambria.ttc', 'cambriab.ttf', 'cambriai.ttf', 'cambriaz.ttf', 'Candara.ttf', 'Candarab.ttf', 'Candarai.ttf', 'Candaral.ttf', 'Candarali.ttf', 'Candaraz.ttf', 'CascadiaCode.ttf', 'CascadiaMono.ttf', 'CASTELAR.TTF', 'CENSCBK.TTF', 'CENTAUR.TTF', 'CENTURY.TTF', 'cga40737.fon', 'cga40850.fon', 'cga40852.fon', 'cga40857.fon', 'cga40866.fon', 'cga40869.fon', 'cga40woa.fon', 'cga80737.fon', 'cga80850.fon', 'cga80852.fon', 'cga80857.fon', 'cga80866.fon', 'cga80869.fon', 'cga80woa.fon', 'CHILLER.TTF', 'COLONNA.TTF', 'comic.ttf', 'comicbd.ttf', 'comici.ttf', 'comicz.ttf', 'consola.ttf', 'consolab.ttf', 'consolai.ttf', 'consolaz.ttf', 'constan.ttf', 'constanb.ttf', 'constani.ttf', 'constanz.ttf', 'COOPBL.TTF', 'COPRGTB.TTF', 'COPRGTL.TTF', 'corbel.ttf', 'corbelb.ttf', 'corbeli.ttf', 'corbell.ttf', 'corbelli.ttf', 'corbelz.ttf', 'coue1255.fon', 'coue1256.fon', 'coue1257.fon', 'couf1255.fon', 'couf1256.fon', 'couf1257.fon', 'cour.ttf', 'courbd.ttf', 'courbi.ttf', 'coure.fon', 'couree.fon', 'coureg.fon', 'courer.fon', 'couret.fon', 'courf.fon', 'courfe.fon', 'courfg.fon', 'courfr.fon', 'courft.fon', 'couri.ttf', 'CURLZ___.TTF', 'cvgafix.fon', 'cvgasys.fon', 'Deng.ttf', 'Dengb.ttf', 'Dengl.ttf', 'desktop.ini', 'dos737.fon', 'dos869.fon', 'dosapp.fon', 'DUBAI-BOLD.TTF', 'DUBAI-LIGHT.TTF', 'DUBAI-MEDIUM.TTF', 'DUBAI-REGULAR.TTF', 'ebrima.ttf', 'ebrimabd.ttf', 'ega40737.fon', 'ega40850.fon', 'ega40852.fon', 'ega40857.fon', 'ega40866.fon', 'ega40869.fon', 'ega40woa.fon', 'ega80737.fon', 'ega80850.fon', 'ega80852.fon', 'ega80857.fon', 'ega80866.fon', 'ega80869.fon', 'ega80woa.fon', 'ELEPHNT.TTF', 'ELEPHNTI.TTF', 'ENGR.TTF', 'ERASBD.TTF', 'ERASDEMI.TTF', 'ERASLGHT.TTF', 'ERASMD.TTF', 'FELIXTI.TTF', 'fms_metadata.xml', 'FORTE.TTF', 'FRABK.TTF', 'FRABKIT.TTF', 'FRADM.TTF', 'FRADMCN.TTF', 'FRADMIT.TTF', 'FRAHV.TTF', 'FRAHVIT.TTF', 'framd.ttf', 'FRAMDCN.TTF', 'framdit.ttf', 'FREESCPT.TTF', 'FRSCRIPT.TTF', 'FTLTLT.TTF', 'FZSTK.TTF', 'FZYTK.TTF', 'Gabriola.ttf', 'gadugi.ttf', 'gadugib.ttf', 'GARA.TTF', 'GARABD.TTF', 'GARAIT.TTF', 'georgia.ttf', 'georgiab.ttf', 'georgiai.ttf', 'georgiaz.ttf', 'GIGI.TTF', 'GILBI___.TTF', 'GILB____.TTF', 'GILC____.TTF', 'GILI____.TTF', 'GILLUBCD.TTF', 'GILSANUB.TTF', 'GIL_____.TTF', 'GLECB.TTF', 'GlobalMonospace.CompositeFont', 'GlobalSansSerif.CompositeFont', 'GlobalSerif.CompositeFont', 'GlobalUserInterface.CompositeFont', 'GLSNECB.TTF', 'GOTHIC.TTF', 'GOTHICB.TTF', 'GOTHICBI.TTF', 'GOTHICI.TTF', 'GOUDOS.TTF', 'GOUDOSB.TTF', 'GOUDOSI.TTF', 'GOUDYSTO.TTF', 'h8514fix.fon', 'h8514oem.fon', 'h8514sys.fon', 'HARLOWSI.TTF', 'HARNGTON.TTF', 'HATTEN.TTF', 'HGB1X_CNKI.ttf', 'HGB1_CNKI.ttf', 'HGB2X_CNKI.ttf', 'HGB2_CNKI.ttf', 'HGB3X_CNKI.ttf', 'HGB3_CNKI.ttf', 'HGB4X_CNKI.ttf', 'HGB4_CNKI.ttf', 'HGB5X_CNKI.ttf', 'HGB5_CNKI.ttf', 'HGB6X_CNKI.ttf', 'HGB6_CNKI.ttf', 'HGB7X_CNKI.ttf', 'HGB7_CNKI.ttf', 'HGB8X_CNKI.ttf', 'HGB8_CNKI.ttf', 'HGBD_CNKI.ttf', 'HGBKBX_CNKI.ttf', 'HGBKB_CNKI.ttf', 'HGBKHX_CNKI.ttf', 'HGBKH_CNKI.ttf', 'HGBS1_CNKI.TTF', 'HGBS2_CNKI.TTF', 'HGBS_CNKI.TTF', 'HGBTH_CNKI.TTF', 'HGBTS_CNKI.TTF', 'HGBX_CNKI.ttf', 'HGBZ_CNKI.ttf', 'HGCH_CNKI.TTF', 'HGCUH_CNKI.TTF', 'HGCY_CNKI.TTF', 'HGDBS_CNKI.TTF', 'HGDGY_CNKI.TTF', 'HGDH2_CNKI.TTF', 'HGDH_CNKI.TTF', 'HGDYS_CNKI.TTF', 'HGDY_CNKI.ttf', 'HGF1X_CNKI.ttf', 'HGF1_CNKI.ttf', 'HGF2X_CNKI.ttf', 'HGF2_CNKI.ttf', 'HGF3_CNKI.ttf', 'HGF4X_CNKI.ttf', 'HGF4_CNKI.ttf', 'HGF5X_CNKI.ttf', 'HGF5_CNKI.ttf', 'HGF6X_CNKI.ttf', 'HGF6_CNKI.ttf', 'HGF7X_CNKI.ttf', 'HGF7_CNKI.ttf', 'HGF8_CNKI.ttf', 'HGF9X_CNKI.ttf', 'HGF9_CNKI.ttf', 'HGFS1_CNKI.TTF', 'HGFS2_CNKI.TTF', 'HGFSH_CNKI.TTF', 'HGFS_CNKI.TTF', 'HGFX_CNKI.ttf', 'HGFZ_CNKI.ttf', 'HGGG_CNKI.TTF', 'HGH1X_CNKI.ttf', 'HGH1_CNKI.ttf', 'HGH2X_CNKI.ttf', 'HGH2_CNKI.ttf', 'HGH3X_CNKI.ttf', 'HGH3_CNKI.ttf', 'HGH4X_CNKI.ttf', 'HGH4_CNKI.ttf', 'HGH5X_CNKI.ttf', 'HGH5_CNKI.ttf', 'HGH6X_CNKI.ttf', 'HGH6_CNKI.ttf', 'HGH7X_CNKI.ttf', 'HGH7_CNKI.ttf', 'HGHB_CNKI.TTF', 'HGHD_CNKI.ttf', 'HGHP_CNKI.TTF', 'HGHT1_CNKI.ttf', 'HGHT2_CNKI.ttf', 'HGHUATI_CNKI.ttf', 'HGHX_CNKI.ttf', 'HGHZ_CNKI.ttf', 'HGH_CNKI.TTF', 'HGKT1_CNKI.TTF', 'HGKT2_CNKI.TTF', 'HGKT_CNKI.TTF', 'HGKY_CNKI.ttf', 'HGLB_CNKI.TTF', 'HGLS_CNKI.TTF', 'HGMH_CNKI.TTF', 'HGNBS_CNKI.ttf', 'HGOCR_CNKI.ttf', 'HGPH_CNKI.TTF', 'HGPTY_CNKI.TTF', 'HGSS1_CNKI.TTF', 'HGSS2_CNKI.TTF', 'HGSS_CNKI.TTF', 'HGSXT_CNKI.ttf', 'HGTT_CNKI.ttf', 'HGTX_CNKI.TTF', 'HGWT_CNKI.TTF', 'HGWYS_CNKI.TTF', 'HGX1X_CNKI.ttf', 'HGX1_CNKI.ttf', 'HGXBS_CNKI.TTF', 'HGXC_CNKI.TTF', 'HGXF1_CNKI.ttf', 'HGXFX_CNKI.ttf', 'HGXFZ_CNKI.ttf', 'HGXH1_CNKI.TTF', 'HGXH_CNKI.TTF', 'HGXK_CNKI.TTF', 'HGXL_CNKI.TTF', 'HGXS_CNKI.TTF', 'HGXT_CNKI.ttf', 'HGXY_CNKI.ttf', 'HGY1_CNKI.TTF', 'HGY2_CNKI.TTF', 'HGY3_CNKI.TTF', 'HGY4_CNKI.TTF', 'HGYB_CNKI.ttf', 'HGYT1_CNKI.ttf', 'HGYT2_CNKI.ttf', 'HGYT_CNKI.TTF', 'HGYX_CNKI.TTF', 'HGZCS_CNKI.TTF', 'HGZDX_CNKI.TTF', 'HGZK_CNKI.TTF', 'HGZYT_CNKI.TTF', 'HGZY_CNKI.TTF', 'himalaya.ttf', 'holomdl2.ttf', 'HTOWERT.TTF', 'HTOWERTI.TTF', 'hvgafix.fon', 'hvgasys.fon', 'impact.ttf', 'IMPRISHA.TTF', 'INFROMAN.TTF', 'Inkfree.ttf', 'iqiyi_logov7.ttf', 'ITCBLKAD.TTF', 'ITCEDSCR.TTF', 'ITCKRIST.TTF', 'j8514fix.fon', 'j8514oem.fon', 'j8514sys.fon', 'javatext.ttf', 'JOKERMAN.TTF', 'jsmalle.fon', 'jsmallf.fon', 'JUICE___.TTF', 'jvgafix.fon', 'jvgasys.fon', 'KUNSTLER.TTF', 'LATINWD.TTF', 'LBRITE.TTF', 'LBRITED.TTF', 'LBRITEDI.TTF', 'LBRITEI.TTF', 'LCALLIG.TTF', 'LeelaUIb.ttf', 'LeelawUI.ttf', 'LeelUIsl.ttf', 'LFAX.TTF', 'LFAXD.TTF', 'LFAXDI.TTF', 'LFAXI.TTF', 'LHANDW.TTF', 'LSANS.TTF', 'LSANSD.TTF', 'LSANSDI.TTF', 'LSANSI.TTF', 'LTYPE.TTF', 'LTYPEB.TTF', 'LTYPEBO.TTF', 'LTYPEO.TTF', 'lucon.ttf', 'l_10646.ttf', 'MAGNETOB.TTF', 'MAIAN.TTF', 'malgun.ttf', 'malgunbd.ttf', 'malgunsl.ttf', 'marlett.ttf', 'MATURASC.TTF', 'micross.ttf', 'mingliub.ttc', 'MISTRAL.TTF', 'mmrtext.ttf', 'mmrtextb.ttf', 'MOD20.TTF', 'modern.fon', 'monbaiti.ttf', 'msgothic.ttc', 'msjh.ttc', 'msjhbd.ttc', 'msjhl.ttc', 'msyh.ttc', 'msyhbd.ttc', 'msyhl.ttc', 'msyi.ttf', 'MTCORSVA.TTF', 'MTEXTRA.TTF', 'mvboli.ttf', 'NIAGENG.TTF', 'NIAGSOL.TTF', 'Nirmala.ttf', 'NirmalaB.ttf', 'NirmalaS.ttf', 'ntailu.ttf', 'ntailub.ttf', 'NumberOnly.ttf', 'OCRAEXT.TTF', 'OLDENGL.TTF', 'ONYX.TTF', 'OUTLOOK.TTF', 'pala.ttf', 'palab.ttf', 'palabi.ttf', 'palai.ttf', 'PALSCRI.TTF', 'PAPYRUS.TTF', 'PARCHM.TTF', 'PERBI___.TTF', 'PERB____.TTF', 'PERI____.TTF', 'PERTIBD.TTF', 'PERTILI.TTF', 'PER_____.TTF', 'phagspa.ttf', 'phagspab.ttf', 'PLAYBILL.TTF', 'POORICH.TTF', 'PRISTINA.TTF', 'RAGE.TTF', 'RAVIE.TTF', 'REFSAN.TTF', 'REFSPCL.TTF', 'ROCCB___.TTF', 'ROCC____.TTF', 'ROCK.TTF', 'ROCKB.TTF', 'ROCKBI.TTF', 'ROCKEB.TTF', 'ROCKI.TTF', 'roman.fon', 's8514fix.fon', 's8514oem.fon', 's8514sys.fon', 'SCHLBKB.TTF', 'SCHLBKBI.TTF', 'SCHLBKI.TTF', 'script.fon', 'SCRIPTBL.TTF', 'segmdl2.ttf', 'SegoeIcons.ttf', 'segoepr.ttf', 'segoeprb.ttf', 'segoesc.ttf', 'segoescb.ttf', 'segoeui.ttf', 'segoeuib.ttf', 'segoeuii.ttf', 'segoeuil.ttf', 'segoeuisl.ttf', 'segoeuiz.ttf', 'seguibl.ttf', 'seguibli.ttf', 'seguiemj.ttf', 'seguihis.ttf', 'seguili.ttf', 'seguisb.ttf', 'seguisbi.ttf', 'seguisli.ttf', 'seguisym.ttf', 'SegUIVar.ttf', 'sere1255.fon', 'sere1256.fon', 'sere1257.fon', 'serf1255.fon', 'serf1256.fon', 'serf1257.fon', 'serife.fon', 'serifee.fon', 'serifeg.fon', 'serifer.fon', 'serifet.fon', 'seriff.fon', 'seriffe.fon', 'seriffg.fon', 'seriffr.fon', 'serifft.fon', 'SHOWG.TTF', 'simfang.ttf', 'simhei.ttf', 'simkai.ttf', 'SIMLI.TTF', 'simsun.ttc', 'simsunb.ttf', 'SIMYOU.TTF', 'SitkaVF-Italic.ttf', 'SitkaVF.ttf', 'smae1255.fon', 'smae1256.fon', 'smae1257.fon', 'smaf1255.fon', 'smaf1256.fon', 'smaf1257.fon', 'smalle.fon', 'smallee.fon', 'smalleg.fon', 'smaller.fon', 'smallet.fon', 'smallf.fon', 'smallfe.fon', 'smallfg.fon', 'smallfr.fon', 'smallft.fon', 'SNAP____.TTF', 'ssee1255.fon', 'ssee1256.fon', 'ssee1257.fon', 'ssee874.fon', 'ssef1255.fon', 'ssef1256.fon', 'ssef1257.fon', 'ssef874.fon', 'sserife.fon', 'sserifee.fon', 'sserifeg.fon', 'sserifer.fon', 'sserifet.fon', 'sseriff.fon', 'sseriffe.fon', 'sseriffg.fon', 'sseriffr.fon', 'sserifft.fon', 'StaticCache.dat', 'STCAIYUN.TTF', 'STENCIL.TTF', 'STFANGSO.TTF', 'STHUPO.TTF', 'STKAITI.TTF', 'STLITI.TTF', 'STSONG.TTF', 'STXIHEI.TTF', 'STXINGKA.TTF', 'STXINWEI.TTF', 'STZHONGS.TTF', 'svgafix.fon', 'svgasys.fon', 'sylfaen.ttf', 'symbol.ttf', 'tahoma.ttf', 'tahomabd.ttf', 'taile.ttf', 'taileb.ttf', 'TCBI____.TTF', 'TCB_____.TTF', 'TCCB____.TTF', 'TCCEB.TTF', 'TCCM____.TTF', 'TCMI____.TTF', 'TCM_____.TTF', 'TEMPSITC.TTF', 'times.ttf', 'timesbd.ttf', 'timesbi.ttf', 'timesi.ttf', 'trebuc.ttf', 'trebucbd.ttf', 'trebucbi.ttf', 'trebucit.ttf', 'verdana.ttf', 'verdanab.ttf', 'verdanai.ttf', 'verdanaz.ttf', 'vga737.fon', 'vga775.fon', 'vga850.fon', 'vga852.fon', 'vga855.fon', 'vga857.fon', 'vga860.fon', 'vga861.fon', 'vga863.fon', 'vga865.fon', 'vga866.fon', 'vga869.fon', 'vga932.fon', 'vga936.fon', 'vga949.fon', 'vga950.fon', 'vgaf1255.fon', 'vgaf1256.fon', 'vgaf1257.fon', 'vgaf874.fon', 'vgafix.fon', 'vgafixe.fon', 'vgafixg.fon', 'vgafixr.fon', 'vgafixt.fon', 'vgaoem.fon', 'vgas1255.fon', 'vgas1256.fon', 'vgas1257.fon', 'vgas874.fon', 'vgasys.fon', 'vgasyse.fon', 'vgasysg.fon', 'vgasysr.fon', 'vgasyst.fon', 'VINERITC.TTF', 'VIVALDII.TTF', 'VLADIMIR.TTF', 'webdings.ttf', 'wingding.ttf', 'WINGDNG2.TTF', 'WINGDNG3.TTF', 'YuGothB.ttc', 'YuGothL.ttc', 'YuGothM.ttc', 'YuGothR.ttc', '\u534e\u5eb7\u65b9\u5706\u4f53W7.TTC', '\u65b9\u6b63\u7c97\u9ed1\u5b8b\u7b80\u4f53.ttf']
2023-09-27 15:09:15,863 - INFO - all fonts installed:['8514fix.fon', '8514fixe.fon', '8514fixg.fon', '8514fixr.fon', '8514fixt.fon', '8514oem.fon', '8514oeme.fon', '8514oemg.fon', '8514oemr.fon', '8514oemt.fon', '8514sys.fon', '8514syse.fon', '8514sysg.fon', '8514sysr.fon', '8514syst.fon', '85775.fon', '85855.fon', '85f1255.fon', '85f1256.fon', '85f1257.fon', '85f874.fon', '85s1255.fon', '85s1256.fon', '85s1257.fon', '85s874.fon', 'AGENCYB.TTF', 'AGENCYR.TTF', 'ALGER.TTF', 'ANTQUAB.TTF', 'ANTQUABI.TTF', 'ANTQUAI.TTF', 'app775.fon', 'app850.fon', 'app852.fon', 'app855.fon', 'app857.fon', 'app866.fon', 'app932.fon', 'app936.fon', 'app949.fon', 'app950.fon', 'arial.ttf', 'arialbd.ttf', 'arialbi.ttf', 'ariali.ttf', 'ARIALN.TTF', 'ARIALNB.TTF', 'ARIALNBI.TTF', 'ARIALNI.TTF', 'ariblk.ttf', 'ARLRDBD.TTF', 'AxureHandwriting-Bold.otf', 'AxureHandwriting-BoldItalic.otf', 'AxureHandwriting-Italic.otf', 'AxureHandwriting.otf', 'bahnschrift.ttf', 'BASKVILL.TTF', 'BAUHS93.TTF', 'BELL.TTF', 'BELLB.TTF', 'BELLI.TTF', 'BERNHC.TTF', 'BKANT.TTF', 'BOD_B.TTF', 'BOD_BI.TTF', 'BOD_BLAI.TTF', 'BOD_BLAR.TTF', 'BOD_CB.TTF', 'BOD_CBI.TTF', 'BOD_CI.TTF', 'BOD_CR.TTF', 'BOD_I.TTF', 'BOD_PSTC.TTF', 'BOD_R.TTF', 'BOOKOS.TTF', 'BOOKOSB.TTF', 'BOOKOSBI.TTF', 'BOOKOSI.TTF', 'BRADHITC.TTF', 'BRITANIC.TTF', 'BRLNSB.TTF', 'BRLNSDB.TTF', 'BRLNSR.TTF', 'BROADW.TTF', 'BRUSHSCI.TTF', 'BSSYM7.TTF', 'c8514fix.fon', 'c8514oem.fon', 'c8514sys.fon', 'calibri.ttf', 'calibrib.ttf', 'calibrii.ttf', 'calibril.ttf', 'calibrili.ttf', 'calibriz.ttf', 'CALIFB.TTF', 'CALIFI.TTF', 'CALIFR.TTF', 'CALIST.TTF', 'CALISTB.TTF', 'CALISTBI.TTF', 'CALISTI.TTF', 'cambria.ttc', 'cambriab.ttf', 'cambriai.ttf', 'cambriaz.ttf', 'Candara.ttf', 'Candarab.ttf', 'Candarai.ttf', 'Candaral.ttf', 'Candarali.ttf', 'Candaraz.ttf', 'CascadiaCode.ttf', 'CascadiaMono.ttf', 'CASTELAR.TTF', 'CENSCBK.TTF', 'CENTAUR.TTF', 'CENTURY.TTF', 'cga40737.fon', 'cga40850.fon', 'cga40852.fon', 'cga40857.fon', 'cga40866.fon', 'cga40869.fon', 'cga40woa.fon', 'cga80737.fon', 'cga80850.fon', 'cga80852.fon', 'cga80857.fon', 'cga80866.fon', 'cga80869.fon', 'cga80woa.fon', 'CHILLER.TTF', 'COLONNA.TTF', 'comic.ttf', 'comicbd.ttf', 'comici.ttf', 'comicz.ttf', 'consola.ttf', 'consolab.ttf', 'consolai.ttf', 'consolaz.ttf', 'constan.ttf', 'constanb.ttf', 'constani.ttf', 'constanz.ttf', 'COOPBL.TTF', 'COPRGTB.TTF', 'COPRGTL.TTF', 'corbel.ttf', 'corbelb.ttf', 'corbeli.ttf', 'corbell.ttf', 'corbelli.ttf', 'corbelz.ttf', 'coue1255.fon', 'coue1256.fon', 'coue1257.fon', 'couf1255.fon', 'couf1256.fon', 'couf1257.fon', 'cour.ttf', 'courbd.ttf', 'courbi.ttf', 'coure.fon', 'couree.fon', 'coureg.fon', 'courer.fon', 'couret.fon', 'courf.fon', 'courfe.fon', 'courfg.fon', 'courfr.fon', 'courft.fon', 'couri.ttf', 'CURLZ___.TTF', 'cvgafix.fon', 'cvgasys.fon', 'Deng.ttf', 'Dengb.ttf', 'Dengl.ttf', 'desktop.ini', 'dos737.fon', 'dos869.fon', 'dosapp.fon', 'DUBAI-BOLD.TTF', 'DUBAI-LIGHT.TTF', 'DUBAI-MEDIUM.TTF', 'DUBAI-REGULAR.TTF', 'ebrima.ttf', 'ebrimabd.ttf', 'ega40737.fon', 'ega40850.fon', 'ega40852.fon', 'ega40857.fon', 'ega40866.fon', 'ega40869.fon', 'ega40woa.fon', 'ega80737.fon', 'ega80850.fon', 'ega80852.fon', 'ega80857.fon', 'ega80866.fon', 'ega80869.fon', 'ega80woa.fon', 'ELEPHNT.TTF', 'ELEPHNTI.TTF', 'ENGR.TTF', 'ERASBD.TTF', 'ERASDEMI.TTF', 'ERASLGHT.TTF', 'ERASMD.TTF', 'FELIXTI.TTF', 'fms_metadata.xml', 'FORTE.TTF', 'FRABK.TTF', 'FRABKIT.TTF', 'FRADM.TTF', 'FRADMCN.TTF', 'FRADMIT.TTF', 'FRAHV.TTF', 'FRAHVIT.TTF', 'framd.ttf', 'FRAMDCN.TTF', 'framdit.ttf', 'FREESCPT.TTF', 'FRSCRIPT.TTF', 'FTLTLT.TTF', 'FZSTK.TTF', 'FZYTK.TTF', 'Gabriola.ttf', 'gadugi.ttf', 'gadugib.ttf', 'GARA.TTF', 'GARABD.TTF', 'GARAIT.TTF', 'georgia.ttf', 'georgiab.ttf', 'georgiai.ttf', 'georgiaz.ttf', 'GIGI.TTF', 'GILBI___.TTF', 'GILB____.TTF', 'GILC____.TTF', 'GILI____.TTF', 'GILLUBCD.TTF', 'GILSANUB.TTF', 'GIL_____.TTF', 'GLECB.TTF', 'GlobalMonospace.CompositeFont', 'GlobalSansSerif.CompositeFont', 'GlobalSerif.CompositeFont', 'GlobalUserInterface.CompositeFont', 'GLSNECB.TTF', 'GOTHIC.TTF', 'GOTHICB.TTF', 'GOTHICBI.TTF', 'GOTHICI.TTF', 'GOUDOS.TTF', 'GOUDOSB.TTF', 'GOUDOSI.TTF', 'GOUDYSTO.TTF', 'h8514fix.fon', 'h8514oem.fon', 'h8514sys.fon', 'HARLOWSI.TTF', 'HARNGTON.TTF', 'HATTEN.TTF', 'HGB1X_CNKI.ttf', 'HGB1_CNKI.ttf', 'HGB2X_CNKI.ttf', 'HGB2_CNKI.ttf', 'HGB3X_CNKI.ttf', 'HGB3_CNKI.ttf', 'HGB4X_CNKI.ttf', 'HGB4_CNKI.ttf', 'HGB5X_CNKI.ttf', 'HGB5_CNKI.ttf', 'HGB6X_CNKI.ttf', 'HGB6_CNKI.ttf', 'HGB7X_CNKI.ttf', 'HGB7_CNKI.ttf', 'HGB8X_CNKI.ttf', 'HGB8_CNKI.ttf', 'HGBD_CNKI.ttf', 'HGBKBX_CNKI.ttf', 'HGBKB_CNKI.ttf', 'HGBKHX_CNKI.ttf', 'HGBKH_CNKI.ttf', 'HGBS1_CNKI.TTF', 'HGBS2_CNKI.TTF', 'HGBS_CNKI.TTF', 'HGBTH_CNKI.TTF', 'HGBTS_CNKI.TTF', 'HGBX_CNKI.ttf', 'HGBZ_CNKI.ttf', 'HGCH_CNKI.TTF', 'HGCUH_CNKI.TTF', 'HGCY_CNKI.TTF', 'HGDBS_CNKI.TTF', 'HGDGY_CNKI.TTF', 'HGDH2_CNKI.TTF', 'HGDH_CNKI.TTF', 'HGDYS_CNKI.TTF', 'HGDY_CNKI.ttf', 'HGF1X_CNKI.ttf', 'HGF1_CNKI.ttf', 'HGF2X_CNKI.ttf', 'HGF2_CNKI.ttf', 'HGF3_CNKI.ttf', 'HGF4X_CNKI.ttf', 'HGF4_CNKI.ttf', 'HGF5X_CNKI.ttf', 'HGF5_CNKI.ttf', 'HGF6X_CNKI.ttf', 'HGF6_CNKI.ttf', 'HGF7X_CNKI.ttf', 'HGF7_CNKI.ttf', 'HGF8_CNKI.ttf', 'HGF9X_CNKI.ttf', 'HGF9_CNKI.ttf', 'HGFS1_CNKI.TTF', 'HGFS2_CNKI.TTF', 'HGFSH_CNKI.TTF', 'HGFS_CNKI.TTF', 'HGFX_CNKI.ttf', 'HGFZ_CNKI.ttf', 'HGGG_CNKI.TTF', 'HGH1X_CNKI.ttf', 'HGH1_CNKI.ttf', 'HGH2X_CNKI.ttf', 'HGH2_CNKI.ttf', 'HGH3X_CNKI.ttf', 'HGH3_CNKI.ttf', 'HGH4X_CNKI.ttf', 'HGH4_CNKI.ttf', 'HGH5X_CNKI.ttf', 'HGH5_CNKI.ttf', 'HGH6X_CNKI.ttf', 'HGH6_CNKI.ttf', 'HGH7X_CNKI.ttf', 'HGH7_CNKI.ttf', 'HGHB_CNKI.TTF', 'HGHD_CNKI.ttf', 'HGHP_CNKI.TTF', 'HGHT1_CNKI.ttf', 'HGHT2_CNKI.ttf', 'HGHUATI_CNKI.ttf', 'HGHX_CNKI.ttf', 'HGHZ_CNKI.ttf', 'HGH_CNKI.TTF', 'HGKT1_CNKI.TTF', 'HGKT2_CNKI.TTF', 'HGKT_CNKI.TTF', 'HGKY_CNKI.ttf', 'HGLB_CNKI.TTF', 'HGLS_CNKI.TTF', 'HGMH_CNKI.TTF', 'HGNBS_CNKI.ttf', 'HGOCR_CNKI.ttf', 'HGPH_CNKI.TTF', 'HGPTY_CNKI.TTF', 'HGSS1_CNKI.TTF', 'HGSS2_CNKI.TTF', 'HGSS_CNKI.TTF', 'HGSXT_CNKI.ttf', 'HGTT_CNKI.ttf', 'HGTX_CNKI.TTF', 'HGWT_CNKI.TTF', 'HGWYS_CNKI.TTF', 'HGX1X_CNKI.ttf', 'HGX1_CNKI.ttf', 'HGXBS_CNKI.TTF', 'HGXC_CNKI.TTF', 'HGXF1_CNKI.ttf', 'HGXFX_CNKI.ttf', 'HGXFZ_CNKI.ttf', 'HGXH1_CNKI.TTF', 'HGXH_CNKI.TTF', 'HGXK_CNKI.TTF', 'HGXL_CNKI.TTF', 'HGXS_CNKI.TTF', 'HGXT_CNKI.ttf', 'HGXY_CNKI.ttf', 'HGY1_CNKI.TTF', 'HGY2_CNKI.TTF', 'HGY3_CNKI.TTF', 'HGY4_CNKI.TTF', 'HGYB_CNKI.ttf', 'HGYT1_CNKI.ttf', 'HGYT2_CNKI.ttf', 'HGYT_CNKI.TTF', 'HGYX_CNKI.TTF', 'HGZCS_CNKI.TTF', 'HGZDX_CNKI.TTF', 'HGZK_CNKI.TTF', 'HGZYT_CNKI.TTF', 'HGZY_CNKI.TTF', 'himalaya.ttf', 'holomdl2.ttf', 'HTOWERT.TTF', 'HTOWERTI.TTF', 'hvgafix.fon', 'hvgasys.fon', 'impact.ttf', 'IMPRISHA.TTF', 'INFROMAN.TTF', 'Inkfree.ttf', 'iqiyi_logov7.ttf', 'ITCBLKAD.TTF', 'ITCEDSCR.TTF', 'ITCKRIST.TTF', 'j8514fix.fon', 'j8514oem.fon', 'j8514sys.fon', 'javatext.ttf', 'JOKERMAN.TTF', 'jsmalle.fon', 'jsmallf.fon', 'JUICE___.TTF', 'jvgafix.fon', 'jvgasys.fon', 'KUNSTLER.TTF', 'LATINWD.TTF', 'LBRITE.TTF', 'LBRITED.TTF', 'LBRITEDI.TTF', 'LBRITEI.TTF', 'LCALLIG.TTF', 'LeelaUIb.ttf', 'LeelawUI.ttf', 'LeelUIsl.ttf', 'LFAX.TTF', 'LFAXD.TTF', 'LFAXDI.TTF', 'LFAXI.TTF', 'LHANDW.TTF', 'LSANS.TTF', 'LSANSD.TTF', 'LSANSDI.TTF', 'LSANSI.TTF', 'LTYPE.TTF', 'LTYPEB.TTF', 'LTYPEBO.TTF', 'LTYPEO.TTF', 'lucon.ttf', 'l_10646.ttf', 'MAGNETOB.TTF', 'MAIAN.TTF', 'malgun.ttf', 'malgunbd.ttf', 'malgunsl.ttf', 'marlett.ttf', 'MATURASC.TTF', 'micross.ttf', 'mingliub.ttc', 'MISTRAL.TTF', 'mmrtext.ttf', 'mmrtextb.ttf', 'MOD20.TTF', 'modern.fon', 'monbaiti.ttf', 'msgothic.ttc', 'msjh.ttc', 'msjhbd.ttc', 'msjhl.ttc', 'msyh.ttc', 'msyhbd.ttc', 'msyhl.ttc', 'msyi.ttf', 'MTCORSVA.TTF', 'MTEXTRA.TTF', 'mvboli.ttf', 'NIAGENG.TTF', 'NIAGSOL.TTF', 'Nirmala.ttf', 'NirmalaB.ttf', 'NirmalaS.ttf', 'ntailu.ttf', 'ntailub.ttf', 'NumberOnly.ttf', 'OCRAEXT.TTF', 'OLDENGL.TTF', 'ONYX.TTF', 'OUTLOOK.TTF', 'pala.ttf', 'palab.ttf', 'palabi.ttf', 'palai.ttf', 'PALSCRI.TTF', 'PAPYRUS.TTF', 'PARCHM.TTF', 'PERBI___.TTF', 'PERB____.TTF', 'PERI____.TTF', 'PERTIBD.TTF', 'PERTILI.TTF', 'PER_____.TTF', 'phagspa.ttf', 'phagspab.ttf', 'PLAYBILL.TTF', 'POORICH.TTF', 'PRISTINA.TTF', 'RAGE.TTF', 'RAVIE.TTF', 'REFSAN.TTF', 'REFSPCL.TTF', 'ROCCB___.TTF', 'ROCC____.TTF', 'ROCK.TTF', 'ROCKB.TTF', 'ROCKBI.TTF', 'ROCKEB.TTF', 'ROCKI.TTF', 'roman.fon', 's8514fix.fon', 's8514oem.fon', 's8514sys.fon', 'SCHLBKB.TTF', 'SCHLBKBI.TTF', 'SCHLBKI.TTF', 'script.fon', 'SCRIPTBL.TTF', 'segmdl2.ttf', 'SegoeIcons.ttf', 'segoepr.ttf', 'segoeprb.ttf', 'segoesc.ttf', 'segoescb.ttf', 'segoeui.ttf', 'segoeuib.ttf', 'segoeuii.ttf', 'segoeuil.ttf', 'segoeuisl.ttf', 'segoeuiz.ttf', 'seguibl.ttf', 'seguibli.ttf', 'seguiemj.ttf', 'seguihis.ttf', 'seguili.ttf', 'seguisb.ttf', 'seguisbi.ttf', 'seguisli.ttf', 'seguisym.ttf', 'SegUIVar.ttf', 'sere1255.fon', 'sere1256.fon', 'sere1257.fon', 'serf1255.fon', 'serf1256.fon', 'serf1257.fon', 'serife.fon', 'serifee.fon', 'serifeg.fon', 'serifer.fon', 'serifet.fon', 'seriff.fon', 'seriffe.fon', 'seriffg.fon', 'seriffr.fon', 'serifft.fon', 'SHOWG.TTF', 'simfang.ttf', 'simhei.ttf', 'simkai.ttf', 'SIMLI.TTF', 'simsun.ttc', 'simsunb.ttf', 'SIMYOU.TTF', 'SitkaVF-Italic.ttf', 'SitkaVF.ttf', 'smae1255.fon', 'smae1256.fon', 'smae1257.fon', 'smaf1255.fon', 'smaf1256.fon', 'smaf1257.fon', 'smalle.fon', 'smallee.fon', 'smalleg.fon', 'smaller.fon', 'smallet.fon', 'smallf.fon', 'smallfe.fon', 'smallfg.fon', 'smallfr.fon', 'smallft.fon', 'SNAP____.TTF', 'ssee1255.fon', 'ssee1256.fon', 'ssee1257.fon', 'ssee874.fon', 'ssef1255.fon', 'ssef1256.fon', 'ssef1257.fon', 'ssef874.fon', 'sserife.fon', 'sserifee.fon', 'sserifeg.fon', 'sserifer.fon', 'sserifet.fon', 'sseriff.fon', 'sseriffe.fon', 'sseriffg.fon', 'sseriffr.fon', 'sserifft.fon', 'StaticCache.dat', 'STCAIYUN.TTF', 'STENCIL.TTF', 'STFANGSO.TTF', 'STHUPO.TTF', 'STKAITI.TTF', 'STLITI.TTF', 'STSONG.TTF', 'STXIHEI.TTF', 'STXINGKA.TTF', 'STXINWEI.TTF', 'STZHONGS.TTF', 'svgafix.fon', 'svgasys.fon', 'sylfaen.ttf', 'symbol.ttf', 'tahoma.ttf', 'tahomabd.ttf', 'taile.ttf', 'taileb.ttf', 'TCBI____.TTF', 'TCB_____.TTF', 'TCCB____.TTF', 'TCCEB.TTF', 'TCCM____.TTF', 'TCMI____.TTF', 'TCM_____.TTF', 'TEMPSITC.TTF', 'times.ttf', 'timesbd.ttf', 'timesbi.ttf', 'timesi.ttf', 'trebuc.ttf', 'trebucbd.ttf', 'trebucbi.ttf', 'trebucit.ttf', 'verdana.ttf', 'verdanab.ttf', 'verdanai.ttf', 'verdanaz.ttf', 'vga737.fon', 'vga775.fon', 'vga850.fon', 'vga852.fon', 'vga855.fon', 'vga857.fon', 'vga860.fon', 'vga861.fon', 'vga863.fon', 'vga865.fon', 'vga866.fon', 'vga869.fon', 'vga932.fon', 'vga936.fon', 'vga949.fon', 'vga950.fon', 'vgaf1255.fon', 'vgaf1256.fon', 'vgaf1257.fon', 'vgaf874.fon', 'vgafix.fon', 'vgafixe.fon', 'vgafixg.fon', 'vgafixr.fon', 'vgafixt.fon', 'vgaoem.fon', 'vgas1255.fon', 'vgas1256.fon', 'vgas1257.fon', 'vgas874.fon', 'vgasys.fon', 'vgasyse.fon', 'vgasysg.fon', 'vgasysr.fon', 'vgasyst.fon', 'VINERITC.TTF', 'VIVALDII.TTF', 'VLADIMIR.TTF', 'webdings.ttf', 'wingding.ttf', 'WINGDNG2.TTF', 'WINGDNG3.TTF', 'YuGothB.ttc', 'YuGothL.ttc', 'YuGothM.ttc', 'YuGothR.ttc', '\u534e\u5eb7\u65b9\u5706\u4f53W7.TTC', '\u65b9\u6b63\u7c97\u9ed1\u5b8b\u7b80\u4f53.ttf']
2023-09-27 15:09:16,033 - INFO - all fonts installed:['8514fix.fon', '8514fixe.fon', '8514fixg.fon', '8514fixr.fon', '8514fixt.fon', '8514oem.fon', '8514oeme.fon', '8514oemg.fon', '8514oemr.fon', '8514oemt.fon', '8514sys.fon', '8514syse.fon', '8514sysg.fon', '8514sysr.fon', '8514syst.fon', '85775.fon', '85855.fon', '85f1255.fon', '85f1256.fon', '85f1257.fon', '85f874.fon', '85s1255.fon', '85s1256.fon', '85s1257.fon', '85s874.fon', 'AGENCYB.TTF', 'AGENCYR.TTF', 'ALGER.TTF', 'ANTQUAB.TTF', 'ANTQUABI.TTF', 'ANTQUAI.TTF', 'app775.fon', 'app850.fon', 'app852.fon', 'app855.fon', 'app857.fon', 'app866.fon', 'app932.fon', 'app936.fon', 'app949.fon', 'app950.fon', 'arial.ttf', 'arialbd.ttf', 'arialbi.ttf', 'ariali.ttf', 'ARIALN.TTF', 'ARIALNB.TTF', 'ARIALNBI.TTF', 'ARIALNI.TTF', 'ariblk.ttf', 'ARLRDBD.TTF', 'AxureHandwriting-Bold.otf', 'AxureHandwriting-BoldItalic.otf', 'AxureHandwriting-Italic.otf', 'AxureHandwriting.otf', 'bahnschrift.ttf', 'BASKVILL.TTF', 'BAUHS93.TTF', 'BELL.TTF', 'BELLB.TTF', 'BELLI.TTF', 'BERNHC.TTF', 'BKANT.TTF', 'BOD_B.TTF', 'BOD_BI.TTF', 'BOD_BLAI.TTF', 'BOD_BLAR.TTF', 'BOD_CB.TTF', 'BOD_CBI.TTF', 'BOD_CI.TTF', 'BOD_CR.TTF', 'BOD_I.TTF', 'BOD_PSTC.TTF', 'BOD_R.TTF', 'BOOKOS.TTF', 'BOOKOSB.TTF', 'BOOKOSBI.TTF', 'BOOKOSI.TTF', 'BRADHITC.TTF', 'BRITANIC.TTF', 'BRLNSB.TTF', 'BRLNSDB.TTF', 'BRLNSR.TTF', 'BROADW.TTF', 'BRUSHSCI.TTF', 'BSSYM7.TTF', 'c8514fix.fon', 'c8514oem.fon', 'c8514sys.fon', 'calibri.ttf', 'calibrib.ttf', 'calibrii.ttf', 'calibril.ttf', 'calibrili.ttf', 'calibriz.ttf', 'CALIFB.TTF', 'CALIFI.TTF', 'CALIFR.TTF', 'CALIST.TTF', 'CALISTB.TTF', 'CALISTBI.TTF', 'CALISTI.TTF', 'cambria.ttc', 'cambriab.ttf', 'cambriai.ttf', 'cambriaz.ttf', 'Candara.ttf', 'Candarab.ttf', 'Candarai.ttf', 'Candaral.ttf', 'Candarali.ttf', 'Candaraz.ttf', 'CascadiaCode.ttf', 'CascadiaMono.ttf', 'CASTELAR.TTF', 'CENSCBK.TTF', 'CENTAUR.TTF', 'CENTURY.TTF', 'cga40737.fon', 'cga40850.fon', 'cga40852.fon', 'cga40857.fon', 'cga40866.fon', 'cga40869.fon', 'cga40woa.fon', 'cga80737.fon', 'cga80850.fon', 'cga80852.fon', 'cga80857.fon', 'cga80866.fon', 'cga80869.fon', 'cga80woa.fon', 'CHILLER.TTF', 'COLONNA.TTF', 'comic.ttf', 'comicbd.ttf', 'comici.ttf', 'comicz.ttf', 'consola.ttf', 'consolab.ttf', 'consolai.ttf', 'consolaz.ttf', 'constan.ttf', 'constanb.ttf', 'constani.ttf', 'constanz.ttf', 'COOPBL.TTF', 'COPRGTB.TTF', 'COPRGTL.TTF', 'corbel.ttf', 'corbelb.ttf', 'corbeli.ttf', 'corbell.ttf', 'corbelli.ttf', 'corbelz.ttf', 'coue1255.fon', 'coue1256.fon', 'coue1257.fon', 'couf1255.fon', 'couf1256.fon', 'couf1257.fon', 'cour.ttf', 'courbd.ttf', 'courbi.ttf', 'coure.fon', 'couree.fon', 'coureg.fon', 'courer.fon', 'couret.fon', 'courf.fon', 'courfe.fon', 'courfg.fon', 'courfr.fon', 'courft.fon', 'couri.ttf', 'CURLZ___.TTF', 'cvgafix.fon', 'cvgasys.fon', 'Deng.ttf', 'Dengb.ttf', 'Dengl.ttf', 'desktop.ini', 'dos737.fon', 'dos869.fon', 'dosapp.fon', 'DUBAI-BOLD.TTF', 'DUBAI-LIGHT.TTF', 'DUBAI-MEDIUM.TTF', 'DUBAI-REGULAR.TTF', 'ebrima.ttf', 'ebrimabd.ttf', 'ega40737.fon', 'ega40850.fon', 'ega40852.fon', 'ega40857.fon', 'ega40866.fon', 'ega40869.fon', 'ega40woa.fon', 'ega80737.fon', 'ega80850.fon', 'ega80852.fon', 'ega80857.fon', 'ega80866.fon', 'ega80869.fon', 'ega80woa.fon', 'ELEPHNT.TTF', 'ELEPHNTI.TTF', 'ENGR.TTF', 'ERASBD.TTF', 'ERASDEMI.TTF', 'ERASLGHT.TTF', 'ERASMD.TTF', 'FELIXTI.TTF', 'fms_metadata.xml', 'FORTE.TTF', 'FRABK.TTF', 'FRABKIT.TTF', 'FRADM.TTF', 'FRADMCN.TTF', 'FRADMIT.TTF', 'FRAHV.TTF', 'FRAHVIT.TTF', 'framd.ttf', 'FRAMDCN.TTF', 'framdit.ttf', 'FREESCPT.TTF', 'FRSCRIPT.TTF', 'FTLTLT.TTF', 'FZSTK.TTF', 'FZYTK.TTF', 'Gabriola.ttf', 'gadugi.ttf', 'gadugib.ttf', 'GARA.TTF', 'GARABD.TTF', 'GARAIT.TTF', 'georgia.ttf', 'georgiab.ttf', 'georgiai.ttf', 'georgiaz.ttf', 'GIGI.TTF', 'GILBI___.TTF', 'GILB____.TTF', 'GILC____.TTF', 'GILI____.TTF', 'GILLUBCD.TTF', 'GILSANUB.TTF', 'GIL_____.TTF', 'GLECB.TTF', 'GlobalMonospace.CompositeFont', 'GlobalSansSerif.CompositeFont', 'GlobalSerif.CompositeFont', 'GlobalUserInterface.CompositeFont', 'GLSNECB.TTF', 'GOTHIC.TTF', 'GOTHICB.TTF', 'GOTHICBI.TTF', 'GOTHICI.TTF', 'GOUDOS.TTF', 'GOUDOSB.TTF', 'GOUDOSI.TTF', 'GOUDYSTO.TTF', 'h8514fix.fon', 'h8514oem.fon', 'h8514sys.fon', 'HARLOWSI.TTF', 'HARNGTON.TTF', 'HATTEN.TTF', 'HGB1X_CNKI.ttf', 'HGB1_CNKI.ttf', 'HGB2X_CNKI.ttf', 'HGB2_CNKI.ttf', 'HGB3X_CNKI.ttf', 'HGB3_CNKI.ttf', 'HGB4X_CNKI.ttf', 'HGB4_CNKI.ttf', 'HGB5X_CNKI.ttf', 'HGB5_CNKI.ttf', 'HGB6X_CNKI.ttf', 'HGB6_CNKI.ttf', 'HGB7X_CNKI.ttf', 'HGB7_CNKI.ttf', 'HGB8X_CNKI.ttf', 'HGB8_CNKI.ttf', 'HGBD_CNKI.ttf', 'HGBKBX_CNKI.ttf', 'HGBKB_CNKI.ttf', 'HGBKHX_CNKI.ttf', 'HGBKH_CNKI.ttf', 'HGBS1_CNKI.TTF', 'HGBS2_CNKI.TTF', 'HGBS_CNKI.TTF', 'HGBTH_CNKI.TTF', 'HGBTS_CNKI.TTF', 'HGBX_CNKI.ttf', 'HGBZ_CNKI.ttf', 'HGCH_CNKI.TTF', 'HGCUH_CNKI.TTF', 'HGCY_CNKI.TTF', 'HGDBS_CNKI.TTF', 'HGDGY_CNKI.TTF', 'HGDH2_CNKI.TTF', 'HGDH_CNKI.TTF', 'HGDYS_CNKI.TTF', 'HGDY_CNKI.ttf', 'HGF1X_CNKI.ttf', 'HGF1_CNKI.ttf', 'HGF2X_CNKI.ttf', 'HGF2_CNKI.ttf', 'HGF3_CNKI.ttf', 'HGF4X_CNKI.ttf', 'HGF4_CNKI.ttf', 'HGF5X_CNKI.ttf', 'HGF5_CNKI.ttf', 'HGF6X_CNKI.ttf', 'HGF6_CNKI.ttf', 'HGF7X_CNKI.ttf', 'HGF7_CNKI.ttf', 'HGF8_CNKI.ttf', 'HGF9X_CNKI.ttf', 'HGF9_CNKI.ttf', 'HGFS1_CNKI.TTF', 'HGFS2_CNKI.TTF', 'HGFSH_CNKI.TTF', 'HGFS_CNKI.TTF', 'HGFX_CNKI.ttf', 'HGFZ_CNKI.ttf', 'HGGG_CNKI.TTF', 'HGH1X_CNKI.ttf', 'HGH1_CNKI.ttf', 'HGH2X_CNKI.ttf', 'HGH2_CNKI.ttf', 'HGH3X_CNKI.ttf', 'HGH3_CNKI.ttf', 'HGH4X_CNKI.ttf', 'HGH4_CNKI.ttf', 'HGH5X_CNKI.ttf', 'HGH5_CNKI.ttf', 'HGH6X_CNKI.ttf', 'HGH6_CNKI.ttf', 'HGH7X_CNKI.ttf', 'HGH7_CNKI.ttf', 'HGHB_CNKI.TTF', 'HGHD_CNKI.ttf', 'HGHP_CNKI.TTF', 'HGHT1_CNKI.ttf', 'HGHT2_CNKI.ttf', 'HGHUATI_CNKI.ttf', 'HGHX_CNKI.ttf', 'HGHZ_CNKI.ttf', 'HGH_CNKI.TTF', 'HGKT1_CNKI.TTF', 'HGKT2_CNKI.TTF', 'HGKT_CNKI.TTF', 'HGKY_CNKI.ttf', 'HGLB_CNKI.TTF', 'HGLS_CNKI.TTF', 'HGMH_CNKI.TTF', 'HGNBS_CNKI.ttf', 'HGOCR_CNKI.ttf', 'HGPH_CNKI.TTF', 'HGPTY_CNKI.TTF', 'HGSS1_CNKI.TTF', 'HGSS2_CNKI.TTF', 'HGSS_CNKI.TTF', 'HGSXT_CNKI.ttf', 'HGTT_CNKI.ttf', 'HGTX_CNKI.TTF', 'HGWT_CNKI.TTF', 'HGWYS_CNKI.TTF', 'HGX1X_CNKI.ttf', 'HGX1_CNKI.ttf', 'HGXBS_CNKI.TTF', 'HGXC_CNKI.TTF', 'HGXF1_CNKI.ttf', 'HGXFX_CNKI.ttf', 'HGXFZ_CNKI.ttf', 'HGXH1_CNKI.TTF', 'HGXH_CNKI.TTF', 'HGXK_CNKI.TTF', 'HGXL_CNKI.TTF', 'HGXS_CNKI.TTF', 'HGXT_CNKI.ttf', 'HGXY_CNKI.ttf', 'HGY1_CNKI.TTF', 'HGY2_CNKI.TTF', 'HGY3_CNKI.TTF', 'HGY4_CNKI.TTF', 'HGYB_CNKI.ttf', 'HGYT1_CNKI.ttf', 'HGYT2_CNKI.ttf', 'HGYT_CNKI.TTF', 'HGYX_CNKI.TTF', 'HGZCS_CNKI.TTF', 'HGZDX_CNKI.TTF', 'HGZK_CNKI.TTF', 'HGZYT_CNKI.TTF', 'HGZY_CNKI.TTF', 'himalaya.ttf', 'holomdl2.ttf', 'HTOWERT.TTF', 'HTOWERTI.TTF', 'hvgafix.fon', 'hvgasys.fon', 'impact.ttf', 'IMPRISHA.TTF', 'INFROMAN.TTF', 'Inkfree.ttf', 'iqiyi_logov7.ttf', 'ITCBLKAD.TTF', 'ITCEDSCR.TTF', 'ITCKRIST.TTF', 'j8514fix.fon', 'j8514oem.fon', 'j8514sys.fon', 'javatext.ttf', 'JOKERMAN.TTF', 'jsmalle.fon', 'jsmallf.fon', 'JUICE___.TTF', 'jvgafix.fon', 'jvgasys.fon', 'KUNSTLER.TTF', 'LATINWD.TTF', 'LBRITE.TTF', 'LBRITED.TTF', 'LBRITEDI.TTF', 'LBRITEI.TTF', 'LCALLIG.TTF', 'LeelaUIb.ttf', 'LeelawUI.ttf', 'LeelUIsl.ttf', 'LFAX.TTF', 'LFAXD.TTF', 'LFAXDI.TTF', 'LFAXI.TTF', 'LHANDW.TTF', 'LSANS.TTF', 'LSANSD.TTF', 'LSANSDI.TTF', 'LSANSI.TTF', 'LTYPE.TTF', 'LTYPEB.TTF', 'LTYPEBO.TTF', 'LTYPEO.TTF', 'lucon.ttf', 'l_10646.ttf', 'MAGNETOB.TTF', 'MAIAN.TTF', 'malgun.ttf', 'malgunbd.ttf', 'malgunsl.ttf', 'marlett.ttf', 'MATURASC.TTF', 'micross.ttf', 'mingliub.ttc', 'MISTRAL.TTF', 'mmrtext.ttf', 'mmrtextb.ttf', 'MOD20.TTF', 'modern.fon', 'monbaiti.ttf', 'msgothic.ttc', 'msjh.ttc', 'msjhbd.ttc', 'msjhl.ttc', 'msyh.ttc', 'msyhbd.ttc', 'msyhl.ttc', 'msyi.ttf', 'MTCORSVA.TTF', 'MTEXTRA.TTF', 'mvboli.ttf', 'NIAGENG.TTF', 'NIAGSOL.TTF', 'Nirmala.ttf', 'NirmalaB.ttf', 'NirmalaS.ttf', 'ntailu.ttf', 'ntailub.ttf', 'NumberOnly.ttf', 'OCRAEXT.TTF', 'OLDENGL.TTF', 'ONYX.TTF', 'OUTLOOK.TTF', 'pala.ttf', 'palab.ttf', 'palabi.ttf', 'palai.ttf', 'PALSCRI.TTF', 'PAPYRUS.TTF', 'PARCHM.TTF', 'PERBI___.TTF', 'PERB____.TTF', 'PERI____.TTF', 'PERTIBD.TTF', 'PERTILI.TTF', 'PER_____.TTF', 'phagspa.ttf', 'phagspab.ttf', 'PLAYBILL.TTF', 'POORICH.TTF', 'PRISTINA.TTF', 'RAGE.TTF', 'RAVIE.TTF', 'REFSAN.TTF', 'REFSPCL.TTF', 'ROCCB___.TTF', 'ROCC____.TTF', 'ROCK.TTF', 'ROCKB.TTF', 'ROCKBI.TTF', 'ROCKEB.TTF', 'ROCKI.TTF', 'roman.fon', 's8514fix.fon', 's8514oem.fon', 's8514sys.fon', 'SCHLBKB.TTF', 'SCHLBKBI.TTF', 'SCHLBKI.TTF', 'script.fon', 'SCRIPTBL.TTF', 'segmdl2.ttf', 'SegoeIcons.ttf', 'segoepr.ttf', 'segoeprb.ttf', 'segoesc.ttf', 'segoescb.ttf', 'segoeui.ttf', 'segoeuib.ttf', 'segoeuii.ttf', 'segoeuil.ttf', 'segoeuisl.ttf', 'segoeuiz.ttf', 'seguibl.ttf', 'seguibli.ttf', 'seguiemj.ttf', 'seguihis.ttf', 'seguili.ttf', 'seguisb.ttf', 'seguisbi.ttf', 'seguisli.ttf', 'seguisym.ttf', 'SegUIVar.ttf', 'sere1255.fon', 'sere1256.fon', 'sere1257.fon', 'serf1255.fon', 'serf1256.fon', 'serf1257.fon', 'serife.fon', 'serifee.fon', 'serifeg.fon', 'serifer.fon', 'serifet.fon', 'seriff.fon', 'seriffe.fon', 'seriffg.fon', 'seriffr.fon', 'serifft.fon', 'SHOWG.TTF', 'simfang.ttf', 'simhei.ttf', 'simkai.ttf', 'SIMLI.TTF', 'simsun.ttc', 'simsunb.ttf', 'SIMYOU.TTF', 'SitkaVF-Italic.ttf', 'SitkaVF.ttf', 'smae1255.fon', 'smae1256.fon', 'smae1257.fon', 'smaf1255.fon', 'smaf1256.fon', 'smaf1257.fon', 'smalle.fon', 'smallee.fon', 'smalleg.fon', 'smaller.fon', 'smallet.fon', 'smallf.fon', 'smallfe.fon', 'smallfg.fon', 'smallfr.fon', 'smallft.fon', 'SNAP____.TTF', 'ssee1255.fon', 'ssee1256.fon', 'ssee1257.fon', 'ssee874.fon', 'ssef1255.fon', 'ssef1256.fon', 'ssef1257.fon', 'ssef874.fon', 'sserife.fon', 'sserifee.fon', 'sserifeg.fon', 'sserifer.fon', 'sserifet.fon', 'sseriff.fon', 'sseriffe.fon', 'sseriffg.fon', 'sseriffr.fon', 'sserifft.fon', 'StaticCache.dat', 'STCAIYUN.TTF', 'STENCIL.TTF', 'STFANGSO.TTF', 'STHUPO.TTF', 'STKAITI.TTF', 'STLITI.TTF', 'STSONG.TTF', 'STXIHEI.TTF', 'STXINGKA.TTF', 'STXINWEI.TTF', 'STZHONGS.TTF', 'svgafix.fon', 'svgasys.fon', 'sylfaen.ttf', 'symbol.ttf', 'tahoma.ttf', 'tahomabd.ttf', 'taile.ttf', 'taileb.ttf', 'TCBI____.TTF', 'TCB_____.TTF', 'TCCB____.TTF', 'TCCEB.TTF', 'TCCM____.TTF', 'TCMI____.TTF', 'TCM_____.TTF', 'TEMPSITC.TTF', 'times.ttf', 'timesbd.ttf', 'timesbi.ttf', 'timesi.ttf', 'trebuc.ttf', 'trebucbd.ttf', 'trebucbi.ttf', 'trebucit.ttf', 'verdana.ttf', 'verdanab.ttf', 'verdanai.ttf', 'verdanaz.ttf', 'vga737.fon', 'vga775.fon', 'vga850.fon', 'vga852.fon', 'vga855.fon', 'vga857.fon', 'vga860.fon', 'vga861.fon', 'vga863.fon', 'vga865.fon', 'vga866.fon', 'vga869.fon', 'vga932.fon', 'vga936.fon', 'vga949.fon', 'vga950.fon', 'vgaf1255.fon', 'vgaf1256.fon', 'vgaf1257.fon', 'vgaf874.fon', 'vgafix.fon', 'vgafixe.fon', 'vgafixg.fon', 'vgafixr.fon', 'vgafixt.fon', 'vgaoem.fon', 'vgas1255.fon', 'vgas1256.fon', 'vgas1257.fon', 'vgas874.fon', 'vgasys.fon', 'vgasyse.fon', 'vgasysg.fon', 'vgasysr.fon', 'vgasyst.fon', 'VINERITC.TTF', 'VIVALDII.TTF', 'VLADIMIR.TTF', 'webdings.ttf', 'wingding.ttf', 'WINGDNG2.TTF', 'WINGDNG3.TTF', 'YuGothB.ttc', 'YuGothL.ttc', 'YuGothM.ttc', 'YuGothR.ttc', '\u534e\u5eb7\u65b9\u5706\u4f53W7.TTC', '\u65b9\u6b63\u7c97\u9ed1\u5b8b\u7b80\u4f53.ttf']
2023-09-27 15:09:16,037 - INFO - all fonts installed:['8514fix.fon', '8514fixe.fon', '8514fixg.fon', '8514fixr.fon', '8514fixt.fon', '8514oem.fon', '8514oeme.fon', '8514oemg.fon', '8514oemr.fon', '8514oemt.fon', '8514sys.fon', '8514syse.fon', '8514sysg.fon', '8514sysr.fon', '8514syst.fon', '85775.fon', '85855.fon', '85f1255.fon', '85f1256.fon', '85f1257.fon', '85f874.fon', '85s1255.fon', '85s1256.fon', '85s1257.fon', '85s874.fon', 'AGENCYB.TTF', 'AGENCYR.TTF', 'ALGER.TTF', 'ANTQUAB.TTF', 'ANTQUABI.TTF', 'ANTQUAI.TTF', 'app775.fon', 'app850.fon', 'app852.fon', 'app855.fon', 'app857.fon', 'app866.fon', 'app932.fon', 'app936.fon', 'app949.fon', 'app950.fon', 'arial.ttf', 'arialbd.ttf', 'arialbi.ttf', 'ariali.ttf', 'ARIALN.TTF', 'ARIALNB.TTF', 'ARIALNBI.TTF', 'ARIALNI.TTF', 'ariblk.ttf', 'ARLRDBD.TTF', 'AxureHandwriting-Bold.otf', 'AxureHandwriting-BoldItalic.otf', 'AxureHandwriting-Italic.otf', 'AxureHandwriting.otf', 'bahnschrift.ttf', 'BASKVILL.TTF', 'BAUHS93.TTF', 'BELL.TTF', 'BELLB.TTF', 'BELLI.TTF', 'BERNHC.TTF', 'BKANT.TTF', 'BOD_B.TTF', 'BOD_BI.TTF', 'BOD_BLAI.TTF', 'BOD_BLAR.TTF', 'BOD_CB.TTF', 'BOD_CBI.TTF', 'BOD_CI.TTF', 'BOD_CR.TTF', 'BOD_I.TTF', 'BOD_PSTC.TTF', 'BOD_R.TTF', 'BOOKOS.TTF', 'BOOKOSB.TTF', 'BOOKOSBI.TTF', 'BOOKOSI.TTF', 'BRADHITC.TTF', 'BRITANIC.TTF', 'BRLNSB.TTF', 'BRLNSDB.TTF', 'BRLNSR.TTF', 'BROADW.TTF', 'BRUSHSCI.TTF', 'BSSYM7.TTF', 'c8514fix.fon', 'c8514oem.fon', 'c8514sys.fon', 'calibri.ttf', 'calibrib.ttf', 'calibrii.ttf', 'calibril.ttf', 'calibrili.ttf', 'calibriz.ttf', 'CALIFB.TTF', 'CALIFI.TTF', 'CALIFR.TTF', 'CALIST.TTF', 'CALISTB.TTF', 'CALISTBI.TTF', 'CALISTI.TTF', 'cambria.ttc', 'cambriab.ttf', 'cambriai.ttf', 'cambriaz.ttf', 'Candara.ttf', 'Candarab.ttf', 'Candarai.ttf', 'Candaral.ttf', 'Candarali.ttf', 'Candaraz.ttf', 'CascadiaCode.ttf', 'CascadiaMono.ttf', 'CASTELAR.TTF', 'CENSCBK.TTF', 'CENTAUR.TTF', 'CENTURY.TTF', 'cga40737.fon', 'cga40850.fon', 'cga40852.fon', 'cga40857.fon', 'cga40866.fon', 'cga40869.fon', 'cga40woa.fon', 'cga80737.fon', 'cga80850.fon', 'cga80852.fon', 'cga80857.fon', 'cga80866.fon', 'cga80869.fon', 'cga80woa.fon', 'CHILLER.TTF', 'COLONNA.TTF', 'comic.ttf', 'comicbd.ttf', 'comici.ttf', 'comicz.ttf', 'consola.ttf', 'consolab.ttf', 'consolai.ttf', 'consolaz.ttf', 'constan.ttf', 'constanb.ttf', 'constani.ttf', 'constanz.ttf', 'COOPBL.TTF', 'COPRGTB.TTF', 'COPRGTL.TTF', 'corbel.ttf', 'corbelb.ttf', 'corbeli.ttf', 'corbell.ttf', 'corbelli.ttf', 'corbelz.ttf', 'coue1255.fon', 'coue1256.fon', 'coue1257.fon', 'couf1255.fon', 'couf1256.fon', 'couf1257.fon', 'cour.ttf', 'courbd.ttf', 'courbi.ttf', 'coure.fon', 'couree.fon', 'coureg.fon', 'courer.fon', 'couret.fon', 'courf.fon', 'courfe.fon', 'courfg.fon', 'courfr.fon', 'courft.fon', 'couri.ttf', 'CURLZ___.TTF', 'cvgafix.fon', 'cvgasys.fon', 'Deng.ttf', 'Dengb.ttf', 'Dengl.ttf', 'desktop.ini', 'dos737.fon', 'dos869.fon', 'dosapp.fon', 'DUBAI-BOLD.TTF', 'DUBAI-LIGHT.TTF', 'DUBAI-MEDIUM.TTF', 'DUBAI-REGULAR.TTF', 'ebrima.ttf', 'ebrimabd.ttf', 'ega40737.fon', 'ega40850.fon', 'ega40852.fon', 'ega40857.fon', 'ega40866.fon', 'ega40869.fon', 'ega40woa.fon', 'ega80737.fon', 'ega80850.fon', 'ega80852.fon', 'ega80857.fon', 'ega80866.fon', 'ega80869.fon', 'ega80woa.fon', 'ELEPHNT.TTF', 'ELEPHNTI.TTF', 'ENGR.TTF', 'ERASBD.TTF', 'ERASDEMI.TTF', 'ERASLGHT.TTF', 'ERASMD.TTF', 'FELIXTI.TTF', 'fms_metadata.xml', 'FORTE.TTF', 'FRABK.TTF', 'FRABKIT.TTF', 'FRADM.TTF', 'FRADMCN.TTF', 'FRADMIT.TTF', 'FRAHV.TTF', 'FRAHVIT.TTF', 'framd.ttf', 'FRAMDCN.TTF', 'framdit.ttf', 'FREESCPT.TTF', 'FRSCRIPT.TTF', 'FTLTLT.TTF', 'FZSTK.TTF', 'FZYTK.TTF', 'Gabriola.ttf', 'gadugi.ttf', 'gadugib.ttf', 'GARA.TTF', 'GARABD.TTF', 'GARAIT.TTF', 'georgia.ttf', 'georgiab.ttf', 'georgiai.ttf', 'georgiaz.ttf', 'GIGI.TTF', 'GILBI___.TTF', 'GILB____.TTF', 'GILC____.TTF', 'GILI____.TTF', 'GILLUBCD.TTF', 'GILSANUB.TTF', 'GIL_____.TTF', 'GLECB.TTF', 'GlobalMonospace.CompositeFont', 'GlobalSansSerif.CompositeFont', 'GlobalSerif.CompositeFont', 'GlobalUserInterface.CompositeFont', 'GLSNECB.TTF', 'GOTHIC.TTF', 'GOTHICB.TTF', 'GOTHICBI.TTF', 'GOTHICI.TTF', 'GOUDOS.TTF', 'GOUDOSB.TTF', 'GOUDOSI.TTF', 'GOUDYSTO.TTF', 'h8514fix.fon', 'h8514oem.fon', 'h8514sys.fon', 'HARLOWSI.TTF', 'HARNGTON.TTF', 'HATTEN.TTF', 'HGB1X_CNKI.ttf', 'HGB1_CNKI.ttf', 'HGB2X_CNKI.ttf', 'HGB2_CNKI.ttf', 'HGB3X_CNKI.ttf', 'HGB3_CNKI.ttf', 'HGB4X_CNKI.ttf', 'HGB4_CNKI.ttf', 'HGB5X_CNKI.ttf', 'HGB5_CNKI.ttf', 'HGB6X_CNKI.ttf', 'HGB6_CNKI.ttf', 'HGB7X_CNKI.ttf', 'HGB7_CNKI.ttf', 'HGB8X_CNKI.ttf', 'HGB8_CNKI.ttf', 'HGBD_CNKI.ttf', 'HGBKBX_CNKI.ttf', 'HGBKB_CNKI.ttf', 'HGBKHX_CNKI.ttf', 'HGBKH_CNKI.ttf', 'HGBS1_CNKI.TTF', 'HGBS2_CNKI.TTF', 'HGBS_CNKI.TTF', 'HGBTH_CNKI.TTF', 'HGBTS_CNKI.TTF', 'HGBX_CNKI.ttf', 'HGBZ_CNKI.ttf', 'HGCH_CNKI.TTF', 'HGCUH_CNKI.TTF', 'HGCY_CNKI.TTF', 'HGDBS_CNKI.TTF', 'HGDGY_CNKI.TTF', 'HGDH2_CNKI.TTF', 'HGDH_CNKI.TTF', 'HGDYS_CNKI.TTF', 'HGDY_CNKI.ttf', 'HGF1X_CNKI.ttf', 'HGF1_CNKI.ttf', 'HGF2X_CNKI.ttf', 'HGF2_CNKI.ttf', 'HGF3_CNKI.ttf', 'HGF4X_CNKI.ttf', 'HGF4_CNKI.ttf', 'HGF5X_CNKI.ttf', 'HGF5_CNKI.ttf', 'HGF6X_CNKI.ttf', 'HGF6_CNKI.ttf', 'HGF7X_CNKI.ttf', 'HGF7_CNKI.ttf', 'HGF8_CNKI.ttf', 'HGF9X_CNKI.ttf', 'HGF9_CNKI.ttf', 'HGFS1_CNKI.TTF', 'HGFS2_CNKI.TTF', 'HGFSH_CNKI.TTF', 'HGFS_CNKI.TTF', 'HGFX_CNKI.ttf', 'HGFZ_CNKI.ttf', 'HGGG_CNKI.TTF', 'HGH1X_CNKI.ttf', 'HGH1_CNKI.ttf', 'HGH2X_CNKI.ttf', 'HGH2_CNKI.ttf', 'HGH3X_CNKI.ttf', 'HGH3_CNKI.ttf', 'HGH4X_CNKI.ttf', 'HGH4_CNKI.ttf', 'HGH5X_CNKI.ttf', 'HGH5_CNKI.ttf', 'HGH6X_CNKI.ttf', 'HGH6_CNKI.ttf', 'HGH7X_CNKI.ttf', 'HGH7_CNKI.ttf', 'HGHB_CNKI.TTF', 'HGHD_CNKI.ttf', 'HGHP_CNKI.TTF', 'HGHT1_CNKI.ttf', 'HGHT2_CNKI.ttf', 'HGHUATI_CNKI.ttf', 'HGHX_CNKI.ttf', 'HGHZ_CNKI.ttf', 'HGH_CNKI.TTF', 'HGKT1_CNKI.TTF', 'HGKT2_CNKI.TTF', 'HGKT_CNKI.TTF', 'HGKY_CNKI.ttf', 'HGLB_CNKI.TTF', 'HGLS_CNKI.TTF', 'HGMH_CNKI.TTF', 'HGNBS_CNKI.ttf', 'HGOCR_CNKI.ttf', 'HGPH_CNKI.TTF', 'HGPTY_CNKI.TTF', 'HGSS1_CNKI.TTF', 'HGSS2_CNKI.TTF', 'HGSS_CNKI.TTF', 'HGSXT_CNKI.ttf', 'HGTT_CNKI.ttf', 'HGTX_CNKI.TTF', 'HGWT_CNKI.TTF', 'HGWYS_CNKI.TTF', 'HGX1X_CNKI.ttf', 'HGX1_CNKI.ttf', 'HGXBS_CNKI.TTF', 'HGXC_CNKI.TTF', 'HGXF1_CNKI.ttf', 'HGXFX_CNKI.ttf', 'HGXFZ_CNKI.ttf', 'HGXH1_CNKI.TTF', 'HGXH_CNKI.TTF', 'HGXK_CNKI.TTF', 'HGXL_CNKI.TTF', 'HGXS_CNKI.TTF', 'HGXT_CNKI.ttf', 'HGXY_CNKI.ttf', 'HGY1_CNKI.TTF', 'HGY2_CNKI.TTF', 'HGY3_CNKI.TTF', 'HGY4_CNKI.TTF', 'HGYB_CNKI.ttf', 'HGYT1_CNKI.ttf', 'HGYT2_CNKI.ttf', 'HGYT_CNKI.TTF', 'HGYX_CNKI.TTF', 'HGZCS_CNKI.TTF', 'HGZDX_CNKI.TTF', 'HGZK_CNKI.TTF', 'HGZYT_CNKI.TTF', 'HGZY_CNKI.TTF', 'himalaya.ttf', 'holomdl2.ttf', 'HTOWERT.TTF', 'HTOWERTI.TTF', 'hvgafix.fon', 'hvgasys.fon', 'impact.ttf', 'IMPRISHA.TTF', 'INFROMAN.TTF', 'Inkfree.ttf', 'iqiyi_logov7.ttf', 'ITCBLKAD.TTF', 'ITCEDSCR.TTF', 'ITCKRIST.TTF', 'j8514fix.fon', 'j8514oem.fon', 'j8514sys.fon', 'javatext.ttf', 'JOKERMAN.TTF', 'jsmalle.fon', 'jsmallf.fon', 'JUICE___.TTF', 'jvgafix.fon', 'jvgasys.fon', 'KUNSTLER.TTF', 'LATINWD.TTF', 'LBRITE.TTF', 'LBRITED.TTF', 'LBRITEDI.TTF', 'LBRITEI.TTF', 'LCALLIG.TTF', 'LeelaUIb.ttf', 'LeelawUI.ttf', 'LeelUIsl.ttf', 'LFAX.TTF', 'LFAXD.TTF', 'LFAXDI.TTF', 'LFAXI.TTF', 'LHANDW.TTF', 'LSANS.TTF', 'LSANSD.TTF', 'LSANSDI.TTF', 'LSANSI.TTF', 'LTYPE.TTF', 'LTYPEB.TTF', 'LTYPEBO.TTF', 'LTYPEO.TTF', 'lucon.ttf', 'l_10646.ttf', 'MAGNETOB.TTF', 'MAIAN.TTF', 'malgun.ttf', 'malgunbd.ttf', 'malgunsl.ttf', 'marlett.ttf', 'MATURASC.TTF', 'micross.ttf', 'mingliub.ttc', 'MISTRAL.TTF', 'mmrtext.ttf', 'mmrtextb.ttf', 'MOD20.TTF', 'modern.fon', 'monbaiti.ttf', 'msgothic.ttc', 'msjh.ttc', 'msjhbd.ttc', 'msjhl.ttc', 'msyh.ttc', 'msyhbd.ttc', 'msyhl.ttc', 'msyi.ttf', 'MTCORSVA.TTF', 'MTEXTRA.TTF', 'mvboli.ttf', 'NIAGENG.TTF', 'NIAGSOL.TTF', 'Nirmala.ttf', 'NirmalaB.ttf', 'NirmalaS.ttf', 'ntailu.ttf', 'ntailub.ttf', 'NumberOnly.ttf', 'OCRAEXT.TTF', 'OLDENGL.TTF', 'ONYX.TTF', 'OUTLOOK.TTF', 'pala.ttf', 'palab.ttf', 'palabi.ttf', 'palai.ttf', 'PALSCRI.TTF', 'PAPYRUS.TTF', 'PARCHM.TTF', 'PERBI___.TTF', 'PERB____.TTF', 'PERI____.TTF', 'PERTIBD.TTF', 'PERTILI.TTF', 'PER_____.TTF', 'phagspa.ttf', 'phagspab.ttf', 'PLAYBILL.TTF', 'POORICH.TTF', 'PRISTINA.TTF', 'RAGE.TTF', 'RAVIE.TTF', 'REFSAN.TTF', 'REFSPCL.TTF', 'ROCCB___.TTF', 'ROCC____.TTF', 'ROCK.TTF', 'ROCKB.TTF', 'ROCKBI.TTF', 'ROCKEB.TTF', 'ROCKI.TTF', 'roman.fon', 's8514fix.fon', 's8514oem.fon', 's8514sys.fon', 'SCHLBKB.TTF', 'SCHLBKBI.TTF', 'SCHLBKI.TTF', 'script.fon', 'SCRIPTBL.TTF', 'segmdl2.ttf', 'SegoeIcons.ttf', 'segoepr.ttf', 'segoeprb.ttf', 'segoesc.ttf', 'segoescb.ttf', 'segoeui.ttf', 'segoeuib.ttf', 'segoeuii.ttf', 'segoeuil.ttf', 'segoeuisl.ttf', 'segoeuiz.ttf', 'seguibl.ttf', 'seguibli.ttf', 'seguiemj.ttf', 'seguihis.ttf', 'seguili.ttf', 'seguisb.ttf', 'seguisbi.ttf', 'seguisli.ttf', 'seguisym.ttf', 'SegUIVar.ttf', 'sere1255.fon', 'sere1256.fon', 'sere1257.fon', 'serf1255.fon', 'serf1256.fon', 'serf1257.fon', 'serife.fon', 'serifee.fon', 'serifeg.fon', 'serifer.fon', 'serifet.fon', 'seriff.fon', 'seriffe.fon', 'seriffg.fon', 'seriffr.fon', 'serifft.fon', 'SHOWG.TTF', 'simfang.ttf', 'simhei.ttf', 'simkai.ttf', 'SIMLI.TTF', 'simsun.ttc', 'simsunb.ttf', 'SIMYOU.TTF', 'SitkaVF-Italic.ttf', 'SitkaVF.ttf', 'smae1255.fon', 'smae1256.fon', 'smae1257.fon', 'smaf1255.fon', 'smaf1256.fon', 'smaf1257.fon', 'smalle.fon', 'smallee.fon', 'smalleg.fon', 'smaller.fon', 'smallet.fon', 'smallf.fon', 'smallfe.fon', 'smallfg.fon', 'smallfr.fon', 'smallft.fon', 'SNAP____.TTF', 'ssee1255.fon', 'ssee1256.fon', 'ssee1257.fon', 'ssee874.fon', 'ssef1255.fon', 'ssef1256.fon', 'ssef1257.fon', 'ssef874.fon', 'sserife.fon', 'sserifee.fon', 'sserifeg.fon', 'sserifer.fon', 'sserifet.fon', 'sseriff.fon', 'sseriffe.fon', 'sseriffg.fon', 'sseriffr.fon', 'sserifft.fon', 'StaticCache.dat', 'STCAIYUN.TTF', 'STENCIL.TTF', 'STFANGSO.TTF', 'STHUPO.TTF', 'STKAITI.TTF', 'STLITI.TTF', 'STSONG.TTF', 'STXIHEI.TTF', 'STXINGKA.TTF', 'STXINWEI.TTF', 'STZHONGS.TTF', 'svgafix.fon', 'svgasys.fon', 'sylfaen.ttf', 'symbol.ttf', 'tahoma.ttf', 'tahomabd.ttf', 'taile.ttf', 'taileb.ttf', 'TCBI____.TTF', 'TCB_____.TTF', 'TCCB____.TTF', 'TCCEB.TTF', 'TCCM____.TTF', 'TCMI____.TTF', 'TCM_____.TTF', 'TEMPSITC.TTF', 'times.ttf', 'timesbd.ttf', 'timesbi.ttf', 'timesi.ttf', 'trebuc.ttf', 'trebucbd.ttf', 'trebucbi.ttf', 'trebucit.ttf', 'verdana.ttf', 'verdanab.ttf', 'verdanai.ttf', 'verdanaz.ttf', 'vga737.fon', 'vga775.fon', 'vga850.fon', 'vga852.fon', 'vga855.fon', 'vga857.fon', 'vga860.fon', 'vga861.fon', 'vga863.fon', 'vga865.fon', 'vga866.fon', 'vga869.fon', 'vga932.fon', 'vga936.fon', 'vga949.fon', 'vga950.fon', 'vgaf1255.fon', 'vgaf1256.fon', 'vgaf1257.fon', 'vgaf874.fon', 'vgafix.fon', 'vgafixe.fon', 'vgafixg.fon', 'vgafixr.fon', 'vgafixt.fon', 'vgaoem.fon', 'vgas1255.fon', 'vgas1256.fon', 'vgas1257.fon', 'vgas874.fon', 'vgasys.fon', 'vgasyse.fon', 'vgasysg.fon', 'vgasysr.fon', 'vgasyst.fon', 'VINERITC.TTF', 'VIVALDII.TTF', 'VLADIMIR.TTF', 'webdings.ttf', 'wingding.ttf', 'WINGDNG2.TTF', 'WINGDNG3.TTF', 'YuGothB.ttc', 'YuGothL.ttc', 'YuGothM.ttc', 'YuGothR.ttc', '\u534e\u5eb7\u65b9\u5706\u4f53W7.TTC', '\u65b9\u6b63\u7c97\u9ed1\u5b8b\u7b80\u4f53.ttf']
2023-09-27 15:09:16,038 - INFO - all fonts installed:['8514fix.fon', '8514fixe.fon', '8514fixg.fon', '8514fixr.fon', '8514fixt.fon', '8514oem.fon', '8514oeme.fon', '8514oemg.fon', '8514oemr.fon', '8514oemt.fon', '8514sys.fon', '8514syse.fon', '8514sysg.fon', '8514sysr.fon', '8514syst.fon', '85775.fon', '85855.fon', '85f1255.fon', '85f1256.fon', '85f1257.fon', '85f874.fon', '85s1255.fon', '85s1256.fon', '85s1257.fon', '85s874.fon', 'AGENCYB.TTF', 'AGENCYR.TTF', 'ALGER.TTF', 'ANTQUAB.TTF', 'ANTQUABI.TTF', 'ANTQUAI.TTF', 'app775.fon', 'app850.fon', 'app852.fon', 'app855.fon', 'app857.fon', 'app866.fon', 'app932.fon', 'app936.fon', 'app949.fon', 'app950.fon', 'arial.ttf', 'arialbd.ttf', 'arialbi.ttf', 'ariali.ttf', 'ARIALN.TTF', 'ARIALNB.TTF', 'ARIALNBI.TTF', 'ARIALNI.TTF', 'ariblk.ttf', 'ARLRDBD.TTF', 'AxureHandwriting-Bold.otf', 'AxureHandwriting-BoldItalic.otf', 'AxureHandwriting-Italic.otf', 'AxureHandwriting.otf', 'bahnschrift.ttf', 'BASKVILL.TTF', 'BAUHS93.TTF', 'BELL.TTF', 'BELLB.TTF', 'BELLI.TTF', 'BERNHC.TTF', 'BKANT.TTF', 'BOD_B.TTF', 'BOD_BI.TTF', 'BOD_BLAI.TTF', 'BOD_BLAR.TTF', 'BOD_CB.TTF', 'BOD_CBI.TTF', 'BOD_CI.TTF', 'BOD_CR.TTF', 'BOD_I.TTF', 'BOD_PSTC.TTF', 'BOD_R.TTF', 'BOOKOS.TTF', 'BOOKOSB.TTF', 'BOOKOSBI.TTF', 'BOOKOSI.TTF', 'BRADHITC.TTF', 'BRITANIC.TTF', 'BRLNSB.TTF', 'BRLNSDB.TTF', 'BRLNSR.TTF', 'BROADW.TTF', 'BRUSHSCI.TTF', 'BSSYM7.TTF', 'c8514fix.fon', 'c8514oem.fon', 'c8514sys.fon', 'calibri.ttf', 'calibrib.ttf', 'calibrii.ttf', 'calibril.ttf', 'calibrili.ttf', 'calibriz.ttf', 'CALIFB.TTF', 'CALIFI.TTF', 'CALIFR.TTF', 'CALIST.TTF', 'CALISTB.TTF', 'CALISTBI.TTF', 'CALISTI.TTF', 'cambria.ttc', 'cambriab.ttf', 'cambriai.ttf', 'cambriaz.ttf', 'Candara.ttf', 'Candarab.ttf', 'Candarai.ttf', 'Candaral.ttf', 'Candarali.ttf', 'Candaraz.ttf', 'CascadiaCode.ttf', 'CascadiaMono.ttf', 'CASTELAR.TTF', 'CENSCBK.TTF', 'CENTAUR.TTF', 'CENTURY.TTF', 'cga40737.fon', 'cga40850.fon', 'cga40852.fon', 'cga40857.fon', 'cga40866.fon', 'cga40869.fon', 'cga40woa.fon', 'cga80737.fon', 'cga80850.fon', 'cga80852.fon', 'cga80857.fon', 'cga80866.fon', 'cga80869.fon', 'cga80woa.fon', 'CHILLER.TTF', 'COLONNA.TTF', 'comic.ttf', 'comicbd.ttf', 'comici.ttf', 'comicz.ttf', 'consola.ttf', 'consolab.ttf', 'consolai.ttf', 'consolaz.ttf', 'constan.ttf', 'constanb.ttf', 'constani.ttf', 'constanz.ttf', 'COOPBL.TTF', 'COPRGTB.TTF', 'COPRGTL.TTF', 'corbel.ttf', 'corbelb.ttf', 'corbeli.ttf', 'corbell.ttf', 'corbelli.ttf', 'corbelz.ttf', 'coue1255.fon', 'coue1256.fon', 'coue1257.fon', 'couf1255.fon', 'couf1256.fon', 'couf1257.fon', 'cour.ttf', 'courbd.ttf', 'courbi.ttf', 'coure.fon', 'couree.fon', 'coureg.fon', 'courer.fon', 'couret.fon', 'courf.fon', 'courfe.fon', 'courfg.fon', 'courfr.fon', 'courft.fon', 'couri.ttf', 'CURLZ___.TTF', 'cvgafix.fon', 'cvgasys.fon', 'Deng.ttf', 'Dengb.ttf', 'Dengl.ttf', 'desktop.ini', 'dos737.fon', 'dos869.fon', 'dosapp.fon', 'DUBAI-BOLD.TTF', 'DUBAI-LIGHT.TTF', 'DUBAI-MEDIUM.TTF', 'DUBAI-REGULAR.TTF', 'ebrima.ttf', 'ebrimabd.ttf', 'ega40737.fon', 'ega40850.fon', 'ega40852.fon', 'ega40857.fon', 'ega40866.fon', 'ega40869.fon', 'ega40woa.fon', 'ega80737.fon', 'ega80850.fon', 'ega80852.fon', 'ega80857.fon', 'ega80866.fon', 'ega80869.fon', 'ega80woa.fon', 'ELEPHNT.TTF', 'ELEPHNTI.TTF', 'ENGR.TTF', 'ERASBD.TTF', 'ERASDEMI.TTF', 'ERASLGHT.TTF', 'ERASMD.TTF', 'FELIXTI.TTF', 'fms_metadata.xml', 'FORTE.TTF', 'FRABK.TTF', 'FRABKIT.TTF', 'FRADM.TTF', 'FRADMCN.TTF', 'FRADMIT.TTF', 'FRAHV.TTF', 'FRAHVIT.TTF', 'framd.ttf', 'FRAMDCN.TTF', 'framdit.ttf', 'FREESCPT.TTF', 'FRSCRIPT.TTF', 'FTLTLT.TTF', 'FZSTK.TTF', 'FZYTK.TTF', 'Gabriola.ttf', 'gadugi.ttf', 'gadugib.ttf', 'GARA.TTF', 'GARABD.TTF', 'GARAIT.TTF', 'georgia.ttf', 'georgiab.ttf', 'georgiai.ttf', 'georgiaz.ttf', 'GIGI.TTF', 'GILBI___.TTF', 'GILB____.TTF', 'GILC____.TTF', 'GILI____.TTF', 'GILLUBCD.TTF', 'GILSANUB.TTF', 'GIL_____.TTF', 'GLECB.TTF', 'GlobalMonospace.CompositeFont', 'GlobalSansSerif.CompositeFont', 'GlobalSerif.CompositeFont', 'GlobalUserInterface.CompositeFont', 'GLSNECB.TTF', 'GOTHIC.TTF', 'GOTHICB.TTF', 'GOTHICBI.TTF', 'GOTHICI.TTF', 'GOUDOS.TTF', 'GOUDOSB.TTF', 'GOUDOSI.TTF', 'GOUDYSTO.TTF', 'h8514fix.fon', 'h8514oem.fon', 'h8514sys.fon', 'HARLOWSI.TTF', 'HARNGTON.TTF', 'HATTEN.TTF', 'HGB1X_CNKI.ttf', 'HGB1_CNKI.ttf', 'HGB2X_CNKI.ttf', 'HGB2_CNKI.ttf', 'HGB3X_CNKI.ttf', 'HGB3_CNKI.ttf', 'HGB4X_CNKI.ttf', 'HGB4_CNKI.ttf', 'HGB5X_CNKI.ttf', 'HGB5_CNKI.ttf', 'HGB6X_CNKI.ttf', 'HGB6_CNKI.ttf', 'HGB7X_CNKI.ttf', 'HGB7_CNKI.ttf', 'HGB8X_CNKI.ttf', 'HGB8_CNKI.ttf', 'HGBD_CNKI.ttf', 'HGBKBX_CNKI.ttf', 'HGBKB_CNKI.ttf', 'HGBKHX_CNKI.ttf', 'HGBKH_CNKI.ttf', 'HGBS1_CNKI.TTF', 'HGBS2_CNKI.TTF', 'HGBS_CNKI.TTF', 'HGBTH_CNKI.TTF', 'HGBTS_CNKI.TTF', 'HGBX_CNKI.ttf', 'HGBZ_CNKI.ttf', 'HGCH_CNKI.TTF', 'HGCUH_CNKI.TTF', 'HGCY_CNKI.TTF', 'HGDBS_CNKI.TTF', 'HGDGY_CNKI.TTF', 'HGDH2_CNKI.TTF', 'HGDH_CNKI.TTF', 'HGDYS_CNKI.TTF', 'HGDY_CNKI.ttf', 'HGF1X_CNKI.ttf', 'HGF1_CNKI.ttf', 'HGF2X_CNKI.ttf', 'HGF2_CNKI.ttf', 'HGF3_CNKI.ttf', 'HGF4X_CNKI.ttf', 'HGF4_CNKI.ttf', 'HGF5X_CNKI.ttf', 'HGF5_CNKI.ttf', 'HGF6X_CNKI.ttf', 'HGF6_CNKI.ttf', 'HGF7X_CNKI.ttf', 'HGF7_CNKI.ttf', 'HGF8_CNKI.ttf', 'HGF9X_CNKI.ttf', 'HGF9_CNKI.ttf', 'HGFS1_CNKI.TTF', 'HGFS2_CNKI.TTF', 'HGFSH_CNKI.TTF', 'HGFS_CNKI.TTF', 'HGFX_CNKI.ttf', 'HGFZ_CNKI.ttf', 'HGGG_CNKI.TTF', 'HGH1X_CNKI.ttf', 'HGH1_CNKI.ttf', 'HGH2X_CNKI.ttf', 'HGH2_CNKI.ttf', 'HGH3X_CNKI.ttf', 'HGH3_CNKI.ttf', 'HGH4X_CNKI.ttf', 'HGH4_CNKI.ttf', 'HGH5X_CNKI.ttf', 'HGH5_CNKI.ttf', 'HGH6X_CNKI.ttf', 'HGH6_CNKI.ttf', 'HGH7X_CNKI.ttf', 'HGH7_CNKI.ttf', 'HGHB_CNKI.TTF', 'HGHD_CNKI.ttf', 'HGHP_CNKI.TTF', 'HGHT1_CNKI.ttf', 'HGHT2_CNKI.ttf', 'HGHUATI_CNKI.ttf', 'HGHX_CNKI.ttf', 'HGHZ_CNKI.ttf', 'HGH_CNKI.TTF', 'HGKT1_CNKI.TTF', 'HGKT2_CNKI.TTF', 'HGKT_CNKI.TTF', 'HGKY_CNKI.ttf', 'HGLB_CNKI.TTF', 'HGLS_CNKI.TTF', 'HGMH_CNKI.TTF', 'HGNBS_CNKI.ttf', 'HGOCR_CNKI.ttf', 'HGPH_CNKI.TTF', 'HGPTY_CNKI.TTF', 'HGSS1_CNKI.TTF', 'HGSS2_CNKI.TTF', 'HGSS_CNKI.TTF', 'HGSXT_CNKI.ttf', 'HGTT_CNKI.ttf', 'HGTX_CNKI.TTF', 'HGWT_CNKI.TTF', 'HGWYS_CNKI.TTF', 'HGX1X_CNKI.ttf', 'HGX1_CNKI.ttf', 'HGXBS_CNKI.TTF', 'HGXC_CNKI.TTF', 'HGXF1_CNKI.ttf', 'HGXFX_CNKI.ttf', 'HGXFZ_CNKI.ttf', 'HGXH1_CNKI.TTF', 'HGXH_CNKI.TTF', 'HGXK_CNKI.TTF', 'HGXL_CNKI.TTF', 'HGXS_CNKI.TTF', 'HGXT_CNKI.ttf', 'HGXY_CNKI.ttf', 'HGY1_CNKI.TTF', 'HGY2_CNKI.TTF', 'HGY3_CNKI.TTF', 'HGY4_CNKI.TTF', 'HGYB_CNKI.ttf', 'HGYT1_CNKI.ttf', 'HGYT2_CNKI.ttf', 'HGYT_CNKI.TTF', 'HGYX_CNKI.TTF', 'HGZCS_CNKI.TTF', 'HGZDX_CNKI.TTF', 'HGZK_CNKI.TTF', 'HGZYT_CNKI.TTF', 'HGZY_CNKI.TTF', 'himalaya.ttf', 'holomdl2.ttf', 'HTOWERT.TTF', 'HTOWERTI.TTF', 'hvgafix.fon', 'hvgasys.fon', 'impact.ttf', 'IMPRISHA.TTF', 'INFROMAN.TTF', 'Inkfree.ttf', 'iqiyi_logov7.ttf', 'ITCBLKAD.TTF', 'ITCEDSCR.TTF', 'ITCKRIST.TTF', 'j8514fix.fon', 'j8514oem.fon', 'j8514sys.fon', 'javatext.ttf', 'JOKERMAN.TTF', 'jsmalle.fon', 'jsmallf.fon', 'JUICE___.TTF', 'jvgafix.fon', 'jvgasys.fon', 'KUNSTLER.TTF', 'LATINWD.TTF', 'LBRITE.TTF', 'LBRITED.TTF', 'LBRITEDI.TTF', 'LBRITEI.TTF', 'LCALLIG.TTF', 'LeelaUIb.ttf', 'LeelawUI.ttf', 'LeelUIsl.ttf', 'LFAX.TTF', 'LFAXD.TTF', 'LFAXDI.TTF', 'LFAXI.TTF', 'LHANDW.TTF', 'LSANS.TTF', 'LSANSD.TTF', 'LSANSDI.TTF', 'LSANSI.TTF', 'LTYPE.TTF', 'LTYPEB.TTF', 'LTYPEBO.TTF', 'LTYPEO.TTF', 'lucon.ttf', 'l_10646.ttf', 'MAGNETOB.TTF', 'MAIAN.TTF', 'malgun.ttf', 'malgunbd.ttf', 'malgunsl.ttf', 'marlett.ttf', 'MATURASC.TTF', 'micross.ttf', 'mingliub.ttc', 'MISTRAL.TTF', 'mmrtext.ttf', 'mmrtextb.ttf', 'MOD20.TTF', 'modern.fon', 'monbaiti.ttf', 'msgothic.ttc', 'msjh.ttc', 'msjhbd.ttc', 'msjhl.ttc', 'msyh.ttc', 'msyhbd.ttc', 'msyhl.ttc', 'msyi.ttf', 'MTCORSVA.TTF', 'MTEXTRA.TTF', 'mvboli.ttf', 'NIAGENG.TTF', 'NIAGSOL.TTF', 'Nirmala.ttf', 'NirmalaB.ttf', 'NirmalaS.ttf', 'ntailu.ttf', 'ntailub.ttf', 'NumberOnly.ttf', 'OCRAEXT.TTF', 'OLDENGL.TTF', 'ONYX.TTF', 'OUTLOOK.TTF', 'pala.ttf', 'palab.ttf', 'palabi.ttf', 'palai.ttf', 'PALSCRI.TTF', 'PAPYRUS.TTF', 'PARCHM.TTF', 'PERBI___.TTF', 'PERB____.TTF', 'PERI____.TTF', 'PERTIBD.TTF', 'PERTILI.TTF', 'PER_____.TTF', 'phagspa.ttf', 'phagspab.ttf', 'PLAYBILL.TTF', 'POORICH.TTF', 'PRISTINA.TTF', 'RAGE.TTF', 'RAVIE.TTF', 'REFSAN.TTF', 'REFSPCL.TTF', 'ROCCB___.TTF', 'ROCC____.TTF', 'ROCK.TTF', 'ROCKB.TTF', 'ROCKBI.TTF', 'ROCKEB.TTF', 'ROCKI.TTF', 'roman.fon', 's8514fix.fon', 's8514oem.fon', 's8514sys.fon', 'SCHLBKB.TTF', 'SCHLBKBI.TTF', 'SCHLBKI.TTF', 'script.fon', 'SCRIPTBL.TTF', 'segmdl2.ttf', 'SegoeIcons.ttf', 'segoepr.ttf', 'segoeprb.ttf', 'segoesc.ttf', 'segoescb.ttf', 'segoeui.ttf', 'segoeuib.ttf', 'segoeuii.ttf', 'segoeuil.ttf', 'segoeuisl.ttf', 'segoeuiz.ttf', 'seguibl.ttf', 'seguibli.ttf', 'seguiemj.ttf', 'seguihis.ttf', 'seguili.ttf', 'seguisb.ttf', 'seguisbi.ttf', 'seguisli.ttf', 'seguisym.ttf', 'SegUIVar.ttf', 'sere1255.fon', 'sere1256.fon', 'sere1257.fon', 'serf1255.fon', 'serf1256.fon', 'serf1257.fon', 'serife.fon', 'serifee.fon', 'serifeg.fon', 'serifer.fon', 'serifet.fon', 'seriff.fon', 'seriffe.fon', 'seriffg.fon', 'seriffr.fon', 'serifft.fon', 'SHOWG.TTF', 'simfang.ttf', 'simhei.ttf', 'simkai.ttf', 'SIMLI.TTF', 'simsun.ttc', 'simsunb.ttf', 'SIMYOU.TTF', 'SitkaVF-Italic.ttf', 'SitkaVF.ttf', 'smae1255.fon', 'smae1256.fon', 'smae1257.fon', 'smaf1255.fon', 'smaf1256.fon', 'smaf1257.fon', 'smalle.fon', 'smallee.fon', 'smalleg.fon', 'smaller.fon', 'smallet.fon', 'smallf.fon', 'smallfe.fon', 'smallfg.fon', 'smallfr.fon', 'smallft.fon', 'SNAP____.TTF', 'ssee1255.fon', 'ssee1256.fon', 'ssee1257.fon', 'ssee874.fon', 'ssef1255.fon', 'ssef1256.fon', 'ssef1257.fon', 'ssef874.fon', 'sserife.fon', 'sserifee.fon', 'sserifeg.fon', 'sserifer.fon', 'sserifet.fon', 'sseriff.fon', 'sseriffe.fon', 'sseriffg.fon', 'sseriffr.fon', 'sserifft.fon', 'StaticCache.dat', 'STCAIYUN.TTF', 'STENCIL.TTF', 'STFANGSO.TTF', 'STHUPO.TTF', 'STKAITI.TTF', 'STLITI.TTF', 'STSONG.TTF', 'STXIHEI.TTF', 'STXINGKA.TTF', 'STXINWEI.TTF', 'STZHONGS.TTF', 'svgafix.fon', 'svgasys.fon', 'sylfaen.ttf', 'symbol.ttf', 'tahoma.ttf', 'tahomabd.ttf', 'taile.ttf', 'taileb.ttf', 'TCBI____.TTF', 'TCB_____.TTF', 'TCCB____.TTF', 'TCCEB.TTF', 'TCCM____.TTF', 'TCMI____.TTF', 'TCM_____.TTF', 'TEMPSITC.TTF', 'times.ttf', 'timesbd.ttf', 'timesbi.ttf', 'timesi.ttf', 'trebuc.ttf', 'trebucbd.ttf', 'trebucbi.ttf', 'trebucit.ttf', 'verdana.ttf', 'verdanab.ttf', 'verdanai.ttf', 'verdanaz.ttf', 'vga737.fon', 'vga775.fon', 'vga850.fon', 'vga852.fon', 'vga855.fon', 'vga857.fon', 'vga860.fon', 'vga861.fon', 'vga863.fon', 'vga865.fon', 'vga866.fon', 'vga869.fon', 'vga932.fon', 'vga936.fon', 'vga949.fon', 'vga950.fon', 'vgaf1255.fon', 'vgaf1256.fon', 'vgaf1257.fon', 'vgaf874.fon', 'vgafix.fon', 'vgafixe.fon', 'vgafixg.fon', 'vgafixr.fon', 'vgafixt.fon', 'vgaoem.fon', 'vgas1255.fon', 'vgas1256.fon', 'vgas1257.fon', 'vgas874.fon', 'vgasys.fon', 'vgasyse.fon', 'vgasysg.fon', 'vgasysr.fon', 'vgasyst.fon', 'VINERITC.TTF', 'VIVALDII.TTF', 'VLADIMIR.TTF', 'webdings.ttf', 'wingding.ttf', 'WINGDNG2.TTF', 'WINGDNG3.TTF', 'YuGothB.ttc', 'YuGothL.ttc', 'YuGothM.ttc', 'YuGothR.ttc', '\u534e\u5eb7\u65b9\u5706\u4f53W7.TTC', '\u65b9\u6b63\u7c97\u9ed1\u5b8b\u7b80\u4f53.ttf']
2023-09-27 15:09:16,215 - INFO - all fonts installed:['8514fix.fon', '8514fixe.fon', '8514fixg.fon', '8514fixr.fon', '8514fixt.fon', '8514oem.fon', '8514oeme.fon', '8514oemg.fon', '8514oemr.fon', '8514oemt.fon', '8514sys.fon', '8514syse.fon', '8514sysg.fon', '8514sysr.fon', '8514syst.fon', '85775.fon', '85855.fon', '85f1255.fon', '85f1256.fon', '85f1257.fon', '85f874.fon', '85s1255.fon', '85s1256.fon', '85s1257.fon', '85s874.fon', 'AGENCYB.TTF', 'AGENCYR.TTF', 'ALGER.TTF', 'ANTQUAB.TTF', 'ANTQUABI.TTF', 'ANTQUAI.TTF', 'app775.fon', 'app850.fon', 'app852.fon', 'app855.fon', 'app857.fon', 'app866.fon', 'app932.fon', 'app936.fon', 'app949.fon', 'app950.fon', 'arial.ttf', 'arialbd.ttf', 'arialbi.ttf', 'ariali.ttf', 'ARIALN.TTF', 'ARIALNB.TTF', 'ARIALNBI.TTF', 'ARIALNI.TTF', 'ariblk.ttf', 'ARLRDBD.TTF', 'AxureHandwriting-Bold.otf', 'AxureHandwriting-BoldItalic.otf', 'AxureHandwriting-Italic.otf', 'AxureHandwriting.otf', 'bahnschrift.ttf', 'BASKVILL.TTF', 'BAUHS93.TTF', 'BELL.TTF', 'BELLB.TTF', 'BELLI.TTF', 'BERNHC.TTF', 'BKANT.TTF', 'BOD_B.TTF', 'BOD_BI.TTF', 'BOD_BLAI.TTF', 'BOD_BLAR.TTF', 'BOD_CB.TTF', 'BOD_CBI.TTF', 'BOD_CI.TTF', 'BOD_CR.TTF', 'BOD_I.TTF', 'BOD_PSTC.TTF', 'BOD_R.TTF', 'BOOKOS.TTF', 'BOOKOSB.TTF', 'BOOKOSBI.TTF', 'BOOKOSI.TTF', 'BRADHITC.TTF', 'BRITANIC.TTF', 'BRLNSB.TTF', 'BRLNSDB.TTF', 'BRLNSR.TTF', 'BROADW.TTF', 'BRUSHSCI.TTF', 'BSSYM7.TTF', 'c8514fix.fon', 'c8514oem.fon', 'c8514sys.fon', 'calibri.ttf', 'calibrib.ttf', 'calibrii.ttf', 'calibril.ttf', 'calibrili.ttf', 'calibriz.ttf', 'CALIFB.TTF', 'CALIFI.TTF', 'CALIFR.TTF', 'CALIST.TTF', 'CALISTB.TTF', 'CALISTBI.TTF', 'CALISTI.TTF', 'cambria.ttc', 'cambriab.ttf', 'cambriai.ttf', 'cambriaz.ttf', 'Candara.ttf', 'Candarab.ttf', 'Candarai.ttf', 'Candaral.ttf', 'Candarali.ttf', 'Candaraz.ttf', 'CascadiaCode.ttf', 'CascadiaMono.ttf', 'CASTELAR.TTF', 'CENSCBK.TTF', 'CENTAUR.TTF', 'CENTURY.TTF', 'cga40737.fon', 'cga40850.fon', 'cga40852.fon', 'cga40857.fon', 'cga40866.fon', 'cga40869.fon', 'cga40woa.fon', 'cga80737.fon', 'cga80850.fon', 'cga80852.fon', 'cga80857.fon', 'cga80866.fon', 'cga80869.fon', 'cga80woa.fon', 'CHILLER.TTF', 'COLONNA.TTF', 'comic.ttf', 'comicbd.ttf', 'comici.ttf', 'comicz.ttf', 'consola.ttf', 'consolab.ttf', 'consolai.ttf', 'consolaz.ttf', 'constan.ttf', 'constanb.ttf', 'constani.ttf', 'constanz.ttf', 'COOPBL.TTF', 'COPRGTB.TTF', 'COPRGTL.TTF', 'corbel.ttf', 'corbelb.ttf', 'corbeli.ttf', 'corbell.ttf', 'corbelli.ttf', 'corbelz.ttf', 'coue1255.fon', 'coue1256.fon', 'coue1257.fon', 'couf1255.fon', 'couf1256.fon', 'couf1257.fon', 'cour.ttf', 'courbd.ttf', 'courbi.ttf', 'coure.fon', 'couree.fon', 'coureg.fon', 'courer.fon', 'couret.fon', 'courf.fon', 'courfe.fon', 'courfg.fon', 'courfr.fon', 'courft.fon', 'couri.ttf', 'CURLZ___.TTF', 'cvgafix.fon', 'cvgasys.fon', 'Deng.ttf', 'Dengb.ttf', 'Dengl.ttf', 'desktop.ini', 'dos737.fon', 'dos869.fon', 'dosapp.fon', 'DUBAI-BOLD.TTF', 'DUBAI-LIGHT.TTF', 'DUBAI-MEDIUM.TTF', 'DUBAI-REGULAR.TTF', 'ebrima.ttf', 'ebrimabd.ttf', 'ega40737.fon', 'ega40850.fon', 'ega40852.fon', 'ega40857.fon', 'ega40866.fon', 'ega40869.fon', 'ega40woa.fon', 'ega80737.fon', 'ega80850.fon', 'ega80852.fon', 'ega80857.fon', 'ega80866.fon', 'ega80869.fon', 'ega80woa.fon', 'ELEPHNT.TTF', 'ELEPHNTI.TTF', 'ENGR.TTF', 'ERASBD.TTF', 'ERASDEMI.TTF', 'ERASLGHT.TTF', 'ERASMD.TTF', 'FELIXTI.TTF', 'fms_metadata.xml', 'FORTE.TTF', 'FRABK.TTF', 'FRABKIT.TTF', 'FRADM.TTF', 'FRADMCN.TTF', 'FRADMIT.TTF', 'FRAHV.TTF', 'FRAHVIT.TTF', 'framd.ttf', 'FRAMDCN.TTF', 'framdit.ttf', 'FREESCPT.TTF', 'FRSCRIPT.TTF', 'FTLTLT.TTF', 'FZSTK.TTF', 'FZYTK.TTF', 'Gabriola.ttf', 'gadugi.ttf', 'gadugib.ttf', 'GARA.TTF', 'GARABD.TTF', 'GARAIT.TTF', 'georgia.ttf', 'georgiab.ttf', 'georgiai.ttf', 'georgiaz.ttf', 'GIGI.TTF', 'GILBI___.TTF', 'GILB____.TTF', 'GILC____.TTF', 'GILI____.TTF', 'GILLUBCD.TTF', 'GILSANUB.TTF', 'GIL_____.TTF', 'GLECB.TTF', 'GlobalMonospace.CompositeFont', 'GlobalSansSerif.CompositeFont', 'GlobalSerif.CompositeFont', 'GlobalUserInterface.CompositeFont', 'GLSNECB.TTF', 'GOTHIC.TTF', 'GOTHICB.TTF', 'GOTHICBI.TTF', 'GOTHICI.TTF', 'GOUDOS.TTF', 'GOUDOSB.TTF', 'GOUDOSI.TTF', 'GOUDYSTO.TTF', 'h8514fix.fon', 'h8514oem.fon', 'h8514sys.fon', 'HARLOWSI.TTF', 'HARNGTON.TTF', 'HATTEN.TTF', 'HGB1X_CNKI.ttf', 'HGB1_CNKI.ttf', 'HGB2X_CNKI.ttf', 'HGB2_CNKI.ttf', 'HGB3X_CNKI.ttf', 'HGB3_CNKI.ttf', 'HGB4X_CNKI.ttf', 'HGB4_CNKI.ttf', 'HGB5X_CNKI.ttf', 'HGB5_CNKI.ttf', 'HGB6X_CNKI.ttf', 'HGB6_CNKI.ttf', 'HGB7X_CNKI.ttf', 'HGB7_CNKI.ttf', 'HGB8X_CNKI.ttf', 'HGB8_CNKI.ttf', 'HGBD_CNKI.ttf', 'HGBKBX_CNKI.ttf', 'HGBKB_CNKI.ttf', 'HGBKHX_CNKI.ttf', 'HGBKH_CNKI.ttf', 'HGBS1_CNKI.TTF', 'HGBS2_CNKI.TTF', 'HGBS_CNKI.TTF', 'HGBTH_CNKI.TTF', 'HGBTS_CNKI.TTF', 'HGBX_CNKI.ttf', 'HGBZ_CNKI.ttf', 'HGCH_CNKI.TTF', 'HGCUH_CNKI.TTF', 'HGCY_CNKI.TTF', 'HGDBS_CNKI.TTF', 'HGDGY_CNKI.TTF', 'HGDH2_CNKI.TTF', 'HGDH_CNKI.TTF', 'HGDYS_CNKI.TTF', 'HGDY_CNKI.ttf', 'HGF1X_CNKI.ttf', 'HGF1_CNKI.ttf', 'HGF2X_CNKI.ttf', 'HGF2_CNKI.ttf', 'HGF3_CNKI.ttf', 'HGF4X_CNKI.ttf', 'HGF4_CNKI.ttf', 'HGF5X_CNKI.ttf', 'HGF5_CNKI.ttf', 'HGF6X_CNKI.ttf', 'HGF6_CNKI.ttf', 'HGF7X_CNKI.ttf', 'HGF7_CNKI.ttf', 'HGF8_CNKI.ttf', 'HGF9X_CNKI.ttf', 'HGF9_CNKI.ttf', 'HGFS1_CNKI.TTF', 'HGFS2_CNKI.TTF', 'HGFSH_CNKI.TTF', 'HGFS_CNKI.TTF', 'HGFX_CNKI.ttf', 'HGFZ_CNKI.ttf', 'HGGG_CNKI.TTF', 'HGH1X_CNKI.ttf', 'HGH1_CNKI.ttf', 'HGH2X_CNKI.ttf', 'HGH2_CNKI.ttf', 'HGH3X_CNKI.ttf', 'HGH3_CNKI.ttf', 'HGH4X_CNKI.ttf', 'HGH4_CNKI.ttf', 'HGH5X_CNKI.ttf', 'HGH5_CNKI.ttf', 'HGH6X_CNKI.ttf', 'HGH6_CNKI.ttf', 'HGH7X_CNKI.ttf', 'HGH7_CNKI.ttf', 'HGHB_CNKI.TTF', 'HGHD_CNKI.ttf', 'HGHP_CNKI.TTF', 'HGHT1_CNKI.ttf', 'HGHT2_CNKI.ttf', 'HGHUATI_CNKI.ttf', 'HGHX_CNKI.ttf', 'HGHZ_CNKI.ttf', 'HGH_CNKI.TTF', 'HGKT1_CNKI.TTF', 'HGKT2_CNKI.TTF', 'HGKT_CNKI.TTF', 'HGKY_CNKI.ttf', 'HGLB_CNKI.TTF', 'HGLS_CNKI.TTF', 'HGMH_CNKI.TTF', 'HGNBS_CNKI.ttf', 'HGOCR_CNKI.ttf', 'HGPH_CNKI.TTF', 'HGPTY_CNKI.TTF', 'HGSS1_CNKI.TTF', 'HGSS2_CNKI.TTF', 'HGSS_CNKI.TTF', 'HGSXT_CNKI.ttf', 'HGTT_CNKI.ttf', 'HGTX_CNKI.TTF', 'HGWT_CNKI.TTF', 'HGWYS_CNKI.TTF', 'HGX1X_CNKI.ttf', 'HGX1_CNKI.ttf', 'HGXBS_CNKI.TTF', 'HGXC_CNKI.TTF', 'HGXF1_CNKI.ttf', 'HGXFX_CNKI.ttf', 'HGXFZ_CNKI.ttf', 'HGXH1_CNKI.TTF', 'HGXH_CNKI.TTF', 'HGXK_CNKI.TTF', 'HGXL_CNKI.TTF', 'HGXS_CNKI.TTF', 'HGXT_CNKI.ttf', 'HGXY_CNKI.ttf', 'HGY1_CNKI.TTF', 'HGY2_CNKI.TTF', 'HGY3_CNKI.TTF', 'HGY4_CNKI.TTF', 'HGYB_CNKI.ttf', 'HGYT1_CNKI.ttf', 'HGYT2_CNKI.ttf', 'HGYT_CNKI.TTF', 'HGYX_CNKI.TTF', 'HGZCS_CNKI.TTF', 'HGZDX_CNKI.TTF', 'HGZK_CNKI.TTF', 'HGZYT_CNKI.TTF', 'HGZY_CNKI.TTF', 'himalaya.ttf', 'holomdl2.ttf', 'HTOWERT.TTF', 'HTOWERTI.TTF', 'hvgafix.fon', 'hvgasys.fon', 'impact.ttf', 'IMPRISHA.TTF', 'INFROMAN.TTF', 'Inkfree.ttf', 'iqiyi_logov7.ttf', 'ITCBLKAD.TTF', 'ITCEDSCR.TTF', 'ITCKRIST.TTF', 'j8514fix.fon', 'j8514oem.fon', 'j8514sys.fon', 'javatext.ttf', 'JOKERMAN.TTF', 'jsmalle.fon', 'jsmallf.fon', 'JUICE___.TTF', 'jvgafix.fon', 'jvgasys.fon', 'KUNSTLER.TTF', 'LATINWD.TTF', 'LBRITE.TTF', 'LBRITED.TTF', 'LBRITEDI.TTF', 'LBRITEI.TTF', 'LCALLIG.TTF', 'LeelaUIb.ttf', 'LeelawUI.ttf', 'LeelUIsl.ttf', 'LFAX.TTF', 'LFAXD.TTF', 'LFAXDI.TTF', 'LFAXI.TTF', 'LHANDW.TTF', 'LSANS.TTF', 'LSANSD.TTF', 'LSANSDI.TTF', 'LSANSI.TTF', 'LTYPE.TTF', 'LTYPEB.TTF', 'LTYPEBO.TTF', 'LTYPEO.TTF', 'lucon.ttf', 'l_10646.ttf', 'MAGNETOB.TTF', 'MAIAN.TTF', 'malgun.ttf', 'malgunbd.ttf', 'malgunsl.ttf', 'marlett.ttf', 'MATURASC.TTF', 'micross.ttf', 'mingliub.ttc', 'MISTRAL.TTF', 'mmrtext.ttf', 'mmrtextb.ttf', 'MOD20.TTF', 'modern.fon', 'monbaiti.ttf', 'msgothic.ttc', 'msjh.ttc', 'msjhbd.ttc', 'msjhl.ttc', 'msyh.ttc', 'msyhbd.ttc', 'msyhl.ttc', 'msyi.ttf', 'MTCORSVA.TTF', 'MTEXTRA.TTF', 'mvboli.ttf', 'NIAGENG.TTF', 'NIAGSOL.TTF', 'Nirmala.ttf', 'NirmalaB.ttf', 'NirmalaS.ttf', 'ntailu.ttf', 'ntailub.ttf', 'NumberOnly.ttf', 'OCRAEXT.TTF', 'OLDENGL.TTF', 'ONYX.TTF', 'OUTLOOK.TTF', 'pala.ttf', 'palab.ttf', 'palabi.ttf', 'palai.ttf', 'PALSCRI.TTF', 'PAPYRUS.TTF', 'PARCHM.TTF', 'PERBI___.TTF', 'PERB____.TTF', 'PERI____.TTF', 'PERTIBD.TTF', 'PERTILI.TTF', 'PER_____.TTF', 'phagspa.ttf', 'phagspab.ttf', 'PLAYBILL.TTF', 'POORICH.TTF', 'PRISTINA.TTF', 'RAGE.TTF', 'RAVIE.TTF', 'REFSAN.TTF', 'REFSPCL.TTF', 'ROCCB___.TTF', 'ROCC____.TTF', 'ROCK.TTF', 'ROCKB.TTF', 'ROCKBI.TTF', 'ROCKEB.TTF', 'ROCKI.TTF', 'roman.fon', 's8514fix.fon', 's8514oem.fon', 's8514sys.fon', 'SCHLBKB.TTF', 'SCHLBKBI.TTF', 'SCHLBKI.TTF', 'script.fon', 'SCRIPTBL.TTF', 'segmdl2.ttf', 'SegoeIcons.ttf', 'segoepr.ttf', 'segoeprb.ttf', 'segoesc.ttf', 'segoescb.ttf', 'segoeui.ttf', 'segoeuib.ttf', 'segoeuii.ttf', 'segoeuil.ttf', 'segoeuisl.ttf', 'segoeuiz.ttf', 'seguibl.ttf', 'seguibli.ttf', 'seguiemj.ttf', 'seguihis.ttf', 'seguili.ttf', 'seguisb.ttf', 'seguisbi.ttf', 'seguisli.ttf', 'seguisym.ttf', 'SegUIVar.ttf', 'sere1255.fon', 'sere1256.fon', 'sere1257.fon', 'serf1255.fon', 'serf1256.fon', 'serf1257.fon', 'serife.fon', 'serifee.fon', 'serifeg.fon', 'serifer.fon', 'serifet.fon', 'seriff.fon', 'seriffe.fon', 'seriffg.fon', 'seriffr.fon', 'serifft.fon', 'SHOWG.TTF', 'simfang.ttf', 'simhei.ttf', 'simkai.ttf', 'SIMLI.TTF', 'simsun.ttc', 'simsunb.ttf', 'SIMYOU.TTF', 'SitkaVF-Italic.ttf', 'SitkaVF.ttf', 'smae1255.fon', 'smae1256.fon', 'smae1257.fon', 'smaf1255.fon', 'smaf1256.fon', 'smaf1257.fon', 'smalle.fon', 'smallee.fon', 'smalleg.fon', 'smaller.fon', 'smallet.fon', 'smallf.fon', 'smallfe.fon', 'smallfg.fon', 'smallfr.fon', 'smallft.fon', 'SNAP____.TTF', 'ssee1255.fon', 'ssee1256.fon', 'ssee1257.fon', 'ssee874.fon', 'ssef1255.fon', 'ssef1256.fon', 'ssef1257.fon', 'ssef874.fon', 'sserife.fon', 'sserifee.fon', 'sserifeg.fon', 'sserifer.fon', 'sserifet.fon', 'sseriff.fon', 'sseriffe.fon', 'sseriffg.fon', 'sseriffr.fon', 'sserifft.fon', 'StaticCache.dat', 'STCAIYUN.TTF', 'STENCIL.TTF', 'STFANGSO.TTF', 'STHUPO.TTF', 'STKAITI.TTF', 'STLITI.TTF', 'STSONG.TTF', 'STXIHEI.TTF', 'STXINGKA.TTF', 'STXINWEI.TTF', 'STZHONGS.TTF', 'svgafix.fon', 'svgasys.fon', 'sylfaen.ttf', 'symbol.ttf', 'tahoma.ttf', 'tahomabd.ttf', 'taile.ttf', 'taileb.ttf', 'TCBI____.TTF', 'TCB_____.TTF', 'TCCB____.TTF', 'TCCEB.TTF', 'TCCM____.TTF', 'TCMI____.TTF', 'TCM_____.TTF', 'TEMPSITC.TTF', 'times.ttf', 'timesbd.ttf', 'timesbi.ttf', 'timesi.ttf', 'trebuc.ttf', 'trebucbd.ttf', 'trebucbi.ttf', 'trebucit.ttf', 'verdana.ttf', 'verdanab.ttf', 'verdanai.ttf', 'verdanaz.ttf', 'vga737.fon', 'vga775.fon', 'vga850.fon', 'vga852.fon', 'vga855.fon', 'vga857.fon', 'vga860.fon', 'vga861.fon', 'vga863.fon', 'vga865.fon', 'vga866.fon', 'vga869.fon', 'vga932.fon', 'vga936.fon', 'vga949.fon', 'vga950.fon', 'vgaf1255.fon', 'vgaf1256.fon', 'vgaf1257.fon', 'vgaf874.fon', 'vgafix.fon', 'vgafixe.fon', 'vgafixg.fon', 'vgafixr.fon', 'vgafixt.fon', 'vgaoem.fon', 'vgas1255.fon', 'vgas1256.fon', 'vgas1257.fon', 'vgas874.fon', 'vgasys.fon', 'vgasyse.fon', 'vgasysg.fon', 'vgasysr.fon', 'vgasyst.fon', 'VINERITC.TTF', 'VIVALDII.TTF', 'VLADIMIR.TTF', 'webdings.ttf', 'wingding.ttf', 'WINGDNG2.TTF', 'WINGDNG3.TTF', 'YuGothB.ttc', 'YuGothL.ttc', 'YuGothM.ttc', 'YuGothR.ttc', '\u534e\u5eb7\u65b9\u5706\u4f53W7.TTC', '\u65b9\u6b63\u7c97\u9ed1\u5b8b\u7b80\u4f53.ttf']
2023-09-27 15:09:16,217 - INFO - all fonts installed:['8514fix.fon', '8514fixe.fon', '8514fixg.fon', '8514fixr.fon', '8514fixt.fon', '8514oem.fon', '8514oeme.fon', '8514oemg.fon', '8514oemr.fon', '8514oemt.fon', '8514sys.fon', '8514syse.fon', '8514sysg.fon', '8514sysr.fon', '8514syst.fon', '85775.fon', '85855.fon', '85f1255.fon', '85f1256.fon', '85f1257.fon', '85f874.fon', '85s1255.fon', '85s1256.fon', '85s1257.fon', '85s874.fon', 'AGENCYB.TTF', 'AGENCYR.TTF', 'ALGER.TTF', 'ANTQUAB.TTF', 'ANTQUABI.TTF', 'ANTQUAI.TTF', 'app775.fon', 'app850.fon', 'app852.fon', 'app855.fon', 'app857.fon', 'app866.fon', 'app932.fon', 'app936.fon', 'app949.fon', 'app950.fon', 'arial.ttf', 'arialbd.ttf', 'arialbi.ttf', 'ariali.ttf', 'ARIALN.TTF', 'ARIALNB.TTF', 'ARIALNBI.TTF', 'ARIALNI.TTF', 'ariblk.ttf', 'ARLRDBD.TTF', 'AxureHandwriting-Bold.otf', 'AxureHandwriting-BoldItalic.otf', 'AxureHandwriting-Italic.otf', 'AxureHandwriting.otf', 'bahnschrift.ttf', 'BASKVILL.TTF', 'BAUHS93.TTF', 'BELL.TTF', 'BELLB.TTF', 'BELLI.TTF', 'BERNHC.TTF', 'BKANT.TTF', 'BOD_B.TTF', 'BOD_BI.TTF', 'BOD_BLAI.TTF', 'BOD_BLAR.TTF', 'BOD_CB.TTF', 'BOD_CBI.TTF', 'BOD_CI.TTF', 'BOD_CR.TTF', 'BOD_I.TTF', 'BOD_PSTC.TTF', 'BOD_R.TTF', 'BOOKOS.TTF', 'BOOKOSB.TTF', 'BOOKOSBI.TTF', 'BOOKOSI.TTF', 'BRADHITC.TTF', 'BRITANIC.TTF', 'BRLNSB.TTF', 'BRLNSDB.TTF', 'BRLNSR.TTF', 'BROADW.TTF', 'BRUSHSCI.TTF', 'BSSYM7.TTF', 'c8514fix.fon', 'c8514oem.fon', 'c8514sys.fon', 'calibri.ttf', 'calibrib.ttf', 'calibrii.ttf', 'calibril.ttf', 'calibrili.ttf', 'calibriz.ttf', 'CALIFB.TTF', 'CALIFI.TTF', 'CALIFR.TTF', 'CALIST.TTF', 'CALISTB.TTF', 'CALISTBI.TTF', 'CALISTI.TTF', 'cambria.ttc', 'cambriab.ttf', 'cambriai.ttf', 'cambriaz.ttf', 'Candara.ttf', 'Candarab.ttf', 'Candarai.ttf', 'Candaral.ttf', 'Candarali.ttf', 'Candaraz.ttf', 'CascadiaCode.ttf', 'CascadiaMono.ttf', 'CASTELAR.TTF', 'CENSCBK.TTF', 'CENTAUR.TTF', 'CENTURY.TTF', 'cga40737.fon', 'cga40850.fon', 'cga40852.fon', 'cga40857.fon', 'cga40866.fon', 'cga40869.fon', 'cga40woa.fon', 'cga80737.fon', 'cga80850.fon', 'cga80852.fon', 'cga80857.fon', 'cga80866.fon', 'cga80869.fon', 'cga80woa.fon', 'CHILLER.TTF', 'COLONNA.TTF', 'comic.ttf', 'comicbd.ttf', 'comici.ttf', 'comicz.ttf', 'consola.ttf', 'consolab.ttf', 'consolai.ttf', 'consolaz.ttf', 'constan.ttf', 'constanb.ttf', 'constani.ttf', 'constanz.ttf', 'COOPBL.TTF', 'COPRGTB.TTF', 'COPRGTL.TTF', 'corbel.ttf', 'corbelb.ttf', 'corbeli.ttf', 'corbell.ttf', 'corbelli.ttf', 'corbelz.ttf', 'coue1255.fon', 'coue1256.fon', 'coue1257.fon', 'couf1255.fon', 'couf1256.fon', 'couf1257.fon', 'cour.ttf', 'courbd.ttf', 'courbi.ttf', 'coure.fon', 'couree.fon', 'coureg.fon', 'courer.fon', 'couret.fon', 'courf.fon', 'courfe.fon', 'courfg.fon', 'courfr.fon', 'courft.fon', 'couri.ttf', 'CURLZ___.TTF', 'cvgafix.fon', 'cvgasys.fon', 'Deng.ttf', 'Dengb.ttf', 'Dengl.ttf', 'desktop.ini', 'dos737.fon', 'dos869.fon', 'dosapp.fon', 'DUBAI-BOLD.TTF', 'DUBAI-LIGHT.TTF', 'DUBAI-MEDIUM.TTF', 'DUBAI-REGULAR.TTF', 'ebrima.ttf', 'ebrimabd.ttf', 'ega40737.fon', 'ega40850.fon', 'ega40852.fon', 'ega40857.fon', 'ega40866.fon', 'ega40869.fon', 'ega40woa.fon', 'ega80737.fon', 'ega80850.fon', 'ega80852.fon', 'ega80857.fon', 'ega80866.fon', 'ega80869.fon', 'ega80woa.fon', 'ELEPHNT.TTF', 'ELEPHNTI.TTF', 'ENGR.TTF', 'ERASBD.TTF', 'ERASDEMI.TTF', 'ERASLGHT.TTF', 'ERASMD.TTF', 'FELIXTI.TTF', 'fms_metadata.xml', 'FORTE.TTF', 'FRABK.TTF', 'FRABKIT.TTF', 'FRADM.TTF', 'FRADMCN.TTF', 'FRADMIT.TTF', 'FRAHV.TTF', 'FRAHVIT.TTF', 'framd.ttf', 'FRAMDCN.TTF', 'framdit.ttf', 'FREESCPT.TTF', 'FRSCRIPT.TTF', 'FTLTLT.TTF', 'FZSTK.TTF', 'FZYTK.TTF', 'Gabriola.ttf', 'gadugi.ttf', 'gadugib.ttf', 'GARA.TTF', 'GARABD.TTF', 'GARAIT.TTF', 'georgia.ttf', 'georgiab.ttf', 'georgiai.ttf', 'georgiaz.ttf', 'GIGI.TTF', 'GILBI___.TTF', 'GILB____.TTF', 'GILC____.TTF', 'GILI____.TTF', 'GILLUBCD.TTF', 'GILSANUB.TTF', 'GIL_____.TTF', 'GLECB.TTF', 'GlobalMonospace.CompositeFont', 'GlobalSansSerif.CompositeFont', 'GlobalSerif.CompositeFont', 'GlobalUserInterface.CompositeFont', 'GLSNECB.TTF', 'GOTHIC.TTF', 'GOTHICB.TTF', 'GOTHICBI.TTF', 'GOTHICI.TTF', 'GOUDOS.TTF', 'GOUDOSB.TTF', 'GOUDOSI.TTF', 'GOUDYSTO.TTF', 'h8514fix.fon', 'h8514oem.fon', 'h8514sys.fon', 'HARLOWSI.TTF', 'HARNGTON.TTF', 'HATTEN.TTF', 'HGB1X_CNKI.ttf', 'HGB1_CNKI.ttf', 'HGB2X_CNKI.ttf', 'HGB2_CNKI.ttf', 'HGB3X_CNKI.ttf', 'HGB3_CNKI.ttf', 'HGB4X_CNKI.ttf', 'HGB4_CNKI.ttf', 'HGB5X_CNKI.ttf', 'HGB5_CNKI.ttf', 'HGB6X_CNKI.ttf', 'HGB6_CNKI.ttf', 'HGB7X_CNKI.ttf', 'HGB7_CNKI.ttf', 'HGB8X_CNKI.ttf', 'HGB8_CNKI.ttf', 'HGBD_CNKI.ttf', 'HGBKBX_CNKI.ttf', 'HGBKB_CNKI.ttf', 'HGBKHX_CNKI.ttf', 'HGBKH_CNKI.ttf', 'HGBS1_CNKI.TTF', 'HGBS2_CNKI.TTF', 'HGBS_CNKI.TTF', 'HGBTH_CNKI.TTF', 'HGBTS_CNKI.TTF', 'HGBX_CNKI.ttf', 'HGBZ_CNKI.ttf', 'HGCH_CNKI.TTF', 'HGCUH_CNKI.TTF', 'HGCY_CNKI.TTF', 'HGDBS_CNKI.TTF', 'HGDGY_CNKI.TTF', 'HGDH2_CNKI.TTF', 'HGDH_CNKI.TTF', 'HGDYS_CNKI.TTF', 'HGDY_CNKI.ttf', 'HGF1X_CNKI.ttf', 'HGF1_CNKI.ttf', 'HGF2X_CNKI.ttf', 'HGF2_CNKI.ttf', 'HGF3_CNKI.ttf', 'HGF4X_CNKI.ttf', 'HGF4_CNKI.ttf', 'HGF5X_CNKI.ttf', 'HGF5_CNKI.ttf', 'HGF6X_CNKI.ttf', 'HGF6_CNKI.ttf', 'HGF7X_CNKI.ttf', 'HGF7_CNKI.ttf', 'HGF8_CNKI.ttf', 'HGF9X_CNKI.ttf', 'HGF9_CNKI.ttf', 'HGFS1_CNKI.TTF', 'HGFS2_CNKI.TTF', 'HGFSH_CNKI.TTF', 'HGFS_CNKI.TTF', 'HGFX_CNKI.ttf', 'HGFZ_CNKI.ttf', 'HGGG_CNKI.TTF', 'HGH1X_CNKI.ttf', 'HGH1_CNKI.ttf', 'HGH2X_CNKI.ttf', 'HGH2_CNKI.ttf', 'HGH3X_CNKI.ttf', 'HGH3_CNKI.ttf', 'HGH4X_CNKI.ttf', 'HGH4_CNKI.ttf', 'HGH5X_CNKI.ttf', 'HGH5_CNKI.ttf', 'HGH6X_CNKI.ttf', 'HGH6_CNKI.ttf', 'HGH7X_CNKI.ttf', 'HGH7_CNKI.ttf', 'HGHB_CNKI.TTF', 'HGHD_CNKI.ttf', 'HGHP_CNKI.TTF', 'HGHT1_CNKI.ttf', 'HGHT2_CNKI.ttf', 'HGHUATI_CNKI.ttf', 'HGHX_CNKI.ttf', 'HGHZ_CNKI.ttf', 'HGH_CNKI.TTF', 'HGKT1_CNKI.TTF', 'HGKT2_CNKI.TTF', 'HGKT_CNKI.TTF', 'HGKY_CNKI.ttf', 'HGLB_CNKI.TTF', 'HGLS_CNKI.TTF', 'HGMH_CNKI.TTF', 'HGNBS_CNKI.ttf', 'HGOCR_CNKI.ttf', 'HGPH_CNKI.TTF', 'HGPTY_CNKI.TTF', 'HGSS1_CNKI.TTF', 'HGSS2_CNKI.TTF', 'HGSS_CNKI.TTF', 'HGSXT_CNKI.ttf', 'HGTT_CNKI.ttf', 'HGTX_CNKI.TTF', 'HGWT_CNKI.TTF', 'HGWYS_CNKI.TTF', 'HGX1X_CNKI.ttf', 'HGX1_CNKI.ttf', 'HGXBS_CNKI.TTF', 'HGXC_CNKI.TTF', 'HGXF1_CNKI.ttf', 'HGXFX_CNKI.ttf', 'HGXFZ_CNKI.ttf', 'HGXH1_CNKI.TTF', 'HGXH_CNKI.TTF', 'HGXK_CNKI.TTF', 'HGXL_CNKI.TTF', 'HGXS_CNKI.TTF', 'HGXT_CNKI.ttf', 'HGXY_CNKI.ttf', 'HGY1_CNKI.TTF', 'HGY2_CNKI.TTF', 'HGY3_CNKI.TTF', 'HGY4_CNKI.TTF', 'HGYB_CNKI.ttf', 'HGYT1_CNKI.ttf', 'HGYT2_CNKI.ttf', 'HGYT_CNKI.TTF', 'HGYX_CNKI.TTF', 'HGZCS_CNKI.TTF', 'HGZDX_CNKI.TTF', 'HGZK_CNKI.TTF', 'HGZYT_CNKI.TTF', 'HGZY_CNKI.TTF', 'himalaya.ttf', 'holomdl2.ttf', 'HTOWERT.TTF', 'HTOWERTI.TTF', 'hvgafix.fon', 'hvgasys.fon', 'impact.ttf', 'IMPRISHA.TTF', 'INFROMAN.TTF', 'Inkfree.ttf', 'iqiyi_logov7.ttf', 'ITCBLKAD.TTF', 'ITCEDSCR.TTF', 'ITCKRIST.TTF', 'j8514fix.fon', 'j8514oem.fon', 'j8514sys.fon', 'javatext.ttf', 'JOKERMAN.TTF', 'jsmalle.fon', 'jsmallf.fon', 'JUICE___.TTF', 'jvgafix.fon', 'jvgasys.fon', 'KUNSTLER.TTF', 'LATINWD.TTF', 'LBRITE.TTF', 'LBRITED.TTF', 'LBRITEDI.TTF', 'LBRITEI.TTF', 'LCALLIG.TTF', 'LeelaUIb.ttf', 'LeelawUI.ttf', 'LeelUIsl.ttf', 'LFAX.TTF', 'LFAXD.TTF', 'LFAXDI.TTF', 'LFAXI.TTF', 'LHANDW.TTF', 'LSANS.TTF', 'LSANSD.TTF', 'LSANSDI.TTF', 'LSANSI.TTF', 'LTYPE.TTF', 'LTYPEB.TTF', 'LTYPEBO.TTF', 'LTYPEO.TTF', 'lucon.ttf', 'l_10646.ttf', 'MAGNETOB.TTF', 'MAIAN.TTF', 'malgun.ttf', 'malgunbd.ttf', 'malgunsl.ttf', 'marlett.ttf', 'MATURASC.TTF', 'micross.ttf', 'mingliub.ttc', 'MISTRAL.TTF', 'mmrtext.ttf', 'mmrtextb.ttf', 'MOD20.TTF', 'modern.fon', 'monbaiti.ttf', 'msgothic.ttc', 'msjh.ttc', 'msjhbd.ttc', 'msjhl.ttc', 'msyh.ttc', 'msyhbd.ttc', 'msyhl.ttc', 'msyi.ttf', 'MTCORSVA.TTF', 'MTEXTRA.TTF', 'mvboli.ttf', 'NIAGENG.TTF', 'NIAGSOL.TTF', 'Nirmala.ttf', 'NirmalaB.ttf', 'NirmalaS.ttf', 'ntailu.ttf', 'ntailub.ttf', 'NumberOnly.ttf', 'OCRAEXT.TTF', 'OLDENGL.TTF', 'ONYX.TTF', 'OUTLOOK.TTF', 'pala.ttf', 'palab.ttf', 'palabi.ttf', 'palai.ttf', 'PALSCRI.TTF', 'PAPYRUS.TTF', 'PARCHM.TTF', 'PERBI___.TTF', 'PERB____.TTF', 'PERI____.TTF', 'PERTIBD.TTF', 'PERTILI.TTF', 'PER_____.TTF', 'phagspa.ttf', 'phagspab.ttf', 'PLAYBILL.TTF', 'POORICH.TTF', 'PRISTINA.TTF', 'RAGE.TTF', 'RAVIE.TTF', 'REFSAN.TTF', 'REFSPCL.TTF', 'ROCCB___.TTF', 'ROCC____.TTF', 'ROCK.TTF', 'ROCKB.TTF', 'ROCKBI.TTF', 'ROCKEB.TTF', 'ROCKI.TTF', 'roman.fon', 's8514fix.fon', 's8514oem.fon', 's8514sys.fon', 'SCHLBKB.TTF', 'SCHLBKBI.TTF', 'SCHLBKI.TTF', 'script.fon', 'SCRIPTBL.TTF', 'segmdl2.ttf', 'SegoeIcons.ttf', 'segoepr.ttf', 'segoeprb.ttf', 'segoesc.ttf', 'segoescb.ttf', 'segoeui.ttf', 'segoeuib.ttf', 'segoeuii.ttf', 'segoeuil.ttf', 'segoeuisl.ttf', 'segoeuiz.ttf', 'seguibl.ttf', 'seguibli.ttf', 'seguiemj.ttf', 'seguihis.ttf', 'seguili.ttf', 'seguisb.ttf', 'seguisbi.ttf', 'seguisli.ttf', 'seguisym.ttf', 'SegUIVar.ttf', 'sere1255.fon', 'sere1256.fon', 'sere1257.fon', 'serf1255.fon', 'serf1256.fon', 'serf1257.fon', 'serife.fon', 'serifee.fon', 'serifeg.fon', 'serifer.fon', 'serifet.fon', 'seriff.fon', 'seriffe.fon', 'seriffg.fon', 'seriffr.fon', 'serifft.fon', 'SHOWG.TTF', 'simfang.ttf', 'simhei.ttf', 'simkai.ttf', 'SIMLI.TTF', 'simsun.ttc', 'simsunb.ttf', 'SIMYOU.TTF', 'SitkaVF-Italic.ttf', 'SitkaVF.ttf', 'smae1255.fon', 'smae1256.fon', 'smae1257.fon', 'smaf1255.fon', 'smaf1256.fon', 'smaf1257.fon', 'smalle.fon', 'smallee.fon', 'smalleg.fon', 'smaller.fon', 'smallet.fon', 'smallf.fon', 'smallfe.fon', 'smallfg.fon', 'smallfr.fon', 'smallft.fon', 'SNAP____.TTF', 'ssee1255.fon', 'ssee1256.fon', 'ssee1257.fon', 'ssee874.fon', 'ssef1255.fon', 'ssef1256.fon', 'ssef1257.fon', 'ssef874.fon', 'sserife.fon', 'sserifee.fon', 'sserifeg.fon', 'sserifer.fon', 'sserifet.fon', 'sseriff.fon', 'sseriffe.fon', 'sseriffg.fon', 'sseriffr.fon', 'sserifft.fon', 'StaticCache.dat', 'STCAIYUN.TTF', 'STENCIL.TTF', 'STFANGSO.TTF', 'STHUPO.TTF', 'STKAITI.TTF', 'STLITI.TTF', 'STSONG.TTF', 'STXIHEI.TTF', 'STXINGKA.TTF', 'STXINWEI.TTF', 'STZHONGS.TTF', 'svgafix.fon', 'svgasys.fon', 'sylfaen.ttf', 'symbol.ttf', 'tahoma.ttf', 'tahomabd.ttf', 'taile.ttf', 'taileb.ttf', 'TCBI____.TTF', 'TCB_____.TTF', 'TCCB____.TTF', 'TCCEB.TTF', 'TCCM____.TTF', 'TCMI____.TTF', 'TCM_____.TTF', 'TEMPSITC.TTF', 'times.ttf', 'timesbd.ttf', 'timesbi.ttf', 'timesi.ttf', 'trebuc.ttf', 'trebucbd.ttf', 'trebucbi.ttf', 'trebucit.ttf', 'verdana.ttf', 'verdanab.ttf', 'verdanai.ttf', 'verdanaz.ttf', 'vga737.fon', 'vga775.fon', 'vga850.fon', 'vga852.fon', 'vga855.fon', 'vga857.fon', 'vga860.fon', 'vga861.fon', 'vga863.fon', 'vga865.fon', 'vga866.fon', 'vga869.fon', 'vga932.fon', 'vga936.fon', 'vga949.fon', 'vga950.fon', 'vgaf1255.fon', 'vgaf1256.fon', 'vgaf1257.fon', 'vgaf874.fon', 'vgafix.fon', 'vgafixe.fon', 'vgafixg.fon', 'vgafixr.fon', 'vgafixt.fon', 'vgaoem.fon', 'vgas1255.fon', 'vgas1256.fon', 'vgas1257.fon', 'vgas874.fon', 'vgasys.fon', 'vgasyse.fon', 'vgasysg.fon', 'vgasysr.fon', 'vgasyst.fon', 'VINERITC.TTF', 'VIVALDII.TTF', 'VLADIMIR.TTF', 'webdings.ttf', 'wingding.ttf', 'WINGDNG2.TTF', 'WINGDNG3.TTF', 'YuGothB.ttc', 'YuGothL.ttc', 'YuGothM.ttc', 'YuGothR.ttc', '\u534e\u5eb7\u65b9\u5706\u4f53W7.TTC', '\u65b9\u6b63\u7c97\u9ed1\u5b8b\u7b80\u4f53.ttf']
2023-09-27 15:09:16,219 - INFO - all fonts installed:['8514fix.fon', '8514fixe.fon', '8514fixg.fon', '8514fixr.fon', '8514fixt.fon', '8514oem.fon', '8514oeme.fon', '8514oemg.fon', '8514oemr.fon', '8514oemt.fon', '8514sys.fon', '8514syse.fon', '8514sysg.fon', '8514sysr.fon', '8514syst.fon', '85775.fon', '85855.fon', '85f1255.fon', '85f1256.fon', '85f1257.fon', '85f874.fon', '85s1255.fon', '85s1256.fon', '85s1257.fon', '85s874.fon', 'AGENCYB.TTF', 'AGENCYR.TTF', 'ALGER.TTF', 'ANTQUAB.TTF', 'ANTQUABI.TTF', 'ANTQUAI.TTF', 'app775.fon', 'app850.fon', 'app852.fon', 'app855.fon', 'app857.fon', 'app866.fon', 'app932.fon', 'app936.fon', 'app949.fon', 'app950.fon', 'arial.ttf', 'arialbd.ttf', 'arialbi.ttf', 'ariali.ttf', 'ARIALN.TTF', 'ARIALNB.TTF', 'ARIALNBI.TTF', 'ARIALNI.TTF', 'ariblk.ttf', 'ARLRDBD.TTF', 'AxureHandwriting-Bold.otf', 'AxureHandwriting-BoldItalic.otf', 'AxureHandwriting-Italic.otf', 'AxureHandwriting.otf', 'bahnschrift.ttf', 'BASKVILL.TTF', 'BAUHS93.TTF', 'BELL.TTF', 'BELLB.TTF', 'BELLI.TTF', 'BERNHC.TTF', 'BKANT.TTF', 'BOD_B.TTF', 'BOD_BI.TTF', 'BOD_BLAI.TTF', 'BOD_BLAR.TTF', 'BOD_CB.TTF', 'BOD_CBI.TTF', 'BOD_CI.TTF', 'BOD_CR.TTF', 'BOD_I.TTF', 'BOD_PSTC.TTF', 'BOD_R.TTF', 'BOOKOS.TTF', 'BOOKOSB.TTF', 'BOOKOSBI.TTF', 'BOOKOSI.TTF', 'BRADHITC.TTF', 'BRITANIC.TTF', 'BRLNSB.TTF', 'BRLNSDB.TTF', 'BRLNSR.TTF', 'BROADW.TTF', 'BRUSHSCI.TTF', 'BSSYM7.TTF', 'c8514fix.fon', 'c8514oem.fon', 'c8514sys.fon', 'calibri.ttf', 'calibrib.ttf', 'calibrii.ttf', 'calibril.ttf', 'calibrili.ttf', 'calibriz.ttf', 'CALIFB.TTF', 'CALIFI.TTF', 'CALIFR.TTF', 'CALIST.TTF', 'CALISTB.TTF', 'CALISTBI.TTF', 'CALISTI.TTF', 'cambria.ttc', 'cambriab.ttf', 'cambriai.ttf', 'cambriaz.ttf', 'Candara.ttf', 'Candarab.ttf', 'Candarai.ttf', 'Candaral.ttf', 'Candarali.ttf', 'Candaraz.ttf', 'CascadiaCode.ttf', 'CascadiaMono.ttf', 'CASTELAR.TTF', 'CENSCBK.TTF', 'CENTAUR.TTF', 'CENTURY.TTF', 'cga40737.fon', 'cga40850.fon', 'cga40852.fon', 'cga40857.fon', 'cga40866.fon', 'cga40869.fon', 'cga40woa.fon', 'cga80737.fon', 'cga80850.fon', 'cga80852.fon', 'cga80857.fon', 'cga80866.fon', 'cga80869.fon', 'cga80woa.fon', 'CHILLER.TTF', 'COLONNA.TTF', 'comic.ttf', 'comicbd.ttf', 'comici.ttf', 'comicz.ttf', 'consola.ttf', 'consolab.ttf', 'consolai.ttf', 'consolaz.ttf', 'constan.ttf', 'constanb.ttf', 'constani.ttf', 'constanz.ttf', 'COOPBL.TTF', 'COPRGTB.TTF', 'COPRGTL.TTF', 'corbel.ttf', 'corbelb.ttf', 'corbeli.ttf', 'corbell.ttf', 'corbelli.ttf', 'corbelz.ttf', 'coue1255.fon', 'coue1256.fon', 'coue1257.fon', 'couf1255.fon', 'couf1256.fon', 'couf1257.fon', 'cour.ttf', 'courbd.ttf', 'courbi.ttf', 'coure.fon', 'couree.fon', 'coureg.fon', 'courer.fon', 'couret.fon', 'courf.fon', 'courfe.fon', 'courfg.fon', 'courfr.fon', 'courft.fon', 'couri.ttf', 'CURLZ___.TTF', 'cvgafix.fon', 'cvgasys.fon', 'Deng.ttf', 'Dengb.ttf', 'Dengl.ttf', 'desktop.ini', 'dos737.fon', 'dos869.fon', 'dosapp.fon', 'DUBAI-BOLD.TTF', 'DUBAI-LIGHT.TTF', 'DUBAI-MEDIUM.TTF', 'DUBAI-REGULAR.TTF', 'ebrima.ttf', 'ebrimabd.ttf', 'ega40737.fon', 'ega40850.fon', 'ega40852.fon', 'ega40857.fon', 'ega40866.fon', 'ega40869.fon', 'ega40woa.fon', 'ega80737.fon', 'ega80850.fon', 'ega80852.fon', 'ega80857.fon', 'ega80866.fon', 'ega80869.fon', 'ega80woa.fon', 'ELEPHNT.TTF', 'ELEPHNTI.TTF', 'ENGR.TTF', 'ERASBD.TTF', 'ERASDEMI.TTF', 'ERASLGHT.TTF', 'ERASMD.TTF', 'FELIXTI.TTF', 'fms_metadata.xml', 'FORTE.TTF', 'FRABK.TTF', 'FRABKIT.TTF', 'FRADM.TTF', 'FRADMCN.TTF', 'FRADMIT.TTF', 'FRAHV.TTF', 'FRAHVIT.TTF', 'framd.ttf', 'FRAMDCN.TTF', 'framdit.ttf', 'FREESCPT.TTF', 'FRSCRIPT.TTF', 'FTLTLT.TTF', 'FZSTK.TTF', 'FZYTK.TTF', 'Gabriola.ttf', 'gadugi.ttf', 'gadugib.ttf', 'GARA.TTF', 'GARABD.TTF', 'GARAIT.TTF', 'georgia.ttf', 'georgiab.ttf', 'georgiai.ttf', 'georgiaz.ttf', 'GIGI.TTF', 'GILBI___.TTF', 'GILB____.TTF', 'GILC____.TTF', 'GILI____.TTF', 'GILLUBCD.TTF', 'GILSANUB.TTF', 'GIL_____.TTF', 'GLECB.TTF', 'GlobalMonospace.CompositeFont', 'GlobalSansSerif.CompositeFont', 'GlobalSerif.CompositeFont', 'GlobalUserInterface.CompositeFont', 'GLSNECB.TTF', 'GOTHIC.TTF', 'GOTHICB.TTF', 'GOTHICBI.TTF', 'GOTHICI.TTF', 'GOUDOS.TTF', 'GOUDOSB.TTF', 'GOUDOSI.TTF', 'GOUDYSTO.TTF', 'h8514fix.fon', 'h8514oem.fon', 'h8514sys.fon', 'HARLOWSI.TTF', 'HARNGTON.TTF', 'HATTEN.TTF', 'HGB1X_CNKI.ttf', 'HGB1_CNKI.ttf', 'HGB2X_CNKI.ttf', 'HGB2_CNKI.ttf', 'HGB3X_CNKI.ttf', 'HGB3_CNKI.ttf', 'HGB4X_CNKI.ttf', 'HGB4_CNKI.ttf', 'HGB5X_CNKI.ttf', 'HGB5_CNKI.ttf', 'HGB6X_CNKI.ttf', 'HGB6_CNKI.ttf', 'HGB7X_CNKI.ttf', 'HGB7_CNKI.ttf', 'HGB8X_CNKI.ttf', 'HGB8_CNKI.ttf', 'HGBD_CNKI.ttf', 'HGBKBX_CNKI.ttf', 'HGBKB_CNKI.ttf', 'HGBKHX_CNKI.ttf', 'HGBKH_CNKI.ttf', 'HGBS1_CNKI.TTF', 'HGBS2_CNKI.TTF', 'HGBS_CNKI.TTF', 'HGBTH_CNKI.TTF', 'HGBTS_CNKI.TTF', 'HGBX_CNKI.ttf', 'HGBZ_CNKI.ttf', 'HGCH_CNKI.TTF', 'HGCUH_CNKI.TTF', 'HGCY_CNKI.TTF', 'HGDBS_CNKI.TTF', 'HGDGY_CNKI.TTF', 'HGDH2_CNKI.TTF', 'HGDH_CNKI.TTF', 'HGDYS_CNKI.TTF', 'HGDY_CNKI.ttf', 'HGF1X_CNKI.ttf', 'HGF1_CNKI.ttf', 'HGF2X_CNKI.ttf', 'HGF2_CNKI.ttf', 'HGF3_CNKI.ttf', 'HGF4X_CNKI.ttf', 'HGF4_CNKI.ttf', 'HGF5X_CNKI.ttf', 'HGF5_CNKI.ttf', 'HGF6X_CNKI.ttf', 'HGF6_CNKI.ttf', 'HGF7X_CNKI.ttf', 'HGF7_CNKI.ttf', 'HGF8_CNKI.ttf', 'HGF9X_CNKI.ttf', 'HGF9_CNKI.ttf', 'HGFS1_CNKI.TTF', 'HGFS2_CNKI.TTF', 'HGFSH_CNKI.TTF', 'HGFS_CNKI.TTF', 'HGFX_CNKI.ttf', 'HGFZ_CNKI.ttf', 'HGGG_CNKI.TTF', 'HGH1X_CNKI.ttf', 'HGH1_CNKI.ttf', 'HGH2X_CNKI.ttf', 'HGH2_CNKI.ttf', 'HGH3X_CNKI.ttf', 'HGH3_CNKI.ttf', 'HGH4X_CNKI.ttf', 'HGH4_CNKI.ttf', 'HGH5X_CNKI.ttf', 'HGH5_CNKI.ttf', 'HGH6X_CNKI.ttf', 'HGH6_CNKI.ttf', 'HGH7X_CNKI.ttf', 'HGH7_CNKI.ttf', 'HGHB_CNKI.TTF', 'HGHD_CNKI.ttf', 'HGHP_CNKI.TTF', 'HGHT1_CNKI.ttf', 'HGHT2_CNKI.ttf', 'HGHUATI_CNKI.ttf', 'HGHX_CNKI.ttf', 'HGHZ_CNKI.ttf', 'HGH_CNKI.TTF', 'HGKT1_CNKI.TTF', 'HGKT2_CNKI.TTF', 'HGKT_CNKI.TTF', 'HGKY_CNKI.ttf', 'HGLB_CNKI.TTF', 'HGLS_CNKI.TTF', 'HGMH_CNKI.TTF', 'HGNBS_CNKI.ttf', 'HGOCR_CNKI.ttf', 'HGPH_CNKI.TTF', 'HGPTY_CNKI.TTF', 'HGSS1_CNKI.TTF', 'HGSS2_CNKI.TTF', 'HGSS_CNKI.TTF', 'HGSXT_CNKI.ttf', 'HGTT_CNKI.ttf', 'HGTX_CNKI.TTF', 'HGWT_CNKI.TTF', 'HGWYS_CNKI.TTF', 'HGX1X_CNKI.ttf', 'HGX1_CNKI.ttf', 'HGXBS_CNKI.TTF', 'HGXC_CNKI.TTF', 'HGXF1_CNKI.ttf', 'HGXFX_CNKI.ttf', 'HGXFZ_CNKI.ttf', 'HGXH1_CNKI.TTF', 'HGXH_CNKI.TTF', 'HGXK_CNKI.TTF', 'HGXL_CNKI.TTF', 'HGXS_CNKI.TTF', 'HGXT_CNKI.ttf', 'HGXY_CNKI.ttf', 'HGY1_CNKI.TTF', 'HGY2_CNKI.TTF', 'HGY3_CNKI.TTF', 'HGY4_CNKI.TTF', 'HGYB_CNKI.ttf', 'HGYT1_CNKI.ttf', 'HGYT2_CNKI.ttf', 'HGYT_CNKI.TTF', 'HGYX_CNKI.TTF', 'HGZCS_CNKI.TTF', 'HGZDX_CNKI.TTF', 'HGZK_CNKI.TTF', 'HGZYT_CNKI.TTF', 'HGZY_CNKI.TTF', 'himalaya.ttf', 'holomdl2.ttf', 'HTOWERT.TTF', 'HTOWERTI.TTF', 'hvgafix.fon', 'hvgasys.fon', 'impact.ttf', 'IMPRISHA.TTF', 'INFROMAN.TTF', 'Inkfree.ttf', 'iqiyi_logov7.ttf', 'ITCBLKAD.TTF', 'ITCEDSCR.TTF', 'ITCKRIST.TTF', 'j8514fix.fon', 'j8514oem.fon', 'j8514sys.fon', 'javatext.ttf', 'JOKERMAN.TTF', 'jsmalle.fon', 'jsmallf.fon', 'JUICE___.TTF', 'jvgafix.fon', 'jvgasys.fon', 'KUNSTLER.TTF', 'LATINWD.TTF', 'LBRITE.TTF', 'LBRITED.TTF', 'LBRITEDI.TTF', 'LBRITEI.TTF', 'LCALLIG.TTF', 'LeelaUIb.ttf', 'LeelawUI.ttf', 'LeelUIsl.ttf', 'LFAX.TTF', 'LFAXD.TTF', 'LFAXDI.TTF', 'LFAXI.TTF', 'LHANDW.TTF', 'LSANS.TTF', 'LSANSD.TTF', 'LSANSDI.TTF', 'LSANSI.TTF', 'LTYPE.TTF', 'LTYPEB.TTF', 'LTYPEBO.TTF', 'LTYPEO.TTF', 'lucon.ttf', 'l_10646.ttf', 'MAGNETOB.TTF', 'MAIAN.TTF', 'malgun.ttf', 'malgunbd.ttf', 'malgunsl.ttf', 'marlett.ttf', 'MATURASC.TTF', 'micross.ttf', 'mingliub.ttc', 'MISTRAL.TTF', 'mmrtext.ttf', 'mmrtextb.ttf', 'MOD20.TTF', 'modern.fon', 'monbaiti.ttf', 'msgothic.ttc', 'msjh.ttc', 'msjhbd.ttc', 'msjhl.ttc', 'msyh.ttc', 'msyhbd.ttc', 'msyhl.ttc', 'msyi.ttf', 'MTCORSVA.TTF', 'MTEXTRA.TTF', 'mvboli.ttf', 'NIAGENG.TTF', 'NIAGSOL.TTF', 'Nirmala.ttf', 'NirmalaB.ttf', 'NirmalaS.ttf', 'ntailu.ttf', 'ntailub.ttf', 'NumberOnly.ttf', 'OCRAEXT.TTF', 'OLDENGL.TTF', 'ONYX.TTF', 'OUTLOOK.TTF', 'pala.ttf', 'palab.ttf', 'palabi.ttf', 'palai.ttf', 'PALSCRI.TTF', 'PAPYRUS.TTF', 'PARCHM.TTF', 'PERBI___.TTF', 'PERB____.TTF', 'PERI____.TTF', 'PERTIBD.TTF', 'PERTILI.TTF', 'PER_____.TTF', 'phagspa.ttf', 'phagspab.ttf', 'PLAYBILL.TTF', 'POORICH.TTF', 'PRISTINA.TTF', 'RAGE.TTF', 'RAVIE.TTF', 'REFSAN.TTF', 'REFSPCL.TTF', 'ROCCB___.TTF', 'ROCC____.TTF', 'ROCK.TTF', 'ROCKB.TTF', 'ROCKBI.TTF', 'ROCKEB.TTF', 'ROCKI.TTF', 'roman.fon', 's8514fix.fon', 's8514oem.fon', 's8514sys.fon', 'SCHLBKB.TTF', 'SCHLBKBI.TTF', 'SCHLBKI.TTF', 'script.fon', 'SCRIPTBL.TTF', 'segmdl2.ttf', 'SegoeIcons.ttf', 'segoepr.ttf', 'segoeprb.ttf', 'segoesc.ttf', 'segoescb.ttf', 'segoeui.ttf', 'segoeuib.ttf', 'segoeuii.ttf', 'segoeuil.ttf', 'segoeuisl.ttf', 'segoeuiz.ttf', 'seguibl.ttf', 'seguibli.ttf', 'seguiemj.ttf', 'seguihis.ttf', 'seguili.ttf', 'seguisb.ttf', 'seguisbi.ttf', 'seguisli.ttf', 'seguisym.ttf', 'SegUIVar.ttf', 'sere1255.fon', 'sere1256.fon', 'sere1257.fon', 'serf1255.fon', 'serf1256.fon', 'serf1257.fon', 'serife.fon', 'serifee.fon', 'serifeg.fon', 'serifer.fon', 'serifet.fon', 'seriff.fon', 'seriffe.fon', 'seriffg.fon', 'seriffr.fon', 'serifft.fon', 'SHOWG.TTF', 'simfang.ttf', 'simhei.ttf', 'simkai.ttf', 'SIMLI.TTF', 'simsun.ttc', 'simsunb.ttf', 'SIMYOU.TTF', 'SitkaVF-Italic.ttf', 'SitkaVF.ttf', 'smae1255.fon', 'smae1256.fon', 'smae1257.fon', 'smaf1255.fon', 'smaf1256.fon', 'smaf1257.fon', 'smalle.fon', 'smallee.fon', 'smalleg.fon', 'smaller.fon', 'smallet.fon', 'smallf.fon', 'smallfe.fon', 'smallfg.fon', 'smallfr.fon', 'smallft.fon', 'SNAP____.TTF', 'ssee1255.fon', 'ssee1256.fon', 'ssee1257.fon', 'ssee874.fon', 'ssef1255.fon', 'ssef1256.fon', 'ssef1257.fon', 'ssef874.fon', 'sserife.fon', 'sserifee.fon', 'sserifeg.fon', 'sserifer.fon', 'sserifet.fon', 'sseriff.fon', 'sseriffe.fon', 'sseriffg.fon', 'sseriffr.fon', 'sserifft.fon', 'StaticCache.dat', 'STCAIYUN.TTF', 'STENCIL.TTF', 'STFANGSO.TTF', 'STHUPO.TTF', 'STKAITI.TTF', 'STLITI.TTF', 'STSONG.TTF', 'STXIHEI.TTF', 'STXINGKA.TTF', 'STXINWEI.TTF', 'STZHONGS.TTF', 'svgafix.fon', 'svgasys.fon', 'sylfaen.ttf', 'symbol.ttf', 'tahoma.ttf', 'tahomabd.ttf', 'taile.ttf', 'taileb.ttf', 'TCBI____.TTF', 'TCB_____.TTF', 'TCCB____.TTF', 'TCCEB.TTF', 'TCCM____.TTF', 'TCMI____.TTF', 'TCM_____.TTF', 'TEMPSITC.TTF', 'times.ttf', 'timesbd.ttf', 'timesbi.ttf', 'timesi.ttf', 'trebuc.ttf', 'trebucbd.ttf', 'trebucbi.ttf', 'trebucit.ttf', 'verdana.ttf', 'verdanab.ttf', 'verdanai.ttf', 'verdanaz.ttf', 'vga737.fon', 'vga775.fon', 'vga850.fon', 'vga852.fon', 'vga855.fon', 'vga857.fon', 'vga860.fon', 'vga861.fon', 'vga863.fon', 'vga865.fon', 'vga866.fon', 'vga869.fon', 'vga932.fon', 'vga936.fon', 'vga949.fon', 'vga950.fon', 'vgaf1255.fon', 'vgaf1256.fon', 'vgaf1257.fon', 'vgaf874.fon', 'vgafix.fon', 'vgafixe.fon', 'vgafixg.fon', 'vgafixr.fon', 'vgafixt.fon', 'vgaoem.fon', 'vgas1255.fon', 'vgas1256.fon', 'vgas1257.fon', 'vgas874.fon', 'vgasys.fon', 'vgasyse.fon', 'vgasysg.fon', 'vgasysr.fon', 'vgasyst.fon', 'VINERITC.TTF', 'VIVALDII.TTF', 'VLADIMIR.TTF', 'webdings.ttf', 'wingding.ttf', 'WINGDNG2.TTF', 'WINGDNG3.TTF', 'YuGothB.ttc', 'YuGothL.ttc', 'YuGothM.ttc', 'YuGothR.ttc', '\u534e\u5eb7\u65b9\u5706\u4f53W7.TTC', '\u65b9\u6b63\u7c97\u9ed1\u5b8b\u7b80\u4f53.ttf']
2023-09-27 15:09:16,418 - INFO - all fonts installed:['8514fix.fon', '8514fixe.fon', '8514fixg.fon', '8514fixr.fon', '8514fixt.fon', '8514oem.fon', '8514oeme.fon', '8514oemg.fon', '8514oemr.fon', '8514oemt.fon', '8514sys.fon', '8514syse.fon', '8514sysg.fon', '8514sysr.fon', '8514syst.fon', '85775.fon', '85855.fon', '85f1255.fon', '85f1256.fon', '85f1257.fon', '85f874.fon', '85s1255.fon', '85s1256.fon', '85s1257.fon', '85s874.fon', 'AGENCYB.TTF', 'AGENCYR.TTF', 'ALGER.TTF', 'ANTQUAB.TTF', 'ANTQUABI.TTF', 'ANTQUAI.TTF', 'app775.fon', 'app850.fon', 'app852.fon', 'app855.fon', 'app857.fon', 'app866.fon', 'app932.fon', 'app936.fon', 'app949.fon', 'app950.fon', 'arial.ttf', 'arialbd.ttf', 'arialbi.ttf', 'ariali.ttf', 'ARIALN.TTF', 'ARIALNB.TTF', 'ARIALNBI.TTF', 'ARIALNI.TTF', 'ariblk.ttf', 'ARLRDBD.TTF', 'AxureHandwriting-Bold.otf', 'AxureHandwriting-BoldItalic.otf', 'AxureHandwriting-Italic.otf', 'AxureHandwriting.otf', 'bahnschrift.ttf', 'BASKVILL.TTF', 'BAUHS93.TTF', 'BELL.TTF', 'BELLB.TTF', 'BELLI.TTF', 'BERNHC.TTF', 'BKANT.TTF', 'BOD_B.TTF', 'BOD_BI.TTF', 'BOD_BLAI.TTF', 'BOD_BLAR.TTF', 'BOD_CB.TTF', 'BOD_CBI.TTF', 'BOD_CI.TTF', 'BOD_CR.TTF', 'BOD_I.TTF', 'BOD_PSTC.TTF', 'BOD_R.TTF', 'BOOKOS.TTF', 'BOOKOSB.TTF', 'BOOKOSBI.TTF', 'BOOKOSI.TTF', 'BRADHITC.TTF', 'BRITANIC.TTF', 'BRLNSB.TTF', 'BRLNSDB.TTF', 'BRLNSR.TTF', 'BROADW.TTF', 'BRUSHSCI.TTF', 'BSSYM7.TTF', 'c8514fix.fon', 'c8514oem.fon', 'c8514sys.fon', 'calibri.ttf', 'calibrib.ttf', 'calibrii.ttf', 'calibril.ttf', 'calibrili.ttf', 'calibriz.ttf', 'CALIFB.TTF', 'CALIFI.TTF', 'CALIFR.TTF', 'CALIST.TTF', 'CALISTB.TTF', 'CALISTBI.TTF', 'CALISTI.TTF', 'cambria.ttc', 'cambriab.ttf', 'cambriai.ttf', 'cambriaz.ttf', 'Candara.ttf', 'Candarab.ttf', 'Candarai.ttf', 'Candaral.ttf', 'Candarali.ttf', 'Candaraz.ttf', 'CascadiaCode.ttf', 'CascadiaMono.ttf', 'CASTELAR.TTF', 'CENSCBK.TTF', 'CENTAUR.TTF', 'CENTURY.TTF', 'cga40737.fon', 'cga40850.fon', 'cga40852.fon', 'cga40857.fon', 'cga40866.fon', 'cga40869.fon', 'cga40woa.fon', 'cga80737.fon', 'cga80850.fon', 'cga80852.fon', 'cga80857.fon', 'cga80866.fon', 'cga80869.fon', 'cga80woa.fon', 'CHILLER.TTF', 'COLONNA.TTF', 'comic.ttf', 'comicbd.ttf', 'comici.ttf', 'comicz.ttf', 'consola.ttf', 'consolab.ttf', 'consolai.ttf', 'consolaz.ttf', 'constan.ttf', 'constanb.ttf', 'constani.ttf', 'constanz.ttf', 'COOPBL.TTF', 'COPRGTB.TTF', 'COPRGTL.TTF', 'corbel.ttf', 'corbelb.ttf', 'corbeli.ttf', 'corbell.ttf', 'corbelli.ttf', 'corbelz.ttf', 'coue1255.fon', 'coue1256.fon', 'coue1257.fon', 'couf1255.fon', 'couf1256.fon', 'couf1257.fon', 'cour.ttf', 'courbd.ttf', 'courbi.ttf', 'coure.fon', 'couree.fon', 'coureg.fon', 'courer.fon', 'couret.fon', 'courf.fon', 'courfe.fon', 'courfg.fon', 'courfr.fon', 'courft.fon', 'couri.ttf', 'CURLZ___.TTF', 'cvgafix.fon', 'cvgasys.fon', 'Deng.ttf', 'Dengb.ttf', 'Dengl.ttf', 'desktop.ini', 'dos737.fon', 'dos869.fon', 'dosapp.fon', 'DUBAI-BOLD.TTF', 'DUBAI-LIGHT.TTF', 'DUBAI-MEDIUM.TTF', 'DUBAI-REGULAR.TTF', 'ebrima.ttf', 'ebrimabd.ttf', 'ega40737.fon', 'ega40850.fon', 'ega40852.fon', 'ega40857.fon', 'ega40866.fon', 'ega40869.fon', 'ega40woa.fon', 'ega80737.fon', 'ega80850.fon', 'ega80852.fon', 'ega80857.fon', 'ega80866.fon', 'ega80869.fon', 'ega80woa.fon', 'ELEPHNT.TTF', 'ELEPHNTI.TTF', 'ENGR.TTF', 'ERASBD.TTF', 'ERASDEMI.TTF', 'ERASLGHT.TTF', 'ERASMD.TTF', 'FELIXTI.TTF', 'fms_metadata.xml', 'FORTE.TTF', 'FRABK.TTF', 'FRABKIT.TTF', 'FRADM.TTF', 'FRADMCN.TTF', 'FRADMIT.TTF', 'FRAHV.TTF', 'FRAHVIT.TTF', 'framd.ttf', 'FRAMDCN.TTF', 'framdit.ttf', 'FREESCPT.TTF', 'FRSCRIPT.TTF', 'FTLTLT.TTF', 'FZSTK.TTF', 'FZYTK.TTF', 'Gabriola.ttf', 'gadugi.ttf', 'gadugib.ttf', 'GARA.TTF', 'GARABD.TTF', 'GARAIT.TTF', 'georgia.ttf', 'georgiab.ttf', 'georgiai.ttf', 'georgiaz.ttf', 'GIGI.TTF', 'GILBI___.TTF', 'GILB____.TTF', 'GILC____.TTF', 'GILI____.TTF', 'GILLUBCD.TTF', 'GILSANUB.TTF', 'GIL_____.TTF', 'GLECB.TTF', 'GlobalMonospace.CompositeFont', 'GlobalSansSerif.CompositeFont', 'GlobalSerif.CompositeFont', 'GlobalUserInterface.CompositeFont', 'GLSNECB.TTF', 'GOTHIC.TTF', 'GOTHICB.TTF', 'GOTHICBI.TTF', 'GOTHICI.TTF', 'GOUDOS.TTF', 'GOUDOSB.TTF', 'GOUDOSI.TTF', 'GOUDYSTO.TTF', 'h8514fix.fon', 'h8514oem.fon', 'h8514sys.fon', 'HARLOWSI.TTF', 'HARNGTON.TTF', 'HATTEN.TTF', 'HGB1X_CNKI.ttf', 'HGB1_CNKI.ttf', 'HGB2X_CNKI.ttf', 'HGB2_CNKI.ttf', 'HGB3X_CNKI.ttf', 'HGB3_CNKI.ttf', 'HGB4X_CNKI.ttf', 'HGB4_CNKI.ttf', 'HGB5X_CNKI.ttf', 'HGB5_CNKI.ttf', 'HGB6X_CNKI.ttf', 'HGB6_CNKI.ttf', 'HGB7X_CNKI.ttf', 'HGB7_CNKI.ttf', 'HGB8X_CNKI.ttf', 'HGB8_CNKI.ttf', 'HGBD_CNKI.ttf', 'HGBKBX_CNKI.ttf', 'HGBKB_CNKI.ttf', 'HGBKHX_CNKI.ttf', 'HGBKH_CNKI.ttf', 'HGBS1_CNKI.TTF', 'HGBS2_CNKI.TTF', 'HGBS_CNKI.TTF', 'HGBTH_CNKI.TTF', 'HGBTS_CNKI.TTF', 'HGBX_CNKI.ttf', 'HGBZ_CNKI.ttf', 'HGCH_CNKI.TTF', 'HGCUH_CNKI.TTF', 'HGCY_CNKI.TTF', 'HGDBS_CNKI.TTF', 'HGDGY_CNKI.TTF', 'HGDH2_CNKI.TTF', 'HGDH_CNKI.TTF', 'HGDYS_CNKI.TTF', 'HGDY_CNKI.ttf', 'HGF1X_CNKI.ttf', 'HGF1_CNKI.ttf', 'HGF2X_CNKI.ttf', 'HGF2_CNKI.ttf', 'HGF3_CNKI.ttf', 'HGF4X_CNKI.ttf', 'HGF4_CNKI.ttf', 'HGF5X_CNKI.ttf', 'HGF5_CNKI.ttf', 'HGF6X_CNKI.ttf', 'HGF6_CNKI.ttf', 'HGF7X_CNKI.ttf', 'HGF7_CNKI.ttf', 'HGF8_CNKI.ttf', 'HGF9X_CNKI.ttf', 'HGF9_CNKI.ttf', 'HGFS1_CNKI.TTF', 'HGFS2_CNKI.TTF', 'HGFSH_CNKI.TTF', 'HGFS_CNKI.TTF', 'HGFX_CNKI.ttf', 'HGFZ_CNKI.ttf', 'HGGG_CNKI.TTF', 'HGH1X_CNKI.ttf', 'HGH1_CNKI.ttf', 'HGH2X_CNKI.ttf', 'HGH2_CNKI.ttf', 'HGH3X_CNKI.ttf', 'HGH3_CNKI.ttf', 'HGH4X_CNKI.ttf', 'HGH4_CNKI.ttf', 'HGH5X_CNKI.ttf', 'HGH5_CNKI.ttf', 'HGH6X_CNKI.ttf', 'HGH6_CNKI.ttf', 'HGH7X_CNKI.ttf', 'HGH7_CNKI.ttf', 'HGHB_CNKI.TTF', 'HGHD_CNKI.ttf', 'HGHP_CNKI.TTF', 'HGHT1_CNKI.ttf', 'HGHT2_CNKI.ttf', 'HGHUATI_CNKI.ttf', 'HGHX_CNKI.ttf', 'HGHZ_CNKI.ttf', 'HGH_CNKI.TTF', 'HGKT1_CNKI.TTF', 'HGKT2_CNKI.TTF', 'HGKT_CNKI.TTF', 'HGKY_CNKI.ttf', 'HGLB_CNKI.TTF', 'HGLS_CNKI.TTF', 'HGMH_CNKI.TTF', 'HGNBS_CNKI.ttf', 'HGOCR_CNKI.ttf', 'HGPH_CNKI.TTF', 'HGPTY_CNKI.TTF', 'HGSS1_CNKI.TTF', 'HGSS2_CNKI.TTF', 'HGSS_CNKI.TTF', 'HGSXT_CNKI.ttf', 'HGTT_CNKI.ttf', 'HGTX_CNKI.TTF', 'HGWT_CNKI.TTF', 'HGWYS_CNKI.TTF', 'HGX1X_CNKI.ttf', 'HGX1_CNKI.ttf', 'HGXBS_CNKI.TTF', 'HGXC_CNKI.TTF', 'HGXF1_CNKI.ttf', 'HGXFX_CNKI.ttf', 'HGXFZ_CNKI.ttf', 'HGXH1_CNKI.TTF', 'HGXH_CNKI.TTF', 'HGXK_CNKI.TTF', 'HGXL_CNKI.TTF', 'HGXS_CNKI.TTF', 'HGXT_CNKI.ttf', 'HGXY_CNKI.ttf', 'HGY1_CNKI.TTF', 'HGY2_CNKI.TTF', 'HGY3_CNKI.TTF', 'HGY4_CNKI.TTF', 'HGYB_CNKI.ttf', 'HGYT1_CNKI.ttf', 'HGYT2_CNKI.ttf', 'HGYT_CNKI.TTF', 'HGYX_CNKI.TTF', 'HGZCS_CNKI.TTF', 'HGZDX_CNKI.TTF', 'HGZK_CNKI.TTF', 'HGZYT_CNKI.TTF', 'HGZY_CNKI.TTF', 'himalaya.ttf', 'holomdl2.ttf', 'HTOWERT.TTF', 'HTOWERTI.TTF', 'hvgafix.fon', 'hvgasys.fon', 'impact.ttf', 'IMPRISHA.TTF', 'INFROMAN.TTF', 'Inkfree.ttf', 'iqiyi_logov7.ttf', 'ITCBLKAD.TTF', 'ITCEDSCR.TTF', 'ITCKRIST.TTF', 'j8514fix.fon', 'j8514oem.fon', 'j8514sys.fon', 'javatext.ttf', 'JOKERMAN.TTF', 'jsmalle.fon', 'jsmallf.fon', 'JUICE___.TTF', 'jvgafix.fon', 'jvgasys.fon', 'KUNSTLER.TTF', 'LATINWD.TTF', 'LBRITE.TTF', 'LBRITED.TTF', 'LBRITEDI.TTF', 'LBRITEI.TTF', 'LCALLIG.TTF', 'LeelaUIb.ttf', 'LeelawUI.ttf', 'LeelUIsl.ttf', 'LFAX.TTF', 'LFAXD.TTF', 'LFAXDI.TTF', 'LFAXI.TTF', 'LHANDW.TTF', 'LSANS.TTF', 'LSANSD.TTF', 'LSANSDI.TTF', 'LSANSI.TTF', 'LTYPE.TTF', 'LTYPEB.TTF', 'LTYPEBO.TTF', 'LTYPEO.TTF', 'lucon.ttf', 'l_10646.ttf', 'MAGNETOB.TTF', 'MAIAN.TTF', 'malgun.ttf', 'malgunbd.ttf', 'malgunsl.ttf', 'marlett.ttf', 'MATURASC.TTF', 'micross.ttf', 'mingliub.ttc', 'MISTRAL.TTF', 'mmrtext.ttf', 'mmrtextb.ttf', 'MOD20.TTF', 'modern.fon', 'monbaiti.ttf', 'msgothic.ttc', 'msjh.ttc', 'msjhbd.ttc', 'msjhl.ttc', 'msyh.ttc', 'msyhbd.ttc', 'msyhl.ttc', 'msyi.ttf', 'MTCORSVA.TTF', 'MTEXTRA.TTF', 'mvboli.ttf', 'NIAGENG.TTF', 'NIAGSOL.TTF', 'Nirmala.ttf', 'NirmalaB.ttf', 'NirmalaS.ttf', 'ntailu.ttf', 'ntailub.ttf', 'NumberOnly.ttf', 'OCRAEXT.TTF', 'OLDENGL.TTF', 'ONYX.TTF', 'OUTLOOK.TTF', 'pala.ttf', 'palab.ttf', 'palabi.ttf', 'palai.ttf', 'PALSCRI.TTF', 'PAPYRUS.TTF', 'PARCHM.TTF', 'PERBI___.TTF', 'PERB____.TTF', 'PERI____.TTF', 'PERTIBD.TTF', 'PERTILI.TTF', 'PER_____.TTF', 'phagspa.ttf', 'phagspab.ttf', 'PLAYBILL.TTF', 'POORICH.TTF', 'PRISTINA.TTF', 'RAGE.TTF', 'RAVIE.TTF', 'REFSAN.TTF', 'REFSPCL.TTF', 'ROCCB___.TTF', 'ROCC____.TTF', 'ROCK.TTF', 'ROCKB.TTF', 'ROCKBI.TTF', 'ROCKEB.TTF', 'ROCKI.TTF', 'roman.fon', 's8514fix.fon', 's8514oem.fon', 's8514sys.fon', 'SCHLBKB.TTF', 'SCHLBKBI.TTF', 'SCHLBKI.TTF', 'script.fon', 'SCRIPTBL.TTF', 'segmdl2.ttf', 'SegoeIcons.ttf', 'segoepr.ttf', 'segoeprb.ttf', 'segoesc.ttf', 'segoescb.ttf', 'segoeui.ttf', 'segoeuib.ttf', 'segoeuii.ttf', 'segoeuil.ttf', 'segoeuisl.ttf', 'segoeuiz.ttf', 'seguibl.ttf', 'seguibli.ttf', 'seguiemj.ttf', 'seguihis.ttf', 'seguili.ttf', 'seguisb.ttf', 'seguisbi.ttf', 'seguisli.ttf', 'seguisym.ttf', 'SegUIVar.ttf', 'sere1255.fon', 'sere1256.fon', 'sere1257.fon', 'serf1255.fon', 'serf1256.fon', 'serf1257.fon', 'serife.fon', 'serifee.fon', 'serifeg.fon', 'serifer.fon', 'serifet.fon', 'seriff.fon', 'seriffe.fon', 'seriffg.fon', 'seriffr.fon', 'serifft.fon', 'SHOWG.TTF', 'simfang.ttf', 'simhei.ttf', 'simkai.ttf', 'SIMLI.TTF', 'simsun.ttc', 'simsunb.ttf', 'SIMYOU.TTF', 'SitkaVF-Italic.ttf', 'SitkaVF.ttf', 'smae1255.fon', 'smae1256.fon', 'smae1257.fon', 'smaf1255.fon', 'smaf1256.fon', 'smaf1257.fon', 'smalle.fon', 'smallee.fon', 'smalleg.fon', 'smaller.fon', 'smallet.fon', 'smallf.fon', 'smallfe.fon', 'smallfg.fon', 'smallfr.fon', 'smallft.fon', 'SNAP____.TTF', 'ssee1255.fon', 'ssee1256.fon', 'ssee1257.fon', 'ssee874.fon', 'ssef1255.fon', 'ssef1256.fon', 'ssef1257.fon', 'ssef874.fon', 'sserife.fon', 'sserifee.fon', 'sserifeg.fon', 'sserifer.fon', 'sserifet.fon', 'sseriff.fon', 'sseriffe.fon', 'sseriffg.fon', 'sseriffr.fon', 'sserifft.fon', 'StaticCache.dat', 'STCAIYUN.TTF', 'STENCIL.TTF', 'STFANGSO.TTF', 'STHUPO.TTF', 'STKAITI.TTF', 'STLITI.TTF', 'STSONG.TTF', 'STXIHEI.TTF', 'STXINGKA.TTF', 'STXINWEI.TTF', 'STZHONGS.TTF', 'svgafix.fon', 'svgasys.fon', 'sylfaen.ttf', 'symbol.ttf', 'tahoma.ttf', 'tahomabd.ttf', 'taile.ttf', 'taileb.ttf', 'TCBI____.TTF', 'TCB_____.TTF', 'TCCB____.TTF', 'TCCEB.TTF', 'TCCM____.TTF', 'TCMI____.TTF', 'TCM_____.TTF', 'TEMPSITC.TTF', 'times.ttf', 'timesbd.ttf', 'timesbi.ttf', 'timesi.ttf', 'trebuc.ttf', 'trebucbd.ttf', 'trebucbi.ttf', 'trebucit.ttf', 'verdana.ttf', 'verdanab.ttf', 'verdanai.ttf', 'verdanaz.ttf', 'vga737.fon', 'vga775.fon', 'vga850.fon', 'vga852.fon', 'vga855.fon', 'vga857.fon', 'vga860.fon', 'vga861.fon', 'vga863.fon', 'vga865.fon', 'vga866.fon', 'vga869.fon', 'vga932.fon', 'vga936.fon', 'vga949.fon', 'vga950.fon', 'vgaf1255.fon', 'vgaf1256.fon', 'vgaf1257.fon', 'vgaf874.fon', 'vgafix.fon', 'vgafixe.fon', 'vgafixg.fon', 'vgafixr.fon', 'vgafixt.fon', 'vgaoem.fon', 'vgas1255.fon', 'vgas1256.fon', 'vgas1257.fon', 'vgas874.fon', 'vgasys.fon', 'vgasyse.fon', 'vgasysg.fon', 'vgasysr.fon', 'vgasyst.fon', 'VINERITC.TTF', 'VIVALDII.TTF', 'VLADIMIR.TTF', 'webdings.ttf', 'wingding.ttf', 'WINGDNG2.TTF', 'WINGDNG3.TTF', 'YuGothB.ttc', 'YuGothL.ttc', 'YuGothM.ttc', 'YuGothR.ttc', '\u534e\u5eb7\u65b9\u5706\u4f53W7.TTC', '\u65b9\u6b63\u7c97\u9ed1\u5b8b\u7b80\u4f53.ttf']
2023-09-27 15:09:16,420 - INFO - all fonts installed:['8514fix.fon', '8514fixe.fon', '8514fixg.fon', '8514fixr.fon', '8514fixt.fon', '8514oem.fon', '8514oeme.fon', '8514oemg.fon', '8514oemr.fon', '8514oemt.fon', '8514sys.fon', '8514syse.fon', '8514sysg.fon', '8514sysr.fon', '8514syst.fon', '85775.fon', '85855.fon', '85f1255.fon', '85f1256.fon', '85f1257.fon', '85f874.fon', '85s1255.fon', '85s1256.fon', '85s1257.fon', '85s874.fon', 'AGENCYB.TTF', 'AGENCYR.TTF', 'ALGER.TTF', 'ANTQUAB.TTF', 'ANTQUABI.TTF', 'ANTQUAI.TTF', 'app775.fon', 'app850.fon', 'app852.fon', 'app855.fon', 'app857.fon', 'app866.fon', 'app932.fon', 'app936.fon', 'app949.fon', 'app950.fon', 'arial.ttf', 'arialbd.ttf', 'arialbi.ttf', 'ariali.ttf', 'ARIALN.TTF', 'ARIALNB.TTF', 'ARIALNBI.TTF', 'ARIALNI.TTF', 'ariblk.ttf', 'ARLRDBD.TTF', 'AxureHandwriting-Bold.otf', 'AxureHandwriting-BoldItalic.otf', 'AxureHandwriting-Italic.otf', 'AxureHandwriting.otf', 'bahnschrift.ttf', 'BASKVILL.TTF', 'BAUHS93.TTF', 'BELL.TTF', 'BELLB.TTF', 'BELLI.TTF', 'BERNHC.TTF', 'BKANT.TTF', 'BOD_B.TTF', 'BOD_BI.TTF', 'BOD_BLAI.TTF', 'BOD_BLAR.TTF', 'BOD_CB.TTF', 'BOD_CBI.TTF', 'BOD_CI.TTF', 'BOD_CR.TTF', 'BOD_I.TTF', 'BOD_PSTC.TTF', 'BOD_R.TTF', 'BOOKOS.TTF', 'BOOKOSB.TTF', 'BOOKOSBI.TTF', 'BOOKOSI.TTF', 'BRADHITC.TTF', 'BRITANIC.TTF', 'BRLNSB.TTF', 'BRLNSDB.TTF', 'BRLNSR.TTF', 'BROADW.TTF', 'BRUSHSCI.TTF', 'BSSYM7.TTF', 'c8514fix.fon', 'c8514oem.fon', 'c8514sys.fon', 'calibri.ttf', 'calibrib.ttf', 'calibrii.ttf', 'calibril.ttf', 'calibrili.ttf', 'calibriz.ttf', 'CALIFB.TTF', 'CALIFI.TTF', 'CALIFR.TTF', 'CALIST.TTF', 'CALISTB.TTF', 'CALISTBI.TTF', 'CALISTI.TTF', 'cambria.ttc', 'cambriab.ttf', 'cambriai.ttf', 'cambriaz.ttf', 'Candara.ttf', 'Candarab.ttf', 'Candarai.ttf', 'Candaral.ttf', 'Candarali.ttf', 'Candaraz.ttf', 'CascadiaCode.ttf', 'CascadiaMono.ttf', 'CASTELAR.TTF', 'CENSCBK.TTF', 'CENTAUR.TTF', 'CENTURY.TTF', 'cga40737.fon', 'cga40850.fon', 'cga40852.fon', 'cga40857.fon', 'cga40866.fon', 'cga40869.fon', 'cga40woa.fon', 'cga80737.fon', 'cga80850.fon', 'cga80852.fon', 'cga80857.fon', 'cga80866.fon', 'cga80869.fon', 'cga80woa.fon', 'CHILLER.TTF', 'COLONNA.TTF', 'comic.ttf', 'comicbd.ttf', 'comici.ttf', 'comicz.ttf', 'consola.ttf', 'consolab.ttf', 'consolai.ttf', 'consolaz.ttf', 'constan.ttf', 'constanb.ttf', 'constani.ttf', 'constanz.ttf', 'COOPBL.TTF', 'COPRGTB.TTF', 'COPRGTL.TTF', 'corbel.ttf', 'corbelb.ttf', 'corbeli.ttf', 'corbell.ttf', 'corbelli.ttf', 'corbelz.ttf', 'coue1255.fon', 'coue1256.fon', 'coue1257.fon', 'couf1255.fon', 'couf1256.fon', 'couf1257.fon', 'cour.ttf', 'courbd.ttf', 'courbi.ttf', 'coure.fon', 'couree.fon', 'coureg.fon', 'courer.fon', 'couret.fon', 'courf.fon', 'courfe.fon', 'courfg.fon', 'courfr.fon', 'courft.fon', 'couri.ttf', 'CURLZ___.TTF', 'cvgafix.fon', 'cvgasys.fon', 'Deng.ttf', 'Dengb.ttf', 'Dengl.ttf', 'desktop.ini', 'dos737.fon', 'dos869.fon', 'dosapp.fon', 'DUBAI-BOLD.TTF', 'DUBAI-LIGHT.TTF', 'DUBAI-MEDIUM.TTF', 'DUBAI-REGULAR.TTF', 'ebrima.ttf', 'ebrimabd.ttf', 'ega40737.fon', 'ega40850.fon', 'ega40852.fon', 'ega40857.fon', 'ega40866.fon', 'ega40869.fon', 'ega40woa.fon', 'ega80737.fon', 'ega80850.fon', 'ega80852.fon', 'ega80857.fon', 'ega80866.fon', 'ega80869.fon', 'ega80woa.fon', 'ELEPHNT.TTF', 'ELEPHNTI.TTF', 'ENGR.TTF', 'ERASBD.TTF', 'ERASDEMI.TTF', 'ERASLGHT.TTF', 'ERASMD.TTF', 'FELIXTI.TTF', 'fms_metadata.xml', 'FORTE.TTF', 'FRABK.TTF', 'FRABKIT.TTF', 'FRADM.TTF', 'FRADMCN.TTF', 'FRADMIT.TTF', 'FRAHV.TTF', 'FRAHVIT.TTF', 'framd.ttf', 'FRAMDCN.TTF', 'framdit.ttf', 'FREESCPT.TTF', 'FRSCRIPT.TTF', 'FTLTLT.TTF', 'FZSTK.TTF', 'FZYTK.TTF', 'Gabriola.ttf', 'gadugi.ttf', 'gadugib.ttf', 'GARA.TTF', 'GARABD.TTF', 'GARAIT.TTF', 'georgia.ttf', 'georgiab.ttf', 'georgiai.ttf', 'georgiaz.ttf', 'GIGI.TTF', 'GILBI___.TTF', 'GILB____.TTF', 'GILC____.TTF', 'GILI____.TTF', 'GILLUBCD.TTF', 'GILSANUB.TTF', 'GIL_____.TTF', 'GLECB.TTF', 'GlobalMonospace.CompositeFont', 'GlobalSansSerif.CompositeFont', 'GlobalSerif.CompositeFont', 'GlobalUserInterface.CompositeFont', 'GLSNECB.TTF', 'GOTHIC.TTF', 'GOTHICB.TTF', 'GOTHICBI.TTF', 'GOTHICI.TTF', 'GOUDOS.TTF', 'GOUDOSB.TTF', 'GOUDOSI.TTF', 'GOUDYSTO.TTF', 'h8514fix.fon', 'h8514oem.fon', 'h8514sys.fon', 'HARLOWSI.TTF', 'HARNGTON.TTF', 'HATTEN.TTF', 'HGB1X_CNKI.ttf', 'HGB1_CNKI.ttf', 'HGB2X_CNKI.ttf', 'HGB2_CNKI.ttf', 'HGB3X_CNKI.ttf', 'HGB3_CNKI.ttf', 'HGB4X_CNKI.ttf', 'HGB4_CNKI.ttf', 'HGB5X_CNKI.ttf', 'HGB5_CNKI.ttf', 'HGB6X_CNKI.ttf', 'HGB6_CNKI.ttf', 'HGB7X_CNKI.ttf', 'HGB7_CNKI.ttf', 'HGB8X_CNKI.ttf', 'HGB8_CNKI.ttf', 'HGBD_CNKI.ttf', 'HGBKBX_CNKI.ttf', 'HGBKB_CNKI.ttf', 'HGBKHX_CNKI.ttf', 'HGBKH_CNKI.ttf', 'HGBS1_CNKI.TTF', 'HGBS2_CNKI.TTF', 'HGBS_CNKI.TTF', 'HGBTH_CNKI.TTF', 'HGBTS_CNKI.TTF', 'HGBX_CNKI.ttf', 'HGBZ_CNKI.ttf', 'HGCH_CNKI.TTF', 'HGCUH_CNKI.TTF', 'HGCY_CNKI.TTF', 'HGDBS_CNKI.TTF', 'HGDGY_CNKI.TTF', 'HGDH2_CNKI.TTF', 'HGDH_CNKI.TTF', 'HGDYS_CNKI.TTF', 'HGDY_CNKI.ttf', 'HGF1X_CNKI.ttf', 'HGF1_CNKI.ttf', 'HGF2X_CNKI.ttf', 'HGF2_CNKI.ttf', 'HGF3_CNKI.ttf', 'HGF4X_CNKI.ttf', 'HGF4_CNKI.ttf', 'HGF5X_CNKI.ttf', 'HGF5_CNKI.ttf', 'HGF6X_CNKI.ttf', 'HGF6_CNKI.ttf', 'HGF7X_CNKI.ttf', 'HGF7_CNKI.ttf', 'HGF8_CNKI.ttf', 'HGF9X_CNKI.ttf', 'HGF9_CNKI.ttf', 'HGFS1_CNKI.TTF', 'HGFS2_CNKI.TTF', 'HGFSH_CNKI.TTF', 'HGFS_CNKI.TTF', 'HGFX_CNKI.ttf', 'HGFZ_CNKI.ttf', 'HGGG_CNKI.TTF', 'HGH1X_CNKI.ttf', 'HGH1_CNKI.ttf', 'HGH2X_CNKI.ttf', 'HGH2_CNKI.ttf', 'HGH3X_CNKI.ttf', 'HGH3_CNKI.ttf', 'HGH4X_CNKI.ttf', 'HGH4_CNKI.ttf', 'HGH5X_CNKI.ttf', 'HGH5_CNKI.ttf', 'HGH6X_CNKI.ttf', 'HGH6_CNKI.ttf', 'HGH7X_CNKI.ttf', 'HGH7_CNKI.ttf', 'HGHB_CNKI.TTF', 'HGHD_CNKI.ttf', 'HGHP_CNKI.TTF', 'HGHT1_CNKI.ttf', 'HGHT2_CNKI.ttf', 'HGHUATI_CNKI.ttf', 'HGHX_CNKI.ttf', 'HGHZ_CNKI.ttf', 'HGH_CNKI.TTF', 'HGKT1_CNKI.TTF', 'HGKT2_CNKI.TTF', 'HGKT_CNKI.TTF', 'HGKY_CNKI.ttf', 'HGLB_CNKI.TTF', 'HGLS_CNKI.TTF', 'HGMH_CNKI.TTF', 'HGNBS_CNKI.ttf', 'HGOCR_CNKI.ttf', 'HGPH_CNKI.TTF', 'HGPTY_CNKI.TTF', 'HGSS1_CNKI.TTF', 'HGSS2_CNKI.TTF', 'HGSS_CNKI.TTF', 'HGSXT_CNKI.ttf', 'HGTT_CNKI.ttf', 'HGTX_CNKI.TTF', 'HGWT_CNKI.TTF', 'HGWYS_CNKI.TTF', 'HGX1X_CNKI.ttf', 'HGX1_CNKI.ttf', 'HGXBS_CNKI.TTF', 'HGXC_CNKI.TTF', 'HGXF1_CNKI.ttf', 'HGXFX_CNKI.ttf', 'HGXFZ_CNKI.ttf', 'HGXH1_CNKI.TTF', 'HGXH_CNKI.TTF', 'HGXK_CNKI.TTF', 'HGXL_CNKI.TTF', 'HGXS_CNKI.TTF', 'HGXT_CNKI.ttf', 'HGXY_CNKI.ttf', 'HGY1_CNKI.TTF', 'HGY2_CNKI.TTF', 'HGY3_CNKI.TTF', 'HGY4_CNKI.TTF', 'HGYB_CNKI.ttf', 'HGYT1_CNKI.ttf', 'HGYT2_CNKI.ttf', 'HGYT_CNKI.TTF', 'HGYX_CNKI.TTF', 'HGZCS_CNKI.TTF', 'HGZDX_CNKI.TTF', 'HGZK_CNKI.TTF', 'HGZYT_CNKI.TTF', 'HGZY_CNKI.TTF', 'himalaya.ttf', 'holomdl2.ttf', 'HTOWERT.TTF', 'HTOWERTI.TTF', 'hvgafix.fon', 'hvgasys.fon', 'impact.ttf', 'IMPRISHA.TTF', 'INFROMAN.TTF', 'Inkfree.ttf', 'iqiyi_logov7.ttf', 'ITCBLKAD.TTF', 'ITCEDSCR.TTF', 'ITCKRIST.TTF', 'j8514fix.fon', 'j8514oem.fon', 'j8514sys.fon', 'javatext.ttf', 'JOKERMAN.TTF', 'jsmalle.fon', 'jsmallf.fon', 'JUICE___.TTF', 'jvgafix.fon', 'jvgasys.fon', 'KUNSTLER.TTF', 'LATINWD.TTF', 'LBRITE.TTF', 'LBRITED.TTF', 'LBRITEDI.TTF', 'LBRITEI.TTF', 'LCALLIG.TTF', 'LeelaUIb.ttf', 'LeelawUI.ttf', 'LeelUIsl.ttf', 'LFAX.TTF', 'LFAXD.TTF', 'LFAXDI.TTF', 'LFAXI.TTF', 'LHANDW.TTF', 'LSANS.TTF', 'LSANSD.TTF', 'LSANSDI.TTF', 'LSANSI.TTF', 'LTYPE.TTF', 'LTYPEB.TTF', 'LTYPEBO.TTF', 'LTYPEO.TTF', 'lucon.ttf', 'l_10646.ttf', 'MAGNETOB.TTF', 'MAIAN.TTF', 'malgun.ttf', 'malgunbd.ttf', 'malgunsl.ttf', 'marlett.ttf', 'MATURASC.TTF', 'micross.ttf', 'mingliub.ttc', 'MISTRAL.TTF', 'mmrtext.ttf', 'mmrtextb.ttf', 'MOD20.TTF', 'modern.fon', 'monbaiti.ttf', 'msgothic.ttc', 'msjh.ttc', 'msjhbd.ttc', 'msjhl.ttc', 'msyh.ttc', 'msyhbd.ttc', 'msyhl.ttc', 'msyi.ttf', 'MTCORSVA.TTF', 'MTEXTRA.TTF', 'mvboli.ttf', 'NIAGENG.TTF', 'NIAGSOL.TTF', 'Nirmala.ttf', 'NirmalaB.ttf', 'NirmalaS.ttf', 'ntailu.ttf', 'ntailub.ttf', 'NumberOnly.ttf', 'OCRAEXT.TTF', 'OLDENGL.TTF', 'ONYX.TTF', 'OUTLOOK.TTF', 'pala.ttf', 'palab.ttf', 'palabi.ttf', 'palai.ttf', 'PALSCRI.TTF', 'PAPYRUS.TTF', 'PARCHM.TTF', 'PERBI___.TTF', 'PERB____.TTF', 'PERI____.TTF', 'PERTIBD.TTF', 'PERTILI.TTF', 'PER_____.TTF', 'phagspa.ttf', 'phagspab.ttf', 'PLAYBILL.TTF', 'POORICH.TTF', 'PRISTINA.TTF', 'RAGE.TTF', 'RAVIE.TTF', 'REFSAN.TTF', 'REFSPCL.TTF', 'ROCCB___.TTF', 'ROCC____.TTF', 'ROCK.TTF', 'ROCKB.TTF', 'ROCKBI.TTF', 'ROCKEB.TTF', 'ROCKI.TTF', 'roman.fon', 's8514fix.fon', 's8514oem.fon', 's8514sys.fon', 'SCHLBKB.TTF', 'SCHLBKBI.TTF', 'SCHLBKI.TTF', 'script.fon', 'SCRIPTBL.TTF', 'segmdl2.ttf', 'SegoeIcons.ttf', 'segoepr.ttf', 'segoeprb.ttf', 'segoesc.ttf', 'segoescb.ttf', 'segoeui.ttf', 'segoeuib.ttf', 'segoeuii.ttf', 'segoeuil.ttf', 'segoeuisl.ttf', 'segoeuiz.ttf', 'seguibl.ttf', 'seguibli.ttf', 'seguiemj.ttf', 'seguihis.ttf', 'seguili.ttf', 'seguisb.ttf', 'seguisbi.ttf', 'seguisli.ttf', 'seguisym.ttf', 'SegUIVar.ttf', 'sere1255.fon', 'sere1256.fon', 'sere1257.fon', 'serf1255.fon', 'serf1256.fon', 'serf1257.fon', 'serife.fon', 'serifee.fon', 'serifeg.fon', 'serifer.fon', 'serifet.fon', 'seriff.fon', 'seriffe.fon', 'seriffg.fon', 'seriffr.fon', 'serifft.fon', 'SHOWG.TTF', 'simfang.ttf', 'simhei.ttf', 'simkai.ttf', 'SIMLI.TTF', 'simsun.ttc', 'simsunb.ttf', 'SIMYOU.TTF', 'SitkaVF-Italic.ttf', 'SitkaVF.ttf', 'smae1255.fon', 'smae1256.fon', 'smae1257.fon', 'smaf1255.fon', 'smaf1256.fon', 'smaf1257.fon', 'smalle.fon', 'smallee.fon', 'smalleg.fon', 'smaller.fon', 'smallet.fon', 'smallf.fon', 'smallfe.fon', 'smallfg.fon', 'smallfr.fon', 'smallft.fon', 'SNAP____.TTF', 'ssee1255.fon', 'ssee1256.fon', 'ssee1257.fon', 'ssee874.fon', 'ssef1255.fon', 'ssef1256.fon', 'ssef1257.fon', 'ssef874.fon', 'sserife.fon', 'sserifee.fon', 'sserifeg.fon', 'sserifer.fon', 'sserifet.fon', 'sseriff.fon', 'sseriffe.fon', 'sseriffg.fon', 'sseriffr.fon', 'sserifft.fon', 'StaticCache.dat', 'STCAIYUN.TTF', 'STENCIL.TTF', 'STFANGSO.TTF', 'STHUPO.TTF', 'STKAITI.TTF', 'STLITI.TTF', 'STSONG.TTF', 'STXIHEI.TTF', 'STXINGKA.TTF', 'STXINWEI.TTF', 'STZHONGS.TTF', 'svgafix.fon', 'svgasys.fon', 'sylfaen.ttf', 'symbol.ttf', 'tahoma.ttf', 'tahomabd.ttf', 'taile.ttf', 'taileb.ttf', 'TCBI____.TTF', 'TCB_____.TTF', 'TCCB____.TTF', 'TCCEB.TTF', 'TCCM____.TTF', 'TCMI____.TTF', 'TCM_____.TTF', 'TEMPSITC.TTF', 'times.ttf', 'timesbd.ttf', 'timesbi.ttf', 'timesi.ttf', 'trebuc.ttf', 'trebucbd.ttf', 'trebucbi.ttf', 'trebucit.ttf', 'verdana.ttf', 'verdanab.ttf', 'verdanai.ttf', 'verdanaz.ttf', 'vga737.fon', 'vga775.fon', 'vga850.fon', 'vga852.fon', 'vga855.fon', 'vga857.fon', 'vga860.fon', 'vga861.fon', 'vga863.fon', 'vga865.fon', 'vga866.fon', 'vga869.fon', 'vga932.fon', 'vga936.fon', 'vga949.fon', 'vga950.fon', 'vgaf1255.fon', 'vgaf1256.fon', 'vgaf1257.fon', 'vgaf874.fon', 'vgafix.fon', 'vgafixe.fon', 'vgafixg.fon', 'vgafixr.fon', 'vgafixt.fon', 'vgaoem.fon', 'vgas1255.fon', 'vgas1256.fon', 'vgas1257.fon', 'vgas874.fon', 'vgasys.fon', 'vgasyse.fon', 'vgasysg.fon', 'vgasysr.fon', 'vgasyst.fon', 'VINERITC.TTF', 'VIVALDII.TTF', 'VLADIMIR.TTF', 'webdings.ttf', 'wingding.ttf', 'WINGDNG2.TTF', 'WINGDNG3.TTF', 'YuGothB.ttc', 'YuGothL.ttc', 'YuGothM.ttc', 'YuGothR.ttc', '\u534e\u5eb7\u65b9\u5706\u4f53W7.TTC', '\u65b9\u6b63\u7c97\u9ed1\u5b8b\u7b80\u4f53.ttf']
2023-09-27 15:09:16,422 - INFO - all fonts installed:['8514fix.fon', '8514fixe.fon', '8514fixg.fon', '8514fixr.fon', '8514fixt.fon', '8514oem.fon', '8514oeme.fon', '8514oemg.fon', '8514oemr.fon', '8514oemt.fon', '8514sys.fon', '8514syse.fon', '8514sysg.fon', '8514sysr.fon', '8514syst.fon', '85775.fon', '85855.fon', '85f1255.fon', '85f1256.fon', '85f1257.fon', '85f874.fon', '85s1255.fon', '85s1256.fon', '85s1257.fon', '85s874.fon', 'AGENCYB.TTF', 'AGENCYR.TTF', 'ALGER.TTF', 'ANTQUAB.TTF', 'ANTQUABI.TTF', 'ANTQUAI.TTF', 'app775.fon', 'app850.fon', 'app852.fon', 'app855.fon', 'app857.fon', 'app866.fon', 'app932.fon', 'app936.fon', 'app949.fon', 'app950.fon', 'arial.ttf', 'arialbd.ttf', 'arialbi.ttf', 'ariali.ttf', 'ARIALN.TTF', 'ARIALNB.TTF', 'ARIALNBI.TTF', 'ARIALNI.TTF', 'ariblk.ttf', 'ARLRDBD.TTF', 'AxureHandwriting-Bold.otf', 'AxureHandwriting-BoldItalic.otf', 'AxureHandwriting-Italic.otf', 'AxureHandwriting.otf', 'bahnschrift.ttf', 'BASKVILL.TTF', 'BAUHS93.TTF', 'BELL.TTF', 'BELLB.TTF', 'BELLI.TTF', 'BERNHC.TTF', 'BKANT.TTF', 'BOD_B.TTF', 'BOD_BI.TTF', 'BOD_BLAI.TTF', 'BOD_BLAR.TTF', 'BOD_CB.TTF', 'BOD_CBI.TTF', 'BOD_CI.TTF', 'BOD_CR.TTF', 'BOD_I.TTF', 'BOD_PSTC.TTF', 'BOD_R.TTF', 'BOOKOS.TTF', 'BOOKOSB.TTF', 'BOOKOSBI.TTF', 'BOOKOSI.TTF', 'BRADHITC.TTF', 'BRITANIC.TTF', 'BRLNSB.TTF', 'BRLNSDB.TTF', 'BRLNSR.TTF', 'BROADW.TTF', 'BRUSHSCI.TTF', 'BSSYM7.TTF', 'c8514fix.fon', 'c8514oem.fon', 'c8514sys.fon', 'calibri.ttf', 'calibrib.ttf', 'calibrii.ttf', 'calibril.ttf', 'calibrili.ttf', 'calibriz.ttf', 'CALIFB.TTF', 'CALIFI.TTF', 'CALIFR.TTF', 'CALIST.TTF', 'CALISTB.TTF', 'CALISTBI.TTF', 'CALISTI.TTF', 'cambria.ttc', 'cambriab.ttf', 'cambriai.ttf', 'cambriaz.ttf', 'Candara.ttf', 'Candarab.ttf', 'Candarai.ttf', 'Candaral.ttf', 'Candarali.ttf', 'Candaraz.ttf', 'CascadiaCode.ttf', 'CascadiaMono.ttf', 'CASTELAR.TTF', 'CENSCBK.TTF', 'CENTAUR.TTF', 'CENTURY.TTF', 'cga40737.fon', 'cga40850.fon', 'cga40852.fon', 'cga40857.fon', 'cga40866.fon', 'cga40869.fon', 'cga40woa.fon', 'cga80737.fon', 'cga80850.fon', 'cga80852.fon', 'cga80857.fon', 'cga80866.fon', 'cga80869.fon', 'cga80woa.fon', 'CHILLER.TTF', 'COLONNA.TTF', 'comic.ttf', 'comicbd.ttf', 'comici.ttf', 'comicz.ttf', 'consola.ttf', 'consolab.ttf', 'consolai.ttf', 'consolaz.ttf', 'constan.ttf', 'constanb.ttf', 'constani.ttf', 'constanz.ttf', 'COOPBL.TTF', 'COPRGTB.TTF', 'COPRGTL.TTF', 'corbel.ttf', 'corbelb.ttf', 'corbeli.ttf', 'corbell.ttf', 'corbelli.ttf', 'corbelz.ttf', 'coue1255.fon', 'coue1256.fon', 'coue1257.fon', 'couf1255.fon', 'couf1256.fon', 'couf1257.fon', 'cour.ttf', 'courbd.ttf', 'courbi.ttf', 'coure.fon', 'couree.fon', 'coureg.fon', 'courer.fon', 'couret.fon', 'courf.fon', 'courfe.fon', 'courfg.fon', 'courfr.fon', 'courft.fon', 'couri.ttf', 'CURLZ___.TTF', 'cvgafix.fon', 'cvgasys.fon', 'Deng.ttf', 'Dengb.ttf', 'Dengl.ttf', 'desktop.ini', 'dos737.fon', 'dos869.fon', 'dosapp.fon', 'DUBAI-BOLD.TTF', 'DUBAI-LIGHT.TTF', 'DUBAI-MEDIUM.TTF', 'DUBAI-REGULAR.TTF', 'ebrima.ttf', 'ebrimabd.ttf', 'ega40737.fon', 'ega40850.fon', 'ega40852.fon', 'ega40857.fon', 'ega40866.fon', 'ega40869.fon', 'ega40woa.fon', 'ega80737.fon', 'ega80850.fon', 'ega80852.fon', 'ega80857.fon', 'ega80866.fon', 'ega80869.fon', 'ega80woa.fon', 'ELEPHNT.TTF', 'ELEPHNTI.TTF', 'ENGR.TTF', 'ERASBD.TTF', 'ERASDEMI.TTF', 'ERASLGHT.TTF', 'ERASMD.TTF', 'FELIXTI.TTF', 'fms_metadata.xml', 'FORTE.TTF', 'FRABK.TTF', 'FRABKIT.TTF', 'FRADM.TTF', 'FRADMCN.TTF', 'FRADMIT.TTF', 'FRAHV.TTF', 'FRAHVIT.TTF', 'framd.ttf', 'FRAMDCN.TTF', 'framdit.ttf', 'FREESCPT.TTF', 'FRSCRIPT.TTF', 'FTLTLT.TTF', 'FZSTK.TTF', 'FZYTK.TTF', 'Gabriola.ttf', 'gadugi.ttf', 'gadugib.ttf', 'GARA.TTF', 'GARABD.TTF', 'GARAIT.TTF', 'georgia.ttf', 'georgiab.ttf', 'georgiai.ttf', 'georgiaz.ttf', 'GIGI.TTF', 'GILBI___.TTF', 'GILB____.TTF', 'GILC____.TTF', 'GILI____.TTF', 'GILLUBCD.TTF', 'GILSANUB.TTF', 'GIL_____.TTF', 'GLECB.TTF', 'GlobalMonospace.CompositeFont', 'GlobalSansSerif.CompositeFont', 'GlobalSerif.CompositeFont', 'GlobalUserInterface.CompositeFont', 'GLSNECB.TTF', 'GOTHIC.TTF', 'GOTHICB.TTF', 'GOTHICBI.TTF', 'GOTHICI.TTF', 'GOUDOS.TTF', 'GOUDOSB.TTF', 'GOUDOSI.TTF', 'GOUDYSTO.TTF', 'h8514fix.fon', 'h8514oem.fon', 'h8514sys.fon', 'HARLOWSI.TTF', 'HARNGTON.TTF', 'HATTEN.TTF', 'HGB1X_CNKI.ttf', 'HGB1_CNKI.ttf', 'HGB2X_CNKI.ttf', 'HGB2_CNKI.ttf', 'HGB3X_CNKI.ttf', 'HGB3_CNKI.ttf', 'HGB4X_CNKI.ttf', 'HGB4_CNKI.ttf', 'HGB5X_CNKI.ttf', 'HGB5_CNKI.ttf', 'HGB6X_CNKI.ttf', 'HGB6_CNKI.ttf', 'HGB7X_CNKI.ttf', 'HGB7_CNKI.ttf', 'HGB8X_CNKI.ttf', 'HGB8_CNKI.ttf', 'HGBD_CNKI.ttf', 'HGBKBX_CNKI.ttf', 'HGBKB_CNKI.ttf', 'HGBKHX_CNKI.ttf', 'HGBKH_CNKI.ttf', 'HGBS1_CNKI.TTF', 'HGBS2_CNKI.TTF', 'HGBS_CNKI.TTF', 'HGBTH_CNKI.TTF', 'HGBTS_CNKI.TTF', 'HGBX_CNKI.ttf', 'HGBZ_CNKI.ttf', 'HGCH_CNKI.TTF', 'HGCUH_CNKI.TTF', 'HGCY_CNKI.TTF', 'HGDBS_CNKI.TTF', 'HGDGY_CNKI.TTF', 'HGDH2_CNKI.TTF', 'HGDH_CNKI.TTF', 'HGDYS_CNKI.TTF', 'HGDY_CNKI.ttf', 'HGF1X_CNKI.ttf', 'HGF1_CNKI.ttf', 'HGF2X_CNKI.ttf', 'HGF2_CNKI.ttf', 'HGF3_CNKI.ttf', 'HGF4X_CNKI.ttf', 'HGF4_CNKI.ttf', 'HGF5X_CNKI.ttf', 'HGF5_CNKI.ttf', 'HGF6X_CNKI.ttf', 'HGF6_CNKI.ttf', 'HGF7X_CNKI.ttf', 'HGF7_CNKI.ttf', 'HGF8_CNKI.ttf', 'HGF9X_CNKI.ttf', 'HGF9_CNKI.ttf', 'HGFS1_CNKI.TTF', 'HGFS2_CNKI.TTF', 'HGFSH_CNKI.TTF', 'HGFS_CNKI.TTF', 'HGFX_CNKI.ttf', 'HGFZ_CNKI.ttf', 'HGGG_CNKI.TTF', 'HGH1X_CNKI.ttf', 'HGH1_CNKI.ttf', 'HGH2X_CNKI.ttf', 'HGH2_CNKI.ttf', 'HGH3X_CNKI.ttf', 'HGH3_CNKI.ttf', 'HGH4X_CNKI.ttf', 'HGH4_CNKI.ttf', 'HGH5X_CNKI.ttf', 'HGH5_CNKI.ttf', 'HGH6X_CNKI.ttf', 'HGH6_CNKI.ttf', 'HGH7X_CNKI.ttf', 'HGH7_CNKI.ttf', 'HGHB_CNKI.TTF', 'HGHD_CNKI.ttf', 'HGHP_CNKI.TTF', 'HGHT1_CNKI.ttf', 'HGHT2_CNKI.ttf', 'HGHUATI_CNKI.ttf', 'HGHX_CNKI.ttf', 'HGHZ_CNKI.ttf', 'HGH_CNKI.TTF', 'HGKT1_CNKI.TTF', 'HGKT2_CNKI.TTF', 'HGKT_CNKI.TTF', 'HGKY_CNKI.ttf', 'HGLB_CNKI.TTF', 'HGLS_CNKI.TTF', 'HGMH_CNKI.TTF', 'HGNBS_CNKI.ttf', 'HGOCR_CNKI.ttf', 'HGPH_CNKI.TTF', 'HGPTY_CNKI.TTF', 'HGSS1_CNKI.TTF', 'HGSS2_CNKI.TTF', 'HGSS_CNKI.TTF', 'HGSXT_CNKI.ttf', 'HGTT_CNKI.ttf', 'HGTX_CNKI.TTF', 'HGWT_CNKI.TTF', 'HGWYS_CNKI.TTF', 'HGX1X_CNKI.ttf', 'HGX1_CNKI.ttf', 'HGXBS_CNKI.TTF', 'HGXC_CNKI.TTF', 'HGXF1_CNKI.ttf', 'HGXFX_CNKI.ttf', 'HGXFZ_CNKI.ttf', 'HGXH1_CNKI.TTF', 'HGXH_CNKI.TTF', 'HGXK_CNKI.TTF', 'HGXL_CNKI.TTF', 'HGXS_CNKI.TTF', 'HGXT_CNKI.ttf', 'HGXY_CNKI.ttf', 'HGY1_CNKI.TTF', 'HGY2_CNKI.TTF', 'HGY3_CNKI.TTF', 'HGY4_CNKI.TTF', 'HGYB_CNKI.ttf', 'HGYT1_CNKI.ttf', 'HGYT2_CNKI.ttf', 'HGYT_CNKI.TTF', 'HGYX_CNKI.TTF', 'HGZCS_CNKI.TTF', 'HGZDX_CNKI.TTF', 'HGZK_CNKI.TTF', 'HGZYT_CNKI.TTF', 'HGZY_CNKI.TTF', 'himalaya.ttf', 'holomdl2.ttf', 'HTOWERT.TTF', 'HTOWERTI.TTF', 'hvgafix.fon', 'hvgasys.fon', 'impact.ttf', 'IMPRISHA.TTF', 'INFROMAN.TTF', 'Inkfree.ttf', 'iqiyi_logov7.ttf', 'ITCBLKAD.TTF', 'ITCEDSCR.TTF', 'ITCKRIST.TTF', 'j8514fix.fon', 'j8514oem.fon', 'j8514sys.fon', 'javatext.ttf', 'JOKERMAN.TTF', 'jsmalle.fon', 'jsmallf.fon', 'JUICE___.TTF', 'jvgafix.fon', 'jvgasys.fon', 'KUNSTLER.TTF', 'LATINWD.TTF', 'LBRITE.TTF', 'LBRITED.TTF', 'LBRITEDI.TTF', 'LBRITEI.TTF', 'LCALLIG.TTF', 'LeelaUIb.ttf', 'LeelawUI.ttf', 'LeelUIsl.ttf', 'LFAX.TTF', 'LFAXD.TTF', 'LFAXDI.TTF', 'LFAXI.TTF', 'LHANDW.TTF', 'LSANS.TTF', 'LSANSD.TTF', 'LSANSDI.TTF', 'LSANSI.TTF', 'LTYPE.TTF', 'LTYPEB.TTF', 'LTYPEBO.TTF', 'LTYPEO.TTF', 'lucon.ttf', 'l_10646.ttf', 'MAGNETOB.TTF', 'MAIAN.TTF', 'malgun.ttf', 'malgunbd.ttf', 'malgunsl.ttf', 'marlett.ttf', 'MATURASC.TTF', 'micross.ttf', 'mingliub.ttc', 'MISTRAL.TTF', 'mmrtext.ttf', 'mmrtextb.ttf', 'MOD20.TTF', 'modern.fon', 'monbaiti.ttf', 'msgothic.ttc', 'msjh.ttc', 'msjhbd.ttc', 'msjhl.ttc', 'msyh.ttc', 'msyhbd.ttc', 'msyhl.ttc', 'msyi.ttf', 'MTCORSVA.TTF', 'MTEXTRA.TTF', 'mvboli.ttf', 'NIAGENG.TTF', 'NIAGSOL.TTF', 'Nirmala.ttf', 'NirmalaB.ttf', 'NirmalaS.ttf', 'ntailu.ttf', 'ntailub.ttf', 'NumberOnly.ttf', 'OCRAEXT.TTF', 'OLDENGL.TTF', 'ONYX.TTF', 'OUTLOOK.TTF', 'pala.ttf', 'palab.ttf', 'palabi.ttf', 'palai.ttf', 'PALSCRI.TTF', 'PAPYRUS.TTF', 'PARCHM.TTF', 'PERBI___.TTF', 'PERB____.TTF', 'PERI____.TTF', 'PERTIBD.TTF', 'PERTILI.TTF', 'PER_____.TTF', 'phagspa.ttf', 'phagspab.ttf', 'PLAYBILL.TTF', 'POORICH.TTF', 'PRISTINA.TTF', 'RAGE.TTF', 'RAVIE.TTF', 'REFSAN.TTF', 'REFSPCL.TTF', 'ROCCB___.TTF', 'ROCC____.TTF', 'ROCK.TTF', 'ROCKB.TTF', 'ROCKBI.TTF', 'ROCKEB.TTF', 'ROCKI.TTF', 'roman.fon', 's8514fix.fon', 's8514oem.fon', 's8514sys.fon', 'SCHLBKB.TTF', 'SCHLBKBI.TTF', 'SCHLBKI.TTF', 'script.fon', 'SCRIPTBL.TTF', 'segmdl2.ttf', 'SegoeIcons.ttf', 'segoepr.ttf', 'segoeprb.ttf', 'segoesc.ttf', 'segoescb.ttf', 'segoeui.ttf', 'segoeuib.ttf', 'segoeuii.ttf', 'segoeuil.ttf', 'segoeuisl.ttf', 'segoeuiz.ttf', 'seguibl.ttf', 'seguibli.ttf', 'seguiemj.ttf', 'seguihis.ttf', 'seguili.ttf', 'seguisb.ttf', 'seguisbi.ttf', 'seguisli.ttf', 'seguisym.ttf', 'SegUIVar.ttf', 'sere1255.fon', 'sere1256.fon', 'sere1257.fon', 'serf1255.fon', 'serf1256.fon', 'serf1257.fon', 'serife.fon', 'serifee.fon', 'serifeg.fon', 'serifer.fon', 'serifet.fon', 'seriff.fon', 'seriffe.fon', 'seriffg.fon', 'seriffr.fon', 'serifft.fon', 'SHOWG.TTF', 'simfang.ttf', 'simhei.ttf', 'simkai.ttf', 'SIMLI.TTF', 'simsun.ttc', 'simsunb.ttf', 'SIMYOU.TTF', 'SitkaVF-Italic.ttf', 'SitkaVF.ttf', 'smae1255.fon', 'smae1256.fon', 'smae1257.fon', 'smaf1255.fon', 'smaf1256.fon', 'smaf1257.fon', 'smalle.fon', 'smallee.fon', 'smalleg.fon', 'smaller.fon', 'smallet.fon', 'smallf.fon', 'smallfe.fon', 'smallfg.fon', 'smallfr.fon', 'smallft.fon', 'SNAP____.TTF', 'ssee1255.fon', 'ssee1256.fon', 'ssee1257.fon', 'ssee874.fon', 'ssef1255.fon', 'ssef1256.fon', 'ssef1257.fon', 'ssef874.fon', 'sserife.fon', 'sserifee.fon', 'sserifeg.fon', 'sserifer.fon', 'sserifet.fon', 'sseriff.fon', 'sseriffe.fon', 'sseriffg.fon', 'sseriffr.fon', 'sserifft.fon', 'StaticCache.dat', 'STCAIYUN.TTF', 'STENCIL.TTF', 'STFANGSO.TTF', 'STHUPO.TTF', 'STKAITI.TTF', 'STLITI.TTF', 'STSONG.TTF', 'STXIHEI.TTF', 'STXINGKA.TTF', 'STXINWEI.TTF', 'STZHONGS.TTF', 'svgafix.fon', 'svgasys.fon', 'sylfaen.ttf', 'symbol.ttf', 'tahoma.ttf', 'tahomabd.ttf', 'taile.ttf', 'taileb.ttf', 'TCBI____.TTF', 'TCB_____.TTF', 'TCCB____.TTF', 'TCCEB.TTF', 'TCCM____.TTF', 'TCMI____.TTF', 'TCM_____.TTF', 'TEMPSITC.TTF', 'times.ttf', 'timesbd.ttf', 'timesbi.ttf', 'timesi.ttf', 'trebuc.ttf', 'trebucbd.ttf', 'trebucbi.ttf', 'trebucit.ttf', 'verdana.ttf', 'verdanab.ttf', 'verdanai.ttf', 'verdanaz.ttf', 'vga737.fon', 'vga775.fon', 'vga850.fon', 'vga852.fon', 'vga855.fon', 'vga857.fon', 'vga860.fon', 'vga861.fon', 'vga863.fon', 'vga865.fon', 'vga866.fon', 'vga869.fon', 'vga932.fon', 'vga936.fon', 'vga949.fon', 'vga950.fon', 'vgaf1255.fon', 'vgaf1256.fon', 'vgaf1257.fon', 'vgaf874.fon', 'vgafix.fon', 'vgafixe.fon', 'vgafixg.fon', 'vgafixr.fon', 'vgafixt.fon', 'vgaoem.fon', 'vgas1255.fon', 'vgas1256.fon', 'vgas1257.fon', 'vgas874.fon', 'vgasys.fon', 'vgasyse.fon', 'vgasysg.fon', 'vgasysr.fon', 'vgasyst.fon', 'VINERITC.TTF', 'VIVALDII.TTF', 'VLADIMIR.TTF', 'webdings.ttf', 'wingding.ttf', 'WINGDNG2.TTF', 'WINGDNG3.TTF', 'YuGothB.ttc', 'YuGothL.ttc', 'YuGothM.ttc', 'YuGothR.ttc', '\u534e\u5eb7\u65b9\u5706\u4f53W7.TTC', '\u65b9\u6b63\u7c97\u9ed1\u5b8b\u7b80\u4f53.ttf']
2023-09-27 15:11:12,893 - INFO - start to load thumbnail gen setting json from::D:/Download/audio-visual/saas/tiktoka/tiktoka-studio-uploader-genius/tests/videos/horizon/template (9).json
2023-09-27 15:11:12,894 - INFO - start to validate template
2023-09-27 15:11:12,897 - INFO - validate thumbnail gen template passed
2023-09-27 15:11:12,897 - INFO - start to validate metadata for thumbgen setting
2023-09-27 15:11:12,906 - INFO - start to check ['heading', 'subheading', 'extraheading'] defined in template
2023-09-27 15:11:12,907 - INFO - heading value is \u6c34\u6c34\u6c34\u6c34\u6c34\u6c34\u6c34\u6c34\u8428\u5927\u58f0\u7684 in entry 1.
2023-09-27 15:11:12,907 - INFO - subheading value is \u60fa\u60fa\u60dc\u60fa\u60fa\u60fa\u60fa\u76f8\u60dc\u7b11\u563b\u563b\u7b11\u563b\u563b in entry 1.
2023-09-27 15:11:12,907 - ERROR - extraheading value is empty in entry 1.
2023-09-27 15:11:12,907 - ERROR - validate metadata for thumbgen setting failed
2023-09-27 15:11:12,907 - INFO - start to validate bg folder
2023-09-27 15:11:12,907 - INFO - bg folder image list :['D:/Download/audio-visual/saas/tiktoka/tiktoka-studio-uploader-genius/assets/bgs/1920x1080\\bg1.jpg', 'D:/Download/audio-visual/saas/tiktoka/tiktoka-studio-uploader-genius/assets/bgs/1920x1080\\bg2.jpg']
2023-09-27 15:11:12,908 - INFO - {'video_local_path': 'D:/Download/audio-visual/saas/tiktoka/tiktoka-studio-uploader-genius/tests/videos/horizon\\OP.mp4', 'video_filename': 'OP.mp4', 'video_title': 'OP', 'heading': '', 'subheading': '', 'extraheading': '', 'video_description': '', 'thumbnail_bg_image_path': 'D:/Download/audio-visual/saas/tiktoka/tiktoka-studio-uploader-genius/assets/bgs/1920x1080\\bg2.jpg', 'thumbnail_local_path': ['D:/Download/audio-visual/saas/tiktoka/tiktoka-studio-uploader-genius/tests/videos/horizon\\OP.png'], 'release_date': '', 'release_date_hour': '10:15', 'is_not_for_kid': True, 'categories': '', 'comments_ratings_policy': 1, 'is_age_restriction': False, 'is_paid_promotion': False, 'is_automatic_chapters': True, 'is_featured_place': True, 'video_language': '', 'captions_certification': 0, 'video_film_date': '', 'video_film_location': '', 'license_type': 0, 'is_allow_embedding': True, 'is_publish_to_subscriptions_feed_notify': True, 'shorts_remixing_type': 0, 'is_show_howmany_likes': True, 'is_monetization_allowed': True, 'first_comment': '', 'subtitles': '', 'tags': ''} has got thumbnail setup:['D:/Download/audio-visual/saas/tiktoka/tiktoka-studio-uploader-genius/tests/videos/horizon\\OP.png']
2023-09-27 15:11:12,908 - INFO - validate bg folder passed
2023-09-27 15:11:54,791 - INFO - start to load thumbnail gen setting json from::D:/Download/audio-visual/saas/tiktoka/tiktoka-studio-uploader-genius/tests/videos/horizon/template (9).json
2023-09-27 15:11:54,792 - INFO - start to validate template
2023-09-27 15:11:54,796 - INFO - validate thumbnail gen template passed
2023-09-27 15:11:54,796 - INFO - start to validate metadata for thumbgen setting
2023-09-27 15:11:54,805 - INFO - start to check ['heading', 'subheading', 'extraheading'] defined in template
2023-09-27 15:11:54,806 - INFO - heading value is \u6c34\u6c34\u6c34\u6c34\u6c34\u6c34\u6c34\u6c34\u8428\u5927\u58f0\u7684 in entry 1.
2023-09-27 15:11:54,806 - INFO - subheading value is \u60fa\u60fa\u60dc\u60fa\u60fa\u60fa\u60fa\u76f8\u60dc\u7b11\u563b\u563b\u7b11\u563b\u563b in entry 1.
2023-09-27 15:11:54,806 - INFO - extraheading value is \u6b7b\u6b7b\u6b7b\u6b7b\u6b7b\u6b7b\u6b7b\u641c\u7d22 in entry 1.
2023-09-27 15:11:54,806 - INFO - validate metadata for thumbgen setting passed
2023-09-27 15:11:54,807 - INFO - start to update user submited metafile to video assets
2023-09-27 15:11:54,807 - WARNING - You are running on win32, potentially without locks. Consider setting shared_lock=True
2023-09-27 15:11:54,808 - INFO - update user submited metafile to video assets passed
2023-09-27 15:11:54,808 - INFO - start to validate bg folder
2023-09-27 15:11:54,808 - INFO - bg folder image list :['D:/Download/audio-visual/saas/tiktoka/tiktoka-studio-uploader-genius/assets/bgs/1920x1080\\bg1.jpg', 'D:/Download/audio-visual/saas/tiktoka/tiktoka-studio-uploader-genius/assets/bgs/1920x1080\\bg2.jpg']
2023-09-27 15:13:14,001 - INFO - detecting----------True
2023-09-27 15:13:14,002 - INFO - we cached 269263493000 seconds before for  this folder D:/Download/audio-visual/saas/tiktoka/tiktoka-studio-uploader-genius/tests/videos/horizon
2023-09-27 15:13:14,003 - INFO - we found same filename diff ext video:OP,please rename or remove
2023-09-27 15:14:10,203 - INFO - start to load thumbnail gen setting json from::D:/Download/audio-visual/saas/tiktoka/tiktoka-studio-uploader-genius/tests/videos/horizon/template (9).json
2023-09-27 15:14:10,204 - INFO - start to validate template
2023-09-27 15:14:10,207 - INFO - validate thumbnail gen template passed
2023-09-27 15:14:10,207 - INFO - start to validate metadata for thumbgen setting
2023-09-27 15:14:10,216 - INFO - start to check ['heading', 'subheading', 'extraheading'] defined in template
2023-09-27 15:14:10,216 - INFO - heading value is \u6c34\u6c34\u6c34\u6c34\u6c34\u6c34\u6c34\u6c34\u8428\u5927\u58f0\u7684 in entry 1.
2023-09-27 15:14:10,217 - INFO - subheading value is \u60fa\u60fa\u60dc\u60fa\u60fa\u60fa\u60fa\u76f8\u60dc\u7b11\u563b\u563b\u7b11\u563b\u563b in entry 1.
2023-09-27 15:14:10,217 - INFO - extraheading value is \u6b7b\u6b7b\u6b7b\u6b7b\u6b7b\u6b7b\u6b7b\u641c\u7d22 in entry 1.
2023-09-27 15:14:10,217 - INFO - validate metadata for thumbgen setting passed
2023-09-27 15:14:10,217 - INFO - start to update user submited metafile to video assets
2023-09-27 15:14:10,217 - WARNING - You are running on win32, potentially without locks. Consider setting shared_lock=True
2023-09-27 15:14:10,217 - INFO - update user submited metafile to video assets passed
2023-09-27 15:14:10,217 - INFO - start to validate bg folder
2023-09-27 15:14:10,218 - INFO - bg folder image list :['D:/Download/audio-visual/saas/tiktoka/tiktoka-studio-uploader-genius/assets/bgs/1920x1080\\bg1.jpg', 'D:/Download/audio-visual/saas/tiktoka/tiktoka-studio-uploader-genius/assets/bgs/1920x1080\\bg2.jpg']
2023-09-27 15:14:32,214 - DEBUG - Installation path is:D:\Download\audio-visual\saas\tiktoka\tiktoka-studio-uploader-genius
2023-09-27 15:14:32,214 - INFO - TiktokaStudio GUI started
2023-09-27 15:14:32,261 - DEBUG - Installation path is:D:\Download\audio-visual\saas\tiktoka\tiktoka-studio-uploader-genius
2023-09-27 15:14:32,261 - INFO - TiktokaStudio GUI started
2023-09-27 15:15:07,286 - INFO - detecting----------False
2023-09-27 15:15:07,286 - INFO - create cached data for this folder:
D:/Download/audio-visual/saas/tiktoka/tiktoka-studio-uploader-genius/tests/videos/horizon
2023-09-27 15:15:07,293 - INFO - start to check thumbFilePaths for video: OP
2023-09-27 15:15:07,295 - INFO - create a fresh OP meta json
2023-09-27 15:15:07,296 - INFO - start to check desFilePaths for video: OP
2023-09-27 15:15:07,298 - INFO - update to OP meta json
2023-09-27 15:15:07,299 - INFO - start to check metaFilePaths for video: OP
2023-09-27 15:15:07,299 - INFO - this  metaFilePaths exist:
 D:/Download/audio-visual/saas/tiktoka/tiktoka-studio-uploader-genius/tests/videos/horizon\OP.json
2023-09-27 15:15:07,300 - INFO - intial metaFilePaths for OP:

2023-09-27 15:15:07,301 - INFO - update to OP meta json
2023-09-27 15:15:45,079 - INFO - start to load thumbnail gen setting json from::D:/Download/audio-visual/saas/tiktoka/tiktoka-studio-uploader-genius/tests/videos/horizon/template (9).json
2023-09-27 15:15:45,080 - INFO - start to validate template
2023-09-27 15:15:45,084 - INFO - validate thumbnail gen template passed
2023-09-27 15:15:45,084 - INFO - start to validate metadata for thumbgen setting
2023-09-27 15:15:45,096 - INFO - start to check ['heading', 'subheading', 'extraheading'] defined in template
2023-09-27 15:15:45,096 - INFO - heading value is \u6211\u7684\u7956\u56fd\u6211\u7231\u4f60 in entry OP.
2023-09-27 15:15:45,096 - INFO - subheading value is \u56fd\u5e86\u4f73\u8282\u5feb\u4e50 in entry OP.
2023-09-27 15:15:45,096 - INFO - extraheading value is 222222222222 in entry OP.
2023-09-27 15:15:45,096 - INFO - validate metadata for thumbgen setting passed
2023-09-27 15:15:45,096 - INFO - start to update user submited metafile to video assets
2023-09-27 15:15:45,096 - WARNING - You are running on win32, potentially without locks. Consider setting shared_lock=True
2023-09-27 15:15:45,097 - INFO - update user submited metafile to video assets passed
2023-09-27 15:15:45,097 - INFO - start to validate bg folder
2023-09-27 15:15:45,098 - INFO - bg folder image list :['D:/Download/audio-visual/saas/tiktoka/tiktoka-studio-uploader-genius/tests/videos/horizon/1920x1080\\bg1.jpg', 'D:/Download/audio-visual/saas/tiktoka/tiktoka-studio-uploader-genius/tests/videos/horizon/1920x1080\\bg2.jpg']
2023-09-27 15:15:45,098 - INFO - Random assign bg:D:/Download/audio-visual/saas/tiktoka/tiktoka-studio-uploader-genius/tests/videos/horizon/1920x1080\bg2.jpg to  video:OP
2023-09-27 15:15:45,098 - INFO - validate bg folder passed
2023-09-27 15:15:46,246 - INFO - start to load thumbnail gen setting json from::D:/Download/audio-visual/saas/tiktoka/tiktoka-studio-uploader-genius/tests/videos/horizon/template (9).json
2023-09-27 15:15:46,247 - INFO - start to validate template
2023-09-27 15:15:46,251 - INFO - validate thumbnail gen template passed
2023-09-27 15:15:46,252 - INFO - start to validate metadata for thumbgen setting
2023-09-27 15:15:46,262 - INFO - start to check ['heading', 'subheading', 'extraheading'] defined in template
2023-09-27 15:15:46,262 - INFO - heading value is \u6211\u7684\u7956\u56fd\u6211\u7231\u4f60 in entry OP.
2023-09-27 15:15:46,263 - INFO - subheading value is \u56fd\u5e86\u4f73\u8282\u5feb\u4e50 in entry OP.
2023-09-27 15:15:46,263 - INFO - extraheading value is 222222222222 in entry OP.
2023-09-27 15:15:46,263 - INFO - validate metadata for thumbgen setting passed
2023-09-27 15:15:46,263 - INFO - start to update user submited metafile to video assets
2023-09-27 15:15:46,264 - WARNING - You are running on win32, potentially without locks. Consider setting shared_lock=True
2023-09-27 15:15:46,264 - INFO - update user submited metafile to video assets passed
2023-09-27 15:15:46,264 - INFO - start to validate bg folder
2023-09-27 15:15:46,265 - INFO - bg folder image list :['D:/Download/audio-visual/saas/tiktoka/tiktoka-studio-uploader-genius/tests/videos/horizon/1920x1080\\bg1.jpg', 'D:/Download/audio-visual/saas/tiktoka/tiktoka-studio-uploader-genius/tests/videos/horizon/1920x1080\\bg2.jpg']
2023-09-27 15:15:46,265 - INFO - Random assign bg:D:/Download/audio-visual/saas/tiktoka/tiktoka-studio-uploader-genius/tests/videos/horizon/1920x1080\bg1.jpg to  video:OP
2023-09-27 15:15:46,265 - INFO - validate bg folder passed
2023-09-27 15:15:46,307 - INFO - all fonts installed:['8514fix.fon', '8514fixe.fon', '8514fixg.fon', '8514fixr.fon', '8514fixt.fon', '8514oem.fon', '8514oeme.fon', '8514oemg.fon', '8514oemr.fon', '8514oemt.fon', '8514sys.fon', '8514syse.fon', '8514sysg.fon', '8514sysr.fon', '8514syst.fon', '85775.fon', '85855.fon', '85f1255.fon', '85f1256.fon', '85f1257.fon', '85f874.fon', '85s1255.fon', '85s1256.fon', '85s1257.fon', '85s874.fon', 'AGENCYB.TTF', 'AGENCYR.TTF', 'ALGER.TTF', 'ANTQUAB.TTF', 'ANTQUABI.TTF', 'ANTQUAI.TTF', 'app775.fon', 'app850.fon', 'app852.fon', 'app855.fon', 'app857.fon', 'app866.fon', 'app932.fon', 'app936.fon', 'app949.fon', 'app950.fon', 'arial.ttf', 'arialbd.ttf', 'arialbi.ttf', 'ariali.ttf', 'ARIALN.TTF', 'ARIALNB.TTF', 'ARIALNBI.TTF', 'ARIALNI.TTF', 'ariblk.ttf', 'ARLRDBD.TTF', 'AxureHandwriting-Bold.otf', 'AxureHandwriting-BoldItalic.otf', 'AxureHandwriting-Italic.otf', 'AxureHandwriting.otf', 'bahnschrift.ttf', 'BASKVILL.TTF', 'BAUHS93.TTF', 'BELL.TTF', 'BELLB.TTF', 'BELLI.TTF', 'BERNHC.TTF', 'BKANT.TTF', 'BOD_B.TTF', 'BOD_BI.TTF', 'BOD_BLAI.TTF', 'BOD_BLAR.TTF', 'BOD_CB.TTF', 'BOD_CBI.TTF', 'BOD_CI.TTF', 'BOD_CR.TTF', 'BOD_I.TTF', 'BOD_PSTC.TTF', 'BOD_R.TTF', 'BOOKOS.TTF', 'BOOKOSB.TTF', 'BOOKOSBI.TTF', 'BOOKOSI.TTF', 'BRADHITC.TTF', 'BRITANIC.TTF', 'BRLNSB.TTF', 'BRLNSDB.TTF', 'BRLNSR.TTF', 'BROADW.TTF', 'BRUSHSCI.TTF', 'BSSYM7.TTF', 'c8514fix.fon', 'c8514oem.fon', 'c8514sys.fon', 'calibri.ttf', 'calibrib.ttf', 'calibrii.ttf', 'calibril.ttf', 'calibrili.ttf', 'calibriz.ttf', 'CALIFB.TTF', 'CALIFI.TTF', 'CALIFR.TTF', 'CALIST.TTF', 'CALISTB.TTF', 'CALISTBI.TTF', 'CALISTI.TTF', 'cambria.ttc', 'cambriab.ttf', 'cambriai.ttf', 'cambriaz.ttf', 'Candara.ttf', 'Candarab.ttf', 'Candarai.ttf', 'Candaral.ttf', 'Candarali.ttf', 'Candaraz.ttf', 'CascadiaCode.ttf', 'CascadiaMono.ttf', 'CASTELAR.TTF', 'CENSCBK.TTF', 'CENTAUR.TTF', 'CENTURY.TTF', 'cga40737.fon', 'cga40850.fon', 'cga40852.fon', 'cga40857.fon', 'cga40866.fon', 'cga40869.fon', 'cga40woa.fon', 'cga80737.fon', 'cga80850.fon', 'cga80852.fon', 'cga80857.fon', 'cga80866.fon', 'cga80869.fon', 'cga80woa.fon', 'CHILLER.TTF', 'COLONNA.TTF', 'comic.ttf', 'comicbd.ttf', 'comici.ttf', 'comicz.ttf', 'consola.ttf', 'consolab.ttf', 'consolai.ttf', 'consolaz.ttf', 'constan.ttf', 'constanb.ttf', 'constani.ttf', 'constanz.ttf', 'COOPBL.TTF', 'COPRGTB.TTF', 'COPRGTL.TTF', 'corbel.ttf', 'corbelb.ttf', 'corbeli.ttf', 'corbell.ttf', 'corbelli.ttf', 'corbelz.ttf', 'coue1255.fon', 'coue1256.fon', 'coue1257.fon', 'couf1255.fon', 'couf1256.fon', 'couf1257.fon', 'cour.ttf', 'courbd.ttf', 'courbi.ttf', 'coure.fon', 'couree.fon', 'coureg.fon', 'courer.fon', 'couret.fon', 'courf.fon', 'courfe.fon', 'courfg.fon', 'courfr.fon', 'courft.fon', 'couri.ttf', 'CURLZ___.TTF', 'cvgafix.fon', 'cvgasys.fon', 'Deng.ttf', 'Dengb.ttf', 'Dengl.ttf', 'desktop.ini', 'dos737.fon', 'dos869.fon', 'dosapp.fon', 'DUBAI-BOLD.TTF', 'DUBAI-LIGHT.TTF', 'DUBAI-MEDIUM.TTF', 'DUBAI-REGULAR.TTF', 'ebrima.ttf', 'ebrimabd.ttf', 'ega40737.fon', 'ega40850.fon', 'ega40852.fon', 'ega40857.fon', 'ega40866.fon', 'ega40869.fon', 'ega40woa.fon', 'ega80737.fon', 'ega80850.fon', 'ega80852.fon', 'ega80857.fon', 'ega80866.fon', 'ega80869.fon', 'ega80woa.fon', 'ELEPHNT.TTF', 'ELEPHNTI.TTF', 'ENGR.TTF', 'ERASBD.TTF', 'ERASDEMI.TTF', 'ERASLGHT.TTF', 'ERASMD.TTF', 'FELIXTI.TTF', 'fms_metadata.xml', 'FORTE.TTF', 'FRABK.TTF', 'FRABKIT.TTF', 'FRADM.TTF', 'FRADMCN.TTF', 'FRADMIT.TTF', 'FRAHV.TTF', 'FRAHVIT.TTF', 'framd.ttf', 'FRAMDCN.TTF', 'framdit.ttf', 'FREESCPT.TTF', 'FRSCRIPT.TTF', 'FTLTLT.TTF', 'FZSTK.TTF', 'FZYTK.TTF', 'Gabriola.ttf', 'gadugi.ttf', 'gadugib.ttf', 'GARA.TTF', 'GARABD.TTF', 'GARAIT.TTF', 'georgia.ttf', 'georgiab.ttf', 'georgiai.ttf', 'georgiaz.ttf', 'GIGI.TTF', 'GILBI___.TTF', 'GILB____.TTF', 'GILC____.TTF', 'GILI____.TTF', 'GILLUBCD.TTF', 'GILSANUB.TTF', 'GIL_____.TTF', 'GLECB.TTF', 'GlobalMonospace.CompositeFont', 'GlobalSansSerif.CompositeFont', 'GlobalSerif.CompositeFont', 'GlobalUserInterface.CompositeFont', 'GLSNECB.TTF', 'GOTHIC.TTF', 'GOTHICB.TTF', 'GOTHICBI.TTF', 'GOTHICI.TTF', 'GOUDOS.TTF', 'GOUDOSB.TTF', 'GOUDOSI.TTF', 'GOUDYSTO.TTF', 'h8514fix.fon', 'h8514oem.fon', 'h8514sys.fon', 'HARLOWSI.TTF', 'HARNGTON.TTF', 'HATTEN.TTF', 'HGB1X_CNKI.ttf', 'HGB1_CNKI.ttf', 'HGB2X_CNKI.ttf', 'HGB2_CNKI.ttf', 'HGB3X_CNKI.ttf', 'HGB3_CNKI.ttf', 'HGB4X_CNKI.ttf', 'HGB4_CNKI.ttf', 'HGB5X_CNKI.ttf', 'HGB5_CNKI.ttf', 'HGB6X_CNKI.ttf', 'HGB6_CNKI.ttf', 'HGB7X_CNKI.ttf', 'HGB7_CNKI.ttf', 'HGB8X_CNKI.ttf', 'HGB8_CNKI.ttf', 'HGBD_CNKI.ttf', 'HGBKBX_CNKI.ttf', 'HGBKB_CNKI.ttf', 'HGBKHX_CNKI.ttf', 'HGBKH_CNKI.ttf', 'HGBS1_CNKI.TTF', 'HGBS2_CNKI.TTF', 'HGBS_CNKI.TTF', 'HGBTH_CNKI.TTF', 'HGBTS_CNKI.TTF', 'HGBX_CNKI.ttf', 'HGBZ_CNKI.ttf', 'HGCH_CNKI.TTF', 'HGCUH_CNKI.TTF', 'HGCY_CNKI.TTF', 'HGDBS_CNKI.TTF', 'HGDGY_CNKI.TTF', 'HGDH2_CNKI.TTF', 'HGDH_CNKI.TTF', 'HGDYS_CNKI.TTF', 'HGDY_CNKI.ttf', 'HGF1X_CNKI.ttf', 'HGF1_CNKI.ttf', 'HGF2X_CNKI.ttf', 'HGF2_CNKI.ttf', 'HGF3_CNKI.ttf', 'HGF4X_CNKI.ttf', 'HGF4_CNKI.ttf', 'HGF5X_CNKI.ttf', 'HGF5_CNKI.ttf', 'HGF6X_CNKI.ttf', 'HGF6_CNKI.ttf', 'HGF7X_CNKI.ttf', 'HGF7_CNKI.ttf', 'HGF8_CNKI.ttf', 'HGF9X_CNKI.ttf', 'HGF9_CNKI.ttf', 'HGFS1_CNKI.TTF', 'HGFS2_CNKI.TTF', 'HGFSH_CNKI.TTF', 'HGFS_CNKI.TTF', 'HGFX_CNKI.ttf', 'HGFZ_CNKI.ttf', 'HGGG_CNKI.TTF', 'HGH1X_CNKI.ttf', 'HGH1_CNKI.ttf', 'HGH2X_CNKI.ttf', 'HGH2_CNKI.ttf', 'HGH3X_CNKI.ttf', 'HGH3_CNKI.ttf', 'HGH4X_CNKI.ttf', 'HGH4_CNKI.ttf', 'HGH5X_CNKI.ttf', 'HGH5_CNKI.ttf', 'HGH6X_CNKI.ttf', 'HGH6_CNKI.ttf', 'HGH7X_CNKI.ttf', 'HGH7_CNKI.ttf', 'HGHB_CNKI.TTF', 'HGHD_CNKI.ttf', 'HGHP_CNKI.TTF', 'HGHT1_CNKI.ttf', 'HGHT2_CNKI.ttf', 'HGHUATI_CNKI.ttf', 'HGHX_CNKI.ttf', 'HGHZ_CNKI.ttf', 'HGH_CNKI.TTF', 'HGKT1_CNKI.TTF', 'HGKT2_CNKI.TTF', 'HGKT_CNKI.TTF', 'HGKY_CNKI.ttf', 'HGLB_CNKI.TTF', 'HGLS_CNKI.TTF', 'HGMH_CNKI.TTF', 'HGNBS_CNKI.ttf', 'HGOCR_CNKI.ttf', 'HGPH_CNKI.TTF', 'HGPTY_CNKI.TTF', 'HGSS1_CNKI.TTF', 'HGSS2_CNKI.TTF', 'HGSS_CNKI.TTF', 'HGSXT_CNKI.ttf', 'HGTT_CNKI.ttf', 'HGTX_CNKI.TTF', 'HGWT_CNKI.TTF', 'HGWYS_CNKI.TTF', 'HGX1X_CNKI.ttf', 'HGX1_CNKI.ttf', 'HGXBS_CNKI.TTF', 'HGXC_CNKI.TTF', 'HGXF1_CNKI.ttf', 'HGXFX_CNKI.ttf', 'HGXFZ_CNKI.ttf', 'HGXH1_CNKI.TTF', 'HGXH_CNKI.TTF', 'HGXK_CNKI.TTF', 'HGXL_CNKI.TTF', 'HGXS_CNKI.TTF', 'HGXT_CNKI.ttf', 'HGXY_CNKI.ttf', 'HGY1_CNKI.TTF', 'HGY2_CNKI.TTF', 'HGY3_CNKI.TTF', 'HGY4_CNKI.TTF', 'HGYB_CNKI.ttf', 'HGYT1_CNKI.ttf', 'HGYT2_CNKI.ttf', 'HGYT_CNKI.TTF', 'HGYX_CNKI.TTF', 'HGZCS_CNKI.TTF', 'HGZDX_CNKI.TTF', 'HGZK_CNKI.TTF', 'HGZYT_CNKI.TTF', 'HGZY_CNKI.TTF', 'himalaya.ttf', 'holomdl2.ttf', 'HTOWERT.TTF', 'HTOWERTI.TTF', 'hvgafix.fon', 'hvgasys.fon', 'impact.ttf', 'IMPRISHA.TTF', 'INFROMAN.TTF', 'Inkfree.ttf', 'iqiyi_logov7.ttf', 'ITCBLKAD.TTF', 'ITCEDSCR.TTF', 'ITCKRIST.TTF', 'j8514fix.fon', 'j8514oem.fon', 'j8514sys.fon', 'javatext.ttf', 'JOKERMAN.TTF', 'jsmalle.fon', 'jsmallf.fon', 'JUICE___.TTF', 'jvgafix.fon', 'jvgasys.fon', 'KUNSTLER.TTF', 'LATINWD.TTF', 'LBRITE.TTF', 'LBRITED.TTF', 'LBRITEDI.TTF', 'LBRITEI.TTF', 'LCALLIG.TTF', 'LeelaUIb.ttf', 'LeelawUI.ttf', 'LeelUIsl.ttf', 'LFAX.TTF', 'LFAXD.TTF', 'LFAXDI.TTF', 'LFAXI.TTF', 'LHANDW.TTF', 'LSANS.TTF', 'LSANSD.TTF', 'LSANSDI.TTF', 'LSANSI.TTF', 'LTYPE.TTF', 'LTYPEB.TTF', 'LTYPEBO.TTF', 'LTYPEO.TTF', 'lucon.ttf', 'l_10646.ttf', 'MAGNETOB.TTF', 'MAIAN.TTF', 'malgun.ttf', 'malgunbd.ttf', 'malgunsl.ttf', 'marlett.ttf', 'MATURASC.TTF', 'micross.ttf', 'mingliub.ttc', 'MISTRAL.TTF', 'mmrtext.ttf', 'mmrtextb.ttf', 'MOD20.TTF', 'modern.fon', 'monbaiti.ttf', 'msgothic.ttc', 'msjh.ttc', 'msjhbd.ttc', 'msjhl.ttc', 'msyh.ttc', 'msyhbd.ttc', 'msyhl.ttc', 'msyi.ttf', 'MTCORSVA.TTF', 'MTEXTRA.TTF', 'mvboli.ttf', 'NIAGENG.TTF', 'NIAGSOL.TTF', 'Nirmala.ttf', 'NirmalaB.ttf', 'NirmalaS.ttf', 'ntailu.ttf', 'ntailub.ttf', 'NumberOnly.ttf', 'OCRAEXT.TTF', 'OLDENGL.TTF', 'ONYX.TTF', 'OUTLOOK.TTF', 'pala.ttf', 'palab.ttf', 'palabi.ttf', 'palai.ttf', 'PALSCRI.TTF', 'PAPYRUS.TTF', 'PARCHM.TTF', 'PERBI___.TTF', 'PERB____.TTF', 'PERI____.TTF', 'PERTIBD.TTF', 'PERTILI.TTF', 'PER_____.TTF', 'phagspa.ttf', 'phagspab.ttf', 'PLAYBILL.TTF', 'POORICH.TTF', 'PRISTINA.TTF', 'RAGE.TTF', 'RAVIE.TTF', 'REFSAN.TTF', 'REFSPCL.TTF', 'ROCCB___.TTF', 'ROCC____.TTF', 'ROCK.TTF', 'ROCKB.TTF', 'ROCKBI.TTF', 'ROCKEB.TTF', 'ROCKI.TTF', 'roman.fon', 's8514fix.fon', 's8514oem.fon', 's8514sys.fon', 'SCHLBKB.TTF', 'SCHLBKBI.TTF', 'SCHLBKI.TTF', 'script.fon', 'SCRIPTBL.TTF', 'segmdl2.ttf', 'SegoeIcons.ttf', 'segoepr.ttf', 'segoeprb.ttf', 'segoesc.ttf', 'segoescb.ttf', 'segoeui.ttf', 'segoeuib.ttf', 'segoeuii.ttf', 'segoeuil.ttf', 'segoeuisl.ttf', 'segoeuiz.ttf', 'seguibl.ttf', 'seguibli.ttf', 'seguiemj.ttf', 'seguihis.ttf', 'seguili.ttf', 'seguisb.ttf', 'seguisbi.ttf', 'seguisli.ttf', 'seguisym.ttf', 'SegUIVar.ttf', 'sere1255.fon', 'sere1256.fon', 'sere1257.fon', 'serf1255.fon', 'serf1256.fon', 'serf1257.fon', 'serife.fon', 'serifee.fon', 'serifeg.fon', 'serifer.fon', 'serifet.fon', 'seriff.fon', 'seriffe.fon', 'seriffg.fon', 'seriffr.fon', 'serifft.fon', 'SHOWG.TTF', 'simfang.ttf', 'simhei.ttf', 'simkai.ttf', 'SIMLI.TTF', 'simsun.ttc', 'simsunb.ttf', 'SIMYOU.TTF', 'SitkaVF-Italic.ttf', 'SitkaVF.ttf', 'smae1255.fon', 'smae1256.fon', 'smae1257.fon', 'smaf1255.fon', 'smaf1256.fon', 'smaf1257.fon', 'smalle.fon', 'smallee.fon', 'smalleg.fon', 'smaller.fon', 'smallet.fon', 'smallf.fon', 'smallfe.fon', 'smallfg.fon', 'smallfr.fon', 'smallft.fon', 'SNAP____.TTF', 'ssee1255.fon', 'ssee1256.fon', 'ssee1257.fon', 'ssee874.fon', 'ssef1255.fon', 'ssef1256.fon', 'ssef1257.fon', 'ssef874.fon', 'sserife.fon', 'sserifee.fon', 'sserifeg.fon', 'sserifer.fon', 'sserifet.fon', 'sseriff.fon', 'sseriffe.fon', 'sseriffg.fon', 'sseriffr.fon', 'sserifft.fon', 'StaticCache.dat', 'STCAIYUN.TTF', 'STENCIL.TTF', 'STFANGSO.TTF', 'STHUPO.TTF', 'STKAITI.TTF', 'STLITI.TTF', 'STSONG.TTF', 'STXIHEI.TTF', 'STXINGKA.TTF', 'STXINWEI.TTF', 'STZHONGS.TTF', 'svgafix.fon', 'svgasys.fon', 'sylfaen.ttf', 'symbol.ttf', 'tahoma.ttf', 'tahomabd.ttf', 'taile.ttf', 'taileb.ttf', 'TCBI____.TTF', 'TCB_____.TTF', 'TCCB____.TTF', 'TCCEB.TTF', 'TCCM____.TTF', 'TCMI____.TTF', 'TCM_____.TTF', 'TEMPSITC.TTF', 'times.ttf', 'timesbd.ttf', 'timesbi.ttf', 'timesi.ttf', 'trebuc.ttf', 'trebucbd.ttf', 'trebucbi.ttf', 'trebucit.ttf', 'verdana.ttf', 'verdanab.ttf', 'verdanai.ttf', 'verdanaz.ttf', 'vga737.fon', 'vga775.fon', 'vga850.fon', 'vga852.fon', 'vga855.fon', 'vga857.fon', 'vga860.fon', 'vga861.fon', 'vga863.fon', 'vga865.fon', 'vga866.fon', 'vga869.fon', 'vga932.fon', 'vga936.fon', 'vga949.fon', 'vga950.fon', 'vgaf1255.fon', 'vgaf1256.fon', 'vgaf1257.fon', 'vgaf874.fon', 'vgafix.fon', 'vgafixe.fon', 'vgafixg.fon', 'vgafixr.fon', 'vgafixt.fon', 'vgaoem.fon', 'vgas1255.fon', 'vgas1256.fon', 'vgas1257.fon', 'vgas874.fon', 'vgasys.fon', 'vgasyse.fon', 'vgasysg.fon', 'vgasysr.fon', 'vgasyst.fon', 'VINERITC.TTF', 'VIVALDII.TTF', 'VLADIMIR.TTF', 'webdings.ttf', 'wingding.ttf', 'WINGDNG2.TTF', 'WINGDNG3.TTF', 'YuGothB.ttc', 'YuGothL.ttc', 'YuGothM.ttc', 'YuGothR.ttc', '\u534e\u5eb7\u65b9\u5706\u4f53W7.TTC', '\u65b9\u6b63\u7c97\u9ed1\u5b8b\u7b80\u4f53.ttf']
2023-09-27 15:15:46,313 - INFO - all fonts installed:['8514fix.fon', '8514fixe.fon', '8514fixg.fon', '8514fixr.fon', '8514fixt.fon', '8514oem.fon', '8514oeme.fon', '8514oemg.fon', '8514oemr.fon', '8514oemt.fon', '8514sys.fon', '8514syse.fon', '8514sysg.fon', '8514sysr.fon', '8514syst.fon', '85775.fon', '85855.fon', '85f1255.fon', '85f1256.fon', '85f1257.fon', '85f874.fon', '85s1255.fon', '85s1256.fon', '85s1257.fon', '85s874.fon', 'AGENCYB.TTF', 'AGENCYR.TTF', 'ALGER.TTF', 'ANTQUAB.TTF', 'ANTQUABI.TTF', 'ANTQUAI.TTF', 'app775.fon', 'app850.fon', 'app852.fon', 'app855.fon', 'app857.fon', 'app866.fon', 'app932.fon', 'app936.fon', 'app949.fon', 'app950.fon', 'arial.ttf', 'arialbd.ttf', 'arialbi.ttf', 'ariali.ttf', 'ARIALN.TTF', 'ARIALNB.TTF', 'ARIALNBI.TTF', 'ARIALNI.TTF', 'ariblk.ttf', 'ARLRDBD.TTF', 'AxureHandwriting-Bold.otf', 'AxureHandwriting-BoldItalic.otf', 'AxureHandwriting-Italic.otf', 'AxureHandwriting.otf', 'bahnschrift.ttf', 'BASKVILL.TTF', 'BAUHS93.TTF', 'BELL.TTF', 'BELLB.TTF', 'BELLI.TTF', 'BERNHC.TTF', 'BKANT.TTF', 'BOD_B.TTF', 'BOD_BI.TTF', 'BOD_BLAI.TTF', 'BOD_BLAR.TTF', 'BOD_CB.TTF', 'BOD_CBI.TTF', 'BOD_CI.TTF', 'BOD_CR.TTF', 'BOD_I.TTF', 'BOD_PSTC.TTF', 'BOD_R.TTF', 'BOOKOS.TTF', 'BOOKOSB.TTF', 'BOOKOSBI.TTF', 'BOOKOSI.TTF', 'BRADHITC.TTF', 'BRITANIC.TTF', 'BRLNSB.TTF', 'BRLNSDB.TTF', 'BRLNSR.TTF', 'BROADW.TTF', 'BRUSHSCI.TTF', 'BSSYM7.TTF', 'c8514fix.fon', 'c8514oem.fon', 'c8514sys.fon', 'calibri.ttf', 'calibrib.ttf', 'calibrii.ttf', 'calibril.ttf', 'calibrili.ttf', 'calibriz.ttf', 'CALIFB.TTF', 'CALIFI.TTF', 'CALIFR.TTF', 'CALIST.TTF', 'CALISTB.TTF', 'CALISTBI.TTF', 'CALISTI.TTF', 'cambria.ttc', 'cambriab.ttf', 'cambriai.ttf', 'cambriaz.ttf', 'Candara.ttf', 'Candarab.ttf', 'Candarai.ttf', 'Candaral.ttf', 'Candarali.ttf', 'Candaraz.ttf', 'CascadiaCode.ttf', 'CascadiaMono.ttf', 'CASTELAR.TTF', 'CENSCBK.TTF', 'CENTAUR.TTF', 'CENTURY.TTF', 'cga40737.fon', 'cga40850.fon', 'cga40852.fon', 'cga40857.fon', 'cga40866.fon', 'cga40869.fon', 'cga40woa.fon', 'cga80737.fon', 'cga80850.fon', 'cga80852.fon', 'cga80857.fon', 'cga80866.fon', 'cga80869.fon', 'cga80woa.fon', 'CHILLER.TTF', 'COLONNA.TTF', 'comic.ttf', 'comicbd.ttf', 'comici.ttf', 'comicz.ttf', 'consola.ttf', 'consolab.ttf', 'consolai.ttf', 'consolaz.ttf', 'constan.ttf', 'constanb.ttf', 'constani.ttf', 'constanz.ttf', 'COOPBL.TTF', 'COPRGTB.TTF', 'COPRGTL.TTF', 'corbel.ttf', 'corbelb.ttf', 'corbeli.ttf', 'corbell.ttf', 'corbelli.ttf', 'corbelz.ttf', 'coue1255.fon', 'coue1256.fon', 'coue1257.fon', 'couf1255.fon', 'couf1256.fon', 'couf1257.fon', 'cour.ttf', 'courbd.ttf', 'courbi.ttf', 'coure.fon', 'couree.fon', 'coureg.fon', 'courer.fon', 'couret.fon', 'courf.fon', 'courfe.fon', 'courfg.fon', 'courfr.fon', 'courft.fon', 'couri.ttf', 'CURLZ___.TTF', 'cvgafix.fon', 'cvgasys.fon', 'Deng.ttf', 'Dengb.ttf', 'Dengl.ttf', 'desktop.ini', 'dos737.fon', 'dos869.fon', 'dosapp.fon', 'DUBAI-BOLD.TTF', 'DUBAI-LIGHT.TTF', 'DUBAI-MEDIUM.TTF', 'DUBAI-REGULAR.TTF', 'ebrima.ttf', 'ebrimabd.ttf', 'ega40737.fon', 'ega40850.fon', 'ega40852.fon', 'ega40857.fon', 'ega40866.fon', 'ega40869.fon', 'ega40woa.fon', 'ega80737.fon', 'ega80850.fon', 'ega80852.fon', 'ega80857.fon', 'ega80866.fon', 'ega80869.fon', 'ega80woa.fon', 'ELEPHNT.TTF', 'ELEPHNTI.TTF', 'ENGR.TTF', 'ERASBD.TTF', 'ERASDEMI.TTF', 'ERASLGHT.TTF', 'ERASMD.TTF', 'FELIXTI.TTF', 'fms_metadata.xml', 'FORTE.TTF', 'FRABK.TTF', 'FRABKIT.TTF', 'FRADM.TTF', 'FRADMCN.TTF', 'FRADMIT.TTF', 'FRAHV.TTF', 'FRAHVIT.TTF', 'framd.ttf', 'FRAMDCN.TTF', 'framdit.ttf', 'FREESCPT.TTF', 'FRSCRIPT.TTF', 'FTLTLT.TTF', 'FZSTK.TTF', 'FZYTK.TTF', 'Gabriola.ttf', 'gadugi.ttf', 'gadugib.ttf', 'GARA.TTF', 'GARABD.TTF', 'GARAIT.TTF', 'georgia.ttf', 'georgiab.ttf', 'georgiai.ttf', 'georgiaz.ttf', 'GIGI.TTF', 'GILBI___.TTF', 'GILB____.TTF', 'GILC____.TTF', 'GILI____.TTF', 'GILLUBCD.TTF', 'GILSANUB.TTF', 'GIL_____.TTF', 'GLECB.TTF', 'GlobalMonospace.CompositeFont', 'GlobalSansSerif.CompositeFont', 'GlobalSerif.CompositeFont', 'GlobalUserInterface.CompositeFont', 'GLSNECB.TTF', 'GOTHIC.TTF', 'GOTHICB.TTF', 'GOTHICBI.TTF', 'GOTHICI.TTF', 'GOUDOS.TTF', 'GOUDOSB.TTF', 'GOUDOSI.TTF', 'GOUDYSTO.TTF', 'h8514fix.fon', 'h8514oem.fon', 'h8514sys.fon', 'HARLOWSI.TTF', 'HARNGTON.TTF', 'HATTEN.TTF', 'HGB1X_CNKI.ttf', 'HGB1_CNKI.ttf', 'HGB2X_CNKI.ttf', 'HGB2_CNKI.ttf', 'HGB3X_CNKI.ttf', 'HGB3_CNKI.ttf', 'HGB4X_CNKI.ttf', 'HGB4_CNKI.ttf', 'HGB5X_CNKI.ttf', 'HGB5_CNKI.ttf', 'HGB6X_CNKI.ttf', 'HGB6_CNKI.ttf', 'HGB7X_CNKI.ttf', 'HGB7_CNKI.ttf', 'HGB8X_CNKI.ttf', 'HGB8_CNKI.ttf', 'HGBD_CNKI.ttf', 'HGBKBX_CNKI.ttf', 'HGBKB_CNKI.ttf', 'HGBKHX_CNKI.ttf', 'HGBKH_CNKI.ttf', 'HGBS1_CNKI.TTF', 'HGBS2_CNKI.TTF', 'HGBS_CNKI.TTF', 'HGBTH_CNKI.TTF', 'HGBTS_CNKI.TTF', 'HGBX_CNKI.ttf', 'HGBZ_CNKI.ttf', 'HGCH_CNKI.TTF', 'HGCUH_CNKI.TTF', 'HGCY_CNKI.TTF', 'HGDBS_CNKI.TTF', 'HGDGY_CNKI.TTF', 'HGDH2_CNKI.TTF', 'HGDH_CNKI.TTF', 'HGDYS_CNKI.TTF', 'HGDY_CNKI.ttf', 'HGF1X_CNKI.ttf', 'HGF1_CNKI.ttf', 'HGF2X_CNKI.ttf', 'HGF2_CNKI.ttf', 'HGF3_CNKI.ttf', 'HGF4X_CNKI.ttf', 'HGF4_CNKI.ttf', 'HGF5X_CNKI.ttf', 'HGF5_CNKI.ttf', 'HGF6X_CNKI.ttf', 'HGF6_CNKI.ttf', 'HGF7X_CNKI.ttf', 'HGF7_CNKI.ttf', 'HGF8_CNKI.ttf', 'HGF9X_CNKI.ttf', 'HGF9_CNKI.ttf', 'HGFS1_CNKI.TTF', 'HGFS2_CNKI.TTF', 'HGFSH_CNKI.TTF', 'HGFS_CNKI.TTF', 'HGFX_CNKI.ttf', 'HGFZ_CNKI.ttf', 'HGGG_CNKI.TTF', 'HGH1X_CNKI.ttf', 'HGH1_CNKI.ttf', 'HGH2X_CNKI.ttf', 'HGH2_CNKI.ttf', 'HGH3X_CNKI.ttf', 'HGH3_CNKI.ttf', 'HGH4X_CNKI.ttf', 'HGH4_CNKI.ttf', 'HGH5X_CNKI.ttf', 'HGH5_CNKI.ttf', 'HGH6X_CNKI.ttf', 'HGH6_CNKI.ttf', 'HGH7X_CNKI.ttf', 'HGH7_CNKI.ttf', 'HGHB_CNKI.TTF', 'HGHD_CNKI.ttf', 'HGHP_CNKI.TTF', 'HGHT1_CNKI.ttf', 'HGHT2_CNKI.ttf', 'HGHUATI_CNKI.ttf', 'HGHX_CNKI.ttf', 'HGHZ_CNKI.ttf', 'HGH_CNKI.TTF', 'HGKT1_CNKI.TTF', 'HGKT2_CNKI.TTF', 'HGKT_CNKI.TTF', 'HGKY_CNKI.ttf', 'HGLB_CNKI.TTF', 'HGLS_CNKI.TTF', 'HGMH_CNKI.TTF', 'HGNBS_CNKI.ttf', 'HGOCR_CNKI.ttf', 'HGPH_CNKI.TTF', 'HGPTY_CNKI.TTF', 'HGSS1_CNKI.TTF', 'HGSS2_CNKI.TTF', 'HGSS_CNKI.TTF', 'HGSXT_CNKI.ttf', 'HGTT_CNKI.ttf', 'HGTX_CNKI.TTF', 'HGWT_CNKI.TTF', 'HGWYS_CNKI.TTF', 'HGX1X_CNKI.ttf', 'HGX1_CNKI.ttf', 'HGXBS_CNKI.TTF', 'HGXC_CNKI.TTF', 'HGXF1_CNKI.ttf', 'HGXFX_CNKI.ttf', 'HGXFZ_CNKI.ttf', 'HGXH1_CNKI.TTF', 'HGXH_CNKI.TTF', 'HGXK_CNKI.TTF', 'HGXL_CNKI.TTF', 'HGXS_CNKI.TTF', 'HGXT_CNKI.ttf', 'HGXY_CNKI.ttf', 'HGY1_CNKI.TTF', 'HGY2_CNKI.TTF', 'HGY3_CNKI.TTF', 'HGY4_CNKI.TTF', 'HGYB_CNKI.ttf', 'HGYT1_CNKI.ttf', 'HGYT2_CNKI.ttf', 'HGYT_CNKI.TTF', 'HGYX_CNKI.TTF', 'HGZCS_CNKI.TTF', 'HGZDX_CNKI.TTF', 'HGZK_CNKI.TTF', 'HGZYT_CNKI.TTF', 'HGZY_CNKI.TTF', 'himalaya.ttf', 'holomdl2.ttf', 'HTOWERT.TTF', 'HTOWERTI.TTF', 'hvgafix.fon', 'hvgasys.fon', 'impact.ttf', 'IMPRISHA.TTF', 'INFROMAN.TTF', 'Inkfree.ttf', 'iqiyi_logov7.ttf', 'ITCBLKAD.TTF', 'ITCEDSCR.TTF', 'ITCKRIST.TTF', 'j8514fix.fon', 'j8514oem.fon', 'j8514sys.fon', 'javatext.ttf', 'JOKERMAN.TTF', 'jsmalle.fon', 'jsmallf.fon', 'JUICE___.TTF', 'jvgafix.fon', 'jvgasys.fon', 'KUNSTLER.TTF', 'LATINWD.TTF', 'LBRITE.TTF', 'LBRITED.TTF', 'LBRITEDI.TTF', 'LBRITEI.TTF', 'LCALLIG.TTF', 'LeelaUIb.ttf', 'LeelawUI.ttf', 'LeelUIsl.ttf', 'LFAX.TTF', 'LFAXD.TTF', 'LFAXDI.TTF', 'LFAXI.TTF', 'LHANDW.TTF', 'LSANS.TTF', 'LSANSD.TTF', 'LSANSDI.TTF', 'LSANSI.TTF', 'LTYPE.TTF', 'LTYPEB.TTF', 'LTYPEBO.TTF', 'LTYPEO.TTF', 'lucon.ttf', 'l_10646.ttf', 'MAGNETOB.TTF', 'MAIAN.TTF', 'malgun.ttf', 'malgunbd.ttf', 'malgunsl.ttf', 'marlett.ttf', 'MATURASC.TTF', 'micross.ttf', 'mingliub.ttc', 'MISTRAL.TTF', 'mmrtext.ttf', 'mmrtextb.ttf', 'MOD20.TTF', 'modern.fon', 'monbaiti.ttf', 'msgothic.ttc', 'msjh.ttc', 'msjhbd.ttc', 'msjhl.ttc', 'msyh.ttc', 'msyhbd.ttc', 'msyhl.ttc', 'msyi.ttf', 'MTCORSVA.TTF', 'MTEXTRA.TTF', 'mvboli.ttf', 'NIAGENG.TTF', 'NIAGSOL.TTF', 'Nirmala.ttf', 'NirmalaB.ttf', 'NirmalaS.ttf', 'ntailu.ttf', 'ntailub.ttf', 'NumberOnly.ttf', 'OCRAEXT.TTF', 'OLDENGL.TTF', 'ONYX.TTF', 'OUTLOOK.TTF', 'pala.ttf', 'palab.ttf', 'palabi.ttf', 'palai.ttf', 'PALSCRI.TTF', 'PAPYRUS.TTF', 'PARCHM.TTF', 'PERBI___.TTF', 'PERB____.TTF', 'PERI____.TTF', 'PERTIBD.TTF', 'PERTILI.TTF', 'PER_____.TTF', 'phagspa.ttf', 'phagspab.ttf', 'PLAYBILL.TTF', 'POORICH.TTF', 'PRISTINA.TTF', 'RAGE.TTF', 'RAVIE.TTF', 'REFSAN.TTF', 'REFSPCL.TTF', 'ROCCB___.TTF', 'ROCC____.TTF', 'ROCK.TTF', 'ROCKB.TTF', 'ROCKBI.TTF', 'ROCKEB.TTF', 'ROCKI.TTF', 'roman.fon', 's8514fix.fon', 's8514oem.fon', 's8514sys.fon', 'SCHLBKB.TTF', 'SCHLBKBI.TTF', 'SCHLBKI.TTF', 'script.fon', 'SCRIPTBL.TTF', 'segmdl2.ttf', 'SegoeIcons.ttf', 'segoepr.ttf', 'segoeprb.ttf', 'segoesc.ttf', 'segoescb.ttf', 'segoeui.ttf', 'segoeuib.ttf', 'segoeuii.ttf', 'segoeuil.ttf', 'segoeuisl.ttf', 'segoeuiz.ttf', 'seguibl.ttf', 'seguibli.ttf', 'seguiemj.ttf', 'seguihis.ttf', 'seguili.ttf', 'seguisb.ttf', 'seguisbi.ttf', 'seguisli.ttf', 'seguisym.ttf', 'SegUIVar.ttf', 'sere1255.fon', 'sere1256.fon', 'sere1257.fon', 'serf1255.fon', 'serf1256.fon', 'serf1257.fon', 'serife.fon', 'serifee.fon', 'serifeg.fon', 'serifer.fon', 'serifet.fon', 'seriff.fon', 'seriffe.fon', 'seriffg.fon', 'seriffr.fon', 'serifft.fon', 'SHOWG.TTF', 'simfang.ttf', 'simhei.ttf', 'simkai.ttf', 'SIMLI.TTF', 'simsun.ttc', 'simsunb.ttf', 'SIMYOU.TTF', 'SitkaVF-Italic.ttf', 'SitkaVF.ttf', 'smae1255.fon', 'smae1256.fon', 'smae1257.fon', 'smaf1255.fon', 'smaf1256.fon', 'smaf1257.fon', 'smalle.fon', 'smallee.fon', 'smalleg.fon', 'smaller.fon', 'smallet.fon', 'smallf.fon', 'smallfe.fon', 'smallfg.fon', 'smallfr.fon', 'smallft.fon', 'SNAP____.TTF', 'ssee1255.fon', 'ssee1256.fon', 'ssee1257.fon', 'ssee874.fon', 'ssef1255.fon', 'ssef1256.fon', 'ssef1257.fon', 'ssef874.fon', 'sserife.fon', 'sserifee.fon', 'sserifeg.fon', 'sserifer.fon', 'sserifet.fon', 'sseriff.fon', 'sseriffe.fon', 'sseriffg.fon', 'sseriffr.fon', 'sserifft.fon', 'StaticCache.dat', 'STCAIYUN.TTF', 'STENCIL.TTF', 'STFANGSO.TTF', 'STHUPO.TTF', 'STKAITI.TTF', 'STLITI.TTF', 'STSONG.TTF', 'STXIHEI.TTF', 'STXINGKA.TTF', 'STXINWEI.TTF', 'STZHONGS.TTF', 'svgafix.fon', 'svgasys.fon', 'sylfaen.ttf', 'symbol.ttf', 'tahoma.ttf', 'tahomabd.ttf', 'taile.ttf', 'taileb.ttf', 'TCBI____.TTF', 'TCB_____.TTF', 'TCCB____.TTF', 'TCCEB.TTF', 'TCCM____.TTF', 'TCMI____.TTF', 'TCM_____.TTF', 'TEMPSITC.TTF', 'times.ttf', 'timesbd.ttf', 'timesbi.ttf', 'timesi.ttf', 'trebuc.ttf', 'trebucbd.ttf', 'trebucbi.ttf', 'trebucit.ttf', 'verdana.ttf', 'verdanab.ttf', 'verdanai.ttf', 'verdanaz.ttf', 'vga737.fon', 'vga775.fon', 'vga850.fon', 'vga852.fon', 'vga855.fon', 'vga857.fon', 'vga860.fon', 'vga861.fon', 'vga863.fon', 'vga865.fon', 'vga866.fon', 'vga869.fon', 'vga932.fon', 'vga936.fon', 'vga949.fon', 'vga950.fon', 'vgaf1255.fon', 'vgaf1256.fon', 'vgaf1257.fon', 'vgaf874.fon', 'vgafix.fon', 'vgafixe.fon', 'vgafixg.fon', 'vgafixr.fon', 'vgafixt.fon', 'vgaoem.fon', 'vgas1255.fon', 'vgas1256.fon', 'vgas1257.fon', 'vgas874.fon', 'vgasys.fon', 'vgasyse.fon', 'vgasysg.fon', 'vgasysr.fon', 'vgasyst.fon', 'VINERITC.TTF', 'VIVALDII.TTF', 'VLADIMIR.TTF', 'webdings.ttf', 'wingding.ttf', 'WINGDNG2.TTF', 'WINGDNG3.TTF', 'YuGothB.ttc', 'YuGothL.ttc', 'YuGothM.ttc', 'YuGothR.ttc', '\u534e\u5eb7\u65b9\u5706\u4f53W7.TTC', '\u65b9\u6b63\u7c97\u9ed1\u5b8b\u7b80\u4f53.ttf']
2023-09-27 15:15:46,320 - INFO - all fonts installed:['8514fix.fon', '8514fixe.fon', '8514fixg.fon', '8514fixr.fon', '8514fixt.fon', '8514oem.fon', '8514oeme.fon', '8514oemg.fon', '8514oemr.fon', '8514oemt.fon', '8514sys.fon', '8514syse.fon', '8514sysg.fon', '8514sysr.fon', '8514syst.fon', '85775.fon', '85855.fon', '85f1255.fon', '85f1256.fon', '85f1257.fon', '85f874.fon', '85s1255.fon', '85s1256.fon', '85s1257.fon', '85s874.fon', 'AGENCYB.TTF', 'AGENCYR.TTF', 'ALGER.TTF', 'ANTQUAB.TTF', 'ANTQUABI.TTF', 'ANTQUAI.TTF', 'app775.fon', 'app850.fon', 'app852.fon', 'app855.fon', 'app857.fon', 'app866.fon', 'app932.fon', 'app936.fon', 'app949.fon', 'app950.fon', 'arial.ttf', 'arialbd.ttf', 'arialbi.ttf', 'ariali.ttf', 'ARIALN.TTF', 'ARIALNB.TTF', 'ARIALNBI.TTF', 'ARIALNI.TTF', 'ariblk.ttf', 'ARLRDBD.TTF', 'AxureHandwriting-Bold.otf', 'AxureHandwriting-BoldItalic.otf', 'AxureHandwriting-Italic.otf', 'AxureHandwriting.otf', 'bahnschrift.ttf', 'BASKVILL.TTF', 'BAUHS93.TTF', 'BELL.TTF', 'BELLB.TTF', 'BELLI.TTF', 'BERNHC.TTF', 'BKANT.TTF', 'BOD_B.TTF', 'BOD_BI.TTF', 'BOD_BLAI.TTF', 'BOD_BLAR.TTF', 'BOD_CB.TTF', 'BOD_CBI.TTF', 'BOD_CI.TTF', 'BOD_CR.TTF', 'BOD_I.TTF', 'BOD_PSTC.TTF', 'BOD_R.TTF', 'BOOKOS.TTF', 'BOOKOSB.TTF', 'BOOKOSBI.TTF', 'BOOKOSI.TTF', 'BRADHITC.TTF', 'BRITANIC.TTF', 'BRLNSB.TTF', 'BRLNSDB.TTF', 'BRLNSR.TTF', 'BROADW.TTF', 'BRUSHSCI.TTF', 'BSSYM7.TTF', 'c8514fix.fon', 'c8514oem.fon', 'c8514sys.fon', 'calibri.ttf', 'calibrib.ttf', 'calibrii.ttf', 'calibril.ttf', 'calibrili.ttf', 'calibriz.ttf', 'CALIFB.TTF', 'CALIFI.TTF', 'CALIFR.TTF', 'CALIST.TTF', 'CALISTB.TTF', 'CALISTBI.TTF', 'CALISTI.TTF', 'cambria.ttc', 'cambriab.ttf', 'cambriai.ttf', 'cambriaz.ttf', 'Candara.ttf', 'Candarab.ttf', 'Candarai.ttf', 'Candaral.ttf', 'Candarali.ttf', 'Candaraz.ttf', 'CascadiaCode.ttf', 'CascadiaMono.ttf', 'CASTELAR.TTF', 'CENSCBK.TTF', 'CENTAUR.TTF', 'CENTURY.TTF', 'cga40737.fon', 'cga40850.fon', 'cga40852.fon', 'cga40857.fon', 'cga40866.fon', 'cga40869.fon', 'cga40woa.fon', 'cga80737.fon', 'cga80850.fon', 'cga80852.fon', 'cga80857.fon', 'cga80866.fon', 'cga80869.fon', 'cga80woa.fon', 'CHILLER.TTF', 'COLONNA.TTF', 'comic.ttf', 'comicbd.ttf', 'comici.ttf', 'comicz.ttf', 'consola.ttf', 'consolab.ttf', 'consolai.ttf', 'consolaz.ttf', 'constan.ttf', 'constanb.ttf', 'constani.ttf', 'constanz.ttf', 'COOPBL.TTF', 'COPRGTB.TTF', 'COPRGTL.TTF', 'corbel.ttf', 'corbelb.ttf', 'corbeli.ttf', 'corbell.ttf', 'corbelli.ttf', 'corbelz.ttf', 'coue1255.fon', 'coue1256.fon', 'coue1257.fon', 'couf1255.fon', 'couf1256.fon', 'couf1257.fon', 'cour.ttf', 'courbd.ttf', 'courbi.ttf', 'coure.fon', 'couree.fon', 'coureg.fon', 'courer.fon', 'couret.fon', 'courf.fon', 'courfe.fon', 'courfg.fon', 'courfr.fon', 'courft.fon', 'couri.ttf', 'CURLZ___.TTF', 'cvgafix.fon', 'cvgasys.fon', 'Deng.ttf', 'Dengb.ttf', 'Dengl.ttf', 'desktop.ini', 'dos737.fon', 'dos869.fon', 'dosapp.fon', 'DUBAI-BOLD.TTF', 'DUBAI-LIGHT.TTF', 'DUBAI-MEDIUM.TTF', 'DUBAI-REGULAR.TTF', 'ebrima.ttf', 'ebrimabd.ttf', 'ega40737.fon', 'ega40850.fon', 'ega40852.fon', 'ega40857.fon', 'ega40866.fon', 'ega40869.fon', 'ega40woa.fon', 'ega80737.fon', 'ega80850.fon', 'ega80852.fon', 'ega80857.fon', 'ega80866.fon', 'ega80869.fon', 'ega80woa.fon', 'ELEPHNT.TTF', 'ELEPHNTI.TTF', 'ENGR.TTF', 'ERASBD.TTF', 'ERASDEMI.TTF', 'ERASLGHT.TTF', 'ERASMD.TTF', 'FELIXTI.TTF', 'fms_metadata.xml', 'FORTE.TTF', 'FRABK.TTF', 'FRABKIT.TTF', 'FRADM.TTF', 'FRADMCN.TTF', 'FRADMIT.TTF', 'FRAHV.TTF', 'FRAHVIT.TTF', 'framd.ttf', 'FRAMDCN.TTF', 'framdit.ttf', 'FREESCPT.TTF', 'FRSCRIPT.TTF', 'FTLTLT.TTF', 'FZSTK.TTF', 'FZYTK.TTF', 'Gabriola.ttf', 'gadugi.ttf', 'gadugib.ttf', 'GARA.TTF', 'GARABD.TTF', 'GARAIT.TTF', 'georgia.ttf', 'georgiab.ttf', 'georgiai.ttf', 'georgiaz.ttf', 'GIGI.TTF', 'GILBI___.TTF', 'GILB____.TTF', 'GILC____.TTF', 'GILI____.TTF', 'GILLUBCD.TTF', 'GILSANUB.TTF', 'GIL_____.TTF', 'GLECB.TTF', 'GlobalMonospace.CompositeFont', 'GlobalSansSerif.CompositeFont', 'GlobalSerif.CompositeFont', 'GlobalUserInterface.CompositeFont', 'GLSNECB.TTF', 'GOTHIC.TTF', 'GOTHICB.TTF', 'GOTHICBI.TTF', 'GOTHICI.TTF', 'GOUDOS.TTF', 'GOUDOSB.TTF', 'GOUDOSI.TTF', 'GOUDYSTO.TTF', 'h8514fix.fon', 'h8514oem.fon', 'h8514sys.fon', 'HARLOWSI.TTF', 'HARNGTON.TTF', 'HATTEN.TTF', 'HGB1X_CNKI.ttf', 'HGB1_CNKI.ttf', 'HGB2X_CNKI.ttf', 'HGB2_CNKI.ttf', 'HGB3X_CNKI.ttf', 'HGB3_CNKI.ttf', 'HGB4X_CNKI.ttf', 'HGB4_CNKI.ttf', 'HGB5X_CNKI.ttf', 'HGB5_CNKI.ttf', 'HGB6X_CNKI.ttf', 'HGB6_CNKI.ttf', 'HGB7X_CNKI.ttf', 'HGB7_CNKI.ttf', 'HGB8X_CNKI.ttf', 'HGB8_CNKI.ttf', 'HGBD_CNKI.ttf', 'HGBKBX_CNKI.ttf', 'HGBKB_CNKI.ttf', 'HGBKHX_CNKI.ttf', 'HGBKH_CNKI.ttf', 'HGBS1_CNKI.TTF', 'HGBS2_CNKI.TTF', 'HGBS_CNKI.TTF', 'HGBTH_CNKI.TTF', 'HGBTS_CNKI.TTF', 'HGBX_CNKI.ttf', 'HGBZ_CNKI.ttf', 'HGCH_CNKI.TTF', 'HGCUH_CNKI.TTF', 'HGCY_CNKI.TTF', 'HGDBS_CNKI.TTF', 'HGDGY_CNKI.TTF', 'HGDH2_CNKI.TTF', 'HGDH_CNKI.TTF', 'HGDYS_CNKI.TTF', 'HGDY_CNKI.ttf', 'HGF1X_CNKI.ttf', 'HGF1_CNKI.ttf', 'HGF2X_CNKI.ttf', 'HGF2_CNKI.ttf', 'HGF3_CNKI.ttf', 'HGF4X_CNKI.ttf', 'HGF4_CNKI.ttf', 'HGF5X_CNKI.ttf', 'HGF5_CNKI.ttf', 'HGF6X_CNKI.ttf', 'HGF6_CNKI.ttf', 'HGF7X_CNKI.ttf', 'HGF7_CNKI.ttf', 'HGF8_CNKI.ttf', 'HGF9X_CNKI.ttf', 'HGF9_CNKI.ttf', 'HGFS1_CNKI.TTF', 'HGFS2_CNKI.TTF', 'HGFSH_CNKI.TTF', 'HGFS_CNKI.TTF', 'HGFX_CNKI.ttf', 'HGFZ_CNKI.ttf', 'HGGG_CNKI.TTF', 'HGH1X_CNKI.ttf', 'HGH1_CNKI.ttf', 'HGH2X_CNKI.ttf', 'HGH2_CNKI.ttf', 'HGH3X_CNKI.ttf', 'HGH3_CNKI.ttf', 'HGH4X_CNKI.ttf', 'HGH4_CNKI.ttf', 'HGH5X_CNKI.ttf', 'HGH5_CNKI.ttf', 'HGH6X_CNKI.ttf', 'HGH6_CNKI.ttf', 'HGH7X_CNKI.ttf', 'HGH7_CNKI.ttf', 'HGHB_CNKI.TTF', 'HGHD_CNKI.ttf', 'HGHP_CNKI.TTF', 'HGHT1_CNKI.ttf', 'HGHT2_CNKI.ttf', 'HGHUATI_CNKI.ttf', 'HGHX_CNKI.ttf', 'HGHZ_CNKI.ttf', 'HGH_CNKI.TTF', 'HGKT1_CNKI.TTF', 'HGKT2_CNKI.TTF', 'HGKT_CNKI.TTF', 'HGKY_CNKI.ttf', 'HGLB_CNKI.TTF', 'HGLS_CNKI.TTF', 'HGMH_CNKI.TTF', 'HGNBS_CNKI.ttf', 'HGOCR_CNKI.ttf', 'HGPH_CNKI.TTF', 'HGPTY_CNKI.TTF', 'HGSS1_CNKI.TTF', 'HGSS2_CNKI.TTF', 'HGSS_CNKI.TTF', 'HGSXT_CNKI.ttf', 'HGTT_CNKI.ttf', 'HGTX_CNKI.TTF', 'HGWT_CNKI.TTF', 'HGWYS_CNKI.TTF', 'HGX1X_CNKI.ttf', 'HGX1_CNKI.ttf', 'HGXBS_CNKI.TTF', 'HGXC_CNKI.TTF', 'HGXF1_CNKI.ttf', 'HGXFX_CNKI.ttf', 'HGXFZ_CNKI.ttf', 'HGXH1_CNKI.TTF', 'HGXH_CNKI.TTF', 'HGXK_CNKI.TTF', 'HGXL_CNKI.TTF', 'HGXS_CNKI.TTF', 'HGXT_CNKI.ttf', 'HGXY_CNKI.ttf', 'HGY1_CNKI.TTF', 'HGY2_CNKI.TTF', 'HGY3_CNKI.TTF', 'HGY4_CNKI.TTF', 'HGYB_CNKI.ttf', 'HGYT1_CNKI.ttf', 'HGYT2_CNKI.ttf', 'HGYT_CNKI.TTF', 'HGYX_CNKI.TTF', 'HGZCS_CNKI.TTF', 'HGZDX_CNKI.TTF', 'HGZK_CNKI.TTF', 'HGZYT_CNKI.TTF', 'HGZY_CNKI.TTF', 'himalaya.ttf', 'holomdl2.ttf', 'HTOWERT.TTF', 'HTOWERTI.TTF', 'hvgafix.fon', 'hvgasys.fon', 'impact.ttf', 'IMPRISHA.TTF', 'INFROMAN.TTF', 'Inkfree.ttf', 'iqiyi_logov7.ttf', 'ITCBLKAD.TTF', 'ITCEDSCR.TTF', 'ITCKRIST.TTF', 'j8514fix.fon', 'j8514oem.fon', 'j8514sys.fon', 'javatext.ttf', 'JOKERMAN.TTF', 'jsmalle.fon', 'jsmallf.fon', 'JUICE___.TTF', 'jvgafix.fon', 'jvgasys.fon', 'KUNSTLER.TTF', 'LATINWD.TTF', 'LBRITE.TTF', 'LBRITED.TTF', 'LBRITEDI.TTF', 'LBRITEI.TTF', 'LCALLIG.TTF', 'LeelaUIb.ttf', 'LeelawUI.ttf', 'LeelUIsl.ttf', 'LFAX.TTF', 'LFAXD.TTF', 'LFAXDI.TTF', 'LFAXI.TTF', 'LHANDW.TTF', 'LSANS.TTF', 'LSANSD.TTF', 'LSANSDI.TTF', 'LSANSI.TTF', 'LTYPE.TTF', 'LTYPEB.TTF', 'LTYPEBO.TTF', 'LTYPEO.TTF', 'lucon.ttf', 'l_10646.ttf', 'MAGNETOB.TTF', 'MAIAN.TTF', 'malgun.ttf', 'malgunbd.ttf', 'malgunsl.ttf', 'marlett.ttf', 'MATURASC.TTF', 'micross.ttf', 'mingliub.ttc', 'MISTRAL.TTF', 'mmrtext.ttf', 'mmrtextb.ttf', 'MOD20.TTF', 'modern.fon', 'monbaiti.ttf', 'msgothic.ttc', 'msjh.ttc', 'msjhbd.ttc', 'msjhl.ttc', 'msyh.ttc', 'msyhbd.ttc', 'msyhl.ttc', 'msyi.ttf', 'MTCORSVA.TTF', 'MTEXTRA.TTF', 'mvboli.ttf', 'NIAGENG.TTF', 'NIAGSOL.TTF', 'Nirmala.ttf', 'NirmalaB.ttf', 'NirmalaS.ttf', 'ntailu.ttf', 'ntailub.ttf', 'NumberOnly.ttf', 'OCRAEXT.TTF', 'OLDENGL.TTF', 'ONYX.TTF', 'OUTLOOK.TTF', 'pala.ttf', 'palab.ttf', 'palabi.ttf', 'palai.ttf', 'PALSCRI.TTF', 'PAPYRUS.TTF', 'PARCHM.TTF', 'PERBI___.TTF', 'PERB____.TTF', 'PERI____.TTF', 'PERTIBD.TTF', 'PERTILI.TTF', 'PER_____.TTF', 'phagspa.ttf', 'phagspab.ttf', 'PLAYBILL.TTF', 'POORICH.TTF', 'PRISTINA.TTF', 'RAGE.TTF', 'RAVIE.TTF', 'REFSAN.TTF', 'REFSPCL.TTF', 'ROCCB___.TTF', 'ROCC____.TTF', 'ROCK.TTF', 'ROCKB.TTF', 'ROCKBI.TTF', 'ROCKEB.TTF', 'ROCKI.TTF', 'roman.fon', 's8514fix.fon', 's8514oem.fon', 's8514sys.fon', 'SCHLBKB.TTF', 'SCHLBKBI.TTF', 'SCHLBKI.TTF', 'script.fon', 'SCRIPTBL.TTF', 'segmdl2.ttf', 'SegoeIcons.ttf', 'segoepr.ttf', 'segoeprb.ttf', 'segoesc.ttf', 'segoescb.ttf', 'segoeui.ttf', 'segoeuib.ttf', 'segoeuii.ttf', 'segoeuil.ttf', 'segoeuisl.ttf', 'segoeuiz.ttf', 'seguibl.ttf', 'seguibli.ttf', 'seguiemj.ttf', 'seguihis.ttf', 'seguili.ttf', 'seguisb.ttf', 'seguisbi.ttf', 'seguisli.ttf', 'seguisym.ttf', 'SegUIVar.ttf', 'sere1255.fon', 'sere1256.fon', 'sere1257.fon', 'serf1255.fon', 'serf1256.fon', 'serf1257.fon', 'serife.fon', 'serifee.fon', 'serifeg.fon', 'serifer.fon', 'serifet.fon', 'seriff.fon', 'seriffe.fon', 'seriffg.fon', 'seriffr.fon', 'serifft.fon', 'SHOWG.TTF', 'simfang.ttf', 'simhei.ttf', 'simkai.ttf', 'SIMLI.TTF', 'simsun.ttc', 'simsunb.ttf', 'SIMYOU.TTF', 'SitkaVF-Italic.ttf', 'SitkaVF.ttf', 'smae1255.fon', 'smae1256.fon', 'smae1257.fon', 'smaf1255.fon', 'smaf1256.fon', 'smaf1257.fon', 'smalle.fon', 'smallee.fon', 'smalleg.fon', 'smaller.fon', 'smallet.fon', 'smallf.fon', 'smallfe.fon', 'smallfg.fon', 'smallfr.fon', 'smallft.fon', 'SNAP____.TTF', 'ssee1255.fon', 'ssee1256.fon', 'ssee1257.fon', 'ssee874.fon', 'ssef1255.fon', 'ssef1256.fon', 'ssef1257.fon', 'ssef874.fon', 'sserife.fon', 'sserifee.fon', 'sserifeg.fon', 'sserifer.fon', 'sserifet.fon', 'sseriff.fon', 'sseriffe.fon', 'sseriffg.fon', 'sseriffr.fon', 'sserifft.fon', 'StaticCache.dat', 'STCAIYUN.TTF', 'STENCIL.TTF', 'STFANGSO.TTF', 'STHUPO.TTF', 'STKAITI.TTF', 'STLITI.TTF', 'STSONG.TTF', 'STXIHEI.TTF', 'STXINGKA.TTF', 'STXINWEI.TTF', 'STZHONGS.TTF', 'svgafix.fon', 'svgasys.fon', 'sylfaen.ttf', 'symbol.ttf', 'tahoma.ttf', 'tahomabd.ttf', 'taile.ttf', 'taileb.ttf', 'TCBI____.TTF', 'TCB_____.TTF', 'TCCB____.TTF', 'TCCEB.TTF', 'TCCM____.TTF', 'TCMI____.TTF', 'TCM_____.TTF', 'TEMPSITC.TTF', 'times.ttf', 'timesbd.ttf', 'timesbi.ttf', 'timesi.ttf', 'trebuc.ttf', 'trebucbd.ttf', 'trebucbi.ttf', 'trebucit.ttf', 'verdana.ttf', 'verdanab.ttf', 'verdanai.ttf', 'verdanaz.ttf', 'vga737.fon', 'vga775.fon', 'vga850.fon', 'vga852.fon', 'vga855.fon', 'vga857.fon', 'vga860.fon', 'vga861.fon', 'vga863.fon', 'vga865.fon', 'vga866.fon', 'vga869.fon', 'vga932.fon', 'vga936.fon', 'vga949.fon', 'vga950.fon', 'vgaf1255.fon', 'vgaf1256.fon', 'vgaf1257.fon', 'vgaf874.fon', 'vgafix.fon', 'vgafixe.fon', 'vgafixg.fon', 'vgafixr.fon', 'vgafixt.fon', 'vgaoem.fon', 'vgas1255.fon', 'vgas1256.fon', 'vgas1257.fon', 'vgas874.fon', 'vgasys.fon', 'vgasyse.fon', 'vgasysg.fon', 'vgasysr.fon', 'vgasyst.fon', 'VINERITC.TTF', 'VIVALDII.TTF', 'VLADIMIR.TTF', 'webdings.ttf', 'wingding.ttf', 'WINGDNG2.TTF', 'WINGDNG3.TTF', 'YuGothB.ttc', 'YuGothL.ttc', 'YuGothM.ttc', 'YuGothR.ttc', '\u534e\u5eb7\u65b9\u5706\u4f53W7.TTC', '\u65b9\u6b63\u7c97\u9ed1\u5b8b\u7b80\u4f53.ttf']
2023-09-27 15:15:46,547 - INFO - all fonts installed:['8514fix.fon', '8514fixe.fon', '8514fixg.fon', '8514fixr.fon', '8514fixt.fon', '8514oem.fon', '8514oeme.fon', '8514oemg.fon', '8514oemr.fon', '8514oemt.fon', '8514sys.fon', '8514syse.fon', '8514sysg.fon', '8514sysr.fon', '8514syst.fon', '85775.fon', '85855.fon', '85f1255.fon', '85f1256.fon', '85f1257.fon', '85f874.fon', '85s1255.fon', '85s1256.fon', '85s1257.fon', '85s874.fon', 'AGENCYB.TTF', 'AGENCYR.TTF', 'ALGER.TTF', 'ANTQUAB.TTF', 'ANTQUABI.TTF', 'ANTQUAI.TTF', 'app775.fon', 'app850.fon', 'app852.fon', 'app855.fon', 'app857.fon', 'app866.fon', 'app932.fon', 'app936.fon', 'app949.fon', 'app950.fon', 'arial.ttf', 'arialbd.ttf', 'arialbi.ttf', 'ariali.ttf', 'ARIALN.TTF', 'ARIALNB.TTF', 'ARIALNBI.TTF', 'ARIALNI.TTF', 'ariblk.ttf', 'ARLRDBD.TTF', 'AxureHandwriting-Bold.otf', 'AxureHandwriting-BoldItalic.otf', 'AxureHandwriting-Italic.otf', 'AxureHandwriting.otf', 'bahnschrift.ttf', 'BASKVILL.TTF', 'BAUHS93.TTF', 'BELL.TTF', 'BELLB.TTF', 'BELLI.TTF', 'BERNHC.TTF', 'BKANT.TTF', 'BOD_B.TTF', 'BOD_BI.TTF', 'BOD_BLAI.TTF', 'BOD_BLAR.TTF', 'BOD_CB.TTF', 'BOD_CBI.TTF', 'BOD_CI.TTF', 'BOD_CR.TTF', 'BOD_I.TTF', 'BOD_PSTC.TTF', 'BOD_R.TTF', 'BOOKOS.TTF', 'BOOKOSB.TTF', 'BOOKOSBI.TTF', 'BOOKOSI.TTF', 'BRADHITC.TTF', 'BRITANIC.TTF', 'BRLNSB.TTF', 'BRLNSDB.TTF', 'BRLNSR.TTF', 'BROADW.TTF', 'BRUSHSCI.TTF', 'BSSYM7.TTF', 'c8514fix.fon', 'c8514oem.fon', 'c8514sys.fon', 'calibri.ttf', 'calibrib.ttf', 'calibrii.ttf', 'calibril.ttf', 'calibrili.ttf', 'calibriz.ttf', 'CALIFB.TTF', 'CALIFI.TTF', 'CALIFR.TTF', 'CALIST.TTF', 'CALISTB.TTF', 'CALISTBI.TTF', 'CALISTI.TTF', 'cambria.ttc', 'cambriab.ttf', 'cambriai.ttf', 'cambriaz.ttf', 'Candara.ttf', 'Candarab.ttf', 'Candarai.ttf', 'Candaral.ttf', 'Candarali.ttf', 'Candaraz.ttf', 'CascadiaCode.ttf', 'CascadiaMono.ttf', 'CASTELAR.TTF', 'CENSCBK.TTF', 'CENTAUR.TTF', 'CENTURY.TTF', 'cga40737.fon', 'cga40850.fon', 'cga40852.fon', 'cga40857.fon', 'cga40866.fon', 'cga40869.fon', 'cga40woa.fon', 'cga80737.fon', 'cga80850.fon', 'cga80852.fon', 'cga80857.fon', 'cga80866.fon', 'cga80869.fon', 'cga80woa.fon', 'CHILLER.TTF', 'COLONNA.TTF', 'comic.ttf', 'comicbd.ttf', 'comici.ttf', 'comicz.ttf', 'consola.ttf', 'consolab.ttf', 'consolai.ttf', 'consolaz.ttf', 'constan.ttf', 'constanb.ttf', 'constani.ttf', 'constanz.ttf', 'COOPBL.TTF', 'COPRGTB.TTF', 'COPRGTL.TTF', 'corbel.ttf', 'corbelb.ttf', 'corbeli.ttf', 'corbell.ttf', 'corbelli.ttf', 'corbelz.ttf', 'coue1255.fon', 'coue1256.fon', 'coue1257.fon', 'couf1255.fon', 'couf1256.fon', 'couf1257.fon', 'cour.ttf', 'courbd.ttf', 'courbi.ttf', 'coure.fon', 'couree.fon', 'coureg.fon', 'courer.fon', 'couret.fon', 'courf.fon', 'courfe.fon', 'courfg.fon', 'courfr.fon', 'courft.fon', 'couri.ttf', 'CURLZ___.TTF', 'cvgafix.fon', 'cvgasys.fon', 'Deng.ttf', 'Dengb.ttf', 'Dengl.ttf', 'desktop.ini', 'dos737.fon', 'dos869.fon', 'dosapp.fon', 'DUBAI-BOLD.TTF', 'DUBAI-LIGHT.TTF', 'DUBAI-MEDIUM.TTF', 'DUBAI-REGULAR.TTF', 'ebrima.ttf', 'ebrimabd.ttf', 'ega40737.fon', 'ega40850.fon', 'ega40852.fon', 'ega40857.fon', 'ega40866.fon', 'ega40869.fon', 'ega40woa.fon', 'ega80737.fon', 'ega80850.fon', 'ega80852.fon', 'ega80857.fon', 'ega80866.fon', 'ega80869.fon', 'ega80woa.fon', 'ELEPHNT.TTF', 'ELEPHNTI.TTF', 'ENGR.TTF', 'ERASBD.TTF', 'ERASDEMI.TTF', 'ERASLGHT.TTF', 'ERASMD.TTF', 'FELIXTI.TTF', 'fms_metadata.xml', 'FORTE.TTF', 'FRABK.TTF', 'FRABKIT.TTF', 'FRADM.TTF', 'FRADMCN.TTF', 'FRADMIT.TTF', 'FRAHV.TTF', 'FRAHVIT.TTF', 'framd.ttf', 'FRAMDCN.TTF', 'framdit.ttf', 'FREESCPT.TTF', 'FRSCRIPT.TTF', 'FTLTLT.TTF', 'FZSTK.TTF', 'FZYTK.TTF', 'Gabriola.ttf', 'gadugi.ttf', 'gadugib.ttf', 'GARA.TTF', 'GARABD.TTF', 'GARAIT.TTF', 'georgia.ttf', 'georgiab.ttf', 'georgiai.ttf', 'georgiaz.ttf', 'GIGI.TTF', 'GILBI___.TTF', 'GILB____.TTF', 'GILC____.TTF', 'GILI____.TTF', 'GILLUBCD.TTF', 'GILSANUB.TTF', 'GIL_____.TTF', 'GLECB.TTF', 'GlobalMonospace.CompositeFont', 'GlobalSansSerif.CompositeFont', 'GlobalSerif.CompositeFont', 'GlobalUserInterface.CompositeFont', 'GLSNECB.TTF', 'GOTHIC.TTF', 'GOTHICB.TTF', 'GOTHICBI.TTF', 'GOTHICI.TTF', 'GOUDOS.TTF', 'GOUDOSB.TTF', 'GOUDOSI.TTF', 'GOUDYSTO.TTF', 'h8514fix.fon', 'h8514oem.fon', 'h8514sys.fon', 'HARLOWSI.TTF', 'HARNGTON.TTF', 'HATTEN.TTF', 'HGB1X_CNKI.ttf', 'HGB1_CNKI.ttf', 'HGB2X_CNKI.ttf', 'HGB2_CNKI.ttf', 'HGB3X_CNKI.ttf', 'HGB3_CNKI.ttf', 'HGB4X_CNKI.ttf', 'HGB4_CNKI.ttf', 'HGB5X_CNKI.ttf', 'HGB5_CNKI.ttf', 'HGB6X_CNKI.ttf', 'HGB6_CNKI.ttf', 'HGB7X_CNKI.ttf', 'HGB7_CNKI.ttf', 'HGB8X_CNKI.ttf', 'HGB8_CNKI.ttf', 'HGBD_CNKI.ttf', 'HGBKBX_CNKI.ttf', 'HGBKB_CNKI.ttf', 'HGBKHX_CNKI.ttf', 'HGBKH_CNKI.ttf', 'HGBS1_CNKI.TTF', 'HGBS2_CNKI.TTF', 'HGBS_CNKI.TTF', 'HGBTH_CNKI.TTF', 'HGBTS_CNKI.TTF', 'HGBX_CNKI.ttf', 'HGBZ_CNKI.ttf', 'HGCH_CNKI.TTF', 'HGCUH_CNKI.TTF', 'HGCY_CNKI.TTF', 'HGDBS_CNKI.TTF', 'HGDGY_CNKI.TTF', 'HGDH2_CNKI.TTF', 'HGDH_CNKI.TTF', 'HGDYS_CNKI.TTF', 'HGDY_CNKI.ttf', 'HGF1X_CNKI.ttf', 'HGF1_CNKI.ttf', 'HGF2X_CNKI.ttf', 'HGF2_CNKI.ttf', 'HGF3_CNKI.ttf', 'HGF4X_CNKI.ttf', 'HGF4_CNKI.ttf', 'HGF5X_CNKI.ttf', 'HGF5_CNKI.ttf', 'HGF6X_CNKI.ttf', 'HGF6_CNKI.ttf', 'HGF7X_CNKI.ttf', 'HGF7_CNKI.ttf', 'HGF8_CNKI.ttf', 'HGF9X_CNKI.ttf', 'HGF9_CNKI.ttf', 'HGFS1_CNKI.TTF', 'HGFS2_CNKI.TTF', 'HGFSH_CNKI.TTF', 'HGFS_CNKI.TTF', 'HGFX_CNKI.ttf', 'HGFZ_CNKI.ttf', 'HGGG_CNKI.TTF', 'HGH1X_CNKI.ttf', 'HGH1_CNKI.ttf', 'HGH2X_CNKI.ttf', 'HGH2_CNKI.ttf', 'HGH3X_CNKI.ttf', 'HGH3_CNKI.ttf', 'HGH4X_CNKI.ttf', 'HGH4_CNKI.ttf', 'HGH5X_CNKI.ttf', 'HGH5_CNKI.ttf', 'HGH6X_CNKI.ttf', 'HGH6_CNKI.ttf', 'HGH7X_CNKI.ttf', 'HGH7_CNKI.ttf', 'HGHB_CNKI.TTF', 'HGHD_CNKI.ttf', 'HGHP_CNKI.TTF', 'HGHT1_CNKI.ttf', 'HGHT2_CNKI.ttf', 'HGHUATI_CNKI.ttf', 'HGHX_CNKI.ttf', 'HGHZ_CNKI.ttf', 'HGH_CNKI.TTF', 'HGKT1_CNKI.TTF', 'HGKT2_CNKI.TTF', 'HGKT_CNKI.TTF', 'HGKY_CNKI.ttf', 'HGLB_CNKI.TTF', 'HGLS_CNKI.TTF', 'HGMH_CNKI.TTF', 'HGNBS_CNKI.ttf', 'HGOCR_CNKI.ttf', 'HGPH_CNKI.TTF', 'HGPTY_CNKI.TTF', 'HGSS1_CNKI.TTF', 'HGSS2_CNKI.TTF', 'HGSS_CNKI.TTF', 'HGSXT_CNKI.ttf', 'HGTT_CNKI.ttf', 'HGTX_CNKI.TTF', 'HGWT_CNKI.TTF', 'HGWYS_CNKI.TTF', 'HGX1X_CNKI.ttf', 'HGX1_CNKI.ttf', 'HGXBS_CNKI.TTF', 'HGXC_CNKI.TTF', 'HGXF1_CNKI.ttf', 'HGXFX_CNKI.ttf', 'HGXFZ_CNKI.ttf', 'HGXH1_CNKI.TTF', 'HGXH_CNKI.TTF', 'HGXK_CNKI.TTF', 'HGXL_CNKI.TTF', 'HGXS_CNKI.TTF', 'HGXT_CNKI.ttf', 'HGXY_CNKI.ttf', 'HGY1_CNKI.TTF', 'HGY2_CNKI.TTF', 'HGY3_CNKI.TTF', 'HGY4_CNKI.TTF', 'HGYB_CNKI.ttf', 'HGYT1_CNKI.ttf', 'HGYT2_CNKI.ttf', 'HGYT_CNKI.TTF', 'HGYX_CNKI.TTF', 'HGZCS_CNKI.TTF', 'HGZDX_CNKI.TTF', 'HGZK_CNKI.TTF', 'HGZYT_CNKI.TTF', 'HGZY_CNKI.TTF', 'himalaya.ttf', 'holomdl2.ttf', 'HTOWERT.TTF', 'HTOWERTI.TTF', 'hvgafix.fon', 'hvgasys.fon', 'impact.ttf', 'IMPRISHA.TTF', 'INFROMAN.TTF', 'Inkfree.ttf', 'iqiyi_logov7.ttf', 'ITCBLKAD.TTF', 'ITCEDSCR.TTF', 'ITCKRIST.TTF', 'j8514fix.fon', 'j8514oem.fon', 'j8514sys.fon', 'javatext.ttf', 'JOKERMAN.TTF', 'jsmalle.fon', 'jsmallf.fon', 'JUICE___.TTF', 'jvgafix.fon', 'jvgasys.fon', 'KUNSTLER.TTF', 'LATINWD.TTF', 'LBRITE.TTF', 'LBRITED.TTF', 'LBRITEDI.TTF', 'LBRITEI.TTF', 'LCALLIG.TTF', 'LeelaUIb.ttf', 'LeelawUI.ttf', 'LeelUIsl.ttf', 'LFAX.TTF', 'LFAXD.TTF', 'LFAXDI.TTF', 'LFAXI.TTF', 'LHANDW.TTF', 'LSANS.TTF', 'LSANSD.TTF', 'LSANSDI.TTF', 'LSANSI.TTF', 'LTYPE.TTF', 'LTYPEB.TTF', 'LTYPEBO.TTF', 'LTYPEO.TTF', 'lucon.ttf', 'l_10646.ttf', 'MAGNETOB.TTF', 'MAIAN.TTF', 'malgun.ttf', 'malgunbd.ttf', 'malgunsl.ttf', 'marlett.ttf', 'MATURASC.TTF', 'micross.ttf', 'mingliub.ttc', 'MISTRAL.TTF', 'mmrtext.ttf', 'mmrtextb.ttf', 'MOD20.TTF', 'modern.fon', 'monbaiti.ttf', 'msgothic.ttc', 'msjh.ttc', 'msjhbd.ttc', 'msjhl.ttc', 'msyh.ttc', 'msyhbd.ttc', 'msyhl.ttc', 'msyi.ttf', 'MTCORSVA.TTF', 'MTEXTRA.TTF', 'mvboli.ttf', 'NIAGENG.TTF', 'NIAGSOL.TTF', 'Nirmala.ttf', 'NirmalaB.ttf', 'NirmalaS.ttf', 'ntailu.ttf', 'ntailub.ttf', 'NumberOnly.ttf', 'OCRAEXT.TTF', 'OLDENGL.TTF', 'ONYX.TTF', 'OUTLOOK.TTF', 'pala.ttf', 'palab.ttf', 'palabi.ttf', 'palai.ttf', 'PALSCRI.TTF', 'PAPYRUS.TTF', 'PARCHM.TTF', 'PERBI___.TTF', 'PERB____.TTF', 'PERI____.TTF', 'PERTIBD.TTF', 'PERTILI.TTF', 'PER_____.TTF', 'phagspa.ttf', 'phagspab.ttf', 'PLAYBILL.TTF', 'POORICH.TTF', 'PRISTINA.TTF', 'RAGE.TTF', 'RAVIE.TTF', 'REFSAN.TTF', 'REFSPCL.TTF', 'ROCCB___.TTF', 'ROCC____.TTF', 'ROCK.TTF', 'ROCKB.TTF', 'ROCKBI.TTF', 'ROCKEB.TTF', 'ROCKI.TTF', 'roman.fon', 's8514fix.fon', 's8514oem.fon', 's8514sys.fon', 'SCHLBKB.TTF', 'SCHLBKBI.TTF', 'SCHLBKI.TTF', 'script.fon', 'SCRIPTBL.TTF', 'segmdl2.ttf', 'SegoeIcons.ttf', 'segoepr.ttf', 'segoeprb.ttf', 'segoesc.ttf', 'segoescb.ttf', 'segoeui.ttf', 'segoeuib.ttf', 'segoeuii.ttf', 'segoeuil.ttf', 'segoeuisl.ttf', 'segoeuiz.ttf', 'seguibl.ttf', 'seguibli.ttf', 'seguiemj.ttf', 'seguihis.ttf', 'seguili.ttf', 'seguisb.ttf', 'seguisbi.ttf', 'seguisli.ttf', 'seguisym.ttf', 'SegUIVar.ttf', 'sere1255.fon', 'sere1256.fon', 'sere1257.fon', 'serf1255.fon', 'serf1256.fon', 'serf1257.fon', 'serife.fon', 'serifee.fon', 'serifeg.fon', 'serifer.fon', 'serifet.fon', 'seriff.fon', 'seriffe.fon', 'seriffg.fon', 'seriffr.fon', 'serifft.fon', 'SHOWG.TTF', 'simfang.ttf', 'simhei.ttf', 'simkai.ttf', 'SIMLI.TTF', 'simsun.ttc', 'simsunb.ttf', 'SIMYOU.TTF', 'SitkaVF-Italic.ttf', 'SitkaVF.ttf', 'smae1255.fon', 'smae1256.fon', 'smae1257.fon', 'smaf1255.fon', 'smaf1256.fon', 'smaf1257.fon', 'smalle.fon', 'smallee.fon', 'smalleg.fon', 'smaller.fon', 'smallet.fon', 'smallf.fon', 'smallfe.fon', 'smallfg.fon', 'smallfr.fon', 'smallft.fon', 'SNAP____.TTF', 'ssee1255.fon', 'ssee1256.fon', 'ssee1257.fon', 'ssee874.fon', 'ssef1255.fon', 'ssef1256.fon', 'ssef1257.fon', 'ssef874.fon', 'sserife.fon', 'sserifee.fon', 'sserifeg.fon', 'sserifer.fon', 'sserifet.fon', 'sseriff.fon', 'sseriffe.fon', 'sseriffg.fon', 'sseriffr.fon', 'sserifft.fon', 'StaticCache.dat', 'STCAIYUN.TTF', 'STENCIL.TTF', 'STFANGSO.TTF', 'STHUPO.TTF', 'STKAITI.TTF', 'STLITI.TTF', 'STSONG.TTF', 'STXIHEI.TTF', 'STXINGKA.TTF', 'STXINWEI.TTF', 'STZHONGS.TTF', 'svgafix.fon', 'svgasys.fon', 'sylfaen.ttf', 'symbol.ttf', 'tahoma.ttf', 'tahomabd.ttf', 'taile.ttf', 'taileb.ttf', 'TCBI____.TTF', 'TCB_____.TTF', 'TCCB____.TTF', 'TCCEB.TTF', 'TCCM____.TTF', 'TCMI____.TTF', 'TCM_____.TTF', 'TEMPSITC.TTF', 'times.ttf', 'timesbd.ttf', 'timesbi.ttf', 'timesi.ttf', 'trebuc.ttf', 'trebucbd.ttf', 'trebucbi.ttf', 'trebucit.ttf', 'verdana.ttf', 'verdanab.ttf', 'verdanai.ttf', 'verdanaz.ttf', 'vga737.fon', 'vga775.fon', 'vga850.fon', 'vga852.fon', 'vga855.fon', 'vga857.fon', 'vga860.fon', 'vga861.fon', 'vga863.fon', 'vga865.fon', 'vga866.fon', 'vga869.fon', 'vga932.fon', 'vga936.fon', 'vga949.fon', 'vga950.fon', 'vgaf1255.fon', 'vgaf1256.fon', 'vgaf1257.fon', 'vgaf874.fon', 'vgafix.fon', 'vgafixe.fon', 'vgafixg.fon', 'vgafixr.fon', 'vgafixt.fon', 'vgaoem.fon', 'vgas1255.fon', 'vgas1256.fon', 'vgas1257.fon', 'vgas874.fon', 'vgasys.fon', 'vgasyse.fon', 'vgasysg.fon', 'vgasysr.fon', 'vgasyst.fon', 'VINERITC.TTF', 'VIVALDII.TTF', 'VLADIMIR.TTF', 'webdings.ttf', 'wingding.ttf', 'WINGDNG2.TTF', 'WINGDNG3.TTF', 'YuGothB.ttc', 'YuGothL.ttc', 'YuGothM.ttc', 'YuGothR.ttc', '\u534e\u5eb7\u65b9\u5706\u4f53W7.TTC', '\u65b9\u6b63\u7c97\u9ed1\u5b8b\u7b80\u4f53.ttf']
2023-09-27 15:15:46,551 - INFO - all fonts installed:['8514fix.fon', '8514fixe.fon', '8514fixg.fon', '8514fixr.fon', '8514fixt.fon', '8514oem.fon', '8514oeme.fon', '8514oemg.fon', '8514oemr.fon', '8514oemt.fon', '8514sys.fon', '8514syse.fon', '8514sysg.fon', '8514sysr.fon', '8514syst.fon', '85775.fon', '85855.fon', '85f1255.fon', '85f1256.fon', '85f1257.fon', '85f874.fon', '85s1255.fon', '85s1256.fon', '85s1257.fon', '85s874.fon', 'AGENCYB.TTF', 'AGENCYR.TTF', 'ALGER.TTF', 'ANTQUAB.TTF', 'ANTQUABI.TTF', 'ANTQUAI.TTF', 'app775.fon', 'app850.fon', 'app852.fon', 'app855.fon', 'app857.fon', 'app866.fon', 'app932.fon', 'app936.fon', 'app949.fon', 'app950.fon', 'arial.ttf', 'arialbd.ttf', 'arialbi.ttf', 'ariali.ttf', 'ARIALN.TTF', 'ARIALNB.TTF', 'ARIALNBI.TTF', 'ARIALNI.TTF', 'ariblk.ttf', 'ARLRDBD.TTF', 'AxureHandwriting-Bold.otf', 'AxureHandwriting-BoldItalic.otf', 'AxureHandwriting-Italic.otf', 'AxureHandwriting.otf', 'bahnschrift.ttf', 'BASKVILL.TTF', 'BAUHS93.TTF', 'BELL.TTF', 'BELLB.TTF', 'BELLI.TTF', 'BERNHC.TTF', 'BKANT.TTF', 'BOD_B.TTF', 'BOD_BI.TTF', 'BOD_BLAI.TTF', 'BOD_BLAR.TTF', 'BOD_CB.TTF', 'BOD_CBI.TTF', 'BOD_CI.TTF', 'BOD_CR.TTF', 'BOD_I.TTF', 'BOD_PSTC.TTF', 'BOD_R.TTF', 'BOOKOS.TTF', 'BOOKOSB.TTF', 'BOOKOSBI.TTF', 'BOOKOSI.TTF', 'BRADHITC.TTF', 'BRITANIC.TTF', 'BRLNSB.TTF', 'BRLNSDB.TTF', 'BRLNSR.TTF', 'BROADW.TTF', 'BRUSHSCI.TTF', 'BSSYM7.TTF', 'c8514fix.fon', 'c8514oem.fon', 'c8514sys.fon', 'calibri.ttf', 'calibrib.ttf', 'calibrii.ttf', 'calibril.ttf', 'calibrili.ttf', 'calibriz.ttf', 'CALIFB.TTF', 'CALIFI.TTF', 'CALIFR.TTF', 'CALIST.TTF', 'CALISTB.TTF', 'CALISTBI.TTF', 'CALISTI.TTF', 'cambria.ttc', 'cambriab.ttf', 'cambriai.ttf', 'cambriaz.ttf', 'Candara.ttf', 'Candarab.ttf', 'Candarai.ttf', 'Candaral.ttf', 'Candarali.ttf', 'Candaraz.ttf', 'CascadiaCode.ttf', 'CascadiaMono.ttf', 'CASTELAR.TTF', 'CENSCBK.TTF', 'CENTAUR.TTF', 'CENTURY.TTF', 'cga40737.fon', 'cga40850.fon', 'cga40852.fon', 'cga40857.fon', 'cga40866.fon', 'cga40869.fon', 'cga40woa.fon', 'cga80737.fon', 'cga80850.fon', 'cga80852.fon', 'cga80857.fon', 'cga80866.fon', 'cga80869.fon', 'cga80woa.fon', 'CHILLER.TTF', 'COLONNA.TTF', 'comic.ttf', 'comicbd.ttf', 'comici.ttf', 'comicz.ttf', 'consola.ttf', 'consolab.ttf', 'consolai.ttf', 'consolaz.ttf', 'constan.ttf', 'constanb.ttf', 'constani.ttf', 'constanz.ttf', 'COOPBL.TTF', 'COPRGTB.TTF', 'COPRGTL.TTF', 'corbel.ttf', 'corbelb.ttf', 'corbeli.ttf', 'corbell.ttf', 'corbelli.ttf', 'corbelz.ttf', 'coue1255.fon', 'coue1256.fon', 'coue1257.fon', 'couf1255.fon', 'couf1256.fon', 'couf1257.fon', 'cour.ttf', 'courbd.ttf', 'courbi.ttf', 'coure.fon', 'couree.fon', 'coureg.fon', 'courer.fon', 'couret.fon', 'courf.fon', 'courfe.fon', 'courfg.fon', 'courfr.fon', 'courft.fon', 'couri.ttf', 'CURLZ___.TTF', 'cvgafix.fon', 'cvgasys.fon', 'Deng.ttf', 'Dengb.ttf', 'Dengl.ttf', 'desktop.ini', 'dos737.fon', 'dos869.fon', 'dosapp.fon', 'DUBAI-BOLD.TTF', 'DUBAI-LIGHT.TTF', 'DUBAI-MEDIUM.TTF', 'DUBAI-REGULAR.TTF', 'ebrima.ttf', 'ebrimabd.ttf', 'ega40737.fon', 'ega40850.fon', 'ega40852.fon', 'ega40857.fon', 'ega40866.fon', 'ega40869.fon', 'ega40woa.fon', 'ega80737.fon', 'ega80850.fon', 'ega80852.fon', 'ega80857.fon', 'ega80866.fon', 'ega80869.fon', 'ega80woa.fon', 'ELEPHNT.TTF', 'ELEPHNTI.TTF', 'ENGR.TTF', 'ERASBD.TTF', 'ERASDEMI.TTF', 'ERASLGHT.TTF', 'ERASMD.TTF', 'FELIXTI.TTF', 'fms_metadata.xml', 'FORTE.TTF', 'FRABK.TTF', 'FRABKIT.TTF', 'FRADM.TTF', 'FRADMCN.TTF', 'FRADMIT.TTF', 'FRAHV.TTF', 'FRAHVIT.TTF', 'framd.ttf', 'FRAMDCN.TTF', 'framdit.ttf', 'FREESCPT.TTF', 'FRSCRIPT.TTF', 'FTLTLT.TTF', 'FZSTK.TTF', 'FZYTK.TTF', 'Gabriola.ttf', 'gadugi.ttf', 'gadugib.ttf', 'GARA.TTF', 'GARABD.TTF', 'GARAIT.TTF', 'georgia.ttf', 'georgiab.ttf', 'georgiai.ttf', 'georgiaz.ttf', 'GIGI.TTF', 'GILBI___.TTF', 'GILB____.TTF', 'GILC____.TTF', 'GILI____.TTF', 'GILLUBCD.TTF', 'GILSANUB.TTF', 'GIL_____.TTF', 'GLECB.TTF', 'GlobalMonospace.CompositeFont', 'GlobalSansSerif.CompositeFont', 'GlobalSerif.CompositeFont', 'GlobalUserInterface.CompositeFont', 'GLSNECB.TTF', 'GOTHIC.TTF', 'GOTHICB.TTF', 'GOTHICBI.TTF', 'GOTHICI.TTF', 'GOUDOS.TTF', 'GOUDOSB.TTF', 'GOUDOSI.TTF', 'GOUDYSTO.TTF', 'h8514fix.fon', 'h8514oem.fon', 'h8514sys.fon', 'HARLOWSI.TTF', 'HARNGTON.TTF', 'HATTEN.TTF', 'HGB1X_CNKI.ttf', 'HGB1_CNKI.ttf', 'HGB2X_CNKI.ttf', 'HGB2_CNKI.ttf', 'HGB3X_CNKI.ttf', 'HGB3_CNKI.ttf', 'HGB4X_CNKI.ttf', 'HGB4_CNKI.ttf', 'HGB5X_CNKI.ttf', 'HGB5_CNKI.ttf', 'HGB6X_CNKI.ttf', 'HGB6_CNKI.ttf', 'HGB7X_CNKI.ttf', 'HGB7_CNKI.ttf', 'HGB8X_CNKI.ttf', 'HGB8_CNKI.ttf', 'HGBD_CNKI.ttf', 'HGBKBX_CNKI.ttf', 'HGBKB_CNKI.ttf', 'HGBKHX_CNKI.ttf', 'HGBKH_CNKI.ttf', 'HGBS1_CNKI.TTF', 'HGBS2_CNKI.TTF', 'HGBS_CNKI.TTF', 'HGBTH_CNKI.TTF', 'HGBTS_CNKI.TTF', 'HGBX_CNKI.ttf', 'HGBZ_CNKI.ttf', 'HGCH_CNKI.TTF', 'HGCUH_CNKI.TTF', 'HGCY_CNKI.TTF', 'HGDBS_CNKI.TTF', 'HGDGY_CNKI.TTF', 'HGDH2_CNKI.TTF', 'HGDH_CNKI.TTF', 'HGDYS_CNKI.TTF', 'HGDY_CNKI.ttf', 'HGF1X_CNKI.ttf', 'HGF1_CNKI.ttf', 'HGF2X_CNKI.ttf', 'HGF2_CNKI.ttf', 'HGF3_CNKI.ttf', 'HGF4X_CNKI.ttf', 'HGF4_CNKI.ttf', 'HGF5X_CNKI.ttf', 'HGF5_CNKI.ttf', 'HGF6X_CNKI.ttf', 'HGF6_CNKI.ttf', 'HGF7X_CNKI.ttf', 'HGF7_CNKI.ttf', 'HGF8_CNKI.ttf', 'HGF9X_CNKI.ttf', 'HGF9_CNKI.ttf', 'HGFS1_CNKI.TTF', 'HGFS2_CNKI.TTF', 'HGFSH_CNKI.TTF', 'HGFS_CNKI.TTF', 'HGFX_CNKI.ttf', 'HGFZ_CNKI.ttf', 'HGGG_CNKI.TTF', 'HGH1X_CNKI.ttf', 'HGH1_CNKI.ttf', 'HGH2X_CNKI.ttf', 'HGH2_CNKI.ttf', 'HGH3X_CNKI.ttf', 'HGH3_CNKI.ttf', 'HGH4X_CNKI.ttf', 'HGH4_CNKI.ttf', 'HGH5X_CNKI.ttf', 'HGH5_CNKI.ttf', 'HGH6X_CNKI.ttf', 'HGH6_CNKI.ttf', 'HGH7X_CNKI.ttf', 'HGH7_CNKI.ttf', 'HGHB_CNKI.TTF', 'HGHD_CNKI.ttf', 'HGHP_CNKI.TTF', 'HGHT1_CNKI.ttf', 'HGHT2_CNKI.ttf', 'HGHUATI_CNKI.ttf', 'HGHX_CNKI.ttf', 'HGHZ_CNKI.ttf', 'HGH_CNKI.TTF', 'HGKT1_CNKI.TTF', 'HGKT2_CNKI.TTF', 'HGKT_CNKI.TTF', 'HGKY_CNKI.ttf', 'HGLB_CNKI.TTF', 'HGLS_CNKI.TTF', 'HGMH_CNKI.TTF', 'HGNBS_CNKI.ttf', 'HGOCR_CNKI.ttf', 'HGPH_CNKI.TTF', 'HGPTY_CNKI.TTF', 'HGSS1_CNKI.TTF', 'HGSS2_CNKI.TTF', 'HGSS_CNKI.TTF', 'HGSXT_CNKI.ttf', 'HGTT_CNKI.ttf', 'HGTX_CNKI.TTF', 'HGWT_CNKI.TTF', 'HGWYS_CNKI.TTF', 'HGX1X_CNKI.ttf', 'HGX1_CNKI.ttf', 'HGXBS_CNKI.TTF', 'HGXC_CNKI.TTF', 'HGXF1_CNKI.ttf', 'HGXFX_CNKI.ttf', 'HGXFZ_CNKI.ttf', 'HGXH1_CNKI.TTF', 'HGXH_CNKI.TTF', 'HGXK_CNKI.TTF', 'HGXL_CNKI.TTF', 'HGXS_CNKI.TTF', 'HGXT_CNKI.ttf', 'HGXY_CNKI.ttf', 'HGY1_CNKI.TTF', 'HGY2_CNKI.TTF', 'HGY3_CNKI.TTF', 'HGY4_CNKI.TTF', 'HGYB_CNKI.ttf', 'HGYT1_CNKI.ttf', 'HGYT2_CNKI.ttf', 'HGYT_CNKI.TTF', 'HGYX_CNKI.TTF', 'HGZCS_CNKI.TTF', 'HGZDX_CNKI.TTF', 'HGZK_CNKI.TTF', 'HGZYT_CNKI.TTF', 'HGZY_CNKI.TTF', 'himalaya.ttf', 'holomdl2.ttf', 'HTOWERT.TTF', 'HTOWERTI.TTF', 'hvgafix.fon', 'hvgasys.fon', 'impact.ttf', 'IMPRISHA.TTF', 'INFROMAN.TTF', 'Inkfree.ttf', 'iqiyi_logov7.ttf', 'ITCBLKAD.TTF', 'ITCEDSCR.TTF', 'ITCKRIST.TTF', 'j8514fix.fon', 'j8514oem.fon', 'j8514sys.fon', 'javatext.ttf', 'JOKERMAN.TTF', 'jsmalle.fon', 'jsmallf.fon', 'JUICE___.TTF', 'jvgafix.fon', 'jvgasys.fon', 'KUNSTLER.TTF', 'LATINWD.TTF', 'LBRITE.TTF', 'LBRITED.TTF', 'LBRITEDI.TTF', 'LBRITEI.TTF', 'LCALLIG.TTF', 'LeelaUIb.ttf', 'LeelawUI.ttf', 'LeelUIsl.ttf', 'LFAX.TTF', 'LFAXD.TTF', 'LFAXDI.TTF', 'LFAXI.TTF', 'LHANDW.TTF', 'LSANS.TTF', 'LSANSD.TTF', 'LSANSDI.TTF', 'LSANSI.TTF', 'LTYPE.TTF', 'LTYPEB.TTF', 'LTYPEBO.TTF', 'LTYPEO.TTF', 'lucon.ttf', 'l_10646.ttf', 'MAGNETOB.TTF', 'MAIAN.TTF', 'malgun.ttf', 'malgunbd.ttf', 'malgunsl.ttf', 'marlett.ttf', 'MATURASC.TTF', 'micross.ttf', 'mingliub.ttc', 'MISTRAL.TTF', 'mmrtext.ttf', 'mmrtextb.ttf', 'MOD20.TTF', 'modern.fon', 'monbaiti.ttf', 'msgothic.ttc', 'msjh.ttc', 'msjhbd.ttc', 'msjhl.ttc', 'msyh.ttc', 'msyhbd.ttc', 'msyhl.ttc', 'msyi.ttf', 'MTCORSVA.TTF', 'MTEXTRA.TTF', 'mvboli.ttf', 'NIAGENG.TTF', 'NIAGSOL.TTF', 'Nirmala.ttf', 'NirmalaB.ttf', 'NirmalaS.ttf', 'ntailu.ttf', 'ntailub.ttf', 'NumberOnly.ttf', 'OCRAEXT.TTF', 'OLDENGL.TTF', 'ONYX.TTF', 'OUTLOOK.TTF', 'pala.ttf', 'palab.ttf', 'palabi.ttf', 'palai.ttf', 'PALSCRI.TTF', 'PAPYRUS.TTF', 'PARCHM.TTF', 'PERBI___.TTF', 'PERB____.TTF', 'PERI____.TTF', 'PERTIBD.TTF', 'PERTILI.TTF', 'PER_____.TTF', 'phagspa.ttf', 'phagspab.ttf', 'PLAYBILL.TTF', 'POORICH.TTF', 'PRISTINA.TTF', 'RAGE.TTF', 'RAVIE.TTF', 'REFSAN.TTF', 'REFSPCL.TTF', 'ROCCB___.TTF', 'ROCC____.TTF', 'ROCK.TTF', 'ROCKB.TTF', 'ROCKBI.TTF', 'ROCKEB.TTF', 'ROCKI.TTF', 'roman.fon', 's8514fix.fon', 's8514oem.fon', 's8514sys.fon', 'SCHLBKB.TTF', 'SCHLBKBI.TTF', 'SCHLBKI.TTF', 'script.fon', 'SCRIPTBL.TTF', 'segmdl2.ttf', 'SegoeIcons.ttf', 'segoepr.ttf', 'segoeprb.ttf', 'segoesc.ttf', 'segoescb.ttf', 'segoeui.ttf', 'segoeuib.ttf', 'segoeuii.ttf', 'segoeuil.ttf', 'segoeuisl.ttf', 'segoeuiz.ttf', 'seguibl.ttf', 'seguibli.ttf', 'seguiemj.ttf', 'seguihis.ttf', 'seguili.ttf', 'seguisb.ttf', 'seguisbi.ttf', 'seguisli.ttf', 'seguisym.ttf', 'SegUIVar.ttf', 'sere1255.fon', 'sere1256.fon', 'sere1257.fon', 'serf1255.fon', 'serf1256.fon', 'serf1257.fon', 'serife.fon', 'serifee.fon', 'serifeg.fon', 'serifer.fon', 'serifet.fon', 'seriff.fon', 'seriffe.fon', 'seriffg.fon', 'seriffr.fon', 'serifft.fon', 'SHOWG.TTF', 'simfang.ttf', 'simhei.ttf', 'simkai.ttf', 'SIMLI.TTF', 'simsun.ttc', 'simsunb.ttf', 'SIMYOU.TTF', 'SitkaVF-Italic.ttf', 'SitkaVF.ttf', 'smae1255.fon', 'smae1256.fon', 'smae1257.fon', 'smaf1255.fon', 'smaf1256.fon', 'smaf1257.fon', 'smalle.fon', 'smallee.fon', 'smalleg.fon', 'smaller.fon', 'smallet.fon', 'smallf.fon', 'smallfe.fon', 'smallfg.fon', 'smallfr.fon', 'smallft.fon', 'SNAP____.TTF', 'ssee1255.fon', 'ssee1256.fon', 'ssee1257.fon', 'ssee874.fon', 'ssef1255.fon', 'ssef1256.fon', 'ssef1257.fon', 'ssef874.fon', 'sserife.fon', 'sserifee.fon', 'sserifeg.fon', 'sserifer.fon', 'sserifet.fon', 'sseriff.fon', 'sseriffe.fon', 'sseriffg.fon', 'sseriffr.fon', 'sserifft.fon', 'StaticCache.dat', 'STCAIYUN.TTF', 'STENCIL.TTF', 'STFANGSO.TTF', 'STHUPO.TTF', 'STKAITI.TTF', 'STLITI.TTF', 'STSONG.TTF', 'STXIHEI.TTF', 'STXINGKA.TTF', 'STXINWEI.TTF', 'STZHONGS.TTF', 'svgafix.fon', 'svgasys.fon', 'sylfaen.ttf', 'symbol.ttf', 'tahoma.ttf', 'tahomabd.ttf', 'taile.ttf', 'taileb.ttf', 'TCBI____.TTF', 'TCB_____.TTF', 'TCCB____.TTF', 'TCCEB.TTF', 'TCCM____.TTF', 'TCMI____.TTF', 'TCM_____.TTF', 'TEMPSITC.TTF', 'times.ttf', 'timesbd.ttf', 'timesbi.ttf', 'timesi.ttf', 'trebuc.ttf', 'trebucbd.ttf', 'trebucbi.ttf', 'trebucit.ttf', 'verdana.ttf', 'verdanab.ttf', 'verdanai.ttf', 'verdanaz.ttf', 'vga737.fon', 'vga775.fon', 'vga850.fon', 'vga852.fon', 'vga855.fon', 'vga857.fon', 'vga860.fon', 'vga861.fon', 'vga863.fon', 'vga865.fon', 'vga866.fon', 'vga869.fon', 'vga932.fon', 'vga936.fon', 'vga949.fon', 'vga950.fon', 'vgaf1255.fon', 'vgaf1256.fon', 'vgaf1257.fon', 'vgaf874.fon', 'vgafix.fon', 'vgafixe.fon', 'vgafixg.fon', 'vgafixr.fon', 'vgafixt.fon', 'vgaoem.fon', 'vgas1255.fon', 'vgas1256.fon', 'vgas1257.fon', 'vgas874.fon', 'vgasys.fon', 'vgasyse.fon', 'vgasysg.fon', 'vgasysr.fon', 'vgasyst.fon', 'VINERITC.TTF', 'VIVALDII.TTF', 'VLADIMIR.TTF', 'webdings.ttf', 'wingding.ttf', 'WINGDNG2.TTF', 'WINGDNG3.TTF', 'YuGothB.ttc', 'YuGothL.ttc', 'YuGothM.ttc', 'YuGothR.ttc', '\u534e\u5eb7\u65b9\u5706\u4f53W7.TTC', '\u65b9\u6b63\u7c97\u9ed1\u5b8b\u7b80\u4f53.ttf']
2023-09-27 15:15:46,555 - INFO - all fonts installed:['8514fix.fon', '8514fixe.fon', '8514fixg.fon', '8514fixr.fon', '8514fixt.fon', '8514oem.fon', '8514oeme.fon', '8514oemg.fon', '8514oemr.fon', '8514oemt.fon', '8514sys.fon', '8514syse.fon', '8514sysg.fon', '8514sysr.fon', '8514syst.fon', '85775.fon', '85855.fon', '85f1255.fon', '85f1256.fon', '85f1257.fon', '85f874.fon', '85s1255.fon', '85s1256.fon', '85s1257.fon', '85s874.fon', 'AGENCYB.TTF', 'AGENCYR.TTF', 'ALGER.TTF', 'ANTQUAB.TTF', 'ANTQUABI.TTF', 'ANTQUAI.TTF', 'app775.fon', 'app850.fon', 'app852.fon', 'app855.fon', 'app857.fon', 'app866.fon', 'app932.fon', 'app936.fon', 'app949.fon', 'app950.fon', 'arial.ttf', 'arialbd.ttf', 'arialbi.ttf', 'ariali.ttf', 'ARIALN.TTF', 'ARIALNB.TTF', 'ARIALNBI.TTF', 'ARIALNI.TTF', 'ariblk.ttf', 'ARLRDBD.TTF', 'AxureHandwriting-Bold.otf', 'AxureHandwriting-BoldItalic.otf', 'AxureHandwriting-Italic.otf', 'AxureHandwriting.otf', 'bahnschrift.ttf', 'BASKVILL.TTF', 'BAUHS93.TTF', 'BELL.TTF', 'BELLB.TTF', 'BELLI.TTF', 'BERNHC.TTF', 'BKANT.TTF', 'BOD_B.TTF', 'BOD_BI.TTF', 'BOD_BLAI.TTF', 'BOD_BLAR.TTF', 'BOD_CB.TTF', 'BOD_CBI.TTF', 'BOD_CI.TTF', 'BOD_CR.TTF', 'BOD_I.TTF', 'BOD_PSTC.TTF', 'BOD_R.TTF', 'BOOKOS.TTF', 'BOOKOSB.TTF', 'BOOKOSBI.TTF', 'BOOKOSI.TTF', 'BRADHITC.TTF', 'BRITANIC.TTF', 'BRLNSB.TTF', 'BRLNSDB.TTF', 'BRLNSR.TTF', 'BROADW.TTF', 'BRUSHSCI.TTF', 'BSSYM7.TTF', 'c8514fix.fon', 'c8514oem.fon', 'c8514sys.fon', 'calibri.ttf', 'calibrib.ttf', 'calibrii.ttf', 'calibril.ttf', 'calibrili.ttf', 'calibriz.ttf', 'CALIFB.TTF', 'CALIFI.TTF', 'CALIFR.TTF', 'CALIST.TTF', 'CALISTB.TTF', 'CALISTBI.TTF', 'CALISTI.TTF', 'cambria.ttc', 'cambriab.ttf', 'cambriai.ttf', 'cambriaz.ttf', 'Candara.ttf', 'Candarab.ttf', 'Candarai.ttf', 'Candaral.ttf', 'Candarali.ttf', 'Candaraz.ttf', 'CascadiaCode.ttf', 'CascadiaMono.ttf', 'CASTELAR.TTF', 'CENSCBK.TTF', 'CENTAUR.TTF', 'CENTURY.TTF', 'cga40737.fon', 'cga40850.fon', 'cga40852.fon', 'cga40857.fon', 'cga40866.fon', 'cga40869.fon', 'cga40woa.fon', 'cga80737.fon', 'cga80850.fon', 'cga80852.fon', 'cga80857.fon', 'cga80866.fon', 'cga80869.fon', 'cga80woa.fon', 'CHILLER.TTF', 'COLONNA.TTF', 'comic.ttf', 'comicbd.ttf', 'comici.ttf', 'comicz.ttf', 'consola.ttf', 'consolab.ttf', 'consolai.ttf', 'consolaz.ttf', 'constan.ttf', 'constanb.ttf', 'constani.ttf', 'constanz.ttf', 'COOPBL.TTF', 'COPRGTB.TTF', 'COPRGTL.TTF', 'corbel.ttf', 'corbelb.ttf', 'corbeli.ttf', 'corbell.ttf', 'corbelli.ttf', 'corbelz.ttf', 'coue1255.fon', 'coue1256.fon', 'coue1257.fon', 'couf1255.fon', 'couf1256.fon', 'couf1257.fon', 'cour.ttf', 'courbd.ttf', 'courbi.ttf', 'coure.fon', 'couree.fon', 'coureg.fon', 'courer.fon', 'couret.fon', 'courf.fon', 'courfe.fon', 'courfg.fon', 'courfr.fon', 'courft.fon', 'couri.ttf', 'CURLZ___.TTF', 'cvgafix.fon', 'cvgasys.fon', 'Deng.ttf', 'Dengb.ttf', 'Dengl.ttf', 'desktop.ini', 'dos737.fon', 'dos869.fon', 'dosapp.fon', 'DUBAI-BOLD.TTF', 'DUBAI-LIGHT.TTF', 'DUBAI-MEDIUM.TTF', 'DUBAI-REGULAR.TTF', 'ebrima.ttf', 'ebrimabd.ttf', 'ega40737.fon', 'ega40850.fon', 'ega40852.fon', 'ega40857.fon', 'ega40866.fon', 'ega40869.fon', 'ega40woa.fon', 'ega80737.fon', 'ega80850.fon', 'ega80852.fon', 'ega80857.fon', 'ega80866.fon', 'ega80869.fon', 'ega80woa.fon', 'ELEPHNT.TTF', 'ELEPHNTI.TTF', 'ENGR.TTF', 'ERASBD.TTF', 'ERASDEMI.TTF', 'ERASLGHT.TTF', 'ERASMD.TTF', 'FELIXTI.TTF', 'fms_metadata.xml', 'FORTE.TTF', 'FRABK.TTF', 'FRABKIT.TTF', 'FRADM.TTF', 'FRADMCN.TTF', 'FRADMIT.TTF', 'FRAHV.TTF', 'FRAHVIT.TTF', 'framd.ttf', 'FRAMDCN.TTF', 'framdit.ttf', 'FREESCPT.TTF', 'FRSCRIPT.TTF', 'FTLTLT.TTF', 'FZSTK.TTF', 'FZYTK.TTF', 'Gabriola.ttf', 'gadugi.ttf', 'gadugib.ttf', 'GARA.TTF', 'GARABD.TTF', 'GARAIT.TTF', 'georgia.ttf', 'georgiab.ttf', 'georgiai.ttf', 'georgiaz.ttf', 'GIGI.TTF', 'GILBI___.TTF', 'GILB____.TTF', 'GILC____.TTF', 'GILI____.TTF', 'GILLUBCD.TTF', 'GILSANUB.TTF', 'GIL_____.TTF', 'GLECB.TTF', 'GlobalMonospace.CompositeFont', 'GlobalSansSerif.CompositeFont', 'GlobalSerif.CompositeFont', 'GlobalUserInterface.CompositeFont', 'GLSNECB.TTF', 'GOTHIC.TTF', 'GOTHICB.TTF', 'GOTHICBI.TTF', 'GOTHICI.TTF', 'GOUDOS.TTF', 'GOUDOSB.TTF', 'GOUDOSI.TTF', 'GOUDYSTO.TTF', 'h8514fix.fon', 'h8514oem.fon', 'h8514sys.fon', 'HARLOWSI.TTF', 'HARNGTON.TTF', 'HATTEN.TTF', 'HGB1X_CNKI.ttf', 'HGB1_CNKI.ttf', 'HGB2X_CNKI.ttf', 'HGB2_CNKI.ttf', 'HGB3X_CNKI.ttf', 'HGB3_CNKI.ttf', 'HGB4X_CNKI.ttf', 'HGB4_CNKI.ttf', 'HGB5X_CNKI.ttf', 'HGB5_CNKI.ttf', 'HGB6X_CNKI.ttf', 'HGB6_CNKI.ttf', 'HGB7X_CNKI.ttf', 'HGB7_CNKI.ttf', 'HGB8X_CNKI.ttf', 'HGB8_CNKI.ttf', 'HGBD_CNKI.ttf', 'HGBKBX_CNKI.ttf', 'HGBKB_CNKI.ttf', 'HGBKHX_CNKI.ttf', 'HGBKH_CNKI.ttf', 'HGBS1_CNKI.TTF', 'HGBS2_CNKI.TTF', 'HGBS_CNKI.TTF', 'HGBTH_CNKI.TTF', 'HGBTS_CNKI.TTF', 'HGBX_CNKI.ttf', 'HGBZ_CNKI.ttf', 'HGCH_CNKI.TTF', 'HGCUH_CNKI.TTF', 'HGCY_CNKI.TTF', 'HGDBS_CNKI.TTF', 'HGDGY_CNKI.TTF', 'HGDH2_CNKI.TTF', 'HGDH_CNKI.TTF', 'HGDYS_CNKI.TTF', 'HGDY_CNKI.ttf', 'HGF1X_CNKI.ttf', 'HGF1_CNKI.ttf', 'HGF2X_CNKI.ttf', 'HGF2_CNKI.ttf', 'HGF3_CNKI.ttf', 'HGF4X_CNKI.ttf', 'HGF4_CNKI.ttf', 'HGF5X_CNKI.ttf', 'HGF5_CNKI.ttf', 'HGF6X_CNKI.ttf', 'HGF6_CNKI.ttf', 'HGF7X_CNKI.ttf', 'HGF7_CNKI.ttf', 'HGF8_CNKI.ttf', 'HGF9X_CNKI.ttf', 'HGF9_CNKI.ttf', 'HGFS1_CNKI.TTF', 'HGFS2_CNKI.TTF', 'HGFSH_CNKI.TTF', 'HGFS_CNKI.TTF', 'HGFX_CNKI.ttf', 'HGFZ_CNKI.ttf', 'HGGG_CNKI.TTF', 'HGH1X_CNKI.ttf', 'HGH1_CNKI.ttf', 'HGH2X_CNKI.ttf', 'HGH2_CNKI.ttf', 'HGH3X_CNKI.ttf', 'HGH3_CNKI.ttf', 'HGH4X_CNKI.ttf', 'HGH4_CNKI.ttf', 'HGH5X_CNKI.ttf', 'HGH5_CNKI.ttf', 'HGH6X_CNKI.ttf', 'HGH6_CNKI.ttf', 'HGH7X_CNKI.ttf', 'HGH7_CNKI.ttf', 'HGHB_CNKI.TTF', 'HGHD_CNKI.ttf', 'HGHP_CNKI.TTF', 'HGHT1_CNKI.ttf', 'HGHT2_CNKI.ttf', 'HGHUATI_CNKI.ttf', 'HGHX_CNKI.ttf', 'HGHZ_CNKI.ttf', 'HGH_CNKI.TTF', 'HGKT1_CNKI.TTF', 'HGKT2_CNKI.TTF', 'HGKT_CNKI.TTF', 'HGKY_CNKI.ttf', 'HGLB_CNKI.TTF', 'HGLS_CNKI.TTF', 'HGMH_CNKI.TTF', 'HGNBS_CNKI.ttf', 'HGOCR_CNKI.ttf', 'HGPH_CNKI.TTF', 'HGPTY_CNKI.TTF', 'HGSS1_CNKI.TTF', 'HGSS2_CNKI.TTF', 'HGSS_CNKI.TTF', 'HGSXT_CNKI.ttf', 'HGTT_CNKI.ttf', 'HGTX_CNKI.TTF', 'HGWT_CNKI.TTF', 'HGWYS_CNKI.TTF', 'HGX1X_CNKI.ttf', 'HGX1_CNKI.ttf', 'HGXBS_CNKI.TTF', 'HGXC_CNKI.TTF', 'HGXF1_CNKI.ttf', 'HGXFX_CNKI.ttf', 'HGXFZ_CNKI.ttf', 'HGXH1_CNKI.TTF', 'HGXH_CNKI.TTF', 'HGXK_CNKI.TTF', 'HGXL_CNKI.TTF', 'HGXS_CNKI.TTF', 'HGXT_CNKI.ttf', 'HGXY_CNKI.ttf', 'HGY1_CNKI.TTF', 'HGY2_CNKI.TTF', 'HGY3_CNKI.TTF', 'HGY4_CNKI.TTF', 'HGYB_CNKI.ttf', 'HGYT1_CNKI.ttf', 'HGYT2_CNKI.ttf', 'HGYT_CNKI.TTF', 'HGYX_CNKI.TTF', 'HGZCS_CNKI.TTF', 'HGZDX_CNKI.TTF', 'HGZK_CNKI.TTF', 'HGZYT_CNKI.TTF', 'HGZY_CNKI.TTF', 'himalaya.ttf', 'holomdl2.ttf', 'HTOWERT.TTF', 'HTOWERTI.TTF', 'hvgafix.fon', 'hvgasys.fon', 'impact.ttf', 'IMPRISHA.TTF', 'INFROMAN.TTF', 'Inkfree.ttf', 'iqiyi_logov7.ttf', 'ITCBLKAD.TTF', 'ITCEDSCR.TTF', 'ITCKRIST.TTF', 'j8514fix.fon', 'j8514oem.fon', 'j8514sys.fon', 'javatext.ttf', 'JOKERMAN.TTF', 'jsmalle.fon', 'jsmallf.fon', 'JUICE___.TTF', 'jvgafix.fon', 'jvgasys.fon', 'KUNSTLER.TTF', 'LATINWD.TTF', 'LBRITE.TTF', 'LBRITED.TTF', 'LBRITEDI.TTF', 'LBRITEI.TTF', 'LCALLIG.TTF', 'LeelaUIb.ttf', 'LeelawUI.ttf', 'LeelUIsl.ttf', 'LFAX.TTF', 'LFAXD.TTF', 'LFAXDI.TTF', 'LFAXI.TTF', 'LHANDW.TTF', 'LSANS.TTF', 'LSANSD.TTF', 'LSANSDI.TTF', 'LSANSI.TTF', 'LTYPE.TTF', 'LTYPEB.TTF', 'LTYPEBO.TTF', 'LTYPEO.TTF', 'lucon.ttf', 'l_10646.ttf', 'MAGNETOB.TTF', 'MAIAN.TTF', 'malgun.ttf', 'malgunbd.ttf', 'malgunsl.ttf', 'marlett.ttf', 'MATURASC.TTF', 'micross.ttf', 'mingliub.ttc', 'MISTRAL.TTF', 'mmrtext.ttf', 'mmrtextb.ttf', 'MOD20.TTF', 'modern.fon', 'monbaiti.ttf', 'msgothic.ttc', 'msjh.ttc', 'msjhbd.ttc', 'msjhl.ttc', 'msyh.ttc', 'msyhbd.ttc', 'msyhl.ttc', 'msyi.ttf', 'MTCORSVA.TTF', 'MTEXTRA.TTF', 'mvboli.ttf', 'NIAGENG.TTF', 'NIAGSOL.TTF', 'Nirmala.ttf', 'NirmalaB.ttf', 'NirmalaS.ttf', 'ntailu.ttf', 'ntailub.ttf', 'NumberOnly.ttf', 'OCRAEXT.TTF', 'OLDENGL.TTF', 'ONYX.TTF', 'OUTLOOK.TTF', 'pala.ttf', 'palab.ttf', 'palabi.ttf', 'palai.ttf', 'PALSCRI.TTF', 'PAPYRUS.TTF', 'PARCHM.TTF', 'PERBI___.TTF', 'PERB____.TTF', 'PERI____.TTF', 'PERTIBD.TTF', 'PERTILI.TTF', 'PER_____.TTF', 'phagspa.ttf', 'phagspab.ttf', 'PLAYBILL.TTF', 'POORICH.TTF', 'PRISTINA.TTF', 'RAGE.TTF', 'RAVIE.TTF', 'REFSAN.TTF', 'REFSPCL.TTF', 'ROCCB___.TTF', 'ROCC____.TTF', 'ROCK.TTF', 'ROCKB.TTF', 'ROCKBI.TTF', 'ROCKEB.TTF', 'ROCKI.TTF', 'roman.fon', 's8514fix.fon', 's8514oem.fon', 's8514sys.fon', 'SCHLBKB.TTF', 'SCHLBKBI.TTF', 'SCHLBKI.TTF', 'script.fon', 'SCRIPTBL.TTF', 'segmdl2.ttf', 'SegoeIcons.ttf', 'segoepr.ttf', 'segoeprb.ttf', 'segoesc.ttf', 'segoescb.ttf', 'segoeui.ttf', 'segoeuib.ttf', 'segoeuii.ttf', 'segoeuil.ttf', 'segoeuisl.ttf', 'segoeuiz.ttf', 'seguibl.ttf', 'seguibli.ttf', 'seguiemj.ttf', 'seguihis.ttf', 'seguili.ttf', 'seguisb.ttf', 'seguisbi.ttf', 'seguisli.ttf', 'seguisym.ttf', 'SegUIVar.ttf', 'sere1255.fon', 'sere1256.fon', 'sere1257.fon', 'serf1255.fon', 'serf1256.fon', 'serf1257.fon', 'serife.fon', 'serifee.fon', 'serifeg.fon', 'serifer.fon', 'serifet.fon', 'seriff.fon', 'seriffe.fon', 'seriffg.fon', 'seriffr.fon', 'serifft.fon', 'SHOWG.TTF', 'simfang.ttf', 'simhei.ttf', 'simkai.ttf', 'SIMLI.TTF', 'simsun.ttc', 'simsunb.ttf', 'SIMYOU.TTF', 'SitkaVF-Italic.ttf', 'SitkaVF.ttf', 'smae1255.fon', 'smae1256.fon', 'smae1257.fon', 'smaf1255.fon', 'smaf1256.fon', 'smaf1257.fon', 'smalle.fon', 'smallee.fon', 'smalleg.fon', 'smaller.fon', 'smallet.fon', 'smallf.fon', 'smallfe.fon', 'smallfg.fon', 'smallfr.fon', 'smallft.fon', 'SNAP____.TTF', 'ssee1255.fon', 'ssee1256.fon', 'ssee1257.fon', 'ssee874.fon', 'ssef1255.fon', 'ssef1256.fon', 'ssef1257.fon', 'ssef874.fon', 'sserife.fon', 'sserifee.fon', 'sserifeg.fon', 'sserifer.fon', 'sserifet.fon', 'sseriff.fon', 'sseriffe.fon', 'sseriffg.fon', 'sseriffr.fon', 'sserifft.fon', 'StaticCache.dat', 'STCAIYUN.TTF', 'STENCIL.TTF', 'STFANGSO.TTF', 'STHUPO.TTF', 'STKAITI.TTF', 'STLITI.TTF', 'STSONG.TTF', 'STXIHEI.TTF', 'STXINGKA.TTF', 'STXINWEI.TTF', 'STZHONGS.TTF', 'svgafix.fon', 'svgasys.fon', 'sylfaen.ttf', 'symbol.ttf', 'tahoma.ttf', 'tahomabd.ttf', 'taile.ttf', 'taileb.ttf', 'TCBI____.TTF', 'TCB_____.TTF', 'TCCB____.TTF', 'TCCEB.TTF', 'TCCM____.TTF', 'TCMI____.TTF', 'TCM_____.TTF', 'TEMPSITC.TTF', 'times.ttf', 'timesbd.ttf', 'timesbi.ttf', 'timesi.ttf', 'trebuc.ttf', 'trebucbd.ttf', 'trebucbi.ttf', 'trebucit.ttf', 'verdana.ttf', 'verdanab.ttf', 'verdanai.ttf', 'verdanaz.ttf', 'vga737.fon', 'vga775.fon', 'vga850.fon', 'vga852.fon', 'vga855.fon', 'vga857.fon', 'vga860.fon', 'vga861.fon', 'vga863.fon', 'vga865.fon', 'vga866.fon', 'vga869.fon', 'vga932.fon', 'vga936.fon', 'vga949.fon', 'vga950.fon', 'vgaf1255.fon', 'vgaf1256.fon', 'vgaf1257.fon', 'vgaf874.fon', 'vgafix.fon', 'vgafixe.fon', 'vgafixg.fon', 'vgafixr.fon', 'vgafixt.fon', 'vgaoem.fon', 'vgas1255.fon', 'vgas1256.fon', 'vgas1257.fon', 'vgas874.fon', 'vgasys.fon', 'vgasyse.fon', 'vgasysg.fon', 'vgasysr.fon', 'vgasyst.fon', 'VINERITC.TTF', 'VIVALDII.TTF', 'VLADIMIR.TTF', 'webdings.ttf', 'wingding.ttf', 'WINGDNG2.TTF', 'WINGDNG3.TTF', 'YuGothB.ttc', 'YuGothL.ttc', 'YuGothM.ttc', 'YuGothR.ttc', '\u534e\u5eb7\u65b9\u5706\u4f53W7.TTC', '\u65b9\u6b63\u7c97\u9ed1\u5b8b\u7b80\u4f53.ttf']
2023-09-27 15:15:46,924 - INFO - all fonts installed:['8514fix.fon', '8514fixe.fon', '8514fixg.fon', '8514fixr.fon', '8514fixt.fon', '8514oem.fon', '8514oeme.fon', '8514oemg.fon', '8514oemr.fon', '8514oemt.fon', '8514sys.fon', '8514syse.fon', '8514sysg.fon', '8514sysr.fon', '8514syst.fon', '85775.fon', '85855.fon', '85f1255.fon', '85f1256.fon', '85f1257.fon', '85f874.fon', '85s1255.fon', '85s1256.fon', '85s1257.fon', '85s874.fon', 'AGENCYB.TTF', 'AGENCYR.TTF', 'ALGER.TTF', 'ANTQUAB.TTF', 'ANTQUABI.TTF', 'ANTQUAI.TTF', 'app775.fon', 'app850.fon', 'app852.fon', 'app855.fon', 'app857.fon', 'app866.fon', 'app932.fon', 'app936.fon', 'app949.fon', 'app950.fon', 'arial.ttf', 'arialbd.ttf', 'arialbi.ttf', 'ariali.ttf', 'ARIALN.TTF', 'ARIALNB.TTF', 'ARIALNBI.TTF', 'ARIALNI.TTF', 'ariblk.ttf', 'ARLRDBD.TTF', 'AxureHandwriting-Bold.otf', 'AxureHandwriting-BoldItalic.otf', 'AxureHandwriting-Italic.otf', 'AxureHandwriting.otf', 'bahnschrift.ttf', 'BASKVILL.TTF', 'BAUHS93.TTF', 'BELL.TTF', 'BELLB.TTF', 'BELLI.TTF', 'BERNHC.TTF', 'BKANT.TTF', 'BOD_B.TTF', 'BOD_BI.TTF', 'BOD_BLAI.TTF', 'BOD_BLAR.TTF', 'BOD_CB.TTF', 'BOD_CBI.TTF', 'BOD_CI.TTF', 'BOD_CR.TTF', 'BOD_I.TTF', 'BOD_PSTC.TTF', 'BOD_R.TTF', 'BOOKOS.TTF', 'BOOKOSB.TTF', 'BOOKOSBI.TTF', 'BOOKOSI.TTF', 'BRADHITC.TTF', 'BRITANIC.TTF', 'BRLNSB.TTF', 'BRLNSDB.TTF', 'BRLNSR.TTF', 'BROADW.TTF', 'BRUSHSCI.TTF', 'BSSYM7.TTF', 'c8514fix.fon', 'c8514oem.fon', 'c8514sys.fon', 'calibri.ttf', 'calibrib.ttf', 'calibrii.ttf', 'calibril.ttf', 'calibrili.ttf', 'calibriz.ttf', 'CALIFB.TTF', 'CALIFI.TTF', 'CALIFR.TTF', 'CALIST.TTF', 'CALISTB.TTF', 'CALISTBI.TTF', 'CALISTI.TTF', 'cambria.ttc', 'cambriab.ttf', 'cambriai.ttf', 'cambriaz.ttf', 'Candara.ttf', 'Candarab.ttf', 'Candarai.ttf', 'Candaral.ttf', 'Candarali.ttf', 'Candaraz.ttf', 'CascadiaCode.ttf', 'CascadiaMono.ttf', 'CASTELAR.TTF', 'CENSCBK.TTF', 'CENTAUR.TTF', 'CENTURY.TTF', 'cga40737.fon', 'cga40850.fon', 'cga40852.fon', 'cga40857.fon', 'cga40866.fon', 'cga40869.fon', 'cga40woa.fon', 'cga80737.fon', 'cga80850.fon', 'cga80852.fon', 'cga80857.fon', 'cga80866.fon', 'cga80869.fon', 'cga80woa.fon', 'CHILLER.TTF', 'COLONNA.TTF', 'comic.ttf', 'comicbd.ttf', 'comici.ttf', 'comicz.ttf', 'consola.ttf', 'consolab.ttf', 'consolai.ttf', 'consolaz.ttf', 'constan.ttf', 'constanb.ttf', 'constani.ttf', 'constanz.ttf', 'COOPBL.TTF', 'COPRGTB.TTF', 'COPRGTL.TTF', 'corbel.ttf', 'corbelb.ttf', 'corbeli.ttf', 'corbell.ttf', 'corbelli.ttf', 'corbelz.ttf', 'coue1255.fon', 'coue1256.fon', 'coue1257.fon', 'couf1255.fon', 'couf1256.fon', 'couf1257.fon', 'cour.ttf', 'courbd.ttf', 'courbi.ttf', 'coure.fon', 'couree.fon', 'coureg.fon', 'courer.fon', 'couret.fon', 'courf.fon', 'courfe.fon', 'courfg.fon', 'courfr.fon', 'courft.fon', 'couri.ttf', 'CURLZ___.TTF', 'cvgafix.fon', 'cvgasys.fon', 'Deng.ttf', 'Dengb.ttf', 'Dengl.ttf', 'desktop.ini', 'dos737.fon', 'dos869.fon', 'dosapp.fon', 'DUBAI-BOLD.TTF', 'DUBAI-LIGHT.TTF', 'DUBAI-MEDIUM.TTF', 'DUBAI-REGULAR.TTF', 'ebrima.ttf', 'ebrimabd.ttf', 'ega40737.fon', 'ega40850.fon', 'ega40852.fon', 'ega40857.fon', 'ega40866.fon', 'ega40869.fon', 'ega40woa.fon', 'ega80737.fon', 'ega80850.fon', 'ega80852.fon', 'ega80857.fon', 'ega80866.fon', 'ega80869.fon', 'ega80woa.fon', 'ELEPHNT.TTF', 'ELEPHNTI.TTF', 'ENGR.TTF', 'ERASBD.TTF', 'ERASDEMI.TTF', 'ERASLGHT.TTF', 'ERASMD.TTF', 'FELIXTI.TTF', 'fms_metadata.xml', 'FORTE.TTF', 'FRABK.TTF', 'FRABKIT.TTF', 'FRADM.TTF', 'FRADMCN.TTF', 'FRADMIT.TTF', 'FRAHV.TTF', 'FRAHVIT.TTF', 'framd.ttf', 'FRAMDCN.TTF', 'framdit.ttf', 'FREESCPT.TTF', 'FRSCRIPT.TTF', 'FTLTLT.TTF', 'FZSTK.TTF', 'FZYTK.TTF', 'Gabriola.ttf', 'gadugi.ttf', 'gadugib.ttf', 'GARA.TTF', 'GARABD.TTF', 'GARAIT.TTF', 'georgia.ttf', 'georgiab.ttf', 'georgiai.ttf', 'georgiaz.ttf', 'GIGI.TTF', 'GILBI___.TTF', 'GILB____.TTF', 'GILC____.TTF', 'GILI____.TTF', 'GILLUBCD.TTF', 'GILSANUB.TTF', 'GIL_____.TTF', 'GLECB.TTF', 'GlobalMonospace.CompositeFont', 'GlobalSansSerif.CompositeFont', 'GlobalSerif.CompositeFont', 'GlobalUserInterface.CompositeFont', 'GLSNECB.TTF', 'GOTHIC.TTF', 'GOTHICB.TTF', 'GOTHICBI.TTF', 'GOTHICI.TTF', 'GOUDOS.TTF', 'GOUDOSB.TTF', 'GOUDOSI.TTF', 'GOUDYSTO.TTF', 'h8514fix.fon', 'h8514oem.fon', 'h8514sys.fon', 'HARLOWSI.TTF', 'HARNGTON.TTF', 'HATTEN.TTF', 'HGB1X_CNKI.ttf', 'HGB1_CNKI.ttf', 'HGB2X_CNKI.ttf', 'HGB2_CNKI.ttf', 'HGB3X_CNKI.ttf', 'HGB3_CNKI.ttf', 'HGB4X_CNKI.ttf', 'HGB4_CNKI.ttf', 'HGB5X_CNKI.ttf', 'HGB5_CNKI.ttf', 'HGB6X_CNKI.ttf', 'HGB6_CNKI.ttf', 'HGB7X_CNKI.ttf', 'HGB7_CNKI.ttf', 'HGB8X_CNKI.ttf', 'HGB8_CNKI.ttf', 'HGBD_CNKI.ttf', 'HGBKBX_CNKI.ttf', 'HGBKB_CNKI.ttf', 'HGBKHX_CNKI.ttf', 'HGBKH_CNKI.ttf', 'HGBS1_CNKI.TTF', 'HGBS2_CNKI.TTF', 'HGBS_CNKI.TTF', 'HGBTH_CNKI.TTF', 'HGBTS_CNKI.TTF', 'HGBX_CNKI.ttf', 'HGBZ_CNKI.ttf', 'HGCH_CNKI.TTF', 'HGCUH_CNKI.TTF', 'HGCY_CNKI.TTF', 'HGDBS_CNKI.TTF', 'HGDGY_CNKI.TTF', 'HGDH2_CNKI.TTF', 'HGDH_CNKI.TTF', 'HGDYS_CNKI.TTF', 'HGDY_CNKI.ttf', 'HGF1X_CNKI.ttf', 'HGF1_CNKI.ttf', 'HGF2X_CNKI.ttf', 'HGF2_CNKI.ttf', 'HGF3_CNKI.ttf', 'HGF4X_CNKI.ttf', 'HGF4_CNKI.ttf', 'HGF5X_CNKI.ttf', 'HGF5_CNKI.ttf', 'HGF6X_CNKI.ttf', 'HGF6_CNKI.ttf', 'HGF7X_CNKI.ttf', 'HGF7_CNKI.ttf', 'HGF8_CNKI.ttf', 'HGF9X_CNKI.ttf', 'HGF9_CNKI.ttf', 'HGFS1_CNKI.TTF', 'HGFS2_CNKI.TTF', 'HGFSH_CNKI.TTF', 'HGFS_CNKI.TTF', 'HGFX_CNKI.ttf', 'HGFZ_CNKI.ttf', 'HGGG_CNKI.TTF', 'HGH1X_CNKI.ttf', 'HGH1_CNKI.ttf', 'HGH2X_CNKI.ttf', 'HGH2_CNKI.ttf', 'HGH3X_CNKI.ttf', 'HGH3_CNKI.ttf', 'HGH4X_CNKI.ttf', 'HGH4_CNKI.ttf', 'HGH5X_CNKI.ttf', 'HGH5_CNKI.ttf', 'HGH6X_CNKI.ttf', 'HGH6_CNKI.ttf', 'HGH7X_CNKI.ttf', 'HGH7_CNKI.ttf', 'HGHB_CNKI.TTF', 'HGHD_CNKI.ttf', 'HGHP_CNKI.TTF', 'HGHT1_CNKI.ttf', 'HGHT2_CNKI.ttf', 'HGHUATI_CNKI.ttf', 'HGHX_CNKI.ttf', 'HGHZ_CNKI.ttf', 'HGH_CNKI.TTF', 'HGKT1_CNKI.TTF', 'HGKT2_CNKI.TTF', 'HGKT_CNKI.TTF', 'HGKY_CNKI.ttf', 'HGLB_CNKI.TTF', 'HGLS_CNKI.TTF', 'HGMH_CNKI.TTF', 'HGNBS_CNKI.ttf', 'HGOCR_CNKI.ttf', 'HGPH_CNKI.TTF', 'HGPTY_CNKI.TTF', 'HGSS1_CNKI.TTF', 'HGSS2_CNKI.TTF', 'HGSS_CNKI.TTF', 'HGSXT_CNKI.ttf', 'HGTT_CNKI.ttf', 'HGTX_CNKI.TTF', 'HGWT_CNKI.TTF', 'HGWYS_CNKI.TTF', 'HGX1X_CNKI.ttf', 'HGX1_CNKI.ttf', 'HGXBS_CNKI.TTF', 'HGXC_CNKI.TTF', 'HGXF1_CNKI.ttf', 'HGXFX_CNKI.ttf', 'HGXFZ_CNKI.ttf', 'HGXH1_CNKI.TTF', 'HGXH_CNKI.TTF', 'HGXK_CNKI.TTF', 'HGXL_CNKI.TTF', 'HGXS_CNKI.TTF', 'HGXT_CNKI.ttf', 'HGXY_CNKI.ttf', 'HGY1_CNKI.TTF', 'HGY2_CNKI.TTF', 'HGY3_CNKI.TTF', 'HGY4_CNKI.TTF', 'HGYB_CNKI.ttf', 'HGYT1_CNKI.ttf', 'HGYT2_CNKI.ttf', 'HGYT_CNKI.TTF', 'HGYX_CNKI.TTF', 'HGZCS_CNKI.TTF', 'HGZDX_CNKI.TTF', 'HGZK_CNKI.TTF', 'HGZYT_CNKI.TTF', 'HGZY_CNKI.TTF', 'himalaya.ttf', 'holomdl2.ttf', 'HTOWERT.TTF', 'HTOWERTI.TTF', 'hvgafix.fon', 'hvgasys.fon', 'impact.ttf', 'IMPRISHA.TTF', 'INFROMAN.TTF', 'Inkfree.ttf', 'iqiyi_logov7.ttf', 'ITCBLKAD.TTF', 'ITCEDSCR.TTF', 'ITCKRIST.TTF', 'j8514fix.fon', 'j8514oem.fon', 'j8514sys.fon', 'javatext.ttf', 'JOKERMAN.TTF', 'jsmalle.fon', 'jsmallf.fon', 'JUICE___.TTF', 'jvgafix.fon', 'jvgasys.fon', 'KUNSTLER.TTF', 'LATINWD.TTF', 'LBRITE.TTF', 'LBRITED.TTF', 'LBRITEDI.TTF', 'LBRITEI.TTF', 'LCALLIG.TTF', 'LeelaUIb.ttf', 'LeelawUI.ttf', 'LeelUIsl.ttf', 'LFAX.TTF', 'LFAXD.TTF', 'LFAXDI.TTF', 'LFAXI.TTF', 'LHANDW.TTF', 'LSANS.TTF', 'LSANSD.TTF', 'LSANSDI.TTF', 'LSANSI.TTF', 'LTYPE.TTF', 'LTYPEB.TTF', 'LTYPEBO.TTF', 'LTYPEO.TTF', 'lucon.ttf', 'l_10646.ttf', 'MAGNETOB.TTF', 'MAIAN.TTF', 'malgun.ttf', 'malgunbd.ttf', 'malgunsl.ttf', 'marlett.ttf', 'MATURASC.TTF', 'micross.ttf', 'mingliub.ttc', 'MISTRAL.TTF', 'mmrtext.ttf', 'mmrtextb.ttf', 'MOD20.TTF', 'modern.fon', 'monbaiti.ttf', 'msgothic.ttc', 'msjh.ttc', 'msjhbd.ttc', 'msjhl.ttc', 'msyh.ttc', 'msyhbd.ttc', 'msyhl.ttc', 'msyi.ttf', 'MTCORSVA.TTF', 'MTEXTRA.TTF', 'mvboli.ttf', 'NIAGENG.TTF', 'NIAGSOL.TTF', 'Nirmala.ttf', 'NirmalaB.ttf', 'NirmalaS.ttf', 'ntailu.ttf', 'ntailub.ttf', 'NumberOnly.ttf', 'OCRAEXT.TTF', 'OLDENGL.TTF', 'ONYX.TTF', 'OUTLOOK.TTF', 'pala.ttf', 'palab.ttf', 'palabi.ttf', 'palai.ttf', 'PALSCRI.TTF', 'PAPYRUS.TTF', 'PARCHM.TTF', 'PERBI___.TTF', 'PERB____.TTF', 'PERI____.TTF', 'PERTIBD.TTF', 'PERTILI.TTF', 'PER_____.TTF', 'phagspa.ttf', 'phagspab.ttf', 'PLAYBILL.TTF', 'POORICH.TTF', 'PRISTINA.TTF', 'RAGE.TTF', 'RAVIE.TTF', 'REFSAN.TTF', 'REFSPCL.TTF', 'ROCCB___.TTF', 'ROCC____.TTF', 'ROCK.TTF', 'ROCKB.TTF', 'ROCKBI.TTF', 'ROCKEB.TTF', 'ROCKI.TTF', 'roman.fon', 's8514fix.fon', 's8514oem.fon', 's8514sys.fon', 'SCHLBKB.TTF', 'SCHLBKBI.TTF', 'SCHLBKI.TTF', 'script.fon', 'SCRIPTBL.TTF', 'segmdl2.ttf', 'SegoeIcons.ttf', 'segoepr.ttf', 'segoeprb.ttf', 'segoesc.ttf', 'segoescb.ttf', 'segoeui.ttf', 'segoeuib.ttf', 'segoeuii.ttf', 'segoeuil.ttf', 'segoeuisl.ttf', 'segoeuiz.ttf', 'seguibl.ttf', 'seguibli.ttf', 'seguiemj.ttf', 'seguihis.ttf', 'seguili.ttf', 'seguisb.ttf', 'seguisbi.ttf', 'seguisli.ttf', 'seguisym.ttf', 'SegUIVar.ttf', 'sere1255.fon', 'sere1256.fon', 'sere1257.fon', 'serf1255.fon', 'serf1256.fon', 'serf1257.fon', 'serife.fon', 'serifee.fon', 'serifeg.fon', 'serifer.fon', 'serifet.fon', 'seriff.fon', 'seriffe.fon', 'seriffg.fon', 'seriffr.fon', 'serifft.fon', 'SHOWG.TTF', 'simfang.ttf', 'simhei.ttf', 'simkai.ttf', 'SIMLI.TTF', 'simsun.ttc', 'simsunb.ttf', 'SIMYOU.TTF', 'SitkaVF-Italic.ttf', 'SitkaVF.ttf', 'smae1255.fon', 'smae1256.fon', 'smae1257.fon', 'smaf1255.fon', 'smaf1256.fon', 'smaf1257.fon', 'smalle.fon', 'smallee.fon', 'smalleg.fon', 'smaller.fon', 'smallet.fon', 'smallf.fon', 'smallfe.fon', 'smallfg.fon', 'smallfr.fon', 'smallft.fon', 'SNAP____.TTF', 'ssee1255.fon', 'ssee1256.fon', 'ssee1257.fon', 'ssee874.fon', 'ssef1255.fon', 'ssef1256.fon', 'ssef1257.fon', 'ssef874.fon', 'sserife.fon', 'sserifee.fon', 'sserifeg.fon', 'sserifer.fon', 'sserifet.fon', 'sseriff.fon', 'sseriffe.fon', 'sseriffg.fon', 'sseriffr.fon', 'sserifft.fon', 'StaticCache.dat', 'STCAIYUN.TTF', 'STENCIL.TTF', 'STFANGSO.TTF', 'STHUPO.TTF', 'STKAITI.TTF', 'STLITI.TTF', 'STSONG.TTF', 'STXIHEI.TTF', 'STXINGKA.TTF', 'STXINWEI.TTF', 'STZHONGS.TTF', 'svgafix.fon', 'svgasys.fon', 'sylfaen.ttf', 'symbol.ttf', 'tahoma.ttf', 'tahomabd.ttf', 'taile.ttf', 'taileb.ttf', 'TCBI____.TTF', 'TCB_____.TTF', 'TCCB____.TTF', 'TCCEB.TTF', 'TCCM____.TTF', 'TCMI____.TTF', 'TCM_____.TTF', 'TEMPSITC.TTF', 'times.ttf', 'timesbd.ttf', 'timesbi.ttf', 'timesi.ttf', 'trebuc.ttf', 'trebucbd.ttf', 'trebucbi.ttf', 'trebucit.ttf', 'verdana.ttf', 'verdanab.ttf', 'verdanai.ttf', 'verdanaz.ttf', 'vga737.fon', 'vga775.fon', 'vga850.fon', 'vga852.fon', 'vga855.fon', 'vga857.fon', 'vga860.fon', 'vga861.fon', 'vga863.fon', 'vga865.fon', 'vga866.fon', 'vga869.fon', 'vga932.fon', 'vga936.fon', 'vga949.fon', 'vga950.fon', 'vgaf1255.fon', 'vgaf1256.fon', 'vgaf1257.fon', 'vgaf874.fon', 'vgafix.fon', 'vgafixe.fon', 'vgafixg.fon', 'vgafixr.fon', 'vgafixt.fon', 'vgaoem.fon', 'vgas1255.fon', 'vgas1256.fon', 'vgas1257.fon', 'vgas874.fon', 'vgasys.fon', 'vgasyse.fon', 'vgasysg.fon', 'vgasysr.fon', 'vgasyst.fon', 'VINERITC.TTF', 'VIVALDII.TTF', 'VLADIMIR.TTF', 'webdings.ttf', 'wingding.ttf', 'WINGDNG2.TTF', 'WINGDNG3.TTF', 'YuGothB.ttc', 'YuGothL.ttc', 'YuGothM.ttc', 'YuGothR.ttc', '\u534e\u5eb7\u65b9\u5706\u4f53W7.TTC', '\u65b9\u6b63\u7c97\u9ed1\u5b8b\u7b80\u4f53.ttf']
2023-09-27 15:15:46,928 - INFO - all fonts installed:['8514fix.fon', '8514fixe.fon', '8514fixg.fon', '8514fixr.fon', '8514fixt.fon', '8514oem.fon', '8514oeme.fon', '8514oemg.fon', '8514oemr.fon', '8514oemt.fon', '8514sys.fon', '8514syse.fon', '8514sysg.fon', '8514sysr.fon', '8514syst.fon', '85775.fon', '85855.fon', '85f1255.fon', '85f1256.fon', '85f1257.fon', '85f874.fon', '85s1255.fon', '85s1256.fon', '85s1257.fon', '85s874.fon', 'AGENCYB.TTF', 'AGENCYR.TTF', 'ALGER.TTF', 'ANTQUAB.TTF', 'ANTQUABI.TTF', 'ANTQUAI.TTF', 'app775.fon', 'app850.fon', 'app852.fon', 'app855.fon', 'app857.fon', 'app866.fon', 'app932.fon', 'app936.fon', 'app949.fon', 'app950.fon', 'arial.ttf', 'arialbd.ttf', 'arialbi.ttf', 'ariali.ttf', 'ARIALN.TTF', 'ARIALNB.TTF', 'ARIALNBI.TTF', 'ARIALNI.TTF', 'ariblk.ttf', 'ARLRDBD.TTF', 'AxureHandwriting-Bold.otf', 'AxureHandwriting-BoldItalic.otf', 'AxureHandwriting-Italic.otf', 'AxureHandwriting.otf', 'bahnschrift.ttf', 'BASKVILL.TTF', 'BAUHS93.TTF', 'BELL.TTF', 'BELLB.TTF', 'BELLI.TTF', 'BERNHC.TTF', 'BKANT.TTF', 'BOD_B.TTF', 'BOD_BI.TTF', 'BOD_BLAI.TTF', 'BOD_BLAR.TTF', 'BOD_CB.TTF', 'BOD_CBI.TTF', 'BOD_CI.TTF', 'BOD_CR.TTF', 'BOD_I.TTF', 'BOD_PSTC.TTF', 'BOD_R.TTF', 'BOOKOS.TTF', 'BOOKOSB.TTF', 'BOOKOSBI.TTF', 'BOOKOSI.TTF', 'BRADHITC.TTF', 'BRITANIC.TTF', 'BRLNSB.TTF', 'BRLNSDB.TTF', 'BRLNSR.TTF', 'BROADW.TTF', 'BRUSHSCI.TTF', 'BSSYM7.TTF', 'c8514fix.fon', 'c8514oem.fon', 'c8514sys.fon', 'calibri.ttf', 'calibrib.ttf', 'calibrii.ttf', 'calibril.ttf', 'calibrili.ttf', 'calibriz.ttf', 'CALIFB.TTF', 'CALIFI.TTF', 'CALIFR.TTF', 'CALIST.TTF', 'CALISTB.TTF', 'CALISTBI.TTF', 'CALISTI.TTF', 'cambria.ttc', 'cambriab.ttf', 'cambriai.ttf', 'cambriaz.ttf', 'Candara.ttf', 'Candarab.ttf', 'Candarai.ttf', 'Candaral.ttf', 'Candarali.ttf', 'Candaraz.ttf', 'CascadiaCode.ttf', 'CascadiaMono.ttf', 'CASTELAR.TTF', 'CENSCBK.TTF', 'CENTAUR.TTF', 'CENTURY.TTF', 'cga40737.fon', 'cga40850.fon', 'cga40852.fon', 'cga40857.fon', 'cga40866.fon', 'cga40869.fon', 'cga40woa.fon', 'cga80737.fon', 'cga80850.fon', 'cga80852.fon', 'cga80857.fon', 'cga80866.fon', 'cga80869.fon', 'cga80woa.fon', 'CHILLER.TTF', 'COLONNA.TTF', 'comic.ttf', 'comicbd.ttf', 'comici.ttf', 'comicz.ttf', 'consola.ttf', 'consolab.ttf', 'consolai.ttf', 'consolaz.ttf', 'constan.ttf', 'constanb.ttf', 'constani.ttf', 'constanz.ttf', 'COOPBL.TTF', 'COPRGTB.TTF', 'COPRGTL.TTF', 'corbel.ttf', 'corbelb.ttf', 'corbeli.ttf', 'corbell.ttf', 'corbelli.ttf', 'corbelz.ttf', 'coue1255.fon', 'coue1256.fon', 'coue1257.fon', 'couf1255.fon', 'couf1256.fon', 'couf1257.fon', 'cour.ttf', 'courbd.ttf', 'courbi.ttf', 'coure.fon', 'couree.fon', 'coureg.fon', 'courer.fon', 'couret.fon', 'courf.fon', 'courfe.fon', 'courfg.fon', 'courfr.fon', 'courft.fon', 'couri.ttf', 'CURLZ___.TTF', 'cvgafix.fon', 'cvgasys.fon', 'Deng.ttf', 'Dengb.ttf', 'Dengl.ttf', 'desktop.ini', 'dos737.fon', 'dos869.fon', 'dosapp.fon', 'DUBAI-BOLD.TTF', 'DUBAI-LIGHT.TTF', 'DUBAI-MEDIUM.TTF', 'DUBAI-REGULAR.TTF', 'ebrima.ttf', 'ebrimabd.ttf', 'ega40737.fon', 'ega40850.fon', 'ega40852.fon', 'ega40857.fon', 'ega40866.fon', 'ega40869.fon', 'ega40woa.fon', 'ega80737.fon', 'ega80850.fon', 'ega80852.fon', 'ega80857.fon', 'ega80866.fon', 'ega80869.fon', 'ega80woa.fon', 'ELEPHNT.TTF', 'ELEPHNTI.TTF', 'ENGR.TTF', 'ERASBD.TTF', 'ERASDEMI.TTF', 'ERASLGHT.TTF', 'ERASMD.TTF', 'FELIXTI.TTF', 'fms_metadata.xml', 'FORTE.TTF', 'FRABK.TTF', 'FRABKIT.TTF', 'FRADM.TTF', 'FRADMCN.TTF', 'FRADMIT.TTF', 'FRAHV.TTF', 'FRAHVIT.TTF', 'framd.ttf', 'FRAMDCN.TTF', 'framdit.ttf', 'FREESCPT.TTF', 'FRSCRIPT.TTF', 'FTLTLT.TTF', 'FZSTK.TTF', 'FZYTK.TTF', 'Gabriola.ttf', 'gadugi.ttf', 'gadugib.ttf', 'GARA.TTF', 'GARABD.TTF', 'GARAIT.TTF', 'georgia.ttf', 'georgiab.ttf', 'georgiai.ttf', 'georgiaz.ttf', 'GIGI.TTF', 'GILBI___.TTF', 'GILB____.TTF', 'GILC____.TTF', 'GILI____.TTF', 'GILLUBCD.TTF', 'GILSANUB.TTF', 'GIL_____.TTF', 'GLECB.TTF', 'GlobalMonospace.CompositeFont', 'GlobalSansSerif.CompositeFont', 'GlobalSerif.CompositeFont', 'GlobalUserInterface.CompositeFont', 'GLSNECB.TTF', 'GOTHIC.TTF', 'GOTHICB.TTF', 'GOTHICBI.TTF', 'GOTHICI.TTF', 'GOUDOS.TTF', 'GOUDOSB.TTF', 'GOUDOSI.TTF', 'GOUDYSTO.TTF', 'h8514fix.fon', 'h8514oem.fon', 'h8514sys.fon', 'HARLOWSI.TTF', 'HARNGTON.TTF', 'HATTEN.TTF', 'HGB1X_CNKI.ttf', 'HGB1_CNKI.ttf', 'HGB2X_CNKI.ttf', 'HGB2_CNKI.ttf', 'HGB3X_CNKI.ttf', 'HGB3_CNKI.ttf', 'HGB4X_CNKI.ttf', 'HGB4_CNKI.ttf', 'HGB5X_CNKI.ttf', 'HGB5_CNKI.ttf', 'HGB6X_CNKI.ttf', 'HGB6_CNKI.ttf', 'HGB7X_CNKI.ttf', 'HGB7_CNKI.ttf', 'HGB8X_CNKI.ttf', 'HGB8_CNKI.ttf', 'HGBD_CNKI.ttf', 'HGBKBX_CNKI.ttf', 'HGBKB_CNKI.ttf', 'HGBKHX_CNKI.ttf', 'HGBKH_CNKI.ttf', 'HGBS1_CNKI.TTF', 'HGBS2_CNKI.TTF', 'HGBS_CNKI.TTF', 'HGBTH_CNKI.TTF', 'HGBTS_CNKI.TTF', 'HGBX_CNKI.ttf', 'HGBZ_CNKI.ttf', 'HGCH_CNKI.TTF', 'HGCUH_CNKI.TTF', 'HGCY_CNKI.TTF', 'HGDBS_CNKI.TTF', 'HGDGY_CNKI.TTF', 'HGDH2_CNKI.TTF', 'HGDH_CNKI.TTF', 'HGDYS_CNKI.TTF', 'HGDY_CNKI.ttf', 'HGF1X_CNKI.ttf', 'HGF1_CNKI.ttf', 'HGF2X_CNKI.ttf', 'HGF2_CNKI.ttf', 'HGF3_CNKI.ttf', 'HGF4X_CNKI.ttf', 'HGF4_CNKI.ttf', 'HGF5X_CNKI.ttf', 'HGF5_CNKI.ttf', 'HGF6X_CNKI.ttf', 'HGF6_CNKI.ttf', 'HGF7X_CNKI.ttf', 'HGF7_CNKI.ttf', 'HGF8_CNKI.ttf', 'HGF9X_CNKI.ttf', 'HGF9_CNKI.ttf', 'HGFS1_CNKI.TTF', 'HGFS2_CNKI.TTF', 'HGFSH_CNKI.TTF', 'HGFS_CNKI.TTF', 'HGFX_CNKI.ttf', 'HGFZ_CNKI.ttf', 'HGGG_CNKI.TTF', 'HGH1X_CNKI.ttf', 'HGH1_CNKI.ttf', 'HGH2X_CNKI.ttf', 'HGH2_CNKI.ttf', 'HGH3X_CNKI.ttf', 'HGH3_CNKI.ttf', 'HGH4X_CNKI.ttf', 'HGH4_CNKI.ttf', 'HGH5X_CNKI.ttf', 'HGH5_CNKI.ttf', 'HGH6X_CNKI.ttf', 'HGH6_CNKI.ttf', 'HGH7X_CNKI.ttf', 'HGH7_CNKI.ttf', 'HGHB_CNKI.TTF', 'HGHD_CNKI.ttf', 'HGHP_CNKI.TTF', 'HGHT1_CNKI.ttf', 'HGHT2_CNKI.ttf', 'HGHUATI_CNKI.ttf', 'HGHX_CNKI.ttf', 'HGHZ_CNKI.ttf', 'HGH_CNKI.TTF', 'HGKT1_CNKI.TTF', 'HGKT2_CNKI.TTF', 'HGKT_CNKI.TTF', 'HGKY_CNKI.ttf', 'HGLB_CNKI.TTF', 'HGLS_CNKI.TTF', 'HGMH_CNKI.TTF', 'HGNBS_CNKI.ttf', 'HGOCR_CNKI.ttf', 'HGPH_CNKI.TTF', 'HGPTY_CNKI.TTF', 'HGSS1_CNKI.TTF', 'HGSS2_CNKI.TTF', 'HGSS_CNKI.TTF', 'HGSXT_CNKI.ttf', 'HGTT_CNKI.ttf', 'HGTX_CNKI.TTF', 'HGWT_CNKI.TTF', 'HGWYS_CNKI.TTF', 'HGX1X_CNKI.ttf', 'HGX1_CNKI.ttf', 'HGXBS_CNKI.TTF', 'HGXC_CNKI.TTF', 'HGXF1_CNKI.ttf', 'HGXFX_CNKI.ttf', 'HGXFZ_CNKI.ttf', 'HGXH1_CNKI.TTF', 'HGXH_CNKI.TTF', 'HGXK_CNKI.TTF', 'HGXL_CNKI.TTF', 'HGXS_CNKI.TTF', 'HGXT_CNKI.ttf', 'HGXY_CNKI.ttf', 'HGY1_CNKI.TTF', 'HGY2_CNKI.TTF', 'HGY3_CNKI.TTF', 'HGY4_CNKI.TTF', 'HGYB_CNKI.ttf', 'HGYT1_CNKI.ttf', 'HGYT2_CNKI.ttf', 'HGYT_CNKI.TTF', 'HGYX_CNKI.TTF', 'HGZCS_CNKI.TTF', 'HGZDX_CNKI.TTF', 'HGZK_CNKI.TTF', 'HGZYT_CNKI.TTF', 'HGZY_CNKI.TTF', 'himalaya.ttf', 'holomdl2.ttf', 'HTOWERT.TTF', 'HTOWERTI.TTF', 'hvgafix.fon', 'hvgasys.fon', 'impact.ttf', 'IMPRISHA.TTF', 'INFROMAN.TTF', 'Inkfree.ttf', 'iqiyi_logov7.ttf', 'ITCBLKAD.TTF', 'ITCEDSCR.TTF', 'ITCKRIST.TTF', 'j8514fix.fon', 'j8514oem.fon', 'j8514sys.fon', 'javatext.ttf', 'JOKERMAN.TTF', 'jsmalle.fon', 'jsmallf.fon', 'JUICE___.TTF', 'jvgafix.fon', 'jvgasys.fon', 'KUNSTLER.TTF', 'LATINWD.TTF', 'LBRITE.TTF', 'LBRITED.TTF', 'LBRITEDI.TTF', 'LBRITEI.TTF', 'LCALLIG.TTF', 'LeelaUIb.ttf', 'LeelawUI.ttf', 'LeelUIsl.ttf', 'LFAX.TTF', 'LFAXD.TTF', 'LFAXDI.TTF', 'LFAXI.TTF', 'LHANDW.TTF', 'LSANS.TTF', 'LSANSD.TTF', 'LSANSDI.TTF', 'LSANSI.TTF', 'LTYPE.TTF', 'LTYPEB.TTF', 'LTYPEBO.TTF', 'LTYPEO.TTF', 'lucon.ttf', 'l_10646.ttf', 'MAGNETOB.TTF', 'MAIAN.TTF', 'malgun.ttf', 'malgunbd.ttf', 'malgunsl.ttf', 'marlett.ttf', 'MATURASC.TTF', 'micross.ttf', 'mingliub.ttc', 'MISTRAL.TTF', 'mmrtext.ttf', 'mmrtextb.ttf', 'MOD20.TTF', 'modern.fon', 'monbaiti.ttf', 'msgothic.ttc', 'msjh.ttc', 'msjhbd.ttc', 'msjhl.ttc', 'msyh.ttc', 'msyhbd.ttc', 'msyhl.ttc', 'msyi.ttf', 'MTCORSVA.TTF', 'MTEXTRA.TTF', 'mvboli.ttf', 'NIAGENG.TTF', 'NIAGSOL.TTF', 'Nirmala.ttf', 'NirmalaB.ttf', 'NirmalaS.ttf', 'ntailu.ttf', 'ntailub.ttf', 'NumberOnly.ttf', 'OCRAEXT.TTF', 'OLDENGL.TTF', 'ONYX.TTF', 'OUTLOOK.TTF', 'pala.ttf', 'palab.ttf', 'palabi.ttf', 'palai.ttf', 'PALSCRI.TTF', 'PAPYRUS.TTF', 'PARCHM.TTF', 'PERBI___.TTF', 'PERB____.TTF', 'PERI____.TTF', 'PERTIBD.TTF', 'PERTILI.TTF', 'PER_____.TTF', 'phagspa.ttf', 'phagspab.ttf', 'PLAYBILL.TTF', 'POORICH.TTF', 'PRISTINA.TTF', 'RAGE.TTF', 'RAVIE.TTF', 'REFSAN.TTF', 'REFSPCL.TTF', 'ROCCB___.TTF', 'ROCC____.TTF', 'ROCK.TTF', 'ROCKB.TTF', 'ROCKBI.TTF', 'ROCKEB.TTF', 'ROCKI.TTF', 'roman.fon', 's8514fix.fon', 's8514oem.fon', 's8514sys.fon', 'SCHLBKB.TTF', 'SCHLBKBI.TTF', 'SCHLBKI.TTF', 'script.fon', 'SCRIPTBL.TTF', 'segmdl2.ttf', 'SegoeIcons.ttf', 'segoepr.ttf', 'segoeprb.ttf', 'segoesc.ttf', 'segoescb.ttf', 'segoeui.ttf', 'segoeuib.ttf', 'segoeuii.ttf', 'segoeuil.ttf', 'segoeuisl.ttf', 'segoeuiz.ttf', 'seguibl.ttf', 'seguibli.ttf', 'seguiemj.ttf', 'seguihis.ttf', 'seguili.ttf', 'seguisb.ttf', 'seguisbi.ttf', 'seguisli.ttf', 'seguisym.ttf', 'SegUIVar.ttf', 'sere1255.fon', 'sere1256.fon', 'sere1257.fon', 'serf1255.fon', 'serf1256.fon', 'serf1257.fon', 'serife.fon', 'serifee.fon', 'serifeg.fon', 'serifer.fon', 'serifet.fon', 'seriff.fon', 'seriffe.fon', 'seriffg.fon', 'seriffr.fon', 'serifft.fon', 'SHOWG.TTF', 'simfang.ttf', 'simhei.ttf', 'simkai.ttf', 'SIMLI.TTF', 'simsun.ttc', 'simsunb.ttf', 'SIMYOU.TTF', 'SitkaVF-Italic.ttf', 'SitkaVF.ttf', 'smae1255.fon', 'smae1256.fon', 'smae1257.fon', 'smaf1255.fon', 'smaf1256.fon', 'smaf1257.fon', 'smalle.fon', 'smallee.fon', 'smalleg.fon', 'smaller.fon', 'smallet.fon', 'smallf.fon', 'smallfe.fon', 'smallfg.fon', 'smallfr.fon', 'smallft.fon', 'SNAP____.TTF', 'ssee1255.fon', 'ssee1256.fon', 'ssee1257.fon', 'ssee874.fon', 'ssef1255.fon', 'ssef1256.fon', 'ssef1257.fon', 'ssef874.fon', 'sserife.fon', 'sserifee.fon', 'sserifeg.fon', 'sserifer.fon', 'sserifet.fon', 'sseriff.fon', 'sseriffe.fon', 'sseriffg.fon', 'sseriffr.fon', 'sserifft.fon', 'StaticCache.dat', 'STCAIYUN.TTF', 'STENCIL.TTF', 'STFANGSO.TTF', 'STHUPO.TTF', 'STKAITI.TTF', 'STLITI.TTF', 'STSONG.TTF', 'STXIHEI.TTF', 'STXINGKA.TTF', 'STXINWEI.TTF', 'STZHONGS.TTF', 'svgafix.fon', 'svgasys.fon', 'sylfaen.ttf', 'symbol.ttf', 'tahoma.ttf', 'tahomabd.ttf', 'taile.ttf', 'taileb.ttf', 'TCBI____.TTF', 'TCB_____.TTF', 'TCCB____.TTF', 'TCCEB.TTF', 'TCCM____.TTF', 'TCMI____.TTF', 'TCM_____.TTF', 'TEMPSITC.TTF', 'times.ttf', 'timesbd.ttf', 'timesbi.ttf', 'timesi.ttf', 'trebuc.ttf', 'trebucbd.ttf', 'trebucbi.ttf', 'trebucit.ttf', 'verdana.ttf', 'verdanab.ttf', 'verdanai.ttf', 'verdanaz.ttf', 'vga737.fon', 'vga775.fon', 'vga850.fon', 'vga852.fon', 'vga855.fon', 'vga857.fon', 'vga860.fon', 'vga861.fon', 'vga863.fon', 'vga865.fon', 'vga866.fon', 'vga869.fon', 'vga932.fon', 'vga936.fon', 'vga949.fon', 'vga950.fon', 'vgaf1255.fon', 'vgaf1256.fon', 'vgaf1257.fon', 'vgaf874.fon', 'vgafix.fon', 'vgafixe.fon', 'vgafixg.fon', 'vgafixr.fon', 'vgafixt.fon', 'vgaoem.fon', 'vgas1255.fon', 'vgas1256.fon', 'vgas1257.fon', 'vgas874.fon', 'vgasys.fon', 'vgasyse.fon', 'vgasysg.fon', 'vgasysr.fon', 'vgasyst.fon', 'VINERITC.TTF', 'VIVALDII.TTF', 'VLADIMIR.TTF', 'webdings.ttf', 'wingding.ttf', 'WINGDNG2.TTF', 'WINGDNG3.TTF', 'YuGothB.ttc', 'YuGothL.ttc', 'YuGothM.ttc', 'YuGothR.ttc', '\u534e\u5eb7\u65b9\u5706\u4f53W7.TTC', '\u65b9\u6b63\u7c97\u9ed1\u5b8b\u7b80\u4f53.ttf']
2023-09-27 15:15:46,931 - INFO - all fonts installed:['8514fix.fon', '8514fixe.fon', '8514fixg.fon', '8514fixr.fon', '8514fixt.fon', '8514oem.fon', '8514oeme.fon', '8514oemg.fon', '8514oemr.fon', '8514oemt.fon', '8514sys.fon', '8514syse.fon', '8514sysg.fon', '8514sysr.fon', '8514syst.fon', '85775.fon', '85855.fon', '85f1255.fon', '85f1256.fon', '85f1257.fon', '85f874.fon', '85s1255.fon', '85s1256.fon', '85s1257.fon', '85s874.fon', 'AGENCYB.TTF', 'AGENCYR.TTF', 'ALGER.TTF', 'ANTQUAB.TTF', 'ANTQUABI.TTF', 'ANTQUAI.TTF', 'app775.fon', 'app850.fon', 'app852.fon', 'app855.fon', 'app857.fon', 'app866.fon', 'app932.fon', 'app936.fon', 'app949.fon', 'app950.fon', 'arial.ttf', 'arialbd.ttf', 'arialbi.ttf', 'ariali.ttf', 'ARIALN.TTF', 'ARIALNB.TTF', 'ARIALNBI.TTF', 'ARIALNI.TTF', 'ariblk.ttf', 'ARLRDBD.TTF', 'AxureHandwriting-Bold.otf', 'AxureHandwriting-BoldItalic.otf', 'AxureHandwriting-Italic.otf', 'AxureHandwriting.otf', 'bahnschrift.ttf', 'BASKVILL.TTF', 'BAUHS93.TTF', 'BELL.TTF', 'BELLB.TTF', 'BELLI.TTF', 'BERNHC.TTF', 'BKANT.TTF', 'BOD_B.TTF', 'BOD_BI.TTF', 'BOD_BLAI.TTF', 'BOD_BLAR.TTF', 'BOD_CB.TTF', 'BOD_CBI.TTF', 'BOD_CI.TTF', 'BOD_CR.TTF', 'BOD_I.TTF', 'BOD_PSTC.TTF', 'BOD_R.TTF', 'BOOKOS.TTF', 'BOOKOSB.TTF', 'BOOKOSBI.TTF', 'BOOKOSI.TTF', 'BRADHITC.TTF', 'BRITANIC.TTF', 'BRLNSB.TTF', 'BRLNSDB.TTF', 'BRLNSR.TTF', 'BROADW.TTF', 'BRUSHSCI.TTF', 'BSSYM7.TTF', 'c8514fix.fon', 'c8514oem.fon', 'c8514sys.fon', 'calibri.ttf', 'calibrib.ttf', 'calibrii.ttf', 'calibril.ttf', 'calibrili.ttf', 'calibriz.ttf', 'CALIFB.TTF', 'CALIFI.TTF', 'CALIFR.TTF', 'CALIST.TTF', 'CALISTB.TTF', 'CALISTBI.TTF', 'CALISTI.TTF', 'cambria.ttc', 'cambriab.ttf', 'cambriai.ttf', 'cambriaz.ttf', 'Candara.ttf', 'Candarab.ttf', 'Candarai.ttf', 'Candaral.ttf', 'Candarali.ttf', 'Candaraz.ttf', 'CascadiaCode.ttf', 'CascadiaMono.ttf', 'CASTELAR.TTF', 'CENSCBK.TTF', 'CENTAUR.TTF', 'CENTURY.TTF', 'cga40737.fon', 'cga40850.fon', 'cga40852.fon', 'cga40857.fon', 'cga40866.fon', 'cga40869.fon', 'cga40woa.fon', 'cga80737.fon', 'cga80850.fon', 'cga80852.fon', 'cga80857.fon', 'cga80866.fon', 'cga80869.fon', 'cga80woa.fon', 'CHILLER.TTF', 'COLONNA.TTF', 'comic.ttf', 'comicbd.ttf', 'comici.ttf', 'comicz.ttf', 'consola.ttf', 'consolab.ttf', 'consolai.ttf', 'consolaz.ttf', 'constan.ttf', 'constanb.ttf', 'constani.ttf', 'constanz.ttf', 'COOPBL.TTF', 'COPRGTB.TTF', 'COPRGTL.TTF', 'corbel.ttf', 'corbelb.ttf', 'corbeli.ttf', 'corbell.ttf', 'corbelli.ttf', 'corbelz.ttf', 'coue1255.fon', 'coue1256.fon', 'coue1257.fon', 'couf1255.fon', 'couf1256.fon', 'couf1257.fon', 'cour.ttf', 'courbd.ttf', 'courbi.ttf', 'coure.fon', 'couree.fon', 'coureg.fon', 'courer.fon', 'couret.fon', 'courf.fon', 'courfe.fon', 'courfg.fon', 'courfr.fon', 'courft.fon', 'couri.ttf', 'CURLZ___.TTF', 'cvgafix.fon', 'cvgasys.fon', 'Deng.ttf', 'Dengb.ttf', 'Dengl.ttf', 'desktop.ini', 'dos737.fon', 'dos869.fon', 'dosapp.fon', 'DUBAI-BOLD.TTF', 'DUBAI-LIGHT.TTF', 'DUBAI-MEDIUM.TTF', 'DUBAI-REGULAR.TTF', 'ebrima.ttf', 'ebrimabd.ttf', 'ega40737.fon', 'ega40850.fon', 'ega40852.fon', 'ega40857.fon', 'ega40866.fon', 'ega40869.fon', 'ega40woa.fon', 'ega80737.fon', 'ega80850.fon', 'ega80852.fon', 'ega80857.fon', 'ega80866.fon', 'ega80869.fon', 'ega80woa.fon', 'ELEPHNT.TTF', 'ELEPHNTI.TTF', 'ENGR.TTF', 'ERASBD.TTF', 'ERASDEMI.TTF', 'ERASLGHT.TTF', 'ERASMD.TTF', 'FELIXTI.TTF', 'fms_metadata.xml', 'FORTE.TTF', 'FRABK.TTF', 'FRABKIT.TTF', 'FRADM.TTF', 'FRADMCN.TTF', 'FRADMIT.TTF', 'FRAHV.TTF', 'FRAHVIT.TTF', 'framd.ttf', 'FRAMDCN.TTF', 'framdit.ttf', 'FREESCPT.TTF', 'FRSCRIPT.TTF', 'FTLTLT.TTF', 'FZSTK.TTF', 'FZYTK.TTF', 'Gabriola.ttf', 'gadugi.ttf', 'gadugib.ttf', 'GARA.TTF', 'GARABD.TTF', 'GARAIT.TTF', 'georgia.ttf', 'georgiab.ttf', 'georgiai.ttf', 'georgiaz.ttf', 'GIGI.TTF', 'GILBI___.TTF', 'GILB____.TTF', 'GILC____.TTF', 'GILI____.TTF', 'GILLUBCD.TTF', 'GILSANUB.TTF', 'GIL_____.TTF', 'GLECB.TTF', 'GlobalMonospace.CompositeFont', 'GlobalSansSerif.CompositeFont', 'GlobalSerif.CompositeFont', 'GlobalUserInterface.CompositeFont', 'GLSNECB.TTF', 'GOTHIC.TTF', 'GOTHICB.TTF', 'GOTHICBI.TTF', 'GOTHICI.TTF', 'GOUDOS.TTF', 'GOUDOSB.TTF', 'GOUDOSI.TTF', 'GOUDYSTO.TTF', 'h8514fix.fon', 'h8514oem.fon', 'h8514sys.fon', 'HARLOWSI.TTF', 'HARNGTON.TTF', 'HATTEN.TTF', 'HGB1X_CNKI.ttf', 'HGB1_CNKI.ttf', 'HGB2X_CNKI.ttf', 'HGB2_CNKI.ttf', 'HGB3X_CNKI.ttf', 'HGB3_CNKI.ttf', 'HGB4X_CNKI.ttf', 'HGB4_CNKI.ttf', 'HGB5X_CNKI.ttf', 'HGB5_CNKI.ttf', 'HGB6X_CNKI.ttf', 'HGB6_CNKI.ttf', 'HGB7X_CNKI.ttf', 'HGB7_CNKI.ttf', 'HGB8X_CNKI.ttf', 'HGB8_CNKI.ttf', 'HGBD_CNKI.ttf', 'HGBKBX_CNKI.ttf', 'HGBKB_CNKI.ttf', 'HGBKHX_CNKI.ttf', 'HGBKH_CNKI.ttf', 'HGBS1_CNKI.TTF', 'HGBS2_CNKI.TTF', 'HGBS_CNKI.TTF', 'HGBTH_CNKI.TTF', 'HGBTS_CNKI.TTF', 'HGBX_CNKI.ttf', 'HGBZ_CNKI.ttf', 'HGCH_CNKI.TTF', 'HGCUH_CNKI.TTF', 'HGCY_CNKI.TTF', 'HGDBS_CNKI.TTF', 'HGDGY_CNKI.TTF', 'HGDH2_CNKI.TTF', 'HGDH_CNKI.TTF', 'HGDYS_CNKI.TTF', 'HGDY_CNKI.ttf', 'HGF1X_CNKI.ttf', 'HGF1_CNKI.ttf', 'HGF2X_CNKI.ttf', 'HGF2_CNKI.ttf', 'HGF3_CNKI.ttf', 'HGF4X_CNKI.ttf', 'HGF4_CNKI.ttf', 'HGF5X_CNKI.ttf', 'HGF5_CNKI.ttf', 'HGF6X_CNKI.ttf', 'HGF6_CNKI.ttf', 'HGF7X_CNKI.ttf', 'HGF7_CNKI.ttf', 'HGF8_CNKI.ttf', 'HGF9X_CNKI.ttf', 'HGF9_CNKI.ttf', 'HGFS1_CNKI.TTF', 'HGFS2_CNKI.TTF', 'HGFSH_CNKI.TTF', 'HGFS_CNKI.TTF', 'HGFX_CNKI.ttf', 'HGFZ_CNKI.ttf', 'HGGG_CNKI.TTF', 'HGH1X_CNKI.ttf', 'HGH1_CNKI.ttf', 'HGH2X_CNKI.ttf', 'HGH2_CNKI.ttf', 'HGH3X_CNKI.ttf', 'HGH3_CNKI.ttf', 'HGH4X_CNKI.ttf', 'HGH4_CNKI.ttf', 'HGH5X_CNKI.ttf', 'HGH5_CNKI.ttf', 'HGH6X_CNKI.ttf', 'HGH6_CNKI.ttf', 'HGH7X_CNKI.ttf', 'HGH7_CNKI.ttf', 'HGHB_CNKI.TTF', 'HGHD_CNKI.ttf', 'HGHP_CNKI.TTF', 'HGHT1_CNKI.ttf', 'HGHT2_CNKI.ttf', 'HGHUATI_CNKI.ttf', 'HGHX_CNKI.ttf', 'HGHZ_CNKI.ttf', 'HGH_CNKI.TTF', 'HGKT1_CNKI.TTF', 'HGKT2_CNKI.TTF', 'HGKT_CNKI.TTF', 'HGKY_CNKI.ttf', 'HGLB_CNKI.TTF', 'HGLS_CNKI.TTF', 'HGMH_CNKI.TTF', 'HGNBS_CNKI.ttf', 'HGOCR_CNKI.ttf', 'HGPH_CNKI.TTF', 'HGPTY_CNKI.TTF', 'HGSS1_CNKI.TTF', 'HGSS2_CNKI.TTF', 'HGSS_CNKI.TTF', 'HGSXT_CNKI.ttf', 'HGTT_CNKI.ttf', 'HGTX_CNKI.TTF', 'HGWT_CNKI.TTF', 'HGWYS_CNKI.TTF', 'HGX1X_CNKI.ttf', 'HGX1_CNKI.ttf', 'HGXBS_CNKI.TTF', 'HGXC_CNKI.TTF', 'HGXF1_CNKI.ttf', 'HGXFX_CNKI.ttf', 'HGXFZ_CNKI.ttf', 'HGXH1_CNKI.TTF', 'HGXH_CNKI.TTF', 'HGXK_CNKI.TTF', 'HGXL_CNKI.TTF', 'HGXS_CNKI.TTF', 'HGXT_CNKI.ttf', 'HGXY_CNKI.ttf', 'HGY1_CNKI.TTF', 'HGY2_CNKI.TTF', 'HGY3_CNKI.TTF', 'HGY4_CNKI.TTF', 'HGYB_CNKI.ttf', 'HGYT1_CNKI.ttf', 'HGYT2_CNKI.ttf', 'HGYT_CNKI.TTF', 'HGYX_CNKI.TTF', 'HGZCS_CNKI.TTF', 'HGZDX_CNKI.TTF', 'HGZK_CNKI.TTF', 'HGZYT_CNKI.TTF', 'HGZY_CNKI.TTF', 'himalaya.ttf', 'holomdl2.ttf', 'HTOWERT.TTF', 'HTOWERTI.TTF', 'hvgafix.fon', 'hvgasys.fon', 'impact.ttf', 'IMPRISHA.TTF', 'INFROMAN.TTF', 'Inkfree.ttf', 'iqiyi_logov7.ttf', 'ITCBLKAD.TTF', 'ITCEDSCR.TTF', 'ITCKRIST.TTF', 'j8514fix.fon', 'j8514oem.fon', 'j8514sys.fon', 'javatext.ttf', 'JOKERMAN.TTF', 'jsmalle.fon', 'jsmallf.fon', 'JUICE___.TTF', 'jvgafix.fon', 'jvgasys.fon', 'KUNSTLER.TTF', 'LATINWD.TTF', 'LBRITE.TTF', 'LBRITED.TTF', 'LBRITEDI.TTF', 'LBRITEI.TTF', 'LCALLIG.TTF', 'LeelaUIb.ttf', 'LeelawUI.ttf', 'LeelUIsl.ttf', 'LFAX.TTF', 'LFAXD.TTF', 'LFAXDI.TTF', 'LFAXI.TTF', 'LHANDW.TTF', 'LSANS.TTF', 'LSANSD.TTF', 'LSANSDI.TTF', 'LSANSI.TTF', 'LTYPE.TTF', 'LTYPEB.TTF', 'LTYPEBO.TTF', 'LTYPEO.TTF', 'lucon.ttf', 'l_10646.ttf', 'MAGNETOB.TTF', 'MAIAN.TTF', 'malgun.ttf', 'malgunbd.ttf', 'malgunsl.ttf', 'marlett.ttf', 'MATURASC.TTF', 'micross.ttf', 'mingliub.ttc', 'MISTRAL.TTF', 'mmrtext.ttf', 'mmrtextb.ttf', 'MOD20.TTF', 'modern.fon', 'monbaiti.ttf', 'msgothic.ttc', 'msjh.ttc', 'msjhbd.ttc', 'msjhl.ttc', 'msyh.ttc', 'msyhbd.ttc', 'msyhl.ttc', 'msyi.ttf', 'MTCORSVA.TTF', 'MTEXTRA.TTF', 'mvboli.ttf', 'NIAGENG.TTF', 'NIAGSOL.TTF', 'Nirmala.ttf', 'NirmalaB.ttf', 'NirmalaS.ttf', 'ntailu.ttf', 'ntailub.ttf', 'NumberOnly.ttf', 'OCRAEXT.TTF', 'OLDENGL.TTF', 'ONYX.TTF', 'OUTLOOK.TTF', 'pala.ttf', 'palab.ttf', 'palabi.ttf', 'palai.ttf', 'PALSCRI.TTF', 'PAPYRUS.TTF', 'PARCHM.TTF', 'PERBI___.TTF', 'PERB____.TTF', 'PERI____.TTF', 'PERTIBD.TTF', 'PERTILI.TTF', 'PER_____.TTF', 'phagspa.ttf', 'phagspab.ttf', 'PLAYBILL.TTF', 'POORICH.TTF', 'PRISTINA.TTF', 'RAGE.TTF', 'RAVIE.TTF', 'REFSAN.TTF', 'REFSPCL.TTF', 'ROCCB___.TTF', 'ROCC____.TTF', 'ROCK.TTF', 'ROCKB.TTF', 'ROCKBI.TTF', 'ROCKEB.TTF', 'ROCKI.TTF', 'roman.fon', 's8514fix.fon', 's8514oem.fon', 's8514sys.fon', 'SCHLBKB.TTF', 'SCHLBKBI.TTF', 'SCHLBKI.TTF', 'script.fon', 'SCRIPTBL.TTF', 'segmdl2.ttf', 'SegoeIcons.ttf', 'segoepr.ttf', 'segoeprb.ttf', 'segoesc.ttf', 'segoescb.ttf', 'segoeui.ttf', 'segoeuib.ttf', 'segoeuii.ttf', 'segoeuil.ttf', 'segoeuisl.ttf', 'segoeuiz.ttf', 'seguibl.ttf', 'seguibli.ttf', 'seguiemj.ttf', 'seguihis.ttf', 'seguili.ttf', 'seguisb.ttf', 'seguisbi.ttf', 'seguisli.ttf', 'seguisym.ttf', 'SegUIVar.ttf', 'sere1255.fon', 'sere1256.fon', 'sere1257.fon', 'serf1255.fon', 'serf1256.fon', 'serf1257.fon', 'serife.fon', 'serifee.fon', 'serifeg.fon', 'serifer.fon', 'serifet.fon', 'seriff.fon', 'seriffe.fon', 'seriffg.fon', 'seriffr.fon', 'serifft.fon', 'SHOWG.TTF', 'simfang.ttf', 'simhei.ttf', 'simkai.ttf', 'SIMLI.TTF', 'simsun.ttc', 'simsunb.ttf', 'SIMYOU.TTF', 'SitkaVF-Italic.ttf', 'SitkaVF.ttf', 'smae1255.fon', 'smae1256.fon', 'smae1257.fon', 'smaf1255.fon', 'smaf1256.fon', 'smaf1257.fon', 'smalle.fon', 'smallee.fon', 'smalleg.fon', 'smaller.fon', 'smallet.fon', 'smallf.fon', 'smallfe.fon', 'smallfg.fon', 'smallfr.fon', 'smallft.fon', 'SNAP____.TTF', 'ssee1255.fon', 'ssee1256.fon', 'ssee1257.fon', 'ssee874.fon', 'ssef1255.fon', 'ssef1256.fon', 'ssef1257.fon', 'ssef874.fon', 'sserife.fon', 'sserifee.fon', 'sserifeg.fon', 'sserifer.fon', 'sserifet.fon', 'sseriff.fon', 'sseriffe.fon', 'sseriffg.fon', 'sseriffr.fon', 'sserifft.fon', 'StaticCache.dat', 'STCAIYUN.TTF', 'STENCIL.TTF', 'STFANGSO.TTF', 'STHUPO.TTF', 'STKAITI.TTF', 'STLITI.TTF', 'STSONG.TTF', 'STXIHEI.TTF', 'STXINGKA.TTF', 'STXINWEI.TTF', 'STZHONGS.TTF', 'svgafix.fon', 'svgasys.fon', 'sylfaen.ttf', 'symbol.ttf', 'tahoma.ttf', 'tahomabd.ttf', 'taile.ttf', 'taileb.ttf', 'TCBI____.TTF', 'TCB_____.TTF', 'TCCB____.TTF', 'TCCEB.TTF', 'TCCM____.TTF', 'TCMI____.TTF', 'TCM_____.TTF', 'TEMPSITC.TTF', 'times.ttf', 'timesbd.ttf', 'timesbi.ttf', 'timesi.ttf', 'trebuc.ttf', 'trebucbd.ttf', 'trebucbi.ttf', 'trebucit.ttf', 'verdana.ttf', 'verdanab.ttf', 'verdanai.ttf', 'verdanaz.ttf', 'vga737.fon', 'vga775.fon', 'vga850.fon', 'vga852.fon', 'vga855.fon', 'vga857.fon', 'vga860.fon', 'vga861.fon', 'vga863.fon', 'vga865.fon', 'vga866.fon', 'vga869.fon', 'vga932.fon', 'vga936.fon', 'vga949.fon', 'vga950.fon', 'vgaf1255.fon', 'vgaf1256.fon', 'vgaf1257.fon', 'vgaf874.fon', 'vgafix.fon', 'vgafixe.fon', 'vgafixg.fon', 'vgafixr.fon', 'vgafixt.fon', 'vgaoem.fon', 'vgas1255.fon', 'vgas1256.fon', 'vgas1257.fon', 'vgas874.fon', 'vgasys.fon', 'vgasyse.fon', 'vgasysg.fon', 'vgasysr.fon', 'vgasyst.fon', 'VINERITC.TTF', 'VIVALDII.TTF', 'VLADIMIR.TTF', 'webdings.ttf', 'wingding.ttf', 'WINGDNG2.TTF', 'WINGDNG3.TTF', 'YuGothB.ttc', 'YuGothL.ttc', 'YuGothM.ttc', 'YuGothR.ttc', '\u534e\u5eb7\u65b9\u5706\u4f53W7.TTC', '\u65b9\u6b63\u7c97\u9ed1\u5b8b\u7b80\u4f53.ttf']
2023-09-27 15:15:47,137 - INFO - all fonts installed:['8514fix.fon', '8514fixe.fon', '8514fixg.fon', '8514fixr.fon', '8514fixt.fon', '8514oem.fon', '8514oeme.fon', '8514oemg.fon', '8514oemr.fon', '8514oemt.fon', '8514sys.fon', '8514syse.fon', '8514sysg.fon', '8514sysr.fon', '8514syst.fon', '85775.fon', '85855.fon', '85f1255.fon', '85f1256.fon', '85f1257.fon', '85f874.fon', '85s1255.fon', '85s1256.fon', '85s1257.fon', '85s874.fon', 'AGENCYB.TTF', 'AGENCYR.TTF', 'ALGER.TTF', 'ANTQUAB.TTF', 'ANTQUABI.TTF', 'ANTQUAI.TTF', 'app775.fon', 'app850.fon', 'app852.fon', 'app855.fon', 'app857.fon', 'app866.fon', 'app932.fon', 'app936.fon', 'app949.fon', 'app950.fon', 'arial.ttf', 'arialbd.ttf', 'arialbi.ttf', 'ariali.ttf', 'ARIALN.TTF', 'ARIALNB.TTF', 'ARIALNBI.TTF', 'ARIALNI.TTF', 'ariblk.ttf', 'ARLRDBD.TTF', 'AxureHandwriting-Bold.otf', 'AxureHandwriting-BoldItalic.otf', 'AxureHandwriting-Italic.otf', 'AxureHandwriting.otf', 'bahnschrift.ttf', 'BASKVILL.TTF', 'BAUHS93.TTF', 'BELL.TTF', 'BELLB.TTF', 'BELLI.TTF', 'BERNHC.TTF', 'BKANT.TTF', 'BOD_B.TTF', 'BOD_BI.TTF', 'BOD_BLAI.TTF', 'BOD_BLAR.TTF', 'BOD_CB.TTF', 'BOD_CBI.TTF', 'BOD_CI.TTF', 'BOD_CR.TTF', 'BOD_I.TTF', 'BOD_PSTC.TTF', 'BOD_R.TTF', 'BOOKOS.TTF', 'BOOKOSB.TTF', 'BOOKOSBI.TTF', 'BOOKOSI.TTF', 'BRADHITC.TTF', 'BRITANIC.TTF', 'BRLNSB.TTF', 'BRLNSDB.TTF', 'BRLNSR.TTF', 'BROADW.TTF', 'BRUSHSCI.TTF', 'BSSYM7.TTF', 'c8514fix.fon', 'c8514oem.fon', 'c8514sys.fon', 'calibri.ttf', 'calibrib.ttf', 'calibrii.ttf', 'calibril.ttf', 'calibrili.ttf', 'calibriz.ttf', 'CALIFB.TTF', 'CALIFI.TTF', 'CALIFR.TTF', 'CALIST.TTF', 'CALISTB.TTF', 'CALISTBI.TTF', 'CALISTI.TTF', 'cambria.ttc', 'cambriab.ttf', 'cambriai.ttf', 'cambriaz.ttf', 'Candara.ttf', 'Candarab.ttf', 'Candarai.ttf', 'Candaral.ttf', 'Candarali.ttf', 'Candaraz.ttf', 'CascadiaCode.ttf', 'CascadiaMono.ttf', 'CASTELAR.TTF', 'CENSCBK.TTF', 'CENTAUR.TTF', 'CENTURY.TTF', 'cga40737.fon', 'cga40850.fon', 'cga40852.fon', 'cga40857.fon', 'cga40866.fon', 'cga40869.fon', 'cga40woa.fon', 'cga80737.fon', 'cga80850.fon', 'cga80852.fon', 'cga80857.fon', 'cga80866.fon', 'cga80869.fon', 'cga80woa.fon', 'CHILLER.TTF', 'COLONNA.TTF', 'comic.ttf', 'comicbd.ttf', 'comici.ttf', 'comicz.ttf', 'consola.ttf', 'consolab.ttf', 'consolai.ttf', 'consolaz.ttf', 'constan.ttf', 'constanb.ttf', 'constani.ttf', 'constanz.ttf', 'COOPBL.TTF', 'COPRGTB.TTF', 'COPRGTL.TTF', 'corbel.ttf', 'corbelb.ttf', 'corbeli.ttf', 'corbell.ttf', 'corbelli.ttf', 'corbelz.ttf', 'coue1255.fon', 'coue1256.fon', 'coue1257.fon', 'couf1255.fon', 'couf1256.fon', 'couf1257.fon', 'cour.ttf', 'courbd.ttf', 'courbi.ttf', 'coure.fon', 'couree.fon', 'coureg.fon', 'courer.fon', 'couret.fon', 'courf.fon', 'courfe.fon', 'courfg.fon', 'courfr.fon', 'courft.fon', 'couri.ttf', 'CURLZ___.TTF', 'cvgafix.fon', 'cvgasys.fon', 'Deng.ttf', 'Dengb.ttf', 'Dengl.ttf', 'desktop.ini', 'dos737.fon', 'dos869.fon', 'dosapp.fon', 'DUBAI-BOLD.TTF', 'DUBAI-LIGHT.TTF', 'DUBAI-MEDIUM.TTF', 'DUBAI-REGULAR.TTF', 'ebrima.ttf', 'ebrimabd.ttf', 'ega40737.fon', 'ega40850.fon', 'ega40852.fon', 'ega40857.fon', 'ega40866.fon', 'ega40869.fon', 'ega40woa.fon', 'ega80737.fon', 'ega80850.fon', 'ega80852.fon', 'ega80857.fon', 'ega80866.fon', 'ega80869.fon', 'ega80woa.fon', 'ELEPHNT.TTF', 'ELEPHNTI.TTF', 'ENGR.TTF', 'ERASBD.TTF', 'ERASDEMI.TTF', 'ERASLGHT.TTF', 'ERASMD.TTF', 'FELIXTI.TTF', 'fms_metadata.xml', 'FORTE.TTF', 'FRABK.TTF', 'FRABKIT.TTF', 'FRADM.TTF', 'FRADMCN.TTF', 'FRADMIT.TTF', 'FRAHV.TTF', 'FRAHVIT.TTF', 'framd.ttf', 'FRAMDCN.TTF', 'framdit.ttf', 'FREESCPT.TTF', 'FRSCRIPT.TTF', 'FTLTLT.TTF', 'FZSTK.TTF', 'FZYTK.TTF', 'Gabriola.ttf', 'gadugi.ttf', 'gadugib.ttf', 'GARA.TTF', 'GARABD.TTF', 'GARAIT.TTF', 'georgia.ttf', 'georgiab.ttf', 'georgiai.ttf', 'georgiaz.ttf', 'GIGI.TTF', 'GILBI___.TTF', 'GILB____.TTF', 'GILC____.TTF', 'GILI____.TTF', 'GILLUBCD.TTF', 'GILSANUB.TTF', 'GIL_____.TTF', 'GLECB.TTF', 'GlobalMonospace.CompositeFont', 'GlobalSansSerif.CompositeFont', 'GlobalSerif.CompositeFont', 'GlobalUserInterface.CompositeFont', 'GLSNECB.TTF', 'GOTHIC.TTF', 'GOTHICB.TTF', 'GOTHICBI.TTF', 'GOTHICI.TTF', 'GOUDOS.TTF', 'GOUDOSB.TTF', 'GOUDOSI.TTF', 'GOUDYSTO.TTF', 'h8514fix.fon', 'h8514oem.fon', 'h8514sys.fon', 'HARLOWSI.TTF', 'HARNGTON.TTF', 'HATTEN.TTF', 'HGB1X_CNKI.ttf', 'HGB1_CNKI.ttf', 'HGB2X_CNKI.ttf', 'HGB2_CNKI.ttf', 'HGB3X_CNKI.ttf', 'HGB3_CNKI.ttf', 'HGB4X_CNKI.ttf', 'HGB4_CNKI.ttf', 'HGB5X_CNKI.ttf', 'HGB5_CNKI.ttf', 'HGB6X_CNKI.ttf', 'HGB6_CNKI.ttf', 'HGB7X_CNKI.ttf', 'HGB7_CNKI.ttf', 'HGB8X_CNKI.ttf', 'HGB8_CNKI.ttf', 'HGBD_CNKI.ttf', 'HGBKBX_CNKI.ttf', 'HGBKB_CNKI.ttf', 'HGBKHX_CNKI.ttf', 'HGBKH_CNKI.ttf', 'HGBS1_CNKI.TTF', 'HGBS2_CNKI.TTF', 'HGBS_CNKI.TTF', 'HGBTH_CNKI.TTF', 'HGBTS_CNKI.TTF', 'HGBX_CNKI.ttf', 'HGBZ_CNKI.ttf', 'HGCH_CNKI.TTF', 'HGCUH_CNKI.TTF', 'HGCY_CNKI.TTF', 'HGDBS_CNKI.TTF', 'HGDGY_CNKI.TTF', 'HGDH2_CNKI.TTF', 'HGDH_CNKI.TTF', 'HGDYS_CNKI.TTF', 'HGDY_CNKI.ttf', 'HGF1X_CNKI.ttf', 'HGF1_CNKI.ttf', 'HGF2X_CNKI.ttf', 'HGF2_CNKI.ttf', 'HGF3_CNKI.ttf', 'HGF4X_CNKI.ttf', 'HGF4_CNKI.ttf', 'HGF5X_CNKI.ttf', 'HGF5_CNKI.ttf', 'HGF6X_CNKI.ttf', 'HGF6_CNKI.ttf', 'HGF7X_CNKI.ttf', 'HGF7_CNKI.ttf', 'HGF8_CNKI.ttf', 'HGF9X_CNKI.ttf', 'HGF9_CNKI.ttf', 'HGFS1_CNKI.TTF', 'HGFS2_CNKI.TTF', 'HGFSH_CNKI.TTF', 'HGFS_CNKI.TTF', 'HGFX_CNKI.ttf', 'HGFZ_CNKI.ttf', 'HGGG_CNKI.TTF', 'HGH1X_CNKI.ttf', 'HGH1_CNKI.ttf', 'HGH2X_CNKI.ttf', 'HGH2_CNKI.ttf', 'HGH3X_CNKI.ttf', 'HGH3_CNKI.ttf', 'HGH4X_CNKI.ttf', 'HGH4_CNKI.ttf', 'HGH5X_CNKI.ttf', 'HGH5_CNKI.ttf', 'HGH6X_CNKI.ttf', 'HGH6_CNKI.ttf', 'HGH7X_CNKI.ttf', 'HGH7_CNKI.ttf', 'HGHB_CNKI.TTF', 'HGHD_CNKI.ttf', 'HGHP_CNKI.TTF', 'HGHT1_CNKI.ttf', 'HGHT2_CNKI.ttf', 'HGHUATI_CNKI.ttf', 'HGHX_CNKI.ttf', 'HGHZ_CNKI.ttf', 'HGH_CNKI.TTF', 'HGKT1_CNKI.TTF', 'HGKT2_CNKI.TTF', 'HGKT_CNKI.TTF', 'HGKY_CNKI.ttf', 'HGLB_CNKI.TTF', 'HGLS_CNKI.TTF', 'HGMH_CNKI.TTF', 'HGNBS_CNKI.ttf', 'HGOCR_CNKI.ttf', 'HGPH_CNKI.TTF', 'HGPTY_CNKI.TTF', 'HGSS1_CNKI.TTF', 'HGSS2_CNKI.TTF', 'HGSS_CNKI.TTF', 'HGSXT_CNKI.ttf', 'HGTT_CNKI.ttf', 'HGTX_CNKI.TTF', 'HGWT_CNKI.TTF', 'HGWYS_CNKI.TTF', 'HGX1X_CNKI.ttf', 'HGX1_CNKI.ttf', 'HGXBS_CNKI.TTF', 'HGXC_CNKI.TTF', 'HGXF1_CNKI.ttf', 'HGXFX_CNKI.ttf', 'HGXFZ_CNKI.ttf', 'HGXH1_CNKI.TTF', 'HGXH_CNKI.TTF', 'HGXK_CNKI.TTF', 'HGXL_CNKI.TTF', 'HGXS_CNKI.TTF', 'HGXT_CNKI.ttf', 'HGXY_CNKI.ttf', 'HGY1_CNKI.TTF', 'HGY2_CNKI.TTF', 'HGY3_CNKI.TTF', 'HGY4_CNKI.TTF', 'HGYB_CNKI.ttf', 'HGYT1_CNKI.ttf', 'HGYT2_CNKI.ttf', 'HGYT_CNKI.TTF', 'HGYX_CNKI.TTF', 'HGZCS_CNKI.TTF', 'HGZDX_CNKI.TTF', 'HGZK_CNKI.TTF', 'HGZYT_CNKI.TTF', 'HGZY_CNKI.TTF', 'himalaya.ttf', 'holomdl2.ttf', 'HTOWERT.TTF', 'HTOWERTI.TTF', 'hvgafix.fon', 'hvgasys.fon', 'impact.ttf', 'IMPRISHA.TTF', 'INFROMAN.TTF', 'Inkfree.ttf', 'iqiyi_logov7.ttf', 'ITCBLKAD.TTF', 'ITCEDSCR.TTF', 'ITCKRIST.TTF', 'j8514fix.fon', 'j8514oem.fon', 'j8514sys.fon', 'javatext.ttf', 'JOKERMAN.TTF', 'jsmalle.fon', 'jsmallf.fon', 'JUICE___.TTF', 'jvgafix.fon', 'jvgasys.fon', 'KUNSTLER.TTF', 'LATINWD.TTF', 'LBRITE.TTF', 'LBRITED.TTF', 'LBRITEDI.TTF', 'LBRITEI.TTF', 'LCALLIG.TTF', 'LeelaUIb.ttf', 'LeelawUI.ttf', 'LeelUIsl.ttf', 'LFAX.TTF', 'LFAXD.TTF', 'LFAXDI.TTF', 'LFAXI.TTF', 'LHANDW.TTF', 'LSANS.TTF', 'LSANSD.TTF', 'LSANSDI.TTF', 'LSANSI.TTF', 'LTYPE.TTF', 'LTYPEB.TTF', 'LTYPEBO.TTF', 'LTYPEO.TTF', 'lucon.ttf', 'l_10646.ttf', 'MAGNETOB.TTF', 'MAIAN.TTF', 'malgun.ttf', 'malgunbd.ttf', 'malgunsl.ttf', 'marlett.ttf', 'MATURASC.TTF', 'micross.ttf', 'mingliub.ttc', 'MISTRAL.TTF', 'mmrtext.ttf', 'mmrtextb.ttf', 'MOD20.TTF', 'modern.fon', 'monbaiti.ttf', 'msgothic.ttc', 'msjh.ttc', 'msjhbd.ttc', 'msjhl.ttc', 'msyh.ttc', 'msyhbd.ttc', 'msyhl.ttc', 'msyi.ttf', 'MTCORSVA.TTF', 'MTEXTRA.TTF', 'mvboli.ttf', 'NIAGENG.TTF', 'NIAGSOL.TTF', 'Nirmala.ttf', 'NirmalaB.ttf', 'NirmalaS.ttf', 'ntailu.ttf', 'ntailub.ttf', 'NumberOnly.ttf', 'OCRAEXT.TTF', 'OLDENGL.TTF', 'ONYX.TTF', 'OUTLOOK.TTF', 'pala.ttf', 'palab.ttf', 'palabi.ttf', 'palai.ttf', 'PALSCRI.TTF', 'PAPYRUS.TTF', 'PARCHM.TTF', 'PERBI___.TTF', 'PERB____.TTF', 'PERI____.TTF', 'PERTIBD.TTF', 'PERTILI.TTF', 'PER_____.TTF', 'phagspa.ttf', 'phagspab.ttf', 'PLAYBILL.TTF', 'POORICH.TTF', 'PRISTINA.TTF', 'RAGE.TTF', 'RAVIE.TTF', 'REFSAN.TTF', 'REFSPCL.TTF', 'ROCCB___.TTF', 'ROCC____.TTF', 'ROCK.TTF', 'ROCKB.TTF', 'ROCKBI.TTF', 'ROCKEB.TTF', 'ROCKI.TTF', 'roman.fon', 's8514fix.fon', 's8514oem.fon', 's8514sys.fon', 'SCHLBKB.TTF', 'SCHLBKBI.TTF', 'SCHLBKI.TTF', 'script.fon', 'SCRIPTBL.TTF', 'segmdl2.ttf', 'SegoeIcons.ttf', 'segoepr.ttf', 'segoeprb.ttf', 'segoesc.ttf', 'segoescb.ttf', 'segoeui.ttf', 'segoeuib.ttf', 'segoeuii.ttf', 'segoeuil.ttf', 'segoeuisl.ttf', 'segoeuiz.ttf', 'seguibl.ttf', 'seguibli.ttf', 'seguiemj.ttf', 'seguihis.ttf', 'seguili.ttf', 'seguisb.ttf', 'seguisbi.ttf', 'seguisli.ttf', 'seguisym.ttf', 'SegUIVar.ttf', 'sere1255.fon', 'sere1256.fon', 'sere1257.fon', 'serf1255.fon', 'serf1256.fon', 'serf1257.fon', 'serife.fon', 'serifee.fon', 'serifeg.fon', 'serifer.fon', 'serifet.fon', 'seriff.fon', 'seriffe.fon', 'seriffg.fon', 'seriffr.fon', 'serifft.fon', 'SHOWG.TTF', 'simfang.ttf', 'simhei.ttf', 'simkai.ttf', 'SIMLI.TTF', 'simsun.ttc', 'simsunb.ttf', 'SIMYOU.TTF', 'SitkaVF-Italic.ttf', 'SitkaVF.ttf', 'smae1255.fon', 'smae1256.fon', 'smae1257.fon', 'smaf1255.fon', 'smaf1256.fon', 'smaf1257.fon', 'smalle.fon', 'smallee.fon', 'smalleg.fon', 'smaller.fon', 'smallet.fon', 'smallf.fon', 'smallfe.fon', 'smallfg.fon', 'smallfr.fon', 'smallft.fon', 'SNAP____.TTF', 'ssee1255.fon', 'ssee1256.fon', 'ssee1257.fon', 'ssee874.fon', 'ssef1255.fon', 'ssef1256.fon', 'ssef1257.fon', 'ssef874.fon', 'sserife.fon', 'sserifee.fon', 'sserifeg.fon', 'sserifer.fon', 'sserifet.fon', 'sseriff.fon', 'sseriffe.fon', 'sseriffg.fon', 'sseriffr.fon', 'sserifft.fon', 'StaticCache.dat', 'STCAIYUN.TTF', 'STENCIL.TTF', 'STFANGSO.TTF', 'STHUPO.TTF', 'STKAITI.TTF', 'STLITI.TTF', 'STSONG.TTF', 'STXIHEI.TTF', 'STXINGKA.TTF', 'STXINWEI.TTF', 'STZHONGS.TTF', 'svgafix.fon', 'svgasys.fon', 'sylfaen.ttf', 'symbol.ttf', 'tahoma.ttf', 'tahomabd.ttf', 'taile.ttf', 'taileb.ttf', 'TCBI____.TTF', 'TCB_____.TTF', 'TCCB____.TTF', 'TCCEB.TTF', 'TCCM____.TTF', 'TCMI____.TTF', 'TCM_____.TTF', 'TEMPSITC.TTF', 'times.ttf', 'timesbd.ttf', 'timesbi.ttf', 'timesi.ttf', 'trebuc.ttf', 'trebucbd.ttf', 'trebucbi.ttf', 'trebucit.ttf', 'verdana.ttf', 'verdanab.ttf', 'verdanai.ttf', 'verdanaz.ttf', 'vga737.fon', 'vga775.fon', 'vga850.fon', 'vga852.fon', 'vga855.fon', 'vga857.fon', 'vga860.fon', 'vga861.fon', 'vga863.fon', 'vga865.fon', 'vga866.fon', 'vga869.fon', 'vga932.fon', 'vga936.fon', 'vga949.fon', 'vga950.fon', 'vgaf1255.fon', 'vgaf1256.fon', 'vgaf1257.fon', 'vgaf874.fon', 'vgafix.fon', 'vgafixe.fon', 'vgafixg.fon', 'vgafixr.fon', 'vgafixt.fon', 'vgaoem.fon', 'vgas1255.fon', 'vgas1256.fon', 'vgas1257.fon', 'vgas874.fon', 'vgasys.fon', 'vgasyse.fon', 'vgasysg.fon', 'vgasysr.fon', 'vgasyst.fon', 'VINERITC.TTF', 'VIVALDII.TTF', 'VLADIMIR.TTF', 'webdings.ttf', 'wingding.ttf', 'WINGDNG2.TTF', 'WINGDNG3.TTF', 'YuGothB.ttc', 'YuGothL.ttc', 'YuGothM.ttc', 'YuGothR.ttc', '\u534e\u5eb7\u65b9\u5706\u4f53W7.TTC', '\u65b9\u6b63\u7c97\u9ed1\u5b8b\u7b80\u4f53.ttf']
2023-09-27 15:15:47,141 - INFO - all fonts installed:['8514fix.fon', '8514fixe.fon', '8514fixg.fon', '8514fixr.fon', '8514fixt.fon', '8514oem.fon', '8514oeme.fon', '8514oemg.fon', '8514oemr.fon', '8514oemt.fon', '8514sys.fon', '8514syse.fon', '8514sysg.fon', '8514sysr.fon', '8514syst.fon', '85775.fon', '85855.fon', '85f1255.fon', '85f1256.fon', '85f1257.fon', '85f874.fon', '85s1255.fon', '85s1256.fon', '85s1257.fon', '85s874.fon', 'AGENCYB.TTF', 'AGENCYR.TTF', 'ALGER.TTF', 'ANTQUAB.TTF', 'ANTQUABI.TTF', 'ANTQUAI.TTF', 'app775.fon', 'app850.fon', 'app852.fon', 'app855.fon', 'app857.fon', 'app866.fon', 'app932.fon', 'app936.fon', 'app949.fon', 'app950.fon', 'arial.ttf', 'arialbd.ttf', 'arialbi.ttf', 'ariali.ttf', 'ARIALN.TTF', 'ARIALNB.TTF', 'ARIALNBI.TTF', 'ARIALNI.TTF', 'ariblk.ttf', 'ARLRDBD.TTF', 'AxureHandwriting-Bold.otf', 'AxureHandwriting-BoldItalic.otf', 'AxureHandwriting-Italic.otf', 'AxureHandwriting.otf', 'bahnschrift.ttf', 'BASKVILL.TTF', 'BAUHS93.TTF', 'BELL.TTF', 'BELLB.TTF', 'BELLI.TTF', 'BERNHC.TTF', 'BKANT.TTF', 'BOD_B.TTF', 'BOD_BI.TTF', 'BOD_BLAI.TTF', 'BOD_BLAR.TTF', 'BOD_CB.TTF', 'BOD_CBI.TTF', 'BOD_CI.TTF', 'BOD_CR.TTF', 'BOD_I.TTF', 'BOD_PSTC.TTF', 'BOD_R.TTF', 'BOOKOS.TTF', 'BOOKOSB.TTF', 'BOOKOSBI.TTF', 'BOOKOSI.TTF', 'BRADHITC.TTF', 'BRITANIC.TTF', 'BRLNSB.TTF', 'BRLNSDB.TTF', 'BRLNSR.TTF', 'BROADW.TTF', 'BRUSHSCI.TTF', 'BSSYM7.TTF', 'c8514fix.fon', 'c8514oem.fon', 'c8514sys.fon', 'calibri.ttf', 'calibrib.ttf', 'calibrii.ttf', 'calibril.ttf', 'calibrili.ttf', 'calibriz.ttf', 'CALIFB.TTF', 'CALIFI.TTF', 'CALIFR.TTF', 'CALIST.TTF', 'CALISTB.TTF', 'CALISTBI.TTF', 'CALISTI.TTF', 'cambria.ttc', 'cambriab.ttf', 'cambriai.ttf', 'cambriaz.ttf', 'Candara.ttf', 'Candarab.ttf', 'Candarai.ttf', 'Candaral.ttf', 'Candarali.ttf', 'Candaraz.ttf', 'CascadiaCode.ttf', 'CascadiaMono.ttf', 'CASTELAR.TTF', 'CENSCBK.TTF', 'CENTAUR.TTF', 'CENTURY.TTF', 'cga40737.fon', 'cga40850.fon', 'cga40852.fon', 'cga40857.fon', 'cga40866.fon', 'cga40869.fon', 'cga40woa.fon', 'cga80737.fon', 'cga80850.fon', 'cga80852.fon', 'cga80857.fon', 'cga80866.fon', 'cga80869.fon', 'cga80woa.fon', 'CHILLER.TTF', 'COLONNA.TTF', 'comic.ttf', 'comicbd.ttf', 'comici.ttf', 'comicz.ttf', 'consola.ttf', 'consolab.ttf', 'consolai.ttf', 'consolaz.ttf', 'constan.ttf', 'constanb.ttf', 'constani.ttf', 'constanz.ttf', 'COOPBL.TTF', 'COPRGTB.TTF', 'COPRGTL.TTF', 'corbel.ttf', 'corbelb.ttf', 'corbeli.ttf', 'corbell.ttf', 'corbelli.ttf', 'corbelz.ttf', 'coue1255.fon', 'coue1256.fon', 'coue1257.fon', 'couf1255.fon', 'couf1256.fon', 'couf1257.fon', 'cour.ttf', 'courbd.ttf', 'courbi.ttf', 'coure.fon', 'couree.fon', 'coureg.fon', 'courer.fon', 'couret.fon', 'courf.fon', 'courfe.fon', 'courfg.fon', 'courfr.fon', 'courft.fon', 'couri.ttf', 'CURLZ___.TTF', 'cvgafix.fon', 'cvgasys.fon', 'Deng.ttf', 'Dengb.ttf', 'Dengl.ttf', 'desktop.ini', 'dos737.fon', 'dos869.fon', 'dosapp.fon', 'DUBAI-BOLD.TTF', 'DUBAI-LIGHT.TTF', 'DUBAI-MEDIUM.TTF', 'DUBAI-REGULAR.TTF', 'ebrima.ttf', 'ebrimabd.ttf', 'ega40737.fon', 'ega40850.fon', 'ega40852.fon', 'ega40857.fon', 'ega40866.fon', 'ega40869.fon', 'ega40woa.fon', 'ega80737.fon', 'ega80850.fon', 'ega80852.fon', 'ega80857.fon', 'ega80866.fon', 'ega80869.fon', 'ega80woa.fon', 'ELEPHNT.TTF', 'ELEPHNTI.TTF', 'ENGR.TTF', 'ERASBD.TTF', 'ERASDEMI.TTF', 'ERASLGHT.TTF', 'ERASMD.TTF', 'FELIXTI.TTF', 'fms_metadata.xml', 'FORTE.TTF', 'FRABK.TTF', 'FRABKIT.TTF', 'FRADM.TTF', 'FRADMCN.TTF', 'FRADMIT.TTF', 'FRAHV.TTF', 'FRAHVIT.TTF', 'framd.ttf', 'FRAMDCN.TTF', 'framdit.ttf', 'FREESCPT.TTF', 'FRSCRIPT.TTF', 'FTLTLT.TTF', 'FZSTK.TTF', 'FZYTK.TTF', 'Gabriola.ttf', 'gadugi.ttf', 'gadugib.ttf', 'GARA.TTF', 'GARABD.TTF', 'GARAIT.TTF', 'georgia.ttf', 'georgiab.ttf', 'georgiai.ttf', 'georgiaz.ttf', 'GIGI.TTF', 'GILBI___.TTF', 'GILB____.TTF', 'GILC____.TTF', 'GILI____.TTF', 'GILLUBCD.TTF', 'GILSANUB.TTF', 'GIL_____.TTF', 'GLECB.TTF', 'GlobalMonospace.CompositeFont', 'GlobalSansSerif.CompositeFont', 'GlobalSerif.CompositeFont', 'GlobalUserInterface.CompositeFont', 'GLSNECB.TTF', 'GOTHIC.TTF', 'GOTHICB.TTF', 'GOTHICBI.TTF', 'GOTHICI.TTF', 'GOUDOS.TTF', 'GOUDOSB.TTF', 'GOUDOSI.TTF', 'GOUDYSTO.TTF', 'h8514fix.fon', 'h8514oem.fon', 'h8514sys.fon', 'HARLOWSI.TTF', 'HARNGTON.TTF', 'HATTEN.TTF', 'HGB1X_CNKI.ttf', 'HGB1_CNKI.ttf', 'HGB2X_CNKI.ttf', 'HGB2_CNKI.ttf', 'HGB3X_CNKI.ttf', 'HGB3_CNKI.ttf', 'HGB4X_CNKI.ttf', 'HGB4_CNKI.ttf', 'HGB5X_CNKI.ttf', 'HGB5_CNKI.ttf', 'HGB6X_CNKI.ttf', 'HGB6_CNKI.ttf', 'HGB7X_CNKI.ttf', 'HGB7_CNKI.ttf', 'HGB8X_CNKI.ttf', 'HGB8_CNKI.ttf', 'HGBD_CNKI.ttf', 'HGBKBX_CNKI.ttf', 'HGBKB_CNKI.ttf', 'HGBKHX_CNKI.ttf', 'HGBKH_CNKI.ttf', 'HGBS1_CNKI.TTF', 'HGBS2_CNKI.TTF', 'HGBS_CNKI.TTF', 'HGBTH_CNKI.TTF', 'HGBTS_CNKI.TTF', 'HGBX_CNKI.ttf', 'HGBZ_CNKI.ttf', 'HGCH_CNKI.TTF', 'HGCUH_CNKI.TTF', 'HGCY_CNKI.TTF', 'HGDBS_CNKI.TTF', 'HGDGY_CNKI.TTF', 'HGDH2_CNKI.TTF', 'HGDH_CNKI.TTF', 'HGDYS_CNKI.TTF', 'HGDY_CNKI.ttf', 'HGF1X_CNKI.ttf', 'HGF1_CNKI.ttf', 'HGF2X_CNKI.ttf', 'HGF2_CNKI.ttf', 'HGF3_CNKI.ttf', 'HGF4X_CNKI.ttf', 'HGF4_CNKI.ttf', 'HGF5X_CNKI.ttf', 'HGF5_CNKI.ttf', 'HGF6X_CNKI.ttf', 'HGF6_CNKI.ttf', 'HGF7X_CNKI.ttf', 'HGF7_CNKI.ttf', 'HGF8_CNKI.ttf', 'HGF9X_CNKI.ttf', 'HGF9_CNKI.ttf', 'HGFS1_CNKI.TTF', 'HGFS2_CNKI.TTF', 'HGFSH_CNKI.TTF', 'HGFS_CNKI.TTF', 'HGFX_CNKI.ttf', 'HGFZ_CNKI.ttf', 'HGGG_CNKI.TTF', 'HGH1X_CNKI.ttf', 'HGH1_CNKI.ttf', 'HGH2X_CNKI.ttf', 'HGH2_CNKI.ttf', 'HGH3X_CNKI.ttf', 'HGH3_CNKI.ttf', 'HGH4X_CNKI.ttf', 'HGH4_CNKI.ttf', 'HGH5X_CNKI.ttf', 'HGH5_CNKI.ttf', 'HGH6X_CNKI.ttf', 'HGH6_CNKI.ttf', 'HGH7X_CNKI.ttf', 'HGH7_CNKI.ttf', 'HGHB_CNKI.TTF', 'HGHD_CNKI.ttf', 'HGHP_CNKI.TTF', 'HGHT1_CNKI.ttf', 'HGHT2_CNKI.ttf', 'HGHUATI_CNKI.ttf', 'HGHX_CNKI.ttf', 'HGHZ_CNKI.ttf', 'HGH_CNKI.TTF', 'HGKT1_CNKI.TTF', 'HGKT2_CNKI.TTF', 'HGKT_CNKI.TTF', 'HGKY_CNKI.ttf', 'HGLB_CNKI.TTF', 'HGLS_CNKI.TTF', 'HGMH_CNKI.TTF', 'HGNBS_CNKI.ttf', 'HGOCR_CNKI.ttf', 'HGPH_CNKI.TTF', 'HGPTY_CNKI.TTF', 'HGSS1_CNKI.TTF', 'HGSS2_CNKI.TTF', 'HGSS_CNKI.TTF', 'HGSXT_CNKI.ttf', 'HGTT_CNKI.ttf', 'HGTX_CNKI.TTF', 'HGWT_CNKI.TTF', 'HGWYS_CNKI.TTF', 'HGX1X_CNKI.ttf', 'HGX1_CNKI.ttf', 'HGXBS_CNKI.TTF', 'HGXC_CNKI.TTF', 'HGXF1_CNKI.ttf', 'HGXFX_CNKI.ttf', 'HGXFZ_CNKI.ttf', 'HGXH1_CNKI.TTF', 'HGXH_CNKI.TTF', 'HGXK_CNKI.TTF', 'HGXL_CNKI.TTF', 'HGXS_CNKI.TTF', 'HGXT_CNKI.ttf', 'HGXY_CNKI.ttf', 'HGY1_CNKI.TTF', 'HGY2_CNKI.TTF', 'HGY3_CNKI.TTF', 'HGY4_CNKI.TTF', 'HGYB_CNKI.ttf', 'HGYT1_CNKI.ttf', 'HGYT2_CNKI.ttf', 'HGYT_CNKI.TTF', 'HGYX_CNKI.TTF', 'HGZCS_CNKI.TTF', 'HGZDX_CNKI.TTF', 'HGZK_CNKI.TTF', 'HGZYT_CNKI.TTF', 'HGZY_CNKI.TTF', 'himalaya.ttf', 'holomdl2.ttf', 'HTOWERT.TTF', 'HTOWERTI.TTF', 'hvgafix.fon', 'hvgasys.fon', 'impact.ttf', 'IMPRISHA.TTF', 'INFROMAN.TTF', 'Inkfree.ttf', 'iqiyi_logov7.ttf', 'ITCBLKAD.TTF', 'ITCEDSCR.TTF', 'ITCKRIST.TTF', 'j8514fix.fon', 'j8514oem.fon', 'j8514sys.fon', 'javatext.ttf', 'JOKERMAN.TTF', 'jsmalle.fon', 'jsmallf.fon', 'JUICE___.TTF', 'jvgafix.fon', 'jvgasys.fon', 'KUNSTLER.TTF', 'LATINWD.TTF', 'LBRITE.TTF', 'LBRITED.TTF', 'LBRITEDI.TTF', 'LBRITEI.TTF', 'LCALLIG.TTF', 'LeelaUIb.ttf', 'LeelawUI.ttf', 'LeelUIsl.ttf', 'LFAX.TTF', 'LFAXD.TTF', 'LFAXDI.TTF', 'LFAXI.TTF', 'LHANDW.TTF', 'LSANS.TTF', 'LSANSD.TTF', 'LSANSDI.TTF', 'LSANSI.TTF', 'LTYPE.TTF', 'LTYPEB.TTF', 'LTYPEBO.TTF', 'LTYPEO.TTF', 'lucon.ttf', 'l_10646.ttf', 'MAGNETOB.TTF', 'MAIAN.TTF', 'malgun.ttf', 'malgunbd.ttf', 'malgunsl.ttf', 'marlett.ttf', 'MATURASC.TTF', 'micross.ttf', 'mingliub.ttc', 'MISTRAL.TTF', 'mmrtext.ttf', 'mmrtextb.ttf', 'MOD20.TTF', 'modern.fon', 'monbaiti.ttf', 'msgothic.ttc', 'msjh.ttc', 'msjhbd.ttc', 'msjhl.ttc', 'msyh.ttc', 'msyhbd.ttc', 'msyhl.ttc', 'msyi.ttf', 'MTCORSVA.TTF', 'MTEXTRA.TTF', 'mvboli.ttf', 'NIAGENG.TTF', 'NIAGSOL.TTF', 'Nirmala.ttf', 'NirmalaB.ttf', 'NirmalaS.ttf', 'ntailu.ttf', 'ntailub.ttf', 'NumberOnly.ttf', 'OCRAEXT.TTF', 'OLDENGL.TTF', 'ONYX.TTF', 'OUTLOOK.TTF', 'pala.ttf', 'palab.ttf', 'palabi.ttf', 'palai.ttf', 'PALSCRI.TTF', 'PAPYRUS.TTF', 'PARCHM.TTF', 'PERBI___.TTF', 'PERB____.TTF', 'PERI____.TTF', 'PERTIBD.TTF', 'PERTILI.TTF', 'PER_____.TTF', 'phagspa.ttf', 'phagspab.ttf', 'PLAYBILL.TTF', 'POORICH.TTF', 'PRISTINA.TTF', 'RAGE.TTF', 'RAVIE.TTF', 'REFSAN.TTF', 'REFSPCL.TTF', 'ROCCB___.TTF', 'ROCC____.TTF', 'ROCK.TTF', 'ROCKB.TTF', 'ROCKBI.TTF', 'ROCKEB.TTF', 'ROCKI.TTF', 'roman.fon', 's8514fix.fon', 's8514oem.fon', 's8514sys.fon', 'SCHLBKB.TTF', 'SCHLBKBI.TTF', 'SCHLBKI.TTF', 'script.fon', 'SCRIPTBL.TTF', 'segmdl2.ttf', 'SegoeIcons.ttf', 'segoepr.ttf', 'segoeprb.ttf', 'segoesc.ttf', 'segoescb.ttf', 'segoeui.ttf', 'segoeuib.ttf', 'segoeuii.ttf', 'segoeuil.ttf', 'segoeuisl.ttf', 'segoeuiz.ttf', 'seguibl.ttf', 'seguibli.ttf', 'seguiemj.ttf', 'seguihis.ttf', 'seguili.ttf', 'seguisb.ttf', 'seguisbi.ttf', 'seguisli.ttf', 'seguisym.ttf', 'SegUIVar.ttf', 'sere1255.fon', 'sere1256.fon', 'sere1257.fon', 'serf1255.fon', 'serf1256.fon', 'serf1257.fon', 'serife.fon', 'serifee.fon', 'serifeg.fon', 'serifer.fon', 'serifet.fon', 'seriff.fon', 'seriffe.fon', 'seriffg.fon', 'seriffr.fon', 'serifft.fon', 'SHOWG.TTF', 'simfang.ttf', 'simhei.ttf', 'simkai.ttf', 'SIMLI.TTF', 'simsun.ttc', 'simsunb.ttf', 'SIMYOU.TTF', 'SitkaVF-Italic.ttf', 'SitkaVF.ttf', 'smae1255.fon', 'smae1256.fon', 'smae1257.fon', 'smaf1255.fon', 'smaf1256.fon', 'smaf1257.fon', 'smalle.fon', 'smallee.fon', 'smalleg.fon', 'smaller.fon', 'smallet.fon', 'smallf.fon', 'smallfe.fon', 'smallfg.fon', 'smallfr.fon', 'smallft.fon', 'SNAP____.TTF', 'ssee1255.fon', 'ssee1256.fon', 'ssee1257.fon', 'ssee874.fon', 'ssef1255.fon', 'ssef1256.fon', 'ssef1257.fon', 'ssef874.fon', 'sserife.fon', 'sserifee.fon', 'sserifeg.fon', 'sserifer.fon', 'sserifet.fon', 'sseriff.fon', 'sseriffe.fon', 'sseriffg.fon', 'sseriffr.fon', 'sserifft.fon', 'StaticCache.dat', 'STCAIYUN.TTF', 'STENCIL.TTF', 'STFANGSO.TTF', 'STHUPO.TTF', 'STKAITI.TTF', 'STLITI.TTF', 'STSONG.TTF', 'STXIHEI.TTF', 'STXINGKA.TTF', 'STXINWEI.TTF', 'STZHONGS.TTF', 'svgafix.fon', 'svgasys.fon', 'sylfaen.ttf', 'symbol.ttf', 'tahoma.ttf', 'tahomabd.ttf', 'taile.ttf', 'taileb.ttf', 'TCBI____.TTF', 'TCB_____.TTF', 'TCCB____.TTF', 'TCCEB.TTF', 'TCCM____.TTF', 'TCMI____.TTF', 'TCM_____.TTF', 'TEMPSITC.TTF', 'times.ttf', 'timesbd.ttf', 'timesbi.ttf', 'timesi.ttf', 'trebuc.ttf', 'trebucbd.ttf', 'trebucbi.ttf', 'trebucit.ttf', 'verdana.ttf', 'verdanab.ttf', 'verdanai.ttf', 'verdanaz.ttf', 'vga737.fon', 'vga775.fon', 'vga850.fon', 'vga852.fon', 'vga855.fon', 'vga857.fon', 'vga860.fon', 'vga861.fon', 'vga863.fon', 'vga865.fon', 'vga866.fon', 'vga869.fon', 'vga932.fon', 'vga936.fon', 'vga949.fon', 'vga950.fon', 'vgaf1255.fon', 'vgaf1256.fon', 'vgaf1257.fon', 'vgaf874.fon', 'vgafix.fon', 'vgafixe.fon', 'vgafixg.fon', 'vgafixr.fon', 'vgafixt.fon', 'vgaoem.fon', 'vgas1255.fon', 'vgas1256.fon', 'vgas1257.fon', 'vgas874.fon', 'vgasys.fon', 'vgasyse.fon', 'vgasysg.fon', 'vgasysr.fon', 'vgasyst.fon', 'VINERITC.TTF', 'VIVALDII.TTF', 'VLADIMIR.TTF', 'webdings.ttf', 'wingding.ttf', 'WINGDNG2.TTF', 'WINGDNG3.TTF', 'YuGothB.ttc', 'YuGothL.ttc', 'YuGothM.ttc', 'YuGothR.ttc', '\u534e\u5eb7\u65b9\u5706\u4f53W7.TTC', '\u65b9\u6b63\u7c97\u9ed1\u5b8b\u7b80\u4f53.ttf']
2023-09-27 15:15:47,144 - INFO - all fonts installed:['8514fix.fon', '8514fixe.fon', '8514fixg.fon', '8514fixr.fon', '8514fixt.fon', '8514oem.fon', '8514oeme.fon', '8514oemg.fon', '8514oemr.fon', '8514oemt.fon', '8514sys.fon', '8514syse.fon', '8514sysg.fon', '8514sysr.fon', '8514syst.fon', '85775.fon', '85855.fon', '85f1255.fon', '85f1256.fon', '85f1257.fon', '85f874.fon', '85s1255.fon', '85s1256.fon', '85s1257.fon', '85s874.fon', 'AGENCYB.TTF', 'AGENCYR.TTF', 'ALGER.TTF', 'ANTQUAB.TTF', 'ANTQUABI.TTF', 'ANTQUAI.TTF', 'app775.fon', 'app850.fon', 'app852.fon', 'app855.fon', 'app857.fon', 'app866.fon', 'app932.fon', 'app936.fon', 'app949.fon', 'app950.fon', 'arial.ttf', 'arialbd.ttf', 'arialbi.ttf', 'ariali.ttf', 'ARIALN.TTF', 'ARIALNB.TTF', 'ARIALNBI.TTF', 'ARIALNI.TTF', 'ariblk.ttf', 'ARLRDBD.TTF', 'AxureHandwriting-Bold.otf', 'AxureHandwriting-BoldItalic.otf', 'AxureHandwriting-Italic.otf', 'AxureHandwriting.otf', 'bahnschrift.ttf', 'BASKVILL.TTF', 'BAUHS93.TTF', 'BELL.TTF', 'BELLB.TTF', 'BELLI.TTF', 'BERNHC.TTF', 'BKANT.TTF', 'BOD_B.TTF', 'BOD_BI.TTF', 'BOD_BLAI.TTF', 'BOD_BLAR.TTF', 'BOD_CB.TTF', 'BOD_CBI.TTF', 'BOD_CI.TTF', 'BOD_CR.TTF', 'BOD_I.TTF', 'BOD_PSTC.TTF', 'BOD_R.TTF', 'BOOKOS.TTF', 'BOOKOSB.TTF', 'BOOKOSBI.TTF', 'BOOKOSI.TTF', 'BRADHITC.TTF', 'BRITANIC.TTF', 'BRLNSB.TTF', 'BRLNSDB.TTF', 'BRLNSR.TTF', 'BROADW.TTF', 'BRUSHSCI.TTF', 'BSSYM7.TTF', 'c8514fix.fon', 'c8514oem.fon', 'c8514sys.fon', 'calibri.ttf', 'calibrib.ttf', 'calibrii.ttf', 'calibril.ttf', 'calibrili.ttf', 'calibriz.ttf', 'CALIFB.TTF', 'CALIFI.TTF', 'CALIFR.TTF', 'CALIST.TTF', 'CALISTB.TTF', 'CALISTBI.TTF', 'CALISTI.TTF', 'cambria.ttc', 'cambriab.ttf', 'cambriai.ttf', 'cambriaz.ttf', 'Candara.ttf', 'Candarab.ttf', 'Candarai.ttf', 'Candaral.ttf', 'Candarali.ttf', 'Candaraz.ttf', 'CascadiaCode.ttf', 'CascadiaMono.ttf', 'CASTELAR.TTF', 'CENSCBK.TTF', 'CENTAUR.TTF', 'CENTURY.TTF', 'cga40737.fon', 'cga40850.fon', 'cga40852.fon', 'cga40857.fon', 'cga40866.fon', 'cga40869.fon', 'cga40woa.fon', 'cga80737.fon', 'cga80850.fon', 'cga80852.fon', 'cga80857.fon', 'cga80866.fon', 'cga80869.fon', 'cga80woa.fon', 'CHILLER.TTF', 'COLONNA.TTF', 'comic.ttf', 'comicbd.ttf', 'comici.ttf', 'comicz.ttf', 'consola.ttf', 'consolab.ttf', 'consolai.ttf', 'consolaz.ttf', 'constan.ttf', 'constanb.ttf', 'constani.ttf', 'constanz.ttf', 'COOPBL.TTF', 'COPRGTB.TTF', 'COPRGTL.TTF', 'corbel.ttf', 'corbelb.ttf', 'corbeli.ttf', 'corbell.ttf', 'corbelli.ttf', 'corbelz.ttf', 'coue1255.fon', 'coue1256.fon', 'coue1257.fon', 'couf1255.fon', 'couf1256.fon', 'couf1257.fon', 'cour.ttf', 'courbd.ttf', 'courbi.ttf', 'coure.fon', 'couree.fon', 'coureg.fon', 'courer.fon', 'couret.fon', 'courf.fon', 'courfe.fon', 'courfg.fon', 'courfr.fon', 'courft.fon', 'couri.ttf', 'CURLZ___.TTF', 'cvgafix.fon', 'cvgasys.fon', 'Deng.ttf', 'Dengb.ttf', 'Dengl.ttf', 'desktop.ini', 'dos737.fon', 'dos869.fon', 'dosapp.fon', 'DUBAI-BOLD.TTF', 'DUBAI-LIGHT.TTF', 'DUBAI-MEDIUM.TTF', 'DUBAI-REGULAR.TTF', 'ebrima.ttf', 'ebrimabd.ttf', 'ega40737.fon', 'ega40850.fon', 'ega40852.fon', 'ega40857.fon', 'ega40866.fon', 'ega40869.fon', 'ega40woa.fon', 'ega80737.fon', 'ega80850.fon', 'ega80852.fon', 'ega80857.fon', 'ega80866.fon', 'ega80869.fon', 'ega80woa.fon', 'ELEPHNT.TTF', 'ELEPHNTI.TTF', 'ENGR.TTF', 'ERASBD.TTF', 'ERASDEMI.TTF', 'ERASLGHT.TTF', 'ERASMD.TTF', 'FELIXTI.TTF', 'fms_metadata.xml', 'FORTE.TTF', 'FRABK.TTF', 'FRABKIT.TTF', 'FRADM.TTF', 'FRADMCN.TTF', 'FRADMIT.TTF', 'FRAHV.TTF', 'FRAHVIT.TTF', 'framd.ttf', 'FRAMDCN.TTF', 'framdit.ttf', 'FREESCPT.TTF', 'FRSCRIPT.TTF', 'FTLTLT.TTF', 'FZSTK.TTF', 'FZYTK.TTF', 'Gabriola.ttf', 'gadugi.ttf', 'gadugib.ttf', 'GARA.TTF', 'GARABD.TTF', 'GARAIT.TTF', 'georgia.ttf', 'georgiab.ttf', 'georgiai.ttf', 'georgiaz.ttf', 'GIGI.TTF', 'GILBI___.TTF', 'GILB____.TTF', 'GILC____.TTF', 'GILI____.TTF', 'GILLUBCD.TTF', 'GILSANUB.TTF', 'GIL_____.TTF', 'GLECB.TTF', 'GlobalMonospace.CompositeFont', 'GlobalSansSerif.CompositeFont', 'GlobalSerif.CompositeFont', 'GlobalUserInterface.CompositeFont', 'GLSNECB.TTF', 'GOTHIC.TTF', 'GOTHICB.TTF', 'GOTHICBI.TTF', 'GOTHICI.TTF', 'GOUDOS.TTF', 'GOUDOSB.TTF', 'GOUDOSI.TTF', 'GOUDYSTO.TTF', 'h8514fix.fon', 'h8514oem.fon', 'h8514sys.fon', 'HARLOWSI.TTF', 'HARNGTON.TTF', 'HATTEN.TTF', 'HGB1X_CNKI.ttf', 'HGB1_CNKI.ttf', 'HGB2X_CNKI.ttf', 'HGB2_CNKI.ttf', 'HGB3X_CNKI.ttf', 'HGB3_CNKI.ttf', 'HGB4X_CNKI.ttf', 'HGB4_CNKI.ttf', 'HGB5X_CNKI.ttf', 'HGB5_CNKI.ttf', 'HGB6X_CNKI.ttf', 'HGB6_CNKI.ttf', 'HGB7X_CNKI.ttf', 'HGB7_CNKI.ttf', 'HGB8X_CNKI.ttf', 'HGB8_CNKI.ttf', 'HGBD_CNKI.ttf', 'HGBKBX_CNKI.ttf', 'HGBKB_CNKI.ttf', 'HGBKHX_CNKI.ttf', 'HGBKH_CNKI.ttf', 'HGBS1_CNKI.TTF', 'HGBS2_CNKI.TTF', 'HGBS_CNKI.TTF', 'HGBTH_CNKI.TTF', 'HGBTS_CNKI.TTF', 'HGBX_CNKI.ttf', 'HGBZ_CNKI.ttf', 'HGCH_CNKI.TTF', 'HGCUH_CNKI.TTF', 'HGCY_CNKI.TTF', 'HGDBS_CNKI.TTF', 'HGDGY_CNKI.TTF', 'HGDH2_CNKI.TTF', 'HGDH_CNKI.TTF', 'HGDYS_CNKI.TTF', 'HGDY_CNKI.ttf', 'HGF1X_CNKI.ttf', 'HGF1_CNKI.ttf', 'HGF2X_CNKI.ttf', 'HGF2_CNKI.ttf', 'HGF3_CNKI.ttf', 'HGF4X_CNKI.ttf', 'HGF4_CNKI.ttf', 'HGF5X_CNKI.ttf', 'HGF5_CNKI.ttf', 'HGF6X_CNKI.ttf', 'HGF6_CNKI.ttf', 'HGF7X_CNKI.ttf', 'HGF7_CNKI.ttf', 'HGF8_CNKI.ttf', 'HGF9X_CNKI.ttf', 'HGF9_CNKI.ttf', 'HGFS1_CNKI.TTF', 'HGFS2_CNKI.TTF', 'HGFSH_CNKI.TTF', 'HGFS_CNKI.TTF', 'HGFX_CNKI.ttf', 'HGFZ_CNKI.ttf', 'HGGG_CNKI.TTF', 'HGH1X_CNKI.ttf', 'HGH1_CNKI.ttf', 'HGH2X_CNKI.ttf', 'HGH2_CNKI.ttf', 'HGH3X_CNKI.ttf', 'HGH3_CNKI.ttf', 'HGH4X_CNKI.ttf', 'HGH4_CNKI.ttf', 'HGH5X_CNKI.ttf', 'HGH5_CNKI.ttf', 'HGH6X_CNKI.ttf', 'HGH6_CNKI.ttf', 'HGH7X_CNKI.ttf', 'HGH7_CNKI.ttf', 'HGHB_CNKI.TTF', 'HGHD_CNKI.ttf', 'HGHP_CNKI.TTF', 'HGHT1_CNKI.ttf', 'HGHT2_CNKI.ttf', 'HGHUATI_CNKI.ttf', 'HGHX_CNKI.ttf', 'HGHZ_CNKI.ttf', 'HGH_CNKI.TTF', 'HGKT1_CNKI.TTF', 'HGKT2_CNKI.TTF', 'HGKT_CNKI.TTF', 'HGKY_CNKI.ttf', 'HGLB_CNKI.TTF', 'HGLS_CNKI.TTF', 'HGMH_CNKI.TTF', 'HGNBS_CNKI.ttf', 'HGOCR_CNKI.ttf', 'HGPH_CNKI.TTF', 'HGPTY_CNKI.TTF', 'HGSS1_CNKI.TTF', 'HGSS2_CNKI.TTF', 'HGSS_CNKI.TTF', 'HGSXT_CNKI.ttf', 'HGTT_CNKI.ttf', 'HGTX_CNKI.TTF', 'HGWT_CNKI.TTF', 'HGWYS_CNKI.TTF', 'HGX1X_CNKI.ttf', 'HGX1_CNKI.ttf', 'HGXBS_CNKI.TTF', 'HGXC_CNKI.TTF', 'HGXF1_CNKI.ttf', 'HGXFX_CNKI.ttf', 'HGXFZ_CNKI.ttf', 'HGXH1_CNKI.TTF', 'HGXH_CNKI.TTF', 'HGXK_CNKI.TTF', 'HGXL_CNKI.TTF', 'HGXS_CNKI.TTF', 'HGXT_CNKI.ttf', 'HGXY_CNKI.ttf', 'HGY1_CNKI.TTF', 'HGY2_CNKI.TTF', 'HGY3_CNKI.TTF', 'HGY4_CNKI.TTF', 'HGYB_CNKI.ttf', 'HGYT1_CNKI.ttf', 'HGYT2_CNKI.ttf', 'HGYT_CNKI.TTF', 'HGYX_CNKI.TTF', 'HGZCS_CNKI.TTF', 'HGZDX_CNKI.TTF', 'HGZK_CNKI.TTF', 'HGZYT_CNKI.TTF', 'HGZY_CNKI.TTF', 'himalaya.ttf', 'holomdl2.ttf', 'HTOWERT.TTF', 'HTOWERTI.TTF', 'hvgafix.fon', 'hvgasys.fon', 'impact.ttf', 'IMPRISHA.TTF', 'INFROMAN.TTF', 'Inkfree.ttf', 'iqiyi_logov7.ttf', 'ITCBLKAD.TTF', 'ITCEDSCR.TTF', 'ITCKRIST.TTF', 'j8514fix.fon', 'j8514oem.fon', 'j8514sys.fon', 'javatext.ttf', 'JOKERMAN.TTF', 'jsmalle.fon', 'jsmallf.fon', 'JUICE___.TTF', 'jvgafix.fon', 'jvgasys.fon', 'KUNSTLER.TTF', 'LATINWD.TTF', 'LBRITE.TTF', 'LBRITED.TTF', 'LBRITEDI.TTF', 'LBRITEI.TTF', 'LCALLIG.TTF', 'LeelaUIb.ttf', 'LeelawUI.ttf', 'LeelUIsl.ttf', 'LFAX.TTF', 'LFAXD.TTF', 'LFAXDI.TTF', 'LFAXI.TTF', 'LHANDW.TTF', 'LSANS.TTF', 'LSANSD.TTF', 'LSANSDI.TTF', 'LSANSI.TTF', 'LTYPE.TTF', 'LTYPEB.TTF', 'LTYPEBO.TTF', 'LTYPEO.TTF', 'lucon.ttf', 'l_10646.ttf', 'MAGNETOB.TTF', 'MAIAN.TTF', 'malgun.ttf', 'malgunbd.ttf', 'malgunsl.ttf', 'marlett.ttf', 'MATURASC.TTF', 'micross.ttf', 'mingliub.ttc', 'MISTRAL.TTF', 'mmrtext.ttf', 'mmrtextb.ttf', 'MOD20.TTF', 'modern.fon', 'monbaiti.ttf', 'msgothic.ttc', 'msjh.ttc', 'msjhbd.ttc', 'msjhl.ttc', 'msyh.ttc', 'msyhbd.ttc', 'msyhl.ttc', 'msyi.ttf', 'MTCORSVA.TTF', 'MTEXTRA.TTF', 'mvboli.ttf', 'NIAGENG.TTF', 'NIAGSOL.TTF', 'Nirmala.ttf', 'NirmalaB.ttf', 'NirmalaS.ttf', 'ntailu.ttf', 'ntailub.ttf', 'NumberOnly.ttf', 'OCRAEXT.TTF', 'OLDENGL.TTF', 'ONYX.TTF', 'OUTLOOK.TTF', 'pala.ttf', 'palab.ttf', 'palabi.ttf', 'palai.ttf', 'PALSCRI.TTF', 'PAPYRUS.TTF', 'PARCHM.TTF', 'PERBI___.TTF', 'PERB____.TTF', 'PERI____.TTF', 'PERTIBD.TTF', 'PERTILI.TTF', 'PER_____.TTF', 'phagspa.ttf', 'phagspab.ttf', 'PLAYBILL.TTF', 'POORICH.TTF', 'PRISTINA.TTF', 'RAGE.TTF', 'RAVIE.TTF', 'REFSAN.TTF', 'REFSPCL.TTF', 'ROCCB___.TTF', 'ROCC____.TTF', 'ROCK.TTF', 'ROCKB.TTF', 'ROCKBI.TTF', 'ROCKEB.TTF', 'ROCKI.TTF', 'roman.fon', 's8514fix.fon', 's8514oem.fon', 's8514sys.fon', 'SCHLBKB.TTF', 'SCHLBKBI.TTF', 'SCHLBKI.TTF', 'script.fon', 'SCRIPTBL.TTF', 'segmdl2.ttf', 'SegoeIcons.ttf', 'segoepr.ttf', 'segoeprb.ttf', 'segoesc.ttf', 'segoescb.ttf', 'segoeui.ttf', 'segoeuib.ttf', 'segoeuii.ttf', 'segoeuil.ttf', 'segoeuisl.ttf', 'segoeuiz.ttf', 'seguibl.ttf', 'seguibli.ttf', 'seguiemj.ttf', 'seguihis.ttf', 'seguili.ttf', 'seguisb.ttf', 'seguisbi.ttf', 'seguisli.ttf', 'seguisym.ttf', 'SegUIVar.ttf', 'sere1255.fon', 'sere1256.fon', 'sere1257.fon', 'serf1255.fon', 'serf1256.fon', 'serf1257.fon', 'serife.fon', 'serifee.fon', 'serifeg.fon', 'serifer.fon', 'serifet.fon', 'seriff.fon', 'seriffe.fon', 'seriffg.fon', 'seriffr.fon', 'serifft.fon', 'SHOWG.TTF', 'simfang.ttf', 'simhei.ttf', 'simkai.ttf', 'SIMLI.TTF', 'simsun.ttc', 'simsunb.ttf', 'SIMYOU.TTF', 'SitkaVF-Italic.ttf', 'SitkaVF.ttf', 'smae1255.fon', 'smae1256.fon', 'smae1257.fon', 'smaf1255.fon', 'smaf1256.fon', 'smaf1257.fon', 'smalle.fon', 'smallee.fon', 'smalleg.fon', 'smaller.fon', 'smallet.fon', 'smallf.fon', 'smallfe.fon', 'smallfg.fon', 'smallfr.fon', 'smallft.fon', 'SNAP____.TTF', 'ssee1255.fon', 'ssee1256.fon', 'ssee1257.fon', 'ssee874.fon', 'ssef1255.fon', 'ssef1256.fon', 'ssef1257.fon', 'ssef874.fon', 'sserife.fon', 'sserifee.fon', 'sserifeg.fon', 'sserifer.fon', 'sserifet.fon', 'sseriff.fon', 'sseriffe.fon', 'sseriffg.fon', 'sseriffr.fon', 'sserifft.fon', 'StaticCache.dat', 'STCAIYUN.TTF', 'STENCIL.TTF', 'STFANGSO.TTF', 'STHUPO.TTF', 'STKAITI.TTF', 'STLITI.TTF', 'STSONG.TTF', 'STXIHEI.TTF', 'STXINGKA.TTF', 'STXINWEI.TTF', 'STZHONGS.TTF', 'svgafix.fon', 'svgasys.fon', 'sylfaen.ttf', 'symbol.ttf', 'tahoma.ttf', 'tahomabd.ttf', 'taile.ttf', 'taileb.ttf', 'TCBI____.TTF', 'TCB_____.TTF', 'TCCB____.TTF', 'TCCEB.TTF', 'TCCM____.TTF', 'TCMI____.TTF', 'TCM_____.TTF', 'TEMPSITC.TTF', 'times.ttf', 'timesbd.ttf', 'timesbi.ttf', 'timesi.ttf', 'trebuc.ttf', 'trebucbd.ttf', 'trebucbi.ttf', 'trebucit.ttf', 'verdana.ttf', 'verdanab.ttf', 'verdanai.ttf', 'verdanaz.ttf', 'vga737.fon', 'vga775.fon', 'vga850.fon', 'vga852.fon', 'vga855.fon', 'vga857.fon', 'vga860.fon', 'vga861.fon', 'vga863.fon', 'vga865.fon', 'vga866.fon', 'vga869.fon', 'vga932.fon', 'vga936.fon', 'vga949.fon', 'vga950.fon', 'vgaf1255.fon', 'vgaf1256.fon', 'vgaf1257.fon', 'vgaf874.fon', 'vgafix.fon', 'vgafixe.fon', 'vgafixg.fon', 'vgafixr.fon', 'vgafixt.fon', 'vgaoem.fon', 'vgas1255.fon', 'vgas1256.fon', 'vgas1257.fon', 'vgas874.fon', 'vgasys.fon', 'vgasyse.fon', 'vgasysg.fon', 'vgasysr.fon', 'vgasyst.fon', 'VINERITC.TTF', 'VIVALDII.TTF', 'VLADIMIR.TTF', 'webdings.ttf', 'wingding.ttf', 'WINGDNG2.TTF', 'WINGDNG3.TTF', 'YuGothB.ttc', 'YuGothL.ttc', 'YuGothM.ttc', 'YuGothR.ttc', '\u534e\u5eb7\u65b9\u5706\u4f53W7.TTC', '\u65b9\u6b63\u7c97\u9ed1\u5b8b\u7b80\u4f53.ttf']
2023-09-27 15:15:47,356 - INFO - all fonts installed:['8514fix.fon', '8514fixe.fon', '8514fixg.fon', '8514fixr.fon', '8514fixt.fon', '8514oem.fon', '8514oeme.fon', '8514oemg.fon', '8514oemr.fon', '8514oemt.fon', '8514sys.fon', '8514syse.fon', '8514sysg.fon', '8514sysr.fon', '8514syst.fon', '85775.fon', '85855.fon', '85f1255.fon', '85f1256.fon', '85f1257.fon', '85f874.fon', '85s1255.fon', '85s1256.fon', '85s1257.fon', '85s874.fon', 'AGENCYB.TTF', 'AGENCYR.TTF', 'ALGER.TTF', 'ANTQUAB.TTF', 'ANTQUABI.TTF', 'ANTQUAI.TTF', 'app775.fon', 'app850.fon', 'app852.fon', 'app855.fon', 'app857.fon', 'app866.fon', 'app932.fon', 'app936.fon', 'app949.fon', 'app950.fon', 'arial.ttf', 'arialbd.ttf', 'arialbi.ttf', 'ariali.ttf', 'ARIALN.TTF', 'ARIALNB.TTF', 'ARIALNBI.TTF', 'ARIALNI.TTF', 'ariblk.ttf', 'ARLRDBD.TTF', 'AxureHandwriting-Bold.otf', 'AxureHandwriting-BoldItalic.otf', 'AxureHandwriting-Italic.otf', 'AxureHandwriting.otf', 'bahnschrift.ttf', 'BASKVILL.TTF', 'BAUHS93.TTF', 'BELL.TTF', 'BELLB.TTF', 'BELLI.TTF', 'BERNHC.TTF', 'BKANT.TTF', 'BOD_B.TTF', 'BOD_BI.TTF', 'BOD_BLAI.TTF', 'BOD_BLAR.TTF', 'BOD_CB.TTF', 'BOD_CBI.TTF', 'BOD_CI.TTF', 'BOD_CR.TTF', 'BOD_I.TTF', 'BOD_PSTC.TTF', 'BOD_R.TTF', 'BOOKOS.TTF', 'BOOKOSB.TTF', 'BOOKOSBI.TTF', 'BOOKOSI.TTF', 'BRADHITC.TTF', 'BRITANIC.TTF', 'BRLNSB.TTF', 'BRLNSDB.TTF', 'BRLNSR.TTF', 'BROADW.TTF', 'BRUSHSCI.TTF', 'BSSYM7.TTF', 'c8514fix.fon', 'c8514oem.fon', 'c8514sys.fon', 'calibri.ttf', 'calibrib.ttf', 'calibrii.ttf', 'calibril.ttf', 'calibrili.ttf', 'calibriz.ttf', 'CALIFB.TTF', 'CALIFI.TTF', 'CALIFR.TTF', 'CALIST.TTF', 'CALISTB.TTF', 'CALISTBI.TTF', 'CALISTI.TTF', 'cambria.ttc', 'cambriab.ttf', 'cambriai.ttf', 'cambriaz.ttf', 'Candara.ttf', 'Candarab.ttf', 'Candarai.ttf', 'Candaral.ttf', 'Candarali.ttf', 'Candaraz.ttf', 'CascadiaCode.ttf', 'CascadiaMono.ttf', 'CASTELAR.TTF', 'CENSCBK.TTF', 'CENTAUR.TTF', 'CENTURY.TTF', 'cga40737.fon', 'cga40850.fon', 'cga40852.fon', 'cga40857.fon', 'cga40866.fon', 'cga40869.fon', 'cga40woa.fon', 'cga80737.fon', 'cga80850.fon', 'cga80852.fon', 'cga80857.fon', 'cga80866.fon', 'cga80869.fon', 'cga80woa.fon', 'CHILLER.TTF', 'COLONNA.TTF', 'comic.ttf', 'comicbd.ttf', 'comici.ttf', 'comicz.ttf', 'consola.ttf', 'consolab.ttf', 'consolai.ttf', 'consolaz.ttf', 'constan.ttf', 'constanb.ttf', 'constani.ttf', 'constanz.ttf', 'COOPBL.TTF', 'COPRGTB.TTF', 'COPRGTL.TTF', 'corbel.ttf', 'corbelb.ttf', 'corbeli.ttf', 'corbell.ttf', 'corbelli.ttf', 'corbelz.ttf', 'coue1255.fon', 'coue1256.fon', 'coue1257.fon', 'couf1255.fon', 'couf1256.fon', 'couf1257.fon', 'cour.ttf', 'courbd.ttf', 'courbi.ttf', 'coure.fon', 'couree.fon', 'coureg.fon', 'courer.fon', 'couret.fon', 'courf.fon', 'courfe.fon', 'courfg.fon', 'courfr.fon', 'courft.fon', 'couri.ttf', 'CURLZ___.TTF', 'cvgafix.fon', 'cvgasys.fon', 'Deng.ttf', 'Dengb.ttf', 'Dengl.ttf', 'desktop.ini', 'dos737.fon', 'dos869.fon', 'dosapp.fon', 'DUBAI-BOLD.TTF', 'DUBAI-LIGHT.TTF', 'DUBAI-MEDIUM.TTF', 'DUBAI-REGULAR.TTF', 'ebrima.ttf', 'ebrimabd.ttf', 'ega40737.fon', 'ega40850.fon', 'ega40852.fon', 'ega40857.fon', 'ega40866.fon', 'ega40869.fon', 'ega40woa.fon', 'ega80737.fon', 'ega80850.fon', 'ega80852.fon', 'ega80857.fon', 'ega80866.fon', 'ega80869.fon', 'ega80woa.fon', 'ELEPHNT.TTF', 'ELEPHNTI.TTF', 'ENGR.TTF', 'ERASBD.TTF', 'ERASDEMI.TTF', 'ERASLGHT.TTF', 'ERASMD.TTF', 'FELIXTI.TTF', 'fms_metadata.xml', 'FORTE.TTF', 'FRABK.TTF', 'FRABKIT.TTF', 'FRADM.TTF', 'FRADMCN.TTF', 'FRADMIT.TTF', 'FRAHV.TTF', 'FRAHVIT.TTF', 'framd.ttf', 'FRAMDCN.TTF', 'framdit.ttf', 'FREESCPT.TTF', 'FRSCRIPT.TTF', 'FTLTLT.TTF', 'FZSTK.TTF', 'FZYTK.TTF', 'Gabriola.ttf', 'gadugi.ttf', 'gadugib.ttf', 'GARA.TTF', 'GARABD.TTF', 'GARAIT.TTF', 'georgia.ttf', 'georgiab.ttf', 'georgiai.ttf', 'georgiaz.ttf', 'GIGI.TTF', 'GILBI___.TTF', 'GILB____.TTF', 'GILC____.TTF', 'GILI____.TTF', 'GILLUBCD.TTF', 'GILSANUB.TTF', 'GIL_____.TTF', 'GLECB.TTF', 'GlobalMonospace.CompositeFont', 'GlobalSansSerif.CompositeFont', 'GlobalSerif.CompositeFont', 'GlobalUserInterface.CompositeFont', 'GLSNECB.TTF', 'GOTHIC.TTF', 'GOTHICB.TTF', 'GOTHICBI.TTF', 'GOTHICI.TTF', 'GOUDOS.TTF', 'GOUDOSB.TTF', 'GOUDOSI.TTF', 'GOUDYSTO.TTF', 'h8514fix.fon', 'h8514oem.fon', 'h8514sys.fon', 'HARLOWSI.TTF', 'HARNGTON.TTF', 'HATTEN.TTF', 'HGB1X_CNKI.ttf', 'HGB1_CNKI.ttf', 'HGB2X_CNKI.ttf', 'HGB2_CNKI.ttf', 'HGB3X_CNKI.ttf', 'HGB3_CNKI.ttf', 'HGB4X_CNKI.ttf', 'HGB4_CNKI.ttf', 'HGB5X_CNKI.ttf', 'HGB5_CNKI.ttf', 'HGB6X_CNKI.ttf', 'HGB6_CNKI.ttf', 'HGB7X_CNKI.ttf', 'HGB7_CNKI.ttf', 'HGB8X_CNKI.ttf', 'HGB8_CNKI.ttf', 'HGBD_CNKI.ttf', 'HGBKBX_CNKI.ttf', 'HGBKB_CNKI.ttf', 'HGBKHX_CNKI.ttf', 'HGBKH_CNKI.ttf', 'HGBS1_CNKI.TTF', 'HGBS2_CNKI.TTF', 'HGBS_CNKI.TTF', 'HGBTH_CNKI.TTF', 'HGBTS_CNKI.TTF', 'HGBX_CNKI.ttf', 'HGBZ_CNKI.ttf', 'HGCH_CNKI.TTF', 'HGCUH_CNKI.TTF', 'HGCY_CNKI.TTF', 'HGDBS_CNKI.TTF', 'HGDGY_CNKI.TTF', 'HGDH2_CNKI.TTF', 'HGDH_CNKI.TTF', 'HGDYS_CNKI.TTF', 'HGDY_CNKI.ttf', 'HGF1X_CNKI.ttf', 'HGF1_CNKI.ttf', 'HGF2X_CNKI.ttf', 'HGF2_CNKI.ttf', 'HGF3_CNKI.ttf', 'HGF4X_CNKI.ttf', 'HGF4_CNKI.ttf', 'HGF5X_CNKI.ttf', 'HGF5_CNKI.ttf', 'HGF6X_CNKI.ttf', 'HGF6_CNKI.ttf', 'HGF7X_CNKI.ttf', 'HGF7_CNKI.ttf', 'HGF8_CNKI.ttf', 'HGF9X_CNKI.ttf', 'HGF9_CNKI.ttf', 'HGFS1_CNKI.TTF', 'HGFS2_CNKI.TTF', 'HGFSH_CNKI.TTF', 'HGFS_CNKI.TTF', 'HGFX_CNKI.ttf', 'HGFZ_CNKI.ttf', 'HGGG_CNKI.TTF', 'HGH1X_CNKI.ttf', 'HGH1_CNKI.ttf', 'HGH2X_CNKI.ttf', 'HGH2_CNKI.ttf', 'HGH3X_CNKI.ttf', 'HGH3_CNKI.ttf', 'HGH4X_CNKI.ttf', 'HGH4_CNKI.ttf', 'HGH5X_CNKI.ttf', 'HGH5_CNKI.ttf', 'HGH6X_CNKI.ttf', 'HGH6_CNKI.ttf', 'HGH7X_CNKI.ttf', 'HGH7_CNKI.ttf', 'HGHB_CNKI.TTF', 'HGHD_CNKI.ttf', 'HGHP_CNKI.TTF', 'HGHT1_CNKI.ttf', 'HGHT2_CNKI.ttf', 'HGHUATI_CNKI.ttf', 'HGHX_CNKI.ttf', 'HGHZ_CNKI.ttf', 'HGH_CNKI.TTF', 'HGKT1_CNKI.TTF', 'HGKT2_CNKI.TTF', 'HGKT_CNKI.TTF', 'HGKY_CNKI.ttf', 'HGLB_CNKI.TTF', 'HGLS_CNKI.TTF', 'HGMH_CNKI.TTF', 'HGNBS_CNKI.ttf', 'HGOCR_CNKI.ttf', 'HGPH_CNKI.TTF', 'HGPTY_CNKI.TTF', 'HGSS1_CNKI.TTF', 'HGSS2_CNKI.TTF', 'HGSS_CNKI.TTF', 'HGSXT_CNKI.ttf', 'HGTT_CNKI.ttf', 'HGTX_CNKI.TTF', 'HGWT_CNKI.TTF', 'HGWYS_CNKI.TTF', 'HGX1X_CNKI.ttf', 'HGX1_CNKI.ttf', 'HGXBS_CNKI.TTF', 'HGXC_CNKI.TTF', 'HGXF1_CNKI.ttf', 'HGXFX_CNKI.ttf', 'HGXFZ_CNKI.ttf', 'HGXH1_CNKI.TTF', 'HGXH_CNKI.TTF', 'HGXK_CNKI.TTF', 'HGXL_CNKI.TTF', 'HGXS_CNKI.TTF', 'HGXT_CNKI.ttf', 'HGXY_CNKI.ttf', 'HGY1_CNKI.TTF', 'HGY2_CNKI.TTF', 'HGY3_CNKI.TTF', 'HGY4_CNKI.TTF', 'HGYB_CNKI.ttf', 'HGYT1_CNKI.ttf', 'HGYT2_CNKI.ttf', 'HGYT_CNKI.TTF', 'HGYX_CNKI.TTF', 'HGZCS_CNKI.TTF', 'HGZDX_CNKI.TTF', 'HGZK_CNKI.TTF', 'HGZYT_CNKI.TTF', 'HGZY_CNKI.TTF', 'himalaya.ttf', 'holomdl2.ttf', 'HTOWERT.TTF', 'HTOWERTI.TTF', 'hvgafix.fon', 'hvgasys.fon', 'impact.ttf', 'IMPRISHA.TTF', 'INFROMAN.TTF', 'Inkfree.ttf', 'iqiyi_logov7.ttf', 'ITCBLKAD.TTF', 'ITCEDSCR.TTF', 'ITCKRIST.TTF', 'j8514fix.fon', 'j8514oem.fon', 'j8514sys.fon', 'javatext.ttf', 'JOKERMAN.TTF', 'jsmalle.fon', 'jsmallf.fon', 'JUICE___.TTF', 'jvgafix.fon', 'jvgasys.fon', 'KUNSTLER.TTF', 'LATINWD.TTF', 'LBRITE.TTF', 'LBRITED.TTF', 'LBRITEDI.TTF', 'LBRITEI.TTF', 'LCALLIG.TTF', 'LeelaUIb.ttf', 'LeelawUI.ttf', 'LeelUIsl.ttf', 'LFAX.TTF', 'LFAXD.TTF', 'LFAXDI.TTF', 'LFAXI.TTF', 'LHANDW.TTF', 'LSANS.TTF', 'LSANSD.TTF', 'LSANSDI.TTF', 'LSANSI.TTF', 'LTYPE.TTF', 'LTYPEB.TTF', 'LTYPEBO.TTF', 'LTYPEO.TTF', 'lucon.ttf', 'l_10646.ttf', 'MAGNETOB.TTF', 'MAIAN.TTF', 'malgun.ttf', 'malgunbd.ttf', 'malgunsl.ttf', 'marlett.ttf', 'MATURASC.TTF', 'micross.ttf', 'mingliub.ttc', 'MISTRAL.TTF', 'mmrtext.ttf', 'mmrtextb.ttf', 'MOD20.TTF', 'modern.fon', 'monbaiti.ttf', 'msgothic.ttc', 'msjh.ttc', 'msjhbd.ttc', 'msjhl.ttc', 'msyh.ttc', 'msyhbd.ttc', 'msyhl.ttc', 'msyi.ttf', 'MTCORSVA.TTF', 'MTEXTRA.TTF', 'mvboli.ttf', 'NIAGENG.TTF', 'NIAGSOL.TTF', 'Nirmala.ttf', 'NirmalaB.ttf', 'NirmalaS.ttf', 'ntailu.ttf', 'ntailub.ttf', 'NumberOnly.ttf', 'OCRAEXT.TTF', 'OLDENGL.TTF', 'ONYX.TTF', 'OUTLOOK.TTF', 'pala.ttf', 'palab.ttf', 'palabi.ttf', 'palai.ttf', 'PALSCRI.TTF', 'PAPYRUS.TTF', 'PARCHM.TTF', 'PERBI___.TTF', 'PERB____.TTF', 'PERI____.TTF', 'PERTIBD.TTF', 'PERTILI.TTF', 'PER_____.TTF', 'phagspa.ttf', 'phagspab.ttf', 'PLAYBILL.TTF', 'POORICH.TTF', 'PRISTINA.TTF', 'RAGE.TTF', 'RAVIE.TTF', 'REFSAN.TTF', 'REFSPCL.TTF', 'ROCCB___.TTF', 'ROCC____.TTF', 'ROCK.TTF', 'ROCKB.TTF', 'ROCKBI.TTF', 'ROCKEB.TTF', 'ROCKI.TTF', 'roman.fon', 's8514fix.fon', 's8514oem.fon', 's8514sys.fon', 'SCHLBKB.TTF', 'SCHLBKBI.TTF', 'SCHLBKI.TTF', 'script.fon', 'SCRIPTBL.TTF', 'segmdl2.ttf', 'SegoeIcons.ttf', 'segoepr.ttf', 'segoeprb.ttf', 'segoesc.ttf', 'segoescb.ttf', 'segoeui.ttf', 'segoeuib.ttf', 'segoeuii.ttf', 'segoeuil.ttf', 'segoeuisl.ttf', 'segoeuiz.ttf', 'seguibl.ttf', 'seguibli.ttf', 'seguiemj.ttf', 'seguihis.ttf', 'seguili.ttf', 'seguisb.ttf', 'seguisbi.ttf', 'seguisli.ttf', 'seguisym.ttf', 'SegUIVar.ttf', 'sere1255.fon', 'sere1256.fon', 'sere1257.fon', 'serf1255.fon', 'serf1256.fon', 'serf1257.fon', 'serife.fon', 'serifee.fon', 'serifeg.fon', 'serifer.fon', 'serifet.fon', 'seriff.fon', 'seriffe.fon', 'seriffg.fon', 'seriffr.fon', 'serifft.fon', 'SHOWG.TTF', 'simfang.ttf', 'simhei.ttf', 'simkai.ttf', 'SIMLI.TTF', 'simsun.ttc', 'simsunb.ttf', 'SIMYOU.TTF', 'SitkaVF-Italic.ttf', 'SitkaVF.ttf', 'smae1255.fon', 'smae1256.fon', 'smae1257.fon', 'smaf1255.fon', 'smaf1256.fon', 'smaf1257.fon', 'smalle.fon', 'smallee.fon', 'smalleg.fon', 'smaller.fon', 'smallet.fon', 'smallf.fon', 'smallfe.fon', 'smallfg.fon', 'smallfr.fon', 'smallft.fon', 'SNAP____.TTF', 'ssee1255.fon', 'ssee1256.fon', 'ssee1257.fon', 'ssee874.fon', 'ssef1255.fon', 'ssef1256.fon', 'ssef1257.fon', 'ssef874.fon', 'sserife.fon', 'sserifee.fon', 'sserifeg.fon', 'sserifer.fon', 'sserifet.fon', 'sseriff.fon', 'sseriffe.fon', 'sseriffg.fon', 'sseriffr.fon', 'sserifft.fon', 'StaticCache.dat', 'STCAIYUN.TTF', 'STENCIL.TTF', 'STFANGSO.TTF', 'STHUPO.TTF', 'STKAITI.TTF', 'STLITI.TTF', 'STSONG.TTF', 'STXIHEI.TTF', 'STXINGKA.TTF', 'STXINWEI.TTF', 'STZHONGS.TTF', 'svgafix.fon', 'svgasys.fon', 'sylfaen.ttf', 'symbol.ttf', 'tahoma.ttf', 'tahomabd.ttf', 'taile.ttf', 'taileb.ttf', 'TCBI____.TTF', 'TCB_____.TTF', 'TCCB____.TTF', 'TCCEB.TTF', 'TCCM____.TTF', 'TCMI____.TTF', 'TCM_____.TTF', 'TEMPSITC.TTF', 'times.ttf', 'timesbd.ttf', 'timesbi.ttf', 'timesi.ttf', 'trebuc.ttf', 'trebucbd.ttf', 'trebucbi.ttf', 'trebucit.ttf', 'verdana.ttf', 'verdanab.ttf', 'verdanai.ttf', 'verdanaz.ttf', 'vga737.fon', 'vga775.fon', 'vga850.fon', 'vga852.fon', 'vga855.fon', 'vga857.fon', 'vga860.fon', 'vga861.fon', 'vga863.fon', 'vga865.fon', 'vga866.fon', 'vga869.fon', 'vga932.fon', 'vga936.fon', 'vga949.fon', 'vga950.fon', 'vgaf1255.fon', 'vgaf1256.fon', 'vgaf1257.fon', 'vgaf874.fon', 'vgafix.fon', 'vgafixe.fon', 'vgafixg.fon', 'vgafixr.fon', 'vgafixt.fon', 'vgaoem.fon', 'vgas1255.fon', 'vgas1256.fon', 'vgas1257.fon', 'vgas874.fon', 'vgasys.fon', 'vgasyse.fon', 'vgasysg.fon', 'vgasysr.fon', 'vgasyst.fon', 'VINERITC.TTF', 'VIVALDII.TTF', 'VLADIMIR.TTF', 'webdings.ttf', 'wingding.ttf', 'WINGDNG2.TTF', 'WINGDNG3.TTF', 'YuGothB.ttc', 'YuGothL.ttc', 'YuGothM.ttc', 'YuGothR.ttc', '\u534e\u5eb7\u65b9\u5706\u4f53W7.TTC', '\u65b9\u6b63\u7c97\u9ed1\u5b8b\u7b80\u4f53.ttf']
2023-09-27 15:15:47,361 - INFO - all fonts installed:['8514fix.fon', '8514fixe.fon', '8514fixg.fon', '8514fixr.fon', '8514fixt.fon', '8514oem.fon', '8514oeme.fon', '8514oemg.fon', '8514oemr.fon', '8514oemt.fon', '8514sys.fon', '8514syse.fon', '8514sysg.fon', '8514sysr.fon', '8514syst.fon', '85775.fon', '85855.fon', '85f1255.fon', '85f1256.fon', '85f1257.fon', '85f874.fon', '85s1255.fon', '85s1256.fon', '85s1257.fon', '85s874.fon', 'AGENCYB.TTF', 'AGENCYR.TTF', 'ALGER.TTF', 'ANTQUAB.TTF', 'ANTQUABI.TTF', 'ANTQUAI.TTF', 'app775.fon', 'app850.fon', 'app852.fon', 'app855.fon', 'app857.fon', 'app866.fon', 'app932.fon', 'app936.fon', 'app949.fon', 'app950.fon', 'arial.ttf', 'arialbd.ttf', 'arialbi.ttf', 'ariali.ttf', 'ARIALN.TTF', 'ARIALNB.TTF', 'ARIALNBI.TTF', 'ARIALNI.TTF', 'ariblk.ttf', 'ARLRDBD.TTF', 'AxureHandwriting-Bold.otf', 'AxureHandwriting-BoldItalic.otf', 'AxureHandwriting-Italic.otf', 'AxureHandwriting.otf', 'bahnschrift.ttf', 'BASKVILL.TTF', 'BAUHS93.TTF', 'BELL.TTF', 'BELLB.TTF', 'BELLI.TTF', 'BERNHC.TTF', 'BKANT.TTF', 'BOD_B.TTF', 'BOD_BI.TTF', 'BOD_BLAI.TTF', 'BOD_BLAR.TTF', 'BOD_CB.TTF', 'BOD_CBI.TTF', 'BOD_CI.TTF', 'BOD_CR.TTF', 'BOD_I.TTF', 'BOD_PSTC.TTF', 'BOD_R.TTF', 'BOOKOS.TTF', 'BOOKOSB.TTF', 'BOOKOSBI.TTF', 'BOOKOSI.TTF', 'BRADHITC.TTF', 'BRITANIC.TTF', 'BRLNSB.TTF', 'BRLNSDB.TTF', 'BRLNSR.TTF', 'BROADW.TTF', 'BRUSHSCI.TTF', 'BSSYM7.TTF', 'c8514fix.fon', 'c8514oem.fon', 'c8514sys.fon', 'calibri.ttf', 'calibrib.ttf', 'calibrii.ttf', 'calibril.ttf', 'calibrili.ttf', 'calibriz.ttf', 'CALIFB.TTF', 'CALIFI.TTF', 'CALIFR.TTF', 'CALIST.TTF', 'CALISTB.TTF', 'CALISTBI.TTF', 'CALISTI.TTF', 'cambria.ttc', 'cambriab.ttf', 'cambriai.ttf', 'cambriaz.ttf', 'Candara.ttf', 'Candarab.ttf', 'Candarai.ttf', 'Candaral.ttf', 'Candarali.ttf', 'Candaraz.ttf', 'CascadiaCode.ttf', 'CascadiaMono.ttf', 'CASTELAR.TTF', 'CENSCBK.TTF', 'CENTAUR.TTF', 'CENTURY.TTF', 'cga40737.fon', 'cga40850.fon', 'cga40852.fon', 'cga40857.fon', 'cga40866.fon', 'cga40869.fon', 'cga40woa.fon', 'cga80737.fon', 'cga80850.fon', 'cga80852.fon', 'cga80857.fon', 'cga80866.fon', 'cga80869.fon', 'cga80woa.fon', 'CHILLER.TTF', 'COLONNA.TTF', 'comic.ttf', 'comicbd.ttf', 'comici.ttf', 'comicz.ttf', 'consola.ttf', 'consolab.ttf', 'consolai.ttf', 'consolaz.ttf', 'constan.ttf', 'constanb.ttf', 'constani.ttf', 'constanz.ttf', 'COOPBL.TTF', 'COPRGTB.TTF', 'COPRGTL.TTF', 'corbel.ttf', 'corbelb.ttf', 'corbeli.ttf', 'corbell.ttf', 'corbelli.ttf', 'corbelz.ttf', 'coue1255.fon', 'coue1256.fon', 'coue1257.fon', 'couf1255.fon', 'couf1256.fon', 'couf1257.fon', 'cour.ttf', 'courbd.ttf', 'courbi.ttf', 'coure.fon', 'couree.fon', 'coureg.fon', 'courer.fon', 'couret.fon', 'courf.fon', 'courfe.fon', 'courfg.fon', 'courfr.fon', 'courft.fon', 'couri.ttf', 'CURLZ___.TTF', 'cvgafix.fon', 'cvgasys.fon', 'Deng.ttf', 'Dengb.ttf', 'Dengl.ttf', 'desktop.ini', 'dos737.fon', 'dos869.fon', 'dosapp.fon', 'DUBAI-BOLD.TTF', 'DUBAI-LIGHT.TTF', 'DUBAI-MEDIUM.TTF', 'DUBAI-REGULAR.TTF', 'ebrima.ttf', 'ebrimabd.ttf', 'ega40737.fon', 'ega40850.fon', 'ega40852.fon', 'ega40857.fon', 'ega40866.fon', 'ega40869.fon', 'ega40woa.fon', 'ega80737.fon', 'ega80850.fon', 'ega80852.fon', 'ega80857.fon', 'ega80866.fon', 'ega80869.fon', 'ega80woa.fon', 'ELEPHNT.TTF', 'ELEPHNTI.TTF', 'ENGR.TTF', 'ERASBD.TTF', 'ERASDEMI.TTF', 'ERASLGHT.TTF', 'ERASMD.TTF', 'FELIXTI.TTF', 'fms_metadata.xml', 'FORTE.TTF', 'FRABK.TTF', 'FRABKIT.TTF', 'FRADM.TTF', 'FRADMCN.TTF', 'FRADMIT.TTF', 'FRAHV.TTF', 'FRAHVIT.TTF', 'framd.ttf', 'FRAMDCN.TTF', 'framdit.ttf', 'FREESCPT.TTF', 'FRSCRIPT.TTF', 'FTLTLT.TTF', 'FZSTK.TTF', 'FZYTK.TTF', 'Gabriola.ttf', 'gadugi.ttf', 'gadugib.ttf', 'GARA.TTF', 'GARABD.TTF', 'GARAIT.TTF', 'georgia.ttf', 'georgiab.ttf', 'georgiai.ttf', 'georgiaz.ttf', 'GIGI.TTF', 'GILBI___.TTF', 'GILB____.TTF', 'GILC____.TTF', 'GILI____.TTF', 'GILLUBCD.TTF', 'GILSANUB.TTF', 'GIL_____.TTF', 'GLECB.TTF', 'GlobalMonospace.CompositeFont', 'GlobalSansSerif.CompositeFont', 'GlobalSerif.CompositeFont', 'GlobalUserInterface.CompositeFont', 'GLSNECB.TTF', 'GOTHIC.TTF', 'GOTHICB.TTF', 'GOTHICBI.TTF', 'GOTHICI.TTF', 'GOUDOS.TTF', 'GOUDOSB.TTF', 'GOUDOSI.TTF', 'GOUDYSTO.TTF', 'h8514fix.fon', 'h8514oem.fon', 'h8514sys.fon', 'HARLOWSI.TTF', 'HARNGTON.TTF', 'HATTEN.TTF', 'HGB1X_CNKI.ttf', 'HGB1_CNKI.ttf', 'HGB2X_CNKI.ttf', 'HGB2_CNKI.ttf', 'HGB3X_CNKI.ttf', 'HGB3_CNKI.ttf', 'HGB4X_CNKI.ttf', 'HGB4_CNKI.ttf', 'HGB5X_CNKI.ttf', 'HGB5_CNKI.ttf', 'HGB6X_CNKI.ttf', 'HGB6_CNKI.ttf', 'HGB7X_CNKI.ttf', 'HGB7_CNKI.ttf', 'HGB8X_CNKI.ttf', 'HGB8_CNKI.ttf', 'HGBD_CNKI.ttf', 'HGBKBX_CNKI.ttf', 'HGBKB_CNKI.ttf', 'HGBKHX_CNKI.ttf', 'HGBKH_CNKI.ttf', 'HGBS1_CNKI.TTF', 'HGBS2_CNKI.TTF', 'HGBS_CNKI.TTF', 'HGBTH_CNKI.TTF', 'HGBTS_CNKI.TTF', 'HGBX_CNKI.ttf', 'HGBZ_CNKI.ttf', 'HGCH_CNKI.TTF', 'HGCUH_CNKI.TTF', 'HGCY_CNKI.TTF', 'HGDBS_CNKI.TTF', 'HGDGY_CNKI.TTF', 'HGDH2_CNKI.TTF', 'HGDH_CNKI.TTF', 'HGDYS_CNKI.TTF', 'HGDY_CNKI.ttf', 'HGF1X_CNKI.ttf', 'HGF1_CNKI.ttf', 'HGF2X_CNKI.ttf', 'HGF2_CNKI.ttf', 'HGF3_CNKI.ttf', 'HGF4X_CNKI.ttf', 'HGF4_CNKI.ttf', 'HGF5X_CNKI.ttf', 'HGF5_CNKI.ttf', 'HGF6X_CNKI.ttf', 'HGF6_CNKI.ttf', 'HGF7X_CNKI.ttf', 'HGF7_CNKI.ttf', 'HGF8_CNKI.ttf', 'HGF9X_CNKI.ttf', 'HGF9_CNKI.ttf', 'HGFS1_CNKI.TTF', 'HGFS2_CNKI.TTF', 'HGFSH_CNKI.TTF', 'HGFS_CNKI.TTF', 'HGFX_CNKI.ttf', 'HGFZ_CNKI.ttf', 'HGGG_CNKI.TTF', 'HGH1X_CNKI.ttf', 'HGH1_CNKI.ttf', 'HGH2X_CNKI.ttf', 'HGH2_CNKI.ttf', 'HGH3X_CNKI.ttf', 'HGH3_CNKI.ttf', 'HGH4X_CNKI.ttf', 'HGH4_CNKI.ttf', 'HGH5X_CNKI.ttf', 'HGH5_CNKI.ttf', 'HGH6X_CNKI.ttf', 'HGH6_CNKI.ttf', 'HGH7X_CNKI.ttf', 'HGH7_CNKI.ttf', 'HGHB_CNKI.TTF', 'HGHD_CNKI.ttf', 'HGHP_CNKI.TTF', 'HGHT1_CNKI.ttf', 'HGHT2_CNKI.ttf', 'HGHUATI_CNKI.ttf', 'HGHX_CNKI.ttf', 'HGHZ_CNKI.ttf', 'HGH_CNKI.TTF', 'HGKT1_CNKI.TTF', 'HGKT2_CNKI.TTF', 'HGKT_CNKI.TTF', 'HGKY_CNKI.ttf', 'HGLB_CNKI.TTF', 'HGLS_CNKI.TTF', 'HGMH_CNKI.TTF', 'HGNBS_CNKI.ttf', 'HGOCR_CNKI.ttf', 'HGPH_CNKI.TTF', 'HGPTY_CNKI.TTF', 'HGSS1_CNKI.TTF', 'HGSS2_CNKI.TTF', 'HGSS_CNKI.TTF', 'HGSXT_CNKI.ttf', 'HGTT_CNKI.ttf', 'HGTX_CNKI.TTF', 'HGWT_CNKI.TTF', 'HGWYS_CNKI.TTF', 'HGX1X_CNKI.ttf', 'HGX1_CNKI.ttf', 'HGXBS_CNKI.TTF', 'HGXC_CNKI.TTF', 'HGXF1_CNKI.ttf', 'HGXFX_CNKI.ttf', 'HGXFZ_CNKI.ttf', 'HGXH1_CNKI.TTF', 'HGXH_CNKI.TTF', 'HGXK_CNKI.TTF', 'HGXL_CNKI.TTF', 'HGXS_CNKI.TTF', 'HGXT_CNKI.ttf', 'HGXY_CNKI.ttf', 'HGY1_CNKI.TTF', 'HGY2_CNKI.TTF', 'HGY3_CNKI.TTF', 'HGY4_CNKI.TTF', 'HGYB_CNKI.ttf', 'HGYT1_CNKI.ttf', 'HGYT2_CNKI.ttf', 'HGYT_CNKI.TTF', 'HGYX_CNKI.TTF', 'HGZCS_CNKI.TTF', 'HGZDX_CNKI.TTF', 'HGZK_CNKI.TTF', 'HGZYT_CNKI.TTF', 'HGZY_CNKI.TTF', 'himalaya.ttf', 'holomdl2.ttf', 'HTOWERT.TTF', 'HTOWERTI.TTF', 'hvgafix.fon', 'hvgasys.fon', 'impact.ttf', 'IMPRISHA.TTF', 'INFROMAN.TTF', 'Inkfree.ttf', 'iqiyi_logov7.ttf', 'ITCBLKAD.TTF', 'ITCEDSCR.TTF', 'ITCKRIST.TTF', 'j8514fix.fon', 'j8514oem.fon', 'j8514sys.fon', 'javatext.ttf', 'JOKERMAN.TTF', 'jsmalle.fon', 'jsmallf.fon', 'JUICE___.TTF', 'jvgafix.fon', 'jvgasys.fon', 'KUNSTLER.TTF', 'LATINWD.TTF', 'LBRITE.TTF', 'LBRITED.TTF', 'LBRITEDI.TTF', 'LBRITEI.TTF', 'LCALLIG.TTF', 'LeelaUIb.ttf', 'LeelawUI.ttf', 'LeelUIsl.ttf', 'LFAX.TTF', 'LFAXD.TTF', 'LFAXDI.TTF', 'LFAXI.TTF', 'LHANDW.TTF', 'LSANS.TTF', 'LSANSD.TTF', 'LSANSDI.TTF', 'LSANSI.TTF', 'LTYPE.TTF', 'LTYPEB.TTF', 'LTYPEBO.TTF', 'LTYPEO.TTF', 'lucon.ttf', 'l_10646.ttf', 'MAGNETOB.TTF', 'MAIAN.TTF', 'malgun.ttf', 'malgunbd.ttf', 'malgunsl.ttf', 'marlett.ttf', 'MATURASC.TTF', 'micross.ttf', 'mingliub.ttc', 'MISTRAL.TTF', 'mmrtext.ttf', 'mmrtextb.ttf', 'MOD20.TTF', 'modern.fon', 'monbaiti.ttf', 'msgothic.ttc', 'msjh.ttc', 'msjhbd.ttc', 'msjhl.ttc', 'msyh.ttc', 'msyhbd.ttc', 'msyhl.ttc', 'msyi.ttf', 'MTCORSVA.TTF', 'MTEXTRA.TTF', 'mvboli.ttf', 'NIAGENG.TTF', 'NIAGSOL.TTF', 'Nirmala.ttf', 'NirmalaB.ttf', 'NirmalaS.ttf', 'ntailu.ttf', 'ntailub.ttf', 'NumberOnly.ttf', 'OCRAEXT.TTF', 'OLDENGL.TTF', 'ONYX.TTF', 'OUTLOOK.TTF', 'pala.ttf', 'palab.ttf', 'palabi.ttf', 'palai.ttf', 'PALSCRI.TTF', 'PAPYRUS.TTF', 'PARCHM.TTF', 'PERBI___.TTF', 'PERB____.TTF', 'PERI____.TTF', 'PERTIBD.TTF', 'PERTILI.TTF', 'PER_____.TTF', 'phagspa.ttf', 'phagspab.ttf', 'PLAYBILL.TTF', 'POORICH.TTF', 'PRISTINA.TTF', 'RAGE.TTF', 'RAVIE.TTF', 'REFSAN.TTF', 'REFSPCL.TTF', 'ROCCB___.TTF', 'ROCC____.TTF', 'ROCK.TTF', 'ROCKB.TTF', 'ROCKBI.TTF', 'ROCKEB.TTF', 'ROCKI.TTF', 'roman.fon', 's8514fix.fon', 's8514oem.fon', 's8514sys.fon', 'SCHLBKB.TTF', 'SCHLBKBI.TTF', 'SCHLBKI.TTF', 'script.fon', 'SCRIPTBL.TTF', 'segmdl2.ttf', 'SegoeIcons.ttf', 'segoepr.ttf', 'segoeprb.ttf', 'segoesc.ttf', 'segoescb.ttf', 'segoeui.ttf', 'segoeuib.ttf', 'segoeuii.ttf', 'segoeuil.ttf', 'segoeuisl.ttf', 'segoeuiz.ttf', 'seguibl.ttf', 'seguibli.ttf', 'seguiemj.ttf', 'seguihis.ttf', 'seguili.ttf', 'seguisb.ttf', 'seguisbi.ttf', 'seguisli.ttf', 'seguisym.ttf', 'SegUIVar.ttf', 'sere1255.fon', 'sere1256.fon', 'sere1257.fon', 'serf1255.fon', 'serf1256.fon', 'serf1257.fon', 'serife.fon', 'serifee.fon', 'serifeg.fon', 'serifer.fon', 'serifet.fon', 'seriff.fon', 'seriffe.fon', 'seriffg.fon', 'seriffr.fon', 'serifft.fon', 'SHOWG.TTF', 'simfang.ttf', 'simhei.ttf', 'simkai.ttf', 'SIMLI.TTF', 'simsun.ttc', 'simsunb.ttf', 'SIMYOU.TTF', 'SitkaVF-Italic.ttf', 'SitkaVF.ttf', 'smae1255.fon', 'smae1256.fon', 'smae1257.fon', 'smaf1255.fon', 'smaf1256.fon', 'smaf1257.fon', 'smalle.fon', 'smallee.fon', 'smalleg.fon', 'smaller.fon', 'smallet.fon', 'smallf.fon', 'smallfe.fon', 'smallfg.fon', 'smallfr.fon', 'smallft.fon', 'SNAP____.TTF', 'ssee1255.fon', 'ssee1256.fon', 'ssee1257.fon', 'ssee874.fon', 'ssef1255.fon', 'ssef1256.fon', 'ssef1257.fon', 'ssef874.fon', 'sserife.fon', 'sserifee.fon', 'sserifeg.fon', 'sserifer.fon', 'sserifet.fon', 'sseriff.fon', 'sseriffe.fon', 'sseriffg.fon', 'sseriffr.fon', 'sserifft.fon', 'StaticCache.dat', 'STCAIYUN.TTF', 'STENCIL.TTF', 'STFANGSO.TTF', 'STHUPO.TTF', 'STKAITI.TTF', 'STLITI.TTF', 'STSONG.TTF', 'STXIHEI.TTF', 'STXINGKA.TTF', 'STXINWEI.TTF', 'STZHONGS.TTF', 'svgafix.fon', 'svgasys.fon', 'sylfaen.ttf', 'symbol.ttf', 'tahoma.ttf', 'tahomabd.ttf', 'taile.ttf', 'taileb.ttf', 'TCBI____.TTF', 'TCB_____.TTF', 'TCCB____.TTF', 'TCCEB.TTF', 'TCCM____.TTF', 'TCMI____.TTF', 'TCM_____.TTF', 'TEMPSITC.TTF', 'times.ttf', 'timesbd.ttf', 'timesbi.ttf', 'timesi.ttf', 'trebuc.ttf', 'trebucbd.ttf', 'trebucbi.ttf', 'trebucit.ttf', 'verdana.ttf', 'verdanab.ttf', 'verdanai.ttf', 'verdanaz.ttf', 'vga737.fon', 'vga775.fon', 'vga850.fon', 'vga852.fon', 'vga855.fon', 'vga857.fon', 'vga860.fon', 'vga861.fon', 'vga863.fon', 'vga865.fon', 'vga866.fon', 'vga869.fon', 'vga932.fon', 'vga936.fon', 'vga949.fon', 'vga950.fon', 'vgaf1255.fon', 'vgaf1256.fon', 'vgaf1257.fon', 'vgaf874.fon', 'vgafix.fon', 'vgafixe.fon', 'vgafixg.fon', 'vgafixr.fon', 'vgafixt.fon', 'vgaoem.fon', 'vgas1255.fon', 'vgas1256.fon', 'vgas1257.fon', 'vgas874.fon', 'vgasys.fon', 'vgasyse.fon', 'vgasysg.fon', 'vgasysr.fon', 'vgasyst.fon', 'VINERITC.TTF', 'VIVALDII.TTF', 'VLADIMIR.TTF', 'webdings.ttf', 'wingding.ttf', 'WINGDNG2.TTF', 'WINGDNG3.TTF', 'YuGothB.ttc', 'YuGothL.ttc', 'YuGothM.ttc', 'YuGothR.ttc', '\u534e\u5eb7\u65b9\u5706\u4f53W7.TTC', '\u65b9\u6b63\u7c97\u9ed1\u5b8b\u7b80\u4f53.ttf']
2023-09-27 15:15:47,363 - INFO - all fonts installed:['8514fix.fon', '8514fixe.fon', '8514fixg.fon', '8514fixr.fon', '8514fixt.fon', '8514oem.fon', '8514oeme.fon', '8514oemg.fon', '8514oemr.fon', '8514oemt.fon', '8514sys.fon', '8514syse.fon', '8514sysg.fon', '8514sysr.fon', '8514syst.fon', '85775.fon', '85855.fon', '85f1255.fon', '85f1256.fon', '85f1257.fon', '85f874.fon', '85s1255.fon', '85s1256.fon', '85s1257.fon', '85s874.fon', 'AGENCYB.TTF', 'AGENCYR.TTF', 'ALGER.TTF', 'ANTQUAB.TTF', 'ANTQUABI.TTF', 'ANTQUAI.TTF', 'app775.fon', 'app850.fon', 'app852.fon', 'app855.fon', 'app857.fon', 'app866.fon', 'app932.fon', 'app936.fon', 'app949.fon', 'app950.fon', 'arial.ttf', 'arialbd.ttf', 'arialbi.ttf', 'ariali.ttf', 'ARIALN.TTF', 'ARIALNB.TTF', 'ARIALNBI.TTF', 'ARIALNI.TTF', 'ariblk.ttf', 'ARLRDBD.TTF', 'AxureHandwriting-Bold.otf', 'AxureHandwriting-BoldItalic.otf', 'AxureHandwriting-Italic.otf', 'AxureHandwriting.otf', 'bahnschrift.ttf', 'BASKVILL.TTF', 'BAUHS93.TTF', 'BELL.TTF', 'BELLB.TTF', 'BELLI.TTF', 'BERNHC.TTF', 'BKANT.TTF', 'BOD_B.TTF', 'BOD_BI.TTF', 'BOD_BLAI.TTF', 'BOD_BLAR.TTF', 'BOD_CB.TTF', 'BOD_CBI.TTF', 'BOD_CI.TTF', 'BOD_CR.TTF', 'BOD_I.TTF', 'BOD_PSTC.TTF', 'BOD_R.TTF', 'BOOKOS.TTF', 'BOOKOSB.TTF', 'BOOKOSBI.TTF', 'BOOKOSI.TTF', 'BRADHITC.TTF', 'BRITANIC.TTF', 'BRLNSB.TTF', 'BRLNSDB.TTF', 'BRLNSR.TTF', 'BROADW.TTF', 'BRUSHSCI.TTF', 'BSSYM7.TTF', 'c8514fix.fon', 'c8514oem.fon', 'c8514sys.fon', 'calibri.ttf', 'calibrib.ttf', 'calibrii.ttf', 'calibril.ttf', 'calibrili.ttf', 'calibriz.ttf', 'CALIFB.TTF', 'CALIFI.TTF', 'CALIFR.TTF', 'CALIST.TTF', 'CALISTB.TTF', 'CALISTBI.TTF', 'CALISTI.TTF', 'cambria.ttc', 'cambriab.ttf', 'cambriai.ttf', 'cambriaz.ttf', 'Candara.ttf', 'Candarab.ttf', 'Candarai.ttf', 'Candaral.ttf', 'Candarali.ttf', 'Candaraz.ttf', 'CascadiaCode.ttf', 'CascadiaMono.ttf', 'CASTELAR.TTF', 'CENSCBK.TTF', 'CENTAUR.TTF', 'CENTURY.TTF', 'cga40737.fon', 'cga40850.fon', 'cga40852.fon', 'cga40857.fon', 'cga40866.fon', 'cga40869.fon', 'cga40woa.fon', 'cga80737.fon', 'cga80850.fon', 'cga80852.fon', 'cga80857.fon', 'cga80866.fon', 'cga80869.fon', 'cga80woa.fon', 'CHILLER.TTF', 'COLONNA.TTF', 'comic.ttf', 'comicbd.ttf', 'comici.ttf', 'comicz.ttf', 'consola.ttf', 'consolab.ttf', 'consolai.ttf', 'consolaz.ttf', 'constan.ttf', 'constanb.ttf', 'constani.ttf', 'constanz.ttf', 'COOPBL.TTF', 'COPRGTB.TTF', 'COPRGTL.TTF', 'corbel.ttf', 'corbelb.ttf', 'corbeli.ttf', 'corbell.ttf', 'corbelli.ttf', 'corbelz.ttf', 'coue1255.fon', 'coue1256.fon', 'coue1257.fon', 'couf1255.fon', 'couf1256.fon', 'couf1257.fon', 'cour.ttf', 'courbd.ttf', 'courbi.ttf', 'coure.fon', 'couree.fon', 'coureg.fon', 'courer.fon', 'couret.fon', 'courf.fon', 'courfe.fon', 'courfg.fon', 'courfr.fon', 'courft.fon', 'couri.ttf', 'CURLZ___.TTF', 'cvgafix.fon', 'cvgasys.fon', 'Deng.ttf', 'Dengb.ttf', 'Dengl.ttf', 'desktop.ini', 'dos737.fon', 'dos869.fon', 'dosapp.fon', 'DUBAI-BOLD.TTF', 'DUBAI-LIGHT.TTF', 'DUBAI-MEDIUM.TTF', 'DUBAI-REGULAR.TTF', 'ebrima.ttf', 'ebrimabd.ttf', 'ega40737.fon', 'ega40850.fon', 'ega40852.fon', 'ega40857.fon', 'ega40866.fon', 'ega40869.fon', 'ega40woa.fon', 'ega80737.fon', 'ega80850.fon', 'ega80852.fon', 'ega80857.fon', 'ega80866.fon', 'ega80869.fon', 'ega80woa.fon', 'ELEPHNT.TTF', 'ELEPHNTI.TTF', 'ENGR.TTF', 'ERASBD.TTF', 'ERASDEMI.TTF', 'ERASLGHT.TTF', 'ERASMD.TTF', 'FELIXTI.TTF', 'fms_metadata.xml', 'FORTE.TTF', 'FRABK.TTF', 'FRABKIT.TTF', 'FRADM.TTF', 'FRADMCN.TTF', 'FRADMIT.TTF', 'FRAHV.TTF', 'FRAHVIT.TTF', 'framd.ttf', 'FRAMDCN.TTF', 'framdit.ttf', 'FREESCPT.TTF', 'FRSCRIPT.TTF', 'FTLTLT.TTF', 'FZSTK.TTF', 'FZYTK.TTF', 'Gabriola.ttf', 'gadugi.ttf', 'gadugib.ttf', 'GARA.TTF', 'GARABD.TTF', 'GARAIT.TTF', 'georgia.ttf', 'georgiab.ttf', 'georgiai.ttf', 'georgiaz.ttf', 'GIGI.TTF', 'GILBI___.TTF', 'GILB____.TTF', 'GILC____.TTF', 'GILI____.TTF', 'GILLUBCD.TTF', 'GILSANUB.TTF', 'GIL_____.TTF', 'GLECB.TTF', 'GlobalMonospace.CompositeFont', 'GlobalSansSerif.CompositeFont', 'GlobalSerif.CompositeFont', 'GlobalUserInterface.CompositeFont', 'GLSNECB.TTF', 'GOTHIC.TTF', 'GOTHICB.TTF', 'GOTHICBI.TTF', 'GOTHICI.TTF', 'GOUDOS.TTF', 'GOUDOSB.TTF', 'GOUDOSI.TTF', 'GOUDYSTO.TTF', 'h8514fix.fon', 'h8514oem.fon', 'h8514sys.fon', 'HARLOWSI.TTF', 'HARNGTON.TTF', 'HATTEN.TTF', 'HGB1X_CNKI.ttf', 'HGB1_CNKI.ttf', 'HGB2X_CNKI.ttf', 'HGB2_CNKI.ttf', 'HGB3X_CNKI.ttf', 'HGB3_CNKI.ttf', 'HGB4X_CNKI.ttf', 'HGB4_CNKI.ttf', 'HGB5X_CNKI.ttf', 'HGB5_CNKI.ttf', 'HGB6X_CNKI.ttf', 'HGB6_CNKI.ttf', 'HGB7X_CNKI.ttf', 'HGB7_CNKI.ttf', 'HGB8X_CNKI.ttf', 'HGB8_CNKI.ttf', 'HGBD_CNKI.ttf', 'HGBKBX_CNKI.ttf', 'HGBKB_CNKI.ttf', 'HGBKHX_CNKI.ttf', 'HGBKH_CNKI.ttf', 'HGBS1_CNKI.TTF', 'HGBS2_CNKI.TTF', 'HGBS_CNKI.TTF', 'HGBTH_CNKI.TTF', 'HGBTS_CNKI.TTF', 'HGBX_CNKI.ttf', 'HGBZ_CNKI.ttf', 'HGCH_CNKI.TTF', 'HGCUH_CNKI.TTF', 'HGCY_CNKI.TTF', 'HGDBS_CNKI.TTF', 'HGDGY_CNKI.TTF', 'HGDH2_CNKI.TTF', 'HGDH_CNKI.TTF', 'HGDYS_CNKI.TTF', 'HGDY_CNKI.ttf', 'HGF1X_CNKI.ttf', 'HGF1_CNKI.ttf', 'HGF2X_CNKI.ttf', 'HGF2_CNKI.ttf', 'HGF3_CNKI.ttf', 'HGF4X_CNKI.ttf', 'HGF4_CNKI.ttf', 'HGF5X_CNKI.ttf', 'HGF5_CNKI.ttf', 'HGF6X_CNKI.ttf', 'HGF6_CNKI.ttf', 'HGF7X_CNKI.ttf', 'HGF7_CNKI.ttf', 'HGF8_CNKI.ttf', 'HGF9X_CNKI.ttf', 'HGF9_CNKI.ttf', 'HGFS1_CNKI.TTF', 'HGFS2_CNKI.TTF', 'HGFSH_CNKI.TTF', 'HGFS_CNKI.TTF', 'HGFX_CNKI.ttf', 'HGFZ_CNKI.ttf', 'HGGG_CNKI.TTF', 'HGH1X_CNKI.ttf', 'HGH1_CNKI.ttf', 'HGH2X_CNKI.ttf', 'HGH2_CNKI.ttf', 'HGH3X_CNKI.ttf', 'HGH3_CNKI.ttf', 'HGH4X_CNKI.ttf', 'HGH4_CNKI.ttf', 'HGH5X_CNKI.ttf', 'HGH5_CNKI.ttf', 'HGH6X_CNKI.ttf', 'HGH6_CNKI.ttf', 'HGH7X_CNKI.ttf', 'HGH7_CNKI.ttf', 'HGHB_CNKI.TTF', 'HGHD_CNKI.ttf', 'HGHP_CNKI.TTF', 'HGHT1_CNKI.ttf', 'HGHT2_CNKI.ttf', 'HGHUATI_CNKI.ttf', 'HGHX_CNKI.ttf', 'HGHZ_CNKI.ttf', 'HGH_CNKI.TTF', 'HGKT1_CNKI.TTF', 'HGKT2_CNKI.TTF', 'HGKT_CNKI.TTF', 'HGKY_CNKI.ttf', 'HGLB_CNKI.TTF', 'HGLS_CNKI.TTF', 'HGMH_CNKI.TTF', 'HGNBS_CNKI.ttf', 'HGOCR_CNKI.ttf', 'HGPH_CNKI.TTF', 'HGPTY_CNKI.TTF', 'HGSS1_CNKI.TTF', 'HGSS2_CNKI.TTF', 'HGSS_CNKI.TTF', 'HGSXT_CNKI.ttf', 'HGTT_CNKI.ttf', 'HGTX_CNKI.TTF', 'HGWT_CNKI.TTF', 'HGWYS_CNKI.TTF', 'HGX1X_CNKI.ttf', 'HGX1_CNKI.ttf', 'HGXBS_CNKI.TTF', 'HGXC_CNKI.TTF', 'HGXF1_CNKI.ttf', 'HGXFX_CNKI.ttf', 'HGXFZ_CNKI.ttf', 'HGXH1_CNKI.TTF', 'HGXH_CNKI.TTF', 'HGXK_CNKI.TTF', 'HGXL_CNKI.TTF', 'HGXS_CNKI.TTF', 'HGXT_CNKI.ttf', 'HGXY_CNKI.ttf', 'HGY1_CNKI.TTF', 'HGY2_CNKI.TTF', 'HGY3_CNKI.TTF', 'HGY4_CNKI.TTF', 'HGYB_CNKI.ttf', 'HGYT1_CNKI.ttf', 'HGYT2_CNKI.ttf', 'HGYT_CNKI.TTF', 'HGYX_CNKI.TTF', 'HGZCS_CNKI.TTF', 'HGZDX_CNKI.TTF', 'HGZK_CNKI.TTF', 'HGZYT_CNKI.TTF', 'HGZY_CNKI.TTF', 'himalaya.ttf', 'holomdl2.ttf', 'HTOWERT.TTF', 'HTOWERTI.TTF', 'hvgafix.fon', 'hvgasys.fon', 'impact.ttf', 'IMPRISHA.TTF', 'INFROMAN.TTF', 'Inkfree.ttf', 'iqiyi_logov7.ttf', 'ITCBLKAD.TTF', 'ITCEDSCR.TTF', 'ITCKRIST.TTF', 'j8514fix.fon', 'j8514oem.fon', 'j8514sys.fon', 'javatext.ttf', 'JOKERMAN.TTF', 'jsmalle.fon', 'jsmallf.fon', 'JUICE___.TTF', 'jvgafix.fon', 'jvgasys.fon', 'KUNSTLER.TTF', 'LATINWD.TTF', 'LBRITE.TTF', 'LBRITED.TTF', 'LBRITEDI.TTF', 'LBRITEI.TTF', 'LCALLIG.TTF', 'LeelaUIb.ttf', 'LeelawUI.ttf', 'LeelUIsl.ttf', 'LFAX.TTF', 'LFAXD.TTF', 'LFAXDI.TTF', 'LFAXI.TTF', 'LHANDW.TTF', 'LSANS.TTF', 'LSANSD.TTF', 'LSANSDI.TTF', 'LSANSI.TTF', 'LTYPE.TTF', 'LTYPEB.TTF', 'LTYPEBO.TTF', 'LTYPEO.TTF', 'lucon.ttf', 'l_10646.ttf', 'MAGNETOB.TTF', 'MAIAN.TTF', 'malgun.ttf', 'malgunbd.ttf', 'malgunsl.ttf', 'marlett.ttf', 'MATURASC.TTF', 'micross.ttf', 'mingliub.ttc', 'MISTRAL.TTF', 'mmrtext.ttf', 'mmrtextb.ttf', 'MOD20.TTF', 'modern.fon', 'monbaiti.ttf', 'msgothic.ttc', 'msjh.ttc', 'msjhbd.ttc', 'msjhl.ttc', 'msyh.ttc', 'msyhbd.ttc', 'msyhl.ttc', 'msyi.ttf', 'MTCORSVA.TTF', 'MTEXTRA.TTF', 'mvboli.ttf', 'NIAGENG.TTF', 'NIAGSOL.TTF', 'Nirmala.ttf', 'NirmalaB.ttf', 'NirmalaS.ttf', 'ntailu.ttf', 'ntailub.ttf', 'NumberOnly.ttf', 'OCRAEXT.TTF', 'OLDENGL.TTF', 'ONYX.TTF', 'OUTLOOK.TTF', 'pala.ttf', 'palab.ttf', 'palabi.ttf', 'palai.ttf', 'PALSCRI.TTF', 'PAPYRUS.TTF', 'PARCHM.TTF', 'PERBI___.TTF', 'PERB____.TTF', 'PERI____.TTF', 'PERTIBD.TTF', 'PERTILI.TTF', 'PER_____.TTF', 'phagspa.ttf', 'phagspab.ttf', 'PLAYBILL.TTF', 'POORICH.TTF', 'PRISTINA.TTF', 'RAGE.TTF', 'RAVIE.TTF', 'REFSAN.TTF', 'REFSPCL.TTF', 'ROCCB___.TTF', 'ROCC____.TTF', 'ROCK.TTF', 'ROCKB.TTF', 'ROCKBI.TTF', 'ROCKEB.TTF', 'ROCKI.TTF', 'roman.fon', 's8514fix.fon', 's8514oem.fon', 's8514sys.fon', 'SCHLBKB.TTF', 'SCHLBKBI.TTF', 'SCHLBKI.TTF', 'script.fon', 'SCRIPTBL.TTF', 'segmdl2.ttf', 'SegoeIcons.ttf', 'segoepr.ttf', 'segoeprb.ttf', 'segoesc.ttf', 'segoescb.ttf', 'segoeui.ttf', 'segoeuib.ttf', 'segoeuii.ttf', 'segoeuil.ttf', 'segoeuisl.ttf', 'segoeuiz.ttf', 'seguibl.ttf', 'seguibli.ttf', 'seguiemj.ttf', 'seguihis.ttf', 'seguili.ttf', 'seguisb.ttf', 'seguisbi.ttf', 'seguisli.ttf', 'seguisym.ttf', 'SegUIVar.ttf', 'sere1255.fon', 'sere1256.fon', 'sere1257.fon', 'serf1255.fon', 'serf1256.fon', 'serf1257.fon', 'serife.fon', 'serifee.fon', 'serifeg.fon', 'serifer.fon', 'serifet.fon', 'seriff.fon', 'seriffe.fon', 'seriffg.fon', 'seriffr.fon', 'serifft.fon', 'SHOWG.TTF', 'simfang.ttf', 'simhei.ttf', 'simkai.ttf', 'SIMLI.TTF', 'simsun.ttc', 'simsunb.ttf', 'SIMYOU.TTF', 'SitkaVF-Italic.ttf', 'SitkaVF.ttf', 'smae1255.fon', 'smae1256.fon', 'smae1257.fon', 'smaf1255.fon', 'smaf1256.fon', 'smaf1257.fon', 'smalle.fon', 'smallee.fon', 'smalleg.fon', 'smaller.fon', 'smallet.fon', 'smallf.fon', 'smallfe.fon', 'smallfg.fon', 'smallfr.fon', 'smallft.fon', 'SNAP____.TTF', 'ssee1255.fon', 'ssee1256.fon', 'ssee1257.fon', 'ssee874.fon', 'ssef1255.fon', 'ssef1256.fon', 'ssef1257.fon', 'ssef874.fon', 'sserife.fon', 'sserifee.fon', 'sserifeg.fon', 'sserifer.fon', 'sserifet.fon', 'sseriff.fon', 'sseriffe.fon', 'sseriffg.fon', 'sseriffr.fon', 'sserifft.fon', 'StaticCache.dat', 'STCAIYUN.TTF', 'STENCIL.TTF', 'STFANGSO.TTF', 'STHUPO.TTF', 'STKAITI.TTF', 'STLITI.TTF', 'STSONG.TTF', 'STXIHEI.TTF', 'STXINGKA.TTF', 'STXINWEI.TTF', 'STZHONGS.TTF', 'svgafix.fon', 'svgasys.fon', 'sylfaen.ttf', 'symbol.ttf', 'tahoma.ttf', 'tahomabd.ttf', 'taile.ttf', 'taileb.ttf', 'TCBI____.TTF', 'TCB_____.TTF', 'TCCB____.TTF', 'TCCEB.TTF', 'TCCM____.TTF', 'TCMI____.TTF', 'TCM_____.TTF', 'TEMPSITC.TTF', 'times.ttf', 'timesbd.ttf', 'timesbi.ttf', 'timesi.ttf', 'trebuc.ttf', 'trebucbd.ttf', 'trebucbi.ttf', 'trebucit.ttf', 'verdana.ttf', 'verdanab.ttf', 'verdanai.ttf', 'verdanaz.ttf', 'vga737.fon', 'vga775.fon', 'vga850.fon', 'vga852.fon', 'vga855.fon', 'vga857.fon', 'vga860.fon', 'vga861.fon', 'vga863.fon', 'vga865.fon', 'vga866.fon', 'vga869.fon', 'vga932.fon', 'vga936.fon', 'vga949.fon', 'vga950.fon', 'vgaf1255.fon', 'vgaf1256.fon', 'vgaf1257.fon', 'vgaf874.fon', 'vgafix.fon', 'vgafixe.fon', 'vgafixg.fon', 'vgafixr.fon', 'vgafixt.fon', 'vgaoem.fon', 'vgas1255.fon', 'vgas1256.fon', 'vgas1257.fon', 'vgas874.fon', 'vgasys.fon', 'vgasyse.fon', 'vgasysg.fon', 'vgasysr.fon', 'vgasyst.fon', 'VINERITC.TTF', 'VIVALDII.TTF', 'VLADIMIR.TTF', 'webdings.ttf', 'wingding.ttf', 'WINGDNG2.TTF', 'WINGDNG3.TTF', 'YuGothB.ttc', 'YuGothL.ttc', 'YuGothM.ttc', 'YuGothR.ttc', '\u534e\u5eb7\u65b9\u5706\u4f53W7.TTC', '\u65b9\u6b63\u7c97\u9ed1\u5b8b\u7b80\u4f53.ttf']
2023-09-27 15:15:47,625 - INFO - all fonts installed:['8514fix.fon', '8514fixe.fon', '8514fixg.fon', '8514fixr.fon', '8514fixt.fon', '8514oem.fon', '8514oeme.fon', '8514oemg.fon', '8514oemr.fon', '8514oemt.fon', '8514sys.fon', '8514syse.fon', '8514sysg.fon', '8514sysr.fon', '8514syst.fon', '85775.fon', '85855.fon', '85f1255.fon', '85f1256.fon', '85f1257.fon', '85f874.fon', '85s1255.fon', '85s1256.fon', '85s1257.fon', '85s874.fon', 'AGENCYB.TTF', 'AGENCYR.TTF', 'ALGER.TTF', 'ANTQUAB.TTF', 'ANTQUABI.TTF', 'ANTQUAI.TTF', 'app775.fon', 'app850.fon', 'app852.fon', 'app855.fon', 'app857.fon', 'app866.fon', 'app932.fon', 'app936.fon', 'app949.fon', 'app950.fon', 'arial.ttf', 'arialbd.ttf', 'arialbi.ttf', 'ariali.ttf', 'ARIALN.TTF', 'ARIALNB.TTF', 'ARIALNBI.TTF', 'ARIALNI.TTF', 'ariblk.ttf', 'ARLRDBD.TTF', 'AxureHandwriting-Bold.otf', 'AxureHandwriting-BoldItalic.otf', 'AxureHandwriting-Italic.otf', 'AxureHandwriting.otf', 'bahnschrift.ttf', 'BASKVILL.TTF', 'BAUHS93.TTF', 'BELL.TTF', 'BELLB.TTF', 'BELLI.TTF', 'BERNHC.TTF', 'BKANT.TTF', 'BOD_B.TTF', 'BOD_BI.TTF', 'BOD_BLAI.TTF', 'BOD_BLAR.TTF', 'BOD_CB.TTF', 'BOD_CBI.TTF', 'BOD_CI.TTF', 'BOD_CR.TTF', 'BOD_I.TTF', 'BOD_PSTC.TTF', 'BOD_R.TTF', 'BOOKOS.TTF', 'BOOKOSB.TTF', 'BOOKOSBI.TTF', 'BOOKOSI.TTF', 'BRADHITC.TTF', 'BRITANIC.TTF', 'BRLNSB.TTF', 'BRLNSDB.TTF', 'BRLNSR.TTF', 'BROADW.TTF', 'BRUSHSCI.TTF', 'BSSYM7.TTF', 'c8514fix.fon', 'c8514oem.fon', 'c8514sys.fon', 'calibri.ttf', 'calibrib.ttf', 'calibrii.ttf', 'calibril.ttf', 'calibrili.ttf', 'calibriz.ttf', 'CALIFB.TTF', 'CALIFI.TTF', 'CALIFR.TTF', 'CALIST.TTF', 'CALISTB.TTF', 'CALISTBI.TTF', 'CALISTI.TTF', 'cambria.ttc', 'cambriab.ttf', 'cambriai.ttf', 'cambriaz.ttf', 'Candara.ttf', 'Candarab.ttf', 'Candarai.ttf', 'Candaral.ttf', 'Candarali.ttf', 'Candaraz.ttf', 'CascadiaCode.ttf', 'CascadiaMono.ttf', 'CASTELAR.TTF', 'CENSCBK.TTF', 'CENTAUR.TTF', 'CENTURY.TTF', 'cga40737.fon', 'cga40850.fon', 'cga40852.fon', 'cga40857.fon', 'cga40866.fon', 'cga40869.fon', 'cga40woa.fon', 'cga80737.fon', 'cga80850.fon', 'cga80852.fon', 'cga80857.fon', 'cga80866.fon', 'cga80869.fon', 'cga80woa.fon', 'CHILLER.TTF', 'COLONNA.TTF', 'comic.ttf', 'comicbd.ttf', 'comici.ttf', 'comicz.ttf', 'consola.ttf', 'consolab.ttf', 'consolai.ttf', 'consolaz.ttf', 'constan.ttf', 'constanb.ttf', 'constani.ttf', 'constanz.ttf', 'COOPBL.TTF', 'COPRGTB.TTF', 'COPRGTL.TTF', 'corbel.ttf', 'corbelb.ttf', 'corbeli.ttf', 'corbell.ttf', 'corbelli.ttf', 'corbelz.ttf', 'coue1255.fon', 'coue1256.fon', 'coue1257.fon', 'couf1255.fon', 'couf1256.fon', 'couf1257.fon', 'cour.ttf', 'courbd.ttf', 'courbi.ttf', 'coure.fon', 'couree.fon', 'coureg.fon', 'courer.fon', 'couret.fon', 'courf.fon', 'courfe.fon', 'courfg.fon', 'courfr.fon', 'courft.fon', 'couri.ttf', 'CURLZ___.TTF', 'cvgafix.fon', 'cvgasys.fon', 'Deng.ttf', 'Dengb.ttf', 'Dengl.ttf', 'desktop.ini', 'dos737.fon', 'dos869.fon', 'dosapp.fon', 'DUBAI-BOLD.TTF', 'DUBAI-LIGHT.TTF', 'DUBAI-MEDIUM.TTF', 'DUBAI-REGULAR.TTF', 'ebrima.ttf', 'ebrimabd.ttf', 'ega40737.fon', 'ega40850.fon', 'ega40852.fon', 'ega40857.fon', 'ega40866.fon', 'ega40869.fon', 'ega40woa.fon', 'ega80737.fon', 'ega80850.fon', 'ega80852.fon', 'ega80857.fon', 'ega80866.fon', 'ega80869.fon', 'ega80woa.fon', 'ELEPHNT.TTF', 'ELEPHNTI.TTF', 'ENGR.TTF', 'ERASBD.TTF', 'ERASDEMI.TTF', 'ERASLGHT.TTF', 'ERASMD.TTF', 'FELIXTI.TTF', 'fms_metadata.xml', 'FORTE.TTF', 'FRABK.TTF', 'FRABKIT.TTF', 'FRADM.TTF', 'FRADMCN.TTF', 'FRADMIT.TTF', 'FRAHV.TTF', 'FRAHVIT.TTF', 'framd.ttf', 'FRAMDCN.TTF', 'framdit.ttf', 'FREESCPT.TTF', 'FRSCRIPT.TTF', 'FTLTLT.TTF', 'FZSTK.TTF', 'FZYTK.TTF', 'Gabriola.ttf', 'gadugi.ttf', 'gadugib.ttf', 'GARA.TTF', 'GARABD.TTF', 'GARAIT.TTF', 'georgia.ttf', 'georgiab.ttf', 'georgiai.ttf', 'georgiaz.ttf', 'GIGI.TTF', 'GILBI___.TTF', 'GILB____.TTF', 'GILC____.TTF', 'GILI____.TTF', 'GILLUBCD.TTF', 'GILSANUB.TTF', 'GIL_____.TTF', 'GLECB.TTF', 'GlobalMonospace.CompositeFont', 'GlobalSansSerif.CompositeFont', 'GlobalSerif.CompositeFont', 'GlobalUserInterface.CompositeFont', 'GLSNECB.TTF', 'GOTHIC.TTF', 'GOTHICB.TTF', 'GOTHICBI.TTF', 'GOTHICI.TTF', 'GOUDOS.TTF', 'GOUDOSB.TTF', 'GOUDOSI.TTF', 'GOUDYSTO.TTF', 'h8514fix.fon', 'h8514oem.fon', 'h8514sys.fon', 'HARLOWSI.TTF', 'HARNGTON.TTF', 'HATTEN.TTF', 'HGB1X_CNKI.ttf', 'HGB1_CNKI.ttf', 'HGB2X_CNKI.ttf', 'HGB2_CNKI.ttf', 'HGB3X_CNKI.ttf', 'HGB3_CNKI.ttf', 'HGB4X_CNKI.ttf', 'HGB4_CNKI.ttf', 'HGB5X_CNKI.ttf', 'HGB5_CNKI.ttf', 'HGB6X_CNKI.ttf', 'HGB6_CNKI.ttf', 'HGB7X_CNKI.ttf', 'HGB7_CNKI.ttf', 'HGB8X_CNKI.ttf', 'HGB8_CNKI.ttf', 'HGBD_CNKI.ttf', 'HGBKBX_CNKI.ttf', 'HGBKB_CNKI.ttf', 'HGBKHX_CNKI.ttf', 'HGBKH_CNKI.ttf', 'HGBS1_CNKI.TTF', 'HGBS2_CNKI.TTF', 'HGBS_CNKI.TTF', 'HGBTH_CNKI.TTF', 'HGBTS_CNKI.TTF', 'HGBX_CNKI.ttf', 'HGBZ_CNKI.ttf', 'HGCH_CNKI.TTF', 'HGCUH_CNKI.TTF', 'HGCY_CNKI.TTF', 'HGDBS_CNKI.TTF', 'HGDGY_CNKI.TTF', 'HGDH2_CNKI.TTF', 'HGDH_CNKI.TTF', 'HGDYS_CNKI.TTF', 'HGDY_CNKI.ttf', 'HGF1X_CNKI.ttf', 'HGF1_CNKI.ttf', 'HGF2X_CNKI.ttf', 'HGF2_CNKI.ttf', 'HGF3_CNKI.ttf', 'HGF4X_CNKI.ttf', 'HGF4_CNKI.ttf', 'HGF5X_CNKI.ttf', 'HGF5_CNKI.ttf', 'HGF6X_CNKI.ttf', 'HGF6_CNKI.ttf', 'HGF7X_CNKI.ttf', 'HGF7_CNKI.ttf', 'HGF8_CNKI.ttf', 'HGF9X_CNKI.ttf', 'HGF9_CNKI.ttf', 'HGFS1_CNKI.TTF', 'HGFS2_CNKI.TTF', 'HGFSH_CNKI.TTF', 'HGFS_CNKI.TTF', 'HGFX_CNKI.ttf', 'HGFZ_CNKI.ttf', 'HGGG_CNKI.TTF', 'HGH1X_CNKI.ttf', 'HGH1_CNKI.ttf', 'HGH2X_CNKI.ttf', 'HGH2_CNKI.ttf', 'HGH3X_CNKI.ttf', 'HGH3_CNKI.ttf', 'HGH4X_CNKI.ttf', 'HGH4_CNKI.ttf', 'HGH5X_CNKI.ttf', 'HGH5_CNKI.ttf', 'HGH6X_CNKI.ttf', 'HGH6_CNKI.ttf', 'HGH7X_CNKI.ttf', 'HGH7_CNKI.ttf', 'HGHB_CNKI.TTF', 'HGHD_CNKI.ttf', 'HGHP_CNKI.TTF', 'HGHT1_CNKI.ttf', 'HGHT2_CNKI.ttf', 'HGHUATI_CNKI.ttf', 'HGHX_CNKI.ttf', 'HGHZ_CNKI.ttf', 'HGH_CNKI.TTF', 'HGKT1_CNKI.TTF', 'HGKT2_CNKI.TTF', 'HGKT_CNKI.TTF', 'HGKY_CNKI.ttf', 'HGLB_CNKI.TTF', 'HGLS_CNKI.TTF', 'HGMH_CNKI.TTF', 'HGNBS_CNKI.ttf', 'HGOCR_CNKI.ttf', 'HGPH_CNKI.TTF', 'HGPTY_CNKI.TTF', 'HGSS1_CNKI.TTF', 'HGSS2_CNKI.TTF', 'HGSS_CNKI.TTF', 'HGSXT_CNKI.ttf', 'HGTT_CNKI.ttf', 'HGTX_CNKI.TTF', 'HGWT_CNKI.TTF', 'HGWYS_CNKI.TTF', 'HGX1X_CNKI.ttf', 'HGX1_CNKI.ttf', 'HGXBS_CNKI.TTF', 'HGXC_CNKI.TTF', 'HGXF1_CNKI.ttf', 'HGXFX_CNKI.ttf', 'HGXFZ_CNKI.ttf', 'HGXH1_CNKI.TTF', 'HGXH_CNKI.TTF', 'HGXK_CNKI.TTF', 'HGXL_CNKI.TTF', 'HGXS_CNKI.TTF', 'HGXT_CNKI.ttf', 'HGXY_CNKI.ttf', 'HGY1_CNKI.TTF', 'HGY2_CNKI.TTF', 'HGY3_CNKI.TTF', 'HGY4_CNKI.TTF', 'HGYB_CNKI.ttf', 'HGYT1_CNKI.ttf', 'HGYT2_CNKI.ttf', 'HGYT_CNKI.TTF', 'HGYX_CNKI.TTF', 'HGZCS_CNKI.TTF', 'HGZDX_CNKI.TTF', 'HGZK_CNKI.TTF', 'HGZYT_CNKI.TTF', 'HGZY_CNKI.TTF', 'himalaya.ttf', 'holomdl2.ttf', 'HTOWERT.TTF', 'HTOWERTI.TTF', 'hvgafix.fon', 'hvgasys.fon', 'impact.ttf', 'IMPRISHA.TTF', 'INFROMAN.TTF', 'Inkfree.ttf', 'iqiyi_logov7.ttf', 'ITCBLKAD.TTF', 'ITCEDSCR.TTF', 'ITCKRIST.TTF', 'j8514fix.fon', 'j8514oem.fon', 'j8514sys.fon', 'javatext.ttf', 'JOKERMAN.TTF', 'jsmalle.fon', 'jsmallf.fon', 'JUICE___.TTF', 'jvgafix.fon', 'jvgasys.fon', 'KUNSTLER.TTF', 'LATINWD.TTF', 'LBRITE.TTF', 'LBRITED.TTF', 'LBRITEDI.TTF', 'LBRITEI.TTF', 'LCALLIG.TTF', 'LeelaUIb.ttf', 'LeelawUI.ttf', 'LeelUIsl.ttf', 'LFAX.TTF', 'LFAXD.TTF', 'LFAXDI.TTF', 'LFAXI.TTF', 'LHANDW.TTF', 'LSANS.TTF', 'LSANSD.TTF', 'LSANSDI.TTF', 'LSANSI.TTF', 'LTYPE.TTF', 'LTYPEB.TTF', 'LTYPEBO.TTF', 'LTYPEO.TTF', 'lucon.ttf', 'l_10646.ttf', 'MAGNETOB.TTF', 'MAIAN.TTF', 'malgun.ttf', 'malgunbd.ttf', 'malgunsl.ttf', 'marlett.ttf', 'MATURASC.TTF', 'micross.ttf', 'mingliub.ttc', 'MISTRAL.TTF', 'mmrtext.ttf', 'mmrtextb.ttf', 'MOD20.TTF', 'modern.fon', 'monbaiti.ttf', 'msgothic.ttc', 'msjh.ttc', 'msjhbd.ttc', 'msjhl.ttc', 'msyh.ttc', 'msyhbd.ttc', 'msyhl.ttc', 'msyi.ttf', 'MTCORSVA.TTF', 'MTEXTRA.TTF', 'mvboli.ttf', 'NIAGENG.TTF', 'NIAGSOL.TTF', 'Nirmala.ttf', 'NirmalaB.ttf', 'NirmalaS.ttf', 'ntailu.ttf', 'ntailub.ttf', 'NumberOnly.ttf', 'OCRAEXT.TTF', 'OLDENGL.TTF', 'ONYX.TTF', 'OUTLOOK.TTF', 'pala.ttf', 'palab.ttf', 'palabi.ttf', 'palai.ttf', 'PALSCRI.TTF', 'PAPYRUS.TTF', 'PARCHM.TTF', 'PERBI___.TTF', 'PERB____.TTF', 'PERI____.TTF', 'PERTIBD.TTF', 'PERTILI.TTF', 'PER_____.TTF', 'phagspa.ttf', 'phagspab.ttf', 'PLAYBILL.TTF', 'POORICH.TTF', 'PRISTINA.TTF', 'RAGE.TTF', 'RAVIE.TTF', 'REFSAN.TTF', 'REFSPCL.TTF', 'ROCCB___.TTF', 'ROCC____.TTF', 'ROCK.TTF', 'ROCKB.TTF', 'ROCKBI.TTF', 'ROCKEB.TTF', 'ROCKI.TTF', 'roman.fon', 's8514fix.fon', 's8514oem.fon', 's8514sys.fon', 'SCHLBKB.TTF', 'SCHLBKBI.TTF', 'SCHLBKI.TTF', 'script.fon', 'SCRIPTBL.TTF', 'segmdl2.ttf', 'SegoeIcons.ttf', 'segoepr.ttf', 'segoeprb.ttf', 'segoesc.ttf', 'segoescb.ttf', 'segoeui.ttf', 'segoeuib.ttf', 'segoeuii.ttf', 'segoeuil.ttf', 'segoeuisl.ttf', 'segoeuiz.ttf', 'seguibl.ttf', 'seguibli.ttf', 'seguiemj.ttf', 'seguihis.ttf', 'seguili.ttf', 'seguisb.ttf', 'seguisbi.ttf', 'seguisli.ttf', 'seguisym.ttf', 'SegUIVar.ttf', 'sere1255.fon', 'sere1256.fon', 'sere1257.fon', 'serf1255.fon', 'serf1256.fon', 'serf1257.fon', 'serife.fon', 'serifee.fon', 'serifeg.fon', 'serifer.fon', 'serifet.fon', 'seriff.fon', 'seriffe.fon', 'seriffg.fon', 'seriffr.fon', 'serifft.fon', 'SHOWG.TTF', 'simfang.ttf', 'simhei.ttf', 'simkai.ttf', 'SIMLI.TTF', 'simsun.ttc', 'simsunb.ttf', 'SIMYOU.TTF', 'SitkaVF-Italic.ttf', 'SitkaVF.ttf', 'smae1255.fon', 'smae1256.fon', 'smae1257.fon', 'smaf1255.fon', 'smaf1256.fon', 'smaf1257.fon', 'smalle.fon', 'smallee.fon', 'smalleg.fon', 'smaller.fon', 'smallet.fon', 'smallf.fon', 'smallfe.fon', 'smallfg.fon', 'smallfr.fon', 'smallft.fon', 'SNAP____.TTF', 'ssee1255.fon', 'ssee1256.fon', 'ssee1257.fon', 'ssee874.fon', 'ssef1255.fon', 'ssef1256.fon', 'ssef1257.fon', 'ssef874.fon', 'sserife.fon', 'sserifee.fon', 'sserifeg.fon', 'sserifer.fon', 'sserifet.fon', 'sseriff.fon', 'sseriffe.fon', 'sseriffg.fon', 'sseriffr.fon', 'sserifft.fon', 'StaticCache.dat', 'STCAIYUN.TTF', 'STENCIL.TTF', 'STFANGSO.TTF', 'STHUPO.TTF', 'STKAITI.TTF', 'STLITI.TTF', 'STSONG.TTF', 'STXIHEI.TTF', 'STXINGKA.TTF', 'STXINWEI.TTF', 'STZHONGS.TTF', 'svgafix.fon', 'svgasys.fon', 'sylfaen.ttf', 'symbol.ttf', 'tahoma.ttf', 'tahomabd.ttf', 'taile.ttf', 'taileb.ttf', 'TCBI____.TTF', 'TCB_____.TTF', 'TCCB____.TTF', 'TCCEB.TTF', 'TCCM____.TTF', 'TCMI____.TTF', 'TCM_____.TTF', 'TEMPSITC.TTF', 'times.ttf', 'timesbd.ttf', 'timesbi.ttf', 'timesi.ttf', 'trebuc.ttf', 'trebucbd.ttf', 'trebucbi.ttf', 'trebucit.ttf', 'verdana.ttf', 'verdanab.ttf', 'verdanai.ttf', 'verdanaz.ttf', 'vga737.fon', 'vga775.fon', 'vga850.fon', 'vga852.fon', 'vga855.fon', 'vga857.fon', 'vga860.fon', 'vga861.fon', 'vga863.fon', 'vga865.fon', 'vga866.fon', 'vga869.fon', 'vga932.fon', 'vga936.fon', 'vga949.fon', 'vga950.fon', 'vgaf1255.fon', 'vgaf1256.fon', 'vgaf1257.fon', 'vgaf874.fon', 'vgafix.fon', 'vgafixe.fon', 'vgafixg.fon', 'vgafixr.fon', 'vgafixt.fon', 'vgaoem.fon', 'vgas1255.fon', 'vgas1256.fon', 'vgas1257.fon', 'vgas874.fon', 'vgasys.fon', 'vgasyse.fon', 'vgasysg.fon', 'vgasysr.fon', 'vgasyst.fon', 'VINERITC.TTF', 'VIVALDII.TTF', 'VLADIMIR.TTF', 'webdings.ttf', 'wingding.ttf', 'WINGDNG2.TTF', 'WINGDNG3.TTF', 'YuGothB.ttc', 'YuGothL.ttc', 'YuGothM.ttc', 'YuGothR.ttc', '\u534e\u5eb7\u65b9\u5706\u4f53W7.TTC', '\u65b9\u6b63\u7c97\u9ed1\u5b8b\u7b80\u4f53.ttf']
2023-09-27 15:15:47,630 - INFO - all fonts installed:['8514fix.fon', '8514fixe.fon', '8514fixg.fon', '8514fixr.fon', '8514fixt.fon', '8514oem.fon', '8514oeme.fon', '8514oemg.fon', '8514oemr.fon', '8514oemt.fon', '8514sys.fon', '8514syse.fon', '8514sysg.fon', '8514sysr.fon', '8514syst.fon', '85775.fon', '85855.fon', '85f1255.fon', '85f1256.fon', '85f1257.fon', '85f874.fon', '85s1255.fon', '85s1256.fon', '85s1257.fon', '85s874.fon', 'AGENCYB.TTF', 'AGENCYR.TTF', 'ALGER.TTF', 'ANTQUAB.TTF', 'ANTQUABI.TTF', 'ANTQUAI.TTF', 'app775.fon', 'app850.fon', 'app852.fon', 'app855.fon', 'app857.fon', 'app866.fon', 'app932.fon', 'app936.fon', 'app949.fon', 'app950.fon', 'arial.ttf', 'arialbd.ttf', 'arialbi.ttf', 'ariali.ttf', 'ARIALN.TTF', 'ARIALNB.TTF', 'ARIALNBI.TTF', 'ARIALNI.TTF', 'ariblk.ttf', 'ARLRDBD.TTF', 'AxureHandwriting-Bold.otf', 'AxureHandwriting-BoldItalic.otf', 'AxureHandwriting-Italic.otf', 'AxureHandwriting.otf', 'bahnschrift.ttf', 'BASKVILL.TTF', 'BAUHS93.TTF', 'BELL.TTF', 'BELLB.TTF', 'BELLI.TTF', 'BERNHC.TTF', 'BKANT.TTF', 'BOD_B.TTF', 'BOD_BI.TTF', 'BOD_BLAI.TTF', 'BOD_BLAR.TTF', 'BOD_CB.TTF', 'BOD_CBI.TTF', 'BOD_CI.TTF', 'BOD_CR.TTF', 'BOD_I.TTF', 'BOD_PSTC.TTF', 'BOD_R.TTF', 'BOOKOS.TTF', 'BOOKOSB.TTF', 'BOOKOSBI.TTF', 'BOOKOSI.TTF', 'BRADHITC.TTF', 'BRITANIC.TTF', 'BRLNSB.TTF', 'BRLNSDB.TTF', 'BRLNSR.TTF', 'BROADW.TTF', 'BRUSHSCI.TTF', 'BSSYM7.TTF', 'c8514fix.fon', 'c8514oem.fon', 'c8514sys.fon', 'calibri.ttf', 'calibrib.ttf', 'calibrii.ttf', 'calibril.ttf', 'calibrili.ttf', 'calibriz.ttf', 'CALIFB.TTF', 'CALIFI.TTF', 'CALIFR.TTF', 'CALIST.TTF', 'CALISTB.TTF', 'CALISTBI.TTF', 'CALISTI.TTF', 'cambria.ttc', 'cambriab.ttf', 'cambriai.ttf', 'cambriaz.ttf', 'Candara.ttf', 'Candarab.ttf', 'Candarai.ttf', 'Candaral.ttf', 'Candarali.ttf', 'Candaraz.ttf', 'CascadiaCode.ttf', 'CascadiaMono.ttf', 'CASTELAR.TTF', 'CENSCBK.TTF', 'CENTAUR.TTF', 'CENTURY.TTF', 'cga40737.fon', 'cga40850.fon', 'cga40852.fon', 'cga40857.fon', 'cga40866.fon', 'cga40869.fon', 'cga40woa.fon', 'cga80737.fon', 'cga80850.fon', 'cga80852.fon', 'cga80857.fon', 'cga80866.fon', 'cga80869.fon', 'cga80woa.fon', 'CHILLER.TTF', 'COLONNA.TTF', 'comic.ttf', 'comicbd.ttf', 'comici.ttf', 'comicz.ttf', 'consola.ttf', 'consolab.ttf', 'consolai.ttf', 'consolaz.ttf', 'constan.ttf', 'constanb.ttf', 'constani.ttf', 'constanz.ttf', 'COOPBL.TTF', 'COPRGTB.TTF', 'COPRGTL.TTF', 'corbel.ttf', 'corbelb.ttf', 'corbeli.ttf', 'corbell.ttf', 'corbelli.ttf', 'corbelz.ttf', 'coue1255.fon', 'coue1256.fon', 'coue1257.fon', 'couf1255.fon', 'couf1256.fon', 'couf1257.fon', 'cour.ttf', 'courbd.ttf', 'courbi.ttf', 'coure.fon', 'couree.fon', 'coureg.fon', 'courer.fon', 'couret.fon', 'courf.fon', 'courfe.fon', 'courfg.fon', 'courfr.fon', 'courft.fon', 'couri.ttf', 'CURLZ___.TTF', 'cvgafix.fon', 'cvgasys.fon', 'Deng.ttf', 'Dengb.ttf', 'Dengl.ttf', 'desktop.ini', 'dos737.fon', 'dos869.fon', 'dosapp.fon', 'DUBAI-BOLD.TTF', 'DUBAI-LIGHT.TTF', 'DUBAI-MEDIUM.TTF', 'DUBAI-REGULAR.TTF', 'ebrima.ttf', 'ebrimabd.ttf', 'ega40737.fon', 'ega40850.fon', 'ega40852.fon', 'ega40857.fon', 'ega40866.fon', 'ega40869.fon', 'ega40woa.fon', 'ega80737.fon', 'ega80850.fon', 'ega80852.fon', 'ega80857.fon', 'ega80866.fon', 'ega80869.fon', 'ega80woa.fon', 'ELEPHNT.TTF', 'ELEPHNTI.TTF', 'ENGR.TTF', 'ERASBD.TTF', 'ERASDEMI.TTF', 'ERASLGHT.TTF', 'ERASMD.TTF', 'FELIXTI.TTF', 'fms_metadata.xml', 'FORTE.TTF', 'FRABK.TTF', 'FRABKIT.TTF', 'FRADM.TTF', 'FRADMCN.TTF', 'FRADMIT.TTF', 'FRAHV.TTF', 'FRAHVIT.TTF', 'framd.ttf', 'FRAMDCN.TTF', 'framdit.ttf', 'FREESCPT.TTF', 'FRSCRIPT.TTF', 'FTLTLT.TTF', 'FZSTK.TTF', 'FZYTK.TTF', 'Gabriola.ttf', 'gadugi.ttf', 'gadugib.ttf', 'GARA.TTF', 'GARABD.TTF', 'GARAIT.TTF', 'georgia.ttf', 'georgiab.ttf', 'georgiai.ttf', 'georgiaz.ttf', 'GIGI.TTF', 'GILBI___.TTF', 'GILB____.TTF', 'GILC____.TTF', 'GILI____.TTF', 'GILLUBCD.TTF', 'GILSANUB.TTF', 'GIL_____.TTF', 'GLECB.TTF', 'GlobalMonospace.CompositeFont', 'GlobalSansSerif.CompositeFont', 'GlobalSerif.CompositeFont', 'GlobalUserInterface.CompositeFont', 'GLSNECB.TTF', 'GOTHIC.TTF', 'GOTHICB.TTF', 'GOTHICBI.TTF', 'GOTHICI.TTF', 'GOUDOS.TTF', 'GOUDOSB.TTF', 'GOUDOSI.TTF', 'GOUDYSTO.TTF', 'h8514fix.fon', 'h8514oem.fon', 'h8514sys.fon', 'HARLOWSI.TTF', 'HARNGTON.TTF', 'HATTEN.TTF', 'HGB1X_CNKI.ttf', 'HGB1_CNKI.ttf', 'HGB2X_CNKI.ttf', 'HGB2_CNKI.ttf', 'HGB3X_CNKI.ttf', 'HGB3_CNKI.ttf', 'HGB4X_CNKI.ttf', 'HGB4_CNKI.ttf', 'HGB5X_CNKI.ttf', 'HGB5_CNKI.ttf', 'HGB6X_CNKI.ttf', 'HGB6_CNKI.ttf', 'HGB7X_CNKI.ttf', 'HGB7_CNKI.ttf', 'HGB8X_CNKI.ttf', 'HGB8_CNKI.ttf', 'HGBD_CNKI.ttf', 'HGBKBX_CNKI.ttf', 'HGBKB_CNKI.ttf', 'HGBKHX_CNKI.ttf', 'HGBKH_CNKI.ttf', 'HGBS1_CNKI.TTF', 'HGBS2_CNKI.TTF', 'HGBS_CNKI.TTF', 'HGBTH_CNKI.TTF', 'HGBTS_CNKI.TTF', 'HGBX_CNKI.ttf', 'HGBZ_CNKI.ttf', 'HGCH_CNKI.TTF', 'HGCUH_CNKI.TTF', 'HGCY_CNKI.TTF', 'HGDBS_CNKI.TTF', 'HGDGY_CNKI.TTF', 'HGDH2_CNKI.TTF', 'HGDH_CNKI.TTF', 'HGDYS_CNKI.TTF', 'HGDY_CNKI.ttf', 'HGF1X_CNKI.ttf', 'HGF1_CNKI.ttf', 'HGF2X_CNKI.ttf', 'HGF2_CNKI.ttf', 'HGF3_CNKI.ttf', 'HGF4X_CNKI.ttf', 'HGF4_CNKI.ttf', 'HGF5X_CNKI.ttf', 'HGF5_CNKI.ttf', 'HGF6X_CNKI.ttf', 'HGF6_CNKI.ttf', 'HGF7X_CNKI.ttf', 'HGF7_CNKI.ttf', 'HGF8_CNKI.ttf', 'HGF9X_CNKI.ttf', 'HGF9_CNKI.ttf', 'HGFS1_CNKI.TTF', 'HGFS2_CNKI.TTF', 'HGFSH_CNKI.TTF', 'HGFS_CNKI.TTF', 'HGFX_CNKI.ttf', 'HGFZ_CNKI.ttf', 'HGGG_CNKI.TTF', 'HGH1X_CNKI.ttf', 'HGH1_CNKI.ttf', 'HGH2X_CNKI.ttf', 'HGH2_CNKI.ttf', 'HGH3X_CNKI.ttf', 'HGH3_CNKI.ttf', 'HGH4X_CNKI.ttf', 'HGH4_CNKI.ttf', 'HGH5X_CNKI.ttf', 'HGH5_CNKI.ttf', 'HGH6X_CNKI.ttf', 'HGH6_CNKI.ttf', 'HGH7X_CNKI.ttf', 'HGH7_CNKI.ttf', 'HGHB_CNKI.TTF', 'HGHD_CNKI.ttf', 'HGHP_CNKI.TTF', 'HGHT1_CNKI.ttf', 'HGHT2_CNKI.ttf', 'HGHUATI_CNKI.ttf', 'HGHX_CNKI.ttf', 'HGHZ_CNKI.ttf', 'HGH_CNKI.TTF', 'HGKT1_CNKI.TTF', 'HGKT2_CNKI.TTF', 'HGKT_CNKI.TTF', 'HGKY_CNKI.ttf', 'HGLB_CNKI.TTF', 'HGLS_CNKI.TTF', 'HGMH_CNKI.TTF', 'HGNBS_CNKI.ttf', 'HGOCR_CNKI.ttf', 'HGPH_CNKI.TTF', 'HGPTY_CNKI.TTF', 'HGSS1_CNKI.TTF', 'HGSS2_CNKI.TTF', 'HGSS_CNKI.TTF', 'HGSXT_CNKI.ttf', 'HGTT_CNKI.ttf', 'HGTX_CNKI.TTF', 'HGWT_CNKI.TTF', 'HGWYS_CNKI.TTF', 'HGX1X_CNKI.ttf', 'HGX1_CNKI.ttf', 'HGXBS_CNKI.TTF', 'HGXC_CNKI.TTF', 'HGXF1_CNKI.ttf', 'HGXFX_CNKI.ttf', 'HGXFZ_CNKI.ttf', 'HGXH1_CNKI.TTF', 'HGXH_CNKI.TTF', 'HGXK_CNKI.TTF', 'HGXL_CNKI.TTF', 'HGXS_CNKI.TTF', 'HGXT_CNKI.ttf', 'HGXY_CNKI.ttf', 'HGY1_CNKI.TTF', 'HGY2_CNKI.TTF', 'HGY3_CNKI.TTF', 'HGY4_CNKI.TTF', 'HGYB_CNKI.ttf', 'HGYT1_CNKI.ttf', 'HGYT2_CNKI.ttf', 'HGYT_CNKI.TTF', 'HGYX_CNKI.TTF', 'HGZCS_CNKI.TTF', 'HGZDX_CNKI.TTF', 'HGZK_CNKI.TTF', 'HGZYT_CNKI.TTF', 'HGZY_CNKI.TTF', 'himalaya.ttf', 'holomdl2.ttf', 'HTOWERT.TTF', 'HTOWERTI.TTF', 'hvgafix.fon', 'hvgasys.fon', 'impact.ttf', 'IMPRISHA.TTF', 'INFROMAN.TTF', 'Inkfree.ttf', 'iqiyi_logov7.ttf', 'ITCBLKAD.TTF', 'ITCEDSCR.TTF', 'ITCKRIST.TTF', 'j8514fix.fon', 'j8514oem.fon', 'j8514sys.fon', 'javatext.ttf', 'JOKERMAN.TTF', 'jsmalle.fon', 'jsmallf.fon', 'JUICE___.TTF', 'jvgafix.fon', 'jvgasys.fon', 'KUNSTLER.TTF', 'LATINWD.TTF', 'LBRITE.TTF', 'LBRITED.TTF', 'LBRITEDI.TTF', 'LBRITEI.TTF', 'LCALLIG.TTF', 'LeelaUIb.ttf', 'LeelawUI.ttf', 'LeelUIsl.ttf', 'LFAX.TTF', 'LFAXD.TTF', 'LFAXDI.TTF', 'LFAXI.TTF', 'LHANDW.TTF', 'LSANS.TTF', 'LSANSD.TTF', 'LSANSDI.TTF', 'LSANSI.TTF', 'LTYPE.TTF', 'LTYPEB.TTF', 'LTYPEBO.TTF', 'LTYPEO.TTF', 'lucon.ttf', 'l_10646.ttf', 'MAGNETOB.TTF', 'MAIAN.TTF', 'malgun.ttf', 'malgunbd.ttf', 'malgunsl.ttf', 'marlett.ttf', 'MATURASC.TTF', 'micross.ttf', 'mingliub.ttc', 'MISTRAL.TTF', 'mmrtext.ttf', 'mmrtextb.ttf', 'MOD20.TTF', 'modern.fon', 'monbaiti.ttf', 'msgothic.ttc', 'msjh.ttc', 'msjhbd.ttc', 'msjhl.ttc', 'msyh.ttc', 'msyhbd.ttc', 'msyhl.ttc', 'msyi.ttf', 'MTCORSVA.TTF', 'MTEXTRA.TTF', 'mvboli.ttf', 'NIAGENG.TTF', 'NIAGSOL.TTF', 'Nirmala.ttf', 'NirmalaB.ttf', 'NirmalaS.ttf', 'ntailu.ttf', 'ntailub.ttf', 'NumberOnly.ttf', 'OCRAEXT.TTF', 'OLDENGL.TTF', 'ONYX.TTF', 'OUTLOOK.TTF', 'pala.ttf', 'palab.ttf', 'palabi.ttf', 'palai.ttf', 'PALSCRI.TTF', 'PAPYRUS.TTF', 'PARCHM.TTF', 'PERBI___.TTF', 'PERB____.TTF', 'PERI____.TTF', 'PERTIBD.TTF', 'PERTILI.TTF', 'PER_____.TTF', 'phagspa.ttf', 'phagspab.ttf', 'PLAYBILL.TTF', 'POORICH.TTF', 'PRISTINA.TTF', 'RAGE.TTF', 'RAVIE.TTF', 'REFSAN.TTF', 'REFSPCL.TTF', 'ROCCB___.TTF', 'ROCC____.TTF', 'ROCK.TTF', 'ROCKB.TTF', 'ROCKBI.TTF', 'ROCKEB.TTF', 'ROCKI.TTF', 'roman.fon', 's8514fix.fon', 's8514oem.fon', 's8514sys.fon', 'SCHLBKB.TTF', 'SCHLBKBI.TTF', 'SCHLBKI.TTF', 'script.fon', 'SCRIPTBL.TTF', 'segmdl2.ttf', 'SegoeIcons.ttf', 'segoepr.ttf', 'segoeprb.ttf', 'segoesc.ttf', 'segoescb.ttf', 'segoeui.ttf', 'segoeuib.ttf', 'segoeuii.ttf', 'segoeuil.ttf', 'segoeuisl.ttf', 'segoeuiz.ttf', 'seguibl.ttf', 'seguibli.ttf', 'seguiemj.ttf', 'seguihis.ttf', 'seguili.ttf', 'seguisb.ttf', 'seguisbi.ttf', 'seguisli.ttf', 'seguisym.ttf', 'SegUIVar.ttf', 'sere1255.fon', 'sere1256.fon', 'sere1257.fon', 'serf1255.fon', 'serf1256.fon', 'serf1257.fon', 'serife.fon', 'serifee.fon', 'serifeg.fon', 'serifer.fon', 'serifet.fon', 'seriff.fon', 'seriffe.fon', 'seriffg.fon', 'seriffr.fon', 'serifft.fon', 'SHOWG.TTF', 'simfang.ttf', 'simhei.ttf', 'simkai.ttf', 'SIMLI.TTF', 'simsun.ttc', 'simsunb.ttf', 'SIMYOU.TTF', 'SitkaVF-Italic.ttf', 'SitkaVF.ttf', 'smae1255.fon', 'smae1256.fon', 'smae1257.fon', 'smaf1255.fon', 'smaf1256.fon', 'smaf1257.fon', 'smalle.fon', 'smallee.fon', 'smalleg.fon', 'smaller.fon', 'smallet.fon', 'smallf.fon', 'smallfe.fon', 'smallfg.fon', 'smallfr.fon', 'smallft.fon', 'SNAP____.TTF', 'ssee1255.fon', 'ssee1256.fon', 'ssee1257.fon', 'ssee874.fon', 'ssef1255.fon', 'ssef1256.fon', 'ssef1257.fon', 'ssef874.fon', 'sserife.fon', 'sserifee.fon', 'sserifeg.fon', 'sserifer.fon', 'sserifet.fon', 'sseriff.fon', 'sseriffe.fon', 'sseriffg.fon', 'sseriffr.fon', 'sserifft.fon', 'StaticCache.dat', 'STCAIYUN.TTF', 'STENCIL.TTF', 'STFANGSO.TTF', 'STHUPO.TTF', 'STKAITI.TTF', 'STLITI.TTF', 'STSONG.TTF', 'STXIHEI.TTF', 'STXINGKA.TTF', 'STXINWEI.TTF', 'STZHONGS.TTF', 'svgafix.fon', 'svgasys.fon', 'sylfaen.ttf', 'symbol.ttf', 'tahoma.ttf', 'tahomabd.ttf', 'taile.ttf', 'taileb.ttf', 'TCBI____.TTF', 'TCB_____.TTF', 'TCCB____.TTF', 'TCCEB.TTF', 'TCCM____.TTF', 'TCMI____.TTF', 'TCM_____.TTF', 'TEMPSITC.TTF', 'times.ttf', 'timesbd.ttf', 'timesbi.ttf', 'timesi.ttf', 'trebuc.ttf', 'trebucbd.ttf', 'trebucbi.ttf', 'trebucit.ttf', 'verdana.ttf', 'verdanab.ttf', 'verdanai.ttf', 'verdanaz.ttf', 'vga737.fon', 'vga775.fon', 'vga850.fon', 'vga852.fon', 'vga855.fon', 'vga857.fon', 'vga860.fon', 'vga861.fon', 'vga863.fon', 'vga865.fon', 'vga866.fon', 'vga869.fon', 'vga932.fon', 'vga936.fon', 'vga949.fon', 'vga950.fon', 'vgaf1255.fon', 'vgaf1256.fon', 'vgaf1257.fon', 'vgaf874.fon', 'vgafix.fon', 'vgafixe.fon', 'vgafixg.fon', 'vgafixr.fon', 'vgafixt.fon', 'vgaoem.fon', 'vgas1255.fon', 'vgas1256.fon', 'vgas1257.fon', 'vgas874.fon', 'vgasys.fon', 'vgasyse.fon', 'vgasysg.fon', 'vgasysr.fon', 'vgasyst.fon', 'VINERITC.TTF', 'VIVALDII.TTF', 'VLADIMIR.TTF', 'webdings.ttf', 'wingding.ttf', 'WINGDNG2.TTF', 'WINGDNG3.TTF', 'YuGothB.ttc', 'YuGothL.ttc', 'YuGothM.ttc', 'YuGothR.ttc', '\u534e\u5eb7\u65b9\u5706\u4f53W7.TTC', '\u65b9\u6b63\u7c97\u9ed1\u5b8b\u7b80\u4f53.ttf']
2023-09-27 15:15:47,632 - INFO - all fonts installed:['8514fix.fon', '8514fixe.fon', '8514fixg.fon', '8514fixr.fon', '8514fixt.fon', '8514oem.fon', '8514oeme.fon', '8514oemg.fon', '8514oemr.fon', '8514oemt.fon', '8514sys.fon', '8514syse.fon', '8514sysg.fon', '8514sysr.fon', '8514syst.fon', '85775.fon', '85855.fon', '85f1255.fon', '85f1256.fon', '85f1257.fon', '85f874.fon', '85s1255.fon', '85s1256.fon', '85s1257.fon', '85s874.fon', 'AGENCYB.TTF', 'AGENCYR.TTF', 'ALGER.TTF', 'ANTQUAB.TTF', 'ANTQUABI.TTF', 'ANTQUAI.TTF', 'app775.fon', 'app850.fon', 'app852.fon', 'app855.fon', 'app857.fon', 'app866.fon', 'app932.fon', 'app936.fon', 'app949.fon', 'app950.fon', 'arial.ttf', 'arialbd.ttf', 'arialbi.ttf', 'ariali.ttf', 'ARIALN.TTF', 'ARIALNB.TTF', 'ARIALNBI.TTF', 'ARIALNI.TTF', 'ariblk.ttf', 'ARLRDBD.TTF', 'AxureHandwriting-Bold.otf', 'AxureHandwriting-BoldItalic.otf', 'AxureHandwriting-Italic.otf', 'AxureHandwriting.otf', 'bahnschrift.ttf', 'BASKVILL.TTF', 'BAUHS93.TTF', 'BELL.TTF', 'BELLB.TTF', 'BELLI.TTF', 'BERNHC.TTF', 'BKANT.TTF', 'BOD_B.TTF', 'BOD_BI.TTF', 'BOD_BLAI.TTF', 'BOD_BLAR.TTF', 'BOD_CB.TTF', 'BOD_CBI.TTF', 'BOD_CI.TTF', 'BOD_CR.TTF', 'BOD_I.TTF', 'BOD_PSTC.TTF', 'BOD_R.TTF', 'BOOKOS.TTF', 'BOOKOSB.TTF', 'BOOKOSBI.TTF', 'BOOKOSI.TTF', 'BRADHITC.TTF', 'BRITANIC.TTF', 'BRLNSB.TTF', 'BRLNSDB.TTF', 'BRLNSR.TTF', 'BROADW.TTF', 'BRUSHSCI.TTF', 'BSSYM7.TTF', 'c8514fix.fon', 'c8514oem.fon', 'c8514sys.fon', 'calibri.ttf', 'calibrib.ttf', 'calibrii.ttf', 'calibril.ttf', 'calibrili.ttf', 'calibriz.ttf', 'CALIFB.TTF', 'CALIFI.TTF', 'CALIFR.TTF', 'CALIST.TTF', 'CALISTB.TTF', 'CALISTBI.TTF', 'CALISTI.TTF', 'cambria.ttc', 'cambriab.ttf', 'cambriai.ttf', 'cambriaz.ttf', 'Candara.ttf', 'Candarab.ttf', 'Candarai.ttf', 'Candaral.ttf', 'Candarali.ttf', 'Candaraz.ttf', 'CascadiaCode.ttf', 'CascadiaMono.ttf', 'CASTELAR.TTF', 'CENSCBK.TTF', 'CENTAUR.TTF', 'CENTURY.TTF', 'cga40737.fon', 'cga40850.fon', 'cga40852.fon', 'cga40857.fon', 'cga40866.fon', 'cga40869.fon', 'cga40woa.fon', 'cga80737.fon', 'cga80850.fon', 'cga80852.fon', 'cga80857.fon', 'cga80866.fon', 'cga80869.fon', 'cga80woa.fon', 'CHILLER.TTF', 'COLONNA.TTF', 'comic.ttf', 'comicbd.ttf', 'comici.ttf', 'comicz.ttf', 'consola.ttf', 'consolab.ttf', 'consolai.ttf', 'consolaz.ttf', 'constan.ttf', 'constanb.ttf', 'constani.ttf', 'constanz.ttf', 'COOPBL.TTF', 'COPRGTB.TTF', 'COPRGTL.TTF', 'corbel.ttf', 'corbelb.ttf', 'corbeli.ttf', 'corbell.ttf', 'corbelli.ttf', 'corbelz.ttf', 'coue1255.fon', 'coue1256.fon', 'coue1257.fon', 'couf1255.fon', 'couf1256.fon', 'couf1257.fon', 'cour.ttf', 'courbd.ttf', 'courbi.ttf', 'coure.fon', 'couree.fon', 'coureg.fon', 'courer.fon', 'couret.fon', 'courf.fon', 'courfe.fon', 'courfg.fon', 'courfr.fon', 'courft.fon', 'couri.ttf', 'CURLZ___.TTF', 'cvgafix.fon', 'cvgasys.fon', 'Deng.ttf', 'Dengb.ttf', 'Dengl.ttf', 'desktop.ini', 'dos737.fon', 'dos869.fon', 'dosapp.fon', 'DUBAI-BOLD.TTF', 'DUBAI-LIGHT.TTF', 'DUBAI-MEDIUM.TTF', 'DUBAI-REGULAR.TTF', 'ebrima.ttf', 'ebrimabd.ttf', 'ega40737.fon', 'ega40850.fon', 'ega40852.fon', 'ega40857.fon', 'ega40866.fon', 'ega40869.fon', 'ega40woa.fon', 'ega80737.fon', 'ega80850.fon', 'ega80852.fon', 'ega80857.fon', 'ega80866.fon', 'ega80869.fon', 'ega80woa.fon', 'ELEPHNT.TTF', 'ELEPHNTI.TTF', 'ENGR.TTF', 'ERASBD.TTF', 'ERASDEMI.TTF', 'ERASLGHT.TTF', 'ERASMD.TTF', 'FELIXTI.TTF', 'fms_metadata.xml', 'FORTE.TTF', 'FRABK.TTF', 'FRABKIT.TTF', 'FRADM.TTF', 'FRADMCN.TTF', 'FRADMIT.TTF', 'FRAHV.TTF', 'FRAHVIT.TTF', 'framd.ttf', 'FRAMDCN.TTF', 'framdit.ttf', 'FREESCPT.TTF', 'FRSCRIPT.TTF', 'FTLTLT.TTF', 'FZSTK.TTF', 'FZYTK.TTF', 'Gabriola.ttf', 'gadugi.ttf', 'gadugib.ttf', 'GARA.TTF', 'GARABD.TTF', 'GARAIT.TTF', 'georgia.ttf', 'georgiab.ttf', 'georgiai.ttf', 'georgiaz.ttf', 'GIGI.TTF', 'GILBI___.TTF', 'GILB____.TTF', 'GILC____.TTF', 'GILI____.TTF', 'GILLUBCD.TTF', 'GILSANUB.TTF', 'GIL_____.TTF', 'GLECB.TTF', 'GlobalMonospace.CompositeFont', 'GlobalSansSerif.CompositeFont', 'GlobalSerif.CompositeFont', 'GlobalUserInterface.CompositeFont', 'GLSNECB.TTF', 'GOTHIC.TTF', 'GOTHICB.TTF', 'GOTHICBI.TTF', 'GOTHICI.TTF', 'GOUDOS.TTF', 'GOUDOSB.TTF', 'GOUDOSI.TTF', 'GOUDYSTO.TTF', 'h8514fix.fon', 'h8514oem.fon', 'h8514sys.fon', 'HARLOWSI.TTF', 'HARNGTON.TTF', 'HATTEN.TTF', 'HGB1X_CNKI.ttf', 'HGB1_CNKI.ttf', 'HGB2X_CNKI.ttf', 'HGB2_CNKI.ttf', 'HGB3X_CNKI.ttf', 'HGB3_CNKI.ttf', 'HGB4X_CNKI.ttf', 'HGB4_CNKI.ttf', 'HGB5X_CNKI.ttf', 'HGB5_CNKI.ttf', 'HGB6X_CNKI.ttf', 'HGB6_CNKI.ttf', 'HGB7X_CNKI.ttf', 'HGB7_CNKI.ttf', 'HGB8X_CNKI.ttf', 'HGB8_CNKI.ttf', 'HGBD_CNKI.ttf', 'HGBKBX_CNKI.ttf', 'HGBKB_CNKI.ttf', 'HGBKHX_CNKI.ttf', 'HGBKH_CNKI.ttf', 'HGBS1_CNKI.TTF', 'HGBS2_CNKI.TTF', 'HGBS_CNKI.TTF', 'HGBTH_CNKI.TTF', 'HGBTS_CNKI.TTF', 'HGBX_CNKI.ttf', 'HGBZ_CNKI.ttf', 'HGCH_CNKI.TTF', 'HGCUH_CNKI.TTF', 'HGCY_CNKI.TTF', 'HGDBS_CNKI.TTF', 'HGDGY_CNKI.TTF', 'HGDH2_CNKI.TTF', 'HGDH_CNKI.TTF', 'HGDYS_CNKI.TTF', 'HGDY_CNKI.ttf', 'HGF1X_CNKI.ttf', 'HGF1_CNKI.ttf', 'HGF2X_CNKI.ttf', 'HGF2_CNKI.ttf', 'HGF3_CNKI.ttf', 'HGF4X_CNKI.ttf', 'HGF4_CNKI.ttf', 'HGF5X_CNKI.ttf', 'HGF5_CNKI.ttf', 'HGF6X_CNKI.ttf', 'HGF6_CNKI.ttf', 'HGF7X_CNKI.ttf', 'HGF7_CNKI.ttf', 'HGF8_CNKI.ttf', 'HGF9X_CNKI.ttf', 'HGF9_CNKI.ttf', 'HGFS1_CNKI.TTF', 'HGFS2_CNKI.TTF', 'HGFSH_CNKI.TTF', 'HGFS_CNKI.TTF', 'HGFX_CNKI.ttf', 'HGFZ_CNKI.ttf', 'HGGG_CNKI.TTF', 'HGH1X_CNKI.ttf', 'HGH1_CNKI.ttf', 'HGH2X_CNKI.ttf', 'HGH2_CNKI.ttf', 'HGH3X_CNKI.ttf', 'HGH3_CNKI.ttf', 'HGH4X_CNKI.ttf', 'HGH4_CNKI.ttf', 'HGH5X_CNKI.ttf', 'HGH5_CNKI.ttf', 'HGH6X_CNKI.ttf', 'HGH6_CNKI.ttf', 'HGH7X_CNKI.ttf', 'HGH7_CNKI.ttf', 'HGHB_CNKI.TTF', 'HGHD_CNKI.ttf', 'HGHP_CNKI.TTF', 'HGHT1_CNKI.ttf', 'HGHT2_CNKI.ttf', 'HGHUATI_CNKI.ttf', 'HGHX_CNKI.ttf', 'HGHZ_CNKI.ttf', 'HGH_CNKI.TTF', 'HGKT1_CNKI.TTF', 'HGKT2_CNKI.TTF', 'HGKT_CNKI.TTF', 'HGKY_CNKI.ttf', 'HGLB_CNKI.TTF', 'HGLS_CNKI.TTF', 'HGMH_CNKI.TTF', 'HGNBS_CNKI.ttf', 'HGOCR_CNKI.ttf', 'HGPH_CNKI.TTF', 'HGPTY_CNKI.TTF', 'HGSS1_CNKI.TTF', 'HGSS2_CNKI.TTF', 'HGSS_CNKI.TTF', 'HGSXT_CNKI.ttf', 'HGTT_CNKI.ttf', 'HGTX_CNKI.TTF', 'HGWT_CNKI.TTF', 'HGWYS_CNKI.TTF', 'HGX1X_CNKI.ttf', 'HGX1_CNKI.ttf', 'HGXBS_CNKI.TTF', 'HGXC_CNKI.TTF', 'HGXF1_CNKI.ttf', 'HGXFX_CNKI.ttf', 'HGXFZ_CNKI.ttf', 'HGXH1_CNKI.TTF', 'HGXH_CNKI.TTF', 'HGXK_CNKI.TTF', 'HGXL_CNKI.TTF', 'HGXS_CNKI.TTF', 'HGXT_CNKI.ttf', 'HGXY_CNKI.ttf', 'HGY1_CNKI.TTF', 'HGY2_CNKI.TTF', 'HGY3_CNKI.TTF', 'HGY4_CNKI.TTF', 'HGYB_CNKI.ttf', 'HGYT1_CNKI.ttf', 'HGYT2_CNKI.ttf', 'HGYT_CNKI.TTF', 'HGYX_CNKI.TTF', 'HGZCS_CNKI.TTF', 'HGZDX_CNKI.TTF', 'HGZK_CNKI.TTF', 'HGZYT_CNKI.TTF', 'HGZY_CNKI.TTF', 'himalaya.ttf', 'holomdl2.ttf', 'HTOWERT.TTF', 'HTOWERTI.TTF', 'hvgafix.fon', 'hvgasys.fon', 'impact.ttf', 'IMPRISHA.TTF', 'INFROMAN.TTF', 'Inkfree.ttf', 'iqiyi_logov7.ttf', 'ITCBLKAD.TTF', 'ITCEDSCR.TTF', 'ITCKRIST.TTF', 'j8514fix.fon', 'j8514oem.fon', 'j8514sys.fon', 'javatext.ttf', 'JOKERMAN.TTF', 'jsmalle.fon', 'jsmallf.fon', 'JUICE___.TTF', 'jvgafix.fon', 'jvgasys.fon', 'KUNSTLER.TTF', 'LATINWD.TTF', 'LBRITE.TTF', 'LBRITED.TTF', 'LBRITEDI.TTF', 'LBRITEI.TTF', 'LCALLIG.TTF', 'LeelaUIb.ttf', 'LeelawUI.ttf', 'LeelUIsl.ttf', 'LFAX.TTF', 'LFAXD.TTF', 'LFAXDI.TTF', 'LFAXI.TTF', 'LHANDW.TTF', 'LSANS.TTF', 'LSANSD.TTF', 'LSANSDI.TTF', 'LSANSI.TTF', 'LTYPE.TTF', 'LTYPEB.TTF', 'LTYPEBO.TTF', 'LTYPEO.TTF', 'lucon.ttf', 'l_10646.ttf', 'MAGNETOB.TTF', 'MAIAN.TTF', 'malgun.ttf', 'malgunbd.ttf', 'malgunsl.ttf', 'marlett.ttf', 'MATURASC.TTF', 'micross.ttf', 'mingliub.ttc', 'MISTRAL.TTF', 'mmrtext.ttf', 'mmrtextb.ttf', 'MOD20.TTF', 'modern.fon', 'monbaiti.ttf', 'msgothic.ttc', 'msjh.ttc', 'msjhbd.ttc', 'msjhl.ttc', 'msyh.ttc', 'msyhbd.ttc', 'msyhl.ttc', 'msyi.ttf', 'MTCORSVA.TTF', 'MTEXTRA.TTF', 'mvboli.ttf', 'NIAGENG.TTF', 'NIAGSOL.TTF', 'Nirmala.ttf', 'NirmalaB.ttf', 'NirmalaS.ttf', 'ntailu.ttf', 'ntailub.ttf', 'NumberOnly.ttf', 'OCRAEXT.TTF', 'OLDENGL.TTF', 'ONYX.TTF', 'OUTLOOK.TTF', 'pala.ttf', 'palab.ttf', 'palabi.ttf', 'palai.ttf', 'PALSCRI.TTF', 'PAPYRUS.TTF', 'PARCHM.TTF', 'PERBI___.TTF', 'PERB____.TTF', 'PERI____.TTF', 'PERTIBD.TTF', 'PERTILI.TTF', 'PER_____.TTF', 'phagspa.ttf', 'phagspab.ttf', 'PLAYBILL.TTF', 'POORICH.TTF', 'PRISTINA.TTF', 'RAGE.TTF', 'RAVIE.TTF', 'REFSAN.TTF', 'REFSPCL.TTF', 'ROCCB___.TTF', 'ROCC____.TTF', 'ROCK.TTF', 'ROCKB.TTF', 'ROCKBI.TTF', 'ROCKEB.TTF', 'ROCKI.TTF', 'roman.fon', 's8514fix.fon', 's8514oem.fon', 's8514sys.fon', 'SCHLBKB.TTF', 'SCHLBKBI.TTF', 'SCHLBKI.TTF', 'script.fon', 'SCRIPTBL.TTF', 'segmdl2.ttf', 'SegoeIcons.ttf', 'segoepr.ttf', 'segoeprb.ttf', 'segoesc.ttf', 'segoescb.ttf', 'segoeui.ttf', 'segoeuib.ttf', 'segoeuii.ttf', 'segoeuil.ttf', 'segoeuisl.ttf', 'segoeuiz.ttf', 'seguibl.ttf', 'seguibli.ttf', 'seguiemj.ttf', 'seguihis.ttf', 'seguili.ttf', 'seguisb.ttf', 'seguisbi.ttf', 'seguisli.ttf', 'seguisym.ttf', 'SegUIVar.ttf', 'sere1255.fon', 'sere1256.fon', 'sere1257.fon', 'serf1255.fon', 'serf1256.fon', 'serf1257.fon', 'serife.fon', 'serifee.fon', 'serifeg.fon', 'serifer.fon', 'serifet.fon', 'seriff.fon', 'seriffe.fon', 'seriffg.fon', 'seriffr.fon', 'serifft.fon', 'SHOWG.TTF', 'simfang.ttf', 'simhei.ttf', 'simkai.ttf', 'SIMLI.TTF', 'simsun.ttc', 'simsunb.ttf', 'SIMYOU.TTF', 'SitkaVF-Italic.ttf', 'SitkaVF.ttf', 'smae1255.fon', 'smae1256.fon', 'smae1257.fon', 'smaf1255.fon', 'smaf1256.fon', 'smaf1257.fon', 'smalle.fon', 'smallee.fon', 'smalleg.fon', 'smaller.fon', 'smallet.fon', 'smallf.fon', 'smallfe.fon', 'smallfg.fon', 'smallfr.fon', 'smallft.fon', 'SNAP____.TTF', 'ssee1255.fon', 'ssee1256.fon', 'ssee1257.fon', 'ssee874.fon', 'ssef1255.fon', 'ssef1256.fon', 'ssef1257.fon', 'ssef874.fon', 'sserife.fon', 'sserifee.fon', 'sserifeg.fon', 'sserifer.fon', 'sserifet.fon', 'sseriff.fon', 'sseriffe.fon', 'sseriffg.fon', 'sseriffr.fon', 'sserifft.fon', 'StaticCache.dat', 'STCAIYUN.TTF', 'STENCIL.TTF', 'STFANGSO.TTF', 'STHUPO.TTF', 'STKAITI.TTF', 'STLITI.TTF', 'STSONG.TTF', 'STXIHEI.TTF', 'STXINGKA.TTF', 'STXINWEI.TTF', 'STZHONGS.TTF', 'svgafix.fon', 'svgasys.fon', 'sylfaen.ttf', 'symbol.ttf', 'tahoma.ttf', 'tahomabd.ttf', 'taile.ttf', 'taileb.ttf', 'TCBI____.TTF', 'TCB_____.TTF', 'TCCB____.TTF', 'TCCEB.TTF', 'TCCM____.TTF', 'TCMI____.TTF', 'TCM_____.TTF', 'TEMPSITC.TTF', 'times.ttf', 'timesbd.ttf', 'timesbi.ttf', 'timesi.ttf', 'trebuc.ttf', 'trebucbd.ttf', 'trebucbi.ttf', 'trebucit.ttf', 'verdana.ttf', 'verdanab.ttf', 'verdanai.ttf', 'verdanaz.ttf', 'vga737.fon', 'vga775.fon', 'vga850.fon', 'vga852.fon', 'vga855.fon', 'vga857.fon', 'vga860.fon', 'vga861.fon', 'vga863.fon', 'vga865.fon', 'vga866.fon', 'vga869.fon', 'vga932.fon', 'vga936.fon', 'vga949.fon', 'vga950.fon', 'vgaf1255.fon', 'vgaf1256.fon', 'vgaf1257.fon', 'vgaf874.fon', 'vgafix.fon', 'vgafixe.fon', 'vgafixg.fon', 'vgafixr.fon', 'vgafixt.fon', 'vgaoem.fon', 'vgas1255.fon', 'vgas1256.fon', 'vgas1257.fon', 'vgas874.fon', 'vgasys.fon', 'vgasyse.fon', 'vgasysg.fon', 'vgasysr.fon', 'vgasyst.fon', 'VINERITC.TTF', 'VIVALDII.TTF', 'VLADIMIR.TTF', 'webdings.ttf', 'wingding.ttf', 'WINGDNG2.TTF', 'WINGDNG3.TTF', 'YuGothB.ttc', 'YuGothL.ttc', 'YuGothM.ttc', 'YuGothR.ttc', '\u534e\u5eb7\u65b9\u5706\u4f53W7.TTC', '\u65b9\u6b63\u7c97\u9ed1\u5b8b\u7b80\u4f53.ttf']
2023-09-27 15:52:07,655 - DEBUG - Installation path is:D:\Download\audio-visual\saas\tiktoka\tiktoka-studio-uploader-genius
2023-09-27 15:52:07,655 - INFO - TiktokaStudio GUI started
2023-09-27 15:52:07,703 - DEBUG - Installation path is:D:\Download\audio-visual\saas\tiktoka\tiktoka-studio-uploader-genius
2023-09-27 15:52:07,703 - INFO - TiktokaStudio GUI started
2023-09-27 15:52:34,823 - INFO - detecting----------False
2023-09-27 15:52:34,823 - INFO - create cached data for this folder:
D:/Download/audio-visual/saas/tiktoka/tiktoka-studio-uploader-genius/tests/videos/horizon
2023-09-27 15:52:34,831 - INFO - start to check thumbFilePaths for video: OP
2023-09-27 15:52:34,833 - INFO - update to OP meta json
2023-09-27 15:52:34,834 - INFO - start to check desFilePaths for video: OP
2023-09-27 15:52:34,836 - INFO - update to OP meta json
2023-09-27 15:52:34,837 - INFO - start to check metaFilePaths for video: OP
2023-09-27 15:52:34,837 - INFO - this  metaFilePaths exist:
 D:/Download/audio-visual/saas/tiktoka/tiktoka-studio-uploader-genius/tests/videos/horizon\OP.json
2023-09-27 15:52:34,837 - INFO - intial metaFilePaths for OP:

2023-09-27 15:52:34,839 - INFO - update to OP meta json
2023-09-27 15:52:53,911 - INFO - start to load thumbnail gen setting json from::D:/Download/audio-visual/saas/tiktoka/tiktoka-studio-uploader-genius/tests/videos/horizon/template (9).json
2023-09-27 15:52:53,912 - INFO - start to validate template
2023-09-27 15:52:53,916 - INFO - validate thumbnail gen template passed
2023-09-27 15:52:53,916 - INFO - start to validate metadata for thumbgen setting
2023-09-27 15:52:53,927 - INFO - start to check ['heading', 'subheading', 'extraheading'] defined in template
2023-09-27 15:52:53,928 - INFO - heading value is \u6211\u7684\u7956\u56fd\u6211\u7231\u4f60 in entry OP.
2023-09-27 15:52:53,928 - INFO - subheading value is \u56fd\u5e86\u4f73\u8282\u5feb\u4e50 in entry OP.
2023-09-27 15:52:53,928 - INFO - extraheading value is 222222222222 in entry OP.
2023-09-27 15:52:53,928 - INFO - validate metadata for thumbgen setting passed
2023-09-27 15:52:53,928 - INFO - start to update user submited metafile to video assets
2023-09-27 15:52:53,928 - WARNING - You are running on win32, potentially without locks. Consider setting shared_lock=True
2023-09-27 15:52:53,929 - INFO - update user submited metafile to video assets passed
2023-09-27 15:52:53,929 - INFO - start to validate bg folder
2023-09-27 15:52:53,929 - INFO - bg folder image list :['D:/Download/audio-visual/saas/tiktoka/tiktoka-studio-uploader-genius/tests/videos/horizon/1920x1080\\bg1.jpg', 'D:/Download/audio-visual/saas/tiktoka/tiktoka-studio-uploader-genius/tests/videos/horizon/1920x1080\\bg2.jpg']
2023-09-27 15:52:53,929 - INFO - Random assign bg:D:/Download/audio-visual/saas/tiktoka/tiktoka-studio-uploader-genius/tests/videos/horizon/1920x1080\bg1.jpg to  video:OP
2023-09-27 15:52:53,929 - INFO - validate bg folder passed
2023-09-27 15:52:53,972 - INFO - all fonts installed:['8514fix.fon', '8514fixe.fon', '8514fixg.fon', '8514fixr.fon', '8514fixt.fon', '8514oem.fon', '8514oeme.fon', '8514oemg.fon', '8514oemr.fon', '8514oemt.fon', '8514sys.fon', '8514syse.fon', '8514sysg.fon', '8514sysr.fon', '8514syst.fon', '85775.fon', '85855.fon', '85f1255.fon', '85f1256.fon', '85f1257.fon', '85f874.fon', '85s1255.fon', '85s1256.fon', '85s1257.fon', '85s874.fon', 'AGENCYB.TTF', 'AGENCYR.TTF', 'ALGER.TTF', 'ANTQUAB.TTF', 'ANTQUABI.TTF', 'ANTQUAI.TTF', 'app775.fon', 'app850.fon', 'app852.fon', 'app855.fon', 'app857.fon', 'app866.fon', 'app932.fon', 'app936.fon', 'app949.fon', 'app950.fon', 'arial.ttf', 'arialbd.ttf', 'arialbi.ttf', 'ariali.ttf', 'ARIALN.TTF', 'ARIALNB.TTF', 'ARIALNBI.TTF', 'ARIALNI.TTF', 'ariblk.ttf', 'ARLRDBD.TTF', 'AxureHandwriting-Bold.otf', 'AxureHandwriting-BoldItalic.otf', 'AxureHandwriting-Italic.otf', 'AxureHandwriting.otf', 'bahnschrift.ttf', 'BASKVILL.TTF', 'BAUHS93.TTF', 'BELL.TTF', 'BELLB.TTF', 'BELLI.TTF', 'BERNHC.TTF', 'BKANT.TTF', 'BOD_B.TTF', 'BOD_BI.TTF', 'BOD_BLAI.TTF', 'BOD_BLAR.TTF', 'BOD_CB.TTF', 'BOD_CBI.TTF', 'BOD_CI.TTF', 'BOD_CR.TTF', 'BOD_I.TTF', 'BOD_PSTC.TTF', 'BOD_R.TTF', 'BOOKOS.TTF', 'BOOKOSB.TTF', 'BOOKOSBI.TTF', 'BOOKOSI.TTF', 'BRADHITC.TTF', 'BRITANIC.TTF', 'BRLNSB.TTF', 'BRLNSDB.TTF', 'BRLNSR.TTF', 'BROADW.TTF', 'BRUSHSCI.TTF', 'BSSYM7.TTF', 'c8514fix.fon', 'c8514oem.fon', 'c8514sys.fon', 'calibri.ttf', 'calibrib.ttf', 'calibrii.ttf', 'calibril.ttf', 'calibrili.ttf', 'calibriz.ttf', 'CALIFB.TTF', 'CALIFI.TTF', 'CALIFR.TTF', 'CALIST.TTF', 'CALISTB.TTF', 'CALISTBI.TTF', 'CALISTI.TTF', 'cambria.ttc', 'cambriab.ttf', 'cambriai.ttf', 'cambriaz.ttf', 'Candara.ttf', 'Candarab.ttf', 'Candarai.ttf', 'Candaral.ttf', 'Candarali.ttf', 'Candaraz.ttf', 'CascadiaCode.ttf', 'CascadiaMono.ttf', 'CASTELAR.TTF', 'CENSCBK.TTF', 'CENTAUR.TTF', 'CENTURY.TTF', 'cga40737.fon', 'cga40850.fon', 'cga40852.fon', 'cga40857.fon', 'cga40866.fon', 'cga40869.fon', 'cga40woa.fon', 'cga80737.fon', 'cga80850.fon', 'cga80852.fon', 'cga80857.fon', 'cga80866.fon', 'cga80869.fon', 'cga80woa.fon', 'CHILLER.TTF', 'COLONNA.TTF', 'comic.ttf', 'comicbd.ttf', 'comici.ttf', 'comicz.ttf', 'consola.ttf', 'consolab.ttf', 'consolai.ttf', 'consolaz.ttf', 'constan.ttf', 'constanb.ttf', 'constani.ttf', 'constanz.ttf', 'COOPBL.TTF', 'COPRGTB.TTF', 'COPRGTL.TTF', 'corbel.ttf', 'corbelb.ttf', 'corbeli.ttf', 'corbell.ttf', 'corbelli.ttf', 'corbelz.ttf', 'coue1255.fon', 'coue1256.fon', 'coue1257.fon', 'couf1255.fon', 'couf1256.fon', 'couf1257.fon', 'cour.ttf', 'courbd.ttf', 'courbi.ttf', 'coure.fon', 'couree.fon', 'coureg.fon', 'courer.fon', 'couret.fon', 'courf.fon', 'courfe.fon', 'courfg.fon', 'courfr.fon', 'courft.fon', 'couri.ttf', 'CURLZ___.TTF', 'cvgafix.fon', 'cvgasys.fon', 'Deng.ttf', 'Dengb.ttf', 'Dengl.ttf', 'desktop.ini', 'dos737.fon', 'dos869.fon', 'dosapp.fon', 'DUBAI-BOLD.TTF', 'DUBAI-LIGHT.TTF', 'DUBAI-MEDIUM.TTF', 'DUBAI-REGULAR.TTF', 'ebrima.ttf', 'ebrimabd.ttf', 'ega40737.fon', 'ega40850.fon', 'ega40852.fon', 'ega40857.fon', 'ega40866.fon', 'ega40869.fon', 'ega40woa.fon', 'ega80737.fon', 'ega80850.fon', 'ega80852.fon', 'ega80857.fon', 'ega80866.fon', 'ega80869.fon', 'ega80woa.fon', 'ELEPHNT.TTF', 'ELEPHNTI.TTF', 'ENGR.TTF', 'ERASBD.TTF', 'ERASDEMI.TTF', 'ERASLGHT.TTF', 'ERASMD.TTF', 'FELIXTI.TTF', 'fms_metadata.xml', 'FORTE.TTF', 'FRABK.TTF', 'FRABKIT.TTF', 'FRADM.TTF', 'FRADMCN.TTF', 'FRADMIT.TTF', 'FRAHV.TTF', 'FRAHVIT.TTF', 'framd.ttf', 'FRAMDCN.TTF', 'framdit.ttf', 'FREESCPT.TTF', 'FRSCRIPT.TTF', 'FTLTLT.TTF', 'FZSTK.TTF', 'FZYTK.TTF', 'Gabriola.ttf', 'gadugi.ttf', 'gadugib.ttf', 'GARA.TTF', 'GARABD.TTF', 'GARAIT.TTF', 'georgia.ttf', 'georgiab.ttf', 'georgiai.ttf', 'georgiaz.ttf', 'GIGI.TTF', 'GILBI___.TTF', 'GILB____.TTF', 'GILC____.TTF', 'GILI____.TTF', 'GILLUBCD.TTF', 'GILSANUB.TTF', 'GIL_____.TTF', 'GLECB.TTF', 'GlobalMonospace.CompositeFont', 'GlobalSansSerif.CompositeFont', 'GlobalSerif.CompositeFont', 'GlobalUserInterface.CompositeFont', 'GLSNECB.TTF', 'GOTHIC.TTF', 'GOTHICB.TTF', 'GOTHICBI.TTF', 'GOTHICI.TTF', 'GOUDOS.TTF', 'GOUDOSB.TTF', 'GOUDOSI.TTF', 'GOUDYSTO.TTF', 'h8514fix.fon', 'h8514oem.fon', 'h8514sys.fon', 'HARLOWSI.TTF', 'HARNGTON.TTF', 'HATTEN.TTF', 'HGB1X_CNKI.ttf', 'HGB1_CNKI.ttf', 'HGB2X_CNKI.ttf', 'HGB2_CNKI.ttf', 'HGB3X_CNKI.ttf', 'HGB3_CNKI.ttf', 'HGB4X_CNKI.ttf', 'HGB4_CNKI.ttf', 'HGB5X_CNKI.ttf', 'HGB5_CNKI.ttf', 'HGB6X_CNKI.ttf', 'HGB6_CNKI.ttf', 'HGB7X_CNKI.ttf', 'HGB7_CNKI.ttf', 'HGB8X_CNKI.ttf', 'HGB8_CNKI.ttf', 'HGBD_CNKI.ttf', 'HGBKBX_CNKI.ttf', 'HGBKB_CNKI.ttf', 'HGBKHX_CNKI.ttf', 'HGBKH_CNKI.ttf', 'HGBS1_CNKI.TTF', 'HGBS2_CNKI.TTF', 'HGBS_CNKI.TTF', 'HGBTH_CNKI.TTF', 'HGBTS_CNKI.TTF', 'HGBX_CNKI.ttf', 'HGBZ_CNKI.ttf', 'HGCH_CNKI.TTF', 'HGCUH_CNKI.TTF', 'HGCY_CNKI.TTF', 'HGDBS_CNKI.TTF', 'HGDGY_CNKI.TTF', 'HGDH2_CNKI.TTF', 'HGDH_CNKI.TTF', 'HGDYS_CNKI.TTF', 'HGDY_CNKI.ttf', 'HGF1X_CNKI.ttf', 'HGF1_CNKI.ttf', 'HGF2X_CNKI.ttf', 'HGF2_CNKI.ttf', 'HGF3_CNKI.ttf', 'HGF4X_CNKI.ttf', 'HGF4_CNKI.ttf', 'HGF5X_CNKI.ttf', 'HGF5_CNKI.ttf', 'HGF6X_CNKI.ttf', 'HGF6_CNKI.ttf', 'HGF7X_CNKI.ttf', 'HGF7_CNKI.ttf', 'HGF8_CNKI.ttf', 'HGF9X_CNKI.ttf', 'HGF9_CNKI.ttf', 'HGFS1_CNKI.TTF', 'HGFS2_CNKI.TTF', 'HGFSH_CNKI.TTF', 'HGFS_CNKI.TTF', 'HGFX_CNKI.ttf', 'HGFZ_CNKI.ttf', 'HGGG_CNKI.TTF', 'HGH1X_CNKI.ttf', 'HGH1_CNKI.ttf', 'HGH2X_CNKI.ttf', 'HGH2_CNKI.ttf', 'HGH3X_CNKI.ttf', 'HGH3_CNKI.ttf', 'HGH4X_CNKI.ttf', 'HGH4_CNKI.ttf', 'HGH5X_CNKI.ttf', 'HGH5_CNKI.ttf', 'HGH6X_CNKI.ttf', 'HGH6_CNKI.ttf', 'HGH7X_CNKI.ttf', 'HGH7_CNKI.ttf', 'HGHB_CNKI.TTF', 'HGHD_CNKI.ttf', 'HGHP_CNKI.TTF', 'HGHT1_CNKI.ttf', 'HGHT2_CNKI.ttf', 'HGHUATI_CNKI.ttf', 'HGHX_CNKI.ttf', 'HGHZ_CNKI.ttf', 'HGH_CNKI.TTF', 'HGKT1_CNKI.TTF', 'HGKT2_CNKI.TTF', 'HGKT_CNKI.TTF', 'HGKY_CNKI.ttf', 'HGLB_CNKI.TTF', 'HGLS_CNKI.TTF', 'HGMH_CNKI.TTF', 'HGNBS_CNKI.ttf', 'HGOCR_CNKI.ttf', 'HGPH_CNKI.TTF', 'HGPTY_CNKI.TTF', 'HGSS1_CNKI.TTF', 'HGSS2_CNKI.TTF', 'HGSS_CNKI.TTF', 'HGSXT_CNKI.ttf', 'HGTT_CNKI.ttf', 'HGTX_CNKI.TTF', 'HGWT_CNKI.TTF', 'HGWYS_CNKI.TTF', 'HGX1X_CNKI.ttf', 'HGX1_CNKI.ttf', 'HGXBS_CNKI.TTF', 'HGXC_CNKI.TTF', 'HGXF1_CNKI.ttf', 'HGXFX_CNKI.ttf', 'HGXFZ_CNKI.ttf', 'HGXH1_CNKI.TTF', 'HGXH_CNKI.TTF', 'HGXK_CNKI.TTF', 'HGXL_CNKI.TTF', 'HGXS_CNKI.TTF', 'HGXT_CNKI.ttf', 'HGXY_CNKI.ttf', 'HGY1_CNKI.TTF', 'HGY2_CNKI.TTF', 'HGY3_CNKI.TTF', 'HGY4_CNKI.TTF', 'HGYB_CNKI.ttf', 'HGYT1_CNKI.ttf', 'HGYT2_CNKI.ttf', 'HGYT_CNKI.TTF', 'HGYX_CNKI.TTF', 'HGZCS_CNKI.TTF', 'HGZDX_CNKI.TTF', 'HGZK_CNKI.TTF', 'HGZYT_CNKI.TTF', 'HGZY_CNKI.TTF', 'himalaya.ttf', 'holomdl2.ttf', 'HTOWERT.TTF', 'HTOWERTI.TTF', 'hvgafix.fon', 'hvgasys.fon', 'impact.ttf', 'IMPRISHA.TTF', 'INFROMAN.TTF', 'Inkfree.ttf', 'iqiyi_logov7.ttf', 'ITCBLKAD.TTF', 'ITCEDSCR.TTF', 'ITCKRIST.TTF', 'j8514fix.fon', 'j8514oem.fon', 'j8514sys.fon', 'javatext.ttf', 'JOKERMAN.TTF', 'jsmalle.fon', 'jsmallf.fon', 'JUICE___.TTF', 'jvgafix.fon', 'jvgasys.fon', 'KUNSTLER.TTF', 'LATINWD.TTF', 'LBRITE.TTF', 'LBRITED.TTF', 'LBRITEDI.TTF', 'LBRITEI.TTF', 'LCALLIG.TTF', 'LeelaUIb.ttf', 'LeelawUI.ttf', 'LeelUIsl.ttf', 'LFAX.TTF', 'LFAXD.TTF', 'LFAXDI.TTF', 'LFAXI.TTF', 'LHANDW.TTF', 'LSANS.TTF', 'LSANSD.TTF', 'LSANSDI.TTF', 'LSANSI.TTF', 'LTYPE.TTF', 'LTYPEB.TTF', 'LTYPEBO.TTF', 'LTYPEO.TTF', 'lucon.ttf', 'l_10646.ttf', 'MAGNETOB.TTF', 'MAIAN.TTF', 'malgun.ttf', 'malgunbd.ttf', 'malgunsl.ttf', 'marlett.ttf', 'MATURASC.TTF', 'micross.ttf', 'mingliub.ttc', 'MISTRAL.TTF', 'mmrtext.ttf', 'mmrtextb.ttf', 'MOD20.TTF', 'modern.fon', 'monbaiti.ttf', 'msgothic.ttc', 'msjh.ttc', 'msjhbd.ttc', 'msjhl.ttc', 'msyh.ttc', 'msyhbd.ttc', 'msyhl.ttc', 'msyi.ttf', 'MTCORSVA.TTF', 'MTEXTRA.TTF', 'mvboli.ttf', 'NIAGENG.TTF', 'NIAGSOL.TTF', 'Nirmala.ttf', 'NirmalaB.ttf', 'NirmalaS.ttf', 'ntailu.ttf', 'ntailub.ttf', 'NumberOnly.ttf', 'OCRAEXT.TTF', 'OLDENGL.TTF', 'ONYX.TTF', 'OUTLOOK.TTF', 'pala.ttf', 'palab.ttf', 'palabi.ttf', 'palai.ttf', 'PALSCRI.TTF', 'PAPYRUS.TTF', 'PARCHM.TTF', 'PERBI___.TTF', 'PERB____.TTF', 'PERI____.TTF', 'PERTIBD.TTF', 'PERTILI.TTF', 'PER_____.TTF', 'phagspa.ttf', 'phagspab.ttf', 'PLAYBILL.TTF', 'POORICH.TTF', 'PRISTINA.TTF', 'RAGE.TTF', 'RAVIE.TTF', 'REFSAN.TTF', 'REFSPCL.TTF', 'ROCCB___.TTF', 'ROCC____.TTF', 'ROCK.TTF', 'ROCKB.TTF', 'ROCKBI.TTF', 'ROCKEB.TTF', 'ROCKI.TTF', 'roman.fon', 's8514fix.fon', 's8514oem.fon', 's8514sys.fon', 'SCHLBKB.TTF', 'SCHLBKBI.TTF', 'SCHLBKI.TTF', 'script.fon', 'SCRIPTBL.TTF', 'segmdl2.ttf', 'SegoeIcons.ttf', 'segoepr.ttf', 'segoeprb.ttf', 'segoesc.ttf', 'segoescb.ttf', 'segoeui.ttf', 'segoeuib.ttf', 'segoeuii.ttf', 'segoeuil.ttf', 'segoeuisl.ttf', 'segoeuiz.ttf', 'seguibl.ttf', 'seguibli.ttf', 'seguiemj.ttf', 'seguihis.ttf', 'seguili.ttf', 'seguisb.ttf', 'seguisbi.ttf', 'seguisli.ttf', 'seguisym.ttf', 'SegUIVar.ttf', 'sere1255.fon', 'sere1256.fon', 'sere1257.fon', 'serf1255.fon', 'serf1256.fon', 'serf1257.fon', 'serife.fon', 'serifee.fon', 'serifeg.fon', 'serifer.fon', 'serifet.fon', 'seriff.fon', 'seriffe.fon', 'seriffg.fon', 'seriffr.fon', 'serifft.fon', 'SHOWG.TTF', 'simfang.ttf', 'simhei.ttf', 'simkai.ttf', 'SIMLI.TTF', 'simsun.ttc', 'simsunb.ttf', 'SIMYOU.TTF', 'SitkaVF-Italic.ttf', 'SitkaVF.ttf', 'smae1255.fon', 'smae1256.fon', 'smae1257.fon', 'smaf1255.fon', 'smaf1256.fon', 'smaf1257.fon', 'smalle.fon', 'smallee.fon', 'smalleg.fon', 'smaller.fon', 'smallet.fon', 'smallf.fon', 'smallfe.fon', 'smallfg.fon', 'smallfr.fon', 'smallft.fon', 'SNAP____.TTF', 'ssee1255.fon', 'ssee1256.fon', 'ssee1257.fon', 'ssee874.fon', 'ssef1255.fon', 'ssef1256.fon', 'ssef1257.fon', 'ssef874.fon', 'sserife.fon', 'sserifee.fon', 'sserifeg.fon', 'sserifer.fon', 'sserifet.fon', 'sseriff.fon', 'sseriffe.fon', 'sseriffg.fon', 'sseriffr.fon', 'sserifft.fon', 'StaticCache.dat', 'STCAIYUN.TTF', 'STENCIL.TTF', 'STFANGSO.TTF', 'STHUPO.TTF', 'STKAITI.TTF', 'STLITI.TTF', 'STSONG.TTF', 'STXIHEI.TTF', 'STXINGKA.TTF', 'STXINWEI.TTF', 'STZHONGS.TTF', 'svgafix.fon', 'svgasys.fon', 'sylfaen.ttf', 'symbol.ttf', 'tahoma.ttf', 'tahomabd.ttf', 'taile.ttf', 'taileb.ttf', 'TCBI____.TTF', 'TCB_____.TTF', 'TCCB____.TTF', 'TCCEB.TTF', 'TCCM____.TTF', 'TCMI____.TTF', 'TCM_____.TTF', 'TEMPSITC.TTF', 'times.ttf', 'timesbd.ttf', 'timesbi.ttf', 'timesi.ttf', 'trebuc.ttf', 'trebucbd.ttf', 'trebucbi.ttf', 'trebucit.ttf', 'verdana.ttf', 'verdanab.ttf', 'verdanai.ttf', 'verdanaz.ttf', 'vga737.fon', 'vga775.fon', 'vga850.fon', 'vga852.fon', 'vga855.fon', 'vga857.fon', 'vga860.fon', 'vga861.fon', 'vga863.fon', 'vga865.fon', 'vga866.fon', 'vga869.fon', 'vga932.fon', 'vga936.fon', 'vga949.fon', 'vga950.fon', 'vgaf1255.fon', 'vgaf1256.fon', 'vgaf1257.fon', 'vgaf874.fon', 'vgafix.fon', 'vgafixe.fon', 'vgafixg.fon', 'vgafixr.fon', 'vgafixt.fon', 'vgaoem.fon', 'vgas1255.fon', 'vgas1256.fon', 'vgas1257.fon', 'vgas874.fon', 'vgasys.fon', 'vgasyse.fon', 'vgasysg.fon', 'vgasysr.fon', 'vgasyst.fon', 'VINERITC.TTF', 'VIVALDII.TTF', 'VLADIMIR.TTF', 'webdings.ttf', 'wingding.ttf', 'WINGDNG2.TTF', 'WINGDNG3.TTF', 'YuGothB.ttc', 'YuGothL.ttc', 'YuGothM.ttc', 'YuGothR.ttc', '\u534e\u5eb7\u65b9\u5706\u4f53W7.TTC', '\u65b9\u6b63\u7c97\u9ed1\u5b8b\u7b80\u4f53.ttf']
2023-09-27 15:52:53,980 - INFO - all fonts installed:['8514fix.fon', '8514fixe.fon', '8514fixg.fon', '8514fixr.fon', '8514fixt.fon', '8514oem.fon', '8514oeme.fon', '8514oemg.fon', '8514oemr.fon', '8514oemt.fon', '8514sys.fon', '8514syse.fon', '8514sysg.fon', '8514sysr.fon', '8514syst.fon', '85775.fon', '85855.fon', '85f1255.fon', '85f1256.fon', '85f1257.fon', '85f874.fon', '85s1255.fon', '85s1256.fon', '85s1257.fon', '85s874.fon', 'AGENCYB.TTF', 'AGENCYR.TTF', 'ALGER.TTF', 'ANTQUAB.TTF', 'ANTQUABI.TTF', 'ANTQUAI.TTF', 'app775.fon', 'app850.fon', 'app852.fon', 'app855.fon', 'app857.fon', 'app866.fon', 'app932.fon', 'app936.fon', 'app949.fon', 'app950.fon', 'arial.ttf', 'arialbd.ttf', 'arialbi.ttf', 'ariali.ttf', 'ARIALN.TTF', 'ARIALNB.TTF', 'ARIALNBI.TTF', 'ARIALNI.TTF', 'ariblk.ttf', 'ARLRDBD.TTF', 'AxureHandwriting-Bold.otf', 'AxureHandwriting-BoldItalic.otf', 'AxureHandwriting-Italic.otf', 'AxureHandwriting.otf', 'bahnschrift.ttf', 'BASKVILL.TTF', 'BAUHS93.TTF', 'BELL.TTF', 'BELLB.TTF', 'BELLI.TTF', 'BERNHC.TTF', 'BKANT.TTF', 'BOD_B.TTF', 'BOD_BI.TTF', 'BOD_BLAI.TTF', 'BOD_BLAR.TTF', 'BOD_CB.TTF', 'BOD_CBI.TTF', 'BOD_CI.TTF', 'BOD_CR.TTF', 'BOD_I.TTF', 'BOD_PSTC.TTF', 'BOD_R.TTF', 'BOOKOS.TTF', 'BOOKOSB.TTF', 'BOOKOSBI.TTF', 'BOOKOSI.TTF', 'BRADHITC.TTF', 'BRITANIC.TTF', 'BRLNSB.TTF', 'BRLNSDB.TTF', 'BRLNSR.TTF', 'BROADW.TTF', 'BRUSHSCI.TTF', 'BSSYM7.TTF', 'c8514fix.fon', 'c8514oem.fon', 'c8514sys.fon', 'calibri.ttf', 'calibrib.ttf', 'calibrii.ttf', 'calibril.ttf', 'calibrili.ttf', 'calibriz.ttf', 'CALIFB.TTF', 'CALIFI.TTF', 'CALIFR.TTF', 'CALIST.TTF', 'CALISTB.TTF', 'CALISTBI.TTF', 'CALISTI.TTF', 'cambria.ttc', 'cambriab.ttf', 'cambriai.ttf', 'cambriaz.ttf', 'Candara.ttf', 'Candarab.ttf', 'Candarai.ttf', 'Candaral.ttf', 'Candarali.ttf', 'Candaraz.ttf', 'CascadiaCode.ttf', 'CascadiaMono.ttf', 'CASTELAR.TTF', 'CENSCBK.TTF', 'CENTAUR.TTF', 'CENTURY.TTF', 'cga40737.fon', 'cga40850.fon', 'cga40852.fon', 'cga40857.fon', 'cga40866.fon', 'cga40869.fon', 'cga40woa.fon', 'cga80737.fon', 'cga80850.fon', 'cga80852.fon', 'cga80857.fon', 'cga80866.fon', 'cga80869.fon', 'cga80woa.fon', 'CHILLER.TTF', 'COLONNA.TTF', 'comic.ttf', 'comicbd.ttf', 'comici.ttf', 'comicz.ttf', 'consola.ttf', 'consolab.ttf', 'consolai.ttf', 'consolaz.ttf', 'constan.ttf', 'constanb.ttf', 'constani.ttf', 'constanz.ttf', 'COOPBL.TTF', 'COPRGTB.TTF', 'COPRGTL.TTF', 'corbel.ttf', 'corbelb.ttf', 'corbeli.ttf', 'corbell.ttf', 'corbelli.ttf', 'corbelz.ttf', 'coue1255.fon', 'coue1256.fon', 'coue1257.fon', 'couf1255.fon', 'couf1256.fon', 'couf1257.fon', 'cour.ttf', 'courbd.ttf', 'courbi.ttf', 'coure.fon', 'couree.fon', 'coureg.fon', 'courer.fon', 'couret.fon', 'courf.fon', 'courfe.fon', 'courfg.fon', 'courfr.fon', 'courft.fon', 'couri.ttf', 'CURLZ___.TTF', 'cvgafix.fon', 'cvgasys.fon', 'Deng.ttf', 'Dengb.ttf', 'Dengl.ttf', 'desktop.ini', 'dos737.fon', 'dos869.fon', 'dosapp.fon', 'DUBAI-BOLD.TTF', 'DUBAI-LIGHT.TTF', 'DUBAI-MEDIUM.TTF', 'DUBAI-REGULAR.TTF', 'ebrima.ttf', 'ebrimabd.ttf', 'ega40737.fon', 'ega40850.fon', 'ega40852.fon', 'ega40857.fon', 'ega40866.fon', 'ega40869.fon', 'ega40woa.fon', 'ega80737.fon', 'ega80850.fon', 'ega80852.fon', 'ega80857.fon', 'ega80866.fon', 'ega80869.fon', 'ega80woa.fon', 'ELEPHNT.TTF', 'ELEPHNTI.TTF', 'ENGR.TTF', 'ERASBD.TTF', 'ERASDEMI.TTF', 'ERASLGHT.TTF', 'ERASMD.TTF', 'FELIXTI.TTF', 'fms_metadata.xml', 'FORTE.TTF', 'FRABK.TTF', 'FRABKIT.TTF', 'FRADM.TTF', 'FRADMCN.TTF', 'FRADMIT.TTF', 'FRAHV.TTF', 'FRAHVIT.TTF', 'framd.ttf', 'FRAMDCN.TTF', 'framdit.ttf', 'FREESCPT.TTF', 'FRSCRIPT.TTF', 'FTLTLT.TTF', 'FZSTK.TTF', 'FZYTK.TTF', 'Gabriola.ttf', 'gadugi.ttf', 'gadugib.ttf', 'GARA.TTF', 'GARABD.TTF', 'GARAIT.TTF', 'georgia.ttf', 'georgiab.ttf', 'georgiai.ttf', 'georgiaz.ttf', 'GIGI.TTF', 'GILBI___.TTF', 'GILB____.TTF', 'GILC____.TTF', 'GILI____.TTF', 'GILLUBCD.TTF', 'GILSANUB.TTF', 'GIL_____.TTF', 'GLECB.TTF', 'GlobalMonospace.CompositeFont', 'GlobalSansSerif.CompositeFont', 'GlobalSerif.CompositeFont', 'GlobalUserInterface.CompositeFont', 'GLSNECB.TTF', 'GOTHIC.TTF', 'GOTHICB.TTF', 'GOTHICBI.TTF', 'GOTHICI.TTF', 'GOUDOS.TTF', 'GOUDOSB.TTF', 'GOUDOSI.TTF', 'GOUDYSTO.TTF', 'h8514fix.fon', 'h8514oem.fon', 'h8514sys.fon', 'HARLOWSI.TTF', 'HARNGTON.TTF', 'HATTEN.TTF', 'HGB1X_CNKI.ttf', 'HGB1_CNKI.ttf', 'HGB2X_CNKI.ttf', 'HGB2_CNKI.ttf', 'HGB3X_CNKI.ttf', 'HGB3_CNKI.ttf', 'HGB4X_CNKI.ttf', 'HGB4_CNKI.ttf', 'HGB5X_CNKI.ttf', 'HGB5_CNKI.ttf', 'HGB6X_CNKI.ttf', 'HGB6_CNKI.ttf', 'HGB7X_CNKI.ttf', 'HGB7_CNKI.ttf', 'HGB8X_CNKI.ttf', 'HGB8_CNKI.ttf', 'HGBD_CNKI.ttf', 'HGBKBX_CNKI.ttf', 'HGBKB_CNKI.ttf', 'HGBKHX_CNKI.ttf', 'HGBKH_CNKI.ttf', 'HGBS1_CNKI.TTF', 'HGBS2_CNKI.TTF', 'HGBS_CNKI.TTF', 'HGBTH_CNKI.TTF', 'HGBTS_CNKI.TTF', 'HGBX_CNKI.ttf', 'HGBZ_CNKI.ttf', 'HGCH_CNKI.TTF', 'HGCUH_CNKI.TTF', 'HGCY_CNKI.TTF', 'HGDBS_CNKI.TTF', 'HGDGY_CNKI.TTF', 'HGDH2_CNKI.TTF', 'HGDH_CNKI.TTF', 'HGDYS_CNKI.TTF', 'HGDY_CNKI.ttf', 'HGF1X_CNKI.ttf', 'HGF1_CNKI.ttf', 'HGF2X_CNKI.ttf', 'HGF2_CNKI.ttf', 'HGF3_CNKI.ttf', 'HGF4X_CNKI.ttf', 'HGF4_CNKI.ttf', 'HGF5X_CNKI.ttf', 'HGF5_CNKI.ttf', 'HGF6X_CNKI.ttf', 'HGF6_CNKI.ttf', 'HGF7X_CNKI.ttf', 'HGF7_CNKI.ttf', 'HGF8_CNKI.ttf', 'HGF9X_CNKI.ttf', 'HGF9_CNKI.ttf', 'HGFS1_CNKI.TTF', 'HGFS2_CNKI.TTF', 'HGFSH_CNKI.TTF', 'HGFS_CNKI.TTF', 'HGFX_CNKI.ttf', 'HGFZ_CNKI.ttf', 'HGGG_CNKI.TTF', 'HGH1X_CNKI.ttf', 'HGH1_CNKI.ttf', 'HGH2X_CNKI.ttf', 'HGH2_CNKI.ttf', 'HGH3X_CNKI.ttf', 'HGH3_CNKI.ttf', 'HGH4X_CNKI.ttf', 'HGH4_CNKI.ttf', 'HGH5X_CNKI.ttf', 'HGH5_CNKI.ttf', 'HGH6X_CNKI.ttf', 'HGH6_CNKI.ttf', 'HGH7X_CNKI.ttf', 'HGH7_CNKI.ttf', 'HGHB_CNKI.TTF', 'HGHD_CNKI.ttf', 'HGHP_CNKI.TTF', 'HGHT1_CNKI.ttf', 'HGHT2_CNKI.ttf', 'HGHUATI_CNKI.ttf', 'HGHX_CNKI.ttf', 'HGHZ_CNKI.ttf', 'HGH_CNKI.TTF', 'HGKT1_CNKI.TTF', 'HGKT2_CNKI.TTF', 'HGKT_CNKI.TTF', 'HGKY_CNKI.ttf', 'HGLB_CNKI.TTF', 'HGLS_CNKI.TTF', 'HGMH_CNKI.TTF', 'HGNBS_CNKI.ttf', 'HGOCR_CNKI.ttf', 'HGPH_CNKI.TTF', 'HGPTY_CNKI.TTF', 'HGSS1_CNKI.TTF', 'HGSS2_CNKI.TTF', 'HGSS_CNKI.TTF', 'HGSXT_CNKI.ttf', 'HGTT_CNKI.ttf', 'HGTX_CNKI.TTF', 'HGWT_CNKI.TTF', 'HGWYS_CNKI.TTF', 'HGX1X_CNKI.ttf', 'HGX1_CNKI.ttf', 'HGXBS_CNKI.TTF', 'HGXC_CNKI.TTF', 'HGXF1_CNKI.ttf', 'HGXFX_CNKI.ttf', 'HGXFZ_CNKI.ttf', 'HGXH1_CNKI.TTF', 'HGXH_CNKI.TTF', 'HGXK_CNKI.TTF', 'HGXL_CNKI.TTF', 'HGXS_CNKI.TTF', 'HGXT_CNKI.ttf', 'HGXY_CNKI.ttf', 'HGY1_CNKI.TTF', 'HGY2_CNKI.TTF', 'HGY3_CNKI.TTF', 'HGY4_CNKI.TTF', 'HGYB_CNKI.ttf', 'HGYT1_CNKI.ttf', 'HGYT2_CNKI.ttf', 'HGYT_CNKI.TTF', 'HGYX_CNKI.TTF', 'HGZCS_CNKI.TTF', 'HGZDX_CNKI.TTF', 'HGZK_CNKI.TTF', 'HGZYT_CNKI.TTF', 'HGZY_CNKI.TTF', 'himalaya.ttf', 'holomdl2.ttf', 'HTOWERT.TTF', 'HTOWERTI.TTF', 'hvgafix.fon', 'hvgasys.fon', 'impact.ttf', 'IMPRISHA.TTF', 'INFROMAN.TTF', 'Inkfree.ttf', 'iqiyi_logov7.ttf', 'ITCBLKAD.TTF', 'ITCEDSCR.TTF', 'ITCKRIST.TTF', 'j8514fix.fon', 'j8514oem.fon', 'j8514sys.fon', 'javatext.ttf', 'JOKERMAN.TTF', 'jsmalle.fon', 'jsmallf.fon', 'JUICE___.TTF', 'jvgafix.fon', 'jvgasys.fon', 'KUNSTLER.TTF', 'LATINWD.TTF', 'LBRITE.TTF', 'LBRITED.TTF', 'LBRITEDI.TTF', 'LBRITEI.TTF', 'LCALLIG.TTF', 'LeelaUIb.ttf', 'LeelawUI.ttf', 'LeelUIsl.ttf', 'LFAX.TTF', 'LFAXD.TTF', 'LFAXDI.TTF', 'LFAXI.TTF', 'LHANDW.TTF', 'LSANS.TTF', 'LSANSD.TTF', 'LSANSDI.TTF', 'LSANSI.TTF', 'LTYPE.TTF', 'LTYPEB.TTF', 'LTYPEBO.TTF', 'LTYPEO.TTF', 'lucon.ttf', 'l_10646.ttf', 'MAGNETOB.TTF', 'MAIAN.TTF', 'malgun.ttf', 'malgunbd.ttf', 'malgunsl.ttf', 'marlett.ttf', 'MATURASC.TTF', 'micross.ttf', 'mingliub.ttc', 'MISTRAL.TTF', 'mmrtext.ttf', 'mmrtextb.ttf', 'MOD20.TTF', 'modern.fon', 'monbaiti.ttf', 'msgothic.ttc', 'msjh.ttc', 'msjhbd.ttc', 'msjhl.ttc', 'msyh.ttc', 'msyhbd.ttc', 'msyhl.ttc', 'msyi.ttf', 'MTCORSVA.TTF', 'MTEXTRA.TTF', 'mvboli.ttf', 'NIAGENG.TTF', 'NIAGSOL.TTF', 'Nirmala.ttf', 'NirmalaB.ttf', 'NirmalaS.ttf', 'ntailu.ttf', 'ntailub.ttf', 'NumberOnly.ttf', 'OCRAEXT.TTF', 'OLDENGL.TTF', 'ONYX.TTF', 'OUTLOOK.TTF', 'pala.ttf', 'palab.ttf', 'palabi.ttf', 'palai.ttf', 'PALSCRI.TTF', 'PAPYRUS.TTF', 'PARCHM.TTF', 'PERBI___.TTF', 'PERB____.TTF', 'PERI____.TTF', 'PERTIBD.TTF', 'PERTILI.TTF', 'PER_____.TTF', 'phagspa.ttf', 'phagspab.ttf', 'PLAYBILL.TTF', 'POORICH.TTF', 'PRISTINA.TTF', 'RAGE.TTF', 'RAVIE.TTF', 'REFSAN.TTF', 'REFSPCL.TTF', 'ROCCB___.TTF', 'ROCC____.TTF', 'ROCK.TTF', 'ROCKB.TTF', 'ROCKBI.TTF', 'ROCKEB.TTF', 'ROCKI.TTF', 'roman.fon', 's8514fix.fon', 's8514oem.fon', 's8514sys.fon', 'SCHLBKB.TTF', 'SCHLBKBI.TTF', 'SCHLBKI.TTF', 'script.fon', 'SCRIPTBL.TTF', 'segmdl2.ttf', 'SegoeIcons.ttf', 'segoepr.ttf', 'segoeprb.ttf', 'segoesc.ttf', 'segoescb.ttf', 'segoeui.ttf', 'segoeuib.ttf', 'segoeuii.ttf', 'segoeuil.ttf', 'segoeuisl.ttf', 'segoeuiz.ttf', 'seguibl.ttf', 'seguibli.ttf', 'seguiemj.ttf', 'seguihis.ttf', 'seguili.ttf', 'seguisb.ttf', 'seguisbi.ttf', 'seguisli.ttf', 'seguisym.ttf', 'SegUIVar.ttf', 'sere1255.fon', 'sere1256.fon', 'sere1257.fon', 'serf1255.fon', 'serf1256.fon', 'serf1257.fon', 'serife.fon', 'serifee.fon', 'serifeg.fon', 'serifer.fon', 'serifet.fon', 'seriff.fon', 'seriffe.fon', 'seriffg.fon', 'seriffr.fon', 'serifft.fon', 'SHOWG.TTF', 'simfang.ttf', 'simhei.ttf', 'simkai.ttf', 'SIMLI.TTF', 'simsun.ttc', 'simsunb.ttf', 'SIMYOU.TTF', 'SitkaVF-Italic.ttf', 'SitkaVF.ttf', 'smae1255.fon', 'smae1256.fon', 'smae1257.fon', 'smaf1255.fon', 'smaf1256.fon', 'smaf1257.fon', 'smalle.fon', 'smallee.fon', 'smalleg.fon', 'smaller.fon', 'smallet.fon', 'smallf.fon', 'smallfe.fon', 'smallfg.fon', 'smallfr.fon', 'smallft.fon', 'SNAP____.TTF', 'ssee1255.fon', 'ssee1256.fon', 'ssee1257.fon', 'ssee874.fon', 'ssef1255.fon', 'ssef1256.fon', 'ssef1257.fon', 'ssef874.fon', 'sserife.fon', 'sserifee.fon', 'sserifeg.fon', 'sserifer.fon', 'sserifet.fon', 'sseriff.fon', 'sseriffe.fon', 'sseriffg.fon', 'sseriffr.fon', 'sserifft.fon', 'StaticCache.dat', 'STCAIYUN.TTF', 'STENCIL.TTF', 'STFANGSO.TTF', 'STHUPO.TTF', 'STKAITI.TTF', 'STLITI.TTF', 'STSONG.TTF', 'STXIHEI.TTF', 'STXINGKA.TTF', 'STXINWEI.TTF', 'STZHONGS.TTF', 'svgafix.fon', 'svgasys.fon', 'sylfaen.ttf', 'symbol.ttf', 'tahoma.ttf', 'tahomabd.ttf', 'taile.ttf', 'taileb.ttf', 'TCBI____.TTF', 'TCB_____.TTF', 'TCCB____.TTF', 'TCCEB.TTF', 'TCCM____.TTF', 'TCMI____.TTF', 'TCM_____.TTF', 'TEMPSITC.TTF', 'times.ttf', 'timesbd.ttf', 'timesbi.ttf', 'timesi.ttf', 'trebuc.ttf', 'trebucbd.ttf', 'trebucbi.ttf', 'trebucit.ttf', 'verdana.ttf', 'verdanab.ttf', 'verdanai.ttf', 'verdanaz.ttf', 'vga737.fon', 'vga775.fon', 'vga850.fon', 'vga852.fon', 'vga855.fon', 'vga857.fon', 'vga860.fon', 'vga861.fon', 'vga863.fon', 'vga865.fon', 'vga866.fon', 'vga869.fon', 'vga932.fon', 'vga936.fon', 'vga949.fon', 'vga950.fon', 'vgaf1255.fon', 'vgaf1256.fon', 'vgaf1257.fon', 'vgaf874.fon', 'vgafix.fon', 'vgafixe.fon', 'vgafixg.fon', 'vgafixr.fon', 'vgafixt.fon', 'vgaoem.fon', 'vgas1255.fon', 'vgas1256.fon', 'vgas1257.fon', 'vgas874.fon', 'vgasys.fon', 'vgasyse.fon', 'vgasysg.fon', 'vgasysr.fon', 'vgasyst.fon', 'VINERITC.TTF', 'VIVALDII.TTF', 'VLADIMIR.TTF', 'webdings.ttf', 'wingding.ttf', 'WINGDNG2.TTF', 'WINGDNG3.TTF', 'YuGothB.ttc', 'YuGothL.ttc', 'YuGothM.ttc', 'YuGothR.ttc', '\u534e\u5eb7\u65b9\u5706\u4f53W7.TTC', '\u65b9\u6b63\u7c97\u9ed1\u5b8b\u7b80\u4f53.ttf']
2023-09-27 15:52:53,983 - INFO - all fonts installed:['8514fix.fon', '8514fixe.fon', '8514fixg.fon', '8514fixr.fon', '8514fixt.fon', '8514oem.fon', '8514oeme.fon', '8514oemg.fon', '8514oemr.fon', '8514oemt.fon', '8514sys.fon', '8514syse.fon', '8514sysg.fon', '8514sysr.fon', '8514syst.fon', '85775.fon', '85855.fon', '85f1255.fon', '85f1256.fon', '85f1257.fon', '85f874.fon', '85s1255.fon', '85s1256.fon', '85s1257.fon', '85s874.fon', 'AGENCYB.TTF', 'AGENCYR.TTF', 'ALGER.TTF', 'ANTQUAB.TTF', 'ANTQUABI.TTF', 'ANTQUAI.TTF', 'app775.fon', 'app850.fon', 'app852.fon', 'app855.fon', 'app857.fon', 'app866.fon', 'app932.fon', 'app936.fon', 'app949.fon', 'app950.fon', 'arial.ttf', 'arialbd.ttf', 'arialbi.ttf', 'ariali.ttf', 'ARIALN.TTF', 'ARIALNB.TTF', 'ARIALNBI.TTF', 'ARIALNI.TTF', 'ariblk.ttf', 'ARLRDBD.TTF', 'AxureHandwriting-Bold.otf', 'AxureHandwriting-BoldItalic.otf', 'AxureHandwriting-Italic.otf', 'AxureHandwriting.otf', 'bahnschrift.ttf', 'BASKVILL.TTF', 'BAUHS93.TTF', 'BELL.TTF', 'BELLB.TTF', 'BELLI.TTF', 'BERNHC.TTF', 'BKANT.TTF', 'BOD_B.TTF', 'BOD_BI.TTF', 'BOD_BLAI.TTF', 'BOD_BLAR.TTF', 'BOD_CB.TTF', 'BOD_CBI.TTF', 'BOD_CI.TTF', 'BOD_CR.TTF', 'BOD_I.TTF', 'BOD_PSTC.TTF', 'BOD_R.TTF', 'BOOKOS.TTF', 'BOOKOSB.TTF', 'BOOKOSBI.TTF', 'BOOKOSI.TTF', 'BRADHITC.TTF', 'BRITANIC.TTF', 'BRLNSB.TTF', 'BRLNSDB.TTF', 'BRLNSR.TTF', 'BROADW.TTF', 'BRUSHSCI.TTF', 'BSSYM7.TTF', 'c8514fix.fon', 'c8514oem.fon', 'c8514sys.fon', 'calibri.ttf', 'calibrib.ttf', 'calibrii.ttf', 'calibril.ttf', 'calibrili.ttf', 'calibriz.ttf', 'CALIFB.TTF', 'CALIFI.TTF', 'CALIFR.TTF', 'CALIST.TTF', 'CALISTB.TTF', 'CALISTBI.TTF', 'CALISTI.TTF', 'cambria.ttc', 'cambriab.ttf', 'cambriai.ttf', 'cambriaz.ttf', 'Candara.ttf', 'Candarab.ttf', 'Candarai.ttf', 'Candaral.ttf', 'Candarali.ttf', 'Candaraz.ttf', 'CascadiaCode.ttf', 'CascadiaMono.ttf', 'CASTELAR.TTF', 'CENSCBK.TTF', 'CENTAUR.TTF', 'CENTURY.TTF', 'cga40737.fon', 'cga40850.fon', 'cga40852.fon', 'cga40857.fon', 'cga40866.fon', 'cga40869.fon', 'cga40woa.fon', 'cga80737.fon', 'cga80850.fon', 'cga80852.fon', 'cga80857.fon', 'cga80866.fon', 'cga80869.fon', 'cga80woa.fon', 'CHILLER.TTF', 'COLONNA.TTF', 'comic.ttf', 'comicbd.ttf', 'comici.ttf', 'comicz.ttf', 'consola.ttf', 'consolab.ttf', 'consolai.ttf', 'consolaz.ttf', 'constan.ttf', 'constanb.ttf', 'constani.ttf', 'constanz.ttf', 'COOPBL.TTF', 'COPRGTB.TTF', 'COPRGTL.TTF', 'corbel.ttf', 'corbelb.ttf', 'corbeli.ttf', 'corbell.ttf', 'corbelli.ttf', 'corbelz.ttf', 'coue1255.fon', 'coue1256.fon', 'coue1257.fon', 'couf1255.fon', 'couf1256.fon', 'couf1257.fon', 'cour.ttf', 'courbd.ttf', 'courbi.ttf', 'coure.fon', 'couree.fon', 'coureg.fon', 'courer.fon', 'couret.fon', 'courf.fon', 'courfe.fon', 'courfg.fon', 'courfr.fon', 'courft.fon', 'couri.ttf', 'CURLZ___.TTF', 'cvgafix.fon', 'cvgasys.fon', 'Deng.ttf', 'Dengb.ttf', 'Dengl.ttf', 'desktop.ini', 'dos737.fon', 'dos869.fon', 'dosapp.fon', 'DUBAI-BOLD.TTF', 'DUBAI-LIGHT.TTF', 'DUBAI-MEDIUM.TTF', 'DUBAI-REGULAR.TTF', 'ebrima.ttf', 'ebrimabd.ttf', 'ega40737.fon', 'ega40850.fon', 'ega40852.fon', 'ega40857.fon', 'ega40866.fon', 'ega40869.fon', 'ega40woa.fon', 'ega80737.fon', 'ega80850.fon', 'ega80852.fon', 'ega80857.fon', 'ega80866.fon', 'ega80869.fon', 'ega80woa.fon', 'ELEPHNT.TTF', 'ELEPHNTI.TTF', 'ENGR.TTF', 'ERASBD.TTF', 'ERASDEMI.TTF', 'ERASLGHT.TTF', 'ERASMD.TTF', 'FELIXTI.TTF', 'fms_metadata.xml', 'FORTE.TTF', 'FRABK.TTF', 'FRABKIT.TTF', 'FRADM.TTF', 'FRADMCN.TTF', 'FRADMIT.TTF', 'FRAHV.TTF', 'FRAHVIT.TTF', 'framd.ttf', 'FRAMDCN.TTF', 'framdit.ttf', 'FREESCPT.TTF', 'FRSCRIPT.TTF', 'FTLTLT.TTF', 'FZSTK.TTF', 'FZYTK.TTF', 'Gabriola.ttf', 'gadugi.ttf', 'gadugib.ttf', 'GARA.TTF', 'GARABD.TTF', 'GARAIT.TTF', 'georgia.ttf', 'georgiab.ttf', 'georgiai.ttf', 'georgiaz.ttf', 'GIGI.TTF', 'GILBI___.TTF', 'GILB____.TTF', 'GILC____.TTF', 'GILI____.TTF', 'GILLUBCD.TTF', 'GILSANUB.TTF', 'GIL_____.TTF', 'GLECB.TTF', 'GlobalMonospace.CompositeFont', 'GlobalSansSerif.CompositeFont', 'GlobalSerif.CompositeFont', 'GlobalUserInterface.CompositeFont', 'GLSNECB.TTF', 'GOTHIC.TTF', 'GOTHICB.TTF', 'GOTHICBI.TTF', 'GOTHICI.TTF', 'GOUDOS.TTF', 'GOUDOSB.TTF', 'GOUDOSI.TTF', 'GOUDYSTO.TTF', 'h8514fix.fon', 'h8514oem.fon', 'h8514sys.fon', 'HARLOWSI.TTF', 'HARNGTON.TTF', 'HATTEN.TTF', 'HGB1X_CNKI.ttf', 'HGB1_CNKI.ttf', 'HGB2X_CNKI.ttf', 'HGB2_CNKI.ttf', 'HGB3X_CNKI.ttf', 'HGB3_CNKI.ttf', 'HGB4X_CNKI.ttf', 'HGB4_CNKI.ttf', 'HGB5X_CNKI.ttf', 'HGB5_CNKI.ttf', 'HGB6X_CNKI.ttf', 'HGB6_CNKI.ttf', 'HGB7X_CNKI.ttf', 'HGB7_CNKI.ttf', 'HGB8X_CNKI.ttf', 'HGB8_CNKI.ttf', 'HGBD_CNKI.ttf', 'HGBKBX_CNKI.ttf', 'HGBKB_CNKI.ttf', 'HGBKHX_CNKI.ttf', 'HGBKH_CNKI.ttf', 'HGBS1_CNKI.TTF', 'HGBS2_CNKI.TTF', 'HGBS_CNKI.TTF', 'HGBTH_CNKI.TTF', 'HGBTS_CNKI.TTF', 'HGBX_CNKI.ttf', 'HGBZ_CNKI.ttf', 'HGCH_CNKI.TTF', 'HGCUH_CNKI.TTF', 'HGCY_CNKI.TTF', 'HGDBS_CNKI.TTF', 'HGDGY_CNKI.TTF', 'HGDH2_CNKI.TTF', 'HGDH_CNKI.TTF', 'HGDYS_CNKI.TTF', 'HGDY_CNKI.ttf', 'HGF1X_CNKI.ttf', 'HGF1_CNKI.ttf', 'HGF2X_CNKI.ttf', 'HGF2_CNKI.ttf', 'HGF3_CNKI.ttf', 'HGF4X_CNKI.ttf', 'HGF4_CNKI.ttf', 'HGF5X_CNKI.ttf', 'HGF5_CNKI.ttf', 'HGF6X_CNKI.ttf', 'HGF6_CNKI.ttf', 'HGF7X_CNKI.ttf', 'HGF7_CNKI.ttf', 'HGF8_CNKI.ttf', 'HGF9X_CNKI.ttf', 'HGF9_CNKI.ttf', 'HGFS1_CNKI.TTF', 'HGFS2_CNKI.TTF', 'HGFSH_CNKI.TTF', 'HGFS_CNKI.TTF', 'HGFX_CNKI.ttf', 'HGFZ_CNKI.ttf', 'HGGG_CNKI.TTF', 'HGH1X_CNKI.ttf', 'HGH1_CNKI.ttf', 'HGH2X_CNKI.ttf', 'HGH2_CNKI.ttf', 'HGH3X_CNKI.ttf', 'HGH3_CNKI.ttf', 'HGH4X_CNKI.ttf', 'HGH4_CNKI.ttf', 'HGH5X_CNKI.ttf', 'HGH5_CNKI.ttf', 'HGH6X_CNKI.ttf', 'HGH6_CNKI.ttf', 'HGH7X_CNKI.ttf', 'HGH7_CNKI.ttf', 'HGHB_CNKI.TTF', 'HGHD_CNKI.ttf', 'HGHP_CNKI.TTF', 'HGHT1_CNKI.ttf', 'HGHT2_CNKI.ttf', 'HGHUATI_CNKI.ttf', 'HGHX_CNKI.ttf', 'HGHZ_CNKI.ttf', 'HGH_CNKI.TTF', 'HGKT1_CNKI.TTF', 'HGKT2_CNKI.TTF', 'HGKT_CNKI.TTF', 'HGKY_CNKI.ttf', 'HGLB_CNKI.TTF', 'HGLS_CNKI.TTF', 'HGMH_CNKI.TTF', 'HGNBS_CNKI.ttf', 'HGOCR_CNKI.ttf', 'HGPH_CNKI.TTF', 'HGPTY_CNKI.TTF', 'HGSS1_CNKI.TTF', 'HGSS2_CNKI.TTF', 'HGSS_CNKI.TTF', 'HGSXT_CNKI.ttf', 'HGTT_CNKI.ttf', 'HGTX_CNKI.TTF', 'HGWT_CNKI.TTF', 'HGWYS_CNKI.TTF', 'HGX1X_CNKI.ttf', 'HGX1_CNKI.ttf', 'HGXBS_CNKI.TTF', 'HGXC_CNKI.TTF', 'HGXF1_CNKI.ttf', 'HGXFX_CNKI.ttf', 'HGXFZ_CNKI.ttf', 'HGXH1_CNKI.TTF', 'HGXH_CNKI.TTF', 'HGXK_CNKI.TTF', 'HGXL_CNKI.TTF', 'HGXS_CNKI.TTF', 'HGXT_CNKI.ttf', 'HGXY_CNKI.ttf', 'HGY1_CNKI.TTF', 'HGY2_CNKI.TTF', 'HGY3_CNKI.TTF', 'HGY4_CNKI.TTF', 'HGYB_CNKI.ttf', 'HGYT1_CNKI.ttf', 'HGYT2_CNKI.ttf', 'HGYT_CNKI.TTF', 'HGYX_CNKI.TTF', 'HGZCS_CNKI.TTF', 'HGZDX_CNKI.TTF', 'HGZK_CNKI.TTF', 'HGZYT_CNKI.TTF', 'HGZY_CNKI.TTF', 'himalaya.ttf', 'holomdl2.ttf', 'HTOWERT.TTF', 'HTOWERTI.TTF', 'hvgafix.fon', 'hvgasys.fon', 'impact.ttf', 'IMPRISHA.TTF', 'INFROMAN.TTF', 'Inkfree.ttf', 'iqiyi_logov7.ttf', 'ITCBLKAD.TTF', 'ITCEDSCR.TTF', 'ITCKRIST.TTF', 'j8514fix.fon', 'j8514oem.fon', 'j8514sys.fon', 'javatext.ttf', 'JOKERMAN.TTF', 'jsmalle.fon', 'jsmallf.fon', 'JUICE___.TTF', 'jvgafix.fon', 'jvgasys.fon', 'KUNSTLER.TTF', 'LATINWD.TTF', 'LBRITE.TTF', 'LBRITED.TTF', 'LBRITEDI.TTF', 'LBRITEI.TTF', 'LCALLIG.TTF', 'LeelaUIb.ttf', 'LeelawUI.ttf', 'LeelUIsl.ttf', 'LFAX.TTF', 'LFAXD.TTF', 'LFAXDI.TTF', 'LFAXI.TTF', 'LHANDW.TTF', 'LSANS.TTF', 'LSANSD.TTF', 'LSANSDI.TTF', 'LSANSI.TTF', 'LTYPE.TTF', 'LTYPEB.TTF', 'LTYPEBO.TTF', 'LTYPEO.TTF', 'lucon.ttf', 'l_10646.ttf', 'MAGNETOB.TTF', 'MAIAN.TTF', 'malgun.ttf', 'malgunbd.ttf', 'malgunsl.ttf', 'marlett.ttf', 'MATURASC.TTF', 'micross.ttf', 'mingliub.ttc', 'MISTRAL.TTF', 'mmrtext.ttf', 'mmrtextb.ttf', 'MOD20.TTF', 'modern.fon', 'monbaiti.ttf', 'msgothic.ttc', 'msjh.ttc', 'msjhbd.ttc', 'msjhl.ttc', 'msyh.ttc', 'msyhbd.ttc', 'msyhl.ttc', 'msyi.ttf', 'MTCORSVA.TTF', 'MTEXTRA.TTF', 'mvboli.ttf', 'NIAGENG.TTF', 'NIAGSOL.TTF', 'Nirmala.ttf', 'NirmalaB.ttf', 'NirmalaS.ttf', 'ntailu.ttf', 'ntailub.ttf', 'NumberOnly.ttf', 'OCRAEXT.TTF', 'OLDENGL.TTF', 'ONYX.TTF', 'OUTLOOK.TTF', 'pala.ttf', 'palab.ttf', 'palabi.ttf', 'palai.ttf', 'PALSCRI.TTF', 'PAPYRUS.TTF', 'PARCHM.TTF', 'PERBI___.TTF', 'PERB____.TTF', 'PERI____.TTF', 'PERTIBD.TTF', 'PERTILI.TTF', 'PER_____.TTF', 'phagspa.ttf', 'phagspab.ttf', 'PLAYBILL.TTF', 'POORICH.TTF', 'PRISTINA.TTF', 'RAGE.TTF', 'RAVIE.TTF', 'REFSAN.TTF', 'REFSPCL.TTF', 'ROCCB___.TTF', 'ROCC____.TTF', 'ROCK.TTF', 'ROCKB.TTF', 'ROCKBI.TTF', 'ROCKEB.TTF', 'ROCKI.TTF', 'roman.fon', 's8514fix.fon', 's8514oem.fon', 's8514sys.fon', 'SCHLBKB.TTF', 'SCHLBKBI.TTF', 'SCHLBKI.TTF', 'script.fon', 'SCRIPTBL.TTF', 'segmdl2.ttf', 'SegoeIcons.ttf', 'segoepr.ttf', 'segoeprb.ttf', 'segoesc.ttf', 'segoescb.ttf', 'segoeui.ttf', 'segoeuib.ttf', 'segoeuii.ttf', 'segoeuil.ttf', 'segoeuisl.ttf', 'segoeuiz.ttf', 'seguibl.ttf', 'seguibli.ttf', 'seguiemj.ttf', 'seguihis.ttf', 'seguili.ttf', 'seguisb.ttf', 'seguisbi.ttf', 'seguisli.ttf', 'seguisym.ttf', 'SegUIVar.ttf', 'sere1255.fon', 'sere1256.fon', 'sere1257.fon', 'serf1255.fon', 'serf1256.fon', 'serf1257.fon', 'serife.fon', 'serifee.fon', 'serifeg.fon', 'serifer.fon', 'serifet.fon', 'seriff.fon', 'seriffe.fon', 'seriffg.fon', 'seriffr.fon', 'serifft.fon', 'SHOWG.TTF', 'simfang.ttf', 'simhei.ttf', 'simkai.ttf', 'SIMLI.TTF', 'simsun.ttc', 'simsunb.ttf', 'SIMYOU.TTF', 'SitkaVF-Italic.ttf', 'SitkaVF.ttf', 'smae1255.fon', 'smae1256.fon', 'smae1257.fon', 'smaf1255.fon', 'smaf1256.fon', 'smaf1257.fon', 'smalle.fon', 'smallee.fon', 'smalleg.fon', 'smaller.fon', 'smallet.fon', 'smallf.fon', 'smallfe.fon', 'smallfg.fon', 'smallfr.fon', 'smallft.fon', 'SNAP____.TTF', 'ssee1255.fon', 'ssee1256.fon', 'ssee1257.fon', 'ssee874.fon', 'ssef1255.fon', 'ssef1256.fon', 'ssef1257.fon', 'ssef874.fon', 'sserife.fon', 'sserifee.fon', 'sserifeg.fon', 'sserifer.fon', 'sserifet.fon', 'sseriff.fon', 'sseriffe.fon', 'sseriffg.fon', 'sseriffr.fon', 'sserifft.fon', 'StaticCache.dat', 'STCAIYUN.TTF', 'STENCIL.TTF', 'STFANGSO.TTF', 'STHUPO.TTF', 'STKAITI.TTF', 'STLITI.TTF', 'STSONG.TTF', 'STXIHEI.TTF', 'STXINGKA.TTF', 'STXINWEI.TTF', 'STZHONGS.TTF', 'svgafix.fon', 'svgasys.fon', 'sylfaen.ttf', 'symbol.ttf', 'tahoma.ttf', 'tahomabd.ttf', 'taile.ttf', 'taileb.ttf', 'TCBI____.TTF', 'TCB_____.TTF', 'TCCB____.TTF', 'TCCEB.TTF', 'TCCM____.TTF', 'TCMI____.TTF', 'TCM_____.TTF', 'TEMPSITC.TTF', 'times.ttf', 'timesbd.ttf', 'timesbi.ttf', 'timesi.ttf', 'trebuc.ttf', 'trebucbd.ttf', 'trebucbi.ttf', 'trebucit.ttf', 'verdana.ttf', 'verdanab.ttf', 'verdanai.ttf', 'verdanaz.ttf', 'vga737.fon', 'vga775.fon', 'vga850.fon', 'vga852.fon', 'vga855.fon', 'vga857.fon', 'vga860.fon', 'vga861.fon', 'vga863.fon', 'vga865.fon', 'vga866.fon', 'vga869.fon', 'vga932.fon', 'vga936.fon', 'vga949.fon', 'vga950.fon', 'vgaf1255.fon', 'vgaf1256.fon', 'vgaf1257.fon', 'vgaf874.fon', 'vgafix.fon', 'vgafixe.fon', 'vgafixg.fon', 'vgafixr.fon', 'vgafixt.fon', 'vgaoem.fon', 'vgas1255.fon', 'vgas1256.fon', 'vgas1257.fon', 'vgas874.fon', 'vgasys.fon', 'vgasyse.fon', 'vgasysg.fon', 'vgasysr.fon', 'vgasyst.fon', 'VINERITC.TTF', 'VIVALDII.TTF', 'VLADIMIR.TTF', 'webdings.ttf', 'wingding.ttf', 'WINGDNG2.TTF', 'WINGDNG3.TTF', 'YuGothB.ttc', 'YuGothL.ttc', 'YuGothM.ttc', 'YuGothR.ttc', '\u534e\u5eb7\u65b9\u5706\u4f53W7.TTC', '\u65b9\u6b63\u7c97\u9ed1\u5b8b\u7b80\u4f53.ttf']
2023-09-27 15:52:54,212 - INFO - all fonts installed:['8514fix.fon', '8514fixe.fon', '8514fixg.fon', '8514fixr.fon', '8514fixt.fon', '8514oem.fon', '8514oeme.fon', '8514oemg.fon', '8514oemr.fon', '8514oemt.fon', '8514sys.fon', '8514syse.fon', '8514sysg.fon', '8514sysr.fon', '8514syst.fon', '85775.fon', '85855.fon', '85f1255.fon', '85f1256.fon', '85f1257.fon', '85f874.fon', '85s1255.fon', '85s1256.fon', '85s1257.fon', '85s874.fon', 'AGENCYB.TTF', 'AGENCYR.TTF', 'ALGER.TTF', 'ANTQUAB.TTF', 'ANTQUABI.TTF', 'ANTQUAI.TTF', 'app775.fon', 'app850.fon', 'app852.fon', 'app855.fon', 'app857.fon', 'app866.fon', 'app932.fon', 'app936.fon', 'app949.fon', 'app950.fon', 'arial.ttf', 'arialbd.ttf', 'arialbi.ttf', 'ariali.ttf', 'ARIALN.TTF', 'ARIALNB.TTF', 'ARIALNBI.TTF', 'ARIALNI.TTF', 'ariblk.ttf', 'ARLRDBD.TTF', 'AxureHandwriting-Bold.otf', 'AxureHandwriting-BoldItalic.otf', 'AxureHandwriting-Italic.otf', 'AxureHandwriting.otf', 'bahnschrift.ttf', 'BASKVILL.TTF', 'BAUHS93.TTF', 'BELL.TTF', 'BELLB.TTF', 'BELLI.TTF', 'BERNHC.TTF', 'BKANT.TTF', 'BOD_B.TTF', 'BOD_BI.TTF', 'BOD_BLAI.TTF', 'BOD_BLAR.TTF', 'BOD_CB.TTF', 'BOD_CBI.TTF', 'BOD_CI.TTF', 'BOD_CR.TTF', 'BOD_I.TTF', 'BOD_PSTC.TTF', 'BOD_R.TTF', 'BOOKOS.TTF', 'BOOKOSB.TTF', 'BOOKOSBI.TTF', 'BOOKOSI.TTF', 'BRADHITC.TTF', 'BRITANIC.TTF', 'BRLNSB.TTF', 'BRLNSDB.TTF', 'BRLNSR.TTF', 'BROADW.TTF', 'BRUSHSCI.TTF', 'BSSYM7.TTF', 'c8514fix.fon', 'c8514oem.fon', 'c8514sys.fon', 'calibri.ttf', 'calibrib.ttf', 'calibrii.ttf', 'calibril.ttf', 'calibrili.ttf', 'calibriz.ttf', 'CALIFB.TTF', 'CALIFI.TTF', 'CALIFR.TTF', 'CALIST.TTF', 'CALISTB.TTF', 'CALISTBI.TTF', 'CALISTI.TTF', 'cambria.ttc', 'cambriab.ttf', 'cambriai.ttf', 'cambriaz.ttf', 'Candara.ttf', 'Candarab.ttf', 'Candarai.ttf', 'Candaral.ttf', 'Candarali.ttf', 'Candaraz.ttf', 'CascadiaCode.ttf', 'CascadiaMono.ttf', 'CASTELAR.TTF', 'CENSCBK.TTF', 'CENTAUR.TTF', 'CENTURY.TTF', 'cga40737.fon', 'cga40850.fon', 'cga40852.fon', 'cga40857.fon', 'cga40866.fon', 'cga40869.fon', 'cga40woa.fon', 'cga80737.fon', 'cga80850.fon', 'cga80852.fon', 'cga80857.fon', 'cga80866.fon', 'cga80869.fon', 'cga80woa.fon', 'CHILLER.TTF', 'COLONNA.TTF', 'comic.ttf', 'comicbd.ttf', 'comici.ttf', 'comicz.ttf', 'consola.ttf', 'consolab.ttf', 'consolai.ttf', 'consolaz.ttf', 'constan.ttf', 'constanb.ttf', 'constani.ttf', 'constanz.ttf', 'COOPBL.TTF', 'COPRGTB.TTF', 'COPRGTL.TTF', 'corbel.ttf', 'corbelb.ttf', 'corbeli.ttf', 'corbell.ttf', 'corbelli.ttf', 'corbelz.ttf', 'coue1255.fon', 'coue1256.fon', 'coue1257.fon', 'couf1255.fon', 'couf1256.fon', 'couf1257.fon', 'cour.ttf', 'courbd.ttf', 'courbi.ttf', 'coure.fon', 'couree.fon', 'coureg.fon', 'courer.fon', 'couret.fon', 'courf.fon', 'courfe.fon', 'courfg.fon', 'courfr.fon', 'courft.fon', 'couri.ttf', 'CURLZ___.TTF', 'cvgafix.fon', 'cvgasys.fon', 'Deng.ttf', 'Dengb.ttf', 'Dengl.ttf', 'desktop.ini', 'dos737.fon', 'dos869.fon', 'dosapp.fon', 'DUBAI-BOLD.TTF', 'DUBAI-LIGHT.TTF', 'DUBAI-MEDIUM.TTF', 'DUBAI-REGULAR.TTF', 'ebrima.ttf', 'ebrimabd.ttf', 'ega40737.fon', 'ega40850.fon', 'ega40852.fon', 'ega40857.fon', 'ega40866.fon', 'ega40869.fon', 'ega40woa.fon', 'ega80737.fon', 'ega80850.fon', 'ega80852.fon', 'ega80857.fon', 'ega80866.fon', 'ega80869.fon', 'ega80woa.fon', 'ELEPHNT.TTF', 'ELEPHNTI.TTF', 'ENGR.TTF', 'ERASBD.TTF', 'ERASDEMI.TTF', 'ERASLGHT.TTF', 'ERASMD.TTF', 'FELIXTI.TTF', 'fms_metadata.xml', 'FORTE.TTF', 'FRABK.TTF', 'FRABKIT.TTF', 'FRADM.TTF', 'FRADMCN.TTF', 'FRADMIT.TTF', 'FRAHV.TTF', 'FRAHVIT.TTF', 'framd.ttf', 'FRAMDCN.TTF', 'framdit.ttf', 'FREESCPT.TTF', 'FRSCRIPT.TTF', 'FTLTLT.TTF', 'FZSTK.TTF', 'FZYTK.TTF', 'Gabriola.ttf', 'gadugi.ttf', 'gadugib.ttf', 'GARA.TTF', 'GARABD.TTF', 'GARAIT.TTF', 'georgia.ttf', 'georgiab.ttf', 'georgiai.ttf', 'georgiaz.ttf', 'GIGI.TTF', 'GILBI___.TTF', 'GILB____.TTF', 'GILC____.TTF', 'GILI____.TTF', 'GILLUBCD.TTF', 'GILSANUB.TTF', 'GIL_____.TTF', 'GLECB.TTF', 'GlobalMonospace.CompositeFont', 'GlobalSansSerif.CompositeFont', 'GlobalSerif.CompositeFont', 'GlobalUserInterface.CompositeFont', 'GLSNECB.TTF', 'GOTHIC.TTF', 'GOTHICB.TTF', 'GOTHICBI.TTF', 'GOTHICI.TTF', 'GOUDOS.TTF', 'GOUDOSB.TTF', 'GOUDOSI.TTF', 'GOUDYSTO.TTF', 'h8514fix.fon', 'h8514oem.fon', 'h8514sys.fon', 'HARLOWSI.TTF', 'HARNGTON.TTF', 'HATTEN.TTF', 'HGB1X_CNKI.ttf', 'HGB1_CNKI.ttf', 'HGB2X_CNKI.ttf', 'HGB2_CNKI.ttf', 'HGB3X_CNKI.ttf', 'HGB3_CNKI.ttf', 'HGB4X_CNKI.ttf', 'HGB4_CNKI.ttf', 'HGB5X_CNKI.ttf', 'HGB5_CNKI.ttf', 'HGB6X_CNKI.ttf', 'HGB6_CNKI.ttf', 'HGB7X_CNKI.ttf', 'HGB7_CNKI.ttf', 'HGB8X_CNKI.ttf', 'HGB8_CNKI.ttf', 'HGBD_CNKI.ttf', 'HGBKBX_CNKI.ttf', 'HGBKB_CNKI.ttf', 'HGBKHX_CNKI.ttf', 'HGBKH_CNKI.ttf', 'HGBS1_CNKI.TTF', 'HGBS2_CNKI.TTF', 'HGBS_CNKI.TTF', 'HGBTH_CNKI.TTF', 'HGBTS_CNKI.TTF', 'HGBX_CNKI.ttf', 'HGBZ_CNKI.ttf', 'HGCH_CNKI.TTF', 'HGCUH_CNKI.TTF', 'HGCY_CNKI.TTF', 'HGDBS_CNKI.TTF', 'HGDGY_CNKI.TTF', 'HGDH2_CNKI.TTF', 'HGDH_CNKI.TTF', 'HGDYS_CNKI.TTF', 'HGDY_CNKI.ttf', 'HGF1X_CNKI.ttf', 'HGF1_CNKI.ttf', 'HGF2X_CNKI.ttf', 'HGF2_CNKI.ttf', 'HGF3_CNKI.ttf', 'HGF4X_CNKI.ttf', 'HGF4_CNKI.ttf', 'HGF5X_CNKI.ttf', 'HGF5_CNKI.ttf', 'HGF6X_CNKI.ttf', 'HGF6_CNKI.ttf', 'HGF7X_CNKI.ttf', 'HGF7_CNKI.ttf', 'HGF8_CNKI.ttf', 'HGF9X_CNKI.ttf', 'HGF9_CNKI.ttf', 'HGFS1_CNKI.TTF', 'HGFS2_CNKI.TTF', 'HGFSH_CNKI.TTF', 'HGFS_CNKI.TTF', 'HGFX_CNKI.ttf', 'HGFZ_CNKI.ttf', 'HGGG_CNKI.TTF', 'HGH1X_CNKI.ttf', 'HGH1_CNKI.ttf', 'HGH2X_CNKI.ttf', 'HGH2_CNKI.ttf', 'HGH3X_CNKI.ttf', 'HGH3_CNKI.ttf', 'HGH4X_CNKI.ttf', 'HGH4_CNKI.ttf', 'HGH5X_CNKI.ttf', 'HGH5_CNKI.ttf', 'HGH6X_CNKI.ttf', 'HGH6_CNKI.ttf', 'HGH7X_CNKI.ttf', 'HGH7_CNKI.ttf', 'HGHB_CNKI.TTF', 'HGHD_CNKI.ttf', 'HGHP_CNKI.TTF', 'HGHT1_CNKI.ttf', 'HGHT2_CNKI.ttf', 'HGHUATI_CNKI.ttf', 'HGHX_CNKI.ttf', 'HGHZ_CNKI.ttf', 'HGH_CNKI.TTF', 'HGKT1_CNKI.TTF', 'HGKT2_CNKI.TTF', 'HGKT_CNKI.TTF', 'HGKY_CNKI.ttf', 'HGLB_CNKI.TTF', 'HGLS_CNKI.TTF', 'HGMH_CNKI.TTF', 'HGNBS_CNKI.ttf', 'HGOCR_CNKI.ttf', 'HGPH_CNKI.TTF', 'HGPTY_CNKI.TTF', 'HGSS1_CNKI.TTF', 'HGSS2_CNKI.TTF', 'HGSS_CNKI.TTF', 'HGSXT_CNKI.ttf', 'HGTT_CNKI.ttf', 'HGTX_CNKI.TTF', 'HGWT_CNKI.TTF', 'HGWYS_CNKI.TTF', 'HGX1X_CNKI.ttf', 'HGX1_CNKI.ttf', 'HGXBS_CNKI.TTF', 'HGXC_CNKI.TTF', 'HGXF1_CNKI.ttf', 'HGXFX_CNKI.ttf', 'HGXFZ_CNKI.ttf', 'HGXH1_CNKI.TTF', 'HGXH_CNKI.TTF', 'HGXK_CNKI.TTF', 'HGXL_CNKI.TTF', 'HGXS_CNKI.TTF', 'HGXT_CNKI.ttf', 'HGXY_CNKI.ttf', 'HGY1_CNKI.TTF', 'HGY2_CNKI.TTF', 'HGY3_CNKI.TTF', 'HGY4_CNKI.TTF', 'HGYB_CNKI.ttf', 'HGYT1_CNKI.ttf', 'HGYT2_CNKI.ttf', 'HGYT_CNKI.TTF', 'HGYX_CNKI.TTF', 'HGZCS_CNKI.TTF', 'HGZDX_CNKI.TTF', 'HGZK_CNKI.TTF', 'HGZYT_CNKI.TTF', 'HGZY_CNKI.TTF', 'himalaya.ttf', 'holomdl2.ttf', 'HTOWERT.TTF', 'HTOWERTI.TTF', 'hvgafix.fon', 'hvgasys.fon', 'impact.ttf', 'IMPRISHA.TTF', 'INFROMAN.TTF', 'Inkfree.ttf', 'iqiyi_logov7.ttf', 'ITCBLKAD.TTF', 'ITCEDSCR.TTF', 'ITCKRIST.TTF', 'j8514fix.fon', 'j8514oem.fon', 'j8514sys.fon', 'javatext.ttf', 'JOKERMAN.TTF', 'jsmalle.fon', 'jsmallf.fon', 'JUICE___.TTF', 'jvgafix.fon', 'jvgasys.fon', 'KUNSTLER.TTF', 'LATINWD.TTF', 'LBRITE.TTF', 'LBRITED.TTF', 'LBRITEDI.TTF', 'LBRITEI.TTF', 'LCALLIG.TTF', 'LeelaUIb.ttf', 'LeelawUI.ttf', 'LeelUIsl.ttf', 'LFAX.TTF', 'LFAXD.TTF', 'LFAXDI.TTF', 'LFAXI.TTF', 'LHANDW.TTF', 'LSANS.TTF', 'LSANSD.TTF', 'LSANSDI.TTF', 'LSANSI.TTF', 'LTYPE.TTF', 'LTYPEB.TTF', 'LTYPEBO.TTF', 'LTYPEO.TTF', 'lucon.ttf', 'l_10646.ttf', 'MAGNETOB.TTF', 'MAIAN.TTF', 'malgun.ttf', 'malgunbd.ttf', 'malgunsl.ttf', 'marlett.ttf', 'MATURASC.TTF', 'micross.ttf', 'mingliub.ttc', 'MISTRAL.TTF', 'mmrtext.ttf', 'mmrtextb.ttf', 'MOD20.TTF', 'modern.fon', 'monbaiti.ttf', 'msgothic.ttc', 'msjh.ttc', 'msjhbd.ttc', 'msjhl.ttc', 'msyh.ttc', 'msyhbd.ttc', 'msyhl.ttc', 'msyi.ttf', 'MTCORSVA.TTF', 'MTEXTRA.TTF', 'mvboli.ttf', 'NIAGENG.TTF', 'NIAGSOL.TTF', 'Nirmala.ttf', 'NirmalaB.ttf', 'NirmalaS.ttf', 'ntailu.ttf', 'ntailub.ttf', 'NumberOnly.ttf', 'OCRAEXT.TTF', 'OLDENGL.TTF', 'ONYX.TTF', 'OUTLOOK.TTF', 'pala.ttf', 'palab.ttf', 'palabi.ttf', 'palai.ttf', 'PALSCRI.TTF', 'PAPYRUS.TTF', 'PARCHM.TTF', 'PERBI___.TTF', 'PERB____.TTF', 'PERI____.TTF', 'PERTIBD.TTF', 'PERTILI.TTF', 'PER_____.TTF', 'phagspa.ttf', 'phagspab.ttf', 'PLAYBILL.TTF', 'POORICH.TTF', 'PRISTINA.TTF', 'RAGE.TTF', 'RAVIE.TTF', 'REFSAN.TTF', 'REFSPCL.TTF', 'ROCCB___.TTF', 'ROCC____.TTF', 'ROCK.TTF', 'ROCKB.TTF', 'ROCKBI.TTF', 'ROCKEB.TTF', 'ROCKI.TTF', 'roman.fon', 's8514fix.fon', 's8514oem.fon', 's8514sys.fon', 'SCHLBKB.TTF', 'SCHLBKBI.TTF', 'SCHLBKI.TTF', 'script.fon', 'SCRIPTBL.TTF', 'segmdl2.ttf', 'SegoeIcons.ttf', 'segoepr.ttf', 'segoeprb.ttf', 'segoesc.ttf', 'segoescb.ttf', 'segoeui.ttf', 'segoeuib.ttf', 'segoeuii.ttf', 'segoeuil.ttf', 'segoeuisl.ttf', 'segoeuiz.ttf', 'seguibl.ttf', 'seguibli.ttf', 'seguiemj.ttf', 'seguihis.ttf', 'seguili.ttf', 'seguisb.ttf', 'seguisbi.ttf', 'seguisli.ttf', 'seguisym.ttf', 'SegUIVar.ttf', 'sere1255.fon', 'sere1256.fon', 'sere1257.fon', 'serf1255.fon', 'serf1256.fon', 'serf1257.fon', 'serife.fon', 'serifee.fon', 'serifeg.fon', 'serifer.fon', 'serifet.fon', 'seriff.fon', 'seriffe.fon', 'seriffg.fon', 'seriffr.fon', 'serifft.fon', 'SHOWG.TTF', 'simfang.ttf', 'simhei.ttf', 'simkai.ttf', 'SIMLI.TTF', 'simsun.ttc', 'simsunb.ttf', 'SIMYOU.TTF', 'SitkaVF-Italic.ttf', 'SitkaVF.ttf', 'smae1255.fon', 'smae1256.fon', 'smae1257.fon', 'smaf1255.fon', 'smaf1256.fon', 'smaf1257.fon', 'smalle.fon', 'smallee.fon', 'smalleg.fon', 'smaller.fon', 'smallet.fon', 'smallf.fon', 'smallfe.fon', 'smallfg.fon', 'smallfr.fon', 'smallft.fon', 'SNAP____.TTF', 'ssee1255.fon', 'ssee1256.fon', 'ssee1257.fon', 'ssee874.fon', 'ssef1255.fon', 'ssef1256.fon', 'ssef1257.fon', 'ssef874.fon', 'sserife.fon', 'sserifee.fon', 'sserifeg.fon', 'sserifer.fon', 'sserifet.fon', 'sseriff.fon', 'sseriffe.fon', 'sseriffg.fon', 'sseriffr.fon', 'sserifft.fon', 'StaticCache.dat', 'STCAIYUN.TTF', 'STENCIL.TTF', 'STFANGSO.TTF', 'STHUPO.TTF', 'STKAITI.TTF', 'STLITI.TTF', 'STSONG.TTF', 'STXIHEI.TTF', 'STXINGKA.TTF', 'STXINWEI.TTF', 'STZHONGS.TTF', 'svgafix.fon', 'svgasys.fon', 'sylfaen.ttf', 'symbol.ttf', 'tahoma.ttf', 'tahomabd.ttf', 'taile.ttf', 'taileb.ttf', 'TCBI____.TTF', 'TCB_____.TTF', 'TCCB____.TTF', 'TCCEB.TTF', 'TCCM____.TTF', 'TCMI____.TTF', 'TCM_____.TTF', 'TEMPSITC.TTF', 'times.ttf', 'timesbd.ttf', 'timesbi.ttf', 'timesi.ttf', 'trebuc.ttf', 'trebucbd.ttf', 'trebucbi.ttf', 'trebucit.ttf', 'verdana.ttf', 'verdanab.ttf', 'verdanai.ttf', 'verdanaz.ttf', 'vga737.fon', 'vga775.fon', 'vga850.fon', 'vga852.fon', 'vga855.fon', 'vga857.fon', 'vga860.fon', 'vga861.fon', 'vga863.fon', 'vga865.fon', 'vga866.fon', 'vga869.fon', 'vga932.fon', 'vga936.fon', 'vga949.fon', 'vga950.fon', 'vgaf1255.fon', 'vgaf1256.fon', 'vgaf1257.fon', 'vgaf874.fon', 'vgafix.fon', 'vgafixe.fon', 'vgafixg.fon', 'vgafixr.fon', 'vgafixt.fon', 'vgaoem.fon', 'vgas1255.fon', 'vgas1256.fon', 'vgas1257.fon', 'vgas874.fon', 'vgasys.fon', 'vgasyse.fon', 'vgasysg.fon', 'vgasysr.fon', 'vgasyst.fon', 'VINERITC.TTF', 'VIVALDII.TTF', 'VLADIMIR.TTF', 'webdings.ttf', 'wingding.ttf', 'WINGDNG2.TTF', 'WINGDNG3.TTF', 'YuGothB.ttc', 'YuGothL.ttc', 'YuGothM.ttc', 'YuGothR.ttc', '\u534e\u5eb7\u65b9\u5706\u4f53W7.TTC', '\u65b9\u6b63\u7c97\u9ed1\u5b8b\u7b80\u4f53.ttf']
2023-09-27 15:52:54,217 - INFO - all fonts installed:['8514fix.fon', '8514fixe.fon', '8514fixg.fon', '8514fixr.fon', '8514fixt.fon', '8514oem.fon', '8514oeme.fon', '8514oemg.fon', '8514oemr.fon', '8514oemt.fon', '8514sys.fon', '8514syse.fon', '8514sysg.fon', '8514sysr.fon', '8514syst.fon', '85775.fon', '85855.fon', '85f1255.fon', '85f1256.fon', '85f1257.fon', '85f874.fon', '85s1255.fon', '85s1256.fon', '85s1257.fon', '85s874.fon', 'AGENCYB.TTF', 'AGENCYR.TTF', 'ALGER.TTF', 'ANTQUAB.TTF', 'ANTQUABI.TTF', 'ANTQUAI.TTF', 'app775.fon', 'app850.fon', 'app852.fon', 'app855.fon', 'app857.fon', 'app866.fon', 'app932.fon', 'app936.fon', 'app949.fon', 'app950.fon', 'arial.ttf', 'arialbd.ttf', 'arialbi.ttf', 'ariali.ttf', 'ARIALN.TTF', 'ARIALNB.TTF', 'ARIALNBI.TTF', 'ARIALNI.TTF', 'ariblk.ttf', 'ARLRDBD.TTF', 'AxureHandwriting-Bold.otf', 'AxureHandwriting-BoldItalic.otf', 'AxureHandwriting-Italic.otf', 'AxureHandwriting.otf', 'bahnschrift.ttf', 'BASKVILL.TTF', 'BAUHS93.TTF', 'BELL.TTF', 'BELLB.TTF', 'BELLI.TTF', 'BERNHC.TTF', 'BKANT.TTF', 'BOD_B.TTF', 'BOD_BI.TTF', 'BOD_BLAI.TTF', 'BOD_BLAR.TTF', 'BOD_CB.TTF', 'BOD_CBI.TTF', 'BOD_CI.TTF', 'BOD_CR.TTF', 'BOD_I.TTF', 'BOD_PSTC.TTF', 'BOD_R.TTF', 'BOOKOS.TTF', 'BOOKOSB.TTF', 'BOOKOSBI.TTF', 'BOOKOSI.TTF', 'BRADHITC.TTF', 'BRITANIC.TTF', 'BRLNSB.TTF', 'BRLNSDB.TTF', 'BRLNSR.TTF', 'BROADW.TTF', 'BRUSHSCI.TTF', 'BSSYM7.TTF', 'c8514fix.fon', 'c8514oem.fon', 'c8514sys.fon', 'calibri.ttf', 'calibrib.ttf', 'calibrii.ttf', 'calibril.ttf', 'calibrili.ttf', 'calibriz.ttf', 'CALIFB.TTF', 'CALIFI.TTF', 'CALIFR.TTF', 'CALIST.TTF', 'CALISTB.TTF', 'CALISTBI.TTF', 'CALISTI.TTF', 'cambria.ttc', 'cambriab.ttf', 'cambriai.ttf', 'cambriaz.ttf', 'Candara.ttf', 'Candarab.ttf', 'Candarai.ttf', 'Candaral.ttf', 'Candarali.ttf', 'Candaraz.ttf', 'CascadiaCode.ttf', 'CascadiaMono.ttf', 'CASTELAR.TTF', 'CENSCBK.TTF', 'CENTAUR.TTF', 'CENTURY.TTF', 'cga40737.fon', 'cga40850.fon', 'cga40852.fon', 'cga40857.fon', 'cga40866.fon', 'cga40869.fon', 'cga40woa.fon', 'cga80737.fon', 'cga80850.fon', 'cga80852.fon', 'cga80857.fon', 'cga80866.fon', 'cga80869.fon', 'cga80woa.fon', 'CHILLER.TTF', 'COLONNA.TTF', 'comic.ttf', 'comicbd.ttf', 'comici.ttf', 'comicz.ttf', 'consola.ttf', 'consolab.ttf', 'consolai.ttf', 'consolaz.ttf', 'constan.ttf', 'constanb.ttf', 'constani.ttf', 'constanz.ttf', 'COOPBL.TTF', 'COPRGTB.TTF', 'COPRGTL.TTF', 'corbel.ttf', 'corbelb.ttf', 'corbeli.ttf', 'corbell.ttf', 'corbelli.ttf', 'corbelz.ttf', 'coue1255.fon', 'coue1256.fon', 'coue1257.fon', 'couf1255.fon', 'couf1256.fon', 'couf1257.fon', 'cour.ttf', 'courbd.ttf', 'courbi.ttf', 'coure.fon', 'couree.fon', 'coureg.fon', 'courer.fon', 'couret.fon', 'courf.fon', 'courfe.fon', 'courfg.fon', 'courfr.fon', 'courft.fon', 'couri.ttf', 'CURLZ___.TTF', 'cvgafix.fon', 'cvgasys.fon', 'Deng.ttf', 'Dengb.ttf', 'Dengl.ttf', 'desktop.ini', 'dos737.fon', 'dos869.fon', 'dosapp.fon', 'DUBAI-BOLD.TTF', 'DUBAI-LIGHT.TTF', 'DUBAI-MEDIUM.TTF', 'DUBAI-REGULAR.TTF', 'ebrima.ttf', 'ebrimabd.ttf', 'ega40737.fon', 'ega40850.fon', 'ega40852.fon', 'ega40857.fon', 'ega40866.fon', 'ega40869.fon', 'ega40woa.fon', 'ega80737.fon', 'ega80850.fon', 'ega80852.fon', 'ega80857.fon', 'ega80866.fon', 'ega80869.fon', 'ega80woa.fon', 'ELEPHNT.TTF', 'ELEPHNTI.TTF', 'ENGR.TTF', 'ERASBD.TTF', 'ERASDEMI.TTF', 'ERASLGHT.TTF', 'ERASMD.TTF', 'FELIXTI.TTF', 'fms_metadata.xml', 'FORTE.TTF', 'FRABK.TTF', 'FRABKIT.TTF', 'FRADM.TTF', 'FRADMCN.TTF', 'FRADMIT.TTF', 'FRAHV.TTF', 'FRAHVIT.TTF', 'framd.ttf', 'FRAMDCN.TTF', 'framdit.ttf', 'FREESCPT.TTF', 'FRSCRIPT.TTF', 'FTLTLT.TTF', 'FZSTK.TTF', 'FZYTK.TTF', 'Gabriola.ttf', 'gadugi.ttf', 'gadugib.ttf', 'GARA.TTF', 'GARABD.TTF', 'GARAIT.TTF', 'georgia.ttf', 'georgiab.ttf', 'georgiai.ttf', 'georgiaz.ttf', 'GIGI.TTF', 'GILBI___.TTF', 'GILB____.TTF', 'GILC____.TTF', 'GILI____.TTF', 'GILLUBCD.TTF', 'GILSANUB.TTF', 'GIL_____.TTF', 'GLECB.TTF', 'GlobalMonospace.CompositeFont', 'GlobalSansSerif.CompositeFont', 'GlobalSerif.CompositeFont', 'GlobalUserInterface.CompositeFont', 'GLSNECB.TTF', 'GOTHIC.TTF', 'GOTHICB.TTF', 'GOTHICBI.TTF', 'GOTHICI.TTF', 'GOUDOS.TTF', 'GOUDOSB.TTF', 'GOUDOSI.TTF', 'GOUDYSTO.TTF', 'h8514fix.fon', 'h8514oem.fon', 'h8514sys.fon', 'HARLOWSI.TTF', 'HARNGTON.TTF', 'HATTEN.TTF', 'HGB1X_CNKI.ttf', 'HGB1_CNKI.ttf', 'HGB2X_CNKI.ttf', 'HGB2_CNKI.ttf', 'HGB3X_CNKI.ttf', 'HGB3_CNKI.ttf', 'HGB4X_CNKI.ttf', 'HGB4_CNKI.ttf', 'HGB5X_CNKI.ttf', 'HGB5_CNKI.ttf', 'HGB6X_CNKI.ttf', 'HGB6_CNKI.ttf', 'HGB7X_CNKI.ttf', 'HGB7_CNKI.ttf', 'HGB8X_CNKI.ttf', 'HGB8_CNKI.ttf', 'HGBD_CNKI.ttf', 'HGBKBX_CNKI.ttf', 'HGBKB_CNKI.ttf', 'HGBKHX_CNKI.ttf', 'HGBKH_CNKI.ttf', 'HGBS1_CNKI.TTF', 'HGBS2_CNKI.TTF', 'HGBS_CNKI.TTF', 'HGBTH_CNKI.TTF', 'HGBTS_CNKI.TTF', 'HGBX_CNKI.ttf', 'HGBZ_CNKI.ttf', 'HGCH_CNKI.TTF', 'HGCUH_CNKI.TTF', 'HGCY_CNKI.TTF', 'HGDBS_CNKI.TTF', 'HGDGY_CNKI.TTF', 'HGDH2_CNKI.TTF', 'HGDH_CNKI.TTF', 'HGDYS_CNKI.TTF', 'HGDY_CNKI.ttf', 'HGF1X_CNKI.ttf', 'HGF1_CNKI.ttf', 'HGF2X_CNKI.ttf', 'HGF2_CNKI.ttf', 'HGF3_CNKI.ttf', 'HGF4X_CNKI.ttf', 'HGF4_CNKI.ttf', 'HGF5X_CNKI.ttf', 'HGF5_CNKI.ttf', 'HGF6X_CNKI.ttf', 'HGF6_CNKI.ttf', 'HGF7X_CNKI.ttf', 'HGF7_CNKI.ttf', 'HGF8_CNKI.ttf', 'HGF9X_CNKI.ttf', 'HGF9_CNKI.ttf', 'HGFS1_CNKI.TTF', 'HGFS2_CNKI.TTF', 'HGFSH_CNKI.TTF', 'HGFS_CNKI.TTF', 'HGFX_CNKI.ttf', 'HGFZ_CNKI.ttf', 'HGGG_CNKI.TTF', 'HGH1X_CNKI.ttf', 'HGH1_CNKI.ttf', 'HGH2X_CNKI.ttf', 'HGH2_CNKI.ttf', 'HGH3X_CNKI.ttf', 'HGH3_CNKI.ttf', 'HGH4X_CNKI.ttf', 'HGH4_CNKI.ttf', 'HGH5X_CNKI.ttf', 'HGH5_CNKI.ttf', 'HGH6X_CNKI.ttf', 'HGH6_CNKI.ttf', 'HGH7X_CNKI.ttf', 'HGH7_CNKI.ttf', 'HGHB_CNKI.TTF', 'HGHD_CNKI.ttf', 'HGHP_CNKI.TTF', 'HGHT1_CNKI.ttf', 'HGHT2_CNKI.ttf', 'HGHUATI_CNKI.ttf', 'HGHX_CNKI.ttf', 'HGHZ_CNKI.ttf', 'HGH_CNKI.TTF', 'HGKT1_CNKI.TTF', 'HGKT2_CNKI.TTF', 'HGKT_CNKI.TTF', 'HGKY_CNKI.ttf', 'HGLB_CNKI.TTF', 'HGLS_CNKI.TTF', 'HGMH_CNKI.TTF', 'HGNBS_CNKI.ttf', 'HGOCR_CNKI.ttf', 'HGPH_CNKI.TTF', 'HGPTY_CNKI.TTF', 'HGSS1_CNKI.TTF', 'HGSS2_CNKI.TTF', 'HGSS_CNKI.TTF', 'HGSXT_CNKI.ttf', 'HGTT_CNKI.ttf', 'HGTX_CNKI.TTF', 'HGWT_CNKI.TTF', 'HGWYS_CNKI.TTF', 'HGX1X_CNKI.ttf', 'HGX1_CNKI.ttf', 'HGXBS_CNKI.TTF', 'HGXC_CNKI.TTF', 'HGXF1_CNKI.ttf', 'HGXFX_CNKI.ttf', 'HGXFZ_CNKI.ttf', 'HGXH1_CNKI.TTF', 'HGXH_CNKI.TTF', 'HGXK_CNKI.TTF', 'HGXL_CNKI.TTF', 'HGXS_CNKI.TTF', 'HGXT_CNKI.ttf', 'HGXY_CNKI.ttf', 'HGY1_CNKI.TTF', 'HGY2_CNKI.TTF', 'HGY3_CNKI.TTF', 'HGY4_CNKI.TTF', 'HGYB_CNKI.ttf', 'HGYT1_CNKI.ttf', 'HGYT2_CNKI.ttf', 'HGYT_CNKI.TTF', 'HGYX_CNKI.TTF', 'HGZCS_CNKI.TTF', 'HGZDX_CNKI.TTF', 'HGZK_CNKI.TTF', 'HGZYT_CNKI.TTF', 'HGZY_CNKI.TTF', 'himalaya.ttf', 'holomdl2.ttf', 'HTOWERT.TTF', 'HTOWERTI.TTF', 'hvgafix.fon', 'hvgasys.fon', 'impact.ttf', 'IMPRISHA.TTF', 'INFROMAN.TTF', 'Inkfree.ttf', 'iqiyi_logov7.ttf', 'ITCBLKAD.TTF', 'ITCEDSCR.TTF', 'ITCKRIST.TTF', 'j8514fix.fon', 'j8514oem.fon', 'j8514sys.fon', 'javatext.ttf', 'JOKERMAN.TTF', 'jsmalle.fon', 'jsmallf.fon', 'JUICE___.TTF', 'jvgafix.fon', 'jvgasys.fon', 'KUNSTLER.TTF', 'LATINWD.TTF', 'LBRITE.TTF', 'LBRITED.TTF', 'LBRITEDI.TTF', 'LBRITEI.TTF', 'LCALLIG.TTF', 'LeelaUIb.ttf', 'LeelawUI.ttf', 'LeelUIsl.ttf', 'LFAX.TTF', 'LFAXD.TTF', 'LFAXDI.TTF', 'LFAXI.TTF', 'LHANDW.TTF', 'LSANS.TTF', 'LSANSD.TTF', 'LSANSDI.TTF', 'LSANSI.TTF', 'LTYPE.TTF', 'LTYPEB.TTF', 'LTYPEBO.TTF', 'LTYPEO.TTF', 'lucon.ttf', 'l_10646.ttf', 'MAGNETOB.TTF', 'MAIAN.TTF', 'malgun.ttf', 'malgunbd.ttf', 'malgunsl.ttf', 'marlett.ttf', 'MATURASC.TTF', 'micross.ttf', 'mingliub.ttc', 'MISTRAL.TTF', 'mmrtext.ttf', 'mmrtextb.ttf', 'MOD20.TTF', 'modern.fon', 'monbaiti.ttf', 'msgothic.ttc', 'msjh.ttc', 'msjhbd.ttc', 'msjhl.ttc', 'msyh.ttc', 'msyhbd.ttc', 'msyhl.ttc', 'msyi.ttf', 'MTCORSVA.TTF', 'MTEXTRA.TTF', 'mvboli.ttf', 'NIAGENG.TTF', 'NIAGSOL.TTF', 'Nirmala.ttf', 'NirmalaB.ttf', 'NirmalaS.ttf', 'ntailu.ttf', 'ntailub.ttf', 'NumberOnly.ttf', 'OCRAEXT.TTF', 'OLDENGL.TTF', 'ONYX.TTF', 'OUTLOOK.TTF', 'pala.ttf', 'palab.ttf', 'palabi.ttf', 'palai.ttf', 'PALSCRI.TTF', 'PAPYRUS.TTF', 'PARCHM.TTF', 'PERBI___.TTF', 'PERB____.TTF', 'PERI____.TTF', 'PERTIBD.TTF', 'PERTILI.TTF', 'PER_____.TTF', 'phagspa.ttf', 'phagspab.ttf', 'PLAYBILL.TTF', 'POORICH.TTF', 'PRISTINA.TTF', 'RAGE.TTF', 'RAVIE.TTF', 'REFSAN.TTF', 'REFSPCL.TTF', 'ROCCB___.TTF', 'ROCC____.TTF', 'ROCK.TTF', 'ROCKB.TTF', 'ROCKBI.TTF', 'ROCKEB.TTF', 'ROCKI.TTF', 'roman.fon', 's8514fix.fon', 's8514oem.fon', 's8514sys.fon', 'SCHLBKB.TTF', 'SCHLBKBI.TTF', 'SCHLBKI.TTF', 'script.fon', 'SCRIPTBL.TTF', 'segmdl2.ttf', 'SegoeIcons.ttf', 'segoepr.ttf', 'segoeprb.ttf', 'segoesc.ttf', 'segoescb.ttf', 'segoeui.ttf', 'segoeuib.ttf', 'segoeuii.ttf', 'segoeuil.ttf', 'segoeuisl.ttf', 'segoeuiz.ttf', 'seguibl.ttf', 'seguibli.ttf', 'seguiemj.ttf', 'seguihis.ttf', 'seguili.ttf', 'seguisb.ttf', 'seguisbi.ttf', 'seguisli.ttf', 'seguisym.ttf', 'SegUIVar.ttf', 'sere1255.fon', 'sere1256.fon', 'sere1257.fon', 'serf1255.fon', 'serf1256.fon', 'serf1257.fon', 'serife.fon', 'serifee.fon', 'serifeg.fon', 'serifer.fon', 'serifet.fon', 'seriff.fon', 'seriffe.fon', 'seriffg.fon', 'seriffr.fon', 'serifft.fon', 'SHOWG.TTF', 'simfang.ttf', 'simhei.ttf', 'simkai.ttf', 'SIMLI.TTF', 'simsun.ttc', 'simsunb.ttf', 'SIMYOU.TTF', 'SitkaVF-Italic.ttf', 'SitkaVF.ttf', 'smae1255.fon', 'smae1256.fon', 'smae1257.fon', 'smaf1255.fon', 'smaf1256.fon', 'smaf1257.fon', 'smalle.fon', 'smallee.fon', 'smalleg.fon', 'smaller.fon', 'smallet.fon', 'smallf.fon', 'smallfe.fon', 'smallfg.fon', 'smallfr.fon', 'smallft.fon', 'SNAP____.TTF', 'ssee1255.fon', 'ssee1256.fon', 'ssee1257.fon', 'ssee874.fon', 'ssef1255.fon', 'ssef1256.fon', 'ssef1257.fon', 'ssef874.fon', 'sserife.fon', 'sserifee.fon', 'sserifeg.fon', 'sserifer.fon', 'sserifet.fon', 'sseriff.fon', 'sseriffe.fon', 'sseriffg.fon', 'sseriffr.fon', 'sserifft.fon', 'StaticCache.dat', 'STCAIYUN.TTF', 'STENCIL.TTF', 'STFANGSO.TTF', 'STHUPO.TTF', 'STKAITI.TTF', 'STLITI.TTF', 'STSONG.TTF', 'STXIHEI.TTF', 'STXINGKA.TTF', 'STXINWEI.TTF', 'STZHONGS.TTF', 'svgafix.fon', 'svgasys.fon', 'sylfaen.ttf', 'symbol.ttf', 'tahoma.ttf', 'tahomabd.ttf', 'taile.ttf', 'taileb.ttf', 'TCBI____.TTF', 'TCB_____.TTF', 'TCCB____.TTF', 'TCCEB.TTF', 'TCCM____.TTF', 'TCMI____.TTF', 'TCM_____.TTF', 'TEMPSITC.TTF', 'times.ttf', 'timesbd.ttf', 'timesbi.ttf', 'timesi.ttf', 'trebuc.ttf', 'trebucbd.ttf', 'trebucbi.ttf', 'trebucit.ttf', 'verdana.ttf', 'verdanab.ttf', 'verdanai.ttf', 'verdanaz.ttf', 'vga737.fon', 'vga775.fon', 'vga850.fon', 'vga852.fon', 'vga855.fon', 'vga857.fon', 'vga860.fon', 'vga861.fon', 'vga863.fon', 'vga865.fon', 'vga866.fon', 'vga869.fon', 'vga932.fon', 'vga936.fon', 'vga949.fon', 'vga950.fon', 'vgaf1255.fon', 'vgaf1256.fon', 'vgaf1257.fon', 'vgaf874.fon', 'vgafix.fon', 'vgafixe.fon', 'vgafixg.fon', 'vgafixr.fon', 'vgafixt.fon', 'vgaoem.fon', 'vgas1255.fon', 'vgas1256.fon', 'vgas1257.fon', 'vgas874.fon', 'vgasys.fon', 'vgasyse.fon', 'vgasysg.fon', 'vgasysr.fon', 'vgasyst.fon', 'VINERITC.TTF', 'VIVALDII.TTF', 'VLADIMIR.TTF', 'webdings.ttf', 'wingding.ttf', 'WINGDNG2.TTF', 'WINGDNG3.TTF', 'YuGothB.ttc', 'YuGothL.ttc', 'YuGothM.ttc', 'YuGothR.ttc', '\u534e\u5eb7\u65b9\u5706\u4f53W7.TTC', '\u65b9\u6b63\u7c97\u9ed1\u5b8b\u7b80\u4f53.ttf']
2023-09-27 15:52:54,220 - INFO - all fonts installed:['8514fix.fon', '8514fixe.fon', '8514fixg.fon', '8514fixr.fon', '8514fixt.fon', '8514oem.fon', '8514oeme.fon', '8514oemg.fon', '8514oemr.fon', '8514oemt.fon', '8514sys.fon', '8514syse.fon', '8514sysg.fon', '8514sysr.fon', '8514syst.fon', '85775.fon', '85855.fon', '85f1255.fon', '85f1256.fon', '85f1257.fon', '85f874.fon', '85s1255.fon', '85s1256.fon', '85s1257.fon', '85s874.fon', 'AGENCYB.TTF', 'AGENCYR.TTF', 'ALGER.TTF', 'ANTQUAB.TTF', 'ANTQUABI.TTF', 'ANTQUAI.TTF', 'app775.fon', 'app850.fon', 'app852.fon', 'app855.fon', 'app857.fon', 'app866.fon', 'app932.fon', 'app936.fon', 'app949.fon', 'app950.fon', 'arial.ttf', 'arialbd.ttf', 'arialbi.ttf', 'ariali.ttf', 'ARIALN.TTF', 'ARIALNB.TTF', 'ARIALNBI.TTF', 'ARIALNI.TTF', 'ariblk.ttf', 'ARLRDBD.TTF', 'AxureHandwriting-Bold.otf', 'AxureHandwriting-BoldItalic.otf', 'AxureHandwriting-Italic.otf', 'AxureHandwriting.otf', 'bahnschrift.ttf', 'BASKVILL.TTF', 'BAUHS93.TTF', 'BELL.TTF', 'BELLB.TTF', 'BELLI.TTF', 'BERNHC.TTF', 'BKANT.TTF', 'BOD_B.TTF', 'BOD_BI.TTF', 'BOD_BLAI.TTF', 'BOD_BLAR.TTF', 'BOD_CB.TTF', 'BOD_CBI.TTF', 'BOD_CI.TTF', 'BOD_CR.TTF', 'BOD_I.TTF', 'BOD_PSTC.TTF', 'BOD_R.TTF', 'BOOKOS.TTF', 'BOOKOSB.TTF', 'BOOKOSBI.TTF', 'BOOKOSI.TTF', 'BRADHITC.TTF', 'BRITANIC.TTF', 'BRLNSB.TTF', 'BRLNSDB.TTF', 'BRLNSR.TTF', 'BROADW.TTF', 'BRUSHSCI.TTF', 'BSSYM7.TTF', 'c8514fix.fon', 'c8514oem.fon', 'c8514sys.fon', 'calibri.ttf', 'calibrib.ttf', 'calibrii.ttf', 'calibril.ttf', 'calibrili.ttf', 'calibriz.ttf', 'CALIFB.TTF', 'CALIFI.TTF', 'CALIFR.TTF', 'CALIST.TTF', 'CALISTB.TTF', 'CALISTBI.TTF', 'CALISTI.TTF', 'cambria.ttc', 'cambriab.ttf', 'cambriai.ttf', 'cambriaz.ttf', 'Candara.ttf', 'Candarab.ttf', 'Candarai.ttf', 'Candaral.ttf', 'Candarali.ttf', 'Candaraz.ttf', 'CascadiaCode.ttf', 'CascadiaMono.ttf', 'CASTELAR.TTF', 'CENSCBK.TTF', 'CENTAUR.TTF', 'CENTURY.TTF', 'cga40737.fon', 'cga40850.fon', 'cga40852.fon', 'cga40857.fon', 'cga40866.fon', 'cga40869.fon', 'cga40woa.fon', 'cga80737.fon', 'cga80850.fon', 'cga80852.fon', 'cga80857.fon', 'cga80866.fon', 'cga80869.fon', 'cga80woa.fon', 'CHILLER.TTF', 'COLONNA.TTF', 'comic.ttf', 'comicbd.ttf', 'comici.ttf', 'comicz.ttf', 'consola.ttf', 'consolab.ttf', 'consolai.ttf', 'consolaz.ttf', 'constan.ttf', 'constanb.ttf', 'constani.ttf', 'constanz.ttf', 'COOPBL.TTF', 'COPRGTB.TTF', 'COPRGTL.TTF', 'corbel.ttf', 'corbelb.ttf', 'corbeli.ttf', 'corbell.ttf', 'corbelli.ttf', 'corbelz.ttf', 'coue1255.fon', 'coue1256.fon', 'coue1257.fon', 'couf1255.fon', 'couf1256.fon', 'couf1257.fon', 'cour.ttf', 'courbd.ttf', 'courbi.ttf', 'coure.fon', 'couree.fon', 'coureg.fon', 'courer.fon', 'couret.fon', 'courf.fon', 'courfe.fon', 'courfg.fon', 'courfr.fon', 'courft.fon', 'couri.ttf', 'CURLZ___.TTF', 'cvgafix.fon', 'cvgasys.fon', 'Deng.ttf', 'Dengb.ttf', 'Dengl.ttf', 'desktop.ini', 'dos737.fon', 'dos869.fon', 'dosapp.fon', 'DUBAI-BOLD.TTF', 'DUBAI-LIGHT.TTF', 'DUBAI-MEDIUM.TTF', 'DUBAI-REGULAR.TTF', 'ebrima.ttf', 'ebrimabd.ttf', 'ega40737.fon', 'ega40850.fon', 'ega40852.fon', 'ega40857.fon', 'ega40866.fon', 'ega40869.fon', 'ega40woa.fon', 'ega80737.fon', 'ega80850.fon', 'ega80852.fon', 'ega80857.fon', 'ega80866.fon', 'ega80869.fon', 'ega80woa.fon', 'ELEPHNT.TTF', 'ELEPHNTI.TTF', 'ENGR.TTF', 'ERASBD.TTF', 'ERASDEMI.TTF', 'ERASLGHT.TTF', 'ERASMD.TTF', 'FELIXTI.TTF', 'fms_metadata.xml', 'FORTE.TTF', 'FRABK.TTF', 'FRABKIT.TTF', 'FRADM.TTF', 'FRADMCN.TTF', 'FRADMIT.TTF', 'FRAHV.TTF', 'FRAHVIT.TTF', 'framd.ttf', 'FRAMDCN.TTF', 'framdit.ttf', 'FREESCPT.TTF', 'FRSCRIPT.TTF', 'FTLTLT.TTF', 'FZSTK.TTF', 'FZYTK.TTF', 'Gabriola.ttf', 'gadugi.ttf', 'gadugib.ttf', 'GARA.TTF', 'GARABD.TTF', 'GARAIT.TTF', 'georgia.ttf', 'georgiab.ttf', 'georgiai.ttf', 'georgiaz.ttf', 'GIGI.TTF', 'GILBI___.TTF', 'GILB____.TTF', 'GILC____.TTF', 'GILI____.TTF', 'GILLUBCD.TTF', 'GILSANUB.TTF', 'GIL_____.TTF', 'GLECB.TTF', 'GlobalMonospace.CompositeFont', 'GlobalSansSerif.CompositeFont', 'GlobalSerif.CompositeFont', 'GlobalUserInterface.CompositeFont', 'GLSNECB.TTF', 'GOTHIC.TTF', 'GOTHICB.TTF', 'GOTHICBI.TTF', 'GOTHICI.TTF', 'GOUDOS.TTF', 'GOUDOSB.TTF', 'GOUDOSI.TTF', 'GOUDYSTO.TTF', 'h8514fix.fon', 'h8514oem.fon', 'h8514sys.fon', 'HARLOWSI.TTF', 'HARNGTON.TTF', 'HATTEN.TTF', 'HGB1X_CNKI.ttf', 'HGB1_CNKI.ttf', 'HGB2X_CNKI.ttf', 'HGB2_CNKI.ttf', 'HGB3X_CNKI.ttf', 'HGB3_CNKI.ttf', 'HGB4X_CNKI.ttf', 'HGB4_CNKI.ttf', 'HGB5X_CNKI.ttf', 'HGB5_CNKI.ttf', 'HGB6X_CNKI.ttf', 'HGB6_CNKI.ttf', 'HGB7X_CNKI.ttf', 'HGB7_CNKI.ttf', 'HGB8X_CNKI.ttf', 'HGB8_CNKI.ttf', 'HGBD_CNKI.ttf', 'HGBKBX_CNKI.ttf', 'HGBKB_CNKI.ttf', 'HGBKHX_CNKI.ttf', 'HGBKH_CNKI.ttf', 'HGBS1_CNKI.TTF', 'HGBS2_CNKI.TTF', 'HGBS_CNKI.TTF', 'HGBTH_CNKI.TTF', 'HGBTS_CNKI.TTF', 'HGBX_CNKI.ttf', 'HGBZ_CNKI.ttf', 'HGCH_CNKI.TTF', 'HGCUH_CNKI.TTF', 'HGCY_CNKI.TTF', 'HGDBS_CNKI.TTF', 'HGDGY_CNKI.TTF', 'HGDH2_CNKI.TTF', 'HGDH_CNKI.TTF', 'HGDYS_CNKI.TTF', 'HGDY_CNKI.ttf', 'HGF1X_CNKI.ttf', 'HGF1_CNKI.ttf', 'HGF2X_CNKI.ttf', 'HGF2_CNKI.ttf', 'HGF3_CNKI.ttf', 'HGF4X_CNKI.ttf', 'HGF4_CNKI.ttf', 'HGF5X_CNKI.ttf', 'HGF5_CNKI.ttf', 'HGF6X_CNKI.ttf', 'HGF6_CNKI.ttf', 'HGF7X_CNKI.ttf', 'HGF7_CNKI.ttf', 'HGF8_CNKI.ttf', 'HGF9X_CNKI.ttf', 'HGF9_CNKI.ttf', 'HGFS1_CNKI.TTF', 'HGFS2_CNKI.TTF', 'HGFSH_CNKI.TTF', 'HGFS_CNKI.TTF', 'HGFX_CNKI.ttf', 'HGFZ_CNKI.ttf', 'HGGG_CNKI.TTF', 'HGH1X_CNKI.ttf', 'HGH1_CNKI.ttf', 'HGH2X_CNKI.ttf', 'HGH2_CNKI.ttf', 'HGH3X_CNKI.ttf', 'HGH3_CNKI.ttf', 'HGH4X_CNKI.ttf', 'HGH4_CNKI.ttf', 'HGH5X_CNKI.ttf', 'HGH5_CNKI.ttf', 'HGH6X_CNKI.ttf', 'HGH6_CNKI.ttf', 'HGH7X_CNKI.ttf', 'HGH7_CNKI.ttf', 'HGHB_CNKI.TTF', 'HGHD_CNKI.ttf', 'HGHP_CNKI.TTF', 'HGHT1_CNKI.ttf', 'HGHT2_CNKI.ttf', 'HGHUATI_CNKI.ttf', 'HGHX_CNKI.ttf', 'HGHZ_CNKI.ttf', 'HGH_CNKI.TTF', 'HGKT1_CNKI.TTF', 'HGKT2_CNKI.TTF', 'HGKT_CNKI.TTF', 'HGKY_CNKI.ttf', 'HGLB_CNKI.TTF', 'HGLS_CNKI.TTF', 'HGMH_CNKI.TTF', 'HGNBS_CNKI.ttf', 'HGOCR_CNKI.ttf', 'HGPH_CNKI.TTF', 'HGPTY_CNKI.TTF', 'HGSS1_CNKI.TTF', 'HGSS2_CNKI.TTF', 'HGSS_CNKI.TTF', 'HGSXT_CNKI.ttf', 'HGTT_CNKI.ttf', 'HGTX_CNKI.TTF', 'HGWT_CNKI.TTF', 'HGWYS_CNKI.TTF', 'HGX1X_CNKI.ttf', 'HGX1_CNKI.ttf', 'HGXBS_CNKI.TTF', 'HGXC_CNKI.TTF', 'HGXF1_CNKI.ttf', 'HGXFX_CNKI.ttf', 'HGXFZ_CNKI.ttf', 'HGXH1_CNKI.TTF', 'HGXH_CNKI.TTF', 'HGXK_CNKI.TTF', 'HGXL_CNKI.TTF', 'HGXS_CNKI.TTF', 'HGXT_CNKI.ttf', 'HGXY_CNKI.ttf', 'HGY1_CNKI.TTF', 'HGY2_CNKI.TTF', 'HGY3_CNKI.TTF', 'HGY4_CNKI.TTF', 'HGYB_CNKI.ttf', 'HGYT1_CNKI.ttf', 'HGYT2_CNKI.ttf', 'HGYT_CNKI.TTF', 'HGYX_CNKI.TTF', 'HGZCS_CNKI.TTF', 'HGZDX_CNKI.TTF', 'HGZK_CNKI.TTF', 'HGZYT_CNKI.TTF', 'HGZY_CNKI.TTF', 'himalaya.ttf', 'holomdl2.ttf', 'HTOWERT.TTF', 'HTOWERTI.TTF', 'hvgafix.fon', 'hvgasys.fon', 'impact.ttf', 'IMPRISHA.TTF', 'INFROMAN.TTF', 'Inkfree.ttf', 'iqiyi_logov7.ttf', 'ITCBLKAD.TTF', 'ITCEDSCR.TTF', 'ITCKRIST.TTF', 'j8514fix.fon', 'j8514oem.fon', 'j8514sys.fon', 'javatext.ttf', 'JOKERMAN.TTF', 'jsmalle.fon', 'jsmallf.fon', 'JUICE___.TTF', 'jvgafix.fon', 'jvgasys.fon', 'KUNSTLER.TTF', 'LATINWD.TTF', 'LBRITE.TTF', 'LBRITED.TTF', 'LBRITEDI.TTF', 'LBRITEI.TTF', 'LCALLIG.TTF', 'LeelaUIb.ttf', 'LeelawUI.ttf', 'LeelUIsl.ttf', 'LFAX.TTF', 'LFAXD.TTF', 'LFAXDI.TTF', 'LFAXI.TTF', 'LHANDW.TTF', 'LSANS.TTF', 'LSANSD.TTF', 'LSANSDI.TTF', 'LSANSI.TTF', 'LTYPE.TTF', 'LTYPEB.TTF', 'LTYPEBO.TTF', 'LTYPEO.TTF', 'lucon.ttf', 'l_10646.ttf', 'MAGNETOB.TTF', 'MAIAN.TTF', 'malgun.ttf', 'malgunbd.ttf', 'malgunsl.ttf', 'marlett.ttf', 'MATURASC.TTF', 'micross.ttf', 'mingliub.ttc', 'MISTRAL.TTF', 'mmrtext.ttf', 'mmrtextb.ttf', 'MOD20.TTF', 'modern.fon', 'monbaiti.ttf', 'msgothic.ttc', 'msjh.ttc', 'msjhbd.ttc', 'msjhl.ttc', 'msyh.ttc', 'msyhbd.ttc', 'msyhl.ttc', 'msyi.ttf', 'MTCORSVA.TTF', 'MTEXTRA.TTF', 'mvboli.ttf', 'NIAGENG.TTF', 'NIAGSOL.TTF', 'Nirmala.ttf', 'NirmalaB.ttf', 'NirmalaS.ttf', 'ntailu.ttf', 'ntailub.ttf', 'NumberOnly.ttf', 'OCRAEXT.TTF', 'OLDENGL.TTF', 'ONYX.TTF', 'OUTLOOK.TTF', 'pala.ttf', 'palab.ttf', 'palabi.ttf', 'palai.ttf', 'PALSCRI.TTF', 'PAPYRUS.TTF', 'PARCHM.TTF', 'PERBI___.TTF', 'PERB____.TTF', 'PERI____.TTF', 'PERTIBD.TTF', 'PERTILI.TTF', 'PER_____.TTF', 'phagspa.ttf', 'phagspab.ttf', 'PLAYBILL.TTF', 'POORICH.TTF', 'PRISTINA.TTF', 'RAGE.TTF', 'RAVIE.TTF', 'REFSAN.TTF', 'REFSPCL.TTF', 'ROCCB___.TTF', 'ROCC____.TTF', 'ROCK.TTF', 'ROCKB.TTF', 'ROCKBI.TTF', 'ROCKEB.TTF', 'ROCKI.TTF', 'roman.fon', 's8514fix.fon', 's8514oem.fon', 's8514sys.fon', 'SCHLBKB.TTF', 'SCHLBKBI.TTF', 'SCHLBKI.TTF', 'script.fon', 'SCRIPTBL.TTF', 'segmdl2.ttf', 'SegoeIcons.ttf', 'segoepr.ttf', 'segoeprb.ttf', 'segoesc.ttf', 'segoescb.ttf', 'segoeui.ttf', 'segoeuib.ttf', 'segoeuii.ttf', 'segoeuil.ttf', 'segoeuisl.ttf', 'segoeuiz.ttf', 'seguibl.ttf', 'seguibli.ttf', 'seguiemj.ttf', 'seguihis.ttf', 'seguili.ttf', 'seguisb.ttf', 'seguisbi.ttf', 'seguisli.ttf', 'seguisym.ttf', 'SegUIVar.ttf', 'sere1255.fon', 'sere1256.fon', 'sere1257.fon', 'serf1255.fon', 'serf1256.fon', 'serf1257.fon', 'serife.fon', 'serifee.fon', 'serifeg.fon', 'serifer.fon', 'serifet.fon', 'seriff.fon', 'seriffe.fon', 'seriffg.fon', 'seriffr.fon', 'serifft.fon', 'SHOWG.TTF', 'simfang.ttf', 'simhei.ttf', 'simkai.ttf', 'SIMLI.TTF', 'simsun.ttc', 'simsunb.ttf', 'SIMYOU.TTF', 'SitkaVF-Italic.ttf', 'SitkaVF.ttf', 'smae1255.fon', 'smae1256.fon', 'smae1257.fon', 'smaf1255.fon', 'smaf1256.fon', 'smaf1257.fon', 'smalle.fon', 'smallee.fon', 'smalleg.fon', 'smaller.fon', 'smallet.fon', 'smallf.fon', 'smallfe.fon', 'smallfg.fon', 'smallfr.fon', 'smallft.fon', 'SNAP____.TTF', 'ssee1255.fon', 'ssee1256.fon', 'ssee1257.fon', 'ssee874.fon', 'ssef1255.fon', 'ssef1256.fon', 'ssef1257.fon', 'ssef874.fon', 'sserife.fon', 'sserifee.fon', 'sserifeg.fon', 'sserifer.fon', 'sserifet.fon', 'sseriff.fon', 'sseriffe.fon', 'sseriffg.fon', 'sseriffr.fon', 'sserifft.fon', 'StaticCache.dat', 'STCAIYUN.TTF', 'STENCIL.TTF', 'STFANGSO.TTF', 'STHUPO.TTF', 'STKAITI.TTF', 'STLITI.TTF', 'STSONG.TTF', 'STXIHEI.TTF', 'STXINGKA.TTF', 'STXINWEI.TTF', 'STZHONGS.TTF', 'svgafix.fon', 'svgasys.fon', 'sylfaen.ttf', 'symbol.ttf', 'tahoma.ttf', 'tahomabd.ttf', 'taile.ttf', 'taileb.ttf', 'TCBI____.TTF', 'TCB_____.TTF', 'TCCB____.TTF', 'TCCEB.TTF', 'TCCM____.TTF', 'TCMI____.TTF', 'TCM_____.TTF', 'TEMPSITC.TTF', 'times.ttf', 'timesbd.ttf', 'timesbi.ttf', 'timesi.ttf', 'trebuc.ttf', 'trebucbd.ttf', 'trebucbi.ttf', 'trebucit.ttf', 'verdana.ttf', 'verdanab.ttf', 'verdanai.ttf', 'verdanaz.ttf', 'vga737.fon', 'vga775.fon', 'vga850.fon', 'vga852.fon', 'vga855.fon', 'vga857.fon', 'vga860.fon', 'vga861.fon', 'vga863.fon', 'vga865.fon', 'vga866.fon', 'vga869.fon', 'vga932.fon', 'vga936.fon', 'vga949.fon', 'vga950.fon', 'vgaf1255.fon', 'vgaf1256.fon', 'vgaf1257.fon', 'vgaf874.fon', 'vgafix.fon', 'vgafixe.fon', 'vgafixg.fon', 'vgafixr.fon', 'vgafixt.fon', 'vgaoem.fon', 'vgas1255.fon', 'vgas1256.fon', 'vgas1257.fon', 'vgas874.fon', 'vgasys.fon', 'vgasyse.fon', 'vgasysg.fon', 'vgasysr.fon', 'vgasyst.fon', 'VINERITC.TTF', 'VIVALDII.TTF', 'VLADIMIR.TTF', 'webdings.ttf', 'wingding.ttf', 'WINGDNG2.TTF', 'WINGDNG3.TTF', 'YuGothB.ttc', 'YuGothL.ttc', 'YuGothM.ttc', 'YuGothR.ttc', '\u534e\u5eb7\u65b9\u5706\u4f53W7.TTC', '\u65b9\u6b63\u7c97\u9ed1\u5b8b\u7b80\u4f53.ttf']
2023-09-27 15:52:54,585 - INFO - all fonts installed:['8514fix.fon', '8514fixe.fon', '8514fixg.fon', '8514fixr.fon', '8514fixt.fon', '8514oem.fon', '8514oeme.fon', '8514oemg.fon', '8514oemr.fon', '8514oemt.fon', '8514sys.fon', '8514syse.fon', '8514sysg.fon', '8514sysr.fon', '8514syst.fon', '85775.fon', '85855.fon', '85f1255.fon', '85f1256.fon', '85f1257.fon', '85f874.fon', '85s1255.fon', '85s1256.fon', '85s1257.fon', '85s874.fon', 'AGENCYB.TTF', 'AGENCYR.TTF', 'ALGER.TTF', 'ANTQUAB.TTF', 'ANTQUABI.TTF', 'ANTQUAI.TTF', 'app775.fon', 'app850.fon', 'app852.fon', 'app855.fon', 'app857.fon', 'app866.fon', 'app932.fon', 'app936.fon', 'app949.fon', 'app950.fon', 'arial.ttf', 'arialbd.ttf', 'arialbi.ttf', 'ariali.ttf', 'ARIALN.TTF', 'ARIALNB.TTF', 'ARIALNBI.TTF', 'ARIALNI.TTF', 'ariblk.ttf', 'ARLRDBD.TTF', 'AxureHandwriting-Bold.otf', 'AxureHandwriting-BoldItalic.otf', 'AxureHandwriting-Italic.otf', 'AxureHandwriting.otf', 'bahnschrift.ttf', 'BASKVILL.TTF', 'BAUHS93.TTF', 'BELL.TTF', 'BELLB.TTF', 'BELLI.TTF', 'BERNHC.TTF', 'BKANT.TTF', 'BOD_B.TTF', 'BOD_BI.TTF', 'BOD_BLAI.TTF', 'BOD_BLAR.TTF', 'BOD_CB.TTF', 'BOD_CBI.TTF', 'BOD_CI.TTF', 'BOD_CR.TTF', 'BOD_I.TTF', 'BOD_PSTC.TTF', 'BOD_R.TTF', 'BOOKOS.TTF', 'BOOKOSB.TTF', 'BOOKOSBI.TTF', 'BOOKOSI.TTF', 'BRADHITC.TTF', 'BRITANIC.TTF', 'BRLNSB.TTF', 'BRLNSDB.TTF', 'BRLNSR.TTF', 'BROADW.TTF', 'BRUSHSCI.TTF', 'BSSYM7.TTF', 'c8514fix.fon', 'c8514oem.fon', 'c8514sys.fon', 'calibri.ttf', 'calibrib.ttf', 'calibrii.ttf', 'calibril.ttf', 'calibrili.ttf', 'calibriz.ttf', 'CALIFB.TTF', 'CALIFI.TTF', 'CALIFR.TTF', 'CALIST.TTF', 'CALISTB.TTF', 'CALISTBI.TTF', 'CALISTI.TTF', 'cambria.ttc', 'cambriab.ttf', 'cambriai.ttf', 'cambriaz.ttf', 'Candara.ttf', 'Candarab.ttf', 'Candarai.ttf', 'Candaral.ttf', 'Candarali.ttf', 'Candaraz.ttf', 'CascadiaCode.ttf', 'CascadiaMono.ttf', 'CASTELAR.TTF', 'CENSCBK.TTF', 'CENTAUR.TTF', 'CENTURY.TTF', 'cga40737.fon', 'cga40850.fon', 'cga40852.fon', 'cga40857.fon', 'cga40866.fon', 'cga40869.fon', 'cga40woa.fon', 'cga80737.fon', 'cga80850.fon', 'cga80852.fon', 'cga80857.fon', 'cga80866.fon', 'cga80869.fon', 'cga80woa.fon', 'CHILLER.TTF', 'COLONNA.TTF', 'comic.ttf', 'comicbd.ttf', 'comici.ttf', 'comicz.ttf', 'consola.ttf', 'consolab.ttf', 'consolai.ttf', 'consolaz.ttf', 'constan.ttf', 'constanb.ttf', 'constani.ttf', 'constanz.ttf', 'COOPBL.TTF', 'COPRGTB.TTF', 'COPRGTL.TTF', 'corbel.ttf', 'corbelb.ttf', 'corbeli.ttf', 'corbell.ttf', 'corbelli.ttf', 'corbelz.ttf', 'coue1255.fon', 'coue1256.fon', 'coue1257.fon', 'couf1255.fon', 'couf1256.fon', 'couf1257.fon', 'cour.ttf', 'courbd.ttf', 'courbi.ttf', 'coure.fon', 'couree.fon', 'coureg.fon', 'courer.fon', 'couret.fon', 'courf.fon', 'courfe.fon', 'courfg.fon', 'courfr.fon', 'courft.fon', 'couri.ttf', 'CURLZ___.TTF', 'cvgafix.fon', 'cvgasys.fon', 'Deng.ttf', 'Dengb.ttf', 'Dengl.ttf', 'desktop.ini', 'dos737.fon', 'dos869.fon', 'dosapp.fon', 'DUBAI-BOLD.TTF', 'DUBAI-LIGHT.TTF', 'DUBAI-MEDIUM.TTF', 'DUBAI-REGULAR.TTF', 'ebrima.ttf', 'ebrimabd.ttf', 'ega40737.fon', 'ega40850.fon', 'ega40852.fon', 'ega40857.fon', 'ega40866.fon', 'ega40869.fon', 'ega40woa.fon', 'ega80737.fon', 'ega80850.fon', 'ega80852.fon', 'ega80857.fon', 'ega80866.fon', 'ega80869.fon', 'ega80woa.fon', 'ELEPHNT.TTF', 'ELEPHNTI.TTF', 'ENGR.TTF', 'ERASBD.TTF', 'ERASDEMI.TTF', 'ERASLGHT.TTF', 'ERASMD.TTF', 'FELIXTI.TTF', 'fms_metadata.xml', 'FORTE.TTF', 'FRABK.TTF', 'FRABKIT.TTF', 'FRADM.TTF', 'FRADMCN.TTF', 'FRADMIT.TTF', 'FRAHV.TTF', 'FRAHVIT.TTF', 'framd.ttf', 'FRAMDCN.TTF', 'framdit.ttf', 'FREESCPT.TTF', 'FRSCRIPT.TTF', 'FTLTLT.TTF', 'FZSTK.TTF', 'FZYTK.TTF', 'Gabriola.ttf', 'gadugi.ttf', 'gadugib.ttf', 'GARA.TTF', 'GARABD.TTF', 'GARAIT.TTF', 'georgia.ttf', 'georgiab.ttf', 'georgiai.ttf', 'georgiaz.ttf', 'GIGI.TTF', 'GILBI___.TTF', 'GILB____.TTF', 'GILC____.TTF', 'GILI____.TTF', 'GILLUBCD.TTF', 'GILSANUB.TTF', 'GIL_____.TTF', 'GLECB.TTF', 'GlobalMonospace.CompositeFont', 'GlobalSansSerif.CompositeFont', 'GlobalSerif.CompositeFont', 'GlobalUserInterface.CompositeFont', 'GLSNECB.TTF', 'GOTHIC.TTF', 'GOTHICB.TTF', 'GOTHICBI.TTF', 'GOTHICI.TTF', 'GOUDOS.TTF', 'GOUDOSB.TTF', 'GOUDOSI.TTF', 'GOUDYSTO.TTF', 'h8514fix.fon', 'h8514oem.fon', 'h8514sys.fon', 'HARLOWSI.TTF', 'HARNGTON.TTF', 'HATTEN.TTF', 'HGB1X_CNKI.ttf', 'HGB1_CNKI.ttf', 'HGB2X_CNKI.ttf', 'HGB2_CNKI.ttf', 'HGB3X_CNKI.ttf', 'HGB3_CNKI.ttf', 'HGB4X_CNKI.ttf', 'HGB4_CNKI.ttf', 'HGB5X_CNKI.ttf', 'HGB5_CNKI.ttf', 'HGB6X_CNKI.ttf', 'HGB6_CNKI.ttf', 'HGB7X_CNKI.ttf', 'HGB7_CNKI.ttf', 'HGB8X_CNKI.ttf', 'HGB8_CNKI.ttf', 'HGBD_CNKI.ttf', 'HGBKBX_CNKI.ttf', 'HGBKB_CNKI.ttf', 'HGBKHX_CNKI.ttf', 'HGBKH_CNKI.ttf', 'HGBS1_CNKI.TTF', 'HGBS2_CNKI.TTF', 'HGBS_CNKI.TTF', 'HGBTH_CNKI.TTF', 'HGBTS_CNKI.TTF', 'HGBX_CNKI.ttf', 'HGBZ_CNKI.ttf', 'HGCH_CNKI.TTF', 'HGCUH_CNKI.TTF', 'HGCY_CNKI.TTF', 'HGDBS_CNKI.TTF', 'HGDGY_CNKI.TTF', 'HGDH2_CNKI.TTF', 'HGDH_CNKI.TTF', 'HGDYS_CNKI.TTF', 'HGDY_CNKI.ttf', 'HGF1X_CNKI.ttf', 'HGF1_CNKI.ttf', 'HGF2X_CNKI.ttf', 'HGF2_CNKI.ttf', 'HGF3_CNKI.ttf', 'HGF4X_CNKI.ttf', 'HGF4_CNKI.ttf', 'HGF5X_CNKI.ttf', 'HGF5_CNKI.ttf', 'HGF6X_CNKI.ttf', 'HGF6_CNKI.ttf', 'HGF7X_CNKI.ttf', 'HGF7_CNKI.ttf', 'HGF8_CNKI.ttf', 'HGF9X_CNKI.ttf', 'HGF9_CNKI.ttf', 'HGFS1_CNKI.TTF', 'HGFS2_CNKI.TTF', 'HGFSH_CNKI.TTF', 'HGFS_CNKI.TTF', 'HGFX_CNKI.ttf', 'HGFZ_CNKI.ttf', 'HGGG_CNKI.TTF', 'HGH1X_CNKI.ttf', 'HGH1_CNKI.ttf', 'HGH2X_CNKI.ttf', 'HGH2_CNKI.ttf', 'HGH3X_CNKI.ttf', 'HGH3_CNKI.ttf', 'HGH4X_CNKI.ttf', 'HGH4_CNKI.ttf', 'HGH5X_CNKI.ttf', 'HGH5_CNKI.ttf', 'HGH6X_CNKI.ttf', 'HGH6_CNKI.ttf', 'HGH7X_CNKI.ttf', 'HGH7_CNKI.ttf', 'HGHB_CNKI.TTF', 'HGHD_CNKI.ttf', 'HGHP_CNKI.TTF', 'HGHT1_CNKI.ttf', 'HGHT2_CNKI.ttf', 'HGHUATI_CNKI.ttf', 'HGHX_CNKI.ttf', 'HGHZ_CNKI.ttf', 'HGH_CNKI.TTF', 'HGKT1_CNKI.TTF', 'HGKT2_CNKI.TTF', 'HGKT_CNKI.TTF', 'HGKY_CNKI.ttf', 'HGLB_CNKI.TTF', 'HGLS_CNKI.TTF', 'HGMH_CNKI.TTF', 'HGNBS_CNKI.ttf', 'HGOCR_CNKI.ttf', 'HGPH_CNKI.TTF', 'HGPTY_CNKI.TTF', 'HGSS1_CNKI.TTF', 'HGSS2_CNKI.TTF', 'HGSS_CNKI.TTF', 'HGSXT_CNKI.ttf', 'HGTT_CNKI.ttf', 'HGTX_CNKI.TTF', 'HGWT_CNKI.TTF', 'HGWYS_CNKI.TTF', 'HGX1X_CNKI.ttf', 'HGX1_CNKI.ttf', 'HGXBS_CNKI.TTF', 'HGXC_CNKI.TTF', 'HGXF1_CNKI.ttf', 'HGXFX_CNKI.ttf', 'HGXFZ_CNKI.ttf', 'HGXH1_CNKI.TTF', 'HGXH_CNKI.TTF', 'HGXK_CNKI.TTF', 'HGXL_CNKI.TTF', 'HGXS_CNKI.TTF', 'HGXT_CNKI.ttf', 'HGXY_CNKI.ttf', 'HGY1_CNKI.TTF', 'HGY2_CNKI.TTF', 'HGY3_CNKI.TTF', 'HGY4_CNKI.TTF', 'HGYB_CNKI.ttf', 'HGYT1_CNKI.ttf', 'HGYT2_CNKI.ttf', 'HGYT_CNKI.TTF', 'HGYX_CNKI.TTF', 'HGZCS_CNKI.TTF', 'HGZDX_CNKI.TTF', 'HGZK_CNKI.TTF', 'HGZYT_CNKI.TTF', 'HGZY_CNKI.TTF', 'himalaya.ttf', 'holomdl2.ttf', 'HTOWERT.TTF', 'HTOWERTI.TTF', 'hvgafix.fon', 'hvgasys.fon', 'impact.ttf', 'IMPRISHA.TTF', 'INFROMAN.TTF', 'Inkfree.ttf', 'iqiyi_logov7.ttf', 'ITCBLKAD.TTF', 'ITCEDSCR.TTF', 'ITCKRIST.TTF', 'j8514fix.fon', 'j8514oem.fon', 'j8514sys.fon', 'javatext.ttf', 'JOKERMAN.TTF', 'jsmalle.fon', 'jsmallf.fon', 'JUICE___.TTF', 'jvgafix.fon', 'jvgasys.fon', 'KUNSTLER.TTF', 'LATINWD.TTF', 'LBRITE.TTF', 'LBRITED.TTF', 'LBRITEDI.TTF', 'LBRITEI.TTF', 'LCALLIG.TTF', 'LeelaUIb.ttf', 'LeelawUI.ttf', 'LeelUIsl.ttf', 'LFAX.TTF', 'LFAXD.TTF', 'LFAXDI.TTF', 'LFAXI.TTF', 'LHANDW.TTF', 'LSANS.TTF', 'LSANSD.TTF', 'LSANSDI.TTF', 'LSANSI.TTF', 'LTYPE.TTF', 'LTYPEB.TTF', 'LTYPEBO.TTF', 'LTYPEO.TTF', 'lucon.ttf', 'l_10646.ttf', 'MAGNETOB.TTF', 'MAIAN.TTF', 'malgun.ttf', 'malgunbd.ttf', 'malgunsl.ttf', 'marlett.ttf', 'MATURASC.TTF', 'micross.ttf', 'mingliub.ttc', 'MISTRAL.TTF', 'mmrtext.ttf', 'mmrtextb.ttf', 'MOD20.TTF', 'modern.fon', 'monbaiti.ttf', 'msgothic.ttc', 'msjh.ttc', 'msjhbd.ttc', 'msjhl.ttc', 'msyh.ttc', 'msyhbd.ttc', 'msyhl.ttc', 'msyi.ttf', 'MTCORSVA.TTF', 'MTEXTRA.TTF', 'mvboli.ttf', 'NIAGENG.TTF', 'NIAGSOL.TTF', 'Nirmala.ttf', 'NirmalaB.ttf', 'NirmalaS.ttf', 'ntailu.ttf', 'ntailub.ttf', 'NumberOnly.ttf', 'OCRAEXT.TTF', 'OLDENGL.TTF', 'ONYX.TTF', 'OUTLOOK.TTF', 'pala.ttf', 'palab.ttf', 'palabi.ttf', 'palai.ttf', 'PALSCRI.TTF', 'PAPYRUS.TTF', 'PARCHM.TTF', 'PERBI___.TTF', 'PERB____.TTF', 'PERI____.TTF', 'PERTIBD.TTF', 'PERTILI.TTF', 'PER_____.TTF', 'phagspa.ttf', 'phagspab.ttf', 'PLAYBILL.TTF', 'POORICH.TTF', 'PRISTINA.TTF', 'RAGE.TTF', 'RAVIE.TTF', 'REFSAN.TTF', 'REFSPCL.TTF', 'ROCCB___.TTF', 'ROCC____.TTF', 'ROCK.TTF', 'ROCKB.TTF', 'ROCKBI.TTF', 'ROCKEB.TTF', 'ROCKI.TTF', 'roman.fon', 's8514fix.fon', 's8514oem.fon', 's8514sys.fon', 'SCHLBKB.TTF', 'SCHLBKBI.TTF', 'SCHLBKI.TTF', 'script.fon', 'SCRIPTBL.TTF', 'segmdl2.ttf', 'SegoeIcons.ttf', 'segoepr.ttf', 'segoeprb.ttf', 'segoesc.ttf', 'segoescb.ttf', 'segoeui.ttf', 'segoeuib.ttf', 'segoeuii.ttf', 'segoeuil.ttf', 'segoeuisl.ttf', 'segoeuiz.ttf', 'seguibl.ttf', 'seguibli.ttf', 'seguiemj.ttf', 'seguihis.ttf', 'seguili.ttf', 'seguisb.ttf', 'seguisbi.ttf', 'seguisli.ttf', 'seguisym.ttf', 'SegUIVar.ttf', 'sere1255.fon', 'sere1256.fon', 'sere1257.fon', 'serf1255.fon', 'serf1256.fon', 'serf1257.fon', 'serife.fon', 'serifee.fon', 'serifeg.fon', 'serifer.fon', 'serifet.fon', 'seriff.fon', 'seriffe.fon', 'seriffg.fon', 'seriffr.fon', 'serifft.fon', 'SHOWG.TTF', 'simfang.ttf', 'simhei.ttf', 'simkai.ttf', 'SIMLI.TTF', 'simsun.ttc', 'simsunb.ttf', 'SIMYOU.TTF', 'SitkaVF-Italic.ttf', 'SitkaVF.ttf', 'smae1255.fon', 'smae1256.fon', 'smae1257.fon', 'smaf1255.fon', 'smaf1256.fon', 'smaf1257.fon', 'smalle.fon', 'smallee.fon', 'smalleg.fon', 'smaller.fon', 'smallet.fon', 'smallf.fon', 'smallfe.fon', 'smallfg.fon', 'smallfr.fon', 'smallft.fon', 'SNAP____.TTF', 'ssee1255.fon', 'ssee1256.fon', 'ssee1257.fon', 'ssee874.fon', 'ssef1255.fon', 'ssef1256.fon', 'ssef1257.fon', 'ssef874.fon', 'sserife.fon', 'sserifee.fon', 'sserifeg.fon', 'sserifer.fon', 'sserifet.fon', 'sseriff.fon', 'sseriffe.fon', 'sseriffg.fon', 'sseriffr.fon', 'sserifft.fon', 'StaticCache.dat', 'STCAIYUN.TTF', 'STENCIL.TTF', 'STFANGSO.TTF', 'STHUPO.TTF', 'STKAITI.TTF', 'STLITI.TTF', 'STSONG.TTF', 'STXIHEI.TTF', 'STXINGKA.TTF', 'STXINWEI.TTF', 'STZHONGS.TTF', 'svgafix.fon', 'svgasys.fon', 'sylfaen.ttf', 'symbol.ttf', 'tahoma.ttf', 'tahomabd.ttf', 'taile.ttf', 'taileb.ttf', 'TCBI____.TTF', 'TCB_____.TTF', 'TCCB____.TTF', 'TCCEB.TTF', 'TCCM____.TTF', 'TCMI____.TTF', 'TCM_____.TTF', 'TEMPSITC.TTF', 'times.ttf', 'timesbd.ttf', 'timesbi.ttf', 'timesi.ttf', 'trebuc.ttf', 'trebucbd.ttf', 'trebucbi.ttf', 'trebucit.ttf', 'verdana.ttf', 'verdanab.ttf', 'verdanai.ttf', 'verdanaz.ttf', 'vga737.fon', 'vga775.fon', 'vga850.fon', 'vga852.fon', 'vga855.fon', 'vga857.fon', 'vga860.fon', 'vga861.fon', 'vga863.fon', 'vga865.fon', 'vga866.fon', 'vga869.fon', 'vga932.fon', 'vga936.fon', 'vga949.fon', 'vga950.fon', 'vgaf1255.fon', 'vgaf1256.fon', 'vgaf1257.fon', 'vgaf874.fon', 'vgafix.fon', 'vgafixe.fon', 'vgafixg.fon', 'vgafixr.fon', 'vgafixt.fon', 'vgaoem.fon', 'vgas1255.fon', 'vgas1256.fon', 'vgas1257.fon', 'vgas874.fon', 'vgasys.fon', 'vgasyse.fon', 'vgasysg.fon', 'vgasysr.fon', 'vgasyst.fon', 'VINERITC.TTF', 'VIVALDII.TTF', 'VLADIMIR.TTF', 'webdings.ttf', 'wingding.ttf', 'WINGDNG2.TTF', 'WINGDNG3.TTF', 'YuGothB.ttc', 'YuGothL.ttc', 'YuGothM.ttc', 'YuGothR.ttc', '\u534e\u5eb7\u65b9\u5706\u4f53W7.TTC', '\u65b9\u6b63\u7c97\u9ed1\u5b8b\u7b80\u4f53.ttf']
2023-09-27 15:52:54,590 - INFO - all fonts installed:['8514fix.fon', '8514fixe.fon', '8514fixg.fon', '8514fixr.fon', '8514fixt.fon', '8514oem.fon', '8514oeme.fon', '8514oemg.fon', '8514oemr.fon', '8514oemt.fon', '8514sys.fon', '8514syse.fon', '8514sysg.fon', '8514sysr.fon', '8514syst.fon', '85775.fon', '85855.fon', '85f1255.fon', '85f1256.fon', '85f1257.fon', '85f874.fon', '85s1255.fon', '85s1256.fon', '85s1257.fon', '85s874.fon', 'AGENCYB.TTF', 'AGENCYR.TTF', 'ALGER.TTF', 'ANTQUAB.TTF', 'ANTQUABI.TTF', 'ANTQUAI.TTF', 'app775.fon', 'app850.fon', 'app852.fon', 'app855.fon', 'app857.fon', 'app866.fon', 'app932.fon', 'app936.fon', 'app949.fon', 'app950.fon', 'arial.ttf', 'arialbd.ttf', 'arialbi.ttf', 'ariali.ttf', 'ARIALN.TTF', 'ARIALNB.TTF', 'ARIALNBI.TTF', 'ARIALNI.TTF', 'ariblk.ttf', 'ARLRDBD.TTF', 'AxureHandwriting-Bold.otf', 'AxureHandwriting-BoldItalic.otf', 'AxureHandwriting-Italic.otf', 'AxureHandwriting.otf', 'bahnschrift.ttf', 'BASKVILL.TTF', 'BAUHS93.TTF', 'BELL.TTF', 'BELLB.TTF', 'BELLI.TTF', 'BERNHC.TTF', 'BKANT.TTF', 'BOD_B.TTF', 'BOD_BI.TTF', 'BOD_BLAI.TTF', 'BOD_BLAR.TTF', 'BOD_CB.TTF', 'BOD_CBI.TTF', 'BOD_CI.TTF', 'BOD_CR.TTF', 'BOD_I.TTF', 'BOD_PSTC.TTF', 'BOD_R.TTF', 'BOOKOS.TTF', 'BOOKOSB.TTF', 'BOOKOSBI.TTF', 'BOOKOSI.TTF', 'BRADHITC.TTF', 'BRITANIC.TTF', 'BRLNSB.TTF', 'BRLNSDB.TTF', 'BRLNSR.TTF', 'BROADW.TTF', 'BRUSHSCI.TTF', 'BSSYM7.TTF', 'c8514fix.fon', 'c8514oem.fon', 'c8514sys.fon', 'calibri.ttf', 'calibrib.ttf', 'calibrii.ttf', 'calibril.ttf', 'calibrili.ttf', 'calibriz.ttf', 'CALIFB.TTF', 'CALIFI.TTF', 'CALIFR.TTF', 'CALIST.TTF', 'CALISTB.TTF', 'CALISTBI.TTF', 'CALISTI.TTF', 'cambria.ttc', 'cambriab.ttf', 'cambriai.ttf', 'cambriaz.ttf', 'Candara.ttf', 'Candarab.ttf', 'Candarai.ttf', 'Candaral.ttf', 'Candarali.ttf', 'Candaraz.ttf', 'CascadiaCode.ttf', 'CascadiaMono.ttf', 'CASTELAR.TTF', 'CENSCBK.TTF', 'CENTAUR.TTF', 'CENTURY.TTF', 'cga40737.fon', 'cga40850.fon', 'cga40852.fon', 'cga40857.fon', 'cga40866.fon', 'cga40869.fon', 'cga40woa.fon', 'cga80737.fon', 'cga80850.fon', 'cga80852.fon', 'cga80857.fon', 'cga80866.fon', 'cga80869.fon', 'cga80woa.fon', 'CHILLER.TTF', 'COLONNA.TTF', 'comic.ttf', 'comicbd.ttf', 'comici.ttf', 'comicz.ttf', 'consola.ttf', 'consolab.ttf', 'consolai.ttf', 'consolaz.ttf', 'constan.ttf', 'constanb.ttf', 'constani.ttf', 'constanz.ttf', 'COOPBL.TTF', 'COPRGTB.TTF', 'COPRGTL.TTF', 'corbel.ttf', 'corbelb.ttf', 'corbeli.ttf', 'corbell.ttf', 'corbelli.ttf', 'corbelz.ttf', 'coue1255.fon', 'coue1256.fon', 'coue1257.fon', 'couf1255.fon', 'couf1256.fon', 'couf1257.fon', 'cour.ttf', 'courbd.ttf', 'courbi.ttf', 'coure.fon', 'couree.fon', 'coureg.fon', 'courer.fon', 'couret.fon', 'courf.fon', 'courfe.fon', 'courfg.fon', 'courfr.fon', 'courft.fon', 'couri.ttf', 'CURLZ___.TTF', 'cvgafix.fon', 'cvgasys.fon', 'Deng.ttf', 'Dengb.ttf', 'Dengl.ttf', 'desktop.ini', 'dos737.fon', 'dos869.fon', 'dosapp.fon', 'DUBAI-BOLD.TTF', 'DUBAI-LIGHT.TTF', 'DUBAI-MEDIUM.TTF', 'DUBAI-REGULAR.TTF', 'ebrima.ttf', 'ebrimabd.ttf', 'ega40737.fon', 'ega40850.fon', 'ega40852.fon', 'ega40857.fon', 'ega40866.fon', 'ega40869.fon', 'ega40woa.fon', 'ega80737.fon', 'ega80850.fon', 'ega80852.fon', 'ega80857.fon', 'ega80866.fon', 'ega80869.fon', 'ega80woa.fon', 'ELEPHNT.TTF', 'ELEPHNTI.TTF', 'ENGR.TTF', 'ERASBD.TTF', 'ERASDEMI.TTF', 'ERASLGHT.TTF', 'ERASMD.TTF', 'FELIXTI.TTF', 'fms_metadata.xml', 'FORTE.TTF', 'FRABK.TTF', 'FRABKIT.TTF', 'FRADM.TTF', 'FRADMCN.TTF', 'FRADMIT.TTF', 'FRAHV.TTF', 'FRAHVIT.TTF', 'framd.ttf', 'FRAMDCN.TTF', 'framdit.ttf', 'FREESCPT.TTF', 'FRSCRIPT.TTF', 'FTLTLT.TTF', 'FZSTK.TTF', 'FZYTK.TTF', 'Gabriola.ttf', 'gadugi.ttf', 'gadugib.ttf', 'GARA.TTF', 'GARABD.TTF', 'GARAIT.TTF', 'georgia.ttf', 'georgiab.ttf', 'georgiai.ttf', 'georgiaz.ttf', 'GIGI.TTF', 'GILBI___.TTF', 'GILB____.TTF', 'GILC____.TTF', 'GILI____.TTF', 'GILLUBCD.TTF', 'GILSANUB.TTF', 'GIL_____.TTF', 'GLECB.TTF', 'GlobalMonospace.CompositeFont', 'GlobalSansSerif.CompositeFont', 'GlobalSerif.CompositeFont', 'GlobalUserInterface.CompositeFont', 'GLSNECB.TTF', 'GOTHIC.TTF', 'GOTHICB.TTF', 'GOTHICBI.TTF', 'GOTHICI.TTF', 'GOUDOS.TTF', 'GOUDOSB.TTF', 'GOUDOSI.TTF', 'GOUDYSTO.TTF', 'h8514fix.fon', 'h8514oem.fon', 'h8514sys.fon', 'HARLOWSI.TTF', 'HARNGTON.TTF', 'HATTEN.TTF', 'HGB1X_CNKI.ttf', 'HGB1_CNKI.ttf', 'HGB2X_CNKI.ttf', 'HGB2_CNKI.ttf', 'HGB3X_CNKI.ttf', 'HGB3_CNKI.ttf', 'HGB4X_CNKI.ttf', 'HGB4_CNKI.ttf', 'HGB5X_CNKI.ttf', 'HGB5_CNKI.ttf', 'HGB6X_CNKI.ttf', 'HGB6_CNKI.ttf', 'HGB7X_CNKI.ttf', 'HGB7_CNKI.ttf', 'HGB8X_CNKI.ttf', 'HGB8_CNKI.ttf', 'HGBD_CNKI.ttf', 'HGBKBX_CNKI.ttf', 'HGBKB_CNKI.ttf', 'HGBKHX_CNKI.ttf', 'HGBKH_CNKI.ttf', 'HGBS1_CNKI.TTF', 'HGBS2_CNKI.TTF', 'HGBS_CNKI.TTF', 'HGBTH_CNKI.TTF', 'HGBTS_CNKI.TTF', 'HGBX_CNKI.ttf', 'HGBZ_CNKI.ttf', 'HGCH_CNKI.TTF', 'HGCUH_CNKI.TTF', 'HGCY_CNKI.TTF', 'HGDBS_CNKI.TTF', 'HGDGY_CNKI.TTF', 'HGDH2_CNKI.TTF', 'HGDH_CNKI.TTF', 'HGDYS_CNKI.TTF', 'HGDY_CNKI.ttf', 'HGF1X_CNKI.ttf', 'HGF1_CNKI.ttf', 'HGF2X_CNKI.ttf', 'HGF2_CNKI.ttf', 'HGF3_CNKI.ttf', 'HGF4X_CNKI.ttf', 'HGF4_CNKI.ttf', 'HGF5X_CNKI.ttf', 'HGF5_CNKI.ttf', 'HGF6X_CNKI.ttf', 'HGF6_CNKI.ttf', 'HGF7X_CNKI.ttf', 'HGF7_CNKI.ttf', 'HGF8_CNKI.ttf', 'HGF9X_CNKI.ttf', 'HGF9_CNKI.ttf', 'HGFS1_CNKI.TTF', 'HGFS2_CNKI.TTF', 'HGFSH_CNKI.TTF', 'HGFS_CNKI.TTF', 'HGFX_CNKI.ttf', 'HGFZ_CNKI.ttf', 'HGGG_CNKI.TTF', 'HGH1X_CNKI.ttf', 'HGH1_CNKI.ttf', 'HGH2X_CNKI.ttf', 'HGH2_CNKI.ttf', 'HGH3X_CNKI.ttf', 'HGH3_CNKI.ttf', 'HGH4X_CNKI.ttf', 'HGH4_CNKI.ttf', 'HGH5X_CNKI.ttf', 'HGH5_CNKI.ttf', 'HGH6X_CNKI.ttf', 'HGH6_CNKI.ttf', 'HGH7X_CNKI.ttf', 'HGH7_CNKI.ttf', 'HGHB_CNKI.TTF', 'HGHD_CNKI.ttf', 'HGHP_CNKI.TTF', 'HGHT1_CNKI.ttf', 'HGHT2_CNKI.ttf', 'HGHUATI_CNKI.ttf', 'HGHX_CNKI.ttf', 'HGHZ_CNKI.ttf', 'HGH_CNKI.TTF', 'HGKT1_CNKI.TTF', 'HGKT2_CNKI.TTF', 'HGKT_CNKI.TTF', 'HGKY_CNKI.ttf', 'HGLB_CNKI.TTF', 'HGLS_CNKI.TTF', 'HGMH_CNKI.TTF', 'HGNBS_CNKI.ttf', 'HGOCR_CNKI.ttf', 'HGPH_CNKI.TTF', 'HGPTY_CNKI.TTF', 'HGSS1_CNKI.TTF', 'HGSS2_CNKI.TTF', 'HGSS_CNKI.TTF', 'HGSXT_CNKI.ttf', 'HGTT_CNKI.ttf', 'HGTX_CNKI.TTF', 'HGWT_CNKI.TTF', 'HGWYS_CNKI.TTF', 'HGX1X_CNKI.ttf', 'HGX1_CNKI.ttf', 'HGXBS_CNKI.TTF', 'HGXC_CNKI.TTF', 'HGXF1_CNKI.ttf', 'HGXFX_CNKI.ttf', 'HGXFZ_CNKI.ttf', 'HGXH1_CNKI.TTF', 'HGXH_CNKI.TTF', 'HGXK_CNKI.TTF', 'HGXL_CNKI.TTF', 'HGXS_CNKI.TTF', 'HGXT_CNKI.ttf', 'HGXY_CNKI.ttf', 'HGY1_CNKI.TTF', 'HGY2_CNKI.TTF', 'HGY3_CNKI.TTF', 'HGY4_CNKI.TTF', 'HGYB_CNKI.ttf', 'HGYT1_CNKI.ttf', 'HGYT2_CNKI.ttf', 'HGYT_CNKI.TTF', 'HGYX_CNKI.TTF', 'HGZCS_CNKI.TTF', 'HGZDX_CNKI.TTF', 'HGZK_CNKI.TTF', 'HGZYT_CNKI.TTF', 'HGZY_CNKI.TTF', 'himalaya.ttf', 'holomdl2.ttf', 'HTOWERT.TTF', 'HTOWERTI.TTF', 'hvgafix.fon', 'hvgasys.fon', 'impact.ttf', 'IMPRISHA.TTF', 'INFROMAN.TTF', 'Inkfree.ttf', 'iqiyi_logov7.ttf', 'ITCBLKAD.TTF', 'ITCEDSCR.TTF', 'ITCKRIST.TTF', 'j8514fix.fon', 'j8514oem.fon', 'j8514sys.fon', 'javatext.ttf', 'JOKERMAN.TTF', 'jsmalle.fon', 'jsmallf.fon', 'JUICE___.TTF', 'jvgafix.fon', 'jvgasys.fon', 'KUNSTLER.TTF', 'LATINWD.TTF', 'LBRITE.TTF', 'LBRITED.TTF', 'LBRITEDI.TTF', 'LBRITEI.TTF', 'LCALLIG.TTF', 'LeelaUIb.ttf', 'LeelawUI.ttf', 'LeelUIsl.ttf', 'LFAX.TTF', 'LFAXD.TTF', 'LFAXDI.TTF', 'LFAXI.TTF', 'LHANDW.TTF', 'LSANS.TTF', 'LSANSD.TTF', 'LSANSDI.TTF', 'LSANSI.TTF', 'LTYPE.TTF', 'LTYPEB.TTF', 'LTYPEBO.TTF', 'LTYPEO.TTF', 'lucon.ttf', 'l_10646.ttf', 'MAGNETOB.TTF', 'MAIAN.TTF', 'malgun.ttf', 'malgunbd.ttf', 'malgunsl.ttf', 'marlett.ttf', 'MATURASC.TTF', 'micross.ttf', 'mingliub.ttc', 'MISTRAL.TTF', 'mmrtext.ttf', 'mmrtextb.ttf', 'MOD20.TTF', 'modern.fon', 'monbaiti.ttf', 'msgothic.ttc', 'msjh.ttc', 'msjhbd.ttc', 'msjhl.ttc', 'msyh.ttc', 'msyhbd.ttc', 'msyhl.ttc', 'msyi.ttf', 'MTCORSVA.TTF', 'MTEXTRA.TTF', 'mvboli.ttf', 'NIAGENG.TTF', 'NIAGSOL.TTF', 'Nirmala.ttf', 'NirmalaB.ttf', 'NirmalaS.ttf', 'ntailu.ttf', 'ntailub.ttf', 'NumberOnly.ttf', 'OCRAEXT.TTF', 'OLDENGL.TTF', 'ONYX.TTF', 'OUTLOOK.TTF', 'pala.ttf', 'palab.ttf', 'palabi.ttf', 'palai.ttf', 'PALSCRI.TTF', 'PAPYRUS.TTF', 'PARCHM.TTF', 'PERBI___.TTF', 'PERB____.TTF', 'PERI____.TTF', 'PERTIBD.TTF', 'PERTILI.TTF', 'PER_____.TTF', 'phagspa.ttf', 'phagspab.ttf', 'PLAYBILL.TTF', 'POORICH.TTF', 'PRISTINA.TTF', 'RAGE.TTF', 'RAVIE.TTF', 'REFSAN.TTF', 'REFSPCL.TTF', 'ROCCB___.TTF', 'ROCC____.TTF', 'ROCK.TTF', 'ROCKB.TTF', 'ROCKBI.TTF', 'ROCKEB.TTF', 'ROCKI.TTF', 'roman.fon', 's8514fix.fon', 's8514oem.fon', 's8514sys.fon', 'SCHLBKB.TTF', 'SCHLBKBI.TTF', 'SCHLBKI.TTF', 'script.fon', 'SCRIPTBL.TTF', 'segmdl2.ttf', 'SegoeIcons.ttf', 'segoepr.ttf', 'segoeprb.ttf', 'segoesc.ttf', 'segoescb.ttf', 'segoeui.ttf', 'segoeuib.ttf', 'segoeuii.ttf', 'segoeuil.ttf', 'segoeuisl.ttf', 'segoeuiz.ttf', 'seguibl.ttf', 'seguibli.ttf', 'seguiemj.ttf', 'seguihis.ttf', 'seguili.ttf', 'seguisb.ttf', 'seguisbi.ttf', 'seguisli.ttf', 'seguisym.ttf', 'SegUIVar.ttf', 'sere1255.fon', 'sere1256.fon', 'sere1257.fon', 'serf1255.fon', 'serf1256.fon', 'serf1257.fon', 'serife.fon', 'serifee.fon', 'serifeg.fon', 'serifer.fon', 'serifet.fon', 'seriff.fon', 'seriffe.fon', 'seriffg.fon', 'seriffr.fon', 'serifft.fon', 'SHOWG.TTF', 'simfang.ttf', 'simhei.ttf', 'simkai.ttf', 'SIMLI.TTF', 'simsun.ttc', 'simsunb.ttf', 'SIMYOU.TTF', 'SitkaVF-Italic.ttf', 'SitkaVF.ttf', 'smae1255.fon', 'smae1256.fon', 'smae1257.fon', 'smaf1255.fon', 'smaf1256.fon', 'smaf1257.fon', 'smalle.fon', 'smallee.fon', 'smalleg.fon', 'smaller.fon', 'smallet.fon', 'smallf.fon', 'smallfe.fon', 'smallfg.fon', 'smallfr.fon', 'smallft.fon', 'SNAP____.TTF', 'ssee1255.fon', 'ssee1256.fon', 'ssee1257.fon', 'ssee874.fon', 'ssef1255.fon', 'ssef1256.fon', 'ssef1257.fon', 'ssef874.fon', 'sserife.fon', 'sserifee.fon', 'sserifeg.fon', 'sserifer.fon', 'sserifet.fon', 'sseriff.fon', 'sseriffe.fon', 'sseriffg.fon', 'sseriffr.fon', 'sserifft.fon', 'StaticCache.dat', 'STCAIYUN.TTF', 'STENCIL.TTF', 'STFANGSO.TTF', 'STHUPO.TTF', 'STKAITI.TTF', 'STLITI.TTF', 'STSONG.TTF', 'STXIHEI.TTF', 'STXINGKA.TTF', 'STXINWEI.TTF', 'STZHONGS.TTF', 'svgafix.fon', 'svgasys.fon', 'sylfaen.ttf', 'symbol.ttf', 'tahoma.ttf', 'tahomabd.ttf', 'taile.ttf', 'taileb.ttf', 'TCBI____.TTF', 'TCB_____.TTF', 'TCCB____.TTF', 'TCCEB.TTF', 'TCCM____.TTF', 'TCMI____.TTF', 'TCM_____.TTF', 'TEMPSITC.TTF', 'times.ttf', 'timesbd.ttf', 'timesbi.ttf', 'timesi.ttf', 'trebuc.ttf', 'trebucbd.ttf', 'trebucbi.ttf', 'trebucit.ttf', 'verdana.ttf', 'verdanab.ttf', 'verdanai.ttf', 'verdanaz.ttf', 'vga737.fon', 'vga775.fon', 'vga850.fon', 'vga852.fon', 'vga855.fon', 'vga857.fon', 'vga860.fon', 'vga861.fon', 'vga863.fon', 'vga865.fon', 'vga866.fon', 'vga869.fon', 'vga932.fon', 'vga936.fon', 'vga949.fon', 'vga950.fon', 'vgaf1255.fon', 'vgaf1256.fon', 'vgaf1257.fon', 'vgaf874.fon', 'vgafix.fon', 'vgafixe.fon', 'vgafixg.fon', 'vgafixr.fon', 'vgafixt.fon', 'vgaoem.fon', 'vgas1255.fon', 'vgas1256.fon', 'vgas1257.fon', 'vgas874.fon', 'vgasys.fon', 'vgasyse.fon', 'vgasysg.fon', 'vgasysr.fon', 'vgasyst.fon', 'VINERITC.TTF', 'VIVALDII.TTF', 'VLADIMIR.TTF', 'webdings.ttf', 'wingding.ttf', 'WINGDNG2.TTF', 'WINGDNG3.TTF', 'YuGothB.ttc', 'YuGothL.ttc', 'YuGothM.ttc', 'YuGothR.ttc', '\u534e\u5eb7\u65b9\u5706\u4f53W7.TTC', '\u65b9\u6b63\u7c97\u9ed1\u5b8b\u7b80\u4f53.ttf']
2023-09-27 15:52:54,593 - INFO - all fonts installed:['8514fix.fon', '8514fixe.fon', '8514fixg.fon', '8514fixr.fon', '8514fixt.fon', '8514oem.fon', '8514oeme.fon', '8514oemg.fon', '8514oemr.fon', '8514oemt.fon', '8514sys.fon', '8514syse.fon', '8514sysg.fon', '8514sysr.fon', '8514syst.fon', '85775.fon', '85855.fon', '85f1255.fon', '85f1256.fon', '85f1257.fon', '85f874.fon', '85s1255.fon', '85s1256.fon', '85s1257.fon', '85s874.fon', 'AGENCYB.TTF', 'AGENCYR.TTF', 'ALGER.TTF', 'ANTQUAB.TTF', 'ANTQUABI.TTF', 'ANTQUAI.TTF', 'app775.fon', 'app850.fon', 'app852.fon', 'app855.fon', 'app857.fon', 'app866.fon', 'app932.fon', 'app936.fon', 'app949.fon', 'app950.fon', 'arial.ttf', 'arialbd.ttf', 'arialbi.ttf', 'ariali.ttf', 'ARIALN.TTF', 'ARIALNB.TTF', 'ARIALNBI.TTF', 'ARIALNI.TTF', 'ariblk.ttf', 'ARLRDBD.TTF', 'AxureHandwriting-Bold.otf', 'AxureHandwriting-BoldItalic.otf', 'AxureHandwriting-Italic.otf', 'AxureHandwriting.otf', 'bahnschrift.ttf', 'BASKVILL.TTF', 'BAUHS93.TTF', 'BELL.TTF', 'BELLB.TTF', 'BELLI.TTF', 'BERNHC.TTF', 'BKANT.TTF', 'BOD_B.TTF', 'BOD_BI.TTF', 'BOD_BLAI.TTF', 'BOD_BLAR.TTF', 'BOD_CB.TTF', 'BOD_CBI.TTF', 'BOD_CI.TTF', 'BOD_CR.TTF', 'BOD_I.TTF', 'BOD_PSTC.TTF', 'BOD_R.TTF', 'BOOKOS.TTF', 'BOOKOSB.TTF', 'BOOKOSBI.TTF', 'BOOKOSI.TTF', 'BRADHITC.TTF', 'BRITANIC.TTF', 'BRLNSB.TTF', 'BRLNSDB.TTF', 'BRLNSR.TTF', 'BROADW.TTF', 'BRUSHSCI.TTF', 'BSSYM7.TTF', 'c8514fix.fon', 'c8514oem.fon', 'c8514sys.fon', 'calibri.ttf', 'calibrib.ttf', 'calibrii.ttf', 'calibril.ttf', 'calibrili.ttf', 'calibriz.ttf', 'CALIFB.TTF', 'CALIFI.TTF', 'CALIFR.TTF', 'CALIST.TTF', 'CALISTB.TTF', 'CALISTBI.TTF', 'CALISTI.TTF', 'cambria.ttc', 'cambriab.ttf', 'cambriai.ttf', 'cambriaz.ttf', 'Candara.ttf', 'Candarab.ttf', 'Candarai.ttf', 'Candaral.ttf', 'Candarali.ttf', 'Candaraz.ttf', 'CascadiaCode.ttf', 'CascadiaMono.ttf', 'CASTELAR.TTF', 'CENSCBK.TTF', 'CENTAUR.TTF', 'CENTURY.TTF', 'cga40737.fon', 'cga40850.fon', 'cga40852.fon', 'cga40857.fon', 'cga40866.fon', 'cga40869.fon', 'cga40woa.fon', 'cga80737.fon', 'cga80850.fon', 'cga80852.fon', 'cga80857.fon', 'cga80866.fon', 'cga80869.fon', 'cga80woa.fon', 'CHILLER.TTF', 'COLONNA.TTF', 'comic.ttf', 'comicbd.ttf', 'comici.ttf', 'comicz.ttf', 'consola.ttf', 'consolab.ttf', 'consolai.ttf', 'consolaz.ttf', 'constan.ttf', 'constanb.ttf', 'constani.ttf', 'constanz.ttf', 'COOPBL.TTF', 'COPRGTB.TTF', 'COPRGTL.TTF', 'corbel.ttf', 'corbelb.ttf', 'corbeli.ttf', 'corbell.ttf', 'corbelli.ttf', 'corbelz.ttf', 'coue1255.fon', 'coue1256.fon', 'coue1257.fon', 'couf1255.fon', 'couf1256.fon', 'couf1257.fon', 'cour.ttf', 'courbd.ttf', 'courbi.ttf', 'coure.fon', 'couree.fon', 'coureg.fon', 'courer.fon', 'couret.fon', 'courf.fon', 'courfe.fon', 'courfg.fon', 'courfr.fon', 'courft.fon', 'couri.ttf', 'CURLZ___.TTF', 'cvgafix.fon', 'cvgasys.fon', 'Deng.ttf', 'Dengb.ttf', 'Dengl.ttf', 'desktop.ini', 'dos737.fon', 'dos869.fon', 'dosapp.fon', 'DUBAI-BOLD.TTF', 'DUBAI-LIGHT.TTF', 'DUBAI-MEDIUM.TTF', 'DUBAI-REGULAR.TTF', 'ebrima.ttf', 'ebrimabd.ttf', 'ega40737.fon', 'ega40850.fon', 'ega40852.fon', 'ega40857.fon', 'ega40866.fon', 'ega40869.fon', 'ega40woa.fon', 'ega80737.fon', 'ega80850.fon', 'ega80852.fon', 'ega80857.fon', 'ega80866.fon', 'ega80869.fon', 'ega80woa.fon', 'ELEPHNT.TTF', 'ELEPHNTI.TTF', 'ENGR.TTF', 'ERASBD.TTF', 'ERASDEMI.TTF', 'ERASLGHT.TTF', 'ERASMD.TTF', 'FELIXTI.TTF', 'fms_metadata.xml', 'FORTE.TTF', 'FRABK.TTF', 'FRABKIT.TTF', 'FRADM.TTF', 'FRADMCN.TTF', 'FRADMIT.TTF', 'FRAHV.TTF', 'FRAHVIT.TTF', 'framd.ttf', 'FRAMDCN.TTF', 'framdit.ttf', 'FREESCPT.TTF', 'FRSCRIPT.TTF', 'FTLTLT.TTF', 'FZSTK.TTF', 'FZYTK.TTF', 'Gabriola.ttf', 'gadugi.ttf', 'gadugib.ttf', 'GARA.TTF', 'GARABD.TTF', 'GARAIT.TTF', 'georgia.ttf', 'georgiab.ttf', 'georgiai.ttf', 'georgiaz.ttf', 'GIGI.TTF', 'GILBI___.TTF', 'GILB____.TTF', 'GILC____.TTF', 'GILI____.TTF', 'GILLUBCD.TTF', 'GILSANUB.TTF', 'GIL_____.TTF', 'GLECB.TTF', 'GlobalMonospace.CompositeFont', 'GlobalSansSerif.CompositeFont', 'GlobalSerif.CompositeFont', 'GlobalUserInterface.CompositeFont', 'GLSNECB.TTF', 'GOTHIC.TTF', 'GOTHICB.TTF', 'GOTHICBI.TTF', 'GOTHICI.TTF', 'GOUDOS.TTF', 'GOUDOSB.TTF', 'GOUDOSI.TTF', 'GOUDYSTO.TTF', 'h8514fix.fon', 'h8514oem.fon', 'h8514sys.fon', 'HARLOWSI.TTF', 'HARNGTON.TTF', 'HATTEN.TTF', 'HGB1X_CNKI.ttf', 'HGB1_CNKI.ttf', 'HGB2X_CNKI.ttf', 'HGB2_CNKI.ttf', 'HGB3X_CNKI.ttf', 'HGB3_CNKI.ttf', 'HGB4X_CNKI.ttf', 'HGB4_CNKI.ttf', 'HGB5X_CNKI.ttf', 'HGB5_CNKI.ttf', 'HGB6X_CNKI.ttf', 'HGB6_CNKI.ttf', 'HGB7X_CNKI.ttf', 'HGB7_CNKI.ttf', 'HGB8X_CNKI.ttf', 'HGB8_CNKI.ttf', 'HGBD_CNKI.ttf', 'HGBKBX_CNKI.ttf', 'HGBKB_CNKI.ttf', 'HGBKHX_CNKI.ttf', 'HGBKH_CNKI.ttf', 'HGBS1_CNKI.TTF', 'HGBS2_CNKI.TTF', 'HGBS_CNKI.TTF', 'HGBTH_CNKI.TTF', 'HGBTS_CNKI.TTF', 'HGBX_CNKI.ttf', 'HGBZ_CNKI.ttf', 'HGCH_CNKI.TTF', 'HGCUH_CNKI.TTF', 'HGCY_CNKI.TTF', 'HGDBS_CNKI.TTF', 'HGDGY_CNKI.TTF', 'HGDH2_CNKI.TTF', 'HGDH_CNKI.TTF', 'HGDYS_CNKI.TTF', 'HGDY_CNKI.ttf', 'HGF1X_CNKI.ttf', 'HGF1_CNKI.ttf', 'HGF2X_CNKI.ttf', 'HGF2_CNKI.ttf', 'HGF3_CNKI.ttf', 'HGF4X_CNKI.ttf', 'HGF4_CNKI.ttf', 'HGF5X_CNKI.ttf', 'HGF5_CNKI.ttf', 'HGF6X_CNKI.ttf', 'HGF6_CNKI.ttf', 'HGF7X_CNKI.ttf', 'HGF7_CNKI.ttf', 'HGF8_CNKI.ttf', 'HGF9X_CNKI.ttf', 'HGF9_CNKI.ttf', 'HGFS1_CNKI.TTF', 'HGFS2_CNKI.TTF', 'HGFSH_CNKI.TTF', 'HGFS_CNKI.TTF', 'HGFX_CNKI.ttf', 'HGFZ_CNKI.ttf', 'HGGG_CNKI.TTF', 'HGH1X_CNKI.ttf', 'HGH1_CNKI.ttf', 'HGH2X_CNKI.ttf', 'HGH2_CNKI.ttf', 'HGH3X_CNKI.ttf', 'HGH3_CNKI.ttf', 'HGH4X_CNKI.ttf', 'HGH4_CNKI.ttf', 'HGH5X_CNKI.ttf', 'HGH5_CNKI.ttf', 'HGH6X_CNKI.ttf', 'HGH6_CNKI.ttf', 'HGH7X_CNKI.ttf', 'HGH7_CNKI.ttf', 'HGHB_CNKI.TTF', 'HGHD_CNKI.ttf', 'HGHP_CNKI.TTF', 'HGHT1_CNKI.ttf', 'HGHT2_CNKI.ttf', 'HGHUATI_CNKI.ttf', 'HGHX_CNKI.ttf', 'HGHZ_CNKI.ttf', 'HGH_CNKI.TTF', 'HGKT1_CNKI.TTF', 'HGKT2_CNKI.TTF', 'HGKT_CNKI.TTF', 'HGKY_CNKI.ttf', 'HGLB_CNKI.TTF', 'HGLS_CNKI.TTF', 'HGMH_CNKI.TTF', 'HGNBS_CNKI.ttf', 'HGOCR_CNKI.ttf', 'HGPH_CNKI.TTF', 'HGPTY_CNKI.TTF', 'HGSS1_CNKI.TTF', 'HGSS2_CNKI.TTF', 'HGSS_CNKI.TTF', 'HGSXT_CNKI.ttf', 'HGTT_CNKI.ttf', 'HGTX_CNKI.TTF', 'HGWT_CNKI.TTF', 'HGWYS_CNKI.TTF', 'HGX1X_CNKI.ttf', 'HGX1_CNKI.ttf', 'HGXBS_CNKI.TTF', 'HGXC_CNKI.TTF', 'HGXF1_CNKI.ttf', 'HGXFX_CNKI.ttf', 'HGXFZ_CNKI.ttf', 'HGXH1_CNKI.TTF', 'HGXH_CNKI.TTF', 'HGXK_CNKI.TTF', 'HGXL_CNKI.TTF', 'HGXS_CNKI.TTF', 'HGXT_CNKI.ttf', 'HGXY_CNKI.ttf', 'HGY1_CNKI.TTF', 'HGY2_CNKI.TTF', 'HGY3_CNKI.TTF', 'HGY4_CNKI.TTF', 'HGYB_CNKI.ttf', 'HGYT1_CNKI.ttf', 'HGYT2_CNKI.ttf', 'HGYT_CNKI.TTF', 'HGYX_CNKI.TTF', 'HGZCS_CNKI.TTF', 'HGZDX_CNKI.TTF', 'HGZK_CNKI.TTF', 'HGZYT_CNKI.TTF', 'HGZY_CNKI.TTF', 'himalaya.ttf', 'holomdl2.ttf', 'HTOWERT.TTF', 'HTOWERTI.TTF', 'hvgafix.fon', 'hvgasys.fon', 'impact.ttf', 'IMPRISHA.TTF', 'INFROMAN.TTF', 'Inkfree.ttf', 'iqiyi_logov7.ttf', 'ITCBLKAD.TTF', 'ITCEDSCR.TTF', 'ITCKRIST.TTF', 'j8514fix.fon', 'j8514oem.fon', 'j8514sys.fon', 'javatext.ttf', 'JOKERMAN.TTF', 'jsmalle.fon', 'jsmallf.fon', 'JUICE___.TTF', 'jvgafix.fon', 'jvgasys.fon', 'KUNSTLER.TTF', 'LATINWD.TTF', 'LBRITE.TTF', 'LBRITED.TTF', 'LBRITEDI.TTF', 'LBRITEI.TTF', 'LCALLIG.TTF', 'LeelaUIb.ttf', 'LeelawUI.ttf', 'LeelUIsl.ttf', 'LFAX.TTF', 'LFAXD.TTF', 'LFAXDI.TTF', 'LFAXI.TTF', 'LHANDW.TTF', 'LSANS.TTF', 'LSANSD.TTF', 'LSANSDI.TTF', 'LSANSI.TTF', 'LTYPE.TTF', 'LTYPEB.TTF', 'LTYPEBO.TTF', 'LTYPEO.TTF', 'lucon.ttf', 'l_10646.ttf', 'MAGNETOB.TTF', 'MAIAN.TTF', 'malgun.ttf', 'malgunbd.ttf', 'malgunsl.ttf', 'marlett.ttf', 'MATURASC.TTF', 'micross.ttf', 'mingliub.ttc', 'MISTRAL.TTF', 'mmrtext.ttf', 'mmrtextb.ttf', 'MOD20.TTF', 'modern.fon', 'monbaiti.ttf', 'msgothic.ttc', 'msjh.ttc', 'msjhbd.ttc', 'msjhl.ttc', 'msyh.ttc', 'msyhbd.ttc', 'msyhl.ttc', 'msyi.ttf', 'MTCORSVA.TTF', 'MTEXTRA.TTF', 'mvboli.ttf', 'NIAGENG.TTF', 'NIAGSOL.TTF', 'Nirmala.ttf', 'NirmalaB.ttf', 'NirmalaS.ttf', 'ntailu.ttf', 'ntailub.ttf', 'NumberOnly.ttf', 'OCRAEXT.TTF', 'OLDENGL.TTF', 'ONYX.TTF', 'OUTLOOK.TTF', 'pala.ttf', 'palab.ttf', 'palabi.ttf', 'palai.ttf', 'PALSCRI.TTF', 'PAPYRUS.TTF', 'PARCHM.TTF', 'PERBI___.TTF', 'PERB____.TTF', 'PERI____.TTF', 'PERTIBD.TTF', 'PERTILI.TTF', 'PER_____.TTF', 'phagspa.ttf', 'phagspab.ttf', 'PLAYBILL.TTF', 'POORICH.TTF', 'PRISTINA.TTF', 'RAGE.TTF', 'RAVIE.TTF', 'REFSAN.TTF', 'REFSPCL.TTF', 'ROCCB___.TTF', 'ROCC____.TTF', 'ROCK.TTF', 'ROCKB.TTF', 'ROCKBI.TTF', 'ROCKEB.TTF', 'ROCKI.TTF', 'roman.fon', 's8514fix.fon', 's8514oem.fon', 's8514sys.fon', 'SCHLBKB.TTF', 'SCHLBKBI.TTF', 'SCHLBKI.TTF', 'script.fon', 'SCRIPTBL.TTF', 'segmdl2.ttf', 'SegoeIcons.ttf', 'segoepr.ttf', 'segoeprb.ttf', 'segoesc.ttf', 'segoescb.ttf', 'segoeui.ttf', 'segoeuib.ttf', 'segoeuii.ttf', 'segoeuil.ttf', 'segoeuisl.ttf', 'segoeuiz.ttf', 'seguibl.ttf', 'seguibli.ttf', 'seguiemj.ttf', 'seguihis.ttf', 'seguili.ttf', 'seguisb.ttf', 'seguisbi.ttf', 'seguisli.ttf', 'seguisym.ttf', 'SegUIVar.ttf', 'sere1255.fon', 'sere1256.fon', 'sere1257.fon', 'serf1255.fon', 'serf1256.fon', 'serf1257.fon', 'serife.fon', 'serifee.fon', 'serifeg.fon', 'serifer.fon', 'serifet.fon', 'seriff.fon', 'seriffe.fon', 'seriffg.fon', 'seriffr.fon', 'serifft.fon', 'SHOWG.TTF', 'simfang.ttf', 'simhei.ttf', 'simkai.ttf', 'SIMLI.TTF', 'simsun.ttc', 'simsunb.ttf', 'SIMYOU.TTF', 'SitkaVF-Italic.ttf', 'SitkaVF.ttf', 'smae1255.fon', 'smae1256.fon', 'smae1257.fon', 'smaf1255.fon', 'smaf1256.fon', 'smaf1257.fon', 'smalle.fon', 'smallee.fon', 'smalleg.fon', 'smaller.fon', 'smallet.fon', 'smallf.fon', 'smallfe.fon', 'smallfg.fon', 'smallfr.fon', 'smallft.fon', 'SNAP____.TTF', 'ssee1255.fon', 'ssee1256.fon', 'ssee1257.fon', 'ssee874.fon', 'ssef1255.fon', 'ssef1256.fon', 'ssef1257.fon', 'ssef874.fon', 'sserife.fon', 'sserifee.fon', 'sserifeg.fon', 'sserifer.fon', 'sserifet.fon', 'sseriff.fon', 'sseriffe.fon', 'sseriffg.fon', 'sseriffr.fon', 'sserifft.fon', 'StaticCache.dat', 'STCAIYUN.TTF', 'STENCIL.TTF', 'STFANGSO.TTF', 'STHUPO.TTF', 'STKAITI.TTF', 'STLITI.TTF', 'STSONG.TTF', 'STXIHEI.TTF', 'STXINGKA.TTF', 'STXINWEI.TTF', 'STZHONGS.TTF', 'svgafix.fon', 'svgasys.fon', 'sylfaen.ttf', 'symbol.ttf', 'tahoma.ttf', 'tahomabd.ttf', 'taile.ttf', 'taileb.ttf', 'TCBI____.TTF', 'TCB_____.TTF', 'TCCB____.TTF', 'TCCEB.TTF', 'TCCM____.TTF', 'TCMI____.TTF', 'TCM_____.TTF', 'TEMPSITC.TTF', 'times.ttf', 'timesbd.ttf', 'timesbi.ttf', 'timesi.ttf', 'trebuc.ttf', 'trebucbd.ttf', 'trebucbi.ttf', 'trebucit.ttf', 'verdana.ttf', 'verdanab.ttf', 'verdanai.ttf', 'verdanaz.ttf', 'vga737.fon', 'vga775.fon', 'vga850.fon', 'vga852.fon', 'vga855.fon', 'vga857.fon', 'vga860.fon', 'vga861.fon', 'vga863.fon', 'vga865.fon', 'vga866.fon', 'vga869.fon', 'vga932.fon', 'vga936.fon', 'vga949.fon', 'vga950.fon', 'vgaf1255.fon', 'vgaf1256.fon', 'vgaf1257.fon', 'vgaf874.fon', 'vgafix.fon', 'vgafixe.fon', 'vgafixg.fon', 'vgafixr.fon', 'vgafixt.fon', 'vgaoem.fon', 'vgas1255.fon', 'vgas1256.fon', 'vgas1257.fon', 'vgas874.fon', 'vgasys.fon', 'vgasyse.fon', 'vgasysg.fon', 'vgasysr.fon', 'vgasyst.fon', 'VINERITC.TTF', 'VIVALDII.TTF', 'VLADIMIR.TTF', 'webdings.ttf', 'wingding.ttf', 'WINGDNG2.TTF', 'WINGDNG3.TTF', 'YuGothB.ttc', 'YuGothL.ttc', 'YuGothM.ttc', 'YuGothR.ttc', '\u534e\u5eb7\u65b9\u5706\u4f53W7.TTC', '\u65b9\u6b63\u7c97\u9ed1\u5b8b\u7b80\u4f53.ttf']
2023-09-27 15:52:54,800 - INFO - all fonts installed:['8514fix.fon', '8514fixe.fon', '8514fixg.fon', '8514fixr.fon', '8514fixt.fon', '8514oem.fon', '8514oeme.fon', '8514oemg.fon', '8514oemr.fon', '8514oemt.fon', '8514sys.fon', '8514syse.fon', '8514sysg.fon', '8514sysr.fon', '8514syst.fon', '85775.fon', '85855.fon', '85f1255.fon', '85f1256.fon', '85f1257.fon', '85f874.fon', '85s1255.fon', '85s1256.fon', '85s1257.fon', '85s874.fon', 'AGENCYB.TTF', 'AGENCYR.TTF', 'ALGER.TTF', 'ANTQUAB.TTF', 'ANTQUABI.TTF', 'ANTQUAI.TTF', 'app775.fon', 'app850.fon', 'app852.fon', 'app855.fon', 'app857.fon', 'app866.fon', 'app932.fon', 'app936.fon', 'app949.fon', 'app950.fon', 'arial.ttf', 'arialbd.ttf', 'arialbi.ttf', 'ariali.ttf', 'ARIALN.TTF', 'ARIALNB.TTF', 'ARIALNBI.TTF', 'ARIALNI.TTF', 'ariblk.ttf', 'ARLRDBD.TTF', 'AxureHandwriting-Bold.otf', 'AxureHandwriting-BoldItalic.otf', 'AxureHandwriting-Italic.otf', 'AxureHandwriting.otf', 'bahnschrift.ttf', 'BASKVILL.TTF', 'BAUHS93.TTF', 'BELL.TTF', 'BELLB.TTF', 'BELLI.TTF', 'BERNHC.TTF', 'BKANT.TTF', 'BOD_B.TTF', 'BOD_BI.TTF', 'BOD_BLAI.TTF', 'BOD_BLAR.TTF', 'BOD_CB.TTF', 'BOD_CBI.TTF', 'BOD_CI.TTF', 'BOD_CR.TTF', 'BOD_I.TTF', 'BOD_PSTC.TTF', 'BOD_R.TTF', 'BOOKOS.TTF', 'BOOKOSB.TTF', 'BOOKOSBI.TTF', 'BOOKOSI.TTF', 'BRADHITC.TTF', 'BRITANIC.TTF', 'BRLNSB.TTF', 'BRLNSDB.TTF', 'BRLNSR.TTF', 'BROADW.TTF', 'BRUSHSCI.TTF', 'BSSYM7.TTF', 'c8514fix.fon', 'c8514oem.fon', 'c8514sys.fon', 'calibri.ttf', 'calibrib.ttf', 'calibrii.ttf', 'calibril.ttf', 'calibrili.ttf', 'calibriz.ttf', 'CALIFB.TTF', 'CALIFI.TTF', 'CALIFR.TTF', 'CALIST.TTF', 'CALISTB.TTF', 'CALISTBI.TTF', 'CALISTI.TTF', 'cambria.ttc', 'cambriab.ttf', 'cambriai.ttf', 'cambriaz.ttf', 'Candara.ttf', 'Candarab.ttf', 'Candarai.ttf', 'Candaral.ttf', 'Candarali.ttf', 'Candaraz.ttf', 'CascadiaCode.ttf', 'CascadiaMono.ttf', 'CASTELAR.TTF', 'CENSCBK.TTF', 'CENTAUR.TTF', 'CENTURY.TTF', 'cga40737.fon', 'cga40850.fon', 'cga40852.fon', 'cga40857.fon', 'cga40866.fon', 'cga40869.fon', 'cga40woa.fon', 'cga80737.fon', 'cga80850.fon', 'cga80852.fon', 'cga80857.fon', 'cga80866.fon', 'cga80869.fon', 'cga80woa.fon', 'CHILLER.TTF', 'COLONNA.TTF', 'comic.ttf', 'comicbd.ttf', 'comici.ttf', 'comicz.ttf', 'consola.ttf', 'consolab.ttf', 'consolai.ttf', 'consolaz.ttf', 'constan.ttf', 'constanb.ttf', 'constani.ttf', 'constanz.ttf', 'COOPBL.TTF', 'COPRGTB.TTF', 'COPRGTL.TTF', 'corbel.ttf', 'corbelb.ttf', 'corbeli.ttf', 'corbell.ttf', 'corbelli.ttf', 'corbelz.ttf', 'coue1255.fon', 'coue1256.fon', 'coue1257.fon', 'couf1255.fon', 'couf1256.fon', 'couf1257.fon', 'cour.ttf', 'courbd.ttf', 'courbi.ttf', 'coure.fon', 'couree.fon', 'coureg.fon', 'courer.fon', 'couret.fon', 'courf.fon', 'courfe.fon', 'courfg.fon', 'courfr.fon', 'courft.fon', 'couri.ttf', 'CURLZ___.TTF', 'cvgafix.fon', 'cvgasys.fon', 'Deng.ttf', 'Dengb.ttf', 'Dengl.ttf', 'desktop.ini', 'dos737.fon', 'dos869.fon', 'dosapp.fon', 'DUBAI-BOLD.TTF', 'DUBAI-LIGHT.TTF', 'DUBAI-MEDIUM.TTF', 'DUBAI-REGULAR.TTF', 'ebrima.ttf', 'ebrimabd.ttf', 'ega40737.fon', 'ega40850.fon', 'ega40852.fon', 'ega40857.fon', 'ega40866.fon', 'ega40869.fon', 'ega40woa.fon', 'ega80737.fon', 'ega80850.fon', 'ega80852.fon', 'ega80857.fon', 'ega80866.fon', 'ega80869.fon', 'ega80woa.fon', 'ELEPHNT.TTF', 'ELEPHNTI.TTF', 'ENGR.TTF', 'ERASBD.TTF', 'ERASDEMI.TTF', 'ERASLGHT.TTF', 'ERASMD.TTF', 'FELIXTI.TTF', 'fms_metadata.xml', 'FORTE.TTF', 'FRABK.TTF', 'FRABKIT.TTF', 'FRADM.TTF', 'FRADMCN.TTF', 'FRADMIT.TTF', 'FRAHV.TTF', 'FRAHVIT.TTF', 'framd.ttf', 'FRAMDCN.TTF', 'framdit.ttf', 'FREESCPT.TTF', 'FRSCRIPT.TTF', 'FTLTLT.TTF', 'FZSTK.TTF', 'FZYTK.TTF', 'Gabriola.ttf', 'gadugi.ttf', 'gadugib.ttf', 'GARA.TTF', 'GARABD.TTF', 'GARAIT.TTF', 'georgia.ttf', 'georgiab.ttf', 'georgiai.ttf', 'georgiaz.ttf', 'GIGI.TTF', 'GILBI___.TTF', 'GILB____.TTF', 'GILC____.TTF', 'GILI____.TTF', 'GILLUBCD.TTF', 'GILSANUB.TTF', 'GIL_____.TTF', 'GLECB.TTF', 'GlobalMonospace.CompositeFont', 'GlobalSansSerif.CompositeFont', 'GlobalSerif.CompositeFont', 'GlobalUserInterface.CompositeFont', 'GLSNECB.TTF', 'GOTHIC.TTF', 'GOTHICB.TTF', 'GOTHICBI.TTF', 'GOTHICI.TTF', 'GOUDOS.TTF', 'GOUDOSB.TTF', 'GOUDOSI.TTF', 'GOUDYSTO.TTF', 'h8514fix.fon', 'h8514oem.fon', 'h8514sys.fon', 'HARLOWSI.TTF', 'HARNGTON.TTF', 'HATTEN.TTF', 'HGB1X_CNKI.ttf', 'HGB1_CNKI.ttf', 'HGB2X_CNKI.ttf', 'HGB2_CNKI.ttf', 'HGB3X_CNKI.ttf', 'HGB3_CNKI.ttf', 'HGB4X_CNKI.ttf', 'HGB4_CNKI.ttf', 'HGB5X_CNKI.ttf', 'HGB5_CNKI.ttf', 'HGB6X_CNKI.ttf', 'HGB6_CNKI.ttf', 'HGB7X_CNKI.ttf', 'HGB7_CNKI.ttf', 'HGB8X_CNKI.ttf', 'HGB8_CNKI.ttf', 'HGBD_CNKI.ttf', 'HGBKBX_CNKI.ttf', 'HGBKB_CNKI.ttf', 'HGBKHX_CNKI.ttf', 'HGBKH_CNKI.ttf', 'HGBS1_CNKI.TTF', 'HGBS2_CNKI.TTF', 'HGBS_CNKI.TTF', 'HGBTH_CNKI.TTF', 'HGBTS_CNKI.TTF', 'HGBX_CNKI.ttf', 'HGBZ_CNKI.ttf', 'HGCH_CNKI.TTF', 'HGCUH_CNKI.TTF', 'HGCY_CNKI.TTF', 'HGDBS_CNKI.TTF', 'HGDGY_CNKI.TTF', 'HGDH2_CNKI.TTF', 'HGDH_CNKI.TTF', 'HGDYS_CNKI.TTF', 'HGDY_CNKI.ttf', 'HGF1X_CNKI.ttf', 'HGF1_CNKI.ttf', 'HGF2X_CNKI.ttf', 'HGF2_CNKI.ttf', 'HGF3_CNKI.ttf', 'HGF4X_CNKI.ttf', 'HGF4_CNKI.ttf', 'HGF5X_CNKI.ttf', 'HGF5_CNKI.ttf', 'HGF6X_CNKI.ttf', 'HGF6_CNKI.ttf', 'HGF7X_CNKI.ttf', 'HGF7_CNKI.ttf', 'HGF8_CNKI.ttf', 'HGF9X_CNKI.ttf', 'HGF9_CNKI.ttf', 'HGFS1_CNKI.TTF', 'HGFS2_CNKI.TTF', 'HGFSH_CNKI.TTF', 'HGFS_CNKI.TTF', 'HGFX_CNKI.ttf', 'HGFZ_CNKI.ttf', 'HGGG_CNKI.TTF', 'HGH1X_CNKI.ttf', 'HGH1_CNKI.ttf', 'HGH2X_CNKI.ttf', 'HGH2_CNKI.ttf', 'HGH3X_CNKI.ttf', 'HGH3_CNKI.ttf', 'HGH4X_CNKI.ttf', 'HGH4_CNKI.ttf', 'HGH5X_CNKI.ttf', 'HGH5_CNKI.ttf', 'HGH6X_CNKI.ttf', 'HGH6_CNKI.ttf', 'HGH7X_CNKI.ttf', 'HGH7_CNKI.ttf', 'HGHB_CNKI.TTF', 'HGHD_CNKI.ttf', 'HGHP_CNKI.TTF', 'HGHT1_CNKI.ttf', 'HGHT2_CNKI.ttf', 'HGHUATI_CNKI.ttf', 'HGHX_CNKI.ttf', 'HGHZ_CNKI.ttf', 'HGH_CNKI.TTF', 'HGKT1_CNKI.TTF', 'HGKT2_CNKI.TTF', 'HGKT_CNKI.TTF', 'HGKY_CNKI.ttf', 'HGLB_CNKI.TTF', 'HGLS_CNKI.TTF', 'HGMH_CNKI.TTF', 'HGNBS_CNKI.ttf', 'HGOCR_CNKI.ttf', 'HGPH_CNKI.TTF', 'HGPTY_CNKI.TTF', 'HGSS1_CNKI.TTF', 'HGSS2_CNKI.TTF', 'HGSS_CNKI.TTF', 'HGSXT_CNKI.ttf', 'HGTT_CNKI.ttf', 'HGTX_CNKI.TTF', 'HGWT_CNKI.TTF', 'HGWYS_CNKI.TTF', 'HGX1X_CNKI.ttf', 'HGX1_CNKI.ttf', 'HGXBS_CNKI.TTF', 'HGXC_CNKI.TTF', 'HGXF1_CNKI.ttf', 'HGXFX_CNKI.ttf', 'HGXFZ_CNKI.ttf', 'HGXH1_CNKI.TTF', 'HGXH_CNKI.TTF', 'HGXK_CNKI.TTF', 'HGXL_CNKI.TTF', 'HGXS_CNKI.TTF', 'HGXT_CNKI.ttf', 'HGXY_CNKI.ttf', 'HGY1_CNKI.TTF', 'HGY2_CNKI.TTF', 'HGY3_CNKI.TTF', 'HGY4_CNKI.TTF', 'HGYB_CNKI.ttf', 'HGYT1_CNKI.ttf', 'HGYT2_CNKI.ttf', 'HGYT_CNKI.TTF', 'HGYX_CNKI.TTF', 'HGZCS_CNKI.TTF', 'HGZDX_CNKI.TTF', 'HGZK_CNKI.TTF', 'HGZYT_CNKI.TTF', 'HGZY_CNKI.TTF', 'himalaya.ttf', 'holomdl2.ttf', 'HTOWERT.TTF', 'HTOWERTI.TTF', 'hvgafix.fon', 'hvgasys.fon', 'impact.ttf', 'IMPRISHA.TTF', 'INFROMAN.TTF', 'Inkfree.ttf', 'iqiyi_logov7.ttf', 'ITCBLKAD.TTF', 'ITCEDSCR.TTF', 'ITCKRIST.TTF', 'j8514fix.fon', 'j8514oem.fon', 'j8514sys.fon', 'javatext.ttf', 'JOKERMAN.TTF', 'jsmalle.fon', 'jsmallf.fon', 'JUICE___.TTF', 'jvgafix.fon', 'jvgasys.fon', 'KUNSTLER.TTF', 'LATINWD.TTF', 'LBRITE.TTF', 'LBRITED.TTF', 'LBRITEDI.TTF', 'LBRITEI.TTF', 'LCALLIG.TTF', 'LeelaUIb.ttf', 'LeelawUI.ttf', 'LeelUIsl.ttf', 'LFAX.TTF', 'LFAXD.TTF', 'LFAXDI.TTF', 'LFAXI.TTF', 'LHANDW.TTF', 'LSANS.TTF', 'LSANSD.TTF', 'LSANSDI.TTF', 'LSANSI.TTF', 'LTYPE.TTF', 'LTYPEB.TTF', 'LTYPEBO.TTF', 'LTYPEO.TTF', 'lucon.ttf', 'l_10646.ttf', 'MAGNETOB.TTF', 'MAIAN.TTF', 'malgun.ttf', 'malgunbd.ttf', 'malgunsl.ttf', 'marlett.ttf', 'MATURASC.TTF', 'micross.ttf', 'mingliub.ttc', 'MISTRAL.TTF', 'mmrtext.ttf', 'mmrtextb.ttf', 'MOD20.TTF', 'modern.fon', 'monbaiti.ttf', 'msgothic.ttc', 'msjh.ttc', 'msjhbd.ttc', 'msjhl.ttc', 'msyh.ttc', 'msyhbd.ttc', 'msyhl.ttc', 'msyi.ttf', 'MTCORSVA.TTF', 'MTEXTRA.TTF', 'mvboli.ttf', 'NIAGENG.TTF', 'NIAGSOL.TTF', 'Nirmala.ttf', 'NirmalaB.ttf', 'NirmalaS.ttf', 'ntailu.ttf', 'ntailub.ttf', 'NumberOnly.ttf', 'OCRAEXT.TTF', 'OLDENGL.TTF', 'ONYX.TTF', 'OUTLOOK.TTF', 'pala.ttf', 'palab.ttf', 'palabi.ttf', 'palai.ttf', 'PALSCRI.TTF', 'PAPYRUS.TTF', 'PARCHM.TTF', 'PERBI___.TTF', 'PERB____.TTF', 'PERI____.TTF', 'PERTIBD.TTF', 'PERTILI.TTF', 'PER_____.TTF', 'phagspa.ttf', 'phagspab.ttf', 'PLAYBILL.TTF', 'POORICH.TTF', 'PRISTINA.TTF', 'RAGE.TTF', 'RAVIE.TTF', 'REFSAN.TTF', 'REFSPCL.TTF', 'ROCCB___.TTF', 'ROCC____.TTF', 'ROCK.TTF', 'ROCKB.TTF', 'ROCKBI.TTF', 'ROCKEB.TTF', 'ROCKI.TTF', 'roman.fon', 's8514fix.fon', 's8514oem.fon', 's8514sys.fon', 'SCHLBKB.TTF', 'SCHLBKBI.TTF', 'SCHLBKI.TTF', 'script.fon', 'SCRIPTBL.TTF', 'segmdl2.ttf', 'SegoeIcons.ttf', 'segoepr.ttf', 'segoeprb.ttf', 'segoesc.ttf', 'segoescb.ttf', 'segoeui.ttf', 'segoeuib.ttf', 'segoeuii.ttf', 'segoeuil.ttf', 'segoeuisl.ttf', 'segoeuiz.ttf', 'seguibl.ttf', 'seguibli.ttf', 'seguiemj.ttf', 'seguihis.ttf', 'seguili.ttf', 'seguisb.ttf', 'seguisbi.ttf', 'seguisli.ttf', 'seguisym.ttf', 'SegUIVar.ttf', 'sere1255.fon', 'sere1256.fon', 'sere1257.fon', 'serf1255.fon', 'serf1256.fon', 'serf1257.fon', 'serife.fon', 'serifee.fon', 'serifeg.fon', 'serifer.fon', 'serifet.fon', 'seriff.fon', 'seriffe.fon', 'seriffg.fon', 'seriffr.fon', 'serifft.fon', 'SHOWG.TTF', 'simfang.ttf', 'simhei.ttf', 'simkai.ttf', 'SIMLI.TTF', 'simsun.ttc', 'simsunb.ttf', 'SIMYOU.TTF', 'SitkaVF-Italic.ttf', 'SitkaVF.ttf', 'smae1255.fon', 'smae1256.fon', 'smae1257.fon', 'smaf1255.fon', 'smaf1256.fon', 'smaf1257.fon', 'smalle.fon', 'smallee.fon', 'smalleg.fon', 'smaller.fon', 'smallet.fon', 'smallf.fon', 'smallfe.fon', 'smallfg.fon', 'smallfr.fon', 'smallft.fon', 'SNAP____.TTF', 'ssee1255.fon', 'ssee1256.fon', 'ssee1257.fon', 'ssee874.fon', 'ssef1255.fon', 'ssef1256.fon', 'ssef1257.fon', 'ssef874.fon', 'sserife.fon', 'sserifee.fon', 'sserifeg.fon', 'sserifer.fon', 'sserifet.fon', 'sseriff.fon', 'sseriffe.fon', 'sseriffg.fon', 'sseriffr.fon', 'sserifft.fon', 'StaticCache.dat', 'STCAIYUN.TTF', 'STENCIL.TTF', 'STFANGSO.TTF', 'STHUPO.TTF', 'STKAITI.TTF', 'STLITI.TTF', 'STSONG.TTF', 'STXIHEI.TTF', 'STXINGKA.TTF', 'STXINWEI.TTF', 'STZHONGS.TTF', 'svgafix.fon', 'svgasys.fon', 'sylfaen.ttf', 'symbol.ttf', 'tahoma.ttf', 'tahomabd.ttf', 'taile.ttf', 'taileb.ttf', 'TCBI____.TTF', 'TCB_____.TTF', 'TCCB____.TTF', 'TCCEB.TTF', 'TCCM____.TTF', 'TCMI____.TTF', 'TCM_____.TTF', 'TEMPSITC.TTF', 'times.ttf', 'timesbd.ttf', 'timesbi.ttf', 'timesi.ttf', 'trebuc.ttf', 'trebucbd.ttf', 'trebucbi.ttf', 'trebucit.ttf', 'verdana.ttf', 'verdanab.ttf', 'verdanai.ttf', 'verdanaz.ttf', 'vga737.fon', 'vga775.fon', 'vga850.fon', 'vga852.fon', 'vga855.fon', 'vga857.fon', 'vga860.fon', 'vga861.fon', 'vga863.fon', 'vga865.fon', 'vga866.fon', 'vga869.fon', 'vga932.fon', 'vga936.fon', 'vga949.fon', 'vga950.fon', 'vgaf1255.fon', 'vgaf1256.fon', 'vgaf1257.fon', 'vgaf874.fon', 'vgafix.fon', 'vgafixe.fon', 'vgafixg.fon', 'vgafixr.fon', 'vgafixt.fon', 'vgaoem.fon', 'vgas1255.fon', 'vgas1256.fon', 'vgas1257.fon', 'vgas874.fon', 'vgasys.fon', 'vgasyse.fon', 'vgasysg.fon', 'vgasysr.fon', 'vgasyst.fon', 'VINERITC.TTF', 'VIVALDII.TTF', 'VLADIMIR.TTF', 'webdings.ttf', 'wingding.ttf', 'WINGDNG2.TTF', 'WINGDNG3.TTF', 'YuGothB.ttc', 'YuGothL.ttc', 'YuGothM.ttc', 'YuGothR.ttc', '\u534e\u5eb7\u65b9\u5706\u4f53W7.TTC', '\u65b9\u6b63\u7c97\u9ed1\u5b8b\u7b80\u4f53.ttf']
2023-09-27 15:52:54,805 - INFO - all fonts installed:['8514fix.fon', '8514fixe.fon', '8514fixg.fon', '8514fixr.fon', '8514fixt.fon', '8514oem.fon', '8514oeme.fon', '8514oemg.fon', '8514oemr.fon', '8514oemt.fon', '8514sys.fon', '8514syse.fon', '8514sysg.fon', '8514sysr.fon', '8514syst.fon', '85775.fon', '85855.fon', '85f1255.fon', '85f1256.fon', '85f1257.fon', '85f874.fon', '85s1255.fon', '85s1256.fon', '85s1257.fon', '85s874.fon', 'AGENCYB.TTF', 'AGENCYR.TTF', 'ALGER.TTF', 'ANTQUAB.TTF', 'ANTQUABI.TTF', 'ANTQUAI.TTF', 'app775.fon', 'app850.fon', 'app852.fon', 'app855.fon', 'app857.fon', 'app866.fon', 'app932.fon', 'app936.fon', 'app949.fon', 'app950.fon', 'arial.ttf', 'arialbd.ttf', 'arialbi.ttf', 'ariali.ttf', 'ARIALN.TTF', 'ARIALNB.TTF', 'ARIALNBI.TTF', 'ARIALNI.TTF', 'ariblk.ttf', 'ARLRDBD.TTF', 'AxureHandwriting-Bold.otf', 'AxureHandwriting-BoldItalic.otf', 'AxureHandwriting-Italic.otf', 'AxureHandwriting.otf', 'bahnschrift.ttf', 'BASKVILL.TTF', 'BAUHS93.TTF', 'BELL.TTF', 'BELLB.TTF', 'BELLI.TTF', 'BERNHC.TTF', 'BKANT.TTF', 'BOD_B.TTF', 'BOD_BI.TTF', 'BOD_BLAI.TTF', 'BOD_BLAR.TTF', 'BOD_CB.TTF', 'BOD_CBI.TTF', 'BOD_CI.TTF', 'BOD_CR.TTF', 'BOD_I.TTF', 'BOD_PSTC.TTF', 'BOD_R.TTF', 'BOOKOS.TTF', 'BOOKOSB.TTF', 'BOOKOSBI.TTF', 'BOOKOSI.TTF', 'BRADHITC.TTF', 'BRITANIC.TTF', 'BRLNSB.TTF', 'BRLNSDB.TTF', 'BRLNSR.TTF', 'BROADW.TTF', 'BRUSHSCI.TTF', 'BSSYM7.TTF', 'c8514fix.fon', 'c8514oem.fon', 'c8514sys.fon', 'calibri.ttf', 'calibrib.ttf', 'calibrii.ttf', 'calibril.ttf', 'calibrili.ttf', 'calibriz.ttf', 'CALIFB.TTF', 'CALIFI.TTF', 'CALIFR.TTF', 'CALIST.TTF', 'CALISTB.TTF', 'CALISTBI.TTF', 'CALISTI.TTF', 'cambria.ttc', 'cambriab.ttf', 'cambriai.ttf', 'cambriaz.ttf', 'Candara.ttf', 'Candarab.ttf', 'Candarai.ttf', 'Candaral.ttf', 'Candarali.ttf', 'Candaraz.ttf', 'CascadiaCode.ttf', 'CascadiaMono.ttf', 'CASTELAR.TTF', 'CENSCBK.TTF', 'CENTAUR.TTF', 'CENTURY.TTF', 'cga40737.fon', 'cga40850.fon', 'cga40852.fon', 'cga40857.fon', 'cga40866.fon', 'cga40869.fon', 'cga40woa.fon', 'cga80737.fon', 'cga80850.fon', 'cga80852.fon', 'cga80857.fon', 'cga80866.fon', 'cga80869.fon', 'cga80woa.fon', 'CHILLER.TTF', 'COLONNA.TTF', 'comic.ttf', 'comicbd.ttf', 'comici.ttf', 'comicz.ttf', 'consola.ttf', 'consolab.ttf', 'consolai.ttf', 'consolaz.ttf', 'constan.ttf', 'constanb.ttf', 'constani.ttf', 'constanz.ttf', 'COOPBL.TTF', 'COPRGTB.TTF', 'COPRGTL.TTF', 'corbel.ttf', 'corbelb.ttf', 'corbeli.ttf', 'corbell.ttf', 'corbelli.ttf', 'corbelz.ttf', 'coue1255.fon', 'coue1256.fon', 'coue1257.fon', 'couf1255.fon', 'couf1256.fon', 'couf1257.fon', 'cour.ttf', 'courbd.ttf', 'courbi.ttf', 'coure.fon', 'couree.fon', 'coureg.fon', 'courer.fon', 'couret.fon', 'courf.fon', 'courfe.fon', 'courfg.fon', 'courfr.fon', 'courft.fon', 'couri.ttf', 'CURLZ___.TTF', 'cvgafix.fon', 'cvgasys.fon', 'Deng.ttf', 'Dengb.ttf', 'Dengl.ttf', 'desktop.ini', 'dos737.fon', 'dos869.fon', 'dosapp.fon', 'DUBAI-BOLD.TTF', 'DUBAI-LIGHT.TTF', 'DUBAI-MEDIUM.TTF', 'DUBAI-REGULAR.TTF', 'ebrima.ttf', 'ebrimabd.ttf', 'ega40737.fon', 'ega40850.fon', 'ega40852.fon', 'ega40857.fon', 'ega40866.fon', 'ega40869.fon', 'ega40woa.fon', 'ega80737.fon', 'ega80850.fon', 'ega80852.fon', 'ega80857.fon', 'ega80866.fon', 'ega80869.fon', 'ega80woa.fon', 'ELEPHNT.TTF', 'ELEPHNTI.TTF', 'ENGR.TTF', 'ERASBD.TTF', 'ERASDEMI.TTF', 'ERASLGHT.TTF', 'ERASMD.TTF', 'FELIXTI.TTF', 'fms_metadata.xml', 'FORTE.TTF', 'FRABK.TTF', 'FRABKIT.TTF', 'FRADM.TTF', 'FRADMCN.TTF', 'FRADMIT.TTF', 'FRAHV.TTF', 'FRAHVIT.TTF', 'framd.ttf', 'FRAMDCN.TTF', 'framdit.ttf', 'FREESCPT.TTF', 'FRSCRIPT.TTF', 'FTLTLT.TTF', 'FZSTK.TTF', 'FZYTK.TTF', 'Gabriola.ttf', 'gadugi.ttf', 'gadugib.ttf', 'GARA.TTF', 'GARABD.TTF', 'GARAIT.TTF', 'georgia.ttf', 'georgiab.ttf', 'georgiai.ttf', 'georgiaz.ttf', 'GIGI.TTF', 'GILBI___.TTF', 'GILB____.TTF', 'GILC____.TTF', 'GILI____.TTF', 'GILLUBCD.TTF', 'GILSANUB.TTF', 'GIL_____.TTF', 'GLECB.TTF', 'GlobalMonospace.CompositeFont', 'GlobalSansSerif.CompositeFont', 'GlobalSerif.CompositeFont', 'GlobalUserInterface.CompositeFont', 'GLSNECB.TTF', 'GOTHIC.TTF', 'GOTHICB.TTF', 'GOTHICBI.TTF', 'GOTHICI.TTF', 'GOUDOS.TTF', 'GOUDOSB.TTF', 'GOUDOSI.TTF', 'GOUDYSTO.TTF', 'h8514fix.fon', 'h8514oem.fon', 'h8514sys.fon', 'HARLOWSI.TTF', 'HARNGTON.TTF', 'HATTEN.TTF', 'HGB1X_CNKI.ttf', 'HGB1_CNKI.ttf', 'HGB2X_CNKI.ttf', 'HGB2_CNKI.ttf', 'HGB3X_CNKI.ttf', 'HGB3_CNKI.ttf', 'HGB4X_CNKI.ttf', 'HGB4_CNKI.ttf', 'HGB5X_CNKI.ttf', 'HGB5_CNKI.ttf', 'HGB6X_CNKI.ttf', 'HGB6_CNKI.ttf', 'HGB7X_CNKI.ttf', 'HGB7_CNKI.ttf', 'HGB8X_CNKI.ttf', 'HGB8_CNKI.ttf', 'HGBD_CNKI.ttf', 'HGBKBX_CNKI.ttf', 'HGBKB_CNKI.ttf', 'HGBKHX_CNKI.ttf', 'HGBKH_CNKI.ttf', 'HGBS1_CNKI.TTF', 'HGBS2_CNKI.TTF', 'HGBS_CNKI.TTF', 'HGBTH_CNKI.TTF', 'HGBTS_CNKI.TTF', 'HGBX_CNKI.ttf', 'HGBZ_CNKI.ttf', 'HGCH_CNKI.TTF', 'HGCUH_CNKI.TTF', 'HGCY_CNKI.TTF', 'HGDBS_CNKI.TTF', 'HGDGY_CNKI.TTF', 'HGDH2_CNKI.TTF', 'HGDH_CNKI.TTF', 'HGDYS_CNKI.TTF', 'HGDY_CNKI.ttf', 'HGF1X_CNKI.ttf', 'HGF1_CNKI.ttf', 'HGF2X_CNKI.ttf', 'HGF2_CNKI.ttf', 'HGF3_CNKI.ttf', 'HGF4X_CNKI.ttf', 'HGF4_CNKI.ttf', 'HGF5X_CNKI.ttf', 'HGF5_CNKI.ttf', 'HGF6X_CNKI.ttf', 'HGF6_CNKI.ttf', 'HGF7X_CNKI.ttf', 'HGF7_CNKI.ttf', 'HGF8_CNKI.ttf', 'HGF9X_CNKI.ttf', 'HGF9_CNKI.ttf', 'HGFS1_CNKI.TTF', 'HGFS2_CNKI.TTF', 'HGFSH_CNKI.TTF', 'HGFS_CNKI.TTF', 'HGFX_CNKI.ttf', 'HGFZ_CNKI.ttf', 'HGGG_CNKI.TTF', 'HGH1X_CNKI.ttf', 'HGH1_CNKI.ttf', 'HGH2X_CNKI.ttf', 'HGH2_CNKI.ttf', 'HGH3X_CNKI.ttf', 'HGH3_CNKI.ttf', 'HGH4X_CNKI.ttf', 'HGH4_CNKI.ttf', 'HGH5X_CNKI.ttf', 'HGH5_CNKI.ttf', 'HGH6X_CNKI.ttf', 'HGH6_CNKI.ttf', 'HGH7X_CNKI.ttf', 'HGH7_CNKI.ttf', 'HGHB_CNKI.TTF', 'HGHD_CNKI.ttf', 'HGHP_CNKI.TTF', 'HGHT1_CNKI.ttf', 'HGHT2_CNKI.ttf', 'HGHUATI_CNKI.ttf', 'HGHX_CNKI.ttf', 'HGHZ_CNKI.ttf', 'HGH_CNKI.TTF', 'HGKT1_CNKI.TTF', 'HGKT2_CNKI.TTF', 'HGKT_CNKI.TTF', 'HGKY_CNKI.ttf', 'HGLB_CNKI.TTF', 'HGLS_CNKI.TTF', 'HGMH_CNKI.TTF', 'HGNBS_CNKI.ttf', 'HGOCR_CNKI.ttf', 'HGPH_CNKI.TTF', 'HGPTY_CNKI.TTF', 'HGSS1_CNKI.TTF', 'HGSS2_CNKI.TTF', 'HGSS_CNKI.TTF', 'HGSXT_CNKI.ttf', 'HGTT_CNKI.ttf', 'HGTX_CNKI.TTF', 'HGWT_CNKI.TTF', 'HGWYS_CNKI.TTF', 'HGX1X_CNKI.ttf', 'HGX1_CNKI.ttf', 'HGXBS_CNKI.TTF', 'HGXC_CNKI.TTF', 'HGXF1_CNKI.ttf', 'HGXFX_CNKI.ttf', 'HGXFZ_CNKI.ttf', 'HGXH1_CNKI.TTF', 'HGXH_CNKI.TTF', 'HGXK_CNKI.TTF', 'HGXL_CNKI.TTF', 'HGXS_CNKI.TTF', 'HGXT_CNKI.ttf', 'HGXY_CNKI.ttf', 'HGY1_CNKI.TTF', 'HGY2_CNKI.TTF', 'HGY3_CNKI.TTF', 'HGY4_CNKI.TTF', 'HGYB_CNKI.ttf', 'HGYT1_CNKI.ttf', 'HGYT2_CNKI.ttf', 'HGYT_CNKI.TTF', 'HGYX_CNKI.TTF', 'HGZCS_CNKI.TTF', 'HGZDX_CNKI.TTF', 'HGZK_CNKI.TTF', 'HGZYT_CNKI.TTF', 'HGZY_CNKI.TTF', 'himalaya.ttf', 'holomdl2.ttf', 'HTOWERT.TTF', 'HTOWERTI.TTF', 'hvgafix.fon', 'hvgasys.fon', 'impact.ttf', 'IMPRISHA.TTF', 'INFROMAN.TTF', 'Inkfree.ttf', 'iqiyi_logov7.ttf', 'ITCBLKAD.TTF', 'ITCEDSCR.TTF', 'ITCKRIST.TTF', 'j8514fix.fon', 'j8514oem.fon', 'j8514sys.fon', 'javatext.ttf', 'JOKERMAN.TTF', 'jsmalle.fon', 'jsmallf.fon', 'JUICE___.TTF', 'jvgafix.fon', 'jvgasys.fon', 'KUNSTLER.TTF', 'LATINWD.TTF', 'LBRITE.TTF', 'LBRITED.TTF', 'LBRITEDI.TTF', 'LBRITEI.TTF', 'LCALLIG.TTF', 'LeelaUIb.ttf', 'LeelawUI.ttf', 'LeelUIsl.ttf', 'LFAX.TTF', 'LFAXD.TTF', 'LFAXDI.TTF', 'LFAXI.TTF', 'LHANDW.TTF', 'LSANS.TTF', 'LSANSD.TTF', 'LSANSDI.TTF', 'LSANSI.TTF', 'LTYPE.TTF', 'LTYPEB.TTF', 'LTYPEBO.TTF', 'LTYPEO.TTF', 'lucon.ttf', 'l_10646.ttf', 'MAGNETOB.TTF', 'MAIAN.TTF', 'malgun.ttf', 'malgunbd.ttf', 'malgunsl.ttf', 'marlett.ttf', 'MATURASC.TTF', 'micross.ttf', 'mingliub.ttc', 'MISTRAL.TTF', 'mmrtext.ttf', 'mmrtextb.ttf', 'MOD20.TTF', 'modern.fon', 'monbaiti.ttf', 'msgothic.ttc', 'msjh.ttc', 'msjhbd.ttc', 'msjhl.ttc', 'msyh.ttc', 'msyhbd.ttc', 'msyhl.ttc', 'msyi.ttf', 'MTCORSVA.TTF', 'MTEXTRA.TTF', 'mvboli.ttf', 'NIAGENG.TTF', 'NIAGSOL.TTF', 'Nirmala.ttf', 'NirmalaB.ttf', 'NirmalaS.ttf', 'ntailu.ttf', 'ntailub.ttf', 'NumberOnly.ttf', 'OCRAEXT.TTF', 'OLDENGL.TTF', 'ONYX.TTF', 'OUTLOOK.TTF', 'pala.ttf', 'palab.ttf', 'palabi.ttf', 'palai.ttf', 'PALSCRI.TTF', 'PAPYRUS.TTF', 'PARCHM.TTF', 'PERBI___.TTF', 'PERB____.TTF', 'PERI____.TTF', 'PERTIBD.TTF', 'PERTILI.TTF', 'PER_____.TTF', 'phagspa.ttf', 'phagspab.ttf', 'PLAYBILL.TTF', 'POORICH.TTF', 'PRISTINA.TTF', 'RAGE.TTF', 'RAVIE.TTF', 'REFSAN.TTF', 'REFSPCL.TTF', 'ROCCB___.TTF', 'ROCC____.TTF', 'ROCK.TTF', 'ROCKB.TTF', 'ROCKBI.TTF', 'ROCKEB.TTF', 'ROCKI.TTF', 'roman.fon', 's8514fix.fon', 's8514oem.fon', 's8514sys.fon', 'SCHLBKB.TTF', 'SCHLBKBI.TTF', 'SCHLBKI.TTF', 'script.fon', 'SCRIPTBL.TTF', 'segmdl2.ttf', 'SegoeIcons.ttf', 'segoepr.ttf', 'segoeprb.ttf', 'segoesc.ttf', 'segoescb.ttf', 'segoeui.ttf', 'segoeuib.ttf', 'segoeuii.ttf', 'segoeuil.ttf', 'segoeuisl.ttf', 'segoeuiz.ttf', 'seguibl.ttf', 'seguibli.ttf', 'seguiemj.ttf', 'seguihis.ttf', 'seguili.ttf', 'seguisb.ttf', 'seguisbi.ttf', 'seguisli.ttf', 'seguisym.ttf', 'SegUIVar.ttf', 'sere1255.fon', 'sere1256.fon', 'sere1257.fon', 'serf1255.fon', 'serf1256.fon', 'serf1257.fon', 'serife.fon', 'serifee.fon', 'serifeg.fon', 'serifer.fon', 'serifet.fon', 'seriff.fon', 'seriffe.fon', 'seriffg.fon', 'seriffr.fon', 'serifft.fon', 'SHOWG.TTF', 'simfang.ttf', 'simhei.ttf', 'simkai.ttf', 'SIMLI.TTF', 'simsun.ttc', 'simsunb.ttf', 'SIMYOU.TTF', 'SitkaVF-Italic.ttf', 'SitkaVF.ttf', 'smae1255.fon', 'smae1256.fon', 'smae1257.fon', 'smaf1255.fon', 'smaf1256.fon', 'smaf1257.fon', 'smalle.fon', 'smallee.fon', 'smalleg.fon', 'smaller.fon', 'smallet.fon', 'smallf.fon', 'smallfe.fon', 'smallfg.fon', 'smallfr.fon', 'smallft.fon', 'SNAP____.TTF', 'ssee1255.fon', 'ssee1256.fon', 'ssee1257.fon', 'ssee874.fon', 'ssef1255.fon', 'ssef1256.fon', 'ssef1257.fon', 'ssef874.fon', 'sserife.fon', 'sserifee.fon', 'sserifeg.fon', 'sserifer.fon', 'sserifet.fon', 'sseriff.fon', 'sseriffe.fon', 'sseriffg.fon', 'sseriffr.fon', 'sserifft.fon', 'StaticCache.dat', 'STCAIYUN.TTF', 'STENCIL.TTF', 'STFANGSO.TTF', 'STHUPO.TTF', 'STKAITI.TTF', 'STLITI.TTF', 'STSONG.TTF', 'STXIHEI.TTF', 'STXINGKA.TTF', 'STXINWEI.TTF', 'STZHONGS.TTF', 'svgafix.fon', 'svgasys.fon', 'sylfaen.ttf', 'symbol.ttf', 'tahoma.ttf', 'tahomabd.ttf', 'taile.ttf', 'taileb.ttf', 'TCBI____.TTF', 'TCB_____.TTF', 'TCCB____.TTF', 'TCCEB.TTF', 'TCCM____.TTF', 'TCMI____.TTF', 'TCM_____.TTF', 'TEMPSITC.TTF', 'times.ttf', 'timesbd.ttf', 'timesbi.ttf', 'timesi.ttf', 'trebuc.ttf', 'trebucbd.ttf', 'trebucbi.ttf', 'trebucit.ttf', 'verdana.ttf', 'verdanab.ttf', 'verdanai.ttf', 'verdanaz.ttf', 'vga737.fon', 'vga775.fon', 'vga850.fon', 'vga852.fon', 'vga855.fon', 'vga857.fon', 'vga860.fon', 'vga861.fon', 'vga863.fon', 'vga865.fon', 'vga866.fon', 'vga869.fon', 'vga932.fon', 'vga936.fon', 'vga949.fon', 'vga950.fon', 'vgaf1255.fon', 'vgaf1256.fon', 'vgaf1257.fon', 'vgaf874.fon', 'vgafix.fon', 'vgafixe.fon', 'vgafixg.fon', 'vgafixr.fon', 'vgafixt.fon', 'vgaoem.fon', 'vgas1255.fon', 'vgas1256.fon', 'vgas1257.fon', 'vgas874.fon', 'vgasys.fon', 'vgasyse.fon', 'vgasysg.fon', 'vgasysr.fon', 'vgasyst.fon', 'VINERITC.TTF', 'VIVALDII.TTF', 'VLADIMIR.TTF', 'webdings.ttf', 'wingding.ttf', 'WINGDNG2.TTF', 'WINGDNG3.TTF', 'YuGothB.ttc', 'YuGothL.ttc', 'YuGothM.ttc', 'YuGothR.ttc', '\u534e\u5eb7\u65b9\u5706\u4f53W7.TTC', '\u65b9\u6b63\u7c97\u9ed1\u5b8b\u7b80\u4f53.ttf']
2023-09-27 15:52:54,808 - INFO - all fonts installed:['8514fix.fon', '8514fixe.fon', '8514fixg.fon', '8514fixr.fon', '8514fixt.fon', '8514oem.fon', '8514oeme.fon', '8514oemg.fon', '8514oemr.fon', '8514oemt.fon', '8514sys.fon', '8514syse.fon', '8514sysg.fon', '8514sysr.fon', '8514syst.fon', '85775.fon', '85855.fon', '85f1255.fon', '85f1256.fon', '85f1257.fon', '85f874.fon', '85s1255.fon', '85s1256.fon', '85s1257.fon', '85s874.fon', 'AGENCYB.TTF', 'AGENCYR.TTF', 'ALGER.TTF', 'ANTQUAB.TTF', 'ANTQUABI.TTF', 'ANTQUAI.TTF', 'app775.fon', 'app850.fon', 'app852.fon', 'app855.fon', 'app857.fon', 'app866.fon', 'app932.fon', 'app936.fon', 'app949.fon', 'app950.fon', 'arial.ttf', 'arialbd.ttf', 'arialbi.ttf', 'ariali.ttf', 'ARIALN.TTF', 'ARIALNB.TTF', 'ARIALNBI.TTF', 'ARIALNI.TTF', 'ariblk.ttf', 'ARLRDBD.TTF', 'AxureHandwriting-Bold.otf', 'AxureHandwriting-BoldItalic.otf', 'AxureHandwriting-Italic.otf', 'AxureHandwriting.otf', 'bahnschrift.ttf', 'BASKVILL.TTF', 'BAUHS93.TTF', 'BELL.TTF', 'BELLB.TTF', 'BELLI.TTF', 'BERNHC.TTF', 'BKANT.TTF', 'BOD_B.TTF', 'BOD_BI.TTF', 'BOD_BLAI.TTF', 'BOD_BLAR.TTF', 'BOD_CB.TTF', 'BOD_CBI.TTF', 'BOD_CI.TTF', 'BOD_CR.TTF', 'BOD_I.TTF', 'BOD_PSTC.TTF', 'BOD_R.TTF', 'BOOKOS.TTF', 'BOOKOSB.TTF', 'BOOKOSBI.TTF', 'BOOKOSI.TTF', 'BRADHITC.TTF', 'BRITANIC.TTF', 'BRLNSB.TTF', 'BRLNSDB.TTF', 'BRLNSR.TTF', 'BROADW.TTF', 'BRUSHSCI.TTF', 'BSSYM7.TTF', 'c8514fix.fon', 'c8514oem.fon', 'c8514sys.fon', 'calibri.ttf', 'calibrib.ttf', 'calibrii.ttf', 'calibril.ttf', 'calibrili.ttf', 'calibriz.ttf', 'CALIFB.TTF', 'CALIFI.TTF', 'CALIFR.TTF', 'CALIST.TTF', 'CALISTB.TTF', 'CALISTBI.TTF', 'CALISTI.TTF', 'cambria.ttc', 'cambriab.ttf', 'cambriai.ttf', 'cambriaz.ttf', 'Candara.ttf', 'Candarab.ttf', 'Candarai.ttf', 'Candaral.ttf', 'Candarali.ttf', 'Candaraz.ttf', 'CascadiaCode.ttf', 'CascadiaMono.ttf', 'CASTELAR.TTF', 'CENSCBK.TTF', 'CENTAUR.TTF', 'CENTURY.TTF', 'cga40737.fon', 'cga40850.fon', 'cga40852.fon', 'cga40857.fon', 'cga40866.fon', 'cga40869.fon', 'cga40woa.fon', 'cga80737.fon', 'cga80850.fon', 'cga80852.fon', 'cga80857.fon', 'cga80866.fon', 'cga80869.fon', 'cga80woa.fon', 'CHILLER.TTF', 'COLONNA.TTF', 'comic.ttf', 'comicbd.ttf', 'comici.ttf', 'comicz.ttf', 'consola.ttf', 'consolab.ttf', 'consolai.ttf', 'consolaz.ttf', 'constan.ttf', 'constanb.ttf', 'constani.ttf', 'constanz.ttf', 'COOPBL.TTF', 'COPRGTB.TTF', 'COPRGTL.TTF', 'corbel.ttf', 'corbelb.ttf', 'corbeli.ttf', 'corbell.ttf', 'corbelli.ttf', 'corbelz.ttf', 'coue1255.fon', 'coue1256.fon', 'coue1257.fon', 'couf1255.fon', 'couf1256.fon', 'couf1257.fon', 'cour.ttf', 'courbd.ttf', 'courbi.ttf', 'coure.fon', 'couree.fon', 'coureg.fon', 'courer.fon', 'couret.fon', 'courf.fon', 'courfe.fon', 'courfg.fon', 'courfr.fon', 'courft.fon', 'couri.ttf', 'CURLZ___.TTF', 'cvgafix.fon', 'cvgasys.fon', 'Deng.ttf', 'Dengb.ttf', 'Dengl.ttf', 'desktop.ini', 'dos737.fon', 'dos869.fon', 'dosapp.fon', 'DUBAI-BOLD.TTF', 'DUBAI-LIGHT.TTF', 'DUBAI-MEDIUM.TTF', 'DUBAI-REGULAR.TTF', 'ebrima.ttf', 'ebrimabd.ttf', 'ega40737.fon', 'ega40850.fon', 'ega40852.fon', 'ega40857.fon', 'ega40866.fon', 'ega40869.fon', 'ega40woa.fon', 'ega80737.fon', 'ega80850.fon', 'ega80852.fon', 'ega80857.fon', 'ega80866.fon', 'ega80869.fon', 'ega80woa.fon', 'ELEPHNT.TTF', 'ELEPHNTI.TTF', 'ENGR.TTF', 'ERASBD.TTF', 'ERASDEMI.TTF', 'ERASLGHT.TTF', 'ERASMD.TTF', 'FELIXTI.TTF', 'fms_metadata.xml', 'FORTE.TTF', 'FRABK.TTF', 'FRABKIT.TTF', 'FRADM.TTF', 'FRADMCN.TTF', 'FRADMIT.TTF', 'FRAHV.TTF', 'FRAHVIT.TTF', 'framd.ttf', 'FRAMDCN.TTF', 'framdit.ttf', 'FREESCPT.TTF', 'FRSCRIPT.TTF', 'FTLTLT.TTF', 'FZSTK.TTF', 'FZYTK.TTF', 'Gabriola.ttf', 'gadugi.ttf', 'gadugib.ttf', 'GARA.TTF', 'GARABD.TTF', 'GARAIT.TTF', 'georgia.ttf', 'georgiab.ttf', 'georgiai.ttf', 'georgiaz.ttf', 'GIGI.TTF', 'GILBI___.TTF', 'GILB____.TTF', 'GILC____.TTF', 'GILI____.TTF', 'GILLUBCD.TTF', 'GILSANUB.TTF', 'GIL_____.TTF', 'GLECB.TTF', 'GlobalMonospace.CompositeFont', 'GlobalSansSerif.CompositeFont', 'GlobalSerif.CompositeFont', 'GlobalUserInterface.CompositeFont', 'GLSNECB.TTF', 'GOTHIC.TTF', 'GOTHICB.TTF', 'GOTHICBI.TTF', 'GOTHICI.TTF', 'GOUDOS.TTF', 'GOUDOSB.TTF', 'GOUDOSI.TTF', 'GOUDYSTO.TTF', 'h8514fix.fon', 'h8514oem.fon', 'h8514sys.fon', 'HARLOWSI.TTF', 'HARNGTON.TTF', 'HATTEN.TTF', 'HGB1X_CNKI.ttf', 'HGB1_CNKI.ttf', 'HGB2X_CNKI.ttf', 'HGB2_CNKI.ttf', 'HGB3X_CNKI.ttf', 'HGB3_CNKI.ttf', 'HGB4X_CNKI.ttf', 'HGB4_CNKI.ttf', 'HGB5X_CNKI.ttf', 'HGB5_CNKI.ttf', 'HGB6X_CNKI.ttf', 'HGB6_CNKI.ttf', 'HGB7X_CNKI.ttf', 'HGB7_CNKI.ttf', 'HGB8X_CNKI.ttf', 'HGB8_CNKI.ttf', 'HGBD_CNKI.ttf', 'HGBKBX_CNKI.ttf', 'HGBKB_CNKI.ttf', 'HGBKHX_CNKI.ttf', 'HGBKH_CNKI.ttf', 'HGBS1_CNKI.TTF', 'HGBS2_CNKI.TTF', 'HGBS_CNKI.TTF', 'HGBTH_CNKI.TTF', 'HGBTS_CNKI.TTF', 'HGBX_CNKI.ttf', 'HGBZ_CNKI.ttf', 'HGCH_CNKI.TTF', 'HGCUH_CNKI.TTF', 'HGCY_CNKI.TTF', 'HGDBS_CNKI.TTF', 'HGDGY_CNKI.TTF', 'HGDH2_CNKI.TTF', 'HGDH_CNKI.TTF', 'HGDYS_CNKI.TTF', 'HGDY_CNKI.ttf', 'HGF1X_CNKI.ttf', 'HGF1_CNKI.ttf', 'HGF2X_CNKI.ttf', 'HGF2_CNKI.ttf', 'HGF3_CNKI.ttf', 'HGF4X_CNKI.ttf', 'HGF4_CNKI.ttf', 'HGF5X_CNKI.ttf', 'HGF5_CNKI.ttf', 'HGF6X_CNKI.ttf', 'HGF6_CNKI.ttf', 'HGF7X_CNKI.ttf', 'HGF7_CNKI.ttf', 'HGF8_CNKI.ttf', 'HGF9X_CNKI.ttf', 'HGF9_CNKI.ttf', 'HGFS1_CNKI.TTF', 'HGFS2_CNKI.TTF', 'HGFSH_CNKI.TTF', 'HGFS_CNKI.TTF', 'HGFX_CNKI.ttf', 'HGFZ_CNKI.ttf', 'HGGG_CNKI.TTF', 'HGH1X_CNKI.ttf', 'HGH1_CNKI.ttf', 'HGH2X_CNKI.ttf', 'HGH2_CNKI.ttf', 'HGH3X_CNKI.ttf', 'HGH3_CNKI.ttf', 'HGH4X_CNKI.ttf', 'HGH4_CNKI.ttf', 'HGH5X_CNKI.ttf', 'HGH5_CNKI.ttf', 'HGH6X_CNKI.ttf', 'HGH6_CNKI.ttf', 'HGH7X_CNKI.ttf', 'HGH7_CNKI.ttf', 'HGHB_CNKI.TTF', 'HGHD_CNKI.ttf', 'HGHP_CNKI.TTF', 'HGHT1_CNKI.ttf', 'HGHT2_CNKI.ttf', 'HGHUATI_CNKI.ttf', 'HGHX_CNKI.ttf', 'HGHZ_CNKI.ttf', 'HGH_CNKI.TTF', 'HGKT1_CNKI.TTF', 'HGKT2_CNKI.TTF', 'HGKT_CNKI.TTF', 'HGKY_CNKI.ttf', 'HGLB_CNKI.TTF', 'HGLS_CNKI.TTF', 'HGMH_CNKI.TTF', 'HGNBS_CNKI.ttf', 'HGOCR_CNKI.ttf', 'HGPH_CNKI.TTF', 'HGPTY_CNKI.TTF', 'HGSS1_CNKI.TTF', 'HGSS2_CNKI.TTF', 'HGSS_CNKI.TTF', 'HGSXT_CNKI.ttf', 'HGTT_CNKI.ttf', 'HGTX_CNKI.TTF', 'HGWT_CNKI.TTF', 'HGWYS_CNKI.TTF', 'HGX1X_CNKI.ttf', 'HGX1_CNKI.ttf', 'HGXBS_CNKI.TTF', 'HGXC_CNKI.TTF', 'HGXF1_CNKI.ttf', 'HGXFX_CNKI.ttf', 'HGXFZ_CNKI.ttf', 'HGXH1_CNKI.TTF', 'HGXH_CNKI.TTF', 'HGXK_CNKI.TTF', 'HGXL_CNKI.TTF', 'HGXS_CNKI.TTF', 'HGXT_CNKI.ttf', 'HGXY_CNKI.ttf', 'HGY1_CNKI.TTF', 'HGY2_CNKI.TTF', 'HGY3_CNKI.TTF', 'HGY4_CNKI.TTF', 'HGYB_CNKI.ttf', 'HGYT1_CNKI.ttf', 'HGYT2_CNKI.ttf', 'HGYT_CNKI.TTF', 'HGYX_CNKI.TTF', 'HGZCS_CNKI.TTF', 'HGZDX_CNKI.TTF', 'HGZK_CNKI.TTF', 'HGZYT_CNKI.TTF', 'HGZY_CNKI.TTF', 'himalaya.ttf', 'holomdl2.ttf', 'HTOWERT.TTF', 'HTOWERTI.TTF', 'hvgafix.fon', 'hvgasys.fon', 'impact.ttf', 'IMPRISHA.TTF', 'INFROMAN.TTF', 'Inkfree.ttf', 'iqiyi_logov7.ttf', 'ITCBLKAD.TTF', 'ITCEDSCR.TTF', 'ITCKRIST.TTF', 'j8514fix.fon', 'j8514oem.fon', 'j8514sys.fon', 'javatext.ttf', 'JOKERMAN.TTF', 'jsmalle.fon', 'jsmallf.fon', 'JUICE___.TTF', 'jvgafix.fon', 'jvgasys.fon', 'KUNSTLER.TTF', 'LATINWD.TTF', 'LBRITE.TTF', 'LBRITED.TTF', 'LBRITEDI.TTF', 'LBRITEI.TTF', 'LCALLIG.TTF', 'LeelaUIb.ttf', 'LeelawUI.ttf', 'LeelUIsl.ttf', 'LFAX.TTF', 'LFAXD.TTF', 'LFAXDI.TTF', 'LFAXI.TTF', 'LHANDW.TTF', 'LSANS.TTF', 'LSANSD.TTF', 'LSANSDI.TTF', 'LSANSI.TTF', 'LTYPE.TTF', 'LTYPEB.TTF', 'LTYPEBO.TTF', 'LTYPEO.TTF', 'lucon.ttf', 'l_10646.ttf', 'MAGNETOB.TTF', 'MAIAN.TTF', 'malgun.ttf', 'malgunbd.ttf', 'malgunsl.ttf', 'marlett.ttf', 'MATURASC.TTF', 'micross.ttf', 'mingliub.ttc', 'MISTRAL.TTF', 'mmrtext.ttf', 'mmrtextb.ttf', 'MOD20.TTF', 'modern.fon', 'monbaiti.ttf', 'msgothic.ttc', 'msjh.ttc', 'msjhbd.ttc', 'msjhl.ttc', 'msyh.ttc', 'msyhbd.ttc', 'msyhl.ttc', 'msyi.ttf', 'MTCORSVA.TTF', 'MTEXTRA.TTF', 'mvboli.ttf', 'NIAGENG.TTF', 'NIAGSOL.TTF', 'Nirmala.ttf', 'NirmalaB.ttf', 'NirmalaS.ttf', 'ntailu.ttf', 'ntailub.ttf', 'NumberOnly.ttf', 'OCRAEXT.TTF', 'OLDENGL.TTF', 'ONYX.TTF', 'OUTLOOK.TTF', 'pala.ttf', 'palab.ttf', 'palabi.ttf', 'palai.ttf', 'PALSCRI.TTF', 'PAPYRUS.TTF', 'PARCHM.TTF', 'PERBI___.TTF', 'PERB____.TTF', 'PERI____.TTF', 'PERTIBD.TTF', 'PERTILI.TTF', 'PER_____.TTF', 'phagspa.ttf', 'phagspab.ttf', 'PLAYBILL.TTF', 'POORICH.TTF', 'PRISTINA.TTF', 'RAGE.TTF', 'RAVIE.TTF', 'REFSAN.TTF', 'REFSPCL.TTF', 'ROCCB___.TTF', 'ROCC____.TTF', 'ROCK.TTF', 'ROCKB.TTF', 'ROCKBI.TTF', 'ROCKEB.TTF', 'ROCKI.TTF', 'roman.fon', 's8514fix.fon', 's8514oem.fon', 's8514sys.fon', 'SCHLBKB.TTF', 'SCHLBKBI.TTF', 'SCHLBKI.TTF', 'script.fon', 'SCRIPTBL.TTF', 'segmdl2.ttf', 'SegoeIcons.ttf', 'segoepr.ttf', 'segoeprb.ttf', 'segoesc.ttf', 'segoescb.ttf', 'segoeui.ttf', 'segoeuib.ttf', 'segoeuii.ttf', 'segoeuil.ttf', 'segoeuisl.ttf', 'segoeuiz.ttf', 'seguibl.ttf', 'seguibli.ttf', 'seguiemj.ttf', 'seguihis.ttf', 'seguili.ttf', 'seguisb.ttf', 'seguisbi.ttf', 'seguisli.ttf', 'seguisym.ttf', 'SegUIVar.ttf', 'sere1255.fon', 'sere1256.fon', 'sere1257.fon', 'serf1255.fon', 'serf1256.fon', 'serf1257.fon', 'serife.fon', 'serifee.fon', 'serifeg.fon', 'serifer.fon', 'serifet.fon', 'seriff.fon', 'seriffe.fon', 'seriffg.fon', 'seriffr.fon', 'serifft.fon', 'SHOWG.TTF', 'simfang.ttf', 'simhei.ttf', 'simkai.ttf', 'SIMLI.TTF', 'simsun.ttc', 'simsunb.ttf', 'SIMYOU.TTF', 'SitkaVF-Italic.ttf', 'SitkaVF.ttf', 'smae1255.fon', 'smae1256.fon', 'smae1257.fon', 'smaf1255.fon', 'smaf1256.fon', 'smaf1257.fon', 'smalle.fon', 'smallee.fon', 'smalleg.fon', 'smaller.fon', 'smallet.fon', 'smallf.fon', 'smallfe.fon', 'smallfg.fon', 'smallfr.fon', 'smallft.fon', 'SNAP____.TTF', 'ssee1255.fon', 'ssee1256.fon', 'ssee1257.fon', 'ssee874.fon', 'ssef1255.fon', 'ssef1256.fon', 'ssef1257.fon', 'ssef874.fon', 'sserife.fon', 'sserifee.fon', 'sserifeg.fon', 'sserifer.fon', 'sserifet.fon', 'sseriff.fon', 'sseriffe.fon', 'sseriffg.fon', 'sseriffr.fon', 'sserifft.fon', 'StaticCache.dat', 'STCAIYUN.TTF', 'STENCIL.TTF', 'STFANGSO.TTF', 'STHUPO.TTF', 'STKAITI.TTF', 'STLITI.TTF', 'STSONG.TTF', 'STXIHEI.TTF', 'STXINGKA.TTF', 'STXINWEI.TTF', 'STZHONGS.TTF', 'svgafix.fon', 'svgasys.fon', 'sylfaen.ttf', 'symbol.ttf', 'tahoma.ttf', 'tahomabd.ttf', 'taile.ttf', 'taileb.ttf', 'TCBI____.TTF', 'TCB_____.TTF', 'TCCB____.TTF', 'TCCEB.TTF', 'TCCM____.TTF', 'TCMI____.TTF', 'TCM_____.TTF', 'TEMPSITC.TTF', 'times.ttf', 'timesbd.ttf', 'timesbi.ttf', 'timesi.ttf', 'trebuc.ttf', 'trebucbd.ttf', 'trebucbi.ttf', 'trebucit.ttf', 'verdana.ttf', 'verdanab.ttf', 'verdanai.ttf', 'verdanaz.ttf', 'vga737.fon', 'vga775.fon', 'vga850.fon', 'vga852.fon', 'vga855.fon', 'vga857.fon', 'vga860.fon', 'vga861.fon', 'vga863.fon', 'vga865.fon', 'vga866.fon', 'vga869.fon', 'vga932.fon', 'vga936.fon', 'vga949.fon', 'vga950.fon', 'vgaf1255.fon', 'vgaf1256.fon', 'vgaf1257.fon', 'vgaf874.fon', 'vgafix.fon', 'vgafixe.fon', 'vgafixg.fon', 'vgafixr.fon', 'vgafixt.fon', 'vgaoem.fon', 'vgas1255.fon', 'vgas1256.fon', 'vgas1257.fon', 'vgas874.fon', 'vgasys.fon', 'vgasyse.fon', 'vgasysg.fon', 'vgasysr.fon', 'vgasyst.fon', 'VINERITC.TTF', 'VIVALDII.TTF', 'VLADIMIR.TTF', 'webdings.ttf', 'wingding.ttf', 'WINGDNG2.TTF', 'WINGDNG3.TTF', 'YuGothB.ttc', 'YuGothL.ttc', 'YuGothM.ttc', 'YuGothR.ttc', '\u534e\u5eb7\u65b9\u5706\u4f53W7.TTC', '\u65b9\u6b63\u7c97\u9ed1\u5b8b\u7b80\u4f53.ttf']
2023-09-27 15:52:55,021 - INFO - all fonts installed:['8514fix.fon', '8514fixe.fon', '8514fixg.fon', '8514fixr.fon', '8514fixt.fon', '8514oem.fon', '8514oeme.fon', '8514oemg.fon', '8514oemr.fon', '8514oemt.fon', '8514sys.fon', '8514syse.fon', '8514sysg.fon', '8514sysr.fon', '8514syst.fon', '85775.fon', '85855.fon', '85f1255.fon', '85f1256.fon', '85f1257.fon', '85f874.fon', '85s1255.fon', '85s1256.fon', '85s1257.fon', '85s874.fon', 'AGENCYB.TTF', 'AGENCYR.TTF', 'ALGER.TTF', 'ANTQUAB.TTF', 'ANTQUABI.TTF', 'ANTQUAI.TTF', 'app775.fon', 'app850.fon', 'app852.fon', 'app855.fon', 'app857.fon', 'app866.fon', 'app932.fon', 'app936.fon', 'app949.fon', 'app950.fon', 'arial.ttf', 'arialbd.ttf', 'arialbi.ttf', 'ariali.ttf', 'ARIALN.TTF', 'ARIALNB.TTF', 'ARIALNBI.TTF', 'ARIALNI.TTF', 'ariblk.ttf', 'ARLRDBD.TTF', 'AxureHandwriting-Bold.otf', 'AxureHandwriting-BoldItalic.otf', 'AxureHandwriting-Italic.otf', 'AxureHandwriting.otf', 'bahnschrift.ttf', 'BASKVILL.TTF', 'BAUHS93.TTF', 'BELL.TTF', 'BELLB.TTF', 'BELLI.TTF', 'BERNHC.TTF', 'BKANT.TTF', 'BOD_B.TTF', 'BOD_BI.TTF', 'BOD_BLAI.TTF', 'BOD_BLAR.TTF', 'BOD_CB.TTF', 'BOD_CBI.TTF', 'BOD_CI.TTF', 'BOD_CR.TTF', 'BOD_I.TTF', 'BOD_PSTC.TTF', 'BOD_R.TTF', 'BOOKOS.TTF', 'BOOKOSB.TTF', 'BOOKOSBI.TTF', 'BOOKOSI.TTF', 'BRADHITC.TTF', 'BRITANIC.TTF', 'BRLNSB.TTF', 'BRLNSDB.TTF', 'BRLNSR.TTF', 'BROADW.TTF', 'BRUSHSCI.TTF', 'BSSYM7.TTF', 'c8514fix.fon', 'c8514oem.fon', 'c8514sys.fon', 'calibri.ttf', 'calibrib.ttf', 'calibrii.ttf', 'calibril.ttf', 'calibrili.ttf', 'calibriz.ttf', 'CALIFB.TTF', 'CALIFI.TTF', 'CALIFR.TTF', 'CALIST.TTF', 'CALISTB.TTF', 'CALISTBI.TTF', 'CALISTI.TTF', 'cambria.ttc', 'cambriab.ttf', 'cambriai.ttf', 'cambriaz.ttf', 'Candara.ttf', 'Candarab.ttf', 'Candarai.ttf', 'Candaral.ttf', 'Candarali.ttf', 'Candaraz.ttf', 'CascadiaCode.ttf', 'CascadiaMono.ttf', 'CASTELAR.TTF', 'CENSCBK.TTF', 'CENTAUR.TTF', 'CENTURY.TTF', 'cga40737.fon', 'cga40850.fon', 'cga40852.fon', 'cga40857.fon', 'cga40866.fon', 'cga40869.fon', 'cga40woa.fon', 'cga80737.fon', 'cga80850.fon', 'cga80852.fon', 'cga80857.fon', 'cga80866.fon', 'cga80869.fon', 'cga80woa.fon', 'CHILLER.TTF', 'COLONNA.TTF', 'comic.ttf', 'comicbd.ttf', 'comici.ttf', 'comicz.ttf', 'consola.ttf', 'consolab.ttf', 'consolai.ttf', 'consolaz.ttf', 'constan.ttf', 'constanb.ttf', 'constani.ttf', 'constanz.ttf', 'COOPBL.TTF', 'COPRGTB.TTF', 'COPRGTL.TTF', 'corbel.ttf', 'corbelb.ttf', 'corbeli.ttf', 'corbell.ttf', 'corbelli.ttf', 'corbelz.ttf', 'coue1255.fon', 'coue1256.fon', 'coue1257.fon', 'couf1255.fon', 'couf1256.fon', 'couf1257.fon', 'cour.ttf', 'courbd.ttf', 'courbi.ttf', 'coure.fon', 'couree.fon', 'coureg.fon', 'courer.fon', 'couret.fon', 'courf.fon', 'courfe.fon', 'courfg.fon', 'courfr.fon', 'courft.fon', 'couri.ttf', 'CURLZ___.TTF', 'cvgafix.fon', 'cvgasys.fon', 'Deng.ttf', 'Dengb.ttf', 'Dengl.ttf', 'desktop.ini', 'dos737.fon', 'dos869.fon', 'dosapp.fon', 'DUBAI-BOLD.TTF', 'DUBAI-LIGHT.TTF', 'DUBAI-MEDIUM.TTF', 'DUBAI-REGULAR.TTF', 'ebrima.ttf', 'ebrimabd.ttf', 'ega40737.fon', 'ega40850.fon', 'ega40852.fon', 'ega40857.fon', 'ega40866.fon', 'ega40869.fon', 'ega40woa.fon', 'ega80737.fon', 'ega80850.fon', 'ega80852.fon', 'ega80857.fon', 'ega80866.fon', 'ega80869.fon', 'ega80woa.fon', 'ELEPHNT.TTF', 'ELEPHNTI.TTF', 'ENGR.TTF', 'ERASBD.TTF', 'ERASDEMI.TTF', 'ERASLGHT.TTF', 'ERASMD.TTF', 'FELIXTI.TTF', 'fms_metadata.xml', 'FORTE.TTF', 'FRABK.TTF', 'FRABKIT.TTF', 'FRADM.TTF', 'FRADMCN.TTF', 'FRADMIT.TTF', 'FRAHV.TTF', 'FRAHVIT.TTF', 'framd.ttf', 'FRAMDCN.TTF', 'framdit.ttf', 'FREESCPT.TTF', 'FRSCRIPT.TTF', 'FTLTLT.TTF', 'FZSTK.TTF', 'FZYTK.TTF', 'Gabriola.ttf', 'gadugi.ttf', 'gadugib.ttf', 'GARA.TTF', 'GARABD.TTF', 'GARAIT.TTF', 'georgia.ttf', 'georgiab.ttf', 'georgiai.ttf', 'georgiaz.ttf', 'GIGI.TTF', 'GILBI___.TTF', 'GILB____.TTF', 'GILC____.TTF', 'GILI____.TTF', 'GILLUBCD.TTF', 'GILSANUB.TTF', 'GIL_____.TTF', 'GLECB.TTF', 'GlobalMonospace.CompositeFont', 'GlobalSansSerif.CompositeFont', 'GlobalSerif.CompositeFont', 'GlobalUserInterface.CompositeFont', 'GLSNECB.TTF', 'GOTHIC.TTF', 'GOTHICB.TTF', 'GOTHICBI.TTF', 'GOTHICI.TTF', 'GOUDOS.TTF', 'GOUDOSB.TTF', 'GOUDOSI.TTF', 'GOUDYSTO.TTF', 'h8514fix.fon', 'h8514oem.fon', 'h8514sys.fon', 'HARLOWSI.TTF', 'HARNGTON.TTF', 'HATTEN.TTF', 'HGB1X_CNKI.ttf', 'HGB1_CNKI.ttf', 'HGB2X_CNKI.ttf', 'HGB2_CNKI.ttf', 'HGB3X_CNKI.ttf', 'HGB3_CNKI.ttf', 'HGB4X_CNKI.ttf', 'HGB4_CNKI.ttf', 'HGB5X_CNKI.ttf', 'HGB5_CNKI.ttf', 'HGB6X_CNKI.ttf', 'HGB6_CNKI.ttf', 'HGB7X_CNKI.ttf', 'HGB7_CNKI.ttf', 'HGB8X_CNKI.ttf', 'HGB8_CNKI.ttf', 'HGBD_CNKI.ttf', 'HGBKBX_CNKI.ttf', 'HGBKB_CNKI.ttf', 'HGBKHX_CNKI.ttf', 'HGBKH_CNKI.ttf', 'HGBS1_CNKI.TTF', 'HGBS2_CNKI.TTF', 'HGBS_CNKI.TTF', 'HGBTH_CNKI.TTF', 'HGBTS_CNKI.TTF', 'HGBX_CNKI.ttf', 'HGBZ_CNKI.ttf', 'HGCH_CNKI.TTF', 'HGCUH_CNKI.TTF', 'HGCY_CNKI.TTF', 'HGDBS_CNKI.TTF', 'HGDGY_CNKI.TTF', 'HGDH2_CNKI.TTF', 'HGDH_CNKI.TTF', 'HGDYS_CNKI.TTF', 'HGDY_CNKI.ttf', 'HGF1X_CNKI.ttf', 'HGF1_CNKI.ttf', 'HGF2X_CNKI.ttf', 'HGF2_CNKI.ttf', 'HGF3_CNKI.ttf', 'HGF4X_CNKI.ttf', 'HGF4_CNKI.ttf', 'HGF5X_CNKI.ttf', 'HGF5_CNKI.ttf', 'HGF6X_CNKI.ttf', 'HGF6_CNKI.ttf', 'HGF7X_CNKI.ttf', 'HGF7_CNKI.ttf', 'HGF8_CNKI.ttf', 'HGF9X_CNKI.ttf', 'HGF9_CNKI.ttf', 'HGFS1_CNKI.TTF', 'HGFS2_CNKI.TTF', 'HGFSH_CNKI.TTF', 'HGFS_CNKI.TTF', 'HGFX_CNKI.ttf', 'HGFZ_CNKI.ttf', 'HGGG_CNKI.TTF', 'HGH1X_CNKI.ttf', 'HGH1_CNKI.ttf', 'HGH2X_CNKI.ttf', 'HGH2_CNKI.ttf', 'HGH3X_CNKI.ttf', 'HGH3_CNKI.ttf', 'HGH4X_CNKI.ttf', 'HGH4_CNKI.ttf', 'HGH5X_CNKI.ttf', 'HGH5_CNKI.ttf', 'HGH6X_CNKI.ttf', 'HGH6_CNKI.ttf', 'HGH7X_CNKI.ttf', 'HGH7_CNKI.ttf', 'HGHB_CNKI.TTF', 'HGHD_CNKI.ttf', 'HGHP_CNKI.TTF', 'HGHT1_CNKI.ttf', 'HGHT2_CNKI.ttf', 'HGHUATI_CNKI.ttf', 'HGHX_CNKI.ttf', 'HGHZ_CNKI.ttf', 'HGH_CNKI.TTF', 'HGKT1_CNKI.TTF', 'HGKT2_CNKI.TTF', 'HGKT_CNKI.TTF', 'HGKY_CNKI.ttf', 'HGLB_CNKI.TTF', 'HGLS_CNKI.TTF', 'HGMH_CNKI.TTF', 'HGNBS_CNKI.ttf', 'HGOCR_CNKI.ttf', 'HGPH_CNKI.TTF', 'HGPTY_CNKI.TTF', 'HGSS1_CNKI.TTF', 'HGSS2_CNKI.TTF', 'HGSS_CNKI.TTF', 'HGSXT_CNKI.ttf', 'HGTT_CNKI.ttf', 'HGTX_CNKI.TTF', 'HGWT_CNKI.TTF', 'HGWYS_CNKI.TTF', 'HGX1X_CNKI.ttf', 'HGX1_CNKI.ttf', 'HGXBS_CNKI.TTF', 'HGXC_CNKI.TTF', 'HGXF1_CNKI.ttf', 'HGXFX_CNKI.ttf', 'HGXFZ_CNKI.ttf', 'HGXH1_CNKI.TTF', 'HGXH_CNKI.TTF', 'HGXK_CNKI.TTF', 'HGXL_CNKI.TTF', 'HGXS_CNKI.TTF', 'HGXT_CNKI.ttf', 'HGXY_CNKI.ttf', 'HGY1_CNKI.TTF', 'HGY2_CNKI.TTF', 'HGY3_CNKI.TTF', 'HGY4_CNKI.TTF', 'HGYB_CNKI.ttf', 'HGYT1_CNKI.ttf', 'HGYT2_CNKI.ttf', 'HGYT_CNKI.TTF', 'HGYX_CNKI.TTF', 'HGZCS_CNKI.TTF', 'HGZDX_CNKI.TTF', 'HGZK_CNKI.TTF', 'HGZYT_CNKI.TTF', 'HGZY_CNKI.TTF', 'himalaya.ttf', 'holomdl2.ttf', 'HTOWERT.TTF', 'HTOWERTI.TTF', 'hvgafix.fon', 'hvgasys.fon', 'impact.ttf', 'IMPRISHA.TTF', 'INFROMAN.TTF', 'Inkfree.ttf', 'iqiyi_logov7.ttf', 'ITCBLKAD.TTF', 'ITCEDSCR.TTF', 'ITCKRIST.TTF', 'j8514fix.fon', 'j8514oem.fon', 'j8514sys.fon', 'javatext.ttf', 'JOKERMAN.TTF', 'jsmalle.fon', 'jsmallf.fon', 'JUICE___.TTF', 'jvgafix.fon', 'jvgasys.fon', 'KUNSTLER.TTF', 'LATINWD.TTF', 'LBRITE.TTF', 'LBRITED.TTF', 'LBRITEDI.TTF', 'LBRITEI.TTF', 'LCALLIG.TTF', 'LeelaUIb.ttf', 'LeelawUI.ttf', 'LeelUIsl.ttf', 'LFAX.TTF', 'LFAXD.TTF', 'LFAXDI.TTF', 'LFAXI.TTF', 'LHANDW.TTF', 'LSANS.TTF', 'LSANSD.TTF', 'LSANSDI.TTF', 'LSANSI.TTF', 'LTYPE.TTF', 'LTYPEB.TTF', 'LTYPEBO.TTF', 'LTYPEO.TTF', 'lucon.ttf', 'l_10646.ttf', 'MAGNETOB.TTF', 'MAIAN.TTF', 'malgun.ttf', 'malgunbd.ttf', 'malgunsl.ttf', 'marlett.ttf', 'MATURASC.TTF', 'micross.ttf', 'mingliub.ttc', 'MISTRAL.TTF', 'mmrtext.ttf', 'mmrtextb.ttf', 'MOD20.TTF', 'modern.fon', 'monbaiti.ttf', 'msgothic.ttc', 'msjh.ttc', 'msjhbd.ttc', 'msjhl.ttc', 'msyh.ttc', 'msyhbd.ttc', 'msyhl.ttc', 'msyi.ttf', 'MTCORSVA.TTF', 'MTEXTRA.TTF', 'mvboli.ttf', 'NIAGENG.TTF', 'NIAGSOL.TTF', 'Nirmala.ttf', 'NirmalaB.ttf', 'NirmalaS.ttf', 'ntailu.ttf', 'ntailub.ttf', 'NumberOnly.ttf', 'OCRAEXT.TTF', 'OLDENGL.TTF', 'ONYX.TTF', 'OUTLOOK.TTF', 'pala.ttf', 'palab.ttf', 'palabi.ttf', 'palai.ttf', 'PALSCRI.TTF', 'PAPYRUS.TTF', 'PARCHM.TTF', 'PERBI___.TTF', 'PERB____.TTF', 'PERI____.TTF', 'PERTIBD.TTF', 'PERTILI.TTF', 'PER_____.TTF', 'phagspa.ttf', 'phagspab.ttf', 'PLAYBILL.TTF', 'POORICH.TTF', 'PRISTINA.TTF', 'RAGE.TTF', 'RAVIE.TTF', 'REFSAN.TTF', 'REFSPCL.TTF', 'ROCCB___.TTF', 'ROCC____.TTF', 'ROCK.TTF', 'ROCKB.TTF', 'ROCKBI.TTF', 'ROCKEB.TTF', 'ROCKI.TTF', 'roman.fon', 's8514fix.fon', 's8514oem.fon', 's8514sys.fon', 'SCHLBKB.TTF', 'SCHLBKBI.TTF', 'SCHLBKI.TTF', 'script.fon', 'SCRIPTBL.TTF', 'segmdl2.ttf', 'SegoeIcons.ttf', 'segoepr.ttf', 'segoeprb.ttf', 'segoesc.ttf', 'segoescb.ttf', 'segoeui.ttf', 'segoeuib.ttf', 'segoeuii.ttf', 'segoeuil.ttf', 'segoeuisl.ttf', 'segoeuiz.ttf', 'seguibl.ttf', 'seguibli.ttf', 'seguiemj.ttf', 'seguihis.ttf', 'seguili.ttf', 'seguisb.ttf', 'seguisbi.ttf', 'seguisli.ttf', 'seguisym.ttf', 'SegUIVar.ttf', 'sere1255.fon', 'sere1256.fon', 'sere1257.fon', 'serf1255.fon', 'serf1256.fon', 'serf1257.fon', 'serife.fon', 'serifee.fon', 'serifeg.fon', 'serifer.fon', 'serifet.fon', 'seriff.fon', 'seriffe.fon', 'seriffg.fon', 'seriffr.fon', 'serifft.fon', 'SHOWG.TTF', 'simfang.ttf', 'simhei.ttf', 'simkai.ttf', 'SIMLI.TTF', 'simsun.ttc', 'simsunb.ttf', 'SIMYOU.TTF', 'SitkaVF-Italic.ttf', 'SitkaVF.ttf', 'smae1255.fon', 'smae1256.fon', 'smae1257.fon', 'smaf1255.fon', 'smaf1256.fon', 'smaf1257.fon', 'smalle.fon', 'smallee.fon', 'smalleg.fon', 'smaller.fon', 'smallet.fon', 'smallf.fon', 'smallfe.fon', 'smallfg.fon', 'smallfr.fon', 'smallft.fon', 'SNAP____.TTF', 'ssee1255.fon', 'ssee1256.fon', 'ssee1257.fon', 'ssee874.fon', 'ssef1255.fon', 'ssef1256.fon', 'ssef1257.fon', 'ssef874.fon', 'sserife.fon', 'sserifee.fon', 'sserifeg.fon', 'sserifer.fon', 'sserifet.fon', 'sseriff.fon', 'sseriffe.fon', 'sseriffg.fon', 'sseriffr.fon', 'sserifft.fon', 'StaticCache.dat', 'STCAIYUN.TTF', 'STENCIL.TTF', 'STFANGSO.TTF', 'STHUPO.TTF', 'STKAITI.TTF', 'STLITI.TTF', 'STSONG.TTF', 'STXIHEI.TTF', 'STXINGKA.TTF', 'STXINWEI.TTF', 'STZHONGS.TTF', 'svgafix.fon', 'svgasys.fon', 'sylfaen.ttf', 'symbol.ttf', 'tahoma.ttf', 'tahomabd.ttf', 'taile.ttf', 'taileb.ttf', 'TCBI____.TTF', 'TCB_____.TTF', 'TCCB____.TTF', 'TCCEB.TTF', 'TCCM____.TTF', 'TCMI____.TTF', 'TCM_____.TTF', 'TEMPSITC.TTF', 'times.ttf', 'timesbd.ttf', 'timesbi.ttf', 'timesi.ttf', 'trebuc.ttf', 'trebucbd.ttf', 'trebucbi.ttf', 'trebucit.ttf', 'verdana.ttf', 'verdanab.ttf', 'verdanai.ttf', 'verdanaz.ttf', 'vga737.fon', 'vga775.fon', 'vga850.fon', 'vga852.fon', 'vga855.fon', 'vga857.fon', 'vga860.fon', 'vga861.fon', 'vga863.fon', 'vga865.fon', 'vga866.fon', 'vga869.fon', 'vga932.fon', 'vga936.fon', 'vga949.fon', 'vga950.fon', 'vgaf1255.fon', 'vgaf1256.fon', 'vgaf1257.fon', 'vgaf874.fon', 'vgafix.fon', 'vgafixe.fon', 'vgafixg.fon', 'vgafixr.fon', 'vgafixt.fon', 'vgaoem.fon', 'vgas1255.fon', 'vgas1256.fon', 'vgas1257.fon', 'vgas874.fon', 'vgasys.fon', 'vgasyse.fon', 'vgasysg.fon', 'vgasysr.fon', 'vgasyst.fon', 'VINERITC.TTF', 'VIVALDII.TTF', 'VLADIMIR.TTF', 'webdings.ttf', 'wingding.ttf', 'WINGDNG2.TTF', 'WINGDNG3.TTF', 'YuGothB.ttc', 'YuGothL.ttc', 'YuGothM.ttc', 'YuGothR.ttc', '\u534e\u5eb7\u65b9\u5706\u4f53W7.TTC', '\u65b9\u6b63\u7c97\u9ed1\u5b8b\u7b80\u4f53.ttf']
2023-09-27 15:52:55,026 - INFO - all fonts installed:['8514fix.fon', '8514fixe.fon', '8514fixg.fon', '8514fixr.fon', '8514fixt.fon', '8514oem.fon', '8514oeme.fon', '8514oemg.fon', '8514oemr.fon', '8514oemt.fon', '8514sys.fon', '8514syse.fon', '8514sysg.fon', '8514sysr.fon', '8514syst.fon', '85775.fon', '85855.fon', '85f1255.fon', '85f1256.fon', '85f1257.fon', '85f874.fon', '85s1255.fon', '85s1256.fon', '85s1257.fon', '85s874.fon', 'AGENCYB.TTF', 'AGENCYR.TTF', 'ALGER.TTF', 'ANTQUAB.TTF', 'ANTQUABI.TTF', 'ANTQUAI.TTF', 'app775.fon', 'app850.fon', 'app852.fon', 'app855.fon', 'app857.fon', 'app866.fon', 'app932.fon', 'app936.fon', 'app949.fon', 'app950.fon', 'arial.ttf', 'arialbd.ttf', 'arialbi.ttf', 'ariali.ttf', 'ARIALN.TTF', 'ARIALNB.TTF', 'ARIALNBI.TTF', 'ARIALNI.TTF', 'ariblk.ttf', 'ARLRDBD.TTF', 'AxureHandwriting-Bold.otf', 'AxureHandwriting-BoldItalic.otf', 'AxureHandwriting-Italic.otf', 'AxureHandwriting.otf', 'bahnschrift.ttf', 'BASKVILL.TTF', 'BAUHS93.TTF', 'BELL.TTF', 'BELLB.TTF', 'BELLI.TTF', 'BERNHC.TTF', 'BKANT.TTF', 'BOD_B.TTF', 'BOD_BI.TTF', 'BOD_BLAI.TTF', 'BOD_BLAR.TTF', 'BOD_CB.TTF', 'BOD_CBI.TTF', 'BOD_CI.TTF', 'BOD_CR.TTF', 'BOD_I.TTF', 'BOD_PSTC.TTF', 'BOD_R.TTF', 'BOOKOS.TTF', 'BOOKOSB.TTF', 'BOOKOSBI.TTF', 'BOOKOSI.TTF', 'BRADHITC.TTF', 'BRITANIC.TTF', 'BRLNSB.TTF', 'BRLNSDB.TTF', 'BRLNSR.TTF', 'BROADW.TTF', 'BRUSHSCI.TTF', 'BSSYM7.TTF', 'c8514fix.fon', 'c8514oem.fon', 'c8514sys.fon', 'calibri.ttf', 'calibrib.ttf', 'calibrii.ttf', 'calibril.ttf', 'calibrili.ttf', 'calibriz.ttf', 'CALIFB.TTF', 'CALIFI.TTF', 'CALIFR.TTF', 'CALIST.TTF', 'CALISTB.TTF', 'CALISTBI.TTF', 'CALISTI.TTF', 'cambria.ttc', 'cambriab.ttf', 'cambriai.ttf', 'cambriaz.ttf', 'Candara.ttf', 'Candarab.ttf', 'Candarai.ttf', 'Candaral.ttf', 'Candarali.ttf', 'Candaraz.ttf', 'CascadiaCode.ttf', 'CascadiaMono.ttf', 'CASTELAR.TTF', 'CENSCBK.TTF', 'CENTAUR.TTF', 'CENTURY.TTF', 'cga40737.fon', 'cga40850.fon', 'cga40852.fon', 'cga40857.fon', 'cga40866.fon', 'cga40869.fon', 'cga40woa.fon', 'cga80737.fon', 'cga80850.fon', 'cga80852.fon', 'cga80857.fon', 'cga80866.fon', 'cga80869.fon', 'cga80woa.fon', 'CHILLER.TTF', 'COLONNA.TTF', 'comic.ttf', 'comicbd.ttf', 'comici.ttf', 'comicz.ttf', 'consola.ttf', 'consolab.ttf', 'consolai.ttf', 'consolaz.ttf', 'constan.ttf', 'constanb.ttf', 'constani.ttf', 'constanz.ttf', 'COOPBL.TTF', 'COPRGTB.TTF', 'COPRGTL.TTF', 'corbel.ttf', 'corbelb.ttf', 'corbeli.ttf', 'corbell.ttf', 'corbelli.ttf', 'corbelz.ttf', 'coue1255.fon', 'coue1256.fon', 'coue1257.fon', 'couf1255.fon', 'couf1256.fon', 'couf1257.fon', 'cour.ttf', 'courbd.ttf', 'courbi.ttf', 'coure.fon', 'couree.fon', 'coureg.fon', 'courer.fon', 'couret.fon', 'courf.fon', 'courfe.fon', 'courfg.fon', 'courfr.fon', 'courft.fon', 'couri.ttf', 'CURLZ___.TTF', 'cvgafix.fon', 'cvgasys.fon', 'Deng.ttf', 'Dengb.ttf', 'Dengl.ttf', 'desktop.ini', 'dos737.fon', 'dos869.fon', 'dosapp.fon', 'DUBAI-BOLD.TTF', 'DUBAI-LIGHT.TTF', 'DUBAI-MEDIUM.TTF', 'DUBAI-REGULAR.TTF', 'ebrima.ttf', 'ebrimabd.ttf', 'ega40737.fon', 'ega40850.fon', 'ega40852.fon', 'ega40857.fon', 'ega40866.fon', 'ega40869.fon', 'ega40woa.fon', 'ega80737.fon', 'ega80850.fon', 'ega80852.fon', 'ega80857.fon', 'ega80866.fon', 'ega80869.fon', 'ega80woa.fon', 'ELEPHNT.TTF', 'ELEPHNTI.TTF', 'ENGR.TTF', 'ERASBD.TTF', 'ERASDEMI.TTF', 'ERASLGHT.TTF', 'ERASMD.TTF', 'FELIXTI.TTF', 'fms_metadata.xml', 'FORTE.TTF', 'FRABK.TTF', 'FRABKIT.TTF', 'FRADM.TTF', 'FRADMCN.TTF', 'FRADMIT.TTF', 'FRAHV.TTF', 'FRAHVIT.TTF', 'framd.ttf', 'FRAMDCN.TTF', 'framdit.ttf', 'FREESCPT.TTF', 'FRSCRIPT.TTF', 'FTLTLT.TTF', 'FZSTK.TTF', 'FZYTK.TTF', 'Gabriola.ttf', 'gadugi.ttf', 'gadugib.ttf', 'GARA.TTF', 'GARABD.TTF', 'GARAIT.TTF', 'georgia.ttf', 'georgiab.ttf', 'georgiai.ttf', 'georgiaz.ttf', 'GIGI.TTF', 'GILBI___.TTF', 'GILB____.TTF', 'GILC____.TTF', 'GILI____.TTF', 'GILLUBCD.TTF', 'GILSANUB.TTF', 'GIL_____.TTF', 'GLECB.TTF', 'GlobalMonospace.CompositeFont', 'GlobalSansSerif.CompositeFont', 'GlobalSerif.CompositeFont', 'GlobalUserInterface.CompositeFont', 'GLSNECB.TTF', 'GOTHIC.TTF', 'GOTHICB.TTF', 'GOTHICBI.TTF', 'GOTHICI.TTF', 'GOUDOS.TTF', 'GOUDOSB.TTF', 'GOUDOSI.TTF', 'GOUDYSTO.TTF', 'h8514fix.fon', 'h8514oem.fon', 'h8514sys.fon', 'HARLOWSI.TTF', 'HARNGTON.TTF', 'HATTEN.TTF', 'HGB1X_CNKI.ttf', 'HGB1_CNKI.ttf', 'HGB2X_CNKI.ttf', 'HGB2_CNKI.ttf', 'HGB3X_CNKI.ttf', 'HGB3_CNKI.ttf', 'HGB4X_CNKI.ttf', 'HGB4_CNKI.ttf', 'HGB5X_CNKI.ttf', 'HGB5_CNKI.ttf', 'HGB6X_CNKI.ttf', 'HGB6_CNKI.ttf', 'HGB7X_CNKI.ttf', 'HGB7_CNKI.ttf', 'HGB8X_CNKI.ttf', 'HGB8_CNKI.ttf', 'HGBD_CNKI.ttf', 'HGBKBX_CNKI.ttf', 'HGBKB_CNKI.ttf', 'HGBKHX_CNKI.ttf', 'HGBKH_CNKI.ttf', 'HGBS1_CNKI.TTF', 'HGBS2_CNKI.TTF', 'HGBS_CNKI.TTF', 'HGBTH_CNKI.TTF', 'HGBTS_CNKI.TTF', 'HGBX_CNKI.ttf', 'HGBZ_CNKI.ttf', 'HGCH_CNKI.TTF', 'HGCUH_CNKI.TTF', 'HGCY_CNKI.TTF', 'HGDBS_CNKI.TTF', 'HGDGY_CNKI.TTF', 'HGDH2_CNKI.TTF', 'HGDH_CNKI.TTF', 'HGDYS_CNKI.TTF', 'HGDY_CNKI.ttf', 'HGF1X_CNKI.ttf', 'HGF1_CNKI.ttf', 'HGF2X_CNKI.ttf', 'HGF2_CNKI.ttf', 'HGF3_CNKI.ttf', 'HGF4X_CNKI.ttf', 'HGF4_CNKI.ttf', 'HGF5X_CNKI.ttf', 'HGF5_CNKI.ttf', 'HGF6X_CNKI.ttf', 'HGF6_CNKI.ttf', 'HGF7X_CNKI.ttf', 'HGF7_CNKI.ttf', 'HGF8_CNKI.ttf', 'HGF9X_CNKI.ttf', 'HGF9_CNKI.ttf', 'HGFS1_CNKI.TTF', 'HGFS2_CNKI.TTF', 'HGFSH_CNKI.TTF', 'HGFS_CNKI.TTF', 'HGFX_CNKI.ttf', 'HGFZ_CNKI.ttf', 'HGGG_CNKI.TTF', 'HGH1X_CNKI.ttf', 'HGH1_CNKI.ttf', 'HGH2X_CNKI.ttf', 'HGH2_CNKI.ttf', 'HGH3X_CNKI.ttf', 'HGH3_CNKI.ttf', 'HGH4X_CNKI.ttf', 'HGH4_CNKI.ttf', 'HGH5X_CNKI.ttf', 'HGH5_CNKI.ttf', 'HGH6X_CNKI.ttf', 'HGH6_CNKI.ttf', 'HGH7X_CNKI.ttf', 'HGH7_CNKI.ttf', 'HGHB_CNKI.TTF', 'HGHD_CNKI.ttf', 'HGHP_CNKI.TTF', 'HGHT1_CNKI.ttf', 'HGHT2_CNKI.ttf', 'HGHUATI_CNKI.ttf', 'HGHX_CNKI.ttf', 'HGHZ_CNKI.ttf', 'HGH_CNKI.TTF', 'HGKT1_CNKI.TTF', 'HGKT2_CNKI.TTF', 'HGKT_CNKI.TTF', 'HGKY_CNKI.ttf', 'HGLB_CNKI.TTF', 'HGLS_CNKI.TTF', 'HGMH_CNKI.TTF', 'HGNBS_CNKI.ttf', 'HGOCR_CNKI.ttf', 'HGPH_CNKI.TTF', 'HGPTY_CNKI.TTF', 'HGSS1_CNKI.TTF', 'HGSS2_CNKI.TTF', 'HGSS_CNKI.TTF', 'HGSXT_CNKI.ttf', 'HGTT_CNKI.ttf', 'HGTX_CNKI.TTF', 'HGWT_CNKI.TTF', 'HGWYS_CNKI.TTF', 'HGX1X_CNKI.ttf', 'HGX1_CNKI.ttf', 'HGXBS_CNKI.TTF', 'HGXC_CNKI.TTF', 'HGXF1_CNKI.ttf', 'HGXFX_CNKI.ttf', 'HGXFZ_CNKI.ttf', 'HGXH1_CNKI.TTF', 'HGXH_CNKI.TTF', 'HGXK_CNKI.TTF', 'HGXL_CNKI.TTF', 'HGXS_CNKI.TTF', 'HGXT_CNKI.ttf', 'HGXY_CNKI.ttf', 'HGY1_CNKI.TTF', 'HGY2_CNKI.TTF', 'HGY3_CNKI.TTF', 'HGY4_CNKI.TTF', 'HGYB_CNKI.ttf', 'HGYT1_CNKI.ttf', 'HGYT2_CNKI.ttf', 'HGYT_CNKI.TTF', 'HGYX_CNKI.TTF', 'HGZCS_CNKI.TTF', 'HGZDX_CNKI.TTF', 'HGZK_CNKI.TTF', 'HGZYT_CNKI.TTF', 'HGZY_CNKI.TTF', 'himalaya.ttf', 'holomdl2.ttf', 'HTOWERT.TTF', 'HTOWERTI.TTF', 'hvgafix.fon', 'hvgasys.fon', 'impact.ttf', 'IMPRISHA.TTF', 'INFROMAN.TTF', 'Inkfree.ttf', 'iqiyi_logov7.ttf', 'ITCBLKAD.TTF', 'ITCEDSCR.TTF', 'ITCKRIST.TTF', 'j8514fix.fon', 'j8514oem.fon', 'j8514sys.fon', 'javatext.ttf', 'JOKERMAN.TTF', 'jsmalle.fon', 'jsmallf.fon', 'JUICE___.TTF', 'jvgafix.fon', 'jvgasys.fon', 'KUNSTLER.TTF', 'LATINWD.TTF', 'LBRITE.TTF', 'LBRITED.TTF', 'LBRITEDI.TTF', 'LBRITEI.TTF', 'LCALLIG.TTF', 'LeelaUIb.ttf', 'LeelawUI.ttf', 'LeelUIsl.ttf', 'LFAX.TTF', 'LFAXD.TTF', 'LFAXDI.TTF', 'LFAXI.TTF', 'LHANDW.TTF', 'LSANS.TTF', 'LSANSD.TTF', 'LSANSDI.TTF', 'LSANSI.TTF', 'LTYPE.TTF', 'LTYPEB.TTF', 'LTYPEBO.TTF', 'LTYPEO.TTF', 'lucon.ttf', 'l_10646.ttf', 'MAGNETOB.TTF', 'MAIAN.TTF', 'malgun.ttf', 'malgunbd.ttf', 'malgunsl.ttf', 'marlett.ttf', 'MATURASC.TTF', 'micross.ttf', 'mingliub.ttc', 'MISTRAL.TTF', 'mmrtext.ttf', 'mmrtextb.ttf', 'MOD20.TTF', 'modern.fon', 'monbaiti.ttf', 'msgothic.ttc', 'msjh.ttc', 'msjhbd.ttc', 'msjhl.ttc', 'msyh.ttc', 'msyhbd.ttc', 'msyhl.ttc', 'msyi.ttf', 'MTCORSVA.TTF', 'MTEXTRA.TTF', 'mvboli.ttf', 'NIAGENG.TTF', 'NIAGSOL.TTF', 'Nirmala.ttf', 'NirmalaB.ttf', 'NirmalaS.ttf', 'ntailu.ttf', 'ntailub.ttf', 'NumberOnly.ttf', 'OCRAEXT.TTF', 'OLDENGL.TTF', 'ONYX.TTF', 'OUTLOOK.TTF', 'pala.ttf', 'palab.ttf', 'palabi.ttf', 'palai.ttf', 'PALSCRI.TTF', 'PAPYRUS.TTF', 'PARCHM.TTF', 'PERBI___.TTF', 'PERB____.TTF', 'PERI____.TTF', 'PERTIBD.TTF', 'PERTILI.TTF', 'PER_____.TTF', 'phagspa.ttf', 'phagspab.ttf', 'PLAYBILL.TTF', 'POORICH.TTF', 'PRISTINA.TTF', 'RAGE.TTF', 'RAVIE.TTF', 'REFSAN.TTF', 'REFSPCL.TTF', 'ROCCB___.TTF', 'ROCC____.TTF', 'ROCK.TTF', 'ROCKB.TTF', 'ROCKBI.TTF', 'ROCKEB.TTF', 'ROCKI.TTF', 'roman.fon', 's8514fix.fon', 's8514oem.fon', 's8514sys.fon', 'SCHLBKB.TTF', 'SCHLBKBI.TTF', 'SCHLBKI.TTF', 'script.fon', 'SCRIPTBL.TTF', 'segmdl2.ttf', 'SegoeIcons.ttf', 'segoepr.ttf', 'segoeprb.ttf', 'segoesc.ttf', 'segoescb.ttf', 'segoeui.ttf', 'segoeuib.ttf', 'segoeuii.ttf', 'segoeuil.ttf', 'segoeuisl.ttf', 'segoeuiz.ttf', 'seguibl.ttf', 'seguibli.ttf', 'seguiemj.ttf', 'seguihis.ttf', 'seguili.ttf', 'seguisb.ttf', 'seguisbi.ttf', 'seguisli.ttf', 'seguisym.ttf', 'SegUIVar.ttf', 'sere1255.fon', 'sere1256.fon', 'sere1257.fon', 'serf1255.fon', 'serf1256.fon', 'serf1257.fon', 'serife.fon', 'serifee.fon', 'serifeg.fon', 'serifer.fon', 'serifet.fon', 'seriff.fon', 'seriffe.fon', 'seriffg.fon', 'seriffr.fon', 'serifft.fon', 'SHOWG.TTF', 'simfang.ttf', 'simhei.ttf', 'simkai.ttf', 'SIMLI.TTF', 'simsun.ttc', 'simsunb.ttf', 'SIMYOU.TTF', 'SitkaVF-Italic.ttf', 'SitkaVF.ttf', 'smae1255.fon', 'smae1256.fon', 'smae1257.fon', 'smaf1255.fon', 'smaf1256.fon', 'smaf1257.fon', 'smalle.fon', 'smallee.fon', 'smalleg.fon', 'smaller.fon', 'smallet.fon', 'smallf.fon', 'smallfe.fon', 'smallfg.fon', 'smallfr.fon', 'smallft.fon', 'SNAP____.TTF', 'ssee1255.fon', 'ssee1256.fon', 'ssee1257.fon', 'ssee874.fon', 'ssef1255.fon', 'ssef1256.fon', 'ssef1257.fon', 'ssef874.fon', 'sserife.fon', 'sserifee.fon', 'sserifeg.fon', 'sserifer.fon', 'sserifet.fon', 'sseriff.fon', 'sseriffe.fon', 'sseriffg.fon', 'sseriffr.fon', 'sserifft.fon', 'StaticCache.dat', 'STCAIYUN.TTF', 'STENCIL.TTF', 'STFANGSO.TTF', 'STHUPO.TTF', 'STKAITI.TTF', 'STLITI.TTF', 'STSONG.TTF', 'STXIHEI.TTF', 'STXINGKA.TTF', 'STXINWEI.TTF', 'STZHONGS.TTF', 'svgafix.fon', 'svgasys.fon', 'sylfaen.ttf', 'symbol.ttf', 'tahoma.ttf', 'tahomabd.ttf', 'taile.ttf', 'taileb.ttf', 'TCBI____.TTF', 'TCB_____.TTF', 'TCCB____.TTF', 'TCCEB.TTF', 'TCCM____.TTF', 'TCMI____.TTF', 'TCM_____.TTF', 'TEMPSITC.TTF', 'times.ttf', 'timesbd.ttf', 'timesbi.ttf', 'timesi.ttf', 'trebuc.ttf', 'trebucbd.ttf', 'trebucbi.ttf', 'trebucit.ttf', 'verdana.ttf', 'verdanab.ttf', 'verdanai.ttf', 'verdanaz.ttf', 'vga737.fon', 'vga775.fon', 'vga850.fon', 'vga852.fon', 'vga855.fon', 'vga857.fon', 'vga860.fon', 'vga861.fon', 'vga863.fon', 'vga865.fon', 'vga866.fon', 'vga869.fon', 'vga932.fon', 'vga936.fon', 'vga949.fon', 'vga950.fon', 'vgaf1255.fon', 'vgaf1256.fon', 'vgaf1257.fon', 'vgaf874.fon', 'vgafix.fon', 'vgafixe.fon', 'vgafixg.fon', 'vgafixr.fon', 'vgafixt.fon', 'vgaoem.fon', 'vgas1255.fon', 'vgas1256.fon', 'vgas1257.fon', 'vgas874.fon', 'vgasys.fon', 'vgasyse.fon', 'vgasysg.fon', 'vgasysr.fon', 'vgasyst.fon', 'VINERITC.TTF', 'VIVALDII.TTF', 'VLADIMIR.TTF', 'webdings.ttf', 'wingding.ttf', 'WINGDNG2.TTF', 'WINGDNG3.TTF', 'YuGothB.ttc', 'YuGothL.ttc', 'YuGothM.ttc', 'YuGothR.ttc', '\u534e\u5eb7\u65b9\u5706\u4f53W7.TTC', '\u65b9\u6b63\u7c97\u9ed1\u5b8b\u7b80\u4f53.ttf']
2023-09-27 15:52:55,029 - INFO - all fonts installed:['8514fix.fon', '8514fixe.fon', '8514fixg.fon', '8514fixr.fon', '8514fixt.fon', '8514oem.fon', '8514oeme.fon', '8514oemg.fon', '8514oemr.fon', '8514oemt.fon', '8514sys.fon', '8514syse.fon', '8514sysg.fon', '8514sysr.fon', '8514syst.fon', '85775.fon', '85855.fon', '85f1255.fon', '85f1256.fon', '85f1257.fon', '85f874.fon', '85s1255.fon', '85s1256.fon', '85s1257.fon', '85s874.fon', 'AGENCYB.TTF', 'AGENCYR.TTF', 'ALGER.TTF', 'ANTQUAB.TTF', 'ANTQUABI.TTF', 'ANTQUAI.TTF', 'app775.fon', 'app850.fon', 'app852.fon', 'app855.fon', 'app857.fon', 'app866.fon', 'app932.fon', 'app936.fon', 'app949.fon', 'app950.fon', 'arial.ttf', 'arialbd.ttf', 'arialbi.ttf', 'ariali.ttf', 'ARIALN.TTF', 'ARIALNB.TTF', 'ARIALNBI.TTF', 'ARIALNI.TTF', 'ariblk.ttf', 'ARLRDBD.TTF', 'AxureHandwriting-Bold.otf', 'AxureHandwriting-BoldItalic.otf', 'AxureHandwriting-Italic.otf', 'AxureHandwriting.otf', 'bahnschrift.ttf', 'BASKVILL.TTF', 'BAUHS93.TTF', 'BELL.TTF', 'BELLB.TTF', 'BELLI.TTF', 'BERNHC.TTF', 'BKANT.TTF', 'BOD_B.TTF', 'BOD_BI.TTF', 'BOD_BLAI.TTF', 'BOD_BLAR.TTF', 'BOD_CB.TTF', 'BOD_CBI.TTF', 'BOD_CI.TTF', 'BOD_CR.TTF', 'BOD_I.TTF', 'BOD_PSTC.TTF', 'BOD_R.TTF', 'BOOKOS.TTF', 'BOOKOSB.TTF', 'BOOKOSBI.TTF', 'BOOKOSI.TTF', 'BRADHITC.TTF', 'BRITANIC.TTF', 'BRLNSB.TTF', 'BRLNSDB.TTF', 'BRLNSR.TTF', 'BROADW.TTF', 'BRUSHSCI.TTF', 'BSSYM7.TTF', 'c8514fix.fon', 'c8514oem.fon', 'c8514sys.fon', 'calibri.ttf', 'calibrib.ttf', 'calibrii.ttf', 'calibril.ttf', 'calibrili.ttf', 'calibriz.ttf', 'CALIFB.TTF', 'CALIFI.TTF', 'CALIFR.TTF', 'CALIST.TTF', 'CALISTB.TTF', 'CALISTBI.TTF', 'CALISTI.TTF', 'cambria.ttc', 'cambriab.ttf', 'cambriai.ttf', 'cambriaz.ttf', 'Candara.ttf', 'Candarab.ttf', 'Candarai.ttf', 'Candaral.ttf', 'Candarali.ttf', 'Candaraz.ttf', 'CascadiaCode.ttf', 'CascadiaMono.ttf', 'CASTELAR.TTF', 'CENSCBK.TTF', 'CENTAUR.TTF', 'CENTURY.TTF', 'cga40737.fon', 'cga40850.fon', 'cga40852.fon', 'cga40857.fon', 'cga40866.fon', 'cga40869.fon', 'cga40woa.fon', 'cga80737.fon', 'cga80850.fon', 'cga80852.fon', 'cga80857.fon', 'cga80866.fon', 'cga80869.fon', 'cga80woa.fon', 'CHILLER.TTF', 'COLONNA.TTF', 'comic.ttf', 'comicbd.ttf', 'comici.ttf', 'comicz.ttf', 'consola.ttf', 'consolab.ttf', 'consolai.ttf', 'consolaz.ttf', 'constan.ttf', 'constanb.ttf', 'constani.ttf', 'constanz.ttf', 'COOPBL.TTF', 'COPRGTB.TTF', 'COPRGTL.TTF', 'corbel.ttf', 'corbelb.ttf', 'corbeli.ttf', 'corbell.ttf', 'corbelli.ttf', 'corbelz.ttf', 'coue1255.fon', 'coue1256.fon', 'coue1257.fon', 'couf1255.fon', 'couf1256.fon', 'couf1257.fon', 'cour.ttf', 'courbd.ttf', 'courbi.ttf', 'coure.fon', 'couree.fon', 'coureg.fon', 'courer.fon', 'couret.fon', 'courf.fon', 'courfe.fon', 'courfg.fon', 'courfr.fon', 'courft.fon', 'couri.ttf', 'CURLZ___.TTF', 'cvgafix.fon', 'cvgasys.fon', 'Deng.ttf', 'Dengb.ttf', 'Dengl.ttf', 'desktop.ini', 'dos737.fon', 'dos869.fon', 'dosapp.fon', 'DUBAI-BOLD.TTF', 'DUBAI-LIGHT.TTF', 'DUBAI-MEDIUM.TTF', 'DUBAI-REGULAR.TTF', 'ebrima.ttf', 'ebrimabd.ttf', 'ega40737.fon', 'ega40850.fon', 'ega40852.fon', 'ega40857.fon', 'ega40866.fon', 'ega40869.fon', 'ega40woa.fon', 'ega80737.fon', 'ega80850.fon', 'ega80852.fon', 'ega80857.fon', 'ega80866.fon', 'ega80869.fon', 'ega80woa.fon', 'ELEPHNT.TTF', 'ELEPHNTI.TTF', 'ENGR.TTF', 'ERASBD.TTF', 'ERASDEMI.TTF', 'ERASLGHT.TTF', 'ERASMD.TTF', 'FELIXTI.TTF', 'fms_metadata.xml', 'FORTE.TTF', 'FRABK.TTF', 'FRABKIT.TTF', 'FRADM.TTF', 'FRADMCN.TTF', 'FRADMIT.TTF', 'FRAHV.TTF', 'FRAHVIT.TTF', 'framd.ttf', 'FRAMDCN.TTF', 'framdit.ttf', 'FREESCPT.TTF', 'FRSCRIPT.TTF', 'FTLTLT.TTF', 'FZSTK.TTF', 'FZYTK.TTF', 'Gabriola.ttf', 'gadugi.ttf', 'gadugib.ttf', 'GARA.TTF', 'GARABD.TTF', 'GARAIT.TTF', 'georgia.ttf', 'georgiab.ttf', 'georgiai.ttf', 'georgiaz.ttf', 'GIGI.TTF', 'GILBI___.TTF', 'GILB____.TTF', 'GILC____.TTF', 'GILI____.TTF', 'GILLUBCD.TTF', 'GILSANUB.TTF', 'GIL_____.TTF', 'GLECB.TTF', 'GlobalMonospace.CompositeFont', 'GlobalSansSerif.CompositeFont', 'GlobalSerif.CompositeFont', 'GlobalUserInterface.CompositeFont', 'GLSNECB.TTF', 'GOTHIC.TTF', 'GOTHICB.TTF', 'GOTHICBI.TTF', 'GOTHICI.TTF', 'GOUDOS.TTF', 'GOUDOSB.TTF', 'GOUDOSI.TTF', 'GOUDYSTO.TTF', 'h8514fix.fon', 'h8514oem.fon', 'h8514sys.fon', 'HARLOWSI.TTF', 'HARNGTON.TTF', 'HATTEN.TTF', 'HGB1X_CNKI.ttf', 'HGB1_CNKI.ttf', 'HGB2X_CNKI.ttf', 'HGB2_CNKI.ttf', 'HGB3X_CNKI.ttf', 'HGB3_CNKI.ttf', 'HGB4X_CNKI.ttf', 'HGB4_CNKI.ttf', 'HGB5X_CNKI.ttf', 'HGB5_CNKI.ttf', 'HGB6X_CNKI.ttf', 'HGB6_CNKI.ttf', 'HGB7X_CNKI.ttf', 'HGB7_CNKI.ttf', 'HGB8X_CNKI.ttf', 'HGB8_CNKI.ttf', 'HGBD_CNKI.ttf', 'HGBKBX_CNKI.ttf', 'HGBKB_CNKI.ttf', 'HGBKHX_CNKI.ttf', 'HGBKH_CNKI.ttf', 'HGBS1_CNKI.TTF', 'HGBS2_CNKI.TTF', 'HGBS_CNKI.TTF', 'HGBTH_CNKI.TTF', 'HGBTS_CNKI.TTF', 'HGBX_CNKI.ttf', 'HGBZ_CNKI.ttf', 'HGCH_CNKI.TTF', 'HGCUH_CNKI.TTF', 'HGCY_CNKI.TTF', 'HGDBS_CNKI.TTF', 'HGDGY_CNKI.TTF', 'HGDH2_CNKI.TTF', 'HGDH_CNKI.TTF', 'HGDYS_CNKI.TTF', 'HGDY_CNKI.ttf', 'HGF1X_CNKI.ttf', 'HGF1_CNKI.ttf', 'HGF2X_CNKI.ttf', 'HGF2_CNKI.ttf', 'HGF3_CNKI.ttf', 'HGF4X_CNKI.ttf', 'HGF4_CNKI.ttf', 'HGF5X_CNKI.ttf', 'HGF5_CNKI.ttf', 'HGF6X_CNKI.ttf', 'HGF6_CNKI.ttf', 'HGF7X_CNKI.ttf', 'HGF7_CNKI.ttf', 'HGF8_CNKI.ttf', 'HGF9X_CNKI.ttf', 'HGF9_CNKI.ttf', 'HGFS1_CNKI.TTF', 'HGFS2_CNKI.TTF', 'HGFSH_CNKI.TTF', 'HGFS_CNKI.TTF', 'HGFX_CNKI.ttf', 'HGFZ_CNKI.ttf', 'HGGG_CNKI.TTF', 'HGH1X_CNKI.ttf', 'HGH1_CNKI.ttf', 'HGH2X_CNKI.ttf', 'HGH2_CNKI.ttf', 'HGH3X_CNKI.ttf', 'HGH3_CNKI.ttf', 'HGH4X_CNKI.ttf', 'HGH4_CNKI.ttf', 'HGH5X_CNKI.ttf', 'HGH5_CNKI.ttf', 'HGH6X_CNKI.ttf', 'HGH6_CNKI.ttf', 'HGH7X_CNKI.ttf', 'HGH7_CNKI.ttf', 'HGHB_CNKI.TTF', 'HGHD_CNKI.ttf', 'HGHP_CNKI.TTF', 'HGHT1_CNKI.ttf', 'HGHT2_CNKI.ttf', 'HGHUATI_CNKI.ttf', 'HGHX_CNKI.ttf', 'HGHZ_CNKI.ttf', 'HGH_CNKI.TTF', 'HGKT1_CNKI.TTF', 'HGKT2_CNKI.TTF', 'HGKT_CNKI.TTF', 'HGKY_CNKI.ttf', 'HGLB_CNKI.TTF', 'HGLS_CNKI.TTF', 'HGMH_CNKI.TTF', 'HGNBS_CNKI.ttf', 'HGOCR_CNKI.ttf', 'HGPH_CNKI.TTF', 'HGPTY_CNKI.TTF', 'HGSS1_CNKI.TTF', 'HGSS2_CNKI.TTF', 'HGSS_CNKI.TTF', 'HGSXT_CNKI.ttf', 'HGTT_CNKI.ttf', 'HGTX_CNKI.TTF', 'HGWT_CNKI.TTF', 'HGWYS_CNKI.TTF', 'HGX1X_CNKI.ttf', 'HGX1_CNKI.ttf', 'HGXBS_CNKI.TTF', 'HGXC_CNKI.TTF', 'HGXF1_CNKI.ttf', 'HGXFX_CNKI.ttf', 'HGXFZ_CNKI.ttf', 'HGXH1_CNKI.TTF', 'HGXH_CNKI.TTF', 'HGXK_CNKI.TTF', 'HGXL_CNKI.TTF', 'HGXS_CNKI.TTF', 'HGXT_CNKI.ttf', 'HGXY_CNKI.ttf', 'HGY1_CNKI.TTF', 'HGY2_CNKI.TTF', 'HGY3_CNKI.TTF', 'HGY4_CNKI.TTF', 'HGYB_CNKI.ttf', 'HGYT1_CNKI.ttf', 'HGYT2_CNKI.ttf', 'HGYT_CNKI.TTF', 'HGYX_CNKI.TTF', 'HGZCS_CNKI.TTF', 'HGZDX_CNKI.TTF', 'HGZK_CNKI.TTF', 'HGZYT_CNKI.TTF', 'HGZY_CNKI.TTF', 'himalaya.ttf', 'holomdl2.ttf', 'HTOWERT.TTF', 'HTOWERTI.TTF', 'hvgafix.fon', 'hvgasys.fon', 'impact.ttf', 'IMPRISHA.TTF', 'INFROMAN.TTF', 'Inkfree.ttf', 'iqiyi_logov7.ttf', 'ITCBLKAD.TTF', 'ITCEDSCR.TTF', 'ITCKRIST.TTF', 'j8514fix.fon', 'j8514oem.fon', 'j8514sys.fon', 'javatext.ttf', 'JOKERMAN.TTF', 'jsmalle.fon', 'jsmallf.fon', 'JUICE___.TTF', 'jvgafix.fon', 'jvgasys.fon', 'KUNSTLER.TTF', 'LATINWD.TTF', 'LBRITE.TTF', 'LBRITED.TTF', 'LBRITEDI.TTF', 'LBRITEI.TTF', 'LCALLIG.TTF', 'LeelaUIb.ttf', 'LeelawUI.ttf', 'LeelUIsl.ttf', 'LFAX.TTF', 'LFAXD.TTF', 'LFAXDI.TTF', 'LFAXI.TTF', 'LHANDW.TTF', 'LSANS.TTF', 'LSANSD.TTF', 'LSANSDI.TTF', 'LSANSI.TTF', 'LTYPE.TTF', 'LTYPEB.TTF', 'LTYPEBO.TTF', 'LTYPEO.TTF', 'lucon.ttf', 'l_10646.ttf', 'MAGNETOB.TTF', 'MAIAN.TTF', 'malgun.ttf', 'malgunbd.ttf', 'malgunsl.ttf', 'marlett.ttf', 'MATURASC.TTF', 'micross.ttf', 'mingliub.ttc', 'MISTRAL.TTF', 'mmrtext.ttf', 'mmrtextb.ttf', 'MOD20.TTF', 'modern.fon', 'monbaiti.ttf', 'msgothic.ttc', 'msjh.ttc', 'msjhbd.ttc', 'msjhl.ttc', 'msyh.ttc', 'msyhbd.ttc', 'msyhl.ttc', 'msyi.ttf', 'MTCORSVA.TTF', 'MTEXTRA.TTF', 'mvboli.ttf', 'NIAGENG.TTF', 'NIAGSOL.TTF', 'Nirmala.ttf', 'NirmalaB.ttf', 'NirmalaS.ttf', 'ntailu.ttf', 'ntailub.ttf', 'NumberOnly.ttf', 'OCRAEXT.TTF', 'OLDENGL.TTF', 'ONYX.TTF', 'OUTLOOK.TTF', 'pala.ttf', 'palab.ttf', 'palabi.ttf', 'palai.ttf', 'PALSCRI.TTF', 'PAPYRUS.TTF', 'PARCHM.TTF', 'PERBI___.TTF', 'PERB____.TTF', 'PERI____.TTF', 'PERTIBD.TTF', 'PERTILI.TTF', 'PER_____.TTF', 'phagspa.ttf', 'phagspab.ttf', 'PLAYBILL.TTF', 'POORICH.TTF', 'PRISTINA.TTF', 'RAGE.TTF', 'RAVIE.TTF', 'REFSAN.TTF', 'REFSPCL.TTF', 'ROCCB___.TTF', 'ROCC____.TTF', 'ROCK.TTF', 'ROCKB.TTF', 'ROCKBI.TTF', 'ROCKEB.TTF', 'ROCKI.TTF', 'roman.fon', 's8514fix.fon', 's8514oem.fon', 's8514sys.fon', 'SCHLBKB.TTF', 'SCHLBKBI.TTF', 'SCHLBKI.TTF', 'script.fon', 'SCRIPTBL.TTF', 'segmdl2.ttf', 'SegoeIcons.ttf', 'segoepr.ttf', 'segoeprb.ttf', 'segoesc.ttf', 'segoescb.ttf', 'segoeui.ttf', 'segoeuib.ttf', 'segoeuii.ttf', 'segoeuil.ttf', 'segoeuisl.ttf', 'segoeuiz.ttf', 'seguibl.ttf', 'seguibli.ttf', 'seguiemj.ttf', 'seguihis.ttf', 'seguili.ttf', 'seguisb.ttf', 'seguisbi.ttf', 'seguisli.ttf', 'seguisym.ttf', 'SegUIVar.ttf', 'sere1255.fon', 'sere1256.fon', 'sere1257.fon', 'serf1255.fon', 'serf1256.fon', 'serf1257.fon', 'serife.fon', 'serifee.fon', 'serifeg.fon', 'serifer.fon', 'serifet.fon', 'seriff.fon', 'seriffe.fon', 'seriffg.fon', 'seriffr.fon', 'serifft.fon', 'SHOWG.TTF', 'simfang.ttf', 'simhei.ttf', 'simkai.ttf', 'SIMLI.TTF', 'simsun.ttc', 'simsunb.ttf', 'SIMYOU.TTF', 'SitkaVF-Italic.ttf', 'SitkaVF.ttf', 'smae1255.fon', 'smae1256.fon', 'smae1257.fon', 'smaf1255.fon', 'smaf1256.fon', 'smaf1257.fon', 'smalle.fon', 'smallee.fon', 'smalleg.fon', 'smaller.fon', 'smallet.fon', 'smallf.fon', 'smallfe.fon', 'smallfg.fon', 'smallfr.fon', 'smallft.fon', 'SNAP____.TTF', 'ssee1255.fon', 'ssee1256.fon', 'ssee1257.fon', 'ssee874.fon', 'ssef1255.fon', 'ssef1256.fon', 'ssef1257.fon', 'ssef874.fon', 'sserife.fon', 'sserifee.fon', 'sserifeg.fon', 'sserifer.fon', 'sserifet.fon', 'sseriff.fon', 'sseriffe.fon', 'sseriffg.fon', 'sseriffr.fon', 'sserifft.fon', 'StaticCache.dat', 'STCAIYUN.TTF', 'STENCIL.TTF', 'STFANGSO.TTF', 'STHUPO.TTF', 'STKAITI.TTF', 'STLITI.TTF', 'STSONG.TTF', 'STXIHEI.TTF', 'STXINGKA.TTF', 'STXINWEI.TTF', 'STZHONGS.TTF', 'svgafix.fon', 'svgasys.fon', 'sylfaen.ttf', 'symbol.ttf', 'tahoma.ttf', 'tahomabd.ttf', 'taile.ttf', 'taileb.ttf', 'TCBI____.TTF', 'TCB_____.TTF', 'TCCB____.TTF', 'TCCEB.TTF', 'TCCM____.TTF', 'TCMI____.TTF', 'TCM_____.TTF', 'TEMPSITC.TTF', 'times.ttf', 'timesbd.ttf', 'timesbi.ttf', 'timesi.ttf', 'trebuc.ttf', 'trebucbd.ttf', 'trebucbi.ttf', 'trebucit.ttf', 'verdana.ttf', 'verdanab.ttf', 'verdanai.ttf', 'verdanaz.ttf', 'vga737.fon', 'vga775.fon', 'vga850.fon', 'vga852.fon', 'vga855.fon', 'vga857.fon', 'vga860.fon', 'vga861.fon', 'vga863.fon', 'vga865.fon', 'vga866.fon', 'vga869.fon', 'vga932.fon', 'vga936.fon', 'vga949.fon', 'vga950.fon', 'vgaf1255.fon', 'vgaf1256.fon', 'vgaf1257.fon', 'vgaf874.fon', 'vgafix.fon', 'vgafixe.fon', 'vgafixg.fon', 'vgafixr.fon', 'vgafixt.fon', 'vgaoem.fon', 'vgas1255.fon', 'vgas1256.fon', 'vgas1257.fon', 'vgas874.fon', 'vgasys.fon', 'vgasyse.fon', 'vgasysg.fon', 'vgasysr.fon', 'vgasyst.fon', 'VINERITC.TTF', 'VIVALDII.TTF', 'VLADIMIR.TTF', 'webdings.ttf', 'wingding.ttf', 'WINGDNG2.TTF', 'WINGDNG3.TTF', 'YuGothB.ttc', 'YuGothL.ttc', 'YuGothM.ttc', 'YuGothR.ttc', '\u534e\u5eb7\u65b9\u5706\u4f53W7.TTC', '\u65b9\u6b63\u7c97\u9ed1\u5b8b\u7b80\u4f53.ttf']
2023-09-27 15:52:55,296 - INFO - all fonts installed:['8514fix.fon', '8514fixe.fon', '8514fixg.fon', '8514fixr.fon', '8514fixt.fon', '8514oem.fon', '8514oeme.fon', '8514oemg.fon', '8514oemr.fon', '8514oemt.fon', '8514sys.fon', '8514syse.fon', '8514sysg.fon', '8514sysr.fon', '8514syst.fon', '85775.fon', '85855.fon', '85f1255.fon', '85f1256.fon', '85f1257.fon', '85f874.fon', '85s1255.fon', '85s1256.fon', '85s1257.fon', '85s874.fon', 'AGENCYB.TTF', 'AGENCYR.TTF', 'ALGER.TTF', 'ANTQUAB.TTF', 'ANTQUABI.TTF', 'ANTQUAI.TTF', 'app775.fon', 'app850.fon', 'app852.fon', 'app855.fon', 'app857.fon', 'app866.fon', 'app932.fon', 'app936.fon', 'app949.fon', 'app950.fon', 'arial.ttf', 'arialbd.ttf', 'arialbi.ttf', 'ariali.ttf', 'ARIALN.TTF', 'ARIALNB.TTF', 'ARIALNBI.TTF', 'ARIALNI.TTF', 'ariblk.ttf', 'ARLRDBD.TTF', 'AxureHandwriting-Bold.otf', 'AxureHandwriting-BoldItalic.otf', 'AxureHandwriting-Italic.otf', 'AxureHandwriting.otf', 'bahnschrift.ttf', 'BASKVILL.TTF', 'BAUHS93.TTF', 'BELL.TTF', 'BELLB.TTF', 'BELLI.TTF', 'BERNHC.TTF', 'BKANT.TTF', 'BOD_B.TTF', 'BOD_BI.TTF', 'BOD_BLAI.TTF', 'BOD_BLAR.TTF', 'BOD_CB.TTF', 'BOD_CBI.TTF', 'BOD_CI.TTF', 'BOD_CR.TTF', 'BOD_I.TTF', 'BOD_PSTC.TTF', 'BOD_R.TTF', 'BOOKOS.TTF', 'BOOKOSB.TTF', 'BOOKOSBI.TTF', 'BOOKOSI.TTF', 'BRADHITC.TTF', 'BRITANIC.TTF', 'BRLNSB.TTF', 'BRLNSDB.TTF', 'BRLNSR.TTF', 'BROADW.TTF', 'BRUSHSCI.TTF', 'BSSYM7.TTF', 'c8514fix.fon', 'c8514oem.fon', 'c8514sys.fon', 'calibri.ttf', 'calibrib.ttf', 'calibrii.ttf', 'calibril.ttf', 'calibrili.ttf', 'calibriz.ttf', 'CALIFB.TTF', 'CALIFI.TTF', 'CALIFR.TTF', 'CALIST.TTF', 'CALISTB.TTF', 'CALISTBI.TTF', 'CALISTI.TTF', 'cambria.ttc', 'cambriab.ttf', 'cambriai.ttf', 'cambriaz.ttf', 'Candara.ttf', 'Candarab.ttf', 'Candarai.ttf', 'Candaral.ttf', 'Candarali.ttf', 'Candaraz.ttf', 'CascadiaCode.ttf', 'CascadiaMono.ttf', 'CASTELAR.TTF', 'CENSCBK.TTF', 'CENTAUR.TTF', 'CENTURY.TTF', 'cga40737.fon', 'cga40850.fon', 'cga40852.fon', 'cga40857.fon', 'cga40866.fon', 'cga40869.fon', 'cga40woa.fon', 'cga80737.fon', 'cga80850.fon', 'cga80852.fon', 'cga80857.fon', 'cga80866.fon', 'cga80869.fon', 'cga80woa.fon', 'CHILLER.TTF', 'COLONNA.TTF', 'comic.ttf', 'comicbd.ttf', 'comici.ttf', 'comicz.ttf', 'consola.ttf', 'consolab.ttf', 'consolai.ttf', 'consolaz.ttf', 'constan.ttf', 'constanb.ttf', 'constani.ttf', 'constanz.ttf', 'COOPBL.TTF', 'COPRGTB.TTF', 'COPRGTL.TTF', 'corbel.ttf', 'corbelb.ttf', 'corbeli.ttf', 'corbell.ttf', 'corbelli.ttf', 'corbelz.ttf', 'coue1255.fon', 'coue1256.fon', 'coue1257.fon', 'couf1255.fon', 'couf1256.fon', 'couf1257.fon', 'cour.ttf', 'courbd.ttf', 'courbi.ttf', 'coure.fon', 'couree.fon', 'coureg.fon', 'courer.fon', 'couret.fon', 'courf.fon', 'courfe.fon', 'courfg.fon', 'courfr.fon', 'courft.fon', 'couri.ttf', 'CURLZ___.TTF', 'cvgafix.fon', 'cvgasys.fon', 'Deng.ttf', 'Dengb.ttf', 'Dengl.ttf', 'desktop.ini', 'dos737.fon', 'dos869.fon', 'dosapp.fon', 'DUBAI-BOLD.TTF', 'DUBAI-LIGHT.TTF', 'DUBAI-MEDIUM.TTF', 'DUBAI-REGULAR.TTF', 'ebrima.ttf', 'ebrimabd.ttf', 'ega40737.fon', 'ega40850.fon', 'ega40852.fon', 'ega40857.fon', 'ega40866.fon', 'ega40869.fon', 'ega40woa.fon', 'ega80737.fon', 'ega80850.fon', 'ega80852.fon', 'ega80857.fon', 'ega80866.fon', 'ega80869.fon', 'ega80woa.fon', 'ELEPHNT.TTF', 'ELEPHNTI.TTF', 'ENGR.TTF', 'ERASBD.TTF', 'ERASDEMI.TTF', 'ERASLGHT.TTF', 'ERASMD.TTF', 'FELIXTI.TTF', 'fms_metadata.xml', 'FORTE.TTF', 'FRABK.TTF', 'FRABKIT.TTF', 'FRADM.TTF', 'FRADMCN.TTF', 'FRADMIT.TTF', 'FRAHV.TTF', 'FRAHVIT.TTF', 'framd.ttf', 'FRAMDCN.TTF', 'framdit.ttf', 'FREESCPT.TTF', 'FRSCRIPT.TTF', 'FTLTLT.TTF', 'FZSTK.TTF', 'FZYTK.TTF', 'Gabriola.ttf', 'gadugi.ttf', 'gadugib.ttf', 'GARA.TTF', 'GARABD.TTF', 'GARAIT.TTF', 'georgia.ttf', 'georgiab.ttf', 'georgiai.ttf', 'georgiaz.ttf', 'GIGI.TTF', 'GILBI___.TTF', 'GILB____.TTF', 'GILC____.TTF', 'GILI____.TTF', 'GILLUBCD.TTF', 'GILSANUB.TTF', 'GIL_____.TTF', 'GLECB.TTF', 'GlobalMonospace.CompositeFont', 'GlobalSansSerif.CompositeFont', 'GlobalSerif.CompositeFont', 'GlobalUserInterface.CompositeFont', 'GLSNECB.TTF', 'GOTHIC.TTF', 'GOTHICB.TTF', 'GOTHICBI.TTF', 'GOTHICI.TTF', 'GOUDOS.TTF', 'GOUDOSB.TTF', 'GOUDOSI.TTF', 'GOUDYSTO.TTF', 'h8514fix.fon', 'h8514oem.fon', 'h8514sys.fon', 'HARLOWSI.TTF', 'HARNGTON.TTF', 'HATTEN.TTF', 'HGB1X_CNKI.ttf', 'HGB1_CNKI.ttf', 'HGB2X_CNKI.ttf', 'HGB2_CNKI.ttf', 'HGB3X_CNKI.ttf', 'HGB3_CNKI.ttf', 'HGB4X_CNKI.ttf', 'HGB4_CNKI.ttf', 'HGB5X_CNKI.ttf', 'HGB5_CNKI.ttf', 'HGB6X_CNKI.ttf', 'HGB6_CNKI.ttf', 'HGB7X_CNKI.ttf', 'HGB7_CNKI.ttf', 'HGB8X_CNKI.ttf', 'HGB8_CNKI.ttf', 'HGBD_CNKI.ttf', 'HGBKBX_CNKI.ttf', 'HGBKB_CNKI.ttf', 'HGBKHX_CNKI.ttf', 'HGBKH_CNKI.ttf', 'HGBS1_CNKI.TTF', 'HGBS2_CNKI.TTF', 'HGBS_CNKI.TTF', 'HGBTH_CNKI.TTF', 'HGBTS_CNKI.TTF', 'HGBX_CNKI.ttf', 'HGBZ_CNKI.ttf', 'HGCH_CNKI.TTF', 'HGCUH_CNKI.TTF', 'HGCY_CNKI.TTF', 'HGDBS_CNKI.TTF', 'HGDGY_CNKI.TTF', 'HGDH2_CNKI.TTF', 'HGDH_CNKI.TTF', 'HGDYS_CNKI.TTF', 'HGDY_CNKI.ttf', 'HGF1X_CNKI.ttf', 'HGF1_CNKI.ttf', 'HGF2X_CNKI.ttf', 'HGF2_CNKI.ttf', 'HGF3_CNKI.ttf', 'HGF4X_CNKI.ttf', 'HGF4_CNKI.ttf', 'HGF5X_CNKI.ttf', 'HGF5_CNKI.ttf', 'HGF6X_CNKI.ttf', 'HGF6_CNKI.ttf', 'HGF7X_CNKI.ttf', 'HGF7_CNKI.ttf', 'HGF8_CNKI.ttf', 'HGF9X_CNKI.ttf', 'HGF9_CNKI.ttf', 'HGFS1_CNKI.TTF', 'HGFS2_CNKI.TTF', 'HGFSH_CNKI.TTF', 'HGFS_CNKI.TTF', 'HGFX_CNKI.ttf', 'HGFZ_CNKI.ttf', 'HGGG_CNKI.TTF', 'HGH1X_CNKI.ttf', 'HGH1_CNKI.ttf', 'HGH2X_CNKI.ttf', 'HGH2_CNKI.ttf', 'HGH3X_CNKI.ttf', 'HGH3_CNKI.ttf', 'HGH4X_CNKI.ttf', 'HGH4_CNKI.ttf', 'HGH5X_CNKI.ttf', 'HGH5_CNKI.ttf', 'HGH6X_CNKI.ttf', 'HGH6_CNKI.ttf', 'HGH7X_CNKI.ttf', 'HGH7_CNKI.ttf', 'HGHB_CNKI.TTF', 'HGHD_CNKI.ttf', 'HGHP_CNKI.TTF', 'HGHT1_CNKI.ttf', 'HGHT2_CNKI.ttf', 'HGHUATI_CNKI.ttf', 'HGHX_CNKI.ttf', 'HGHZ_CNKI.ttf', 'HGH_CNKI.TTF', 'HGKT1_CNKI.TTF', 'HGKT2_CNKI.TTF', 'HGKT_CNKI.TTF', 'HGKY_CNKI.ttf', 'HGLB_CNKI.TTF', 'HGLS_CNKI.TTF', 'HGMH_CNKI.TTF', 'HGNBS_CNKI.ttf', 'HGOCR_CNKI.ttf', 'HGPH_CNKI.TTF', 'HGPTY_CNKI.TTF', 'HGSS1_CNKI.TTF', 'HGSS2_CNKI.TTF', 'HGSS_CNKI.TTF', 'HGSXT_CNKI.ttf', 'HGTT_CNKI.ttf', 'HGTX_CNKI.TTF', 'HGWT_CNKI.TTF', 'HGWYS_CNKI.TTF', 'HGX1X_CNKI.ttf', 'HGX1_CNKI.ttf', 'HGXBS_CNKI.TTF', 'HGXC_CNKI.TTF', 'HGXF1_CNKI.ttf', 'HGXFX_CNKI.ttf', 'HGXFZ_CNKI.ttf', 'HGXH1_CNKI.TTF', 'HGXH_CNKI.TTF', 'HGXK_CNKI.TTF', 'HGXL_CNKI.TTF', 'HGXS_CNKI.TTF', 'HGXT_CNKI.ttf', 'HGXY_CNKI.ttf', 'HGY1_CNKI.TTF', 'HGY2_CNKI.TTF', 'HGY3_CNKI.TTF', 'HGY4_CNKI.TTF', 'HGYB_CNKI.ttf', 'HGYT1_CNKI.ttf', 'HGYT2_CNKI.ttf', 'HGYT_CNKI.TTF', 'HGYX_CNKI.TTF', 'HGZCS_CNKI.TTF', 'HGZDX_CNKI.TTF', 'HGZK_CNKI.TTF', 'HGZYT_CNKI.TTF', 'HGZY_CNKI.TTF', 'himalaya.ttf', 'holomdl2.ttf', 'HTOWERT.TTF', 'HTOWERTI.TTF', 'hvgafix.fon', 'hvgasys.fon', 'impact.ttf', 'IMPRISHA.TTF', 'INFROMAN.TTF', 'Inkfree.ttf', 'iqiyi_logov7.ttf', 'ITCBLKAD.TTF', 'ITCEDSCR.TTF', 'ITCKRIST.TTF', 'j8514fix.fon', 'j8514oem.fon', 'j8514sys.fon', 'javatext.ttf', 'JOKERMAN.TTF', 'jsmalle.fon', 'jsmallf.fon', 'JUICE___.TTF', 'jvgafix.fon', 'jvgasys.fon', 'KUNSTLER.TTF', 'LATINWD.TTF', 'LBRITE.TTF', 'LBRITED.TTF', 'LBRITEDI.TTF', 'LBRITEI.TTF', 'LCALLIG.TTF', 'LeelaUIb.ttf', 'LeelawUI.ttf', 'LeelUIsl.ttf', 'LFAX.TTF', 'LFAXD.TTF', 'LFAXDI.TTF', 'LFAXI.TTF', 'LHANDW.TTF', 'LSANS.TTF', 'LSANSD.TTF', 'LSANSDI.TTF', 'LSANSI.TTF', 'LTYPE.TTF', 'LTYPEB.TTF', 'LTYPEBO.TTF', 'LTYPEO.TTF', 'lucon.ttf', 'l_10646.ttf', 'MAGNETOB.TTF', 'MAIAN.TTF', 'malgun.ttf', 'malgunbd.ttf', 'malgunsl.ttf', 'marlett.ttf', 'MATURASC.TTF', 'micross.ttf', 'mingliub.ttc', 'MISTRAL.TTF', 'mmrtext.ttf', 'mmrtextb.ttf', 'MOD20.TTF', 'modern.fon', 'monbaiti.ttf', 'msgothic.ttc', 'msjh.ttc', 'msjhbd.ttc', 'msjhl.ttc', 'msyh.ttc', 'msyhbd.ttc', 'msyhl.ttc', 'msyi.ttf', 'MTCORSVA.TTF', 'MTEXTRA.TTF', 'mvboli.ttf', 'NIAGENG.TTF', 'NIAGSOL.TTF', 'Nirmala.ttf', 'NirmalaB.ttf', 'NirmalaS.ttf', 'ntailu.ttf', 'ntailub.ttf', 'NumberOnly.ttf', 'OCRAEXT.TTF', 'OLDENGL.TTF', 'ONYX.TTF', 'OUTLOOK.TTF', 'pala.ttf', 'palab.ttf', 'palabi.ttf', 'palai.ttf', 'PALSCRI.TTF', 'PAPYRUS.TTF', 'PARCHM.TTF', 'PERBI___.TTF', 'PERB____.TTF', 'PERI____.TTF', 'PERTIBD.TTF', 'PERTILI.TTF', 'PER_____.TTF', 'phagspa.ttf', 'phagspab.ttf', 'PLAYBILL.TTF', 'POORICH.TTF', 'PRISTINA.TTF', 'RAGE.TTF', 'RAVIE.TTF', 'REFSAN.TTF', 'REFSPCL.TTF', 'ROCCB___.TTF', 'ROCC____.TTF', 'ROCK.TTF', 'ROCKB.TTF', 'ROCKBI.TTF', 'ROCKEB.TTF', 'ROCKI.TTF', 'roman.fon', 's8514fix.fon', 's8514oem.fon', 's8514sys.fon', 'SCHLBKB.TTF', 'SCHLBKBI.TTF', 'SCHLBKI.TTF', 'script.fon', 'SCRIPTBL.TTF', 'segmdl2.ttf', 'SegoeIcons.ttf', 'segoepr.ttf', 'segoeprb.ttf', 'segoesc.ttf', 'segoescb.ttf', 'segoeui.ttf', 'segoeuib.ttf', 'segoeuii.ttf', 'segoeuil.ttf', 'segoeuisl.ttf', 'segoeuiz.ttf', 'seguibl.ttf', 'seguibli.ttf', 'seguiemj.ttf', 'seguihis.ttf', 'seguili.ttf', 'seguisb.ttf', 'seguisbi.ttf', 'seguisli.ttf', 'seguisym.ttf', 'SegUIVar.ttf', 'sere1255.fon', 'sere1256.fon', 'sere1257.fon', 'serf1255.fon', 'serf1256.fon', 'serf1257.fon', 'serife.fon', 'serifee.fon', 'serifeg.fon', 'serifer.fon', 'serifet.fon', 'seriff.fon', 'seriffe.fon', 'seriffg.fon', 'seriffr.fon', 'serifft.fon', 'SHOWG.TTF', 'simfang.ttf', 'simhei.ttf', 'simkai.ttf', 'SIMLI.TTF', 'simsun.ttc', 'simsunb.ttf', 'SIMYOU.TTF', 'SitkaVF-Italic.ttf', 'SitkaVF.ttf', 'smae1255.fon', 'smae1256.fon', 'smae1257.fon', 'smaf1255.fon', 'smaf1256.fon', 'smaf1257.fon', 'smalle.fon', 'smallee.fon', 'smalleg.fon', 'smaller.fon', 'smallet.fon', 'smallf.fon', 'smallfe.fon', 'smallfg.fon', 'smallfr.fon', 'smallft.fon', 'SNAP____.TTF', 'ssee1255.fon', 'ssee1256.fon', 'ssee1257.fon', 'ssee874.fon', 'ssef1255.fon', 'ssef1256.fon', 'ssef1257.fon', 'ssef874.fon', 'sserife.fon', 'sserifee.fon', 'sserifeg.fon', 'sserifer.fon', 'sserifet.fon', 'sseriff.fon', 'sseriffe.fon', 'sseriffg.fon', 'sseriffr.fon', 'sserifft.fon', 'StaticCache.dat', 'STCAIYUN.TTF', 'STENCIL.TTF', 'STFANGSO.TTF', 'STHUPO.TTF', 'STKAITI.TTF', 'STLITI.TTF', 'STSONG.TTF', 'STXIHEI.TTF', 'STXINGKA.TTF', 'STXINWEI.TTF', 'STZHONGS.TTF', 'svgafix.fon', 'svgasys.fon', 'sylfaen.ttf', 'symbol.ttf', 'tahoma.ttf', 'tahomabd.ttf', 'taile.ttf', 'taileb.ttf', 'TCBI____.TTF', 'TCB_____.TTF', 'TCCB____.TTF', 'TCCEB.TTF', 'TCCM____.TTF', 'TCMI____.TTF', 'TCM_____.TTF', 'TEMPSITC.TTF', 'times.ttf', 'timesbd.ttf', 'timesbi.ttf', 'timesi.ttf', 'trebuc.ttf', 'trebucbd.ttf', 'trebucbi.ttf', 'trebucit.ttf', 'verdana.ttf', 'verdanab.ttf', 'verdanai.ttf', 'verdanaz.ttf', 'vga737.fon', 'vga775.fon', 'vga850.fon', 'vga852.fon', 'vga855.fon', 'vga857.fon', 'vga860.fon', 'vga861.fon', 'vga863.fon', 'vga865.fon', 'vga866.fon', 'vga869.fon', 'vga932.fon', 'vga936.fon', 'vga949.fon', 'vga950.fon', 'vgaf1255.fon', 'vgaf1256.fon', 'vgaf1257.fon', 'vgaf874.fon', 'vgafix.fon', 'vgafixe.fon', 'vgafixg.fon', 'vgafixr.fon', 'vgafixt.fon', 'vgaoem.fon', 'vgas1255.fon', 'vgas1256.fon', 'vgas1257.fon', 'vgas874.fon', 'vgasys.fon', 'vgasyse.fon', 'vgasysg.fon', 'vgasysr.fon', 'vgasyst.fon', 'VINERITC.TTF', 'VIVALDII.TTF', 'VLADIMIR.TTF', 'webdings.ttf', 'wingding.ttf', 'WINGDNG2.TTF', 'WINGDNG3.TTF', 'YuGothB.ttc', 'YuGothL.ttc', 'YuGothM.ttc', 'YuGothR.ttc', '\u534e\u5eb7\u65b9\u5706\u4f53W7.TTC', '\u65b9\u6b63\u7c97\u9ed1\u5b8b\u7b80\u4f53.ttf']
2023-09-27 15:52:55,301 - INFO - all fonts installed:['8514fix.fon', '8514fixe.fon', '8514fixg.fon', '8514fixr.fon', '8514fixt.fon', '8514oem.fon', '8514oeme.fon', '8514oemg.fon', '8514oemr.fon', '8514oemt.fon', '8514sys.fon', '8514syse.fon', '8514sysg.fon', '8514sysr.fon', '8514syst.fon', '85775.fon', '85855.fon', '85f1255.fon', '85f1256.fon', '85f1257.fon', '85f874.fon', '85s1255.fon', '85s1256.fon', '85s1257.fon', '85s874.fon', 'AGENCYB.TTF', 'AGENCYR.TTF', 'ALGER.TTF', 'ANTQUAB.TTF', 'ANTQUABI.TTF', 'ANTQUAI.TTF', 'app775.fon', 'app850.fon', 'app852.fon', 'app855.fon', 'app857.fon', 'app866.fon', 'app932.fon', 'app936.fon', 'app949.fon', 'app950.fon', 'arial.ttf', 'arialbd.ttf', 'arialbi.ttf', 'ariali.ttf', 'ARIALN.TTF', 'ARIALNB.TTF', 'ARIALNBI.TTF', 'ARIALNI.TTF', 'ariblk.ttf', 'ARLRDBD.TTF', 'AxureHandwriting-Bold.otf', 'AxureHandwriting-BoldItalic.otf', 'AxureHandwriting-Italic.otf', 'AxureHandwriting.otf', 'bahnschrift.ttf', 'BASKVILL.TTF', 'BAUHS93.TTF', 'BELL.TTF', 'BELLB.TTF', 'BELLI.TTF', 'BERNHC.TTF', 'BKANT.TTF', 'BOD_B.TTF', 'BOD_BI.TTF', 'BOD_BLAI.TTF', 'BOD_BLAR.TTF', 'BOD_CB.TTF', 'BOD_CBI.TTF', 'BOD_CI.TTF', 'BOD_CR.TTF', 'BOD_I.TTF', 'BOD_PSTC.TTF', 'BOD_R.TTF', 'BOOKOS.TTF', 'BOOKOSB.TTF', 'BOOKOSBI.TTF', 'BOOKOSI.TTF', 'BRADHITC.TTF', 'BRITANIC.TTF', 'BRLNSB.TTF', 'BRLNSDB.TTF', 'BRLNSR.TTF', 'BROADW.TTF', 'BRUSHSCI.TTF', 'BSSYM7.TTF', 'c8514fix.fon', 'c8514oem.fon', 'c8514sys.fon', 'calibri.ttf', 'calibrib.ttf', 'calibrii.ttf', 'calibril.ttf', 'calibrili.ttf', 'calibriz.ttf', 'CALIFB.TTF', 'CALIFI.TTF', 'CALIFR.TTF', 'CALIST.TTF', 'CALISTB.TTF', 'CALISTBI.TTF', 'CALISTI.TTF', 'cambria.ttc', 'cambriab.ttf', 'cambriai.ttf', 'cambriaz.ttf', 'Candara.ttf', 'Candarab.ttf', 'Candarai.ttf', 'Candaral.ttf', 'Candarali.ttf', 'Candaraz.ttf', 'CascadiaCode.ttf', 'CascadiaMono.ttf', 'CASTELAR.TTF', 'CENSCBK.TTF', 'CENTAUR.TTF', 'CENTURY.TTF', 'cga40737.fon', 'cga40850.fon', 'cga40852.fon', 'cga40857.fon', 'cga40866.fon', 'cga40869.fon', 'cga40woa.fon', 'cga80737.fon', 'cga80850.fon', 'cga80852.fon', 'cga80857.fon', 'cga80866.fon', 'cga80869.fon', 'cga80woa.fon', 'CHILLER.TTF', 'COLONNA.TTF', 'comic.ttf', 'comicbd.ttf', 'comici.ttf', 'comicz.ttf', 'consola.ttf', 'consolab.ttf', 'consolai.ttf', 'consolaz.ttf', 'constan.ttf', 'constanb.ttf', 'constani.ttf', 'constanz.ttf', 'COOPBL.TTF', 'COPRGTB.TTF', 'COPRGTL.TTF', 'corbel.ttf', 'corbelb.ttf', 'corbeli.ttf', 'corbell.ttf', 'corbelli.ttf', 'corbelz.ttf', 'coue1255.fon', 'coue1256.fon', 'coue1257.fon', 'couf1255.fon', 'couf1256.fon', 'couf1257.fon', 'cour.ttf', 'courbd.ttf', 'courbi.ttf', 'coure.fon', 'couree.fon', 'coureg.fon', 'courer.fon', 'couret.fon', 'courf.fon', 'courfe.fon', 'courfg.fon', 'courfr.fon', 'courft.fon', 'couri.ttf', 'CURLZ___.TTF', 'cvgafix.fon', 'cvgasys.fon', 'Deng.ttf', 'Dengb.ttf', 'Dengl.ttf', 'desktop.ini', 'dos737.fon', 'dos869.fon', 'dosapp.fon', 'DUBAI-BOLD.TTF', 'DUBAI-LIGHT.TTF', 'DUBAI-MEDIUM.TTF', 'DUBAI-REGULAR.TTF', 'ebrima.ttf', 'ebrimabd.ttf', 'ega40737.fon', 'ega40850.fon', 'ega40852.fon', 'ega40857.fon', 'ega40866.fon', 'ega40869.fon', 'ega40woa.fon', 'ega80737.fon', 'ega80850.fon', 'ega80852.fon', 'ega80857.fon', 'ega80866.fon', 'ega80869.fon', 'ega80woa.fon', 'ELEPHNT.TTF', 'ELEPHNTI.TTF', 'ENGR.TTF', 'ERASBD.TTF', 'ERASDEMI.TTF', 'ERASLGHT.TTF', 'ERASMD.TTF', 'FELIXTI.TTF', 'fms_metadata.xml', 'FORTE.TTF', 'FRABK.TTF', 'FRABKIT.TTF', 'FRADM.TTF', 'FRADMCN.TTF', 'FRADMIT.TTF', 'FRAHV.TTF', 'FRAHVIT.TTF', 'framd.ttf', 'FRAMDCN.TTF', 'framdit.ttf', 'FREESCPT.TTF', 'FRSCRIPT.TTF', 'FTLTLT.TTF', 'FZSTK.TTF', 'FZYTK.TTF', 'Gabriola.ttf', 'gadugi.ttf', 'gadugib.ttf', 'GARA.TTF', 'GARABD.TTF', 'GARAIT.TTF', 'georgia.ttf', 'georgiab.ttf', 'georgiai.ttf', 'georgiaz.ttf', 'GIGI.TTF', 'GILBI___.TTF', 'GILB____.TTF', 'GILC____.TTF', 'GILI____.TTF', 'GILLUBCD.TTF', 'GILSANUB.TTF', 'GIL_____.TTF', 'GLECB.TTF', 'GlobalMonospace.CompositeFont', 'GlobalSansSerif.CompositeFont', 'GlobalSerif.CompositeFont', 'GlobalUserInterface.CompositeFont', 'GLSNECB.TTF', 'GOTHIC.TTF', 'GOTHICB.TTF', 'GOTHICBI.TTF', 'GOTHICI.TTF', 'GOUDOS.TTF', 'GOUDOSB.TTF', 'GOUDOSI.TTF', 'GOUDYSTO.TTF', 'h8514fix.fon', 'h8514oem.fon', 'h8514sys.fon', 'HARLOWSI.TTF', 'HARNGTON.TTF', 'HATTEN.TTF', 'HGB1X_CNKI.ttf', 'HGB1_CNKI.ttf', 'HGB2X_CNKI.ttf', 'HGB2_CNKI.ttf', 'HGB3X_CNKI.ttf', 'HGB3_CNKI.ttf', 'HGB4X_CNKI.ttf', 'HGB4_CNKI.ttf', 'HGB5X_CNKI.ttf', 'HGB5_CNKI.ttf', 'HGB6X_CNKI.ttf', 'HGB6_CNKI.ttf', 'HGB7X_CNKI.ttf', 'HGB7_CNKI.ttf', 'HGB8X_CNKI.ttf', 'HGB8_CNKI.ttf', 'HGBD_CNKI.ttf', 'HGBKBX_CNKI.ttf', 'HGBKB_CNKI.ttf', 'HGBKHX_CNKI.ttf', 'HGBKH_CNKI.ttf', 'HGBS1_CNKI.TTF', 'HGBS2_CNKI.TTF', 'HGBS_CNKI.TTF', 'HGBTH_CNKI.TTF', 'HGBTS_CNKI.TTF', 'HGBX_CNKI.ttf', 'HGBZ_CNKI.ttf', 'HGCH_CNKI.TTF', 'HGCUH_CNKI.TTF', 'HGCY_CNKI.TTF', 'HGDBS_CNKI.TTF', 'HGDGY_CNKI.TTF', 'HGDH2_CNKI.TTF', 'HGDH_CNKI.TTF', 'HGDYS_CNKI.TTF', 'HGDY_CNKI.ttf', 'HGF1X_CNKI.ttf', 'HGF1_CNKI.ttf', 'HGF2X_CNKI.ttf', 'HGF2_CNKI.ttf', 'HGF3_CNKI.ttf', 'HGF4X_CNKI.ttf', 'HGF4_CNKI.ttf', 'HGF5X_CNKI.ttf', 'HGF5_CNKI.ttf', 'HGF6X_CNKI.ttf', 'HGF6_CNKI.ttf', 'HGF7X_CNKI.ttf', 'HGF7_CNKI.ttf', 'HGF8_CNKI.ttf', 'HGF9X_CNKI.ttf', 'HGF9_CNKI.ttf', 'HGFS1_CNKI.TTF', 'HGFS2_CNKI.TTF', 'HGFSH_CNKI.TTF', 'HGFS_CNKI.TTF', 'HGFX_CNKI.ttf', 'HGFZ_CNKI.ttf', 'HGGG_CNKI.TTF', 'HGH1X_CNKI.ttf', 'HGH1_CNKI.ttf', 'HGH2X_CNKI.ttf', 'HGH2_CNKI.ttf', 'HGH3X_CNKI.ttf', 'HGH3_CNKI.ttf', 'HGH4X_CNKI.ttf', 'HGH4_CNKI.ttf', 'HGH5X_CNKI.ttf', 'HGH5_CNKI.ttf', 'HGH6X_CNKI.ttf', 'HGH6_CNKI.ttf', 'HGH7X_CNKI.ttf', 'HGH7_CNKI.ttf', 'HGHB_CNKI.TTF', 'HGHD_CNKI.ttf', 'HGHP_CNKI.TTF', 'HGHT1_CNKI.ttf', 'HGHT2_CNKI.ttf', 'HGHUATI_CNKI.ttf', 'HGHX_CNKI.ttf', 'HGHZ_CNKI.ttf', 'HGH_CNKI.TTF', 'HGKT1_CNKI.TTF', 'HGKT2_CNKI.TTF', 'HGKT_CNKI.TTF', 'HGKY_CNKI.ttf', 'HGLB_CNKI.TTF', 'HGLS_CNKI.TTF', 'HGMH_CNKI.TTF', 'HGNBS_CNKI.ttf', 'HGOCR_CNKI.ttf', 'HGPH_CNKI.TTF', 'HGPTY_CNKI.TTF', 'HGSS1_CNKI.TTF', 'HGSS2_CNKI.TTF', 'HGSS_CNKI.TTF', 'HGSXT_CNKI.ttf', 'HGTT_CNKI.ttf', 'HGTX_CNKI.TTF', 'HGWT_CNKI.TTF', 'HGWYS_CNKI.TTF', 'HGX1X_CNKI.ttf', 'HGX1_CNKI.ttf', 'HGXBS_CNKI.TTF', 'HGXC_CNKI.TTF', 'HGXF1_CNKI.ttf', 'HGXFX_CNKI.ttf', 'HGXFZ_CNKI.ttf', 'HGXH1_CNKI.TTF', 'HGXH_CNKI.TTF', 'HGXK_CNKI.TTF', 'HGXL_CNKI.TTF', 'HGXS_CNKI.TTF', 'HGXT_CNKI.ttf', 'HGXY_CNKI.ttf', 'HGY1_CNKI.TTF', 'HGY2_CNKI.TTF', 'HGY3_CNKI.TTF', 'HGY4_CNKI.TTF', 'HGYB_CNKI.ttf', 'HGYT1_CNKI.ttf', 'HGYT2_CNKI.ttf', 'HGYT_CNKI.TTF', 'HGYX_CNKI.TTF', 'HGZCS_CNKI.TTF', 'HGZDX_CNKI.TTF', 'HGZK_CNKI.TTF', 'HGZYT_CNKI.TTF', 'HGZY_CNKI.TTF', 'himalaya.ttf', 'holomdl2.ttf', 'HTOWERT.TTF', 'HTOWERTI.TTF', 'hvgafix.fon', 'hvgasys.fon', 'impact.ttf', 'IMPRISHA.TTF', 'INFROMAN.TTF', 'Inkfree.ttf', 'iqiyi_logov7.ttf', 'ITCBLKAD.TTF', 'ITCEDSCR.TTF', 'ITCKRIST.TTF', 'j8514fix.fon', 'j8514oem.fon', 'j8514sys.fon', 'javatext.ttf', 'JOKERMAN.TTF', 'jsmalle.fon', 'jsmallf.fon', 'JUICE___.TTF', 'jvgafix.fon', 'jvgasys.fon', 'KUNSTLER.TTF', 'LATINWD.TTF', 'LBRITE.TTF', 'LBRITED.TTF', 'LBRITEDI.TTF', 'LBRITEI.TTF', 'LCALLIG.TTF', 'LeelaUIb.ttf', 'LeelawUI.ttf', 'LeelUIsl.ttf', 'LFAX.TTF', 'LFAXD.TTF', 'LFAXDI.TTF', 'LFAXI.TTF', 'LHANDW.TTF', 'LSANS.TTF', 'LSANSD.TTF', 'LSANSDI.TTF', 'LSANSI.TTF', 'LTYPE.TTF', 'LTYPEB.TTF', 'LTYPEBO.TTF', 'LTYPEO.TTF', 'lucon.ttf', 'l_10646.ttf', 'MAGNETOB.TTF', 'MAIAN.TTF', 'malgun.ttf', 'malgunbd.ttf', 'malgunsl.ttf', 'marlett.ttf', 'MATURASC.TTF', 'micross.ttf', 'mingliub.ttc', 'MISTRAL.TTF', 'mmrtext.ttf', 'mmrtextb.ttf', 'MOD20.TTF', 'modern.fon', 'monbaiti.ttf', 'msgothic.ttc', 'msjh.ttc', 'msjhbd.ttc', 'msjhl.ttc', 'msyh.ttc', 'msyhbd.ttc', 'msyhl.ttc', 'msyi.ttf', 'MTCORSVA.TTF', 'MTEXTRA.TTF', 'mvboli.ttf', 'NIAGENG.TTF', 'NIAGSOL.TTF', 'Nirmala.ttf', 'NirmalaB.ttf', 'NirmalaS.ttf', 'ntailu.ttf', 'ntailub.ttf', 'NumberOnly.ttf', 'OCRAEXT.TTF', 'OLDENGL.TTF', 'ONYX.TTF', 'OUTLOOK.TTF', 'pala.ttf', 'palab.ttf', 'palabi.ttf', 'palai.ttf', 'PALSCRI.TTF', 'PAPYRUS.TTF', 'PARCHM.TTF', 'PERBI___.TTF', 'PERB____.TTF', 'PERI____.TTF', 'PERTIBD.TTF', 'PERTILI.TTF', 'PER_____.TTF', 'phagspa.ttf', 'phagspab.ttf', 'PLAYBILL.TTF', 'POORICH.TTF', 'PRISTINA.TTF', 'RAGE.TTF', 'RAVIE.TTF', 'REFSAN.TTF', 'REFSPCL.TTF', 'ROCCB___.TTF', 'ROCC____.TTF', 'ROCK.TTF', 'ROCKB.TTF', 'ROCKBI.TTF', 'ROCKEB.TTF', 'ROCKI.TTF', 'roman.fon', 's8514fix.fon', 's8514oem.fon', 's8514sys.fon', 'SCHLBKB.TTF', 'SCHLBKBI.TTF', 'SCHLBKI.TTF', 'script.fon', 'SCRIPTBL.TTF', 'segmdl2.ttf', 'SegoeIcons.ttf', 'segoepr.ttf', 'segoeprb.ttf', 'segoesc.ttf', 'segoescb.ttf', 'segoeui.ttf', 'segoeuib.ttf', 'segoeuii.ttf', 'segoeuil.ttf', 'segoeuisl.ttf', 'segoeuiz.ttf', 'seguibl.ttf', 'seguibli.ttf', 'seguiemj.ttf', 'seguihis.ttf', 'seguili.ttf', 'seguisb.ttf', 'seguisbi.ttf', 'seguisli.ttf', 'seguisym.ttf', 'SegUIVar.ttf', 'sere1255.fon', 'sere1256.fon', 'sere1257.fon', 'serf1255.fon', 'serf1256.fon', 'serf1257.fon', 'serife.fon', 'serifee.fon', 'serifeg.fon', 'serifer.fon', 'serifet.fon', 'seriff.fon', 'seriffe.fon', 'seriffg.fon', 'seriffr.fon', 'serifft.fon', 'SHOWG.TTF', 'simfang.ttf', 'simhei.ttf', 'simkai.ttf', 'SIMLI.TTF', 'simsun.ttc', 'simsunb.ttf', 'SIMYOU.TTF', 'SitkaVF-Italic.ttf', 'SitkaVF.ttf', 'smae1255.fon', 'smae1256.fon', 'smae1257.fon', 'smaf1255.fon', 'smaf1256.fon', 'smaf1257.fon', 'smalle.fon', 'smallee.fon', 'smalleg.fon', 'smaller.fon', 'smallet.fon', 'smallf.fon', 'smallfe.fon', 'smallfg.fon', 'smallfr.fon', 'smallft.fon', 'SNAP____.TTF', 'ssee1255.fon', 'ssee1256.fon', 'ssee1257.fon', 'ssee874.fon', 'ssef1255.fon', 'ssef1256.fon', 'ssef1257.fon', 'ssef874.fon', 'sserife.fon', 'sserifee.fon', 'sserifeg.fon', 'sserifer.fon', 'sserifet.fon', 'sseriff.fon', 'sseriffe.fon', 'sseriffg.fon', 'sseriffr.fon', 'sserifft.fon', 'StaticCache.dat', 'STCAIYUN.TTF', 'STENCIL.TTF', 'STFANGSO.TTF', 'STHUPO.TTF', 'STKAITI.TTF', 'STLITI.TTF', 'STSONG.TTF', 'STXIHEI.TTF', 'STXINGKA.TTF', 'STXINWEI.TTF', 'STZHONGS.TTF', 'svgafix.fon', 'svgasys.fon', 'sylfaen.ttf', 'symbol.ttf', 'tahoma.ttf', 'tahomabd.ttf', 'taile.ttf', 'taileb.ttf', 'TCBI____.TTF', 'TCB_____.TTF', 'TCCB____.TTF', 'TCCEB.TTF', 'TCCM____.TTF', 'TCMI____.TTF', 'TCM_____.TTF', 'TEMPSITC.TTF', 'times.ttf', 'timesbd.ttf', 'timesbi.ttf', 'timesi.ttf', 'trebuc.ttf', 'trebucbd.ttf', 'trebucbi.ttf', 'trebucit.ttf', 'verdana.ttf', 'verdanab.ttf', 'verdanai.ttf', 'verdanaz.ttf', 'vga737.fon', 'vga775.fon', 'vga850.fon', 'vga852.fon', 'vga855.fon', 'vga857.fon', 'vga860.fon', 'vga861.fon', 'vga863.fon', 'vga865.fon', 'vga866.fon', 'vga869.fon', 'vga932.fon', 'vga936.fon', 'vga949.fon', 'vga950.fon', 'vgaf1255.fon', 'vgaf1256.fon', 'vgaf1257.fon', 'vgaf874.fon', 'vgafix.fon', 'vgafixe.fon', 'vgafixg.fon', 'vgafixr.fon', 'vgafixt.fon', 'vgaoem.fon', 'vgas1255.fon', 'vgas1256.fon', 'vgas1257.fon', 'vgas874.fon', 'vgasys.fon', 'vgasyse.fon', 'vgasysg.fon', 'vgasysr.fon', 'vgasyst.fon', 'VINERITC.TTF', 'VIVALDII.TTF', 'VLADIMIR.TTF', 'webdings.ttf', 'wingding.ttf', 'WINGDNG2.TTF', 'WINGDNG3.TTF', 'YuGothB.ttc', 'YuGothL.ttc', 'YuGothM.ttc', 'YuGothR.ttc', '\u534e\u5eb7\u65b9\u5706\u4f53W7.TTC', '\u65b9\u6b63\u7c97\u9ed1\u5b8b\u7b80\u4f53.ttf']
2023-09-27 15:52:55,304 - INFO - all fonts installed:['8514fix.fon', '8514fixe.fon', '8514fixg.fon', '8514fixr.fon', '8514fixt.fon', '8514oem.fon', '8514oeme.fon', '8514oemg.fon', '8514oemr.fon', '8514oemt.fon', '8514sys.fon', '8514syse.fon', '8514sysg.fon', '8514sysr.fon', '8514syst.fon', '85775.fon', '85855.fon', '85f1255.fon', '85f1256.fon', '85f1257.fon', '85f874.fon', '85s1255.fon', '85s1256.fon', '85s1257.fon', '85s874.fon', 'AGENCYB.TTF', 'AGENCYR.TTF', 'ALGER.TTF', 'ANTQUAB.TTF', 'ANTQUABI.TTF', 'ANTQUAI.TTF', 'app775.fon', 'app850.fon', 'app852.fon', 'app855.fon', 'app857.fon', 'app866.fon', 'app932.fon', 'app936.fon', 'app949.fon', 'app950.fon', 'arial.ttf', 'arialbd.ttf', 'arialbi.ttf', 'ariali.ttf', 'ARIALN.TTF', 'ARIALNB.TTF', 'ARIALNBI.TTF', 'ARIALNI.TTF', 'ariblk.ttf', 'ARLRDBD.TTF', 'AxureHandwriting-Bold.otf', 'AxureHandwriting-BoldItalic.otf', 'AxureHandwriting-Italic.otf', 'AxureHandwriting.otf', 'bahnschrift.ttf', 'BASKVILL.TTF', 'BAUHS93.TTF', 'BELL.TTF', 'BELLB.TTF', 'BELLI.TTF', 'BERNHC.TTF', 'BKANT.TTF', 'BOD_B.TTF', 'BOD_BI.TTF', 'BOD_BLAI.TTF', 'BOD_BLAR.TTF', 'BOD_CB.TTF', 'BOD_CBI.TTF', 'BOD_CI.TTF', 'BOD_CR.TTF', 'BOD_I.TTF', 'BOD_PSTC.TTF', 'BOD_R.TTF', 'BOOKOS.TTF', 'BOOKOSB.TTF', 'BOOKOSBI.TTF', 'BOOKOSI.TTF', 'BRADHITC.TTF', 'BRITANIC.TTF', 'BRLNSB.TTF', 'BRLNSDB.TTF', 'BRLNSR.TTF', 'BROADW.TTF', 'BRUSHSCI.TTF', 'BSSYM7.TTF', 'c8514fix.fon', 'c8514oem.fon', 'c8514sys.fon', 'calibri.ttf', 'calibrib.ttf', 'calibrii.ttf', 'calibril.ttf', 'calibrili.ttf', 'calibriz.ttf', 'CALIFB.TTF', 'CALIFI.TTF', 'CALIFR.TTF', 'CALIST.TTF', 'CALISTB.TTF', 'CALISTBI.TTF', 'CALISTI.TTF', 'cambria.ttc', 'cambriab.ttf', 'cambriai.ttf', 'cambriaz.ttf', 'Candara.ttf', 'Candarab.ttf', 'Candarai.ttf', 'Candaral.ttf', 'Candarali.ttf', 'Candaraz.ttf', 'CascadiaCode.ttf', 'CascadiaMono.ttf', 'CASTELAR.TTF', 'CENSCBK.TTF', 'CENTAUR.TTF', 'CENTURY.TTF', 'cga40737.fon', 'cga40850.fon', 'cga40852.fon', 'cga40857.fon', 'cga40866.fon', 'cga40869.fon', 'cga40woa.fon', 'cga80737.fon', 'cga80850.fon', 'cga80852.fon', 'cga80857.fon', 'cga80866.fon', 'cga80869.fon', 'cga80woa.fon', 'CHILLER.TTF', 'COLONNA.TTF', 'comic.ttf', 'comicbd.ttf', 'comici.ttf', 'comicz.ttf', 'consola.ttf', 'consolab.ttf', 'consolai.ttf', 'consolaz.ttf', 'constan.ttf', 'constanb.ttf', 'constani.ttf', 'constanz.ttf', 'COOPBL.TTF', 'COPRGTB.TTF', 'COPRGTL.TTF', 'corbel.ttf', 'corbelb.ttf', 'corbeli.ttf', 'corbell.ttf', 'corbelli.ttf', 'corbelz.ttf', 'coue1255.fon', 'coue1256.fon', 'coue1257.fon', 'couf1255.fon', 'couf1256.fon', 'couf1257.fon', 'cour.ttf', 'courbd.ttf', 'courbi.ttf', 'coure.fon', 'couree.fon', 'coureg.fon', 'courer.fon', 'couret.fon', 'courf.fon', 'courfe.fon', 'courfg.fon', 'courfr.fon', 'courft.fon', 'couri.ttf', 'CURLZ___.TTF', 'cvgafix.fon', 'cvgasys.fon', 'Deng.ttf', 'Dengb.ttf', 'Dengl.ttf', 'desktop.ini', 'dos737.fon', 'dos869.fon', 'dosapp.fon', 'DUBAI-BOLD.TTF', 'DUBAI-LIGHT.TTF', 'DUBAI-MEDIUM.TTF', 'DUBAI-REGULAR.TTF', 'ebrima.ttf', 'ebrimabd.ttf', 'ega40737.fon', 'ega40850.fon', 'ega40852.fon', 'ega40857.fon', 'ega40866.fon', 'ega40869.fon', 'ega40woa.fon', 'ega80737.fon', 'ega80850.fon', 'ega80852.fon', 'ega80857.fon', 'ega80866.fon', 'ega80869.fon', 'ega80woa.fon', 'ELEPHNT.TTF', 'ELEPHNTI.TTF', 'ENGR.TTF', 'ERASBD.TTF', 'ERASDEMI.TTF', 'ERASLGHT.TTF', 'ERASMD.TTF', 'FELIXTI.TTF', 'fms_metadata.xml', 'FORTE.TTF', 'FRABK.TTF', 'FRABKIT.TTF', 'FRADM.TTF', 'FRADMCN.TTF', 'FRADMIT.TTF', 'FRAHV.TTF', 'FRAHVIT.TTF', 'framd.ttf', 'FRAMDCN.TTF', 'framdit.ttf', 'FREESCPT.TTF', 'FRSCRIPT.TTF', 'FTLTLT.TTF', 'FZSTK.TTF', 'FZYTK.TTF', 'Gabriola.ttf', 'gadugi.ttf', 'gadugib.ttf', 'GARA.TTF', 'GARABD.TTF', 'GARAIT.TTF', 'georgia.ttf', 'georgiab.ttf', 'georgiai.ttf', 'georgiaz.ttf', 'GIGI.TTF', 'GILBI___.TTF', 'GILB____.TTF', 'GILC____.TTF', 'GILI____.TTF', 'GILLUBCD.TTF', 'GILSANUB.TTF', 'GIL_____.TTF', 'GLECB.TTF', 'GlobalMonospace.CompositeFont', 'GlobalSansSerif.CompositeFont', 'GlobalSerif.CompositeFont', 'GlobalUserInterface.CompositeFont', 'GLSNECB.TTF', 'GOTHIC.TTF', 'GOTHICB.TTF', 'GOTHICBI.TTF', 'GOTHICI.TTF', 'GOUDOS.TTF', 'GOUDOSB.TTF', 'GOUDOSI.TTF', 'GOUDYSTO.TTF', 'h8514fix.fon', 'h8514oem.fon', 'h8514sys.fon', 'HARLOWSI.TTF', 'HARNGTON.TTF', 'HATTEN.TTF', 'HGB1X_CNKI.ttf', 'HGB1_CNKI.ttf', 'HGB2X_CNKI.ttf', 'HGB2_CNKI.ttf', 'HGB3X_CNKI.ttf', 'HGB3_CNKI.ttf', 'HGB4X_CNKI.ttf', 'HGB4_CNKI.ttf', 'HGB5X_CNKI.ttf', 'HGB5_CNKI.ttf', 'HGB6X_CNKI.ttf', 'HGB6_CNKI.ttf', 'HGB7X_CNKI.ttf', 'HGB7_CNKI.ttf', 'HGB8X_CNKI.ttf', 'HGB8_CNKI.ttf', 'HGBD_CNKI.ttf', 'HGBKBX_CNKI.ttf', 'HGBKB_CNKI.ttf', 'HGBKHX_CNKI.ttf', 'HGBKH_CNKI.ttf', 'HGBS1_CNKI.TTF', 'HGBS2_CNKI.TTF', 'HGBS_CNKI.TTF', 'HGBTH_CNKI.TTF', 'HGBTS_CNKI.TTF', 'HGBX_CNKI.ttf', 'HGBZ_CNKI.ttf', 'HGCH_CNKI.TTF', 'HGCUH_CNKI.TTF', 'HGCY_CNKI.TTF', 'HGDBS_CNKI.TTF', 'HGDGY_CNKI.TTF', 'HGDH2_CNKI.TTF', 'HGDH_CNKI.TTF', 'HGDYS_CNKI.TTF', 'HGDY_CNKI.ttf', 'HGF1X_CNKI.ttf', 'HGF1_CNKI.ttf', 'HGF2X_CNKI.ttf', 'HGF2_CNKI.ttf', 'HGF3_CNKI.ttf', 'HGF4X_CNKI.ttf', 'HGF4_CNKI.ttf', 'HGF5X_CNKI.ttf', 'HGF5_CNKI.ttf', 'HGF6X_CNKI.ttf', 'HGF6_CNKI.ttf', 'HGF7X_CNKI.ttf', 'HGF7_CNKI.ttf', 'HGF8_CNKI.ttf', 'HGF9X_CNKI.ttf', 'HGF9_CNKI.ttf', 'HGFS1_CNKI.TTF', 'HGFS2_CNKI.TTF', 'HGFSH_CNKI.TTF', 'HGFS_CNKI.TTF', 'HGFX_CNKI.ttf', 'HGFZ_CNKI.ttf', 'HGGG_CNKI.TTF', 'HGH1X_CNKI.ttf', 'HGH1_CNKI.ttf', 'HGH2X_CNKI.ttf', 'HGH2_CNKI.ttf', 'HGH3X_CNKI.ttf', 'HGH3_CNKI.ttf', 'HGH4X_CNKI.ttf', 'HGH4_CNKI.ttf', 'HGH5X_CNKI.ttf', 'HGH5_CNKI.ttf', 'HGH6X_CNKI.ttf', 'HGH6_CNKI.ttf', 'HGH7X_CNKI.ttf', 'HGH7_CNKI.ttf', 'HGHB_CNKI.TTF', 'HGHD_CNKI.ttf', 'HGHP_CNKI.TTF', 'HGHT1_CNKI.ttf', 'HGHT2_CNKI.ttf', 'HGHUATI_CNKI.ttf', 'HGHX_CNKI.ttf', 'HGHZ_CNKI.ttf', 'HGH_CNKI.TTF', 'HGKT1_CNKI.TTF', 'HGKT2_CNKI.TTF', 'HGKT_CNKI.TTF', 'HGKY_CNKI.ttf', 'HGLB_CNKI.TTF', 'HGLS_CNKI.TTF', 'HGMH_CNKI.TTF', 'HGNBS_CNKI.ttf', 'HGOCR_CNKI.ttf', 'HGPH_CNKI.TTF', 'HGPTY_CNKI.TTF', 'HGSS1_CNKI.TTF', 'HGSS2_CNKI.TTF', 'HGSS_CNKI.TTF', 'HGSXT_CNKI.ttf', 'HGTT_CNKI.ttf', 'HGTX_CNKI.TTF', 'HGWT_CNKI.TTF', 'HGWYS_CNKI.TTF', 'HGX1X_CNKI.ttf', 'HGX1_CNKI.ttf', 'HGXBS_CNKI.TTF', 'HGXC_CNKI.TTF', 'HGXF1_CNKI.ttf', 'HGXFX_CNKI.ttf', 'HGXFZ_CNKI.ttf', 'HGXH1_CNKI.TTF', 'HGXH_CNKI.TTF', 'HGXK_CNKI.TTF', 'HGXL_CNKI.TTF', 'HGXS_CNKI.TTF', 'HGXT_CNKI.ttf', 'HGXY_CNKI.ttf', 'HGY1_CNKI.TTF', 'HGY2_CNKI.TTF', 'HGY3_CNKI.TTF', 'HGY4_CNKI.TTF', 'HGYB_CNKI.ttf', 'HGYT1_CNKI.ttf', 'HGYT2_CNKI.ttf', 'HGYT_CNKI.TTF', 'HGYX_CNKI.TTF', 'HGZCS_CNKI.TTF', 'HGZDX_CNKI.TTF', 'HGZK_CNKI.TTF', 'HGZYT_CNKI.TTF', 'HGZY_CNKI.TTF', 'himalaya.ttf', 'holomdl2.ttf', 'HTOWERT.TTF', 'HTOWERTI.TTF', 'hvgafix.fon', 'hvgasys.fon', 'impact.ttf', 'IMPRISHA.TTF', 'INFROMAN.TTF', 'Inkfree.ttf', 'iqiyi_logov7.ttf', 'ITCBLKAD.TTF', 'ITCEDSCR.TTF', 'ITCKRIST.TTF', 'j8514fix.fon', 'j8514oem.fon', 'j8514sys.fon', 'javatext.ttf', 'JOKERMAN.TTF', 'jsmalle.fon', 'jsmallf.fon', 'JUICE___.TTF', 'jvgafix.fon', 'jvgasys.fon', 'KUNSTLER.TTF', 'LATINWD.TTF', 'LBRITE.TTF', 'LBRITED.TTF', 'LBRITEDI.TTF', 'LBRITEI.TTF', 'LCALLIG.TTF', 'LeelaUIb.ttf', 'LeelawUI.ttf', 'LeelUIsl.ttf', 'LFAX.TTF', 'LFAXD.TTF', 'LFAXDI.TTF', 'LFAXI.TTF', 'LHANDW.TTF', 'LSANS.TTF', 'LSANSD.TTF', 'LSANSDI.TTF', 'LSANSI.TTF', 'LTYPE.TTF', 'LTYPEB.TTF', 'LTYPEBO.TTF', 'LTYPEO.TTF', 'lucon.ttf', 'l_10646.ttf', 'MAGNETOB.TTF', 'MAIAN.TTF', 'malgun.ttf', 'malgunbd.ttf', 'malgunsl.ttf', 'marlett.ttf', 'MATURASC.TTF', 'micross.ttf', 'mingliub.ttc', 'MISTRAL.TTF', 'mmrtext.ttf', 'mmrtextb.ttf', 'MOD20.TTF', 'modern.fon', 'monbaiti.ttf', 'msgothic.ttc', 'msjh.ttc', 'msjhbd.ttc', 'msjhl.ttc', 'msyh.ttc', 'msyhbd.ttc', 'msyhl.ttc', 'msyi.ttf', 'MTCORSVA.TTF', 'MTEXTRA.TTF', 'mvboli.ttf', 'NIAGENG.TTF', 'NIAGSOL.TTF', 'Nirmala.ttf', 'NirmalaB.ttf', 'NirmalaS.ttf', 'ntailu.ttf', 'ntailub.ttf', 'NumberOnly.ttf', 'OCRAEXT.TTF', 'OLDENGL.TTF', 'ONYX.TTF', 'OUTLOOK.TTF', 'pala.ttf', 'palab.ttf', 'palabi.ttf', 'palai.ttf', 'PALSCRI.TTF', 'PAPYRUS.TTF', 'PARCHM.TTF', 'PERBI___.TTF', 'PERB____.TTF', 'PERI____.TTF', 'PERTIBD.TTF', 'PERTILI.TTF', 'PER_____.TTF', 'phagspa.ttf', 'phagspab.ttf', 'PLAYBILL.TTF', 'POORICH.TTF', 'PRISTINA.TTF', 'RAGE.TTF', 'RAVIE.TTF', 'REFSAN.TTF', 'REFSPCL.TTF', 'ROCCB___.TTF', 'ROCC____.TTF', 'ROCK.TTF', 'ROCKB.TTF', 'ROCKBI.TTF', 'ROCKEB.TTF', 'ROCKI.TTF', 'roman.fon', 's8514fix.fon', 's8514oem.fon', 's8514sys.fon', 'SCHLBKB.TTF', 'SCHLBKBI.TTF', 'SCHLBKI.TTF', 'script.fon', 'SCRIPTBL.TTF', 'segmdl2.ttf', 'SegoeIcons.ttf', 'segoepr.ttf', 'segoeprb.ttf', 'segoesc.ttf', 'segoescb.ttf', 'segoeui.ttf', 'segoeuib.ttf', 'segoeuii.ttf', 'segoeuil.ttf', 'segoeuisl.ttf', 'segoeuiz.ttf', 'seguibl.ttf', 'seguibli.ttf', 'seguiemj.ttf', 'seguihis.ttf', 'seguili.ttf', 'seguisb.ttf', 'seguisbi.ttf', 'seguisli.ttf', 'seguisym.ttf', 'SegUIVar.ttf', 'sere1255.fon', 'sere1256.fon', 'sere1257.fon', 'serf1255.fon', 'serf1256.fon', 'serf1257.fon', 'serife.fon', 'serifee.fon', 'serifeg.fon', 'serifer.fon', 'serifet.fon', 'seriff.fon', 'seriffe.fon', 'seriffg.fon', 'seriffr.fon', 'serifft.fon', 'SHOWG.TTF', 'simfang.ttf', 'simhei.ttf', 'simkai.ttf', 'SIMLI.TTF', 'simsun.ttc', 'simsunb.ttf', 'SIMYOU.TTF', 'SitkaVF-Italic.ttf', 'SitkaVF.ttf', 'smae1255.fon', 'smae1256.fon', 'smae1257.fon', 'smaf1255.fon', 'smaf1256.fon', 'smaf1257.fon', 'smalle.fon', 'smallee.fon', 'smalleg.fon', 'smaller.fon', 'smallet.fon', 'smallf.fon', 'smallfe.fon', 'smallfg.fon', 'smallfr.fon', 'smallft.fon', 'SNAP____.TTF', 'ssee1255.fon', 'ssee1256.fon', 'ssee1257.fon', 'ssee874.fon', 'ssef1255.fon', 'ssef1256.fon', 'ssef1257.fon', 'ssef874.fon', 'sserife.fon', 'sserifee.fon', 'sserifeg.fon', 'sserifer.fon', 'sserifet.fon', 'sseriff.fon', 'sseriffe.fon', 'sseriffg.fon', 'sseriffr.fon', 'sserifft.fon', 'StaticCache.dat', 'STCAIYUN.TTF', 'STENCIL.TTF', 'STFANGSO.TTF', 'STHUPO.TTF', 'STKAITI.TTF', 'STLITI.TTF', 'STSONG.TTF', 'STXIHEI.TTF', 'STXINGKA.TTF', 'STXINWEI.TTF', 'STZHONGS.TTF', 'svgafix.fon', 'svgasys.fon', 'sylfaen.ttf', 'symbol.ttf', 'tahoma.ttf', 'tahomabd.ttf', 'taile.ttf', 'taileb.ttf', 'TCBI____.TTF', 'TCB_____.TTF', 'TCCB____.TTF', 'TCCEB.TTF', 'TCCM____.TTF', 'TCMI____.TTF', 'TCM_____.TTF', 'TEMPSITC.TTF', 'times.ttf', 'timesbd.ttf', 'timesbi.ttf', 'timesi.ttf', 'trebuc.ttf', 'trebucbd.ttf', 'trebucbi.ttf', 'trebucit.ttf', 'verdana.ttf', 'verdanab.ttf', 'verdanai.ttf', 'verdanaz.ttf', 'vga737.fon', 'vga775.fon', 'vga850.fon', 'vga852.fon', 'vga855.fon', 'vga857.fon', 'vga860.fon', 'vga861.fon', 'vga863.fon', 'vga865.fon', 'vga866.fon', 'vga869.fon', 'vga932.fon', 'vga936.fon', 'vga949.fon', 'vga950.fon', 'vgaf1255.fon', 'vgaf1256.fon', 'vgaf1257.fon', 'vgaf874.fon', 'vgafix.fon', 'vgafixe.fon', 'vgafixg.fon', 'vgafixr.fon', 'vgafixt.fon', 'vgaoem.fon', 'vgas1255.fon', 'vgas1256.fon', 'vgas1257.fon', 'vgas874.fon', 'vgasys.fon', 'vgasyse.fon', 'vgasysg.fon', 'vgasysr.fon', 'vgasyst.fon', 'VINERITC.TTF', 'VIVALDII.TTF', 'VLADIMIR.TTF', 'webdings.ttf', 'wingding.ttf', 'WINGDNG2.TTF', 'WINGDNG3.TTF', 'YuGothB.ttc', 'YuGothL.ttc', 'YuGothM.ttc', 'YuGothR.ttc', '\u534e\u5eb7\u65b9\u5706\u4f53W7.TTC', '\u65b9\u6b63\u7c97\u9ed1\u5b8b\u7b80\u4f53.ttf']
2023-09-27 15:56:32,134 - INFO - start to load thumbnail gen setting json from::D:/Download/audio-visual/saas/tiktoka/tiktoka-studio-uploader-genius/tests/videos/horizon/template (9).json
2023-09-27 15:56:32,135 - INFO - start to validate template
2023-09-27 15:56:32,138 - INFO - validate thumbnail gen template passed
2023-09-27 15:56:32,138 - INFO - start to validate metadata for thumbgen setting
2023-09-27 15:56:32,149 - INFO - start to check ['heading', 'subheading', 'extraheading'] defined in template
2023-09-27 15:56:32,149 - INFO - heading value is \u6211\u7684\u7956\u56fd\u6211\u7231\u4f60 in entry OP.
2023-09-27 15:56:32,149 - INFO - subheading value is \u56fd\u5e86\u4f73\u8282\u5feb\u4e50 in entry OP.
2023-09-27 15:56:32,149 - INFO - extraheading value is 222222222222 in entry OP.
2023-09-27 15:56:32,150 - INFO - validate metadata for thumbgen setting passed
2023-09-27 15:56:32,150 - INFO - start to update user submited metafile to video assets
2023-09-27 15:56:32,150 - WARNING - You are running on win32, potentially without locks. Consider setting shared_lock=True
2023-09-27 15:56:32,150 - INFO - update user submited metafile to video assets passed
2023-09-27 15:56:32,150 - INFO - start to validate bg folder
2023-09-27 15:56:32,151 - INFO - bg folder image list :['D:/Download/audio-visual/saas/tiktoka/tiktoka-studio-uploader-genius/tests/videos/horizon/1920x1080\\bg1.jpg', 'D:/Download/audio-visual/saas/tiktoka/tiktoka-studio-uploader-genius/tests/videos/horizon/1920x1080\\bg2.jpg']
2023-09-27 15:56:32,151 - INFO - Random assign bg:D:/Download/audio-visual/saas/tiktoka/tiktoka-studio-uploader-genius/tests/videos/horizon/1920x1080\bg1.jpg to  video:OP
2023-09-27 15:56:32,151 - INFO - validate bg folder passed
2023-09-27 15:56:32,189 - INFO - all fonts installed:['8514fix.fon', '8514fixe.fon', '8514fixg.fon', '8514fixr.fon', '8514fixt.fon', '8514oem.fon', '8514oeme.fon', '8514oemg.fon', '8514oemr.fon', '8514oemt.fon', '8514sys.fon', '8514syse.fon', '8514sysg.fon', '8514sysr.fon', '8514syst.fon', '85775.fon', '85855.fon', '85f1255.fon', '85f1256.fon', '85f1257.fon', '85f874.fon', '85s1255.fon', '85s1256.fon', '85s1257.fon', '85s874.fon', 'AGENCYB.TTF', 'AGENCYR.TTF', 'ALGER.TTF', 'ANTQUAB.TTF', 'ANTQUABI.TTF', 'ANTQUAI.TTF', 'app775.fon', 'app850.fon', 'app852.fon', 'app855.fon', 'app857.fon', 'app866.fon', 'app932.fon', 'app936.fon', 'app949.fon', 'app950.fon', 'arial.ttf', 'arialbd.ttf', 'arialbi.ttf', 'ariali.ttf', 'ARIALN.TTF', 'ARIALNB.TTF', 'ARIALNBI.TTF', 'ARIALNI.TTF', 'ariblk.ttf', 'ARLRDBD.TTF', 'AxureHandwriting-Bold.otf', 'AxureHandwriting-BoldItalic.otf', 'AxureHandwriting-Italic.otf', 'AxureHandwriting.otf', 'bahnschrift.ttf', 'BASKVILL.TTF', 'BAUHS93.TTF', 'BELL.TTF', 'BELLB.TTF', 'BELLI.TTF', 'BERNHC.TTF', 'BKANT.TTF', 'BOD_B.TTF', 'BOD_BI.TTF', 'BOD_BLAI.TTF', 'BOD_BLAR.TTF', 'BOD_CB.TTF', 'BOD_CBI.TTF', 'BOD_CI.TTF', 'BOD_CR.TTF', 'BOD_I.TTF', 'BOD_PSTC.TTF', 'BOD_R.TTF', 'BOOKOS.TTF', 'BOOKOSB.TTF', 'BOOKOSBI.TTF', 'BOOKOSI.TTF', 'BRADHITC.TTF', 'BRITANIC.TTF', 'BRLNSB.TTF', 'BRLNSDB.TTF', 'BRLNSR.TTF', 'BROADW.TTF', 'BRUSHSCI.TTF', 'BSSYM7.TTF', 'c8514fix.fon', 'c8514oem.fon', 'c8514sys.fon', 'calibri.ttf', 'calibrib.ttf', 'calibrii.ttf', 'calibril.ttf', 'calibrili.ttf', 'calibriz.ttf', 'CALIFB.TTF', 'CALIFI.TTF', 'CALIFR.TTF', 'CALIST.TTF', 'CALISTB.TTF', 'CALISTBI.TTF', 'CALISTI.TTF', 'cambria.ttc', 'cambriab.ttf', 'cambriai.ttf', 'cambriaz.ttf', 'Candara.ttf', 'Candarab.ttf', 'Candarai.ttf', 'Candaral.ttf', 'Candarali.ttf', 'Candaraz.ttf', 'CascadiaCode.ttf', 'CascadiaMono.ttf', 'CASTELAR.TTF', 'CENSCBK.TTF', 'CENTAUR.TTF', 'CENTURY.TTF', 'cga40737.fon', 'cga40850.fon', 'cga40852.fon', 'cga40857.fon', 'cga40866.fon', 'cga40869.fon', 'cga40woa.fon', 'cga80737.fon', 'cga80850.fon', 'cga80852.fon', 'cga80857.fon', 'cga80866.fon', 'cga80869.fon', 'cga80woa.fon', 'CHILLER.TTF', 'COLONNA.TTF', 'comic.ttf', 'comicbd.ttf', 'comici.ttf', 'comicz.ttf', 'consola.ttf', 'consolab.ttf', 'consolai.ttf', 'consolaz.ttf', 'constan.ttf', 'constanb.ttf', 'constani.ttf', 'constanz.ttf', 'COOPBL.TTF', 'COPRGTB.TTF', 'COPRGTL.TTF', 'corbel.ttf', 'corbelb.ttf', 'corbeli.ttf', 'corbell.ttf', 'corbelli.ttf', 'corbelz.ttf', 'coue1255.fon', 'coue1256.fon', 'coue1257.fon', 'couf1255.fon', 'couf1256.fon', 'couf1257.fon', 'cour.ttf', 'courbd.ttf', 'courbi.ttf', 'coure.fon', 'couree.fon', 'coureg.fon', 'courer.fon', 'couret.fon', 'courf.fon', 'courfe.fon', 'courfg.fon', 'courfr.fon', 'courft.fon', 'couri.ttf', 'CURLZ___.TTF', 'cvgafix.fon', 'cvgasys.fon', 'Deng.ttf', 'Dengb.ttf', 'Dengl.ttf', 'desktop.ini', 'dos737.fon', 'dos869.fon', 'dosapp.fon', 'DUBAI-BOLD.TTF', 'DUBAI-LIGHT.TTF', 'DUBAI-MEDIUM.TTF', 'DUBAI-REGULAR.TTF', 'ebrima.ttf', 'ebrimabd.ttf', 'ega40737.fon', 'ega40850.fon', 'ega40852.fon', 'ega40857.fon', 'ega40866.fon', 'ega40869.fon', 'ega40woa.fon', 'ega80737.fon', 'ega80850.fon', 'ega80852.fon', 'ega80857.fon', 'ega80866.fon', 'ega80869.fon', 'ega80woa.fon', 'ELEPHNT.TTF', 'ELEPHNTI.TTF', 'ENGR.TTF', 'ERASBD.TTF', 'ERASDEMI.TTF', 'ERASLGHT.TTF', 'ERASMD.TTF', 'FELIXTI.TTF', 'fms_metadata.xml', 'FORTE.TTF', 'FRABK.TTF', 'FRABKIT.TTF', 'FRADM.TTF', 'FRADMCN.TTF', 'FRADMIT.TTF', 'FRAHV.TTF', 'FRAHVIT.TTF', 'framd.ttf', 'FRAMDCN.TTF', 'framdit.ttf', 'FREESCPT.TTF', 'FRSCRIPT.TTF', 'FTLTLT.TTF', 'FZSTK.TTF', 'FZYTK.TTF', 'Gabriola.ttf', 'gadugi.ttf', 'gadugib.ttf', 'GARA.TTF', 'GARABD.TTF', 'GARAIT.TTF', 'georgia.ttf', 'georgiab.ttf', 'georgiai.ttf', 'georgiaz.ttf', 'GIGI.TTF', 'GILBI___.TTF', 'GILB____.TTF', 'GILC____.TTF', 'GILI____.TTF', 'GILLUBCD.TTF', 'GILSANUB.TTF', 'GIL_____.TTF', 'GLECB.TTF', 'GlobalMonospace.CompositeFont', 'GlobalSansSerif.CompositeFont', 'GlobalSerif.CompositeFont', 'GlobalUserInterface.CompositeFont', 'GLSNECB.TTF', 'GOTHIC.TTF', 'GOTHICB.TTF', 'GOTHICBI.TTF', 'GOTHICI.TTF', 'GOUDOS.TTF', 'GOUDOSB.TTF', 'GOUDOSI.TTF', 'GOUDYSTO.TTF', 'h8514fix.fon', 'h8514oem.fon', 'h8514sys.fon', 'HARLOWSI.TTF', 'HARNGTON.TTF', 'HATTEN.TTF', 'HGB1X_CNKI.ttf', 'HGB1_CNKI.ttf', 'HGB2X_CNKI.ttf', 'HGB2_CNKI.ttf', 'HGB3X_CNKI.ttf', 'HGB3_CNKI.ttf', 'HGB4X_CNKI.ttf', 'HGB4_CNKI.ttf', 'HGB5X_CNKI.ttf', 'HGB5_CNKI.ttf', 'HGB6X_CNKI.ttf', 'HGB6_CNKI.ttf', 'HGB7X_CNKI.ttf', 'HGB7_CNKI.ttf', 'HGB8X_CNKI.ttf', 'HGB8_CNKI.ttf', 'HGBD_CNKI.ttf', 'HGBKBX_CNKI.ttf', 'HGBKB_CNKI.ttf', 'HGBKHX_CNKI.ttf', 'HGBKH_CNKI.ttf', 'HGBS1_CNKI.TTF', 'HGBS2_CNKI.TTF', 'HGBS_CNKI.TTF', 'HGBTH_CNKI.TTF', 'HGBTS_CNKI.TTF', 'HGBX_CNKI.ttf', 'HGBZ_CNKI.ttf', 'HGCH_CNKI.TTF', 'HGCUH_CNKI.TTF', 'HGCY_CNKI.TTF', 'HGDBS_CNKI.TTF', 'HGDGY_CNKI.TTF', 'HGDH2_CNKI.TTF', 'HGDH_CNKI.TTF', 'HGDYS_CNKI.TTF', 'HGDY_CNKI.ttf', 'HGF1X_CNKI.ttf', 'HGF1_CNKI.ttf', 'HGF2X_CNKI.ttf', 'HGF2_CNKI.ttf', 'HGF3_CNKI.ttf', 'HGF4X_CNKI.ttf', 'HGF4_CNKI.ttf', 'HGF5X_CNKI.ttf', 'HGF5_CNKI.ttf', 'HGF6X_CNKI.ttf', 'HGF6_CNKI.ttf', 'HGF7X_CNKI.ttf', 'HGF7_CNKI.ttf', 'HGF8_CNKI.ttf', 'HGF9X_CNKI.ttf', 'HGF9_CNKI.ttf', 'HGFS1_CNKI.TTF', 'HGFS2_CNKI.TTF', 'HGFSH_CNKI.TTF', 'HGFS_CNKI.TTF', 'HGFX_CNKI.ttf', 'HGFZ_CNKI.ttf', 'HGGG_CNKI.TTF', 'HGH1X_CNKI.ttf', 'HGH1_CNKI.ttf', 'HGH2X_CNKI.ttf', 'HGH2_CNKI.ttf', 'HGH3X_CNKI.ttf', 'HGH3_CNKI.ttf', 'HGH4X_CNKI.ttf', 'HGH4_CNKI.ttf', 'HGH5X_CNKI.ttf', 'HGH5_CNKI.ttf', 'HGH6X_CNKI.ttf', 'HGH6_CNKI.ttf', 'HGH7X_CNKI.ttf', 'HGH7_CNKI.ttf', 'HGHB_CNKI.TTF', 'HGHD_CNKI.ttf', 'HGHP_CNKI.TTF', 'HGHT1_CNKI.ttf', 'HGHT2_CNKI.ttf', 'HGHUATI_CNKI.ttf', 'HGHX_CNKI.ttf', 'HGHZ_CNKI.ttf', 'HGH_CNKI.TTF', 'HGKT1_CNKI.TTF', 'HGKT2_CNKI.TTF', 'HGKT_CNKI.TTF', 'HGKY_CNKI.ttf', 'HGLB_CNKI.TTF', 'HGLS_CNKI.TTF', 'HGMH_CNKI.TTF', 'HGNBS_CNKI.ttf', 'HGOCR_CNKI.ttf', 'HGPH_CNKI.TTF', 'HGPTY_CNKI.TTF', 'HGSS1_CNKI.TTF', 'HGSS2_CNKI.TTF', 'HGSS_CNKI.TTF', 'HGSXT_CNKI.ttf', 'HGTT_CNKI.ttf', 'HGTX_CNKI.TTF', 'HGWT_CNKI.TTF', 'HGWYS_CNKI.TTF', 'HGX1X_CNKI.ttf', 'HGX1_CNKI.ttf', 'HGXBS_CNKI.TTF', 'HGXC_CNKI.TTF', 'HGXF1_CNKI.ttf', 'HGXFX_CNKI.ttf', 'HGXFZ_CNKI.ttf', 'HGXH1_CNKI.TTF', 'HGXH_CNKI.TTF', 'HGXK_CNKI.TTF', 'HGXL_CNKI.TTF', 'HGXS_CNKI.TTF', 'HGXT_CNKI.ttf', 'HGXY_CNKI.ttf', 'HGY1_CNKI.TTF', 'HGY2_CNKI.TTF', 'HGY3_CNKI.TTF', 'HGY4_CNKI.TTF', 'HGYB_CNKI.ttf', 'HGYT1_CNKI.ttf', 'HGYT2_CNKI.ttf', 'HGYT_CNKI.TTF', 'HGYX_CNKI.TTF', 'HGZCS_CNKI.TTF', 'HGZDX_CNKI.TTF', 'HGZK_CNKI.TTF', 'HGZYT_CNKI.TTF', 'HGZY_CNKI.TTF', 'himalaya.ttf', 'holomdl2.ttf', 'HTOWERT.TTF', 'HTOWERTI.TTF', 'hvgafix.fon', 'hvgasys.fon', 'impact.ttf', 'IMPRISHA.TTF', 'INFROMAN.TTF', 'Inkfree.ttf', 'iqiyi_logov7.ttf', 'ITCBLKAD.TTF', 'ITCEDSCR.TTF', 'ITCKRIST.TTF', 'j8514fix.fon', 'j8514oem.fon', 'j8514sys.fon', 'javatext.ttf', 'JOKERMAN.TTF', 'jsmalle.fon', 'jsmallf.fon', 'JUICE___.TTF', 'jvgafix.fon', 'jvgasys.fon', 'KUNSTLER.TTF', 'LATINWD.TTF', 'LBRITE.TTF', 'LBRITED.TTF', 'LBRITEDI.TTF', 'LBRITEI.TTF', 'LCALLIG.TTF', 'LeelaUIb.ttf', 'LeelawUI.ttf', 'LeelUIsl.ttf', 'LFAX.TTF', 'LFAXD.TTF', 'LFAXDI.TTF', 'LFAXI.TTF', 'LHANDW.TTF', 'LSANS.TTF', 'LSANSD.TTF', 'LSANSDI.TTF', 'LSANSI.TTF', 'LTYPE.TTF', 'LTYPEB.TTF', 'LTYPEBO.TTF', 'LTYPEO.TTF', 'lucon.ttf', 'l_10646.ttf', 'MAGNETOB.TTF', 'MAIAN.TTF', 'malgun.ttf', 'malgunbd.ttf', 'malgunsl.ttf', 'marlett.ttf', 'MATURASC.TTF', 'micross.ttf', 'mingliub.ttc', 'MISTRAL.TTF', 'mmrtext.ttf', 'mmrtextb.ttf', 'MOD20.TTF', 'modern.fon', 'monbaiti.ttf', 'msgothic.ttc', 'msjh.ttc', 'msjhbd.ttc', 'msjhl.ttc', 'msyh.ttc', 'msyhbd.ttc', 'msyhl.ttc', 'msyi.ttf', 'MTCORSVA.TTF', 'MTEXTRA.TTF', 'mvboli.ttf', 'NIAGENG.TTF', 'NIAGSOL.TTF', 'Nirmala.ttf', 'NirmalaB.ttf', 'NirmalaS.ttf', 'ntailu.ttf', 'ntailub.ttf', 'NumberOnly.ttf', 'OCRAEXT.TTF', 'OLDENGL.TTF', 'ONYX.TTF', 'OUTLOOK.TTF', 'pala.ttf', 'palab.ttf', 'palabi.ttf', 'palai.ttf', 'PALSCRI.TTF', 'PAPYRUS.TTF', 'PARCHM.TTF', 'PERBI___.TTF', 'PERB____.TTF', 'PERI____.TTF', 'PERTIBD.TTF', 'PERTILI.TTF', 'PER_____.TTF', 'phagspa.ttf', 'phagspab.ttf', 'PLAYBILL.TTF', 'POORICH.TTF', 'PRISTINA.TTF', 'RAGE.TTF', 'RAVIE.TTF', 'REFSAN.TTF', 'REFSPCL.TTF', 'ROCCB___.TTF', 'ROCC____.TTF', 'ROCK.TTF', 'ROCKB.TTF', 'ROCKBI.TTF', 'ROCKEB.TTF', 'ROCKI.TTF', 'roman.fon', 's8514fix.fon', 's8514oem.fon', 's8514sys.fon', 'SCHLBKB.TTF', 'SCHLBKBI.TTF', 'SCHLBKI.TTF', 'script.fon', 'SCRIPTBL.TTF', 'segmdl2.ttf', 'SegoeIcons.ttf', 'segoepr.ttf', 'segoeprb.ttf', 'segoesc.ttf', 'segoescb.ttf', 'segoeui.ttf', 'segoeuib.ttf', 'segoeuii.ttf', 'segoeuil.ttf', 'segoeuisl.ttf', 'segoeuiz.ttf', 'seguibl.ttf', 'seguibli.ttf', 'seguiemj.ttf', 'seguihis.ttf', 'seguili.ttf', 'seguisb.ttf', 'seguisbi.ttf', 'seguisli.ttf', 'seguisym.ttf', 'SegUIVar.ttf', 'sere1255.fon', 'sere1256.fon', 'sere1257.fon', 'serf1255.fon', 'serf1256.fon', 'serf1257.fon', 'serife.fon', 'serifee.fon', 'serifeg.fon', 'serifer.fon', 'serifet.fon', 'seriff.fon', 'seriffe.fon', 'seriffg.fon', 'seriffr.fon', 'serifft.fon', 'SHOWG.TTF', 'simfang.ttf', 'simhei.ttf', 'simkai.ttf', 'SIMLI.TTF', 'simsun.ttc', 'simsunb.ttf', 'SIMYOU.TTF', 'SitkaVF-Italic.ttf', 'SitkaVF.ttf', 'smae1255.fon', 'smae1256.fon', 'smae1257.fon', 'smaf1255.fon', 'smaf1256.fon', 'smaf1257.fon', 'smalle.fon', 'smallee.fon', 'smalleg.fon', 'smaller.fon', 'smallet.fon', 'smallf.fon', 'smallfe.fon', 'smallfg.fon', 'smallfr.fon', 'smallft.fon', 'SNAP____.TTF', 'ssee1255.fon', 'ssee1256.fon', 'ssee1257.fon', 'ssee874.fon', 'ssef1255.fon', 'ssef1256.fon', 'ssef1257.fon', 'ssef874.fon', 'sserife.fon', 'sserifee.fon', 'sserifeg.fon', 'sserifer.fon', 'sserifet.fon', 'sseriff.fon', 'sseriffe.fon', 'sseriffg.fon', 'sseriffr.fon', 'sserifft.fon', 'StaticCache.dat', 'STCAIYUN.TTF', 'STENCIL.TTF', 'STFANGSO.TTF', 'STHUPO.TTF', 'STKAITI.TTF', 'STLITI.TTF', 'STSONG.TTF', 'STXIHEI.TTF', 'STXINGKA.TTF', 'STXINWEI.TTF', 'STZHONGS.TTF', 'svgafix.fon', 'svgasys.fon', 'sylfaen.ttf', 'symbol.ttf', 'tahoma.ttf', 'tahomabd.ttf', 'taile.ttf', 'taileb.ttf', 'TCBI____.TTF', 'TCB_____.TTF', 'TCCB____.TTF', 'TCCEB.TTF', 'TCCM____.TTF', 'TCMI____.TTF', 'TCM_____.TTF', 'TEMPSITC.TTF', 'times.ttf', 'timesbd.ttf', 'timesbi.ttf', 'timesi.ttf', 'trebuc.ttf', 'trebucbd.ttf', 'trebucbi.ttf', 'trebucit.ttf', 'verdana.ttf', 'verdanab.ttf', 'verdanai.ttf', 'verdanaz.ttf', 'vga737.fon', 'vga775.fon', 'vga850.fon', 'vga852.fon', 'vga855.fon', 'vga857.fon', 'vga860.fon', 'vga861.fon', 'vga863.fon', 'vga865.fon', 'vga866.fon', 'vga869.fon', 'vga932.fon', 'vga936.fon', 'vga949.fon', 'vga950.fon', 'vgaf1255.fon', 'vgaf1256.fon', 'vgaf1257.fon', 'vgaf874.fon', 'vgafix.fon', 'vgafixe.fon', 'vgafixg.fon', 'vgafixr.fon', 'vgafixt.fon', 'vgaoem.fon', 'vgas1255.fon', 'vgas1256.fon', 'vgas1257.fon', 'vgas874.fon', 'vgasys.fon', 'vgasyse.fon', 'vgasysg.fon', 'vgasysr.fon', 'vgasyst.fon', 'VINERITC.TTF', 'VIVALDII.TTF', 'VLADIMIR.TTF', 'webdings.ttf', 'wingding.ttf', 'WINGDNG2.TTF', 'WINGDNG3.TTF', 'YuGothB.ttc', 'YuGothL.ttc', 'YuGothM.ttc', 'YuGothR.ttc', '\u534e\u5eb7\u65b9\u5706\u4f53W7.TTC', '\u65b9\u6b63\u7c97\u9ed1\u5b8b\u7b80\u4f53.ttf']
2023-09-27 15:56:32,194 - INFO - all fonts installed:['8514fix.fon', '8514fixe.fon', '8514fixg.fon', '8514fixr.fon', '8514fixt.fon', '8514oem.fon', '8514oeme.fon', '8514oemg.fon', '8514oemr.fon', '8514oemt.fon', '8514sys.fon', '8514syse.fon', '8514sysg.fon', '8514sysr.fon', '8514syst.fon', '85775.fon', '85855.fon', '85f1255.fon', '85f1256.fon', '85f1257.fon', '85f874.fon', '85s1255.fon', '85s1256.fon', '85s1257.fon', '85s874.fon', 'AGENCYB.TTF', 'AGENCYR.TTF', 'ALGER.TTF', 'ANTQUAB.TTF', 'ANTQUABI.TTF', 'ANTQUAI.TTF', 'app775.fon', 'app850.fon', 'app852.fon', 'app855.fon', 'app857.fon', 'app866.fon', 'app932.fon', 'app936.fon', 'app949.fon', 'app950.fon', 'arial.ttf', 'arialbd.ttf', 'arialbi.ttf', 'ariali.ttf', 'ARIALN.TTF', 'ARIALNB.TTF', 'ARIALNBI.TTF', 'ARIALNI.TTF', 'ariblk.ttf', 'ARLRDBD.TTF', 'AxureHandwriting-Bold.otf', 'AxureHandwriting-BoldItalic.otf', 'AxureHandwriting-Italic.otf', 'AxureHandwriting.otf', 'bahnschrift.ttf', 'BASKVILL.TTF', 'BAUHS93.TTF', 'BELL.TTF', 'BELLB.TTF', 'BELLI.TTF', 'BERNHC.TTF', 'BKANT.TTF', 'BOD_B.TTF', 'BOD_BI.TTF', 'BOD_BLAI.TTF', 'BOD_BLAR.TTF', 'BOD_CB.TTF', 'BOD_CBI.TTF', 'BOD_CI.TTF', 'BOD_CR.TTF', 'BOD_I.TTF', 'BOD_PSTC.TTF', 'BOD_R.TTF', 'BOOKOS.TTF', 'BOOKOSB.TTF', 'BOOKOSBI.TTF', 'BOOKOSI.TTF', 'BRADHITC.TTF', 'BRITANIC.TTF', 'BRLNSB.TTF', 'BRLNSDB.TTF', 'BRLNSR.TTF', 'BROADW.TTF', 'BRUSHSCI.TTF', 'BSSYM7.TTF', 'c8514fix.fon', 'c8514oem.fon', 'c8514sys.fon', 'calibri.ttf', 'calibrib.ttf', 'calibrii.ttf', 'calibril.ttf', 'calibrili.ttf', 'calibriz.ttf', 'CALIFB.TTF', 'CALIFI.TTF', 'CALIFR.TTF', 'CALIST.TTF', 'CALISTB.TTF', 'CALISTBI.TTF', 'CALISTI.TTF', 'cambria.ttc', 'cambriab.ttf', 'cambriai.ttf', 'cambriaz.ttf', 'Candara.ttf', 'Candarab.ttf', 'Candarai.ttf', 'Candaral.ttf', 'Candarali.ttf', 'Candaraz.ttf', 'CascadiaCode.ttf', 'CascadiaMono.ttf', 'CASTELAR.TTF', 'CENSCBK.TTF', 'CENTAUR.TTF', 'CENTURY.TTF', 'cga40737.fon', 'cga40850.fon', 'cga40852.fon', 'cga40857.fon', 'cga40866.fon', 'cga40869.fon', 'cga40woa.fon', 'cga80737.fon', 'cga80850.fon', 'cga80852.fon', 'cga80857.fon', 'cga80866.fon', 'cga80869.fon', 'cga80woa.fon', 'CHILLER.TTF', 'COLONNA.TTF', 'comic.ttf', 'comicbd.ttf', 'comici.ttf', 'comicz.ttf', 'consola.ttf', 'consolab.ttf', 'consolai.ttf', 'consolaz.ttf', 'constan.ttf', 'constanb.ttf', 'constani.ttf', 'constanz.ttf', 'COOPBL.TTF', 'COPRGTB.TTF', 'COPRGTL.TTF', 'corbel.ttf', 'corbelb.ttf', 'corbeli.ttf', 'corbell.ttf', 'corbelli.ttf', 'corbelz.ttf', 'coue1255.fon', 'coue1256.fon', 'coue1257.fon', 'couf1255.fon', 'couf1256.fon', 'couf1257.fon', 'cour.ttf', 'courbd.ttf', 'courbi.ttf', 'coure.fon', 'couree.fon', 'coureg.fon', 'courer.fon', 'couret.fon', 'courf.fon', 'courfe.fon', 'courfg.fon', 'courfr.fon', 'courft.fon', 'couri.ttf', 'CURLZ___.TTF', 'cvgafix.fon', 'cvgasys.fon', 'Deng.ttf', 'Dengb.ttf', 'Dengl.ttf', 'desktop.ini', 'dos737.fon', 'dos869.fon', 'dosapp.fon', 'DUBAI-BOLD.TTF', 'DUBAI-LIGHT.TTF', 'DUBAI-MEDIUM.TTF', 'DUBAI-REGULAR.TTF', 'ebrima.ttf', 'ebrimabd.ttf', 'ega40737.fon', 'ega40850.fon', 'ega40852.fon', 'ega40857.fon', 'ega40866.fon', 'ega40869.fon', 'ega40woa.fon', 'ega80737.fon', 'ega80850.fon', 'ega80852.fon', 'ega80857.fon', 'ega80866.fon', 'ega80869.fon', 'ega80woa.fon', 'ELEPHNT.TTF', 'ELEPHNTI.TTF', 'ENGR.TTF', 'ERASBD.TTF', 'ERASDEMI.TTF', 'ERASLGHT.TTF', 'ERASMD.TTF', 'FELIXTI.TTF', 'fms_metadata.xml', 'FORTE.TTF', 'FRABK.TTF', 'FRABKIT.TTF', 'FRADM.TTF', 'FRADMCN.TTF', 'FRADMIT.TTF', 'FRAHV.TTF', 'FRAHVIT.TTF', 'framd.ttf', 'FRAMDCN.TTF', 'framdit.ttf', 'FREESCPT.TTF', 'FRSCRIPT.TTF', 'FTLTLT.TTF', 'FZSTK.TTF', 'FZYTK.TTF', 'Gabriola.ttf', 'gadugi.ttf', 'gadugib.ttf', 'GARA.TTF', 'GARABD.TTF', 'GARAIT.TTF', 'georgia.ttf', 'georgiab.ttf', 'georgiai.ttf', 'georgiaz.ttf', 'GIGI.TTF', 'GILBI___.TTF', 'GILB____.TTF', 'GILC____.TTF', 'GILI____.TTF', 'GILLUBCD.TTF', 'GILSANUB.TTF', 'GIL_____.TTF', 'GLECB.TTF', 'GlobalMonospace.CompositeFont', 'GlobalSansSerif.CompositeFont', 'GlobalSerif.CompositeFont', 'GlobalUserInterface.CompositeFont', 'GLSNECB.TTF', 'GOTHIC.TTF', 'GOTHICB.TTF', 'GOTHICBI.TTF', 'GOTHICI.TTF', 'GOUDOS.TTF', 'GOUDOSB.TTF', 'GOUDOSI.TTF', 'GOUDYSTO.TTF', 'h8514fix.fon', 'h8514oem.fon', 'h8514sys.fon', 'HARLOWSI.TTF', 'HARNGTON.TTF', 'HATTEN.TTF', 'HGB1X_CNKI.ttf', 'HGB1_CNKI.ttf', 'HGB2X_CNKI.ttf', 'HGB2_CNKI.ttf', 'HGB3X_CNKI.ttf', 'HGB3_CNKI.ttf', 'HGB4X_CNKI.ttf', 'HGB4_CNKI.ttf', 'HGB5X_CNKI.ttf', 'HGB5_CNKI.ttf', 'HGB6X_CNKI.ttf', 'HGB6_CNKI.ttf', 'HGB7X_CNKI.ttf', 'HGB7_CNKI.ttf', 'HGB8X_CNKI.ttf', 'HGB8_CNKI.ttf', 'HGBD_CNKI.ttf', 'HGBKBX_CNKI.ttf', 'HGBKB_CNKI.ttf', 'HGBKHX_CNKI.ttf', 'HGBKH_CNKI.ttf', 'HGBS1_CNKI.TTF', 'HGBS2_CNKI.TTF', 'HGBS_CNKI.TTF', 'HGBTH_CNKI.TTF', 'HGBTS_CNKI.TTF', 'HGBX_CNKI.ttf', 'HGBZ_CNKI.ttf', 'HGCH_CNKI.TTF', 'HGCUH_CNKI.TTF', 'HGCY_CNKI.TTF', 'HGDBS_CNKI.TTF', 'HGDGY_CNKI.TTF', 'HGDH2_CNKI.TTF', 'HGDH_CNKI.TTF', 'HGDYS_CNKI.TTF', 'HGDY_CNKI.ttf', 'HGF1X_CNKI.ttf', 'HGF1_CNKI.ttf', 'HGF2X_CNKI.ttf', 'HGF2_CNKI.ttf', 'HGF3_CNKI.ttf', 'HGF4X_CNKI.ttf', 'HGF4_CNKI.ttf', 'HGF5X_CNKI.ttf', 'HGF5_CNKI.ttf', 'HGF6X_CNKI.ttf', 'HGF6_CNKI.ttf', 'HGF7X_CNKI.ttf', 'HGF7_CNKI.ttf', 'HGF8_CNKI.ttf', 'HGF9X_CNKI.ttf', 'HGF9_CNKI.ttf', 'HGFS1_CNKI.TTF', 'HGFS2_CNKI.TTF', 'HGFSH_CNKI.TTF', 'HGFS_CNKI.TTF', 'HGFX_CNKI.ttf', 'HGFZ_CNKI.ttf', 'HGGG_CNKI.TTF', 'HGH1X_CNKI.ttf', 'HGH1_CNKI.ttf', 'HGH2X_CNKI.ttf', 'HGH2_CNKI.ttf', 'HGH3X_CNKI.ttf', 'HGH3_CNKI.ttf', 'HGH4X_CNKI.ttf', 'HGH4_CNKI.ttf', 'HGH5X_CNKI.ttf', 'HGH5_CNKI.ttf', 'HGH6X_CNKI.ttf', 'HGH6_CNKI.ttf', 'HGH7X_CNKI.ttf', 'HGH7_CNKI.ttf', 'HGHB_CNKI.TTF', 'HGHD_CNKI.ttf', 'HGHP_CNKI.TTF', 'HGHT1_CNKI.ttf', 'HGHT2_CNKI.ttf', 'HGHUATI_CNKI.ttf', 'HGHX_CNKI.ttf', 'HGHZ_CNKI.ttf', 'HGH_CNKI.TTF', 'HGKT1_CNKI.TTF', 'HGKT2_CNKI.TTF', 'HGKT_CNKI.TTF', 'HGKY_CNKI.ttf', 'HGLB_CNKI.TTF', 'HGLS_CNKI.TTF', 'HGMH_CNKI.TTF', 'HGNBS_CNKI.ttf', 'HGOCR_CNKI.ttf', 'HGPH_CNKI.TTF', 'HGPTY_CNKI.TTF', 'HGSS1_CNKI.TTF', 'HGSS2_CNKI.TTF', 'HGSS_CNKI.TTF', 'HGSXT_CNKI.ttf', 'HGTT_CNKI.ttf', 'HGTX_CNKI.TTF', 'HGWT_CNKI.TTF', 'HGWYS_CNKI.TTF', 'HGX1X_CNKI.ttf', 'HGX1_CNKI.ttf', 'HGXBS_CNKI.TTF', 'HGXC_CNKI.TTF', 'HGXF1_CNKI.ttf', 'HGXFX_CNKI.ttf', 'HGXFZ_CNKI.ttf', 'HGXH1_CNKI.TTF', 'HGXH_CNKI.TTF', 'HGXK_CNKI.TTF', 'HGXL_CNKI.TTF', 'HGXS_CNKI.TTF', 'HGXT_CNKI.ttf', 'HGXY_CNKI.ttf', 'HGY1_CNKI.TTF', 'HGY2_CNKI.TTF', 'HGY3_CNKI.TTF', 'HGY4_CNKI.TTF', 'HGYB_CNKI.ttf', 'HGYT1_CNKI.ttf', 'HGYT2_CNKI.ttf', 'HGYT_CNKI.TTF', 'HGYX_CNKI.TTF', 'HGZCS_CNKI.TTF', 'HGZDX_CNKI.TTF', 'HGZK_CNKI.TTF', 'HGZYT_CNKI.TTF', 'HGZY_CNKI.TTF', 'himalaya.ttf', 'holomdl2.ttf', 'HTOWERT.TTF', 'HTOWERTI.TTF', 'hvgafix.fon', 'hvgasys.fon', 'impact.ttf', 'IMPRISHA.TTF', 'INFROMAN.TTF', 'Inkfree.ttf', 'iqiyi_logov7.ttf', 'ITCBLKAD.TTF', 'ITCEDSCR.TTF', 'ITCKRIST.TTF', 'j8514fix.fon', 'j8514oem.fon', 'j8514sys.fon', 'javatext.ttf', 'JOKERMAN.TTF', 'jsmalle.fon', 'jsmallf.fon', 'JUICE___.TTF', 'jvgafix.fon', 'jvgasys.fon', 'KUNSTLER.TTF', 'LATINWD.TTF', 'LBRITE.TTF', 'LBRITED.TTF', 'LBRITEDI.TTF', 'LBRITEI.TTF', 'LCALLIG.TTF', 'LeelaUIb.ttf', 'LeelawUI.ttf', 'LeelUIsl.ttf', 'LFAX.TTF', 'LFAXD.TTF', 'LFAXDI.TTF', 'LFAXI.TTF', 'LHANDW.TTF', 'LSANS.TTF', 'LSANSD.TTF', 'LSANSDI.TTF', 'LSANSI.TTF', 'LTYPE.TTF', 'LTYPEB.TTF', 'LTYPEBO.TTF', 'LTYPEO.TTF', 'lucon.ttf', 'l_10646.ttf', 'MAGNETOB.TTF', 'MAIAN.TTF', 'malgun.ttf', 'malgunbd.ttf', 'malgunsl.ttf', 'marlett.ttf', 'MATURASC.TTF', 'micross.ttf', 'mingliub.ttc', 'MISTRAL.TTF', 'mmrtext.ttf', 'mmrtextb.ttf', 'MOD20.TTF', 'modern.fon', 'monbaiti.ttf', 'msgothic.ttc', 'msjh.ttc', 'msjhbd.ttc', 'msjhl.ttc', 'msyh.ttc', 'msyhbd.ttc', 'msyhl.ttc', 'msyi.ttf', 'MTCORSVA.TTF', 'MTEXTRA.TTF', 'mvboli.ttf', 'NIAGENG.TTF', 'NIAGSOL.TTF', 'Nirmala.ttf', 'NirmalaB.ttf', 'NirmalaS.ttf', 'ntailu.ttf', 'ntailub.ttf', 'NumberOnly.ttf', 'OCRAEXT.TTF', 'OLDENGL.TTF', 'ONYX.TTF', 'OUTLOOK.TTF', 'pala.ttf', 'palab.ttf', 'palabi.ttf', 'palai.ttf', 'PALSCRI.TTF', 'PAPYRUS.TTF', 'PARCHM.TTF', 'PERBI___.TTF', 'PERB____.TTF', 'PERI____.TTF', 'PERTIBD.TTF', 'PERTILI.TTF', 'PER_____.TTF', 'phagspa.ttf', 'phagspab.ttf', 'PLAYBILL.TTF', 'POORICH.TTF', 'PRISTINA.TTF', 'RAGE.TTF', 'RAVIE.TTF', 'REFSAN.TTF', 'REFSPCL.TTF', 'ROCCB___.TTF', 'ROCC____.TTF', 'ROCK.TTF', 'ROCKB.TTF', 'ROCKBI.TTF', 'ROCKEB.TTF', 'ROCKI.TTF', 'roman.fon', 's8514fix.fon', 's8514oem.fon', 's8514sys.fon', 'SCHLBKB.TTF', 'SCHLBKBI.TTF', 'SCHLBKI.TTF', 'script.fon', 'SCRIPTBL.TTF', 'segmdl2.ttf', 'SegoeIcons.ttf', 'segoepr.ttf', 'segoeprb.ttf', 'segoesc.ttf', 'segoescb.ttf', 'segoeui.ttf', 'segoeuib.ttf', 'segoeuii.ttf', 'segoeuil.ttf', 'segoeuisl.ttf', 'segoeuiz.ttf', 'seguibl.ttf', 'seguibli.ttf', 'seguiemj.ttf', 'seguihis.ttf', 'seguili.ttf', 'seguisb.ttf', 'seguisbi.ttf', 'seguisli.ttf', 'seguisym.ttf', 'SegUIVar.ttf', 'sere1255.fon', 'sere1256.fon', 'sere1257.fon', 'serf1255.fon', 'serf1256.fon', 'serf1257.fon', 'serife.fon', 'serifee.fon', 'serifeg.fon', 'serifer.fon', 'serifet.fon', 'seriff.fon', 'seriffe.fon', 'seriffg.fon', 'seriffr.fon', 'serifft.fon', 'SHOWG.TTF', 'simfang.ttf', 'simhei.ttf', 'simkai.ttf', 'SIMLI.TTF', 'simsun.ttc', 'simsunb.ttf', 'SIMYOU.TTF', 'SitkaVF-Italic.ttf', 'SitkaVF.ttf', 'smae1255.fon', 'smae1256.fon', 'smae1257.fon', 'smaf1255.fon', 'smaf1256.fon', 'smaf1257.fon', 'smalle.fon', 'smallee.fon', 'smalleg.fon', 'smaller.fon', 'smallet.fon', 'smallf.fon', 'smallfe.fon', 'smallfg.fon', 'smallfr.fon', 'smallft.fon', 'SNAP____.TTF', 'ssee1255.fon', 'ssee1256.fon', 'ssee1257.fon', 'ssee874.fon', 'ssef1255.fon', 'ssef1256.fon', 'ssef1257.fon', 'ssef874.fon', 'sserife.fon', 'sserifee.fon', 'sserifeg.fon', 'sserifer.fon', 'sserifet.fon', 'sseriff.fon', 'sseriffe.fon', 'sseriffg.fon', 'sseriffr.fon', 'sserifft.fon', 'StaticCache.dat', 'STCAIYUN.TTF', 'STENCIL.TTF', 'STFANGSO.TTF', 'STHUPO.TTF', 'STKAITI.TTF', 'STLITI.TTF', 'STSONG.TTF', 'STXIHEI.TTF', 'STXINGKA.TTF', 'STXINWEI.TTF', 'STZHONGS.TTF', 'svgafix.fon', 'svgasys.fon', 'sylfaen.ttf', 'symbol.ttf', 'tahoma.ttf', 'tahomabd.ttf', 'taile.ttf', 'taileb.ttf', 'TCBI____.TTF', 'TCB_____.TTF', 'TCCB____.TTF', 'TCCEB.TTF', 'TCCM____.TTF', 'TCMI____.TTF', 'TCM_____.TTF', 'TEMPSITC.TTF', 'times.ttf', 'timesbd.ttf', 'timesbi.ttf', 'timesi.ttf', 'trebuc.ttf', 'trebucbd.ttf', 'trebucbi.ttf', 'trebucit.ttf', 'verdana.ttf', 'verdanab.ttf', 'verdanai.ttf', 'verdanaz.ttf', 'vga737.fon', 'vga775.fon', 'vga850.fon', 'vga852.fon', 'vga855.fon', 'vga857.fon', 'vga860.fon', 'vga861.fon', 'vga863.fon', 'vga865.fon', 'vga866.fon', 'vga869.fon', 'vga932.fon', 'vga936.fon', 'vga949.fon', 'vga950.fon', 'vgaf1255.fon', 'vgaf1256.fon', 'vgaf1257.fon', 'vgaf874.fon', 'vgafix.fon', 'vgafixe.fon', 'vgafixg.fon', 'vgafixr.fon', 'vgafixt.fon', 'vgaoem.fon', 'vgas1255.fon', 'vgas1256.fon', 'vgas1257.fon', 'vgas874.fon', 'vgasys.fon', 'vgasyse.fon', 'vgasysg.fon', 'vgasysr.fon', 'vgasyst.fon', 'VINERITC.TTF', 'VIVALDII.TTF', 'VLADIMIR.TTF', 'webdings.ttf', 'wingding.ttf', 'WINGDNG2.TTF', 'WINGDNG3.TTF', 'YuGothB.ttc', 'YuGothL.ttc', 'YuGothM.ttc', 'YuGothR.ttc', '\u534e\u5eb7\u65b9\u5706\u4f53W7.TTC', '\u65b9\u6b63\u7c97\u9ed1\u5b8b\u7b80\u4f53.ttf']
2023-09-27 15:56:32,197 - INFO - all fonts installed:['8514fix.fon', '8514fixe.fon', '8514fixg.fon', '8514fixr.fon', '8514fixt.fon', '8514oem.fon', '8514oeme.fon', '8514oemg.fon', '8514oemr.fon', '8514oemt.fon', '8514sys.fon', '8514syse.fon', '8514sysg.fon', '8514sysr.fon', '8514syst.fon', '85775.fon', '85855.fon', '85f1255.fon', '85f1256.fon', '85f1257.fon', '85f874.fon', '85s1255.fon', '85s1256.fon', '85s1257.fon', '85s874.fon', 'AGENCYB.TTF', 'AGENCYR.TTF', 'ALGER.TTF', 'ANTQUAB.TTF', 'ANTQUABI.TTF', 'ANTQUAI.TTF', 'app775.fon', 'app850.fon', 'app852.fon', 'app855.fon', 'app857.fon', 'app866.fon', 'app932.fon', 'app936.fon', 'app949.fon', 'app950.fon', 'arial.ttf', 'arialbd.ttf', 'arialbi.ttf', 'ariali.ttf', 'ARIALN.TTF', 'ARIALNB.TTF', 'ARIALNBI.TTF', 'ARIALNI.TTF', 'ariblk.ttf', 'ARLRDBD.TTF', 'AxureHandwriting-Bold.otf', 'AxureHandwriting-BoldItalic.otf', 'AxureHandwriting-Italic.otf', 'AxureHandwriting.otf', 'bahnschrift.ttf', 'BASKVILL.TTF', 'BAUHS93.TTF', 'BELL.TTF', 'BELLB.TTF', 'BELLI.TTF', 'BERNHC.TTF', 'BKANT.TTF', 'BOD_B.TTF', 'BOD_BI.TTF', 'BOD_BLAI.TTF', 'BOD_BLAR.TTF', 'BOD_CB.TTF', 'BOD_CBI.TTF', 'BOD_CI.TTF', 'BOD_CR.TTF', 'BOD_I.TTF', 'BOD_PSTC.TTF', 'BOD_R.TTF', 'BOOKOS.TTF', 'BOOKOSB.TTF', 'BOOKOSBI.TTF', 'BOOKOSI.TTF', 'BRADHITC.TTF', 'BRITANIC.TTF', 'BRLNSB.TTF', 'BRLNSDB.TTF', 'BRLNSR.TTF', 'BROADW.TTF', 'BRUSHSCI.TTF', 'BSSYM7.TTF', 'c8514fix.fon', 'c8514oem.fon', 'c8514sys.fon', 'calibri.ttf', 'calibrib.ttf', 'calibrii.ttf', 'calibril.ttf', 'calibrili.ttf', 'calibriz.ttf', 'CALIFB.TTF', 'CALIFI.TTF', 'CALIFR.TTF', 'CALIST.TTF', 'CALISTB.TTF', 'CALISTBI.TTF', 'CALISTI.TTF', 'cambria.ttc', 'cambriab.ttf', 'cambriai.ttf', 'cambriaz.ttf', 'Candara.ttf', 'Candarab.ttf', 'Candarai.ttf', 'Candaral.ttf', 'Candarali.ttf', 'Candaraz.ttf', 'CascadiaCode.ttf', 'CascadiaMono.ttf', 'CASTELAR.TTF', 'CENSCBK.TTF', 'CENTAUR.TTF', 'CENTURY.TTF', 'cga40737.fon', 'cga40850.fon', 'cga40852.fon', 'cga40857.fon', 'cga40866.fon', 'cga40869.fon', 'cga40woa.fon', 'cga80737.fon', 'cga80850.fon', 'cga80852.fon', 'cga80857.fon', 'cga80866.fon', 'cga80869.fon', 'cga80woa.fon', 'CHILLER.TTF', 'COLONNA.TTF', 'comic.ttf', 'comicbd.ttf', 'comici.ttf', 'comicz.ttf', 'consola.ttf', 'consolab.ttf', 'consolai.ttf', 'consolaz.ttf', 'constan.ttf', 'constanb.ttf', 'constani.ttf', 'constanz.ttf', 'COOPBL.TTF', 'COPRGTB.TTF', 'COPRGTL.TTF', 'corbel.ttf', 'corbelb.ttf', 'corbeli.ttf', 'corbell.ttf', 'corbelli.ttf', 'corbelz.ttf', 'coue1255.fon', 'coue1256.fon', 'coue1257.fon', 'couf1255.fon', 'couf1256.fon', 'couf1257.fon', 'cour.ttf', 'courbd.ttf', 'courbi.ttf', 'coure.fon', 'couree.fon', 'coureg.fon', 'courer.fon', 'couret.fon', 'courf.fon', 'courfe.fon', 'courfg.fon', 'courfr.fon', 'courft.fon', 'couri.ttf', 'CURLZ___.TTF', 'cvgafix.fon', 'cvgasys.fon', 'Deng.ttf', 'Dengb.ttf', 'Dengl.ttf', 'desktop.ini', 'dos737.fon', 'dos869.fon', 'dosapp.fon', 'DUBAI-BOLD.TTF', 'DUBAI-LIGHT.TTF', 'DUBAI-MEDIUM.TTF', 'DUBAI-REGULAR.TTF', 'ebrima.ttf', 'ebrimabd.ttf', 'ega40737.fon', 'ega40850.fon', 'ega40852.fon', 'ega40857.fon', 'ega40866.fon', 'ega40869.fon', 'ega40woa.fon', 'ega80737.fon', 'ega80850.fon', 'ega80852.fon', 'ega80857.fon', 'ega80866.fon', 'ega80869.fon', 'ega80woa.fon', 'ELEPHNT.TTF', 'ELEPHNTI.TTF', 'ENGR.TTF', 'ERASBD.TTF', 'ERASDEMI.TTF', 'ERASLGHT.TTF', 'ERASMD.TTF', 'FELIXTI.TTF', 'fms_metadata.xml', 'FORTE.TTF', 'FRABK.TTF', 'FRABKIT.TTF', 'FRADM.TTF', 'FRADMCN.TTF', 'FRADMIT.TTF', 'FRAHV.TTF', 'FRAHVIT.TTF', 'framd.ttf', 'FRAMDCN.TTF', 'framdit.ttf', 'FREESCPT.TTF', 'FRSCRIPT.TTF', 'FTLTLT.TTF', 'FZSTK.TTF', 'FZYTK.TTF', 'Gabriola.ttf', 'gadugi.ttf', 'gadugib.ttf', 'GARA.TTF', 'GARABD.TTF', 'GARAIT.TTF', 'georgia.ttf', 'georgiab.ttf', 'georgiai.ttf', 'georgiaz.ttf', 'GIGI.TTF', 'GILBI___.TTF', 'GILB____.TTF', 'GILC____.TTF', 'GILI____.TTF', 'GILLUBCD.TTF', 'GILSANUB.TTF', 'GIL_____.TTF', 'GLECB.TTF', 'GlobalMonospace.CompositeFont', 'GlobalSansSerif.CompositeFont', 'GlobalSerif.CompositeFont', 'GlobalUserInterface.CompositeFont', 'GLSNECB.TTF', 'GOTHIC.TTF', 'GOTHICB.TTF', 'GOTHICBI.TTF', 'GOTHICI.TTF', 'GOUDOS.TTF', 'GOUDOSB.TTF', 'GOUDOSI.TTF', 'GOUDYSTO.TTF', 'h8514fix.fon', 'h8514oem.fon', 'h8514sys.fon', 'HARLOWSI.TTF', 'HARNGTON.TTF', 'HATTEN.TTF', 'HGB1X_CNKI.ttf', 'HGB1_CNKI.ttf', 'HGB2X_CNKI.ttf', 'HGB2_CNKI.ttf', 'HGB3X_CNKI.ttf', 'HGB3_CNKI.ttf', 'HGB4X_CNKI.ttf', 'HGB4_CNKI.ttf', 'HGB5X_CNKI.ttf', 'HGB5_CNKI.ttf', 'HGB6X_CNKI.ttf', 'HGB6_CNKI.ttf', 'HGB7X_CNKI.ttf', 'HGB7_CNKI.ttf', 'HGB8X_CNKI.ttf', 'HGB8_CNKI.ttf', 'HGBD_CNKI.ttf', 'HGBKBX_CNKI.ttf', 'HGBKB_CNKI.ttf', 'HGBKHX_CNKI.ttf', 'HGBKH_CNKI.ttf', 'HGBS1_CNKI.TTF', 'HGBS2_CNKI.TTF', 'HGBS_CNKI.TTF', 'HGBTH_CNKI.TTF', 'HGBTS_CNKI.TTF', 'HGBX_CNKI.ttf', 'HGBZ_CNKI.ttf', 'HGCH_CNKI.TTF', 'HGCUH_CNKI.TTF', 'HGCY_CNKI.TTF', 'HGDBS_CNKI.TTF', 'HGDGY_CNKI.TTF', 'HGDH2_CNKI.TTF', 'HGDH_CNKI.TTF', 'HGDYS_CNKI.TTF', 'HGDY_CNKI.ttf', 'HGF1X_CNKI.ttf', 'HGF1_CNKI.ttf', 'HGF2X_CNKI.ttf', 'HGF2_CNKI.ttf', 'HGF3_CNKI.ttf', 'HGF4X_CNKI.ttf', 'HGF4_CNKI.ttf', 'HGF5X_CNKI.ttf', 'HGF5_CNKI.ttf', 'HGF6X_CNKI.ttf', 'HGF6_CNKI.ttf', 'HGF7X_CNKI.ttf', 'HGF7_CNKI.ttf', 'HGF8_CNKI.ttf', 'HGF9X_CNKI.ttf', 'HGF9_CNKI.ttf', 'HGFS1_CNKI.TTF', 'HGFS2_CNKI.TTF', 'HGFSH_CNKI.TTF', 'HGFS_CNKI.TTF', 'HGFX_CNKI.ttf', 'HGFZ_CNKI.ttf', 'HGGG_CNKI.TTF', 'HGH1X_CNKI.ttf', 'HGH1_CNKI.ttf', 'HGH2X_CNKI.ttf', 'HGH2_CNKI.ttf', 'HGH3X_CNKI.ttf', 'HGH3_CNKI.ttf', 'HGH4X_CNKI.ttf', 'HGH4_CNKI.ttf', 'HGH5X_CNKI.ttf', 'HGH5_CNKI.ttf', 'HGH6X_CNKI.ttf', 'HGH6_CNKI.ttf', 'HGH7X_CNKI.ttf', 'HGH7_CNKI.ttf', 'HGHB_CNKI.TTF', 'HGHD_CNKI.ttf', 'HGHP_CNKI.TTF', 'HGHT1_CNKI.ttf', 'HGHT2_CNKI.ttf', 'HGHUATI_CNKI.ttf', 'HGHX_CNKI.ttf', 'HGHZ_CNKI.ttf', 'HGH_CNKI.TTF', 'HGKT1_CNKI.TTF', 'HGKT2_CNKI.TTF', 'HGKT_CNKI.TTF', 'HGKY_CNKI.ttf', 'HGLB_CNKI.TTF', 'HGLS_CNKI.TTF', 'HGMH_CNKI.TTF', 'HGNBS_CNKI.ttf', 'HGOCR_CNKI.ttf', 'HGPH_CNKI.TTF', 'HGPTY_CNKI.TTF', 'HGSS1_CNKI.TTF', 'HGSS2_CNKI.TTF', 'HGSS_CNKI.TTF', 'HGSXT_CNKI.ttf', 'HGTT_CNKI.ttf', 'HGTX_CNKI.TTF', 'HGWT_CNKI.TTF', 'HGWYS_CNKI.TTF', 'HGX1X_CNKI.ttf', 'HGX1_CNKI.ttf', 'HGXBS_CNKI.TTF', 'HGXC_CNKI.TTF', 'HGXF1_CNKI.ttf', 'HGXFX_CNKI.ttf', 'HGXFZ_CNKI.ttf', 'HGXH1_CNKI.TTF', 'HGXH_CNKI.TTF', 'HGXK_CNKI.TTF', 'HGXL_CNKI.TTF', 'HGXS_CNKI.TTF', 'HGXT_CNKI.ttf', 'HGXY_CNKI.ttf', 'HGY1_CNKI.TTF', 'HGY2_CNKI.TTF', 'HGY3_CNKI.TTF', 'HGY4_CNKI.TTF', 'HGYB_CNKI.ttf', 'HGYT1_CNKI.ttf', 'HGYT2_CNKI.ttf', 'HGYT_CNKI.TTF', 'HGYX_CNKI.TTF', 'HGZCS_CNKI.TTF', 'HGZDX_CNKI.TTF', 'HGZK_CNKI.TTF', 'HGZYT_CNKI.TTF', 'HGZY_CNKI.TTF', 'himalaya.ttf', 'holomdl2.ttf', 'HTOWERT.TTF', 'HTOWERTI.TTF', 'hvgafix.fon', 'hvgasys.fon', 'impact.ttf', 'IMPRISHA.TTF', 'INFROMAN.TTF', 'Inkfree.ttf', 'iqiyi_logov7.ttf', 'ITCBLKAD.TTF', 'ITCEDSCR.TTF', 'ITCKRIST.TTF', 'j8514fix.fon', 'j8514oem.fon', 'j8514sys.fon', 'javatext.ttf', 'JOKERMAN.TTF', 'jsmalle.fon', 'jsmallf.fon', 'JUICE___.TTF', 'jvgafix.fon', 'jvgasys.fon', 'KUNSTLER.TTF', 'LATINWD.TTF', 'LBRITE.TTF', 'LBRITED.TTF', 'LBRITEDI.TTF', 'LBRITEI.TTF', 'LCALLIG.TTF', 'LeelaUIb.ttf', 'LeelawUI.ttf', 'LeelUIsl.ttf', 'LFAX.TTF', 'LFAXD.TTF', 'LFAXDI.TTF', 'LFAXI.TTF', 'LHANDW.TTF', 'LSANS.TTF', 'LSANSD.TTF', 'LSANSDI.TTF', 'LSANSI.TTF', 'LTYPE.TTF', 'LTYPEB.TTF', 'LTYPEBO.TTF', 'LTYPEO.TTF', 'lucon.ttf', 'l_10646.ttf', 'MAGNETOB.TTF', 'MAIAN.TTF', 'malgun.ttf', 'malgunbd.ttf', 'malgunsl.ttf', 'marlett.ttf', 'MATURASC.TTF', 'micross.ttf', 'mingliub.ttc', 'MISTRAL.TTF', 'mmrtext.ttf', 'mmrtextb.ttf', 'MOD20.TTF', 'modern.fon', 'monbaiti.ttf', 'msgothic.ttc', 'msjh.ttc', 'msjhbd.ttc', 'msjhl.ttc', 'msyh.ttc', 'msyhbd.ttc', 'msyhl.ttc', 'msyi.ttf', 'MTCORSVA.TTF', 'MTEXTRA.TTF', 'mvboli.ttf', 'NIAGENG.TTF', 'NIAGSOL.TTF', 'Nirmala.ttf', 'NirmalaB.ttf', 'NirmalaS.ttf', 'ntailu.ttf', 'ntailub.ttf', 'NumberOnly.ttf', 'OCRAEXT.TTF', 'OLDENGL.TTF', 'ONYX.TTF', 'OUTLOOK.TTF', 'pala.ttf', 'palab.ttf', 'palabi.ttf', 'palai.ttf', 'PALSCRI.TTF', 'PAPYRUS.TTF', 'PARCHM.TTF', 'PERBI___.TTF', 'PERB____.TTF', 'PERI____.TTF', 'PERTIBD.TTF', 'PERTILI.TTF', 'PER_____.TTF', 'phagspa.ttf', 'phagspab.ttf', 'PLAYBILL.TTF', 'POORICH.TTF', 'PRISTINA.TTF', 'RAGE.TTF', 'RAVIE.TTF', 'REFSAN.TTF', 'REFSPCL.TTF', 'ROCCB___.TTF', 'ROCC____.TTF', 'ROCK.TTF', 'ROCKB.TTF', 'ROCKBI.TTF', 'ROCKEB.TTF', 'ROCKI.TTF', 'roman.fon', 's8514fix.fon', 's8514oem.fon', 's8514sys.fon', 'SCHLBKB.TTF', 'SCHLBKBI.TTF', 'SCHLBKI.TTF', 'script.fon', 'SCRIPTBL.TTF', 'segmdl2.ttf', 'SegoeIcons.ttf', 'segoepr.ttf', 'segoeprb.ttf', 'segoesc.ttf', 'segoescb.ttf', 'segoeui.ttf', 'segoeuib.ttf', 'segoeuii.ttf', 'segoeuil.ttf', 'segoeuisl.ttf', 'segoeuiz.ttf', 'seguibl.ttf', 'seguibli.ttf', 'seguiemj.ttf', 'seguihis.ttf', 'seguili.ttf', 'seguisb.ttf', 'seguisbi.ttf', 'seguisli.ttf', 'seguisym.ttf', 'SegUIVar.ttf', 'sere1255.fon', 'sere1256.fon', 'sere1257.fon', 'serf1255.fon', 'serf1256.fon', 'serf1257.fon', 'serife.fon', 'serifee.fon', 'serifeg.fon', 'serifer.fon', 'serifet.fon', 'seriff.fon', 'seriffe.fon', 'seriffg.fon', 'seriffr.fon', 'serifft.fon', 'SHOWG.TTF', 'simfang.ttf', 'simhei.ttf', 'simkai.ttf', 'SIMLI.TTF', 'simsun.ttc', 'simsunb.ttf', 'SIMYOU.TTF', 'SitkaVF-Italic.ttf', 'SitkaVF.ttf', 'smae1255.fon', 'smae1256.fon', 'smae1257.fon', 'smaf1255.fon', 'smaf1256.fon', 'smaf1257.fon', 'smalle.fon', 'smallee.fon', 'smalleg.fon', 'smaller.fon', 'smallet.fon', 'smallf.fon', 'smallfe.fon', 'smallfg.fon', 'smallfr.fon', 'smallft.fon', 'SNAP____.TTF', 'ssee1255.fon', 'ssee1256.fon', 'ssee1257.fon', 'ssee874.fon', 'ssef1255.fon', 'ssef1256.fon', 'ssef1257.fon', 'ssef874.fon', 'sserife.fon', 'sserifee.fon', 'sserifeg.fon', 'sserifer.fon', 'sserifet.fon', 'sseriff.fon', 'sseriffe.fon', 'sseriffg.fon', 'sseriffr.fon', 'sserifft.fon', 'StaticCache.dat', 'STCAIYUN.TTF', 'STENCIL.TTF', 'STFANGSO.TTF', 'STHUPO.TTF', 'STKAITI.TTF', 'STLITI.TTF', 'STSONG.TTF', 'STXIHEI.TTF', 'STXINGKA.TTF', 'STXINWEI.TTF', 'STZHONGS.TTF', 'svgafix.fon', 'svgasys.fon', 'sylfaen.ttf', 'symbol.ttf', 'tahoma.ttf', 'tahomabd.ttf', 'taile.ttf', 'taileb.ttf', 'TCBI____.TTF', 'TCB_____.TTF', 'TCCB____.TTF', 'TCCEB.TTF', 'TCCM____.TTF', 'TCMI____.TTF', 'TCM_____.TTF', 'TEMPSITC.TTF', 'times.ttf', 'timesbd.ttf', 'timesbi.ttf', 'timesi.ttf', 'trebuc.ttf', 'trebucbd.ttf', 'trebucbi.ttf', 'trebucit.ttf', 'verdana.ttf', 'verdanab.ttf', 'verdanai.ttf', 'verdanaz.ttf', 'vga737.fon', 'vga775.fon', 'vga850.fon', 'vga852.fon', 'vga855.fon', 'vga857.fon', 'vga860.fon', 'vga861.fon', 'vga863.fon', 'vga865.fon', 'vga866.fon', 'vga869.fon', 'vga932.fon', 'vga936.fon', 'vga949.fon', 'vga950.fon', 'vgaf1255.fon', 'vgaf1256.fon', 'vgaf1257.fon', 'vgaf874.fon', 'vgafix.fon', 'vgafixe.fon', 'vgafixg.fon', 'vgafixr.fon', 'vgafixt.fon', 'vgaoem.fon', 'vgas1255.fon', 'vgas1256.fon', 'vgas1257.fon', 'vgas874.fon', 'vgasys.fon', 'vgasyse.fon', 'vgasysg.fon', 'vgasysr.fon', 'vgasyst.fon', 'VINERITC.TTF', 'VIVALDII.TTF', 'VLADIMIR.TTF', 'webdings.ttf', 'wingding.ttf', 'WINGDNG2.TTF', 'WINGDNG3.TTF', 'YuGothB.ttc', 'YuGothL.ttc', 'YuGothM.ttc', 'YuGothR.ttc', '\u534e\u5eb7\u65b9\u5706\u4f53W7.TTC', '\u65b9\u6b63\u7c97\u9ed1\u5b8b\u7b80\u4f53.ttf']
2023-09-27 15:56:32,422 - INFO - all fonts installed:['8514fix.fon', '8514fixe.fon', '8514fixg.fon', '8514fixr.fon', '8514fixt.fon', '8514oem.fon', '8514oeme.fon', '8514oemg.fon', '8514oemr.fon', '8514oemt.fon', '8514sys.fon', '8514syse.fon', '8514sysg.fon', '8514sysr.fon', '8514syst.fon', '85775.fon', '85855.fon', '85f1255.fon', '85f1256.fon', '85f1257.fon', '85f874.fon', '85s1255.fon', '85s1256.fon', '85s1257.fon', '85s874.fon', 'AGENCYB.TTF', 'AGENCYR.TTF', 'ALGER.TTF', 'ANTQUAB.TTF', 'ANTQUABI.TTF', 'ANTQUAI.TTF', 'app775.fon', 'app850.fon', 'app852.fon', 'app855.fon', 'app857.fon', 'app866.fon', 'app932.fon', 'app936.fon', 'app949.fon', 'app950.fon', 'arial.ttf', 'arialbd.ttf', 'arialbi.ttf', 'ariali.ttf', 'ARIALN.TTF', 'ARIALNB.TTF', 'ARIALNBI.TTF', 'ARIALNI.TTF', 'ariblk.ttf', 'ARLRDBD.TTF', 'AxureHandwriting-Bold.otf', 'AxureHandwriting-BoldItalic.otf', 'AxureHandwriting-Italic.otf', 'AxureHandwriting.otf', 'bahnschrift.ttf', 'BASKVILL.TTF', 'BAUHS93.TTF', 'BELL.TTF', 'BELLB.TTF', 'BELLI.TTF', 'BERNHC.TTF', 'BKANT.TTF', 'BOD_B.TTF', 'BOD_BI.TTF', 'BOD_BLAI.TTF', 'BOD_BLAR.TTF', 'BOD_CB.TTF', 'BOD_CBI.TTF', 'BOD_CI.TTF', 'BOD_CR.TTF', 'BOD_I.TTF', 'BOD_PSTC.TTF', 'BOD_R.TTF', 'BOOKOS.TTF', 'BOOKOSB.TTF', 'BOOKOSBI.TTF', 'BOOKOSI.TTF', 'BRADHITC.TTF', 'BRITANIC.TTF', 'BRLNSB.TTF', 'BRLNSDB.TTF', 'BRLNSR.TTF', 'BROADW.TTF', 'BRUSHSCI.TTF', 'BSSYM7.TTF', 'c8514fix.fon', 'c8514oem.fon', 'c8514sys.fon', 'calibri.ttf', 'calibrib.ttf', 'calibrii.ttf', 'calibril.ttf', 'calibrili.ttf', 'calibriz.ttf', 'CALIFB.TTF', 'CALIFI.TTF', 'CALIFR.TTF', 'CALIST.TTF', 'CALISTB.TTF', 'CALISTBI.TTF', 'CALISTI.TTF', 'cambria.ttc', 'cambriab.ttf', 'cambriai.ttf', 'cambriaz.ttf', 'Candara.ttf', 'Candarab.ttf', 'Candarai.ttf', 'Candaral.ttf', 'Candarali.ttf', 'Candaraz.ttf', 'CascadiaCode.ttf', 'CascadiaMono.ttf', 'CASTELAR.TTF', 'CENSCBK.TTF', 'CENTAUR.TTF', 'CENTURY.TTF', 'cga40737.fon', 'cga40850.fon', 'cga40852.fon', 'cga40857.fon', 'cga40866.fon', 'cga40869.fon', 'cga40woa.fon', 'cga80737.fon', 'cga80850.fon', 'cga80852.fon', 'cga80857.fon', 'cga80866.fon', 'cga80869.fon', 'cga80woa.fon', 'CHILLER.TTF', 'COLONNA.TTF', 'comic.ttf', 'comicbd.ttf', 'comici.ttf', 'comicz.ttf', 'consola.ttf', 'consolab.ttf', 'consolai.ttf', 'consolaz.ttf', 'constan.ttf', 'constanb.ttf', 'constani.ttf', 'constanz.ttf', 'COOPBL.TTF', 'COPRGTB.TTF', 'COPRGTL.TTF', 'corbel.ttf', 'corbelb.ttf', 'corbeli.ttf', 'corbell.ttf', 'corbelli.ttf', 'corbelz.ttf', 'coue1255.fon', 'coue1256.fon', 'coue1257.fon', 'couf1255.fon', 'couf1256.fon', 'couf1257.fon', 'cour.ttf', 'courbd.ttf', 'courbi.ttf', 'coure.fon', 'couree.fon', 'coureg.fon', 'courer.fon', 'couret.fon', 'courf.fon', 'courfe.fon', 'courfg.fon', 'courfr.fon', 'courft.fon', 'couri.ttf', 'CURLZ___.TTF', 'cvgafix.fon', 'cvgasys.fon', 'Deng.ttf', 'Dengb.ttf', 'Dengl.ttf', 'desktop.ini', 'dos737.fon', 'dos869.fon', 'dosapp.fon', 'DUBAI-BOLD.TTF', 'DUBAI-LIGHT.TTF', 'DUBAI-MEDIUM.TTF', 'DUBAI-REGULAR.TTF', 'ebrima.ttf', 'ebrimabd.ttf', 'ega40737.fon', 'ega40850.fon', 'ega40852.fon', 'ega40857.fon', 'ega40866.fon', 'ega40869.fon', 'ega40woa.fon', 'ega80737.fon', 'ega80850.fon', 'ega80852.fon', 'ega80857.fon', 'ega80866.fon', 'ega80869.fon', 'ega80woa.fon', 'ELEPHNT.TTF', 'ELEPHNTI.TTF', 'ENGR.TTF', 'ERASBD.TTF', 'ERASDEMI.TTF', 'ERASLGHT.TTF', 'ERASMD.TTF', 'FELIXTI.TTF', 'fms_metadata.xml', 'FORTE.TTF', 'FRABK.TTF', 'FRABKIT.TTF', 'FRADM.TTF', 'FRADMCN.TTF', 'FRADMIT.TTF', 'FRAHV.TTF', 'FRAHVIT.TTF', 'framd.ttf', 'FRAMDCN.TTF', 'framdit.ttf', 'FREESCPT.TTF', 'FRSCRIPT.TTF', 'FTLTLT.TTF', 'FZSTK.TTF', 'FZYTK.TTF', 'Gabriola.ttf', 'gadugi.ttf', 'gadugib.ttf', 'GARA.TTF', 'GARABD.TTF', 'GARAIT.TTF', 'georgia.ttf', 'georgiab.ttf', 'georgiai.ttf', 'georgiaz.ttf', 'GIGI.TTF', 'GILBI___.TTF', 'GILB____.TTF', 'GILC____.TTF', 'GILI____.TTF', 'GILLUBCD.TTF', 'GILSANUB.TTF', 'GIL_____.TTF', 'GLECB.TTF', 'GlobalMonospace.CompositeFont', 'GlobalSansSerif.CompositeFont', 'GlobalSerif.CompositeFont', 'GlobalUserInterface.CompositeFont', 'GLSNECB.TTF', 'GOTHIC.TTF', 'GOTHICB.TTF', 'GOTHICBI.TTF', 'GOTHICI.TTF', 'GOUDOS.TTF', 'GOUDOSB.TTF', 'GOUDOSI.TTF', 'GOUDYSTO.TTF', 'h8514fix.fon', 'h8514oem.fon', 'h8514sys.fon', 'HARLOWSI.TTF', 'HARNGTON.TTF', 'HATTEN.TTF', 'HGB1X_CNKI.ttf', 'HGB1_CNKI.ttf', 'HGB2X_CNKI.ttf', 'HGB2_CNKI.ttf', 'HGB3X_CNKI.ttf', 'HGB3_CNKI.ttf', 'HGB4X_CNKI.ttf', 'HGB4_CNKI.ttf', 'HGB5X_CNKI.ttf', 'HGB5_CNKI.ttf', 'HGB6X_CNKI.ttf', 'HGB6_CNKI.ttf', 'HGB7X_CNKI.ttf', 'HGB7_CNKI.ttf', 'HGB8X_CNKI.ttf', 'HGB8_CNKI.ttf', 'HGBD_CNKI.ttf', 'HGBKBX_CNKI.ttf', 'HGBKB_CNKI.ttf', 'HGBKHX_CNKI.ttf', 'HGBKH_CNKI.ttf', 'HGBS1_CNKI.TTF', 'HGBS2_CNKI.TTF', 'HGBS_CNKI.TTF', 'HGBTH_CNKI.TTF', 'HGBTS_CNKI.TTF', 'HGBX_CNKI.ttf', 'HGBZ_CNKI.ttf', 'HGCH_CNKI.TTF', 'HGCUH_CNKI.TTF', 'HGCY_CNKI.TTF', 'HGDBS_CNKI.TTF', 'HGDGY_CNKI.TTF', 'HGDH2_CNKI.TTF', 'HGDH_CNKI.TTF', 'HGDYS_CNKI.TTF', 'HGDY_CNKI.ttf', 'HGF1X_CNKI.ttf', 'HGF1_CNKI.ttf', 'HGF2X_CNKI.ttf', 'HGF2_CNKI.ttf', 'HGF3_CNKI.ttf', 'HGF4X_CNKI.ttf', 'HGF4_CNKI.ttf', 'HGF5X_CNKI.ttf', 'HGF5_CNKI.ttf', 'HGF6X_CNKI.ttf', 'HGF6_CNKI.ttf', 'HGF7X_CNKI.ttf', 'HGF7_CNKI.ttf', 'HGF8_CNKI.ttf', 'HGF9X_CNKI.ttf', 'HGF9_CNKI.ttf', 'HGFS1_CNKI.TTF', 'HGFS2_CNKI.TTF', 'HGFSH_CNKI.TTF', 'HGFS_CNKI.TTF', 'HGFX_CNKI.ttf', 'HGFZ_CNKI.ttf', 'HGGG_CNKI.TTF', 'HGH1X_CNKI.ttf', 'HGH1_CNKI.ttf', 'HGH2X_CNKI.ttf', 'HGH2_CNKI.ttf', 'HGH3X_CNKI.ttf', 'HGH3_CNKI.ttf', 'HGH4X_CNKI.ttf', 'HGH4_CNKI.ttf', 'HGH5X_CNKI.ttf', 'HGH5_CNKI.ttf', 'HGH6X_CNKI.ttf', 'HGH6_CNKI.ttf', 'HGH7X_CNKI.ttf', 'HGH7_CNKI.ttf', 'HGHB_CNKI.TTF', 'HGHD_CNKI.ttf', 'HGHP_CNKI.TTF', 'HGHT1_CNKI.ttf', 'HGHT2_CNKI.ttf', 'HGHUATI_CNKI.ttf', 'HGHX_CNKI.ttf', 'HGHZ_CNKI.ttf', 'HGH_CNKI.TTF', 'HGKT1_CNKI.TTF', 'HGKT2_CNKI.TTF', 'HGKT_CNKI.TTF', 'HGKY_CNKI.ttf', 'HGLB_CNKI.TTF', 'HGLS_CNKI.TTF', 'HGMH_CNKI.TTF', 'HGNBS_CNKI.ttf', 'HGOCR_CNKI.ttf', 'HGPH_CNKI.TTF', 'HGPTY_CNKI.TTF', 'HGSS1_CNKI.TTF', 'HGSS2_CNKI.TTF', 'HGSS_CNKI.TTF', 'HGSXT_CNKI.ttf', 'HGTT_CNKI.ttf', 'HGTX_CNKI.TTF', 'HGWT_CNKI.TTF', 'HGWYS_CNKI.TTF', 'HGX1X_CNKI.ttf', 'HGX1_CNKI.ttf', 'HGXBS_CNKI.TTF', 'HGXC_CNKI.TTF', 'HGXF1_CNKI.ttf', 'HGXFX_CNKI.ttf', 'HGXFZ_CNKI.ttf', 'HGXH1_CNKI.TTF', 'HGXH_CNKI.TTF', 'HGXK_CNKI.TTF', 'HGXL_CNKI.TTF', 'HGXS_CNKI.TTF', 'HGXT_CNKI.ttf', 'HGXY_CNKI.ttf', 'HGY1_CNKI.TTF', 'HGY2_CNKI.TTF', 'HGY3_CNKI.TTF', 'HGY4_CNKI.TTF', 'HGYB_CNKI.ttf', 'HGYT1_CNKI.ttf', 'HGYT2_CNKI.ttf', 'HGYT_CNKI.TTF', 'HGYX_CNKI.TTF', 'HGZCS_CNKI.TTF', 'HGZDX_CNKI.TTF', 'HGZK_CNKI.TTF', 'HGZYT_CNKI.TTF', 'HGZY_CNKI.TTF', 'himalaya.ttf', 'holomdl2.ttf', 'HTOWERT.TTF', 'HTOWERTI.TTF', 'hvgafix.fon', 'hvgasys.fon', 'impact.ttf', 'IMPRISHA.TTF', 'INFROMAN.TTF', 'Inkfree.ttf', 'iqiyi_logov7.ttf', 'ITCBLKAD.TTF', 'ITCEDSCR.TTF', 'ITCKRIST.TTF', 'j8514fix.fon', 'j8514oem.fon', 'j8514sys.fon', 'javatext.ttf', 'JOKERMAN.TTF', 'jsmalle.fon', 'jsmallf.fon', 'JUICE___.TTF', 'jvgafix.fon', 'jvgasys.fon', 'KUNSTLER.TTF', 'LATINWD.TTF', 'LBRITE.TTF', 'LBRITED.TTF', 'LBRITEDI.TTF', 'LBRITEI.TTF', 'LCALLIG.TTF', 'LeelaUIb.ttf', 'LeelawUI.ttf', 'LeelUIsl.ttf', 'LFAX.TTF', 'LFAXD.TTF', 'LFAXDI.TTF', 'LFAXI.TTF', 'LHANDW.TTF', 'LSANS.TTF', 'LSANSD.TTF', 'LSANSDI.TTF', 'LSANSI.TTF', 'LTYPE.TTF', 'LTYPEB.TTF', 'LTYPEBO.TTF', 'LTYPEO.TTF', 'lucon.ttf', 'l_10646.ttf', 'MAGNETOB.TTF', 'MAIAN.TTF', 'malgun.ttf', 'malgunbd.ttf', 'malgunsl.ttf', 'marlett.ttf', 'MATURASC.TTF', 'micross.ttf', 'mingliub.ttc', 'MISTRAL.TTF', 'mmrtext.ttf', 'mmrtextb.ttf', 'MOD20.TTF', 'modern.fon', 'monbaiti.ttf', 'msgothic.ttc', 'msjh.ttc', 'msjhbd.ttc', 'msjhl.ttc', 'msyh.ttc', 'msyhbd.ttc', 'msyhl.ttc', 'msyi.ttf', 'MTCORSVA.TTF', 'MTEXTRA.TTF', 'mvboli.ttf', 'NIAGENG.TTF', 'NIAGSOL.TTF', 'Nirmala.ttf', 'NirmalaB.ttf', 'NirmalaS.ttf', 'ntailu.ttf', 'ntailub.ttf', 'NumberOnly.ttf', 'OCRAEXT.TTF', 'OLDENGL.TTF', 'ONYX.TTF', 'OUTLOOK.TTF', 'pala.ttf', 'palab.ttf', 'palabi.ttf', 'palai.ttf', 'PALSCRI.TTF', 'PAPYRUS.TTF', 'PARCHM.TTF', 'PERBI___.TTF', 'PERB____.TTF', 'PERI____.TTF', 'PERTIBD.TTF', 'PERTILI.TTF', 'PER_____.TTF', 'phagspa.ttf', 'phagspab.ttf', 'PLAYBILL.TTF', 'POORICH.TTF', 'PRISTINA.TTF', 'RAGE.TTF', 'RAVIE.TTF', 'REFSAN.TTF', 'REFSPCL.TTF', 'ROCCB___.TTF', 'ROCC____.TTF', 'ROCK.TTF', 'ROCKB.TTF', 'ROCKBI.TTF', 'ROCKEB.TTF', 'ROCKI.TTF', 'roman.fon', 's8514fix.fon', 's8514oem.fon', 's8514sys.fon', 'SCHLBKB.TTF', 'SCHLBKBI.TTF', 'SCHLBKI.TTF', 'script.fon', 'SCRIPTBL.TTF', 'segmdl2.ttf', 'SegoeIcons.ttf', 'segoepr.ttf', 'segoeprb.ttf', 'segoesc.ttf', 'segoescb.ttf', 'segoeui.ttf', 'segoeuib.ttf', 'segoeuii.ttf', 'segoeuil.ttf', 'segoeuisl.ttf', 'segoeuiz.ttf', 'seguibl.ttf', 'seguibli.ttf', 'seguiemj.ttf', 'seguihis.ttf', 'seguili.ttf', 'seguisb.ttf', 'seguisbi.ttf', 'seguisli.ttf', 'seguisym.ttf', 'SegUIVar.ttf', 'sere1255.fon', 'sere1256.fon', 'sere1257.fon', 'serf1255.fon', 'serf1256.fon', 'serf1257.fon', 'serife.fon', 'serifee.fon', 'serifeg.fon', 'serifer.fon', 'serifet.fon', 'seriff.fon', 'seriffe.fon', 'seriffg.fon', 'seriffr.fon', 'serifft.fon', 'SHOWG.TTF', 'simfang.ttf', 'simhei.ttf', 'simkai.ttf', 'SIMLI.TTF', 'simsun.ttc', 'simsunb.ttf', 'SIMYOU.TTF', 'SitkaVF-Italic.ttf', 'SitkaVF.ttf', 'smae1255.fon', 'smae1256.fon', 'smae1257.fon', 'smaf1255.fon', 'smaf1256.fon', 'smaf1257.fon', 'smalle.fon', 'smallee.fon', 'smalleg.fon', 'smaller.fon', 'smallet.fon', 'smallf.fon', 'smallfe.fon', 'smallfg.fon', 'smallfr.fon', 'smallft.fon', 'SNAP____.TTF', 'ssee1255.fon', 'ssee1256.fon', 'ssee1257.fon', 'ssee874.fon', 'ssef1255.fon', 'ssef1256.fon', 'ssef1257.fon', 'ssef874.fon', 'sserife.fon', 'sserifee.fon', 'sserifeg.fon', 'sserifer.fon', 'sserifet.fon', 'sseriff.fon', 'sseriffe.fon', 'sseriffg.fon', 'sseriffr.fon', 'sserifft.fon', 'StaticCache.dat', 'STCAIYUN.TTF', 'STENCIL.TTF', 'STFANGSO.TTF', 'STHUPO.TTF', 'STKAITI.TTF', 'STLITI.TTF', 'STSONG.TTF', 'STXIHEI.TTF', 'STXINGKA.TTF', 'STXINWEI.TTF', 'STZHONGS.TTF', 'svgafix.fon', 'svgasys.fon', 'sylfaen.ttf', 'symbol.ttf', 'tahoma.ttf', 'tahomabd.ttf', 'taile.ttf', 'taileb.ttf', 'TCBI____.TTF', 'TCB_____.TTF', 'TCCB____.TTF', 'TCCEB.TTF', 'TCCM____.TTF', 'TCMI____.TTF', 'TCM_____.TTF', 'TEMPSITC.TTF', 'times.ttf', 'timesbd.ttf', 'timesbi.ttf', 'timesi.ttf', 'trebuc.ttf', 'trebucbd.ttf', 'trebucbi.ttf', 'trebucit.ttf', 'verdana.ttf', 'verdanab.ttf', 'verdanai.ttf', 'verdanaz.ttf', 'vga737.fon', 'vga775.fon', 'vga850.fon', 'vga852.fon', 'vga855.fon', 'vga857.fon', 'vga860.fon', 'vga861.fon', 'vga863.fon', 'vga865.fon', 'vga866.fon', 'vga869.fon', 'vga932.fon', 'vga936.fon', 'vga949.fon', 'vga950.fon', 'vgaf1255.fon', 'vgaf1256.fon', 'vgaf1257.fon', 'vgaf874.fon', 'vgafix.fon', 'vgafixe.fon', 'vgafixg.fon', 'vgafixr.fon', 'vgafixt.fon', 'vgaoem.fon', 'vgas1255.fon', 'vgas1256.fon', 'vgas1257.fon', 'vgas874.fon', 'vgasys.fon', 'vgasyse.fon', 'vgasysg.fon', 'vgasysr.fon', 'vgasyst.fon', 'VINERITC.TTF', 'VIVALDII.TTF', 'VLADIMIR.TTF', 'webdings.ttf', 'wingding.ttf', 'WINGDNG2.TTF', 'WINGDNG3.TTF', 'YuGothB.ttc', 'YuGothL.ttc', 'YuGothM.ttc', 'YuGothR.ttc', '\u534e\u5eb7\u65b9\u5706\u4f53W7.TTC', '\u65b9\u6b63\u7c97\u9ed1\u5b8b\u7b80\u4f53.ttf']
2023-09-27 15:56:32,427 - INFO - all fonts installed:['8514fix.fon', '8514fixe.fon', '8514fixg.fon', '8514fixr.fon', '8514fixt.fon', '8514oem.fon', '8514oeme.fon', '8514oemg.fon', '8514oemr.fon', '8514oemt.fon', '8514sys.fon', '8514syse.fon', '8514sysg.fon', '8514sysr.fon', '8514syst.fon', '85775.fon', '85855.fon', '85f1255.fon', '85f1256.fon', '85f1257.fon', '85f874.fon', '85s1255.fon', '85s1256.fon', '85s1257.fon', '85s874.fon', 'AGENCYB.TTF', 'AGENCYR.TTF', 'ALGER.TTF', 'ANTQUAB.TTF', 'ANTQUABI.TTF', 'ANTQUAI.TTF', 'app775.fon', 'app850.fon', 'app852.fon', 'app855.fon', 'app857.fon', 'app866.fon', 'app932.fon', 'app936.fon', 'app949.fon', 'app950.fon', 'arial.ttf', 'arialbd.ttf', 'arialbi.ttf', 'ariali.ttf', 'ARIALN.TTF', 'ARIALNB.TTF', 'ARIALNBI.TTF', 'ARIALNI.TTF', 'ariblk.ttf', 'ARLRDBD.TTF', 'AxureHandwriting-Bold.otf', 'AxureHandwriting-BoldItalic.otf', 'AxureHandwriting-Italic.otf', 'AxureHandwriting.otf', 'bahnschrift.ttf', 'BASKVILL.TTF', 'BAUHS93.TTF', 'BELL.TTF', 'BELLB.TTF', 'BELLI.TTF', 'BERNHC.TTF', 'BKANT.TTF', 'BOD_B.TTF', 'BOD_BI.TTF', 'BOD_BLAI.TTF', 'BOD_BLAR.TTF', 'BOD_CB.TTF', 'BOD_CBI.TTF', 'BOD_CI.TTF', 'BOD_CR.TTF', 'BOD_I.TTF', 'BOD_PSTC.TTF', 'BOD_R.TTF', 'BOOKOS.TTF', 'BOOKOSB.TTF', 'BOOKOSBI.TTF', 'BOOKOSI.TTF', 'BRADHITC.TTF', 'BRITANIC.TTF', 'BRLNSB.TTF', 'BRLNSDB.TTF', 'BRLNSR.TTF', 'BROADW.TTF', 'BRUSHSCI.TTF', 'BSSYM7.TTF', 'c8514fix.fon', 'c8514oem.fon', 'c8514sys.fon', 'calibri.ttf', 'calibrib.ttf', 'calibrii.ttf', 'calibril.ttf', 'calibrili.ttf', 'calibriz.ttf', 'CALIFB.TTF', 'CALIFI.TTF', 'CALIFR.TTF', 'CALIST.TTF', 'CALISTB.TTF', 'CALISTBI.TTF', 'CALISTI.TTF', 'cambria.ttc', 'cambriab.ttf', 'cambriai.ttf', 'cambriaz.ttf', 'Candara.ttf', 'Candarab.ttf', 'Candarai.ttf', 'Candaral.ttf', 'Candarali.ttf', 'Candaraz.ttf', 'CascadiaCode.ttf', 'CascadiaMono.ttf', 'CASTELAR.TTF', 'CENSCBK.TTF', 'CENTAUR.TTF', 'CENTURY.TTF', 'cga40737.fon', 'cga40850.fon', 'cga40852.fon', 'cga40857.fon', 'cga40866.fon', 'cga40869.fon', 'cga40woa.fon', 'cga80737.fon', 'cga80850.fon', 'cga80852.fon', 'cga80857.fon', 'cga80866.fon', 'cga80869.fon', 'cga80woa.fon', 'CHILLER.TTF', 'COLONNA.TTF', 'comic.ttf', 'comicbd.ttf', 'comici.ttf', 'comicz.ttf', 'consola.ttf', 'consolab.ttf', 'consolai.ttf', 'consolaz.ttf', 'constan.ttf', 'constanb.ttf', 'constani.ttf', 'constanz.ttf', 'COOPBL.TTF', 'COPRGTB.TTF', 'COPRGTL.TTF', 'corbel.ttf', 'corbelb.ttf', 'corbeli.ttf', 'corbell.ttf', 'corbelli.ttf', 'corbelz.ttf', 'coue1255.fon', 'coue1256.fon', 'coue1257.fon', 'couf1255.fon', 'couf1256.fon', 'couf1257.fon', 'cour.ttf', 'courbd.ttf', 'courbi.ttf', 'coure.fon', 'couree.fon', 'coureg.fon', 'courer.fon', 'couret.fon', 'courf.fon', 'courfe.fon', 'courfg.fon', 'courfr.fon', 'courft.fon', 'couri.ttf', 'CURLZ___.TTF', 'cvgafix.fon', 'cvgasys.fon', 'Deng.ttf', 'Dengb.ttf', 'Dengl.ttf', 'desktop.ini', 'dos737.fon', 'dos869.fon', 'dosapp.fon', 'DUBAI-BOLD.TTF', 'DUBAI-LIGHT.TTF', 'DUBAI-MEDIUM.TTF', 'DUBAI-REGULAR.TTF', 'ebrima.ttf', 'ebrimabd.ttf', 'ega40737.fon', 'ega40850.fon', 'ega40852.fon', 'ega40857.fon', 'ega40866.fon', 'ega40869.fon', 'ega40woa.fon', 'ega80737.fon', 'ega80850.fon', 'ega80852.fon', 'ega80857.fon', 'ega80866.fon', 'ega80869.fon', 'ega80woa.fon', 'ELEPHNT.TTF', 'ELEPHNTI.TTF', 'ENGR.TTF', 'ERASBD.TTF', 'ERASDEMI.TTF', 'ERASLGHT.TTF', 'ERASMD.TTF', 'FELIXTI.TTF', 'fms_metadata.xml', 'FORTE.TTF', 'FRABK.TTF', 'FRABKIT.TTF', 'FRADM.TTF', 'FRADMCN.TTF', 'FRADMIT.TTF', 'FRAHV.TTF', 'FRAHVIT.TTF', 'framd.ttf', 'FRAMDCN.TTF', 'framdit.ttf', 'FREESCPT.TTF', 'FRSCRIPT.TTF', 'FTLTLT.TTF', 'FZSTK.TTF', 'FZYTK.TTF', 'Gabriola.ttf', 'gadugi.ttf', 'gadugib.ttf', 'GARA.TTF', 'GARABD.TTF', 'GARAIT.TTF', 'georgia.ttf', 'georgiab.ttf', 'georgiai.ttf', 'georgiaz.ttf', 'GIGI.TTF', 'GILBI___.TTF', 'GILB____.TTF', 'GILC____.TTF', 'GILI____.TTF', 'GILLUBCD.TTF', 'GILSANUB.TTF', 'GIL_____.TTF', 'GLECB.TTF', 'GlobalMonospace.CompositeFont', 'GlobalSansSerif.CompositeFont', 'GlobalSerif.CompositeFont', 'GlobalUserInterface.CompositeFont', 'GLSNECB.TTF', 'GOTHIC.TTF', 'GOTHICB.TTF', 'GOTHICBI.TTF', 'GOTHICI.TTF', 'GOUDOS.TTF', 'GOUDOSB.TTF', 'GOUDOSI.TTF', 'GOUDYSTO.TTF', 'h8514fix.fon', 'h8514oem.fon', 'h8514sys.fon', 'HARLOWSI.TTF', 'HARNGTON.TTF', 'HATTEN.TTF', 'HGB1X_CNKI.ttf', 'HGB1_CNKI.ttf', 'HGB2X_CNKI.ttf', 'HGB2_CNKI.ttf', 'HGB3X_CNKI.ttf', 'HGB3_CNKI.ttf', 'HGB4X_CNKI.ttf', 'HGB4_CNKI.ttf', 'HGB5X_CNKI.ttf', 'HGB5_CNKI.ttf', 'HGB6X_CNKI.ttf', 'HGB6_CNKI.ttf', 'HGB7X_CNKI.ttf', 'HGB7_CNKI.ttf', 'HGB8X_CNKI.ttf', 'HGB8_CNKI.ttf', 'HGBD_CNKI.ttf', 'HGBKBX_CNKI.ttf', 'HGBKB_CNKI.ttf', 'HGBKHX_CNKI.ttf', 'HGBKH_CNKI.ttf', 'HGBS1_CNKI.TTF', 'HGBS2_CNKI.TTF', 'HGBS_CNKI.TTF', 'HGBTH_CNKI.TTF', 'HGBTS_CNKI.TTF', 'HGBX_CNKI.ttf', 'HGBZ_CNKI.ttf', 'HGCH_CNKI.TTF', 'HGCUH_CNKI.TTF', 'HGCY_CNKI.TTF', 'HGDBS_CNKI.TTF', 'HGDGY_CNKI.TTF', 'HGDH2_CNKI.TTF', 'HGDH_CNKI.TTF', 'HGDYS_CNKI.TTF', 'HGDY_CNKI.ttf', 'HGF1X_CNKI.ttf', 'HGF1_CNKI.ttf', 'HGF2X_CNKI.ttf', 'HGF2_CNKI.ttf', 'HGF3_CNKI.ttf', 'HGF4X_CNKI.ttf', 'HGF4_CNKI.ttf', 'HGF5X_CNKI.ttf', 'HGF5_CNKI.ttf', 'HGF6X_CNKI.ttf', 'HGF6_CNKI.ttf', 'HGF7X_CNKI.ttf', 'HGF7_CNKI.ttf', 'HGF8_CNKI.ttf', 'HGF9X_CNKI.ttf', 'HGF9_CNKI.ttf', 'HGFS1_CNKI.TTF', 'HGFS2_CNKI.TTF', 'HGFSH_CNKI.TTF', 'HGFS_CNKI.TTF', 'HGFX_CNKI.ttf', 'HGFZ_CNKI.ttf', 'HGGG_CNKI.TTF', 'HGH1X_CNKI.ttf', 'HGH1_CNKI.ttf', 'HGH2X_CNKI.ttf', 'HGH2_CNKI.ttf', 'HGH3X_CNKI.ttf', 'HGH3_CNKI.ttf', 'HGH4X_CNKI.ttf', 'HGH4_CNKI.ttf', 'HGH5X_CNKI.ttf', 'HGH5_CNKI.ttf', 'HGH6X_CNKI.ttf', 'HGH6_CNKI.ttf', 'HGH7X_CNKI.ttf', 'HGH7_CNKI.ttf', 'HGHB_CNKI.TTF', 'HGHD_CNKI.ttf', 'HGHP_CNKI.TTF', 'HGHT1_CNKI.ttf', 'HGHT2_CNKI.ttf', 'HGHUATI_CNKI.ttf', 'HGHX_CNKI.ttf', 'HGHZ_CNKI.ttf', 'HGH_CNKI.TTF', 'HGKT1_CNKI.TTF', 'HGKT2_CNKI.TTF', 'HGKT_CNKI.TTF', 'HGKY_CNKI.ttf', 'HGLB_CNKI.TTF', 'HGLS_CNKI.TTF', 'HGMH_CNKI.TTF', 'HGNBS_CNKI.ttf', 'HGOCR_CNKI.ttf', 'HGPH_CNKI.TTF', 'HGPTY_CNKI.TTF', 'HGSS1_CNKI.TTF', 'HGSS2_CNKI.TTF', 'HGSS_CNKI.TTF', 'HGSXT_CNKI.ttf', 'HGTT_CNKI.ttf', 'HGTX_CNKI.TTF', 'HGWT_CNKI.TTF', 'HGWYS_CNKI.TTF', 'HGX1X_CNKI.ttf', 'HGX1_CNKI.ttf', 'HGXBS_CNKI.TTF', 'HGXC_CNKI.TTF', 'HGXF1_CNKI.ttf', 'HGXFX_CNKI.ttf', 'HGXFZ_CNKI.ttf', 'HGXH1_CNKI.TTF', 'HGXH_CNKI.TTF', 'HGXK_CNKI.TTF', 'HGXL_CNKI.TTF', 'HGXS_CNKI.TTF', 'HGXT_CNKI.ttf', 'HGXY_CNKI.ttf', 'HGY1_CNKI.TTF', 'HGY2_CNKI.TTF', 'HGY3_CNKI.TTF', 'HGY4_CNKI.TTF', 'HGYB_CNKI.ttf', 'HGYT1_CNKI.ttf', 'HGYT2_CNKI.ttf', 'HGYT_CNKI.TTF', 'HGYX_CNKI.TTF', 'HGZCS_CNKI.TTF', 'HGZDX_CNKI.TTF', 'HGZK_CNKI.TTF', 'HGZYT_CNKI.TTF', 'HGZY_CNKI.TTF', 'himalaya.ttf', 'holomdl2.ttf', 'HTOWERT.TTF', 'HTOWERTI.TTF', 'hvgafix.fon', 'hvgasys.fon', 'impact.ttf', 'IMPRISHA.TTF', 'INFROMAN.TTF', 'Inkfree.ttf', 'iqiyi_logov7.ttf', 'ITCBLKAD.TTF', 'ITCEDSCR.TTF', 'ITCKRIST.TTF', 'j8514fix.fon', 'j8514oem.fon', 'j8514sys.fon', 'javatext.ttf', 'JOKERMAN.TTF', 'jsmalle.fon', 'jsmallf.fon', 'JUICE___.TTF', 'jvgafix.fon', 'jvgasys.fon', 'KUNSTLER.TTF', 'LATINWD.TTF', 'LBRITE.TTF', 'LBRITED.TTF', 'LBRITEDI.TTF', 'LBRITEI.TTF', 'LCALLIG.TTF', 'LeelaUIb.ttf', 'LeelawUI.ttf', 'LeelUIsl.ttf', 'LFAX.TTF', 'LFAXD.TTF', 'LFAXDI.TTF', 'LFAXI.TTF', 'LHANDW.TTF', 'LSANS.TTF', 'LSANSD.TTF', 'LSANSDI.TTF', 'LSANSI.TTF', 'LTYPE.TTF', 'LTYPEB.TTF', 'LTYPEBO.TTF', 'LTYPEO.TTF', 'lucon.ttf', 'l_10646.ttf', 'MAGNETOB.TTF', 'MAIAN.TTF', 'malgun.ttf', 'malgunbd.ttf', 'malgunsl.ttf', 'marlett.ttf', 'MATURASC.TTF', 'micross.ttf', 'mingliub.ttc', 'MISTRAL.TTF', 'mmrtext.ttf', 'mmrtextb.ttf', 'MOD20.TTF', 'modern.fon', 'monbaiti.ttf', 'msgothic.ttc', 'msjh.ttc', 'msjhbd.ttc', 'msjhl.ttc', 'msyh.ttc', 'msyhbd.ttc', 'msyhl.ttc', 'msyi.ttf', 'MTCORSVA.TTF', 'MTEXTRA.TTF', 'mvboli.ttf', 'NIAGENG.TTF', 'NIAGSOL.TTF', 'Nirmala.ttf', 'NirmalaB.ttf', 'NirmalaS.ttf', 'ntailu.ttf', 'ntailub.ttf', 'NumberOnly.ttf', 'OCRAEXT.TTF', 'OLDENGL.TTF', 'ONYX.TTF', 'OUTLOOK.TTF', 'pala.ttf', 'palab.ttf', 'palabi.ttf', 'palai.ttf', 'PALSCRI.TTF', 'PAPYRUS.TTF', 'PARCHM.TTF', 'PERBI___.TTF', 'PERB____.TTF', 'PERI____.TTF', 'PERTIBD.TTF', 'PERTILI.TTF', 'PER_____.TTF', 'phagspa.ttf', 'phagspab.ttf', 'PLAYBILL.TTF', 'POORICH.TTF', 'PRISTINA.TTF', 'RAGE.TTF', 'RAVIE.TTF', 'REFSAN.TTF', 'REFSPCL.TTF', 'ROCCB___.TTF', 'ROCC____.TTF', 'ROCK.TTF', 'ROCKB.TTF', 'ROCKBI.TTF', 'ROCKEB.TTF', 'ROCKI.TTF', 'roman.fon', 's8514fix.fon', 's8514oem.fon', 's8514sys.fon', 'SCHLBKB.TTF', 'SCHLBKBI.TTF', 'SCHLBKI.TTF', 'script.fon', 'SCRIPTBL.TTF', 'segmdl2.ttf', 'SegoeIcons.ttf', 'segoepr.ttf', 'segoeprb.ttf', 'segoesc.ttf', 'segoescb.ttf', 'segoeui.ttf', 'segoeuib.ttf', 'segoeuii.ttf', 'segoeuil.ttf', 'segoeuisl.ttf', 'segoeuiz.ttf', 'seguibl.ttf', 'seguibli.ttf', 'seguiemj.ttf', 'seguihis.ttf', 'seguili.ttf', 'seguisb.ttf', 'seguisbi.ttf', 'seguisli.ttf', 'seguisym.ttf', 'SegUIVar.ttf', 'sere1255.fon', 'sere1256.fon', 'sere1257.fon', 'serf1255.fon', 'serf1256.fon', 'serf1257.fon', 'serife.fon', 'serifee.fon', 'serifeg.fon', 'serifer.fon', 'serifet.fon', 'seriff.fon', 'seriffe.fon', 'seriffg.fon', 'seriffr.fon', 'serifft.fon', 'SHOWG.TTF', 'simfang.ttf', 'simhei.ttf', 'simkai.ttf', 'SIMLI.TTF', 'simsun.ttc', 'simsunb.ttf', 'SIMYOU.TTF', 'SitkaVF-Italic.ttf', 'SitkaVF.ttf', 'smae1255.fon', 'smae1256.fon', 'smae1257.fon', 'smaf1255.fon', 'smaf1256.fon', 'smaf1257.fon', 'smalle.fon', 'smallee.fon', 'smalleg.fon', 'smaller.fon', 'smallet.fon', 'smallf.fon', 'smallfe.fon', 'smallfg.fon', 'smallfr.fon', 'smallft.fon', 'SNAP____.TTF', 'ssee1255.fon', 'ssee1256.fon', 'ssee1257.fon', 'ssee874.fon', 'ssef1255.fon', 'ssef1256.fon', 'ssef1257.fon', 'ssef874.fon', 'sserife.fon', 'sserifee.fon', 'sserifeg.fon', 'sserifer.fon', 'sserifet.fon', 'sseriff.fon', 'sseriffe.fon', 'sseriffg.fon', 'sseriffr.fon', 'sserifft.fon', 'StaticCache.dat', 'STCAIYUN.TTF', 'STENCIL.TTF', 'STFANGSO.TTF', 'STHUPO.TTF', 'STKAITI.TTF', 'STLITI.TTF', 'STSONG.TTF', 'STXIHEI.TTF', 'STXINGKA.TTF', 'STXINWEI.TTF', 'STZHONGS.TTF', 'svgafix.fon', 'svgasys.fon', 'sylfaen.ttf', 'symbol.ttf', 'tahoma.ttf', 'tahomabd.ttf', 'taile.ttf', 'taileb.ttf', 'TCBI____.TTF', 'TCB_____.TTF', 'TCCB____.TTF', 'TCCEB.TTF', 'TCCM____.TTF', 'TCMI____.TTF', 'TCM_____.TTF', 'TEMPSITC.TTF', 'times.ttf', 'timesbd.ttf', 'timesbi.ttf', 'timesi.ttf', 'trebuc.ttf', 'trebucbd.ttf', 'trebucbi.ttf', 'trebucit.ttf', 'verdana.ttf', 'verdanab.ttf', 'verdanai.ttf', 'verdanaz.ttf', 'vga737.fon', 'vga775.fon', 'vga850.fon', 'vga852.fon', 'vga855.fon', 'vga857.fon', 'vga860.fon', 'vga861.fon', 'vga863.fon', 'vga865.fon', 'vga866.fon', 'vga869.fon', 'vga932.fon', 'vga936.fon', 'vga949.fon', 'vga950.fon', 'vgaf1255.fon', 'vgaf1256.fon', 'vgaf1257.fon', 'vgaf874.fon', 'vgafix.fon', 'vgafixe.fon', 'vgafixg.fon', 'vgafixr.fon', 'vgafixt.fon', 'vgaoem.fon', 'vgas1255.fon', 'vgas1256.fon', 'vgas1257.fon', 'vgas874.fon', 'vgasys.fon', 'vgasyse.fon', 'vgasysg.fon', 'vgasysr.fon', 'vgasyst.fon', 'VINERITC.TTF', 'VIVALDII.TTF', 'VLADIMIR.TTF', 'webdings.ttf', 'wingding.ttf', 'WINGDNG2.TTF', 'WINGDNG3.TTF', 'YuGothB.ttc', 'YuGothL.ttc', 'YuGothM.ttc', 'YuGothR.ttc', '\u534e\u5eb7\u65b9\u5706\u4f53W7.TTC', '\u65b9\u6b63\u7c97\u9ed1\u5b8b\u7b80\u4f53.ttf']
2023-09-27 15:56:32,431 - INFO - all fonts installed:['8514fix.fon', '8514fixe.fon', '8514fixg.fon', '8514fixr.fon', '8514fixt.fon', '8514oem.fon', '8514oeme.fon', '8514oemg.fon', '8514oemr.fon', '8514oemt.fon', '8514sys.fon', '8514syse.fon', '8514sysg.fon', '8514sysr.fon', '8514syst.fon', '85775.fon', '85855.fon', '85f1255.fon', '85f1256.fon', '85f1257.fon', '85f874.fon', '85s1255.fon', '85s1256.fon', '85s1257.fon', '85s874.fon', 'AGENCYB.TTF', 'AGENCYR.TTF', 'ALGER.TTF', 'ANTQUAB.TTF', 'ANTQUABI.TTF', 'ANTQUAI.TTF', 'app775.fon', 'app850.fon', 'app852.fon', 'app855.fon', 'app857.fon', 'app866.fon', 'app932.fon', 'app936.fon', 'app949.fon', 'app950.fon', 'arial.ttf', 'arialbd.ttf', 'arialbi.ttf', 'ariali.ttf', 'ARIALN.TTF', 'ARIALNB.TTF', 'ARIALNBI.TTF', 'ARIALNI.TTF', 'ariblk.ttf', 'ARLRDBD.TTF', 'AxureHandwriting-Bold.otf', 'AxureHandwriting-BoldItalic.otf', 'AxureHandwriting-Italic.otf', 'AxureHandwriting.otf', 'bahnschrift.ttf', 'BASKVILL.TTF', 'BAUHS93.TTF', 'BELL.TTF', 'BELLB.TTF', 'BELLI.TTF', 'BERNHC.TTF', 'BKANT.TTF', 'BOD_B.TTF', 'BOD_BI.TTF', 'BOD_BLAI.TTF', 'BOD_BLAR.TTF', 'BOD_CB.TTF', 'BOD_CBI.TTF', 'BOD_CI.TTF', 'BOD_CR.TTF', 'BOD_I.TTF', 'BOD_PSTC.TTF', 'BOD_R.TTF', 'BOOKOS.TTF', 'BOOKOSB.TTF', 'BOOKOSBI.TTF', 'BOOKOSI.TTF', 'BRADHITC.TTF', 'BRITANIC.TTF', 'BRLNSB.TTF', 'BRLNSDB.TTF', 'BRLNSR.TTF', 'BROADW.TTF', 'BRUSHSCI.TTF', 'BSSYM7.TTF', 'c8514fix.fon', 'c8514oem.fon', 'c8514sys.fon', 'calibri.ttf', 'calibrib.ttf', 'calibrii.ttf', 'calibril.ttf', 'calibrili.ttf', 'calibriz.ttf', 'CALIFB.TTF', 'CALIFI.TTF', 'CALIFR.TTF', 'CALIST.TTF', 'CALISTB.TTF', 'CALISTBI.TTF', 'CALISTI.TTF', 'cambria.ttc', 'cambriab.ttf', 'cambriai.ttf', 'cambriaz.ttf', 'Candara.ttf', 'Candarab.ttf', 'Candarai.ttf', 'Candaral.ttf', 'Candarali.ttf', 'Candaraz.ttf', 'CascadiaCode.ttf', 'CascadiaMono.ttf', 'CASTELAR.TTF', 'CENSCBK.TTF', 'CENTAUR.TTF', 'CENTURY.TTF', 'cga40737.fon', 'cga40850.fon', 'cga40852.fon', 'cga40857.fon', 'cga40866.fon', 'cga40869.fon', 'cga40woa.fon', 'cga80737.fon', 'cga80850.fon', 'cga80852.fon', 'cga80857.fon', 'cga80866.fon', 'cga80869.fon', 'cga80woa.fon', 'CHILLER.TTF', 'COLONNA.TTF', 'comic.ttf', 'comicbd.ttf', 'comici.ttf', 'comicz.ttf', 'consola.ttf', 'consolab.ttf', 'consolai.ttf', 'consolaz.ttf', 'constan.ttf', 'constanb.ttf', 'constani.ttf', 'constanz.ttf', 'COOPBL.TTF', 'COPRGTB.TTF', 'COPRGTL.TTF', 'corbel.ttf', 'corbelb.ttf', 'corbeli.ttf', 'corbell.ttf', 'corbelli.ttf', 'corbelz.ttf', 'coue1255.fon', 'coue1256.fon', 'coue1257.fon', 'couf1255.fon', 'couf1256.fon', 'couf1257.fon', 'cour.ttf', 'courbd.ttf', 'courbi.ttf', 'coure.fon', 'couree.fon', 'coureg.fon', 'courer.fon', 'couret.fon', 'courf.fon', 'courfe.fon', 'courfg.fon', 'courfr.fon', 'courft.fon', 'couri.ttf', 'CURLZ___.TTF', 'cvgafix.fon', 'cvgasys.fon', 'Deng.ttf', 'Dengb.ttf', 'Dengl.ttf', 'desktop.ini', 'dos737.fon', 'dos869.fon', 'dosapp.fon', 'DUBAI-BOLD.TTF', 'DUBAI-LIGHT.TTF', 'DUBAI-MEDIUM.TTF', 'DUBAI-REGULAR.TTF', 'ebrima.ttf', 'ebrimabd.ttf', 'ega40737.fon', 'ega40850.fon', 'ega40852.fon', 'ega40857.fon', 'ega40866.fon', 'ega40869.fon', 'ega40woa.fon', 'ega80737.fon', 'ega80850.fon', 'ega80852.fon', 'ega80857.fon', 'ega80866.fon', 'ega80869.fon', 'ega80woa.fon', 'ELEPHNT.TTF', 'ELEPHNTI.TTF', 'ENGR.TTF', 'ERASBD.TTF', 'ERASDEMI.TTF', 'ERASLGHT.TTF', 'ERASMD.TTF', 'FELIXTI.TTF', 'fms_metadata.xml', 'FORTE.TTF', 'FRABK.TTF', 'FRABKIT.TTF', 'FRADM.TTF', 'FRADMCN.TTF', 'FRADMIT.TTF', 'FRAHV.TTF', 'FRAHVIT.TTF', 'framd.ttf', 'FRAMDCN.TTF', 'framdit.ttf', 'FREESCPT.TTF', 'FRSCRIPT.TTF', 'FTLTLT.TTF', 'FZSTK.TTF', 'FZYTK.TTF', 'Gabriola.ttf', 'gadugi.ttf', 'gadugib.ttf', 'GARA.TTF', 'GARABD.TTF', 'GARAIT.TTF', 'georgia.ttf', 'georgiab.ttf', 'georgiai.ttf', 'georgiaz.ttf', 'GIGI.TTF', 'GILBI___.TTF', 'GILB____.TTF', 'GILC____.TTF', 'GILI____.TTF', 'GILLUBCD.TTF', 'GILSANUB.TTF', 'GIL_____.TTF', 'GLECB.TTF', 'GlobalMonospace.CompositeFont', 'GlobalSansSerif.CompositeFont', 'GlobalSerif.CompositeFont', 'GlobalUserInterface.CompositeFont', 'GLSNECB.TTF', 'GOTHIC.TTF', 'GOTHICB.TTF', 'GOTHICBI.TTF', 'GOTHICI.TTF', 'GOUDOS.TTF', 'GOUDOSB.TTF', 'GOUDOSI.TTF', 'GOUDYSTO.TTF', 'h8514fix.fon', 'h8514oem.fon', 'h8514sys.fon', 'HARLOWSI.TTF', 'HARNGTON.TTF', 'HATTEN.TTF', 'HGB1X_CNKI.ttf', 'HGB1_CNKI.ttf', 'HGB2X_CNKI.ttf', 'HGB2_CNKI.ttf', 'HGB3X_CNKI.ttf', 'HGB3_CNKI.ttf', 'HGB4X_CNKI.ttf', 'HGB4_CNKI.ttf', 'HGB5X_CNKI.ttf', 'HGB5_CNKI.ttf', 'HGB6X_CNKI.ttf', 'HGB6_CNKI.ttf', 'HGB7X_CNKI.ttf', 'HGB7_CNKI.ttf', 'HGB8X_CNKI.ttf', 'HGB8_CNKI.ttf', 'HGBD_CNKI.ttf', 'HGBKBX_CNKI.ttf', 'HGBKB_CNKI.ttf', 'HGBKHX_CNKI.ttf', 'HGBKH_CNKI.ttf', 'HGBS1_CNKI.TTF', 'HGBS2_CNKI.TTF', 'HGBS_CNKI.TTF', 'HGBTH_CNKI.TTF', 'HGBTS_CNKI.TTF', 'HGBX_CNKI.ttf', 'HGBZ_CNKI.ttf', 'HGCH_CNKI.TTF', 'HGCUH_CNKI.TTF', 'HGCY_CNKI.TTF', 'HGDBS_CNKI.TTF', 'HGDGY_CNKI.TTF', 'HGDH2_CNKI.TTF', 'HGDH_CNKI.TTF', 'HGDYS_CNKI.TTF', 'HGDY_CNKI.ttf', 'HGF1X_CNKI.ttf', 'HGF1_CNKI.ttf', 'HGF2X_CNKI.ttf', 'HGF2_CNKI.ttf', 'HGF3_CNKI.ttf', 'HGF4X_CNKI.ttf', 'HGF4_CNKI.ttf', 'HGF5X_CNKI.ttf', 'HGF5_CNKI.ttf', 'HGF6X_CNKI.ttf', 'HGF6_CNKI.ttf', 'HGF7X_CNKI.ttf', 'HGF7_CNKI.ttf', 'HGF8_CNKI.ttf', 'HGF9X_CNKI.ttf', 'HGF9_CNKI.ttf', 'HGFS1_CNKI.TTF', 'HGFS2_CNKI.TTF', 'HGFSH_CNKI.TTF', 'HGFS_CNKI.TTF', 'HGFX_CNKI.ttf', 'HGFZ_CNKI.ttf', 'HGGG_CNKI.TTF', 'HGH1X_CNKI.ttf', 'HGH1_CNKI.ttf', 'HGH2X_CNKI.ttf', 'HGH2_CNKI.ttf', 'HGH3X_CNKI.ttf', 'HGH3_CNKI.ttf', 'HGH4X_CNKI.ttf', 'HGH4_CNKI.ttf', 'HGH5X_CNKI.ttf', 'HGH5_CNKI.ttf', 'HGH6X_CNKI.ttf', 'HGH6_CNKI.ttf', 'HGH7X_CNKI.ttf', 'HGH7_CNKI.ttf', 'HGHB_CNKI.TTF', 'HGHD_CNKI.ttf', 'HGHP_CNKI.TTF', 'HGHT1_CNKI.ttf', 'HGHT2_CNKI.ttf', 'HGHUATI_CNKI.ttf', 'HGHX_CNKI.ttf', 'HGHZ_CNKI.ttf', 'HGH_CNKI.TTF', 'HGKT1_CNKI.TTF', 'HGKT2_CNKI.TTF', 'HGKT_CNKI.TTF', 'HGKY_CNKI.ttf', 'HGLB_CNKI.TTF', 'HGLS_CNKI.TTF', 'HGMH_CNKI.TTF', 'HGNBS_CNKI.ttf', 'HGOCR_CNKI.ttf', 'HGPH_CNKI.TTF', 'HGPTY_CNKI.TTF', 'HGSS1_CNKI.TTF', 'HGSS2_CNKI.TTF', 'HGSS_CNKI.TTF', 'HGSXT_CNKI.ttf', 'HGTT_CNKI.ttf', 'HGTX_CNKI.TTF', 'HGWT_CNKI.TTF', 'HGWYS_CNKI.TTF', 'HGX1X_CNKI.ttf', 'HGX1_CNKI.ttf', 'HGXBS_CNKI.TTF', 'HGXC_CNKI.TTF', 'HGXF1_CNKI.ttf', 'HGXFX_CNKI.ttf', 'HGXFZ_CNKI.ttf', 'HGXH1_CNKI.TTF', 'HGXH_CNKI.TTF', 'HGXK_CNKI.TTF', 'HGXL_CNKI.TTF', 'HGXS_CNKI.TTF', 'HGXT_CNKI.ttf', 'HGXY_CNKI.ttf', 'HGY1_CNKI.TTF', 'HGY2_CNKI.TTF', 'HGY3_CNKI.TTF', 'HGY4_CNKI.TTF', 'HGYB_CNKI.ttf', 'HGYT1_CNKI.ttf', 'HGYT2_CNKI.ttf', 'HGYT_CNKI.TTF', 'HGYX_CNKI.TTF', 'HGZCS_CNKI.TTF', 'HGZDX_CNKI.TTF', 'HGZK_CNKI.TTF', 'HGZYT_CNKI.TTF', 'HGZY_CNKI.TTF', 'himalaya.ttf', 'holomdl2.ttf', 'HTOWERT.TTF', 'HTOWERTI.TTF', 'hvgafix.fon', 'hvgasys.fon', 'impact.ttf', 'IMPRISHA.TTF', 'INFROMAN.TTF', 'Inkfree.ttf', 'iqiyi_logov7.ttf', 'ITCBLKAD.TTF', 'ITCEDSCR.TTF', 'ITCKRIST.TTF', 'j8514fix.fon', 'j8514oem.fon', 'j8514sys.fon', 'javatext.ttf', 'JOKERMAN.TTF', 'jsmalle.fon', 'jsmallf.fon', 'JUICE___.TTF', 'jvgafix.fon', 'jvgasys.fon', 'KUNSTLER.TTF', 'LATINWD.TTF', 'LBRITE.TTF', 'LBRITED.TTF', 'LBRITEDI.TTF', 'LBRITEI.TTF', 'LCALLIG.TTF', 'LeelaUIb.ttf', 'LeelawUI.ttf', 'LeelUIsl.ttf', 'LFAX.TTF', 'LFAXD.TTF', 'LFAXDI.TTF', 'LFAXI.TTF', 'LHANDW.TTF', 'LSANS.TTF', 'LSANSD.TTF', 'LSANSDI.TTF', 'LSANSI.TTF', 'LTYPE.TTF', 'LTYPEB.TTF', 'LTYPEBO.TTF', 'LTYPEO.TTF', 'lucon.ttf', 'l_10646.ttf', 'MAGNETOB.TTF', 'MAIAN.TTF', 'malgun.ttf', 'malgunbd.ttf', 'malgunsl.ttf', 'marlett.ttf', 'MATURASC.TTF', 'micross.ttf', 'mingliub.ttc', 'MISTRAL.TTF', 'mmrtext.ttf', 'mmrtextb.ttf', 'MOD20.TTF', 'modern.fon', 'monbaiti.ttf', 'msgothic.ttc', 'msjh.ttc', 'msjhbd.ttc', 'msjhl.ttc', 'msyh.ttc', 'msyhbd.ttc', 'msyhl.ttc', 'msyi.ttf', 'MTCORSVA.TTF', 'MTEXTRA.TTF', 'mvboli.ttf', 'NIAGENG.TTF', 'NIAGSOL.TTF', 'Nirmala.ttf', 'NirmalaB.ttf', 'NirmalaS.ttf', 'ntailu.ttf', 'ntailub.ttf', 'NumberOnly.ttf', 'OCRAEXT.TTF', 'OLDENGL.TTF', 'ONYX.TTF', 'OUTLOOK.TTF', 'pala.ttf', 'palab.ttf', 'palabi.ttf', 'palai.ttf', 'PALSCRI.TTF', 'PAPYRUS.TTF', 'PARCHM.TTF', 'PERBI___.TTF', 'PERB____.TTF', 'PERI____.TTF', 'PERTIBD.TTF', 'PERTILI.TTF', 'PER_____.TTF', 'phagspa.ttf', 'phagspab.ttf', 'PLAYBILL.TTF', 'POORICH.TTF', 'PRISTINA.TTF', 'RAGE.TTF', 'RAVIE.TTF', 'REFSAN.TTF', 'REFSPCL.TTF', 'ROCCB___.TTF', 'ROCC____.TTF', 'ROCK.TTF', 'ROCKB.TTF', 'ROCKBI.TTF', 'ROCKEB.TTF', 'ROCKI.TTF', 'roman.fon', 's8514fix.fon', 's8514oem.fon', 's8514sys.fon', 'SCHLBKB.TTF', 'SCHLBKBI.TTF', 'SCHLBKI.TTF', 'script.fon', 'SCRIPTBL.TTF', 'segmdl2.ttf', 'SegoeIcons.ttf', 'segoepr.ttf', 'segoeprb.ttf', 'segoesc.ttf', 'segoescb.ttf', 'segoeui.ttf', 'segoeuib.ttf', 'segoeuii.ttf', 'segoeuil.ttf', 'segoeuisl.ttf', 'segoeuiz.ttf', 'seguibl.ttf', 'seguibli.ttf', 'seguiemj.ttf', 'seguihis.ttf', 'seguili.ttf', 'seguisb.ttf', 'seguisbi.ttf', 'seguisli.ttf', 'seguisym.ttf', 'SegUIVar.ttf', 'sere1255.fon', 'sere1256.fon', 'sere1257.fon', 'serf1255.fon', 'serf1256.fon', 'serf1257.fon', 'serife.fon', 'serifee.fon', 'serifeg.fon', 'serifer.fon', 'serifet.fon', 'seriff.fon', 'seriffe.fon', 'seriffg.fon', 'seriffr.fon', 'serifft.fon', 'SHOWG.TTF', 'simfang.ttf', 'simhei.ttf', 'simkai.ttf', 'SIMLI.TTF', 'simsun.ttc', 'simsunb.ttf', 'SIMYOU.TTF', 'SitkaVF-Italic.ttf', 'SitkaVF.ttf', 'smae1255.fon', 'smae1256.fon', 'smae1257.fon', 'smaf1255.fon', 'smaf1256.fon', 'smaf1257.fon', 'smalle.fon', 'smallee.fon', 'smalleg.fon', 'smaller.fon', 'smallet.fon', 'smallf.fon', 'smallfe.fon', 'smallfg.fon', 'smallfr.fon', 'smallft.fon', 'SNAP____.TTF', 'ssee1255.fon', 'ssee1256.fon', 'ssee1257.fon', 'ssee874.fon', 'ssef1255.fon', 'ssef1256.fon', 'ssef1257.fon', 'ssef874.fon', 'sserife.fon', 'sserifee.fon', 'sserifeg.fon', 'sserifer.fon', 'sserifet.fon', 'sseriff.fon', 'sseriffe.fon', 'sseriffg.fon', 'sseriffr.fon', 'sserifft.fon', 'StaticCache.dat', 'STCAIYUN.TTF', 'STENCIL.TTF', 'STFANGSO.TTF', 'STHUPO.TTF', 'STKAITI.TTF', 'STLITI.TTF', 'STSONG.TTF', 'STXIHEI.TTF', 'STXINGKA.TTF', 'STXINWEI.TTF', 'STZHONGS.TTF', 'svgafix.fon', 'svgasys.fon', 'sylfaen.ttf', 'symbol.ttf', 'tahoma.ttf', 'tahomabd.ttf', 'taile.ttf', 'taileb.ttf', 'TCBI____.TTF', 'TCB_____.TTF', 'TCCB____.TTF', 'TCCEB.TTF', 'TCCM____.TTF', 'TCMI____.TTF', 'TCM_____.TTF', 'TEMPSITC.TTF', 'times.ttf', 'timesbd.ttf', 'timesbi.ttf', 'timesi.ttf', 'trebuc.ttf', 'trebucbd.ttf', 'trebucbi.ttf', 'trebucit.ttf', 'verdana.ttf', 'verdanab.ttf', 'verdanai.ttf', 'verdanaz.ttf', 'vga737.fon', 'vga775.fon', 'vga850.fon', 'vga852.fon', 'vga855.fon', 'vga857.fon', 'vga860.fon', 'vga861.fon', 'vga863.fon', 'vga865.fon', 'vga866.fon', 'vga869.fon', 'vga932.fon', 'vga936.fon', 'vga949.fon', 'vga950.fon', 'vgaf1255.fon', 'vgaf1256.fon', 'vgaf1257.fon', 'vgaf874.fon', 'vgafix.fon', 'vgafixe.fon', 'vgafixg.fon', 'vgafixr.fon', 'vgafixt.fon', 'vgaoem.fon', 'vgas1255.fon', 'vgas1256.fon', 'vgas1257.fon', 'vgas874.fon', 'vgasys.fon', 'vgasyse.fon', 'vgasysg.fon', 'vgasysr.fon', 'vgasyst.fon', 'VINERITC.TTF', 'VIVALDII.TTF', 'VLADIMIR.TTF', 'webdings.ttf', 'wingding.ttf', 'WINGDNG2.TTF', 'WINGDNG3.TTF', 'YuGothB.ttc', 'YuGothL.ttc', 'YuGothM.ttc', 'YuGothR.ttc', '\u534e\u5eb7\u65b9\u5706\u4f53W7.TTC', '\u65b9\u6b63\u7c97\u9ed1\u5b8b\u7b80\u4f53.ttf']
2023-09-27 15:56:32,798 - INFO - all fonts installed:['8514fix.fon', '8514fixe.fon', '8514fixg.fon', '8514fixr.fon', '8514fixt.fon', '8514oem.fon', '8514oeme.fon', '8514oemg.fon', '8514oemr.fon', '8514oemt.fon', '8514sys.fon', '8514syse.fon', '8514sysg.fon', '8514sysr.fon', '8514syst.fon', '85775.fon', '85855.fon', '85f1255.fon', '85f1256.fon', '85f1257.fon', '85f874.fon', '85s1255.fon', '85s1256.fon', '85s1257.fon', '85s874.fon', 'AGENCYB.TTF', 'AGENCYR.TTF', 'ALGER.TTF', 'ANTQUAB.TTF', 'ANTQUABI.TTF', 'ANTQUAI.TTF', 'app775.fon', 'app850.fon', 'app852.fon', 'app855.fon', 'app857.fon', 'app866.fon', 'app932.fon', 'app936.fon', 'app949.fon', 'app950.fon', 'arial.ttf', 'arialbd.ttf', 'arialbi.ttf', 'ariali.ttf', 'ARIALN.TTF', 'ARIALNB.TTF', 'ARIALNBI.TTF', 'ARIALNI.TTF', 'ariblk.ttf', 'ARLRDBD.TTF', 'AxureHandwriting-Bold.otf', 'AxureHandwriting-BoldItalic.otf', 'AxureHandwriting-Italic.otf', 'AxureHandwriting.otf', 'bahnschrift.ttf', 'BASKVILL.TTF', 'BAUHS93.TTF', 'BELL.TTF', 'BELLB.TTF', 'BELLI.TTF', 'BERNHC.TTF', 'BKANT.TTF', 'BOD_B.TTF', 'BOD_BI.TTF', 'BOD_BLAI.TTF', 'BOD_BLAR.TTF', 'BOD_CB.TTF', 'BOD_CBI.TTF', 'BOD_CI.TTF', 'BOD_CR.TTF', 'BOD_I.TTF', 'BOD_PSTC.TTF', 'BOD_R.TTF', 'BOOKOS.TTF', 'BOOKOSB.TTF', 'BOOKOSBI.TTF', 'BOOKOSI.TTF', 'BRADHITC.TTF', 'BRITANIC.TTF', 'BRLNSB.TTF', 'BRLNSDB.TTF', 'BRLNSR.TTF', 'BROADW.TTF', 'BRUSHSCI.TTF', 'BSSYM7.TTF', 'c8514fix.fon', 'c8514oem.fon', 'c8514sys.fon', 'calibri.ttf', 'calibrib.ttf', 'calibrii.ttf', 'calibril.ttf', 'calibrili.ttf', 'calibriz.ttf', 'CALIFB.TTF', 'CALIFI.TTF', 'CALIFR.TTF', 'CALIST.TTF', 'CALISTB.TTF', 'CALISTBI.TTF', 'CALISTI.TTF', 'cambria.ttc', 'cambriab.ttf', 'cambriai.ttf', 'cambriaz.ttf', 'Candara.ttf', 'Candarab.ttf', 'Candarai.ttf', 'Candaral.ttf', 'Candarali.ttf', 'Candaraz.ttf', 'CascadiaCode.ttf', 'CascadiaMono.ttf', 'CASTELAR.TTF', 'CENSCBK.TTF', 'CENTAUR.TTF', 'CENTURY.TTF', 'cga40737.fon', 'cga40850.fon', 'cga40852.fon', 'cga40857.fon', 'cga40866.fon', 'cga40869.fon', 'cga40woa.fon', 'cga80737.fon', 'cga80850.fon', 'cga80852.fon', 'cga80857.fon', 'cga80866.fon', 'cga80869.fon', 'cga80woa.fon', 'CHILLER.TTF', 'COLONNA.TTF', 'comic.ttf', 'comicbd.ttf', 'comici.ttf', 'comicz.ttf', 'consola.ttf', 'consolab.ttf', 'consolai.ttf', 'consolaz.ttf', 'constan.ttf', 'constanb.ttf', 'constani.ttf', 'constanz.ttf', 'COOPBL.TTF', 'COPRGTB.TTF', 'COPRGTL.TTF', 'corbel.ttf', 'corbelb.ttf', 'corbeli.ttf', 'corbell.ttf', 'corbelli.ttf', 'corbelz.ttf', 'coue1255.fon', 'coue1256.fon', 'coue1257.fon', 'couf1255.fon', 'couf1256.fon', 'couf1257.fon', 'cour.ttf', 'courbd.ttf', 'courbi.ttf', 'coure.fon', 'couree.fon', 'coureg.fon', 'courer.fon', 'couret.fon', 'courf.fon', 'courfe.fon', 'courfg.fon', 'courfr.fon', 'courft.fon', 'couri.ttf', 'CURLZ___.TTF', 'cvgafix.fon', 'cvgasys.fon', 'Deng.ttf', 'Dengb.ttf', 'Dengl.ttf', 'desktop.ini', 'dos737.fon', 'dos869.fon', 'dosapp.fon', 'DUBAI-BOLD.TTF', 'DUBAI-LIGHT.TTF', 'DUBAI-MEDIUM.TTF', 'DUBAI-REGULAR.TTF', 'ebrima.ttf', 'ebrimabd.ttf', 'ega40737.fon', 'ega40850.fon', 'ega40852.fon', 'ega40857.fon', 'ega40866.fon', 'ega40869.fon', 'ega40woa.fon', 'ega80737.fon', 'ega80850.fon', 'ega80852.fon', 'ega80857.fon', 'ega80866.fon', 'ega80869.fon', 'ega80woa.fon', 'ELEPHNT.TTF', 'ELEPHNTI.TTF', 'ENGR.TTF', 'ERASBD.TTF', 'ERASDEMI.TTF', 'ERASLGHT.TTF', 'ERASMD.TTF', 'FELIXTI.TTF', 'fms_metadata.xml', 'FORTE.TTF', 'FRABK.TTF', 'FRABKIT.TTF', 'FRADM.TTF', 'FRADMCN.TTF', 'FRADMIT.TTF', 'FRAHV.TTF', 'FRAHVIT.TTF', 'framd.ttf', 'FRAMDCN.TTF', 'framdit.ttf', 'FREESCPT.TTF', 'FRSCRIPT.TTF', 'FTLTLT.TTF', 'FZSTK.TTF', 'FZYTK.TTF', 'Gabriola.ttf', 'gadugi.ttf', 'gadugib.ttf', 'GARA.TTF', 'GARABD.TTF', 'GARAIT.TTF', 'georgia.ttf', 'georgiab.ttf', 'georgiai.ttf', 'georgiaz.ttf', 'GIGI.TTF', 'GILBI___.TTF', 'GILB____.TTF', 'GILC____.TTF', 'GILI____.TTF', 'GILLUBCD.TTF', 'GILSANUB.TTF', 'GIL_____.TTF', 'GLECB.TTF', 'GlobalMonospace.CompositeFont', 'GlobalSansSerif.CompositeFont', 'GlobalSerif.CompositeFont', 'GlobalUserInterface.CompositeFont', 'GLSNECB.TTF', 'GOTHIC.TTF', 'GOTHICB.TTF', 'GOTHICBI.TTF', 'GOTHICI.TTF', 'GOUDOS.TTF', 'GOUDOSB.TTF', 'GOUDOSI.TTF', 'GOUDYSTO.TTF', 'h8514fix.fon', 'h8514oem.fon', 'h8514sys.fon', 'HARLOWSI.TTF', 'HARNGTON.TTF', 'HATTEN.TTF', 'HGB1X_CNKI.ttf', 'HGB1_CNKI.ttf', 'HGB2X_CNKI.ttf', 'HGB2_CNKI.ttf', 'HGB3X_CNKI.ttf', 'HGB3_CNKI.ttf', 'HGB4X_CNKI.ttf', 'HGB4_CNKI.ttf', 'HGB5X_CNKI.ttf', 'HGB5_CNKI.ttf', 'HGB6X_CNKI.ttf', 'HGB6_CNKI.ttf', 'HGB7X_CNKI.ttf', 'HGB7_CNKI.ttf', 'HGB8X_CNKI.ttf', 'HGB8_CNKI.ttf', 'HGBD_CNKI.ttf', 'HGBKBX_CNKI.ttf', 'HGBKB_CNKI.ttf', 'HGBKHX_CNKI.ttf', 'HGBKH_CNKI.ttf', 'HGBS1_CNKI.TTF', 'HGBS2_CNKI.TTF', 'HGBS_CNKI.TTF', 'HGBTH_CNKI.TTF', 'HGBTS_CNKI.TTF', 'HGBX_CNKI.ttf', 'HGBZ_CNKI.ttf', 'HGCH_CNKI.TTF', 'HGCUH_CNKI.TTF', 'HGCY_CNKI.TTF', 'HGDBS_CNKI.TTF', 'HGDGY_CNKI.TTF', 'HGDH2_CNKI.TTF', 'HGDH_CNKI.TTF', 'HGDYS_CNKI.TTF', 'HGDY_CNKI.ttf', 'HGF1X_CNKI.ttf', 'HGF1_CNKI.ttf', 'HGF2X_CNKI.ttf', 'HGF2_CNKI.ttf', 'HGF3_CNKI.ttf', 'HGF4X_CNKI.ttf', 'HGF4_CNKI.ttf', 'HGF5X_CNKI.ttf', 'HGF5_CNKI.ttf', 'HGF6X_CNKI.ttf', 'HGF6_CNKI.ttf', 'HGF7X_CNKI.ttf', 'HGF7_CNKI.ttf', 'HGF8_CNKI.ttf', 'HGF9X_CNKI.ttf', 'HGF9_CNKI.ttf', 'HGFS1_CNKI.TTF', 'HGFS2_CNKI.TTF', 'HGFSH_CNKI.TTF', 'HGFS_CNKI.TTF', 'HGFX_CNKI.ttf', 'HGFZ_CNKI.ttf', 'HGGG_CNKI.TTF', 'HGH1X_CNKI.ttf', 'HGH1_CNKI.ttf', 'HGH2X_CNKI.ttf', 'HGH2_CNKI.ttf', 'HGH3X_CNKI.ttf', 'HGH3_CNKI.ttf', 'HGH4X_CNKI.ttf', 'HGH4_CNKI.ttf', 'HGH5X_CNKI.ttf', 'HGH5_CNKI.ttf', 'HGH6X_CNKI.ttf', 'HGH6_CNKI.ttf', 'HGH7X_CNKI.ttf', 'HGH7_CNKI.ttf', 'HGHB_CNKI.TTF', 'HGHD_CNKI.ttf', 'HGHP_CNKI.TTF', 'HGHT1_CNKI.ttf', 'HGHT2_CNKI.ttf', 'HGHUATI_CNKI.ttf', 'HGHX_CNKI.ttf', 'HGHZ_CNKI.ttf', 'HGH_CNKI.TTF', 'HGKT1_CNKI.TTF', 'HGKT2_CNKI.TTF', 'HGKT_CNKI.TTF', 'HGKY_CNKI.ttf', 'HGLB_CNKI.TTF', 'HGLS_CNKI.TTF', 'HGMH_CNKI.TTF', 'HGNBS_CNKI.ttf', 'HGOCR_CNKI.ttf', 'HGPH_CNKI.TTF', 'HGPTY_CNKI.TTF', 'HGSS1_CNKI.TTF', 'HGSS2_CNKI.TTF', 'HGSS_CNKI.TTF', 'HGSXT_CNKI.ttf', 'HGTT_CNKI.ttf', 'HGTX_CNKI.TTF', 'HGWT_CNKI.TTF', 'HGWYS_CNKI.TTF', 'HGX1X_CNKI.ttf', 'HGX1_CNKI.ttf', 'HGXBS_CNKI.TTF', 'HGXC_CNKI.TTF', 'HGXF1_CNKI.ttf', 'HGXFX_CNKI.ttf', 'HGXFZ_CNKI.ttf', 'HGXH1_CNKI.TTF', 'HGXH_CNKI.TTF', 'HGXK_CNKI.TTF', 'HGXL_CNKI.TTF', 'HGXS_CNKI.TTF', 'HGXT_CNKI.ttf', 'HGXY_CNKI.ttf', 'HGY1_CNKI.TTF', 'HGY2_CNKI.TTF', 'HGY3_CNKI.TTF', 'HGY4_CNKI.TTF', 'HGYB_CNKI.ttf', 'HGYT1_CNKI.ttf', 'HGYT2_CNKI.ttf', 'HGYT_CNKI.TTF', 'HGYX_CNKI.TTF', 'HGZCS_CNKI.TTF', 'HGZDX_CNKI.TTF', 'HGZK_CNKI.TTF', 'HGZYT_CNKI.TTF', 'HGZY_CNKI.TTF', 'himalaya.ttf', 'holomdl2.ttf', 'HTOWERT.TTF', 'HTOWERTI.TTF', 'hvgafix.fon', 'hvgasys.fon', 'impact.ttf', 'IMPRISHA.TTF', 'INFROMAN.TTF', 'Inkfree.ttf', 'iqiyi_logov7.ttf', 'ITCBLKAD.TTF', 'ITCEDSCR.TTF', 'ITCKRIST.TTF', 'j8514fix.fon', 'j8514oem.fon', 'j8514sys.fon', 'javatext.ttf', 'JOKERMAN.TTF', 'jsmalle.fon', 'jsmallf.fon', 'JUICE___.TTF', 'jvgafix.fon', 'jvgasys.fon', 'KUNSTLER.TTF', 'LATINWD.TTF', 'LBRITE.TTF', 'LBRITED.TTF', 'LBRITEDI.TTF', 'LBRITEI.TTF', 'LCALLIG.TTF', 'LeelaUIb.ttf', 'LeelawUI.ttf', 'LeelUIsl.ttf', 'LFAX.TTF', 'LFAXD.TTF', 'LFAXDI.TTF', 'LFAXI.TTF', 'LHANDW.TTF', 'LSANS.TTF', 'LSANSD.TTF', 'LSANSDI.TTF', 'LSANSI.TTF', 'LTYPE.TTF', 'LTYPEB.TTF', 'LTYPEBO.TTF', 'LTYPEO.TTF', 'lucon.ttf', 'l_10646.ttf', 'MAGNETOB.TTF', 'MAIAN.TTF', 'malgun.ttf', 'malgunbd.ttf', 'malgunsl.ttf', 'marlett.ttf', 'MATURASC.TTF', 'micross.ttf', 'mingliub.ttc', 'MISTRAL.TTF', 'mmrtext.ttf', 'mmrtextb.ttf', 'MOD20.TTF', 'modern.fon', 'monbaiti.ttf', 'msgothic.ttc', 'msjh.ttc', 'msjhbd.ttc', 'msjhl.ttc', 'msyh.ttc', 'msyhbd.ttc', 'msyhl.ttc', 'msyi.ttf', 'MTCORSVA.TTF', 'MTEXTRA.TTF', 'mvboli.ttf', 'NIAGENG.TTF', 'NIAGSOL.TTF', 'Nirmala.ttf', 'NirmalaB.ttf', 'NirmalaS.ttf', 'ntailu.ttf', 'ntailub.ttf', 'NumberOnly.ttf', 'OCRAEXT.TTF', 'OLDENGL.TTF', 'ONYX.TTF', 'OUTLOOK.TTF', 'pala.ttf', 'palab.ttf', 'palabi.ttf', 'palai.ttf', 'PALSCRI.TTF', 'PAPYRUS.TTF', 'PARCHM.TTF', 'PERBI___.TTF', 'PERB____.TTF', 'PERI____.TTF', 'PERTIBD.TTF', 'PERTILI.TTF', 'PER_____.TTF', 'phagspa.ttf', 'phagspab.ttf', 'PLAYBILL.TTF', 'POORICH.TTF', 'PRISTINA.TTF', 'RAGE.TTF', 'RAVIE.TTF', 'REFSAN.TTF', 'REFSPCL.TTF', 'ROCCB___.TTF', 'ROCC____.TTF', 'ROCK.TTF', 'ROCKB.TTF', 'ROCKBI.TTF', 'ROCKEB.TTF', 'ROCKI.TTF', 'roman.fon', 's8514fix.fon', 's8514oem.fon', 's8514sys.fon', 'SCHLBKB.TTF', 'SCHLBKBI.TTF', 'SCHLBKI.TTF', 'script.fon', 'SCRIPTBL.TTF', 'segmdl2.ttf', 'SegoeIcons.ttf', 'segoepr.ttf', 'segoeprb.ttf', 'segoesc.ttf', 'segoescb.ttf', 'segoeui.ttf', 'segoeuib.ttf', 'segoeuii.ttf', 'segoeuil.ttf', 'segoeuisl.ttf', 'segoeuiz.ttf', 'seguibl.ttf', 'seguibli.ttf', 'seguiemj.ttf', 'seguihis.ttf', 'seguili.ttf', 'seguisb.ttf', 'seguisbi.ttf', 'seguisli.ttf', 'seguisym.ttf', 'SegUIVar.ttf', 'sere1255.fon', 'sere1256.fon', 'sere1257.fon', 'serf1255.fon', 'serf1256.fon', 'serf1257.fon', 'serife.fon', 'serifee.fon', 'serifeg.fon', 'serifer.fon', 'serifet.fon', 'seriff.fon', 'seriffe.fon', 'seriffg.fon', 'seriffr.fon', 'serifft.fon', 'SHOWG.TTF', 'simfang.ttf', 'simhei.ttf', 'simkai.ttf', 'SIMLI.TTF', 'simsun.ttc', 'simsunb.ttf', 'SIMYOU.TTF', 'SitkaVF-Italic.ttf', 'SitkaVF.ttf', 'smae1255.fon', 'smae1256.fon', 'smae1257.fon', 'smaf1255.fon', 'smaf1256.fon', 'smaf1257.fon', 'smalle.fon', 'smallee.fon', 'smalleg.fon', 'smaller.fon', 'smallet.fon', 'smallf.fon', 'smallfe.fon', 'smallfg.fon', 'smallfr.fon', 'smallft.fon', 'SNAP____.TTF', 'ssee1255.fon', 'ssee1256.fon', 'ssee1257.fon', 'ssee874.fon', 'ssef1255.fon', 'ssef1256.fon', 'ssef1257.fon', 'ssef874.fon', 'sserife.fon', 'sserifee.fon', 'sserifeg.fon', 'sserifer.fon', 'sserifet.fon', 'sseriff.fon', 'sseriffe.fon', 'sseriffg.fon', 'sseriffr.fon', 'sserifft.fon', 'StaticCache.dat', 'STCAIYUN.TTF', 'STENCIL.TTF', 'STFANGSO.TTF', 'STHUPO.TTF', 'STKAITI.TTF', 'STLITI.TTF', 'STSONG.TTF', 'STXIHEI.TTF', 'STXINGKA.TTF', 'STXINWEI.TTF', 'STZHONGS.TTF', 'svgafix.fon', 'svgasys.fon', 'sylfaen.ttf', 'symbol.ttf', 'tahoma.ttf', 'tahomabd.ttf', 'taile.ttf', 'taileb.ttf', 'TCBI____.TTF', 'TCB_____.TTF', 'TCCB____.TTF', 'TCCEB.TTF', 'TCCM____.TTF', 'TCMI____.TTF', 'TCM_____.TTF', 'TEMPSITC.TTF', 'times.ttf', 'timesbd.ttf', 'timesbi.ttf', 'timesi.ttf', 'trebuc.ttf', 'trebucbd.ttf', 'trebucbi.ttf', 'trebucit.ttf', 'verdana.ttf', 'verdanab.ttf', 'verdanai.ttf', 'verdanaz.ttf', 'vga737.fon', 'vga775.fon', 'vga850.fon', 'vga852.fon', 'vga855.fon', 'vga857.fon', 'vga860.fon', 'vga861.fon', 'vga863.fon', 'vga865.fon', 'vga866.fon', 'vga869.fon', 'vga932.fon', 'vga936.fon', 'vga949.fon', 'vga950.fon', 'vgaf1255.fon', 'vgaf1256.fon', 'vgaf1257.fon', 'vgaf874.fon', 'vgafix.fon', 'vgafixe.fon', 'vgafixg.fon', 'vgafixr.fon', 'vgafixt.fon', 'vgaoem.fon', 'vgas1255.fon', 'vgas1256.fon', 'vgas1257.fon', 'vgas874.fon', 'vgasys.fon', 'vgasyse.fon', 'vgasysg.fon', 'vgasysr.fon', 'vgasyst.fon', 'VINERITC.TTF', 'VIVALDII.TTF', 'VLADIMIR.TTF', 'webdings.ttf', 'wingding.ttf', 'WINGDNG2.TTF', 'WINGDNG3.TTF', 'YuGothB.ttc', 'YuGothL.ttc', 'YuGothM.ttc', 'YuGothR.ttc', '\u534e\u5eb7\u65b9\u5706\u4f53W7.TTC', '\u65b9\u6b63\u7c97\u9ed1\u5b8b\u7b80\u4f53.ttf']
2023-09-27 15:56:32,802 - INFO - all fonts installed:['8514fix.fon', '8514fixe.fon', '8514fixg.fon', '8514fixr.fon', '8514fixt.fon', '8514oem.fon', '8514oeme.fon', '8514oemg.fon', '8514oemr.fon', '8514oemt.fon', '8514sys.fon', '8514syse.fon', '8514sysg.fon', '8514sysr.fon', '8514syst.fon', '85775.fon', '85855.fon', '85f1255.fon', '85f1256.fon', '85f1257.fon', '85f874.fon', '85s1255.fon', '85s1256.fon', '85s1257.fon', '85s874.fon', 'AGENCYB.TTF', 'AGENCYR.TTF', 'ALGER.TTF', 'ANTQUAB.TTF', 'ANTQUABI.TTF', 'ANTQUAI.TTF', 'app775.fon', 'app850.fon', 'app852.fon', 'app855.fon', 'app857.fon', 'app866.fon', 'app932.fon', 'app936.fon', 'app949.fon', 'app950.fon', 'arial.ttf', 'arialbd.ttf', 'arialbi.ttf', 'ariali.ttf', 'ARIALN.TTF', 'ARIALNB.TTF', 'ARIALNBI.TTF', 'ARIALNI.TTF', 'ariblk.ttf', 'ARLRDBD.TTF', 'AxureHandwriting-Bold.otf', 'AxureHandwriting-BoldItalic.otf', 'AxureHandwriting-Italic.otf', 'AxureHandwriting.otf', 'bahnschrift.ttf', 'BASKVILL.TTF', 'BAUHS93.TTF', 'BELL.TTF', 'BELLB.TTF', 'BELLI.TTF', 'BERNHC.TTF', 'BKANT.TTF', 'BOD_B.TTF', 'BOD_BI.TTF', 'BOD_BLAI.TTF', 'BOD_BLAR.TTF', 'BOD_CB.TTF', 'BOD_CBI.TTF', 'BOD_CI.TTF', 'BOD_CR.TTF', 'BOD_I.TTF', 'BOD_PSTC.TTF', 'BOD_R.TTF', 'BOOKOS.TTF', 'BOOKOSB.TTF', 'BOOKOSBI.TTF', 'BOOKOSI.TTF', 'BRADHITC.TTF', 'BRITANIC.TTF', 'BRLNSB.TTF', 'BRLNSDB.TTF', 'BRLNSR.TTF', 'BROADW.TTF', 'BRUSHSCI.TTF', 'BSSYM7.TTF', 'c8514fix.fon', 'c8514oem.fon', 'c8514sys.fon', 'calibri.ttf', 'calibrib.ttf', 'calibrii.ttf', 'calibril.ttf', 'calibrili.ttf', 'calibriz.ttf', 'CALIFB.TTF', 'CALIFI.TTF', 'CALIFR.TTF', 'CALIST.TTF', 'CALISTB.TTF', 'CALISTBI.TTF', 'CALISTI.TTF', 'cambria.ttc', 'cambriab.ttf', 'cambriai.ttf', 'cambriaz.ttf', 'Candara.ttf', 'Candarab.ttf', 'Candarai.ttf', 'Candaral.ttf', 'Candarali.ttf', 'Candaraz.ttf', 'CascadiaCode.ttf', 'CascadiaMono.ttf', 'CASTELAR.TTF', 'CENSCBK.TTF', 'CENTAUR.TTF', 'CENTURY.TTF', 'cga40737.fon', 'cga40850.fon', 'cga40852.fon', 'cga40857.fon', 'cga40866.fon', 'cga40869.fon', 'cga40woa.fon', 'cga80737.fon', 'cga80850.fon', 'cga80852.fon', 'cga80857.fon', 'cga80866.fon', 'cga80869.fon', 'cga80woa.fon', 'CHILLER.TTF', 'COLONNA.TTF', 'comic.ttf', 'comicbd.ttf', 'comici.ttf', 'comicz.ttf', 'consola.ttf', 'consolab.ttf', 'consolai.ttf', 'consolaz.ttf', 'constan.ttf', 'constanb.ttf', 'constani.ttf', 'constanz.ttf', 'COOPBL.TTF', 'COPRGTB.TTF', 'COPRGTL.TTF', 'corbel.ttf', 'corbelb.ttf', 'corbeli.ttf', 'corbell.ttf', 'corbelli.ttf', 'corbelz.ttf', 'coue1255.fon', 'coue1256.fon', 'coue1257.fon', 'couf1255.fon', 'couf1256.fon', 'couf1257.fon', 'cour.ttf', 'courbd.ttf', 'courbi.ttf', 'coure.fon', 'couree.fon', 'coureg.fon', 'courer.fon', 'couret.fon', 'courf.fon', 'courfe.fon', 'courfg.fon', 'courfr.fon', 'courft.fon', 'couri.ttf', 'CURLZ___.TTF', 'cvgafix.fon', 'cvgasys.fon', 'Deng.ttf', 'Dengb.ttf', 'Dengl.ttf', 'desktop.ini', 'dos737.fon', 'dos869.fon', 'dosapp.fon', 'DUBAI-BOLD.TTF', 'DUBAI-LIGHT.TTF', 'DUBAI-MEDIUM.TTF', 'DUBAI-REGULAR.TTF', 'ebrima.ttf', 'ebrimabd.ttf', 'ega40737.fon', 'ega40850.fon', 'ega40852.fon', 'ega40857.fon', 'ega40866.fon', 'ega40869.fon', 'ega40woa.fon', 'ega80737.fon', 'ega80850.fon', 'ega80852.fon', 'ega80857.fon', 'ega80866.fon', 'ega80869.fon', 'ega80woa.fon', 'ELEPHNT.TTF', 'ELEPHNTI.TTF', 'ENGR.TTF', 'ERASBD.TTF', 'ERASDEMI.TTF', 'ERASLGHT.TTF', 'ERASMD.TTF', 'FELIXTI.TTF', 'fms_metadata.xml', 'FORTE.TTF', 'FRABK.TTF', 'FRABKIT.TTF', 'FRADM.TTF', 'FRADMCN.TTF', 'FRADMIT.TTF', 'FRAHV.TTF', 'FRAHVIT.TTF', 'framd.ttf', 'FRAMDCN.TTF', 'framdit.ttf', 'FREESCPT.TTF', 'FRSCRIPT.TTF', 'FTLTLT.TTF', 'FZSTK.TTF', 'FZYTK.TTF', 'Gabriola.ttf', 'gadugi.ttf', 'gadugib.ttf', 'GARA.TTF', 'GARABD.TTF', 'GARAIT.TTF', 'georgia.ttf', 'georgiab.ttf', 'georgiai.ttf', 'georgiaz.ttf', 'GIGI.TTF', 'GILBI___.TTF', 'GILB____.TTF', 'GILC____.TTF', 'GILI____.TTF', 'GILLUBCD.TTF', 'GILSANUB.TTF', 'GIL_____.TTF', 'GLECB.TTF', 'GlobalMonospace.CompositeFont', 'GlobalSansSerif.CompositeFont', 'GlobalSerif.CompositeFont', 'GlobalUserInterface.CompositeFont', 'GLSNECB.TTF', 'GOTHIC.TTF', 'GOTHICB.TTF', 'GOTHICBI.TTF', 'GOTHICI.TTF', 'GOUDOS.TTF', 'GOUDOSB.TTF', 'GOUDOSI.TTF', 'GOUDYSTO.TTF', 'h8514fix.fon', 'h8514oem.fon', 'h8514sys.fon', 'HARLOWSI.TTF', 'HARNGTON.TTF', 'HATTEN.TTF', 'HGB1X_CNKI.ttf', 'HGB1_CNKI.ttf', 'HGB2X_CNKI.ttf', 'HGB2_CNKI.ttf', 'HGB3X_CNKI.ttf', 'HGB3_CNKI.ttf', 'HGB4X_CNKI.ttf', 'HGB4_CNKI.ttf', 'HGB5X_CNKI.ttf', 'HGB5_CNKI.ttf', 'HGB6X_CNKI.ttf', 'HGB6_CNKI.ttf', 'HGB7X_CNKI.ttf', 'HGB7_CNKI.ttf', 'HGB8X_CNKI.ttf', 'HGB8_CNKI.ttf', 'HGBD_CNKI.ttf', 'HGBKBX_CNKI.ttf', 'HGBKB_CNKI.ttf', 'HGBKHX_CNKI.ttf', 'HGBKH_CNKI.ttf', 'HGBS1_CNKI.TTF', 'HGBS2_CNKI.TTF', 'HGBS_CNKI.TTF', 'HGBTH_CNKI.TTF', 'HGBTS_CNKI.TTF', 'HGBX_CNKI.ttf', 'HGBZ_CNKI.ttf', 'HGCH_CNKI.TTF', 'HGCUH_CNKI.TTF', 'HGCY_CNKI.TTF', 'HGDBS_CNKI.TTF', 'HGDGY_CNKI.TTF', 'HGDH2_CNKI.TTF', 'HGDH_CNKI.TTF', 'HGDYS_CNKI.TTF', 'HGDY_CNKI.ttf', 'HGF1X_CNKI.ttf', 'HGF1_CNKI.ttf', 'HGF2X_CNKI.ttf', 'HGF2_CNKI.ttf', 'HGF3_CNKI.ttf', 'HGF4X_CNKI.ttf', 'HGF4_CNKI.ttf', 'HGF5X_CNKI.ttf', 'HGF5_CNKI.ttf', 'HGF6X_CNKI.ttf', 'HGF6_CNKI.ttf', 'HGF7X_CNKI.ttf', 'HGF7_CNKI.ttf', 'HGF8_CNKI.ttf', 'HGF9X_CNKI.ttf', 'HGF9_CNKI.ttf', 'HGFS1_CNKI.TTF', 'HGFS2_CNKI.TTF', 'HGFSH_CNKI.TTF', 'HGFS_CNKI.TTF', 'HGFX_CNKI.ttf', 'HGFZ_CNKI.ttf', 'HGGG_CNKI.TTF', 'HGH1X_CNKI.ttf', 'HGH1_CNKI.ttf', 'HGH2X_CNKI.ttf', 'HGH2_CNKI.ttf', 'HGH3X_CNKI.ttf', 'HGH3_CNKI.ttf', 'HGH4X_CNKI.ttf', 'HGH4_CNKI.ttf', 'HGH5X_CNKI.ttf', 'HGH5_CNKI.ttf', 'HGH6X_CNKI.ttf', 'HGH6_CNKI.ttf', 'HGH7X_CNKI.ttf', 'HGH7_CNKI.ttf', 'HGHB_CNKI.TTF', 'HGHD_CNKI.ttf', 'HGHP_CNKI.TTF', 'HGHT1_CNKI.ttf', 'HGHT2_CNKI.ttf', 'HGHUATI_CNKI.ttf', 'HGHX_CNKI.ttf', 'HGHZ_CNKI.ttf', 'HGH_CNKI.TTF', 'HGKT1_CNKI.TTF', 'HGKT2_CNKI.TTF', 'HGKT_CNKI.TTF', 'HGKY_CNKI.ttf', 'HGLB_CNKI.TTF', 'HGLS_CNKI.TTF', 'HGMH_CNKI.TTF', 'HGNBS_CNKI.ttf', 'HGOCR_CNKI.ttf', 'HGPH_CNKI.TTF', 'HGPTY_CNKI.TTF', 'HGSS1_CNKI.TTF', 'HGSS2_CNKI.TTF', 'HGSS_CNKI.TTF', 'HGSXT_CNKI.ttf', 'HGTT_CNKI.ttf', 'HGTX_CNKI.TTF', 'HGWT_CNKI.TTF', 'HGWYS_CNKI.TTF', 'HGX1X_CNKI.ttf', 'HGX1_CNKI.ttf', 'HGXBS_CNKI.TTF', 'HGXC_CNKI.TTF', 'HGXF1_CNKI.ttf', 'HGXFX_CNKI.ttf', 'HGXFZ_CNKI.ttf', 'HGXH1_CNKI.TTF', 'HGXH_CNKI.TTF', 'HGXK_CNKI.TTF', 'HGXL_CNKI.TTF', 'HGXS_CNKI.TTF', 'HGXT_CNKI.ttf', 'HGXY_CNKI.ttf', 'HGY1_CNKI.TTF', 'HGY2_CNKI.TTF', 'HGY3_CNKI.TTF', 'HGY4_CNKI.TTF', 'HGYB_CNKI.ttf', 'HGYT1_CNKI.ttf', 'HGYT2_CNKI.ttf', 'HGYT_CNKI.TTF', 'HGYX_CNKI.TTF', 'HGZCS_CNKI.TTF', 'HGZDX_CNKI.TTF', 'HGZK_CNKI.TTF', 'HGZYT_CNKI.TTF', 'HGZY_CNKI.TTF', 'himalaya.ttf', 'holomdl2.ttf', 'HTOWERT.TTF', 'HTOWERTI.TTF', 'hvgafix.fon', 'hvgasys.fon', 'impact.ttf', 'IMPRISHA.TTF', 'INFROMAN.TTF', 'Inkfree.ttf', 'iqiyi_logov7.ttf', 'ITCBLKAD.TTF', 'ITCEDSCR.TTF', 'ITCKRIST.TTF', 'j8514fix.fon', 'j8514oem.fon', 'j8514sys.fon', 'javatext.ttf', 'JOKERMAN.TTF', 'jsmalle.fon', 'jsmallf.fon', 'JUICE___.TTF', 'jvgafix.fon', 'jvgasys.fon', 'KUNSTLER.TTF', 'LATINWD.TTF', 'LBRITE.TTF', 'LBRITED.TTF', 'LBRITEDI.TTF', 'LBRITEI.TTF', 'LCALLIG.TTF', 'LeelaUIb.ttf', 'LeelawUI.ttf', 'LeelUIsl.ttf', 'LFAX.TTF', 'LFAXD.TTF', 'LFAXDI.TTF', 'LFAXI.TTF', 'LHANDW.TTF', 'LSANS.TTF', 'LSANSD.TTF', 'LSANSDI.TTF', 'LSANSI.TTF', 'LTYPE.TTF', 'LTYPEB.TTF', 'LTYPEBO.TTF', 'LTYPEO.TTF', 'lucon.ttf', 'l_10646.ttf', 'MAGNETOB.TTF', 'MAIAN.TTF', 'malgun.ttf', 'malgunbd.ttf', 'malgunsl.ttf', 'marlett.ttf', 'MATURASC.TTF', 'micross.ttf', 'mingliub.ttc', 'MISTRAL.TTF', 'mmrtext.ttf', 'mmrtextb.ttf', 'MOD20.TTF', 'modern.fon', 'monbaiti.ttf', 'msgothic.ttc', 'msjh.ttc', 'msjhbd.ttc', 'msjhl.ttc', 'msyh.ttc', 'msyhbd.ttc', 'msyhl.ttc', 'msyi.ttf', 'MTCORSVA.TTF', 'MTEXTRA.TTF', 'mvboli.ttf', 'NIAGENG.TTF', 'NIAGSOL.TTF', 'Nirmala.ttf', 'NirmalaB.ttf', 'NirmalaS.ttf', 'ntailu.ttf', 'ntailub.ttf', 'NumberOnly.ttf', 'OCRAEXT.TTF', 'OLDENGL.TTF', 'ONYX.TTF', 'OUTLOOK.TTF', 'pala.ttf', 'palab.ttf', 'palabi.ttf', 'palai.ttf', 'PALSCRI.TTF', 'PAPYRUS.TTF', 'PARCHM.TTF', 'PERBI___.TTF', 'PERB____.TTF', 'PERI____.TTF', 'PERTIBD.TTF', 'PERTILI.TTF', 'PER_____.TTF', 'phagspa.ttf', 'phagspab.ttf', 'PLAYBILL.TTF', 'POORICH.TTF', 'PRISTINA.TTF', 'RAGE.TTF', 'RAVIE.TTF', 'REFSAN.TTF', 'REFSPCL.TTF', 'ROCCB___.TTF', 'ROCC____.TTF', 'ROCK.TTF', 'ROCKB.TTF', 'ROCKBI.TTF', 'ROCKEB.TTF', 'ROCKI.TTF', 'roman.fon', 's8514fix.fon', 's8514oem.fon', 's8514sys.fon', 'SCHLBKB.TTF', 'SCHLBKBI.TTF', 'SCHLBKI.TTF', 'script.fon', 'SCRIPTBL.TTF', 'segmdl2.ttf', 'SegoeIcons.ttf', 'segoepr.ttf', 'segoeprb.ttf', 'segoesc.ttf', 'segoescb.ttf', 'segoeui.ttf', 'segoeuib.ttf', 'segoeuii.ttf', 'segoeuil.ttf', 'segoeuisl.ttf', 'segoeuiz.ttf', 'seguibl.ttf', 'seguibli.ttf', 'seguiemj.ttf', 'seguihis.ttf', 'seguili.ttf', 'seguisb.ttf', 'seguisbi.ttf', 'seguisli.ttf', 'seguisym.ttf', 'SegUIVar.ttf', 'sere1255.fon', 'sere1256.fon', 'sere1257.fon', 'serf1255.fon', 'serf1256.fon', 'serf1257.fon', 'serife.fon', 'serifee.fon', 'serifeg.fon', 'serifer.fon', 'serifet.fon', 'seriff.fon', 'seriffe.fon', 'seriffg.fon', 'seriffr.fon', 'serifft.fon', 'SHOWG.TTF', 'simfang.ttf', 'simhei.ttf', 'simkai.ttf', 'SIMLI.TTF', 'simsun.ttc', 'simsunb.ttf', 'SIMYOU.TTF', 'SitkaVF-Italic.ttf', 'SitkaVF.ttf', 'smae1255.fon', 'smae1256.fon', 'smae1257.fon', 'smaf1255.fon', 'smaf1256.fon', 'smaf1257.fon', 'smalle.fon', 'smallee.fon', 'smalleg.fon', 'smaller.fon', 'smallet.fon', 'smallf.fon', 'smallfe.fon', 'smallfg.fon', 'smallfr.fon', 'smallft.fon', 'SNAP____.TTF', 'ssee1255.fon', 'ssee1256.fon', 'ssee1257.fon', 'ssee874.fon', 'ssef1255.fon', 'ssef1256.fon', 'ssef1257.fon', 'ssef874.fon', 'sserife.fon', 'sserifee.fon', 'sserifeg.fon', 'sserifer.fon', 'sserifet.fon', 'sseriff.fon', 'sseriffe.fon', 'sseriffg.fon', 'sseriffr.fon', 'sserifft.fon', 'StaticCache.dat', 'STCAIYUN.TTF', 'STENCIL.TTF', 'STFANGSO.TTF', 'STHUPO.TTF', 'STKAITI.TTF', 'STLITI.TTF', 'STSONG.TTF', 'STXIHEI.TTF', 'STXINGKA.TTF', 'STXINWEI.TTF', 'STZHONGS.TTF', 'svgafix.fon', 'svgasys.fon', 'sylfaen.ttf', 'symbol.ttf', 'tahoma.ttf', 'tahomabd.ttf', 'taile.ttf', 'taileb.ttf', 'TCBI____.TTF', 'TCB_____.TTF', 'TCCB____.TTF', 'TCCEB.TTF', 'TCCM____.TTF', 'TCMI____.TTF', 'TCM_____.TTF', 'TEMPSITC.TTF', 'times.ttf', 'timesbd.ttf', 'timesbi.ttf', 'timesi.ttf', 'trebuc.ttf', 'trebucbd.ttf', 'trebucbi.ttf', 'trebucit.ttf', 'verdana.ttf', 'verdanab.ttf', 'verdanai.ttf', 'verdanaz.ttf', 'vga737.fon', 'vga775.fon', 'vga850.fon', 'vga852.fon', 'vga855.fon', 'vga857.fon', 'vga860.fon', 'vga861.fon', 'vga863.fon', 'vga865.fon', 'vga866.fon', 'vga869.fon', 'vga932.fon', 'vga936.fon', 'vga949.fon', 'vga950.fon', 'vgaf1255.fon', 'vgaf1256.fon', 'vgaf1257.fon', 'vgaf874.fon', 'vgafix.fon', 'vgafixe.fon', 'vgafixg.fon', 'vgafixr.fon', 'vgafixt.fon', 'vgaoem.fon', 'vgas1255.fon', 'vgas1256.fon', 'vgas1257.fon', 'vgas874.fon', 'vgasys.fon', 'vgasyse.fon', 'vgasysg.fon', 'vgasysr.fon', 'vgasyst.fon', 'VINERITC.TTF', 'VIVALDII.TTF', 'VLADIMIR.TTF', 'webdings.ttf', 'wingding.ttf', 'WINGDNG2.TTF', 'WINGDNG3.TTF', 'YuGothB.ttc', 'YuGothL.ttc', 'YuGothM.ttc', 'YuGothR.ttc', '\u534e\u5eb7\u65b9\u5706\u4f53W7.TTC', '\u65b9\u6b63\u7c97\u9ed1\u5b8b\u7b80\u4f53.ttf']
2023-09-27 15:56:32,805 - INFO - all fonts installed:['8514fix.fon', '8514fixe.fon', '8514fixg.fon', '8514fixr.fon', '8514fixt.fon', '8514oem.fon', '8514oeme.fon', '8514oemg.fon', '8514oemr.fon', '8514oemt.fon', '8514sys.fon', '8514syse.fon', '8514sysg.fon', '8514sysr.fon', '8514syst.fon', '85775.fon', '85855.fon', '85f1255.fon', '85f1256.fon', '85f1257.fon', '85f874.fon', '85s1255.fon', '85s1256.fon', '85s1257.fon', '85s874.fon', 'AGENCYB.TTF', 'AGENCYR.TTF', 'ALGER.TTF', 'ANTQUAB.TTF', 'ANTQUABI.TTF', 'ANTQUAI.TTF', 'app775.fon', 'app850.fon', 'app852.fon', 'app855.fon', 'app857.fon', 'app866.fon', 'app932.fon', 'app936.fon', 'app949.fon', 'app950.fon', 'arial.ttf', 'arialbd.ttf', 'arialbi.ttf', 'ariali.ttf', 'ARIALN.TTF', 'ARIALNB.TTF', 'ARIALNBI.TTF', 'ARIALNI.TTF', 'ariblk.ttf', 'ARLRDBD.TTF', 'AxureHandwriting-Bold.otf', 'AxureHandwriting-BoldItalic.otf', 'AxureHandwriting-Italic.otf', 'AxureHandwriting.otf', 'bahnschrift.ttf', 'BASKVILL.TTF', 'BAUHS93.TTF', 'BELL.TTF', 'BELLB.TTF', 'BELLI.TTF', 'BERNHC.TTF', 'BKANT.TTF', 'BOD_B.TTF', 'BOD_BI.TTF', 'BOD_BLAI.TTF', 'BOD_BLAR.TTF', 'BOD_CB.TTF', 'BOD_CBI.TTF', 'BOD_CI.TTF', 'BOD_CR.TTF', 'BOD_I.TTF', 'BOD_PSTC.TTF', 'BOD_R.TTF', 'BOOKOS.TTF', 'BOOKOSB.TTF', 'BOOKOSBI.TTF', 'BOOKOSI.TTF', 'BRADHITC.TTF', 'BRITANIC.TTF', 'BRLNSB.TTF', 'BRLNSDB.TTF', 'BRLNSR.TTF', 'BROADW.TTF', 'BRUSHSCI.TTF', 'BSSYM7.TTF', 'c8514fix.fon', 'c8514oem.fon', 'c8514sys.fon', 'calibri.ttf', 'calibrib.ttf', 'calibrii.ttf', 'calibril.ttf', 'calibrili.ttf', 'calibriz.ttf', 'CALIFB.TTF', 'CALIFI.TTF', 'CALIFR.TTF', 'CALIST.TTF', 'CALISTB.TTF', 'CALISTBI.TTF', 'CALISTI.TTF', 'cambria.ttc', 'cambriab.ttf', 'cambriai.ttf', 'cambriaz.ttf', 'Candara.ttf', 'Candarab.ttf', 'Candarai.ttf', 'Candaral.ttf', 'Candarali.ttf', 'Candaraz.ttf', 'CascadiaCode.ttf', 'CascadiaMono.ttf', 'CASTELAR.TTF', 'CENSCBK.TTF', 'CENTAUR.TTF', 'CENTURY.TTF', 'cga40737.fon', 'cga40850.fon', 'cga40852.fon', 'cga40857.fon', 'cga40866.fon', 'cga40869.fon', 'cga40woa.fon', 'cga80737.fon', 'cga80850.fon', 'cga80852.fon', 'cga80857.fon', 'cga80866.fon', 'cga80869.fon', 'cga80woa.fon', 'CHILLER.TTF', 'COLONNA.TTF', 'comic.ttf', 'comicbd.ttf', 'comici.ttf', 'comicz.ttf', 'consola.ttf', 'consolab.ttf', 'consolai.ttf', 'consolaz.ttf', 'constan.ttf', 'constanb.ttf', 'constani.ttf', 'constanz.ttf', 'COOPBL.TTF', 'COPRGTB.TTF', 'COPRGTL.TTF', 'corbel.ttf', 'corbelb.ttf', 'corbeli.ttf', 'corbell.ttf', 'corbelli.ttf', 'corbelz.ttf', 'coue1255.fon', 'coue1256.fon', 'coue1257.fon', 'couf1255.fon', 'couf1256.fon', 'couf1257.fon', 'cour.ttf', 'courbd.ttf', 'courbi.ttf', 'coure.fon', 'couree.fon', 'coureg.fon', 'courer.fon', 'couret.fon', 'courf.fon', 'courfe.fon', 'courfg.fon', 'courfr.fon', 'courft.fon', 'couri.ttf', 'CURLZ___.TTF', 'cvgafix.fon', 'cvgasys.fon', 'Deng.ttf', 'Dengb.ttf', 'Dengl.ttf', 'desktop.ini', 'dos737.fon', 'dos869.fon', 'dosapp.fon', 'DUBAI-BOLD.TTF', 'DUBAI-LIGHT.TTF', 'DUBAI-MEDIUM.TTF', 'DUBAI-REGULAR.TTF', 'ebrima.ttf', 'ebrimabd.ttf', 'ega40737.fon', 'ega40850.fon', 'ega40852.fon', 'ega40857.fon', 'ega40866.fon', 'ega40869.fon', 'ega40woa.fon', 'ega80737.fon', 'ega80850.fon', 'ega80852.fon', 'ega80857.fon', 'ega80866.fon', 'ega80869.fon', 'ega80woa.fon', 'ELEPHNT.TTF', 'ELEPHNTI.TTF', 'ENGR.TTF', 'ERASBD.TTF', 'ERASDEMI.TTF', 'ERASLGHT.TTF', 'ERASMD.TTF', 'FELIXTI.TTF', 'fms_metadata.xml', 'FORTE.TTF', 'FRABK.TTF', 'FRABKIT.TTF', 'FRADM.TTF', 'FRADMCN.TTF', 'FRADMIT.TTF', 'FRAHV.TTF', 'FRAHVIT.TTF', 'framd.ttf', 'FRAMDCN.TTF', 'framdit.ttf', 'FREESCPT.TTF', 'FRSCRIPT.TTF', 'FTLTLT.TTF', 'FZSTK.TTF', 'FZYTK.TTF', 'Gabriola.ttf', 'gadugi.ttf', 'gadugib.ttf', 'GARA.TTF', 'GARABD.TTF', 'GARAIT.TTF', 'georgia.ttf', 'georgiab.ttf', 'georgiai.ttf', 'georgiaz.ttf', 'GIGI.TTF', 'GILBI___.TTF', 'GILB____.TTF', 'GILC____.TTF', 'GILI____.TTF', 'GILLUBCD.TTF', 'GILSANUB.TTF', 'GIL_____.TTF', 'GLECB.TTF', 'GlobalMonospace.CompositeFont', 'GlobalSansSerif.CompositeFont', 'GlobalSerif.CompositeFont', 'GlobalUserInterface.CompositeFont', 'GLSNECB.TTF', 'GOTHIC.TTF', 'GOTHICB.TTF', 'GOTHICBI.TTF', 'GOTHICI.TTF', 'GOUDOS.TTF', 'GOUDOSB.TTF', 'GOUDOSI.TTF', 'GOUDYSTO.TTF', 'h8514fix.fon', 'h8514oem.fon', 'h8514sys.fon', 'HARLOWSI.TTF', 'HARNGTON.TTF', 'HATTEN.TTF', 'HGB1X_CNKI.ttf', 'HGB1_CNKI.ttf', 'HGB2X_CNKI.ttf', 'HGB2_CNKI.ttf', 'HGB3X_CNKI.ttf', 'HGB3_CNKI.ttf', 'HGB4X_CNKI.ttf', 'HGB4_CNKI.ttf', 'HGB5X_CNKI.ttf', 'HGB5_CNKI.ttf', 'HGB6X_CNKI.ttf', 'HGB6_CNKI.ttf', 'HGB7X_CNKI.ttf', 'HGB7_CNKI.ttf', 'HGB8X_CNKI.ttf', 'HGB8_CNKI.ttf', 'HGBD_CNKI.ttf', 'HGBKBX_CNKI.ttf', 'HGBKB_CNKI.ttf', 'HGBKHX_CNKI.ttf', 'HGBKH_CNKI.ttf', 'HGBS1_CNKI.TTF', 'HGBS2_CNKI.TTF', 'HGBS_CNKI.TTF', 'HGBTH_CNKI.TTF', 'HGBTS_CNKI.TTF', 'HGBX_CNKI.ttf', 'HGBZ_CNKI.ttf', 'HGCH_CNKI.TTF', 'HGCUH_CNKI.TTF', 'HGCY_CNKI.TTF', 'HGDBS_CNKI.TTF', 'HGDGY_CNKI.TTF', 'HGDH2_CNKI.TTF', 'HGDH_CNKI.TTF', 'HGDYS_CNKI.TTF', 'HGDY_CNKI.ttf', 'HGF1X_CNKI.ttf', 'HGF1_CNKI.ttf', 'HGF2X_CNKI.ttf', 'HGF2_CNKI.ttf', 'HGF3_CNKI.ttf', 'HGF4X_CNKI.ttf', 'HGF4_CNKI.ttf', 'HGF5X_CNKI.ttf', 'HGF5_CNKI.ttf', 'HGF6X_CNKI.ttf', 'HGF6_CNKI.ttf', 'HGF7X_CNKI.ttf', 'HGF7_CNKI.ttf', 'HGF8_CNKI.ttf', 'HGF9X_CNKI.ttf', 'HGF9_CNKI.ttf', 'HGFS1_CNKI.TTF', 'HGFS2_CNKI.TTF', 'HGFSH_CNKI.TTF', 'HGFS_CNKI.TTF', 'HGFX_CNKI.ttf', 'HGFZ_CNKI.ttf', 'HGGG_CNKI.TTF', 'HGH1X_CNKI.ttf', 'HGH1_CNKI.ttf', 'HGH2X_CNKI.ttf', 'HGH2_CNKI.ttf', 'HGH3X_CNKI.ttf', 'HGH3_CNKI.ttf', 'HGH4X_CNKI.ttf', 'HGH4_CNKI.ttf', 'HGH5X_CNKI.ttf', 'HGH5_CNKI.ttf', 'HGH6X_CNKI.ttf', 'HGH6_CNKI.ttf', 'HGH7X_CNKI.ttf', 'HGH7_CNKI.ttf', 'HGHB_CNKI.TTF', 'HGHD_CNKI.ttf', 'HGHP_CNKI.TTF', 'HGHT1_CNKI.ttf', 'HGHT2_CNKI.ttf', 'HGHUATI_CNKI.ttf', 'HGHX_CNKI.ttf', 'HGHZ_CNKI.ttf', 'HGH_CNKI.TTF', 'HGKT1_CNKI.TTF', 'HGKT2_CNKI.TTF', 'HGKT_CNKI.TTF', 'HGKY_CNKI.ttf', 'HGLB_CNKI.TTF', 'HGLS_CNKI.TTF', 'HGMH_CNKI.TTF', 'HGNBS_CNKI.ttf', 'HGOCR_CNKI.ttf', 'HGPH_CNKI.TTF', 'HGPTY_CNKI.TTF', 'HGSS1_CNKI.TTF', 'HGSS2_CNKI.TTF', 'HGSS_CNKI.TTF', 'HGSXT_CNKI.ttf', 'HGTT_CNKI.ttf', 'HGTX_CNKI.TTF', 'HGWT_CNKI.TTF', 'HGWYS_CNKI.TTF', 'HGX1X_CNKI.ttf', 'HGX1_CNKI.ttf', 'HGXBS_CNKI.TTF', 'HGXC_CNKI.TTF', 'HGXF1_CNKI.ttf', 'HGXFX_CNKI.ttf', 'HGXFZ_CNKI.ttf', 'HGXH1_CNKI.TTF', 'HGXH_CNKI.TTF', 'HGXK_CNKI.TTF', 'HGXL_CNKI.TTF', 'HGXS_CNKI.TTF', 'HGXT_CNKI.ttf', 'HGXY_CNKI.ttf', 'HGY1_CNKI.TTF', 'HGY2_CNKI.TTF', 'HGY3_CNKI.TTF', 'HGY4_CNKI.TTF', 'HGYB_CNKI.ttf', 'HGYT1_CNKI.ttf', 'HGYT2_CNKI.ttf', 'HGYT_CNKI.TTF', 'HGYX_CNKI.TTF', 'HGZCS_CNKI.TTF', 'HGZDX_CNKI.TTF', 'HGZK_CNKI.TTF', 'HGZYT_CNKI.TTF', 'HGZY_CNKI.TTF', 'himalaya.ttf', 'holomdl2.ttf', 'HTOWERT.TTF', 'HTOWERTI.TTF', 'hvgafix.fon', 'hvgasys.fon', 'impact.ttf', 'IMPRISHA.TTF', 'INFROMAN.TTF', 'Inkfree.ttf', 'iqiyi_logov7.ttf', 'ITCBLKAD.TTF', 'ITCEDSCR.TTF', 'ITCKRIST.TTF', 'j8514fix.fon', 'j8514oem.fon', 'j8514sys.fon', 'javatext.ttf', 'JOKERMAN.TTF', 'jsmalle.fon', 'jsmallf.fon', 'JUICE___.TTF', 'jvgafix.fon', 'jvgasys.fon', 'KUNSTLER.TTF', 'LATINWD.TTF', 'LBRITE.TTF', 'LBRITED.TTF', 'LBRITEDI.TTF', 'LBRITEI.TTF', 'LCALLIG.TTF', 'LeelaUIb.ttf', 'LeelawUI.ttf', 'LeelUIsl.ttf', 'LFAX.TTF', 'LFAXD.TTF', 'LFAXDI.TTF', 'LFAXI.TTF', 'LHANDW.TTF', 'LSANS.TTF', 'LSANSD.TTF', 'LSANSDI.TTF', 'LSANSI.TTF', 'LTYPE.TTF', 'LTYPEB.TTF', 'LTYPEBO.TTF', 'LTYPEO.TTF', 'lucon.ttf', 'l_10646.ttf', 'MAGNETOB.TTF', 'MAIAN.TTF', 'malgun.ttf', 'malgunbd.ttf', 'malgunsl.ttf', 'marlett.ttf', 'MATURASC.TTF', 'micross.ttf', 'mingliub.ttc', 'MISTRAL.TTF', 'mmrtext.ttf', 'mmrtextb.ttf', 'MOD20.TTF', 'modern.fon', 'monbaiti.ttf', 'msgothic.ttc', 'msjh.ttc', 'msjhbd.ttc', 'msjhl.ttc', 'msyh.ttc', 'msyhbd.ttc', 'msyhl.ttc', 'msyi.ttf', 'MTCORSVA.TTF', 'MTEXTRA.TTF', 'mvboli.ttf', 'NIAGENG.TTF', 'NIAGSOL.TTF', 'Nirmala.ttf', 'NirmalaB.ttf', 'NirmalaS.ttf', 'ntailu.ttf', 'ntailub.ttf', 'NumberOnly.ttf', 'OCRAEXT.TTF', 'OLDENGL.TTF', 'ONYX.TTF', 'OUTLOOK.TTF', 'pala.ttf', 'palab.ttf', 'palabi.ttf', 'palai.ttf', 'PALSCRI.TTF', 'PAPYRUS.TTF', 'PARCHM.TTF', 'PERBI___.TTF', 'PERB____.TTF', 'PERI____.TTF', 'PERTIBD.TTF', 'PERTILI.TTF', 'PER_____.TTF', 'phagspa.ttf', 'phagspab.ttf', 'PLAYBILL.TTF', 'POORICH.TTF', 'PRISTINA.TTF', 'RAGE.TTF', 'RAVIE.TTF', 'REFSAN.TTF', 'REFSPCL.TTF', 'ROCCB___.TTF', 'ROCC____.TTF', 'ROCK.TTF', 'ROCKB.TTF', 'ROCKBI.TTF', 'ROCKEB.TTF', 'ROCKI.TTF', 'roman.fon', 's8514fix.fon', 's8514oem.fon', 's8514sys.fon', 'SCHLBKB.TTF', 'SCHLBKBI.TTF', 'SCHLBKI.TTF', 'script.fon', 'SCRIPTBL.TTF', 'segmdl2.ttf', 'SegoeIcons.ttf', 'segoepr.ttf', 'segoeprb.ttf', 'segoesc.ttf', 'segoescb.ttf', 'segoeui.ttf', 'segoeuib.ttf', 'segoeuii.ttf', 'segoeuil.ttf', 'segoeuisl.ttf', 'segoeuiz.ttf', 'seguibl.ttf', 'seguibli.ttf', 'seguiemj.ttf', 'seguihis.ttf', 'seguili.ttf', 'seguisb.ttf', 'seguisbi.ttf', 'seguisli.ttf', 'seguisym.ttf', 'SegUIVar.ttf', 'sere1255.fon', 'sere1256.fon', 'sere1257.fon', 'serf1255.fon', 'serf1256.fon', 'serf1257.fon', 'serife.fon', 'serifee.fon', 'serifeg.fon', 'serifer.fon', 'serifet.fon', 'seriff.fon', 'seriffe.fon', 'seriffg.fon', 'seriffr.fon', 'serifft.fon', 'SHOWG.TTF', 'simfang.ttf', 'simhei.ttf', 'simkai.ttf', 'SIMLI.TTF', 'simsun.ttc', 'simsunb.ttf', 'SIMYOU.TTF', 'SitkaVF-Italic.ttf', 'SitkaVF.ttf', 'smae1255.fon', 'smae1256.fon', 'smae1257.fon', 'smaf1255.fon', 'smaf1256.fon', 'smaf1257.fon', 'smalle.fon', 'smallee.fon', 'smalleg.fon', 'smaller.fon', 'smallet.fon', 'smallf.fon', 'smallfe.fon', 'smallfg.fon', 'smallfr.fon', 'smallft.fon', 'SNAP____.TTF', 'ssee1255.fon', 'ssee1256.fon', 'ssee1257.fon', 'ssee874.fon', 'ssef1255.fon', 'ssef1256.fon', 'ssef1257.fon', 'ssef874.fon', 'sserife.fon', 'sserifee.fon', 'sserifeg.fon', 'sserifer.fon', 'sserifet.fon', 'sseriff.fon', 'sseriffe.fon', 'sseriffg.fon', 'sseriffr.fon', 'sserifft.fon', 'StaticCache.dat', 'STCAIYUN.TTF', 'STENCIL.TTF', 'STFANGSO.TTF', 'STHUPO.TTF', 'STKAITI.TTF', 'STLITI.TTF', 'STSONG.TTF', 'STXIHEI.TTF', 'STXINGKA.TTF', 'STXINWEI.TTF', 'STZHONGS.TTF', 'svgafix.fon', 'svgasys.fon', 'sylfaen.ttf', 'symbol.ttf', 'tahoma.ttf', 'tahomabd.ttf', 'taile.ttf', 'taileb.ttf', 'TCBI____.TTF', 'TCB_____.TTF', 'TCCB____.TTF', 'TCCEB.TTF', 'TCCM____.TTF', 'TCMI____.TTF', 'TCM_____.TTF', 'TEMPSITC.TTF', 'times.ttf', 'timesbd.ttf', 'timesbi.ttf', 'timesi.ttf', 'trebuc.ttf', 'trebucbd.ttf', 'trebucbi.ttf', 'trebucit.ttf', 'verdana.ttf', 'verdanab.ttf', 'verdanai.ttf', 'verdanaz.ttf', 'vga737.fon', 'vga775.fon', 'vga850.fon', 'vga852.fon', 'vga855.fon', 'vga857.fon', 'vga860.fon', 'vga861.fon', 'vga863.fon', 'vga865.fon', 'vga866.fon', 'vga869.fon', 'vga932.fon', 'vga936.fon', 'vga949.fon', 'vga950.fon', 'vgaf1255.fon', 'vgaf1256.fon', 'vgaf1257.fon', 'vgaf874.fon', 'vgafix.fon', 'vgafixe.fon', 'vgafixg.fon', 'vgafixr.fon', 'vgafixt.fon', 'vgaoem.fon', 'vgas1255.fon', 'vgas1256.fon', 'vgas1257.fon', 'vgas874.fon', 'vgasys.fon', 'vgasyse.fon', 'vgasysg.fon', 'vgasysr.fon', 'vgasyst.fon', 'VINERITC.TTF', 'VIVALDII.TTF', 'VLADIMIR.TTF', 'webdings.ttf', 'wingding.ttf', 'WINGDNG2.TTF', 'WINGDNG3.TTF', 'YuGothB.ttc', 'YuGothL.ttc', 'YuGothM.ttc', 'YuGothR.ttc', '\u534e\u5eb7\u65b9\u5706\u4f53W7.TTC', '\u65b9\u6b63\u7c97\u9ed1\u5b8b\u7b80\u4f53.ttf']
2023-09-27 15:56:33,013 - INFO - all fonts installed:['8514fix.fon', '8514fixe.fon', '8514fixg.fon', '8514fixr.fon', '8514fixt.fon', '8514oem.fon', '8514oeme.fon', '8514oemg.fon', '8514oemr.fon', '8514oemt.fon', '8514sys.fon', '8514syse.fon', '8514sysg.fon', '8514sysr.fon', '8514syst.fon', '85775.fon', '85855.fon', '85f1255.fon', '85f1256.fon', '85f1257.fon', '85f874.fon', '85s1255.fon', '85s1256.fon', '85s1257.fon', '85s874.fon', 'AGENCYB.TTF', 'AGENCYR.TTF', 'ALGER.TTF', 'ANTQUAB.TTF', 'ANTQUABI.TTF', 'ANTQUAI.TTF', 'app775.fon', 'app850.fon', 'app852.fon', 'app855.fon', 'app857.fon', 'app866.fon', 'app932.fon', 'app936.fon', 'app949.fon', 'app950.fon', 'arial.ttf', 'arialbd.ttf', 'arialbi.ttf', 'ariali.ttf', 'ARIALN.TTF', 'ARIALNB.TTF', 'ARIALNBI.TTF', 'ARIALNI.TTF', 'ariblk.ttf', 'ARLRDBD.TTF', 'AxureHandwriting-Bold.otf', 'AxureHandwriting-BoldItalic.otf', 'AxureHandwriting-Italic.otf', 'AxureHandwriting.otf', 'bahnschrift.ttf', 'BASKVILL.TTF', 'BAUHS93.TTF', 'BELL.TTF', 'BELLB.TTF', 'BELLI.TTF', 'BERNHC.TTF', 'BKANT.TTF', 'BOD_B.TTF', 'BOD_BI.TTF', 'BOD_BLAI.TTF', 'BOD_BLAR.TTF', 'BOD_CB.TTF', 'BOD_CBI.TTF', 'BOD_CI.TTF', 'BOD_CR.TTF', 'BOD_I.TTF', 'BOD_PSTC.TTF', 'BOD_R.TTF', 'BOOKOS.TTF', 'BOOKOSB.TTF', 'BOOKOSBI.TTF', 'BOOKOSI.TTF', 'BRADHITC.TTF', 'BRITANIC.TTF', 'BRLNSB.TTF', 'BRLNSDB.TTF', 'BRLNSR.TTF', 'BROADW.TTF', 'BRUSHSCI.TTF', 'BSSYM7.TTF', 'c8514fix.fon', 'c8514oem.fon', 'c8514sys.fon', 'calibri.ttf', 'calibrib.ttf', 'calibrii.ttf', 'calibril.ttf', 'calibrili.ttf', 'calibriz.ttf', 'CALIFB.TTF', 'CALIFI.TTF', 'CALIFR.TTF', 'CALIST.TTF', 'CALISTB.TTF', 'CALISTBI.TTF', 'CALISTI.TTF', 'cambria.ttc', 'cambriab.ttf', 'cambriai.ttf', 'cambriaz.ttf', 'Candara.ttf', 'Candarab.ttf', 'Candarai.ttf', 'Candaral.ttf', 'Candarali.ttf', 'Candaraz.ttf', 'CascadiaCode.ttf', 'CascadiaMono.ttf', 'CASTELAR.TTF', 'CENSCBK.TTF', 'CENTAUR.TTF', 'CENTURY.TTF', 'cga40737.fon', 'cga40850.fon', 'cga40852.fon', 'cga40857.fon', 'cga40866.fon', 'cga40869.fon', 'cga40woa.fon', 'cga80737.fon', 'cga80850.fon', 'cga80852.fon', 'cga80857.fon', 'cga80866.fon', 'cga80869.fon', 'cga80woa.fon', 'CHILLER.TTF', 'COLONNA.TTF', 'comic.ttf', 'comicbd.ttf', 'comici.ttf', 'comicz.ttf', 'consola.ttf', 'consolab.ttf', 'consolai.ttf', 'consolaz.ttf', 'constan.ttf', 'constanb.ttf', 'constani.ttf', 'constanz.ttf', 'COOPBL.TTF', 'COPRGTB.TTF', 'COPRGTL.TTF', 'corbel.ttf', 'corbelb.ttf', 'corbeli.ttf', 'corbell.ttf', 'corbelli.ttf', 'corbelz.ttf', 'coue1255.fon', 'coue1256.fon', 'coue1257.fon', 'couf1255.fon', 'couf1256.fon', 'couf1257.fon', 'cour.ttf', 'courbd.ttf', 'courbi.ttf', 'coure.fon', 'couree.fon', 'coureg.fon', 'courer.fon', 'couret.fon', 'courf.fon', 'courfe.fon', 'courfg.fon', 'courfr.fon', 'courft.fon', 'couri.ttf', 'CURLZ___.TTF', 'cvgafix.fon', 'cvgasys.fon', 'Deng.ttf', 'Dengb.ttf', 'Dengl.ttf', 'desktop.ini', 'dos737.fon', 'dos869.fon', 'dosapp.fon', 'DUBAI-BOLD.TTF', 'DUBAI-LIGHT.TTF', 'DUBAI-MEDIUM.TTF', 'DUBAI-REGULAR.TTF', 'ebrima.ttf', 'ebrimabd.ttf', 'ega40737.fon', 'ega40850.fon', 'ega40852.fon', 'ega40857.fon', 'ega40866.fon', 'ega40869.fon', 'ega40woa.fon', 'ega80737.fon', 'ega80850.fon', 'ega80852.fon', 'ega80857.fon', 'ega80866.fon', 'ega80869.fon', 'ega80woa.fon', 'ELEPHNT.TTF', 'ELEPHNTI.TTF', 'ENGR.TTF', 'ERASBD.TTF', 'ERASDEMI.TTF', 'ERASLGHT.TTF', 'ERASMD.TTF', 'FELIXTI.TTF', 'fms_metadata.xml', 'FORTE.TTF', 'FRABK.TTF', 'FRABKIT.TTF', 'FRADM.TTF', 'FRADMCN.TTF', 'FRADMIT.TTF', 'FRAHV.TTF', 'FRAHVIT.TTF', 'framd.ttf', 'FRAMDCN.TTF', 'framdit.ttf', 'FREESCPT.TTF', 'FRSCRIPT.TTF', 'FTLTLT.TTF', 'FZSTK.TTF', 'FZYTK.TTF', 'Gabriola.ttf', 'gadugi.ttf', 'gadugib.ttf', 'GARA.TTF', 'GARABD.TTF', 'GARAIT.TTF', 'georgia.ttf', 'georgiab.ttf', 'georgiai.ttf', 'georgiaz.ttf', 'GIGI.TTF', 'GILBI___.TTF', 'GILB____.TTF', 'GILC____.TTF', 'GILI____.TTF', 'GILLUBCD.TTF', 'GILSANUB.TTF', 'GIL_____.TTF', 'GLECB.TTF', 'GlobalMonospace.CompositeFont', 'GlobalSansSerif.CompositeFont', 'GlobalSerif.CompositeFont', 'GlobalUserInterface.CompositeFont', 'GLSNECB.TTF', 'GOTHIC.TTF', 'GOTHICB.TTF', 'GOTHICBI.TTF', 'GOTHICI.TTF', 'GOUDOS.TTF', 'GOUDOSB.TTF', 'GOUDOSI.TTF', 'GOUDYSTO.TTF', 'h8514fix.fon', 'h8514oem.fon', 'h8514sys.fon', 'HARLOWSI.TTF', 'HARNGTON.TTF', 'HATTEN.TTF', 'HGB1X_CNKI.ttf', 'HGB1_CNKI.ttf', 'HGB2X_CNKI.ttf', 'HGB2_CNKI.ttf', 'HGB3X_CNKI.ttf', 'HGB3_CNKI.ttf', 'HGB4X_CNKI.ttf', 'HGB4_CNKI.ttf', 'HGB5X_CNKI.ttf', 'HGB5_CNKI.ttf', 'HGB6X_CNKI.ttf', 'HGB6_CNKI.ttf', 'HGB7X_CNKI.ttf', 'HGB7_CNKI.ttf', 'HGB8X_CNKI.ttf', 'HGB8_CNKI.ttf', 'HGBD_CNKI.ttf', 'HGBKBX_CNKI.ttf', 'HGBKB_CNKI.ttf', 'HGBKHX_CNKI.ttf', 'HGBKH_CNKI.ttf', 'HGBS1_CNKI.TTF', 'HGBS2_CNKI.TTF', 'HGBS_CNKI.TTF', 'HGBTH_CNKI.TTF', 'HGBTS_CNKI.TTF', 'HGBX_CNKI.ttf', 'HGBZ_CNKI.ttf', 'HGCH_CNKI.TTF', 'HGCUH_CNKI.TTF', 'HGCY_CNKI.TTF', 'HGDBS_CNKI.TTF', 'HGDGY_CNKI.TTF', 'HGDH2_CNKI.TTF', 'HGDH_CNKI.TTF', 'HGDYS_CNKI.TTF', 'HGDY_CNKI.ttf', 'HGF1X_CNKI.ttf', 'HGF1_CNKI.ttf', 'HGF2X_CNKI.ttf', 'HGF2_CNKI.ttf', 'HGF3_CNKI.ttf', 'HGF4X_CNKI.ttf', 'HGF4_CNKI.ttf', 'HGF5X_CNKI.ttf', 'HGF5_CNKI.ttf', 'HGF6X_CNKI.ttf', 'HGF6_CNKI.ttf', 'HGF7X_CNKI.ttf', 'HGF7_CNKI.ttf', 'HGF8_CNKI.ttf', 'HGF9X_CNKI.ttf', 'HGF9_CNKI.ttf', 'HGFS1_CNKI.TTF', 'HGFS2_CNKI.TTF', 'HGFSH_CNKI.TTF', 'HGFS_CNKI.TTF', 'HGFX_CNKI.ttf', 'HGFZ_CNKI.ttf', 'HGGG_CNKI.TTF', 'HGH1X_CNKI.ttf', 'HGH1_CNKI.ttf', 'HGH2X_CNKI.ttf', 'HGH2_CNKI.ttf', 'HGH3X_CNKI.ttf', 'HGH3_CNKI.ttf', 'HGH4X_CNKI.ttf', 'HGH4_CNKI.ttf', 'HGH5X_CNKI.ttf', 'HGH5_CNKI.ttf', 'HGH6X_CNKI.ttf', 'HGH6_CNKI.ttf', 'HGH7X_CNKI.ttf', 'HGH7_CNKI.ttf', 'HGHB_CNKI.TTF', 'HGHD_CNKI.ttf', 'HGHP_CNKI.TTF', 'HGHT1_CNKI.ttf', 'HGHT2_CNKI.ttf', 'HGHUATI_CNKI.ttf', 'HGHX_CNKI.ttf', 'HGHZ_CNKI.ttf', 'HGH_CNKI.TTF', 'HGKT1_CNKI.TTF', 'HGKT2_CNKI.TTF', 'HGKT_CNKI.TTF', 'HGKY_CNKI.ttf', 'HGLB_CNKI.TTF', 'HGLS_CNKI.TTF', 'HGMH_CNKI.TTF', 'HGNBS_CNKI.ttf', 'HGOCR_CNKI.ttf', 'HGPH_CNKI.TTF', 'HGPTY_CNKI.TTF', 'HGSS1_CNKI.TTF', 'HGSS2_CNKI.TTF', 'HGSS_CNKI.TTF', 'HGSXT_CNKI.ttf', 'HGTT_CNKI.ttf', 'HGTX_CNKI.TTF', 'HGWT_CNKI.TTF', 'HGWYS_CNKI.TTF', 'HGX1X_CNKI.ttf', 'HGX1_CNKI.ttf', 'HGXBS_CNKI.TTF', 'HGXC_CNKI.TTF', 'HGXF1_CNKI.ttf', 'HGXFX_CNKI.ttf', 'HGXFZ_CNKI.ttf', 'HGXH1_CNKI.TTF', 'HGXH_CNKI.TTF', 'HGXK_CNKI.TTF', 'HGXL_CNKI.TTF', 'HGXS_CNKI.TTF', 'HGXT_CNKI.ttf', 'HGXY_CNKI.ttf', 'HGY1_CNKI.TTF', 'HGY2_CNKI.TTF', 'HGY3_CNKI.TTF', 'HGY4_CNKI.TTF', 'HGYB_CNKI.ttf', 'HGYT1_CNKI.ttf', 'HGYT2_CNKI.ttf', 'HGYT_CNKI.TTF', 'HGYX_CNKI.TTF', 'HGZCS_CNKI.TTF', 'HGZDX_CNKI.TTF', 'HGZK_CNKI.TTF', 'HGZYT_CNKI.TTF', 'HGZY_CNKI.TTF', 'himalaya.ttf', 'holomdl2.ttf', 'HTOWERT.TTF', 'HTOWERTI.TTF', 'hvgafix.fon', 'hvgasys.fon', 'impact.ttf', 'IMPRISHA.TTF', 'INFROMAN.TTF', 'Inkfree.ttf', 'iqiyi_logov7.ttf', 'ITCBLKAD.TTF', 'ITCEDSCR.TTF', 'ITCKRIST.TTF', 'j8514fix.fon', 'j8514oem.fon', 'j8514sys.fon', 'javatext.ttf', 'JOKERMAN.TTF', 'jsmalle.fon', 'jsmallf.fon', 'JUICE___.TTF', 'jvgafix.fon', 'jvgasys.fon', 'KUNSTLER.TTF', 'LATINWD.TTF', 'LBRITE.TTF', 'LBRITED.TTF', 'LBRITEDI.TTF', 'LBRITEI.TTF', 'LCALLIG.TTF', 'LeelaUIb.ttf', 'LeelawUI.ttf', 'LeelUIsl.ttf', 'LFAX.TTF', 'LFAXD.TTF', 'LFAXDI.TTF', 'LFAXI.TTF', 'LHANDW.TTF', 'LSANS.TTF', 'LSANSD.TTF', 'LSANSDI.TTF', 'LSANSI.TTF', 'LTYPE.TTF', 'LTYPEB.TTF', 'LTYPEBO.TTF', 'LTYPEO.TTF', 'lucon.ttf', 'l_10646.ttf', 'MAGNETOB.TTF', 'MAIAN.TTF', 'malgun.ttf', 'malgunbd.ttf', 'malgunsl.ttf', 'marlett.ttf', 'MATURASC.TTF', 'micross.ttf', 'mingliub.ttc', 'MISTRAL.TTF', 'mmrtext.ttf', 'mmrtextb.ttf', 'MOD20.TTF', 'modern.fon', 'monbaiti.ttf', 'msgothic.ttc', 'msjh.ttc', 'msjhbd.ttc', 'msjhl.ttc', 'msyh.ttc', 'msyhbd.ttc', 'msyhl.ttc', 'msyi.ttf', 'MTCORSVA.TTF', 'MTEXTRA.TTF', 'mvboli.ttf', 'NIAGENG.TTF', 'NIAGSOL.TTF', 'Nirmala.ttf', 'NirmalaB.ttf', 'NirmalaS.ttf', 'ntailu.ttf', 'ntailub.ttf', 'NumberOnly.ttf', 'OCRAEXT.TTF', 'OLDENGL.TTF', 'ONYX.TTF', 'OUTLOOK.TTF', 'pala.ttf', 'palab.ttf', 'palabi.ttf', 'palai.ttf', 'PALSCRI.TTF', 'PAPYRUS.TTF', 'PARCHM.TTF', 'PERBI___.TTF', 'PERB____.TTF', 'PERI____.TTF', 'PERTIBD.TTF', 'PERTILI.TTF', 'PER_____.TTF', 'phagspa.ttf', 'phagspab.ttf', 'PLAYBILL.TTF', 'POORICH.TTF', 'PRISTINA.TTF', 'RAGE.TTF', 'RAVIE.TTF', 'REFSAN.TTF', 'REFSPCL.TTF', 'ROCCB___.TTF', 'ROCC____.TTF', 'ROCK.TTF', 'ROCKB.TTF', 'ROCKBI.TTF', 'ROCKEB.TTF', 'ROCKI.TTF', 'roman.fon', 's8514fix.fon', 's8514oem.fon', 's8514sys.fon', 'SCHLBKB.TTF', 'SCHLBKBI.TTF', 'SCHLBKI.TTF', 'script.fon', 'SCRIPTBL.TTF', 'segmdl2.ttf', 'SegoeIcons.ttf', 'segoepr.ttf', 'segoeprb.ttf', 'segoesc.ttf', 'segoescb.ttf', 'segoeui.ttf', 'segoeuib.ttf', 'segoeuii.ttf', 'segoeuil.ttf', 'segoeuisl.ttf', 'segoeuiz.ttf', 'seguibl.ttf', 'seguibli.ttf', 'seguiemj.ttf', 'seguihis.ttf', 'seguili.ttf', 'seguisb.ttf', 'seguisbi.ttf', 'seguisli.ttf', 'seguisym.ttf', 'SegUIVar.ttf', 'sere1255.fon', 'sere1256.fon', 'sere1257.fon', 'serf1255.fon', 'serf1256.fon', 'serf1257.fon', 'serife.fon', 'serifee.fon', 'serifeg.fon', 'serifer.fon', 'serifet.fon', 'seriff.fon', 'seriffe.fon', 'seriffg.fon', 'seriffr.fon', 'serifft.fon', 'SHOWG.TTF', 'simfang.ttf', 'simhei.ttf', 'simkai.ttf', 'SIMLI.TTF', 'simsun.ttc', 'simsunb.ttf', 'SIMYOU.TTF', 'SitkaVF-Italic.ttf', 'SitkaVF.ttf', 'smae1255.fon', 'smae1256.fon', 'smae1257.fon', 'smaf1255.fon', 'smaf1256.fon', 'smaf1257.fon', 'smalle.fon', 'smallee.fon', 'smalleg.fon', 'smaller.fon', 'smallet.fon', 'smallf.fon', 'smallfe.fon', 'smallfg.fon', 'smallfr.fon', 'smallft.fon', 'SNAP____.TTF', 'ssee1255.fon', 'ssee1256.fon', 'ssee1257.fon', 'ssee874.fon', 'ssef1255.fon', 'ssef1256.fon', 'ssef1257.fon', 'ssef874.fon', 'sserife.fon', 'sserifee.fon', 'sserifeg.fon', 'sserifer.fon', 'sserifet.fon', 'sseriff.fon', 'sseriffe.fon', 'sseriffg.fon', 'sseriffr.fon', 'sserifft.fon', 'StaticCache.dat', 'STCAIYUN.TTF', 'STENCIL.TTF', 'STFANGSO.TTF', 'STHUPO.TTF', 'STKAITI.TTF', 'STLITI.TTF', 'STSONG.TTF', 'STXIHEI.TTF', 'STXINGKA.TTF', 'STXINWEI.TTF', 'STZHONGS.TTF', 'svgafix.fon', 'svgasys.fon', 'sylfaen.ttf', 'symbol.ttf', 'tahoma.ttf', 'tahomabd.ttf', 'taile.ttf', 'taileb.ttf', 'TCBI____.TTF', 'TCB_____.TTF', 'TCCB____.TTF', 'TCCEB.TTF', 'TCCM____.TTF', 'TCMI____.TTF', 'TCM_____.TTF', 'TEMPSITC.TTF', 'times.ttf', 'timesbd.ttf', 'timesbi.ttf', 'timesi.ttf', 'trebuc.ttf', 'trebucbd.ttf', 'trebucbi.ttf', 'trebucit.ttf', 'verdana.ttf', 'verdanab.ttf', 'verdanai.ttf', 'verdanaz.ttf', 'vga737.fon', 'vga775.fon', 'vga850.fon', 'vga852.fon', 'vga855.fon', 'vga857.fon', 'vga860.fon', 'vga861.fon', 'vga863.fon', 'vga865.fon', 'vga866.fon', 'vga869.fon', 'vga932.fon', 'vga936.fon', 'vga949.fon', 'vga950.fon', 'vgaf1255.fon', 'vgaf1256.fon', 'vgaf1257.fon', 'vgaf874.fon', 'vgafix.fon', 'vgafixe.fon', 'vgafixg.fon', 'vgafixr.fon', 'vgafixt.fon', 'vgaoem.fon', 'vgas1255.fon', 'vgas1256.fon', 'vgas1257.fon', 'vgas874.fon', 'vgasys.fon', 'vgasyse.fon', 'vgasysg.fon', 'vgasysr.fon', 'vgasyst.fon', 'VINERITC.TTF', 'VIVALDII.TTF', 'VLADIMIR.TTF', 'webdings.ttf', 'wingding.ttf', 'WINGDNG2.TTF', 'WINGDNG3.TTF', 'YuGothB.ttc', 'YuGothL.ttc', 'YuGothM.ttc', 'YuGothR.ttc', '\u534e\u5eb7\u65b9\u5706\u4f53W7.TTC', '\u65b9\u6b63\u7c97\u9ed1\u5b8b\u7b80\u4f53.ttf']
2023-09-27 15:56:33,018 - INFO - all fonts installed:['8514fix.fon', '8514fixe.fon', '8514fixg.fon', '8514fixr.fon', '8514fixt.fon', '8514oem.fon', '8514oeme.fon', '8514oemg.fon', '8514oemr.fon', '8514oemt.fon', '8514sys.fon', '8514syse.fon', '8514sysg.fon', '8514sysr.fon', '8514syst.fon', '85775.fon', '85855.fon', '85f1255.fon', '85f1256.fon', '85f1257.fon', '85f874.fon', '85s1255.fon', '85s1256.fon', '85s1257.fon', '85s874.fon', 'AGENCYB.TTF', 'AGENCYR.TTF', 'ALGER.TTF', 'ANTQUAB.TTF', 'ANTQUABI.TTF', 'ANTQUAI.TTF', 'app775.fon', 'app850.fon', 'app852.fon', 'app855.fon', 'app857.fon', 'app866.fon', 'app932.fon', 'app936.fon', 'app949.fon', 'app950.fon', 'arial.ttf', 'arialbd.ttf', 'arialbi.ttf', 'ariali.ttf', 'ARIALN.TTF', 'ARIALNB.TTF', 'ARIALNBI.TTF', 'ARIALNI.TTF', 'ariblk.ttf', 'ARLRDBD.TTF', 'AxureHandwriting-Bold.otf', 'AxureHandwriting-BoldItalic.otf', 'AxureHandwriting-Italic.otf', 'AxureHandwriting.otf', 'bahnschrift.ttf', 'BASKVILL.TTF', 'BAUHS93.TTF', 'BELL.TTF', 'BELLB.TTF', 'BELLI.TTF', 'BERNHC.TTF', 'BKANT.TTF', 'BOD_B.TTF', 'BOD_BI.TTF', 'BOD_BLAI.TTF', 'BOD_BLAR.TTF', 'BOD_CB.TTF', 'BOD_CBI.TTF', 'BOD_CI.TTF', 'BOD_CR.TTF', 'BOD_I.TTF', 'BOD_PSTC.TTF', 'BOD_R.TTF', 'BOOKOS.TTF', 'BOOKOSB.TTF', 'BOOKOSBI.TTF', 'BOOKOSI.TTF', 'BRADHITC.TTF', 'BRITANIC.TTF', 'BRLNSB.TTF', 'BRLNSDB.TTF', 'BRLNSR.TTF', 'BROADW.TTF', 'BRUSHSCI.TTF', 'BSSYM7.TTF', 'c8514fix.fon', 'c8514oem.fon', 'c8514sys.fon', 'calibri.ttf', 'calibrib.ttf', 'calibrii.ttf', 'calibril.ttf', 'calibrili.ttf', 'calibriz.ttf', 'CALIFB.TTF', 'CALIFI.TTF', 'CALIFR.TTF', 'CALIST.TTF', 'CALISTB.TTF', 'CALISTBI.TTF', 'CALISTI.TTF', 'cambria.ttc', 'cambriab.ttf', 'cambriai.ttf', 'cambriaz.ttf', 'Candara.ttf', 'Candarab.ttf', 'Candarai.ttf', 'Candaral.ttf', 'Candarali.ttf', 'Candaraz.ttf', 'CascadiaCode.ttf', 'CascadiaMono.ttf', 'CASTELAR.TTF', 'CENSCBK.TTF', 'CENTAUR.TTF', 'CENTURY.TTF', 'cga40737.fon', 'cga40850.fon', 'cga40852.fon', 'cga40857.fon', 'cga40866.fon', 'cga40869.fon', 'cga40woa.fon', 'cga80737.fon', 'cga80850.fon', 'cga80852.fon', 'cga80857.fon', 'cga80866.fon', 'cga80869.fon', 'cga80woa.fon', 'CHILLER.TTF', 'COLONNA.TTF', 'comic.ttf', 'comicbd.ttf', 'comici.ttf', 'comicz.ttf', 'consola.ttf', 'consolab.ttf', 'consolai.ttf', 'consolaz.ttf', 'constan.ttf', 'constanb.ttf', 'constani.ttf', 'constanz.ttf', 'COOPBL.TTF', 'COPRGTB.TTF', 'COPRGTL.TTF', 'corbel.ttf', 'corbelb.ttf', 'corbeli.ttf', 'corbell.ttf', 'corbelli.ttf', 'corbelz.ttf', 'coue1255.fon', 'coue1256.fon', 'coue1257.fon', 'couf1255.fon', 'couf1256.fon', 'couf1257.fon', 'cour.ttf', 'courbd.ttf', 'courbi.ttf', 'coure.fon', 'couree.fon', 'coureg.fon', 'courer.fon', 'couret.fon', 'courf.fon', 'courfe.fon', 'courfg.fon', 'courfr.fon', 'courft.fon', 'couri.ttf', 'CURLZ___.TTF', 'cvgafix.fon', 'cvgasys.fon', 'Deng.ttf', 'Dengb.ttf', 'Dengl.ttf', 'desktop.ini', 'dos737.fon', 'dos869.fon', 'dosapp.fon', 'DUBAI-BOLD.TTF', 'DUBAI-LIGHT.TTF', 'DUBAI-MEDIUM.TTF', 'DUBAI-REGULAR.TTF', 'ebrima.ttf', 'ebrimabd.ttf', 'ega40737.fon', 'ega40850.fon', 'ega40852.fon', 'ega40857.fon', 'ega40866.fon', 'ega40869.fon', 'ega40woa.fon', 'ega80737.fon', 'ega80850.fon', 'ega80852.fon', 'ega80857.fon', 'ega80866.fon', 'ega80869.fon', 'ega80woa.fon', 'ELEPHNT.TTF', 'ELEPHNTI.TTF', 'ENGR.TTF', 'ERASBD.TTF', 'ERASDEMI.TTF', 'ERASLGHT.TTF', 'ERASMD.TTF', 'FELIXTI.TTF', 'fms_metadata.xml', 'FORTE.TTF', 'FRABK.TTF', 'FRABKIT.TTF', 'FRADM.TTF', 'FRADMCN.TTF', 'FRADMIT.TTF', 'FRAHV.TTF', 'FRAHVIT.TTF', 'framd.ttf', 'FRAMDCN.TTF', 'framdit.ttf', 'FREESCPT.TTF', 'FRSCRIPT.TTF', 'FTLTLT.TTF', 'FZSTK.TTF', 'FZYTK.TTF', 'Gabriola.ttf', 'gadugi.ttf', 'gadugib.ttf', 'GARA.TTF', 'GARABD.TTF', 'GARAIT.TTF', 'georgia.ttf', 'georgiab.ttf', 'georgiai.ttf', 'georgiaz.ttf', 'GIGI.TTF', 'GILBI___.TTF', 'GILB____.TTF', 'GILC____.TTF', 'GILI____.TTF', 'GILLUBCD.TTF', 'GILSANUB.TTF', 'GIL_____.TTF', 'GLECB.TTF', 'GlobalMonospace.CompositeFont', 'GlobalSansSerif.CompositeFont', 'GlobalSerif.CompositeFont', 'GlobalUserInterface.CompositeFont', 'GLSNECB.TTF', 'GOTHIC.TTF', 'GOTHICB.TTF', 'GOTHICBI.TTF', 'GOTHICI.TTF', 'GOUDOS.TTF', 'GOUDOSB.TTF', 'GOUDOSI.TTF', 'GOUDYSTO.TTF', 'h8514fix.fon', 'h8514oem.fon', 'h8514sys.fon', 'HARLOWSI.TTF', 'HARNGTON.TTF', 'HATTEN.TTF', 'HGB1X_CNKI.ttf', 'HGB1_CNKI.ttf', 'HGB2X_CNKI.ttf', 'HGB2_CNKI.ttf', 'HGB3X_CNKI.ttf', 'HGB3_CNKI.ttf', 'HGB4X_CNKI.ttf', 'HGB4_CNKI.ttf', 'HGB5X_CNKI.ttf', 'HGB5_CNKI.ttf', 'HGB6X_CNKI.ttf', 'HGB6_CNKI.ttf', 'HGB7X_CNKI.ttf', 'HGB7_CNKI.ttf', 'HGB8X_CNKI.ttf', 'HGB8_CNKI.ttf', 'HGBD_CNKI.ttf', 'HGBKBX_CNKI.ttf', 'HGBKB_CNKI.ttf', 'HGBKHX_CNKI.ttf', 'HGBKH_CNKI.ttf', 'HGBS1_CNKI.TTF', 'HGBS2_CNKI.TTF', 'HGBS_CNKI.TTF', 'HGBTH_CNKI.TTF', 'HGBTS_CNKI.TTF', 'HGBX_CNKI.ttf', 'HGBZ_CNKI.ttf', 'HGCH_CNKI.TTF', 'HGCUH_CNKI.TTF', 'HGCY_CNKI.TTF', 'HGDBS_CNKI.TTF', 'HGDGY_CNKI.TTF', 'HGDH2_CNKI.TTF', 'HGDH_CNKI.TTF', 'HGDYS_CNKI.TTF', 'HGDY_CNKI.ttf', 'HGF1X_CNKI.ttf', 'HGF1_CNKI.ttf', 'HGF2X_CNKI.ttf', 'HGF2_CNKI.ttf', 'HGF3_CNKI.ttf', 'HGF4X_CNKI.ttf', 'HGF4_CNKI.ttf', 'HGF5X_CNKI.ttf', 'HGF5_CNKI.ttf', 'HGF6X_CNKI.ttf', 'HGF6_CNKI.ttf', 'HGF7X_CNKI.ttf', 'HGF7_CNKI.ttf', 'HGF8_CNKI.ttf', 'HGF9X_CNKI.ttf', 'HGF9_CNKI.ttf', 'HGFS1_CNKI.TTF', 'HGFS2_CNKI.TTF', 'HGFSH_CNKI.TTF', 'HGFS_CNKI.TTF', 'HGFX_CNKI.ttf', 'HGFZ_CNKI.ttf', 'HGGG_CNKI.TTF', 'HGH1X_CNKI.ttf', 'HGH1_CNKI.ttf', 'HGH2X_CNKI.ttf', 'HGH2_CNKI.ttf', 'HGH3X_CNKI.ttf', 'HGH3_CNKI.ttf', 'HGH4X_CNKI.ttf', 'HGH4_CNKI.ttf', 'HGH5X_CNKI.ttf', 'HGH5_CNKI.ttf', 'HGH6X_CNKI.ttf', 'HGH6_CNKI.ttf', 'HGH7X_CNKI.ttf', 'HGH7_CNKI.ttf', 'HGHB_CNKI.TTF', 'HGHD_CNKI.ttf', 'HGHP_CNKI.TTF', 'HGHT1_CNKI.ttf', 'HGHT2_CNKI.ttf', 'HGHUATI_CNKI.ttf', 'HGHX_CNKI.ttf', 'HGHZ_CNKI.ttf', 'HGH_CNKI.TTF', 'HGKT1_CNKI.TTF', 'HGKT2_CNKI.TTF', 'HGKT_CNKI.TTF', 'HGKY_CNKI.ttf', 'HGLB_CNKI.TTF', 'HGLS_CNKI.TTF', 'HGMH_CNKI.TTF', 'HGNBS_CNKI.ttf', 'HGOCR_CNKI.ttf', 'HGPH_CNKI.TTF', 'HGPTY_CNKI.TTF', 'HGSS1_CNKI.TTF', 'HGSS2_CNKI.TTF', 'HGSS_CNKI.TTF', 'HGSXT_CNKI.ttf', 'HGTT_CNKI.ttf', 'HGTX_CNKI.TTF', 'HGWT_CNKI.TTF', 'HGWYS_CNKI.TTF', 'HGX1X_CNKI.ttf', 'HGX1_CNKI.ttf', 'HGXBS_CNKI.TTF', 'HGXC_CNKI.TTF', 'HGXF1_CNKI.ttf', 'HGXFX_CNKI.ttf', 'HGXFZ_CNKI.ttf', 'HGXH1_CNKI.TTF', 'HGXH_CNKI.TTF', 'HGXK_CNKI.TTF', 'HGXL_CNKI.TTF', 'HGXS_CNKI.TTF', 'HGXT_CNKI.ttf', 'HGXY_CNKI.ttf', 'HGY1_CNKI.TTF', 'HGY2_CNKI.TTF', 'HGY3_CNKI.TTF', 'HGY4_CNKI.TTF', 'HGYB_CNKI.ttf', 'HGYT1_CNKI.ttf', 'HGYT2_CNKI.ttf', 'HGYT_CNKI.TTF', 'HGYX_CNKI.TTF', 'HGZCS_CNKI.TTF', 'HGZDX_CNKI.TTF', 'HGZK_CNKI.TTF', 'HGZYT_CNKI.TTF', 'HGZY_CNKI.TTF', 'himalaya.ttf', 'holomdl2.ttf', 'HTOWERT.TTF', 'HTOWERTI.TTF', 'hvgafix.fon', 'hvgasys.fon', 'impact.ttf', 'IMPRISHA.TTF', 'INFROMAN.TTF', 'Inkfree.ttf', 'iqiyi_logov7.ttf', 'ITCBLKAD.TTF', 'ITCEDSCR.TTF', 'ITCKRIST.TTF', 'j8514fix.fon', 'j8514oem.fon', 'j8514sys.fon', 'javatext.ttf', 'JOKERMAN.TTF', 'jsmalle.fon', 'jsmallf.fon', 'JUICE___.TTF', 'jvgafix.fon', 'jvgasys.fon', 'KUNSTLER.TTF', 'LATINWD.TTF', 'LBRITE.TTF', 'LBRITED.TTF', 'LBRITEDI.TTF', 'LBRITEI.TTF', 'LCALLIG.TTF', 'LeelaUIb.ttf', 'LeelawUI.ttf', 'LeelUIsl.ttf', 'LFAX.TTF', 'LFAXD.TTF', 'LFAXDI.TTF', 'LFAXI.TTF', 'LHANDW.TTF', 'LSANS.TTF', 'LSANSD.TTF', 'LSANSDI.TTF', 'LSANSI.TTF', 'LTYPE.TTF', 'LTYPEB.TTF', 'LTYPEBO.TTF', 'LTYPEO.TTF', 'lucon.ttf', 'l_10646.ttf', 'MAGNETOB.TTF', 'MAIAN.TTF', 'malgun.ttf', 'malgunbd.ttf', 'malgunsl.ttf', 'marlett.ttf', 'MATURASC.TTF', 'micross.ttf', 'mingliub.ttc', 'MISTRAL.TTF', 'mmrtext.ttf', 'mmrtextb.ttf', 'MOD20.TTF', 'modern.fon', 'monbaiti.ttf', 'msgothic.ttc', 'msjh.ttc', 'msjhbd.ttc', 'msjhl.ttc', 'msyh.ttc', 'msyhbd.ttc', 'msyhl.ttc', 'msyi.ttf', 'MTCORSVA.TTF', 'MTEXTRA.TTF', 'mvboli.ttf', 'NIAGENG.TTF', 'NIAGSOL.TTF', 'Nirmala.ttf', 'NirmalaB.ttf', 'NirmalaS.ttf', 'ntailu.ttf', 'ntailub.ttf', 'NumberOnly.ttf', 'OCRAEXT.TTF', 'OLDENGL.TTF', 'ONYX.TTF', 'OUTLOOK.TTF', 'pala.ttf', 'palab.ttf', 'palabi.ttf', 'palai.ttf', 'PALSCRI.TTF', 'PAPYRUS.TTF', 'PARCHM.TTF', 'PERBI___.TTF', 'PERB____.TTF', 'PERI____.TTF', 'PERTIBD.TTF', 'PERTILI.TTF', 'PER_____.TTF', 'phagspa.ttf', 'phagspab.ttf', 'PLAYBILL.TTF', 'POORICH.TTF', 'PRISTINA.TTF', 'RAGE.TTF', 'RAVIE.TTF', 'REFSAN.TTF', 'REFSPCL.TTF', 'ROCCB___.TTF', 'ROCC____.TTF', 'ROCK.TTF', 'ROCKB.TTF', 'ROCKBI.TTF', 'ROCKEB.TTF', 'ROCKI.TTF', 'roman.fon', 's8514fix.fon', 's8514oem.fon', 's8514sys.fon', 'SCHLBKB.TTF', 'SCHLBKBI.TTF', 'SCHLBKI.TTF', 'script.fon', 'SCRIPTBL.TTF', 'segmdl2.ttf', 'SegoeIcons.ttf', 'segoepr.ttf', 'segoeprb.ttf', 'segoesc.ttf', 'segoescb.ttf', 'segoeui.ttf', 'segoeuib.ttf', 'segoeuii.ttf', 'segoeuil.ttf', 'segoeuisl.ttf', 'segoeuiz.ttf', 'seguibl.ttf', 'seguibli.ttf', 'seguiemj.ttf', 'seguihis.ttf', 'seguili.ttf', 'seguisb.ttf', 'seguisbi.ttf', 'seguisli.ttf', 'seguisym.ttf', 'SegUIVar.ttf', 'sere1255.fon', 'sere1256.fon', 'sere1257.fon', 'serf1255.fon', 'serf1256.fon', 'serf1257.fon', 'serife.fon', 'serifee.fon', 'serifeg.fon', 'serifer.fon', 'serifet.fon', 'seriff.fon', 'seriffe.fon', 'seriffg.fon', 'seriffr.fon', 'serifft.fon', 'SHOWG.TTF', 'simfang.ttf', 'simhei.ttf', 'simkai.ttf', 'SIMLI.TTF', 'simsun.ttc', 'simsunb.ttf', 'SIMYOU.TTF', 'SitkaVF-Italic.ttf', 'SitkaVF.ttf', 'smae1255.fon', 'smae1256.fon', 'smae1257.fon', 'smaf1255.fon', 'smaf1256.fon', 'smaf1257.fon', 'smalle.fon', 'smallee.fon', 'smalleg.fon', 'smaller.fon', 'smallet.fon', 'smallf.fon', 'smallfe.fon', 'smallfg.fon', 'smallfr.fon', 'smallft.fon', 'SNAP____.TTF', 'ssee1255.fon', 'ssee1256.fon', 'ssee1257.fon', 'ssee874.fon', 'ssef1255.fon', 'ssef1256.fon', 'ssef1257.fon', 'ssef874.fon', 'sserife.fon', 'sserifee.fon', 'sserifeg.fon', 'sserifer.fon', 'sserifet.fon', 'sseriff.fon', 'sseriffe.fon', 'sseriffg.fon', 'sseriffr.fon', 'sserifft.fon', 'StaticCache.dat', 'STCAIYUN.TTF', 'STENCIL.TTF', 'STFANGSO.TTF', 'STHUPO.TTF', 'STKAITI.TTF', 'STLITI.TTF', 'STSONG.TTF', 'STXIHEI.TTF', 'STXINGKA.TTF', 'STXINWEI.TTF', 'STZHONGS.TTF', 'svgafix.fon', 'svgasys.fon', 'sylfaen.ttf', 'symbol.ttf', 'tahoma.ttf', 'tahomabd.ttf', 'taile.ttf', 'taileb.ttf', 'TCBI____.TTF', 'TCB_____.TTF', 'TCCB____.TTF', 'TCCEB.TTF', 'TCCM____.TTF', 'TCMI____.TTF', 'TCM_____.TTF', 'TEMPSITC.TTF', 'times.ttf', 'timesbd.ttf', 'timesbi.ttf', 'timesi.ttf', 'trebuc.ttf', 'trebucbd.ttf', 'trebucbi.ttf', 'trebucit.ttf', 'verdana.ttf', 'verdanab.ttf', 'verdanai.ttf', 'verdanaz.ttf', 'vga737.fon', 'vga775.fon', 'vga850.fon', 'vga852.fon', 'vga855.fon', 'vga857.fon', 'vga860.fon', 'vga861.fon', 'vga863.fon', 'vga865.fon', 'vga866.fon', 'vga869.fon', 'vga932.fon', 'vga936.fon', 'vga949.fon', 'vga950.fon', 'vgaf1255.fon', 'vgaf1256.fon', 'vgaf1257.fon', 'vgaf874.fon', 'vgafix.fon', 'vgafixe.fon', 'vgafixg.fon', 'vgafixr.fon', 'vgafixt.fon', 'vgaoem.fon', 'vgas1255.fon', 'vgas1256.fon', 'vgas1257.fon', 'vgas874.fon', 'vgasys.fon', 'vgasyse.fon', 'vgasysg.fon', 'vgasysr.fon', 'vgasyst.fon', 'VINERITC.TTF', 'VIVALDII.TTF', 'VLADIMIR.TTF', 'webdings.ttf', 'wingding.ttf', 'WINGDNG2.TTF', 'WINGDNG3.TTF', 'YuGothB.ttc', 'YuGothL.ttc', 'YuGothM.ttc', 'YuGothR.ttc', '\u534e\u5eb7\u65b9\u5706\u4f53W7.TTC', '\u65b9\u6b63\u7c97\u9ed1\u5b8b\u7b80\u4f53.ttf']
2023-09-27 15:56:33,021 - INFO - all fonts installed:['8514fix.fon', '8514fixe.fon', '8514fixg.fon', '8514fixr.fon', '8514fixt.fon', '8514oem.fon', '8514oeme.fon', '8514oemg.fon', '8514oemr.fon', '8514oemt.fon', '8514sys.fon', '8514syse.fon', '8514sysg.fon', '8514sysr.fon', '8514syst.fon', '85775.fon', '85855.fon', '85f1255.fon', '85f1256.fon', '85f1257.fon', '85f874.fon', '85s1255.fon', '85s1256.fon', '85s1257.fon', '85s874.fon', 'AGENCYB.TTF', 'AGENCYR.TTF', 'ALGER.TTF', 'ANTQUAB.TTF', 'ANTQUABI.TTF', 'ANTQUAI.TTF', 'app775.fon', 'app850.fon', 'app852.fon', 'app855.fon', 'app857.fon', 'app866.fon', 'app932.fon', 'app936.fon', 'app949.fon', 'app950.fon', 'arial.ttf', 'arialbd.ttf', 'arialbi.ttf', 'ariali.ttf', 'ARIALN.TTF', 'ARIALNB.TTF', 'ARIALNBI.TTF', 'ARIALNI.TTF', 'ariblk.ttf', 'ARLRDBD.TTF', 'AxureHandwriting-Bold.otf', 'AxureHandwriting-BoldItalic.otf', 'AxureHandwriting-Italic.otf', 'AxureHandwriting.otf', 'bahnschrift.ttf', 'BASKVILL.TTF', 'BAUHS93.TTF', 'BELL.TTF', 'BELLB.TTF', 'BELLI.TTF', 'BERNHC.TTF', 'BKANT.TTF', 'BOD_B.TTF', 'BOD_BI.TTF', 'BOD_BLAI.TTF', 'BOD_BLAR.TTF', 'BOD_CB.TTF', 'BOD_CBI.TTF', 'BOD_CI.TTF', 'BOD_CR.TTF', 'BOD_I.TTF', 'BOD_PSTC.TTF', 'BOD_R.TTF', 'BOOKOS.TTF', 'BOOKOSB.TTF', 'BOOKOSBI.TTF', 'BOOKOSI.TTF', 'BRADHITC.TTF', 'BRITANIC.TTF', 'BRLNSB.TTF', 'BRLNSDB.TTF', 'BRLNSR.TTF', 'BROADW.TTF', 'BRUSHSCI.TTF', 'BSSYM7.TTF', 'c8514fix.fon', 'c8514oem.fon', 'c8514sys.fon', 'calibri.ttf', 'calibrib.ttf', 'calibrii.ttf', 'calibril.ttf', 'calibrili.ttf', 'calibriz.ttf', 'CALIFB.TTF', 'CALIFI.TTF', 'CALIFR.TTF', 'CALIST.TTF', 'CALISTB.TTF', 'CALISTBI.TTF', 'CALISTI.TTF', 'cambria.ttc', 'cambriab.ttf', 'cambriai.ttf', 'cambriaz.ttf', 'Candara.ttf', 'Candarab.ttf', 'Candarai.ttf', 'Candaral.ttf', 'Candarali.ttf', 'Candaraz.ttf', 'CascadiaCode.ttf', 'CascadiaMono.ttf', 'CASTELAR.TTF', 'CENSCBK.TTF', 'CENTAUR.TTF', 'CENTURY.TTF', 'cga40737.fon', 'cga40850.fon', 'cga40852.fon', 'cga40857.fon', 'cga40866.fon', 'cga40869.fon', 'cga40woa.fon', 'cga80737.fon', 'cga80850.fon', 'cga80852.fon', 'cga80857.fon', 'cga80866.fon', 'cga80869.fon', 'cga80woa.fon', 'CHILLER.TTF', 'COLONNA.TTF', 'comic.ttf', 'comicbd.ttf', 'comici.ttf', 'comicz.ttf', 'consola.ttf', 'consolab.ttf', 'consolai.ttf', 'consolaz.ttf', 'constan.ttf', 'constanb.ttf', 'constani.ttf', 'constanz.ttf', 'COOPBL.TTF', 'COPRGTB.TTF', 'COPRGTL.TTF', 'corbel.ttf', 'corbelb.ttf', 'corbeli.ttf', 'corbell.ttf', 'corbelli.ttf', 'corbelz.ttf', 'coue1255.fon', 'coue1256.fon', 'coue1257.fon', 'couf1255.fon', 'couf1256.fon', 'couf1257.fon', 'cour.ttf', 'courbd.ttf', 'courbi.ttf', 'coure.fon', 'couree.fon', 'coureg.fon', 'courer.fon', 'couret.fon', 'courf.fon', 'courfe.fon', 'courfg.fon', 'courfr.fon', 'courft.fon', 'couri.ttf', 'CURLZ___.TTF', 'cvgafix.fon', 'cvgasys.fon', 'Deng.ttf', 'Dengb.ttf', 'Dengl.ttf', 'desktop.ini', 'dos737.fon', 'dos869.fon', 'dosapp.fon', 'DUBAI-BOLD.TTF', 'DUBAI-LIGHT.TTF', 'DUBAI-MEDIUM.TTF', 'DUBAI-REGULAR.TTF', 'ebrima.ttf', 'ebrimabd.ttf', 'ega40737.fon', 'ega40850.fon', 'ega40852.fon', 'ega40857.fon', 'ega40866.fon', 'ega40869.fon', 'ega40woa.fon', 'ega80737.fon', 'ega80850.fon', 'ega80852.fon', 'ega80857.fon', 'ega80866.fon', 'ega80869.fon', 'ega80woa.fon', 'ELEPHNT.TTF', 'ELEPHNTI.TTF', 'ENGR.TTF', 'ERASBD.TTF', 'ERASDEMI.TTF', 'ERASLGHT.TTF', 'ERASMD.TTF', 'FELIXTI.TTF', 'fms_metadata.xml', 'FORTE.TTF', 'FRABK.TTF', 'FRABKIT.TTF', 'FRADM.TTF', 'FRADMCN.TTF', 'FRADMIT.TTF', 'FRAHV.TTF', 'FRAHVIT.TTF', 'framd.ttf', 'FRAMDCN.TTF', 'framdit.ttf', 'FREESCPT.TTF', 'FRSCRIPT.TTF', 'FTLTLT.TTF', 'FZSTK.TTF', 'FZYTK.TTF', 'Gabriola.ttf', 'gadugi.ttf', 'gadugib.ttf', 'GARA.TTF', 'GARABD.TTF', 'GARAIT.TTF', 'georgia.ttf', 'georgiab.ttf', 'georgiai.ttf', 'georgiaz.ttf', 'GIGI.TTF', 'GILBI___.TTF', 'GILB____.TTF', 'GILC____.TTF', 'GILI____.TTF', 'GILLUBCD.TTF', 'GILSANUB.TTF', 'GIL_____.TTF', 'GLECB.TTF', 'GlobalMonospace.CompositeFont', 'GlobalSansSerif.CompositeFont', 'GlobalSerif.CompositeFont', 'GlobalUserInterface.CompositeFont', 'GLSNECB.TTF', 'GOTHIC.TTF', 'GOTHICB.TTF', 'GOTHICBI.TTF', 'GOTHICI.TTF', 'GOUDOS.TTF', 'GOUDOSB.TTF', 'GOUDOSI.TTF', 'GOUDYSTO.TTF', 'h8514fix.fon', 'h8514oem.fon', 'h8514sys.fon', 'HARLOWSI.TTF', 'HARNGTON.TTF', 'HATTEN.TTF', 'HGB1X_CNKI.ttf', 'HGB1_CNKI.ttf', 'HGB2X_CNKI.ttf', 'HGB2_CNKI.ttf', 'HGB3X_CNKI.ttf', 'HGB3_CNKI.ttf', 'HGB4X_CNKI.ttf', 'HGB4_CNKI.ttf', 'HGB5X_CNKI.ttf', 'HGB5_CNKI.ttf', 'HGB6X_CNKI.ttf', 'HGB6_CNKI.ttf', 'HGB7X_CNKI.ttf', 'HGB7_CNKI.ttf', 'HGB8X_CNKI.ttf', 'HGB8_CNKI.ttf', 'HGBD_CNKI.ttf', 'HGBKBX_CNKI.ttf', 'HGBKB_CNKI.ttf', 'HGBKHX_CNKI.ttf', 'HGBKH_CNKI.ttf', 'HGBS1_CNKI.TTF', 'HGBS2_CNKI.TTF', 'HGBS_CNKI.TTF', 'HGBTH_CNKI.TTF', 'HGBTS_CNKI.TTF', 'HGBX_CNKI.ttf', 'HGBZ_CNKI.ttf', 'HGCH_CNKI.TTF', 'HGCUH_CNKI.TTF', 'HGCY_CNKI.TTF', 'HGDBS_CNKI.TTF', 'HGDGY_CNKI.TTF', 'HGDH2_CNKI.TTF', 'HGDH_CNKI.TTF', 'HGDYS_CNKI.TTF', 'HGDY_CNKI.ttf', 'HGF1X_CNKI.ttf', 'HGF1_CNKI.ttf', 'HGF2X_CNKI.ttf', 'HGF2_CNKI.ttf', 'HGF3_CNKI.ttf', 'HGF4X_CNKI.ttf', 'HGF4_CNKI.ttf', 'HGF5X_CNKI.ttf', 'HGF5_CNKI.ttf', 'HGF6X_CNKI.ttf', 'HGF6_CNKI.ttf', 'HGF7X_CNKI.ttf', 'HGF7_CNKI.ttf', 'HGF8_CNKI.ttf', 'HGF9X_CNKI.ttf', 'HGF9_CNKI.ttf', 'HGFS1_CNKI.TTF', 'HGFS2_CNKI.TTF', 'HGFSH_CNKI.TTF', 'HGFS_CNKI.TTF', 'HGFX_CNKI.ttf', 'HGFZ_CNKI.ttf', 'HGGG_CNKI.TTF', 'HGH1X_CNKI.ttf', 'HGH1_CNKI.ttf', 'HGH2X_CNKI.ttf', 'HGH2_CNKI.ttf', 'HGH3X_CNKI.ttf', 'HGH3_CNKI.ttf', 'HGH4X_CNKI.ttf', 'HGH4_CNKI.ttf', 'HGH5X_CNKI.ttf', 'HGH5_CNKI.ttf', 'HGH6X_CNKI.ttf', 'HGH6_CNKI.ttf', 'HGH7X_CNKI.ttf', 'HGH7_CNKI.ttf', 'HGHB_CNKI.TTF', 'HGHD_CNKI.ttf', 'HGHP_CNKI.TTF', 'HGHT1_CNKI.ttf', 'HGHT2_CNKI.ttf', 'HGHUATI_CNKI.ttf', 'HGHX_CNKI.ttf', 'HGHZ_CNKI.ttf', 'HGH_CNKI.TTF', 'HGKT1_CNKI.TTF', 'HGKT2_CNKI.TTF', 'HGKT_CNKI.TTF', 'HGKY_CNKI.ttf', 'HGLB_CNKI.TTF', 'HGLS_CNKI.TTF', 'HGMH_CNKI.TTF', 'HGNBS_CNKI.ttf', 'HGOCR_CNKI.ttf', 'HGPH_CNKI.TTF', 'HGPTY_CNKI.TTF', 'HGSS1_CNKI.TTF', 'HGSS2_CNKI.TTF', 'HGSS_CNKI.TTF', 'HGSXT_CNKI.ttf', 'HGTT_CNKI.ttf', 'HGTX_CNKI.TTF', 'HGWT_CNKI.TTF', 'HGWYS_CNKI.TTF', 'HGX1X_CNKI.ttf', 'HGX1_CNKI.ttf', 'HGXBS_CNKI.TTF', 'HGXC_CNKI.TTF', 'HGXF1_CNKI.ttf', 'HGXFX_CNKI.ttf', 'HGXFZ_CNKI.ttf', 'HGXH1_CNKI.TTF', 'HGXH_CNKI.TTF', 'HGXK_CNKI.TTF', 'HGXL_CNKI.TTF', 'HGXS_CNKI.TTF', 'HGXT_CNKI.ttf', 'HGXY_CNKI.ttf', 'HGY1_CNKI.TTF', 'HGY2_CNKI.TTF', 'HGY3_CNKI.TTF', 'HGY4_CNKI.TTF', 'HGYB_CNKI.ttf', 'HGYT1_CNKI.ttf', 'HGYT2_CNKI.ttf', 'HGYT_CNKI.TTF', 'HGYX_CNKI.TTF', 'HGZCS_CNKI.TTF', 'HGZDX_CNKI.TTF', 'HGZK_CNKI.TTF', 'HGZYT_CNKI.TTF', 'HGZY_CNKI.TTF', 'himalaya.ttf', 'holomdl2.ttf', 'HTOWERT.TTF', 'HTOWERTI.TTF', 'hvgafix.fon', 'hvgasys.fon', 'impact.ttf', 'IMPRISHA.TTF', 'INFROMAN.TTF', 'Inkfree.ttf', 'iqiyi_logov7.ttf', 'ITCBLKAD.TTF', 'ITCEDSCR.TTF', 'ITCKRIST.TTF', 'j8514fix.fon', 'j8514oem.fon', 'j8514sys.fon', 'javatext.ttf', 'JOKERMAN.TTF', 'jsmalle.fon', 'jsmallf.fon', 'JUICE___.TTF', 'jvgafix.fon', 'jvgasys.fon', 'KUNSTLER.TTF', 'LATINWD.TTF', 'LBRITE.TTF', 'LBRITED.TTF', 'LBRITEDI.TTF', 'LBRITEI.TTF', 'LCALLIG.TTF', 'LeelaUIb.ttf', 'LeelawUI.ttf', 'LeelUIsl.ttf', 'LFAX.TTF', 'LFAXD.TTF', 'LFAXDI.TTF', 'LFAXI.TTF', 'LHANDW.TTF', 'LSANS.TTF', 'LSANSD.TTF', 'LSANSDI.TTF', 'LSANSI.TTF', 'LTYPE.TTF', 'LTYPEB.TTF', 'LTYPEBO.TTF', 'LTYPEO.TTF', 'lucon.ttf', 'l_10646.ttf', 'MAGNETOB.TTF', 'MAIAN.TTF', 'malgun.ttf', 'malgunbd.ttf', 'malgunsl.ttf', 'marlett.ttf', 'MATURASC.TTF', 'micross.ttf', 'mingliub.ttc', 'MISTRAL.TTF', 'mmrtext.ttf', 'mmrtextb.ttf', 'MOD20.TTF', 'modern.fon', 'monbaiti.ttf', 'msgothic.ttc', 'msjh.ttc', 'msjhbd.ttc', 'msjhl.ttc', 'msyh.ttc', 'msyhbd.ttc', 'msyhl.ttc', 'msyi.ttf', 'MTCORSVA.TTF', 'MTEXTRA.TTF', 'mvboli.ttf', 'NIAGENG.TTF', 'NIAGSOL.TTF', 'Nirmala.ttf', 'NirmalaB.ttf', 'NirmalaS.ttf', 'ntailu.ttf', 'ntailub.ttf', 'NumberOnly.ttf', 'OCRAEXT.TTF', 'OLDENGL.TTF', 'ONYX.TTF', 'OUTLOOK.TTF', 'pala.ttf', 'palab.ttf', 'palabi.ttf', 'palai.ttf', 'PALSCRI.TTF', 'PAPYRUS.TTF', 'PARCHM.TTF', 'PERBI___.TTF', 'PERB____.TTF', 'PERI____.TTF', 'PERTIBD.TTF', 'PERTILI.TTF', 'PER_____.TTF', 'phagspa.ttf', 'phagspab.ttf', 'PLAYBILL.TTF', 'POORICH.TTF', 'PRISTINA.TTF', 'RAGE.TTF', 'RAVIE.TTF', 'REFSAN.TTF', 'REFSPCL.TTF', 'ROCCB___.TTF', 'ROCC____.TTF', 'ROCK.TTF', 'ROCKB.TTF', 'ROCKBI.TTF', 'ROCKEB.TTF', 'ROCKI.TTF', 'roman.fon', 's8514fix.fon', 's8514oem.fon', 's8514sys.fon', 'SCHLBKB.TTF', 'SCHLBKBI.TTF', 'SCHLBKI.TTF', 'script.fon', 'SCRIPTBL.TTF', 'segmdl2.ttf', 'SegoeIcons.ttf', 'segoepr.ttf', 'segoeprb.ttf', 'segoesc.ttf', 'segoescb.ttf', 'segoeui.ttf', 'segoeuib.ttf', 'segoeuii.ttf', 'segoeuil.ttf', 'segoeuisl.ttf', 'segoeuiz.ttf', 'seguibl.ttf', 'seguibli.ttf', 'seguiemj.ttf', 'seguihis.ttf', 'seguili.ttf', 'seguisb.ttf', 'seguisbi.ttf', 'seguisli.ttf', 'seguisym.ttf', 'SegUIVar.ttf', 'sere1255.fon', 'sere1256.fon', 'sere1257.fon', 'serf1255.fon', 'serf1256.fon', 'serf1257.fon', 'serife.fon', 'serifee.fon', 'serifeg.fon', 'serifer.fon', 'serifet.fon', 'seriff.fon', 'seriffe.fon', 'seriffg.fon', 'seriffr.fon', 'serifft.fon', 'SHOWG.TTF', 'simfang.ttf', 'simhei.ttf', 'simkai.ttf', 'SIMLI.TTF', 'simsun.ttc', 'simsunb.ttf', 'SIMYOU.TTF', 'SitkaVF-Italic.ttf', 'SitkaVF.ttf', 'smae1255.fon', 'smae1256.fon', 'smae1257.fon', 'smaf1255.fon', 'smaf1256.fon', 'smaf1257.fon', 'smalle.fon', 'smallee.fon', 'smalleg.fon', 'smaller.fon', 'smallet.fon', 'smallf.fon', 'smallfe.fon', 'smallfg.fon', 'smallfr.fon', 'smallft.fon', 'SNAP____.TTF', 'ssee1255.fon', 'ssee1256.fon', 'ssee1257.fon', 'ssee874.fon', 'ssef1255.fon', 'ssef1256.fon', 'ssef1257.fon', 'ssef874.fon', 'sserife.fon', 'sserifee.fon', 'sserifeg.fon', 'sserifer.fon', 'sserifet.fon', 'sseriff.fon', 'sseriffe.fon', 'sseriffg.fon', 'sseriffr.fon', 'sserifft.fon', 'StaticCache.dat', 'STCAIYUN.TTF', 'STENCIL.TTF', 'STFANGSO.TTF', 'STHUPO.TTF', 'STKAITI.TTF', 'STLITI.TTF', 'STSONG.TTF', 'STXIHEI.TTF', 'STXINGKA.TTF', 'STXINWEI.TTF', 'STZHONGS.TTF', 'svgafix.fon', 'svgasys.fon', 'sylfaen.ttf', 'symbol.ttf', 'tahoma.ttf', 'tahomabd.ttf', 'taile.ttf', 'taileb.ttf', 'TCBI____.TTF', 'TCB_____.TTF', 'TCCB____.TTF', 'TCCEB.TTF', 'TCCM____.TTF', 'TCMI____.TTF', 'TCM_____.TTF', 'TEMPSITC.TTF', 'times.ttf', 'timesbd.ttf', 'timesbi.ttf', 'timesi.ttf', 'trebuc.ttf', 'trebucbd.ttf', 'trebucbi.ttf', 'trebucit.ttf', 'verdana.ttf', 'verdanab.ttf', 'verdanai.ttf', 'verdanaz.ttf', 'vga737.fon', 'vga775.fon', 'vga850.fon', 'vga852.fon', 'vga855.fon', 'vga857.fon', 'vga860.fon', 'vga861.fon', 'vga863.fon', 'vga865.fon', 'vga866.fon', 'vga869.fon', 'vga932.fon', 'vga936.fon', 'vga949.fon', 'vga950.fon', 'vgaf1255.fon', 'vgaf1256.fon', 'vgaf1257.fon', 'vgaf874.fon', 'vgafix.fon', 'vgafixe.fon', 'vgafixg.fon', 'vgafixr.fon', 'vgafixt.fon', 'vgaoem.fon', 'vgas1255.fon', 'vgas1256.fon', 'vgas1257.fon', 'vgas874.fon', 'vgasys.fon', 'vgasyse.fon', 'vgasysg.fon', 'vgasysr.fon', 'vgasyst.fon', 'VINERITC.TTF', 'VIVALDII.TTF', 'VLADIMIR.TTF', 'webdings.ttf', 'wingding.ttf', 'WINGDNG2.TTF', 'WINGDNG3.TTF', 'YuGothB.ttc', 'YuGothL.ttc', 'YuGothM.ttc', 'YuGothR.ttc', '\u534e\u5eb7\u65b9\u5706\u4f53W7.TTC', '\u65b9\u6b63\u7c97\u9ed1\u5b8b\u7b80\u4f53.ttf']
2023-09-27 15:56:33,234 - INFO - all fonts installed:['8514fix.fon', '8514fixe.fon', '8514fixg.fon', '8514fixr.fon', '8514fixt.fon', '8514oem.fon', '8514oeme.fon', '8514oemg.fon', '8514oemr.fon', '8514oemt.fon', '8514sys.fon', '8514syse.fon', '8514sysg.fon', '8514sysr.fon', '8514syst.fon', '85775.fon', '85855.fon', '85f1255.fon', '85f1256.fon', '85f1257.fon', '85f874.fon', '85s1255.fon', '85s1256.fon', '85s1257.fon', '85s874.fon', 'AGENCYB.TTF', 'AGENCYR.TTF', 'ALGER.TTF', 'ANTQUAB.TTF', 'ANTQUABI.TTF', 'ANTQUAI.TTF', 'app775.fon', 'app850.fon', 'app852.fon', 'app855.fon', 'app857.fon', 'app866.fon', 'app932.fon', 'app936.fon', 'app949.fon', 'app950.fon', 'arial.ttf', 'arialbd.ttf', 'arialbi.ttf', 'ariali.ttf', 'ARIALN.TTF', 'ARIALNB.TTF', 'ARIALNBI.TTF', 'ARIALNI.TTF', 'ariblk.ttf', 'ARLRDBD.TTF', 'AxureHandwriting-Bold.otf', 'AxureHandwriting-BoldItalic.otf', 'AxureHandwriting-Italic.otf', 'AxureHandwriting.otf', 'bahnschrift.ttf', 'BASKVILL.TTF', 'BAUHS93.TTF', 'BELL.TTF', 'BELLB.TTF', 'BELLI.TTF', 'BERNHC.TTF', 'BKANT.TTF', 'BOD_B.TTF', 'BOD_BI.TTF', 'BOD_BLAI.TTF', 'BOD_BLAR.TTF', 'BOD_CB.TTF', 'BOD_CBI.TTF', 'BOD_CI.TTF', 'BOD_CR.TTF', 'BOD_I.TTF', 'BOD_PSTC.TTF', 'BOD_R.TTF', 'BOOKOS.TTF', 'BOOKOSB.TTF', 'BOOKOSBI.TTF', 'BOOKOSI.TTF', 'BRADHITC.TTF', 'BRITANIC.TTF', 'BRLNSB.TTF', 'BRLNSDB.TTF', 'BRLNSR.TTF', 'BROADW.TTF', 'BRUSHSCI.TTF', 'BSSYM7.TTF', 'c8514fix.fon', 'c8514oem.fon', 'c8514sys.fon', 'calibri.ttf', 'calibrib.ttf', 'calibrii.ttf', 'calibril.ttf', 'calibrili.ttf', 'calibriz.ttf', 'CALIFB.TTF', 'CALIFI.TTF', 'CALIFR.TTF', 'CALIST.TTF', 'CALISTB.TTF', 'CALISTBI.TTF', 'CALISTI.TTF', 'cambria.ttc', 'cambriab.ttf', 'cambriai.ttf', 'cambriaz.ttf', 'Candara.ttf', 'Candarab.ttf', 'Candarai.ttf', 'Candaral.ttf', 'Candarali.ttf', 'Candaraz.ttf', 'CascadiaCode.ttf', 'CascadiaMono.ttf', 'CASTELAR.TTF', 'CENSCBK.TTF', 'CENTAUR.TTF', 'CENTURY.TTF', 'cga40737.fon', 'cga40850.fon', 'cga40852.fon', 'cga40857.fon', 'cga40866.fon', 'cga40869.fon', 'cga40woa.fon', 'cga80737.fon', 'cga80850.fon', 'cga80852.fon', 'cga80857.fon', 'cga80866.fon', 'cga80869.fon', 'cga80woa.fon', 'CHILLER.TTF', 'COLONNA.TTF', 'comic.ttf', 'comicbd.ttf', 'comici.ttf', 'comicz.ttf', 'consola.ttf', 'consolab.ttf', 'consolai.ttf', 'consolaz.ttf', 'constan.ttf', 'constanb.ttf', 'constani.ttf', 'constanz.ttf', 'COOPBL.TTF', 'COPRGTB.TTF', 'COPRGTL.TTF', 'corbel.ttf', 'corbelb.ttf', 'corbeli.ttf', 'corbell.ttf', 'corbelli.ttf', 'corbelz.ttf', 'coue1255.fon', 'coue1256.fon', 'coue1257.fon', 'couf1255.fon', 'couf1256.fon', 'couf1257.fon', 'cour.ttf', 'courbd.ttf', 'courbi.ttf', 'coure.fon', 'couree.fon', 'coureg.fon', 'courer.fon', 'couret.fon', 'courf.fon', 'courfe.fon', 'courfg.fon', 'courfr.fon', 'courft.fon', 'couri.ttf', 'CURLZ___.TTF', 'cvgafix.fon', 'cvgasys.fon', 'Deng.ttf', 'Dengb.ttf', 'Dengl.ttf', 'desktop.ini', 'dos737.fon', 'dos869.fon', 'dosapp.fon', 'DUBAI-BOLD.TTF', 'DUBAI-LIGHT.TTF', 'DUBAI-MEDIUM.TTF', 'DUBAI-REGULAR.TTF', 'ebrima.ttf', 'ebrimabd.ttf', 'ega40737.fon', 'ega40850.fon', 'ega40852.fon', 'ega40857.fon', 'ega40866.fon', 'ega40869.fon', 'ega40woa.fon', 'ega80737.fon', 'ega80850.fon', 'ega80852.fon', 'ega80857.fon', 'ega80866.fon', 'ega80869.fon', 'ega80woa.fon', 'ELEPHNT.TTF', 'ELEPHNTI.TTF', 'ENGR.TTF', 'ERASBD.TTF', 'ERASDEMI.TTF', 'ERASLGHT.TTF', 'ERASMD.TTF', 'FELIXTI.TTF', 'fms_metadata.xml', 'FORTE.TTF', 'FRABK.TTF', 'FRABKIT.TTF', 'FRADM.TTF', 'FRADMCN.TTF', 'FRADMIT.TTF', 'FRAHV.TTF', 'FRAHVIT.TTF', 'framd.ttf', 'FRAMDCN.TTF', 'framdit.ttf', 'FREESCPT.TTF', 'FRSCRIPT.TTF', 'FTLTLT.TTF', 'FZSTK.TTF', 'FZYTK.TTF', 'Gabriola.ttf', 'gadugi.ttf', 'gadugib.ttf', 'GARA.TTF', 'GARABD.TTF', 'GARAIT.TTF', 'georgia.ttf', 'georgiab.ttf', 'georgiai.ttf', 'georgiaz.ttf', 'GIGI.TTF', 'GILBI___.TTF', 'GILB____.TTF', 'GILC____.TTF', 'GILI____.TTF', 'GILLUBCD.TTF', 'GILSANUB.TTF', 'GIL_____.TTF', 'GLECB.TTF', 'GlobalMonospace.CompositeFont', 'GlobalSansSerif.CompositeFont', 'GlobalSerif.CompositeFont', 'GlobalUserInterface.CompositeFont', 'GLSNECB.TTF', 'GOTHIC.TTF', 'GOTHICB.TTF', 'GOTHICBI.TTF', 'GOTHICI.TTF', 'GOUDOS.TTF', 'GOUDOSB.TTF', 'GOUDOSI.TTF', 'GOUDYSTO.TTF', 'h8514fix.fon', 'h8514oem.fon', 'h8514sys.fon', 'HARLOWSI.TTF', 'HARNGTON.TTF', 'HATTEN.TTF', 'HGB1X_CNKI.ttf', 'HGB1_CNKI.ttf', 'HGB2X_CNKI.ttf', 'HGB2_CNKI.ttf', 'HGB3X_CNKI.ttf', 'HGB3_CNKI.ttf', 'HGB4X_CNKI.ttf', 'HGB4_CNKI.ttf', 'HGB5X_CNKI.ttf', 'HGB5_CNKI.ttf', 'HGB6X_CNKI.ttf', 'HGB6_CNKI.ttf', 'HGB7X_CNKI.ttf', 'HGB7_CNKI.ttf', 'HGB8X_CNKI.ttf', 'HGB8_CNKI.ttf', 'HGBD_CNKI.ttf', 'HGBKBX_CNKI.ttf', 'HGBKB_CNKI.ttf', 'HGBKHX_CNKI.ttf', 'HGBKH_CNKI.ttf', 'HGBS1_CNKI.TTF', 'HGBS2_CNKI.TTF', 'HGBS_CNKI.TTF', 'HGBTH_CNKI.TTF', 'HGBTS_CNKI.TTF', 'HGBX_CNKI.ttf', 'HGBZ_CNKI.ttf', 'HGCH_CNKI.TTF', 'HGCUH_CNKI.TTF', 'HGCY_CNKI.TTF', 'HGDBS_CNKI.TTF', 'HGDGY_CNKI.TTF', 'HGDH2_CNKI.TTF', 'HGDH_CNKI.TTF', 'HGDYS_CNKI.TTF', 'HGDY_CNKI.ttf', 'HGF1X_CNKI.ttf', 'HGF1_CNKI.ttf', 'HGF2X_CNKI.ttf', 'HGF2_CNKI.ttf', 'HGF3_CNKI.ttf', 'HGF4X_CNKI.ttf', 'HGF4_CNKI.ttf', 'HGF5X_CNKI.ttf', 'HGF5_CNKI.ttf', 'HGF6X_CNKI.ttf', 'HGF6_CNKI.ttf', 'HGF7X_CNKI.ttf', 'HGF7_CNKI.ttf', 'HGF8_CNKI.ttf', 'HGF9X_CNKI.ttf', 'HGF9_CNKI.ttf', 'HGFS1_CNKI.TTF', 'HGFS2_CNKI.TTF', 'HGFSH_CNKI.TTF', 'HGFS_CNKI.TTF', 'HGFX_CNKI.ttf', 'HGFZ_CNKI.ttf', 'HGGG_CNKI.TTF', 'HGH1X_CNKI.ttf', 'HGH1_CNKI.ttf', 'HGH2X_CNKI.ttf', 'HGH2_CNKI.ttf', 'HGH3X_CNKI.ttf', 'HGH3_CNKI.ttf', 'HGH4X_CNKI.ttf', 'HGH4_CNKI.ttf', 'HGH5X_CNKI.ttf', 'HGH5_CNKI.ttf', 'HGH6X_CNKI.ttf', 'HGH6_CNKI.ttf', 'HGH7X_CNKI.ttf', 'HGH7_CNKI.ttf', 'HGHB_CNKI.TTF', 'HGHD_CNKI.ttf', 'HGHP_CNKI.TTF', 'HGHT1_CNKI.ttf', 'HGHT2_CNKI.ttf', 'HGHUATI_CNKI.ttf', 'HGHX_CNKI.ttf', 'HGHZ_CNKI.ttf', 'HGH_CNKI.TTF', 'HGKT1_CNKI.TTF', 'HGKT2_CNKI.TTF', 'HGKT_CNKI.TTF', 'HGKY_CNKI.ttf', 'HGLB_CNKI.TTF', 'HGLS_CNKI.TTF', 'HGMH_CNKI.TTF', 'HGNBS_CNKI.ttf', 'HGOCR_CNKI.ttf', 'HGPH_CNKI.TTF', 'HGPTY_CNKI.TTF', 'HGSS1_CNKI.TTF', 'HGSS2_CNKI.TTF', 'HGSS_CNKI.TTF', 'HGSXT_CNKI.ttf', 'HGTT_CNKI.ttf', 'HGTX_CNKI.TTF', 'HGWT_CNKI.TTF', 'HGWYS_CNKI.TTF', 'HGX1X_CNKI.ttf', 'HGX1_CNKI.ttf', 'HGXBS_CNKI.TTF', 'HGXC_CNKI.TTF', 'HGXF1_CNKI.ttf', 'HGXFX_CNKI.ttf', 'HGXFZ_CNKI.ttf', 'HGXH1_CNKI.TTF', 'HGXH_CNKI.TTF', 'HGXK_CNKI.TTF', 'HGXL_CNKI.TTF', 'HGXS_CNKI.TTF', 'HGXT_CNKI.ttf', 'HGXY_CNKI.ttf', 'HGY1_CNKI.TTF', 'HGY2_CNKI.TTF', 'HGY3_CNKI.TTF', 'HGY4_CNKI.TTF', 'HGYB_CNKI.ttf', 'HGYT1_CNKI.ttf', 'HGYT2_CNKI.ttf', 'HGYT_CNKI.TTF', 'HGYX_CNKI.TTF', 'HGZCS_CNKI.TTF', 'HGZDX_CNKI.TTF', 'HGZK_CNKI.TTF', 'HGZYT_CNKI.TTF', 'HGZY_CNKI.TTF', 'himalaya.ttf', 'holomdl2.ttf', 'HTOWERT.TTF', 'HTOWERTI.TTF', 'hvgafix.fon', 'hvgasys.fon', 'impact.ttf', 'IMPRISHA.TTF', 'INFROMAN.TTF', 'Inkfree.ttf', 'iqiyi_logov7.ttf', 'ITCBLKAD.TTF', 'ITCEDSCR.TTF', 'ITCKRIST.TTF', 'j8514fix.fon', 'j8514oem.fon', 'j8514sys.fon', 'javatext.ttf', 'JOKERMAN.TTF', 'jsmalle.fon', 'jsmallf.fon', 'JUICE___.TTF', 'jvgafix.fon', 'jvgasys.fon', 'KUNSTLER.TTF', 'LATINWD.TTF', 'LBRITE.TTF', 'LBRITED.TTF', 'LBRITEDI.TTF', 'LBRITEI.TTF', 'LCALLIG.TTF', 'LeelaUIb.ttf', 'LeelawUI.ttf', 'LeelUIsl.ttf', 'LFAX.TTF', 'LFAXD.TTF', 'LFAXDI.TTF', 'LFAXI.TTF', 'LHANDW.TTF', 'LSANS.TTF', 'LSANSD.TTF', 'LSANSDI.TTF', 'LSANSI.TTF', 'LTYPE.TTF', 'LTYPEB.TTF', 'LTYPEBO.TTF', 'LTYPEO.TTF', 'lucon.ttf', 'l_10646.ttf', 'MAGNETOB.TTF', 'MAIAN.TTF', 'malgun.ttf', 'malgunbd.ttf', 'malgunsl.ttf', 'marlett.ttf', 'MATURASC.TTF', 'micross.ttf', 'mingliub.ttc', 'MISTRAL.TTF', 'mmrtext.ttf', 'mmrtextb.ttf', 'MOD20.TTF', 'modern.fon', 'monbaiti.ttf', 'msgothic.ttc', 'msjh.ttc', 'msjhbd.ttc', 'msjhl.ttc', 'msyh.ttc', 'msyhbd.ttc', 'msyhl.ttc', 'msyi.ttf', 'MTCORSVA.TTF', 'MTEXTRA.TTF', 'mvboli.ttf', 'NIAGENG.TTF', 'NIAGSOL.TTF', 'Nirmala.ttf', 'NirmalaB.ttf', 'NirmalaS.ttf', 'ntailu.ttf', 'ntailub.ttf', 'NumberOnly.ttf', 'OCRAEXT.TTF', 'OLDENGL.TTF', 'ONYX.TTF', 'OUTLOOK.TTF', 'pala.ttf', 'palab.ttf', 'palabi.ttf', 'palai.ttf', 'PALSCRI.TTF', 'PAPYRUS.TTF', 'PARCHM.TTF', 'PERBI___.TTF', 'PERB____.TTF', 'PERI____.TTF', 'PERTIBD.TTF', 'PERTILI.TTF', 'PER_____.TTF', 'phagspa.ttf', 'phagspab.ttf', 'PLAYBILL.TTF', 'POORICH.TTF', 'PRISTINA.TTF', 'RAGE.TTF', 'RAVIE.TTF', 'REFSAN.TTF', 'REFSPCL.TTF', 'ROCCB___.TTF', 'ROCC____.TTF', 'ROCK.TTF', 'ROCKB.TTF', 'ROCKBI.TTF', 'ROCKEB.TTF', 'ROCKI.TTF', 'roman.fon', 's8514fix.fon', 's8514oem.fon', 's8514sys.fon', 'SCHLBKB.TTF', 'SCHLBKBI.TTF', 'SCHLBKI.TTF', 'script.fon', 'SCRIPTBL.TTF', 'segmdl2.ttf', 'SegoeIcons.ttf', 'segoepr.ttf', 'segoeprb.ttf', 'segoesc.ttf', 'segoescb.ttf', 'segoeui.ttf', 'segoeuib.ttf', 'segoeuii.ttf', 'segoeuil.ttf', 'segoeuisl.ttf', 'segoeuiz.ttf', 'seguibl.ttf', 'seguibli.ttf', 'seguiemj.ttf', 'seguihis.ttf', 'seguili.ttf', 'seguisb.ttf', 'seguisbi.ttf', 'seguisli.ttf', 'seguisym.ttf', 'SegUIVar.ttf', 'sere1255.fon', 'sere1256.fon', 'sere1257.fon', 'serf1255.fon', 'serf1256.fon', 'serf1257.fon', 'serife.fon', 'serifee.fon', 'serifeg.fon', 'serifer.fon', 'serifet.fon', 'seriff.fon', 'seriffe.fon', 'seriffg.fon', 'seriffr.fon', 'serifft.fon', 'SHOWG.TTF', 'simfang.ttf', 'simhei.ttf', 'simkai.ttf', 'SIMLI.TTF', 'simsun.ttc', 'simsunb.ttf', 'SIMYOU.TTF', 'SitkaVF-Italic.ttf', 'SitkaVF.ttf', 'smae1255.fon', 'smae1256.fon', 'smae1257.fon', 'smaf1255.fon', 'smaf1256.fon', 'smaf1257.fon', 'smalle.fon', 'smallee.fon', 'smalleg.fon', 'smaller.fon', 'smallet.fon', 'smallf.fon', 'smallfe.fon', 'smallfg.fon', 'smallfr.fon', 'smallft.fon', 'SNAP____.TTF', 'ssee1255.fon', 'ssee1256.fon', 'ssee1257.fon', 'ssee874.fon', 'ssef1255.fon', 'ssef1256.fon', 'ssef1257.fon', 'ssef874.fon', 'sserife.fon', 'sserifee.fon', 'sserifeg.fon', 'sserifer.fon', 'sserifet.fon', 'sseriff.fon', 'sseriffe.fon', 'sseriffg.fon', 'sseriffr.fon', 'sserifft.fon', 'StaticCache.dat', 'STCAIYUN.TTF', 'STENCIL.TTF', 'STFANGSO.TTF', 'STHUPO.TTF', 'STKAITI.TTF', 'STLITI.TTF', 'STSONG.TTF', 'STXIHEI.TTF', 'STXINGKA.TTF', 'STXINWEI.TTF', 'STZHONGS.TTF', 'svgafix.fon', 'svgasys.fon', 'sylfaen.ttf', 'symbol.ttf', 'tahoma.ttf', 'tahomabd.ttf', 'taile.ttf', 'taileb.ttf', 'TCBI____.TTF', 'TCB_____.TTF', 'TCCB____.TTF', 'TCCEB.TTF', 'TCCM____.TTF', 'TCMI____.TTF', 'TCM_____.TTF', 'TEMPSITC.TTF', 'times.ttf', 'timesbd.ttf', 'timesbi.ttf', 'timesi.ttf', 'trebuc.ttf', 'trebucbd.ttf', 'trebucbi.ttf', 'trebucit.ttf', 'verdana.ttf', 'verdanab.ttf', 'verdanai.ttf', 'verdanaz.ttf', 'vga737.fon', 'vga775.fon', 'vga850.fon', 'vga852.fon', 'vga855.fon', 'vga857.fon', 'vga860.fon', 'vga861.fon', 'vga863.fon', 'vga865.fon', 'vga866.fon', 'vga869.fon', 'vga932.fon', 'vga936.fon', 'vga949.fon', 'vga950.fon', 'vgaf1255.fon', 'vgaf1256.fon', 'vgaf1257.fon', 'vgaf874.fon', 'vgafix.fon', 'vgafixe.fon', 'vgafixg.fon', 'vgafixr.fon', 'vgafixt.fon', 'vgaoem.fon', 'vgas1255.fon', 'vgas1256.fon', 'vgas1257.fon', 'vgas874.fon', 'vgasys.fon', 'vgasyse.fon', 'vgasysg.fon', 'vgasysr.fon', 'vgasyst.fon', 'VINERITC.TTF', 'VIVALDII.TTF', 'VLADIMIR.TTF', 'webdings.ttf', 'wingding.ttf', 'WINGDNG2.TTF', 'WINGDNG3.TTF', 'YuGothB.ttc', 'YuGothL.ttc', 'YuGothM.ttc', 'YuGothR.ttc', '\u534e\u5eb7\u65b9\u5706\u4f53W7.TTC', '\u65b9\u6b63\u7c97\u9ed1\u5b8b\u7b80\u4f53.ttf']
2023-09-27 15:56:33,238 - INFO - all fonts installed:['8514fix.fon', '8514fixe.fon', '8514fixg.fon', '8514fixr.fon', '8514fixt.fon', '8514oem.fon', '8514oeme.fon', '8514oemg.fon', '8514oemr.fon', '8514oemt.fon', '8514sys.fon', '8514syse.fon', '8514sysg.fon', '8514sysr.fon', '8514syst.fon', '85775.fon', '85855.fon', '85f1255.fon', '85f1256.fon', '85f1257.fon', '85f874.fon', '85s1255.fon', '85s1256.fon', '85s1257.fon', '85s874.fon', 'AGENCYB.TTF', 'AGENCYR.TTF', 'ALGER.TTF', 'ANTQUAB.TTF', 'ANTQUABI.TTF', 'ANTQUAI.TTF', 'app775.fon', 'app850.fon', 'app852.fon', 'app855.fon', 'app857.fon', 'app866.fon', 'app932.fon', 'app936.fon', 'app949.fon', 'app950.fon', 'arial.ttf', 'arialbd.ttf', 'arialbi.ttf', 'ariali.ttf', 'ARIALN.TTF', 'ARIALNB.TTF', 'ARIALNBI.TTF', 'ARIALNI.TTF', 'ariblk.ttf', 'ARLRDBD.TTF', 'AxureHandwriting-Bold.otf', 'AxureHandwriting-BoldItalic.otf', 'AxureHandwriting-Italic.otf', 'AxureHandwriting.otf', 'bahnschrift.ttf', 'BASKVILL.TTF', 'BAUHS93.TTF', 'BELL.TTF', 'BELLB.TTF', 'BELLI.TTF', 'BERNHC.TTF', 'BKANT.TTF', 'BOD_B.TTF', 'BOD_BI.TTF', 'BOD_BLAI.TTF', 'BOD_BLAR.TTF', 'BOD_CB.TTF', 'BOD_CBI.TTF', 'BOD_CI.TTF', 'BOD_CR.TTF', 'BOD_I.TTF', 'BOD_PSTC.TTF', 'BOD_R.TTF', 'BOOKOS.TTF', 'BOOKOSB.TTF', 'BOOKOSBI.TTF', 'BOOKOSI.TTF', 'BRADHITC.TTF', 'BRITANIC.TTF', 'BRLNSB.TTF', 'BRLNSDB.TTF', 'BRLNSR.TTF', 'BROADW.TTF', 'BRUSHSCI.TTF', 'BSSYM7.TTF', 'c8514fix.fon', 'c8514oem.fon', 'c8514sys.fon', 'calibri.ttf', 'calibrib.ttf', 'calibrii.ttf', 'calibril.ttf', 'calibrili.ttf', 'calibriz.ttf', 'CALIFB.TTF', 'CALIFI.TTF', 'CALIFR.TTF', 'CALIST.TTF', 'CALISTB.TTF', 'CALISTBI.TTF', 'CALISTI.TTF', 'cambria.ttc', 'cambriab.ttf', 'cambriai.ttf', 'cambriaz.ttf', 'Candara.ttf', 'Candarab.ttf', 'Candarai.ttf', 'Candaral.ttf', 'Candarali.ttf', 'Candaraz.ttf', 'CascadiaCode.ttf', 'CascadiaMono.ttf', 'CASTELAR.TTF', 'CENSCBK.TTF', 'CENTAUR.TTF', 'CENTURY.TTF', 'cga40737.fon', 'cga40850.fon', 'cga40852.fon', 'cga40857.fon', 'cga40866.fon', 'cga40869.fon', 'cga40woa.fon', 'cga80737.fon', 'cga80850.fon', 'cga80852.fon', 'cga80857.fon', 'cga80866.fon', 'cga80869.fon', 'cga80woa.fon', 'CHILLER.TTF', 'COLONNA.TTF', 'comic.ttf', 'comicbd.ttf', 'comici.ttf', 'comicz.ttf', 'consola.ttf', 'consolab.ttf', 'consolai.ttf', 'consolaz.ttf', 'constan.ttf', 'constanb.ttf', 'constani.ttf', 'constanz.ttf', 'COOPBL.TTF', 'COPRGTB.TTF', 'COPRGTL.TTF', 'corbel.ttf', 'corbelb.ttf', 'corbeli.ttf', 'corbell.ttf', 'corbelli.ttf', 'corbelz.ttf', 'coue1255.fon', 'coue1256.fon', 'coue1257.fon', 'couf1255.fon', 'couf1256.fon', 'couf1257.fon', 'cour.ttf', 'courbd.ttf', 'courbi.ttf', 'coure.fon', 'couree.fon', 'coureg.fon', 'courer.fon', 'couret.fon', 'courf.fon', 'courfe.fon', 'courfg.fon', 'courfr.fon', 'courft.fon', 'couri.ttf', 'CURLZ___.TTF', 'cvgafix.fon', 'cvgasys.fon', 'Deng.ttf', 'Dengb.ttf', 'Dengl.ttf', 'desktop.ini', 'dos737.fon', 'dos869.fon', 'dosapp.fon', 'DUBAI-BOLD.TTF', 'DUBAI-LIGHT.TTF', 'DUBAI-MEDIUM.TTF', 'DUBAI-REGULAR.TTF', 'ebrima.ttf', 'ebrimabd.ttf', 'ega40737.fon', 'ega40850.fon', 'ega40852.fon', 'ega40857.fon', 'ega40866.fon', 'ega40869.fon', 'ega40woa.fon', 'ega80737.fon', 'ega80850.fon', 'ega80852.fon', 'ega80857.fon', 'ega80866.fon', 'ega80869.fon', 'ega80woa.fon', 'ELEPHNT.TTF', 'ELEPHNTI.TTF', 'ENGR.TTF', 'ERASBD.TTF', 'ERASDEMI.TTF', 'ERASLGHT.TTF', 'ERASMD.TTF', 'FELIXTI.TTF', 'fms_metadata.xml', 'FORTE.TTF', 'FRABK.TTF', 'FRABKIT.TTF', 'FRADM.TTF', 'FRADMCN.TTF', 'FRADMIT.TTF', 'FRAHV.TTF', 'FRAHVIT.TTF', 'framd.ttf', 'FRAMDCN.TTF', 'framdit.ttf', 'FREESCPT.TTF', 'FRSCRIPT.TTF', 'FTLTLT.TTF', 'FZSTK.TTF', 'FZYTK.TTF', 'Gabriola.ttf', 'gadugi.ttf', 'gadugib.ttf', 'GARA.TTF', 'GARABD.TTF', 'GARAIT.TTF', 'georgia.ttf', 'georgiab.ttf', 'georgiai.ttf', 'georgiaz.ttf', 'GIGI.TTF', 'GILBI___.TTF', 'GILB____.TTF', 'GILC____.TTF', 'GILI____.TTF', 'GILLUBCD.TTF', 'GILSANUB.TTF', 'GIL_____.TTF', 'GLECB.TTF', 'GlobalMonospace.CompositeFont', 'GlobalSansSerif.CompositeFont', 'GlobalSerif.CompositeFont', 'GlobalUserInterface.CompositeFont', 'GLSNECB.TTF', 'GOTHIC.TTF', 'GOTHICB.TTF', 'GOTHICBI.TTF', 'GOTHICI.TTF', 'GOUDOS.TTF', 'GOUDOSB.TTF', 'GOUDOSI.TTF', 'GOUDYSTO.TTF', 'h8514fix.fon', 'h8514oem.fon', 'h8514sys.fon', 'HARLOWSI.TTF', 'HARNGTON.TTF', 'HATTEN.TTF', 'HGB1X_CNKI.ttf', 'HGB1_CNKI.ttf', 'HGB2X_CNKI.ttf', 'HGB2_CNKI.ttf', 'HGB3X_CNKI.ttf', 'HGB3_CNKI.ttf', 'HGB4X_CNKI.ttf', 'HGB4_CNKI.ttf', 'HGB5X_CNKI.ttf', 'HGB5_CNKI.ttf', 'HGB6X_CNKI.ttf', 'HGB6_CNKI.ttf', 'HGB7X_CNKI.ttf', 'HGB7_CNKI.ttf', 'HGB8X_CNKI.ttf', 'HGB8_CNKI.ttf', 'HGBD_CNKI.ttf', 'HGBKBX_CNKI.ttf', 'HGBKB_CNKI.ttf', 'HGBKHX_CNKI.ttf', 'HGBKH_CNKI.ttf', 'HGBS1_CNKI.TTF', 'HGBS2_CNKI.TTF', 'HGBS_CNKI.TTF', 'HGBTH_CNKI.TTF', 'HGBTS_CNKI.TTF', 'HGBX_CNKI.ttf', 'HGBZ_CNKI.ttf', 'HGCH_CNKI.TTF', 'HGCUH_CNKI.TTF', 'HGCY_CNKI.TTF', 'HGDBS_CNKI.TTF', 'HGDGY_CNKI.TTF', 'HGDH2_CNKI.TTF', 'HGDH_CNKI.TTF', 'HGDYS_CNKI.TTF', 'HGDY_CNKI.ttf', 'HGF1X_CNKI.ttf', 'HGF1_CNKI.ttf', 'HGF2X_CNKI.ttf', 'HGF2_CNKI.ttf', 'HGF3_CNKI.ttf', 'HGF4X_CNKI.ttf', 'HGF4_CNKI.ttf', 'HGF5X_CNKI.ttf', 'HGF5_CNKI.ttf', 'HGF6X_CNKI.ttf', 'HGF6_CNKI.ttf', 'HGF7X_CNKI.ttf', 'HGF7_CNKI.ttf', 'HGF8_CNKI.ttf', 'HGF9X_CNKI.ttf', 'HGF9_CNKI.ttf', 'HGFS1_CNKI.TTF', 'HGFS2_CNKI.TTF', 'HGFSH_CNKI.TTF', 'HGFS_CNKI.TTF', 'HGFX_CNKI.ttf', 'HGFZ_CNKI.ttf', 'HGGG_CNKI.TTF', 'HGH1X_CNKI.ttf', 'HGH1_CNKI.ttf', 'HGH2X_CNKI.ttf', 'HGH2_CNKI.ttf', 'HGH3X_CNKI.ttf', 'HGH3_CNKI.ttf', 'HGH4X_CNKI.ttf', 'HGH4_CNKI.ttf', 'HGH5X_CNKI.ttf', 'HGH5_CNKI.ttf', 'HGH6X_CNKI.ttf', 'HGH6_CNKI.ttf', 'HGH7X_CNKI.ttf', 'HGH7_CNKI.ttf', 'HGHB_CNKI.TTF', 'HGHD_CNKI.ttf', 'HGHP_CNKI.TTF', 'HGHT1_CNKI.ttf', 'HGHT2_CNKI.ttf', 'HGHUATI_CNKI.ttf', 'HGHX_CNKI.ttf', 'HGHZ_CNKI.ttf', 'HGH_CNKI.TTF', 'HGKT1_CNKI.TTF', 'HGKT2_CNKI.TTF', 'HGKT_CNKI.TTF', 'HGKY_CNKI.ttf', 'HGLB_CNKI.TTF', 'HGLS_CNKI.TTF', 'HGMH_CNKI.TTF', 'HGNBS_CNKI.ttf', 'HGOCR_CNKI.ttf', 'HGPH_CNKI.TTF', 'HGPTY_CNKI.TTF', 'HGSS1_CNKI.TTF', 'HGSS2_CNKI.TTF', 'HGSS_CNKI.TTF', 'HGSXT_CNKI.ttf', 'HGTT_CNKI.ttf', 'HGTX_CNKI.TTF', 'HGWT_CNKI.TTF', 'HGWYS_CNKI.TTF', 'HGX1X_CNKI.ttf', 'HGX1_CNKI.ttf', 'HGXBS_CNKI.TTF', 'HGXC_CNKI.TTF', 'HGXF1_CNKI.ttf', 'HGXFX_CNKI.ttf', 'HGXFZ_CNKI.ttf', 'HGXH1_CNKI.TTF', 'HGXH_CNKI.TTF', 'HGXK_CNKI.TTF', 'HGXL_CNKI.TTF', 'HGXS_CNKI.TTF', 'HGXT_CNKI.ttf', 'HGXY_CNKI.ttf', 'HGY1_CNKI.TTF', 'HGY2_CNKI.TTF', 'HGY3_CNKI.TTF', 'HGY4_CNKI.TTF', 'HGYB_CNKI.ttf', 'HGYT1_CNKI.ttf', 'HGYT2_CNKI.ttf', 'HGYT_CNKI.TTF', 'HGYX_CNKI.TTF', 'HGZCS_CNKI.TTF', 'HGZDX_CNKI.TTF', 'HGZK_CNKI.TTF', 'HGZYT_CNKI.TTF', 'HGZY_CNKI.TTF', 'himalaya.ttf', 'holomdl2.ttf', 'HTOWERT.TTF', 'HTOWERTI.TTF', 'hvgafix.fon', 'hvgasys.fon', 'impact.ttf', 'IMPRISHA.TTF', 'INFROMAN.TTF', 'Inkfree.ttf', 'iqiyi_logov7.ttf', 'ITCBLKAD.TTF', 'ITCEDSCR.TTF', 'ITCKRIST.TTF', 'j8514fix.fon', 'j8514oem.fon', 'j8514sys.fon', 'javatext.ttf', 'JOKERMAN.TTF', 'jsmalle.fon', 'jsmallf.fon', 'JUICE___.TTF', 'jvgafix.fon', 'jvgasys.fon', 'KUNSTLER.TTF', 'LATINWD.TTF', 'LBRITE.TTF', 'LBRITED.TTF', 'LBRITEDI.TTF', 'LBRITEI.TTF', 'LCALLIG.TTF', 'LeelaUIb.ttf', 'LeelawUI.ttf', 'LeelUIsl.ttf', 'LFAX.TTF', 'LFAXD.TTF', 'LFAXDI.TTF', 'LFAXI.TTF', 'LHANDW.TTF', 'LSANS.TTF', 'LSANSD.TTF', 'LSANSDI.TTF', 'LSANSI.TTF', 'LTYPE.TTF', 'LTYPEB.TTF', 'LTYPEBO.TTF', 'LTYPEO.TTF', 'lucon.ttf', 'l_10646.ttf', 'MAGNETOB.TTF', 'MAIAN.TTF', 'malgun.ttf', 'malgunbd.ttf', 'malgunsl.ttf', 'marlett.ttf', 'MATURASC.TTF', 'micross.ttf', 'mingliub.ttc', 'MISTRAL.TTF', 'mmrtext.ttf', 'mmrtextb.ttf', 'MOD20.TTF', 'modern.fon', 'monbaiti.ttf', 'msgothic.ttc', 'msjh.ttc', 'msjhbd.ttc', 'msjhl.ttc', 'msyh.ttc', 'msyhbd.ttc', 'msyhl.ttc', 'msyi.ttf', 'MTCORSVA.TTF', 'MTEXTRA.TTF', 'mvboli.ttf', 'NIAGENG.TTF', 'NIAGSOL.TTF', 'Nirmala.ttf', 'NirmalaB.ttf', 'NirmalaS.ttf', 'ntailu.ttf', 'ntailub.ttf', 'NumberOnly.ttf', 'OCRAEXT.TTF', 'OLDENGL.TTF', 'ONYX.TTF', 'OUTLOOK.TTF', 'pala.ttf', 'palab.ttf', 'palabi.ttf', 'palai.ttf', 'PALSCRI.TTF', 'PAPYRUS.TTF', 'PARCHM.TTF', 'PERBI___.TTF', 'PERB____.TTF', 'PERI____.TTF', 'PERTIBD.TTF', 'PERTILI.TTF', 'PER_____.TTF', 'phagspa.ttf', 'phagspab.ttf', 'PLAYBILL.TTF', 'POORICH.TTF', 'PRISTINA.TTF', 'RAGE.TTF', 'RAVIE.TTF', 'REFSAN.TTF', 'REFSPCL.TTF', 'ROCCB___.TTF', 'ROCC____.TTF', 'ROCK.TTF', 'ROCKB.TTF', 'ROCKBI.TTF', 'ROCKEB.TTF', 'ROCKI.TTF', 'roman.fon', 's8514fix.fon', 's8514oem.fon', 's8514sys.fon', 'SCHLBKB.TTF', 'SCHLBKBI.TTF', 'SCHLBKI.TTF', 'script.fon', 'SCRIPTBL.TTF', 'segmdl2.ttf', 'SegoeIcons.ttf', 'segoepr.ttf', 'segoeprb.ttf', 'segoesc.ttf', 'segoescb.ttf', 'segoeui.ttf', 'segoeuib.ttf', 'segoeuii.ttf', 'segoeuil.ttf', 'segoeuisl.ttf', 'segoeuiz.ttf', 'seguibl.ttf', 'seguibli.ttf', 'seguiemj.ttf', 'seguihis.ttf', 'seguili.ttf', 'seguisb.ttf', 'seguisbi.ttf', 'seguisli.ttf', 'seguisym.ttf', 'SegUIVar.ttf', 'sere1255.fon', 'sere1256.fon', 'sere1257.fon', 'serf1255.fon', 'serf1256.fon', 'serf1257.fon', 'serife.fon', 'serifee.fon', 'serifeg.fon', 'serifer.fon', 'serifet.fon', 'seriff.fon', 'seriffe.fon', 'seriffg.fon', 'seriffr.fon', 'serifft.fon', 'SHOWG.TTF', 'simfang.ttf', 'simhei.ttf', 'simkai.ttf', 'SIMLI.TTF', 'simsun.ttc', 'simsunb.ttf', 'SIMYOU.TTF', 'SitkaVF-Italic.ttf', 'SitkaVF.ttf', 'smae1255.fon', 'smae1256.fon', 'smae1257.fon', 'smaf1255.fon', 'smaf1256.fon', 'smaf1257.fon', 'smalle.fon', 'smallee.fon', 'smalleg.fon', 'smaller.fon', 'smallet.fon', 'smallf.fon', 'smallfe.fon', 'smallfg.fon', 'smallfr.fon', 'smallft.fon', 'SNAP____.TTF', 'ssee1255.fon', 'ssee1256.fon', 'ssee1257.fon', 'ssee874.fon', 'ssef1255.fon', 'ssef1256.fon', 'ssef1257.fon', 'ssef874.fon', 'sserife.fon', 'sserifee.fon', 'sserifeg.fon', 'sserifer.fon', 'sserifet.fon', 'sseriff.fon', 'sseriffe.fon', 'sseriffg.fon', 'sseriffr.fon', 'sserifft.fon', 'StaticCache.dat', 'STCAIYUN.TTF', 'STENCIL.TTF', 'STFANGSO.TTF', 'STHUPO.TTF', 'STKAITI.TTF', 'STLITI.TTF', 'STSONG.TTF', 'STXIHEI.TTF', 'STXINGKA.TTF', 'STXINWEI.TTF', 'STZHONGS.TTF', 'svgafix.fon', 'svgasys.fon', 'sylfaen.ttf', 'symbol.ttf', 'tahoma.ttf', 'tahomabd.ttf', 'taile.ttf', 'taileb.ttf', 'TCBI____.TTF', 'TCB_____.TTF', 'TCCB____.TTF', 'TCCEB.TTF', 'TCCM____.TTF', 'TCMI____.TTF', 'TCM_____.TTF', 'TEMPSITC.TTF', 'times.ttf', 'timesbd.ttf', 'timesbi.ttf', 'timesi.ttf', 'trebuc.ttf', 'trebucbd.ttf', 'trebucbi.ttf', 'trebucit.ttf', 'verdana.ttf', 'verdanab.ttf', 'verdanai.ttf', 'verdanaz.ttf', 'vga737.fon', 'vga775.fon', 'vga850.fon', 'vga852.fon', 'vga855.fon', 'vga857.fon', 'vga860.fon', 'vga861.fon', 'vga863.fon', 'vga865.fon', 'vga866.fon', 'vga869.fon', 'vga932.fon', 'vga936.fon', 'vga949.fon', 'vga950.fon', 'vgaf1255.fon', 'vgaf1256.fon', 'vgaf1257.fon', 'vgaf874.fon', 'vgafix.fon', 'vgafixe.fon', 'vgafixg.fon', 'vgafixr.fon', 'vgafixt.fon', 'vgaoem.fon', 'vgas1255.fon', 'vgas1256.fon', 'vgas1257.fon', 'vgas874.fon', 'vgasys.fon', 'vgasyse.fon', 'vgasysg.fon', 'vgasysr.fon', 'vgasyst.fon', 'VINERITC.TTF', 'VIVALDII.TTF', 'VLADIMIR.TTF', 'webdings.ttf', 'wingding.ttf', 'WINGDNG2.TTF', 'WINGDNG3.TTF', 'YuGothB.ttc', 'YuGothL.ttc', 'YuGothM.ttc', 'YuGothR.ttc', '\u534e\u5eb7\u65b9\u5706\u4f53W7.TTC', '\u65b9\u6b63\u7c97\u9ed1\u5b8b\u7b80\u4f53.ttf']
2023-09-27 15:56:33,242 - INFO - all fonts installed:['8514fix.fon', '8514fixe.fon', '8514fixg.fon', '8514fixr.fon', '8514fixt.fon', '8514oem.fon', '8514oeme.fon', '8514oemg.fon', '8514oemr.fon', '8514oemt.fon', '8514sys.fon', '8514syse.fon', '8514sysg.fon', '8514sysr.fon', '8514syst.fon', '85775.fon', '85855.fon', '85f1255.fon', '85f1256.fon', '85f1257.fon', '85f874.fon', '85s1255.fon', '85s1256.fon', '85s1257.fon', '85s874.fon', 'AGENCYB.TTF', 'AGENCYR.TTF', 'ALGER.TTF', 'ANTQUAB.TTF', 'ANTQUABI.TTF', 'ANTQUAI.TTF', 'app775.fon', 'app850.fon', 'app852.fon', 'app855.fon', 'app857.fon', 'app866.fon', 'app932.fon', 'app936.fon', 'app949.fon', 'app950.fon', 'arial.ttf', 'arialbd.ttf', 'arialbi.ttf', 'ariali.ttf', 'ARIALN.TTF', 'ARIALNB.TTF', 'ARIALNBI.TTF', 'ARIALNI.TTF', 'ariblk.ttf', 'ARLRDBD.TTF', 'AxureHandwriting-Bold.otf', 'AxureHandwriting-BoldItalic.otf', 'AxureHandwriting-Italic.otf', 'AxureHandwriting.otf', 'bahnschrift.ttf', 'BASKVILL.TTF', 'BAUHS93.TTF', 'BELL.TTF', 'BELLB.TTF', 'BELLI.TTF', 'BERNHC.TTF', 'BKANT.TTF', 'BOD_B.TTF', 'BOD_BI.TTF', 'BOD_BLAI.TTF', 'BOD_BLAR.TTF', 'BOD_CB.TTF', 'BOD_CBI.TTF', 'BOD_CI.TTF', 'BOD_CR.TTF', 'BOD_I.TTF', 'BOD_PSTC.TTF', 'BOD_R.TTF', 'BOOKOS.TTF', 'BOOKOSB.TTF', 'BOOKOSBI.TTF', 'BOOKOSI.TTF', 'BRADHITC.TTF', 'BRITANIC.TTF', 'BRLNSB.TTF', 'BRLNSDB.TTF', 'BRLNSR.TTF', 'BROADW.TTF', 'BRUSHSCI.TTF', 'BSSYM7.TTF', 'c8514fix.fon', 'c8514oem.fon', 'c8514sys.fon', 'calibri.ttf', 'calibrib.ttf', 'calibrii.ttf', 'calibril.ttf', 'calibrili.ttf', 'calibriz.ttf', 'CALIFB.TTF', 'CALIFI.TTF', 'CALIFR.TTF', 'CALIST.TTF', 'CALISTB.TTF', 'CALISTBI.TTF', 'CALISTI.TTF', 'cambria.ttc', 'cambriab.ttf', 'cambriai.ttf', 'cambriaz.ttf', 'Candara.ttf', 'Candarab.ttf', 'Candarai.ttf', 'Candaral.ttf', 'Candarali.ttf', 'Candaraz.ttf', 'CascadiaCode.ttf', 'CascadiaMono.ttf', 'CASTELAR.TTF', 'CENSCBK.TTF', 'CENTAUR.TTF', 'CENTURY.TTF', 'cga40737.fon', 'cga40850.fon', 'cga40852.fon', 'cga40857.fon', 'cga40866.fon', 'cga40869.fon', 'cga40woa.fon', 'cga80737.fon', 'cga80850.fon', 'cga80852.fon', 'cga80857.fon', 'cga80866.fon', 'cga80869.fon', 'cga80woa.fon', 'CHILLER.TTF', 'COLONNA.TTF', 'comic.ttf', 'comicbd.ttf', 'comici.ttf', 'comicz.ttf', 'consola.ttf', 'consolab.ttf', 'consolai.ttf', 'consolaz.ttf', 'constan.ttf', 'constanb.ttf', 'constani.ttf', 'constanz.ttf', 'COOPBL.TTF', 'COPRGTB.TTF', 'COPRGTL.TTF', 'corbel.ttf', 'corbelb.ttf', 'corbeli.ttf', 'corbell.ttf', 'corbelli.ttf', 'corbelz.ttf', 'coue1255.fon', 'coue1256.fon', 'coue1257.fon', 'couf1255.fon', 'couf1256.fon', 'couf1257.fon', 'cour.ttf', 'courbd.ttf', 'courbi.ttf', 'coure.fon', 'couree.fon', 'coureg.fon', 'courer.fon', 'couret.fon', 'courf.fon', 'courfe.fon', 'courfg.fon', 'courfr.fon', 'courft.fon', 'couri.ttf', 'CURLZ___.TTF', 'cvgafix.fon', 'cvgasys.fon', 'Deng.ttf', 'Dengb.ttf', 'Dengl.ttf', 'desktop.ini', 'dos737.fon', 'dos869.fon', 'dosapp.fon', 'DUBAI-BOLD.TTF', 'DUBAI-LIGHT.TTF', 'DUBAI-MEDIUM.TTF', 'DUBAI-REGULAR.TTF', 'ebrima.ttf', 'ebrimabd.ttf', 'ega40737.fon', 'ega40850.fon', 'ega40852.fon', 'ega40857.fon', 'ega40866.fon', 'ega40869.fon', 'ega40woa.fon', 'ega80737.fon', 'ega80850.fon', 'ega80852.fon', 'ega80857.fon', 'ega80866.fon', 'ega80869.fon', 'ega80woa.fon', 'ELEPHNT.TTF', 'ELEPHNTI.TTF', 'ENGR.TTF', 'ERASBD.TTF', 'ERASDEMI.TTF', 'ERASLGHT.TTF', 'ERASMD.TTF', 'FELIXTI.TTF', 'fms_metadata.xml', 'FORTE.TTF', 'FRABK.TTF', 'FRABKIT.TTF', 'FRADM.TTF', 'FRADMCN.TTF', 'FRADMIT.TTF', 'FRAHV.TTF', 'FRAHVIT.TTF', 'framd.ttf', 'FRAMDCN.TTF', 'framdit.ttf', 'FREESCPT.TTF', 'FRSCRIPT.TTF', 'FTLTLT.TTF', 'FZSTK.TTF', 'FZYTK.TTF', 'Gabriola.ttf', 'gadugi.ttf', 'gadugib.ttf', 'GARA.TTF', 'GARABD.TTF', 'GARAIT.TTF', 'georgia.ttf', 'georgiab.ttf', 'georgiai.ttf', 'georgiaz.ttf', 'GIGI.TTF', 'GILBI___.TTF', 'GILB____.TTF', 'GILC____.TTF', 'GILI____.TTF', 'GILLUBCD.TTF', 'GILSANUB.TTF', 'GIL_____.TTF', 'GLECB.TTF', 'GlobalMonospace.CompositeFont', 'GlobalSansSerif.CompositeFont', 'GlobalSerif.CompositeFont', 'GlobalUserInterface.CompositeFont', 'GLSNECB.TTF', 'GOTHIC.TTF', 'GOTHICB.TTF', 'GOTHICBI.TTF', 'GOTHICI.TTF', 'GOUDOS.TTF', 'GOUDOSB.TTF', 'GOUDOSI.TTF', 'GOUDYSTO.TTF', 'h8514fix.fon', 'h8514oem.fon', 'h8514sys.fon', 'HARLOWSI.TTF', 'HARNGTON.TTF', 'HATTEN.TTF', 'HGB1X_CNKI.ttf', 'HGB1_CNKI.ttf', 'HGB2X_CNKI.ttf', 'HGB2_CNKI.ttf', 'HGB3X_CNKI.ttf', 'HGB3_CNKI.ttf', 'HGB4X_CNKI.ttf', 'HGB4_CNKI.ttf', 'HGB5X_CNKI.ttf', 'HGB5_CNKI.ttf', 'HGB6X_CNKI.ttf', 'HGB6_CNKI.ttf', 'HGB7X_CNKI.ttf', 'HGB7_CNKI.ttf', 'HGB8X_CNKI.ttf', 'HGB8_CNKI.ttf', 'HGBD_CNKI.ttf', 'HGBKBX_CNKI.ttf', 'HGBKB_CNKI.ttf', 'HGBKHX_CNKI.ttf', 'HGBKH_CNKI.ttf', 'HGBS1_CNKI.TTF', 'HGBS2_CNKI.TTF', 'HGBS_CNKI.TTF', 'HGBTH_CNKI.TTF', 'HGBTS_CNKI.TTF', 'HGBX_CNKI.ttf', 'HGBZ_CNKI.ttf', 'HGCH_CNKI.TTF', 'HGCUH_CNKI.TTF', 'HGCY_CNKI.TTF', 'HGDBS_CNKI.TTF', 'HGDGY_CNKI.TTF', 'HGDH2_CNKI.TTF', 'HGDH_CNKI.TTF', 'HGDYS_CNKI.TTF', 'HGDY_CNKI.ttf', 'HGF1X_CNKI.ttf', 'HGF1_CNKI.ttf', 'HGF2X_CNKI.ttf', 'HGF2_CNKI.ttf', 'HGF3_CNKI.ttf', 'HGF4X_CNKI.ttf', 'HGF4_CNKI.ttf', 'HGF5X_CNKI.ttf', 'HGF5_CNKI.ttf', 'HGF6X_CNKI.ttf', 'HGF6_CNKI.ttf', 'HGF7X_CNKI.ttf', 'HGF7_CNKI.ttf', 'HGF8_CNKI.ttf', 'HGF9X_CNKI.ttf', 'HGF9_CNKI.ttf', 'HGFS1_CNKI.TTF', 'HGFS2_CNKI.TTF', 'HGFSH_CNKI.TTF', 'HGFS_CNKI.TTF', 'HGFX_CNKI.ttf', 'HGFZ_CNKI.ttf', 'HGGG_CNKI.TTF', 'HGH1X_CNKI.ttf', 'HGH1_CNKI.ttf', 'HGH2X_CNKI.ttf', 'HGH2_CNKI.ttf', 'HGH3X_CNKI.ttf', 'HGH3_CNKI.ttf', 'HGH4X_CNKI.ttf', 'HGH4_CNKI.ttf', 'HGH5X_CNKI.ttf', 'HGH5_CNKI.ttf', 'HGH6X_CNKI.ttf', 'HGH6_CNKI.ttf', 'HGH7X_CNKI.ttf', 'HGH7_CNKI.ttf', 'HGHB_CNKI.TTF', 'HGHD_CNKI.ttf', 'HGHP_CNKI.TTF', 'HGHT1_CNKI.ttf', 'HGHT2_CNKI.ttf', 'HGHUATI_CNKI.ttf', 'HGHX_CNKI.ttf', 'HGHZ_CNKI.ttf', 'HGH_CNKI.TTF', 'HGKT1_CNKI.TTF', 'HGKT2_CNKI.TTF', 'HGKT_CNKI.TTF', 'HGKY_CNKI.ttf', 'HGLB_CNKI.TTF', 'HGLS_CNKI.TTF', 'HGMH_CNKI.TTF', 'HGNBS_CNKI.ttf', 'HGOCR_CNKI.ttf', 'HGPH_CNKI.TTF', 'HGPTY_CNKI.TTF', 'HGSS1_CNKI.TTF', 'HGSS2_CNKI.TTF', 'HGSS_CNKI.TTF', 'HGSXT_CNKI.ttf', 'HGTT_CNKI.ttf', 'HGTX_CNKI.TTF', 'HGWT_CNKI.TTF', 'HGWYS_CNKI.TTF', 'HGX1X_CNKI.ttf', 'HGX1_CNKI.ttf', 'HGXBS_CNKI.TTF', 'HGXC_CNKI.TTF', 'HGXF1_CNKI.ttf', 'HGXFX_CNKI.ttf', 'HGXFZ_CNKI.ttf', 'HGXH1_CNKI.TTF', 'HGXH_CNKI.TTF', 'HGXK_CNKI.TTF', 'HGXL_CNKI.TTF', 'HGXS_CNKI.TTF', 'HGXT_CNKI.ttf', 'HGXY_CNKI.ttf', 'HGY1_CNKI.TTF', 'HGY2_CNKI.TTF', 'HGY3_CNKI.TTF', 'HGY4_CNKI.TTF', 'HGYB_CNKI.ttf', 'HGYT1_CNKI.ttf', 'HGYT2_CNKI.ttf', 'HGYT_CNKI.TTF', 'HGYX_CNKI.TTF', 'HGZCS_CNKI.TTF', 'HGZDX_CNKI.TTF', 'HGZK_CNKI.TTF', 'HGZYT_CNKI.TTF', 'HGZY_CNKI.TTF', 'himalaya.ttf', 'holomdl2.ttf', 'HTOWERT.TTF', 'HTOWERTI.TTF', 'hvgafix.fon', 'hvgasys.fon', 'impact.ttf', 'IMPRISHA.TTF', 'INFROMAN.TTF', 'Inkfree.ttf', 'iqiyi_logov7.ttf', 'ITCBLKAD.TTF', 'ITCEDSCR.TTF', 'ITCKRIST.TTF', 'j8514fix.fon', 'j8514oem.fon', 'j8514sys.fon', 'javatext.ttf', 'JOKERMAN.TTF', 'jsmalle.fon', 'jsmallf.fon', 'JUICE___.TTF', 'jvgafix.fon', 'jvgasys.fon', 'KUNSTLER.TTF', 'LATINWD.TTF', 'LBRITE.TTF', 'LBRITED.TTF', 'LBRITEDI.TTF', 'LBRITEI.TTF', 'LCALLIG.TTF', 'LeelaUIb.ttf', 'LeelawUI.ttf', 'LeelUIsl.ttf', 'LFAX.TTF', 'LFAXD.TTF', 'LFAXDI.TTF', 'LFAXI.TTF', 'LHANDW.TTF', 'LSANS.TTF', 'LSANSD.TTF', 'LSANSDI.TTF', 'LSANSI.TTF', 'LTYPE.TTF', 'LTYPEB.TTF', 'LTYPEBO.TTF', 'LTYPEO.TTF', 'lucon.ttf', 'l_10646.ttf', 'MAGNETOB.TTF', 'MAIAN.TTF', 'malgun.ttf', 'malgunbd.ttf', 'malgunsl.ttf', 'marlett.ttf', 'MATURASC.TTF', 'micross.ttf', 'mingliub.ttc', 'MISTRAL.TTF', 'mmrtext.ttf', 'mmrtextb.ttf', 'MOD20.TTF', 'modern.fon', 'monbaiti.ttf', 'msgothic.ttc', 'msjh.ttc', 'msjhbd.ttc', 'msjhl.ttc', 'msyh.ttc', 'msyhbd.ttc', 'msyhl.ttc', 'msyi.ttf', 'MTCORSVA.TTF', 'MTEXTRA.TTF', 'mvboli.ttf', 'NIAGENG.TTF', 'NIAGSOL.TTF', 'Nirmala.ttf', 'NirmalaB.ttf', 'NirmalaS.ttf', 'ntailu.ttf', 'ntailub.ttf', 'NumberOnly.ttf', 'OCRAEXT.TTF', 'OLDENGL.TTF', 'ONYX.TTF', 'OUTLOOK.TTF', 'pala.ttf', 'palab.ttf', 'palabi.ttf', 'palai.ttf', 'PALSCRI.TTF', 'PAPYRUS.TTF', 'PARCHM.TTF', 'PERBI___.TTF', 'PERB____.TTF', 'PERI____.TTF', 'PERTIBD.TTF', 'PERTILI.TTF', 'PER_____.TTF', 'phagspa.ttf', 'phagspab.ttf', 'PLAYBILL.TTF', 'POORICH.TTF', 'PRISTINA.TTF', 'RAGE.TTF', 'RAVIE.TTF', 'REFSAN.TTF', 'REFSPCL.TTF', 'ROCCB___.TTF', 'ROCC____.TTF', 'ROCK.TTF', 'ROCKB.TTF', 'ROCKBI.TTF', 'ROCKEB.TTF', 'ROCKI.TTF', 'roman.fon', 's8514fix.fon', 's8514oem.fon', 's8514sys.fon', 'SCHLBKB.TTF', 'SCHLBKBI.TTF', 'SCHLBKI.TTF', 'script.fon', 'SCRIPTBL.TTF', 'segmdl2.ttf', 'SegoeIcons.ttf', 'segoepr.ttf', 'segoeprb.ttf', 'segoesc.ttf', 'segoescb.ttf', 'segoeui.ttf', 'segoeuib.ttf', 'segoeuii.ttf', 'segoeuil.ttf', 'segoeuisl.ttf', 'segoeuiz.ttf', 'seguibl.ttf', 'seguibli.ttf', 'seguiemj.ttf', 'seguihis.ttf', 'seguili.ttf', 'seguisb.ttf', 'seguisbi.ttf', 'seguisli.ttf', 'seguisym.ttf', 'SegUIVar.ttf', 'sere1255.fon', 'sere1256.fon', 'sere1257.fon', 'serf1255.fon', 'serf1256.fon', 'serf1257.fon', 'serife.fon', 'serifee.fon', 'serifeg.fon', 'serifer.fon', 'serifet.fon', 'seriff.fon', 'seriffe.fon', 'seriffg.fon', 'seriffr.fon', 'serifft.fon', 'SHOWG.TTF', 'simfang.ttf', 'simhei.ttf', 'simkai.ttf', 'SIMLI.TTF', 'simsun.ttc', 'simsunb.ttf', 'SIMYOU.TTF', 'SitkaVF-Italic.ttf', 'SitkaVF.ttf', 'smae1255.fon', 'smae1256.fon', 'smae1257.fon', 'smaf1255.fon', 'smaf1256.fon', 'smaf1257.fon', 'smalle.fon', 'smallee.fon', 'smalleg.fon', 'smaller.fon', 'smallet.fon', 'smallf.fon', 'smallfe.fon', 'smallfg.fon', 'smallfr.fon', 'smallft.fon', 'SNAP____.TTF', 'ssee1255.fon', 'ssee1256.fon', 'ssee1257.fon', 'ssee874.fon', 'ssef1255.fon', 'ssef1256.fon', 'ssef1257.fon', 'ssef874.fon', 'sserife.fon', 'sserifee.fon', 'sserifeg.fon', 'sserifer.fon', 'sserifet.fon', 'sseriff.fon', 'sseriffe.fon', 'sseriffg.fon', 'sseriffr.fon', 'sserifft.fon', 'StaticCache.dat', 'STCAIYUN.TTF', 'STENCIL.TTF', 'STFANGSO.TTF', 'STHUPO.TTF', 'STKAITI.TTF', 'STLITI.TTF', 'STSONG.TTF', 'STXIHEI.TTF', 'STXINGKA.TTF', 'STXINWEI.TTF', 'STZHONGS.TTF', 'svgafix.fon', 'svgasys.fon', 'sylfaen.ttf', 'symbol.ttf', 'tahoma.ttf', 'tahomabd.ttf', 'taile.ttf', 'taileb.ttf', 'TCBI____.TTF', 'TCB_____.TTF', 'TCCB____.TTF', 'TCCEB.TTF', 'TCCM____.TTF', 'TCMI____.TTF', 'TCM_____.TTF', 'TEMPSITC.TTF', 'times.ttf', 'timesbd.ttf', 'timesbi.ttf', 'timesi.ttf', 'trebuc.ttf', 'trebucbd.ttf', 'trebucbi.ttf', 'trebucit.ttf', 'verdana.ttf', 'verdanab.ttf', 'verdanai.ttf', 'verdanaz.ttf', 'vga737.fon', 'vga775.fon', 'vga850.fon', 'vga852.fon', 'vga855.fon', 'vga857.fon', 'vga860.fon', 'vga861.fon', 'vga863.fon', 'vga865.fon', 'vga866.fon', 'vga869.fon', 'vga932.fon', 'vga936.fon', 'vga949.fon', 'vga950.fon', 'vgaf1255.fon', 'vgaf1256.fon', 'vgaf1257.fon', 'vgaf874.fon', 'vgafix.fon', 'vgafixe.fon', 'vgafixg.fon', 'vgafixr.fon', 'vgafixt.fon', 'vgaoem.fon', 'vgas1255.fon', 'vgas1256.fon', 'vgas1257.fon', 'vgas874.fon', 'vgasys.fon', 'vgasyse.fon', 'vgasysg.fon', 'vgasysr.fon', 'vgasyst.fon', 'VINERITC.TTF', 'VIVALDII.TTF', 'VLADIMIR.TTF', 'webdings.ttf', 'wingding.ttf', 'WINGDNG2.TTF', 'WINGDNG3.TTF', 'YuGothB.ttc', 'YuGothL.ttc', 'YuGothM.ttc', 'YuGothR.ttc', '\u534e\u5eb7\u65b9\u5706\u4f53W7.TTC', '\u65b9\u6b63\u7c97\u9ed1\u5b8b\u7b80\u4f53.ttf']
2023-09-27 15:56:33,504 - INFO - all fonts installed:['8514fix.fon', '8514fixe.fon', '8514fixg.fon', '8514fixr.fon', '8514fixt.fon', '8514oem.fon', '8514oeme.fon', '8514oemg.fon', '8514oemr.fon', '8514oemt.fon', '8514sys.fon', '8514syse.fon', '8514sysg.fon', '8514sysr.fon', '8514syst.fon', '85775.fon', '85855.fon', '85f1255.fon', '85f1256.fon', '85f1257.fon', '85f874.fon', '85s1255.fon', '85s1256.fon', '85s1257.fon', '85s874.fon', 'AGENCYB.TTF', 'AGENCYR.TTF', 'ALGER.TTF', 'ANTQUAB.TTF', 'ANTQUABI.TTF', 'ANTQUAI.TTF', 'app775.fon', 'app850.fon', 'app852.fon', 'app855.fon', 'app857.fon', 'app866.fon', 'app932.fon', 'app936.fon', 'app949.fon', 'app950.fon', 'arial.ttf', 'arialbd.ttf', 'arialbi.ttf', 'ariali.ttf', 'ARIALN.TTF', 'ARIALNB.TTF', 'ARIALNBI.TTF', 'ARIALNI.TTF', 'ariblk.ttf', 'ARLRDBD.TTF', 'AxureHandwriting-Bold.otf', 'AxureHandwriting-BoldItalic.otf', 'AxureHandwriting-Italic.otf', 'AxureHandwriting.otf', 'bahnschrift.ttf', 'BASKVILL.TTF', 'BAUHS93.TTF', 'BELL.TTF', 'BELLB.TTF', 'BELLI.TTF', 'BERNHC.TTF', 'BKANT.TTF', 'BOD_B.TTF', 'BOD_BI.TTF', 'BOD_BLAI.TTF', 'BOD_BLAR.TTF', 'BOD_CB.TTF', 'BOD_CBI.TTF', 'BOD_CI.TTF', 'BOD_CR.TTF', 'BOD_I.TTF', 'BOD_PSTC.TTF', 'BOD_R.TTF', 'BOOKOS.TTF', 'BOOKOSB.TTF', 'BOOKOSBI.TTF', 'BOOKOSI.TTF', 'BRADHITC.TTF', 'BRITANIC.TTF', 'BRLNSB.TTF', 'BRLNSDB.TTF', 'BRLNSR.TTF', 'BROADW.TTF', 'BRUSHSCI.TTF', 'BSSYM7.TTF', 'c8514fix.fon', 'c8514oem.fon', 'c8514sys.fon', 'calibri.ttf', 'calibrib.ttf', 'calibrii.ttf', 'calibril.ttf', 'calibrili.ttf', 'calibriz.ttf', 'CALIFB.TTF', 'CALIFI.TTF', 'CALIFR.TTF', 'CALIST.TTF', 'CALISTB.TTF', 'CALISTBI.TTF', 'CALISTI.TTF', 'cambria.ttc', 'cambriab.ttf', 'cambriai.ttf', 'cambriaz.ttf', 'Candara.ttf', 'Candarab.ttf', 'Candarai.ttf', 'Candaral.ttf', 'Candarali.ttf', 'Candaraz.ttf', 'CascadiaCode.ttf', 'CascadiaMono.ttf', 'CASTELAR.TTF', 'CENSCBK.TTF', 'CENTAUR.TTF', 'CENTURY.TTF', 'cga40737.fon', 'cga40850.fon', 'cga40852.fon', 'cga40857.fon', 'cga40866.fon', 'cga40869.fon', 'cga40woa.fon', 'cga80737.fon', 'cga80850.fon', 'cga80852.fon', 'cga80857.fon', 'cga80866.fon', 'cga80869.fon', 'cga80woa.fon', 'CHILLER.TTF', 'COLONNA.TTF', 'comic.ttf', 'comicbd.ttf', 'comici.ttf', 'comicz.ttf', 'consola.ttf', 'consolab.ttf', 'consolai.ttf', 'consolaz.ttf', 'constan.ttf', 'constanb.ttf', 'constani.ttf', 'constanz.ttf', 'COOPBL.TTF', 'COPRGTB.TTF', 'COPRGTL.TTF', 'corbel.ttf', 'corbelb.ttf', 'corbeli.ttf', 'corbell.ttf', 'corbelli.ttf', 'corbelz.ttf', 'coue1255.fon', 'coue1256.fon', 'coue1257.fon', 'couf1255.fon', 'couf1256.fon', 'couf1257.fon', 'cour.ttf', 'courbd.ttf', 'courbi.ttf', 'coure.fon', 'couree.fon', 'coureg.fon', 'courer.fon', 'couret.fon', 'courf.fon', 'courfe.fon', 'courfg.fon', 'courfr.fon', 'courft.fon', 'couri.ttf', 'CURLZ___.TTF', 'cvgafix.fon', 'cvgasys.fon', 'Deng.ttf', 'Dengb.ttf', 'Dengl.ttf', 'desktop.ini', 'dos737.fon', 'dos869.fon', 'dosapp.fon', 'DUBAI-BOLD.TTF', 'DUBAI-LIGHT.TTF', 'DUBAI-MEDIUM.TTF', 'DUBAI-REGULAR.TTF', 'ebrima.ttf', 'ebrimabd.ttf', 'ega40737.fon', 'ega40850.fon', 'ega40852.fon', 'ega40857.fon', 'ega40866.fon', 'ega40869.fon', 'ega40woa.fon', 'ega80737.fon', 'ega80850.fon', 'ega80852.fon', 'ega80857.fon', 'ega80866.fon', 'ega80869.fon', 'ega80woa.fon', 'ELEPHNT.TTF', 'ELEPHNTI.TTF', 'ENGR.TTF', 'ERASBD.TTF', 'ERASDEMI.TTF', 'ERASLGHT.TTF', 'ERASMD.TTF', 'FELIXTI.TTF', 'fms_metadata.xml', 'FORTE.TTF', 'FRABK.TTF', 'FRABKIT.TTF', 'FRADM.TTF', 'FRADMCN.TTF', 'FRADMIT.TTF', 'FRAHV.TTF', 'FRAHVIT.TTF', 'framd.ttf', 'FRAMDCN.TTF', 'framdit.ttf', 'FREESCPT.TTF', 'FRSCRIPT.TTF', 'FTLTLT.TTF', 'FZSTK.TTF', 'FZYTK.TTF', 'Gabriola.ttf', 'gadugi.ttf', 'gadugib.ttf', 'GARA.TTF', 'GARABD.TTF', 'GARAIT.TTF', 'georgia.ttf', 'georgiab.ttf', 'georgiai.ttf', 'georgiaz.ttf', 'GIGI.TTF', 'GILBI___.TTF', 'GILB____.TTF', 'GILC____.TTF', 'GILI____.TTF', 'GILLUBCD.TTF', 'GILSANUB.TTF', 'GIL_____.TTF', 'GLECB.TTF', 'GlobalMonospace.CompositeFont', 'GlobalSansSerif.CompositeFont', 'GlobalSerif.CompositeFont', 'GlobalUserInterface.CompositeFont', 'GLSNECB.TTF', 'GOTHIC.TTF', 'GOTHICB.TTF', 'GOTHICBI.TTF', 'GOTHICI.TTF', 'GOUDOS.TTF', 'GOUDOSB.TTF', 'GOUDOSI.TTF', 'GOUDYSTO.TTF', 'h8514fix.fon', 'h8514oem.fon', 'h8514sys.fon', 'HARLOWSI.TTF', 'HARNGTON.TTF', 'HATTEN.TTF', 'HGB1X_CNKI.ttf', 'HGB1_CNKI.ttf', 'HGB2X_CNKI.ttf', 'HGB2_CNKI.ttf', 'HGB3X_CNKI.ttf', 'HGB3_CNKI.ttf', 'HGB4X_CNKI.ttf', 'HGB4_CNKI.ttf', 'HGB5X_CNKI.ttf', 'HGB5_CNKI.ttf', 'HGB6X_CNKI.ttf', 'HGB6_CNKI.ttf', 'HGB7X_CNKI.ttf', 'HGB7_CNKI.ttf', 'HGB8X_CNKI.ttf', 'HGB8_CNKI.ttf', 'HGBD_CNKI.ttf', 'HGBKBX_CNKI.ttf', 'HGBKB_CNKI.ttf', 'HGBKHX_CNKI.ttf', 'HGBKH_CNKI.ttf', 'HGBS1_CNKI.TTF', 'HGBS2_CNKI.TTF', 'HGBS_CNKI.TTF', 'HGBTH_CNKI.TTF', 'HGBTS_CNKI.TTF', 'HGBX_CNKI.ttf', 'HGBZ_CNKI.ttf', 'HGCH_CNKI.TTF', 'HGCUH_CNKI.TTF', 'HGCY_CNKI.TTF', 'HGDBS_CNKI.TTF', 'HGDGY_CNKI.TTF', 'HGDH2_CNKI.TTF', 'HGDH_CNKI.TTF', 'HGDYS_CNKI.TTF', 'HGDY_CNKI.ttf', 'HGF1X_CNKI.ttf', 'HGF1_CNKI.ttf', 'HGF2X_CNKI.ttf', 'HGF2_CNKI.ttf', 'HGF3_CNKI.ttf', 'HGF4X_CNKI.ttf', 'HGF4_CNKI.ttf', 'HGF5X_CNKI.ttf', 'HGF5_CNKI.ttf', 'HGF6X_CNKI.ttf', 'HGF6_CNKI.ttf', 'HGF7X_CNKI.ttf', 'HGF7_CNKI.ttf', 'HGF8_CNKI.ttf', 'HGF9X_CNKI.ttf', 'HGF9_CNKI.ttf', 'HGFS1_CNKI.TTF', 'HGFS2_CNKI.TTF', 'HGFSH_CNKI.TTF', 'HGFS_CNKI.TTF', 'HGFX_CNKI.ttf', 'HGFZ_CNKI.ttf', 'HGGG_CNKI.TTF', 'HGH1X_CNKI.ttf', 'HGH1_CNKI.ttf', 'HGH2X_CNKI.ttf', 'HGH2_CNKI.ttf', 'HGH3X_CNKI.ttf', 'HGH3_CNKI.ttf', 'HGH4X_CNKI.ttf', 'HGH4_CNKI.ttf', 'HGH5X_CNKI.ttf', 'HGH5_CNKI.ttf', 'HGH6X_CNKI.ttf', 'HGH6_CNKI.ttf', 'HGH7X_CNKI.ttf', 'HGH7_CNKI.ttf', 'HGHB_CNKI.TTF', 'HGHD_CNKI.ttf', 'HGHP_CNKI.TTF', 'HGHT1_CNKI.ttf', 'HGHT2_CNKI.ttf', 'HGHUATI_CNKI.ttf', 'HGHX_CNKI.ttf', 'HGHZ_CNKI.ttf', 'HGH_CNKI.TTF', 'HGKT1_CNKI.TTF', 'HGKT2_CNKI.TTF', 'HGKT_CNKI.TTF', 'HGKY_CNKI.ttf', 'HGLB_CNKI.TTF', 'HGLS_CNKI.TTF', 'HGMH_CNKI.TTF', 'HGNBS_CNKI.ttf', 'HGOCR_CNKI.ttf', 'HGPH_CNKI.TTF', 'HGPTY_CNKI.TTF', 'HGSS1_CNKI.TTF', 'HGSS2_CNKI.TTF', 'HGSS_CNKI.TTF', 'HGSXT_CNKI.ttf', 'HGTT_CNKI.ttf', 'HGTX_CNKI.TTF', 'HGWT_CNKI.TTF', 'HGWYS_CNKI.TTF', 'HGX1X_CNKI.ttf', 'HGX1_CNKI.ttf', 'HGXBS_CNKI.TTF', 'HGXC_CNKI.TTF', 'HGXF1_CNKI.ttf', 'HGXFX_CNKI.ttf', 'HGXFZ_CNKI.ttf', 'HGXH1_CNKI.TTF', 'HGXH_CNKI.TTF', 'HGXK_CNKI.TTF', 'HGXL_CNKI.TTF', 'HGXS_CNKI.TTF', 'HGXT_CNKI.ttf', 'HGXY_CNKI.ttf', 'HGY1_CNKI.TTF', 'HGY2_CNKI.TTF', 'HGY3_CNKI.TTF', 'HGY4_CNKI.TTF', 'HGYB_CNKI.ttf', 'HGYT1_CNKI.ttf', 'HGYT2_CNKI.ttf', 'HGYT_CNKI.TTF', 'HGYX_CNKI.TTF', 'HGZCS_CNKI.TTF', 'HGZDX_CNKI.TTF', 'HGZK_CNKI.TTF', 'HGZYT_CNKI.TTF', 'HGZY_CNKI.TTF', 'himalaya.ttf', 'holomdl2.ttf', 'HTOWERT.TTF', 'HTOWERTI.TTF', 'hvgafix.fon', 'hvgasys.fon', 'impact.ttf', 'IMPRISHA.TTF', 'INFROMAN.TTF', 'Inkfree.ttf', 'iqiyi_logov7.ttf', 'ITCBLKAD.TTF', 'ITCEDSCR.TTF', 'ITCKRIST.TTF', 'j8514fix.fon', 'j8514oem.fon', 'j8514sys.fon', 'javatext.ttf', 'JOKERMAN.TTF', 'jsmalle.fon', 'jsmallf.fon', 'JUICE___.TTF', 'jvgafix.fon', 'jvgasys.fon', 'KUNSTLER.TTF', 'LATINWD.TTF', 'LBRITE.TTF', 'LBRITED.TTF', 'LBRITEDI.TTF', 'LBRITEI.TTF', 'LCALLIG.TTF', 'LeelaUIb.ttf', 'LeelawUI.ttf', 'LeelUIsl.ttf', 'LFAX.TTF', 'LFAXD.TTF', 'LFAXDI.TTF', 'LFAXI.TTF', 'LHANDW.TTF', 'LSANS.TTF', 'LSANSD.TTF', 'LSANSDI.TTF', 'LSANSI.TTF', 'LTYPE.TTF', 'LTYPEB.TTF', 'LTYPEBO.TTF', 'LTYPEO.TTF', 'lucon.ttf', 'l_10646.ttf', 'MAGNETOB.TTF', 'MAIAN.TTF', 'malgun.ttf', 'malgunbd.ttf', 'malgunsl.ttf', 'marlett.ttf', 'MATURASC.TTF', 'micross.ttf', 'mingliub.ttc', 'MISTRAL.TTF', 'mmrtext.ttf', 'mmrtextb.ttf', 'MOD20.TTF', 'modern.fon', 'monbaiti.ttf', 'msgothic.ttc', 'msjh.ttc', 'msjhbd.ttc', 'msjhl.ttc', 'msyh.ttc', 'msyhbd.ttc', 'msyhl.ttc', 'msyi.ttf', 'MTCORSVA.TTF', 'MTEXTRA.TTF', 'mvboli.ttf', 'NIAGENG.TTF', 'NIAGSOL.TTF', 'Nirmala.ttf', 'NirmalaB.ttf', 'NirmalaS.ttf', 'ntailu.ttf', 'ntailub.ttf', 'NumberOnly.ttf', 'OCRAEXT.TTF', 'OLDENGL.TTF', 'ONYX.TTF', 'OUTLOOK.TTF', 'pala.ttf', 'palab.ttf', 'palabi.ttf', 'palai.ttf', 'PALSCRI.TTF', 'PAPYRUS.TTF', 'PARCHM.TTF', 'PERBI___.TTF', 'PERB____.TTF', 'PERI____.TTF', 'PERTIBD.TTF', 'PERTILI.TTF', 'PER_____.TTF', 'phagspa.ttf', 'phagspab.ttf', 'PLAYBILL.TTF', 'POORICH.TTF', 'PRISTINA.TTF', 'RAGE.TTF', 'RAVIE.TTF', 'REFSAN.TTF', 'REFSPCL.TTF', 'ROCCB___.TTF', 'ROCC____.TTF', 'ROCK.TTF', 'ROCKB.TTF', 'ROCKBI.TTF', 'ROCKEB.TTF', 'ROCKI.TTF', 'roman.fon', 's8514fix.fon', 's8514oem.fon', 's8514sys.fon', 'SCHLBKB.TTF', 'SCHLBKBI.TTF', 'SCHLBKI.TTF', 'script.fon', 'SCRIPTBL.TTF', 'segmdl2.ttf', 'SegoeIcons.ttf', 'segoepr.ttf', 'segoeprb.ttf', 'segoesc.ttf', 'segoescb.ttf', 'segoeui.ttf', 'segoeuib.ttf', 'segoeuii.ttf', 'segoeuil.ttf', 'segoeuisl.ttf', 'segoeuiz.ttf', 'seguibl.ttf', 'seguibli.ttf', 'seguiemj.ttf', 'seguihis.ttf', 'seguili.ttf', 'seguisb.ttf', 'seguisbi.ttf', 'seguisli.ttf', 'seguisym.ttf', 'SegUIVar.ttf', 'sere1255.fon', 'sere1256.fon', 'sere1257.fon', 'serf1255.fon', 'serf1256.fon', 'serf1257.fon', 'serife.fon', 'serifee.fon', 'serifeg.fon', 'serifer.fon', 'serifet.fon', 'seriff.fon', 'seriffe.fon', 'seriffg.fon', 'seriffr.fon', 'serifft.fon', 'SHOWG.TTF', 'simfang.ttf', 'simhei.ttf', 'simkai.ttf', 'SIMLI.TTF', 'simsun.ttc', 'simsunb.ttf', 'SIMYOU.TTF', 'SitkaVF-Italic.ttf', 'SitkaVF.ttf', 'smae1255.fon', 'smae1256.fon', 'smae1257.fon', 'smaf1255.fon', 'smaf1256.fon', 'smaf1257.fon', 'smalle.fon', 'smallee.fon', 'smalleg.fon', 'smaller.fon', 'smallet.fon', 'smallf.fon', 'smallfe.fon', 'smallfg.fon', 'smallfr.fon', 'smallft.fon', 'SNAP____.TTF', 'ssee1255.fon', 'ssee1256.fon', 'ssee1257.fon', 'ssee874.fon', 'ssef1255.fon', 'ssef1256.fon', 'ssef1257.fon', 'ssef874.fon', 'sserife.fon', 'sserifee.fon', 'sserifeg.fon', 'sserifer.fon', 'sserifet.fon', 'sseriff.fon', 'sseriffe.fon', 'sseriffg.fon', 'sseriffr.fon', 'sserifft.fon', 'StaticCache.dat', 'STCAIYUN.TTF', 'STENCIL.TTF', 'STFANGSO.TTF', 'STHUPO.TTF', 'STKAITI.TTF', 'STLITI.TTF', 'STSONG.TTF', 'STXIHEI.TTF', 'STXINGKA.TTF', 'STXINWEI.TTF', 'STZHONGS.TTF', 'svgafix.fon', 'svgasys.fon', 'sylfaen.ttf', 'symbol.ttf', 'tahoma.ttf', 'tahomabd.ttf', 'taile.ttf', 'taileb.ttf', 'TCBI____.TTF', 'TCB_____.TTF', 'TCCB____.TTF', 'TCCEB.TTF', 'TCCM____.TTF', 'TCMI____.TTF', 'TCM_____.TTF', 'TEMPSITC.TTF', 'times.ttf', 'timesbd.ttf', 'timesbi.ttf', 'timesi.ttf', 'trebuc.ttf', 'trebucbd.ttf', 'trebucbi.ttf', 'trebucit.ttf', 'verdana.ttf', 'verdanab.ttf', 'verdanai.ttf', 'verdanaz.ttf', 'vga737.fon', 'vga775.fon', 'vga850.fon', 'vga852.fon', 'vga855.fon', 'vga857.fon', 'vga860.fon', 'vga861.fon', 'vga863.fon', 'vga865.fon', 'vga866.fon', 'vga869.fon', 'vga932.fon', 'vga936.fon', 'vga949.fon', 'vga950.fon', 'vgaf1255.fon', 'vgaf1256.fon', 'vgaf1257.fon', 'vgaf874.fon', 'vgafix.fon', 'vgafixe.fon', 'vgafixg.fon', 'vgafixr.fon', 'vgafixt.fon', 'vgaoem.fon', 'vgas1255.fon', 'vgas1256.fon', 'vgas1257.fon', 'vgas874.fon', 'vgasys.fon', 'vgasyse.fon', 'vgasysg.fon', 'vgasysr.fon', 'vgasyst.fon', 'VINERITC.TTF', 'VIVALDII.TTF', 'VLADIMIR.TTF', 'webdings.ttf', 'wingding.ttf', 'WINGDNG2.TTF', 'WINGDNG3.TTF', 'YuGothB.ttc', 'YuGothL.ttc', 'YuGothM.ttc', 'YuGothR.ttc', '\u534e\u5eb7\u65b9\u5706\u4f53W7.TTC', '\u65b9\u6b63\u7c97\u9ed1\u5b8b\u7b80\u4f53.ttf']
2023-09-27 15:56:33,511 - INFO - all fonts installed:['8514fix.fon', '8514fixe.fon', '8514fixg.fon', '8514fixr.fon', '8514fixt.fon', '8514oem.fon', '8514oeme.fon', '8514oemg.fon', '8514oemr.fon', '8514oemt.fon', '8514sys.fon', '8514syse.fon', '8514sysg.fon', '8514sysr.fon', '8514syst.fon', '85775.fon', '85855.fon', '85f1255.fon', '85f1256.fon', '85f1257.fon', '85f874.fon', '85s1255.fon', '85s1256.fon', '85s1257.fon', '85s874.fon', 'AGENCYB.TTF', 'AGENCYR.TTF', 'ALGER.TTF', 'ANTQUAB.TTF', 'ANTQUABI.TTF', 'ANTQUAI.TTF', 'app775.fon', 'app850.fon', 'app852.fon', 'app855.fon', 'app857.fon', 'app866.fon', 'app932.fon', 'app936.fon', 'app949.fon', 'app950.fon', 'arial.ttf', 'arialbd.ttf', 'arialbi.ttf', 'ariali.ttf', 'ARIALN.TTF', 'ARIALNB.TTF', 'ARIALNBI.TTF', 'ARIALNI.TTF', 'ariblk.ttf', 'ARLRDBD.TTF', 'AxureHandwriting-Bold.otf', 'AxureHandwriting-BoldItalic.otf', 'AxureHandwriting-Italic.otf', 'AxureHandwriting.otf', 'bahnschrift.ttf', 'BASKVILL.TTF', 'BAUHS93.TTF', 'BELL.TTF', 'BELLB.TTF', 'BELLI.TTF', 'BERNHC.TTF', 'BKANT.TTF', 'BOD_B.TTF', 'BOD_BI.TTF', 'BOD_BLAI.TTF', 'BOD_BLAR.TTF', 'BOD_CB.TTF', 'BOD_CBI.TTF', 'BOD_CI.TTF', 'BOD_CR.TTF', 'BOD_I.TTF', 'BOD_PSTC.TTF', 'BOD_R.TTF', 'BOOKOS.TTF', 'BOOKOSB.TTF', 'BOOKOSBI.TTF', 'BOOKOSI.TTF', 'BRADHITC.TTF', 'BRITANIC.TTF', 'BRLNSB.TTF', 'BRLNSDB.TTF', 'BRLNSR.TTF', 'BROADW.TTF', 'BRUSHSCI.TTF', 'BSSYM7.TTF', 'c8514fix.fon', 'c8514oem.fon', 'c8514sys.fon', 'calibri.ttf', 'calibrib.ttf', 'calibrii.ttf', 'calibril.ttf', 'calibrili.ttf', 'calibriz.ttf', 'CALIFB.TTF', 'CALIFI.TTF', 'CALIFR.TTF', 'CALIST.TTF', 'CALISTB.TTF', 'CALISTBI.TTF', 'CALISTI.TTF', 'cambria.ttc', 'cambriab.ttf', 'cambriai.ttf', 'cambriaz.ttf', 'Candara.ttf', 'Candarab.ttf', 'Candarai.ttf', 'Candaral.ttf', 'Candarali.ttf', 'Candaraz.ttf', 'CascadiaCode.ttf', 'CascadiaMono.ttf', 'CASTELAR.TTF', 'CENSCBK.TTF', 'CENTAUR.TTF', 'CENTURY.TTF', 'cga40737.fon', 'cga40850.fon', 'cga40852.fon', 'cga40857.fon', 'cga40866.fon', 'cga40869.fon', 'cga40woa.fon', 'cga80737.fon', 'cga80850.fon', 'cga80852.fon', 'cga80857.fon', 'cga80866.fon', 'cga80869.fon', 'cga80woa.fon', 'CHILLER.TTF', 'COLONNA.TTF', 'comic.ttf', 'comicbd.ttf', 'comici.ttf', 'comicz.ttf', 'consola.ttf', 'consolab.ttf', 'consolai.ttf', 'consolaz.ttf', 'constan.ttf', 'constanb.ttf', 'constani.ttf', 'constanz.ttf', 'COOPBL.TTF', 'COPRGTB.TTF', 'COPRGTL.TTF', 'corbel.ttf', 'corbelb.ttf', 'corbeli.ttf', 'corbell.ttf', 'corbelli.ttf', 'corbelz.ttf', 'coue1255.fon', 'coue1256.fon', 'coue1257.fon', 'couf1255.fon', 'couf1256.fon', 'couf1257.fon', 'cour.ttf', 'courbd.ttf', 'courbi.ttf', 'coure.fon', 'couree.fon', 'coureg.fon', 'courer.fon', 'couret.fon', 'courf.fon', 'courfe.fon', 'courfg.fon', 'courfr.fon', 'courft.fon', 'couri.ttf', 'CURLZ___.TTF', 'cvgafix.fon', 'cvgasys.fon', 'Deng.ttf', 'Dengb.ttf', 'Dengl.ttf', 'desktop.ini', 'dos737.fon', 'dos869.fon', 'dosapp.fon', 'DUBAI-BOLD.TTF', 'DUBAI-LIGHT.TTF', 'DUBAI-MEDIUM.TTF', 'DUBAI-REGULAR.TTF', 'ebrima.ttf', 'ebrimabd.ttf', 'ega40737.fon', 'ega40850.fon', 'ega40852.fon', 'ega40857.fon', 'ega40866.fon', 'ega40869.fon', 'ega40woa.fon', 'ega80737.fon', 'ega80850.fon', 'ega80852.fon', 'ega80857.fon', 'ega80866.fon', 'ega80869.fon', 'ega80woa.fon', 'ELEPHNT.TTF', 'ELEPHNTI.TTF', 'ENGR.TTF', 'ERASBD.TTF', 'ERASDEMI.TTF', 'ERASLGHT.TTF', 'ERASMD.TTF', 'FELIXTI.TTF', 'fms_metadata.xml', 'FORTE.TTF', 'FRABK.TTF', 'FRABKIT.TTF', 'FRADM.TTF', 'FRADMCN.TTF', 'FRADMIT.TTF', 'FRAHV.TTF', 'FRAHVIT.TTF', 'framd.ttf', 'FRAMDCN.TTF', 'framdit.ttf', 'FREESCPT.TTF', 'FRSCRIPT.TTF', 'FTLTLT.TTF', 'FZSTK.TTF', 'FZYTK.TTF', 'Gabriola.ttf', 'gadugi.ttf', 'gadugib.ttf', 'GARA.TTF', 'GARABD.TTF', 'GARAIT.TTF', 'georgia.ttf', 'georgiab.ttf', 'georgiai.ttf', 'georgiaz.ttf', 'GIGI.TTF', 'GILBI___.TTF', 'GILB____.TTF', 'GILC____.TTF', 'GILI____.TTF', 'GILLUBCD.TTF', 'GILSANUB.TTF', 'GIL_____.TTF', 'GLECB.TTF', 'GlobalMonospace.CompositeFont', 'GlobalSansSerif.CompositeFont', 'GlobalSerif.CompositeFont', 'GlobalUserInterface.CompositeFont', 'GLSNECB.TTF', 'GOTHIC.TTF', 'GOTHICB.TTF', 'GOTHICBI.TTF', 'GOTHICI.TTF', 'GOUDOS.TTF', 'GOUDOSB.TTF', 'GOUDOSI.TTF', 'GOUDYSTO.TTF', 'h8514fix.fon', 'h8514oem.fon', 'h8514sys.fon', 'HARLOWSI.TTF', 'HARNGTON.TTF', 'HATTEN.TTF', 'HGB1X_CNKI.ttf', 'HGB1_CNKI.ttf', 'HGB2X_CNKI.ttf', 'HGB2_CNKI.ttf', 'HGB3X_CNKI.ttf', 'HGB3_CNKI.ttf', 'HGB4X_CNKI.ttf', 'HGB4_CNKI.ttf', 'HGB5X_CNKI.ttf', 'HGB5_CNKI.ttf', 'HGB6X_CNKI.ttf', 'HGB6_CNKI.ttf', 'HGB7X_CNKI.ttf', 'HGB7_CNKI.ttf', 'HGB8X_CNKI.ttf', 'HGB8_CNKI.ttf', 'HGBD_CNKI.ttf', 'HGBKBX_CNKI.ttf', 'HGBKB_CNKI.ttf', 'HGBKHX_CNKI.ttf', 'HGBKH_CNKI.ttf', 'HGBS1_CNKI.TTF', 'HGBS2_CNKI.TTF', 'HGBS_CNKI.TTF', 'HGBTH_CNKI.TTF', 'HGBTS_CNKI.TTF', 'HGBX_CNKI.ttf', 'HGBZ_CNKI.ttf', 'HGCH_CNKI.TTF', 'HGCUH_CNKI.TTF', 'HGCY_CNKI.TTF', 'HGDBS_CNKI.TTF', 'HGDGY_CNKI.TTF', 'HGDH2_CNKI.TTF', 'HGDH_CNKI.TTF', 'HGDYS_CNKI.TTF', 'HGDY_CNKI.ttf', 'HGF1X_CNKI.ttf', 'HGF1_CNKI.ttf', 'HGF2X_CNKI.ttf', 'HGF2_CNKI.ttf', 'HGF3_CNKI.ttf', 'HGF4X_CNKI.ttf', 'HGF4_CNKI.ttf', 'HGF5X_CNKI.ttf', 'HGF5_CNKI.ttf', 'HGF6X_CNKI.ttf', 'HGF6_CNKI.ttf', 'HGF7X_CNKI.ttf', 'HGF7_CNKI.ttf', 'HGF8_CNKI.ttf', 'HGF9X_CNKI.ttf', 'HGF9_CNKI.ttf', 'HGFS1_CNKI.TTF', 'HGFS2_CNKI.TTF', 'HGFSH_CNKI.TTF', 'HGFS_CNKI.TTF', 'HGFX_CNKI.ttf', 'HGFZ_CNKI.ttf', 'HGGG_CNKI.TTF', 'HGH1X_CNKI.ttf', 'HGH1_CNKI.ttf', 'HGH2X_CNKI.ttf', 'HGH2_CNKI.ttf', 'HGH3X_CNKI.ttf', 'HGH3_CNKI.ttf', 'HGH4X_CNKI.ttf', 'HGH4_CNKI.ttf', 'HGH5X_CNKI.ttf', 'HGH5_CNKI.ttf', 'HGH6X_CNKI.ttf', 'HGH6_CNKI.ttf', 'HGH7X_CNKI.ttf', 'HGH7_CNKI.ttf', 'HGHB_CNKI.TTF', 'HGHD_CNKI.ttf', 'HGHP_CNKI.TTF', 'HGHT1_CNKI.ttf', 'HGHT2_CNKI.ttf', 'HGHUATI_CNKI.ttf', 'HGHX_CNKI.ttf', 'HGHZ_CNKI.ttf', 'HGH_CNKI.TTF', 'HGKT1_CNKI.TTF', 'HGKT2_CNKI.TTF', 'HGKT_CNKI.TTF', 'HGKY_CNKI.ttf', 'HGLB_CNKI.TTF', 'HGLS_CNKI.TTF', 'HGMH_CNKI.TTF', 'HGNBS_CNKI.ttf', 'HGOCR_CNKI.ttf', 'HGPH_CNKI.TTF', 'HGPTY_CNKI.TTF', 'HGSS1_CNKI.TTF', 'HGSS2_CNKI.TTF', 'HGSS_CNKI.TTF', 'HGSXT_CNKI.ttf', 'HGTT_CNKI.ttf', 'HGTX_CNKI.TTF', 'HGWT_CNKI.TTF', 'HGWYS_CNKI.TTF', 'HGX1X_CNKI.ttf', 'HGX1_CNKI.ttf', 'HGXBS_CNKI.TTF', 'HGXC_CNKI.TTF', 'HGXF1_CNKI.ttf', 'HGXFX_CNKI.ttf', 'HGXFZ_CNKI.ttf', 'HGXH1_CNKI.TTF', 'HGXH_CNKI.TTF', 'HGXK_CNKI.TTF', 'HGXL_CNKI.TTF', 'HGXS_CNKI.TTF', 'HGXT_CNKI.ttf', 'HGXY_CNKI.ttf', 'HGY1_CNKI.TTF', 'HGY2_CNKI.TTF', 'HGY3_CNKI.TTF', 'HGY4_CNKI.TTF', 'HGYB_CNKI.ttf', 'HGYT1_CNKI.ttf', 'HGYT2_CNKI.ttf', 'HGYT_CNKI.TTF', 'HGYX_CNKI.TTF', 'HGZCS_CNKI.TTF', 'HGZDX_CNKI.TTF', 'HGZK_CNKI.TTF', 'HGZYT_CNKI.TTF', 'HGZY_CNKI.TTF', 'himalaya.ttf', 'holomdl2.ttf', 'HTOWERT.TTF', 'HTOWERTI.TTF', 'hvgafix.fon', 'hvgasys.fon', 'impact.ttf', 'IMPRISHA.TTF', 'INFROMAN.TTF', 'Inkfree.ttf', 'iqiyi_logov7.ttf', 'ITCBLKAD.TTF', 'ITCEDSCR.TTF', 'ITCKRIST.TTF', 'j8514fix.fon', 'j8514oem.fon', 'j8514sys.fon', 'javatext.ttf', 'JOKERMAN.TTF', 'jsmalle.fon', 'jsmallf.fon', 'JUICE___.TTF', 'jvgafix.fon', 'jvgasys.fon', 'KUNSTLER.TTF', 'LATINWD.TTF', 'LBRITE.TTF', 'LBRITED.TTF', 'LBRITEDI.TTF', 'LBRITEI.TTF', 'LCALLIG.TTF', 'LeelaUIb.ttf', 'LeelawUI.ttf', 'LeelUIsl.ttf', 'LFAX.TTF', 'LFAXD.TTF', 'LFAXDI.TTF', 'LFAXI.TTF', 'LHANDW.TTF', 'LSANS.TTF', 'LSANSD.TTF', 'LSANSDI.TTF', 'LSANSI.TTF', 'LTYPE.TTF', 'LTYPEB.TTF', 'LTYPEBO.TTF', 'LTYPEO.TTF', 'lucon.ttf', 'l_10646.ttf', 'MAGNETOB.TTF', 'MAIAN.TTF', 'malgun.ttf', 'malgunbd.ttf', 'malgunsl.ttf', 'marlett.ttf', 'MATURASC.TTF', 'micross.ttf', 'mingliub.ttc', 'MISTRAL.TTF', 'mmrtext.ttf', 'mmrtextb.ttf', 'MOD20.TTF', 'modern.fon', 'monbaiti.ttf', 'msgothic.ttc', 'msjh.ttc', 'msjhbd.ttc', 'msjhl.ttc', 'msyh.ttc', 'msyhbd.ttc', 'msyhl.ttc', 'msyi.ttf', 'MTCORSVA.TTF', 'MTEXTRA.TTF', 'mvboli.ttf', 'NIAGENG.TTF', 'NIAGSOL.TTF', 'Nirmala.ttf', 'NirmalaB.ttf', 'NirmalaS.ttf', 'ntailu.ttf', 'ntailub.ttf', 'NumberOnly.ttf', 'OCRAEXT.TTF', 'OLDENGL.TTF', 'ONYX.TTF', 'OUTLOOK.TTF', 'pala.ttf', 'palab.ttf', 'palabi.ttf', 'palai.ttf', 'PALSCRI.TTF', 'PAPYRUS.TTF', 'PARCHM.TTF', 'PERBI___.TTF', 'PERB____.TTF', 'PERI____.TTF', 'PERTIBD.TTF', 'PERTILI.TTF', 'PER_____.TTF', 'phagspa.ttf', 'phagspab.ttf', 'PLAYBILL.TTF', 'POORICH.TTF', 'PRISTINA.TTF', 'RAGE.TTF', 'RAVIE.TTF', 'REFSAN.TTF', 'REFSPCL.TTF', 'ROCCB___.TTF', 'ROCC____.TTF', 'ROCK.TTF', 'ROCKB.TTF', 'ROCKBI.TTF', 'ROCKEB.TTF', 'ROCKI.TTF', 'roman.fon', 's8514fix.fon', 's8514oem.fon', 's8514sys.fon', 'SCHLBKB.TTF', 'SCHLBKBI.TTF', 'SCHLBKI.TTF', 'script.fon', 'SCRIPTBL.TTF', 'segmdl2.ttf', 'SegoeIcons.ttf', 'segoepr.ttf', 'segoeprb.ttf', 'segoesc.ttf', 'segoescb.ttf', 'segoeui.ttf', 'segoeuib.ttf', 'segoeuii.ttf', 'segoeuil.ttf', 'segoeuisl.ttf', 'segoeuiz.ttf', 'seguibl.ttf', 'seguibli.ttf', 'seguiemj.ttf', 'seguihis.ttf', 'seguili.ttf', 'seguisb.ttf', 'seguisbi.ttf', 'seguisli.ttf', 'seguisym.ttf', 'SegUIVar.ttf', 'sere1255.fon', 'sere1256.fon', 'sere1257.fon', 'serf1255.fon', 'serf1256.fon', 'serf1257.fon', 'serife.fon', 'serifee.fon', 'serifeg.fon', 'serifer.fon', 'serifet.fon', 'seriff.fon', 'seriffe.fon', 'seriffg.fon', 'seriffr.fon', 'serifft.fon', 'SHOWG.TTF', 'simfang.ttf', 'simhei.ttf', 'simkai.ttf', 'SIMLI.TTF', 'simsun.ttc', 'simsunb.ttf', 'SIMYOU.TTF', 'SitkaVF-Italic.ttf', 'SitkaVF.ttf', 'smae1255.fon', 'smae1256.fon', 'smae1257.fon', 'smaf1255.fon', 'smaf1256.fon', 'smaf1257.fon', 'smalle.fon', 'smallee.fon', 'smalleg.fon', 'smaller.fon', 'smallet.fon', 'smallf.fon', 'smallfe.fon', 'smallfg.fon', 'smallfr.fon', 'smallft.fon', 'SNAP____.TTF', 'ssee1255.fon', 'ssee1256.fon', 'ssee1257.fon', 'ssee874.fon', 'ssef1255.fon', 'ssef1256.fon', 'ssef1257.fon', 'ssef874.fon', 'sserife.fon', 'sserifee.fon', 'sserifeg.fon', 'sserifer.fon', 'sserifet.fon', 'sseriff.fon', 'sseriffe.fon', 'sseriffg.fon', 'sseriffr.fon', 'sserifft.fon', 'StaticCache.dat', 'STCAIYUN.TTF', 'STENCIL.TTF', 'STFANGSO.TTF', 'STHUPO.TTF', 'STKAITI.TTF', 'STLITI.TTF', 'STSONG.TTF', 'STXIHEI.TTF', 'STXINGKA.TTF', 'STXINWEI.TTF', 'STZHONGS.TTF', 'svgafix.fon', 'svgasys.fon', 'sylfaen.ttf', 'symbol.ttf', 'tahoma.ttf', 'tahomabd.ttf', 'taile.ttf', 'taileb.ttf', 'TCBI____.TTF', 'TCB_____.TTF', 'TCCB____.TTF', 'TCCEB.TTF', 'TCCM____.TTF', 'TCMI____.TTF', 'TCM_____.TTF', 'TEMPSITC.TTF', 'times.ttf', 'timesbd.ttf', 'timesbi.ttf', 'timesi.ttf', 'trebuc.ttf', 'trebucbd.ttf', 'trebucbi.ttf', 'trebucit.ttf', 'verdana.ttf', 'verdanab.ttf', 'verdanai.ttf', 'verdanaz.ttf', 'vga737.fon', 'vga775.fon', 'vga850.fon', 'vga852.fon', 'vga855.fon', 'vga857.fon', 'vga860.fon', 'vga861.fon', 'vga863.fon', 'vga865.fon', 'vga866.fon', 'vga869.fon', 'vga932.fon', 'vga936.fon', 'vga949.fon', 'vga950.fon', 'vgaf1255.fon', 'vgaf1256.fon', 'vgaf1257.fon', 'vgaf874.fon', 'vgafix.fon', 'vgafixe.fon', 'vgafixg.fon', 'vgafixr.fon', 'vgafixt.fon', 'vgaoem.fon', 'vgas1255.fon', 'vgas1256.fon', 'vgas1257.fon', 'vgas874.fon', 'vgasys.fon', 'vgasyse.fon', 'vgasysg.fon', 'vgasysr.fon', 'vgasyst.fon', 'VINERITC.TTF', 'VIVALDII.TTF', 'VLADIMIR.TTF', 'webdings.ttf', 'wingding.ttf', 'WINGDNG2.TTF', 'WINGDNG3.TTF', 'YuGothB.ttc', 'YuGothL.ttc', 'YuGothM.ttc', 'YuGothR.ttc', '\u534e\u5eb7\u65b9\u5706\u4f53W7.TTC', '\u65b9\u6b63\u7c97\u9ed1\u5b8b\u7b80\u4f53.ttf']
2023-09-27 15:56:33,515 - INFO - all fonts installed:['8514fix.fon', '8514fixe.fon', '8514fixg.fon', '8514fixr.fon', '8514fixt.fon', '8514oem.fon', '8514oeme.fon', '8514oemg.fon', '8514oemr.fon', '8514oemt.fon', '8514sys.fon', '8514syse.fon', '8514sysg.fon', '8514sysr.fon', '8514syst.fon', '85775.fon', '85855.fon', '85f1255.fon', '85f1256.fon', '85f1257.fon', '85f874.fon', '85s1255.fon', '85s1256.fon', '85s1257.fon', '85s874.fon', 'AGENCYB.TTF', 'AGENCYR.TTF', 'ALGER.TTF', 'ANTQUAB.TTF', 'ANTQUABI.TTF', 'ANTQUAI.TTF', 'app775.fon', 'app850.fon', 'app852.fon', 'app855.fon', 'app857.fon', 'app866.fon', 'app932.fon', 'app936.fon', 'app949.fon', 'app950.fon', 'arial.ttf', 'arialbd.ttf', 'arialbi.ttf', 'ariali.ttf', 'ARIALN.TTF', 'ARIALNB.TTF', 'ARIALNBI.TTF', 'ARIALNI.TTF', 'ariblk.ttf', 'ARLRDBD.TTF', 'AxureHandwriting-Bold.otf', 'AxureHandwriting-BoldItalic.otf', 'AxureHandwriting-Italic.otf', 'AxureHandwriting.otf', 'bahnschrift.ttf', 'BASKVILL.TTF', 'BAUHS93.TTF', 'BELL.TTF', 'BELLB.TTF', 'BELLI.TTF', 'BERNHC.TTF', 'BKANT.TTF', 'BOD_B.TTF', 'BOD_BI.TTF', 'BOD_BLAI.TTF', 'BOD_BLAR.TTF', 'BOD_CB.TTF', 'BOD_CBI.TTF', 'BOD_CI.TTF', 'BOD_CR.TTF', 'BOD_I.TTF', 'BOD_PSTC.TTF', 'BOD_R.TTF', 'BOOKOS.TTF', 'BOOKOSB.TTF', 'BOOKOSBI.TTF', 'BOOKOSI.TTF', 'BRADHITC.TTF', 'BRITANIC.TTF', 'BRLNSB.TTF', 'BRLNSDB.TTF', 'BRLNSR.TTF', 'BROADW.TTF', 'BRUSHSCI.TTF', 'BSSYM7.TTF', 'c8514fix.fon', 'c8514oem.fon', 'c8514sys.fon', 'calibri.ttf', 'calibrib.ttf', 'calibrii.ttf', 'calibril.ttf', 'calibrili.ttf', 'calibriz.ttf', 'CALIFB.TTF', 'CALIFI.TTF', 'CALIFR.TTF', 'CALIST.TTF', 'CALISTB.TTF', 'CALISTBI.TTF', 'CALISTI.TTF', 'cambria.ttc', 'cambriab.ttf', 'cambriai.ttf', 'cambriaz.ttf', 'Candara.ttf', 'Candarab.ttf', 'Candarai.ttf', 'Candaral.ttf', 'Candarali.ttf', 'Candaraz.ttf', 'CascadiaCode.ttf', 'CascadiaMono.ttf', 'CASTELAR.TTF', 'CENSCBK.TTF', 'CENTAUR.TTF', 'CENTURY.TTF', 'cga40737.fon', 'cga40850.fon', 'cga40852.fon', 'cga40857.fon', 'cga40866.fon', 'cga40869.fon', 'cga40woa.fon', 'cga80737.fon', 'cga80850.fon', 'cga80852.fon', 'cga80857.fon', 'cga80866.fon', 'cga80869.fon', 'cga80woa.fon', 'CHILLER.TTF', 'COLONNA.TTF', 'comic.ttf', 'comicbd.ttf', 'comici.ttf', 'comicz.ttf', 'consola.ttf', 'consolab.ttf', 'consolai.ttf', 'consolaz.ttf', 'constan.ttf', 'constanb.ttf', 'constani.ttf', 'constanz.ttf', 'COOPBL.TTF', 'COPRGTB.TTF', 'COPRGTL.TTF', 'corbel.ttf', 'corbelb.ttf', 'corbeli.ttf', 'corbell.ttf', 'corbelli.ttf', 'corbelz.ttf', 'coue1255.fon', 'coue1256.fon', 'coue1257.fon', 'couf1255.fon', 'couf1256.fon', 'couf1257.fon', 'cour.ttf', 'courbd.ttf', 'courbi.ttf', 'coure.fon', 'couree.fon', 'coureg.fon', 'courer.fon', 'couret.fon', 'courf.fon', 'courfe.fon', 'courfg.fon', 'courfr.fon', 'courft.fon', 'couri.ttf', 'CURLZ___.TTF', 'cvgafix.fon', 'cvgasys.fon', 'Deng.ttf', 'Dengb.ttf', 'Dengl.ttf', 'desktop.ini', 'dos737.fon', 'dos869.fon', 'dosapp.fon', 'DUBAI-BOLD.TTF', 'DUBAI-LIGHT.TTF', 'DUBAI-MEDIUM.TTF', 'DUBAI-REGULAR.TTF', 'ebrima.ttf', 'ebrimabd.ttf', 'ega40737.fon', 'ega40850.fon', 'ega40852.fon', 'ega40857.fon', 'ega40866.fon', 'ega40869.fon', 'ega40woa.fon', 'ega80737.fon', 'ega80850.fon', 'ega80852.fon', 'ega80857.fon', 'ega80866.fon', 'ega80869.fon', 'ega80woa.fon', 'ELEPHNT.TTF', 'ELEPHNTI.TTF', 'ENGR.TTF', 'ERASBD.TTF', 'ERASDEMI.TTF', 'ERASLGHT.TTF', 'ERASMD.TTF', 'FELIXTI.TTF', 'fms_metadata.xml', 'FORTE.TTF', 'FRABK.TTF', 'FRABKIT.TTF', 'FRADM.TTF', 'FRADMCN.TTF', 'FRADMIT.TTF', 'FRAHV.TTF', 'FRAHVIT.TTF', 'framd.ttf', 'FRAMDCN.TTF', 'framdit.ttf', 'FREESCPT.TTF', 'FRSCRIPT.TTF', 'FTLTLT.TTF', 'FZSTK.TTF', 'FZYTK.TTF', 'Gabriola.ttf', 'gadugi.ttf', 'gadugib.ttf', 'GARA.TTF', 'GARABD.TTF', 'GARAIT.TTF', 'georgia.ttf', 'georgiab.ttf', 'georgiai.ttf', 'georgiaz.ttf', 'GIGI.TTF', 'GILBI___.TTF', 'GILB____.TTF', 'GILC____.TTF', 'GILI____.TTF', 'GILLUBCD.TTF', 'GILSANUB.TTF', 'GIL_____.TTF', 'GLECB.TTF', 'GlobalMonospace.CompositeFont', 'GlobalSansSerif.CompositeFont', 'GlobalSerif.CompositeFont', 'GlobalUserInterface.CompositeFont', 'GLSNECB.TTF', 'GOTHIC.TTF', 'GOTHICB.TTF', 'GOTHICBI.TTF', 'GOTHICI.TTF', 'GOUDOS.TTF', 'GOUDOSB.TTF', 'GOUDOSI.TTF', 'GOUDYSTO.TTF', 'h8514fix.fon', 'h8514oem.fon', 'h8514sys.fon', 'HARLOWSI.TTF', 'HARNGTON.TTF', 'HATTEN.TTF', 'HGB1X_CNKI.ttf', 'HGB1_CNKI.ttf', 'HGB2X_CNKI.ttf', 'HGB2_CNKI.ttf', 'HGB3X_CNKI.ttf', 'HGB3_CNKI.ttf', 'HGB4X_CNKI.ttf', 'HGB4_CNKI.ttf', 'HGB5X_CNKI.ttf', 'HGB5_CNKI.ttf', 'HGB6X_CNKI.ttf', 'HGB6_CNKI.ttf', 'HGB7X_CNKI.ttf', 'HGB7_CNKI.ttf', 'HGB8X_CNKI.ttf', 'HGB8_CNKI.ttf', 'HGBD_CNKI.ttf', 'HGBKBX_CNKI.ttf', 'HGBKB_CNKI.ttf', 'HGBKHX_CNKI.ttf', 'HGBKH_CNKI.ttf', 'HGBS1_CNKI.TTF', 'HGBS2_CNKI.TTF', 'HGBS_CNKI.TTF', 'HGBTH_CNKI.TTF', 'HGBTS_CNKI.TTF', 'HGBX_CNKI.ttf', 'HGBZ_CNKI.ttf', 'HGCH_CNKI.TTF', 'HGCUH_CNKI.TTF', 'HGCY_CNKI.TTF', 'HGDBS_CNKI.TTF', 'HGDGY_CNKI.TTF', 'HGDH2_CNKI.TTF', 'HGDH_CNKI.TTF', 'HGDYS_CNKI.TTF', 'HGDY_CNKI.ttf', 'HGF1X_CNKI.ttf', 'HGF1_CNKI.ttf', 'HGF2X_CNKI.ttf', 'HGF2_CNKI.ttf', 'HGF3_CNKI.ttf', 'HGF4X_CNKI.ttf', 'HGF4_CNKI.ttf', 'HGF5X_CNKI.ttf', 'HGF5_CNKI.ttf', 'HGF6X_CNKI.ttf', 'HGF6_CNKI.ttf', 'HGF7X_CNKI.ttf', 'HGF7_CNKI.ttf', 'HGF8_CNKI.ttf', 'HGF9X_CNKI.ttf', 'HGF9_CNKI.ttf', 'HGFS1_CNKI.TTF', 'HGFS2_CNKI.TTF', 'HGFSH_CNKI.TTF', 'HGFS_CNKI.TTF', 'HGFX_CNKI.ttf', 'HGFZ_CNKI.ttf', 'HGGG_CNKI.TTF', 'HGH1X_CNKI.ttf', 'HGH1_CNKI.ttf', 'HGH2X_CNKI.ttf', 'HGH2_CNKI.ttf', 'HGH3X_CNKI.ttf', 'HGH3_CNKI.ttf', 'HGH4X_CNKI.ttf', 'HGH4_CNKI.ttf', 'HGH5X_CNKI.ttf', 'HGH5_CNKI.ttf', 'HGH6X_CNKI.ttf', 'HGH6_CNKI.ttf', 'HGH7X_CNKI.ttf', 'HGH7_CNKI.ttf', 'HGHB_CNKI.TTF', 'HGHD_CNKI.ttf', 'HGHP_CNKI.TTF', 'HGHT1_CNKI.ttf', 'HGHT2_CNKI.ttf', 'HGHUATI_CNKI.ttf', 'HGHX_CNKI.ttf', 'HGHZ_CNKI.ttf', 'HGH_CNKI.TTF', 'HGKT1_CNKI.TTF', 'HGKT2_CNKI.TTF', 'HGKT_CNKI.TTF', 'HGKY_CNKI.ttf', 'HGLB_CNKI.TTF', 'HGLS_CNKI.TTF', 'HGMH_CNKI.TTF', 'HGNBS_CNKI.ttf', 'HGOCR_CNKI.ttf', 'HGPH_CNKI.TTF', 'HGPTY_CNKI.TTF', 'HGSS1_CNKI.TTF', 'HGSS2_CNKI.TTF', 'HGSS_CNKI.TTF', 'HGSXT_CNKI.ttf', 'HGTT_CNKI.ttf', 'HGTX_CNKI.TTF', 'HGWT_CNKI.TTF', 'HGWYS_CNKI.TTF', 'HGX1X_CNKI.ttf', 'HGX1_CNKI.ttf', 'HGXBS_CNKI.TTF', 'HGXC_CNKI.TTF', 'HGXF1_CNKI.ttf', 'HGXFX_CNKI.ttf', 'HGXFZ_CNKI.ttf', 'HGXH1_CNKI.TTF', 'HGXH_CNKI.TTF', 'HGXK_CNKI.TTF', 'HGXL_CNKI.TTF', 'HGXS_CNKI.TTF', 'HGXT_CNKI.ttf', 'HGXY_CNKI.ttf', 'HGY1_CNKI.TTF', 'HGY2_CNKI.TTF', 'HGY3_CNKI.TTF', 'HGY4_CNKI.TTF', 'HGYB_CNKI.ttf', 'HGYT1_CNKI.ttf', 'HGYT2_CNKI.ttf', 'HGYT_CNKI.TTF', 'HGYX_CNKI.TTF', 'HGZCS_CNKI.TTF', 'HGZDX_CNKI.TTF', 'HGZK_CNKI.TTF', 'HGZYT_CNKI.TTF', 'HGZY_CNKI.TTF', 'himalaya.ttf', 'holomdl2.ttf', 'HTOWERT.TTF', 'HTOWERTI.TTF', 'hvgafix.fon', 'hvgasys.fon', 'impact.ttf', 'IMPRISHA.TTF', 'INFROMAN.TTF', 'Inkfree.ttf', 'iqiyi_logov7.ttf', 'ITCBLKAD.TTF', 'ITCEDSCR.TTF', 'ITCKRIST.TTF', 'j8514fix.fon', 'j8514oem.fon', 'j8514sys.fon', 'javatext.ttf', 'JOKERMAN.TTF', 'jsmalle.fon', 'jsmallf.fon', 'JUICE___.TTF', 'jvgafix.fon', 'jvgasys.fon', 'KUNSTLER.TTF', 'LATINWD.TTF', 'LBRITE.TTF', 'LBRITED.TTF', 'LBRITEDI.TTF', 'LBRITEI.TTF', 'LCALLIG.TTF', 'LeelaUIb.ttf', 'LeelawUI.ttf', 'LeelUIsl.ttf', 'LFAX.TTF', 'LFAXD.TTF', 'LFAXDI.TTF', 'LFAXI.TTF', 'LHANDW.TTF', 'LSANS.TTF', 'LSANSD.TTF', 'LSANSDI.TTF', 'LSANSI.TTF', 'LTYPE.TTF', 'LTYPEB.TTF', 'LTYPEBO.TTF', 'LTYPEO.TTF', 'lucon.ttf', 'l_10646.ttf', 'MAGNETOB.TTF', 'MAIAN.TTF', 'malgun.ttf', 'malgunbd.ttf', 'malgunsl.ttf', 'marlett.ttf', 'MATURASC.TTF', 'micross.ttf', 'mingliub.ttc', 'MISTRAL.TTF', 'mmrtext.ttf', 'mmrtextb.ttf', 'MOD20.TTF', 'modern.fon', 'monbaiti.ttf', 'msgothic.ttc', 'msjh.ttc', 'msjhbd.ttc', 'msjhl.ttc', 'msyh.ttc', 'msyhbd.ttc', 'msyhl.ttc', 'msyi.ttf', 'MTCORSVA.TTF', 'MTEXTRA.TTF', 'mvboli.ttf', 'NIAGENG.TTF', 'NIAGSOL.TTF', 'Nirmala.ttf', 'NirmalaB.ttf', 'NirmalaS.ttf', 'ntailu.ttf', 'ntailub.ttf', 'NumberOnly.ttf', 'OCRAEXT.TTF', 'OLDENGL.TTF', 'ONYX.TTF', 'OUTLOOK.TTF', 'pala.ttf', 'palab.ttf', 'palabi.ttf', 'palai.ttf', 'PALSCRI.TTF', 'PAPYRUS.TTF', 'PARCHM.TTF', 'PERBI___.TTF', 'PERB____.TTF', 'PERI____.TTF', 'PERTIBD.TTF', 'PERTILI.TTF', 'PER_____.TTF', 'phagspa.ttf', 'phagspab.ttf', 'PLAYBILL.TTF', 'POORICH.TTF', 'PRISTINA.TTF', 'RAGE.TTF', 'RAVIE.TTF', 'REFSAN.TTF', 'REFSPCL.TTF', 'ROCCB___.TTF', 'ROCC____.TTF', 'ROCK.TTF', 'ROCKB.TTF', 'ROCKBI.TTF', 'ROCKEB.TTF', 'ROCKI.TTF', 'roman.fon', 's8514fix.fon', 's8514oem.fon', 's8514sys.fon', 'SCHLBKB.TTF', 'SCHLBKBI.TTF', 'SCHLBKI.TTF', 'script.fon', 'SCRIPTBL.TTF', 'segmdl2.ttf', 'SegoeIcons.ttf', 'segoepr.ttf', 'segoeprb.ttf', 'segoesc.ttf', 'segoescb.ttf', 'segoeui.ttf', 'segoeuib.ttf', 'segoeuii.ttf', 'segoeuil.ttf', 'segoeuisl.ttf', 'segoeuiz.ttf', 'seguibl.ttf', 'seguibli.ttf', 'seguiemj.ttf', 'seguihis.ttf', 'seguili.ttf', 'seguisb.ttf', 'seguisbi.ttf', 'seguisli.ttf', 'seguisym.ttf', 'SegUIVar.ttf', 'sere1255.fon', 'sere1256.fon', 'sere1257.fon', 'serf1255.fon', 'serf1256.fon', 'serf1257.fon', 'serife.fon', 'serifee.fon', 'serifeg.fon', 'serifer.fon', 'serifet.fon', 'seriff.fon', 'seriffe.fon', 'seriffg.fon', 'seriffr.fon', 'serifft.fon', 'SHOWG.TTF', 'simfang.ttf', 'simhei.ttf', 'simkai.ttf', 'SIMLI.TTF', 'simsun.ttc', 'simsunb.ttf', 'SIMYOU.TTF', 'SitkaVF-Italic.ttf', 'SitkaVF.ttf', 'smae1255.fon', 'smae1256.fon', 'smae1257.fon', 'smaf1255.fon', 'smaf1256.fon', 'smaf1257.fon', 'smalle.fon', 'smallee.fon', 'smalleg.fon', 'smaller.fon', 'smallet.fon', 'smallf.fon', 'smallfe.fon', 'smallfg.fon', 'smallfr.fon', 'smallft.fon', 'SNAP____.TTF', 'ssee1255.fon', 'ssee1256.fon', 'ssee1257.fon', 'ssee874.fon', 'ssef1255.fon', 'ssef1256.fon', 'ssef1257.fon', 'ssef874.fon', 'sserife.fon', 'sserifee.fon', 'sserifeg.fon', 'sserifer.fon', 'sserifet.fon', 'sseriff.fon', 'sseriffe.fon', 'sseriffg.fon', 'sseriffr.fon', 'sserifft.fon', 'StaticCache.dat', 'STCAIYUN.TTF', 'STENCIL.TTF', 'STFANGSO.TTF', 'STHUPO.TTF', 'STKAITI.TTF', 'STLITI.TTF', 'STSONG.TTF', 'STXIHEI.TTF', 'STXINGKA.TTF', 'STXINWEI.TTF', 'STZHONGS.TTF', 'svgafix.fon', 'svgasys.fon', 'sylfaen.ttf', 'symbol.ttf', 'tahoma.ttf', 'tahomabd.ttf', 'taile.ttf', 'taileb.ttf', 'TCBI____.TTF', 'TCB_____.TTF', 'TCCB____.TTF', 'TCCEB.TTF', 'TCCM____.TTF', 'TCMI____.TTF', 'TCM_____.TTF', 'TEMPSITC.TTF', 'times.ttf', 'timesbd.ttf', 'timesbi.ttf', 'timesi.ttf', 'trebuc.ttf', 'trebucbd.ttf', 'trebucbi.ttf', 'trebucit.ttf', 'verdana.ttf', 'verdanab.ttf', 'verdanai.ttf', 'verdanaz.ttf', 'vga737.fon', 'vga775.fon', 'vga850.fon', 'vga852.fon', 'vga855.fon', 'vga857.fon', 'vga860.fon', 'vga861.fon', 'vga863.fon', 'vga865.fon', 'vga866.fon', 'vga869.fon', 'vga932.fon', 'vga936.fon', 'vga949.fon', 'vga950.fon', 'vgaf1255.fon', 'vgaf1256.fon', 'vgaf1257.fon', 'vgaf874.fon', 'vgafix.fon', 'vgafixe.fon', 'vgafixg.fon', 'vgafixr.fon', 'vgafixt.fon', 'vgaoem.fon', 'vgas1255.fon', 'vgas1256.fon', 'vgas1257.fon', 'vgas874.fon', 'vgasys.fon', 'vgasyse.fon', 'vgasysg.fon', 'vgasysr.fon', 'vgasyst.fon', 'VINERITC.TTF', 'VIVALDII.TTF', 'VLADIMIR.TTF', 'webdings.ttf', 'wingding.ttf', 'WINGDNG2.TTF', 'WINGDNG3.TTF', 'YuGothB.ttc', 'YuGothL.ttc', 'YuGothM.ttc', 'YuGothR.ttc', '\u534e\u5eb7\u65b9\u5706\u4f53W7.TTC', '\u65b9\u6b63\u7c97\u9ed1\u5b8b\u7b80\u4f53.ttf']
2023-09-27 15:56:51,663 - INFO - start to load thumbnail gen setting json from::D:/Download/audio-visual/saas/tiktoka/tiktoka-studio-uploader-genius/tests/videos/horizon/template (9).json
2023-09-27 15:56:51,664 - INFO - start to validate template
2023-09-27 15:56:51,667 - INFO - validate thumbnail gen template passed
2023-09-27 15:56:51,667 - INFO - start to validate metadata for thumbgen setting
2023-09-27 15:56:51,677 - INFO - start to check ['heading', 'subheading', 'extraheading'] defined in template
2023-09-27 15:56:51,678 - INFO - heading value is \u6211\u7684\u7956\u56fd\u6211\u7231\u4f60 in entry OP.
2023-09-27 15:56:51,678 - INFO - subheading value is \u56fd\u5e86\u4f73\u8282\u5feb\u4e50 in entry OP.
2023-09-27 15:56:51,678 - INFO - extraheading value is 222222222222 in entry OP.
2023-09-27 15:56:51,678 - INFO - validate metadata for thumbgen setting passed
2023-09-27 15:56:51,678 - INFO - start to update user submited metafile to video assets
2023-09-27 15:56:51,678 - WARNING - You are running on win32, potentially without locks. Consider setting shared_lock=True
2023-09-27 15:56:51,678 - INFO - update user submited metafile to video assets passed
2023-09-27 15:56:51,679 - INFO - start to validate bg folder
2023-09-27 15:56:51,679 - INFO - bg folder image list :['D:/Download/audio-visual/saas/tiktoka/tiktoka-studio-uploader-genius/tests/videos/horizon/1920x1080\\bg1.jpg', 'D:/Download/audio-visual/saas/tiktoka/tiktoka-studio-uploader-genius/tests/videos/horizon/1920x1080\\bg2.jpg']
2023-09-27 15:56:51,679 - INFO - Random assign bg:D:/Download/audio-visual/saas/tiktoka/tiktoka-studio-uploader-genius/tests/videos/horizon/1920x1080\bg2.jpg to  video:OP
2023-09-27 15:56:51,679 - INFO - validate bg folder passed
2023-09-27 15:56:52,983 - INFO - start to load thumbnail gen setting json from::D:/Download/audio-visual/saas/tiktoka/tiktoka-studio-uploader-genius/tests/videos/horizon/template (9).json
2023-09-27 15:56:52,983 - INFO - start to validate template
2023-09-27 15:56:52,986 - INFO - validate thumbnail gen template passed
2023-09-27 15:56:52,986 - INFO - start to validate metadata for thumbgen setting
2023-09-27 15:56:52,995 - INFO - start to check ['heading', 'subheading', 'extraheading'] defined in template
2023-09-27 15:56:52,995 - INFO - heading value is \u6211\u7684\u7956\u56fd\u6211\u7231\u4f60 in entry OP.
2023-09-27 15:56:52,995 - INFO - subheading value is \u56fd\u5e86\u4f73\u8282\u5feb\u4e50 in entry OP.
2023-09-27 15:56:52,995 - INFO - extraheading value is 222222222222 in entry OP.
2023-09-27 15:56:52,995 - INFO - validate metadata for thumbgen setting passed
2023-09-27 15:56:52,995 - INFO - start to update user submited metafile to video assets
2023-09-27 15:56:52,996 - WARNING - You are running on win32, potentially without locks. Consider setting shared_lock=True
2023-09-27 15:56:52,996 - INFO - update user submited metafile to video assets passed
2023-09-27 15:56:52,996 - INFO - start to validate bg folder
2023-09-27 15:56:52,997 - INFO - bg folder image list :['D:/Download/audio-visual/saas/tiktoka/tiktoka-studio-uploader-genius/tests/videos/horizon/1920x1080\\bg1.jpg', 'D:/Download/audio-visual/saas/tiktoka/tiktoka-studio-uploader-genius/tests/videos/horizon/1920x1080\\bg2.jpg']
2023-09-27 15:56:52,997 - INFO - Random assign bg:D:/Download/audio-visual/saas/tiktoka/tiktoka-studio-uploader-genius/tests/videos/horizon/1920x1080\bg1.jpg to  video:OP
2023-09-27 15:56:52,997 - INFO - validate bg folder passed
2023-09-27 15:56:53,036 - INFO - all fonts installed:['8514fix.fon', '8514fixe.fon', '8514fixg.fon', '8514fixr.fon', '8514fixt.fon', '8514oem.fon', '8514oeme.fon', '8514oemg.fon', '8514oemr.fon', '8514oemt.fon', '8514sys.fon', '8514syse.fon', '8514sysg.fon', '8514sysr.fon', '8514syst.fon', '85775.fon', '85855.fon', '85f1255.fon', '85f1256.fon', '85f1257.fon', '85f874.fon', '85s1255.fon', '85s1256.fon', '85s1257.fon', '85s874.fon', 'AGENCYB.TTF', 'AGENCYR.TTF', 'ALGER.TTF', 'ANTQUAB.TTF', 'ANTQUABI.TTF', 'ANTQUAI.TTF', 'app775.fon', 'app850.fon', 'app852.fon', 'app855.fon', 'app857.fon', 'app866.fon', 'app932.fon', 'app936.fon', 'app949.fon', 'app950.fon', 'arial.ttf', 'arialbd.ttf', 'arialbi.ttf', 'ariali.ttf', 'ARIALN.TTF', 'ARIALNB.TTF', 'ARIALNBI.TTF', 'ARIALNI.TTF', 'ariblk.ttf', 'ARLRDBD.TTF', 'AxureHandwriting-Bold.otf', 'AxureHandwriting-BoldItalic.otf', 'AxureHandwriting-Italic.otf', 'AxureHandwriting.otf', 'bahnschrift.ttf', 'BASKVILL.TTF', 'BAUHS93.TTF', 'BELL.TTF', 'BELLB.TTF', 'BELLI.TTF', 'BERNHC.TTF', 'BKANT.TTF', 'BOD_B.TTF', 'BOD_BI.TTF', 'BOD_BLAI.TTF', 'BOD_BLAR.TTF', 'BOD_CB.TTF', 'BOD_CBI.TTF', 'BOD_CI.TTF', 'BOD_CR.TTF', 'BOD_I.TTF', 'BOD_PSTC.TTF', 'BOD_R.TTF', 'BOOKOS.TTF', 'BOOKOSB.TTF', 'BOOKOSBI.TTF', 'BOOKOSI.TTF', 'BRADHITC.TTF', 'BRITANIC.TTF', 'BRLNSB.TTF', 'BRLNSDB.TTF', 'BRLNSR.TTF', 'BROADW.TTF', 'BRUSHSCI.TTF', 'BSSYM7.TTF', 'c8514fix.fon', 'c8514oem.fon', 'c8514sys.fon', 'calibri.ttf', 'calibrib.ttf', 'calibrii.ttf', 'calibril.ttf', 'calibrili.ttf', 'calibriz.ttf', 'CALIFB.TTF', 'CALIFI.TTF', 'CALIFR.TTF', 'CALIST.TTF', 'CALISTB.TTF', 'CALISTBI.TTF', 'CALISTI.TTF', 'cambria.ttc', 'cambriab.ttf', 'cambriai.ttf', 'cambriaz.ttf', 'Candara.ttf', 'Candarab.ttf', 'Candarai.ttf', 'Candaral.ttf', 'Candarali.ttf', 'Candaraz.ttf', 'CascadiaCode.ttf', 'CascadiaMono.ttf', 'CASTELAR.TTF', 'CENSCBK.TTF', 'CENTAUR.TTF', 'CENTURY.TTF', 'cga40737.fon', 'cga40850.fon', 'cga40852.fon', 'cga40857.fon', 'cga40866.fon', 'cga40869.fon', 'cga40woa.fon', 'cga80737.fon', 'cga80850.fon', 'cga80852.fon', 'cga80857.fon', 'cga80866.fon', 'cga80869.fon', 'cga80woa.fon', 'CHILLER.TTF', 'COLONNA.TTF', 'comic.ttf', 'comicbd.ttf', 'comici.ttf', 'comicz.ttf', 'consola.ttf', 'consolab.ttf', 'consolai.ttf', 'consolaz.ttf', 'constan.ttf', 'constanb.ttf', 'constani.ttf', 'constanz.ttf', 'COOPBL.TTF', 'COPRGTB.TTF', 'COPRGTL.TTF', 'corbel.ttf', 'corbelb.ttf', 'corbeli.ttf', 'corbell.ttf', 'corbelli.ttf', 'corbelz.ttf', 'coue1255.fon', 'coue1256.fon', 'coue1257.fon', 'couf1255.fon', 'couf1256.fon', 'couf1257.fon', 'cour.ttf', 'courbd.ttf', 'courbi.ttf', 'coure.fon', 'couree.fon', 'coureg.fon', 'courer.fon', 'couret.fon', 'courf.fon', 'courfe.fon', 'courfg.fon', 'courfr.fon', 'courft.fon', 'couri.ttf', 'CURLZ___.TTF', 'cvgafix.fon', 'cvgasys.fon', 'Deng.ttf', 'Dengb.ttf', 'Dengl.ttf', 'desktop.ini', 'dos737.fon', 'dos869.fon', 'dosapp.fon', 'DUBAI-BOLD.TTF', 'DUBAI-LIGHT.TTF', 'DUBAI-MEDIUM.TTF', 'DUBAI-REGULAR.TTF', 'ebrima.ttf', 'ebrimabd.ttf', 'ega40737.fon', 'ega40850.fon', 'ega40852.fon', 'ega40857.fon', 'ega40866.fon', 'ega40869.fon', 'ega40woa.fon', 'ega80737.fon', 'ega80850.fon', 'ega80852.fon', 'ega80857.fon', 'ega80866.fon', 'ega80869.fon', 'ega80woa.fon', 'ELEPHNT.TTF', 'ELEPHNTI.TTF', 'ENGR.TTF', 'ERASBD.TTF', 'ERASDEMI.TTF', 'ERASLGHT.TTF', 'ERASMD.TTF', 'FELIXTI.TTF', 'fms_metadata.xml', 'FORTE.TTF', 'FRABK.TTF', 'FRABKIT.TTF', 'FRADM.TTF', 'FRADMCN.TTF', 'FRADMIT.TTF', 'FRAHV.TTF', 'FRAHVIT.TTF', 'framd.ttf', 'FRAMDCN.TTF', 'framdit.ttf', 'FREESCPT.TTF', 'FRSCRIPT.TTF', 'FTLTLT.TTF', 'FZSTK.TTF', 'FZYTK.TTF', 'Gabriola.ttf', 'gadugi.ttf', 'gadugib.ttf', 'GARA.TTF', 'GARABD.TTF', 'GARAIT.TTF', 'georgia.ttf', 'georgiab.ttf', 'georgiai.ttf', 'georgiaz.ttf', 'GIGI.TTF', 'GILBI___.TTF', 'GILB____.TTF', 'GILC____.TTF', 'GILI____.TTF', 'GILLUBCD.TTF', 'GILSANUB.TTF', 'GIL_____.TTF', 'GLECB.TTF', 'GlobalMonospace.CompositeFont', 'GlobalSansSerif.CompositeFont', 'GlobalSerif.CompositeFont', 'GlobalUserInterface.CompositeFont', 'GLSNECB.TTF', 'GOTHIC.TTF', 'GOTHICB.TTF', 'GOTHICBI.TTF', 'GOTHICI.TTF', 'GOUDOS.TTF', 'GOUDOSB.TTF', 'GOUDOSI.TTF', 'GOUDYSTO.TTF', 'h8514fix.fon', 'h8514oem.fon', 'h8514sys.fon', 'HARLOWSI.TTF', 'HARNGTON.TTF', 'HATTEN.TTF', 'HGB1X_CNKI.ttf', 'HGB1_CNKI.ttf', 'HGB2X_CNKI.ttf', 'HGB2_CNKI.ttf', 'HGB3X_CNKI.ttf', 'HGB3_CNKI.ttf', 'HGB4X_CNKI.ttf', 'HGB4_CNKI.ttf', 'HGB5X_CNKI.ttf', 'HGB5_CNKI.ttf', 'HGB6X_CNKI.ttf', 'HGB6_CNKI.ttf', 'HGB7X_CNKI.ttf', 'HGB7_CNKI.ttf', 'HGB8X_CNKI.ttf', 'HGB8_CNKI.ttf', 'HGBD_CNKI.ttf', 'HGBKBX_CNKI.ttf', 'HGBKB_CNKI.ttf', 'HGBKHX_CNKI.ttf', 'HGBKH_CNKI.ttf', 'HGBS1_CNKI.TTF', 'HGBS2_CNKI.TTF', 'HGBS_CNKI.TTF', 'HGBTH_CNKI.TTF', 'HGBTS_CNKI.TTF', 'HGBX_CNKI.ttf', 'HGBZ_CNKI.ttf', 'HGCH_CNKI.TTF', 'HGCUH_CNKI.TTF', 'HGCY_CNKI.TTF', 'HGDBS_CNKI.TTF', 'HGDGY_CNKI.TTF', 'HGDH2_CNKI.TTF', 'HGDH_CNKI.TTF', 'HGDYS_CNKI.TTF', 'HGDY_CNKI.ttf', 'HGF1X_CNKI.ttf', 'HGF1_CNKI.ttf', 'HGF2X_CNKI.ttf', 'HGF2_CNKI.ttf', 'HGF3_CNKI.ttf', 'HGF4X_CNKI.ttf', 'HGF4_CNKI.ttf', 'HGF5X_CNKI.ttf', 'HGF5_CNKI.ttf', 'HGF6X_CNKI.ttf', 'HGF6_CNKI.ttf', 'HGF7X_CNKI.ttf', 'HGF7_CNKI.ttf', 'HGF8_CNKI.ttf', 'HGF9X_CNKI.ttf', 'HGF9_CNKI.ttf', 'HGFS1_CNKI.TTF', 'HGFS2_CNKI.TTF', 'HGFSH_CNKI.TTF', 'HGFS_CNKI.TTF', 'HGFX_CNKI.ttf', 'HGFZ_CNKI.ttf', 'HGGG_CNKI.TTF', 'HGH1X_CNKI.ttf', 'HGH1_CNKI.ttf', 'HGH2X_CNKI.ttf', 'HGH2_CNKI.ttf', 'HGH3X_CNKI.ttf', 'HGH3_CNKI.ttf', 'HGH4X_CNKI.ttf', 'HGH4_CNKI.ttf', 'HGH5X_CNKI.ttf', 'HGH5_CNKI.ttf', 'HGH6X_CNKI.ttf', 'HGH6_CNKI.ttf', 'HGH7X_CNKI.ttf', 'HGH7_CNKI.ttf', 'HGHB_CNKI.TTF', 'HGHD_CNKI.ttf', 'HGHP_CNKI.TTF', 'HGHT1_CNKI.ttf', 'HGHT2_CNKI.ttf', 'HGHUATI_CNKI.ttf', 'HGHX_CNKI.ttf', 'HGHZ_CNKI.ttf', 'HGH_CNKI.TTF', 'HGKT1_CNKI.TTF', 'HGKT2_CNKI.TTF', 'HGKT_CNKI.TTF', 'HGKY_CNKI.ttf', 'HGLB_CNKI.TTF', 'HGLS_CNKI.TTF', 'HGMH_CNKI.TTF', 'HGNBS_CNKI.ttf', 'HGOCR_CNKI.ttf', 'HGPH_CNKI.TTF', 'HGPTY_CNKI.TTF', 'HGSS1_CNKI.TTF', 'HGSS2_CNKI.TTF', 'HGSS_CNKI.TTF', 'HGSXT_CNKI.ttf', 'HGTT_CNKI.ttf', 'HGTX_CNKI.TTF', 'HGWT_CNKI.TTF', 'HGWYS_CNKI.TTF', 'HGX1X_CNKI.ttf', 'HGX1_CNKI.ttf', 'HGXBS_CNKI.TTF', 'HGXC_CNKI.TTF', 'HGXF1_CNKI.ttf', 'HGXFX_CNKI.ttf', 'HGXFZ_CNKI.ttf', 'HGXH1_CNKI.TTF', 'HGXH_CNKI.TTF', 'HGXK_CNKI.TTF', 'HGXL_CNKI.TTF', 'HGXS_CNKI.TTF', 'HGXT_CNKI.ttf', 'HGXY_CNKI.ttf', 'HGY1_CNKI.TTF', 'HGY2_CNKI.TTF', 'HGY3_CNKI.TTF', 'HGY4_CNKI.TTF', 'HGYB_CNKI.ttf', 'HGYT1_CNKI.ttf', 'HGYT2_CNKI.ttf', 'HGYT_CNKI.TTF', 'HGYX_CNKI.TTF', 'HGZCS_CNKI.TTF', 'HGZDX_CNKI.TTF', 'HGZK_CNKI.TTF', 'HGZYT_CNKI.TTF', 'HGZY_CNKI.TTF', 'himalaya.ttf', 'holomdl2.ttf', 'HTOWERT.TTF', 'HTOWERTI.TTF', 'hvgafix.fon', 'hvgasys.fon', 'impact.ttf', 'IMPRISHA.TTF', 'INFROMAN.TTF', 'Inkfree.ttf', 'iqiyi_logov7.ttf', 'ITCBLKAD.TTF', 'ITCEDSCR.TTF', 'ITCKRIST.TTF', 'j8514fix.fon', 'j8514oem.fon', 'j8514sys.fon', 'javatext.ttf', 'JOKERMAN.TTF', 'jsmalle.fon', 'jsmallf.fon', 'JUICE___.TTF', 'jvgafix.fon', 'jvgasys.fon', 'KUNSTLER.TTF', 'LATINWD.TTF', 'LBRITE.TTF', 'LBRITED.TTF', 'LBRITEDI.TTF', 'LBRITEI.TTF', 'LCALLIG.TTF', 'LeelaUIb.ttf', 'LeelawUI.ttf', 'LeelUIsl.ttf', 'LFAX.TTF', 'LFAXD.TTF', 'LFAXDI.TTF', 'LFAXI.TTF', 'LHANDW.TTF', 'LSANS.TTF', 'LSANSD.TTF', 'LSANSDI.TTF', 'LSANSI.TTF', 'LTYPE.TTF', 'LTYPEB.TTF', 'LTYPEBO.TTF', 'LTYPEO.TTF', 'lucon.ttf', 'l_10646.ttf', 'MAGNETOB.TTF', 'MAIAN.TTF', 'malgun.ttf', 'malgunbd.ttf', 'malgunsl.ttf', 'marlett.ttf', 'MATURASC.TTF', 'micross.ttf', 'mingliub.ttc', 'MISTRAL.TTF', 'mmrtext.ttf', 'mmrtextb.ttf', 'MOD20.TTF', 'modern.fon', 'monbaiti.ttf', 'msgothic.ttc', 'msjh.ttc', 'msjhbd.ttc', 'msjhl.ttc', 'msyh.ttc', 'msyhbd.ttc', 'msyhl.ttc', 'msyi.ttf', 'MTCORSVA.TTF', 'MTEXTRA.TTF', 'mvboli.ttf', 'NIAGENG.TTF', 'NIAGSOL.TTF', 'Nirmala.ttf', 'NirmalaB.ttf', 'NirmalaS.ttf', 'ntailu.ttf', 'ntailub.ttf', 'NumberOnly.ttf', 'OCRAEXT.TTF', 'OLDENGL.TTF', 'ONYX.TTF', 'OUTLOOK.TTF', 'pala.ttf', 'palab.ttf', 'palabi.ttf', 'palai.ttf', 'PALSCRI.TTF', 'PAPYRUS.TTF', 'PARCHM.TTF', 'PERBI___.TTF', 'PERB____.TTF', 'PERI____.TTF', 'PERTIBD.TTF', 'PERTILI.TTF', 'PER_____.TTF', 'phagspa.ttf', 'phagspab.ttf', 'PLAYBILL.TTF', 'POORICH.TTF', 'PRISTINA.TTF', 'RAGE.TTF', 'RAVIE.TTF', 'REFSAN.TTF', 'REFSPCL.TTF', 'ROCCB___.TTF', 'ROCC____.TTF', 'ROCK.TTF', 'ROCKB.TTF', 'ROCKBI.TTF', 'ROCKEB.TTF', 'ROCKI.TTF', 'roman.fon', 's8514fix.fon', 's8514oem.fon', 's8514sys.fon', 'SCHLBKB.TTF', 'SCHLBKBI.TTF', 'SCHLBKI.TTF', 'script.fon', 'SCRIPTBL.TTF', 'segmdl2.ttf', 'SegoeIcons.ttf', 'segoepr.ttf', 'segoeprb.ttf', 'segoesc.ttf', 'segoescb.ttf', 'segoeui.ttf', 'segoeuib.ttf', 'segoeuii.ttf', 'segoeuil.ttf', 'segoeuisl.ttf', 'segoeuiz.ttf', 'seguibl.ttf', 'seguibli.ttf', 'seguiemj.ttf', 'seguihis.ttf', 'seguili.ttf', 'seguisb.ttf', 'seguisbi.ttf', 'seguisli.ttf', 'seguisym.ttf', 'SegUIVar.ttf', 'sere1255.fon', 'sere1256.fon', 'sere1257.fon', 'serf1255.fon', 'serf1256.fon', 'serf1257.fon', 'serife.fon', 'serifee.fon', 'serifeg.fon', 'serifer.fon', 'serifet.fon', 'seriff.fon', 'seriffe.fon', 'seriffg.fon', 'seriffr.fon', 'serifft.fon', 'SHOWG.TTF', 'simfang.ttf', 'simhei.ttf', 'simkai.ttf', 'SIMLI.TTF', 'simsun.ttc', 'simsunb.ttf', 'SIMYOU.TTF', 'SitkaVF-Italic.ttf', 'SitkaVF.ttf', 'smae1255.fon', 'smae1256.fon', 'smae1257.fon', 'smaf1255.fon', 'smaf1256.fon', 'smaf1257.fon', 'smalle.fon', 'smallee.fon', 'smalleg.fon', 'smaller.fon', 'smallet.fon', 'smallf.fon', 'smallfe.fon', 'smallfg.fon', 'smallfr.fon', 'smallft.fon', 'SNAP____.TTF', 'ssee1255.fon', 'ssee1256.fon', 'ssee1257.fon', 'ssee874.fon', 'ssef1255.fon', 'ssef1256.fon', 'ssef1257.fon', 'ssef874.fon', 'sserife.fon', 'sserifee.fon', 'sserifeg.fon', 'sserifer.fon', 'sserifet.fon', 'sseriff.fon', 'sseriffe.fon', 'sseriffg.fon', 'sseriffr.fon', 'sserifft.fon', 'StaticCache.dat', 'STCAIYUN.TTF', 'STENCIL.TTF', 'STFANGSO.TTF', 'STHUPO.TTF', 'STKAITI.TTF', 'STLITI.TTF', 'STSONG.TTF', 'STXIHEI.TTF', 'STXINGKA.TTF', 'STXINWEI.TTF', 'STZHONGS.TTF', 'svgafix.fon', 'svgasys.fon', 'sylfaen.ttf', 'symbol.ttf', 'tahoma.ttf', 'tahomabd.ttf', 'taile.ttf', 'taileb.ttf', 'TCBI____.TTF', 'TCB_____.TTF', 'TCCB____.TTF', 'TCCEB.TTF', 'TCCM____.TTF', 'TCMI____.TTF', 'TCM_____.TTF', 'TEMPSITC.TTF', 'times.ttf', 'timesbd.ttf', 'timesbi.ttf', 'timesi.ttf', 'trebuc.ttf', 'trebucbd.ttf', 'trebucbi.ttf', 'trebucit.ttf', 'verdana.ttf', 'verdanab.ttf', 'verdanai.ttf', 'verdanaz.ttf', 'vga737.fon', 'vga775.fon', 'vga850.fon', 'vga852.fon', 'vga855.fon', 'vga857.fon', 'vga860.fon', 'vga861.fon', 'vga863.fon', 'vga865.fon', 'vga866.fon', 'vga869.fon', 'vga932.fon', 'vga936.fon', 'vga949.fon', 'vga950.fon', 'vgaf1255.fon', 'vgaf1256.fon', 'vgaf1257.fon', 'vgaf874.fon', 'vgafix.fon', 'vgafixe.fon', 'vgafixg.fon', 'vgafixr.fon', 'vgafixt.fon', 'vgaoem.fon', 'vgas1255.fon', 'vgas1256.fon', 'vgas1257.fon', 'vgas874.fon', 'vgasys.fon', 'vgasyse.fon', 'vgasysg.fon', 'vgasysr.fon', 'vgasyst.fon', 'VINERITC.TTF', 'VIVALDII.TTF', 'VLADIMIR.TTF', 'webdings.ttf', 'wingding.ttf', 'WINGDNG2.TTF', 'WINGDNG3.TTF', 'YuGothB.ttc', 'YuGothL.ttc', 'YuGothM.ttc', 'YuGothR.ttc', '\u534e\u5eb7\u65b9\u5706\u4f53W7.TTC', '\u65b9\u6b63\u7c97\u9ed1\u5b8b\u7b80\u4f53.ttf']
2023-09-27 15:56:53,041 - INFO - all fonts installed:['8514fix.fon', '8514fixe.fon', '8514fixg.fon', '8514fixr.fon', '8514fixt.fon', '8514oem.fon', '8514oeme.fon', '8514oemg.fon', '8514oemr.fon', '8514oemt.fon', '8514sys.fon', '8514syse.fon', '8514sysg.fon', '8514sysr.fon', '8514syst.fon', '85775.fon', '85855.fon', '85f1255.fon', '85f1256.fon', '85f1257.fon', '85f874.fon', '85s1255.fon', '85s1256.fon', '85s1257.fon', '85s874.fon', 'AGENCYB.TTF', 'AGENCYR.TTF', 'ALGER.TTF', 'ANTQUAB.TTF', 'ANTQUABI.TTF', 'ANTQUAI.TTF', 'app775.fon', 'app850.fon', 'app852.fon', 'app855.fon', 'app857.fon', 'app866.fon', 'app932.fon', 'app936.fon', 'app949.fon', 'app950.fon', 'arial.ttf', 'arialbd.ttf', 'arialbi.ttf', 'ariali.ttf', 'ARIALN.TTF', 'ARIALNB.TTF', 'ARIALNBI.TTF', 'ARIALNI.TTF', 'ariblk.ttf', 'ARLRDBD.TTF', 'AxureHandwriting-Bold.otf', 'AxureHandwriting-BoldItalic.otf', 'AxureHandwriting-Italic.otf', 'AxureHandwriting.otf', 'bahnschrift.ttf', 'BASKVILL.TTF', 'BAUHS93.TTF', 'BELL.TTF', 'BELLB.TTF', 'BELLI.TTF', 'BERNHC.TTF', 'BKANT.TTF', 'BOD_B.TTF', 'BOD_BI.TTF', 'BOD_BLAI.TTF', 'BOD_BLAR.TTF', 'BOD_CB.TTF', 'BOD_CBI.TTF', 'BOD_CI.TTF', 'BOD_CR.TTF', 'BOD_I.TTF', 'BOD_PSTC.TTF', 'BOD_R.TTF', 'BOOKOS.TTF', 'BOOKOSB.TTF', 'BOOKOSBI.TTF', 'BOOKOSI.TTF', 'BRADHITC.TTF', 'BRITANIC.TTF', 'BRLNSB.TTF', 'BRLNSDB.TTF', 'BRLNSR.TTF', 'BROADW.TTF', 'BRUSHSCI.TTF', 'BSSYM7.TTF', 'c8514fix.fon', 'c8514oem.fon', 'c8514sys.fon', 'calibri.ttf', 'calibrib.ttf', 'calibrii.ttf', 'calibril.ttf', 'calibrili.ttf', 'calibriz.ttf', 'CALIFB.TTF', 'CALIFI.TTF', 'CALIFR.TTF', 'CALIST.TTF', 'CALISTB.TTF', 'CALISTBI.TTF', 'CALISTI.TTF', 'cambria.ttc', 'cambriab.ttf', 'cambriai.ttf', 'cambriaz.ttf', 'Candara.ttf', 'Candarab.ttf', 'Candarai.ttf', 'Candaral.ttf', 'Candarali.ttf', 'Candaraz.ttf', 'CascadiaCode.ttf', 'CascadiaMono.ttf', 'CASTELAR.TTF', 'CENSCBK.TTF', 'CENTAUR.TTF', 'CENTURY.TTF', 'cga40737.fon', 'cga40850.fon', 'cga40852.fon', 'cga40857.fon', 'cga40866.fon', 'cga40869.fon', 'cga40woa.fon', 'cga80737.fon', 'cga80850.fon', 'cga80852.fon', 'cga80857.fon', 'cga80866.fon', 'cga80869.fon', 'cga80woa.fon', 'CHILLER.TTF', 'COLONNA.TTF', 'comic.ttf', 'comicbd.ttf', 'comici.ttf', 'comicz.ttf', 'consola.ttf', 'consolab.ttf', 'consolai.ttf', 'consolaz.ttf', 'constan.ttf', 'constanb.ttf', 'constani.ttf', 'constanz.ttf', 'COOPBL.TTF', 'COPRGTB.TTF', 'COPRGTL.TTF', 'corbel.ttf', 'corbelb.ttf', 'corbeli.ttf', 'corbell.ttf', 'corbelli.ttf', 'corbelz.ttf', 'coue1255.fon', 'coue1256.fon', 'coue1257.fon', 'couf1255.fon', 'couf1256.fon', 'couf1257.fon', 'cour.ttf', 'courbd.ttf', 'courbi.ttf', 'coure.fon', 'couree.fon', 'coureg.fon', 'courer.fon', 'couret.fon', 'courf.fon', 'courfe.fon', 'courfg.fon', 'courfr.fon', 'courft.fon', 'couri.ttf', 'CURLZ___.TTF', 'cvgafix.fon', 'cvgasys.fon', 'Deng.ttf', 'Dengb.ttf', 'Dengl.ttf', 'desktop.ini', 'dos737.fon', 'dos869.fon', 'dosapp.fon', 'DUBAI-BOLD.TTF', 'DUBAI-LIGHT.TTF', 'DUBAI-MEDIUM.TTF', 'DUBAI-REGULAR.TTF', 'ebrima.ttf', 'ebrimabd.ttf', 'ega40737.fon', 'ega40850.fon', 'ega40852.fon', 'ega40857.fon', 'ega40866.fon', 'ega40869.fon', 'ega40woa.fon', 'ega80737.fon', 'ega80850.fon', 'ega80852.fon', 'ega80857.fon', 'ega80866.fon', 'ega80869.fon', 'ega80woa.fon', 'ELEPHNT.TTF', 'ELEPHNTI.TTF', 'ENGR.TTF', 'ERASBD.TTF', 'ERASDEMI.TTF', 'ERASLGHT.TTF', 'ERASMD.TTF', 'FELIXTI.TTF', 'fms_metadata.xml', 'FORTE.TTF', 'FRABK.TTF', 'FRABKIT.TTF', 'FRADM.TTF', 'FRADMCN.TTF', 'FRADMIT.TTF', 'FRAHV.TTF', 'FRAHVIT.TTF', 'framd.ttf', 'FRAMDCN.TTF', 'framdit.ttf', 'FREESCPT.TTF', 'FRSCRIPT.TTF', 'FTLTLT.TTF', 'FZSTK.TTF', 'FZYTK.TTF', 'Gabriola.ttf', 'gadugi.ttf', 'gadugib.ttf', 'GARA.TTF', 'GARABD.TTF', 'GARAIT.TTF', 'georgia.ttf', 'georgiab.ttf', 'georgiai.ttf', 'georgiaz.ttf', 'GIGI.TTF', 'GILBI___.TTF', 'GILB____.TTF', 'GILC____.TTF', 'GILI____.TTF', 'GILLUBCD.TTF', 'GILSANUB.TTF', 'GIL_____.TTF', 'GLECB.TTF', 'GlobalMonospace.CompositeFont', 'GlobalSansSerif.CompositeFont', 'GlobalSerif.CompositeFont', 'GlobalUserInterface.CompositeFont', 'GLSNECB.TTF', 'GOTHIC.TTF', 'GOTHICB.TTF', 'GOTHICBI.TTF', 'GOTHICI.TTF', 'GOUDOS.TTF', 'GOUDOSB.TTF', 'GOUDOSI.TTF', 'GOUDYSTO.TTF', 'h8514fix.fon', 'h8514oem.fon', 'h8514sys.fon', 'HARLOWSI.TTF', 'HARNGTON.TTF', 'HATTEN.TTF', 'HGB1X_CNKI.ttf', 'HGB1_CNKI.ttf', 'HGB2X_CNKI.ttf', 'HGB2_CNKI.ttf', 'HGB3X_CNKI.ttf', 'HGB3_CNKI.ttf', 'HGB4X_CNKI.ttf', 'HGB4_CNKI.ttf', 'HGB5X_CNKI.ttf', 'HGB5_CNKI.ttf', 'HGB6X_CNKI.ttf', 'HGB6_CNKI.ttf', 'HGB7X_CNKI.ttf', 'HGB7_CNKI.ttf', 'HGB8X_CNKI.ttf', 'HGB8_CNKI.ttf', 'HGBD_CNKI.ttf', 'HGBKBX_CNKI.ttf', 'HGBKB_CNKI.ttf', 'HGBKHX_CNKI.ttf', 'HGBKH_CNKI.ttf', 'HGBS1_CNKI.TTF', 'HGBS2_CNKI.TTF', 'HGBS_CNKI.TTF', 'HGBTH_CNKI.TTF', 'HGBTS_CNKI.TTF', 'HGBX_CNKI.ttf', 'HGBZ_CNKI.ttf', 'HGCH_CNKI.TTF', 'HGCUH_CNKI.TTF', 'HGCY_CNKI.TTF', 'HGDBS_CNKI.TTF', 'HGDGY_CNKI.TTF', 'HGDH2_CNKI.TTF', 'HGDH_CNKI.TTF', 'HGDYS_CNKI.TTF', 'HGDY_CNKI.ttf', 'HGF1X_CNKI.ttf', 'HGF1_CNKI.ttf', 'HGF2X_CNKI.ttf', 'HGF2_CNKI.ttf', 'HGF3_CNKI.ttf', 'HGF4X_CNKI.ttf', 'HGF4_CNKI.ttf', 'HGF5X_CNKI.ttf', 'HGF5_CNKI.ttf', 'HGF6X_CNKI.ttf', 'HGF6_CNKI.ttf', 'HGF7X_CNKI.ttf', 'HGF7_CNKI.ttf', 'HGF8_CNKI.ttf', 'HGF9X_CNKI.ttf', 'HGF9_CNKI.ttf', 'HGFS1_CNKI.TTF', 'HGFS2_CNKI.TTF', 'HGFSH_CNKI.TTF', 'HGFS_CNKI.TTF', 'HGFX_CNKI.ttf', 'HGFZ_CNKI.ttf', 'HGGG_CNKI.TTF', 'HGH1X_CNKI.ttf', 'HGH1_CNKI.ttf', 'HGH2X_CNKI.ttf', 'HGH2_CNKI.ttf', 'HGH3X_CNKI.ttf', 'HGH3_CNKI.ttf', 'HGH4X_CNKI.ttf', 'HGH4_CNKI.ttf', 'HGH5X_CNKI.ttf', 'HGH5_CNKI.ttf', 'HGH6X_CNKI.ttf', 'HGH6_CNKI.ttf', 'HGH7X_CNKI.ttf', 'HGH7_CNKI.ttf', 'HGHB_CNKI.TTF', 'HGHD_CNKI.ttf', 'HGHP_CNKI.TTF', 'HGHT1_CNKI.ttf', 'HGHT2_CNKI.ttf', 'HGHUATI_CNKI.ttf', 'HGHX_CNKI.ttf', 'HGHZ_CNKI.ttf', 'HGH_CNKI.TTF', 'HGKT1_CNKI.TTF', 'HGKT2_CNKI.TTF', 'HGKT_CNKI.TTF', 'HGKY_CNKI.ttf', 'HGLB_CNKI.TTF', 'HGLS_CNKI.TTF', 'HGMH_CNKI.TTF', 'HGNBS_CNKI.ttf', 'HGOCR_CNKI.ttf', 'HGPH_CNKI.TTF', 'HGPTY_CNKI.TTF', 'HGSS1_CNKI.TTF', 'HGSS2_CNKI.TTF', 'HGSS_CNKI.TTF', 'HGSXT_CNKI.ttf', 'HGTT_CNKI.ttf', 'HGTX_CNKI.TTF', 'HGWT_CNKI.TTF', 'HGWYS_CNKI.TTF', 'HGX1X_CNKI.ttf', 'HGX1_CNKI.ttf', 'HGXBS_CNKI.TTF', 'HGXC_CNKI.TTF', 'HGXF1_CNKI.ttf', 'HGXFX_CNKI.ttf', 'HGXFZ_CNKI.ttf', 'HGXH1_CNKI.TTF', 'HGXH_CNKI.TTF', 'HGXK_CNKI.TTF', 'HGXL_CNKI.TTF', 'HGXS_CNKI.TTF', 'HGXT_CNKI.ttf', 'HGXY_CNKI.ttf', 'HGY1_CNKI.TTF', 'HGY2_CNKI.TTF', 'HGY3_CNKI.TTF', 'HGY4_CNKI.TTF', 'HGYB_CNKI.ttf', 'HGYT1_CNKI.ttf', 'HGYT2_CNKI.ttf', 'HGYT_CNKI.TTF', 'HGYX_CNKI.TTF', 'HGZCS_CNKI.TTF', 'HGZDX_CNKI.TTF', 'HGZK_CNKI.TTF', 'HGZYT_CNKI.TTF', 'HGZY_CNKI.TTF', 'himalaya.ttf', 'holomdl2.ttf', 'HTOWERT.TTF', 'HTOWERTI.TTF', 'hvgafix.fon', 'hvgasys.fon', 'impact.ttf', 'IMPRISHA.TTF', 'INFROMAN.TTF', 'Inkfree.ttf', 'iqiyi_logov7.ttf', 'ITCBLKAD.TTF', 'ITCEDSCR.TTF', 'ITCKRIST.TTF', 'j8514fix.fon', 'j8514oem.fon', 'j8514sys.fon', 'javatext.ttf', 'JOKERMAN.TTF', 'jsmalle.fon', 'jsmallf.fon', 'JUICE___.TTF', 'jvgafix.fon', 'jvgasys.fon', 'KUNSTLER.TTF', 'LATINWD.TTF', 'LBRITE.TTF', 'LBRITED.TTF', 'LBRITEDI.TTF', 'LBRITEI.TTF', 'LCALLIG.TTF', 'LeelaUIb.ttf', 'LeelawUI.ttf', 'LeelUIsl.ttf', 'LFAX.TTF', 'LFAXD.TTF', 'LFAXDI.TTF', 'LFAXI.TTF', 'LHANDW.TTF', 'LSANS.TTF', 'LSANSD.TTF', 'LSANSDI.TTF', 'LSANSI.TTF', 'LTYPE.TTF', 'LTYPEB.TTF', 'LTYPEBO.TTF', 'LTYPEO.TTF', 'lucon.ttf', 'l_10646.ttf', 'MAGNETOB.TTF', 'MAIAN.TTF', 'malgun.ttf', 'malgunbd.ttf', 'malgunsl.ttf', 'marlett.ttf', 'MATURASC.TTF', 'micross.ttf', 'mingliub.ttc', 'MISTRAL.TTF', 'mmrtext.ttf', 'mmrtextb.ttf', 'MOD20.TTF', 'modern.fon', 'monbaiti.ttf', 'msgothic.ttc', 'msjh.ttc', 'msjhbd.ttc', 'msjhl.ttc', 'msyh.ttc', 'msyhbd.ttc', 'msyhl.ttc', 'msyi.ttf', 'MTCORSVA.TTF', 'MTEXTRA.TTF', 'mvboli.ttf', 'NIAGENG.TTF', 'NIAGSOL.TTF', 'Nirmala.ttf', 'NirmalaB.ttf', 'NirmalaS.ttf', 'ntailu.ttf', 'ntailub.ttf', 'NumberOnly.ttf', 'OCRAEXT.TTF', 'OLDENGL.TTF', 'ONYX.TTF', 'OUTLOOK.TTF', 'pala.ttf', 'palab.ttf', 'palabi.ttf', 'palai.ttf', 'PALSCRI.TTF', 'PAPYRUS.TTF', 'PARCHM.TTF', 'PERBI___.TTF', 'PERB____.TTF', 'PERI____.TTF', 'PERTIBD.TTF', 'PERTILI.TTF', 'PER_____.TTF', 'phagspa.ttf', 'phagspab.ttf', 'PLAYBILL.TTF', 'POORICH.TTF', 'PRISTINA.TTF', 'RAGE.TTF', 'RAVIE.TTF', 'REFSAN.TTF', 'REFSPCL.TTF', 'ROCCB___.TTF', 'ROCC____.TTF', 'ROCK.TTF', 'ROCKB.TTF', 'ROCKBI.TTF', 'ROCKEB.TTF', 'ROCKI.TTF', 'roman.fon', 's8514fix.fon', 's8514oem.fon', 's8514sys.fon', 'SCHLBKB.TTF', 'SCHLBKBI.TTF', 'SCHLBKI.TTF', 'script.fon', 'SCRIPTBL.TTF', 'segmdl2.ttf', 'SegoeIcons.ttf', 'segoepr.ttf', 'segoeprb.ttf', 'segoesc.ttf', 'segoescb.ttf', 'segoeui.ttf', 'segoeuib.ttf', 'segoeuii.ttf', 'segoeuil.ttf', 'segoeuisl.ttf', 'segoeuiz.ttf', 'seguibl.ttf', 'seguibli.ttf', 'seguiemj.ttf', 'seguihis.ttf', 'seguili.ttf', 'seguisb.ttf', 'seguisbi.ttf', 'seguisli.ttf', 'seguisym.ttf', 'SegUIVar.ttf', 'sere1255.fon', 'sere1256.fon', 'sere1257.fon', 'serf1255.fon', 'serf1256.fon', 'serf1257.fon', 'serife.fon', 'serifee.fon', 'serifeg.fon', 'serifer.fon', 'serifet.fon', 'seriff.fon', 'seriffe.fon', 'seriffg.fon', 'seriffr.fon', 'serifft.fon', 'SHOWG.TTF', 'simfang.ttf', 'simhei.ttf', 'simkai.ttf', 'SIMLI.TTF', 'simsun.ttc', 'simsunb.ttf', 'SIMYOU.TTF', 'SitkaVF-Italic.ttf', 'SitkaVF.ttf', 'smae1255.fon', 'smae1256.fon', 'smae1257.fon', 'smaf1255.fon', 'smaf1256.fon', 'smaf1257.fon', 'smalle.fon', 'smallee.fon', 'smalleg.fon', 'smaller.fon', 'smallet.fon', 'smallf.fon', 'smallfe.fon', 'smallfg.fon', 'smallfr.fon', 'smallft.fon', 'SNAP____.TTF', 'ssee1255.fon', 'ssee1256.fon', 'ssee1257.fon', 'ssee874.fon', 'ssef1255.fon', 'ssef1256.fon', 'ssef1257.fon', 'ssef874.fon', 'sserife.fon', 'sserifee.fon', 'sserifeg.fon', 'sserifer.fon', 'sserifet.fon', 'sseriff.fon', 'sseriffe.fon', 'sseriffg.fon', 'sseriffr.fon', 'sserifft.fon', 'StaticCache.dat', 'STCAIYUN.TTF', 'STENCIL.TTF', 'STFANGSO.TTF', 'STHUPO.TTF', 'STKAITI.TTF', 'STLITI.TTF', 'STSONG.TTF', 'STXIHEI.TTF', 'STXINGKA.TTF', 'STXINWEI.TTF', 'STZHONGS.TTF', 'svgafix.fon', 'svgasys.fon', 'sylfaen.ttf', 'symbol.ttf', 'tahoma.ttf', 'tahomabd.ttf', 'taile.ttf', 'taileb.ttf', 'TCBI____.TTF', 'TCB_____.TTF', 'TCCB____.TTF', 'TCCEB.TTF', 'TCCM____.TTF', 'TCMI____.TTF', 'TCM_____.TTF', 'TEMPSITC.TTF', 'times.ttf', 'timesbd.ttf', 'timesbi.ttf', 'timesi.ttf', 'trebuc.ttf', 'trebucbd.ttf', 'trebucbi.ttf', 'trebucit.ttf', 'verdana.ttf', 'verdanab.ttf', 'verdanai.ttf', 'verdanaz.ttf', 'vga737.fon', 'vga775.fon', 'vga850.fon', 'vga852.fon', 'vga855.fon', 'vga857.fon', 'vga860.fon', 'vga861.fon', 'vga863.fon', 'vga865.fon', 'vga866.fon', 'vga869.fon', 'vga932.fon', 'vga936.fon', 'vga949.fon', 'vga950.fon', 'vgaf1255.fon', 'vgaf1256.fon', 'vgaf1257.fon', 'vgaf874.fon', 'vgafix.fon', 'vgafixe.fon', 'vgafixg.fon', 'vgafixr.fon', 'vgafixt.fon', 'vgaoem.fon', 'vgas1255.fon', 'vgas1256.fon', 'vgas1257.fon', 'vgas874.fon', 'vgasys.fon', 'vgasyse.fon', 'vgasysg.fon', 'vgasysr.fon', 'vgasyst.fon', 'VINERITC.TTF', 'VIVALDII.TTF', 'VLADIMIR.TTF', 'webdings.ttf', 'wingding.ttf', 'WINGDNG2.TTF', 'WINGDNG3.TTF', 'YuGothB.ttc', 'YuGothL.ttc', 'YuGothM.ttc', 'YuGothR.ttc', '\u534e\u5eb7\u65b9\u5706\u4f53W7.TTC', '\u65b9\u6b63\u7c97\u9ed1\u5b8b\u7b80\u4f53.ttf']
2023-09-27 15:56:53,044 - INFO - all fonts installed:['8514fix.fon', '8514fixe.fon', '8514fixg.fon', '8514fixr.fon', '8514fixt.fon', '8514oem.fon', '8514oeme.fon', '8514oemg.fon', '8514oemr.fon', '8514oemt.fon', '8514sys.fon', '8514syse.fon', '8514sysg.fon', '8514sysr.fon', '8514syst.fon', '85775.fon', '85855.fon', '85f1255.fon', '85f1256.fon', '85f1257.fon', '85f874.fon', '85s1255.fon', '85s1256.fon', '85s1257.fon', '85s874.fon', 'AGENCYB.TTF', 'AGENCYR.TTF', 'ALGER.TTF', 'ANTQUAB.TTF', 'ANTQUABI.TTF', 'ANTQUAI.TTF', 'app775.fon', 'app850.fon', 'app852.fon', 'app855.fon', 'app857.fon', 'app866.fon', 'app932.fon', 'app936.fon', 'app949.fon', 'app950.fon', 'arial.ttf', 'arialbd.ttf', 'arialbi.ttf', 'ariali.ttf', 'ARIALN.TTF', 'ARIALNB.TTF', 'ARIALNBI.TTF', 'ARIALNI.TTF', 'ariblk.ttf', 'ARLRDBD.TTF', 'AxureHandwriting-Bold.otf', 'AxureHandwriting-BoldItalic.otf', 'AxureHandwriting-Italic.otf', 'AxureHandwriting.otf', 'bahnschrift.ttf', 'BASKVILL.TTF', 'BAUHS93.TTF', 'BELL.TTF', 'BELLB.TTF', 'BELLI.TTF', 'BERNHC.TTF', 'BKANT.TTF', 'BOD_B.TTF', 'BOD_BI.TTF', 'BOD_BLAI.TTF', 'BOD_BLAR.TTF', 'BOD_CB.TTF', 'BOD_CBI.TTF', 'BOD_CI.TTF', 'BOD_CR.TTF', 'BOD_I.TTF', 'BOD_PSTC.TTF', 'BOD_R.TTF', 'BOOKOS.TTF', 'BOOKOSB.TTF', 'BOOKOSBI.TTF', 'BOOKOSI.TTF', 'BRADHITC.TTF', 'BRITANIC.TTF', 'BRLNSB.TTF', 'BRLNSDB.TTF', 'BRLNSR.TTF', 'BROADW.TTF', 'BRUSHSCI.TTF', 'BSSYM7.TTF', 'c8514fix.fon', 'c8514oem.fon', 'c8514sys.fon', 'calibri.ttf', 'calibrib.ttf', 'calibrii.ttf', 'calibril.ttf', 'calibrili.ttf', 'calibriz.ttf', 'CALIFB.TTF', 'CALIFI.TTF', 'CALIFR.TTF', 'CALIST.TTF', 'CALISTB.TTF', 'CALISTBI.TTF', 'CALISTI.TTF', 'cambria.ttc', 'cambriab.ttf', 'cambriai.ttf', 'cambriaz.ttf', 'Candara.ttf', 'Candarab.ttf', 'Candarai.ttf', 'Candaral.ttf', 'Candarali.ttf', 'Candaraz.ttf', 'CascadiaCode.ttf', 'CascadiaMono.ttf', 'CASTELAR.TTF', 'CENSCBK.TTF', 'CENTAUR.TTF', 'CENTURY.TTF', 'cga40737.fon', 'cga40850.fon', 'cga40852.fon', 'cga40857.fon', 'cga40866.fon', 'cga40869.fon', 'cga40woa.fon', 'cga80737.fon', 'cga80850.fon', 'cga80852.fon', 'cga80857.fon', 'cga80866.fon', 'cga80869.fon', 'cga80woa.fon', 'CHILLER.TTF', 'COLONNA.TTF', 'comic.ttf', 'comicbd.ttf', 'comici.ttf', 'comicz.ttf', 'consola.ttf', 'consolab.ttf', 'consolai.ttf', 'consolaz.ttf', 'constan.ttf', 'constanb.ttf', 'constani.ttf', 'constanz.ttf', 'COOPBL.TTF', 'COPRGTB.TTF', 'COPRGTL.TTF', 'corbel.ttf', 'corbelb.ttf', 'corbeli.ttf', 'corbell.ttf', 'corbelli.ttf', 'corbelz.ttf', 'coue1255.fon', 'coue1256.fon', 'coue1257.fon', 'couf1255.fon', 'couf1256.fon', 'couf1257.fon', 'cour.ttf', 'courbd.ttf', 'courbi.ttf', 'coure.fon', 'couree.fon', 'coureg.fon', 'courer.fon', 'couret.fon', 'courf.fon', 'courfe.fon', 'courfg.fon', 'courfr.fon', 'courft.fon', 'couri.ttf', 'CURLZ___.TTF', 'cvgafix.fon', 'cvgasys.fon', 'Deng.ttf', 'Dengb.ttf', 'Dengl.ttf', 'desktop.ini', 'dos737.fon', 'dos869.fon', 'dosapp.fon', 'DUBAI-BOLD.TTF', 'DUBAI-LIGHT.TTF', 'DUBAI-MEDIUM.TTF', 'DUBAI-REGULAR.TTF', 'ebrima.ttf', 'ebrimabd.ttf', 'ega40737.fon', 'ega40850.fon', 'ega40852.fon', 'ega40857.fon', 'ega40866.fon', 'ega40869.fon', 'ega40woa.fon', 'ega80737.fon', 'ega80850.fon', 'ega80852.fon', 'ega80857.fon', 'ega80866.fon', 'ega80869.fon', 'ega80woa.fon', 'ELEPHNT.TTF', 'ELEPHNTI.TTF', 'ENGR.TTF', 'ERASBD.TTF', 'ERASDEMI.TTF', 'ERASLGHT.TTF', 'ERASMD.TTF', 'FELIXTI.TTF', 'fms_metadata.xml', 'FORTE.TTF', 'FRABK.TTF', 'FRABKIT.TTF', 'FRADM.TTF', 'FRADMCN.TTF', 'FRADMIT.TTF', 'FRAHV.TTF', 'FRAHVIT.TTF', 'framd.ttf', 'FRAMDCN.TTF', 'framdit.ttf', 'FREESCPT.TTF', 'FRSCRIPT.TTF', 'FTLTLT.TTF', 'FZSTK.TTF', 'FZYTK.TTF', 'Gabriola.ttf', 'gadugi.ttf', 'gadugib.ttf', 'GARA.TTF', 'GARABD.TTF', 'GARAIT.TTF', 'georgia.ttf', 'georgiab.ttf', 'georgiai.ttf', 'georgiaz.ttf', 'GIGI.TTF', 'GILBI___.TTF', 'GILB____.TTF', 'GILC____.TTF', 'GILI____.TTF', 'GILLUBCD.TTF', 'GILSANUB.TTF', 'GIL_____.TTF', 'GLECB.TTF', 'GlobalMonospace.CompositeFont', 'GlobalSansSerif.CompositeFont', 'GlobalSerif.CompositeFont', 'GlobalUserInterface.CompositeFont', 'GLSNECB.TTF', 'GOTHIC.TTF', 'GOTHICB.TTF', 'GOTHICBI.TTF', 'GOTHICI.TTF', 'GOUDOS.TTF', 'GOUDOSB.TTF', 'GOUDOSI.TTF', 'GOUDYSTO.TTF', 'h8514fix.fon', 'h8514oem.fon', 'h8514sys.fon', 'HARLOWSI.TTF', 'HARNGTON.TTF', 'HATTEN.TTF', 'HGB1X_CNKI.ttf', 'HGB1_CNKI.ttf', 'HGB2X_CNKI.ttf', 'HGB2_CNKI.ttf', 'HGB3X_CNKI.ttf', 'HGB3_CNKI.ttf', 'HGB4X_CNKI.ttf', 'HGB4_CNKI.ttf', 'HGB5X_CNKI.ttf', 'HGB5_CNKI.ttf', 'HGB6X_CNKI.ttf', 'HGB6_CNKI.ttf', 'HGB7X_CNKI.ttf', 'HGB7_CNKI.ttf', 'HGB8X_CNKI.ttf', 'HGB8_CNKI.ttf', 'HGBD_CNKI.ttf', 'HGBKBX_CNKI.ttf', 'HGBKB_CNKI.ttf', 'HGBKHX_CNKI.ttf', 'HGBKH_CNKI.ttf', 'HGBS1_CNKI.TTF', 'HGBS2_CNKI.TTF', 'HGBS_CNKI.TTF', 'HGBTH_CNKI.TTF', 'HGBTS_CNKI.TTF', 'HGBX_CNKI.ttf', 'HGBZ_CNKI.ttf', 'HGCH_CNKI.TTF', 'HGCUH_CNKI.TTF', 'HGCY_CNKI.TTF', 'HGDBS_CNKI.TTF', 'HGDGY_CNKI.TTF', 'HGDH2_CNKI.TTF', 'HGDH_CNKI.TTF', 'HGDYS_CNKI.TTF', 'HGDY_CNKI.ttf', 'HGF1X_CNKI.ttf', 'HGF1_CNKI.ttf', 'HGF2X_CNKI.ttf', 'HGF2_CNKI.ttf', 'HGF3_CNKI.ttf', 'HGF4X_CNKI.ttf', 'HGF4_CNKI.ttf', 'HGF5X_CNKI.ttf', 'HGF5_CNKI.ttf', 'HGF6X_CNKI.ttf', 'HGF6_CNKI.ttf', 'HGF7X_CNKI.ttf', 'HGF7_CNKI.ttf', 'HGF8_CNKI.ttf', 'HGF9X_CNKI.ttf', 'HGF9_CNKI.ttf', 'HGFS1_CNKI.TTF', 'HGFS2_CNKI.TTF', 'HGFSH_CNKI.TTF', 'HGFS_CNKI.TTF', 'HGFX_CNKI.ttf', 'HGFZ_CNKI.ttf', 'HGGG_CNKI.TTF', 'HGH1X_CNKI.ttf', 'HGH1_CNKI.ttf', 'HGH2X_CNKI.ttf', 'HGH2_CNKI.ttf', 'HGH3X_CNKI.ttf', 'HGH3_CNKI.ttf', 'HGH4X_CNKI.ttf', 'HGH4_CNKI.ttf', 'HGH5X_CNKI.ttf', 'HGH5_CNKI.ttf', 'HGH6X_CNKI.ttf', 'HGH6_CNKI.ttf', 'HGH7X_CNKI.ttf', 'HGH7_CNKI.ttf', 'HGHB_CNKI.TTF', 'HGHD_CNKI.ttf', 'HGHP_CNKI.TTF', 'HGHT1_CNKI.ttf', 'HGHT2_CNKI.ttf', 'HGHUATI_CNKI.ttf', 'HGHX_CNKI.ttf', 'HGHZ_CNKI.ttf', 'HGH_CNKI.TTF', 'HGKT1_CNKI.TTF', 'HGKT2_CNKI.TTF', 'HGKT_CNKI.TTF', 'HGKY_CNKI.ttf', 'HGLB_CNKI.TTF', 'HGLS_CNKI.TTF', 'HGMH_CNKI.TTF', 'HGNBS_CNKI.ttf', 'HGOCR_CNKI.ttf', 'HGPH_CNKI.TTF', 'HGPTY_CNKI.TTF', 'HGSS1_CNKI.TTF', 'HGSS2_CNKI.TTF', 'HGSS_CNKI.TTF', 'HGSXT_CNKI.ttf', 'HGTT_CNKI.ttf', 'HGTX_CNKI.TTF', 'HGWT_CNKI.TTF', 'HGWYS_CNKI.TTF', 'HGX1X_CNKI.ttf', 'HGX1_CNKI.ttf', 'HGXBS_CNKI.TTF', 'HGXC_CNKI.TTF', 'HGXF1_CNKI.ttf', 'HGXFX_CNKI.ttf', 'HGXFZ_CNKI.ttf', 'HGXH1_CNKI.TTF', 'HGXH_CNKI.TTF', 'HGXK_CNKI.TTF', 'HGXL_CNKI.TTF', 'HGXS_CNKI.TTF', 'HGXT_CNKI.ttf', 'HGXY_CNKI.ttf', 'HGY1_CNKI.TTF', 'HGY2_CNKI.TTF', 'HGY3_CNKI.TTF', 'HGY4_CNKI.TTF', 'HGYB_CNKI.ttf', 'HGYT1_CNKI.ttf', 'HGYT2_CNKI.ttf', 'HGYT_CNKI.TTF', 'HGYX_CNKI.TTF', 'HGZCS_CNKI.TTF', 'HGZDX_CNKI.TTF', 'HGZK_CNKI.TTF', 'HGZYT_CNKI.TTF', 'HGZY_CNKI.TTF', 'himalaya.ttf', 'holomdl2.ttf', 'HTOWERT.TTF', 'HTOWERTI.TTF', 'hvgafix.fon', 'hvgasys.fon', 'impact.ttf', 'IMPRISHA.TTF', 'INFROMAN.TTF', 'Inkfree.ttf', 'iqiyi_logov7.ttf', 'ITCBLKAD.TTF', 'ITCEDSCR.TTF', 'ITCKRIST.TTF', 'j8514fix.fon', 'j8514oem.fon', 'j8514sys.fon', 'javatext.ttf', 'JOKERMAN.TTF', 'jsmalle.fon', 'jsmallf.fon', 'JUICE___.TTF', 'jvgafix.fon', 'jvgasys.fon', 'KUNSTLER.TTF', 'LATINWD.TTF', 'LBRITE.TTF', 'LBRITED.TTF', 'LBRITEDI.TTF', 'LBRITEI.TTF', 'LCALLIG.TTF', 'LeelaUIb.ttf', 'LeelawUI.ttf', 'LeelUIsl.ttf', 'LFAX.TTF', 'LFAXD.TTF', 'LFAXDI.TTF', 'LFAXI.TTF', 'LHANDW.TTF', 'LSANS.TTF', 'LSANSD.TTF', 'LSANSDI.TTF', 'LSANSI.TTF', 'LTYPE.TTF', 'LTYPEB.TTF', 'LTYPEBO.TTF', 'LTYPEO.TTF', 'lucon.ttf', 'l_10646.ttf', 'MAGNETOB.TTF', 'MAIAN.TTF', 'malgun.ttf', 'malgunbd.ttf', 'malgunsl.ttf', 'marlett.ttf', 'MATURASC.TTF', 'micross.ttf', 'mingliub.ttc', 'MISTRAL.TTF', 'mmrtext.ttf', 'mmrtextb.ttf', 'MOD20.TTF', 'modern.fon', 'monbaiti.ttf', 'msgothic.ttc', 'msjh.ttc', 'msjhbd.ttc', 'msjhl.ttc', 'msyh.ttc', 'msyhbd.ttc', 'msyhl.ttc', 'msyi.ttf', 'MTCORSVA.TTF', 'MTEXTRA.TTF', 'mvboli.ttf', 'NIAGENG.TTF', 'NIAGSOL.TTF', 'Nirmala.ttf', 'NirmalaB.ttf', 'NirmalaS.ttf', 'ntailu.ttf', 'ntailub.ttf', 'NumberOnly.ttf', 'OCRAEXT.TTF', 'OLDENGL.TTF', 'ONYX.TTF', 'OUTLOOK.TTF', 'pala.ttf', 'palab.ttf', 'palabi.ttf', 'palai.ttf', 'PALSCRI.TTF', 'PAPYRUS.TTF', 'PARCHM.TTF', 'PERBI___.TTF', 'PERB____.TTF', 'PERI____.TTF', 'PERTIBD.TTF', 'PERTILI.TTF', 'PER_____.TTF', 'phagspa.ttf', 'phagspab.ttf', 'PLAYBILL.TTF', 'POORICH.TTF', 'PRISTINA.TTF', 'RAGE.TTF', 'RAVIE.TTF', 'REFSAN.TTF', 'REFSPCL.TTF', 'ROCCB___.TTF', 'ROCC____.TTF', 'ROCK.TTF', 'ROCKB.TTF', 'ROCKBI.TTF', 'ROCKEB.TTF', 'ROCKI.TTF', 'roman.fon', 's8514fix.fon', 's8514oem.fon', 's8514sys.fon', 'SCHLBKB.TTF', 'SCHLBKBI.TTF', 'SCHLBKI.TTF', 'script.fon', 'SCRIPTBL.TTF', 'segmdl2.ttf', 'SegoeIcons.ttf', 'segoepr.ttf', 'segoeprb.ttf', 'segoesc.ttf', 'segoescb.ttf', 'segoeui.ttf', 'segoeuib.ttf', 'segoeuii.ttf', 'segoeuil.ttf', 'segoeuisl.ttf', 'segoeuiz.ttf', 'seguibl.ttf', 'seguibli.ttf', 'seguiemj.ttf', 'seguihis.ttf', 'seguili.ttf', 'seguisb.ttf', 'seguisbi.ttf', 'seguisli.ttf', 'seguisym.ttf', 'SegUIVar.ttf', 'sere1255.fon', 'sere1256.fon', 'sere1257.fon', 'serf1255.fon', 'serf1256.fon', 'serf1257.fon', 'serife.fon', 'serifee.fon', 'serifeg.fon', 'serifer.fon', 'serifet.fon', 'seriff.fon', 'seriffe.fon', 'seriffg.fon', 'seriffr.fon', 'serifft.fon', 'SHOWG.TTF', 'simfang.ttf', 'simhei.ttf', 'simkai.ttf', 'SIMLI.TTF', 'simsun.ttc', 'simsunb.ttf', 'SIMYOU.TTF', 'SitkaVF-Italic.ttf', 'SitkaVF.ttf', 'smae1255.fon', 'smae1256.fon', 'smae1257.fon', 'smaf1255.fon', 'smaf1256.fon', 'smaf1257.fon', 'smalle.fon', 'smallee.fon', 'smalleg.fon', 'smaller.fon', 'smallet.fon', 'smallf.fon', 'smallfe.fon', 'smallfg.fon', 'smallfr.fon', 'smallft.fon', 'SNAP____.TTF', 'ssee1255.fon', 'ssee1256.fon', 'ssee1257.fon', 'ssee874.fon', 'ssef1255.fon', 'ssef1256.fon', 'ssef1257.fon', 'ssef874.fon', 'sserife.fon', 'sserifee.fon', 'sserifeg.fon', 'sserifer.fon', 'sserifet.fon', 'sseriff.fon', 'sseriffe.fon', 'sseriffg.fon', 'sseriffr.fon', 'sserifft.fon', 'StaticCache.dat', 'STCAIYUN.TTF', 'STENCIL.TTF', 'STFANGSO.TTF', 'STHUPO.TTF', 'STKAITI.TTF', 'STLITI.TTF', 'STSONG.TTF', 'STXIHEI.TTF', 'STXINGKA.TTF', 'STXINWEI.TTF', 'STZHONGS.TTF', 'svgafix.fon', 'svgasys.fon', 'sylfaen.ttf', 'symbol.ttf', 'tahoma.ttf', 'tahomabd.ttf', 'taile.ttf', 'taileb.ttf', 'TCBI____.TTF', 'TCB_____.TTF', 'TCCB____.TTF', 'TCCEB.TTF', 'TCCM____.TTF', 'TCMI____.TTF', 'TCM_____.TTF', 'TEMPSITC.TTF', 'times.ttf', 'timesbd.ttf', 'timesbi.ttf', 'timesi.ttf', 'trebuc.ttf', 'trebucbd.ttf', 'trebucbi.ttf', 'trebucit.ttf', 'verdana.ttf', 'verdanab.ttf', 'verdanai.ttf', 'verdanaz.ttf', 'vga737.fon', 'vga775.fon', 'vga850.fon', 'vga852.fon', 'vga855.fon', 'vga857.fon', 'vga860.fon', 'vga861.fon', 'vga863.fon', 'vga865.fon', 'vga866.fon', 'vga869.fon', 'vga932.fon', 'vga936.fon', 'vga949.fon', 'vga950.fon', 'vgaf1255.fon', 'vgaf1256.fon', 'vgaf1257.fon', 'vgaf874.fon', 'vgafix.fon', 'vgafixe.fon', 'vgafixg.fon', 'vgafixr.fon', 'vgafixt.fon', 'vgaoem.fon', 'vgas1255.fon', 'vgas1256.fon', 'vgas1257.fon', 'vgas874.fon', 'vgasys.fon', 'vgasyse.fon', 'vgasysg.fon', 'vgasysr.fon', 'vgasyst.fon', 'VINERITC.TTF', 'VIVALDII.TTF', 'VLADIMIR.TTF', 'webdings.ttf', 'wingding.ttf', 'WINGDNG2.TTF', 'WINGDNG3.TTF', 'YuGothB.ttc', 'YuGothL.ttc', 'YuGothM.ttc', 'YuGothR.ttc', '\u534e\u5eb7\u65b9\u5706\u4f53W7.TTC', '\u65b9\u6b63\u7c97\u9ed1\u5b8b\u7b80\u4f53.ttf']
2023-09-27 15:56:53,274 - INFO - all fonts installed:['8514fix.fon', '8514fixe.fon', '8514fixg.fon', '8514fixr.fon', '8514fixt.fon', '8514oem.fon', '8514oeme.fon', '8514oemg.fon', '8514oemr.fon', '8514oemt.fon', '8514sys.fon', '8514syse.fon', '8514sysg.fon', '8514sysr.fon', '8514syst.fon', '85775.fon', '85855.fon', '85f1255.fon', '85f1256.fon', '85f1257.fon', '85f874.fon', '85s1255.fon', '85s1256.fon', '85s1257.fon', '85s874.fon', 'AGENCYB.TTF', 'AGENCYR.TTF', 'ALGER.TTF', 'ANTQUAB.TTF', 'ANTQUABI.TTF', 'ANTQUAI.TTF', 'app775.fon', 'app850.fon', 'app852.fon', 'app855.fon', 'app857.fon', 'app866.fon', 'app932.fon', 'app936.fon', 'app949.fon', 'app950.fon', 'arial.ttf', 'arialbd.ttf', 'arialbi.ttf', 'ariali.ttf', 'ARIALN.TTF', 'ARIALNB.TTF', 'ARIALNBI.TTF', 'ARIALNI.TTF', 'ariblk.ttf', 'ARLRDBD.TTF', 'AxureHandwriting-Bold.otf', 'AxureHandwriting-BoldItalic.otf', 'AxureHandwriting-Italic.otf', 'AxureHandwriting.otf', 'bahnschrift.ttf', 'BASKVILL.TTF', 'BAUHS93.TTF', 'BELL.TTF', 'BELLB.TTF', 'BELLI.TTF', 'BERNHC.TTF', 'BKANT.TTF', 'BOD_B.TTF', 'BOD_BI.TTF', 'BOD_BLAI.TTF', 'BOD_BLAR.TTF', 'BOD_CB.TTF', 'BOD_CBI.TTF', 'BOD_CI.TTF', 'BOD_CR.TTF', 'BOD_I.TTF', 'BOD_PSTC.TTF', 'BOD_R.TTF', 'BOOKOS.TTF', 'BOOKOSB.TTF', 'BOOKOSBI.TTF', 'BOOKOSI.TTF', 'BRADHITC.TTF', 'BRITANIC.TTF', 'BRLNSB.TTF', 'BRLNSDB.TTF', 'BRLNSR.TTF', 'BROADW.TTF', 'BRUSHSCI.TTF', 'BSSYM7.TTF', 'c8514fix.fon', 'c8514oem.fon', 'c8514sys.fon', 'calibri.ttf', 'calibrib.ttf', 'calibrii.ttf', 'calibril.ttf', 'calibrili.ttf', 'calibriz.ttf', 'CALIFB.TTF', 'CALIFI.TTF', 'CALIFR.TTF', 'CALIST.TTF', 'CALISTB.TTF', 'CALISTBI.TTF', 'CALISTI.TTF', 'cambria.ttc', 'cambriab.ttf', 'cambriai.ttf', 'cambriaz.ttf', 'Candara.ttf', 'Candarab.ttf', 'Candarai.ttf', 'Candaral.ttf', 'Candarali.ttf', 'Candaraz.ttf', 'CascadiaCode.ttf', 'CascadiaMono.ttf', 'CASTELAR.TTF', 'CENSCBK.TTF', 'CENTAUR.TTF', 'CENTURY.TTF', 'cga40737.fon', 'cga40850.fon', 'cga40852.fon', 'cga40857.fon', 'cga40866.fon', 'cga40869.fon', 'cga40woa.fon', 'cga80737.fon', 'cga80850.fon', 'cga80852.fon', 'cga80857.fon', 'cga80866.fon', 'cga80869.fon', 'cga80woa.fon', 'CHILLER.TTF', 'COLONNA.TTF', 'comic.ttf', 'comicbd.ttf', 'comici.ttf', 'comicz.ttf', 'consola.ttf', 'consolab.ttf', 'consolai.ttf', 'consolaz.ttf', 'constan.ttf', 'constanb.ttf', 'constani.ttf', 'constanz.ttf', 'COOPBL.TTF', 'COPRGTB.TTF', 'COPRGTL.TTF', 'corbel.ttf', 'corbelb.ttf', 'corbeli.ttf', 'corbell.ttf', 'corbelli.ttf', 'corbelz.ttf', 'coue1255.fon', 'coue1256.fon', 'coue1257.fon', 'couf1255.fon', 'couf1256.fon', 'couf1257.fon', 'cour.ttf', 'courbd.ttf', 'courbi.ttf', 'coure.fon', 'couree.fon', 'coureg.fon', 'courer.fon', 'couret.fon', 'courf.fon', 'courfe.fon', 'courfg.fon', 'courfr.fon', 'courft.fon', 'couri.ttf', 'CURLZ___.TTF', 'cvgafix.fon', 'cvgasys.fon', 'Deng.ttf', 'Dengb.ttf', 'Dengl.ttf', 'desktop.ini', 'dos737.fon', 'dos869.fon', 'dosapp.fon', 'DUBAI-BOLD.TTF', 'DUBAI-LIGHT.TTF', 'DUBAI-MEDIUM.TTF', 'DUBAI-REGULAR.TTF', 'ebrima.ttf', 'ebrimabd.ttf', 'ega40737.fon', 'ega40850.fon', 'ega40852.fon', 'ega40857.fon', 'ega40866.fon', 'ega40869.fon', 'ega40woa.fon', 'ega80737.fon', 'ega80850.fon', 'ega80852.fon', 'ega80857.fon', 'ega80866.fon', 'ega80869.fon', 'ega80woa.fon', 'ELEPHNT.TTF', 'ELEPHNTI.TTF', 'ENGR.TTF', 'ERASBD.TTF', 'ERASDEMI.TTF', 'ERASLGHT.TTF', 'ERASMD.TTF', 'FELIXTI.TTF', 'fms_metadata.xml', 'FORTE.TTF', 'FRABK.TTF', 'FRABKIT.TTF', 'FRADM.TTF', 'FRADMCN.TTF', 'FRADMIT.TTF', 'FRAHV.TTF', 'FRAHVIT.TTF', 'framd.ttf', 'FRAMDCN.TTF', 'framdit.ttf', 'FREESCPT.TTF', 'FRSCRIPT.TTF', 'FTLTLT.TTF', 'FZSTK.TTF', 'FZYTK.TTF', 'Gabriola.ttf', 'gadugi.ttf', 'gadugib.ttf', 'GARA.TTF', 'GARABD.TTF', 'GARAIT.TTF', 'georgia.ttf', 'georgiab.ttf', 'georgiai.ttf', 'georgiaz.ttf', 'GIGI.TTF', 'GILBI___.TTF', 'GILB____.TTF', 'GILC____.TTF', 'GILI____.TTF', 'GILLUBCD.TTF', 'GILSANUB.TTF', 'GIL_____.TTF', 'GLECB.TTF', 'GlobalMonospace.CompositeFont', 'GlobalSansSerif.CompositeFont', 'GlobalSerif.CompositeFont', 'GlobalUserInterface.CompositeFont', 'GLSNECB.TTF', 'GOTHIC.TTF', 'GOTHICB.TTF', 'GOTHICBI.TTF', 'GOTHICI.TTF', 'GOUDOS.TTF', 'GOUDOSB.TTF', 'GOUDOSI.TTF', 'GOUDYSTO.TTF', 'h8514fix.fon', 'h8514oem.fon', 'h8514sys.fon', 'HARLOWSI.TTF', 'HARNGTON.TTF', 'HATTEN.TTF', 'HGB1X_CNKI.ttf', 'HGB1_CNKI.ttf', 'HGB2X_CNKI.ttf', 'HGB2_CNKI.ttf', 'HGB3X_CNKI.ttf', 'HGB3_CNKI.ttf', 'HGB4X_CNKI.ttf', 'HGB4_CNKI.ttf', 'HGB5X_CNKI.ttf', 'HGB5_CNKI.ttf', 'HGB6X_CNKI.ttf', 'HGB6_CNKI.ttf', 'HGB7X_CNKI.ttf', 'HGB7_CNKI.ttf', 'HGB8X_CNKI.ttf', 'HGB8_CNKI.ttf', 'HGBD_CNKI.ttf', 'HGBKBX_CNKI.ttf', 'HGBKB_CNKI.ttf', 'HGBKHX_CNKI.ttf', 'HGBKH_CNKI.ttf', 'HGBS1_CNKI.TTF', 'HGBS2_CNKI.TTF', 'HGBS_CNKI.TTF', 'HGBTH_CNKI.TTF', 'HGBTS_CNKI.TTF', 'HGBX_CNKI.ttf', 'HGBZ_CNKI.ttf', 'HGCH_CNKI.TTF', 'HGCUH_CNKI.TTF', 'HGCY_CNKI.TTF', 'HGDBS_CNKI.TTF', 'HGDGY_CNKI.TTF', 'HGDH2_CNKI.TTF', 'HGDH_CNKI.TTF', 'HGDYS_CNKI.TTF', 'HGDY_CNKI.ttf', 'HGF1X_CNKI.ttf', 'HGF1_CNKI.ttf', 'HGF2X_CNKI.ttf', 'HGF2_CNKI.ttf', 'HGF3_CNKI.ttf', 'HGF4X_CNKI.ttf', 'HGF4_CNKI.ttf', 'HGF5X_CNKI.ttf', 'HGF5_CNKI.ttf', 'HGF6X_CNKI.ttf', 'HGF6_CNKI.ttf', 'HGF7X_CNKI.ttf', 'HGF7_CNKI.ttf', 'HGF8_CNKI.ttf', 'HGF9X_CNKI.ttf', 'HGF9_CNKI.ttf', 'HGFS1_CNKI.TTF', 'HGFS2_CNKI.TTF', 'HGFSH_CNKI.TTF', 'HGFS_CNKI.TTF', 'HGFX_CNKI.ttf', 'HGFZ_CNKI.ttf', 'HGGG_CNKI.TTF', 'HGH1X_CNKI.ttf', 'HGH1_CNKI.ttf', 'HGH2X_CNKI.ttf', 'HGH2_CNKI.ttf', 'HGH3X_CNKI.ttf', 'HGH3_CNKI.ttf', 'HGH4X_CNKI.ttf', 'HGH4_CNKI.ttf', 'HGH5X_CNKI.ttf', 'HGH5_CNKI.ttf', 'HGH6X_CNKI.ttf', 'HGH6_CNKI.ttf', 'HGH7X_CNKI.ttf', 'HGH7_CNKI.ttf', 'HGHB_CNKI.TTF', 'HGHD_CNKI.ttf', 'HGHP_CNKI.TTF', 'HGHT1_CNKI.ttf', 'HGHT2_CNKI.ttf', 'HGHUATI_CNKI.ttf', 'HGHX_CNKI.ttf', 'HGHZ_CNKI.ttf', 'HGH_CNKI.TTF', 'HGKT1_CNKI.TTF', 'HGKT2_CNKI.TTF', 'HGKT_CNKI.TTF', 'HGKY_CNKI.ttf', 'HGLB_CNKI.TTF', 'HGLS_CNKI.TTF', 'HGMH_CNKI.TTF', 'HGNBS_CNKI.ttf', 'HGOCR_CNKI.ttf', 'HGPH_CNKI.TTF', 'HGPTY_CNKI.TTF', 'HGSS1_CNKI.TTF', 'HGSS2_CNKI.TTF', 'HGSS_CNKI.TTF', 'HGSXT_CNKI.ttf', 'HGTT_CNKI.ttf', 'HGTX_CNKI.TTF', 'HGWT_CNKI.TTF', 'HGWYS_CNKI.TTF', 'HGX1X_CNKI.ttf', 'HGX1_CNKI.ttf', 'HGXBS_CNKI.TTF', 'HGXC_CNKI.TTF', 'HGXF1_CNKI.ttf', 'HGXFX_CNKI.ttf', 'HGXFZ_CNKI.ttf', 'HGXH1_CNKI.TTF', 'HGXH_CNKI.TTF', 'HGXK_CNKI.TTF', 'HGXL_CNKI.TTF', 'HGXS_CNKI.TTF', 'HGXT_CNKI.ttf', 'HGXY_CNKI.ttf', 'HGY1_CNKI.TTF', 'HGY2_CNKI.TTF', 'HGY3_CNKI.TTF', 'HGY4_CNKI.TTF', 'HGYB_CNKI.ttf', 'HGYT1_CNKI.ttf', 'HGYT2_CNKI.ttf', 'HGYT_CNKI.TTF', 'HGYX_CNKI.TTF', 'HGZCS_CNKI.TTF', 'HGZDX_CNKI.TTF', 'HGZK_CNKI.TTF', 'HGZYT_CNKI.TTF', 'HGZY_CNKI.TTF', 'himalaya.ttf', 'holomdl2.ttf', 'HTOWERT.TTF', 'HTOWERTI.TTF', 'hvgafix.fon', 'hvgasys.fon', 'impact.ttf', 'IMPRISHA.TTF', 'INFROMAN.TTF', 'Inkfree.ttf', 'iqiyi_logov7.ttf', 'ITCBLKAD.TTF', 'ITCEDSCR.TTF', 'ITCKRIST.TTF', 'j8514fix.fon', 'j8514oem.fon', 'j8514sys.fon', 'javatext.ttf', 'JOKERMAN.TTF', 'jsmalle.fon', 'jsmallf.fon', 'JUICE___.TTF', 'jvgafix.fon', 'jvgasys.fon', 'KUNSTLER.TTF', 'LATINWD.TTF', 'LBRITE.TTF', 'LBRITED.TTF', 'LBRITEDI.TTF', 'LBRITEI.TTF', 'LCALLIG.TTF', 'LeelaUIb.ttf', 'LeelawUI.ttf', 'LeelUIsl.ttf', 'LFAX.TTF', 'LFAXD.TTF', 'LFAXDI.TTF', 'LFAXI.TTF', 'LHANDW.TTF', 'LSANS.TTF', 'LSANSD.TTF', 'LSANSDI.TTF', 'LSANSI.TTF', 'LTYPE.TTF', 'LTYPEB.TTF', 'LTYPEBO.TTF', 'LTYPEO.TTF', 'lucon.ttf', 'l_10646.ttf', 'MAGNETOB.TTF', 'MAIAN.TTF', 'malgun.ttf', 'malgunbd.ttf', 'malgunsl.ttf', 'marlett.ttf', 'MATURASC.TTF', 'micross.ttf', 'mingliub.ttc', 'MISTRAL.TTF', 'mmrtext.ttf', 'mmrtextb.ttf', 'MOD20.TTF', 'modern.fon', 'monbaiti.ttf', 'msgothic.ttc', 'msjh.ttc', 'msjhbd.ttc', 'msjhl.ttc', 'msyh.ttc', 'msyhbd.ttc', 'msyhl.ttc', 'msyi.ttf', 'MTCORSVA.TTF', 'MTEXTRA.TTF', 'mvboli.ttf', 'NIAGENG.TTF', 'NIAGSOL.TTF', 'Nirmala.ttf', 'NirmalaB.ttf', 'NirmalaS.ttf', 'ntailu.ttf', 'ntailub.ttf', 'NumberOnly.ttf', 'OCRAEXT.TTF', 'OLDENGL.TTF', 'ONYX.TTF', 'OUTLOOK.TTF', 'pala.ttf', 'palab.ttf', 'palabi.ttf', 'palai.ttf', 'PALSCRI.TTF', 'PAPYRUS.TTF', 'PARCHM.TTF', 'PERBI___.TTF', 'PERB____.TTF', 'PERI____.TTF', 'PERTIBD.TTF', 'PERTILI.TTF', 'PER_____.TTF', 'phagspa.ttf', 'phagspab.ttf', 'PLAYBILL.TTF', 'POORICH.TTF', 'PRISTINA.TTF', 'RAGE.TTF', 'RAVIE.TTF', 'REFSAN.TTF', 'REFSPCL.TTF', 'ROCCB___.TTF', 'ROCC____.TTF', 'ROCK.TTF', 'ROCKB.TTF', 'ROCKBI.TTF', 'ROCKEB.TTF', 'ROCKI.TTF', 'roman.fon', 's8514fix.fon', 's8514oem.fon', 's8514sys.fon', 'SCHLBKB.TTF', 'SCHLBKBI.TTF', 'SCHLBKI.TTF', 'script.fon', 'SCRIPTBL.TTF', 'segmdl2.ttf', 'SegoeIcons.ttf', 'segoepr.ttf', 'segoeprb.ttf', 'segoesc.ttf', 'segoescb.ttf', 'segoeui.ttf', 'segoeuib.ttf', 'segoeuii.ttf', 'segoeuil.ttf', 'segoeuisl.ttf', 'segoeuiz.ttf', 'seguibl.ttf', 'seguibli.ttf', 'seguiemj.ttf', 'seguihis.ttf', 'seguili.ttf', 'seguisb.ttf', 'seguisbi.ttf', 'seguisli.ttf', 'seguisym.ttf', 'SegUIVar.ttf', 'sere1255.fon', 'sere1256.fon', 'sere1257.fon', 'serf1255.fon', 'serf1256.fon', 'serf1257.fon', 'serife.fon', 'serifee.fon', 'serifeg.fon', 'serifer.fon', 'serifet.fon', 'seriff.fon', 'seriffe.fon', 'seriffg.fon', 'seriffr.fon', 'serifft.fon', 'SHOWG.TTF', 'simfang.ttf', 'simhei.ttf', 'simkai.ttf', 'SIMLI.TTF', 'simsun.ttc', 'simsunb.ttf', 'SIMYOU.TTF', 'SitkaVF-Italic.ttf', 'SitkaVF.ttf', 'smae1255.fon', 'smae1256.fon', 'smae1257.fon', 'smaf1255.fon', 'smaf1256.fon', 'smaf1257.fon', 'smalle.fon', 'smallee.fon', 'smalleg.fon', 'smaller.fon', 'smallet.fon', 'smallf.fon', 'smallfe.fon', 'smallfg.fon', 'smallfr.fon', 'smallft.fon', 'SNAP____.TTF', 'ssee1255.fon', 'ssee1256.fon', 'ssee1257.fon', 'ssee874.fon', 'ssef1255.fon', 'ssef1256.fon', 'ssef1257.fon', 'ssef874.fon', 'sserife.fon', 'sserifee.fon', 'sserifeg.fon', 'sserifer.fon', 'sserifet.fon', 'sseriff.fon', 'sseriffe.fon', 'sseriffg.fon', 'sseriffr.fon', 'sserifft.fon', 'StaticCache.dat', 'STCAIYUN.TTF', 'STENCIL.TTF', 'STFANGSO.TTF', 'STHUPO.TTF', 'STKAITI.TTF', 'STLITI.TTF', 'STSONG.TTF', 'STXIHEI.TTF', 'STXINGKA.TTF', 'STXINWEI.TTF', 'STZHONGS.TTF', 'svgafix.fon', 'svgasys.fon', 'sylfaen.ttf', 'symbol.ttf', 'tahoma.ttf', 'tahomabd.ttf', 'taile.ttf', 'taileb.ttf', 'TCBI____.TTF', 'TCB_____.TTF', 'TCCB____.TTF', 'TCCEB.TTF', 'TCCM____.TTF', 'TCMI____.TTF', 'TCM_____.TTF', 'TEMPSITC.TTF', 'times.ttf', 'timesbd.ttf', 'timesbi.ttf', 'timesi.ttf', 'trebuc.ttf', 'trebucbd.ttf', 'trebucbi.ttf', 'trebucit.ttf', 'verdana.ttf', 'verdanab.ttf', 'verdanai.ttf', 'verdanaz.ttf', 'vga737.fon', 'vga775.fon', 'vga850.fon', 'vga852.fon', 'vga855.fon', 'vga857.fon', 'vga860.fon', 'vga861.fon', 'vga863.fon', 'vga865.fon', 'vga866.fon', 'vga869.fon', 'vga932.fon', 'vga936.fon', 'vga949.fon', 'vga950.fon', 'vgaf1255.fon', 'vgaf1256.fon', 'vgaf1257.fon', 'vgaf874.fon', 'vgafix.fon', 'vgafixe.fon', 'vgafixg.fon', 'vgafixr.fon', 'vgafixt.fon', 'vgaoem.fon', 'vgas1255.fon', 'vgas1256.fon', 'vgas1257.fon', 'vgas874.fon', 'vgasys.fon', 'vgasyse.fon', 'vgasysg.fon', 'vgasysr.fon', 'vgasyst.fon', 'VINERITC.TTF', 'VIVALDII.TTF', 'VLADIMIR.TTF', 'webdings.ttf', 'wingding.ttf', 'WINGDNG2.TTF', 'WINGDNG3.TTF', 'YuGothB.ttc', 'YuGothL.ttc', 'YuGothM.ttc', 'YuGothR.ttc', '\u534e\u5eb7\u65b9\u5706\u4f53W7.TTC', '\u65b9\u6b63\u7c97\u9ed1\u5b8b\u7b80\u4f53.ttf']
2023-09-27 15:56:53,279 - INFO - all fonts installed:['8514fix.fon', '8514fixe.fon', '8514fixg.fon', '8514fixr.fon', '8514fixt.fon', '8514oem.fon', '8514oeme.fon', '8514oemg.fon', '8514oemr.fon', '8514oemt.fon', '8514sys.fon', '8514syse.fon', '8514sysg.fon', '8514sysr.fon', '8514syst.fon', '85775.fon', '85855.fon', '85f1255.fon', '85f1256.fon', '85f1257.fon', '85f874.fon', '85s1255.fon', '85s1256.fon', '85s1257.fon', '85s874.fon', 'AGENCYB.TTF', 'AGENCYR.TTF', 'ALGER.TTF', 'ANTQUAB.TTF', 'ANTQUABI.TTF', 'ANTQUAI.TTF', 'app775.fon', 'app850.fon', 'app852.fon', 'app855.fon', 'app857.fon', 'app866.fon', 'app932.fon', 'app936.fon', 'app949.fon', 'app950.fon', 'arial.ttf', 'arialbd.ttf', 'arialbi.ttf', 'ariali.ttf', 'ARIALN.TTF', 'ARIALNB.TTF', 'ARIALNBI.TTF', 'ARIALNI.TTF', 'ariblk.ttf', 'ARLRDBD.TTF', 'AxureHandwriting-Bold.otf', 'AxureHandwriting-BoldItalic.otf', 'AxureHandwriting-Italic.otf', 'AxureHandwriting.otf', 'bahnschrift.ttf', 'BASKVILL.TTF', 'BAUHS93.TTF', 'BELL.TTF', 'BELLB.TTF', 'BELLI.TTF', 'BERNHC.TTF', 'BKANT.TTF', 'BOD_B.TTF', 'BOD_BI.TTF', 'BOD_BLAI.TTF', 'BOD_BLAR.TTF', 'BOD_CB.TTF', 'BOD_CBI.TTF', 'BOD_CI.TTF', 'BOD_CR.TTF', 'BOD_I.TTF', 'BOD_PSTC.TTF', 'BOD_R.TTF', 'BOOKOS.TTF', 'BOOKOSB.TTF', 'BOOKOSBI.TTF', 'BOOKOSI.TTF', 'BRADHITC.TTF', 'BRITANIC.TTF', 'BRLNSB.TTF', 'BRLNSDB.TTF', 'BRLNSR.TTF', 'BROADW.TTF', 'BRUSHSCI.TTF', 'BSSYM7.TTF', 'c8514fix.fon', 'c8514oem.fon', 'c8514sys.fon', 'calibri.ttf', 'calibrib.ttf', 'calibrii.ttf', 'calibril.ttf', 'calibrili.ttf', 'calibriz.ttf', 'CALIFB.TTF', 'CALIFI.TTF', 'CALIFR.TTF', 'CALIST.TTF', 'CALISTB.TTF', 'CALISTBI.TTF', 'CALISTI.TTF', 'cambria.ttc', 'cambriab.ttf', 'cambriai.ttf', 'cambriaz.ttf', 'Candara.ttf', 'Candarab.ttf', 'Candarai.ttf', 'Candaral.ttf', 'Candarali.ttf', 'Candaraz.ttf', 'CascadiaCode.ttf', 'CascadiaMono.ttf', 'CASTELAR.TTF', 'CENSCBK.TTF', 'CENTAUR.TTF', 'CENTURY.TTF', 'cga40737.fon', 'cga40850.fon', 'cga40852.fon', 'cga40857.fon', 'cga40866.fon', 'cga40869.fon', 'cga40woa.fon', 'cga80737.fon', 'cga80850.fon', 'cga80852.fon', 'cga80857.fon', 'cga80866.fon', 'cga80869.fon', 'cga80woa.fon', 'CHILLER.TTF', 'COLONNA.TTF', 'comic.ttf', 'comicbd.ttf', 'comici.ttf', 'comicz.ttf', 'consola.ttf', 'consolab.ttf', 'consolai.ttf', 'consolaz.ttf', 'constan.ttf', 'constanb.ttf', 'constani.ttf', 'constanz.ttf', 'COOPBL.TTF', 'COPRGTB.TTF', 'COPRGTL.TTF', 'corbel.ttf', 'corbelb.ttf', 'corbeli.ttf', 'corbell.ttf', 'corbelli.ttf', 'corbelz.ttf', 'coue1255.fon', 'coue1256.fon', 'coue1257.fon', 'couf1255.fon', 'couf1256.fon', 'couf1257.fon', 'cour.ttf', 'courbd.ttf', 'courbi.ttf', 'coure.fon', 'couree.fon', 'coureg.fon', 'courer.fon', 'couret.fon', 'courf.fon', 'courfe.fon', 'courfg.fon', 'courfr.fon', 'courft.fon', 'couri.ttf', 'CURLZ___.TTF', 'cvgafix.fon', 'cvgasys.fon', 'Deng.ttf', 'Dengb.ttf', 'Dengl.ttf', 'desktop.ini', 'dos737.fon', 'dos869.fon', 'dosapp.fon', 'DUBAI-BOLD.TTF', 'DUBAI-LIGHT.TTF', 'DUBAI-MEDIUM.TTF', 'DUBAI-REGULAR.TTF', 'ebrima.ttf', 'ebrimabd.ttf', 'ega40737.fon', 'ega40850.fon', 'ega40852.fon', 'ega40857.fon', 'ega40866.fon', 'ega40869.fon', 'ega40woa.fon', 'ega80737.fon', 'ega80850.fon', 'ega80852.fon', 'ega80857.fon', 'ega80866.fon', 'ega80869.fon', 'ega80woa.fon', 'ELEPHNT.TTF', 'ELEPHNTI.TTF', 'ENGR.TTF', 'ERASBD.TTF', 'ERASDEMI.TTF', 'ERASLGHT.TTF', 'ERASMD.TTF', 'FELIXTI.TTF', 'fms_metadata.xml', 'FORTE.TTF', 'FRABK.TTF', 'FRABKIT.TTF', 'FRADM.TTF', 'FRADMCN.TTF', 'FRADMIT.TTF', 'FRAHV.TTF', 'FRAHVIT.TTF', 'framd.ttf', 'FRAMDCN.TTF', 'framdit.ttf', 'FREESCPT.TTF', 'FRSCRIPT.TTF', 'FTLTLT.TTF', 'FZSTK.TTF', 'FZYTK.TTF', 'Gabriola.ttf', 'gadugi.ttf', 'gadugib.ttf', 'GARA.TTF', 'GARABD.TTF', 'GARAIT.TTF', 'georgia.ttf', 'georgiab.ttf', 'georgiai.ttf', 'georgiaz.ttf', 'GIGI.TTF', 'GILBI___.TTF', 'GILB____.TTF', 'GILC____.TTF', 'GILI____.TTF', 'GILLUBCD.TTF', 'GILSANUB.TTF', 'GIL_____.TTF', 'GLECB.TTF', 'GlobalMonospace.CompositeFont', 'GlobalSansSerif.CompositeFont', 'GlobalSerif.CompositeFont', 'GlobalUserInterface.CompositeFont', 'GLSNECB.TTF', 'GOTHIC.TTF', 'GOTHICB.TTF', 'GOTHICBI.TTF', 'GOTHICI.TTF', 'GOUDOS.TTF', 'GOUDOSB.TTF', 'GOUDOSI.TTF', 'GOUDYSTO.TTF', 'h8514fix.fon', 'h8514oem.fon', 'h8514sys.fon', 'HARLOWSI.TTF', 'HARNGTON.TTF', 'HATTEN.TTF', 'HGB1X_CNKI.ttf', 'HGB1_CNKI.ttf', 'HGB2X_CNKI.ttf', 'HGB2_CNKI.ttf', 'HGB3X_CNKI.ttf', 'HGB3_CNKI.ttf', 'HGB4X_CNKI.ttf', 'HGB4_CNKI.ttf', 'HGB5X_CNKI.ttf', 'HGB5_CNKI.ttf', 'HGB6X_CNKI.ttf', 'HGB6_CNKI.ttf', 'HGB7X_CNKI.ttf', 'HGB7_CNKI.ttf', 'HGB8X_CNKI.ttf', 'HGB8_CNKI.ttf', 'HGBD_CNKI.ttf', 'HGBKBX_CNKI.ttf', 'HGBKB_CNKI.ttf', 'HGBKHX_CNKI.ttf', 'HGBKH_CNKI.ttf', 'HGBS1_CNKI.TTF', 'HGBS2_CNKI.TTF', 'HGBS_CNKI.TTF', 'HGBTH_CNKI.TTF', 'HGBTS_CNKI.TTF', 'HGBX_CNKI.ttf', 'HGBZ_CNKI.ttf', 'HGCH_CNKI.TTF', 'HGCUH_CNKI.TTF', 'HGCY_CNKI.TTF', 'HGDBS_CNKI.TTF', 'HGDGY_CNKI.TTF', 'HGDH2_CNKI.TTF', 'HGDH_CNKI.TTF', 'HGDYS_CNKI.TTF', 'HGDY_CNKI.ttf', 'HGF1X_CNKI.ttf', 'HGF1_CNKI.ttf', 'HGF2X_CNKI.ttf', 'HGF2_CNKI.ttf', 'HGF3_CNKI.ttf', 'HGF4X_CNKI.ttf', 'HGF4_CNKI.ttf', 'HGF5X_CNKI.ttf', 'HGF5_CNKI.ttf', 'HGF6X_CNKI.ttf', 'HGF6_CNKI.ttf', 'HGF7X_CNKI.ttf', 'HGF7_CNKI.ttf', 'HGF8_CNKI.ttf', 'HGF9X_CNKI.ttf', 'HGF9_CNKI.ttf', 'HGFS1_CNKI.TTF', 'HGFS2_CNKI.TTF', 'HGFSH_CNKI.TTF', 'HGFS_CNKI.TTF', 'HGFX_CNKI.ttf', 'HGFZ_CNKI.ttf', 'HGGG_CNKI.TTF', 'HGH1X_CNKI.ttf', 'HGH1_CNKI.ttf', 'HGH2X_CNKI.ttf', 'HGH2_CNKI.ttf', 'HGH3X_CNKI.ttf', 'HGH3_CNKI.ttf', 'HGH4X_CNKI.ttf', 'HGH4_CNKI.ttf', 'HGH5X_CNKI.ttf', 'HGH5_CNKI.ttf', 'HGH6X_CNKI.ttf', 'HGH6_CNKI.ttf', 'HGH7X_CNKI.ttf', 'HGH7_CNKI.ttf', 'HGHB_CNKI.TTF', 'HGHD_CNKI.ttf', 'HGHP_CNKI.TTF', 'HGHT1_CNKI.ttf', 'HGHT2_CNKI.ttf', 'HGHUATI_CNKI.ttf', 'HGHX_CNKI.ttf', 'HGHZ_CNKI.ttf', 'HGH_CNKI.TTF', 'HGKT1_CNKI.TTF', 'HGKT2_CNKI.TTF', 'HGKT_CNKI.TTF', 'HGKY_CNKI.ttf', 'HGLB_CNKI.TTF', 'HGLS_CNKI.TTF', 'HGMH_CNKI.TTF', 'HGNBS_CNKI.ttf', 'HGOCR_CNKI.ttf', 'HGPH_CNKI.TTF', 'HGPTY_CNKI.TTF', 'HGSS1_CNKI.TTF', 'HGSS2_CNKI.TTF', 'HGSS_CNKI.TTF', 'HGSXT_CNKI.ttf', 'HGTT_CNKI.ttf', 'HGTX_CNKI.TTF', 'HGWT_CNKI.TTF', 'HGWYS_CNKI.TTF', 'HGX1X_CNKI.ttf', 'HGX1_CNKI.ttf', 'HGXBS_CNKI.TTF', 'HGXC_CNKI.TTF', 'HGXF1_CNKI.ttf', 'HGXFX_CNKI.ttf', 'HGXFZ_CNKI.ttf', 'HGXH1_CNKI.TTF', 'HGXH_CNKI.TTF', 'HGXK_CNKI.TTF', 'HGXL_CNKI.TTF', 'HGXS_CNKI.TTF', 'HGXT_CNKI.ttf', 'HGXY_CNKI.ttf', 'HGY1_CNKI.TTF', 'HGY2_CNKI.TTF', 'HGY3_CNKI.TTF', 'HGY4_CNKI.TTF', 'HGYB_CNKI.ttf', 'HGYT1_CNKI.ttf', 'HGYT2_CNKI.ttf', 'HGYT_CNKI.TTF', 'HGYX_CNKI.TTF', 'HGZCS_CNKI.TTF', 'HGZDX_CNKI.TTF', 'HGZK_CNKI.TTF', 'HGZYT_CNKI.TTF', 'HGZY_CNKI.TTF', 'himalaya.ttf', 'holomdl2.ttf', 'HTOWERT.TTF', 'HTOWERTI.TTF', 'hvgafix.fon', 'hvgasys.fon', 'impact.ttf', 'IMPRISHA.TTF', 'INFROMAN.TTF', 'Inkfree.ttf', 'iqiyi_logov7.ttf', 'ITCBLKAD.TTF', 'ITCEDSCR.TTF', 'ITCKRIST.TTF', 'j8514fix.fon', 'j8514oem.fon', 'j8514sys.fon', 'javatext.ttf', 'JOKERMAN.TTF', 'jsmalle.fon', 'jsmallf.fon', 'JUICE___.TTF', 'jvgafix.fon', 'jvgasys.fon', 'KUNSTLER.TTF', 'LATINWD.TTF', 'LBRITE.TTF', 'LBRITED.TTF', 'LBRITEDI.TTF', 'LBRITEI.TTF', 'LCALLIG.TTF', 'LeelaUIb.ttf', 'LeelawUI.ttf', 'LeelUIsl.ttf', 'LFAX.TTF', 'LFAXD.TTF', 'LFAXDI.TTF', 'LFAXI.TTF', 'LHANDW.TTF', 'LSANS.TTF', 'LSANSD.TTF', 'LSANSDI.TTF', 'LSANSI.TTF', 'LTYPE.TTF', 'LTYPEB.TTF', 'LTYPEBO.TTF', 'LTYPEO.TTF', 'lucon.ttf', 'l_10646.ttf', 'MAGNETOB.TTF', 'MAIAN.TTF', 'malgun.ttf', 'malgunbd.ttf', 'malgunsl.ttf', 'marlett.ttf', 'MATURASC.TTF', 'micross.ttf', 'mingliub.ttc', 'MISTRAL.TTF', 'mmrtext.ttf', 'mmrtextb.ttf', 'MOD20.TTF', 'modern.fon', 'monbaiti.ttf', 'msgothic.ttc', 'msjh.ttc', 'msjhbd.ttc', 'msjhl.ttc', 'msyh.ttc', 'msyhbd.ttc', 'msyhl.ttc', 'msyi.ttf', 'MTCORSVA.TTF', 'MTEXTRA.TTF', 'mvboli.ttf', 'NIAGENG.TTF', 'NIAGSOL.TTF', 'Nirmala.ttf', 'NirmalaB.ttf', 'NirmalaS.ttf', 'ntailu.ttf', 'ntailub.ttf', 'NumberOnly.ttf', 'OCRAEXT.TTF', 'OLDENGL.TTF', 'ONYX.TTF', 'OUTLOOK.TTF', 'pala.ttf', 'palab.ttf', 'palabi.ttf', 'palai.ttf', 'PALSCRI.TTF', 'PAPYRUS.TTF', 'PARCHM.TTF', 'PERBI___.TTF', 'PERB____.TTF', 'PERI____.TTF', 'PERTIBD.TTF', 'PERTILI.TTF', 'PER_____.TTF', 'phagspa.ttf', 'phagspab.ttf', 'PLAYBILL.TTF', 'POORICH.TTF', 'PRISTINA.TTF', 'RAGE.TTF', 'RAVIE.TTF', 'REFSAN.TTF', 'REFSPCL.TTF', 'ROCCB___.TTF', 'ROCC____.TTF', 'ROCK.TTF', 'ROCKB.TTF', 'ROCKBI.TTF', 'ROCKEB.TTF', 'ROCKI.TTF', 'roman.fon', 's8514fix.fon', 's8514oem.fon', 's8514sys.fon', 'SCHLBKB.TTF', 'SCHLBKBI.TTF', 'SCHLBKI.TTF', 'script.fon', 'SCRIPTBL.TTF', 'segmdl2.ttf', 'SegoeIcons.ttf', 'segoepr.ttf', 'segoeprb.ttf', 'segoesc.ttf', 'segoescb.ttf', 'segoeui.ttf', 'segoeuib.ttf', 'segoeuii.ttf', 'segoeuil.ttf', 'segoeuisl.ttf', 'segoeuiz.ttf', 'seguibl.ttf', 'seguibli.ttf', 'seguiemj.ttf', 'seguihis.ttf', 'seguili.ttf', 'seguisb.ttf', 'seguisbi.ttf', 'seguisli.ttf', 'seguisym.ttf', 'SegUIVar.ttf', 'sere1255.fon', 'sere1256.fon', 'sere1257.fon', 'serf1255.fon', 'serf1256.fon', 'serf1257.fon', 'serife.fon', 'serifee.fon', 'serifeg.fon', 'serifer.fon', 'serifet.fon', 'seriff.fon', 'seriffe.fon', 'seriffg.fon', 'seriffr.fon', 'serifft.fon', 'SHOWG.TTF', 'simfang.ttf', 'simhei.ttf', 'simkai.ttf', 'SIMLI.TTF', 'simsun.ttc', 'simsunb.ttf', 'SIMYOU.TTF', 'SitkaVF-Italic.ttf', 'SitkaVF.ttf', 'smae1255.fon', 'smae1256.fon', 'smae1257.fon', 'smaf1255.fon', 'smaf1256.fon', 'smaf1257.fon', 'smalle.fon', 'smallee.fon', 'smalleg.fon', 'smaller.fon', 'smallet.fon', 'smallf.fon', 'smallfe.fon', 'smallfg.fon', 'smallfr.fon', 'smallft.fon', 'SNAP____.TTF', 'ssee1255.fon', 'ssee1256.fon', 'ssee1257.fon', 'ssee874.fon', 'ssef1255.fon', 'ssef1256.fon', 'ssef1257.fon', 'ssef874.fon', 'sserife.fon', 'sserifee.fon', 'sserifeg.fon', 'sserifer.fon', 'sserifet.fon', 'sseriff.fon', 'sseriffe.fon', 'sseriffg.fon', 'sseriffr.fon', 'sserifft.fon', 'StaticCache.dat', 'STCAIYUN.TTF', 'STENCIL.TTF', 'STFANGSO.TTF', 'STHUPO.TTF', 'STKAITI.TTF', 'STLITI.TTF', 'STSONG.TTF', 'STXIHEI.TTF', 'STXINGKA.TTF', 'STXINWEI.TTF', 'STZHONGS.TTF', 'svgafix.fon', 'svgasys.fon', 'sylfaen.ttf', 'symbol.ttf', 'tahoma.ttf', 'tahomabd.ttf', 'taile.ttf', 'taileb.ttf', 'TCBI____.TTF', 'TCB_____.TTF', 'TCCB____.TTF', 'TCCEB.TTF', 'TCCM____.TTF', 'TCMI____.TTF', 'TCM_____.TTF', 'TEMPSITC.TTF', 'times.ttf', 'timesbd.ttf', 'timesbi.ttf', 'timesi.ttf', 'trebuc.ttf', 'trebucbd.ttf', 'trebucbi.ttf', 'trebucit.ttf', 'verdana.ttf', 'verdanab.ttf', 'verdanai.ttf', 'verdanaz.ttf', 'vga737.fon', 'vga775.fon', 'vga850.fon', 'vga852.fon', 'vga855.fon', 'vga857.fon', 'vga860.fon', 'vga861.fon', 'vga863.fon', 'vga865.fon', 'vga866.fon', 'vga869.fon', 'vga932.fon', 'vga936.fon', 'vga949.fon', 'vga950.fon', 'vgaf1255.fon', 'vgaf1256.fon', 'vgaf1257.fon', 'vgaf874.fon', 'vgafix.fon', 'vgafixe.fon', 'vgafixg.fon', 'vgafixr.fon', 'vgafixt.fon', 'vgaoem.fon', 'vgas1255.fon', 'vgas1256.fon', 'vgas1257.fon', 'vgas874.fon', 'vgasys.fon', 'vgasyse.fon', 'vgasysg.fon', 'vgasysr.fon', 'vgasyst.fon', 'VINERITC.TTF', 'VIVALDII.TTF', 'VLADIMIR.TTF', 'webdings.ttf', 'wingding.ttf', 'WINGDNG2.TTF', 'WINGDNG3.TTF', 'YuGothB.ttc', 'YuGothL.ttc', 'YuGothM.ttc', 'YuGothR.ttc', '\u534e\u5eb7\u65b9\u5706\u4f53W7.TTC', '\u65b9\u6b63\u7c97\u9ed1\u5b8b\u7b80\u4f53.ttf']
2023-09-27 15:56:53,281 - INFO - all fonts installed:['8514fix.fon', '8514fixe.fon', '8514fixg.fon', '8514fixr.fon', '8514fixt.fon', '8514oem.fon', '8514oeme.fon', '8514oemg.fon', '8514oemr.fon', '8514oemt.fon', '8514sys.fon', '8514syse.fon', '8514sysg.fon', '8514sysr.fon', '8514syst.fon', '85775.fon', '85855.fon', '85f1255.fon', '85f1256.fon', '85f1257.fon', '85f874.fon', '85s1255.fon', '85s1256.fon', '85s1257.fon', '85s874.fon', 'AGENCYB.TTF', 'AGENCYR.TTF', 'ALGER.TTF', 'ANTQUAB.TTF', 'ANTQUABI.TTF', 'ANTQUAI.TTF', 'app775.fon', 'app850.fon', 'app852.fon', 'app855.fon', 'app857.fon', 'app866.fon', 'app932.fon', 'app936.fon', 'app949.fon', 'app950.fon', 'arial.ttf', 'arialbd.ttf', 'arialbi.ttf', 'ariali.ttf', 'ARIALN.TTF', 'ARIALNB.TTF', 'ARIALNBI.TTF', 'ARIALNI.TTF', 'ariblk.ttf', 'ARLRDBD.TTF', 'AxureHandwriting-Bold.otf', 'AxureHandwriting-BoldItalic.otf', 'AxureHandwriting-Italic.otf', 'AxureHandwriting.otf', 'bahnschrift.ttf', 'BASKVILL.TTF', 'BAUHS93.TTF', 'BELL.TTF', 'BELLB.TTF', 'BELLI.TTF', 'BERNHC.TTF', 'BKANT.TTF', 'BOD_B.TTF', 'BOD_BI.TTF', 'BOD_BLAI.TTF', 'BOD_BLAR.TTF', 'BOD_CB.TTF', 'BOD_CBI.TTF', 'BOD_CI.TTF', 'BOD_CR.TTF', 'BOD_I.TTF', 'BOD_PSTC.TTF', 'BOD_R.TTF', 'BOOKOS.TTF', 'BOOKOSB.TTF', 'BOOKOSBI.TTF', 'BOOKOSI.TTF', 'BRADHITC.TTF', 'BRITANIC.TTF', 'BRLNSB.TTF', 'BRLNSDB.TTF', 'BRLNSR.TTF', 'BROADW.TTF', 'BRUSHSCI.TTF', 'BSSYM7.TTF', 'c8514fix.fon', 'c8514oem.fon', 'c8514sys.fon', 'calibri.ttf', 'calibrib.ttf', 'calibrii.ttf', 'calibril.ttf', 'calibrili.ttf', 'calibriz.ttf', 'CALIFB.TTF', 'CALIFI.TTF', 'CALIFR.TTF', 'CALIST.TTF', 'CALISTB.TTF', 'CALISTBI.TTF', 'CALISTI.TTF', 'cambria.ttc', 'cambriab.ttf', 'cambriai.ttf', 'cambriaz.ttf', 'Candara.ttf', 'Candarab.ttf', 'Candarai.ttf', 'Candaral.ttf', 'Candarali.ttf', 'Candaraz.ttf', 'CascadiaCode.ttf', 'CascadiaMono.ttf', 'CASTELAR.TTF', 'CENSCBK.TTF', 'CENTAUR.TTF', 'CENTURY.TTF', 'cga40737.fon', 'cga40850.fon', 'cga40852.fon', 'cga40857.fon', 'cga40866.fon', 'cga40869.fon', 'cga40woa.fon', 'cga80737.fon', 'cga80850.fon', 'cga80852.fon', 'cga80857.fon', 'cga80866.fon', 'cga80869.fon', 'cga80woa.fon', 'CHILLER.TTF', 'COLONNA.TTF', 'comic.ttf', 'comicbd.ttf', 'comici.ttf', 'comicz.ttf', 'consola.ttf', 'consolab.ttf', 'consolai.ttf', 'consolaz.ttf', 'constan.ttf', 'constanb.ttf', 'constani.ttf', 'constanz.ttf', 'COOPBL.TTF', 'COPRGTB.TTF', 'COPRGTL.TTF', 'corbel.ttf', 'corbelb.ttf', 'corbeli.ttf', 'corbell.ttf', 'corbelli.ttf', 'corbelz.ttf', 'coue1255.fon', 'coue1256.fon', 'coue1257.fon', 'couf1255.fon', 'couf1256.fon', 'couf1257.fon', 'cour.ttf', 'courbd.ttf', 'courbi.ttf', 'coure.fon', 'couree.fon', 'coureg.fon', 'courer.fon', 'couret.fon', 'courf.fon', 'courfe.fon', 'courfg.fon', 'courfr.fon', 'courft.fon', 'couri.ttf', 'CURLZ___.TTF', 'cvgafix.fon', 'cvgasys.fon', 'Deng.ttf', 'Dengb.ttf', 'Dengl.ttf', 'desktop.ini', 'dos737.fon', 'dos869.fon', 'dosapp.fon', 'DUBAI-BOLD.TTF', 'DUBAI-LIGHT.TTF', 'DUBAI-MEDIUM.TTF', 'DUBAI-REGULAR.TTF', 'ebrima.ttf', 'ebrimabd.ttf', 'ega40737.fon', 'ega40850.fon', 'ega40852.fon', 'ega40857.fon', 'ega40866.fon', 'ega40869.fon', 'ega40woa.fon', 'ega80737.fon', 'ega80850.fon', 'ega80852.fon', 'ega80857.fon', 'ega80866.fon', 'ega80869.fon', 'ega80woa.fon', 'ELEPHNT.TTF', 'ELEPHNTI.TTF', 'ENGR.TTF', 'ERASBD.TTF', 'ERASDEMI.TTF', 'ERASLGHT.TTF', 'ERASMD.TTF', 'FELIXTI.TTF', 'fms_metadata.xml', 'FORTE.TTF', 'FRABK.TTF', 'FRABKIT.TTF', 'FRADM.TTF', 'FRADMCN.TTF', 'FRADMIT.TTF', 'FRAHV.TTF', 'FRAHVIT.TTF', 'framd.ttf', 'FRAMDCN.TTF', 'framdit.ttf', 'FREESCPT.TTF', 'FRSCRIPT.TTF', 'FTLTLT.TTF', 'FZSTK.TTF', 'FZYTK.TTF', 'Gabriola.ttf', 'gadugi.ttf', 'gadugib.ttf', 'GARA.TTF', 'GARABD.TTF', 'GARAIT.TTF', 'georgia.ttf', 'georgiab.ttf', 'georgiai.ttf', 'georgiaz.ttf', 'GIGI.TTF', 'GILBI___.TTF', 'GILB____.TTF', 'GILC____.TTF', 'GILI____.TTF', 'GILLUBCD.TTF', 'GILSANUB.TTF', 'GIL_____.TTF', 'GLECB.TTF', 'GlobalMonospace.CompositeFont', 'GlobalSansSerif.CompositeFont', 'GlobalSerif.CompositeFont', 'GlobalUserInterface.CompositeFont', 'GLSNECB.TTF', 'GOTHIC.TTF', 'GOTHICB.TTF', 'GOTHICBI.TTF', 'GOTHICI.TTF', 'GOUDOS.TTF', 'GOUDOSB.TTF', 'GOUDOSI.TTF', 'GOUDYSTO.TTF', 'h8514fix.fon', 'h8514oem.fon', 'h8514sys.fon', 'HARLOWSI.TTF', 'HARNGTON.TTF', 'HATTEN.TTF', 'HGB1X_CNKI.ttf', 'HGB1_CNKI.ttf', 'HGB2X_CNKI.ttf', 'HGB2_CNKI.ttf', 'HGB3X_CNKI.ttf', 'HGB3_CNKI.ttf', 'HGB4X_CNKI.ttf', 'HGB4_CNKI.ttf', 'HGB5X_CNKI.ttf', 'HGB5_CNKI.ttf', 'HGB6X_CNKI.ttf', 'HGB6_CNKI.ttf', 'HGB7X_CNKI.ttf', 'HGB7_CNKI.ttf', 'HGB8X_CNKI.ttf', 'HGB8_CNKI.ttf', 'HGBD_CNKI.ttf', 'HGBKBX_CNKI.ttf', 'HGBKB_CNKI.ttf', 'HGBKHX_CNKI.ttf', 'HGBKH_CNKI.ttf', 'HGBS1_CNKI.TTF', 'HGBS2_CNKI.TTF', 'HGBS_CNKI.TTF', 'HGBTH_CNKI.TTF', 'HGBTS_CNKI.TTF', 'HGBX_CNKI.ttf', 'HGBZ_CNKI.ttf', 'HGCH_CNKI.TTF', 'HGCUH_CNKI.TTF', 'HGCY_CNKI.TTF', 'HGDBS_CNKI.TTF', 'HGDGY_CNKI.TTF', 'HGDH2_CNKI.TTF', 'HGDH_CNKI.TTF', 'HGDYS_CNKI.TTF', 'HGDY_CNKI.ttf', 'HGF1X_CNKI.ttf', 'HGF1_CNKI.ttf', 'HGF2X_CNKI.ttf', 'HGF2_CNKI.ttf', 'HGF3_CNKI.ttf', 'HGF4X_CNKI.ttf', 'HGF4_CNKI.ttf', 'HGF5X_CNKI.ttf', 'HGF5_CNKI.ttf', 'HGF6X_CNKI.ttf', 'HGF6_CNKI.ttf', 'HGF7X_CNKI.ttf', 'HGF7_CNKI.ttf', 'HGF8_CNKI.ttf', 'HGF9X_CNKI.ttf', 'HGF9_CNKI.ttf', 'HGFS1_CNKI.TTF', 'HGFS2_CNKI.TTF', 'HGFSH_CNKI.TTF', 'HGFS_CNKI.TTF', 'HGFX_CNKI.ttf', 'HGFZ_CNKI.ttf', 'HGGG_CNKI.TTF', 'HGH1X_CNKI.ttf', 'HGH1_CNKI.ttf', 'HGH2X_CNKI.ttf', 'HGH2_CNKI.ttf', 'HGH3X_CNKI.ttf', 'HGH3_CNKI.ttf', 'HGH4X_CNKI.ttf', 'HGH4_CNKI.ttf', 'HGH5X_CNKI.ttf', 'HGH5_CNKI.ttf', 'HGH6X_CNKI.ttf', 'HGH6_CNKI.ttf', 'HGH7X_CNKI.ttf', 'HGH7_CNKI.ttf', 'HGHB_CNKI.TTF', 'HGHD_CNKI.ttf', 'HGHP_CNKI.TTF', 'HGHT1_CNKI.ttf', 'HGHT2_CNKI.ttf', 'HGHUATI_CNKI.ttf', 'HGHX_CNKI.ttf', 'HGHZ_CNKI.ttf', 'HGH_CNKI.TTF', 'HGKT1_CNKI.TTF', 'HGKT2_CNKI.TTF', 'HGKT_CNKI.TTF', 'HGKY_CNKI.ttf', 'HGLB_CNKI.TTF', 'HGLS_CNKI.TTF', 'HGMH_CNKI.TTF', 'HGNBS_CNKI.ttf', 'HGOCR_CNKI.ttf', 'HGPH_CNKI.TTF', 'HGPTY_CNKI.TTF', 'HGSS1_CNKI.TTF', 'HGSS2_CNKI.TTF', 'HGSS_CNKI.TTF', 'HGSXT_CNKI.ttf', 'HGTT_CNKI.ttf', 'HGTX_CNKI.TTF', 'HGWT_CNKI.TTF', 'HGWYS_CNKI.TTF', 'HGX1X_CNKI.ttf', 'HGX1_CNKI.ttf', 'HGXBS_CNKI.TTF', 'HGXC_CNKI.TTF', 'HGXF1_CNKI.ttf', 'HGXFX_CNKI.ttf', 'HGXFZ_CNKI.ttf', 'HGXH1_CNKI.TTF', 'HGXH_CNKI.TTF', 'HGXK_CNKI.TTF', 'HGXL_CNKI.TTF', 'HGXS_CNKI.TTF', 'HGXT_CNKI.ttf', 'HGXY_CNKI.ttf', 'HGY1_CNKI.TTF', 'HGY2_CNKI.TTF', 'HGY3_CNKI.TTF', 'HGY4_CNKI.TTF', 'HGYB_CNKI.ttf', 'HGYT1_CNKI.ttf', 'HGYT2_CNKI.ttf', 'HGYT_CNKI.TTF', 'HGYX_CNKI.TTF', 'HGZCS_CNKI.TTF', 'HGZDX_CNKI.TTF', 'HGZK_CNKI.TTF', 'HGZYT_CNKI.TTF', 'HGZY_CNKI.TTF', 'himalaya.ttf', 'holomdl2.ttf', 'HTOWERT.TTF', 'HTOWERTI.TTF', 'hvgafix.fon', 'hvgasys.fon', 'impact.ttf', 'IMPRISHA.TTF', 'INFROMAN.TTF', 'Inkfree.ttf', 'iqiyi_logov7.ttf', 'ITCBLKAD.TTF', 'ITCEDSCR.TTF', 'ITCKRIST.TTF', 'j8514fix.fon', 'j8514oem.fon', 'j8514sys.fon', 'javatext.ttf', 'JOKERMAN.TTF', 'jsmalle.fon', 'jsmallf.fon', 'JUICE___.TTF', 'jvgafix.fon', 'jvgasys.fon', 'KUNSTLER.TTF', 'LATINWD.TTF', 'LBRITE.TTF', 'LBRITED.TTF', 'LBRITEDI.TTF', 'LBRITEI.TTF', 'LCALLIG.TTF', 'LeelaUIb.ttf', 'LeelawUI.ttf', 'LeelUIsl.ttf', 'LFAX.TTF', 'LFAXD.TTF', 'LFAXDI.TTF', 'LFAXI.TTF', 'LHANDW.TTF', 'LSANS.TTF', 'LSANSD.TTF', 'LSANSDI.TTF', 'LSANSI.TTF', 'LTYPE.TTF', 'LTYPEB.TTF', 'LTYPEBO.TTF', 'LTYPEO.TTF', 'lucon.ttf', 'l_10646.ttf', 'MAGNETOB.TTF', 'MAIAN.TTF', 'malgun.ttf', 'malgunbd.ttf', 'malgunsl.ttf', 'marlett.ttf', 'MATURASC.TTF', 'micross.ttf', 'mingliub.ttc', 'MISTRAL.TTF', 'mmrtext.ttf', 'mmrtextb.ttf', 'MOD20.TTF', 'modern.fon', 'monbaiti.ttf', 'msgothic.ttc', 'msjh.ttc', 'msjhbd.ttc', 'msjhl.ttc', 'msyh.ttc', 'msyhbd.ttc', 'msyhl.ttc', 'msyi.ttf', 'MTCORSVA.TTF', 'MTEXTRA.TTF', 'mvboli.ttf', 'NIAGENG.TTF', 'NIAGSOL.TTF', 'Nirmala.ttf', 'NirmalaB.ttf', 'NirmalaS.ttf', 'ntailu.ttf', 'ntailub.ttf', 'NumberOnly.ttf', 'OCRAEXT.TTF', 'OLDENGL.TTF', 'ONYX.TTF', 'OUTLOOK.TTF', 'pala.ttf', 'palab.ttf', 'palabi.ttf', 'palai.ttf', 'PALSCRI.TTF', 'PAPYRUS.TTF', 'PARCHM.TTF', 'PERBI___.TTF', 'PERB____.TTF', 'PERI____.TTF', 'PERTIBD.TTF', 'PERTILI.TTF', 'PER_____.TTF', 'phagspa.ttf', 'phagspab.ttf', 'PLAYBILL.TTF', 'POORICH.TTF', 'PRISTINA.TTF', 'RAGE.TTF', 'RAVIE.TTF', 'REFSAN.TTF', 'REFSPCL.TTF', 'ROCCB___.TTF', 'ROCC____.TTF', 'ROCK.TTF', 'ROCKB.TTF', 'ROCKBI.TTF', 'ROCKEB.TTF', 'ROCKI.TTF', 'roman.fon', 's8514fix.fon', 's8514oem.fon', 's8514sys.fon', 'SCHLBKB.TTF', 'SCHLBKBI.TTF', 'SCHLBKI.TTF', 'script.fon', 'SCRIPTBL.TTF', 'segmdl2.ttf', 'SegoeIcons.ttf', 'segoepr.ttf', 'segoeprb.ttf', 'segoesc.ttf', 'segoescb.ttf', 'segoeui.ttf', 'segoeuib.ttf', 'segoeuii.ttf', 'segoeuil.ttf', 'segoeuisl.ttf', 'segoeuiz.ttf', 'seguibl.ttf', 'seguibli.ttf', 'seguiemj.ttf', 'seguihis.ttf', 'seguili.ttf', 'seguisb.ttf', 'seguisbi.ttf', 'seguisli.ttf', 'seguisym.ttf', 'SegUIVar.ttf', 'sere1255.fon', 'sere1256.fon', 'sere1257.fon', 'serf1255.fon', 'serf1256.fon', 'serf1257.fon', 'serife.fon', 'serifee.fon', 'serifeg.fon', 'serifer.fon', 'serifet.fon', 'seriff.fon', 'seriffe.fon', 'seriffg.fon', 'seriffr.fon', 'serifft.fon', 'SHOWG.TTF', 'simfang.ttf', 'simhei.ttf', 'simkai.ttf', 'SIMLI.TTF', 'simsun.ttc', 'simsunb.ttf', 'SIMYOU.TTF', 'SitkaVF-Italic.ttf', 'SitkaVF.ttf', 'smae1255.fon', 'smae1256.fon', 'smae1257.fon', 'smaf1255.fon', 'smaf1256.fon', 'smaf1257.fon', 'smalle.fon', 'smallee.fon', 'smalleg.fon', 'smaller.fon', 'smallet.fon', 'smallf.fon', 'smallfe.fon', 'smallfg.fon', 'smallfr.fon', 'smallft.fon', 'SNAP____.TTF', 'ssee1255.fon', 'ssee1256.fon', 'ssee1257.fon', 'ssee874.fon', 'ssef1255.fon', 'ssef1256.fon', 'ssef1257.fon', 'ssef874.fon', 'sserife.fon', 'sserifee.fon', 'sserifeg.fon', 'sserifer.fon', 'sserifet.fon', 'sseriff.fon', 'sseriffe.fon', 'sseriffg.fon', 'sseriffr.fon', 'sserifft.fon', 'StaticCache.dat', 'STCAIYUN.TTF', 'STENCIL.TTF', 'STFANGSO.TTF', 'STHUPO.TTF', 'STKAITI.TTF', 'STLITI.TTF', 'STSONG.TTF', 'STXIHEI.TTF', 'STXINGKA.TTF', 'STXINWEI.TTF', 'STZHONGS.TTF', 'svgafix.fon', 'svgasys.fon', 'sylfaen.ttf', 'symbol.ttf', 'tahoma.ttf', 'tahomabd.ttf', 'taile.ttf', 'taileb.ttf', 'TCBI____.TTF', 'TCB_____.TTF', 'TCCB____.TTF', 'TCCEB.TTF', 'TCCM____.TTF', 'TCMI____.TTF', 'TCM_____.TTF', 'TEMPSITC.TTF', 'times.ttf', 'timesbd.ttf', 'timesbi.ttf', 'timesi.ttf', 'trebuc.ttf', 'trebucbd.ttf', 'trebucbi.ttf', 'trebucit.ttf', 'verdana.ttf', 'verdanab.ttf', 'verdanai.ttf', 'verdanaz.ttf', 'vga737.fon', 'vga775.fon', 'vga850.fon', 'vga852.fon', 'vga855.fon', 'vga857.fon', 'vga860.fon', 'vga861.fon', 'vga863.fon', 'vga865.fon', 'vga866.fon', 'vga869.fon', 'vga932.fon', 'vga936.fon', 'vga949.fon', 'vga950.fon', 'vgaf1255.fon', 'vgaf1256.fon', 'vgaf1257.fon', 'vgaf874.fon', 'vgafix.fon', 'vgafixe.fon', 'vgafixg.fon', 'vgafixr.fon', 'vgafixt.fon', 'vgaoem.fon', 'vgas1255.fon', 'vgas1256.fon', 'vgas1257.fon', 'vgas874.fon', 'vgasys.fon', 'vgasyse.fon', 'vgasysg.fon', 'vgasysr.fon', 'vgasyst.fon', 'VINERITC.TTF', 'VIVALDII.TTF', 'VLADIMIR.TTF', 'webdings.ttf', 'wingding.ttf', 'WINGDNG2.TTF', 'WINGDNG3.TTF', 'YuGothB.ttc', 'YuGothL.ttc', 'YuGothM.ttc', 'YuGothR.ttc', '\u534e\u5eb7\u65b9\u5706\u4f53W7.TTC', '\u65b9\u6b63\u7c97\u9ed1\u5b8b\u7b80\u4f53.ttf']
2023-09-27 15:56:53,647 - INFO - all fonts installed:['8514fix.fon', '8514fixe.fon', '8514fixg.fon', '8514fixr.fon', '8514fixt.fon', '8514oem.fon', '8514oeme.fon', '8514oemg.fon', '8514oemr.fon', '8514oemt.fon', '8514sys.fon', '8514syse.fon', '8514sysg.fon', '8514sysr.fon', '8514syst.fon', '85775.fon', '85855.fon', '85f1255.fon', '85f1256.fon', '85f1257.fon', '85f874.fon', '85s1255.fon', '85s1256.fon', '85s1257.fon', '85s874.fon', 'AGENCYB.TTF', 'AGENCYR.TTF', 'ALGER.TTF', 'ANTQUAB.TTF', 'ANTQUABI.TTF', 'ANTQUAI.TTF', 'app775.fon', 'app850.fon', 'app852.fon', 'app855.fon', 'app857.fon', 'app866.fon', 'app932.fon', 'app936.fon', 'app949.fon', 'app950.fon', 'arial.ttf', 'arialbd.ttf', 'arialbi.ttf', 'ariali.ttf', 'ARIALN.TTF', 'ARIALNB.TTF', 'ARIALNBI.TTF', 'ARIALNI.TTF', 'ariblk.ttf', 'ARLRDBD.TTF', 'AxureHandwriting-Bold.otf', 'AxureHandwriting-BoldItalic.otf', 'AxureHandwriting-Italic.otf', 'AxureHandwriting.otf', 'bahnschrift.ttf', 'BASKVILL.TTF', 'BAUHS93.TTF', 'BELL.TTF', 'BELLB.TTF', 'BELLI.TTF', 'BERNHC.TTF', 'BKANT.TTF', 'BOD_B.TTF', 'BOD_BI.TTF', 'BOD_BLAI.TTF', 'BOD_BLAR.TTF', 'BOD_CB.TTF', 'BOD_CBI.TTF', 'BOD_CI.TTF', 'BOD_CR.TTF', 'BOD_I.TTF', 'BOD_PSTC.TTF', 'BOD_R.TTF', 'BOOKOS.TTF', 'BOOKOSB.TTF', 'BOOKOSBI.TTF', 'BOOKOSI.TTF', 'BRADHITC.TTF', 'BRITANIC.TTF', 'BRLNSB.TTF', 'BRLNSDB.TTF', 'BRLNSR.TTF', 'BROADW.TTF', 'BRUSHSCI.TTF', 'BSSYM7.TTF', 'c8514fix.fon', 'c8514oem.fon', 'c8514sys.fon', 'calibri.ttf', 'calibrib.ttf', 'calibrii.ttf', 'calibril.ttf', 'calibrili.ttf', 'calibriz.ttf', 'CALIFB.TTF', 'CALIFI.TTF', 'CALIFR.TTF', 'CALIST.TTF', 'CALISTB.TTF', 'CALISTBI.TTF', 'CALISTI.TTF', 'cambria.ttc', 'cambriab.ttf', 'cambriai.ttf', 'cambriaz.ttf', 'Candara.ttf', 'Candarab.ttf', 'Candarai.ttf', 'Candaral.ttf', 'Candarali.ttf', 'Candaraz.ttf', 'CascadiaCode.ttf', 'CascadiaMono.ttf', 'CASTELAR.TTF', 'CENSCBK.TTF', 'CENTAUR.TTF', 'CENTURY.TTF', 'cga40737.fon', 'cga40850.fon', 'cga40852.fon', 'cga40857.fon', 'cga40866.fon', 'cga40869.fon', 'cga40woa.fon', 'cga80737.fon', 'cga80850.fon', 'cga80852.fon', 'cga80857.fon', 'cga80866.fon', 'cga80869.fon', 'cga80woa.fon', 'CHILLER.TTF', 'COLONNA.TTF', 'comic.ttf', 'comicbd.ttf', 'comici.ttf', 'comicz.ttf', 'consola.ttf', 'consolab.ttf', 'consolai.ttf', 'consolaz.ttf', 'constan.ttf', 'constanb.ttf', 'constani.ttf', 'constanz.ttf', 'COOPBL.TTF', 'COPRGTB.TTF', 'COPRGTL.TTF', 'corbel.ttf', 'corbelb.ttf', 'corbeli.ttf', 'corbell.ttf', 'corbelli.ttf', 'corbelz.ttf', 'coue1255.fon', 'coue1256.fon', 'coue1257.fon', 'couf1255.fon', 'couf1256.fon', 'couf1257.fon', 'cour.ttf', 'courbd.ttf', 'courbi.ttf', 'coure.fon', 'couree.fon', 'coureg.fon', 'courer.fon', 'couret.fon', 'courf.fon', 'courfe.fon', 'courfg.fon', 'courfr.fon', 'courft.fon', 'couri.ttf', 'CURLZ___.TTF', 'cvgafix.fon', 'cvgasys.fon', 'Deng.ttf', 'Dengb.ttf', 'Dengl.ttf', 'desktop.ini', 'dos737.fon', 'dos869.fon', 'dosapp.fon', 'DUBAI-BOLD.TTF', 'DUBAI-LIGHT.TTF', 'DUBAI-MEDIUM.TTF', 'DUBAI-REGULAR.TTF', 'ebrima.ttf', 'ebrimabd.ttf', 'ega40737.fon', 'ega40850.fon', 'ega40852.fon', 'ega40857.fon', 'ega40866.fon', 'ega40869.fon', 'ega40woa.fon', 'ega80737.fon', 'ega80850.fon', 'ega80852.fon', 'ega80857.fon', 'ega80866.fon', 'ega80869.fon', 'ega80woa.fon', 'ELEPHNT.TTF', 'ELEPHNTI.TTF', 'ENGR.TTF', 'ERASBD.TTF', 'ERASDEMI.TTF', 'ERASLGHT.TTF', 'ERASMD.TTF', 'FELIXTI.TTF', 'fms_metadata.xml', 'FORTE.TTF', 'FRABK.TTF', 'FRABKIT.TTF', 'FRADM.TTF', 'FRADMCN.TTF', 'FRADMIT.TTF', 'FRAHV.TTF', 'FRAHVIT.TTF', 'framd.ttf', 'FRAMDCN.TTF', 'framdit.ttf', 'FREESCPT.TTF', 'FRSCRIPT.TTF', 'FTLTLT.TTF', 'FZSTK.TTF', 'FZYTK.TTF', 'Gabriola.ttf', 'gadugi.ttf', 'gadugib.ttf', 'GARA.TTF', 'GARABD.TTF', 'GARAIT.TTF', 'georgia.ttf', 'georgiab.ttf', 'georgiai.ttf', 'georgiaz.ttf', 'GIGI.TTF', 'GILBI___.TTF', 'GILB____.TTF', 'GILC____.TTF', 'GILI____.TTF', 'GILLUBCD.TTF', 'GILSANUB.TTF', 'GIL_____.TTF', 'GLECB.TTF', 'GlobalMonospace.CompositeFont', 'GlobalSansSerif.CompositeFont', 'GlobalSerif.CompositeFont', 'GlobalUserInterface.CompositeFont', 'GLSNECB.TTF', 'GOTHIC.TTF', 'GOTHICB.TTF', 'GOTHICBI.TTF', 'GOTHICI.TTF', 'GOUDOS.TTF', 'GOUDOSB.TTF', 'GOUDOSI.TTF', 'GOUDYSTO.TTF', 'h8514fix.fon', 'h8514oem.fon', 'h8514sys.fon', 'HARLOWSI.TTF', 'HARNGTON.TTF', 'HATTEN.TTF', 'HGB1X_CNKI.ttf', 'HGB1_CNKI.ttf', 'HGB2X_CNKI.ttf', 'HGB2_CNKI.ttf', 'HGB3X_CNKI.ttf', 'HGB3_CNKI.ttf', 'HGB4X_CNKI.ttf', 'HGB4_CNKI.ttf', 'HGB5X_CNKI.ttf', 'HGB5_CNKI.ttf', 'HGB6X_CNKI.ttf', 'HGB6_CNKI.ttf', 'HGB7X_CNKI.ttf', 'HGB7_CNKI.ttf', 'HGB8X_CNKI.ttf', 'HGB8_CNKI.ttf', 'HGBD_CNKI.ttf', 'HGBKBX_CNKI.ttf', 'HGBKB_CNKI.ttf', 'HGBKHX_CNKI.ttf', 'HGBKH_CNKI.ttf', 'HGBS1_CNKI.TTF', 'HGBS2_CNKI.TTF', 'HGBS_CNKI.TTF', 'HGBTH_CNKI.TTF', 'HGBTS_CNKI.TTF', 'HGBX_CNKI.ttf', 'HGBZ_CNKI.ttf', 'HGCH_CNKI.TTF', 'HGCUH_CNKI.TTF', 'HGCY_CNKI.TTF', 'HGDBS_CNKI.TTF', 'HGDGY_CNKI.TTF', 'HGDH2_CNKI.TTF', 'HGDH_CNKI.TTF', 'HGDYS_CNKI.TTF', 'HGDY_CNKI.ttf', 'HGF1X_CNKI.ttf', 'HGF1_CNKI.ttf', 'HGF2X_CNKI.ttf', 'HGF2_CNKI.ttf', 'HGF3_CNKI.ttf', 'HGF4X_CNKI.ttf', 'HGF4_CNKI.ttf', 'HGF5X_CNKI.ttf', 'HGF5_CNKI.ttf', 'HGF6X_CNKI.ttf', 'HGF6_CNKI.ttf', 'HGF7X_CNKI.ttf', 'HGF7_CNKI.ttf', 'HGF8_CNKI.ttf', 'HGF9X_CNKI.ttf', 'HGF9_CNKI.ttf', 'HGFS1_CNKI.TTF', 'HGFS2_CNKI.TTF', 'HGFSH_CNKI.TTF', 'HGFS_CNKI.TTF', 'HGFX_CNKI.ttf', 'HGFZ_CNKI.ttf', 'HGGG_CNKI.TTF', 'HGH1X_CNKI.ttf', 'HGH1_CNKI.ttf', 'HGH2X_CNKI.ttf', 'HGH2_CNKI.ttf', 'HGH3X_CNKI.ttf', 'HGH3_CNKI.ttf', 'HGH4X_CNKI.ttf', 'HGH4_CNKI.ttf', 'HGH5X_CNKI.ttf', 'HGH5_CNKI.ttf', 'HGH6X_CNKI.ttf', 'HGH6_CNKI.ttf', 'HGH7X_CNKI.ttf', 'HGH7_CNKI.ttf', 'HGHB_CNKI.TTF', 'HGHD_CNKI.ttf', 'HGHP_CNKI.TTF', 'HGHT1_CNKI.ttf', 'HGHT2_CNKI.ttf', 'HGHUATI_CNKI.ttf', 'HGHX_CNKI.ttf', 'HGHZ_CNKI.ttf', 'HGH_CNKI.TTF', 'HGKT1_CNKI.TTF', 'HGKT2_CNKI.TTF', 'HGKT_CNKI.TTF', 'HGKY_CNKI.ttf', 'HGLB_CNKI.TTF', 'HGLS_CNKI.TTF', 'HGMH_CNKI.TTF', 'HGNBS_CNKI.ttf', 'HGOCR_CNKI.ttf', 'HGPH_CNKI.TTF', 'HGPTY_CNKI.TTF', 'HGSS1_CNKI.TTF', 'HGSS2_CNKI.TTF', 'HGSS_CNKI.TTF', 'HGSXT_CNKI.ttf', 'HGTT_CNKI.ttf', 'HGTX_CNKI.TTF', 'HGWT_CNKI.TTF', 'HGWYS_CNKI.TTF', 'HGX1X_CNKI.ttf', 'HGX1_CNKI.ttf', 'HGXBS_CNKI.TTF', 'HGXC_CNKI.TTF', 'HGXF1_CNKI.ttf', 'HGXFX_CNKI.ttf', 'HGXFZ_CNKI.ttf', 'HGXH1_CNKI.TTF', 'HGXH_CNKI.TTF', 'HGXK_CNKI.TTF', 'HGXL_CNKI.TTF', 'HGXS_CNKI.TTF', 'HGXT_CNKI.ttf', 'HGXY_CNKI.ttf', 'HGY1_CNKI.TTF', 'HGY2_CNKI.TTF', 'HGY3_CNKI.TTF', 'HGY4_CNKI.TTF', 'HGYB_CNKI.ttf', 'HGYT1_CNKI.ttf', 'HGYT2_CNKI.ttf', 'HGYT_CNKI.TTF', 'HGYX_CNKI.TTF', 'HGZCS_CNKI.TTF', 'HGZDX_CNKI.TTF', 'HGZK_CNKI.TTF', 'HGZYT_CNKI.TTF', 'HGZY_CNKI.TTF', 'himalaya.ttf', 'holomdl2.ttf', 'HTOWERT.TTF', 'HTOWERTI.TTF', 'hvgafix.fon', 'hvgasys.fon', 'impact.ttf', 'IMPRISHA.TTF', 'INFROMAN.TTF', 'Inkfree.ttf', 'iqiyi_logov7.ttf', 'ITCBLKAD.TTF', 'ITCEDSCR.TTF', 'ITCKRIST.TTF', 'j8514fix.fon', 'j8514oem.fon', 'j8514sys.fon', 'javatext.ttf', 'JOKERMAN.TTF', 'jsmalle.fon', 'jsmallf.fon', 'JUICE___.TTF', 'jvgafix.fon', 'jvgasys.fon', 'KUNSTLER.TTF', 'LATINWD.TTF', 'LBRITE.TTF', 'LBRITED.TTF', 'LBRITEDI.TTF', 'LBRITEI.TTF', 'LCALLIG.TTF', 'LeelaUIb.ttf', 'LeelawUI.ttf', 'LeelUIsl.ttf', 'LFAX.TTF', 'LFAXD.TTF', 'LFAXDI.TTF', 'LFAXI.TTF', 'LHANDW.TTF', 'LSANS.TTF', 'LSANSD.TTF', 'LSANSDI.TTF', 'LSANSI.TTF', 'LTYPE.TTF', 'LTYPEB.TTF', 'LTYPEBO.TTF', 'LTYPEO.TTF', 'lucon.ttf', 'l_10646.ttf', 'MAGNETOB.TTF', 'MAIAN.TTF', 'malgun.ttf', 'malgunbd.ttf', 'malgunsl.ttf', 'marlett.ttf', 'MATURASC.TTF', 'micross.ttf', 'mingliub.ttc', 'MISTRAL.TTF', 'mmrtext.ttf', 'mmrtextb.ttf', 'MOD20.TTF', 'modern.fon', 'monbaiti.ttf', 'msgothic.ttc', 'msjh.ttc', 'msjhbd.ttc', 'msjhl.ttc', 'msyh.ttc', 'msyhbd.ttc', 'msyhl.ttc', 'msyi.ttf', 'MTCORSVA.TTF', 'MTEXTRA.TTF', 'mvboli.ttf', 'NIAGENG.TTF', 'NIAGSOL.TTF', 'Nirmala.ttf', 'NirmalaB.ttf', 'NirmalaS.ttf', 'ntailu.ttf', 'ntailub.ttf', 'NumberOnly.ttf', 'OCRAEXT.TTF', 'OLDENGL.TTF', 'ONYX.TTF', 'OUTLOOK.TTF', 'pala.ttf', 'palab.ttf', 'palabi.ttf', 'palai.ttf', 'PALSCRI.TTF', 'PAPYRUS.TTF', 'PARCHM.TTF', 'PERBI___.TTF', 'PERB____.TTF', 'PERI____.TTF', 'PERTIBD.TTF', 'PERTILI.TTF', 'PER_____.TTF', 'phagspa.ttf', 'phagspab.ttf', 'PLAYBILL.TTF', 'POORICH.TTF', 'PRISTINA.TTF', 'RAGE.TTF', 'RAVIE.TTF', 'REFSAN.TTF', 'REFSPCL.TTF', 'ROCCB___.TTF', 'ROCC____.TTF', 'ROCK.TTF', 'ROCKB.TTF', 'ROCKBI.TTF', 'ROCKEB.TTF', 'ROCKI.TTF', 'roman.fon', 's8514fix.fon', 's8514oem.fon', 's8514sys.fon', 'SCHLBKB.TTF', 'SCHLBKBI.TTF', 'SCHLBKI.TTF', 'script.fon', 'SCRIPTBL.TTF', 'segmdl2.ttf', 'SegoeIcons.ttf', 'segoepr.ttf', 'segoeprb.ttf', 'segoesc.ttf', 'segoescb.ttf', 'segoeui.ttf', 'segoeuib.ttf', 'segoeuii.ttf', 'segoeuil.ttf', 'segoeuisl.ttf', 'segoeuiz.ttf', 'seguibl.ttf', 'seguibli.ttf', 'seguiemj.ttf', 'seguihis.ttf', 'seguili.ttf', 'seguisb.ttf', 'seguisbi.ttf', 'seguisli.ttf', 'seguisym.ttf', 'SegUIVar.ttf', 'sere1255.fon', 'sere1256.fon', 'sere1257.fon', 'serf1255.fon', 'serf1256.fon', 'serf1257.fon', 'serife.fon', 'serifee.fon', 'serifeg.fon', 'serifer.fon', 'serifet.fon', 'seriff.fon', 'seriffe.fon', 'seriffg.fon', 'seriffr.fon', 'serifft.fon', 'SHOWG.TTF', 'simfang.ttf', 'simhei.ttf', 'simkai.ttf', 'SIMLI.TTF', 'simsun.ttc', 'simsunb.ttf', 'SIMYOU.TTF', 'SitkaVF-Italic.ttf', 'SitkaVF.ttf', 'smae1255.fon', 'smae1256.fon', 'smae1257.fon', 'smaf1255.fon', 'smaf1256.fon', 'smaf1257.fon', 'smalle.fon', 'smallee.fon', 'smalleg.fon', 'smaller.fon', 'smallet.fon', 'smallf.fon', 'smallfe.fon', 'smallfg.fon', 'smallfr.fon', 'smallft.fon', 'SNAP____.TTF', 'ssee1255.fon', 'ssee1256.fon', 'ssee1257.fon', 'ssee874.fon', 'ssef1255.fon', 'ssef1256.fon', 'ssef1257.fon', 'ssef874.fon', 'sserife.fon', 'sserifee.fon', 'sserifeg.fon', 'sserifer.fon', 'sserifet.fon', 'sseriff.fon', 'sseriffe.fon', 'sseriffg.fon', 'sseriffr.fon', 'sserifft.fon', 'StaticCache.dat', 'STCAIYUN.TTF', 'STENCIL.TTF', 'STFANGSO.TTF', 'STHUPO.TTF', 'STKAITI.TTF', 'STLITI.TTF', 'STSONG.TTF', 'STXIHEI.TTF', 'STXINGKA.TTF', 'STXINWEI.TTF', 'STZHONGS.TTF', 'svgafix.fon', 'svgasys.fon', 'sylfaen.ttf', 'symbol.ttf', 'tahoma.ttf', 'tahomabd.ttf', 'taile.ttf', 'taileb.ttf', 'TCBI____.TTF', 'TCB_____.TTF', 'TCCB____.TTF', 'TCCEB.TTF', 'TCCM____.TTF', 'TCMI____.TTF', 'TCM_____.TTF', 'TEMPSITC.TTF', 'times.ttf', 'timesbd.ttf', 'timesbi.ttf', 'timesi.ttf', 'trebuc.ttf', 'trebucbd.ttf', 'trebucbi.ttf', 'trebucit.ttf', 'verdana.ttf', 'verdanab.ttf', 'verdanai.ttf', 'verdanaz.ttf', 'vga737.fon', 'vga775.fon', 'vga850.fon', 'vga852.fon', 'vga855.fon', 'vga857.fon', 'vga860.fon', 'vga861.fon', 'vga863.fon', 'vga865.fon', 'vga866.fon', 'vga869.fon', 'vga932.fon', 'vga936.fon', 'vga949.fon', 'vga950.fon', 'vgaf1255.fon', 'vgaf1256.fon', 'vgaf1257.fon', 'vgaf874.fon', 'vgafix.fon', 'vgafixe.fon', 'vgafixg.fon', 'vgafixr.fon', 'vgafixt.fon', 'vgaoem.fon', 'vgas1255.fon', 'vgas1256.fon', 'vgas1257.fon', 'vgas874.fon', 'vgasys.fon', 'vgasyse.fon', 'vgasysg.fon', 'vgasysr.fon', 'vgasyst.fon', 'VINERITC.TTF', 'VIVALDII.TTF', 'VLADIMIR.TTF', 'webdings.ttf', 'wingding.ttf', 'WINGDNG2.TTF', 'WINGDNG3.TTF', 'YuGothB.ttc', 'YuGothL.ttc', 'YuGothM.ttc', 'YuGothR.ttc', '\u534e\u5eb7\u65b9\u5706\u4f53W7.TTC', '\u65b9\u6b63\u7c97\u9ed1\u5b8b\u7b80\u4f53.ttf']
2023-09-27 15:56:53,652 - INFO - all fonts installed:['8514fix.fon', '8514fixe.fon', '8514fixg.fon', '8514fixr.fon', '8514fixt.fon', '8514oem.fon', '8514oeme.fon', '8514oemg.fon', '8514oemr.fon', '8514oemt.fon', '8514sys.fon', '8514syse.fon', '8514sysg.fon', '8514sysr.fon', '8514syst.fon', '85775.fon', '85855.fon', '85f1255.fon', '85f1256.fon', '85f1257.fon', '85f874.fon', '85s1255.fon', '85s1256.fon', '85s1257.fon', '85s874.fon', 'AGENCYB.TTF', 'AGENCYR.TTF', 'ALGER.TTF', 'ANTQUAB.TTF', 'ANTQUABI.TTF', 'ANTQUAI.TTF', 'app775.fon', 'app850.fon', 'app852.fon', 'app855.fon', 'app857.fon', 'app866.fon', 'app932.fon', 'app936.fon', 'app949.fon', 'app950.fon', 'arial.ttf', 'arialbd.ttf', 'arialbi.ttf', 'ariali.ttf', 'ARIALN.TTF', 'ARIALNB.TTF', 'ARIALNBI.TTF', 'ARIALNI.TTF', 'ariblk.ttf', 'ARLRDBD.TTF', 'AxureHandwriting-Bold.otf', 'AxureHandwriting-BoldItalic.otf', 'AxureHandwriting-Italic.otf', 'AxureHandwriting.otf', 'bahnschrift.ttf', 'BASKVILL.TTF', 'BAUHS93.TTF', 'BELL.TTF', 'BELLB.TTF', 'BELLI.TTF', 'BERNHC.TTF', 'BKANT.TTF', 'BOD_B.TTF', 'BOD_BI.TTF', 'BOD_BLAI.TTF', 'BOD_BLAR.TTF', 'BOD_CB.TTF', 'BOD_CBI.TTF', 'BOD_CI.TTF', 'BOD_CR.TTF', 'BOD_I.TTF', 'BOD_PSTC.TTF', 'BOD_R.TTF', 'BOOKOS.TTF', 'BOOKOSB.TTF', 'BOOKOSBI.TTF', 'BOOKOSI.TTF', 'BRADHITC.TTF', 'BRITANIC.TTF', 'BRLNSB.TTF', 'BRLNSDB.TTF', 'BRLNSR.TTF', 'BROADW.TTF', 'BRUSHSCI.TTF', 'BSSYM7.TTF', 'c8514fix.fon', 'c8514oem.fon', 'c8514sys.fon', 'calibri.ttf', 'calibrib.ttf', 'calibrii.ttf', 'calibril.ttf', 'calibrili.ttf', 'calibriz.ttf', 'CALIFB.TTF', 'CALIFI.TTF', 'CALIFR.TTF', 'CALIST.TTF', 'CALISTB.TTF', 'CALISTBI.TTF', 'CALISTI.TTF', 'cambria.ttc', 'cambriab.ttf', 'cambriai.ttf', 'cambriaz.ttf', 'Candara.ttf', 'Candarab.ttf', 'Candarai.ttf', 'Candaral.ttf', 'Candarali.ttf', 'Candaraz.ttf', 'CascadiaCode.ttf', 'CascadiaMono.ttf', 'CASTELAR.TTF', 'CENSCBK.TTF', 'CENTAUR.TTF', 'CENTURY.TTF', 'cga40737.fon', 'cga40850.fon', 'cga40852.fon', 'cga40857.fon', 'cga40866.fon', 'cga40869.fon', 'cga40woa.fon', 'cga80737.fon', 'cga80850.fon', 'cga80852.fon', 'cga80857.fon', 'cga80866.fon', 'cga80869.fon', 'cga80woa.fon', 'CHILLER.TTF', 'COLONNA.TTF', 'comic.ttf', 'comicbd.ttf', 'comici.ttf', 'comicz.ttf', 'consola.ttf', 'consolab.ttf', 'consolai.ttf', 'consolaz.ttf', 'constan.ttf', 'constanb.ttf', 'constani.ttf', 'constanz.ttf', 'COOPBL.TTF', 'COPRGTB.TTF', 'COPRGTL.TTF', 'corbel.ttf', 'corbelb.ttf', 'corbeli.ttf', 'corbell.ttf', 'corbelli.ttf', 'corbelz.ttf', 'coue1255.fon', 'coue1256.fon', 'coue1257.fon', 'couf1255.fon', 'couf1256.fon', 'couf1257.fon', 'cour.ttf', 'courbd.ttf', 'courbi.ttf', 'coure.fon', 'couree.fon', 'coureg.fon', 'courer.fon', 'couret.fon', 'courf.fon', 'courfe.fon', 'courfg.fon', 'courfr.fon', 'courft.fon', 'couri.ttf', 'CURLZ___.TTF', 'cvgafix.fon', 'cvgasys.fon', 'Deng.ttf', 'Dengb.ttf', 'Dengl.ttf', 'desktop.ini', 'dos737.fon', 'dos869.fon', 'dosapp.fon', 'DUBAI-BOLD.TTF', 'DUBAI-LIGHT.TTF', 'DUBAI-MEDIUM.TTF', 'DUBAI-REGULAR.TTF', 'ebrima.ttf', 'ebrimabd.ttf', 'ega40737.fon', 'ega40850.fon', 'ega40852.fon', 'ega40857.fon', 'ega40866.fon', 'ega40869.fon', 'ega40woa.fon', 'ega80737.fon', 'ega80850.fon', 'ega80852.fon', 'ega80857.fon', 'ega80866.fon', 'ega80869.fon', 'ega80woa.fon', 'ELEPHNT.TTF', 'ELEPHNTI.TTF', 'ENGR.TTF', 'ERASBD.TTF', 'ERASDEMI.TTF', 'ERASLGHT.TTF', 'ERASMD.TTF', 'FELIXTI.TTF', 'fms_metadata.xml', 'FORTE.TTF', 'FRABK.TTF', 'FRABKIT.TTF', 'FRADM.TTF', 'FRADMCN.TTF', 'FRADMIT.TTF', 'FRAHV.TTF', 'FRAHVIT.TTF', 'framd.ttf', 'FRAMDCN.TTF', 'framdit.ttf', 'FREESCPT.TTF', 'FRSCRIPT.TTF', 'FTLTLT.TTF', 'FZSTK.TTF', 'FZYTK.TTF', 'Gabriola.ttf', 'gadugi.ttf', 'gadugib.ttf', 'GARA.TTF', 'GARABD.TTF', 'GARAIT.TTF', 'georgia.ttf', 'georgiab.ttf', 'georgiai.ttf', 'georgiaz.ttf', 'GIGI.TTF', 'GILBI___.TTF', 'GILB____.TTF', 'GILC____.TTF', 'GILI____.TTF', 'GILLUBCD.TTF', 'GILSANUB.TTF', 'GIL_____.TTF', 'GLECB.TTF', 'GlobalMonospace.CompositeFont', 'GlobalSansSerif.CompositeFont', 'GlobalSerif.CompositeFont', 'GlobalUserInterface.CompositeFont', 'GLSNECB.TTF', 'GOTHIC.TTF', 'GOTHICB.TTF', 'GOTHICBI.TTF', 'GOTHICI.TTF', 'GOUDOS.TTF', 'GOUDOSB.TTF', 'GOUDOSI.TTF', 'GOUDYSTO.TTF', 'h8514fix.fon', 'h8514oem.fon', 'h8514sys.fon', 'HARLOWSI.TTF', 'HARNGTON.TTF', 'HATTEN.TTF', 'HGB1X_CNKI.ttf', 'HGB1_CNKI.ttf', 'HGB2X_CNKI.ttf', 'HGB2_CNKI.ttf', 'HGB3X_CNKI.ttf', 'HGB3_CNKI.ttf', 'HGB4X_CNKI.ttf', 'HGB4_CNKI.ttf', 'HGB5X_CNKI.ttf', 'HGB5_CNKI.ttf', 'HGB6X_CNKI.ttf', 'HGB6_CNKI.ttf', 'HGB7X_CNKI.ttf', 'HGB7_CNKI.ttf', 'HGB8X_CNKI.ttf', 'HGB8_CNKI.ttf', 'HGBD_CNKI.ttf', 'HGBKBX_CNKI.ttf', 'HGBKB_CNKI.ttf', 'HGBKHX_CNKI.ttf', 'HGBKH_CNKI.ttf', 'HGBS1_CNKI.TTF', 'HGBS2_CNKI.TTF', 'HGBS_CNKI.TTF', 'HGBTH_CNKI.TTF', 'HGBTS_CNKI.TTF', 'HGBX_CNKI.ttf', 'HGBZ_CNKI.ttf', 'HGCH_CNKI.TTF', 'HGCUH_CNKI.TTF', 'HGCY_CNKI.TTF', 'HGDBS_CNKI.TTF', 'HGDGY_CNKI.TTF', 'HGDH2_CNKI.TTF', 'HGDH_CNKI.TTF', 'HGDYS_CNKI.TTF', 'HGDY_CNKI.ttf', 'HGF1X_CNKI.ttf', 'HGF1_CNKI.ttf', 'HGF2X_CNKI.ttf', 'HGF2_CNKI.ttf', 'HGF3_CNKI.ttf', 'HGF4X_CNKI.ttf', 'HGF4_CNKI.ttf', 'HGF5X_CNKI.ttf', 'HGF5_CNKI.ttf', 'HGF6X_CNKI.ttf', 'HGF6_CNKI.ttf', 'HGF7X_CNKI.ttf', 'HGF7_CNKI.ttf', 'HGF8_CNKI.ttf', 'HGF9X_CNKI.ttf', 'HGF9_CNKI.ttf', 'HGFS1_CNKI.TTF', 'HGFS2_CNKI.TTF', 'HGFSH_CNKI.TTF', 'HGFS_CNKI.TTF', 'HGFX_CNKI.ttf', 'HGFZ_CNKI.ttf', 'HGGG_CNKI.TTF', 'HGH1X_CNKI.ttf', 'HGH1_CNKI.ttf', 'HGH2X_CNKI.ttf', 'HGH2_CNKI.ttf', 'HGH3X_CNKI.ttf', 'HGH3_CNKI.ttf', 'HGH4X_CNKI.ttf', 'HGH4_CNKI.ttf', 'HGH5X_CNKI.ttf', 'HGH5_CNKI.ttf', 'HGH6X_CNKI.ttf', 'HGH6_CNKI.ttf', 'HGH7X_CNKI.ttf', 'HGH7_CNKI.ttf', 'HGHB_CNKI.TTF', 'HGHD_CNKI.ttf', 'HGHP_CNKI.TTF', 'HGHT1_CNKI.ttf', 'HGHT2_CNKI.ttf', 'HGHUATI_CNKI.ttf', 'HGHX_CNKI.ttf', 'HGHZ_CNKI.ttf', 'HGH_CNKI.TTF', 'HGKT1_CNKI.TTF', 'HGKT2_CNKI.TTF', 'HGKT_CNKI.TTF', 'HGKY_CNKI.ttf', 'HGLB_CNKI.TTF', 'HGLS_CNKI.TTF', 'HGMH_CNKI.TTF', 'HGNBS_CNKI.ttf', 'HGOCR_CNKI.ttf', 'HGPH_CNKI.TTF', 'HGPTY_CNKI.TTF', 'HGSS1_CNKI.TTF', 'HGSS2_CNKI.TTF', 'HGSS_CNKI.TTF', 'HGSXT_CNKI.ttf', 'HGTT_CNKI.ttf', 'HGTX_CNKI.TTF', 'HGWT_CNKI.TTF', 'HGWYS_CNKI.TTF', 'HGX1X_CNKI.ttf', 'HGX1_CNKI.ttf', 'HGXBS_CNKI.TTF', 'HGXC_CNKI.TTF', 'HGXF1_CNKI.ttf', 'HGXFX_CNKI.ttf', 'HGXFZ_CNKI.ttf', 'HGXH1_CNKI.TTF', 'HGXH_CNKI.TTF', 'HGXK_CNKI.TTF', 'HGXL_CNKI.TTF', 'HGXS_CNKI.TTF', 'HGXT_CNKI.ttf', 'HGXY_CNKI.ttf', 'HGY1_CNKI.TTF', 'HGY2_CNKI.TTF', 'HGY3_CNKI.TTF', 'HGY4_CNKI.TTF', 'HGYB_CNKI.ttf', 'HGYT1_CNKI.ttf', 'HGYT2_CNKI.ttf', 'HGYT_CNKI.TTF', 'HGYX_CNKI.TTF', 'HGZCS_CNKI.TTF', 'HGZDX_CNKI.TTF', 'HGZK_CNKI.TTF', 'HGZYT_CNKI.TTF', 'HGZY_CNKI.TTF', 'himalaya.ttf', 'holomdl2.ttf', 'HTOWERT.TTF', 'HTOWERTI.TTF', 'hvgafix.fon', 'hvgasys.fon', 'impact.ttf', 'IMPRISHA.TTF', 'INFROMAN.TTF', 'Inkfree.ttf', 'iqiyi_logov7.ttf', 'ITCBLKAD.TTF', 'ITCEDSCR.TTF', 'ITCKRIST.TTF', 'j8514fix.fon', 'j8514oem.fon', 'j8514sys.fon', 'javatext.ttf', 'JOKERMAN.TTF', 'jsmalle.fon', 'jsmallf.fon', 'JUICE___.TTF', 'jvgafix.fon', 'jvgasys.fon', 'KUNSTLER.TTF', 'LATINWD.TTF', 'LBRITE.TTF', 'LBRITED.TTF', 'LBRITEDI.TTF', 'LBRITEI.TTF', 'LCALLIG.TTF', 'LeelaUIb.ttf', 'LeelawUI.ttf', 'LeelUIsl.ttf', 'LFAX.TTF', 'LFAXD.TTF', 'LFAXDI.TTF', 'LFAXI.TTF', 'LHANDW.TTF', 'LSANS.TTF', 'LSANSD.TTF', 'LSANSDI.TTF', 'LSANSI.TTF', 'LTYPE.TTF', 'LTYPEB.TTF', 'LTYPEBO.TTF', 'LTYPEO.TTF', 'lucon.ttf', 'l_10646.ttf', 'MAGNETOB.TTF', 'MAIAN.TTF', 'malgun.ttf', 'malgunbd.ttf', 'malgunsl.ttf', 'marlett.ttf', 'MATURASC.TTF', 'micross.ttf', 'mingliub.ttc', 'MISTRAL.TTF', 'mmrtext.ttf', 'mmrtextb.ttf', 'MOD20.TTF', 'modern.fon', 'monbaiti.ttf', 'msgothic.ttc', 'msjh.ttc', 'msjhbd.ttc', 'msjhl.ttc', 'msyh.ttc', 'msyhbd.ttc', 'msyhl.ttc', 'msyi.ttf', 'MTCORSVA.TTF', 'MTEXTRA.TTF', 'mvboli.ttf', 'NIAGENG.TTF', 'NIAGSOL.TTF', 'Nirmala.ttf', 'NirmalaB.ttf', 'NirmalaS.ttf', 'ntailu.ttf', 'ntailub.ttf', 'NumberOnly.ttf', 'OCRAEXT.TTF', 'OLDENGL.TTF', 'ONYX.TTF', 'OUTLOOK.TTF', 'pala.ttf', 'palab.ttf', 'palabi.ttf', 'palai.ttf', 'PALSCRI.TTF', 'PAPYRUS.TTF', 'PARCHM.TTF', 'PERBI___.TTF', 'PERB____.TTF', 'PERI____.TTF', 'PERTIBD.TTF', 'PERTILI.TTF', 'PER_____.TTF', 'phagspa.ttf', 'phagspab.ttf', 'PLAYBILL.TTF', 'POORICH.TTF', 'PRISTINA.TTF', 'RAGE.TTF', 'RAVIE.TTF', 'REFSAN.TTF', 'REFSPCL.TTF', 'ROCCB___.TTF', 'ROCC____.TTF', 'ROCK.TTF', 'ROCKB.TTF', 'ROCKBI.TTF', 'ROCKEB.TTF', 'ROCKI.TTF', 'roman.fon', 's8514fix.fon', 's8514oem.fon', 's8514sys.fon', 'SCHLBKB.TTF', 'SCHLBKBI.TTF', 'SCHLBKI.TTF', 'script.fon', 'SCRIPTBL.TTF', 'segmdl2.ttf', 'SegoeIcons.ttf', 'segoepr.ttf', 'segoeprb.ttf', 'segoesc.ttf', 'segoescb.ttf', 'segoeui.ttf', 'segoeuib.ttf', 'segoeuii.ttf', 'segoeuil.ttf', 'segoeuisl.ttf', 'segoeuiz.ttf', 'seguibl.ttf', 'seguibli.ttf', 'seguiemj.ttf', 'seguihis.ttf', 'seguili.ttf', 'seguisb.ttf', 'seguisbi.ttf', 'seguisli.ttf', 'seguisym.ttf', 'SegUIVar.ttf', 'sere1255.fon', 'sere1256.fon', 'sere1257.fon', 'serf1255.fon', 'serf1256.fon', 'serf1257.fon', 'serife.fon', 'serifee.fon', 'serifeg.fon', 'serifer.fon', 'serifet.fon', 'seriff.fon', 'seriffe.fon', 'seriffg.fon', 'seriffr.fon', 'serifft.fon', 'SHOWG.TTF', 'simfang.ttf', 'simhei.ttf', 'simkai.ttf', 'SIMLI.TTF', 'simsun.ttc', 'simsunb.ttf', 'SIMYOU.TTF', 'SitkaVF-Italic.ttf', 'SitkaVF.ttf', 'smae1255.fon', 'smae1256.fon', 'smae1257.fon', 'smaf1255.fon', 'smaf1256.fon', 'smaf1257.fon', 'smalle.fon', 'smallee.fon', 'smalleg.fon', 'smaller.fon', 'smallet.fon', 'smallf.fon', 'smallfe.fon', 'smallfg.fon', 'smallfr.fon', 'smallft.fon', 'SNAP____.TTF', 'ssee1255.fon', 'ssee1256.fon', 'ssee1257.fon', 'ssee874.fon', 'ssef1255.fon', 'ssef1256.fon', 'ssef1257.fon', 'ssef874.fon', 'sserife.fon', 'sserifee.fon', 'sserifeg.fon', 'sserifer.fon', 'sserifet.fon', 'sseriff.fon', 'sseriffe.fon', 'sseriffg.fon', 'sseriffr.fon', 'sserifft.fon', 'StaticCache.dat', 'STCAIYUN.TTF', 'STENCIL.TTF', 'STFANGSO.TTF', 'STHUPO.TTF', 'STKAITI.TTF', 'STLITI.TTF', 'STSONG.TTF', 'STXIHEI.TTF', 'STXINGKA.TTF', 'STXINWEI.TTF', 'STZHONGS.TTF', 'svgafix.fon', 'svgasys.fon', 'sylfaen.ttf', 'symbol.ttf', 'tahoma.ttf', 'tahomabd.ttf', 'taile.ttf', 'taileb.ttf', 'TCBI____.TTF', 'TCB_____.TTF', 'TCCB____.TTF', 'TCCEB.TTF', 'TCCM____.TTF', 'TCMI____.TTF', 'TCM_____.TTF', 'TEMPSITC.TTF', 'times.ttf', 'timesbd.ttf', 'timesbi.ttf', 'timesi.ttf', 'trebuc.ttf', 'trebucbd.ttf', 'trebucbi.ttf', 'trebucit.ttf', 'verdana.ttf', 'verdanab.ttf', 'verdanai.ttf', 'verdanaz.ttf', 'vga737.fon', 'vga775.fon', 'vga850.fon', 'vga852.fon', 'vga855.fon', 'vga857.fon', 'vga860.fon', 'vga861.fon', 'vga863.fon', 'vga865.fon', 'vga866.fon', 'vga869.fon', 'vga932.fon', 'vga936.fon', 'vga949.fon', 'vga950.fon', 'vgaf1255.fon', 'vgaf1256.fon', 'vgaf1257.fon', 'vgaf874.fon', 'vgafix.fon', 'vgafixe.fon', 'vgafixg.fon', 'vgafixr.fon', 'vgafixt.fon', 'vgaoem.fon', 'vgas1255.fon', 'vgas1256.fon', 'vgas1257.fon', 'vgas874.fon', 'vgasys.fon', 'vgasyse.fon', 'vgasysg.fon', 'vgasysr.fon', 'vgasyst.fon', 'VINERITC.TTF', 'VIVALDII.TTF', 'VLADIMIR.TTF', 'webdings.ttf', 'wingding.ttf', 'WINGDNG2.TTF', 'WINGDNG3.TTF', 'YuGothB.ttc', 'YuGothL.ttc', 'YuGothM.ttc', 'YuGothR.ttc', '\u534e\u5eb7\u65b9\u5706\u4f53W7.TTC', '\u65b9\u6b63\u7c97\u9ed1\u5b8b\u7b80\u4f53.ttf']
2023-09-27 15:56:53,655 - INFO - all fonts installed:['8514fix.fon', '8514fixe.fon', '8514fixg.fon', '8514fixr.fon', '8514fixt.fon', '8514oem.fon', '8514oeme.fon', '8514oemg.fon', '8514oemr.fon', '8514oemt.fon', '8514sys.fon', '8514syse.fon', '8514sysg.fon', '8514sysr.fon', '8514syst.fon', '85775.fon', '85855.fon', '85f1255.fon', '85f1256.fon', '85f1257.fon', '85f874.fon', '85s1255.fon', '85s1256.fon', '85s1257.fon', '85s874.fon', 'AGENCYB.TTF', 'AGENCYR.TTF', 'ALGER.TTF', 'ANTQUAB.TTF', 'ANTQUABI.TTF', 'ANTQUAI.TTF', 'app775.fon', 'app850.fon', 'app852.fon', 'app855.fon', 'app857.fon', 'app866.fon', 'app932.fon', 'app936.fon', 'app949.fon', 'app950.fon', 'arial.ttf', 'arialbd.ttf', 'arialbi.ttf', 'ariali.ttf', 'ARIALN.TTF', 'ARIALNB.TTF', 'ARIALNBI.TTF', 'ARIALNI.TTF', 'ariblk.ttf', 'ARLRDBD.TTF', 'AxureHandwriting-Bold.otf', 'AxureHandwriting-BoldItalic.otf', 'AxureHandwriting-Italic.otf', 'AxureHandwriting.otf', 'bahnschrift.ttf', 'BASKVILL.TTF', 'BAUHS93.TTF', 'BELL.TTF', 'BELLB.TTF', 'BELLI.TTF', 'BERNHC.TTF', 'BKANT.TTF', 'BOD_B.TTF', 'BOD_BI.TTF', 'BOD_BLAI.TTF', 'BOD_BLAR.TTF', 'BOD_CB.TTF', 'BOD_CBI.TTF', 'BOD_CI.TTF', 'BOD_CR.TTF', 'BOD_I.TTF', 'BOD_PSTC.TTF', 'BOD_R.TTF', 'BOOKOS.TTF', 'BOOKOSB.TTF', 'BOOKOSBI.TTF', 'BOOKOSI.TTF', 'BRADHITC.TTF', 'BRITANIC.TTF', 'BRLNSB.TTF', 'BRLNSDB.TTF', 'BRLNSR.TTF', 'BROADW.TTF', 'BRUSHSCI.TTF', 'BSSYM7.TTF', 'c8514fix.fon', 'c8514oem.fon', 'c8514sys.fon', 'calibri.ttf', 'calibrib.ttf', 'calibrii.ttf', 'calibril.ttf', 'calibrili.ttf', 'calibriz.ttf', 'CALIFB.TTF', 'CALIFI.TTF', 'CALIFR.TTF', 'CALIST.TTF', 'CALISTB.TTF', 'CALISTBI.TTF', 'CALISTI.TTF', 'cambria.ttc', 'cambriab.ttf', 'cambriai.ttf', 'cambriaz.ttf', 'Candara.ttf', 'Candarab.ttf', 'Candarai.ttf', 'Candaral.ttf', 'Candarali.ttf', 'Candaraz.ttf', 'CascadiaCode.ttf', 'CascadiaMono.ttf', 'CASTELAR.TTF', 'CENSCBK.TTF', 'CENTAUR.TTF', 'CENTURY.TTF', 'cga40737.fon', 'cga40850.fon', 'cga40852.fon', 'cga40857.fon', 'cga40866.fon', 'cga40869.fon', 'cga40woa.fon', 'cga80737.fon', 'cga80850.fon', 'cga80852.fon', 'cga80857.fon', 'cga80866.fon', 'cga80869.fon', 'cga80woa.fon', 'CHILLER.TTF', 'COLONNA.TTF', 'comic.ttf', 'comicbd.ttf', 'comici.ttf', 'comicz.ttf', 'consola.ttf', 'consolab.ttf', 'consolai.ttf', 'consolaz.ttf', 'constan.ttf', 'constanb.ttf', 'constani.ttf', 'constanz.ttf', 'COOPBL.TTF', 'COPRGTB.TTF', 'COPRGTL.TTF', 'corbel.ttf', 'corbelb.ttf', 'corbeli.ttf', 'corbell.ttf', 'corbelli.ttf', 'corbelz.ttf', 'coue1255.fon', 'coue1256.fon', 'coue1257.fon', 'couf1255.fon', 'couf1256.fon', 'couf1257.fon', 'cour.ttf', 'courbd.ttf', 'courbi.ttf', 'coure.fon', 'couree.fon', 'coureg.fon', 'courer.fon', 'couret.fon', 'courf.fon', 'courfe.fon', 'courfg.fon', 'courfr.fon', 'courft.fon', 'couri.ttf', 'CURLZ___.TTF', 'cvgafix.fon', 'cvgasys.fon', 'Deng.ttf', 'Dengb.ttf', 'Dengl.ttf', 'desktop.ini', 'dos737.fon', 'dos869.fon', 'dosapp.fon', 'DUBAI-BOLD.TTF', 'DUBAI-LIGHT.TTF', 'DUBAI-MEDIUM.TTF', 'DUBAI-REGULAR.TTF', 'ebrima.ttf', 'ebrimabd.ttf', 'ega40737.fon', 'ega40850.fon', 'ega40852.fon', 'ega40857.fon', 'ega40866.fon', 'ega40869.fon', 'ega40woa.fon', 'ega80737.fon', 'ega80850.fon', 'ega80852.fon', 'ega80857.fon', 'ega80866.fon', 'ega80869.fon', 'ega80woa.fon', 'ELEPHNT.TTF', 'ELEPHNTI.TTF', 'ENGR.TTF', 'ERASBD.TTF', 'ERASDEMI.TTF', 'ERASLGHT.TTF', 'ERASMD.TTF', 'FELIXTI.TTF', 'fms_metadata.xml', 'FORTE.TTF', 'FRABK.TTF', 'FRABKIT.TTF', 'FRADM.TTF', 'FRADMCN.TTF', 'FRADMIT.TTF', 'FRAHV.TTF', 'FRAHVIT.TTF', 'framd.ttf', 'FRAMDCN.TTF', 'framdit.ttf', 'FREESCPT.TTF', 'FRSCRIPT.TTF', 'FTLTLT.TTF', 'FZSTK.TTF', 'FZYTK.TTF', 'Gabriola.ttf', 'gadugi.ttf', 'gadugib.ttf', 'GARA.TTF', 'GARABD.TTF', 'GARAIT.TTF', 'georgia.ttf', 'georgiab.ttf', 'georgiai.ttf', 'georgiaz.ttf', 'GIGI.TTF', 'GILBI___.TTF', 'GILB____.TTF', 'GILC____.TTF', 'GILI____.TTF', 'GILLUBCD.TTF', 'GILSANUB.TTF', 'GIL_____.TTF', 'GLECB.TTF', 'GlobalMonospace.CompositeFont', 'GlobalSansSerif.CompositeFont', 'GlobalSerif.CompositeFont', 'GlobalUserInterface.CompositeFont', 'GLSNECB.TTF', 'GOTHIC.TTF', 'GOTHICB.TTF', 'GOTHICBI.TTF', 'GOTHICI.TTF', 'GOUDOS.TTF', 'GOUDOSB.TTF', 'GOUDOSI.TTF', 'GOUDYSTO.TTF', 'h8514fix.fon', 'h8514oem.fon', 'h8514sys.fon', 'HARLOWSI.TTF', 'HARNGTON.TTF', 'HATTEN.TTF', 'HGB1X_CNKI.ttf', 'HGB1_CNKI.ttf', 'HGB2X_CNKI.ttf', 'HGB2_CNKI.ttf', 'HGB3X_CNKI.ttf', 'HGB3_CNKI.ttf', 'HGB4X_CNKI.ttf', 'HGB4_CNKI.ttf', 'HGB5X_CNKI.ttf', 'HGB5_CNKI.ttf', 'HGB6X_CNKI.ttf', 'HGB6_CNKI.ttf', 'HGB7X_CNKI.ttf', 'HGB7_CNKI.ttf', 'HGB8X_CNKI.ttf', 'HGB8_CNKI.ttf', 'HGBD_CNKI.ttf', 'HGBKBX_CNKI.ttf', 'HGBKB_CNKI.ttf', 'HGBKHX_CNKI.ttf', 'HGBKH_CNKI.ttf', 'HGBS1_CNKI.TTF', 'HGBS2_CNKI.TTF', 'HGBS_CNKI.TTF', 'HGBTH_CNKI.TTF', 'HGBTS_CNKI.TTF', 'HGBX_CNKI.ttf', 'HGBZ_CNKI.ttf', 'HGCH_CNKI.TTF', 'HGCUH_CNKI.TTF', 'HGCY_CNKI.TTF', 'HGDBS_CNKI.TTF', 'HGDGY_CNKI.TTF', 'HGDH2_CNKI.TTF', 'HGDH_CNKI.TTF', 'HGDYS_CNKI.TTF', 'HGDY_CNKI.ttf', 'HGF1X_CNKI.ttf', 'HGF1_CNKI.ttf', 'HGF2X_CNKI.ttf', 'HGF2_CNKI.ttf', 'HGF3_CNKI.ttf', 'HGF4X_CNKI.ttf', 'HGF4_CNKI.ttf', 'HGF5X_CNKI.ttf', 'HGF5_CNKI.ttf', 'HGF6X_CNKI.ttf', 'HGF6_CNKI.ttf', 'HGF7X_CNKI.ttf', 'HGF7_CNKI.ttf', 'HGF8_CNKI.ttf', 'HGF9X_CNKI.ttf', 'HGF9_CNKI.ttf', 'HGFS1_CNKI.TTF', 'HGFS2_CNKI.TTF', 'HGFSH_CNKI.TTF', 'HGFS_CNKI.TTF', 'HGFX_CNKI.ttf', 'HGFZ_CNKI.ttf', 'HGGG_CNKI.TTF', 'HGH1X_CNKI.ttf', 'HGH1_CNKI.ttf', 'HGH2X_CNKI.ttf', 'HGH2_CNKI.ttf', 'HGH3X_CNKI.ttf', 'HGH3_CNKI.ttf', 'HGH4X_CNKI.ttf', 'HGH4_CNKI.ttf', 'HGH5X_CNKI.ttf', 'HGH5_CNKI.ttf', 'HGH6X_CNKI.ttf', 'HGH6_CNKI.ttf', 'HGH7X_CNKI.ttf', 'HGH7_CNKI.ttf', 'HGHB_CNKI.TTF', 'HGHD_CNKI.ttf', 'HGHP_CNKI.TTF', 'HGHT1_CNKI.ttf', 'HGHT2_CNKI.ttf', 'HGHUATI_CNKI.ttf', 'HGHX_CNKI.ttf', 'HGHZ_CNKI.ttf', 'HGH_CNKI.TTF', 'HGKT1_CNKI.TTF', 'HGKT2_CNKI.TTF', 'HGKT_CNKI.TTF', 'HGKY_CNKI.ttf', 'HGLB_CNKI.TTF', 'HGLS_CNKI.TTF', 'HGMH_CNKI.TTF', 'HGNBS_CNKI.ttf', 'HGOCR_CNKI.ttf', 'HGPH_CNKI.TTF', 'HGPTY_CNKI.TTF', 'HGSS1_CNKI.TTF', 'HGSS2_CNKI.TTF', 'HGSS_CNKI.TTF', 'HGSXT_CNKI.ttf', 'HGTT_CNKI.ttf', 'HGTX_CNKI.TTF', 'HGWT_CNKI.TTF', 'HGWYS_CNKI.TTF', 'HGX1X_CNKI.ttf', 'HGX1_CNKI.ttf', 'HGXBS_CNKI.TTF', 'HGXC_CNKI.TTF', 'HGXF1_CNKI.ttf', 'HGXFX_CNKI.ttf', 'HGXFZ_CNKI.ttf', 'HGXH1_CNKI.TTF', 'HGXH_CNKI.TTF', 'HGXK_CNKI.TTF', 'HGXL_CNKI.TTF', 'HGXS_CNKI.TTF', 'HGXT_CNKI.ttf', 'HGXY_CNKI.ttf', 'HGY1_CNKI.TTF', 'HGY2_CNKI.TTF', 'HGY3_CNKI.TTF', 'HGY4_CNKI.TTF', 'HGYB_CNKI.ttf', 'HGYT1_CNKI.ttf', 'HGYT2_CNKI.ttf', 'HGYT_CNKI.TTF', 'HGYX_CNKI.TTF', 'HGZCS_CNKI.TTF', 'HGZDX_CNKI.TTF', 'HGZK_CNKI.TTF', 'HGZYT_CNKI.TTF', 'HGZY_CNKI.TTF', 'himalaya.ttf', 'holomdl2.ttf', 'HTOWERT.TTF', 'HTOWERTI.TTF', 'hvgafix.fon', 'hvgasys.fon', 'impact.ttf', 'IMPRISHA.TTF', 'INFROMAN.TTF', 'Inkfree.ttf', 'iqiyi_logov7.ttf', 'ITCBLKAD.TTF', 'ITCEDSCR.TTF', 'ITCKRIST.TTF', 'j8514fix.fon', 'j8514oem.fon', 'j8514sys.fon', 'javatext.ttf', 'JOKERMAN.TTF', 'jsmalle.fon', 'jsmallf.fon', 'JUICE___.TTF', 'jvgafix.fon', 'jvgasys.fon', 'KUNSTLER.TTF', 'LATINWD.TTF', 'LBRITE.TTF', 'LBRITED.TTF', 'LBRITEDI.TTF', 'LBRITEI.TTF', 'LCALLIG.TTF', 'LeelaUIb.ttf', 'LeelawUI.ttf', 'LeelUIsl.ttf', 'LFAX.TTF', 'LFAXD.TTF', 'LFAXDI.TTF', 'LFAXI.TTF', 'LHANDW.TTF', 'LSANS.TTF', 'LSANSD.TTF', 'LSANSDI.TTF', 'LSANSI.TTF', 'LTYPE.TTF', 'LTYPEB.TTF', 'LTYPEBO.TTF', 'LTYPEO.TTF', 'lucon.ttf', 'l_10646.ttf', 'MAGNETOB.TTF', 'MAIAN.TTF', 'malgun.ttf', 'malgunbd.ttf', 'malgunsl.ttf', 'marlett.ttf', 'MATURASC.TTF', 'micross.ttf', 'mingliub.ttc', 'MISTRAL.TTF', 'mmrtext.ttf', 'mmrtextb.ttf', 'MOD20.TTF', 'modern.fon', 'monbaiti.ttf', 'msgothic.ttc', 'msjh.ttc', 'msjhbd.ttc', 'msjhl.ttc', 'msyh.ttc', 'msyhbd.ttc', 'msyhl.ttc', 'msyi.ttf', 'MTCORSVA.TTF', 'MTEXTRA.TTF', 'mvboli.ttf', 'NIAGENG.TTF', 'NIAGSOL.TTF', 'Nirmala.ttf', 'NirmalaB.ttf', 'NirmalaS.ttf', 'ntailu.ttf', 'ntailub.ttf', 'NumberOnly.ttf', 'OCRAEXT.TTF', 'OLDENGL.TTF', 'ONYX.TTF', 'OUTLOOK.TTF', 'pala.ttf', 'palab.ttf', 'palabi.ttf', 'palai.ttf', 'PALSCRI.TTF', 'PAPYRUS.TTF', 'PARCHM.TTF', 'PERBI___.TTF', 'PERB____.TTF', 'PERI____.TTF', 'PERTIBD.TTF', 'PERTILI.TTF', 'PER_____.TTF', 'phagspa.ttf', 'phagspab.ttf', 'PLAYBILL.TTF', 'POORICH.TTF', 'PRISTINA.TTF', 'RAGE.TTF', 'RAVIE.TTF', 'REFSAN.TTF', 'REFSPCL.TTF', 'ROCCB___.TTF', 'ROCC____.TTF', 'ROCK.TTF', 'ROCKB.TTF', 'ROCKBI.TTF', 'ROCKEB.TTF', 'ROCKI.TTF', 'roman.fon', 's8514fix.fon', 's8514oem.fon', 's8514sys.fon', 'SCHLBKB.TTF', 'SCHLBKBI.TTF', 'SCHLBKI.TTF', 'script.fon', 'SCRIPTBL.TTF', 'segmdl2.ttf', 'SegoeIcons.ttf', 'segoepr.ttf', 'segoeprb.ttf', 'segoesc.ttf', 'segoescb.ttf', 'segoeui.ttf', 'segoeuib.ttf', 'segoeuii.ttf', 'segoeuil.ttf', 'segoeuisl.ttf', 'segoeuiz.ttf', 'seguibl.ttf', 'seguibli.ttf', 'seguiemj.ttf', 'seguihis.ttf', 'seguili.ttf', 'seguisb.ttf', 'seguisbi.ttf', 'seguisli.ttf', 'seguisym.ttf', 'SegUIVar.ttf', 'sere1255.fon', 'sere1256.fon', 'sere1257.fon', 'serf1255.fon', 'serf1256.fon', 'serf1257.fon', 'serife.fon', 'serifee.fon', 'serifeg.fon', 'serifer.fon', 'serifet.fon', 'seriff.fon', 'seriffe.fon', 'seriffg.fon', 'seriffr.fon', 'serifft.fon', 'SHOWG.TTF', 'simfang.ttf', 'simhei.ttf', 'simkai.ttf', 'SIMLI.TTF', 'simsun.ttc', 'simsunb.ttf', 'SIMYOU.TTF', 'SitkaVF-Italic.ttf', 'SitkaVF.ttf', 'smae1255.fon', 'smae1256.fon', 'smae1257.fon', 'smaf1255.fon', 'smaf1256.fon', 'smaf1257.fon', 'smalle.fon', 'smallee.fon', 'smalleg.fon', 'smaller.fon', 'smallet.fon', 'smallf.fon', 'smallfe.fon', 'smallfg.fon', 'smallfr.fon', 'smallft.fon', 'SNAP____.TTF', 'ssee1255.fon', 'ssee1256.fon', 'ssee1257.fon', 'ssee874.fon', 'ssef1255.fon', 'ssef1256.fon', 'ssef1257.fon', 'ssef874.fon', 'sserife.fon', 'sserifee.fon', 'sserifeg.fon', 'sserifer.fon', 'sserifet.fon', 'sseriff.fon', 'sseriffe.fon', 'sseriffg.fon', 'sseriffr.fon', 'sserifft.fon', 'StaticCache.dat', 'STCAIYUN.TTF', 'STENCIL.TTF', 'STFANGSO.TTF', 'STHUPO.TTF', 'STKAITI.TTF', 'STLITI.TTF', 'STSONG.TTF', 'STXIHEI.TTF', 'STXINGKA.TTF', 'STXINWEI.TTF', 'STZHONGS.TTF', 'svgafix.fon', 'svgasys.fon', 'sylfaen.ttf', 'symbol.ttf', 'tahoma.ttf', 'tahomabd.ttf', 'taile.ttf', 'taileb.ttf', 'TCBI____.TTF', 'TCB_____.TTF', 'TCCB____.TTF', 'TCCEB.TTF', 'TCCM____.TTF', 'TCMI____.TTF', 'TCM_____.TTF', 'TEMPSITC.TTF', 'times.ttf', 'timesbd.ttf', 'timesbi.ttf', 'timesi.ttf', 'trebuc.ttf', 'trebucbd.ttf', 'trebucbi.ttf', 'trebucit.ttf', 'verdana.ttf', 'verdanab.ttf', 'verdanai.ttf', 'verdanaz.ttf', 'vga737.fon', 'vga775.fon', 'vga850.fon', 'vga852.fon', 'vga855.fon', 'vga857.fon', 'vga860.fon', 'vga861.fon', 'vga863.fon', 'vga865.fon', 'vga866.fon', 'vga869.fon', 'vga932.fon', 'vga936.fon', 'vga949.fon', 'vga950.fon', 'vgaf1255.fon', 'vgaf1256.fon', 'vgaf1257.fon', 'vgaf874.fon', 'vgafix.fon', 'vgafixe.fon', 'vgafixg.fon', 'vgafixr.fon', 'vgafixt.fon', 'vgaoem.fon', 'vgas1255.fon', 'vgas1256.fon', 'vgas1257.fon', 'vgas874.fon', 'vgasys.fon', 'vgasyse.fon', 'vgasysg.fon', 'vgasysr.fon', 'vgasyst.fon', 'VINERITC.TTF', 'VIVALDII.TTF', 'VLADIMIR.TTF', 'webdings.ttf', 'wingding.ttf', 'WINGDNG2.TTF', 'WINGDNG3.TTF', 'YuGothB.ttc', 'YuGothL.ttc', 'YuGothM.ttc', 'YuGothR.ttc', '\u534e\u5eb7\u65b9\u5706\u4f53W7.TTC', '\u65b9\u6b63\u7c97\u9ed1\u5b8b\u7b80\u4f53.ttf']
2023-09-27 15:56:53,864 - INFO - all fonts installed:['8514fix.fon', '8514fixe.fon', '8514fixg.fon', '8514fixr.fon', '8514fixt.fon', '8514oem.fon', '8514oeme.fon', '8514oemg.fon', '8514oemr.fon', '8514oemt.fon', '8514sys.fon', '8514syse.fon', '8514sysg.fon', '8514sysr.fon', '8514syst.fon', '85775.fon', '85855.fon', '85f1255.fon', '85f1256.fon', '85f1257.fon', '85f874.fon', '85s1255.fon', '85s1256.fon', '85s1257.fon', '85s874.fon', 'AGENCYB.TTF', 'AGENCYR.TTF', 'ALGER.TTF', 'ANTQUAB.TTF', 'ANTQUABI.TTF', 'ANTQUAI.TTF', 'app775.fon', 'app850.fon', 'app852.fon', 'app855.fon', 'app857.fon', 'app866.fon', 'app932.fon', 'app936.fon', 'app949.fon', 'app950.fon', 'arial.ttf', 'arialbd.ttf', 'arialbi.ttf', 'ariali.ttf', 'ARIALN.TTF', 'ARIALNB.TTF', 'ARIALNBI.TTF', 'ARIALNI.TTF', 'ariblk.ttf', 'ARLRDBD.TTF', 'AxureHandwriting-Bold.otf', 'AxureHandwriting-BoldItalic.otf', 'AxureHandwriting-Italic.otf', 'AxureHandwriting.otf', 'bahnschrift.ttf', 'BASKVILL.TTF', 'BAUHS93.TTF', 'BELL.TTF', 'BELLB.TTF', 'BELLI.TTF', 'BERNHC.TTF', 'BKANT.TTF', 'BOD_B.TTF', 'BOD_BI.TTF', 'BOD_BLAI.TTF', 'BOD_BLAR.TTF', 'BOD_CB.TTF', 'BOD_CBI.TTF', 'BOD_CI.TTF', 'BOD_CR.TTF', 'BOD_I.TTF', 'BOD_PSTC.TTF', 'BOD_R.TTF', 'BOOKOS.TTF', 'BOOKOSB.TTF', 'BOOKOSBI.TTF', 'BOOKOSI.TTF', 'BRADHITC.TTF', 'BRITANIC.TTF', 'BRLNSB.TTF', 'BRLNSDB.TTF', 'BRLNSR.TTF', 'BROADW.TTF', 'BRUSHSCI.TTF', 'BSSYM7.TTF', 'c8514fix.fon', 'c8514oem.fon', 'c8514sys.fon', 'calibri.ttf', 'calibrib.ttf', 'calibrii.ttf', 'calibril.ttf', 'calibrili.ttf', 'calibriz.ttf', 'CALIFB.TTF', 'CALIFI.TTF', 'CALIFR.TTF', 'CALIST.TTF', 'CALISTB.TTF', 'CALISTBI.TTF', 'CALISTI.TTF', 'cambria.ttc', 'cambriab.ttf', 'cambriai.ttf', 'cambriaz.ttf', 'Candara.ttf', 'Candarab.ttf', 'Candarai.ttf', 'Candaral.ttf', 'Candarali.ttf', 'Candaraz.ttf', 'CascadiaCode.ttf', 'CascadiaMono.ttf', 'CASTELAR.TTF', 'CENSCBK.TTF', 'CENTAUR.TTF', 'CENTURY.TTF', 'cga40737.fon', 'cga40850.fon', 'cga40852.fon', 'cga40857.fon', 'cga40866.fon', 'cga40869.fon', 'cga40woa.fon', 'cga80737.fon', 'cga80850.fon', 'cga80852.fon', 'cga80857.fon', 'cga80866.fon', 'cga80869.fon', 'cga80woa.fon', 'CHILLER.TTF', 'COLONNA.TTF', 'comic.ttf', 'comicbd.ttf', 'comici.ttf', 'comicz.ttf', 'consola.ttf', 'consolab.ttf', 'consolai.ttf', 'consolaz.ttf', 'constan.ttf', 'constanb.ttf', 'constani.ttf', 'constanz.ttf', 'COOPBL.TTF', 'COPRGTB.TTF', 'COPRGTL.TTF', 'corbel.ttf', 'corbelb.ttf', 'corbeli.ttf', 'corbell.ttf', 'corbelli.ttf', 'corbelz.ttf', 'coue1255.fon', 'coue1256.fon', 'coue1257.fon', 'couf1255.fon', 'couf1256.fon', 'couf1257.fon', 'cour.ttf', 'courbd.ttf', 'courbi.ttf', 'coure.fon', 'couree.fon', 'coureg.fon', 'courer.fon', 'couret.fon', 'courf.fon', 'courfe.fon', 'courfg.fon', 'courfr.fon', 'courft.fon', 'couri.ttf', 'CURLZ___.TTF', 'cvgafix.fon', 'cvgasys.fon', 'Deng.ttf', 'Dengb.ttf', 'Dengl.ttf', 'desktop.ini', 'dos737.fon', 'dos869.fon', 'dosapp.fon', 'DUBAI-BOLD.TTF', 'DUBAI-LIGHT.TTF', 'DUBAI-MEDIUM.TTF', 'DUBAI-REGULAR.TTF', 'ebrima.ttf', 'ebrimabd.ttf', 'ega40737.fon', 'ega40850.fon', 'ega40852.fon', 'ega40857.fon', 'ega40866.fon', 'ega40869.fon', 'ega40woa.fon', 'ega80737.fon', 'ega80850.fon', 'ega80852.fon', 'ega80857.fon', 'ega80866.fon', 'ega80869.fon', 'ega80woa.fon', 'ELEPHNT.TTF', 'ELEPHNTI.TTF', 'ENGR.TTF', 'ERASBD.TTF', 'ERASDEMI.TTF', 'ERASLGHT.TTF', 'ERASMD.TTF', 'FELIXTI.TTF', 'fms_metadata.xml', 'FORTE.TTF', 'FRABK.TTF', 'FRABKIT.TTF', 'FRADM.TTF', 'FRADMCN.TTF', 'FRADMIT.TTF', 'FRAHV.TTF', 'FRAHVIT.TTF', 'framd.ttf', 'FRAMDCN.TTF', 'framdit.ttf', 'FREESCPT.TTF', 'FRSCRIPT.TTF', 'FTLTLT.TTF', 'FZSTK.TTF', 'FZYTK.TTF', 'Gabriola.ttf', 'gadugi.ttf', 'gadugib.ttf', 'GARA.TTF', 'GARABD.TTF', 'GARAIT.TTF', 'georgia.ttf', 'georgiab.ttf', 'georgiai.ttf', 'georgiaz.ttf', 'GIGI.TTF', 'GILBI___.TTF', 'GILB____.TTF', 'GILC____.TTF', 'GILI____.TTF', 'GILLUBCD.TTF', 'GILSANUB.TTF', 'GIL_____.TTF', 'GLECB.TTF', 'GlobalMonospace.CompositeFont', 'GlobalSansSerif.CompositeFont', 'GlobalSerif.CompositeFont', 'GlobalUserInterface.CompositeFont', 'GLSNECB.TTF', 'GOTHIC.TTF', 'GOTHICB.TTF', 'GOTHICBI.TTF', 'GOTHICI.TTF', 'GOUDOS.TTF', 'GOUDOSB.TTF', 'GOUDOSI.TTF', 'GOUDYSTO.TTF', 'h8514fix.fon', 'h8514oem.fon', 'h8514sys.fon', 'HARLOWSI.TTF', 'HARNGTON.TTF', 'HATTEN.TTF', 'HGB1X_CNKI.ttf', 'HGB1_CNKI.ttf', 'HGB2X_CNKI.ttf', 'HGB2_CNKI.ttf', 'HGB3X_CNKI.ttf', 'HGB3_CNKI.ttf', 'HGB4X_CNKI.ttf', 'HGB4_CNKI.ttf', 'HGB5X_CNKI.ttf', 'HGB5_CNKI.ttf', 'HGB6X_CNKI.ttf', 'HGB6_CNKI.ttf', 'HGB7X_CNKI.ttf', 'HGB7_CNKI.ttf', 'HGB8X_CNKI.ttf', 'HGB8_CNKI.ttf', 'HGBD_CNKI.ttf', 'HGBKBX_CNKI.ttf', 'HGBKB_CNKI.ttf', 'HGBKHX_CNKI.ttf', 'HGBKH_CNKI.ttf', 'HGBS1_CNKI.TTF', 'HGBS2_CNKI.TTF', 'HGBS_CNKI.TTF', 'HGBTH_CNKI.TTF', 'HGBTS_CNKI.TTF', 'HGBX_CNKI.ttf', 'HGBZ_CNKI.ttf', 'HGCH_CNKI.TTF', 'HGCUH_CNKI.TTF', 'HGCY_CNKI.TTF', 'HGDBS_CNKI.TTF', 'HGDGY_CNKI.TTF', 'HGDH2_CNKI.TTF', 'HGDH_CNKI.TTF', 'HGDYS_CNKI.TTF', 'HGDY_CNKI.ttf', 'HGF1X_CNKI.ttf', 'HGF1_CNKI.ttf', 'HGF2X_CNKI.ttf', 'HGF2_CNKI.ttf', 'HGF3_CNKI.ttf', 'HGF4X_CNKI.ttf', 'HGF4_CNKI.ttf', 'HGF5X_CNKI.ttf', 'HGF5_CNKI.ttf', 'HGF6X_CNKI.ttf', 'HGF6_CNKI.ttf', 'HGF7X_CNKI.ttf', 'HGF7_CNKI.ttf', 'HGF8_CNKI.ttf', 'HGF9X_CNKI.ttf', 'HGF9_CNKI.ttf', 'HGFS1_CNKI.TTF', 'HGFS2_CNKI.TTF', 'HGFSH_CNKI.TTF', 'HGFS_CNKI.TTF', 'HGFX_CNKI.ttf', 'HGFZ_CNKI.ttf', 'HGGG_CNKI.TTF', 'HGH1X_CNKI.ttf', 'HGH1_CNKI.ttf', 'HGH2X_CNKI.ttf', 'HGH2_CNKI.ttf', 'HGH3X_CNKI.ttf', 'HGH3_CNKI.ttf', 'HGH4X_CNKI.ttf', 'HGH4_CNKI.ttf', 'HGH5X_CNKI.ttf', 'HGH5_CNKI.ttf', 'HGH6X_CNKI.ttf', 'HGH6_CNKI.ttf', 'HGH7X_CNKI.ttf', 'HGH7_CNKI.ttf', 'HGHB_CNKI.TTF', 'HGHD_CNKI.ttf', 'HGHP_CNKI.TTF', 'HGHT1_CNKI.ttf', 'HGHT2_CNKI.ttf', 'HGHUATI_CNKI.ttf', 'HGHX_CNKI.ttf', 'HGHZ_CNKI.ttf', 'HGH_CNKI.TTF', 'HGKT1_CNKI.TTF', 'HGKT2_CNKI.TTF', 'HGKT_CNKI.TTF', 'HGKY_CNKI.ttf', 'HGLB_CNKI.TTF', 'HGLS_CNKI.TTF', 'HGMH_CNKI.TTF', 'HGNBS_CNKI.ttf', 'HGOCR_CNKI.ttf', 'HGPH_CNKI.TTF', 'HGPTY_CNKI.TTF', 'HGSS1_CNKI.TTF', 'HGSS2_CNKI.TTF', 'HGSS_CNKI.TTF', 'HGSXT_CNKI.ttf', 'HGTT_CNKI.ttf', 'HGTX_CNKI.TTF', 'HGWT_CNKI.TTF', 'HGWYS_CNKI.TTF', 'HGX1X_CNKI.ttf', 'HGX1_CNKI.ttf', 'HGXBS_CNKI.TTF', 'HGXC_CNKI.TTF', 'HGXF1_CNKI.ttf', 'HGXFX_CNKI.ttf', 'HGXFZ_CNKI.ttf', 'HGXH1_CNKI.TTF', 'HGXH_CNKI.TTF', 'HGXK_CNKI.TTF', 'HGXL_CNKI.TTF', 'HGXS_CNKI.TTF', 'HGXT_CNKI.ttf', 'HGXY_CNKI.ttf', 'HGY1_CNKI.TTF', 'HGY2_CNKI.TTF', 'HGY3_CNKI.TTF', 'HGY4_CNKI.TTF', 'HGYB_CNKI.ttf', 'HGYT1_CNKI.ttf', 'HGYT2_CNKI.ttf', 'HGYT_CNKI.TTF', 'HGYX_CNKI.TTF', 'HGZCS_CNKI.TTF', 'HGZDX_CNKI.TTF', 'HGZK_CNKI.TTF', 'HGZYT_CNKI.TTF', 'HGZY_CNKI.TTF', 'himalaya.ttf', 'holomdl2.ttf', 'HTOWERT.TTF', 'HTOWERTI.TTF', 'hvgafix.fon', 'hvgasys.fon', 'impact.ttf', 'IMPRISHA.TTF', 'INFROMAN.TTF', 'Inkfree.ttf', 'iqiyi_logov7.ttf', 'ITCBLKAD.TTF', 'ITCEDSCR.TTF', 'ITCKRIST.TTF', 'j8514fix.fon', 'j8514oem.fon', 'j8514sys.fon', 'javatext.ttf', 'JOKERMAN.TTF', 'jsmalle.fon', 'jsmallf.fon', 'JUICE___.TTF', 'jvgafix.fon', 'jvgasys.fon', 'KUNSTLER.TTF', 'LATINWD.TTF', 'LBRITE.TTF', 'LBRITED.TTF', 'LBRITEDI.TTF', 'LBRITEI.TTF', 'LCALLIG.TTF', 'LeelaUIb.ttf', 'LeelawUI.ttf', 'LeelUIsl.ttf', 'LFAX.TTF', 'LFAXD.TTF', 'LFAXDI.TTF', 'LFAXI.TTF', 'LHANDW.TTF', 'LSANS.TTF', 'LSANSD.TTF', 'LSANSDI.TTF', 'LSANSI.TTF', 'LTYPE.TTF', 'LTYPEB.TTF', 'LTYPEBO.TTF', 'LTYPEO.TTF', 'lucon.ttf', 'l_10646.ttf', 'MAGNETOB.TTF', 'MAIAN.TTF', 'malgun.ttf', 'malgunbd.ttf', 'malgunsl.ttf', 'marlett.ttf', 'MATURASC.TTF', 'micross.ttf', 'mingliub.ttc', 'MISTRAL.TTF', 'mmrtext.ttf', 'mmrtextb.ttf', 'MOD20.TTF', 'modern.fon', 'monbaiti.ttf', 'msgothic.ttc', 'msjh.ttc', 'msjhbd.ttc', 'msjhl.ttc', 'msyh.ttc', 'msyhbd.ttc', 'msyhl.ttc', 'msyi.ttf', 'MTCORSVA.TTF', 'MTEXTRA.TTF', 'mvboli.ttf', 'NIAGENG.TTF', 'NIAGSOL.TTF', 'Nirmala.ttf', 'NirmalaB.ttf', 'NirmalaS.ttf', 'ntailu.ttf', 'ntailub.ttf', 'NumberOnly.ttf', 'OCRAEXT.TTF', 'OLDENGL.TTF', 'ONYX.TTF', 'OUTLOOK.TTF', 'pala.ttf', 'palab.ttf', 'palabi.ttf', 'palai.ttf', 'PALSCRI.TTF', 'PAPYRUS.TTF', 'PARCHM.TTF', 'PERBI___.TTF', 'PERB____.TTF', 'PERI____.TTF', 'PERTIBD.TTF', 'PERTILI.TTF', 'PER_____.TTF', 'phagspa.ttf', 'phagspab.ttf', 'PLAYBILL.TTF', 'POORICH.TTF', 'PRISTINA.TTF', 'RAGE.TTF', 'RAVIE.TTF', 'REFSAN.TTF', 'REFSPCL.TTF', 'ROCCB___.TTF', 'ROCC____.TTF', 'ROCK.TTF', 'ROCKB.TTF', 'ROCKBI.TTF', 'ROCKEB.TTF', 'ROCKI.TTF', 'roman.fon', 's8514fix.fon', 's8514oem.fon', 's8514sys.fon', 'SCHLBKB.TTF', 'SCHLBKBI.TTF', 'SCHLBKI.TTF', 'script.fon', 'SCRIPTBL.TTF', 'segmdl2.ttf', 'SegoeIcons.ttf', 'segoepr.ttf', 'segoeprb.ttf', 'segoesc.ttf', 'segoescb.ttf', 'segoeui.ttf', 'segoeuib.ttf', 'segoeuii.ttf', 'segoeuil.ttf', 'segoeuisl.ttf', 'segoeuiz.ttf', 'seguibl.ttf', 'seguibli.ttf', 'seguiemj.ttf', 'seguihis.ttf', 'seguili.ttf', 'seguisb.ttf', 'seguisbi.ttf', 'seguisli.ttf', 'seguisym.ttf', 'SegUIVar.ttf', 'sere1255.fon', 'sere1256.fon', 'sere1257.fon', 'serf1255.fon', 'serf1256.fon', 'serf1257.fon', 'serife.fon', 'serifee.fon', 'serifeg.fon', 'serifer.fon', 'serifet.fon', 'seriff.fon', 'seriffe.fon', 'seriffg.fon', 'seriffr.fon', 'serifft.fon', 'SHOWG.TTF', 'simfang.ttf', 'simhei.ttf', 'simkai.ttf', 'SIMLI.TTF', 'simsun.ttc', 'simsunb.ttf', 'SIMYOU.TTF', 'SitkaVF-Italic.ttf', 'SitkaVF.ttf', 'smae1255.fon', 'smae1256.fon', 'smae1257.fon', 'smaf1255.fon', 'smaf1256.fon', 'smaf1257.fon', 'smalle.fon', 'smallee.fon', 'smalleg.fon', 'smaller.fon', 'smallet.fon', 'smallf.fon', 'smallfe.fon', 'smallfg.fon', 'smallfr.fon', 'smallft.fon', 'SNAP____.TTF', 'ssee1255.fon', 'ssee1256.fon', 'ssee1257.fon', 'ssee874.fon', 'ssef1255.fon', 'ssef1256.fon', 'ssef1257.fon', 'ssef874.fon', 'sserife.fon', 'sserifee.fon', 'sserifeg.fon', 'sserifer.fon', 'sserifet.fon', 'sseriff.fon', 'sseriffe.fon', 'sseriffg.fon', 'sseriffr.fon', 'sserifft.fon', 'StaticCache.dat', 'STCAIYUN.TTF', 'STENCIL.TTF', 'STFANGSO.TTF', 'STHUPO.TTF', 'STKAITI.TTF', 'STLITI.TTF', 'STSONG.TTF', 'STXIHEI.TTF', 'STXINGKA.TTF', 'STXINWEI.TTF', 'STZHONGS.TTF', 'svgafix.fon', 'svgasys.fon', 'sylfaen.ttf', 'symbol.ttf', 'tahoma.ttf', 'tahomabd.ttf', 'taile.ttf', 'taileb.ttf', 'TCBI____.TTF', 'TCB_____.TTF', 'TCCB____.TTF', 'TCCEB.TTF', 'TCCM____.TTF', 'TCMI____.TTF', 'TCM_____.TTF', 'TEMPSITC.TTF', 'times.ttf', 'timesbd.ttf', 'timesbi.ttf', 'timesi.ttf', 'trebuc.ttf', 'trebucbd.ttf', 'trebucbi.ttf', 'trebucit.ttf', 'verdana.ttf', 'verdanab.ttf', 'verdanai.ttf', 'verdanaz.ttf', 'vga737.fon', 'vga775.fon', 'vga850.fon', 'vga852.fon', 'vga855.fon', 'vga857.fon', 'vga860.fon', 'vga861.fon', 'vga863.fon', 'vga865.fon', 'vga866.fon', 'vga869.fon', 'vga932.fon', 'vga936.fon', 'vga949.fon', 'vga950.fon', 'vgaf1255.fon', 'vgaf1256.fon', 'vgaf1257.fon', 'vgaf874.fon', 'vgafix.fon', 'vgafixe.fon', 'vgafixg.fon', 'vgafixr.fon', 'vgafixt.fon', 'vgaoem.fon', 'vgas1255.fon', 'vgas1256.fon', 'vgas1257.fon', 'vgas874.fon', 'vgasys.fon', 'vgasyse.fon', 'vgasysg.fon', 'vgasysr.fon', 'vgasyst.fon', 'VINERITC.TTF', 'VIVALDII.TTF', 'VLADIMIR.TTF', 'webdings.ttf', 'wingding.ttf', 'WINGDNG2.TTF', 'WINGDNG3.TTF', 'YuGothB.ttc', 'YuGothL.ttc', 'YuGothM.ttc', 'YuGothR.ttc', '\u534e\u5eb7\u65b9\u5706\u4f53W7.TTC', '\u65b9\u6b63\u7c97\u9ed1\u5b8b\u7b80\u4f53.ttf']
2023-09-27 15:56:53,869 - INFO - all fonts installed:['8514fix.fon', '8514fixe.fon', '8514fixg.fon', '8514fixr.fon', '8514fixt.fon', '8514oem.fon', '8514oeme.fon', '8514oemg.fon', '8514oemr.fon', '8514oemt.fon', '8514sys.fon', '8514syse.fon', '8514sysg.fon', '8514sysr.fon', '8514syst.fon', '85775.fon', '85855.fon', '85f1255.fon', '85f1256.fon', '85f1257.fon', '85f874.fon', '85s1255.fon', '85s1256.fon', '85s1257.fon', '85s874.fon', 'AGENCYB.TTF', 'AGENCYR.TTF', 'ALGER.TTF', 'ANTQUAB.TTF', 'ANTQUABI.TTF', 'ANTQUAI.TTF', 'app775.fon', 'app850.fon', 'app852.fon', 'app855.fon', 'app857.fon', 'app866.fon', 'app932.fon', 'app936.fon', 'app949.fon', 'app950.fon', 'arial.ttf', 'arialbd.ttf', 'arialbi.ttf', 'ariali.ttf', 'ARIALN.TTF', 'ARIALNB.TTF', 'ARIALNBI.TTF', 'ARIALNI.TTF', 'ariblk.ttf', 'ARLRDBD.TTF', 'AxureHandwriting-Bold.otf', 'AxureHandwriting-BoldItalic.otf', 'AxureHandwriting-Italic.otf', 'AxureHandwriting.otf', 'bahnschrift.ttf', 'BASKVILL.TTF', 'BAUHS93.TTF', 'BELL.TTF', 'BELLB.TTF', 'BELLI.TTF', 'BERNHC.TTF', 'BKANT.TTF', 'BOD_B.TTF', 'BOD_BI.TTF', 'BOD_BLAI.TTF', 'BOD_BLAR.TTF', 'BOD_CB.TTF', 'BOD_CBI.TTF', 'BOD_CI.TTF', 'BOD_CR.TTF', 'BOD_I.TTF', 'BOD_PSTC.TTF', 'BOD_R.TTF', 'BOOKOS.TTF', 'BOOKOSB.TTF', 'BOOKOSBI.TTF', 'BOOKOSI.TTF', 'BRADHITC.TTF', 'BRITANIC.TTF', 'BRLNSB.TTF', 'BRLNSDB.TTF', 'BRLNSR.TTF', 'BROADW.TTF', 'BRUSHSCI.TTF', 'BSSYM7.TTF', 'c8514fix.fon', 'c8514oem.fon', 'c8514sys.fon', 'calibri.ttf', 'calibrib.ttf', 'calibrii.ttf', 'calibril.ttf', 'calibrili.ttf', 'calibriz.ttf', 'CALIFB.TTF', 'CALIFI.TTF', 'CALIFR.TTF', 'CALIST.TTF', 'CALISTB.TTF', 'CALISTBI.TTF', 'CALISTI.TTF', 'cambria.ttc', 'cambriab.ttf', 'cambriai.ttf', 'cambriaz.ttf', 'Candara.ttf', 'Candarab.ttf', 'Candarai.ttf', 'Candaral.ttf', 'Candarali.ttf', 'Candaraz.ttf', 'CascadiaCode.ttf', 'CascadiaMono.ttf', 'CASTELAR.TTF', 'CENSCBK.TTF', 'CENTAUR.TTF', 'CENTURY.TTF', 'cga40737.fon', 'cga40850.fon', 'cga40852.fon', 'cga40857.fon', 'cga40866.fon', 'cga40869.fon', 'cga40woa.fon', 'cga80737.fon', 'cga80850.fon', 'cga80852.fon', 'cga80857.fon', 'cga80866.fon', 'cga80869.fon', 'cga80woa.fon', 'CHILLER.TTF', 'COLONNA.TTF', 'comic.ttf', 'comicbd.ttf', 'comici.ttf', 'comicz.ttf', 'consola.ttf', 'consolab.ttf', 'consolai.ttf', 'consolaz.ttf', 'constan.ttf', 'constanb.ttf', 'constani.ttf', 'constanz.ttf', 'COOPBL.TTF', 'COPRGTB.TTF', 'COPRGTL.TTF', 'corbel.ttf', 'corbelb.ttf', 'corbeli.ttf', 'corbell.ttf', 'corbelli.ttf', 'corbelz.ttf', 'coue1255.fon', 'coue1256.fon', 'coue1257.fon', 'couf1255.fon', 'couf1256.fon', 'couf1257.fon', 'cour.ttf', 'courbd.ttf', 'courbi.ttf', 'coure.fon', 'couree.fon', 'coureg.fon', 'courer.fon', 'couret.fon', 'courf.fon', 'courfe.fon', 'courfg.fon', 'courfr.fon', 'courft.fon', 'couri.ttf', 'CURLZ___.TTF', 'cvgafix.fon', 'cvgasys.fon', 'Deng.ttf', 'Dengb.ttf', 'Dengl.ttf', 'desktop.ini', 'dos737.fon', 'dos869.fon', 'dosapp.fon', 'DUBAI-BOLD.TTF', 'DUBAI-LIGHT.TTF', 'DUBAI-MEDIUM.TTF', 'DUBAI-REGULAR.TTF', 'ebrima.ttf', 'ebrimabd.ttf', 'ega40737.fon', 'ega40850.fon', 'ega40852.fon', 'ega40857.fon', 'ega40866.fon', 'ega40869.fon', 'ega40woa.fon', 'ega80737.fon', 'ega80850.fon', 'ega80852.fon', 'ega80857.fon', 'ega80866.fon', 'ega80869.fon', 'ega80woa.fon', 'ELEPHNT.TTF', 'ELEPHNTI.TTF', 'ENGR.TTF', 'ERASBD.TTF', 'ERASDEMI.TTF', 'ERASLGHT.TTF', 'ERASMD.TTF', 'FELIXTI.TTF', 'fms_metadata.xml', 'FORTE.TTF', 'FRABK.TTF', 'FRABKIT.TTF', 'FRADM.TTF', 'FRADMCN.TTF', 'FRADMIT.TTF', 'FRAHV.TTF', 'FRAHVIT.TTF', 'framd.ttf', 'FRAMDCN.TTF', 'framdit.ttf', 'FREESCPT.TTF', 'FRSCRIPT.TTF', 'FTLTLT.TTF', 'FZSTK.TTF', 'FZYTK.TTF', 'Gabriola.ttf', 'gadugi.ttf', 'gadugib.ttf', 'GARA.TTF', 'GARABD.TTF', 'GARAIT.TTF', 'georgia.ttf', 'georgiab.ttf', 'georgiai.ttf', 'georgiaz.ttf', 'GIGI.TTF', 'GILBI___.TTF', 'GILB____.TTF', 'GILC____.TTF', 'GILI____.TTF', 'GILLUBCD.TTF', 'GILSANUB.TTF', 'GIL_____.TTF', 'GLECB.TTF', 'GlobalMonospace.CompositeFont', 'GlobalSansSerif.CompositeFont', 'GlobalSerif.CompositeFont', 'GlobalUserInterface.CompositeFont', 'GLSNECB.TTF', 'GOTHIC.TTF', 'GOTHICB.TTF', 'GOTHICBI.TTF', 'GOTHICI.TTF', 'GOUDOS.TTF', 'GOUDOSB.TTF', 'GOUDOSI.TTF', 'GOUDYSTO.TTF', 'h8514fix.fon', 'h8514oem.fon', 'h8514sys.fon', 'HARLOWSI.TTF', 'HARNGTON.TTF', 'HATTEN.TTF', 'HGB1X_CNKI.ttf', 'HGB1_CNKI.ttf', 'HGB2X_CNKI.ttf', 'HGB2_CNKI.ttf', 'HGB3X_CNKI.ttf', 'HGB3_CNKI.ttf', 'HGB4X_CNKI.ttf', 'HGB4_CNKI.ttf', 'HGB5X_CNKI.ttf', 'HGB5_CNKI.ttf', 'HGB6X_CNKI.ttf', 'HGB6_CNKI.ttf', 'HGB7X_CNKI.ttf', 'HGB7_CNKI.ttf', 'HGB8X_CNKI.ttf', 'HGB8_CNKI.ttf', 'HGBD_CNKI.ttf', 'HGBKBX_CNKI.ttf', 'HGBKB_CNKI.ttf', 'HGBKHX_CNKI.ttf', 'HGBKH_CNKI.ttf', 'HGBS1_CNKI.TTF', 'HGBS2_CNKI.TTF', 'HGBS_CNKI.TTF', 'HGBTH_CNKI.TTF', 'HGBTS_CNKI.TTF', 'HGBX_CNKI.ttf', 'HGBZ_CNKI.ttf', 'HGCH_CNKI.TTF', 'HGCUH_CNKI.TTF', 'HGCY_CNKI.TTF', 'HGDBS_CNKI.TTF', 'HGDGY_CNKI.TTF', 'HGDH2_CNKI.TTF', 'HGDH_CNKI.TTF', 'HGDYS_CNKI.TTF', 'HGDY_CNKI.ttf', 'HGF1X_CNKI.ttf', 'HGF1_CNKI.ttf', 'HGF2X_CNKI.ttf', 'HGF2_CNKI.ttf', 'HGF3_CNKI.ttf', 'HGF4X_CNKI.ttf', 'HGF4_CNKI.ttf', 'HGF5X_CNKI.ttf', 'HGF5_CNKI.ttf', 'HGF6X_CNKI.ttf', 'HGF6_CNKI.ttf', 'HGF7X_CNKI.ttf', 'HGF7_CNKI.ttf', 'HGF8_CNKI.ttf', 'HGF9X_CNKI.ttf', 'HGF9_CNKI.ttf', 'HGFS1_CNKI.TTF', 'HGFS2_CNKI.TTF', 'HGFSH_CNKI.TTF', 'HGFS_CNKI.TTF', 'HGFX_CNKI.ttf', 'HGFZ_CNKI.ttf', 'HGGG_CNKI.TTF', 'HGH1X_CNKI.ttf', 'HGH1_CNKI.ttf', 'HGH2X_CNKI.ttf', 'HGH2_CNKI.ttf', 'HGH3X_CNKI.ttf', 'HGH3_CNKI.ttf', 'HGH4X_CNKI.ttf', 'HGH4_CNKI.ttf', 'HGH5X_CNKI.ttf', 'HGH5_CNKI.ttf', 'HGH6X_CNKI.ttf', 'HGH6_CNKI.ttf', 'HGH7X_CNKI.ttf', 'HGH7_CNKI.ttf', 'HGHB_CNKI.TTF', 'HGHD_CNKI.ttf', 'HGHP_CNKI.TTF', 'HGHT1_CNKI.ttf', 'HGHT2_CNKI.ttf', 'HGHUATI_CNKI.ttf', 'HGHX_CNKI.ttf', 'HGHZ_CNKI.ttf', 'HGH_CNKI.TTF', 'HGKT1_CNKI.TTF', 'HGKT2_CNKI.TTF', 'HGKT_CNKI.TTF', 'HGKY_CNKI.ttf', 'HGLB_CNKI.TTF', 'HGLS_CNKI.TTF', 'HGMH_CNKI.TTF', 'HGNBS_CNKI.ttf', 'HGOCR_CNKI.ttf', 'HGPH_CNKI.TTF', 'HGPTY_CNKI.TTF', 'HGSS1_CNKI.TTF', 'HGSS2_CNKI.TTF', 'HGSS_CNKI.TTF', 'HGSXT_CNKI.ttf', 'HGTT_CNKI.ttf', 'HGTX_CNKI.TTF', 'HGWT_CNKI.TTF', 'HGWYS_CNKI.TTF', 'HGX1X_CNKI.ttf', 'HGX1_CNKI.ttf', 'HGXBS_CNKI.TTF', 'HGXC_CNKI.TTF', 'HGXF1_CNKI.ttf', 'HGXFX_CNKI.ttf', 'HGXFZ_CNKI.ttf', 'HGXH1_CNKI.TTF', 'HGXH_CNKI.TTF', 'HGXK_CNKI.TTF', 'HGXL_CNKI.TTF', 'HGXS_CNKI.TTF', 'HGXT_CNKI.ttf', 'HGXY_CNKI.ttf', 'HGY1_CNKI.TTF', 'HGY2_CNKI.TTF', 'HGY3_CNKI.TTF', 'HGY4_CNKI.TTF', 'HGYB_CNKI.ttf', 'HGYT1_CNKI.ttf', 'HGYT2_CNKI.ttf', 'HGYT_CNKI.TTF', 'HGYX_CNKI.TTF', 'HGZCS_CNKI.TTF', 'HGZDX_CNKI.TTF', 'HGZK_CNKI.TTF', 'HGZYT_CNKI.TTF', 'HGZY_CNKI.TTF', 'himalaya.ttf', 'holomdl2.ttf', 'HTOWERT.TTF', 'HTOWERTI.TTF', 'hvgafix.fon', 'hvgasys.fon', 'impact.ttf', 'IMPRISHA.TTF', 'INFROMAN.TTF', 'Inkfree.ttf', 'iqiyi_logov7.ttf', 'ITCBLKAD.TTF', 'ITCEDSCR.TTF', 'ITCKRIST.TTF', 'j8514fix.fon', 'j8514oem.fon', 'j8514sys.fon', 'javatext.ttf', 'JOKERMAN.TTF', 'jsmalle.fon', 'jsmallf.fon', 'JUICE___.TTF', 'jvgafix.fon', 'jvgasys.fon', 'KUNSTLER.TTF', 'LATINWD.TTF', 'LBRITE.TTF', 'LBRITED.TTF', 'LBRITEDI.TTF', 'LBRITEI.TTF', 'LCALLIG.TTF', 'LeelaUIb.ttf', 'LeelawUI.ttf', 'LeelUIsl.ttf', 'LFAX.TTF', 'LFAXD.TTF', 'LFAXDI.TTF', 'LFAXI.TTF', 'LHANDW.TTF', 'LSANS.TTF', 'LSANSD.TTF', 'LSANSDI.TTF', 'LSANSI.TTF', 'LTYPE.TTF', 'LTYPEB.TTF', 'LTYPEBO.TTF', 'LTYPEO.TTF', 'lucon.ttf', 'l_10646.ttf', 'MAGNETOB.TTF', 'MAIAN.TTF', 'malgun.ttf', 'malgunbd.ttf', 'malgunsl.ttf', 'marlett.ttf', 'MATURASC.TTF', 'micross.ttf', 'mingliub.ttc', 'MISTRAL.TTF', 'mmrtext.ttf', 'mmrtextb.ttf', 'MOD20.TTF', 'modern.fon', 'monbaiti.ttf', 'msgothic.ttc', 'msjh.ttc', 'msjhbd.ttc', 'msjhl.ttc', 'msyh.ttc', 'msyhbd.ttc', 'msyhl.ttc', 'msyi.ttf', 'MTCORSVA.TTF', 'MTEXTRA.TTF', 'mvboli.ttf', 'NIAGENG.TTF', 'NIAGSOL.TTF', 'Nirmala.ttf', 'NirmalaB.ttf', 'NirmalaS.ttf', 'ntailu.ttf', 'ntailub.ttf', 'NumberOnly.ttf', 'OCRAEXT.TTF', 'OLDENGL.TTF', 'ONYX.TTF', 'OUTLOOK.TTF', 'pala.ttf', 'palab.ttf', 'palabi.ttf', 'palai.ttf', 'PALSCRI.TTF', 'PAPYRUS.TTF', 'PARCHM.TTF', 'PERBI___.TTF', 'PERB____.TTF', 'PERI____.TTF', 'PERTIBD.TTF', 'PERTILI.TTF', 'PER_____.TTF', 'phagspa.ttf', 'phagspab.ttf', 'PLAYBILL.TTF', 'POORICH.TTF', 'PRISTINA.TTF', 'RAGE.TTF', 'RAVIE.TTF', 'REFSAN.TTF', 'REFSPCL.TTF', 'ROCCB___.TTF', 'ROCC____.TTF', 'ROCK.TTF', 'ROCKB.TTF', 'ROCKBI.TTF', 'ROCKEB.TTF', 'ROCKI.TTF', 'roman.fon', 's8514fix.fon', 's8514oem.fon', 's8514sys.fon', 'SCHLBKB.TTF', 'SCHLBKBI.TTF', 'SCHLBKI.TTF', 'script.fon', 'SCRIPTBL.TTF', 'segmdl2.ttf', 'SegoeIcons.ttf', 'segoepr.ttf', 'segoeprb.ttf', 'segoesc.ttf', 'segoescb.ttf', 'segoeui.ttf', 'segoeuib.ttf', 'segoeuii.ttf', 'segoeuil.ttf', 'segoeuisl.ttf', 'segoeuiz.ttf', 'seguibl.ttf', 'seguibli.ttf', 'seguiemj.ttf', 'seguihis.ttf', 'seguili.ttf', 'seguisb.ttf', 'seguisbi.ttf', 'seguisli.ttf', 'seguisym.ttf', 'SegUIVar.ttf', 'sere1255.fon', 'sere1256.fon', 'sere1257.fon', 'serf1255.fon', 'serf1256.fon', 'serf1257.fon', 'serife.fon', 'serifee.fon', 'serifeg.fon', 'serifer.fon', 'serifet.fon', 'seriff.fon', 'seriffe.fon', 'seriffg.fon', 'seriffr.fon', 'serifft.fon', 'SHOWG.TTF', 'simfang.ttf', 'simhei.ttf', 'simkai.ttf', 'SIMLI.TTF', 'simsun.ttc', 'simsunb.ttf', 'SIMYOU.TTF', 'SitkaVF-Italic.ttf', 'SitkaVF.ttf', 'smae1255.fon', 'smae1256.fon', 'smae1257.fon', 'smaf1255.fon', 'smaf1256.fon', 'smaf1257.fon', 'smalle.fon', 'smallee.fon', 'smalleg.fon', 'smaller.fon', 'smallet.fon', 'smallf.fon', 'smallfe.fon', 'smallfg.fon', 'smallfr.fon', 'smallft.fon', 'SNAP____.TTF', 'ssee1255.fon', 'ssee1256.fon', 'ssee1257.fon', 'ssee874.fon', 'ssef1255.fon', 'ssef1256.fon', 'ssef1257.fon', 'ssef874.fon', 'sserife.fon', 'sserifee.fon', 'sserifeg.fon', 'sserifer.fon', 'sserifet.fon', 'sseriff.fon', 'sseriffe.fon', 'sseriffg.fon', 'sseriffr.fon', 'sserifft.fon', 'StaticCache.dat', 'STCAIYUN.TTF', 'STENCIL.TTF', 'STFANGSO.TTF', 'STHUPO.TTF', 'STKAITI.TTF', 'STLITI.TTF', 'STSONG.TTF', 'STXIHEI.TTF', 'STXINGKA.TTF', 'STXINWEI.TTF', 'STZHONGS.TTF', 'svgafix.fon', 'svgasys.fon', 'sylfaen.ttf', 'symbol.ttf', 'tahoma.ttf', 'tahomabd.ttf', 'taile.ttf', 'taileb.ttf', 'TCBI____.TTF', 'TCB_____.TTF', 'TCCB____.TTF', 'TCCEB.TTF', 'TCCM____.TTF', 'TCMI____.TTF', 'TCM_____.TTF', 'TEMPSITC.TTF', 'times.ttf', 'timesbd.ttf', 'timesbi.ttf', 'timesi.ttf', 'trebuc.ttf', 'trebucbd.ttf', 'trebucbi.ttf', 'trebucit.ttf', 'verdana.ttf', 'verdanab.ttf', 'verdanai.ttf', 'verdanaz.ttf', 'vga737.fon', 'vga775.fon', 'vga850.fon', 'vga852.fon', 'vga855.fon', 'vga857.fon', 'vga860.fon', 'vga861.fon', 'vga863.fon', 'vga865.fon', 'vga866.fon', 'vga869.fon', 'vga932.fon', 'vga936.fon', 'vga949.fon', 'vga950.fon', 'vgaf1255.fon', 'vgaf1256.fon', 'vgaf1257.fon', 'vgaf874.fon', 'vgafix.fon', 'vgafixe.fon', 'vgafixg.fon', 'vgafixr.fon', 'vgafixt.fon', 'vgaoem.fon', 'vgas1255.fon', 'vgas1256.fon', 'vgas1257.fon', 'vgas874.fon', 'vgasys.fon', 'vgasyse.fon', 'vgasysg.fon', 'vgasysr.fon', 'vgasyst.fon', 'VINERITC.TTF', 'VIVALDII.TTF', 'VLADIMIR.TTF', 'webdings.ttf', 'wingding.ttf', 'WINGDNG2.TTF', 'WINGDNG3.TTF', 'YuGothB.ttc', 'YuGothL.ttc', 'YuGothM.ttc', 'YuGothR.ttc', '\u534e\u5eb7\u65b9\u5706\u4f53W7.TTC', '\u65b9\u6b63\u7c97\u9ed1\u5b8b\u7b80\u4f53.ttf']
2023-09-27 15:56:53,872 - INFO - all fonts installed:['8514fix.fon', '8514fixe.fon', '8514fixg.fon', '8514fixr.fon', '8514fixt.fon', '8514oem.fon', '8514oeme.fon', '8514oemg.fon', '8514oemr.fon', '8514oemt.fon', '8514sys.fon', '8514syse.fon', '8514sysg.fon', '8514sysr.fon', '8514syst.fon', '85775.fon', '85855.fon', '85f1255.fon', '85f1256.fon', '85f1257.fon', '85f874.fon', '85s1255.fon', '85s1256.fon', '85s1257.fon', '85s874.fon', 'AGENCYB.TTF', 'AGENCYR.TTF', 'ALGER.TTF', 'ANTQUAB.TTF', 'ANTQUABI.TTF', 'ANTQUAI.TTF', 'app775.fon', 'app850.fon', 'app852.fon', 'app855.fon', 'app857.fon', 'app866.fon', 'app932.fon', 'app936.fon', 'app949.fon', 'app950.fon', 'arial.ttf', 'arialbd.ttf', 'arialbi.ttf', 'ariali.ttf', 'ARIALN.TTF', 'ARIALNB.TTF', 'ARIALNBI.TTF', 'ARIALNI.TTF', 'ariblk.ttf', 'ARLRDBD.TTF', 'AxureHandwriting-Bold.otf', 'AxureHandwriting-BoldItalic.otf', 'AxureHandwriting-Italic.otf', 'AxureHandwriting.otf', 'bahnschrift.ttf', 'BASKVILL.TTF', 'BAUHS93.TTF', 'BELL.TTF', 'BELLB.TTF', 'BELLI.TTF', 'BERNHC.TTF', 'BKANT.TTF', 'BOD_B.TTF', 'BOD_BI.TTF', 'BOD_BLAI.TTF', 'BOD_BLAR.TTF', 'BOD_CB.TTF', 'BOD_CBI.TTF', 'BOD_CI.TTF', 'BOD_CR.TTF', 'BOD_I.TTF', 'BOD_PSTC.TTF', 'BOD_R.TTF', 'BOOKOS.TTF', 'BOOKOSB.TTF', 'BOOKOSBI.TTF', 'BOOKOSI.TTF', 'BRADHITC.TTF', 'BRITANIC.TTF', 'BRLNSB.TTF', 'BRLNSDB.TTF', 'BRLNSR.TTF', 'BROADW.TTF', 'BRUSHSCI.TTF', 'BSSYM7.TTF', 'c8514fix.fon', 'c8514oem.fon', 'c8514sys.fon', 'calibri.ttf', 'calibrib.ttf', 'calibrii.ttf', 'calibril.ttf', 'calibrili.ttf', 'calibriz.ttf', 'CALIFB.TTF', 'CALIFI.TTF', 'CALIFR.TTF', 'CALIST.TTF', 'CALISTB.TTF', 'CALISTBI.TTF', 'CALISTI.TTF', 'cambria.ttc', 'cambriab.ttf', 'cambriai.ttf', 'cambriaz.ttf', 'Candara.ttf', 'Candarab.ttf', 'Candarai.ttf', 'Candaral.ttf', 'Candarali.ttf', 'Candaraz.ttf', 'CascadiaCode.ttf', 'CascadiaMono.ttf', 'CASTELAR.TTF', 'CENSCBK.TTF', 'CENTAUR.TTF', 'CENTURY.TTF', 'cga40737.fon', 'cga40850.fon', 'cga40852.fon', 'cga40857.fon', 'cga40866.fon', 'cga40869.fon', 'cga40woa.fon', 'cga80737.fon', 'cga80850.fon', 'cga80852.fon', 'cga80857.fon', 'cga80866.fon', 'cga80869.fon', 'cga80woa.fon', 'CHILLER.TTF', 'COLONNA.TTF', 'comic.ttf', 'comicbd.ttf', 'comici.ttf', 'comicz.ttf', 'consola.ttf', 'consolab.ttf', 'consolai.ttf', 'consolaz.ttf', 'constan.ttf', 'constanb.ttf', 'constani.ttf', 'constanz.ttf', 'COOPBL.TTF', 'COPRGTB.TTF', 'COPRGTL.TTF', 'corbel.ttf', 'corbelb.ttf', 'corbeli.ttf', 'corbell.ttf', 'corbelli.ttf', 'corbelz.ttf', 'coue1255.fon', 'coue1256.fon', 'coue1257.fon', 'couf1255.fon', 'couf1256.fon', 'couf1257.fon', 'cour.ttf', 'courbd.ttf', 'courbi.ttf', 'coure.fon', 'couree.fon', 'coureg.fon', 'courer.fon', 'couret.fon', 'courf.fon', 'courfe.fon', 'courfg.fon', 'courfr.fon', 'courft.fon', 'couri.ttf', 'CURLZ___.TTF', 'cvgafix.fon', 'cvgasys.fon', 'Deng.ttf', 'Dengb.ttf', 'Dengl.ttf', 'desktop.ini', 'dos737.fon', 'dos869.fon', 'dosapp.fon', 'DUBAI-BOLD.TTF', 'DUBAI-LIGHT.TTF', 'DUBAI-MEDIUM.TTF', 'DUBAI-REGULAR.TTF', 'ebrima.ttf', 'ebrimabd.ttf', 'ega40737.fon', 'ega40850.fon', 'ega40852.fon', 'ega40857.fon', 'ega40866.fon', 'ega40869.fon', 'ega40woa.fon', 'ega80737.fon', 'ega80850.fon', 'ega80852.fon', 'ega80857.fon', 'ega80866.fon', 'ega80869.fon', 'ega80woa.fon', 'ELEPHNT.TTF', 'ELEPHNTI.TTF', 'ENGR.TTF', 'ERASBD.TTF', 'ERASDEMI.TTF', 'ERASLGHT.TTF', 'ERASMD.TTF', 'FELIXTI.TTF', 'fms_metadata.xml', 'FORTE.TTF', 'FRABK.TTF', 'FRABKIT.TTF', 'FRADM.TTF', 'FRADMCN.TTF', 'FRADMIT.TTF', 'FRAHV.TTF', 'FRAHVIT.TTF', 'framd.ttf', 'FRAMDCN.TTF', 'framdit.ttf', 'FREESCPT.TTF', 'FRSCRIPT.TTF', 'FTLTLT.TTF', 'FZSTK.TTF', 'FZYTK.TTF', 'Gabriola.ttf', 'gadugi.ttf', 'gadugib.ttf', 'GARA.TTF', 'GARABD.TTF', 'GARAIT.TTF', 'georgia.ttf', 'georgiab.ttf', 'georgiai.ttf', 'georgiaz.ttf', 'GIGI.TTF', 'GILBI___.TTF', 'GILB____.TTF', 'GILC____.TTF', 'GILI____.TTF', 'GILLUBCD.TTF', 'GILSANUB.TTF', 'GIL_____.TTF', 'GLECB.TTF', 'GlobalMonospace.CompositeFont', 'GlobalSansSerif.CompositeFont', 'GlobalSerif.CompositeFont', 'GlobalUserInterface.CompositeFont', 'GLSNECB.TTF', 'GOTHIC.TTF', 'GOTHICB.TTF', 'GOTHICBI.TTF', 'GOTHICI.TTF', 'GOUDOS.TTF', 'GOUDOSB.TTF', 'GOUDOSI.TTF', 'GOUDYSTO.TTF', 'h8514fix.fon', 'h8514oem.fon', 'h8514sys.fon', 'HARLOWSI.TTF', 'HARNGTON.TTF', 'HATTEN.TTF', 'HGB1X_CNKI.ttf', 'HGB1_CNKI.ttf', 'HGB2X_CNKI.ttf', 'HGB2_CNKI.ttf', 'HGB3X_CNKI.ttf', 'HGB3_CNKI.ttf', 'HGB4X_CNKI.ttf', 'HGB4_CNKI.ttf', 'HGB5X_CNKI.ttf', 'HGB5_CNKI.ttf', 'HGB6X_CNKI.ttf', 'HGB6_CNKI.ttf', 'HGB7X_CNKI.ttf', 'HGB7_CNKI.ttf', 'HGB8X_CNKI.ttf', 'HGB8_CNKI.ttf', 'HGBD_CNKI.ttf', 'HGBKBX_CNKI.ttf', 'HGBKB_CNKI.ttf', 'HGBKHX_CNKI.ttf', 'HGBKH_CNKI.ttf', 'HGBS1_CNKI.TTF', 'HGBS2_CNKI.TTF', 'HGBS_CNKI.TTF', 'HGBTH_CNKI.TTF', 'HGBTS_CNKI.TTF', 'HGBX_CNKI.ttf', 'HGBZ_CNKI.ttf', 'HGCH_CNKI.TTF', 'HGCUH_CNKI.TTF', 'HGCY_CNKI.TTF', 'HGDBS_CNKI.TTF', 'HGDGY_CNKI.TTF', 'HGDH2_CNKI.TTF', 'HGDH_CNKI.TTF', 'HGDYS_CNKI.TTF', 'HGDY_CNKI.ttf', 'HGF1X_CNKI.ttf', 'HGF1_CNKI.ttf', 'HGF2X_CNKI.ttf', 'HGF2_CNKI.ttf', 'HGF3_CNKI.ttf', 'HGF4X_CNKI.ttf', 'HGF4_CNKI.ttf', 'HGF5X_CNKI.ttf', 'HGF5_CNKI.ttf', 'HGF6X_CNKI.ttf', 'HGF6_CNKI.ttf', 'HGF7X_CNKI.ttf', 'HGF7_CNKI.ttf', 'HGF8_CNKI.ttf', 'HGF9X_CNKI.ttf', 'HGF9_CNKI.ttf', 'HGFS1_CNKI.TTF', 'HGFS2_CNKI.TTF', 'HGFSH_CNKI.TTF', 'HGFS_CNKI.TTF', 'HGFX_CNKI.ttf', 'HGFZ_CNKI.ttf', 'HGGG_CNKI.TTF', 'HGH1X_CNKI.ttf', 'HGH1_CNKI.ttf', 'HGH2X_CNKI.ttf', 'HGH2_CNKI.ttf', 'HGH3X_CNKI.ttf', 'HGH3_CNKI.ttf', 'HGH4X_CNKI.ttf', 'HGH4_CNKI.ttf', 'HGH5X_CNKI.ttf', 'HGH5_CNKI.ttf', 'HGH6X_CNKI.ttf', 'HGH6_CNKI.ttf', 'HGH7X_CNKI.ttf', 'HGH7_CNKI.ttf', 'HGHB_CNKI.TTF', 'HGHD_CNKI.ttf', 'HGHP_CNKI.TTF', 'HGHT1_CNKI.ttf', 'HGHT2_CNKI.ttf', 'HGHUATI_CNKI.ttf', 'HGHX_CNKI.ttf', 'HGHZ_CNKI.ttf', 'HGH_CNKI.TTF', 'HGKT1_CNKI.TTF', 'HGKT2_CNKI.TTF', 'HGKT_CNKI.TTF', 'HGKY_CNKI.ttf', 'HGLB_CNKI.TTF', 'HGLS_CNKI.TTF', 'HGMH_CNKI.TTF', 'HGNBS_CNKI.ttf', 'HGOCR_CNKI.ttf', 'HGPH_CNKI.TTF', 'HGPTY_CNKI.TTF', 'HGSS1_CNKI.TTF', 'HGSS2_CNKI.TTF', 'HGSS_CNKI.TTF', 'HGSXT_CNKI.ttf', 'HGTT_CNKI.ttf', 'HGTX_CNKI.TTF', 'HGWT_CNKI.TTF', 'HGWYS_CNKI.TTF', 'HGX1X_CNKI.ttf', 'HGX1_CNKI.ttf', 'HGXBS_CNKI.TTF', 'HGXC_CNKI.TTF', 'HGXF1_CNKI.ttf', 'HGXFX_CNKI.ttf', 'HGXFZ_CNKI.ttf', 'HGXH1_CNKI.TTF', 'HGXH_CNKI.TTF', 'HGXK_CNKI.TTF', 'HGXL_CNKI.TTF', 'HGXS_CNKI.TTF', 'HGXT_CNKI.ttf', 'HGXY_CNKI.ttf', 'HGY1_CNKI.TTF', 'HGY2_CNKI.TTF', 'HGY3_CNKI.TTF', 'HGY4_CNKI.TTF', 'HGYB_CNKI.ttf', 'HGYT1_CNKI.ttf', 'HGYT2_CNKI.ttf', 'HGYT_CNKI.TTF', 'HGYX_CNKI.TTF', 'HGZCS_CNKI.TTF', 'HGZDX_CNKI.TTF', 'HGZK_CNKI.TTF', 'HGZYT_CNKI.TTF', 'HGZY_CNKI.TTF', 'himalaya.ttf', 'holomdl2.ttf', 'HTOWERT.TTF', 'HTOWERTI.TTF', 'hvgafix.fon', 'hvgasys.fon', 'impact.ttf', 'IMPRISHA.TTF', 'INFROMAN.TTF', 'Inkfree.ttf', 'iqiyi_logov7.ttf', 'ITCBLKAD.TTF', 'ITCEDSCR.TTF', 'ITCKRIST.TTF', 'j8514fix.fon', 'j8514oem.fon', 'j8514sys.fon', 'javatext.ttf', 'JOKERMAN.TTF', 'jsmalle.fon', 'jsmallf.fon', 'JUICE___.TTF', 'jvgafix.fon', 'jvgasys.fon', 'KUNSTLER.TTF', 'LATINWD.TTF', 'LBRITE.TTF', 'LBRITED.TTF', 'LBRITEDI.TTF', 'LBRITEI.TTF', 'LCALLIG.TTF', 'LeelaUIb.ttf', 'LeelawUI.ttf', 'LeelUIsl.ttf', 'LFAX.TTF', 'LFAXD.TTF', 'LFAXDI.TTF', 'LFAXI.TTF', 'LHANDW.TTF', 'LSANS.TTF', 'LSANSD.TTF', 'LSANSDI.TTF', 'LSANSI.TTF', 'LTYPE.TTF', 'LTYPEB.TTF', 'LTYPEBO.TTF', 'LTYPEO.TTF', 'lucon.ttf', 'l_10646.ttf', 'MAGNETOB.TTF', 'MAIAN.TTF', 'malgun.ttf', 'malgunbd.ttf', 'malgunsl.ttf', 'marlett.ttf', 'MATURASC.TTF', 'micross.ttf', 'mingliub.ttc', 'MISTRAL.TTF', 'mmrtext.ttf', 'mmrtextb.ttf', 'MOD20.TTF', 'modern.fon', 'monbaiti.ttf', 'msgothic.ttc', 'msjh.ttc', 'msjhbd.ttc', 'msjhl.ttc', 'msyh.ttc', 'msyhbd.ttc', 'msyhl.ttc', 'msyi.ttf', 'MTCORSVA.TTF', 'MTEXTRA.TTF', 'mvboli.ttf', 'NIAGENG.TTF', 'NIAGSOL.TTF', 'Nirmala.ttf', 'NirmalaB.ttf', 'NirmalaS.ttf', 'ntailu.ttf', 'ntailub.ttf', 'NumberOnly.ttf', 'OCRAEXT.TTF', 'OLDENGL.TTF', 'ONYX.TTF', 'OUTLOOK.TTF', 'pala.ttf', 'palab.ttf', 'palabi.ttf', 'palai.ttf', 'PALSCRI.TTF', 'PAPYRUS.TTF', 'PARCHM.TTF', 'PERBI___.TTF', 'PERB____.TTF', 'PERI____.TTF', 'PERTIBD.TTF', 'PERTILI.TTF', 'PER_____.TTF', 'phagspa.ttf', 'phagspab.ttf', 'PLAYBILL.TTF', 'POORICH.TTF', 'PRISTINA.TTF', 'RAGE.TTF', 'RAVIE.TTF', 'REFSAN.TTF', 'REFSPCL.TTF', 'ROCCB___.TTF', 'ROCC____.TTF', 'ROCK.TTF', 'ROCKB.TTF', 'ROCKBI.TTF', 'ROCKEB.TTF', 'ROCKI.TTF', 'roman.fon', 's8514fix.fon', 's8514oem.fon', 's8514sys.fon', 'SCHLBKB.TTF', 'SCHLBKBI.TTF', 'SCHLBKI.TTF', 'script.fon', 'SCRIPTBL.TTF', 'segmdl2.ttf', 'SegoeIcons.ttf', 'segoepr.ttf', 'segoeprb.ttf', 'segoesc.ttf', 'segoescb.ttf', 'segoeui.ttf', 'segoeuib.ttf', 'segoeuii.ttf', 'segoeuil.ttf', 'segoeuisl.ttf', 'segoeuiz.ttf', 'seguibl.ttf', 'seguibli.ttf', 'seguiemj.ttf', 'seguihis.ttf', 'seguili.ttf', 'seguisb.ttf', 'seguisbi.ttf', 'seguisli.ttf', 'seguisym.ttf', 'SegUIVar.ttf', 'sere1255.fon', 'sere1256.fon', 'sere1257.fon', 'serf1255.fon', 'serf1256.fon', 'serf1257.fon', 'serife.fon', 'serifee.fon', 'serifeg.fon', 'serifer.fon', 'serifet.fon', 'seriff.fon', 'seriffe.fon', 'seriffg.fon', 'seriffr.fon', 'serifft.fon', 'SHOWG.TTF', 'simfang.ttf', 'simhei.ttf', 'simkai.ttf', 'SIMLI.TTF', 'simsun.ttc', 'simsunb.ttf', 'SIMYOU.TTF', 'SitkaVF-Italic.ttf', 'SitkaVF.ttf', 'smae1255.fon', 'smae1256.fon', 'smae1257.fon', 'smaf1255.fon', 'smaf1256.fon', 'smaf1257.fon', 'smalle.fon', 'smallee.fon', 'smalleg.fon', 'smaller.fon', 'smallet.fon', 'smallf.fon', 'smallfe.fon', 'smallfg.fon', 'smallfr.fon', 'smallft.fon', 'SNAP____.TTF', 'ssee1255.fon', 'ssee1256.fon', 'ssee1257.fon', 'ssee874.fon', 'ssef1255.fon', 'ssef1256.fon', 'ssef1257.fon', 'ssef874.fon', 'sserife.fon', 'sserifee.fon', 'sserifeg.fon', 'sserifer.fon', 'sserifet.fon', 'sseriff.fon', 'sseriffe.fon', 'sseriffg.fon', 'sseriffr.fon', 'sserifft.fon', 'StaticCache.dat', 'STCAIYUN.TTF', 'STENCIL.TTF', 'STFANGSO.TTF', 'STHUPO.TTF', 'STKAITI.TTF', 'STLITI.TTF', 'STSONG.TTF', 'STXIHEI.TTF', 'STXINGKA.TTF', 'STXINWEI.TTF', 'STZHONGS.TTF', 'svgafix.fon', 'svgasys.fon', 'sylfaen.ttf', 'symbol.ttf', 'tahoma.ttf', 'tahomabd.ttf', 'taile.ttf', 'taileb.ttf', 'TCBI____.TTF', 'TCB_____.TTF', 'TCCB____.TTF', 'TCCEB.TTF', 'TCCM____.TTF', 'TCMI____.TTF', 'TCM_____.TTF', 'TEMPSITC.TTF', 'times.ttf', 'timesbd.ttf', 'timesbi.ttf', 'timesi.ttf', 'trebuc.ttf', 'trebucbd.ttf', 'trebucbi.ttf', 'trebucit.ttf', 'verdana.ttf', 'verdanab.ttf', 'verdanai.ttf', 'verdanaz.ttf', 'vga737.fon', 'vga775.fon', 'vga850.fon', 'vga852.fon', 'vga855.fon', 'vga857.fon', 'vga860.fon', 'vga861.fon', 'vga863.fon', 'vga865.fon', 'vga866.fon', 'vga869.fon', 'vga932.fon', 'vga936.fon', 'vga949.fon', 'vga950.fon', 'vgaf1255.fon', 'vgaf1256.fon', 'vgaf1257.fon', 'vgaf874.fon', 'vgafix.fon', 'vgafixe.fon', 'vgafixg.fon', 'vgafixr.fon', 'vgafixt.fon', 'vgaoem.fon', 'vgas1255.fon', 'vgas1256.fon', 'vgas1257.fon', 'vgas874.fon', 'vgasys.fon', 'vgasyse.fon', 'vgasysg.fon', 'vgasysr.fon', 'vgasyst.fon', 'VINERITC.TTF', 'VIVALDII.TTF', 'VLADIMIR.TTF', 'webdings.ttf', 'wingding.ttf', 'WINGDNG2.TTF', 'WINGDNG3.TTF', 'YuGothB.ttc', 'YuGothL.ttc', 'YuGothM.ttc', 'YuGothR.ttc', '\u534e\u5eb7\u65b9\u5706\u4f53W7.TTC', '\u65b9\u6b63\u7c97\u9ed1\u5b8b\u7b80\u4f53.ttf']
2023-09-27 15:56:54,084 - INFO - all fonts installed:['8514fix.fon', '8514fixe.fon', '8514fixg.fon', '8514fixr.fon', '8514fixt.fon', '8514oem.fon', '8514oeme.fon', '8514oemg.fon', '8514oemr.fon', '8514oemt.fon', '8514sys.fon', '8514syse.fon', '8514sysg.fon', '8514sysr.fon', '8514syst.fon', '85775.fon', '85855.fon', '85f1255.fon', '85f1256.fon', '85f1257.fon', '85f874.fon', '85s1255.fon', '85s1256.fon', '85s1257.fon', '85s874.fon', 'AGENCYB.TTF', 'AGENCYR.TTF', 'ALGER.TTF', 'ANTQUAB.TTF', 'ANTQUABI.TTF', 'ANTQUAI.TTF', 'app775.fon', 'app850.fon', 'app852.fon', 'app855.fon', 'app857.fon', 'app866.fon', 'app932.fon', 'app936.fon', 'app949.fon', 'app950.fon', 'arial.ttf', 'arialbd.ttf', 'arialbi.ttf', 'ariali.ttf', 'ARIALN.TTF', 'ARIALNB.TTF', 'ARIALNBI.TTF', 'ARIALNI.TTF', 'ariblk.ttf', 'ARLRDBD.TTF', 'AxureHandwriting-Bold.otf', 'AxureHandwriting-BoldItalic.otf', 'AxureHandwriting-Italic.otf', 'AxureHandwriting.otf', 'bahnschrift.ttf', 'BASKVILL.TTF', 'BAUHS93.TTF', 'BELL.TTF', 'BELLB.TTF', 'BELLI.TTF', 'BERNHC.TTF', 'BKANT.TTF', 'BOD_B.TTF', 'BOD_BI.TTF', 'BOD_BLAI.TTF', 'BOD_BLAR.TTF', 'BOD_CB.TTF', 'BOD_CBI.TTF', 'BOD_CI.TTF', 'BOD_CR.TTF', 'BOD_I.TTF', 'BOD_PSTC.TTF', 'BOD_R.TTF', 'BOOKOS.TTF', 'BOOKOSB.TTF', 'BOOKOSBI.TTF', 'BOOKOSI.TTF', 'BRADHITC.TTF', 'BRITANIC.TTF', 'BRLNSB.TTF', 'BRLNSDB.TTF', 'BRLNSR.TTF', 'BROADW.TTF', 'BRUSHSCI.TTF', 'BSSYM7.TTF', 'c8514fix.fon', 'c8514oem.fon', 'c8514sys.fon', 'calibri.ttf', 'calibrib.ttf', 'calibrii.ttf', 'calibril.ttf', 'calibrili.ttf', 'calibriz.ttf', 'CALIFB.TTF', 'CALIFI.TTF', 'CALIFR.TTF', 'CALIST.TTF', 'CALISTB.TTF', 'CALISTBI.TTF', 'CALISTI.TTF', 'cambria.ttc', 'cambriab.ttf', 'cambriai.ttf', 'cambriaz.ttf', 'Candara.ttf', 'Candarab.ttf', 'Candarai.ttf', 'Candaral.ttf', 'Candarali.ttf', 'Candaraz.ttf', 'CascadiaCode.ttf', 'CascadiaMono.ttf', 'CASTELAR.TTF', 'CENSCBK.TTF', 'CENTAUR.TTF', 'CENTURY.TTF', 'cga40737.fon', 'cga40850.fon', 'cga40852.fon', 'cga40857.fon', 'cga40866.fon', 'cga40869.fon', 'cga40woa.fon', 'cga80737.fon', 'cga80850.fon', 'cga80852.fon', 'cga80857.fon', 'cga80866.fon', 'cga80869.fon', 'cga80woa.fon', 'CHILLER.TTF', 'COLONNA.TTF', 'comic.ttf', 'comicbd.ttf', 'comici.ttf', 'comicz.ttf', 'consola.ttf', 'consolab.ttf', 'consolai.ttf', 'consolaz.ttf', 'constan.ttf', 'constanb.ttf', 'constani.ttf', 'constanz.ttf', 'COOPBL.TTF', 'COPRGTB.TTF', 'COPRGTL.TTF', 'corbel.ttf', 'corbelb.ttf', 'corbeli.ttf', 'corbell.ttf', 'corbelli.ttf', 'corbelz.ttf', 'coue1255.fon', 'coue1256.fon', 'coue1257.fon', 'couf1255.fon', 'couf1256.fon', 'couf1257.fon', 'cour.ttf', 'courbd.ttf', 'courbi.ttf', 'coure.fon', 'couree.fon', 'coureg.fon', 'courer.fon', 'couret.fon', 'courf.fon', 'courfe.fon', 'courfg.fon', 'courfr.fon', 'courft.fon', 'couri.ttf', 'CURLZ___.TTF', 'cvgafix.fon', 'cvgasys.fon', 'Deng.ttf', 'Dengb.ttf', 'Dengl.ttf', 'desktop.ini', 'dos737.fon', 'dos869.fon', 'dosapp.fon', 'DUBAI-BOLD.TTF', 'DUBAI-LIGHT.TTF', 'DUBAI-MEDIUM.TTF', 'DUBAI-REGULAR.TTF', 'ebrima.ttf', 'ebrimabd.ttf', 'ega40737.fon', 'ega40850.fon', 'ega40852.fon', 'ega40857.fon', 'ega40866.fon', 'ega40869.fon', 'ega40woa.fon', 'ega80737.fon', 'ega80850.fon', 'ega80852.fon', 'ega80857.fon', 'ega80866.fon', 'ega80869.fon', 'ega80woa.fon', 'ELEPHNT.TTF', 'ELEPHNTI.TTF', 'ENGR.TTF', 'ERASBD.TTF', 'ERASDEMI.TTF', 'ERASLGHT.TTF', 'ERASMD.TTF', 'FELIXTI.TTF', 'fms_metadata.xml', 'FORTE.TTF', 'FRABK.TTF', 'FRABKIT.TTF', 'FRADM.TTF', 'FRADMCN.TTF', 'FRADMIT.TTF', 'FRAHV.TTF', 'FRAHVIT.TTF', 'framd.ttf', 'FRAMDCN.TTF', 'framdit.ttf', 'FREESCPT.TTF', 'FRSCRIPT.TTF', 'FTLTLT.TTF', 'FZSTK.TTF', 'FZYTK.TTF', 'Gabriola.ttf', 'gadugi.ttf', 'gadugib.ttf', 'GARA.TTF', 'GARABD.TTF', 'GARAIT.TTF', 'georgia.ttf', 'georgiab.ttf', 'georgiai.ttf', 'georgiaz.ttf', 'GIGI.TTF', 'GILBI___.TTF', 'GILB____.TTF', 'GILC____.TTF', 'GILI____.TTF', 'GILLUBCD.TTF', 'GILSANUB.TTF', 'GIL_____.TTF', 'GLECB.TTF', 'GlobalMonospace.CompositeFont', 'GlobalSansSerif.CompositeFont', 'GlobalSerif.CompositeFont', 'GlobalUserInterface.CompositeFont', 'GLSNECB.TTF', 'GOTHIC.TTF', 'GOTHICB.TTF', 'GOTHICBI.TTF', 'GOTHICI.TTF', 'GOUDOS.TTF', 'GOUDOSB.TTF', 'GOUDOSI.TTF', 'GOUDYSTO.TTF', 'h8514fix.fon', 'h8514oem.fon', 'h8514sys.fon', 'HARLOWSI.TTF', 'HARNGTON.TTF', 'HATTEN.TTF', 'HGB1X_CNKI.ttf', 'HGB1_CNKI.ttf', 'HGB2X_CNKI.ttf', 'HGB2_CNKI.ttf', 'HGB3X_CNKI.ttf', 'HGB3_CNKI.ttf', 'HGB4X_CNKI.ttf', 'HGB4_CNKI.ttf', 'HGB5X_CNKI.ttf', 'HGB5_CNKI.ttf', 'HGB6X_CNKI.ttf', 'HGB6_CNKI.ttf', 'HGB7X_CNKI.ttf', 'HGB7_CNKI.ttf', 'HGB8X_CNKI.ttf', 'HGB8_CNKI.ttf', 'HGBD_CNKI.ttf', 'HGBKBX_CNKI.ttf', 'HGBKB_CNKI.ttf', 'HGBKHX_CNKI.ttf', 'HGBKH_CNKI.ttf', 'HGBS1_CNKI.TTF', 'HGBS2_CNKI.TTF', 'HGBS_CNKI.TTF', 'HGBTH_CNKI.TTF', 'HGBTS_CNKI.TTF', 'HGBX_CNKI.ttf', 'HGBZ_CNKI.ttf', 'HGCH_CNKI.TTF', 'HGCUH_CNKI.TTF', 'HGCY_CNKI.TTF', 'HGDBS_CNKI.TTF', 'HGDGY_CNKI.TTF', 'HGDH2_CNKI.TTF', 'HGDH_CNKI.TTF', 'HGDYS_CNKI.TTF', 'HGDY_CNKI.ttf', 'HGF1X_CNKI.ttf', 'HGF1_CNKI.ttf', 'HGF2X_CNKI.ttf', 'HGF2_CNKI.ttf', 'HGF3_CNKI.ttf', 'HGF4X_CNKI.ttf', 'HGF4_CNKI.ttf', 'HGF5X_CNKI.ttf', 'HGF5_CNKI.ttf', 'HGF6X_CNKI.ttf', 'HGF6_CNKI.ttf', 'HGF7X_CNKI.ttf', 'HGF7_CNKI.ttf', 'HGF8_CNKI.ttf', 'HGF9X_CNKI.ttf', 'HGF9_CNKI.ttf', 'HGFS1_CNKI.TTF', 'HGFS2_CNKI.TTF', 'HGFSH_CNKI.TTF', 'HGFS_CNKI.TTF', 'HGFX_CNKI.ttf', 'HGFZ_CNKI.ttf', 'HGGG_CNKI.TTF', 'HGH1X_CNKI.ttf', 'HGH1_CNKI.ttf', 'HGH2X_CNKI.ttf', 'HGH2_CNKI.ttf', 'HGH3X_CNKI.ttf', 'HGH3_CNKI.ttf', 'HGH4X_CNKI.ttf', 'HGH4_CNKI.ttf', 'HGH5X_CNKI.ttf', 'HGH5_CNKI.ttf', 'HGH6X_CNKI.ttf', 'HGH6_CNKI.ttf', 'HGH7X_CNKI.ttf', 'HGH7_CNKI.ttf', 'HGHB_CNKI.TTF', 'HGHD_CNKI.ttf', 'HGHP_CNKI.TTF', 'HGHT1_CNKI.ttf', 'HGHT2_CNKI.ttf', 'HGHUATI_CNKI.ttf', 'HGHX_CNKI.ttf', 'HGHZ_CNKI.ttf', 'HGH_CNKI.TTF', 'HGKT1_CNKI.TTF', 'HGKT2_CNKI.TTF', 'HGKT_CNKI.TTF', 'HGKY_CNKI.ttf', 'HGLB_CNKI.TTF', 'HGLS_CNKI.TTF', 'HGMH_CNKI.TTF', 'HGNBS_CNKI.ttf', 'HGOCR_CNKI.ttf', 'HGPH_CNKI.TTF', 'HGPTY_CNKI.TTF', 'HGSS1_CNKI.TTF', 'HGSS2_CNKI.TTF', 'HGSS_CNKI.TTF', 'HGSXT_CNKI.ttf', 'HGTT_CNKI.ttf', 'HGTX_CNKI.TTF', 'HGWT_CNKI.TTF', 'HGWYS_CNKI.TTF', 'HGX1X_CNKI.ttf', 'HGX1_CNKI.ttf', 'HGXBS_CNKI.TTF', 'HGXC_CNKI.TTF', 'HGXF1_CNKI.ttf', 'HGXFX_CNKI.ttf', 'HGXFZ_CNKI.ttf', 'HGXH1_CNKI.TTF', 'HGXH_CNKI.TTF', 'HGXK_CNKI.TTF', 'HGXL_CNKI.TTF', 'HGXS_CNKI.TTF', 'HGXT_CNKI.ttf', 'HGXY_CNKI.ttf', 'HGY1_CNKI.TTF', 'HGY2_CNKI.TTF', 'HGY3_CNKI.TTF', 'HGY4_CNKI.TTF', 'HGYB_CNKI.ttf', 'HGYT1_CNKI.ttf', 'HGYT2_CNKI.ttf', 'HGYT_CNKI.TTF', 'HGYX_CNKI.TTF', 'HGZCS_CNKI.TTF', 'HGZDX_CNKI.TTF', 'HGZK_CNKI.TTF', 'HGZYT_CNKI.TTF', 'HGZY_CNKI.TTF', 'himalaya.ttf', 'holomdl2.ttf', 'HTOWERT.TTF', 'HTOWERTI.TTF', 'hvgafix.fon', 'hvgasys.fon', 'impact.ttf', 'IMPRISHA.TTF', 'INFROMAN.TTF', 'Inkfree.ttf', 'iqiyi_logov7.ttf', 'ITCBLKAD.TTF', 'ITCEDSCR.TTF', 'ITCKRIST.TTF', 'j8514fix.fon', 'j8514oem.fon', 'j8514sys.fon', 'javatext.ttf', 'JOKERMAN.TTF', 'jsmalle.fon', 'jsmallf.fon', 'JUICE___.TTF', 'jvgafix.fon', 'jvgasys.fon', 'KUNSTLER.TTF', 'LATINWD.TTF', 'LBRITE.TTF', 'LBRITED.TTF', 'LBRITEDI.TTF', 'LBRITEI.TTF', 'LCALLIG.TTF', 'LeelaUIb.ttf', 'LeelawUI.ttf', 'LeelUIsl.ttf', 'LFAX.TTF', 'LFAXD.TTF', 'LFAXDI.TTF', 'LFAXI.TTF', 'LHANDW.TTF', 'LSANS.TTF', 'LSANSD.TTF', 'LSANSDI.TTF', 'LSANSI.TTF', 'LTYPE.TTF', 'LTYPEB.TTF', 'LTYPEBO.TTF', 'LTYPEO.TTF', 'lucon.ttf', 'l_10646.ttf', 'MAGNETOB.TTF', 'MAIAN.TTF', 'malgun.ttf', 'malgunbd.ttf', 'malgunsl.ttf', 'marlett.ttf', 'MATURASC.TTF', 'micross.ttf', 'mingliub.ttc', 'MISTRAL.TTF', 'mmrtext.ttf', 'mmrtextb.ttf', 'MOD20.TTF', 'modern.fon', 'monbaiti.ttf', 'msgothic.ttc', 'msjh.ttc', 'msjhbd.ttc', 'msjhl.ttc', 'msyh.ttc', 'msyhbd.ttc', 'msyhl.ttc', 'msyi.ttf', 'MTCORSVA.TTF', 'MTEXTRA.TTF', 'mvboli.ttf', 'NIAGENG.TTF', 'NIAGSOL.TTF', 'Nirmala.ttf', 'NirmalaB.ttf', 'NirmalaS.ttf', 'ntailu.ttf', 'ntailub.ttf', 'NumberOnly.ttf', 'OCRAEXT.TTF', 'OLDENGL.TTF', 'ONYX.TTF', 'OUTLOOK.TTF', 'pala.ttf', 'palab.ttf', 'palabi.ttf', 'palai.ttf', 'PALSCRI.TTF', 'PAPYRUS.TTF', 'PARCHM.TTF', 'PERBI___.TTF', 'PERB____.TTF', 'PERI____.TTF', 'PERTIBD.TTF', 'PERTILI.TTF', 'PER_____.TTF', 'phagspa.ttf', 'phagspab.ttf', 'PLAYBILL.TTF', 'POORICH.TTF', 'PRISTINA.TTF', 'RAGE.TTF', 'RAVIE.TTF', 'REFSAN.TTF', 'REFSPCL.TTF', 'ROCCB___.TTF', 'ROCC____.TTF', 'ROCK.TTF', 'ROCKB.TTF', 'ROCKBI.TTF', 'ROCKEB.TTF', 'ROCKI.TTF', 'roman.fon', 's8514fix.fon', 's8514oem.fon', 's8514sys.fon', 'SCHLBKB.TTF', 'SCHLBKBI.TTF', 'SCHLBKI.TTF', 'script.fon', 'SCRIPTBL.TTF', 'segmdl2.ttf', 'SegoeIcons.ttf', 'segoepr.ttf', 'segoeprb.ttf', 'segoesc.ttf', 'segoescb.ttf', 'segoeui.ttf', 'segoeuib.ttf', 'segoeuii.ttf', 'segoeuil.ttf', 'segoeuisl.ttf', 'segoeuiz.ttf', 'seguibl.ttf', 'seguibli.ttf', 'seguiemj.ttf', 'seguihis.ttf', 'seguili.ttf', 'seguisb.ttf', 'seguisbi.ttf', 'seguisli.ttf', 'seguisym.ttf', 'SegUIVar.ttf', 'sere1255.fon', 'sere1256.fon', 'sere1257.fon', 'serf1255.fon', 'serf1256.fon', 'serf1257.fon', 'serife.fon', 'serifee.fon', 'serifeg.fon', 'serifer.fon', 'serifet.fon', 'seriff.fon', 'seriffe.fon', 'seriffg.fon', 'seriffr.fon', 'serifft.fon', 'SHOWG.TTF', 'simfang.ttf', 'simhei.ttf', 'simkai.ttf', 'SIMLI.TTF', 'simsun.ttc', 'simsunb.ttf', 'SIMYOU.TTF', 'SitkaVF-Italic.ttf', 'SitkaVF.ttf', 'smae1255.fon', 'smae1256.fon', 'smae1257.fon', 'smaf1255.fon', 'smaf1256.fon', 'smaf1257.fon', 'smalle.fon', 'smallee.fon', 'smalleg.fon', 'smaller.fon', 'smallet.fon', 'smallf.fon', 'smallfe.fon', 'smallfg.fon', 'smallfr.fon', 'smallft.fon', 'SNAP____.TTF', 'ssee1255.fon', 'ssee1256.fon', 'ssee1257.fon', 'ssee874.fon', 'ssef1255.fon', 'ssef1256.fon', 'ssef1257.fon', 'ssef874.fon', 'sserife.fon', 'sserifee.fon', 'sserifeg.fon', 'sserifer.fon', 'sserifet.fon', 'sseriff.fon', 'sseriffe.fon', 'sseriffg.fon', 'sseriffr.fon', 'sserifft.fon', 'StaticCache.dat', 'STCAIYUN.TTF', 'STENCIL.TTF', 'STFANGSO.TTF', 'STHUPO.TTF', 'STKAITI.TTF', 'STLITI.TTF', 'STSONG.TTF', 'STXIHEI.TTF', 'STXINGKA.TTF', 'STXINWEI.TTF', 'STZHONGS.TTF', 'svgafix.fon', 'svgasys.fon', 'sylfaen.ttf', 'symbol.ttf', 'tahoma.ttf', 'tahomabd.ttf', 'taile.ttf', 'taileb.ttf', 'TCBI____.TTF', 'TCB_____.TTF', 'TCCB____.TTF', 'TCCEB.TTF', 'TCCM____.TTF', 'TCMI____.TTF', 'TCM_____.TTF', 'TEMPSITC.TTF', 'times.ttf', 'timesbd.ttf', 'timesbi.ttf', 'timesi.ttf', 'trebuc.ttf', 'trebucbd.ttf', 'trebucbi.ttf', 'trebucit.ttf', 'verdana.ttf', 'verdanab.ttf', 'verdanai.ttf', 'verdanaz.ttf', 'vga737.fon', 'vga775.fon', 'vga850.fon', 'vga852.fon', 'vga855.fon', 'vga857.fon', 'vga860.fon', 'vga861.fon', 'vga863.fon', 'vga865.fon', 'vga866.fon', 'vga869.fon', 'vga932.fon', 'vga936.fon', 'vga949.fon', 'vga950.fon', 'vgaf1255.fon', 'vgaf1256.fon', 'vgaf1257.fon', 'vgaf874.fon', 'vgafix.fon', 'vgafixe.fon', 'vgafixg.fon', 'vgafixr.fon', 'vgafixt.fon', 'vgaoem.fon', 'vgas1255.fon', 'vgas1256.fon', 'vgas1257.fon', 'vgas874.fon', 'vgasys.fon', 'vgasyse.fon', 'vgasysg.fon', 'vgasysr.fon', 'vgasyst.fon', 'VINERITC.TTF', 'VIVALDII.TTF', 'VLADIMIR.TTF', 'webdings.ttf', 'wingding.ttf', 'WINGDNG2.TTF', 'WINGDNG3.TTF', 'YuGothB.ttc', 'YuGothL.ttc', 'YuGothM.ttc', 'YuGothR.ttc', '\u534e\u5eb7\u65b9\u5706\u4f53W7.TTC', '\u65b9\u6b63\u7c97\u9ed1\u5b8b\u7b80\u4f53.ttf']
2023-09-27 15:56:54,089 - INFO - all fonts installed:['8514fix.fon', '8514fixe.fon', '8514fixg.fon', '8514fixr.fon', '8514fixt.fon', '8514oem.fon', '8514oeme.fon', '8514oemg.fon', '8514oemr.fon', '8514oemt.fon', '8514sys.fon', '8514syse.fon', '8514sysg.fon', '8514sysr.fon', '8514syst.fon', '85775.fon', '85855.fon', '85f1255.fon', '85f1256.fon', '85f1257.fon', '85f874.fon', '85s1255.fon', '85s1256.fon', '85s1257.fon', '85s874.fon', 'AGENCYB.TTF', 'AGENCYR.TTF', 'ALGER.TTF', 'ANTQUAB.TTF', 'ANTQUABI.TTF', 'ANTQUAI.TTF', 'app775.fon', 'app850.fon', 'app852.fon', 'app855.fon', 'app857.fon', 'app866.fon', 'app932.fon', 'app936.fon', 'app949.fon', 'app950.fon', 'arial.ttf', 'arialbd.ttf', 'arialbi.ttf', 'ariali.ttf', 'ARIALN.TTF', 'ARIALNB.TTF', 'ARIALNBI.TTF', 'ARIALNI.TTF', 'ariblk.ttf', 'ARLRDBD.TTF', 'AxureHandwriting-Bold.otf', 'AxureHandwriting-BoldItalic.otf', 'AxureHandwriting-Italic.otf', 'AxureHandwriting.otf', 'bahnschrift.ttf', 'BASKVILL.TTF', 'BAUHS93.TTF', 'BELL.TTF', 'BELLB.TTF', 'BELLI.TTF', 'BERNHC.TTF', 'BKANT.TTF', 'BOD_B.TTF', 'BOD_BI.TTF', 'BOD_BLAI.TTF', 'BOD_BLAR.TTF', 'BOD_CB.TTF', 'BOD_CBI.TTF', 'BOD_CI.TTF', 'BOD_CR.TTF', 'BOD_I.TTF', 'BOD_PSTC.TTF', 'BOD_R.TTF', 'BOOKOS.TTF', 'BOOKOSB.TTF', 'BOOKOSBI.TTF', 'BOOKOSI.TTF', 'BRADHITC.TTF', 'BRITANIC.TTF', 'BRLNSB.TTF', 'BRLNSDB.TTF', 'BRLNSR.TTF', 'BROADW.TTF', 'BRUSHSCI.TTF', 'BSSYM7.TTF', 'c8514fix.fon', 'c8514oem.fon', 'c8514sys.fon', 'calibri.ttf', 'calibrib.ttf', 'calibrii.ttf', 'calibril.ttf', 'calibrili.ttf', 'calibriz.ttf', 'CALIFB.TTF', 'CALIFI.TTF', 'CALIFR.TTF', 'CALIST.TTF', 'CALISTB.TTF', 'CALISTBI.TTF', 'CALISTI.TTF', 'cambria.ttc', 'cambriab.ttf', 'cambriai.ttf', 'cambriaz.ttf', 'Candara.ttf', 'Candarab.ttf', 'Candarai.ttf', 'Candaral.ttf', 'Candarali.ttf', 'Candaraz.ttf', 'CascadiaCode.ttf', 'CascadiaMono.ttf', 'CASTELAR.TTF', 'CENSCBK.TTF', 'CENTAUR.TTF', 'CENTURY.TTF', 'cga40737.fon', 'cga40850.fon', 'cga40852.fon', 'cga40857.fon', 'cga40866.fon', 'cga40869.fon', 'cga40woa.fon', 'cga80737.fon', 'cga80850.fon', 'cga80852.fon', 'cga80857.fon', 'cga80866.fon', 'cga80869.fon', 'cga80woa.fon', 'CHILLER.TTF', 'COLONNA.TTF', 'comic.ttf', 'comicbd.ttf', 'comici.ttf', 'comicz.ttf', 'consola.ttf', 'consolab.ttf', 'consolai.ttf', 'consolaz.ttf', 'constan.ttf', 'constanb.ttf', 'constani.ttf', 'constanz.ttf', 'COOPBL.TTF', 'COPRGTB.TTF', 'COPRGTL.TTF', 'corbel.ttf', 'corbelb.ttf', 'corbeli.ttf', 'corbell.ttf', 'corbelli.ttf', 'corbelz.ttf', 'coue1255.fon', 'coue1256.fon', 'coue1257.fon', 'couf1255.fon', 'couf1256.fon', 'couf1257.fon', 'cour.ttf', 'courbd.ttf', 'courbi.ttf', 'coure.fon', 'couree.fon', 'coureg.fon', 'courer.fon', 'couret.fon', 'courf.fon', 'courfe.fon', 'courfg.fon', 'courfr.fon', 'courft.fon', 'couri.ttf', 'CURLZ___.TTF', 'cvgafix.fon', 'cvgasys.fon', 'Deng.ttf', 'Dengb.ttf', 'Dengl.ttf', 'desktop.ini', 'dos737.fon', 'dos869.fon', 'dosapp.fon', 'DUBAI-BOLD.TTF', 'DUBAI-LIGHT.TTF', 'DUBAI-MEDIUM.TTF', 'DUBAI-REGULAR.TTF', 'ebrima.ttf', 'ebrimabd.ttf', 'ega40737.fon', 'ega40850.fon', 'ega40852.fon', 'ega40857.fon', 'ega40866.fon', 'ega40869.fon', 'ega40woa.fon', 'ega80737.fon', 'ega80850.fon', 'ega80852.fon', 'ega80857.fon', 'ega80866.fon', 'ega80869.fon', 'ega80woa.fon', 'ELEPHNT.TTF', 'ELEPHNTI.TTF', 'ENGR.TTF', 'ERASBD.TTF', 'ERASDEMI.TTF', 'ERASLGHT.TTF', 'ERASMD.TTF', 'FELIXTI.TTF', 'fms_metadata.xml', 'FORTE.TTF', 'FRABK.TTF', 'FRABKIT.TTF', 'FRADM.TTF', 'FRADMCN.TTF', 'FRADMIT.TTF', 'FRAHV.TTF', 'FRAHVIT.TTF', 'framd.ttf', 'FRAMDCN.TTF', 'framdit.ttf', 'FREESCPT.TTF', 'FRSCRIPT.TTF', 'FTLTLT.TTF', 'FZSTK.TTF', 'FZYTK.TTF', 'Gabriola.ttf', 'gadugi.ttf', 'gadugib.ttf', 'GARA.TTF', 'GARABD.TTF', 'GARAIT.TTF', 'georgia.ttf', 'georgiab.ttf', 'georgiai.ttf', 'georgiaz.ttf', 'GIGI.TTF', 'GILBI___.TTF', 'GILB____.TTF', 'GILC____.TTF', 'GILI____.TTF', 'GILLUBCD.TTF', 'GILSANUB.TTF', 'GIL_____.TTF', 'GLECB.TTF', 'GlobalMonospace.CompositeFont', 'GlobalSansSerif.CompositeFont', 'GlobalSerif.CompositeFont', 'GlobalUserInterface.CompositeFont', 'GLSNECB.TTF', 'GOTHIC.TTF', 'GOTHICB.TTF', 'GOTHICBI.TTF', 'GOTHICI.TTF', 'GOUDOS.TTF', 'GOUDOSB.TTF', 'GOUDOSI.TTF', 'GOUDYSTO.TTF', 'h8514fix.fon', 'h8514oem.fon', 'h8514sys.fon', 'HARLOWSI.TTF', 'HARNGTON.TTF', 'HATTEN.TTF', 'HGB1X_CNKI.ttf', 'HGB1_CNKI.ttf', 'HGB2X_CNKI.ttf', 'HGB2_CNKI.ttf', 'HGB3X_CNKI.ttf', 'HGB3_CNKI.ttf', 'HGB4X_CNKI.ttf', 'HGB4_CNKI.ttf', 'HGB5X_CNKI.ttf', 'HGB5_CNKI.ttf', 'HGB6X_CNKI.ttf', 'HGB6_CNKI.ttf', 'HGB7X_CNKI.ttf', 'HGB7_CNKI.ttf', 'HGB8X_CNKI.ttf', 'HGB8_CNKI.ttf', 'HGBD_CNKI.ttf', 'HGBKBX_CNKI.ttf', 'HGBKB_CNKI.ttf', 'HGBKHX_CNKI.ttf', 'HGBKH_CNKI.ttf', 'HGBS1_CNKI.TTF', 'HGBS2_CNKI.TTF', 'HGBS_CNKI.TTF', 'HGBTH_CNKI.TTF', 'HGBTS_CNKI.TTF', 'HGBX_CNKI.ttf', 'HGBZ_CNKI.ttf', 'HGCH_CNKI.TTF', 'HGCUH_CNKI.TTF', 'HGCY_CNKI.TTF', 'HGDBS_CNKI.TTF', 'HGDGY_CNKI.TTF', 'HGDH2_CNKI.TTF', 'HGDH_CNKI.TTF', 'HGDYS_CNKI.TTF', 'HGDY_CNKI.ttf', 'HGF1X_CNKI.ttf', 'HGF1_CNKI.ttf', 'HGF2X_CNKI.ttf', 'HGF2_CNKI.ttf', 'HGF3_CNKI.ttf', 'HGF4X_CNKI.ttf', 'HGF4_CNKI.ttf', 'HGF5X_CNKI.ttf', 'HGF5_CNKI.ttf', 'HGF6X_CNKI.ttf', 'HGF6_CNKI.ttf', 'HGF7X_CNKI.ttf', 'HGF7_CNKI.ttf', 'HGF8_CNKI.ttf', 'HGF9X_CNKI.ttf', 'HGF9_CNKI.ttf', 'HGFS1_CNKI.TTF', 'HGFS2_CNKI.TTF', 'HGFSH_CNKI.TTF', 'HGFS_CNKI.TTF', 'HGFX_CNKI.ttf', 'HGFZ_CNKI.ttf', 'HGGG_CNKI.TTF', 'HGH1X_CNKI.ttf', 'HGH1_CNKI.ttf', 'HGH2X_CNKI.ttf', 'HGH2_CNKI.ttf', 'HGH3X_CNKI.ttf', 'HGH3_CNKI.ttf', 'HGH4X_CNKI.ttf', 'HGH4_CNKI.ttf', 'HGH5X_CNKI.ttf', 'HGH5_CNKI.ttf', 'HGH6X_CNKI.ttf', 'HGH6_CNKI.ttf', 'HGH7X_CNKI.ttf', 'HGH7_CNKI.ttf', 'HGHB_CNKI.TTF', 'HGHD_CNKI.ttf', 'HGHP_CNKI.TTF', 'HGHT1_CNKI.ttf', 'HGHT2_CNKI.ttf', 'HGHUATI_CNKI.ttf', 'HGHX_CNKI.ttf', 'HGHZ_CNKI.ttf', 'HGH_CNKI.TTF', 'HGKT1_CNKI.TTF', 'HGKT2_CNKI.TTF', 'HGKT_CNKI.TTF', 'HGKY_CNKI.ttf', 'HGLB_CNKI.TTF', 'HGLS_CNKI.TTF', 'HGMH_CNKI.TTF', 'HGNBS_CNKI.ttf', 'HGOCR_CNKI.ttf', 'HGPH_CNKI.TTF', 'HGPTY_CNKI.TTF', 'HGSS1_CNKI.TTF', 'HGSS2_CNKI.TTF', 'HGSS_CNKI.TTF', 'HGSXT_CNKI.ttf', 'HGTT_CNKI.ttf', 'HGTX_CNKI.TTF', 'HGWT_CNKI.TTF', 'HGWYS_CNKI.TTF', 'HGX1X_CNKI.ttf', 'HGX1_CNKI.ttf', 'HGXBS_CNKI.TTF', 'HGXC_CNKI.TTF', 'HGXF1_CNKI.ttf', 'HGXFX_CNKI.ttf', 'HGXFZ_CNKI.ttf', 'HGXH1_CNKI.TTF', 'HGXH_CNKI.TTF', 'HGXK_CNKI.TTF', 'HGXL_CNKI.TTF', 'HGXS_CNKI.TTF', 'HGXT_CNKI.ttf', 'HGXY_CNKI.ttf', 'HGY1_CNKI.TTF', 'HGY2_CNKI.TTF', 'HGY3_CNKI.TTF', 'HGY4_CNKI.TTF', 'HGYB_CNKI.ttf', 'HGYT1_CNKI.ttf', 'HGYT2_CNKI.ttf', 'HGYT_CNKI.TTF', 'HGYX_CNKI.TTF', 'HGZCS_CNKI.TTF', 'HGZDX_CNKI.TTF', 'HGZK_CNKI.TTF', 'HGZYT_CNKI.TTF', 'HGZY_CNKI.TTF', 'himalaya.ttf', 'holomdl2.ttf', 'HTOWERT.TTF', 'HTOWERTI.TTF', 'hvgafix.fon', 'hvgasys.fon', 'impact.ttf', 'IMPRISHA.TTF', 'INFROMAN.TTF', 'Inkfree.ttf', 'iqiyi_logov7.ttf', 'ITCBLKAD.TTF', 'ITCEDSCR.TTF', 'ITCKRIST.TTF', 'j8514fix.fon', 'j8514oem.fon', 'j8514sys.fon', 'javatext.ttf', 'JOKERMAN.TTF', 'jsmalle.fon', 'jsmallf.fon', 'JUICE___.TTF', 'jvgafix.fon', 'jvgasys.fon', 'KUNSTLER.TTF', 'LATINWD.TTF', 'LBRITE.TTF', 'LBRITED.TTF', 'LBRITEDI.TTF', 'LBRITEI.TTF', 'LCALLIG.TTF', 'LeelaUIb.ttf', 'LeelawUI.ttf', 'LeelUIsl.ttf', 'LFAX.TTF', 'LFAXD.TTF', 'LFAXDI.TTF', 'LFAXI.TTF', 'LHANDW.TTF', 'LSANS.TTF', 'LSANSD.TTF', 'LSANSDI.TTF', 'LSANSI.TTF', 'LTYPE.TTF', 'LTYPEB.TTF', 'LTYPEBO.TTF', 'LTYPEO.TTF', 'lucon.ttf', 'l_10646.ttf', 'MAGNETOB.TTF', 'MAIAN.TTF', 'malgun.ttf', 'malgunbd.ttf', 'malgunsl.ttf', 'marlett.ttf', 'MATURASC.TTF', 'micross.ttf', 'mingliub.ttc', 'MISTRAL.TTF', 'mmrtext.ttf', 'mmrtextb.ttf', 'MOD20.TTF', 'modern.fon', 'monbaiti.ttf', 'msgothic.ttc', 'msjh.ttc', 'msjhbd.ttc', 'msjhl.ttc', 'msyh.ttc', 'msyhbd.ttc', 'msyhl.ttc', 'msyi.ttf', 'MTCORSVA.TTF', 'MTEXTRA.TTF', 'mvboli.ttf', 'NIAGENG.TTF', 'NIAGSOL.TTF', 'Nirmala.ttf', 'NirmalaB.ttf', 'NirmalaS.ttf', 'ntailu.ttf', 'ntailub.ttf', 'NumberOnly.ttf', 'OCRAEXT.TTF', 'OLDENGL.TTF', 'ONYX.TTF', 'OUTLOOK.TTF', 'pala.ttf', 'palab.ttf', 'palabi.ttf', 'palai.ttf', 'PALSCRI.TTF', 'PAPYRUS.TTF', 'PARCHM.TTF', 'PERBI___.TTF', 'PERB____.TTF', 'PERI____.TTF', 'PERTIBD.TTF', 'PERTILI.TTF', 'PER_____.TTF', 'phagspa.ttf', 'phagspab.ttf', 'PLAYBILL.TTF', 'POORICH.TTF', 'PRISTINA.TTF', 'RAGE.TTF', 'RAVIE.TTF', 'REFSAN.TTF', 'REFSPCL.TTF', 'ROCCB___.TTF', 'ROCC____.TTF', 'ROCK.TTF', 'ROCKB.TTF', 'ROCKBI.TTF', 'ROCKEB.TTF', 'ROCKI.TTF', 'roman.fon', 's8514fix.fon', 's8514oem.fon', 's8514sys.fon', 'SCHLBKB.TTF', 'SCHLBKBI.TTF', 'SCHLBKI.TTF', 'script.fon', 'SCRIPTBL.TTF', 'segmdl2.ttf', 'SegoeIcons.ttf', 'segoepr.ttf', 'segoeprb.ttf', 'segoesc.ttf', 'segoescb.ttf', 'segoeui.ttf', 'segoeuib.ttf', 'segoeuii.ttf', 'segoeuil.ttf', 'segoeuisl.ttf', 'segoeuiz.ttf', 'seguibl.ttf', 'seguibli.ttf', 'seguiemj.ttf', 'seguihis.ttf', 'seguili.ttf', 'seguisb.ttf', 'seguisbi.ttf', 'seguisli.ttf', 'seguisym.ttf', 'SegUIVar.ttf', 'sere1255.fon', 'sere1256.fon', 'sere1257.fon', 'serf1255.fon', 'serf1256.fon', 'serf1257.fon', 'serife.fon', 'serifee.fon', 'serifeg.fon', 'serifer.fon', 'serifet.fon', 'seriff.fon', 'seriffe.fon', 'seriffg.fon', 'seriffr.fon', 'serifft.fon', 'SHOWG.TTF', 'simfang.ttf', 'simhei.ttf', 'simkai.ttf', 'SIMLI.TTF', 'simsun.ttc', 'simsunb.ttf', 'SIMYOU.TTF', 'SitkaVF-Italic.ttf', 'SitkaVF.ttf', 'smae1255.fon', 'smae1256.fon', 'smae1257.fon', 'smaf1255.fon', 'smaf1256.fon', 'smaf1257.fon', 'smalle.fon', 'smallee.fon', 'smalleg.fon', 'smaller.fon', 'smallet.fon', 'smallf.fon', 'smallfe.fon', 'smallfg.fon', 'smallfr.fon', 'smallft.fon', 'SNAP____.TTF', 'ssee1255.fon', 'ssee1256.fon', 'ssee1257.fon', 'ssee874.fon', 'ssef1255.fon', 'ssef1256.fon', 'ssef1257.fon', 'ssef874.fon', 'sserife.fon', 'sserifee.fon', 'sserifeg.fon', 'sserifer.fon', 'sserifet.fon', 'sseriff.fon', 'sseriffe.fon', 'sseriffg.fon', 'sseriffr.fon', 'sserifft.fon', 'StaticCache.dat', 'STCAIYUN.TTF', 'STENCIL.TTF', 'STFANGSO.TTF', 'STHUPO.TTF', 'STKAITI.TTF', 'STLITI.TTF', 'STSONG.TTF', 'STXIHEI.TTF', 'STXINGKA.TTF', 'STXINWEI.TTF', 'STZHONGS.TTF', 'svgafix.fon', 'svgasys.fon', 'sylfaen.ttf', 'symbol.ttf', 'tahoma.ttf', 'tahomabd.ttf', 'taile.ttf', 'taileb.ttf', 'TCBI____.TTF', 'TCB_____.TTF', 'TCCB____.TTF', 'TCCEB.TTF', 'TCCM____.TTF', 'TCMI____.TTF', 'TCM_____.TTF', 'TEMPSITC.TTF', 'times.ttf', 'timesbd.ttf', 'timesbi.ttf', 'timesi.ttf', 'trebuc.ttf', 'trebucbd.ttf', 'trebucbi.ttf', 'trebucit.ttf', 'verdana.ttf', 'verdanab.ttf', 'verdanai.ttf', 'verdanaz.ttf', 'vga737.fon', 'vga775.fon', 'vga850.fon', 'vga852.fon', 'vga855.fon', 'vga857.fon', 'vga860.fon', 'vga861.fon', 'vga863.fon', 'vga865.fon', 'vga866.fon', 'vga869.fon', 'vga932.fon', 'vga936.fon', 'vga949.fon', 'vga950.fon', 'vgaf1255.fon', 'vgaf1256.fon', 'vgaf1257.fon', 'vgaf874.fon', 'vgafix.fon', 'vgafixe.fon', 'vgafixg.fon', 'vgafixr.fon', 'vgafixt.fon', 'vgaoem.fon', 'vgas1255.fon', 'vgas1256.fon', 'vgas1257.fon', 'vgas874.fon', 'vgasys.fon', 'vgasyse.fon', 'vgasysg.fon', 'vgasysr.fon', 'vgasyst.fon', 'VINERITC.TTF', 'VIVALDII.TTF', 'VLADIMIR.TTF', 'webdings.ttf', 'wingding.ttf', 'WINGDNG2.TTF', 'WINGDNG3.TTF', 'YuGothB.ttc', 'YuGothL.ttc', 'YuGothM.ttc', 'YuGothR.ttc', '\u534e\u5eb7\u65b9\u5706\u4f53W7.TTC', '\u65b9\u6b63\u7c97\u9ed1\u5b8b\u7b80\u4f53.ttf']
2023-09-27 15:56:54,092 - INFO - all fonts installed:['8514fix.fon', '8514fixe.fon', '8514fixg.fon', '8514fixr.fon', '8514fixt.fon', '8514oem.fon', '8514oeme.fon', '8514oemg.fon', '8514oemr.fon', '8514oemt.fon', '8514sys.fon', '8514syse.fon', '8514sysg.fon', '8514sysr.fon', '8514syst.fon', '85775.fon', '85855.fon', '85f1255.fon', '85f1256.fon', '85f1257.fon', '85f874.fon', '85s1255.fon', '85s1256.fon', '85s1257.fon', '85s874.fon', 'AGENCYB.TTF', 'AGENCYR.TTF', 'ALGER.TTF', 'ANTQUAB.TTF', 'ANTQUABI.TTF', 'ANTQUAI.TTF', 'app775.fon', 'app850.fon', 'app852.fon', 'app855.fon', 'app857.fon', 'app866.fon', 'app932.fon', 'app936.fon', 'app949.fon', 'app950.fon', 'arial.ttf', 'arialbd.ttf', 'arialbi.ttf', 'ariali.ttf', 'ARIALN.TTF', 'ARIALNB.TTF', 'ARIALNBI.TTF', 'ARIALNI.TTF', 'ariblk.ttf', 'ARLRDBD.TTF', 'AxureHandwriting-Bold.otf', 'AxureHandwriting-BoldItalic.otf', 'AxureHandwriting-Italic.otf', 'AxureHandwriting.otf', 'bahnschrift.ttf', 'BASKVILL.TTF', 'BAUHS93.TTF', 'BELL.TTF', 'BELLB.TTF', 'BELLI.TTF', 'BERNHC.TTF', 'BKANT.TTF', 'BOD_B.TTF', 'BOD_BI.TTF', 'BOD_BLAI.TTF', 'BOD_BLAR.TTF', 'BOD_CB.TTF', 'BOD_CBI.TTF', 'BOD_CI.TTF', 'BOD_CR.TTF', 'BOD_I.TTF', 'BOD_PSTC.TTF', 'BOD_R.TTF', 'BOOKOS.TTF', 'BOOKOSB.TTF', 'BOOKOSBI.TTF', 'BOOKOSI.TTF', 'BRADHITC.TTF', 'BRITANIC.TTF', 'BRLNSB.TTF', 'BRLNSDB.TTF', 'BRLNSR.TTF', 'BROADW.TTF', 'BRUSHSCI.TTF', 'BSSYM7.TTF', 'c8514fix.fon', 'c8514oem.fon', 'c8514sys.fon', 'calibri.ttf', 'calibrib.ttf', 'calibrii.ttf', 'calibril.ttf', 'calibrili.ttf', 'calibriz.ttf', 'CALIFB.TTF', 'CALIFI.TTF', 'CALIFR.TTF', 'CALIST.TTF', 'CALISTB.TTF', 'CALISTBI.TTF', 'CALISTI.TTF', 'cambria.ttc', 'cambriab.ttf', 'cambriai.ttf', 'cambriaz.ttf', 'Candara.ttf', 'Candarab.ttf', 'Candarai.ttf', 'Candaral.ttf', 'Candarali.ttf', 'Candaraz.ttf', 'CascadiaCode.ttf', 'CascadiaMono.ttf', 'CASTELAR.TTF', 'CENSCBK.TTF', 'CENTAUR.TTF', 'CENTURY.TTF', 'cga40737.fon', 'cga40850.fon', 'cga40852.fon', 'cga40857.fon', 'cga40866.fon', 'cga40869.fon', 'cga40woa.fon', 'cga80737.fon', 'cga80850.fon', 'cga80852.fon', 'cga80857.fon', 'cga80866.fon', 'cga80869.fon', 'cga80woa.fon', 'CHILLER.TTF', 'COLONNA.TTF', 'comic.ttf', 'comicbd.ttf', 'comici.ttf', 'comicz.ttf', 'consola.ttf', 'consolab.ttf', 'consolai.ttf', 'consolaz.ttf', 'constan.ttf', 'constanb.ttf', 'constani.ttf', 'constanz.ttf', 'COOPBL.TTF', 'COPRGTB.TTF', 'COPRGTL.TTF', 'corbel.ttf', 'corbelb.ttf', 'corbeli.ttf', 'corbell.ttf', 'corbelli.ttf', 'corbelz.ttf', 'coue1255.fon', 'coue1256.fon', 'coue1257.fon', 'couf1255.fon', 'couf1256.fon', 'couf1257.fon', 'cour.ttf', 'courbd.ttf', 'courbi.ttf', 'coure.fon', 'couree.fon', 'coureg.fon', 'courer.fon', 'couret.fon', 'courf.fon', 'courfe.fon', 'courfg.fon', 'courfr.fon', 'courft.fon', 'couri.ttf', 'CURLZ___.TTF', 'cvgafix.fon', 'cvgasys.fon', 'Deng.ttf', 'Dengb.ttf', 'Dengl.ttf', 'desktop.ini', 'dos737.fon', 'dos869.fon', 'dosapp.fon', 'DUBAI-BOLD.TTF', 'DUBAI-LIGHT.TTF', 'DUBAI-MEDIUM.TTF', 'DUBAI-REGULAR.TTF', 'ebrima.ttf', 'ebrimabd.ttf', 'ega40737.fon', 'ega40850.fon', 'ega40852.fon', 'ega40857.fon', 'ega40866.fon', 'ega40869.fon', 'ega40woa.fon', 'ega80737.fon', 'ega80850.fon', 'ega80852.fon', 'ega80857.fon', 'ega80866.fon', 'ega80869.fon', 'ega80woa.fon', 'ELEPHNT.TTF', 'ELEPHNTI.TTF', 'ENGR.TTF', 'ERASBD.TTF', 'ERASDEMI.TTF', 'ERASLGHT.TTF', 'ERASMD.TTF', 'FELIXTI.TTF', 'fms_metadata.xml', 'FORTE.TTF', 'FRABK.TTF', 'FRABKIT.TTF', 'FRADM.TTF', 'FRADMCN.TTF', 'FRADMIT.TTF', 'FRAHV.TTF', 'FRAHVIT.TTF', 'framd.ttf', 'FRAMDCN.TTF', 'framdit.ttf', 'FREESCPT.TTF', 'FRSCRIPT.TTF', 'FTLTLT.TTF', 'FZSTK.TTF', 'FZYTK.TTF', 'Gabriola.ttf', 'gadugi.ttf', 'gadugib.ttf', 'GARA.TTF', 'GARABD.TTF', 'GARAIT.TTF', 'georgia.ttf', 'georgiab.ttf', 'georgiai.ttf', 'georgiaz.ttf', 'GIGI.TTF', 'GILBI___.TTF', 'GILB____.TTF', 'GILC____.TTF', 'GILI____.TTF', 'GILLUBCD.TTF', 'GILSANUB.TTF', 'GIL_____.TTF', 'GLECB.TTF', 'GlobalMonospace.CompositeFont', 'GlobalSansSerif.CompositeFont', 'GlobalSerif.CompositeFont', 'GlobalUserInterface.CompositeFont', 'GLSNECB.TTF', 'GOTHIC.TTF', 'GOTHICB.TTF', 'GOTHICBI.TTF', 'GOTHICI.TTF', 'GOUDOS.TTF', 'GOUDOSB.TTF', 'GOUDOSI.TTF', 'GOUDYSTO.TTF', 'h8514fix.fon', 'h8514oem.fon', 'h8514sys.fon', 'HARLOWSI.TTF', 'HARNGTON.TTF', 'HATTEN.TTF', 'HGB1X_CNKI.ttf', 'HGB1_CNKI.ttf', 'HGB2X_CNKI.ttf', 'HGB2_CNKI.ttf', 'HGB3X_CNKI.ttf', 'HGB3_CNKI.ttf', 'HGB4X_CNKI.ttf', 'HGB4_CNKI.ttf', 'HGB5X_CNKI.ttf', 'HGB5_CNKI.ttf', 'HGB6X_CNKI.ttf', 'HGB6_CNKI.ttf', 'HGB7X_CNKI.ttf', 'HGB7_CNKI.ttf', 'HGB8X_CNKI.ttf', 'HGB8_CNKI.ttf', 'HGBD_CNKI.ttf', 'HGBKBX_CNKI.ttf', 'HGBKB_CNKI.ttf', 'HGBKHX_CNKI.ttf', 'HGBKH_CNKI.ttf', 'HGBS1_CNKI.TTF', 'HGBS2_CNKI.TTF', 'HGBS_CNKI.TTF', 'HGBTH_CNKI.TTF', 'HGBTS_CNKI.TTF', 'HGBX_CNKI.ttf', 'HGBZ_CNKI.ttf', 'HGCH_CNKI.TTF', 'HGCUH_CNKI.TTF', 'HGCY_CNKI.TTF', 'HGDBS_CNKI.TTF', 'HGDGY_CNKI.TTF', 'HGDH2_CNKI.TTF', 'HGDH_CNKI.TTF', 'HGDYS_CNKI.TTF', 'HGDY_CNKI.ttf', 'HGF1X_CNKI.ttf', 'HGF1_CNKI.ttf', 'HGF2X_CNKI.ttf', 'HGF2_CNKI.ttf', 'HGF3_CNKI.ttf', 'HGF4X_CNKI.ttf', 'HGF4_CNKI.ttf', 'HGF5X_CNKI.ttf', 'HGF5_CNKI.ttf', 'HGF6X_CNKI.ttf', 'HGF6_CNKI.ttf', 'HGF7X_CNKI.ttf', 'HGF7_CNKI.ttf', 'HGF8_CNKI.ttf', 'HGF9X_CNKI.ttf', 'HGF9_CNKI.ttf', 'HGFS1_CNKI.TTF', 'HGFS2_CNKI.TTF', 'HGFSH_CNKI.TTF', 'HGFS_CNKI.TTF', 'HGFX_CNKI.ttf', 'HGFZ_CNKI.ttf', 'HGGG_CNKI.TTF', 'HGH1X_CNKI.ttf', 'HGH1_CNKI.ttf', 'HGH2X_CNKI.ttf', 'HGH2_CNKI.ttf', 'HGH3X_CNKI.ttf', 'HGH3_CNKI.ttf', 'HGH4X_CNKI.ttf', 'HGH4_CNKI.ttf', 'HGH5X_CNKI.ttf', 'HGH5_CNKI.ttf', 'HGH6X_CNKI.ttf', 'HGH6_CNKI.ttf', 'HGH7X_CNKI.ttf', 'HGH7_CNKI.ttf', 'HGHB_CNKI.TTF', 'HGHD_CNKI.ttf', 'HGHP_CNKI.TTF', 'HGHT1_CNKI.ttf', 'HGHT2_CNKI.ttf', 'HGHUATI_CNKI.ttf', 'HGHX_CNKI.ttf', 'HGHZ_CNKI.ttf', 'HGH_CNKI.TTF', 'HGKT1_CNKI.TTF', 'HGKT2_CNKI.TTF', 'HGKT_CNKI.TTF', 'HGKY_CNKI.ttf', 'HGLB_CNKI.TTF', 'HGLS_CNKI.TTF', 'HGMH_CNKI.TTF', 'HGNBS_CNKI.ttf', 'HGOCR_CNKI.ttf', 'HGPH_CNKI.TTF', 'HGPTY_CNKI.TTF', 'HGSS1_CNKI.TTF', 'HGSS2_CNKI.TTF', 'HGSS_CNKI.TTF', 'HGSXT_CNKI.ttf', 'HGTT_CNKI.ttf', 'HGTX_CNKI.TTF', 'HGWT_CNKI.TTF', 'HGWYS_CNKI.TTF', 'HGX1X_CNKI.ttf', 'HGX1_CNKI.ttf', 'HGXBS_CNKI.TTF', 'HGXC_CNKI.TTF', 'HGXF1_CNKI.ttf', 'HGXFX_CNKI.ttf', 'HGXFZ_CNKI.ttf', 'HGXH1_CNKI.TTF', 'HGXH_CNKI.TTF', 'HGXK_CNKI.TTF', 'HGXL_CNKI.TTF', 'HGXS_CNKI.TTF', 'HGXT_CNKI.ttf', 'HGXY_CNKI.ttf', 'HGY1_CNKI.TTF', 'HGY2_CNKI.TTF', 'HGY3_CNKI.TTF', 'HGY4_CNKI.TTF', 'HGYB_CNKI.ttf', 'HGYT1_CNKI.ttf', 'HGYT2_CNKI.ttf', 'HGYT_CNKI.TTF', 'HGYX_CNKI.TTF', 'HGZCS_CNKI.TTF', 'HGZDX_CNKI.TTF', 'HGZK_CNKI.TTF', 'HGZYT_CNKI.TTF', 'HGZY_CNKI.TTF', 'himalaya.ttf', 'holomdl2.ttf', 'HTOWERT.TTF', 'HTOWERTI.TTF', 'hvgafix.fon', 'hvgasys.fon', 'impact.ttf', 'IMPRISHA.TTF', 'INFROMAN.TTF', 'Inkfree.ttf', 'iqiyi_logov7.ttf', 'ITCBLKAD.TTF', 'ITCEDSCR.TTF', 'ITCKRIST.TTF', 'j8514fix.fon', 'j8514oem.fon', 'j8514sys.fon', 'javatext.ttf', 'JOKERMAN.TTF', 'jsmalle.fon', 'jsmallf.fon', 'JUICE___.TTF', 'jvgafix.fon', 'jvgasys.fon', 'KUNSTLER.TTF', 'LATINWD.TTF', 'LBRITE.TTF', 'LBRITED.TTF', 'LBRITEDI.TTF', 'LBRITEI.TTF', 'LCALLIG.TTF', 'LeelaUIb.ttf', 'LeelawUI.ttf', 'LeelUIsl.ttf', 'LFAX.TTF', 'LFAXD.TTF', 'LFAXDI.TTF', 'LFAXI.TTF', 'LHANDW.TTF', 'LSANS.TTF', 'LSANSD.TTF', 'LSANSDI.TTF', 'LSANSI.TTF', 'LTYPE.TTF', 'LTYPEB.TTF', 'LTYPEBO.TTF', 'LTYPEO.TTF', 'lucon.ttf', 'l_10646.ttf', 'MAGNETOB.TTF', 'MAIAN.TTF', 'malgun.ttf', 'malgunbd.ttf', 'malgunsl.ttf', 'marlett.ttf', 'MATURASC.TTF', 'micross.ttf', 'mingliub.ttc', 'MISTRAL.TTF', 'mmrtext.ttf', 'mmrtextb.ttf', 'MOD20.TTF', 'modern.fon', 'monbaiti.ttf', 'msgothic.ttc', 'msjh.ttc', 'msjhbd.ttc', 'msjhl.ttc', 'msyh.ttc', 'msyhbd.ttc', 'msyhl.ttc', 'msyi.ttf', 'MTCORSVA.TTF', 'MTEXTRA.TTF', 'mvboli.ttf', 'NIAGENG.TTF', 'NIAGSOL.TTF', 'Nirmala.ttf', 'NirmalaB.ttf', 'NirmalaS.ttf', 'ntailu.ttf', 'ntailub.ttf', 'NumberOnly.ttf', 'OCRAEXT.TTF', 'OLDENGL.TTF', 'ONYX.TTF', 'OUTLOOK.TTF', 'pala.ttf', 'palab.ttf', 'palabi.ttf', 'palai.ttf', 'PALSCRI.TTF', 'PAPYRUS.TTF', 'PARCHM.TTF', 'PERBI___.TTF', 'PERB____.TTF', 'PERI____.TTF', 'PERTIBD.TTF', 'PERTILI.TTF', 'PER_____.TTF', 'phagspa.ttf', 'phagspab.ttf', 'PLAYBILL.TTF', 'POORICH.TTF', 'PRISTINA.TTF', 'RAGE.TTF', 'RAVIE.TTF', 'REFSAN.TTF', 'REFSPCL.TTF', 'ROCCB___.TTF', 'ROCC____.TTF', 'ROCK.TTF', 'ROCKB.TTF', 'ROCKBI.TTF', 'ROCKEB.TTF', 'ROCKI.TTF', 'roman.fon', 's8514fix.fon', 's8514oem.fon', 's8514sys.fon', 'SCHLBKB.TTF', 'SCHLBKBI.TTF', 'SCHLBKI.TTF', 'script.fon', 'SCRIPTBL.TTF', 'segmdl2.ttf', 'SegoeIcons.ttf', 'segoepr.ttf', 'segoeprb.ttf', 'segoesc.ttf', 'segoescb.ttf', 'segoeui.ttf', 'segoeuib.ttf', 'segoeuii.ttf', 'segoeuil.ttf', 'segoeuisl.ttf', 'segoeuiz.ttf', 'seguibl.ttf', 'seguibli.ttf', 'seguiemj.ttf', 'seguihis.ttf', 'seguili.ttf', 'seguisb.ttf', 'seguisbi.ttf', 'seguisli.ttf', 'seguisym.ttf', 'SegUIVar.ttf', 'sere1255.fon', 'sere1256.fon', 'sere1257.fon', 'serf1255.fon', 'serf1256.fon', 'serf1257.fon', 'serife.fon', 'serifee.fon', 'serifeg.fon', 'serifer.fon', 'serifet.fon', 'seriff.fon', 'seriffe.fon', 'seriffg.fon', 'seriffr.fon', 'serifft.fon', 'SHOWG.TTF', 'simfang.ttf', 'simhei.ttf', 'simkai.ttf', 'SIMLI.TTF', 'simsun.ttc', 'simsunb.ttf', 'SIMYOU.TTF', 'SitkaVF-Italic.ttf', 'SitkaVF.ttf', 'smae1255.fon', 'smae1256.fon', 'smae1257.fon', 'smaf1255.fon', 'smaf1256.fon', 'smaf1257.fon', 'smalle.fon', 'smallee.fon', 'smalleg.fon', 'smaller.fon', 'smallet.fon', 'smallf.fon', 'smallfe.fon', 'smallfg.fon', 'smallfr.fon', 'smallft.fon', 'SNAP____.TTF', 'ssee1255.fon', 'ssee1256.fon', 'ssee1257.fon', 'ssee874.fon', 'ssef1255.fon', 'ssef1256.fon', 'ssef1257.fon', 'ssef874.fon', 'sserife.fon', 'sserifee.fon', 'sserifeg.fon', 'sserifer.fon', 'sserifet.fon', 'sseriff.fon', 'sseriffe.fon', 'sseriffg.fon', 'sseriffr.fon', 'sserifft.fon', 'StaticCache.dat', 'STCAIYUN.TTF', 'STENCIL.TTF', 'STFANGSO.TTF', 'STHUPO.TTF', 'STKAITI.TTF', 'STLITI.TTF', 'STSONG.TTF', 'STXIHEI.TTF', 'STXINGKA.TTF', 'STXINWEI.TTF', 'STZHONGS.TTF', 'svgafix.fon', 'svgasys.fon', 'sylfaen.ttf', 'symbol.ttf', 'tahoma.ttf', 'tahomabd.ttf', 'taile.ttf', 'taileb.ttf', 'TCBI____.TTF', 'TCB_____.TTF', 'TCCB____.TTF', 'TCCEB.TTF', 'TCCM____.TTF', 'TCMI____.TTF', 'TCM_____.TTF', 'TEMPSITC.TTF', 'times.ttf', 'timesbd.ttf', 'timesbi.ttf', 'timesi.ttf', 'trebuc.ttf', 'trebucbd.ttf', 'trebucbi.ttf', 'trebucit.ttf', 'verdana.ttf', 'verdanab.ttf', 'verdanai.ttf', 'verdanaz.ttf', 'vga737.fon', 'vga775.fon', 'vga850.fon', 'vga852.fon', 'vga855.fon', 'vga857.fon', 'vga860.fon', 'vga861.fon', 'vga863.fon', 'vga865.fon', 'vga866.fon', 'vga869.fon', 'vga932.fon', 'vga936.fon', 'vga949.fon', 'vga950.fon', 'vgaf1255.fon', 'vgaf1256.fon', 'vgaf1257.fon', 'vgaf874.fon', 'vgafix.fon', 'vgafixe.fon', 'vgafixg.fon', 'vgafixr.fon', 'vgafixt.fon', 'vgaoem.fon', 'vgas1255.fon', 'vgas1256.fon', 'vgas1257.fon', 'vgas874.fon', 'vgasys.fon', 'vgasyse.fon', 'vgasysg.fon', 'vgasysr.fon', 'vgasyst.fon', 'VINERITC.TTF', 'VIVALDII.TTF', 'VLADIMIR.TTF', 'webdings.ttf', 'wingding.ttf', 'WINGDNG2.TTF', 'WINGDNG3.TTF', 'YuGothB.ttc', 'YuGothL.ttc', 'YuGothM.ttc', 'YuGothR.ttc', '\u534e\u5eb7\u65b9\u5706\u4f53W7.TTC', '\u65b9\u6b63\u7c97\u9ed1\u5b8b\u7b80\u4f53.ttf']
2023-09-27 15:56:54,354 - INFO - all fonts installed:['8514fix.fon', '8514fixe.fon', '8514fixg.fon', '8514fixr.fon', '8514fixt.fon', '8514oem.fon', '8514oeme.fon', '8514oemg.fon', '8514oemr.fon', '8514oemt.fon', '8514sys.fon', '8514syse.fon', '8514sysg.fon', '8514sysr.fon', '8514syst.fon', '85775.fon', '85855.fon', '85f1255.fon', '85f1256.fon', '85f1257.fon', '85f874.fon', '85s1255.fon', '85s1256.fon', '85s1257.fon', '85s874.fon', 'AGENCYB.TTF', 'AGENCYR.TTF', 'ALGER.TTF', 'ANTQUAB.TTF', 'ANTQUABI.TTF', 'ANTQUAI.TTF', 'app775.fon', 'app850.fon', 'app852.fon', 'app855.fon', 'app857.fon', 'app866.fon', 'app932.fon', 'app936.fon', 'app949.fon', 'app950.fon', 'arial.ttf', 'arialbd.ttf', 'arialbi.ttf', 'ariali.ttf', 'ARIALN.TTF', 'ARIALNB.TTF', 'ARIALNBI.TTF', 'ARIALNI.TTF', 'ariblk.ttf', 'ARLRDBD.TTF', 'AxureHandwriting-Bold.otf', 'AxureHandwriting-BoldItalic.otf', 'AxureHandwriting-Italic.otf', 'AxureHandwriting.otf', 'bahnschrift.ttf', 'BASKVILL.TTF', 'BAUHS93.TTF', 'BELL.TTF', 'BELLB.TTF', 'BELLI.TTF', 'BERNHC.TTF', 'BKANT.TTF', 'BOD_B.TTF', 'BOD_BI.TTF', 'BOD_BLAI.TTF', 'BOD_BLAR.TTF', 'BOD_CB.TTF', 'BOD_CBI.TTF', 'BOD_CI.TTF', 'BOD_CR.TTF', 'BOD_I.TTF', 'BOD_PSTC.TTF', 'BOD_R.TTF', 'BOOKOS.TTF', 'BOOKOSB.TTF', 'BOOKOSBI.TTF', 'BOOKOSI.TTF', 'BRADHITC.TTF', 'BRITANIC.TTF', 'BRLNSB.TTF', 'BRLNSDB.TTF', 'BRLNSR.TTF', 'BROADW.TTF', 'BRUSHSCI.TTF', 'BSSYM7.TTF', 'c8514fix.fon', 'c8514oem.fon', 'c8514sys.fon', 'calibri.ttf', 'calibrib.ttf', 'calibrii.ttf', 'calibril.ttf', 'calibrili.ttf', 'calibriz.ttf', 'CALIFB.TTF', 'CALIFI.TTF', 'CALIFR.TTF', 'CALIST.TTF', 'CALISTB.TTF', 'CALISTBI.TTF', 'CALISTI.TTF', 'cambria.ttc', 'cambriab.ttf', 'cambriai.ttf', 'cambriaz.ttf', 'Candara.ttf', 'Candarab.ttf', 'Candarai.ttf', 'Candaral.ttf', 'Candarali.ttf', 'Candaraz.ttf', 'CascadiaCode.ttf', 'CascadiaMono.ttf', 'CASTELAR.TTF', 'CENSCBK.TTF', 'CENTAUR.TTF', 'CENTURY.TTF', 'cga40737.fon', 'cga40850.fon', 'cga40852.fon', 'cga40857.fon', 'cga40866.fon', 'cga40869.fon', 'cga40woa.fon', 'cga80737.fon', 'cga80850.fon', 'cga80852.fon', 'cga80857.fon', 'cga80866.fon', 'cga80869.fon', 'cga80woa.fon', 'CHILLER.TTF', 'COLONNA.TTF', 'comic.ttf', 'comicbd.ttf', 'comici.ttf', 'comicz.ttf', 'consola.ttf', 'consolab.ttf', 'consolai.ttf', 'consolaz.ttf', 'constan.ttf', 'constanb.ttf', 'constani.ttf', 'constanz.ttf', 'COOPBL.TTF', 'COPRGTB.TTF', 'COPRGTL.TTF', 'corbel.ttf', 'corbelb.ttf', 'corbeli.ttf', 'corbell.ttf', 'corbelli.ttf', 'corbelz.ttf', 'coue1255.fon', 'coue1256.fon', 'coue1257.fon', 'couf1255.fon', 'couf1256.fon', 'couf1257.fon', 'cour.ttf', 'courbd.ttf', 'courbi.ttf', 'coure.fon', 'couree.fon', 'coureg.fon', 'courer.fon', 'couret.fon', 'courf.fon', 'courfe.fon', 'courfg.fon', 'courfr.fon', 'courft.fon', 'couri.ttf', 'CURLZ___.TTF', 'cvgafix.fon', 'cvgasys.fon', 'Deng.ttf', 'Dengb.ttf', 'Dengl.ttf', 'desktop.ini', 'dos737.fon', 'dos869.fon', 'dosapp.fon', 'DUBAI-BOLD.TTF', 'DUBAI-LIGHT.TTF', 'DUBAI-MEDIUM.TTF', 'DUBAI-REGULAR.TTF', 'ebrima.ttf', 'ebrimabd.ttf', 'ega40737.fon', 'ega40850.fon', 'ega40852.fon', 'ega40857.fon', 'ega40866.fon', 'ega40869.fon', 'ega40woa.fon', 'ega80737.fon', 'ega80850.fon', 'ega80852.fon', 'ega80857.fon', 'ega80866.fon', 'ega80869.fon', 'ega80woa.fon', 'ELEPHNT.TTF', 'ELEPHNTI.TTF', 'ENGR.TTF', 'ERASBD.TTF', 'ERASDEMI.TTF', 'ERASLGHT.TTF', 'ERASMD.TTF', 'FELIXTI.TTF', 'fms_metadata.xml', 'FORTE.TTF', 'FRABK.TTF', 'FRABKIT.TTF', 'FRADM.TTF', 'FRADMCN.TTF', 'FRADMIT.TTF', 'FRAHV.TTF', 'FRAHVIT.TTF', 'framd.ttf', 'FRAMDCN.TTF', 'framdit.ttf', 'FREESCPT.TTF', 'FRSCRIPT.TTF', 'FTLTLT.TTF', 'FZSTK.TTF', 'FZYTK.TTF', 'Gabriola.ttf', 'gadugi.ttf', 'gadugib.ttf', 'GARA.TTF', 'GARABD.TTF', 'GARAIT.TTF', 'georgia.ttf', 'georgiab.ttf', 'georgiai.ttf', 'georgiaz.ttf', 'GIGI.TTF', 'GILBI___.TTF', 'GILB____.TTF', 'GILC____.TTF', 'GILI____.TTF', 'GILLUBCD.TTF', 'GILSANUB.TTF', 'GIL_____.TTF', 'GLECB.TTF', 'GlobalMonospace.CompositeFont', 'GlobalSansSerif.CompositeFont', 'GlobalSerif.CompositeFont', 'GlobalUserInterface.CompositeFont', 'GLSNECB.TTF', 'GOTHIC.TTF', 'GOTHICB.TTF', 'GOTHICBI.TTF', 'GOTHICI.TTF', 'GOUDOS.TTF', 'GOUDOSB.TTF', 'GOUDOSI.TTF', 'GOUDYSTO.TTF', 'h8514fix.fon', 'h8514oem.fon', 'h8514sys.fon', 'HARLOWSI.TTF', 'HARNGTON.TTF', 'HATTEN.TTF', 'HGB1X_CNKI.ttf', 'HGB1_CNKI.ttf', 'HGB2X_CNKI.ttf', 'HGB2_CNKI.ttf', 'HGB3X_CNKI.ttf', 'HGB3_CNKI.ttf', 'HGB4X_CNKI.ttf', 'HGB4_CNKI.ttf', 'HGB5X_CNKI.ttf', 'HGB5_CNKI.ttf', 'HGB6X_CNKI.ttf', 'HGB6_CNKI.ttf', 'HGB7X_CNKI.ttf', 'HGB7_CNKI.ttf', 'HGB8X_CNKI.ttf', 'HGB8_CNKI.ttf', 'HGBD_CNKI.ttf', 'HGBKBX_CNKI.ttf', 'HGBKB_CNKI.ttf', 'HGBKHX_CNKI.ttf', 'HGBKH_CNKI.ttf', 'HGBS1_CNKI.TTF', 'HGBS2_CNKI.TTF', 'HGBS_CNKI.TTF', 'HGBTH_CNKI.TTF', 'HGBTS_CNKI.TTF', 'HGBX_CNKI.ttf', 'HGBZ_CNKI.ttf', 'HGCH_CNKI.TTF', 'HGCUH_CNKI.TTF', 'HGCY_CNKI.TTF', 'HGDBS_CNKI.TTF', 'HGDGY_CNKI.TTF', 'HGDH2_CNKI.TTF', 'HGDH_CNKI.TTF', 'HGDYS_CNKI.TTF', 'HGDY_CNKI.ttf', 'HGF1X_CNKI.ttf', 'HGF1_CNKI.ttf', 'HGF2X_CNKI.ttf', 'HGF2_CNKI.ttf', 'HGF3_CNKI.ttf', 'HGF4X_CNKI.ttf', 'HGF4_CNKI.ttf', 'HGF5X_CNKI.ttf', 'HGF5_CNKI.ttf', 'HGF6X_CNKI.ttf', 'HGF6_CNKI.ttf', 'HGF7X_CNKI.ttf', 'HGF7_CNKI.ttf', 'HGF8_CNKI.ttf', 'HGF9X_CNKI.ttf', 'HGF9_CNKI.ttf', 'HGFS1_CNKI.TTF', 'HGFS2_CNKI.TTF', 'HGFSH_CNKI.TTF', 'HGFS_CNKI.TTF', 'HGFX_CNKI.ttf', 'HGFZ_CNKI.ttf', 'HGGG_CNKI.TTF', 'HGH1X_CNKI.ttf', 'HGH1_CNKI.ttf', 'HGH2X_CNKI.ttf', 'HGH2_CNKI.ttf', 'HGH3X_CNKI.ttf', 'HGH3_CNKI.ttf', 'HGH4X_CNKI.ttf', 'HGH4_CNKI.ttf', 'HGH5X_CNKI.ttf', 'HGH5_CNKI.ttf', 'HGH6X_CNKI.ttf', 'HGH6_CNKI.ttf', 'HGH7X_CNKI.ttf', 'HGH7_CNKI.ttf', 'HGHB_CNKI.TTF', 'HGHD_CNKI.ttf', 'HGHP_CNKI.TTF', 'HGHT1_CNKI.ttf', 'HGHT2_CNKI.ttf', 'HGHUATI_CNKI.ttf', 'HGHX_CNKI.ttf', 'HGHZ_CNKI.ttf', 'HGH_CNKI.TTF', 'HGKT1_CNKI.TTF', 'HGKT2_CNKI.TTF', 'HGKT_CNKI.TTF', 'HGKY_CNKI.ttf', 'HGLB_CNKI.TTF', 'HGLS_CNKI.TTF', 'HGMH_CNKI.TTF', 'HGNBS_CNKI.ttf', 'HGOCR_CNKI.ttf', 'HGPH_CNKI.TTF', 'HGPTY_CNKI.TTF', 'HGSS1_CNKI.TTF', 'HGSS2_CNKI.TTF', 'HGSS_CNKI.TTF', 'HGSXT_CNKI.ttf', 'HGTT_CNKI.ttf', 'HGTX_CNKI.TTF', 'HGWT_CNKI.TTF', 'HGWYS_CNKI.TTF', 'HGX1X_CNKI.ttf', 'HGX1_CNKI.ttf', 'HGXBS_CNKI.TTF', 'HGXC_CNKI.TTF', 'HGXF1_CNKI.ttf', 'HGXFX_CNKI.ttf', 'HGXFZ_CNKI.ttf', 'HGXH1_CNKI.TTF', 'HGXH_CNKI.TTF', 'HGXK_CNKI.TTF', 'HGXL_CNKI.TTF', 'HGXS_CNKI.TTF', 'HGXT_CNKI.ttf', 'HGXY_CNKI.ttf', 'HGY1_CNKI.TTF', 'HGY2_CNKI.TTF', 'HGY3_CNKI.TTF', 'HGY4_CNKI.TTF', 'HGYB_CNKI.ttf', 'HGYT1_CNKI.ttf', 'HGYT2_CNKI.ttf', 'HGYT_CNKI.TTF', 'HGYX_CNKI.TTF', 'HGZCS_CNKI.TTF', 'HGZDX_CNKI.TTF', 'HGZK_CNKI.TTF', 'HGZYT_CNKI.TTF', 'HGZY_CNKI.TTF', 'himalaya.ttf', 'holomdl2.ttf', 'HTOWERT.TTF', 'HTOWERTI.TTF', 'hvgafix.fon', 'hvgasys.fon', 'impact.ttf', 'IMPRISHA.TTF', 'INFROMAN.TTF', 'Inkfree.ttf', 'iqiyi_logov7.ttf', 'ITCBLKAD.TTF', 'ITCEDSCR.TTF', 'ITCKRIST.TTF', 'j8514fix.fon', 'j8514oem.fon', 'j8514sys.fon', 'javatext.ttf', 'JOKERMAN.TTF', 'jsmalle.fon', 'jsmallf.fon', 'JUICE___.TTF', 'jvgafix.fon', 'jvgasys.fon', 'KUNSTLER.TTF', 'LATINWD.TTF', 'LBRITE.TTF', 'LBRITED.TTF', 'LBRITEDI.TTF', 'LBRITEI.TTF', 'LCALLIG.TTF', 'LeelaUIb.ttf', 'LeelawUI.ttf', 'LeelUIsl.ttf', 'LFAX.TTF', 'LFAXD.TTF', 'LFAXDI.TTF', 'LFAXI.TTF', 'LHANDW.TTF', 'LSANS.TTF', 'LSANSD.TTF', 'LSANSDI.TTF', 'LSANSI.TTF', 'LTYPE.TTF', 'LTYPEB.TTF', 'LTYPEBO.TTF', 'LTYPEO.TTF', 'lucon.ttf', 'l_10646.ttf', 'MAGNETOB.TTF', 'MAIAN.TTF', 'malgun.ttf', 'malgunbd.ttf', 'malgunsl.ttf', 'marlett.ttf', 'MATURASC.TTF', 'micross.ttf', 'mingliub.ttc', 'MISTRAL.TTF', 'mmrtext.ttf', 'mmrtextb.ttf', 'MOD20.TTF', 'modern.fon', 'monbaiti.ttf', 'msgothic.ttc', 'msjh.ttc', 'msjhbd.ttc', 'msjhl.ttc', 'msyh.ttc', 'msyhbd.ttc', 'msyhl.ttc', 'msyi.ttf', 'MTCORSVA.TTF', 'MTEXTRA.TTF', 'mvboli.ttf', 'NIAGENG.TTF', 'NIAGSOL.TTF', 'Nirmala.ttf', 'NirmalaB.ttf', 'NirmalaS.ttf', 'ntailu.ttf', 'ntailub.ttf', 'NumberOnly.ttf', 'OCRAEXT.TTF', 'OLDENGL.TTF', 'ONYX.TTF', 'OUTLOOK.TTF', 'pala.ttf', 'palab.ttf', 'palabi.ttf', 'palai.ttf', 'PALSCRI.TTF', 'PAPYRUS.TTF', 'PARCHM.TTF', 'PERBI___.TTF', 'PERB____.TTF', 'PERI____.TTF', 'PERTIBD.TTF', 'PERTILI.TTF', 'PER_____.TTF', 'phagspa.ttf', 'phagspab.ttf', 'PLAYBILL.TTF', 'POORICH.TTF', 'PRISTINA.TTF', 'RAGE.TTF', 'RAVIE.TTF', 'REFSAN.TTF', 'REFSPCL.TTF', 'ROCCB___.TTF', 'ROCC____.TTF', 'ROCK.TTF', 'ROCKB.TTF', 'ROCKBI.TTF', 'ROCKEB.TTF', 'ROCKI.TTF', 'roman.fon', 's8514fix.fon', 's8514oem.fon', 's8514sys.fon', 'SCHLBKB.TTF', 'SCHLBKBI.TTF', 'SCHLBKI.TTF', 'script.fon', 'SCRIPTBL.TTF', 'segmdl2.ttf', 'SegoeIcons.ttf', 'segoepr.ttf', 'segoeprb.ttf', 'segoesc.ttf', 'segoescb.ttf', 'segoeui.ttf', 'segoeuib.ttf', 'segoeuii.ttf', 'segoeuil.ttf', 'segoeuisl.ttf', 'segoeuiz.ttf', 'seguibl.ttf', 'seguibli.ttf', 'seguiemj.ttf', 'seguihis.ttf', 'seguili.ttf', 'seguisb.ttf', 'seguisbi.ttf', 'seguisli.ttf', 'seguisym.ttf', 'SegUIVar.ttf', 'sere1255.fon', 'sere1256.fon', 'sere1257.fon', 'serf1255.fon', 'serf1256.fon', 'serf1257.fon', 'serife.fon', 'serifee.fon', 'serifeg.fon', 'serifer.fon', 'serifet.fon', 'seriff.fon', 'seriffe.fon', 'seriffg.fon', 'seriffr.fon', 'serifft.fon', 'SHOWG.TTF', 'simfang.ttf', 'simhei.ttf', 'simkai.ttf', 'SIMLI.TTF', 'simsun.ttc', 'simsunb.ttf', 'SIMYOU.TTF', 'SitkaVF-Italic.ttf', 'SitkaVF.ttf', 'smae1255.fon', 'smae1256.fon', 'smae1257.fon', 'smaf1255.fon', 'smaf1256.fon', 'smaf1257.fon', 'smalle.fon', 'smallee.fon', 'smalleg.fon', 'smaller.fon', 'smallet.fon', 'smallf.fon', 'smallfe.fon', 'smallfg.fon', 'smallfr.fon', 'smallft.fon', 'SNAP____.TTF', 'ssee1255.fon', 'ssee1256.fon', 'ssee1257.fon', 'ssee874.fon', 'ssef1255.fon', 'ssef1256.fon', 'ssef1257.fon', 'ssef874.fon', 'sserife.fon', 'sserifee.fon', 'sserifeg.fon', 'sserifer.fon', 'sserifet.fon', 'sseriff.fon', 'sseriffe.fon', 'sseriffg.fon', 'sseriffr.fon', 'sserifft.fon', 'StaticCache.dat', 'STCAIYUN.TTF', 'STENCIL.TTF', 'STFANGSO.TTF', 'STHUPO.TTF', 'STKAITI.TTF', 'STLITI.TTF', 'STSONG.TTF', 'STXIHEI.TTF', 'STXINGKA.TTF', 'STXINWEI.TTF', 'STZHONGS.TTF', 'svgafix.fon', 'svgasys.fon', 'sylfaen.ttf', 'symbol.ttf', 'tahoma.ttf', 'tahomabd.ttf', 'taile.ttf', 'taileb.ttf', 'TCBI____.TTF', 'TCB_____.TTF', 'TCCB____.TTF', 'TCCEB.TTF', 'TCCM____.TTF', 'TCMI____.TTF', 'TCM_____.TTF', 'TEMPSITC.TTF', 'times.ttf', 'timesbd.ttf', 'timesbi.ttf', 'timesi.ttf', 'trebuc.ttf', 'trebucbd.ttf', 'trebucbi.ttf', 'trebucit.ttf', 'verdana.ttf', 'verdanab.ttf', 'verdanai.ttf', 'verdanaz.ttf', 'vga737.fon', 'vga775.fon', 'vga850.fon', 'vga852.fon', 'vga855.fon', 'vga857.fon', 'vga860.fon', 'vga861.fon', 'vga863.fon', 'vga865.fon', 'vga866.fon', 'vga869.fon', 'vga932.fon', 'vga936.fon', 'vga949.fon', 'vga950.fon', 'vgaf1255.fon', 'vgaf1256.fon', 'vgaf1257.fon', 'vgaf874.fon', 'vgafix.fon', 'vgafixe.fon', 'vgafixg.fon', 'vgafixr.fon', 'vgafixt.fon', 'vgaoem.fon', 'vgas1255.fon', 'vgas1256.fon', 'vgas1257.fon', 'vgas874.fon', 'vgasys.fon', 'vgasyse.fon', 'vgasysg.fon', 'vgasysr.fon', 'vgasyst.fon', 'VINERITC.TTF', 'VIVALDII.TTF', 'VLADIMIR.TTF', 'webdings.ttf', 'wingding.ttf', 'WINGDNG2.TTF', 'WINGDNG3.TTF', 'YuGothB.ttc', 'YuGothL.ttc', 'YuGothM.ttc', 'YuGothR.ttc', '\u534e\u5eb7\u65b9\u5706\u4f53W7.TTC', '\u65b9\u6b63\u7c97\u9ed1\u5b8b\u7b80\u4f53.ttf']
2023-09-27 15:56:54,358 - INFO - all fonts installed:['8514fix.fon', '8514fixe.fon', '8514fixg.fon', '8514fixr.fon', '8514fixt.fon', '8514oem.fon', '8514oeme.fon', '8514oemg.fon', '8514oemr.fon', '8514oemt.fon', '8514sys.fon', '8514syse.fon', '8514sysg.fon', '8514sysr.fon', '8514syst.fon', '85775.fon', '85855.fon', '85f1255.fon', '85f1256.fon', '85f1257.fon', '85f874.fon', '85s1255.fon', '85s1256.fon', '85s1257.fon', '85s874.fon', 'AGENCYB.TTF', 'AGENCYR.TTF', 'ALGER.TTF', 'ANTQUAB.TTF', 'ANTQUABI.TTF', 'ANTQUAI.TTF', 'app775.fon', 'app850.fon', 'app852.fon', 'app855.fon', 'app857.fon', 'app866.fon', 'app932.fon', 'app936.fon', 'app949.fon', 'app950.fon', 'arial.ttf', 'arialbd.ttf', 'arialbi.ttf', 'ariali.ttf', 'ARIALN.TTF', 'ARIALNB.TTF', 'ARIALNBI.TTF', 'ARIALNI.TTF', 'ariblk.ttf', 'ARLRDBD.TTF', 'AxureHandwriting-Bold.otf', 'AxureHandwriting-BoldItalic.otf', 'AxureHandwriting-Italic.otf', 'AxureHandwriting.otf', 'bahnschrift.ttf', 'BASKVILL.TTF', 'BAUHS93.TTF', 'BELL.TTF', 'BELLB.TTF', 'BELLI.TTF', 'BERNHC.TTF', 'BKANT.TTF', 'BOD_B.TTF', 'BOD_BI.TTF', 'BOD_BLAI.TTF', 'BOD_BLAR.TTF', 'BOD_CB.TTF', 'BOD_CBI.TTF', 'BOD_CI.TTF', 'BOD_CR.TTF', 'BOD_I.TTF', 'BOD_PSTC.TTF', 'BOD_R.TTF', 'BOOKOS.TTF', 'BOOKOSB.TTF', 'BOOKOSBI.TTF', 'BOOKOSI.TTF', 'BRADHITC.TTF', 'BRITANIC.TTF', 'BRLNSB.TTF', 'BRLNSDB.TTF', 'BRLNSR.TTF', 'BROADW.TTF', 'BRUSHSCI.TTF', 'BSSYM7.TTF', 'c8514fix.fon', 'c8514oem.fon', 'c8514sys.fon', 'calibri.ttf', 'calibrib.ttf', 'calibrii.ttf', 'calibril.ttf', 'calibrili.ttf', 'calibriz.ttf', 'CALIFB.TTF', 'CALIFI.TTF', 'CALIFR.TTF', 'CALIST.TTF', 'CALISTB.TTF', 'CALISTBI.TTF', 'CALISTI.TTF', 'cambria.ttc', 'cambriab.ttf', 'cambriai.ttf', 'cambriaz.ttf', 'Candara.ttf', 'Candarab.ttf', 'Candarai.ttf', 'Candaral.ttf', 'Candarali.ttf', 'Candaraz.ttf', 'CascadiaCode.ttf', 'CascadiaMono.ttf', 'CASTELAR.TTF', 'CENSCBK.TTF', 'CENTAUR.TTF', 'CENTURY.TTF', 'cga40737.fon', 'cga40850.fon', 'cga40852.fon', 'cga40857.fon', 'cga40866.fon', 'cga40869.fon', 'cga40woa.fon', 'cga80737.fon', 'cga80850.fon', 'cga80852.fon', 'cga80857.fon', 'cga80866.fon', 'cga80869.fon', 'cga80woa.fon', 'CHILLER.TTF', 'COLONNA.TTF', 'comic.ttf', 'comicbd.ttf', 'comici.ttf', 'comicz.ttf', 'consola.ttf', 'consolab.ttf', 'consolai.ttf', 'consolaz.ttf', 'constan.ttf', 'constanb.ttf', 'constani.ttf', 'constanz.ttf', 'COOPBL.TTF', 'COPRGTB.TTF', 'COPRGTL.TTF', 'corbel.ttf', 'corbelb.ttf', 'corbeli.ttf', 'corbell.ttf', 'corbelli.ttf', 'corbelz.ttf', 'coue1255.fon', 'coue1256.fon', 'coue1257.fon', 'couf1255.fon', 'couf1256.fon', 'couf1257.fon', 'cour.ttf', 'courbd.ttf', 'courbi.ttf', 'coure.fon', 'couree.fon', 'coureg.fon', 'courer.fon', 'couret.fon', 'courf.fon', 'courfe.fon', 'courfg.fon', 'courfr.fon', 'courft.fon', 'couri.ttf', 'CURLZ___.TTF', 'cvgafix.fon', 'cvgasys.fon', 'Deng.ttf', 'Dengb.ttf', 'Dengl.ttf', 'desktop.ini', 'dos737.fon', 'dos869.fon', 'dosapp.fon', 'DUBAI-BOLD.TTF', 'DUBAI-LIGHT.TTF', 'DUBAI-MEDIUM.TTF', 'DUBAI-REGULAR.TTF', 'ebrima.ttf', 'ebrimabd.ttf', 'ega40737.fon', 'ega40850.fon', 'ega40852.fon', 'ega40857.fon', 'ega40866.fon', 'ega40869.fon', 'ega40woa.fon', 'ega80737.fon', 'ega80850.fon', 'ega80852.fon', 'ega80857.fon', 'ega80866.fon', 'ega80869.fon', 'ega80woa.fon', 'ELEPHNT.TTF', 'ELEPHNTI.TTF', 'ENGR.TTF', 'ERASBD.TTF', 'ERASDEMI.TTF', 'ERASLGHT.TTF', 'ERASMD.TTF', 'FELIXTI.TTF', 'fms_metadata.xml', 'FORTE.TTF', 'FRABK.TTF', 'FRABKIT.TTF', 'FRADM.TTF', 'FRADMCN.TTF', 'FRADMIT.TTF', 'FRAHV.TTF', 'FRAHVIT.TTF', 'framd.ttf', 'FRAMDCN.TTF', 'framdit.ttf', 'FREESCPT.TTF', 'FRSCRIPT.TTF', 'FTLTLT.TTF', 'FZSTK.TTF', 'FZYTK.TTF', 'Gabriola.ttf', 'gadugi.ttf', 'gadugib.ttf', 'GARA.TTF', 'GARABD.TTF', 'GARAIT.TTF', 'georgia.ttf', 'georgiab.ttf', 'georgiai.ttf', 'georgiaz.ttf', 'GIGI.TTF', 'GILBI___.TTF', 'GILB____.TTF', 'GILC____.TTF', 'GILI____.TTF', 'GILLUBCD.TTF', 'GILSANUB.TTF', 'GIL_____.TTF', 'GLECB.TTF', 'GlobalMonospace.CompositeFont', 'GlobalSansSerif.CompositeFont', 'GlobalSerif.CompositeFont', 'GlobalUserInterface.CompositeFont', 'GLSNECB.TTF', 'GOTHIC.TTF', 'GOTHICB.TTF', 'GOTHICBI.TTF', 'GOTHICI.TTF', 'GOUDOS.TTF', 'GOUDOSB.TTF', 'GOUDOSI.TTF', 'GOUDYSTO.TTF', 'h8514fix.fon', 'h8514oem.fon', 'h8514sys.fon', 'HARLOWSI.TTF', 'HARNGTON.TTF', 'HATTEN.TTF', 'HGB1X_CNKI.ttf', 'HGB1_CNKI.ttf', 'HGB2X_CNKI.ttf', 'HGB2_CNKI.ttf', 'HGB3X_CNKI.ttf', 'HGB3_CNKI.ttf', 'HGB4X_CNKI.ttf', 'HGB4_CNKI.ttf', 'HGB5X_CNKI.ttf', 'HGB5_CNKI.ttf', 'HGB6X_CNKI.ttf', 'HGB6_CNKI.ttf', 'HGB7X_CNKI.ttf', 'HGB7_CNKI.ttf', 'HGB8X_CNKI.ttf', 'HGB8_CNKI.ttf', 'HGBD_CNKI.ttf', 'HGBKBX_CNKI.ttf', 'HGBKB_CNKI.ttf', 'HGBKHX_CNKI.ttf', 'HGBKH_CNKI.ttf', 'HGBS1_CNKI.TTF', 'HGBS2_CNKI.TTF', 'HGBS_CNKI.TTF', 'HGBTH_CNKI.TTF', 'HGBTS_CNKI.TTF', 'HGBX_CNKI.ttf', 'HGBZ_CNKI.ttf', 'HGCH_CNKI.TTF', 'HGCUH_CNKI.TTF', 'HGCY_CNKI.TTF', 'HGDBS_CNKI.TTF', 'HGDGY_CNKI.TTF', 'HGDH2_CNKI.TTF', 'HGDH_CNKI.TTF', 'HGDYS_CNKI.TTF', 'HGDY_CNKI.ttf', 'HGF1X_CNKI.ttf', 'HGF1_CNKI.ttf', 'HGF2X_CNKI.ttf', 'HGF2_CNKI.ttf', 'HGF3_CNKI.ttf', 'HGF4X_CNKI.ttf', 'HGF4_CNKI.ttf', 'HGF5X_CNKI.ttf', 'HGF5_CNKI.ttf', 'HGF6X_CNKI.ttf', 'HGF6_CNKI.ttf', 'HGF7X_CNKI.ttf', 'HGF7_CNKI.ttf', 'HGF8_CNKI.ttf', 'HGF9X_CNKI.ttf', 'HGF9_CNKI.ttf', 'HGFS1_CNKI.TTF', 'HGFS2_CNKI.TTF', 'HGFSH_CNKI.TTF', 'HGFS_CNKI.TTF', 'HGFX_CNKI.ttf', 'HGFZ_CNKI.ttf', 'HGGG_CNKI.TTF', 'HGH1X_CNKI.ttf', 'HGH1_CNKI.ttf', 'HGH2X_CNKI.ttf', 'HGH2_CNKI.ttf', 'HGH3X_CNKI.ttf', 'HGH3_CNKI.ttf', 'HGH4X_CNKI.ttf', 'HGH4_CNKI.ttf', 'HGH5X_CNKI.ttf', 'HGH5_CNKI.ttf', 'HGH6X_CNKI.ttf', 'HGH6_CNKI.ttf', 'HGH7X_CNKI.ttf', 'HGH7_CNKI.ttf', 'HGHB_CNKI.TTF', 'HGHD_CNKI.ttf', 'HGHP_CNKI.TTF', 'HGHT1_CNKI.ttf', 'HGHT2_CNKI.ttf', 'HGHUATI_CNKI.ttf', 'HGHX_CNKI.ttf', 'HGHZ_CNKI.ttf', 'HGH_CNKI.TTF', 'HGKT1_CNKI.TTF', 'HGKT2_CNKI.TTF', 'HGKT_CNKI.TTF', 'HGKY_CNKI.ttf', 'HGLB_CNKI.TTF', 'HGLS_CNKI.TTF', 'HGMH_CNKI.TTF', 'HGNBS_CNKI.ttf', 'HGOCR_CNKI.ttf', 'HGPH_CNKI.TTF', 'HGPTY_CNKI.TTF', 'HGSS1_CNKI.TTF', 'HGSS2_CNKI.TTF', 'HGSS_CNKI.TTF', 'HGSXT_CNKI.ttf', 'HGTT_CNKI.ttf', 'HGTX_CNKI.TTF', 'HGWT_CNKI.TTF', 'HGWYS_CNKI.TTF', 'HGX1X_CNKI.ttf', 'HGX1_CNKI.ttf', 'HGXBS_CNKI.TTF', 'HGXC_CNKI.TTF', 'HGXF1_CNKI.ttf', 'HGXFX_CNKI.ttf', 'HGXFZ_CNKI.ttf', 'HGXH1_CNKI.TTF', 'HGXH_CNKI.TTF', 'HGXK_CNKI.TTF', 'HGXL_CNKI.TTF', 'HGXS_CNKI.TTF', 'HGXT_CNKI.ttf', 'HGXY_CNKI.ttf', 'HGY1_CNKI.TTF', 'HGY2_CNKI.TTF', 'HGY3_CNKI.TTF', 'HGY4_CNKI.TTF', 'HGYB_CNKI.ttf', 'HGYT1_CNKI.ttf', 'HGYT2_CNKI.ttf', 'HGYT_CNKI.TTF', 'HGYX_CNKI.TTF', 'HGZCS_CNKI.TTF', 'HGZDX_CNKI.TTF', 'HGZK_CNKI.TTF', 'HGZYT_CNKI.TTF', 'HGZY_CNKI.TTF', 'himalaya.ttf', 'holomdl2.ttf', 'HTOWERT.TTF', 'HTOWERTI.TTF', 'hvgafix.fon', 'hvgasys.fon', 'impact.ttf', 'IMPRISHA.TTF', 'INFROMAN.TTF', 'Inkfree.ttf', 'iqiyi_logov7.ttf', 'ITCBLKAD.TTF', 'ITCEDSCR.TTF', 'ITCKRIST.TTF', 'j8514fix.fon', 'j8514oem.fon', 'j8514sys.fon', 'javatext.ttf', 'JOKERMAN.TTF', 'jsmalle.fon', 'jsmallf.fon', 'JUICE___.TTF', 'jvgafix.fon', 'jvgasys.fon', 'KUNSTLER.TTF', 'LATINWD.TTF', 'LBRITE.TTF', 'LBRITED.TTF', 'LBRITEDI.TTF', 'LBRITEI.TTF', 'LCALLIG.TTF', 'LeelaUIb.ttf', 'LeelawUI.ttf', 'LeelUIsl.ttf', 'LFAX.TTF', 'LFAXD.TTF', 'LFAXDI.TTF', 'LFAXI.TTF', 'LHANDW.TTF', 'LSANS.TTF', 'LSANSD.TTF', 'LSANSDI.TTF', 'LSANSI.TTF', 'LTYPE.TTF', 'LTYPEB.TTF', 'LTYPEBO.TTF', 'LTYPEO.TTF', 'lucon.ttf', 'l_10646.ttf', 'MAGNETOB.TTF', 'MAIAN.TTF', 'malgun.ttf', 'malgunbd.ttf', 'malgunsl.ttf', 'marlett.ttf', 'MATURASC.TTF', 'micross.ttf', 'mingliub.ttc', 'MISTRAL.TTF', 'mmrtext.ttf', 'mmrtextb.ttf', 'MOD20.TTF', 'modern.fon', 'monbaiti.ttf', 'msgothic.ttc', 'msjh.ttc', 'msjhbd.ttc', 'msjhl.ttc', 'msyh.ttc', 'msyhbd.ttc', 'msyhl.ttc', 'msyi.ttf', 'MTCORSVA.TTF', 'MTEXTRA.TTF', 'mvboli.ttf', 'NIAGENG.TTF', 'NIAGSOL.TTF', 'Nirmala.ttf', 'NirmalaB.ttf', 'NirmalaS.ttf', 'ntailu.ttf', 'ntailub.ttf', 'NumberOnly.ttf', 'OCRAEXT.TTF', 'OLDENGL.TTF', 'ONYX.TTF', 'OUTLOOK.TTF', 'pala.ttf', 'palab.ttf', 'palabi.ttf', 'palai.ttf', 'PALSCRI.TTF', 'PAPYRUS.TTF', 'PARCHM.TTF', 'PERBI___.TTF', 'PERB____.TTF', 'PERI____.TTF', 'PERTIBD.TTF', 'PERTILI.TTF', 'PER_____.TTF', 'phagspa.ttf', 'phagspab.ttf', 'PLAYBILL.TTF', 'POORICH.TTF', 'PRISTINA.TTF', 'RAGE.TTF', 'RAVIE.TTF', 'REFSAN.TTF', 'REFSPCL.TTF', 'ROCCB___.TTF', 'ROCC____.TTF', 'ROCK.TTF', 'ROCKB.TTF', 'ROCKBI.TTF', 'ROCKEB.TTF', 'ROCKI.TTF', 'roman.fon', 's8514fix.fon', 's8514oem.fon', 's8514sys.fon', 'SCHLBKB.TTF', 'SCHLBKBI.TTF', 'SCHLBKI.TTF', 'script.fon', 'SCRIPTBL.TTF', 'segmdl2.ttf', 'SegoeIcons.ttf', 'segoepr.ttf', 'segoeprb.ttf', 'segoesc.ttf', 'segoescb.ttf', 'segoeui.ttf', 'segoeuib.ttf', 'segoeuii.ttf', 'segoeuil.ttf', 'segoeuisl.ttf', 'segoeuiz.ttf', 'seguibl.ttf', 'seguibli.ttf', 'seguiemj.ttf', 'seguihis.ttf', 'seguili.ttf', 'seguisb.ttf', 'seguisbi.ttf', 'seguisli.ttf', 'seguisym.ttf', 'SegUIVar.ttf', 'sere1255.fon', 'sere1256.fon', 'sere1257.fon', 'serf1255.fon', 'serf1256.fon', 'serf1257.fon', 'serife.fon', 'serifee.fon', 'serifeg.fon', 'serifer.fon', 'serifet.fon', 'seriff.fon', 'seriffe.fon', 'seriffg.fon', 'seriffr.fon', 'serifft.fon', 'SHOWG.TTF', 'simfang.ttf', 'simhei.ttf', 'simkai.ttf', 'SIMLI.TTF', 'simsun.ttc', 'simsunb.ttf', 'SIMYOU.TTF', 'SitkaVF-Italic.ttf', 'SitkaVF.ttf', 'smae1255.fon', 'smae1256.fon', 'smae1257.fon', 'smaf1255.fon', 'smaf1256.fon', 'smaf1257.fon', 'smalle.fon', 'smallee.fon', 'smalleg.fon', 'smaller.fon', 'smallet.fon', 'smallf.fon', 'smallfe.fon', 'smallfg.fon', 'smallfr.fon', 'smallft.fon', 'SNAP____.TTF', 'ssee1255.fon', 'ssee1256.fon', 'ssee1257.fon', 'ssee874.fon', 'ssef1255.fon', 'ssef1256.fon', 'ssef1257.fon', 'ssef874.fon', 'sserife.fon', 'sserifee.fon', 'sserifeg.fon', 'sserifer.fon', 'sserifet.fon', 'sseriff.fon', 'sseriffe.fon', 'sseriffg.fon', 'sseriffr.fon', 'sserifft.fon', 'StaticCache.dat', 'STCAIYUN.TTF', 'STENCIL.TTF', 'STFANGSO.TTF', 'STHUPO.TTF', 'STKAITI.TTF', 'STLITI.TTF', 'STSONG.TTF', 'STXIHEI.TTF', 'STXINGKA.TTF', 'STXINWEI.TTF', 'STZHONGS.TTF', 'svgafix.fon', 'svgasys.fon', 'sylfaen.ttf', 'symbol.ttf', 'tahoma.ttf', 'tahomabd.ttf', 'taile.ttf', 'taileb.ttf', 'TCBI____.TTF', 'TCB_____.TTF', 'TCCB____.TTF', 'TCCEB.TTF', 'TCCM____.TTF', 'TCMI____.TTF', 'TCM_____.TTF', 'TEMPSITC.TTF', 'times.ttf', 'timesbd.ttf', 'timesbi.ttf', 'timesi.ttf', 'trebuc.ttf', 'trebucbd.ttf', 'trebucbi.ttf', 'trebucit.ttf', 'verdana.ttf', 'verdanab.ttf', 'verdanai.ttf', 'verdanaz.ttf', 'vga737.fon', 'vga775.fon', 'vga850.fon', 'vga852.fon', 'vga855.fon', 'vga857.fon', 'vga860.fon', 'vga861.fon', 'vga863.fon', 'vga865.fon', 'vga866.fon', 'vga869.fon', 'vga932.fon', 'vga936.fon', 'vga949.fon', 'vga950.fon', 'vgaf1255.fon', 'vgaf1256.fon', 'vgaf1257.fon', 'vgaf874.fon', 'vgafix.fon', 'vgafixe.fon', 'vgafixg.fon', 'vgafixr.fon', 'vgafixt.fon', 'vgaoem.fon', 'vgas1255.fon', 'vgas1256.fon', 'vgas1257.fon', 'vgas874.fon', 'vgasys.fon', 'vgasyse.fon', 'vgasysg.fon', 'vgasysr.fon', 'vgasyst.fon', 'VINERITC.TTF', 'VIVALDII.TTF', 'VLADIMIR.TTF', 'webdings.ttf', 'wingding.ttf', 'WINGDNG2.TTF', 'WINGDNG3.TTF', 'YuGothB.ttc', 'YuGothL.ttc', 'YuGothM.ttc', 'YuGothR.ttc', '\u534e\u5eb7\u65b9\u5706\u4f53W7.TTC', '\u65b9\u6b63\u7c97\u9ed1\u5b8b\u7b80\u4f53.ttf']
2023-09-27 15:56:54,361 - INFO - all fonts installed:['8514fix.fon', '8514fixe.fon', '8514fixg.fon', '8514fixr.fon', '8514fixt.fon', '8514oem.fon', '8514oeme.fon', '8514oemg.fon', '8514oemr.fon', '8514oemt.fon', '8514sys.fon', '8514syse.fon', '8514sysg.fon', '8514sysr.fon', '8514syst.fon', '85775.fon', '85855.fon', '85f1255.fon', '85f1256.fon', '85f1257.fon', '85f874.fon', '85s1255.fon', '85s1256.fon', '85s1257.fon', '85s874.fon', 'AGENCYB.TTF', 'AGENCYR.TTF', 'ALGER.TTF', 'ANTQUAB.TTF', 'ANTQUABI.TTF', 'ANTQUAI.TTF', 'app775.fon', 'app850.fon', 'app852.fon', 'app855.fon', 'app857.fon', 'app866.fon', 'app932.fon', 'app936.fon', 'app949.fon', 'app950.fon', 'arial.ttf', 'arialbd.ttf', 'arialbi.ttf', 'ariali.ttf', 'ARIALN.TTF', 'ARIALNB.TTF', 'ARIALNBI.TTF', 'ARIALNI.TTF', 'ariblk.ttf', 'ARLRDBD.TTF', 'AxureHandwriting-Bold.otf', 'AxureHandwriting-BoldItalic.otf', 'AxureHandwriting-Italic.otf', 'AxureHandwriting.otf', 'bahnschrift.ttf', 'BASKVILL.TTF', 'BAUHS93.TTF', 'BELL.TTF', 'BELLB.TTF', 'BELLI.TTF', 'BERNHC.TTF', 'BKANT.TTF', 'BOD_B.TTF', 'BOD_BI.TTF', 'BOD_BLAI.TTF', 'BOD_BLAR.TTF', 'BOD_CB.TTF', 'BOD_CBI.TTF', 'BOD_CI.TTF', 'BOD_CR.TTF', 'BOD_I.TTF', 'BOD_PSTC.TTF', 'BOD_R.TTF', 'BOOKOS.TTF', 'BOOKOSB.TTF', 'BOOKOSBI.TTF', 'BOOKOSI.TTF', 'BRADHITC.TTF', 'BRITANIC.TTF', 'BRLNSB.TTF', 'BRLNSDB.TTF', 'BRLNSR.TTF', 'BROADW.TTF', 'BRUSHSCI.TTF', 'BSSYM7.TTF', 'c8514fix.fon', 'c8514oem.fon', 'c8514sys.fon', 'calibri.ttf', 'calibrib.ttf', 'calibrii.ttf', 'calibril.ttf', 'calibrili.ttf', 'calibriz.ttf', 'CALIFB.TTF', 'CALIFI.TTF', 'CALIFR.TTF', 'CALIST.TTF', 'CALISTB.TTF', 'CALISTBI.TTF', 'CALISTI.TTF', 'cambria.ttc', 'cambriab.ttf', 'cambriai.ttf', 'cambriaz.ttf', 'Candara.ttf', 'Candarab.ttf', 'Candarai.ttf', 'Candaral.ttf', 'Candarali.ttf', 'Candaraz.ttf', 'CascadiaCode.ttf', 'CascadiaMono.ttf', 'CASTELAR.TTF', 'CENSCBK.TTF', 'CENTAUR.TTF', 'CENTURY.TTF', 'cga40737.fon', 'cga40850.fon', 'cga40852.fon', 'cga40857.fon', 'cga40866.fon', 'cga40869.fon', 'cga40woa.fon', 'cga80737.fon', 'cga80850.fon', 'cga80852.fon', 'cga80857.fon', 'cga80866.fon', 'cga80869.fon', 'cga80woa.fon', 'CHILLER.TTF', 'COLONNA.TTF', 'comic.ttf', 'comicbd.ttf', 'comici.ttf', 'comicz.ttf', 'consola.ttf', 'consolab.ttf', 'consolai.ttf', 'consolaz.ttf', 'constan.ttf', 'constanb.ttf', 'constani.ttf', 'constanz.ttf', 'COOPBL.TTF', 'COPRGTB.TTF', 'COPRGTL.TTF', 'corbel.ttf', 'corbelb.ttf', 'corbeli.ttf', 'corbell.ttf', 'corbelli.ttf', 'corbelz.ttf', 'coue1255.fon', 'coue1256.fon', 'coue1257.fon', 'couf1255.fon', 'couf1256.fon', 'couf1257.fon', 'cour.ttf', 'courbd.ttf', 'courbi.ttf', 'coure.fon', 'couree.fon', 'coureg.fon', 'courer.fon', 'couret.fon', 'courf.fon', 'courfe.fon', 'courfg.fon', 'courfr.fon', 'courft.fon', 'couri.ttf', 'CURLZ___.TTF', 'cvgafix.fon', 'cvgasys.fon', 'Deng.ttf', 'Dengb.ttf', 'Dengl.ttf', 'desktop.ini', 'dos737.fon', 'dos869.fon', 'dosapp.fon', 'DUBAI-BOLD.TTF', 'DUBAI-LIGHT.TTF', 'DUBAI-MEDIUM.TTF', 'DUBAI-REGULAR.TTF', 'ebrima.ttf', 'ebrimabd.ttf', 'ega40737.fon', 'ega40850.fon', 'ega40852.fon', 'ega40857.fon', 'ega40866.fon', 'ega40869.fon', 'ega40woa.fon', 'ega80737.fon', 'ega80850.fon', 'ega80852.fon', 'ega80857.fon', 'ega80866.fon', 'ega80869.fon', 'ega80woa.fon', 'ELEPHNT.TTF', 'ELEPHNTI.TTF', 'ENGR.TTF', 'ERASBD.TTF', 'ERASDEMI.TTF', 'ERASLGHT.TTF', 'ERASMD.TTF', 'FELIXTI.TTF', 'fms_metadata.xml', 'FORTE.TTF', 'FRABK.TTF', 'FRABKIT.TTF', 'FRADM.TTF', 'FRADMCN.TTF', 'FRADMIT.TTF', 'FRAHV.TTF', 'FRAHVIT.TTF', 'framd.ttf', 'FRAMDCN.TTF', 'framdit.ttf', 'FREESCPT.TTF', 'FRSCRIPT.TTF', 'FTLTLT.TTF', 'FZSTK.TTF', 'FZYTK.TTF', 'Gabriola.ttf', 'gadugi.ttf', 'gadugib.ttf', 'GARA.TTF', 'GARABD.TTF', 'GARAIT.TTF', 'georgia.ttf', 'georgiab.ttf', 'georgiai.ttf', 'georgiaz.ttf', 'GIGI.TTF', 'GILBI___.TTF', 'GILB____.TTF', 'GILC____.TTF', 'GILI____.TTF', 'GILLUBCD.TTF', 'GILSANUB.TTF', 'GIL_____.TTF', 'GLECB.TTF', 'GlobalMonospace.CompositeFont', 'GlobalSansSerif.CompositeFont', 'GlobalSerif.CompositeFont', 'GlobalUserInterface.CompositeFont', 'GLSNECB.TTF', 'GOTHIC.TTF', 'GOTHICB.TTF', 'GOTHICBI.TTF', 'GOTHICI.TTF', 'GOUDOS.TTF', 'GOUDOSB.TTF', 'GOUDOSI.TTF', 'GOUDYSTO.TTF', 'h8514fix.fon', 'h8514oem.fon', 'h8514sys.fon', 'HARLOWSI.TTF', 'HARNGTON.TTF', 'HATTEN.TTF', 'HGB1X_CNKI.ttf', 'HGB1_CNKI.ttf', 'HGB2X_CNKI.ttf', 'HGB2_CNKI.ttf', 'HGB3X_CNKI.ttf', 'HGB3_CNKI.ttf', 'HGB4X_CNKI.ttf', 'HGB4_CNKI.ttf', 'HGB5X_CNKI.ttf', 'HGB5_CNKI.ttf', 'HGB6X_CNKI.ttf', 'HGB6_CNKI.ttf', 'HGB7X_CNKI.ttf', 'HGB7_CNKI.ttf', 'HGB8X_CNKI.ttf', 'HGB8_CNKI.ttf', 'HGBD_CNKI.ttf', 'HGBKBX_CNKI.ttf', 'HGBKB_CNKI.ttf', 'HGBKHX_CNKI.ttf', 'HGBKH_CNKI.ttf', 'HGBS1_CNKI.TTF', 'HGBS2_CNKI.TTF', 'HGBS_CNKI.TTF', 'HGBTH_CNKI.TTF', 'HGBTS_CNKI.TTF', 'HGBX_CNKI.ttf', 'HGBZ_CNKI.ttf', 'HGCH_CNKI.TTF', 'HGCUH_CNKI.TTF', 'HGCY_CNKI.TTF', 'HGDBS_CNKI.TTF', 'HGDGY_CNKI.TTF', 'HGDH2_CNKI.TTF', 'HGDH_CNKI.TTF', 'HGDYS_CNKI.TTF', 'HGDY_CNKI.ttf', 'HGF1X_CNKI.ttf', 'HGF1_CNKI.ttf', 'HGF2X_CNKI.ttf', 'HGF2_CNKI.ttf', 'HGF3_CNKI.ttf', 'HGF4X_CNKI.ttf', 'HGF4_CNKI.ttf', 'HGF5X_CNKI.ttf', 'HGF5_CNKI.ttf', 'HGF6X_CNKI.ttf', 'HGF6_CNKI.ttf', 'HGF7X_CNKI.ttf', 'HGF7_CNKI.ttf', 'HGF8_CNKI.ttf', 'HGF9X_CNKI.ttf', 'HGF9_CNKI.ttf', 'HGFS1_CNKI.TTF', 'HGFS2_CNKI.TTF', 'HGFSH_CNKI.TTF', 'HGFS_CNKI.TTF', 'HGFX_CNKI.ttf', 'HGFZ_CNKI.ttf', 'HGGG_CNKI.TTF', 'HGH1X_CNKI.ttf', 'HGH1_CNKI.ttf', 'HGH2X_CNKI.ttf', 'HGH2_CNKI.ttf', 'HGH3X_CNKI.ttf', 'HGH3_CNKI.ttf', 'HGH4X_CNKI.ttf', 'HGH4_CNKI.ttf', 'HGH5X_CNKI.ttf', 'HGH5_CNKI.ttf', 'HGH6X_CNKI.ttf', 'HGH6_CNKI.ttf', 'HGH7X_CNKI.ttf', 'HGH7_CNKI.ttf', 'HGHB_CNKI.TTF', 'HGHD_CNKI.ttf', 'HGHP_CNKI.TTF', 'HGHT1_CNKI.ttf', 'HGHT2_CNKI.ttf', 'HGHUATI_CNKI.ttf', 'HGHX_CNKI.ttf', 'HGHZ_CNKI.ttf', 'HGH_CNKI.TTF', 'HGKT1_CNKI.TTF', 'HGKT2_CNKI.TTF', 'HGKT_CNKI.TTF', 'HGKY_CNKI.ttf', 'HGLB_CNKI.TTF', 'HGLS_CNKI.TTF', 'HGMH_CNKI.TTF', 'HGNBS_CNKI.ttf', 'HGOCR_CNKI.ttf', 'HGPH_CNKI.TTF', 'HGPTY_CNKI.TTF', 'HGSS1_CNKI.TTF', 'HGSS2_CNKI.TTF', 'HGSS_CNKI.TTF', 'HGSXT_CNKI.ttf', 'HGTT_CNKI.ttf', 'HGTX_CNKI.TTF', 'HGWT_CNKI.TTF', 'HGWYS_CNKI.TTF', 'HGX1X_CNKI.ttf', 'HGX1_CNKI.ttf', 'HGXBS_CNKI.TTF', 'HGXC_CNKI.TTF', 'HGXF1_CNKI.ttf', 'HGXFX_CNKI.ttf', 'HGXFZ_CNKI.ttf', 'HGXH1_CNKI.TTF', 'HGXH_CNKI.TTF', 'HGXK_CNKI.TTF', 'HGXL_CNKI.TTF', 'HGXS_CNKI.TTF', 'HGXT_CNKI.ttf', 'HGXY_CNKI.ttf', 'HGY1_CNKI.TTF', 'HGY2_CNKI.TTF', 'HGY3_CNKI.TTF', 'HGY4_CNKI.TTF', 'HGYB_CNKI.ttf', 'HGYT1_CNKI.ttf', 'HGYT2_CNKI.ttf', 'HGYT_CNKI.TTF', 'HGYX_CNKI.TTF', 'HGZCS_CNKI.TTF', 'HGZDX_CNKI.TTF', 'HGZK_CNKI.TTF', 'HGZYT_CNKI.TTF', 'HGZY_CNKI.TTF', 'himalaya.ttf', 'holomdl2.ttf', 'HTOWERT.TTF', 'HTOWERTI.TTF', 'hvgafix.fon', 'hvgasys.fon', 'impact.ttf', 'IMPRISHA.TTF', 'INFROMAN.TTF', 'Inkfree.ttf', 'iqiyi_logov7.ttf', 'ITCBLKAD.TTF', 'ITCEDSCR.TTF', 'ITCKRIST.TTF', 'j8514fix.fon', 'j8514oem.fon', 'j8514sys.fon', 'javatext.ttf', 'JOKERMAN.TTF', 'jsmalle.fon', 'jsmallf.fon', 'JUICE___.TTF', 'jvgafix.fon', 'jvgasys.fon', 'KUNSTLER.TTF', 'LATINWD.TTF', 'LBRITE.TTF', 'LBRITED.TTF', 'LBRITEDI.TTF', 'LBRITEI.TTF', 'LCALLIG.TTF', 'LeelaUIb.ttf', 'LeelawUI.ttf', 'LeelUIsl.ttf', 'LFAX.TTF', 'LFAXD.TTF', 'LFAXDI.TTF', 'LFAXI.TTF', 'LHANDW.TTF', 'LSANS.TTF', 'LSANSD.TTF', 'LSANSDI.TTF', 'LSANSI.TTF', 'LTYPE.TTF', 'LTYPEB.TTF', 'LTYPEBO.TTF', 'LTYPEO.TTF', 'lucon.ttf', 'l_10646.ttf', 'MAGNETOB.TTF', 'MAIAN.TTF', 'malgun.ttf', 'malgunbd.ttf', 'malgunsl.ttf', 'marlett.ttf', 'MATURASC.TTF', 'micross.ttf', 'mingliub.ttc', 'MISTRAL.TTF', 'mmrtext.ttf', 'mmrtextb.ttf', 'MOD20.TTF', 'modern.fon', 'monbaiti.ttf', 'msgothic.ttc', 'msjh.ttc', 'msjhbd.ttc', 'msjhl.ttc', 'msyh.ttc', 'msyhbd.ttc', 'msyhl.ttc', 'msyi.ttf', 'MTCORSVA.TTF', 'MTEXTRA.TTF', 'mvboli.ttf', 'NIAGENG.TTF', 'NIAGSOL.TTF', 'Nirmala.ttf', 'NirmalaB.ttf', 'NirmalaS.ttf', 'ntailu.ttf', 'ntailub.ttf', 'NumberOnly.ttf', 'OCRAEXT.TTF', 'OLDENGL.TTF', 'ONYX.TTF', 'OUTLOOK.TTF', 'pala.ttf', 'palab.ttf', 'palabi.ttf', 'palai.ttf', 'PALSCRI.TTF', 'PAPYRUS.TTF', 'PARCHM.TTF', 'PERBI___.TTF', 'PERB____.TTF', 'PERI____.TTF', 'PERTIBD.TTF', 'PERTILI.TTF', 'PER_____.TTF', 'phagspa.ttf', 'phagspab.ttf', 'PLAYBILL.TTF', 'POORICH.TTF', 'PRISTINA.TTF', 'RAGE.TTF', 'RAVIE.TTF', 'REFSAN.TTF', 'REFSPCL.TTF', 'ROCCB___.TTF', 'ROCC____.TTF', 'ROCK.TTF', 'ROCKB.TTF', 'ROCKBI.TTF', 'ROCKEB.TTF', 'ROCKI.TTF', 'roman.fon', 's8514fix.fon', 's8514oem.fon', 's8514sys.fon', 'SCHLBKB.TTF', 'SCHLBKBI.TTF', 'SCHLBKI.TTF', 'script.fon', 'SCRIPTBL.TTF', 'segmdl2.ttf', 'SegoeIcons.ttf', 'segoepr.ttf', 'segoeprb.ttf', 'segoesc.ttf', 'segoescb.ttf', 'segoeui.ttf', 'segoeuib.ttf', 'segoeuii.ttf', 'segoeuil.ttf', 'segoeuisl.ttf', 'segoeuiz.ttf', 'seguibl.ttf', 'seguibli.ttf', 'seguiemj.ttf', 'seguihis.ttf', 'seguili.ttf', 'seguisb.ttf', 'seguisbi.ttf', 'seguisli.ttf', 'seguisym.ttf', 'SegUIVar.ttf', 'sere1255.fon', 'sere1256.fon', 'sere1257.fon', 'serf1255.fon', 'serf1256.fon', 'serf1257.fon', 'serife.fon', 'serifee.fon', 'serifeg.fon', 'serifer.fon', 'serifet.fon', 'seriff.fon', 'seriffe.fon', 'seriffg.fon', 'seriffr.fon', 'serifft.fon', 'SHOWG.TTF', 'simfang.ttf', 'simhei.ttf', 'simkai.ttf', 'SIMLI.TTF', 'simsun.ttc', 'simsunb.ttf', 'SIMYOU.TTF', 'SitkaVF-Italic.ttf', 'SitkaVF.ttf', 'smae1255.fon', 'smae1256.fon', 'smae1257.fon', 'smaf1255.fon', 'smaf1256.fon', 'smaf1257.fon', 'smalle.fon', 'smallee.fon', 'smalleg.fon', 'smaller.fon', 'smallet.fon', 'smallf.fon', 'smallfe.fon', 'smallfg.fon', 'smallfr.fon', 'smallft.fon', 'SNAP____.TTF', 'ssee1255.fon', 'ssee1256.fon', 'ssee1257.fon', 'ssee874.fon', 'ssef1255.fon', 'ssef1256.fon', 'ssef1257.fon', 'ssef874.fon', 'sserife.fon', 'sserifee.fon', 'sserifeg.fon', 'sserifer.fon', 'sserifet.fon', 'sseriff.fon', 'sseriffe.fon', 'sseriffg.fon', 'sseriffr.fon', 'sserifft.fon', 'StaticCache.dat', 'STCAIYUN.TTF', 'STENCIL.TTF', 'STFANGSO.TTF', 'STHUPO.TTF', 'STKAITI.TTF', 'STLITI.TTF', 'STSONG.TTF', 'STXIHEI.TTF', 'STXINGKA.TTF', 'STXINWEI.TTF', 'STZHONGS.TTF', 'svgafix.fon', 'svgasys.fon', 'sylfaen.ttf', 'symbol.ttf', 'tahoma.ttf', 'tahomabd.ttf', 'taile.ttf', 'taileb.ttf', 'TCBI____.TTF', 'TCB_____.TTF', 'TCCB____.TTF', 'TCCEB.TTF', 'TCCM____.TTF', 'TCMI____.TTF', 'TCM_____.TTF', 'TEMPSITC.TTF', 'times.ttf', 'timesbd.ttf', 'timesbi.ttf', 'timesi.ttf', 'trebuc.ttf', 'trebucbd.ttf', 'trebucbi.ttf', 'trebucit.ttf', 'verdana.ttf', 'verdanab.ttf', 'verdanai.ttf', 'verdanaz.ttf', 'vga737.fon', 'vga775.fon', 'vga850.fon', 'vga852.fon', 'vga855.fon', 'vga857.fon', 'vga860.fon', 'vga861.fon', 'vga863.fon', 'vga865.fon', 'vga866.fon', 'vga869.fon', 'vga932.fon', 'vga936.fon', 'vga949.fon', 'vga950.fon', 'vgaf1255.fon', 'vgaf1256.fon', 'vgaf1257.fon', 'vgaf874.fon', 'vgafix.fon', 'vgafixe.fon', 'vgafixg.fon', 'vgafixr.fon', 'vgafixt.fon', 'vgaoem.fon', 'vgas1255.fon', 'vgas1256.fon', 'vgas1257.fon', 'vgas874.fon', 'vgasys.fon', 'vgasyse.fon', 'vgasysg.fon', 'vgasysr.fon', 'vgasyst.fon', 'VINERITC.TTF', 'VIVALDII.TTF', 'VLADIMIR.TTF', 'webdings.ttf', 'wingding.ttf', 'WINGDNG2.TTF', 'WINGDNG3.TTF', 'YuGothB.ttc', 'YuGothL.ttc', 'YuGothM.ttc', 'YuGothR.ttc', '\u534e\u5eb7\u65b9\u5706\u4f53W7.TTC', '\u65b9\u6b63\u7c97\u9ed1\u5b8b\u7b80\u4f53.ttf']
2023-09-27 15:57:50,977 - INFO - start to load thumbnail gen setting json from::D:/Download/audio-visual/saas/tiktoka/tiktoka-studio-uploader-genius/tests/videos/horizon/template (9).json
2023-09-27 15:57:50,978 - INFO - start to validate template
2023-09-27 15:57:50,982 - INFO - validate thumbnail gen template passed
2023-09-27 15:57:50,982 - INFO - start to validate metadata for thumbgen setting
2023-09-27 15:57:50,991 - INFO - start to check ['heading', 'subheading', 'extraheading'] defined in template
2023-09-27 15:57:50,991 - INFO - heading value is \u6211\u7684\u7956\u56fd\u6211\u7231\u4f60 in entry OP.
2023-09-27 15:57:50,991 - INFO - subheading value is \u56fd\u5e86\u4f73\u8282\u5feb\u4e50 in entry OP.
2023-09-27 15:57:50,991 - INFO - extraheading value is DRAG RACE in entry OP.
2023-09-27 15:57:50,991 - INFO - validate metadata for thumbgen setting passed
2023-09-27 15:57:50,991 - INFO - start to update user submited metafile to video assets
2023-09-27 15:57:50,992 - WARNING - You are running on win32, potentially without locks. Consider setting shared_lock=True
2023-09-27 15:57:50,992 - INFO - update user submited metafile to video assets passed
2023-09-27 15:57:50,992 - INFO - start to validate bg folder
2023-09-27 15:57:50,993 - INFO - bg folder image list :['D:/Download/audio-visual/saas/tiktoka/tiktoka-studio-uploader-genius/tests/videos/horizon/1920x1080\\bg1.jpg', 'D:/Download/audio-visual/saas/tiktoka/tiktoka-studio-uploader-genius/tests/videos/horizon/1920x1080\\bg2.jpg']
2023-09-27 15:57:50,993 - INFO - Random assign bg:D:/Download/audio-visual/saas/tiktoka/tiktoka-studio-uploader-genius/tests/videos/horizon/1920x1080\bg1.jpg to  video:OP
2023-09-27 15:57:50,993 - INFO - validate bg folder passed
2023-09-27 15:57:52,081 - INFO - start to load thumbnail gen setting json from::D:/Download/audio-visual/saas/tiktoka/tiktoka-studio-uploader-genius/tests/videos/horizon/template (9).json
2023-09-27 15:57:52,081 - INFO - start to validate template
2023-09-27 15:57:52,084 - INFO - validate thumbnail gen template passed
2023-09-27 15:57:52,085 - INFO - start to validate metadata for thumbgen setting
2023-09-27 15:57:52,095 - INFO - start to check ['heading', 'subheading', 'extraheading'] defined in template
2023-09-27 15:57:52,095 - INFO - heading value is \u6211\u7684\u7956\u56fd\u6211\u7231\u4f60 in entry OP.
2023-09-27 15:57:52,095 - INFO - subheading value is \u56fd\u5e86\u4f73\u8282\u5feb\u4e50 in entry OP.
2023-09-27 15:57:52,095 - INFO - extraheading value is DRAG RACE in entry OP.
2023-09-27 15:57:52,096 - INFO - validate metadata for thumbgen setting passed
2023-09-27 15:57:52,096 - INFO - start to update user submited metafile to video assets
2023-09-27 15:57:52,096 - WARNING - You are running on win32, potentially without locks. Consider setting shared_lock=True
2023-09-27 15:57:52,096 - INFO - update user submited metafile to video assets passed
2023-09-27 15:57:52,096 - INFO - start to validate bg folder
2023-09-27 15:57:52,097 - INFO - bg folder image list :['D:/Download/audio-visual/saas/tiktoka/tiktoka-studio-uploader-genius/tests/videos/horizon/1920x1080\\bg1.jpg', 'D:/Download/audio-visual/saas/tiktoka/tiktoka-studio-uploader-genius/tests/videos/horizon/1920x1080\\bg2.jpg']
2023-09-27 15:57:52,097 - INFO - Random assign bg:D:/Download/audio-visual/saas/tiktoka/tiktoka-studio-uploader-genius/tests/videos/horizon/1920x1080\bg1.jpg to  video:OP
2023-09-27 15:57:52,097 - INFO - validate bg folder passed
2023-09-27 15:57:52,136 - INFO - all fonts installed:['8514fix.fon', '8514fixe.fon', '8514fixg.fon', '8514fixr.fon', '8514fixt.fon', '8514oem.fon', '8514oeme.fon', '8514oemg.fon', '8514oemr.fon', '8514oemt.fon', '8514sys.fon', '8514syse.fon', '8514sysg.fon', '8514sysr.fon', '8514syst.fon', '85775.fon', '85855.fon', '85f1255.fon', '85f1256.fon', '85f1257.fon', '85f874.fon', '85s1255.fon', '85s1256.fon', '85s1257.fon', '85s874.fon', 'AGENCYB.TTF', 'AGENCYR.TTF', 'ALGER.TTF', 'ANTQUAB.TTF', 'ANTQUABI.TTF', 'ANTQUAI.TTF', 'app775.fon', 'app850.fon', 'app852.fon', 'app855.fon', 'app857.fon', 'app866.fon', 'app932.fon', 'app936.fon', 'app949.fon', 'app950.fon', 'arial.ttf', 'arialbd.ttf', 'arialbi.ttf', 'ariali.ttf', 'ARIALN.TTF', 'ARIALNB.TTF', 'ARIALNBI.TTF', 'ARIALNI.TTF', 'ariblk.ttf', 'ARLRDBD.TTF', 'AxureHandwriting-Bold.otf', 'AxureHandwriting-BoldItalic.otf', 'AxureHandwriting-Italic.otf', 'AxureHandwriting.otf', 'bahnschrift.ttf', 'BASKVILL.TTF', 'BAUHS93.TTF', 'BELL.TTF', 'BELLB.TTF', 'BELLI.TTF', 'BERNHC.TTF', 'BKANT.TTF', 'BOD_B.TTF', 'BOD_BI.TTF', 'BOD_BLAI.TTF', 'BOD_BLAR.TTF', 'BOD_CB.TTF', 'BOD_CBI.TTF', 'BOD_CI.TTF', 'BOD_CR.TTF', 'BOD_I.TTF', 'BOD_PSTC.TTF', 'BOD_R.TTF', 'BOOKOS.TTF', 'BOOKOSB.TTF', 'BOOKOSBI.TTF', 'BOOKOSI.TTF', 'BRADHITC.TTF', 'BRITANIC.TTF', 'BRLNSB.TTF', 'BRLNSDB.TTF', 'BRLNSR.TTF', 'BROADW.TTF', 'BRUSHSCI.TTF', 'BSSYM7.TTF', 'c8514fix.fon', 'c8514oem.fon', 'c8514sys.fon', 'calibri.ttf', 'calibrib.ttf', 'calibrii.ttf', 'calibril.ttf', 'calibrili.ttf', 'calibriz.ttf', 'CALIFB.TTF', 'CALIFI.TTF', 'CALIFR.TTF', 'CALIST.TTF', 'CALISTB.TTF', 'CALISTBI.TTF', 'CALISTI.TTF', 'cambria.ttc', 'cambriab.ttf', 'cambriai.ttf', 'cambriaz.ttf', 'Candara.ttf', 'Candarab.ttf', 'Candarai.ttf', 'Candaral.ttf', 'Candarali.ttf', 'Candaraz.ttf', 'CascadiaCode.ttf', 'CascadiaMono.ttf', 'CASTELAR.TTF', 'CENSCBK.TTF', 'CENTAUR.TTF', 'CENTURY.TTF', 'cga40737.fon', 'cga40850.fon', 'cga40852.fon', 'cga40857.fon', 'cga40866.fon', 'cga40869.fon', 'cga40woa.fon', 'cga80737.fon', 'cga80850.fon', 'cga80852.fon', 'cga80857.fon', 'cga80866.fon', 'cga80869.fon', 'cga80woa.fon', 'CHILLER.TTF', 'COLONNA.TTF', 'comic.ttf', 'comicbd.ttf', 'comici.ttf', 'comicz.ttf', 'consola.ttf', 'consolab.ttf', 'consolai.ttf', 'consolaz.ttf', 'constan.ttf', 'constanb.ttf', 'constani.ttf', 'constanz.ttf', 'COOPBL.TTF', 'COPRGTB.TTF', 'COPRGTL.TTF', 'corbel.ttf', 'corbelb.ttf', 'corbeli.ttf', 'corbell.ttf', 'corbelli.ttf', 'corbelz.ttf', 'coue1255.fon', 'coue1256.fon', 'coue1257.fon', 'couf1255.fon', 'couf1256.fon', 'couf1257.fon', 'cour.ttf', 'courbd.ttf', 'courbi.ttf', 'coure.fon', 'couree.fon', 'coureg.fon', 'courer.fon', 'couret.fon', 'courf.fon', 'courfe.fon', 'courfg.fon', 'courfr.fon', 'courft.fon', 'couri.ttf', 'CURLZ___.TTF', 'cvgafix.fon', 'cvgasys.fon', 'Deng.ttf', 'Dengb.ttf', 'Dengl.ttf', 'desktop.ini', 'dos737.fon', 'dos869.fon', 'dosapp.fon', 'DUBAI-BOLD.TTF', 'DUBAI-LIGHT.TTF', 'DUBAI-MEDIUM.TTF', 'DUBAI-REGULAR.TTF', 'ebrima.ttf', 'ebrimabd.ttf', 'ega40737.fon', 'ega40850.fon', 'ega40852.fon', 'ega40857.fon', 'ega40866.fon', 'ega40869.fon', 'ega40woa.fon', 'ega80737.fon', 'ega80850.fon', 'ega80852.fon', 'ega80857.fon', 'ega80866.fon', 'ega80869.fon', 'ega80woa.fon', 'ELEPHNT.TTF', 'ELEPHNTI.TTF', 'ENGR.TTF', 'ERASBD.TTF', 'ERASDEMI.TTF', 'ERASLGHT.TTF', 'ERASMD.TTF', 'FELIXTI.TTF', 'fms_metadata.xml', 'FORTE.TTF', 'FRABK.TTF', 'FRABKIT.TTF', 'FRADM.TTF', 'FRADMCN.TTF', 'FRADMIT.TTF', 'FRAHV.TTF', 'FRAHVIT.TTF', 'framd.ttf', 'FRAMDCN.TTF', 'framdit.ttf', 'FREESCPT.TTF', 'FRSCRIPT.TTF', 'FTLTLT.TTF', 'FZSTK.TTF', 'FZYTK.TTF', 'Gabriola.ttf', 'gadugi.ttf', 'gadugib.ttf', 'GARA.TTF', 'GARABD.TTF', 'GARAIT.TTF', 'georgia.ttf', 'georgiab.ttf', 'georgiai.ttf', 'georgiaz.ttf', 'GIGI.TTF', 'GILBI___.TTF', 'GILB____.TTF', 'GILC____.TTF', 'GILI____.TTF', 'GILLUBCD.TTF', 'GILSANUB.TTF', 'GIL_____.TTF', 'GLECB.TTF', 'GlobalMonospace.CompositeFont', 'GlobalSansSerif.CompositeFont', 'GlobalSerif.CompositeFont', 'GlobalUserInterface.CompositeFont', 'GLSNECB.TTF', 'GOTHIC.TTF', 'GOTHICB.TTF', 'GOTHICBI.TTF', 'GOTHICI.TTF', 'GOUDOS.TTF', 'GOUDOSB.TTF', 'GOUDOSI.TTF', 'GOUDYSTO.TTF', 'h8514fix.fon', 'h8514oem.fon', 'h8514sys.fon', 'HARLOWSI.TTF', 'HARNGTON.TTF', 'HATTEN.TTF', 'HGB1X_CNKI.ttf', 'HGB1_CNKI.ttf', 'HGB2X_CNKI.ttf', 'HGB2_CNKI.ttf', 'HGB3X_CNKI.ttf', 'HGB3_CNKI.ttf', 'HGB4X_CNKI.ttf', 'HGB4_CNKI.ttf', 'HGB5X_CNKI.ttf', 'HGB5_CNKI.ttf', 'HGB6X_CNKI.ttf', 'HGB6_CNKI.ttf', 'HGB7X_CNKI.ttf', 'HGB7_CNKI.ttf', 'HGB8X_CNKI.ttf', 'HGB8_CNKI.ttf', 'HGBD_CNKI.ttf', 'HGBKBX_CNKI.ttf', 'HGBKB_CNKI.ttf', 'HGBKHX_CNKI.ttf', 'HGBKH_CNKI.ttf', 'HGBS1_CNKI.TTF', 'HGBS2_CNKI.TTF', 'HGBS_CNKI.TTF', 'HGBTH_CNKI.TTF', 'HGBTS_CNKI.TTF', 'HGBX_CNKI.ttf', 'HGBZ_CNKI.ttf', 'HGCH_CNKI.TTF', 'HGCUH_CNKI.TTF', 'HGCY_CNKI.TTF', 'HGDBS_CNKI.TTF', 'HGDGY_CNKI.TTF', 'HGDH2_CNKI.TTF', 'HGDH_CNKI.TTF', 'HGDYS_CNKI.TTF', 'HGDY_CNKI.ttf', 'HGF1X_CNKI.ttf', 'HGF1_CNKI.ttf', 'HGF2X_CNKI.ttf', 'HGF2_CNKI.ttf', 'HGF3_CNKI.ttf', 'HGF4X_CNKI.ttf', 'HGF4_CNKI.ttf', 'HGF5X_CNKI.ttf', 'HGF5_CNKI.ttf', 'HGF6X_CNKI.ttf', 'HGF6_CNKI.ttf', 'HGF7X_CNKI.ttf', 'HGF7_CNKI.ttf', 'HGF8_CNKI.ttf', 'HGF9X_CNKI.ttf', 'HGF9_CNKI.ttf', 'HGFS1_CNKI.TTF', 'HGFS2_CNKI.TTF', 'HGFSH_CNKI.TTF', 'HGFS_CNKI.TTF', 'HGFX_CNKI.ttf', 'HGFZ_CNKI.ttf', 'HGGG_CNKI.TTF', 'HGH1X_CNKI.ttf', 'HGH1_CNKI.ttf', 'HGH2X_CNKI.ttf', 'HGH2_CNKI.ttf', 'HGH3X_CNKI.ttf', 'HGH3_CNKI.ttf', 'HGH4X_CNKI.ttf', 'HGH4_CNKI.ttf', 'HGH5X_CNKI.ttf', 'HGH5_CNKI.ttf', 'HGH6X_CNKI.ttf', 'HGH6_CNKI.ttf', 'HGH7X_CNKI.ttf', 'HGH7_CNKI.ttf', 'HGHB_CNKI.TTF', 'HGHD_CNKI.ttf', 'HGHP_CNKI.TTF', 'HGHT1_CNKI.ttf', 'HGHT2_CNKI.ttf', 'HGHUATI_CNKI.ttf', 'HGHX_CNKI.ttf', 'HGHZ_CNKI.ttf', 'HGH_CNKI.TTF', 'HGKT1_CNKI.TTF', 'HGKT2_CNKI.TTF', 'HGKT_CNKI.TTF', 'HGKY_CNKI.ttf', 'HGLB_CNKI.TTF', 'HGLS_CNKI.TTF', 'HGMH_CNKI.TTF', 'HGNBS_CNKI.ttf', 'HGOCR_CNKI.ttf', 'HGPH_CNKI.TTF', 'HGPTY_CNKI.TTF', 'HGSS1_CNKI.TTF', 'HGSS2_CNKI.TTF', 'HGSS_CNKI.TTF', 'HGSXT_CNKI.ttf', 'HGTT_CNKI.ttf', 'HGTX_CNKI.TTF', 'HGWT_CNKI.TTF', 'HGWYS_CNKI.TTF', 'HGX1X_CNKI.ttf', 'HGX1_CNKI.ttf', 'HGXBS_CNKI.TTF', 'HGXC_CNKI.TTF', 'HGXF1_CNKI.ttf', 'HGXFX_CNKI.ttf', 'HGXFZ_CNKI.ttf', 'HGXH1_CNKI.TTF', 'HGXH_CNKI.TTF', 'HGXK_CNKI.TTF', 'HGXL_CNKI.TTF', 'HGXS_CNKI.TTF', 'HGXT_CNKI.ttf', 'HGXY_CNKI.ttf', 'HGY1_CNKI.TTF', 'HGY2_CNKI.TTF', 'HGY3_CNKI.TTF', 'HGY4_CNKI.TTF', 'HGYB_CNKI.ttf', 'HGYT1_CNKI.ttf', 'HGYT2_CNKI.ttf', 'HGYT_CNKI.TTF', 'HGYX_CNKI.TTF', 'HGZCS_CNKI.TTF', 'HGZDX_CNKI.TTF', 'HGZK_CNKI.TTF', 'HGZYT_CNKI.TTF', 'HGZY_CNKI.TTF', 'himalaya.ttf', 'holomdl2.ttf', 'HTOWERT.TTF', 'HTOWERTI.TTF', 'hvgafix.fon', 'hvgasys.fon', 'impact.ttf', 'IMPRISHA.TTF', 'INFROMAN.TTF', 'Inkfree.ttf', 'iqiyi_logov7.ttf', 'ITCBLKAD.TTF', 'ITCEDSCR.TTF', 'ITCKRIST.TTF', 'j8514fix.fon', 'j8514oem.fon', 'j8514sys.fon', 'javatext.ttf', 'JOKERMAN.TTF', 'jsmalle.fon', 'jsmallf.fon', 'JUICE___.TTF', 'jvgafix.fon', 'jvgasys.fon', 'KUNSTLER.TTF', 'LATINWD.TTF', 'LBRITE.TTF', 'LBRITED.TTF', 'LBRITEDI.TTF', 'LBRITEI.TTF', 'LCALLIG.TTF', 'LeelaUIb.ttf', 'LeelawUI.ttf', 'LeelUIsl.ttf', 'LFAX.TTF', 'LFAXD.TTF', 'LFAXDI.TTF', 'LFAXI.TTF', 'LHANDW.TTF', 'LSANS.TTF', 'LSANSD.TTF', 'LSANSDI.TTF', 'LSANSI.TTF', 'LTYPE.TTF', 'LTYPEB.TTF', 'LTYPEBO.TTF', 'LTYPEO.TTF', 'lucon.ttf', 'l_10646.ttf', 'MAGNETOB.TTF', 'MAIAN.TTF', 'malgun.ttf', 'malgunbd.ttf', 'malgunsl.ttf', 'marlett.ttf', 'MATURASC.TTF', 'micross.ttf', 'mingliub.ttc', 'MISTRAL.TTF', 'mmrtext.ttf', 'mmrtextb.ttf', 'MOD20.TTF', 'modern.fon', 'monbaiti.ttf', 'msgothic.ttc', 'msjh.ttc', 'msjhbd.ttc', 'msjhl.ttc', 'msyh.ttc', 'msyhbd.ttc', 'msyhl.ttc', 'msyi.ttf', 'MTCORSVA.TTF', 'MTEXTRA.TTF', 'mvboli.ttf', 'NIAGENG.TTF', 'NIAGSOL.TTF', 'Nirmala.ttf', 'NirmalaB.ttf', 'NirmalaS.ttf', 'ntailu.ttf', 'ntailub.ttf', 'NumberOnly.ttf', 'OCRAEXT.TTF', 'OLDENGL.TTF', 'ONYX.TTF', 'OUTLOOK.TTF', 'pala.ttf', 'palab.ttf', 'palabi.ttf', 'palai.ttf', 'PALSCRI.TTF', 'PAPYRUS.TTF', 'PARCHM.TTF', 'PERBI___.TTF', 'PERB____.TTF', 'PERI____.TTF', 'PERTIBD.TTF', 'PERTILI.TTF', 'PER_____.TTF', 'phagspa.ttf', 'phagspab.ttf', 'PLAYBILL.TTF', 'POORICH.TTF', 'PRISTINA.TTF', 'RAGE.TTF', 'RAVIE.TTF', 'REFSAN.TTF', 'REFSPCL.TTF', 'ROCCB___.TTF', 'ROCC____.TTF', 'ROCK.TTF', 'ROCKB.TTF', 'ROCKBI.TTF', 'ROCKEB.TTF', 'ROCKI.TTF', 'roman.fon', 's8514fix.fon', 's8514oem.fon', 's8514sys.fon', 'SCHLBKB.TTF', 'SCHLBKBI.TTF', 'SCHLBKI.TTF', 'script.fon', 'SCRIPTBL.TTF', 'segmdl2.ttf', 'SegoeIcons.ttf', 'segoepr.ttf', 'segoeprb.ttf', 'segoesc.ttf', 'segoescb.ttf', 'segoeui.ttf', 'segoeuib.ttf', 'segoeuii.ttf', 'segoeuil.ttf', 'segoeuisl.ttf', 'segoeuiz.ttf', 'seguibl.ttf', 'seguibli.ttf', 'seguiemj.ttf', 'seguihis.ttf', 'seguili.ttf', 'seguisb.ttf', 'seguisbi.ttf', 'seguisli.ttf', 'seguisym.ttf', 'SegUIVar.ttf', 'sere1255.fon', 'sere1256.fon', 'sere1257.fon', 'serf1255.fon', 'serf1256.fon', 'serf1257.fon', 'serife.fon', 'serifee.fon', 'serifeg.fon', 'serifer.fon', 'serifet.fon', 'seriff.fon', 'seriffe.fon', 'seriffg.fon', 'seriffr.fon', 'serifft.fon', 'SHOWG.TTF', 'simfang.ttf', 'simhei.ttf', 'simkai.ttf', 'SIMLI.TTF', 'simsun.ttc', 'simsunb.ttf', 'SIMYOU.TTF', 'SitkaVF-Italic.ttf', 'SitkaVF.ttf', 'smae1255.fon', 'smae1256.fon', 'smae1257.fon', 'smaf1255.fon', 'smaf1256.fon', 'smaf1257.fon', 'smalle.fon', 'smallee.fon', 'smalleg.fon', 'smaller.fon', 'smallet.fon', 'smallf.fon', 'smallfe.fon', 'smallfg.fon', 'smallfr.fon', 'smallft.fon', 'SNAP____.TTF', 'ssee1255.fon', 'ssee1256.fon', 'ssee1257.fon', 'ssee874.fon', 'ssef1255.fon', 'ssef1256.fon', 'ssef1257.fon', 'ssef874.fon', 'sserife.fon', 'sserifee.fon', 'sserifeg.fon', 'sserifer.fon', 'sserifet.fon', 'sseriff.fon', 'sseriffe.fon', 'sseriffg.fon', 'sseriffr.fon', 'sserifft.fon', 'StaticCache.dat', 'STCAIYUN.TTF', 'STENCIL.TTF', 'STFANGSO.TTF', 'STHUPO.TTF', 'STKAITI.TTF', 'STLITI.TTF', 'STSONG.TTF', 'STXIHEI.TTF', 'STXINGKA.TTF', 'STXINWEI.TTF', 'STZHONGS.TTF', 'svgafix.fon', 'svgasys.fon', 'sylfaen.ttf', 'symbol.ttf', 'tahoma.ttf', 'tahomabd.ttf', 'taile.ttf', 'taileb.ttf', 'TCBI____.TTF', 'TCB_____.TTF', 'TCCB____.TTF', 'TCCEB.TTF', 'TCCM____.TTF', 'TCMI____.TTF', 'TCM_____.TTF', 'TEMPSITC.TTF', 'times.ttf', 'timesbd.ttf', 'timesbi.ttf', 'timesi.ttf', 'trebuc.ttf', 'trebucbd.ttf', 'trebucbi.ttf', 'trebucit.ttf', 'verdana.ttf', 'verdanab.ttf', 'verdanai.ttf', 'verdanaz.ttf', 'vga737.fon', 'vga775.fon', 'vga850.fon', 'vga852.fon', 'vga855.fon', 'vga857.fon', 'vga860.fon', 'vga861.fon', 'vga863.fon', 'vga865.fon', 'vga866.fon', 'vga869.fon', 'vga932.fon', 'vga936.fon', 'vga949.fon', 'vga950.fon', 'vgaf1255.fon', 'vgaf1256.fon', 'vgaf1257.fon', 'vgaf874.fon', 'vgafix.fon', 'vgafixe.fon', 'vgafixg.fon', 'vgafixr.fon', 'vgafixt.fon', 'vgaoem.fon', 'vgas1255.fon', 'vgas1256.fon', 'vgas1257.fon', 'vgas874.fon', 'vgasys.fon', 'vgasyse.fon', 'vgasysg.fon', 'vgasysr.fon', 'vgasyst.fon', 'VINERITC.TTF', 'VIVALDII.TTF', 'VLADIMIR.TTF', 'webdings.ttf', 'wingding.ttf', 'WINGDNG2.TTF', 'WINGDNG3.TTF', 'YuGothB.ttc', 'YuGothL.ttc', 'YuGothM.ttc', 'YuGothR.ttc', '\u534e\u5eb7\u65b9\u5706\u4f53W7.TTC', '\u65b9\u6b63\u7c97\u9ed1\u5b8b\u7b80\u4f53.ttf']
2023-09-27 15:57:52,140 - INFO - all fonts installed:['8514fix.fon', '8514fixe.fon', '8514fixg.fon', '8514fixr.fon', '8514fixt.fon', '8514oem.fon', '8514oeme.fon', '8514oemg.fon', '8514oemr.fon', '8514oemt.fon', '8514sys.fon', '8514syse.fon', '8514sysg.fon', '8514sysr.fon', '8514syst.fon', '85775.fon', '85855.fon', '85f1255.fon', '85f1256.fon', '85f1257.fon', '85f874.fon', '85s1255.fon', '85s1256.fon', '85s1257.fon', '85s874.fon', 'AGENCYB.TTF', 'AGENCYR.TTF', 'ALGER.TTF', 'ANTQUAB.TTF', 'ANTQUABI.TTF', 'ANTQUAI.TTF', 'app775.fon', 'app850.fon', 'app852.fon', 'app855.fon', 'app857.fon', 'app866.fon', 'app932.fon', 'app936.fon', 'app949.fon', 'app950.fon', 'arial.ttf', 'arialbd.ttf', 'arialbi.ttf', 'ariali.ttf', 'ARIALN.TTF', 'ARIALNB.TTF', 'ARIALNBI.TTF', 'ARIALNI.TTF', 'ariblk.ttf', 'ARLRDBD.TTF', 'AxureHandwriting-Bold.otf', 'AxureHandwriting-BoldItalic.otf', 'AxureHandwriting-Italic.otf', 'AxureHandwriting.otf', 'bahnschrift.ttf', 'BASKVILL.TTF', 'BAUHS93.TTF', 'BELL.TTF', 'BELLB.TTF', 'BELLI.TTF', 'BERNHC.TTF', 'BKANT.TTF', 'BOD_B.TTF', 'BOD_BI.TTF', 'BOD_BLAI.TTF', 'BOD_BLAR.TTF', 'BOD_CB.TTF', 'BOD_CBI.TTF', 'BOD_CI.TTF', 'BOD_CR.TTF', 'BOD_I.TTF', 'BOD_PSTC.TTF', 'BOD_R.TTF', 'BOOKOS.TTF', 'BOOKOSB.TTF', 'BOOKOSBI.TTF', 'BOOKOSI.TTF', 'BRADHITC.TTF', 'BRITANIC.TTF', 'BRLNSB.TTF', 'BRLNSDB.TTF', 'BRLNSR.TTF', 'BROADW.TTF', 'BRUSHSCI.TTF', 'BSSYM7.TTF', 'c8514fix.fon', 'c8514oem.fon', 'c8514sys.fon', 'calibri.ttf', 'calibrib.ttf', 'calibrii.ttf', 'calibril.ttf', 'calibrili.ttf', 'calibriz.ttf', 'CALIFB.TTF', 'CALIFI.TTF', 'CALIFR.TTF', 'CALIST.TTF', 'CALISTB.TTF', 'CALISTBI.TTF', 'CALISTI.TTF', 'cambria.ttc', 'cambriab.ttf', 'cambriai.ttf', 'cambriaz.ttf', 'Candara.ttf', 'Candarab.ttf', 'Candarai.ttf', 'Candaral.ttf', 'Candarali.ttf', 'Candaraz.ttf', 'CascadiaCode.ttf', 'CascadiaMono.ttf', 'CASTELAR.TTF', 'CENSCBK.TTF', 'CENTAUR.TTF', 'CENTURY.TTF', 'cga40737.fon', 'cga40850.fon', 'cga40852.fon', 'cga40857.fon', 'cga40866.fon', 'cga40869.fon', 'cga40woa.fon', 'cga80737.fon', 'cga80850.fon', 'cga80852.fon', 'cga80857.fon', 'cga80866.fon', 'cga80869.fon', 'cga80woa.fon', 'CHILLER.TTF', 'COLONNA.TTF', 'comic.ttf', 'comicbd.ttf', 'comici.ttf', 'comicz.ttf', 'consola.ttf', 'consolab.ttf', 'consolai.ttf', 'consolaz.ttf', 'constan.ttf', 'constanb.ttf', 'constani.ttf', 'constanz.ttf', 'COOPBL.TTF', 'COPRGTB.TTF', 'COPRGTL.TTF', 'corbel.ttf', 'corbelb.ttf', 'corbeli.ttf', 'corbell.ttf', 'corbelli.ttf', 'corbelz.ttf', 'coue1255.fon', 'coue1256.fon', 'coue1257.fon', 'couf1255.fon', 'couf1256.fon', 'couf1257.fon', 'cour.ttf', 'courbd.ttf', 'courbi.ttf', 'coure.fon', 'couree.fon', 'coureg.fon', 'courer.fon', 'couret.fon', 'courf.fon', 'courfe.fon', 'courfg.fon', 'courfr.fon', 'courft.fon', 'couri.ttf', 'CURLZ___.TTF', 'cvgafix.fon', 'cvgasys.fon', 'Deng.ttf', 'Dengb.ttf', 'Dengl.ttf', 'desktop.ini', 'dos737.fon', 'dos869.fon', 'dosapp.fon', 'DUBAI-BOLD.TTF', 'DUBAI-LIGHT.TTF', 'DUBAI-MEDIUM.TTF', 'DUBAI-REGULAR.TTF', 'ebrima.ttf', 'ebrimabd.ttf', 'ega40737.fon', 'ega40850.fon', 'ega40852.fon', 'ega40857.fon', 'ega40866.fon', 'ega40869.fon', 'ega40woa.fon', 'ega80737.fon', 'ega80850.fon', 'ega80852.fon', 'ega80857.fon', 'ega80866.fon', 'ega80869.fon', 'ega80woa.fon', 'ELEPHNT.TTF', 'ELEPHNTI.TTF', 'ENGR.TTF', 'ERASBD.TTF', 'ERASDEMI.TTF', 'ERASLGHT.TTF', 'ERASMD.TTF', 'FELIXTI.TTF', 'fms_metadata.xml', 'FORTE.TTF', 'FRABK.TTF', 'FRABKIT.TTF', 'FRADM.TTF', 'FRADMCN.TTF', 'FRADMIT.TTF', 'FRAHV.TTF', 'FRAHVIT.TTF', 'framd.ttf', 'FRAMDCN.TTF', 'framdit.ttf', 'FREESCPT.TTF', 'FRSCRIPT.TTF', 'FTLTLT.TTF', 'FZSTK.TTF', 'FZYTK.TTF', 'Gabriola.ttf', 'gadugi.ttf', 'gadugib.ttf', 'GARA.TTF', 'GARABD.TTF', 'GARAIT.TTF', 'georgia.ttf', 'georgiab.ttf', 'georgiai.ttf', 'georgiaz.ttf', 'GIGI.TTF', 'GILBI___.TTF', 'GILB____.TTF', 'GILC____.TTF', 'GILI____.TTF', 'GILLUBCD.TTF', 'GILSANUB.TTF', 'GIL_____.TTF', 'GLECB.TTF', 'GlobalMonospace.CompositeFont', 'GlobalSansSerif.CompositeFont', 'GlobalSerif.CompositeFont', 'GlobalUserInterface.CompositeFont', 'GLSNECB.TTF', 'GOTHIC.TTF', 'GOTHICB.TTF', 'GOTHICBI.TTF', 'GOTHICI.TTF', 'GOUDOS.TTF', 'GOUDOSB.TTF', 'GOUDOSI.TTF', 'GOUDYSTO.TTF', 'h8514fix.fon', 'h8514oem.fon', 'h8514sys.fon', 'HARLOWSI.TTF', 'HARNGTON.TTF', 'HATTEN.TTF', 'HGB1X_CNKI.ttf', 'HGB1_CNKI.ttf', 'HGB2X_CNKI.ttf', 'HGB2_CNKI.ttf', 'HGB3X_CNKI.ttf', 'HGB3_CNKI.ttf', 'HGB4X_CNKI.ttf', 'HGB4_CNKI.ttf', 'HGB5X_CNKI.ttf', 'HGB5_CNKI.ttf', 'HGB6X_CNKI.ttf', 'HGB6_CNKI.ttf', 'HGB7X_CNKI.ttf', 'HGB7_CNKI.ttf', 'HGB8X_CNKI.ttf', 'HGB8_CNKI.ttf', 'HGBD_CNKI.ttf', 'HGBKBX_CNKI.ttf', 'HGBKB_CNKI.ttf', 'HGBKHX_CNKI.ttf', 'HGBKH_CNKI.ttf', 'HGBS1_CNKI.TTF', 'HGBS2_CNKI.TTF', 'HGBS_CNKI.TTF', 'HGBTH_CNKI.TTF', 'HGBTS_CNKI.TTF', 'HGBX_CNKI.ttf', 'HGBZ_CNKI.ttf', 'HGCH_CNKI.TTF', 'HGCUH_CNKI.TTF', 'HGCY_CNKI.TTF', 'HGDBS_CNKI.TTF', 'HGDGY_CNKI.TTF', 'HGDH2_CNKI.TTF', 'HGDH_CNKI.TTF', 'HGDYS_CNKI.TTF', 'HGDY_CNKI.ttf', 'HGF1X_CNKI.ttf', 'HGF1_CNKI.ttf', 'HGF2X_CNKI.ttf', 'HGF2_CNKI.ttf', 'HGF3_CNKI.ttf', 'HGF4X_CNKI.ttf', 'HGF4_CNKI.ttf', 'HGF5X_CNKI.ttf', 'HGF5_CNKI.ttf', 'HGF6X_CNKI.ttf', 'HGF6_CNKI.ttf', 'HGF7X_CNKI.ttf', 'HGF7_CNKI.ttf', 'HGF8_CNKI.ttf', 'HGF9X_CNKI.ttf', 'HGF9_CNKI.ttf', 'HGFS1_CNKI.TTF', 'HGFS2_CNKI.TTF', 'HGFSH_CNKI.TTF', 'HGFS_CNKI.TTF', 'HGFX_CNKI.ttf', 'HGFZ_CNKI.ttf', 'HGGG_CNKI.TTF', 'HGH1X_CNKI.ttf', 'HGH1_CNKI.ttf', 'HGH2X_CNKI.ttf', 'HGH2_CNKI.ttf', 'HGH3X_CNKI.ttf', 'HGH3_CNKI.ttf', 'HGH4X_CNKI.ttf', 'HGH4_CNKI.ttf', 'HGH5X_CNKI.ttf', 'HGH5_CNKI.ttf', 'HGH6X_CNKI.ttf', 'HGH6_CNKI.ttf', 'HGH7X_CNKI.ttf', 'HGH7_CNKI.ttf', 'HGHB_CNKI.TTF', 'HGHD_CNKI.ttf', 'HGHP_CNKI.TTF', 'HGHT1_CNKI.ttf', 'HGHT2_CNKI.ttf', 'HGHUATI_CNKI.ttf', 'HGHX_CNKI.ttf', 'HGHZ_CNKI.ttf', 'HGH_CNKI.TTF', 'HGKT1_CNKI.TTF', 'HGKT2_CNKI.TTF', 'HGKT_CNKI.TTF', 'HGKY_CNKI.ttf', 'HGLB_CNKI.TTF', 'HGLS_CNKI.TTF', 'HGMH_CNKI.TTF', 'HGNBS_CNKI.ttf', 'HGOCR_CNKI.ttf', 'HGPH_CNKI.TTF', 'HGPTY_CNKI.TTF', 'HGSS1_CNKI.TTF', 'HGSS2_CNKI.TTF', 'HGSS_CNKI.TTF', 'HGSXT_CNKI.ttf', 'HGTT_CNKI.ttf', 'HGTX_CNKI.TTF', 'HGWT_CNKI.TTF', 'HGWYS_CNKI.TTF', 'HGX1X_CNKI.ttf', 'HGX1_CNKI.ttf', 'HGXBS_CNKI.TTF', 'HGXC_CNKI.TTF', 'HGXF1_CNKI.ttf', 'HGXFX_CNKI.ttf', 'HGXFZ_CNKI.ttf', 'HGXH1_CNKI.TTF', 'HGXH_CNKI.TTF', 'HGXK_CNKI.TTF', 'HGXL_CNKI.TTF', 'HGXS_CNKI.TTF', 'HGXT_CNKI.ttf', 'HGXY_CNKI.ttf', 'HGY1_CNKI.TTF', 'HGY2_CNKI.TTF', 'HGY3_CNKI.TTF', 'HGY4_CNKI.TTF', 'HGYB_CNKI.ttf', 'HGYT1_CNKI.ttf', 'HGYT2_CNKI.ttf', 'HGYT_CNKI.TTF', 'HGYX_CNKI.TTF', 'HGZCS_CNKI.TTF', 'HGZDX_CNKI.TTF', 'HGZK_CNKI.TTF', 'HGZYT_CNKI.TTF', 'HGZY_CNKI.TTF', 'himalaya.ttf', 'holomdl2.ttf', 'HTOWERT.TTF', 'HTOWERTI.TTF', 'hvgafix.fon', 'hvgasys.fon', 'impact.ttf', 'IMPRISHA.TTF', 'INFROMAN.TTF', 'Inkfree.ttf', 'iqiyi_logov7.ttf', 'ITCBLKAD.TTF', 'ITCEDSCR.TTF', 'ITCKRIST.TTF', 'j8514fix.fon', 'j8514oem.fon', 'j8514sys.fon', 'javatext.ttf', 'JOKERMAN.TTF', 'jsmalle.fon', 'jsmallf.fon', 'JUICE___.TTF', 'jvgafix.fon', 'jvgasys.fon', 'KUNSTLER.TTF', 'LATINWD.TTF', 'LBRITE.TTF', 'LBRITED.TTF', 'LBRITEDI.TTF', 'LBRITEI.TTF', 'LCALLIG.TTF', 'LeelaUIb.ttf', 'LeelawUI.ttf', 'LeelUIsl.ttf', 'LFAX.TTF', 'LFAXD.TTF', 'LFAXDI.TTF', 'LFAXI.TTF', 'LHANDW.TTF', 'LSANS.TTF', 'LSANSD.TTF', 'LSANSDI.TTF', 'LSANSI.TTF', 'LTYPE.TTF', 'LTYPEB.TTF', 'LTYPEBO.TTF', 'LTYPEO.TTF', 'lucon.ttf', 'l_10646.ttf', 'MAGNETOB.TTF', 'MAIAN.TTF', 'malgun.ttf', 'malgunbd.ttf', 'malgunsl.ttf', 'marlett.ttf', 'MATURASC.TTF', 'micross.ttf', 'mingliub.ttc', 'MISTRAL.TTF', 'mmrtext.ttf', 'mmrtextb.ttf', 'MOD20.TTF', 'modern.fon', 'monbaiti.ttf', 'msgothic.ttc', 'msjh.ttc', 'msjhbd.ttc', 'msjhl.ttc', 'msyh.ttc', 'msyhbd.ttc', 'msyhl.ttc', 'msyi.ttf', 'MTCORSVA.TTF', 'MTEXTRA.TTF', 'mvboli.ttf', 'NIAGENG.TTF', 'NIAGSOL.TTF', 'Nirmala.ttf', 'NirmalaB.ttf', 'NirmalaS.ttf', 'ntailu.ttf', 'ntailub.ttf', 'NumberOnly.ttf', 'OCRAEXT.TTF', 'OLDENGL.TTF', 'ONYX.TTF', 'OUTLOOK.TTF', 'pala.ttf', 'palab.ttf', 'palabi.ttf', 'palai.ttf', 'PALSCRI.TTF', 'PAPYRUS.TTF', 'PARCHM.TTF', 'PERBI___.TTF', 'PERB____.TTF', 'PERI____.TTF', 'PERTIBD.TTF', 'PERTILI.TTF', 'PER_____.TTF', 'phagspa.ttf', 'phagspab.ttf', 'PLAYBILL.TTF', 'POORICH.TTF', 'PRISTINA.TTF', 'RAGE.TTF', 'RAVIE.TTF', 'REFSAN.TTF', 'REFSPCL.TTF', 'ROCCB___.TTF', 'ROCC____.TTF', 'ROCK.TTF', 'ROCKB.TTF', 'ROCKBI.TTF', 'ROCKEB.TTF', 'ROCKI.TTF', 'roman.fon', 's8514fix.fon', 's8514oem.fon', 's8514sys.fon', 'SCHLBKB.TTF', 'SCHLBKBI.TTF', 'SCHLBKI.TTF', 'script.fon', 'SCRIPTBL.TTF', 'segmdl2.ttf', 'SegoeIcons.ttf', 'segoepr.ttf', 'segoeprb.ttf', 'segoesc.ttf', 'segoescb.ttf', 'segoeui.ttf', 'segoeuib.ttf', 'segoeuii.ttf', 'segoeuil.ttf', 'segoeuisl.ttf', 'segoeuiz.ttf', 'seguibl.ttf', 'seguibli.ttf', 'seguiemj.ttf', 'seguihis.ttf', 'seguili.ttf', 'seguisb.ttf', 'seguisbi.ttf', 'seguisli.ttf', 'seguisym.ttf', 'SegUIVar.ttf', 'sere1255.fon', 'sere1256.fon', 'sere1257.fon', 'serf1255.fon', 'serf1256.fon', 'serf1257.fon', 'serife.fon', 'serifee.fon', 'serifeg.fon', 'serifer.fon', 'serifet.fon', 'seriff.fon', 'seriffe.fon', 'seriffg.fon', 'seriffr.fon', 'serifft.fon', 'SHOWG.TTF', 'simfang.ttf', 'simhei.ttf', 'simkai.ttf', 'SIMLI.TTF', 'simsun.ttc', 'simsunb.ttf', 'SIMYOU.TTF', 'SitkaVF-Italic.ttf', 'SitkaVF.ttf', 'smae1255.fon', 'smae1256.fon', 'smae1257.fon', 'smaf1255.fon', 'smaf1256.fon', 'smaf1257.fon', 'smalle.fon', 'smallee.fon', 'smalleg.fon', 'smaller.fon', 'smallet.fon', 'smallf.fon', 'smallfe.fon', 'smallfg.fon', 'smallfr.fon', 'smallft.fon', 'SNAP____.TTF', 'ssee1255.fon', 'ssee1256.fon', 'ssee1257.fon', 'ssee874.fon', 'ssef1255.fon', 'ssef1256.fon', 'ssef1257.fon', 'ssef874.fon', 'sserife.fon', 'sserifee.fon', 'sserifeg.fon', 'sserifer.fon', 'sserifet.fon', 'sseriff.fon', 'sseriffe.fon', 'sseriffg.fon', 'sseriffr.fon', 'sserifft.fon', 'StaticCache.dat', 'STCAIYUN.TTF', 'STENCIL.TTF', 'STFANGSO.TTF', 'STHUPO.TTF', 'STKAITI.TTF', 'STLITI.TTF', 'STSONG.TTF', 'STXIHEI.TTF', 'STXINGKA.TTF', 'STXINWEI.TTF', 'STZHONGS.TTF', 'svgafix.fon', 'svgasys.fon', 'sylfaen.ttf', 'symbol.ttf', 'tahoma.ttf', 'tahomabd.ttf', 'taile.ttf', 'taileb.ttf', 'TCBI____.TTF', 'TCB_____.TTF', 'TCCB____.TTF', 'TCCEB.TTF', 'TCCM____.TTF', 'TCMI____.TTF', 'TCM_____.TTF', 'TEMPSITC.TTF', 'times.ttf', 'timesbd.ttf', 'timesbi.ttf', 'timesi.ttf', 'trebuc.ttf', 'trebucbd.ttf', 'trebucbi.ttf', 'trebucit.ttf', 'verdana.ttf', 'verdanab.ttf', 'verdanai.ttf', 'verdanaz.ttf', 'vga737.fon', 'vga775.fon', 'vga850.fon', 'vga852.fon', 'vga855.fon', 'vga857.fon', 'vga860.fon', 'vga861.fon', 'vga863.fon', 'vga865.fon', 'vga866.fon', 'vga869.fon', 'vga932.fon', 'vga936.fon', 'vga949.fon', 'vga950.fon', 'vgaf1255.fon', 'vgaf1256.fon', 'vgaf1257.fon', 'vgaf874.fon', 'vgafix.fon', 'vgafixe.fon', 'vgafixg.fon', 'vgafixr.fon', 'vgafixt.fon', 'vgaoem.fon', 'vgas1255.fon', 'vgas1256.fon', 'vgas1257.fon', 'vgas874.fon', 'vgasys.fon', 'vgasyse.fon', 'vgasysg.fon', 'vgasysr.fon', 'vgasyst.fon', 'VINERITC.TTF', 'VIVALDII.TTF', 'VLADIMIR.TTF', 'webdings.ttf', 'wingding.ttf', 'WINGDNG2.TTF', 'WINGDNG3.TTF', 'YuGothB.ttc', 'YuGothL.ttc', 'YuGothM.ttc', 'YuGothR.ttc', '\u534e\u5eb7\u65b9\u5706\u4f53W7.TTC', '\u65b9\u6b63\u7c97\u9ed1\u5b8b\u7b80\u4f53.ttf']
2023-09-27 15:57:52,144 - INFO - all fonts installed:['8514fix.fon', '8514fixe.fon', '8514fixg.fon', '8514fixr.fon', '8514fixt.fon', '8514oem.fon', '8514oeme.fon', '8514oemg.fon', '8514oemr.fon', '8514oemt.fon', '8514sys.fon', '8514syse.fon', '8514sysg.fon', '8514sysr.fon', '8514syst.fon', '85775.fon', '85855.fon', '85f1255.fon', '85f1256.fon', '85f1257.fon', '85f874.fon', '85s1255.fon', '85s1256.fon', '85s1257.fon', '85s874.fon', 'AGENCYB.TTF', 'AGENCYR.TTF', 'ALGER.TTF', 'ANTQUAB.TTF', 'ANTQUABI.TTF', 'ANTQUAI.TTF', 'app775.fon', 'app850.fon', 'app852.fon', 'app855.fon', 'app857.fon', 'app866.fon', 'app932.fon', 'app936.fon', 'app949.fon', 'app950.fon', 'arial.ttf', 'arialbd.ttf', 'arialbi.ttf', 'ariali.ttf', 'ARIALN.TTF', 'ARIALNB.TTF', 'ARIALNBI.TTF', 'ARIALNI.TTF', 'ariblk.ttf', 'ARLRDBD.TTF', 'AxureHandwriting-Bold.otf', 'AxureHandwriting-BoldItalic.otf', 'AxureHandwriting-Italic.otf', 'AxureHandwriting.otf', 'bahnschrift.ttf', 'BASKVILL.TTF', 'BAUHS93.TTF', 'BELL.TTF', 'BELLB.TTF', 'BELLI.TTF', 'BERNHC.TTF', 'BKANT.TTF', 'BOD_B.TTF', 'BOD_BI.TTF', 'BOD_BLAI.TTF', 'BOD_BLAR.TTF', 'BOD_CB.TTF', 'BOD_CBI.TTF', 'BOD_CI.TTF', 'BOD_CR.TTF', 'BOD_I.TTF', 'BOD_PSTC.TTF', 'BOD_R.TTF', 'BOOKOS.TTF', 'BOOKOSB.TTF', 'BOOKOSBI.TTF', 'BOOKOSI.TTF', 'BRADHITC.TTF', 'BRITANIC.TTF', 'BRLNSB.TTF', 'BRLNSDB.TTF', 'BRLNSR.TTF', 'BROADW.TTF', 'BRUSHSCI.TTF', 'BSSYM7.TTF', 'c8514fix.fon', 'c8514oem.fon', 'c8514sys.fon', 'calibri.ttf', 'calibrib.ttf', 'calibrii.ttf', 'calibril.ttf', 'calibrili.ttf', 'calibriz.ttf', 'CALIFB.TTF', 'CALIFI.TTF', 'CALIFR.TTF', 'CALIST.TTF', 'CALISTB.TTF', 'CALISTBI.TTF', 'CALISTI.TTF', 'cambria.ttc', 'cambriab.ttf', 'cambriai.ttf', 'cambriaz.ttf', 'Candara.ttf', 'Candarab.ttf', 'Candarai.ttf', 'Candaral.ttf', 'Candarali.ttf', 'Candaraz.ttf', 'CascadiaCode.ttf', 'CascadiaMono.ttf', 'CASTELAR.TTF', 'CENSCBK.TTF', 'CENTAUR.TTF', 'CENTURY.TTF', 'cga40737.fon', 'cga40850.fon', 'cga40852.fon', 'cga40857.fon', 'cga40866.fon', 'cga40869.fon', 'cga40woa.fon', 'cga80737.fon', 'cga80850.fon', 'cga80852.fon', 'cga80857.fon', 'cga80866.fon', 'cga80869.fon', 'cga80woa.fon', 'CHILLER.TTF', 'COLONNA.TTF', 'comic.ttf', 'comicbd.ttf', 'comici.ttf', 'comicz.ttf', 'consola.ttf', 'consolab.ttf', 'consolai.ttf', 'consolaz.ttf', 'constan.ttf', 'constanb.ttf', 'constani.ttf', 'constanz.ttf', 'COOPBL.TTF', 'COPRGTB.TTF', 'COPRGTL.TTF', 'corbel.ttf', 'corbelb.ttf', 'corbeli.ttf', 'corbell.ttf', 'corbelli.ttf', 'corbelz.ttf', 'coue1255.fon', 'coue1256.fon', 'coue1257.fon', 'couf1255.fon', 'couf1256.fon', 'couf1257.fon', 'cour.ttf', 'courbd.ttf', 'courbi.ttf', 'coure.fon', 'couree.fon', 'coureg.fon', 'courer.fon', 'couret.fon', 'courf.fon', 'courfe.fon', 'courfg.fon', 'courfr.fon', 'courft.fon', 'couri.ttf', 'CURLZ___.TTF', 'cvgafix.fon', 'cvgasys.fon', 'Deng.ttf', 'Dengb.ttf', 'Dengl.ttf', 'desktop.ini', 'dos737.fon', 'dos869.fon', 'dosapp.fon', 'DUBAI-BOLD.TTF', 'DUBAI-LIGHT.TTF', 'DUBAI-MEDIUM.TTF', 'DUBAI-REGULAR.TTF', 'ebrima.ttf', 'ebrimabd.ttf', 'ega40737.fon', 'ega40850.fon', 'ega40852.fon', 'ega40857.fon', 'ega40866.fon', 'ega40869.fon', 'ega40woa.fon', 'ega80737.fon', 'ega80850.fon', 'ega80852.fon', 'ega80857.fon', 'ega80866.fon', 'ega80869.fon', 'ega80woa.fon', 'ELEPHNT.TTF', 'ELEPHNTI.TTF', 'ENGR.TTF', 'ERASBD.TTF', 'ERASDEMI.TTF', 'ERASLGHT.TTF', 'ERASMD.TTF', 'FELIXTI.TTF', 'fms_metadata.xml', 'FORTE.TTF', 'FRABK.TTF', 'FRABKIT.TTF', 'FRADM.TTF', 'FRADMCN.TTF', 'FRADMIT.TTF', 'FRAHV.TTF', 'FRAHVIT.TTF', 'framd.ttf', 'FRAMDCN.TTF', 'framdit.ttf', 'FREESCPT.TTF', 'FRSCRIPT.TTF', 'FTLTLT.TTF', 'FZSTK.TTF', 'FZYTK.TTF', 'Gabriola.ttf', 'gadugi.ttf', 'gadugib.ttf', 'GARA.TTF', 'GARABD.TTF', 'GARAIT.TTF', 'georgia.ttf', 'georgiab.ttf', 'georgiai.ttf', 'georgiaz.ttf', 'GIGI.TTF', 'GILBI___.TTF', 'GILB____.TTF', 'GILC____.TTF', 'GILI____.TTF', 'GILLUBCD.TTF', 'GILSANUB.TTF', 'GIL_____.TTF', 'GLECB.TTF', 'GlobalMonospace.CompositeFont', 'GlobalSansSerif.CompositeFont', 'GlobalSerif.CompositeFont', 'GlobalUserInterface.CompositeFont', 'GLSNECB.TTF', 'GOTHIC.TTF', 'GOTHICB.TTF', 'GOTHICBI.TTF', 'GOTHICI.TTF', 'GOUDOS.TTF', 'GOUDOSB.TTF', 'GOUDOSI.TTF', 'GOUDYSTO.TTF', 'h8514fix.fon', 'h8514oem.fon', 'h8514sys.fon', 'HARLOWSI.TTF', 'HARNGTON.TTF', 'HATTEN.TTF', 'HGB1X_CNKI.ttf', 'HGB1_CNKI.ttf', 'HGB2X_CNKI.ttf', 'HGB2_CNKI.ttf', 'HGB3X_CNKI.ttf', 'HGB3_CNKI.ttf', 'HGB4X_CNKI.ttf', 'HGB4_CNKI.ttf', 'HGB5X_CNKI.ttf', 'HGB5_CNKI.ttf', 'HGB6X_CNKI.ttf', 'HGB6_CNKI.ttf', 'HGB7X_CNKI.ttf', 'HGB7_CNKI.ttf', 'HGB8X_CNKI.ttf', 'HGB8_CNKI.ttf', 'HGBD_CNKI.ttf', 'HGBKBX_CNKI.ttf', 'HGBKB_CNKI.ttf', 'HGBKHX_CNKI.ttf', 'HGBKH_CNKI.ttf', 'HGBS1_CNKI.TTF', 'HGBS2_CNKI.TTF', 'HGBS_CNKI.TTF', 'HGBTH_CNKI.TTF', 'HGBTS_CNKI.TTF', 'HGBX_CNKI.ttf', 'HGBZ_CNKI.ttf', 'HGCH_CNKI.TTF', 'HGCUH_CNKI.TTF', 'HGCY_CNKI.TTF', 'HGDBS_CNKI.TTF', 'HGDGY_CNKI.TTF', 'HGDH2_CNKI.TTF', 'HGDH_CNKI.TTF', 'HGDYS_CNKI.TTF', 'HGDY_CNKI.ttf', 'HGF1X_CNKI.ttf', 'HGF1_CNKI.ttf', 'HGF2X_CNKI.ttf', 'HGF2_CNKI.ttf', 'HGF3_CNKI.ttf', 'HGF4X_CNKI.ttf', 'HGF4_CNKI.ttf', 'HGF5X_CNKI.ttf', 'HGF5_CNKI.ttf', 'HGF6X_CNKI.ttf', 'HGF6_CNKI.ttf', 'HGF7X_CNKI.ttf', 'HGF7_CNKI.ttf', 'HGF8_CNKI.ttf', 'HGF9X_CNKI.ttf', 'HGF9_CNKI.ttf', 'HGFS1_CNKI.TTF', 'HGFS2_CNKI.TTF', 'HGFSH_CNKI.TTF', 'HGFS_CNKI.TTF', 'HGFX_CNKI.ttf', 'HGFZ_CNKI.ttf', 'HGGG_CNKI.TTF', 'HGH1X_CNKI.ttf', 'HGH1_CNKI.ttf', 'HGH2X_CNKI.ttf', 'HGH2_CNKI.ttf', 'HGH3X_CNKI.ttf', 'HGH3_CNKI.ttf', 'HGH4X_CNKI.ttf', 'HGH4_CNKI.ttf', 'HGH5X_CNKI.ttf', 'HGH5_CNKI.ttf', 'HGH6X_CNKI.ttf', 'HGH6_CNKI.ttf', 'HGH7X_CNKI.ttf', 'HGH7_CNKI.ttf', 'HGHB_CNKI.TTF', 'HGHD_CNKI.ttf', 'HGHP_CNKI.TTF', 'HGHT1_CNKI.ttf', 'HGHT2_CNKI.ttf', 'HGHUATI_CNKI.ttf', 'HGHX_CNKI.ttf', 'HGHZ_CNKI.ttf', 'HGH_CNKI.TTF', 'HGKT1_CNKI.TTF', 'HGKT2_CNKI.TTF', 'HGKT_CNKI.TTF', 'HGKY_CNKI.ttf', 'HGLB_CNKI.TTF', 'HGLS_CNKI.TTF', 'HGMH_CNKI.TTF', 'HGNBS_CNKI.ttf', 'HGOCR_CNKI.ttf', 'HGPH_CNKI.TTF', 'HGPTY_CNKI.TTF', 'HGSS1_CNKI.TTF', 'HGSS2_CNKI.TTF', 'HGSS_CNKI.TTF', 'HGSXT_CNKI.ttf', 'HGTT_CNKI.ttf', 'HGTX_CNKI.TTF', 'HGWT_CNKI.TTF', 'HGWYS_CNKI.TTF', 'HGX1X_CNKI.ttf', 'HGX1_CNKI.ttf', 'HGXBS_CNKI.TTF', 'HGXC_CNKI.TTF', 'HGXF1_CNKI.ttf', 'HGXFX_CNKI.ttf', 'HGXFZ_CNKI.ttf', 'HGXH1_CNKI.TTF', 'HGXH_CNKI.TTF', 'HGXK_CNKI.TTF', 'HGXL_CNKI.TTF', 'HGXS_CNKI.TTF', 'HGXT_CNKI.ttf', 'HGXY_CNKI.ttf', 'HGY1_CNKI.TTF', 'HGY2_CNKI.TTF', 'HGY3_CNKI.TTF', 'HGY4_CNKI.TTF', 'HGYB_CNKI.ttf', 'HGYT1_CNKI.ttf', 'HGYT2_CNKI.ttf', 'HGYT_CNKI.TTF', 'HGYX_CNKI.TTF', 'HGZCS_CNKI.TTF', 'HGZDX_CNKI.TTF', 'HGZK_CNKI.TTF', 'HGZYT_CNKI.TTF', 'HGZY_CNKI.TTF', 'himalaya.ttf', 'holomdl2.ttf', 'HTOWERT.TTF', 'HTOWERTI.TTF', 'hvgafix.fon', 'hvgasys.fon', 'impact.ttf', 'IMPRISHA.TTF', 'INFROMAN.TTF', 'Inkfree.ttf', 'iqiyi_logov7.ttf', 'ITCBLKAD.TTF', 'ITCEDSCR.TTF', 'ITCKRIST.TTF', 'j8514fix.fon', 'j8514oem.fon', 'j8514sys.fon', 'javatext.ttf', 'JOKERMAN.TTF', 'jsmalle.fon', 'jsmallf.fon', 'JUICE___.TTF', 'jvgafix.fon', 'jvgasys.fon', 'KUNSTLER.TTF', 'LATINWD.TTF', 'LBRITE.TTF', 'LBRITED.TTF', 'LBRITEDI.TTF', 'LBRITEI.TTF', 'LCALLIG.TTF', 'LeelaUIb.ttf', 'LeelawUI.ttf', 'LeelUIsl.ttf', 'LFAX.TTF', 'LFAXD.TTF', 'LFAXDI.TTF', 'LFAXI.TTF', 'LHANDW.TTF', 'LSANS.TTF', 'LSANSD.TTF', 'LSANSDI.TTF', 'LSANSI.TTF', 'LTYPE.TTF', 'LTYPEB.TTF', 'LTYPEBO.TTF', 'LTYPEO.TTF', 'lucon.ttf', 'l_10646.ttf', 'MAGNETOB.TTF', 'MAIAN.TTF', 'malgun.ttf', 'malgunbd.ttf', 'malgunsl.ttf', 'marlett.ttf', 'MATURASC.TTF', 'micross.ttf', 'mingliub.ttc', 'MISTRAL.TTF', 'mmrtext.ttf', 'mmrtextb.ttf', 'MOD20.TTF', 'modern.fon', 'monbaiti.ttf', 'msgothic.ttc', 'msjh.ttc', 'msjhbd.ttc', 'msjhl.ttc', 'msyh.ttc', 'msyhbd.ttc', 'msyhl.ttc', 'msyi.ttf', 'MTCORSVA.TTF', 'MTEXTRA.TTF', 'mvboli.ttf', 'NIAGENG.TTF', 'NIAGSOL.TTF', 'Nirmala.ttf', 'NirmalaB.ttf', 'NirmalaS.ttf', 'ntailu.ttf', 'ntailub.ttf', 'NumberOnly.ttf', 'OCRAEXT.TTF', 'OLDENGL.TTF', 'ONYX.TTF', 'OUTLOOK.TTF', 'pala.ttf', 'palab.ttf', 'palabi.ttf', 'palai.ttf', 'PALSCRI.TTF', 'PAPYRUS.TTF', 'PARCHM.TTF', 'PERBI___.TTF', 'PERB____.TTF', 'PERI____.TTF', 'PERTIBD.TTF', 'PERTILI.TTF', 'PER_____.TTF', 'phagspa.ttf', 'phagspab.ttf', 'PLAYBILL.TTF', 'POORICH.TTF', 'PRISTINA.TTF', 'RAGE.TTF', 'RAVIE.TTF', 'REFSAN.TTF', 'REFSPCL.TTF', 'ROCCB___.TTF', 'ROCC____.TTF', 'ROCK.TTF', 'ROCKB.TTF', 'ROCKBI.TTF', 'ROCKEB.TTF', 'ROCKI.TTF', 'roman.fon', 's8514fix.fon', 's8514oem.fon', 's8514sys.fon', 'SCHLBKB.TTF', 'SCHLBKBI.TTF', 'SCHLBKI.TTF', 'script.fon', 'SCRIPTBL.TTF', 'segmdl2.ttf', 'SegoeIcons.ttf', 'segoepr.ttf', 'segoeprb.ttf', 'segoesc.ttf', 'segoescb.ttf', 'segoeui.ttf', 'segoeuib.ttf', 'segoeuii.ttf', 'segoeuil.ttf', 'segoeuisl.ttf', 'segoeuiz.ttf', 'seguibl.ttf', 'seguibli.ttf', 'seguiemj.ttf', 'seguihis.ttf', 'seguili.ttf', 'seguisb.ttf', 'seguisbi.ttf', 'seguisli.ttf', 'seguisym.ttf', 'SegUIVar.ttf', 'sere1255.fon', 'sere1256.fon', 'sere1257.fon', 'serf1255.fon', 'serf1256.fon', 'serf1257.fon', 'serife.fon', 'serifee.fon', 'serifeg.fon', 'serifer.fon', 'serifet.fon', 'seriff.fon', 'seriffe.fon', 'seriffg.fon', 'seriffr.fon', 'serifft.fon', 'SHOWG.TTF', 'simfang.ttf', 'simhei.ttf', 'simkai.ttf', 'SIMLI.TTF', 'simsun.ttc', 'simsunb.ttf', 'SIMYOU.TTF', 'SitkaVF-Italic.ttf', 'SitkaVF.ttf', 'smae1255.fon', 'smae1256.fon', 'smae1257.fon', 'smaf1255.fon', 'smaf1256.fon', 'smaf1257.fon', 'smalle.fon', 'smallee.fon', 'smalleg.fon', 'smaller.fon', 'smallet.fon', 'smallf.fon', 'smallfe.fon', 'smallfg.fon', 'smallfr.fon', 'smallft.fon', 'SNAP____.TTF', 'ssee1255.fon', 'ssee1256.fon', 'ssee1257.fon', 'ssee874.fon', 'ssef1255.fon', 'ssef1256.fon', 'ssef1257.fon', 'ssef874.fon', 'sserife.fon', 'sserifee.fon', 'sserifeg.fon', 'sserifer.fon', 'sserifet.fon', 'sseriff.fon', 'sseriffe.fon', 'sseriffg.fon', 'sseriffr.fon', 'sserifft.fon', 'StaticCache.dat', 'STCAIYUN.TTF', 'STENCIL.TTF', 'STFANGSO.TTF', 'STHUPO.TTF', 'STKAITI.TTF', 'STLITI.TTF', 'STSONG.TTF', 'STXIHEI.TTF', 'STXINGKA.TTF', 'STXINWEI.TTF', 'STZHONGS.TTF', 'svgafix.fon', 'svgasys.fon', 'sylfaen.ttf', 'symbol.ttf', 'tahoma.ttf', 'tahomabd.ttf', 'taile.ttf', 'taileb.ttf', 'TCBI____.TTF', 'TCB_____.TTF', 'TCCB____.TTF', 'TCCEB.TTF', 'TCCM____.TTF', 'TCMI____.TTF', 'TCM_____.TTF', 'TEMPSITC.TTF', 'times.ttf', 'timesbd.ttf', 'timesbi.ttf', 'timesi.ttf', 'trebuc.ttf', 'trebucbd.ttf', 'trebucbi.ttf', 'trebucit.ttf', 'verdana.ttf', 'verdanab.ttf', 'verdanai.ttf', 'verdanaz.ttf', 'vga737.fon', 'vga775.fon', 'vga850.fon', 'vga852.fon', 'vga855.fon', 'vga857.fon', 'vga860.fon', 'vga861.fon', 'vga863.fon', 'vga865.fon', 'vga866.fon', 'vga869.fon', 'vga932.fon', 'vga936.fon', 'vga949.fon', 'vga950.fon', 'vgaf1255.fon', 'vgaf1256.fon', 'vgaf1257.fon', 'vgaf874.fon', 'vgafix.fon', 'vgafixe.fon', 'vgafixg.fon', 'vgafixr.fon', 'vgafixt.fon', 'vgaoem.fon', 'vgas1255.fon', 'vgas1256.fon', 'vgas1257.fon', 'vgas874.fon', 'vgasys.fon', 'vgasyse.fon', 'vgasysg.fon', 'vgasysr.fon', 'vgasyst.fon', 'VINERITC.TTF', 'VIVALDII.TTF', 'VLADIMIR.TTF', 'webdings.ttf', 'wingding.ttf', 'WINGDNG2.TTF', 'WINGDNG3.TTF', 'YuGothB.ttc', 'YuGothL.ttc', 'YuGothM.ttc', 'YuGothR.ttc', '\u534e\u5eb7\u65b9\u5706\u4f53W7.TTC', '\u65b9\u6b63\u7c97\u9ed1\u5b8b\u7b80\u4f53.ttf']
2023-09-27 15:57:52,369 - INFO - all fonts installed:['8514fix.fon', '8514fixe.fon', '8514fixg.fon', '8514fixr.fon', '8514fixt.fon', '8514oem.fon', '8514oeme.fon', '8514oemg.fon', '8514oemr.fon', '8514oemt.fon', '8514sys.fon', '8514syse.fon', '8514sysg.fon', '8514sysr.fon', '8514syst.fon', '85775.fon', '85855.fon', '85f1255.fon', '85f1256.fon', '85f1257.fon', '85f874.fon', '85s1255.fon', '85s1256.fon', '85s1257.fon', '85s874.fon', 'AGENCYB.TTF', 'AGENCYR.TTF', 'ALGER.TTF', 'ANTQUAB.TTF', 'ANTQUABI.TTF', 'ANTQUAI.TTF', 'app775.fon', 'app850.fon', 'app852.fon', 'app855.fon', 'app857.fon', 'app866.fon', 'app932.fon', 'app936.fon', 'app949.fon', 'app950.fon', 'arial.ttf', 'arialbd.ttf', 'arialbi.ttf', 'ariali.ttf', 'ARIALN.TTF', 'ARIALNB.TTF', 'ARIALNBI.TTF', 'ARIALNI.TTF', 'ariblk.ttf', 'ARLRDBD.TTF', 'AxureHandwriting-Bold.otf', 'AxureHandwriting-BoldItalic.otf', 'AxureHandwriting-Italic.otf', 'AxureHandwriting.otf', 'bahnschrift.ttf', 'BASKVILL.TTF', 'BAUHS93.TTF', 'BELL.TTF', 'BELLB.TTF', 'BELLI.TTF', 'BERNHC.TTF', 'BKANT.TTF', 'BOD_B.TTF', 'BOD_BI.TTF', 'BOD_BLAI.TTF', 'BOD_BLAR.TTF', 'BOD_CB.TTF', 'BOD_CBI.TTF', 'BOD_CI.TTF', 'BOD_CR.TTF', 'BOD_I.TTF', 'BOD_PSTC.TTF', 'BOD_R.TTF', 'BOOKOS.TTF', 'BOOKOSB.TTF', 'BOOKOSBI.TTF', 'BOOKOSI.TTF', 'BRADHITC.TTF', 'BRITANIC.TTF', 'BRLNSB.TTF', 'BRLNSDB.TTF', 'BRLNSR.TTF', 'BROADW.TTF', 'BRUSHSCI.TTF', 'BSSYM7.TTF', 'c8514fix.fon', 'c8514oem.fon', 'c8514sys.fon', 'calibri.ttf', 'calibrib.ttf', 'calibrii.ttf', 'calibril.ttf', 'calibrili.ttf', 'calibriz.ttf', 'CALIFB.TTF', 'CALIFI.TTF', 'CALIFR.TTF', 'CALIST.TTF', 'CALISTB.TTF', 'CALISTBI.TTF', 'CALISTI.TTF', 'cambria.ttc', 'cambriab.ttf', 'cambriai.ttf', 'cambriaz.ttf', 'Candara.ttf', 'Candarab.ttf', 'Candarai.ttf', 'Candaral.ttf', 'Candarali.ttf', 'Candaraz.ttf', 'CascadiaCode.ttf', 'CascadiaMono.ttf', 'CASTELAR.TTF', 'CENSCBK.TTF', 'CENTAUR.TTF', 'CENTURY.TTF', 'cga40737.fon', 'cga40850.fon', 'cga40852.fon', 'cga40857.fon', 'cga40866.fon', 'cga40869.fon', 'cga40woa.fon', 'cga80737.fon', 'cga80850.fon', 'cga80852.fon', 'cga80857.fon', 'cga80866.fon', 'cga80869.fon', 'cga80woa.fon', 'CHILLER.TTF', 'COLONNA.TTF', 'comic.ttf', 'comicbd.ttf', 'comici.ttf', 'comicz.ttf', 'consola.ttf', 'consolab.ttf', 'consolai.ttf', 'consolaz.ttf', 'constan.ttf', 'constanb.ttf', 'constani.ttf', 'constanz.ttf', 'COOPBL.TTF', 'COPRGTB.TTF', 'COPRGTL.TTF', 'corbel.ttf', 'corbelb.ttf', 'corbeli.ttf', 'corbell.ttf', 'corbelli.ttf', 'corbelz.ttf', 'coue1255.fon', 'coue1256.fon', 'coue1257.fon', 'couf1255.fon', 'couf1256.fon', 'couf1257.fon', 'cour.ttf', 'courbd.ttf', 'courbi.ttf', 'coure.fon', 'couree.fon', 'coureg.fon', 'courer.fon', 'couret.fon', 'courf.fon', 'courfe.fon', 'courfg.fon', 'courfr.fon', 'courft.fon', 'couri.ttf', 'CURLZ___.TTF', 'cvgafix.fon', 'cvgasys.fon', 'Deng.ttf', 'Dengb.ttf', 'Dengl.ttf', 'desktop.ini', 'dos737.fon', 'dos869.fon', 'dosapp.fon', 'DUBAI-BOLD.TTF', 'DUBAI-LIGHT.TTF', 'DUBAI-MEDIUM.TTF', 'DUBAI-REGULAR.TTF', 'ebrima.ttf', 'ebrimabd.ttf', 'ega40737.fon', 'ega40850.fon', 'ega40852.fon', 'ega40857.fon', 'ega40866.fon', 'ega40869.fon', 'ega40woa.fon', 'ega80737.fon', 'ega80850.fon', 'ega80852.fon', 'ega80857.fon', 'ega80866.fon', 'ega80869.fon', 'ega80woa.fon', 'ELEPHNT.TTF', 'ELEPHNTI.TTF', 'ENGR.TTF', 'ERASBD.TTF', 'ERASDEMI.TTF', 'ERASLGHT.TTF', 'ERASMD.TTF', 'FELIXTI.TTF', 'fms_metadata.xml', 'FORTE.TTF', 'FRABK.TTF', 'FRABKIT.TTF', 'FRADM.TTF', 'FRADMCN.TTF', 'FRADMIT.TTF', 'FRAHV.TTF', 'FRAHVIT.TTF', 'framd.ttf', 'FRAMDCN.TTF', 'framdit.ttf', 'FREESCPT.TTF', 'FRSCRIPT.TTF', 'FTLTLT.TTF', 'FZSTK.TTF', 'FZYTK.TTF', 'Gabriola.ttf', 'gadugi.ttf', 'gadugib.ttf', 'GARA.TTF', 'GARABD.TTF', 'GARAIT.TTF', 'georgia.ttf', 'georgiab.ttf', 'georgiai.ttf', 'georgiaz.ttf', 'GIGI.TTF', 'GILBI___.TTF', 'GILB____.TTF', 'GILC____.TTF', 'GILI____.TTF', 'GILLUBCD.TTF', 'GILSANUB.TTF', 'GIL_____.TTF', 'GLECB.TTF', 'GlobalMonospace.CompositeFont', 'GlobalSansSerif.CompositeFont', 'GlobalSerif.CompositeFont', 'GlobalUserInterface.CompositeFont', 'GLSNECB.TTF', 'GOTHIC.TTF', 'GOTHICB.TTF', 'GOTHICBI.TTF', 'GOTHICI.TTF', 'GOUDOS.TTF', 'GOUDOSB.TTF', 'GOUDOSI.TTF', 'GOUDYSTO.TTF', 'h8514fix.fon', 'h8514oem.fon', 'h8514sys.fon', 'HARLOWSI.TTF', 'HARNGTON.TTF', 'HATTEN.TTF', 'HGB1X_CNKI.ttf', 'HGB1_CNKI.ttf', 'HGB2X_CNKI.ttf', 'HGB2_CNKI.ttf', 'HGB3X_CNKI.ttf', 'HGB3_CNKI.ttf', 'HGB4X_CNKI.ttf', 'HGB4_CNKI.ttf', 'HGB5X_CNKI.ttf', 'HGB5_CNKI.ttf', 'HGB6X_CNKI.ttf', 'HGB6_CNKI.ttf', 'HGB7X_CNKI.ttf', 'HGB7_CNKI.ttf', 'HGB8X_CNKI.ttf', 'HGB8_CNKI.ttf', 'HGBD_CNKI.ttf', 'HGBKBX_CNKI.ttf', 'HGBKB_CNKI.ttf', 'HGBKHX_CNKI.ttf', 'HGBKH_CNKI.ttf', 'HGBS1_CNKI.TTF', 'HGBS2_CNKI.TTF', 'HGBS_CNKI.TTF', 'HGBTH_CNKI.TTF', 'HGBTS_CNKI.TTF', 'HGBX_CNKI.ttf', 'HGBZ_CNKI.ttf', 'HGCH_CNKI.TTF', 'HGCUH_CNKI.TTF', 'HGCY_CNKI.TTF', 'HGDBS_CNKI.TTF', 'HGDGY_CNKI.TTF', 'HGDH2_CNKI.TTF', 'HGDH_CNKI.TTF', 'HGDYS_CNKI.TTF', 'HGDY_CNKI.ttf', 'HGF1X_CNKI.ttf', 'HGF1_CNKI.ttf', 'HGF2X_CNKI.ttf', 'HGF2_CNKI.ttf', 'HGF3_CNKI.ttf', 'HGF4X_CNKI.ttf', 'HGF4_CNKI.ttf', 'HGF5X_CNKI.ttf', 'HGF5_CNKI.ttf', 'HGF6X_CNKI.ttf', 'HGF6_CNKI.ttf', 'HGF7X_CNKI.ttf', 'HGF7_CNKI.ttf', 'HGF8_CNKI.ttf', 'HGF9X_CNKI.ttf', 'HGF9_CNKI.ttf', 'HGFS1_CNKI.TTF', 'HGFS2_CNKI.TTF', 'HGFSH_CNKI.TTF', 'HGFS_CNKI.TTF', 'HGFX_CNKI.ttf', 'HGFZ_CNKI.ttf', 'HGGG_CNKI.TTF', 'HGH1X_CNKI.ttf', 'HGH1_CNKI.ttf', 'HGH2X_CNKI.ttf', 'HGH2_CNKI.ttf', 'HGH3X_CNKI.ttf', 'HGH3_CNKI.ttf', 'HGH4X_CNKI.ttf', 'HGH4_CNKI.ttf', 'HGH5X_CNKI.ttf', 'HGH5_CNKI.ttf', 'HGH6X_CNKI.ttf', 'HGH6_CNKI.ttf', 'HGH7X_CNKI.ttf', 'HGH7_CNKI.ttf', 'HGHB_CNKI.TTF', 'HGHD_CNKI.ttf', 'HGHP_CNKI.TTF', 'HGHT1_CNKI.ttf', 'HGHT2_CNKI.ttf', 'HGHUATI_CNKI.ttf', 'HGHX_CNKI.ttf', 'HGHZ_CNKI.ttf', 'HGH_CNKI.TTF', 'HGKT1_CNKI.TTF', 'HGKT2_CNKI.TTF', 'HGKT_CNKI.TTF', 'HGKY_CNKI.ttf', 'HGLB_CNKI.TTF', 'HGLS_CNKI.TTF', 'HGMH_CNKI.TTF', 'HGNBS_CNKI.ttf', 'HGOCR_CNKI.ttf', 'HGPH_CNKI.TTF', 'HGPTY_CNKI.TTF', 'HGSS1_CNKI.TTF', 'HGSS2_CNKI.TTF', 'HGSS_CNKI.TTF', 'HGSXT_CNKI.ttf', 'HGTT_CNKI.ttf', 'HGTX_CNKI.TTF', 'HGWT_CNKI.TTF', 'HGWYS_CNKI.TTF', 'HGX1X_CNKI.ttf', 'HGX1_CNKI.ttf', 'HGXBS_CNKI.TTF', 'HGXC_CNKI.TTF', 'HGXF1_CNKI.ttf', 'HGXFX_CNKI.ttf', 'HGXFZ_CNKI.ttf', 'HGXH1_CNKI.TTF', 'HGXH_CNKI.TTF', 'HGXK_CNKI.TTF', 'HGXL_CNKI.TTF', 'HGXS_CNKI.TTF', 'HGXT_CNKI.ttf', 'HGXY_CNKI.ttf', 'HGY1_CNKI.TTF', 'HGY2_CNKI.TTF', 'HGY3_CNKI.TTF', 'HGY4_CNKI.TTF', 'HGYB_CNKI.ttf', 'HGYT1_CNKI.ttf', 'HGYT2_CNKI.ttf', 'HGYT_CNKI.TTF', 'HGYX_CNKI.TTF', 'HGZCS_CNKI.TTF', 'HGZDX_CNKI.TTF', 'HGZK_CNKI.TTF', 'HGZYT_CNKI.TTF', 'HGZY_CNKI.TTF', 'himalaya.ttf', 'holomdl2.ttf', 'HTOWERT.TTF', 'HTOWERTI.TTF', 'hvgafix.fon', 'hvgasys.fon', 'impact.ttf', 'IMPRISHA.TTF', 'INFROMAN.TTF', 'Inkfree.ttf', 'iqiyi_logov7.ttf', 'ITCBLKAD.TTF', 'ITCEDSCR.TTF', 'ITCKRIST.TTF', 'j8514fix.fon', 'j8514oem.fon', 'j8514sys.fon', 'javatext.ttf', 'JOKERMAN.TTF', 'jsmalle.fon', 'jsmallf.fon', 'JUICE___.TTF', 'jvgafix.fon', 'jvgasys.fon', 'KUNSTLER.TTF', 'LATINWD.TTF', 'LBRITE.TTF', 'LBRITED.TTF', 'LBRITEDI.TTF', 'LBRITEI.TTF', 'LCALLIG.TTF', 'LeelaUIb.ttf', 'LeelawUI.ttf', 'LeelUIsl.ttf', 'LFAX.TTF', 'LFAXD.TTF', 'LFAXDI.TTF', 'LFAXI.TTF', 'LHANDW.TTF', 'LSANS.TTF', 'LSANSD.TTF', 'LSANSDI.TTF', 'LSANSI.TTF', 'LTYPE.TTF', 'LTYPEB.TTF', 'LTYPEBO.TTF', 'LTYPEO.TTF', 'lucon.ttf', 'l_10646.ttf', 'MAGNETOB.TTF', 'MAIAN.TTF', 'malgun.ttf', 'malgunbd.ttf', 'malgunsl.ttf', 'marlett.ttf', 'MATURASC.TTF', 'micross.ttf', 'mingliub.ttc', 'MISTRAL.TTF', 'mmrtext.ttf', 'mmrtextb.ttf', 'MOD20.TTF', 'modern.fon', 'monbaiti.ttf', 'msgothic.ttc', 'msjh.ttc', 'msjhbd.ttc', 'msjhl.ttc', 'msyh.ttc', 'msyhbd.ttc', 'msyhl.ttc', 'msyi.ttf', 'MTCORSVA.TTF', 'MTEXTRA.TTF', 'mvboli.ttf', 'NIAGENG.TTF', 'NIAGSOL.TTF', 'Nirmala.ttf', 'NirmalaB.ttf', 'NirmalaS.ttf', 'ntailu.ttf', 'ntailub.ttf', 'NumberOnly.ttf', 'OCRAEXT.TTF', 'OLDENGL.TTF', 'ONYX.TTF', 'OUTLOOK.TTF', 'pala.ttf', 'palab.ttf', 'palabi.ttf', 'palai.ttf', 'PALSCRI.TTF', 'PAPYRUS.TTF', 'PARCHM.TTF', 'PERBI___.TTF', 'PERB____.TTF', 'PERI____.TTF', 'PERTIBD.TTF', 'PERTILI.TTF', 'PER_____.TTF', 'phagspa.ttf', 'phagspab.ttf', 'PLAYBILL.TTF', 'POORICH.TTF', 'PRISTINA.TTF', 'RAGE.TTF', 'RAVIE.TTF', 'REFSAN.TTF', 'REFSPCL.TTF', 'ROCCB___.TTF', 'ROCC____.TTF', 'ROCK.TTF', 'ROCKB.TTF', 'ROCKBI.TTF', 'ROCKEB.TTF', 'ROCKI.TTF', 'roman.fon', 's8514fix.fon', 's8514oem.fon', 's8514sys.fon', 'SCHLBKB.TTF', 'SCHLBKBI.TTF', 'SCHLBKI.TTF', 'script.fon', 'SCRIPTBL.TTF', 'segmdl2.ttf', 'SegoeIcons.ttf', 'segoepr.ttf', 'segoeprb.ttf', 'segoesc.ttf', 'segoescb.ttf', 'segoeui.ttf', 'segoeuib.ttf', 'segoeuii.ttf', 'segoeuil.ttf', 'segoeuisl.ttf', 'segoeuiz.ttf', 'seguibl.ttf', 'seguibli.ttf', 'seguiemj.ttf', 'seguihis.ttf', 'seguili.ttf', 'seguisb.ttf', 'seguisbi.ttf', 'seguisli.ttf', 'seguisym.ttf', 'SegUIVar.ttf', 'sere1255.fon', 'sere1256.fon', 'sere1257.fon', 'serf1255.fon', 'serf1256.fon', 'serf1257.fon', 'serife.fon', 'serifee.fon', 'serifeg.fon', 'serifer.fon', 'serifet.fon', 'seriff.fon', 'seriffe.fon', 'seriffg.fon', 'seriffr.fon', 'serifft.fon', 'SHOWG.TTF', 'simfang.ttf', 'simhei.ttf', 'simkai.ttf', 'SIMLI.TTF', 'simsun.ttc', 'simsunb.ttf', 'SIMYOU.TTF', 'SitkaVF-Italic.ttf', 'SitkaVF.ttf', 'smae1255.fon', 'smae1256.fon', 'smae1257.fon', 'smaf1255.fon', 'smaf1256.fon', 'smaf1257.fon', 'smalle.fon', 'smallee.fon', 'smalleg.fon', 'smaller.fon', 'smallet.fon', 'smallf.fon', 'smallfe.fon', 'smallfg.fon', 'smallfr.fon', 'smallft.fon', 'SNAP____.TTF', 'ssee1255.fon', 'ssee1256.fon', 'ssee1257.fon', 'ssee874.fon', 'ssef1255.fon', 'ssef1256.fon', 'ssef1257.fon', 'ssef874.fon', 'sserife.fon', 'sserifee.fon', 'sserifeg.fon', 'sserifer.fon', 'sserifet.fon', 'sseriff.fon', 'sseriffe.fon', 'sseriffg.fon', 'sseriffr.fon', 'sserifft.fon', 'StaticCache.dat', 'STCAIYUN.TTF', 'STENCIL.TTF', 'STFANGSO.TTF', 'STHUPO.TTF', 'STKAITI.TTF', 'STLITI.TTF', 'STSONG.TTF', 'STXIHEI.TTF', 'STXINGKA.TTF', 'STXINWEI.TTF', 'STZHONGS.TTF', 'svgafix.fon', 'svgasys.fon', 'sylfaen.ttf', 'symbol.ttf', 'tahoma.ttf', 'tahomabd.ttf', 'taile.ttf', 'taileb.ttf', 'TCBI____.TTF', 'TCB_____.TTF', 'TCCB____.TTF', 'TCCEB.TTF', 'TCCM____.TTF', 'TCMI____.TTF', 'TCM_____.TTF', 'TEMPSITC.TTF', 'times.ttf', 'timesbd.ttf', 'timesbi.ttf', 'timesi.ttf', 'trebuc.ttf', 'trebucbd.ttf', 'trebucbi.ttf', 'trebucit.ttf', 'verdana.ttf', 'verdanab.ttf', 'verdanai.ttf', 'verdanaz.ttf', 'vga737.fon', 'vga775.fon', 'vga850.fon', 'vga852.fon', 'vga855.fon', 'vga857.fon', 'vga860.fon', 'vga861.fon', 'vga863.fon', 'vga865.fon', 'vga866.fon', 'vga869.fon', 'vga932.fon', 'vga936.fon', 'vga949.fon', 'vga950.fon', 'vgaf1255.fon', 'vgaf1256.fon', 'vgaf1257.fon', 'vgaf874.fon', 'vgafix.fon', 'vgafixe.fon', 'vgafixg.fon', 'vgafixr.fon', 'vgafixt.fon', 'vgaoem.fon', 'vgas1255.fon', 'vgas1256.fon', 'vgas1257.fon', 'vgas874.fon', 'vgasys.fon', 'vgasyse.fon', 'vgasysg.fon', 'vgasysr.fon', 'vgasyst.fon', 'VINERITC.TTF', 'VIVALDII.TTF', 'VLADIMIR.TTF', 'webdings.ttf', 'wingding.ttf', 'WINGDNG2.TTF', 'WINGDNG3.TTF', 'YuGothB.ttc', 'YuGothL.ttc', 'YuGothM.ttc', 'YuGothR.ttc', '\u534e\u5eb7\u65b9\u5706\u4f53W7.TTC', '\u65b9\u6b63\u7c97\u9ed1\u5b8b\u7b80\u4f53.ttf']
2023-09-27 15:57:52,374 - INFO - all fonts installed:['8514fix.fon', '8514fixe.fon', '8514fixg.fon', '8514fixr.fon', '8514fixt.fon', '8514oem.fon', '8514oeme.fon', '8514oemg.fon', '8514oemr.fon', '8514oemt.fon', '8514sys.fon', '8514syse.fon', '8514sysg.fon', '8514sysr.fon', '8514syst.fon', '85775.fon', '85855.fon', '85f1255.fon', '85f1256.fon', '85f1257.fon', '85f874.fon', '85s1255.fon', '85s1256.fon', '85s1257.fon', '85s874.fon', 'AGENCYB.TTF', 'AGENCYR.TTF', 'ALGER.TTF', 'ANTQUAB.TTF', 'ANTQUABI.TTF', 'ANTQUAI.TTF', 'app775.fon', 'app850.fon', 'app852.fon', 'app855.fon', 'app857.fon', 'app866.fon', 'app932.fon', 'app936.fon', 'app949.fon', 'app950.fon', 'arial.ttf', 'arialbd.ttf', 'arialbi.ttf', 'ariali.ttf', 'ARIALN.TTF', 'ARIALNB.TTF', 'ARIALNBI.TTF', 'ARIALNI.TTF', 'ariblk.ttf', 'ARLRDBD.TTF', 'AxureHandwriting-Bold.otf', 'AxureHandwriting-BoldItalic.otf', 'AxureHandwriting-Italic.otf', 'AxureHandwriting.otf', 'bahnschrift.ttf', 'BASKVILL.TTF', 'BAUHS93.TTF', 'BELL.TTF', 'BELLB.TTF', 'BELLI.TTF', 'BERNHC.TTF', 'BKANT.TTF', 'BOD_B.TTF', 'BOD_BI.TTF', 'BOD_BLAI.TTF', 'BOD_BLAR.TTF', 'BOD_CB.TTF', 'BOD_CBI.TTF', 'BOD_CI.TTF', 'BOD_CR.TTF', 'BOD_I.TTF', 'BOD_PSTC.TTF', 'BOD_R.TTF', 'BOOKOS.TTF', 'BOOKOSB.TTF', 'BOOKOSBI.TTF', 'BOOKOSI.TTF', 'BRADHITC.TTF', 'BRITANIC.TTF', 'BRLNSB.TTF', 'BRLNSDB.TTF', 'BRLNSR.TTF', 'BROADW.TTF', 'BRUSHSCI.TTF', 'BSSYM7.TTF', 'c8514fix.fon', 'c8514oem.fon', 'c8514sys.fon', 'calibri.ttf', 'calibrib.ttf', 'calibrii.ttf', 'calibril.ttf', 'calibrili.ttf', 'calibriz.ttf', 'CALIFB.TTF', 'CALIFI.TTF', 'CALIFR.TTF', 'CALIST.TTF', 'CALISTB.TTF', 'CALISTBI.TTF', 'CALISTI.TTF', 'cambria.ttc', 'cambriab.ttf', 'cambriai.ttf', 'cambriaz.ttf', 'Candara.ttf', 'Candarab.ttf', 'Candarai.ttf', 'Candaral.ttf', 'Candarali.ttf', 'Candaraz.ttf', 'CascadiaCode.ttf', 'CascadiaMono.ttf', 'CASTELAR.TTF', 'CENSCBK.TTF', 'CENTAUR.TTF', 'CENTURY.TTF', 'cga40737.fon', 'cga40850.fon', 'cga40852.fon', 'cga40857.fon', 'cga40866.fon', 'cga40869.fon', 'cga40woa.fon', 'cga80737.fon', 'cga80850.fon', 'cga80852.fon', 'cga80857.fon', 'cga80866.fon', 'cga80869.fon', 'cga80woa.fon', 'CHILLER.TTF', 'COLONNA.TTF', 'comic.ttf', 'comicbd.ttf', 'comici.ttf', 'comicz.ttf', 'consola.ttf', 'consolab.ttf', 'consolai.ttf', 'consolaz.ttf', 'constan.ttf', 'constanb.ttf', 'constani.ttf', 'constanz.ttf', 'COOPBL.TTF', 'COPRGTB.TTF', 'COPRGTL.TTF', 'corbel.ttf', 'corbelb.ttf', 'corbeli.ttf', 'corbell.ttf', 'corbelli.ttf', 'corbelz.ttf', 'coue1255.fon', 'coue1256.fon', 'coue1257.fon', 'couf1255.fon', 'couf1256.fon', 'couf1257.fon', 'cour.ttf', 'courbd.ttf', 'courbi.ttf', 'coure.fon', 'couree.fon', 'coureg.fon', 'courer.fon', 'couret.fon', 'courf.fon', 'courfe.fon', 'courfg.fon', 'courfr.fon', 'courft.fon', 'couri.ttf', 'CURLZ___.TTF', 'cvgafix.fon', 'cvgasys.fon', 'Deng.ttf', 'Dengb.ttf', 'Dengl.ttf', 'desktop.ini', 'dos737.fon', 'dos869.fon', 'dosapp.fon', 'DUBAI-BOLD.TTF', 'DUBAI-LIGHT.TTF', 'DUBAI-MEDIUM.TTF', 'DUBAI-REGULAR.TTF', 'ebrima.ttf', 'ebrimabd.ttf', 'ega40737.fon', 'ega40850.fon', 'ega40852.fon', 'ega40857.fon', 'ega40866.fon', 'ega40869.fon', 'ega40woa.fon', 'ega80737.fon', 'ega80850.fon', 'ega80852.fon', 'ega80857.fon', 'ega80866.fon', 'ega80869.fon', 'ega80woa.fon', 'ELEPHNT.TTF', 'ELEPHNTI.TTF', 'ENGR.TTF', 'ERASBD.TTF', 'ERASDEMI.TTF', 'ERASLGHT.TTF', 'ERASMD.TTF', 'FELIXTI.TTF', 'fms_metadata.xml', 'FORTE.TTF', 'FRABK.TTF', 'FRABKIT.TTF', 'FRADM.TTF', 'FRADMCN.TTF', 'FRADMIT.TTF', 'FRAHV.TTF', 'FRAHVIT.TTF', 'framd.ttf', 'FRAMDCN.TTF', 'framdit.ttf', 'FREESCPT.TTF', 'FRSCRIPT.TTF', 'FTLTLT.TTF', 'FZSTK.TTF', 'FZYTK.TTF', 'Gabriola.ttf', 'gadugi.ttf', 'gadugib.ttf', 'GARA.TTF', 'GARABD.TTF', 'GARAIT.TTF', 'georgia.ttf', 'georgiab.ttf', 'georgiai.ttf', 'georgiaz.ttf', 'GIGI.TTF', 'GILBI___.TTF', 'GILB____.TTF', 'GILC____.TTF', 'GILI____.TTF', 'GILLUBCD.TTF', 'GILSANUB.TTF', 'GIL_____.TTF', 'GLECB.TTF', 'GlobalMonospace.CompositeFont', 'GlobalSansSerif.CompositeFont', 'GlobalSerif.CompositeFont', 'GlobalUserInterface.CompositeFont', 'GLSNECB.TTF', 'GOTHIC.TTF', 'GOTHICB.TTF', 'GOTHICBI.TTF', 'GOTHICI.TTF', 'GOUDOS.TTF', 'GOUDOSB.TTF', 'GOUDOSI.TTF', 'GOUDYSTO.TTF', 'h8514fix.fon', 'h8514oem.fon', 'h8514sys.fon', 'HARLOWSI.TTF', 'HARNGTON.TTF', 'HATTEN.TTF', 'HGB1X_CNKI.ttf', 'HGB1_CNKI.ttf', 'HGB2X_CNKI.ttf', 'HGB2_CNKI.ttf', 'HGB3X_CNKI.ttf', 'HGB3_CNKI.ttf', 'HGB4X_CNKI.ttf', 'HGB4_CNKI.ttf', 'HGB5X_CNKI.ttf', 'HGB5_CNKI.ttf', 'HGB6X_CNKI.ttf', 'HGB6_CNKI.ttf', 'HGB7X_CNKI.ttf', 'HGB7_CNKI.ttf', 'HGB8X_CNKI.ttf', 'HGB8_CNKI.ttf', 'HGBD_CNKI.ttf', 'HGBKBX_CNKI.ttf', 'HGBKB_CNKI.ttf', 'HGBKHX_CNKI.ttf', 'HGBKH_CNKI.ttf', 'HGBS1_CNKI.TTF', 'HGBS2_CNKI.TTF', 'HGBS_CNKI.TTF', 'HGBTH_CNKI.TTF', 'HGBTS_CNKI.TTF', 'HGBX_CNKI.ttf', 'HGBZ_CNKI.ttf', 'HGCH_CNKI.TTF', 'HGCUH_CNKI.TTF', 'HGCY_CNKI.TTF', 'HGDBS_CNKI.TTF', 'HGDGY_CNKI.TTF', 'HGDH2_CNKI.TTF', 'HGDH_CNKI.TTF', 'HGDYS_CNKI.TTF', 'HGDY_CNKI.ttf', 'HGF1X_CNKI.ttf', 'HGF1_CNKI.ttf', 'HGF2X_CNKI.ttf', 'HGF2_CNKI.ttf', 'HGF3_CNKI.ttf', 'HGF4X_CNKI.ttf', 'HGF4_CNKI.ttf', 'HGF5X_CNKI.ttf', 'HGF5_CNKI.ttf', 'HGF6X_CNKI.ttf', 'HGF6_CNKI.ttf', 'HGF7X_CNKI.ttf', 'HGF7_CNKI.ttf', 'HGF8_CNKI.ttf', 'HGF9X_CNKI.ttf', 'HGF9_CNKI.ttf', 'HGFS1_CNKI.TTF', 'HGFS2_CNKI.TTF', 'HGFSH_CNKI.TTF', 'HGFS_CNKI.TTF', 'HGFX_CNKI.ttf', 'HGFZ_CNKI.ttf', 'HGGG_CNKI.TTF', 'HGH1X_CNKI.ttf', 'HGH1_CNKI.ttf', 'HGH2X_CNKI.ttf', 'HGH2_CNKI.ttf', 'HGH3X_CNKI.ttf', 'HGH3_CNKI.ttf', 'HGH4X_CNKI.ttf', 'HGH4_CNKI.ttf', 'HGH5X_CNKI.ttf', 'HGH5_CNKI.ttf', 'HGH6X_CNKI.ttf', 'HGH6_CNKI.ttf', 'HGH7X_CNKI.ttf', 'HGH7_CNKI.ttf', 'HGHB_CNKI.TTF', 'HGHD_CNKI.ttf', 'HGHP_CNKI.TTF', 'HGHT1_CNKI.ttf', 'HGHT2_CNKI.ttf', 'HGHUATI_CNKI.ttf', 'HGHX_CNKI.ttf', 'HGHZ_CNKI.ttf', 'HGH_CNKI.TTF', 'HGKT1_CNKI.TTF', 'HGKT2_CNKI.TTF', 'HGKT_CNKI.TTF', 'HGKY_CNKI.ttf', 'HGLB_CNKI.TTF', 'HGLS_CNKI.TTF', 'HGMH_CNKI.TTF', 'HGNBS_CNKI.ttf', 'HGOCR_CNKI.ttf', 'HGPH_CNKI.TTF', 'HGPTY_CNKI.TTF', 'HGSS1_CNKI.TTF', 'HGSS2_CNKI.TTF', 'HGSS_CNKI.TTF', 'HGSXT_CNKI.ttf', 'HGTT_CNKI.ttf', 'HGTX_CNKI.TTF', 'HGWT_CNKI.TTF', 'HGWYS_CNKI.TTF', 'HGX1X_CNKI.ttf', 'HGX1_CNKI.ttf', 'HGXBS_CNKI.TTF', 'HGXC_CNKI.TTF', 'HGXF1_CNKI.ttf', 'HGXFX_CNKI.ttf', 'HGXFZ_CNKI.ttf', 'HGXH1_CNKI.TTF', 'HGXH_CNKI.TTF', 'HGXK_CNKI.TTF', 'HGXL_CNKI.TTF', 'HGXS_CNKI.TTF', 'HGXT_CNKI.ttf', 'HGXY_CNKI.ttf', 'HGY1_CNKI.TTF', 'HGY2_CNKI.TTF', 'HGY3_CNKI.TTF', 'HGY4_CNKI.TTF', 'HGYB_CNKI.ttf', 'HGYT1_CNKI.ttf', 'HGYT2_CNKI.ttf', 'HGYT_CNKI.TTF', 'HGYX_CNKI.TTF', 'HGZCS_CNKI.TTF', 'HGZDX_CNKI.TTF', 'HGZK_CNKI.TTF', 'HGZYT_CNKI.TTF', 'HGZY_CNKI.TTF', 'himalaya.ttf', 'holomdl2.ttf', 'HTOWERT.TTF', 'HTOWERTI.TTF', 'hvgafix.fon', 'hvgasys.fon', 'impact.ttf', 'IMPRISHA.TTF', 'INFROMAN.TTF', 'Inkfree.ttf', 'iqiyi_logov7.ttf', 'ITCBLKAD.TTF', 'ITCEDSCR.TTF', 'ITCKRIST.TTF', 'j8514fix.fon', 'j8514oem.fon', 'j8514sys.fon', 'javatext.ttf', 'JOKERMAN.TTF', 'jsmalle.fon', 'jsmallf.fon', 'JUICE___.TTF', 'jvgafix.fon', 'jvgasys.fon', 'KUNSTLER.TTF', 'LATINWD.TTF', 'LBRITE.TTF', 'LBRITED.TTF', 'LBRITEDI.TTF', 'LBRITEI.TTF', 'LCALLIG.TTF', 'LeelaUIb.ttf', 'LeelawUI.ttf', 'LeelUIsl.ttf', 'LFAX.TTF', 'LFAXD.TTF', 'LFAXDI.TTF', 'LFAXI.TTF', 'LHANDW.TTF', 'LSANS.TTF', 'LSANSD.TTF', 'LSANSDI.TTF', 'LSANSI.TTF', 'LTYPE.TTF', 'LTYPEB.TTF', 'LTYPEBO.TTF', 'LTYPEO.TTF', 'lucon.ttf', 'l_10646.ttf', 'MAGNETOB.TTF', 'MAIAN.TTF', 'malgun.ttf', 'malgunbd.ttf', 'malgunsl.ttf', 'marlett.ttf', 'MATURASC.TTF', 'micross.ttf', 'mingliub.ttc', 'MISTRAL.TTF', 'mmrtext.ttf', 'mmrtextb.ttf', 'MOD20.TTF', 'modern.fon', 'monbaiti.ttf', 'msgothic.ttc', 'msjh.ttc', 'msjhbd.ttc', 'msjhl.ttc', 'msyh.ttc', 'msyhbd.ttc', 'msyhl.ttc', 'msyi.ttf', 'MTCORSVA.TTF', 'MTEXTRA.TTF', 'mvboli.ttf', 'NIAGENG.TTF', 'NIAGSOL.TTF', 'Nirmala.ttf', 'NirmalaB.ttf', 'NirmalaS.ttf', 'ntailu.ttf', 'ntailub.ttf', 'NumberOnly.ttf', 'OCRAEXT.TTF', 'OLDENGL.TTF', 'ONYX.TTF', 'OUTLOOK.TTF', 'pala.ttf', 'palab.ttf', 'palabi.ttf', 'palai.ttf', 'PALSCRI.TTF', 'PAPYRUS.TTF', 'PARCHM.TTF', 'PERBI___.TTF', 'PERB____.TTF', 'PERI____.TTF', 'PERTIBD.TTF', 'PERTILI.TTF', 'PER_____.TTF', 'phagspa.ttf', 'phagspab.ttf', 'PLAYBILL.TTF', 'POORICH.TTF', 'PRISTINA.TTF', 'RAGE.TTF', 'RAVIE.TTF', 'REFSAN.TTF', 'REFSPCL.TTF', 'ROCCB___.TTF', 'ROCC____.TTF', 'ROCK.TTF', 'ROCKB.TTF', 'ROCKBI.TTF', 'ROCKEB.TTF', 'ROCKI.TTF', 'roman.fon', 's8514fix.fon', 's8514oem.fon', 's8514sys.fon', 'SCHLBKB.TTF', 'SCHLBKBI.TTF', 'SCHLBKI.TTF', 'script.fon', 'SCRIPTBL.TTF', 'segmdl2.ttf', 'SegoeIcons.ttf', 'segoepr.ttf', 'segoeprb.ttf', 'segoesc.ttf', 'segoescb.ttf', 'segoeui.ttf', 'segoeuib.ttf', 'segoeuii.ttf', 'segoeuil.ttf', 'segoeuisl.ttf', 'segoeuiz.ttf', 'seguibl.ttf', 'seguibli.ttf', 'seguiemj.ttf', 'seguihis.ttf', 'seguili.ttf', 'seguisb.ttf', 'seguisbi.ttf', 'seguisli.ttf', 'seguisym.ttf', 'SegUIVar.ttf', 'sere1255.fon', 'sere1256.fon', 'sere1257.fon', 'serf1255.fon', 'serf1256.fon', 'serf1257.fon', 'serife.fon', 'serifee.fon', 'serifeg.fon', 'serifer.fon', 'serifet.fon', 'seriff.fon', 'seriffe.fon', 'seriffg.fon', 'seriffr.fon', 'serifft.fon', 'SHOWG.TTF', 'simfang.ttf', 'simhei.ttf', 'simkai.ttf', 'SIMLI.TTF', 'simsun.ttc', 'simsunb.ttf', 'SIMYOU.TTF', 'SitkaVF-Italic.ttf', 'SitkaVF.ttf', 'smae1255.fon', 'smae1256.fon', 'smae1257.fon', 'smaf1255.fon', 'smaf1256.fon', 'smaf1257.fon', 'smalle.fon', 'smallee.fon', 'smalleg.fon', 'smaller.fon', 'smallet.fon', 'smallf.fon', 'smallfe.fon', 'smallfg.fon', 'smallfr.fon', 'smallft.fon', 'SNAP____.TTF', 'ssee1255.fon', 'ssee1256.fon', 'ssee1257.fon', 'ssee874.fon', 'ssef1255.fon', 'ssef1256.fon', 'ssef1257.fon', 'ssef874.fon', 'sserife.fon', 'sserifee.fon', 'sserifeg.fon', 'sserifer.fon', 'sserifet.fon', 'sseriff.fon', 'sseriffe.fon', 'sseriffg.fon', 'sseriffr.fon', 'sserifft.fon', 'StaticCache.dat', 'STCAIYUN.TTF', 'STENCIL.TTF', 'STFANGSO.TTF', 'STHUPO.TTF', 'STKAITI.TTF', 'STLITI.TTF', 'STSONG.TTF', 'STXIHEI.TTF', 'STXINGKA.TTF', 'STXINWEI.TTF', 'STZHONGS.TTF', 'svgafix.fon', 'svgasys.fon', 'sylfaen.ttf', 'symbol.ttf', 'tahoma.ttf', 'tahomabd.ttf', 'taile.ttf', 'taileb.ttf', 'TCBI____.TTF', 'TCB_____.TTF', 'TCCB____.TTF', 'TCCEB.TTF', 'TCCM____.TTF', 'TCMI____.TTF', 'TCM_____.TTF', 'TEMPSITC.TTF', 'times.ttf', 'timesbd.ttf', 'timesbi.ttf', 'timesi.ttf', 'trebuc.ttf', 'trebucbd.ttf', 'trebucbi.ttf', 'trebucit.ttf', 'verdana.ttf', 'verdanab.ttf', 'verdanai.ttf', 'verdanaz.ttf', 'vga737.fon', 'vga775.fon', 'vga850.fon', 'vga852.fon', 'vga855.fon', 'vga857.fon', 'vga860.fon', 'vga861.fon', 'vga863.fon', 'vga865.fon', 'vga866.fon', 'vga869.fon', 'vga932.fon', 'vga936.fon', 'vga949.fon', 'vga950.fon', 'vgaf1255.fon', 'vgaf1256.fon', 'vgaf1257.fon', 'vgaf874.fon', 'vgafix.fon', 'vgafixe.fon', 'vgafixg.fon', 'vgafixr.fon', 'vgafixt.fon', 'vgaoem.fon', 'vgas1255.fon', 'vgas1256.fon', 'vgas1257.fon', 'vgas874.fon', 'vgasys.fon', 'vgasyse.fon', 'vgasysg.fon', 'vgasysr.fon', 'vgasyst.fon', 'VINERITC.TTF', 'VIVALDII.TTF', 'VLADIMIR.TTF', 'webdings.ttf', 'wingding.ttf', 'WINGDNG2.TTF', 'WINGDNG3.TTF', 'YuGothB.ttc', 'YuGothL.ttc', 'YuGothM.ttc', 'YuGothR.ttc', '\u534e\u5eb7\u65b9\u5706\u4f53W7.TTC', '\u65b9\u6b63\u7c97\u9ed1\u5b8b\u7b80\u4f53.ttf']
2023-09-27 15:57:52,377 - INFO - all fonts installed:['8514fix.fon', '8514fixe.fon', '8514fixg.fon', '8514fixr.fon', '8514fixt.fon', '8514oem.fon', '8514oeme.fon', '8514oemg.fon', '8514oemr.fon', '8514oemt.fon', '8514sys.fon', '8514syse.fon', '8514sysg.fon', '8514sysr.fon', '8514syst.fon', '85775.fon', '85855.fon', '85f1255.fon', '85f1256.fon', '85f1257.fon', '85f874.fon', '85s1255.fon', '85s1256.fon', '85s1257.fon', '85s874.fon', 'AGENCYB.TTF', 'AGENCYR.TTF', 'ALGER.TTF', 'ANTQUAB.TTF', 'ANTQUABI.TTF', 'ANTQUAI.TTF', 'app775.fon', 'app850.fon', 'app852.fon', 'app855.fon', 'app857.fon', 'app866.fon', 'app932.fon', 'app936.fon', 'app949.fon', 'app950.fon', 'arial.ttf', 'arialbd.ttf', 'arialbi.ttf', 'ariali.ttf', 'ARIALN.TTF', 'ARIALNB.TTF', 'ARIALNBI.TTF', 'ARIALNI.TTF', 'ariblk.ttf', 'ARLRDBD.TTF', 'AxureHandwriting-Bold.otf', 'AxureHandwriting-BoldItalic.otf', 'AxureHandwriting-Italic.otf', 'AxureHandwriting.otf', 'bahnschrift.ttf', 'BASKVILL.TTF', 'BAUHS93.TTF', 'BELL.TTF', 'BELLB.TTF', 'BELLI.TTF', 'BERNHC.TTF', 'BKANT.TTF', 'BOD_B.TTF', 'BOD_BI.TTF', 'BOD_BLAI.TTF', 'BOD_BLAR.TTF', 'BOD_CB.TTF', 'BOD_CBI.TTF', 'BOD_CI.TTF', 'BOD_CR.TTF', 'BOD_I.TTF', 'BOD_PSTC.TTF', 'BOD_R.TTF', 'BOOKOS.TTF', 'BOOKOSB.TTF', 'BOOKOSBI.TTF', 'BOOKOSI.TTF', 'BRADHITC.TTF', 'BRITANIC.TTF', 'BRLNSB.TTF', 'BRLNSDB.TTF', 'BRLNSR.TTF', 'BROADW.TTF', 'BRUSHSCI.TTF', 'BSSYM7.TTF', 'c8514fix.fon', 'c8514oem.fon', 'c8514sys.fon', 'calibri.ttf', 'calibrib.ttf', 'calibrii.ttf', 'calibril.ttf', 'calibrili.ttf', 'calibriz.ttf', 'CALIFB.TTF', 'CALIFI.TTF', 'CALIFR.TTF', 'CALIST.TTF', 'CALISTB.TTF', 'CALISTBI.TTF', 'CALISTI.TTF', 'cambria.ttc', 'cambriab.ttf', 'cambriai.ttf', 'cambriaz.ttf', 'Candara.ttf', 'Candarab.ttf', 'Candarai.ttf', 'Candaral.ttf', 'Candarali.ttf', 'Candaraz.ttf', 'CascadiaCode.ttf', 'CascadiaMono.ttf', 'CASTELAR.TTF', 'CENSCBK.TTF', 'CENTAUR.TTF', 'CENTURY.TTF', 'cga40737.fon', 'cga40850.fon', 'cga40852.fon', 'cga40857.fon', 'cga40866.fon', 'cga40869.fon', 'cga40woa.fon', 'cga80737.fon', 'cga80850.fon', 'cga80852.fon', 'cga80857.fon', 'cga80866.fon', 'cga80869.fon', 'cga80woa.fon', 'CHILLER.TTF', 'COLONNA.TTF', 'comic.ttf', 'comicbd.ttf', 'comici.ttf', 'comicz.ttf', 'consola.ttf', 'consolab.ttf', 'consolai.ttf', 'consolaz.ttf', 'constan.ttf', 'constanb.ttf', 'constani.ttf', 'constanz.ttf', 'COOPBL.TTF', 'COPRGTB.TTF', 'COPRGTL.TTF', 'corbel.ttf', 'corbelb.ttf', 'corbeli.ttf', 'corbell.ttf', 'corbelli.ttf', 'corbelz.ttf', 'coue1255.fon', 'coue1256.fon', 'coue1257.fon', 'couf1255.fon', 'couf1256.fon', 'couf1257.fon', 'cour.ttf', 'courbd.ttf', 'courbi.ttf', 'coure.fon', 'couree.fon', 'coureg.fon', 'courer.fon', 'couret.fon', 'courf.fon', 'courfe.fon', 'courfg.fon', 'courfr.fon', 'courft.fon', 'couri.ttf', 'CURLZ___.TTF', 'cvgafix.fon', 'cvgasys.fon', 'Deng.ttf', 'Dengb.ttf', 'Dengl.ttf', 'desktop.ini', 'dos737.fon', 'dos869.fon', 'dosapp.fon', 'DUBAI-BOLD.TTF', 'DUBAI-LIGHT.TTF', 'DUBAI-MEDIUM.TTF', 'DUBAI-REGULAR.TTF', 'ebrima.ttf', 'ebrimabd.ttf', 'ega40737.fon', 'ega40850.fon', 'ega40852.fon', 'ega40857.fon', 'ega40866.fon', 'ega40869.fon', 'ega40woa.fon', 'ega80737.fon', 'ega80850.fon', 'ega80852.fon', 'ega80857.fon', 'ega80866.fon', 'ega80869.fon', 'ega80woa.fon', 'ELEPHNT.TTF', 'ELEPHNTI.TTF', 'ENGR.TTF', 'ERASBD.TTF', 'ERASDEMI.TTF', 'ERASLGHT.TTF', 'ERASMD.TTF', 'FELIXTI.TTF', 'fms_metadata.xml', 'FORTE.TTF', 'FRABK.TTF', 'FRABKIT.TTF', 'FRADM.TTF', 'FRADMCN.TTF', 'FRADMIT.TTF', 'FRAHV.TTF', 'FRAHVIT.TTF', 'framd.ttf', 'FRAMDCN.TTF', 'framdit.ttf', 'FREESCPT.TTF', 'FRSCRIPT.TTF', 'FTLTLT.TTF', 'FZSTK.TTF', 'FZYTK.TTF', 'Gabriola.ttf', 'gadugi.ttf', 'gadugib.ttf', 'GARA.TTF', 'GARABD.TTF', 'GARAIT.TTF', 'georgia.ttf', 'georgiab.ttf', 'georgiai.ttf', 'georgiaz.ttf', 'GIGI.TTF', 'GILBI___.TTF', 'GILB____.TTF', 'GILC____.TTF', 'GILI____.TTF', 'GILLUBCD.TTF', 'GILSANUB.TTF', 'GIL_____.TTF', 'GLECB.TTF', 'GlobalMonospace.CompositeFont', 'GlobalSansSerif.CompositeFont', 'GlobalSerif.CompositeFont', 'GlobalUserInterface.CompositeFont', 'GLSNECB.TTF', 'GOTHIC.TTF', 'GOTHICB.TTF', 'GOTHICBI.TTF', 'GOTHICI.TTF', 'GOUDOS.TTF', 'GOUDOSB.TTF', 'GOUDOSI.TTF', 'GOUDYSTO.TTF', 'h8514fix.fon', 'h8514oem.fon', 'h8514sys.fon', 'HARLOWSI.TTF', 'HARNGTON.TTF', 'HATTEN.TTF', 'HGB1X_CNKI.ttf', 'HGB1_CNKI.ttf', 'HGB2X_CNKI.ttf', 'HGB2_CNKI.ttf', 'HGB3X_CNKI.ttf', 'HGB3_CNKI.ttf', 'HGB4X_CNKI.ttf', 'HGB4_CNKI.ttf', 'HGB5X_CNKI.ttf', 'HGB5_CNKI.ttf', 'HGB6X_CNKI.ttf', 'HGB6_CNKI.ttf', 'HGB7X_CNKI.ttf', 'HGB7_CNKI.ttf', 'HGB8X_CNKI.ttf', 'HGB8_CNKI.ttf', 'HGBD_CNKI.ttf', 'HGBKBX_CNKI.ttf', 'HGBKB_CNKI.ttf', 'HGBKHX_CNKI.ttf', 'HGBKH_CNKI.ttf', 'HGBS1_CNKI.TTF', 'HGBS2_CNKI.TTF', 'HGBS_CNKI.TTF', 'HGBTH_CNKI.TTF', 'HGBTS_CNKI.TTF', 'HGBX_CNKI.ttf', 'HGBZ_CNKI.ttf', 'HGCH_CNKI.TTF', 'HGCUH_CNKI.TTF', 'HGCY_CNKI.TTF', 'HGDBS_CNKI.TTF', 'HGDGY_CNKI.TTF', 'HGDH2_CNKI.TTF', 'HGDH_CNKI.TTF', 'HGDYS_CNKI.TTF', 'HGDY_CNKI.ttf', 'HGF1X_CNKI.ttf', 'HGF1_CNKI.ttf', 'HGF2X_CNKI.ttf', 'HGF2_CNKI.ttf', 'HGF3_CNKI.ttf', 'HGF4X_CNKI.ttf', 'HGF4_CNKI.ttf', 'HGF5X_CNKI.ttf', 'HGF5_CNKI.ttf', 'HGF6X_CNKI.ttf', 'HGF6_CNKI.ttf', 'HGF7X_CNKI.ttf', 'HGF7_CNKI.ttf', 'HGF8_CNKI.ttf', 'HGF9X_CNKI.ttf', 'HGF9_CNKI.ttf', 'HGFS1_CNKI.TTF', 'HGFS2_CNKI.TTF', 'HGFSH_CNKI.TTF', 'HGFS_CNKI.TTF', 'HGFX_CNKI.ttf', 'HGFZ_CNKI.ttf', 'HGGG_CNKI.TTF', 'HGH1X_CNKI.ttf', 'HGH1_CNKI.ttf', 'HGH2X_CNKI.ttf', 'HGH2_CNKI.ttf', 'HGH3X_CNKI.ttf', 'HGH3_CNKI.ttf', 'HGH4X_CNKI.ttf', 'HGH4_CNKI.ttf', 'HGH5X_CNKI.ttf', 'HGH5_CNKI.ttf', 'HGH6X_CNKI.ttf', 'HGH6_CNKI.ttf', 'HGH7X_CNKI.ttf', 'HGH7_CNKI.ttf', 'HGHB_CNKI.TTF', 'HGHD_CNKI.ttf', 'HGHP_CNKI.TTF', 'HGHT1_CNKI.ttf', 'HGHT2_CNKI.ttf', 'HGHUATI_CNKI.ttf', 'HGHX_CNKI.ttf', 'HGHZ_CNKI.ttf', 'HGH_CNKI.TTF', 'HGKT1_CNKI.TTF', 'HGKT2_CNKI.TTF', 'HGKT_CNKI.TTF', 'HGKY_CNKI.ttf', 'HGLB_CNKI.TTF', 'HGLS_CNKI.TTF', 'HGMH_CNKI.TTF', 'HGNBS_CNKI.ttf', 'HGOCR_CNKI.ttf', 'HGPH_CNKI.TTF', 'HGPTY_CNKI.TTF', 'HGSS1_CNKI.TTF', 'HGSS2_CNKI.TTF', 'HGSS_CNKI.TTF', 'HGSXT_CNKI.ttf', 'HGTT_CNKI.ttf', 'HGTX_CNKI.TTF', 'HGWT_CNKI.TTF', 'HGWYS_CNKI.TTF', 'HGX1X_CNKI.ttf', 'HGX1_CNKI.ttf', 'HGXBS_CNKI.TTF', 'HGXC_CNKI.TTF', 'HGXF1_CNKI.ttf', 'HGXFX_CNKI.ttf', 'HGXFZ_CNKI.ttf', 'HGXH1_CNKI.TTF', 'HGXH_CNKI.TTF', 'HGXK_CNKI.TTF', 'HGXL_CNKI.TTF', 'HGXS_CNKI.TTF', 'HGXT_CNKI.ttf', 'HGXY_CNKI.ttf', 'HGY1_CNKI.TTF', 'HGY2_CNKI.TTF', 'HGY3_CNKI.TTF', 'HGY4_CNKI.TTF', 'HGYB_CNKI.ttf', 'HGYT1_CNKI.ttf', 'HGYT2_CNKI.ttf', 'HGYT_CNKI.TTF', 'HGYX_CNKI.TTF', 'HGZCS_CNKI.TTF', 'HGZDX_CNKI.TTF', 'HGZK_CNKI.TTF', 'HGZYT_CNKI.TTF', 'HGZY_CNKI.TTF', 'himalaya.ttf', 'holomdl2.ttf', 'HTOWERT.TTF', 'HTOWERTI.TTF', 'hvgafix.fon', 'hvgasys.fon', 'impact.ttf', 'IMPRISHA.TTF', 'INFROMAN.TTF', 'Inkfree.ttf', 'iqiyi_logov7.ttf', 'ITCBLKAD.TTF', 'ITCEDSCR.TTF', 'ITCKRIST.TTF', 'j8514fix.fon', 'j8514oem.fon', 'j8514sys.fon', 'javatext.ttf', 'JOKERMAN.TTF', 'jsmalle.fon', 'jsmallf.fon', 'JUICE___.TTF', 'jvgafix.fon', 'jvgasys.fon', 'KUNSTLER.TTF', 'LATINWD.TTF', 'LBRITE.TTF', 'LBRITED.TTF', 'LBRITEDI.TTF', 'LBRITEI.TTF', 'LCALLIG.TTF', 'LeelaUIb.ttf', 'LeelawUI.ttf', 'LeelUIsl.ttf', 'LFAX.TTF', 'LFAXD.TTF', 'LFAXDI.TTF', 'LFAXI.TTF', 'LHANDW.TTF', 'LSANS.TTF', 'LSANSD.TTF', 'LSANSDI.TTF', 'LSANSI.TTF', 'LTYPE.TTF', 'LTYPEB.TTF', 'LTYPEBO.TTF', 'LTYPEO.TTF', 'lucon.ttf', 'l_10646.ttf', 'MAGNETOB.TTF', 'MAIAN.TTF', 'malgun.ttf', 'malgunbd.ttf', 'malgunsl.ttf', 'marlett.ttf', 'MATURASC.TTF', 'micross.ttf', 'mingliub.ttc', 'MISTRAL.TTF', 'mmrtext.ttf', 'mmrtextb.ttf', 'MOD20.TTF', 'modern.fon', 'monbaiti.ttf', 'msgothic.ttc', 'msjh.ttc', 'msjhbd.ttc', 'msjhl.ttc', 'msyh.ttc', 'msyhbd.ttc', 'msyhl.ttc', 'msyi.ttf', 'MTCORSVA.TTF', 'MTEXTRA.TTF', 'mvboli.ttf', 'NIAGENG.TTF', 'NIAGSOL.TTF', 'Nirmala.ttf', 'NirmalaB.ttf', 'NirmalaS.ttf', 'ntailu.ttf', 'ntailub.ttf', 'NumberOnly.ttf', 'OCRAEXT.TTF', 'OLDENGL.TTF', 'ONYX.TTF', 'OUTLOOK.TTF', 'pala.ttf', 'palab.ttf', 'palabi.ttf', 'palai.ttf', 'PALSCRI.TTF', 'PAPYRUS.TTF', 'PARCHM.TTF', 'PERBI___.TTF', 'PERB____.TTF', 'PERI____.TTF', 'PERTIBD.TTF', 'PERTILI.TTF', 'PER_____.TTF', 'phagspa.ttf', 'phagspab.ttf', 'PLAYBILL.TTF', 'POORICH.TTF', 'PRISTINA.TTF', 'RAGE.TTF', 'RAVIE.TTF', 'REFSAN.TTF', 'REFSPCL.TTF', 'ROCCB___.TTF', 'ROCC____.TTF', 'ROCK.TTF', 'ROCKB.TTF', 'ROCKBI.TTF', 'ROCKEB.TTF', 'ROCKI.TTF', 'roman.fon', 's8514fix.fon', 's8514oem.fon', 's8514sys.fon', 'SCHLBKB.TTF', 'SCHLBKBI.TTF', 'SCHLBKI.TTF', 'script.fon', 'SCRIPTBL.TTF', 'segmdl2.ttf', 'SegoeIcons.ttf', 'segoepr.ttf', 'segoeprb.ttf', 'segoesc.ttf', 'segoescb.ttf', 'segoeui.ttf', 'segoeuib.ttf', 'segoeuii.ttf', 'segoeuil.ttf', 'segoeuisl.ttf', 'segoeuiz.ttf', 'seguibl.ttf', 'seguibli.ttf', 'seguiemj.ttf', 'seguihis.ttf', 'seguili.ttf', 'seguisb.ttf', 'seguisbi.ttf', 'seguisli.ttf', 'seguisym.ttf', 'SegUIVar.ttf', 'sere1255.fon', 'sere1256.fon', 'sere1257.fon', 'serf1255.fon', 'serf1256.fon', 'serf1257.fon', 'serife.fon', 'serifee.fon', 'serifeg.fon', 'serifer.fon', 'serifet.fon', 'seriff.fon', 'seriffe.fon', 'seriffg.fon', 'seriffr.fon', 'serifft.fon', 'SHOWG.TTF', 'simfang.ttf', 'simhei.ttf', 'simkai.ttf', 'SIMLI.TTF', 'simsun.ttc', 'simsunb.ttf', 'SIMYOU.TTF', 'SitkaVF-Italic.ttf', 'SitkaVF.ttf', 'smae1255.fon', 'smae1256.fon', 'smae1257.fon', 'smaf1255.fon', 'smaf1256.fon', 'smaf1257.fon', 'smalle.fon', 'smallee.fon', 'smalleg.fon', 'smaller.fon', 'smallet.fon', 'smallf.fon', 'smallfe.fon', 'smallfg.fon', 'smallfr.fon', 'smallft.fon', 'SNAP____.TTF', 'ssee1255.fon', 'ssee1256.fon', 'ssee1257.fon', 'ssee874.fon', 'ssef1255.fon', 'ssef1256.fon', 'ssef1257.fon', 'ssef874.fon', 'sserife.fon', 'sserifee.fon', 'sserifeg.fon', 'sserifer.fon', 'sserifet.fon', 'sseriff.fon', 'sseriffe.fon', 'sseriffg.fon', 'sseriffr.fon', 'sserifft.fon', 'StaticCache.dat', 'STCAIYUN.TTF', 'STENCIL.TTF', 'STFANGSO.TTF', 'STHUPO.TTF', 'STKAITI.TTF', 'STLITI.TTF', 'STSONG.TTF', 'STXIHEI.TTF', 'STXINGKA.TTF', 'STXINWEI.TTF', 'STZHONGS.TTF', 'svgafix.fon', 'svgasys.fon', 'sylfaen.ttf', 'symbol.ttf', 'tahoma.ttf', 'tahomabd.ttf', 'taile.ttf', 'taileb.ttf', 'TCBI____.TTF', 'TCB_____.TTF', 'TCCB____.TTF', 'TCCEB.TTF', 'TCCM____.TTF', 'TCMI____.TTF', 'TCM_____.TTF', 'TEMPSITC.TTF', 'times.ttf', 'timesbd.ttf', 'timesbi.ttf', 'timesi.ttf', 'trebuc.ttf', 'trebucbd.ttf', 'trebucbi.ttf', 'trebucit.ttf', 'verdana.ttf', 'verdanab.ttf', 'verdanai.ttf', 'verdanaz.ttf', 'vga737.fon', 'vga775.fon', 'vga850.fon', 'vga852.fon', 'vga855.fon', 'vga857.fon', 'vga860.fon', 'vga861.fon', 'vga863.fon', 'vga865.fon', 'vga866.fon', 'vga869.fon', 'vga932.fon', 'vga936.fon', 'vga949.fon', 'vga950.fon', 'vgaf1255.fon', 'vgaf1256.fon', 'vgaf1257.fon', 'vgaf874.fon', 'vgafix.fon', 'vgafixe.fon', 'vgafixg.fon', 'vgafixr.fon', 'vgafixt.fon', 'vgaoem.fon', 'vgas1255.fon', 'vgas1256.fon', 'vgas1257.fon', 'vgas874.fon', 'vgasys.fon', 'vgasyse.fon', 'vgasysg.fon', 'vgasysr.fon', 'vgasyst.fon', 'VINERITC.TTF', 'VIVALDII.TTF', 'VLADIMIR.TTF', 'webdings.ttf', 'wingding.ttf', 'WINGDNG2.TTF', 'WINGDNG3.TTF', 'YuGothB.ttc', 'YuGothL.ttc', 'YuGothM.ttc', 'YuGothR.ttc', '\u534e\u5eb7\u65b9\u5706\u4f53W7.TTC', '\u65b9\u6b63\u7c97\u9ed1\u5b8b\u7b80\u4f53.ttf']
2023-09-27 15:57:52,743 - INFO - all fonts installed:['8514fix.fon', '8514fixe.fon', '8514fixg.fon', '8514fixr.fon', '8514fixt.fon', '8514oem.fon', '8514oeme.fon', '8514oemg.fon', '8514oemr.fon', '8514oemt.fon', '8514sys.fon', '8514syse.fon', '8514sysg.fon', '8514sysr.fon', '8514syst.fon', '85775.fon', '85855.fon', '85f1255.fon', '85f1256.fon', '85f1257.fon', '85f874.fon', '85s1255.fon', '85s1256.fon', '85s1257.fon', '85s874.fon', 'AGENCYB.TTF', 'AGENCYR.TTF', 'ALGER.TTF', 'ANTQUAB.TTF', 'ANTQUABI.TTF', 'ANTQUAI.TTF', 'app775.fon', 'app850.fon', 'app852.fon', 'app855.fon', 'app857.fon', 'app866.fon', 'app932.fon', 'app936.fon', 'app949.fon', 'app950.fon', 'arial.ttf', 'arialbd.ttf', 'arialbi.ttf', 'ariali.ttf', 'ARIALN.TTF', 'ARIALNB.TTF', 'ARIALNBI.TTF', 'ARIALNI.TTF', 'ariblk.ttf', 'ARLRDBD.TTF', 'AxureHandwriting-Bold.otf', 'AxureHandwriting-BoldItalic.otf', 'AxureHandwriting-Italic.otf', 'AxureHandwriting.otf', 'bahnschrift.ttf', 'BASKVILL.TTF', 'BAUHS93.TTF', 'BELL.TTF', 'BELLB.TTF', 'BELLI.TTF', 'BERNHC.TTF', 'BKANT.TTF', 'BOD_B.TTF', 'BOD_BI.TTF', 'BOD_BLAI.TTF', 'BOD_BLAR.TTF', 'BOD_CB.TTF', 'BOD_CBI.TTF', 'BOD_CI.TTF', 'BOD_CR.TTF', 'BOD_I.TTF', 'BOD_PSTC.TTF', 'BOD_R.TTF', 'BOOKOS.TTF', 'BOOKOSB.TTF', 'BOOKOSBI.TTF', 'BOOKOSI.TTF', 'BRADHITC.TTF', 'BRITANIC.TTF', 'BRLNSB.TTF', 'BRLNSDB.TTF', 'BRLNSR.TTF', 'BROADW.TTF', 'BRUSHSCI.TTF', 'BSSYM7.TTF', 'c8514fix.fon', 'c8514oem.fon', 'c8514sys.fon', 'calibri.ttf', 'calibrib.ttf', 'calibrii.ttf', 'calibril.ttf', 'calibrili.ttf', 'calibriz.ttf', 'CALIFB.TTF', 'CALIFI.TTF', 'CALIFR.TTF', 'CALIST.TTF', 'CALISTB.TTF', 'CALISTBI.TTF', 'CALISTI.TTF', 'cambria.ttc', 'cambriab.ttf', 'cambriai.ttf', 'cambriaz.ttf', 'Candara.ttf', 'Candarab.ttf', 'Candarai.ttf', 'Candaral.ttf', 'Candarali.ttf', 'Candaraz.ttf', 'CascadiaCode.ttf', 'CascadiaMono.ttf', 'CASTELAR.TTF', 'CENSCBK.TTF', 'CENTAUR.TTF', 'CENTURY.TTF', 'cga40737.fon', 'cga40850.fon', 'cga40852.fon', 'cga40857.fon', 'cga40866.fon', 'cga40869.fon', 'cga40woa.fon', 'cga80737.fon', 'cga80850.fon', 'cga80852.fon', 'cga80857.fon', 'cga80866.fon', 'cga80869.fon', 'cga80woa.fon', 'CHILLER.TTF', 'COLONNA.TTF', 'comic.ttf', 'comicbd.ttf', 'comici.ttf', 'comicz.ttf', 'consola.ttf', 'consolab.ttf', 'consolai.ttf', 'consolaz.ttf', 'constan.ttf', 'constanb.ttf', 'constani.ttf', 'constanz.ttf', 'COOPBL.TTF', 'COPRGTB.TTF', 'COPRGTL.TTF', 'corbel.ttf', 'corbelb.ttf', 'corbeli.ttf', 'corbell.ttf', 'corbelli.ttf', 'corbelz.ttf', 'coue1255.fon', 'coue1256.fon', 'coue1257.fon', 'couf1255.fon', 'couf1256.fon', 'couf1257.fon', 'cour.ttf', 'courbd.ttf', 'courbi.ttf', 'coure.fon', 'couree.fon', 'coureg.fon', 'courer.fon', 'couret.fon', 'courf.fon', 'courfe.fon', 'courfg.fon', 'courfr.fon', 'courft.fon', 'couri.ttf', 'CURLZ___.TTF', 'cvgafix.fon', 'cvgasys.fon', 'Deng.ttf', 'Dengb.ttf', 'Dengl.ttf', 'desktop.ini', 'dos737.fon', 'dos869.fon', 'dosapp.fon', 'DUBAI-BOLD.TTF', 'DUBAI-LIGHT.TTF', 'DUBAI-MEDIUM.TTF', 'DUBAI-REGULAR.TTF', 'ebrima.ttf', 'ebrimabd.ttf', 'ega40737.fon', 'ega40850.fon', 'ega40852.fon', 'ega40857.fon', 'ega40866.fon', 'ega40869.fon', 'ega40woa.fon', 'ega80737.fon', 'ega80850.fon', 'ega80852.fon', 'ega80857.fon', 'ega80866.fon', 'ega80869.fon', 'ega80woa.fon', 'ELEPHNT.TTF', 'ELEPHNTI.TTF', 'ENGR.TTF', 'ERASBD.TTF', 'ERASDEMI.TTF', 'ERASLGHT.TTF', 'ERASMD.TTF', 'FELIXTI.TTF', 'fms_metadata.xml', 'FORTE.TTF', 'FRABK.TTF', 'FRABKIT.TTF', 'FRADM.TTF', 'FRADMCN.TTF', 'FRADMIT.TTF', 'FRAHV.TTF', 'FRAHVIT.TTF', 'framd.ttf', 'FRAMDCN.TTF', 'framdit.ttf', 'FREESCPT.TTF', 'FRSCRIPT.TTF', 'FTLTLT.TTF', 'FZSTK.TTF', 'FZYTK.TTF', 'Gabriola.ttf', 'gadugi.ttf', 'gadugib.ttf', 'GARA.TTF', 'GARABD.TTF', 'GARAIT.TTF', 'georgia.ttf', 'georgiab.ttf', 'georgiai.ttf', 'georgiaz.ttf', 'GIGI.TTF', 'GILBI___.TTF', 'GILB____.TTF', 'GILC____.TTF', 'GILI____.TTF', 'GILLUBCD.TTF', 'GILSANUB.TTF', 'GIL_____.TTF', 'GLECB.TTF', 'GlobalMonospace.CompositeFont', 'GlobalSansSerif.CompositeFont', 'GlobalSerif.CompositeFont', 'GlobalUserInterface.CompositeFont', 'GLSNECB.TTF', 'GOTHIC.TTF', 'GOTHICB.TTF', 'GOTHICBI.TTF', 'GOTHICI.TTF', 'GOUDOS.TTF', 'GOUDOSB.TTF', 'GOUDOSI.TTF', 'GOUDYSTO.TTF', 'h8514fix.fon', 'h8514oem.fon', 'h8514sys.fon', 'HARLOWSI.TTF', 'HARNGTON.TTF', 'HATTEN.TTF', 'HGB1X_CNKI.ttf', 'HGB1_CNKI.ttf', 'HGB2X_CNKI.ttf', 'HGB2_CNKI.ttf', 'HGB3X_CNKI.ttf', 'HGB3_CNKI.ttf', 'HGB4X_CNKI.ttf', 'HGB4_CNKI.ttf', 'HGB5X_CNKI.ttf', 'HGB5_CNKI.ttf', 'HGB6X_CNKI.ttf', 'HGB6_CNKI.ttf', 'HGB7X_CNKI.ttf', 'HGB7_CNKI.ttf', 'HGB8X_CNKI.ttf', 'HGB8_CNKI.ttf', 'HGBD_CNKI.ttf', 'HGBKBX_CNKI.ttf', 'HGBKB_CNKI.ttf', 'HGBKHX_CNKI.ttf', 'HGBKH_CNKI.ttf', 'HGBS1_CNKI.TTF', 'HGBS2_CNKI.TTF', 'HGBS_CNKI.TTF', 'HGBTH_CNKI.TTF', 'HGBTS_CNKI.TTF', 'HGBX_CNKI.ttf', 'HGBZ_CNKI.ttf', 'HGCH_CNKI.TTF', 'HGCUH_CNKI.TTF', 'HGCY_CNKI.TTF', 'HGDBS_CNKI.TTF', 'HGDGY_CNKI.TTF', 'HGDH2_CNKI.TTF', 'HGDH_CNKI.TTF', 'HGDYS_CNKI.TTF', 'HGDY_CNKI.ttf', 'HGF1X_CNKI.ttf', 'HGF1_CNKI.ttf', 'HGF2X_CNKI.ttf', 'HGF2_CNKI.ttf', 'HGF3_CNKI.ttf', 'HGF4X_CNKI.ttf', 'HGF4_CNKI.ttf', 'HGF5X_CNKI.ttf', 'HGF5_CNKI.ttf', 'HGF6X_CNKI.ttf', 'HGF6_CNKI.ttf', 'HGF7X_CNKI.ttf', 'HGF7_CNKI.ttf', 'HGF8_CNKI.ttf', 'HGF9X_CNKI.ttf', 'HGF9_CNKI.ttf', 'HGFS1_CNKI.TTF', 'HGFS2_CNKI.TTF', 'HGFSH_CNKI.TTF', 'HGFS_CNKI.TTF', 'HGFX_CNKI.ttf', 'HGFZ_CNKI.ttf', 'HGGG_CNKI.TTF', 'HGH1X_CNKI.ttf', 'HGH1_CNKI.ttf', 'HGH2X_CNKI.ttf', 'HGH2_CNKI.ttf', 'HGH3X_CNKI.ttf', 'HGH3_CNKI.ttf', 'HGH4X_CNKI.ttf', 'HGH4_CNKI.ttf', 'HGH5X_CNKI.ttf', 'HGH5_CNKI.ttf', 'HGH6X_CNKI.ttf', 'HGH6_CNKI.ttf', 'HGH7X_CNKI.ttf', 'HGH7_CNKI.ttf', 'HGHB_CNKI.TTF', 'HGHD_CNKI.ttf', 'HGHP_CNKI.TTF', 'HGHT1_CNKI.ttf', 'HGHT2_CNKI.ttf', 'HGHUATI_CNKI.ttf', 'HGHX_CNKI.ttf', 'HGHZ_CNKI.ttf', 'HGH_CNKI.TTF', 'HGKT1_CNKI.TTF', 'HGKT2_CNKI.TTF', 'HGKT_CNKI.TTF', 'HGKY_CNKI.ttf', 'HGLB_CNKI.TTF', 'HGLS_CNKI.TTF', 'HGMH_CNKI.TTF', 'HGNBS_CNKI.ttf', 'HGOCR_CNKI.ttf', 'HGPH_CNKI.TTF', 'HGPTY_CNKI.TTF', 'HGSS1_CNKI.TTF', 'HGSS2_CNKI.TTF', 'HGSS_CNKI.TTF', 'HGSXT_CNKI.ttf', 'HGTT_CNKI.ttf', 'HGTX_CNKI.TTF', 'HGWT_CNKI.TTF', 'HGWYS_CNKI.TTF', 'HGX1X_CNKI.ttf', 'HGX1_CNKI.ttf', 'HGXBS_CNKI.TTF', 'HGXC_CNKI.TTF', 'HGXF1_CNKI.ttf', 'HGXFX_CNKI.ttf', 'HGXFZ_CNKI.ttf', 'HGXH1_CNKI.TTF', 'HGXH_CNKI.TTF', 'HGXK_CNKI.TTF', 'HGXL_CNKI.TTF', 'HGXS_CNKI.TTF', 'HGXT_CNKI.ttf', 'HGXY_CNKI.ttf', 'HGY1_CNKI.TTF', 'HGY2_CNKI.TTF', 'HGY3_CNKI.TTF', 'HGY4_CNKI.TTF', 'HGYB_CNKI.ttf', 'HGYT1_CNKI.ttf', 'HGYT2_CNKI.ttf', 'HGYT_CNKI.TTF', 'HGYX_CNKI.TTF', 'HGZCS_CNKI.TTF', 'HGZDX_CNKI.TTF', 'HGZK_CNKI.TTF', 'HGZYT_CNKI.TTF', 'HGZY_CNKI.TTF', 'himalaya.ttf', 'holomdl2.ttf', 'HTOWERT.TTF', 'HTOWERTI.TTF', 'hvgafix.fon', 'hvgasys.fon', 'impact.ttf', 'IMPRISHA.TTF', 'INFROMAN.TTF', 'Inkfree.ttf', 'iqiyi_logov7.ttf', 'ITCBLKAD.TTF', 'ITCEDSCR.TTF', 'ITCKRIST.TTF', 'j8514fix.fon', 'j8514oem.fon', 'j8514sys.fon', 'javatext.ttf', 'JOKERMAN.TTF', 'jsmalle.fon', 'jsmallf.fon', 'JUICE___.TTF', 'jvgafix.fon', 'jvgasys.fon', 'KUNSTLER.TTF', 'LATINWD.TTF', 'LBRITE.TTF', 'LBRITED.TTF', 'LBRITEDI.TTF', 'LBRITEI.TTF', 'LCALLIG.TTF', 'LeelaUIb.ttf', 'LeelawUI.ttf', 'LeelUIsl.ttf', 'LFAX.TTF', 'LFAXD.TTF', 'LFAXDI.TTF', 'LFAXI.TTF', 'LHANDW.TTF', 'LSANS.TTF', 'LSANSD.TTF', 'LSANSDI.TTF', 'LSANSI.TTF', 'LTYPE.TTF', 'LTYPEB.TTF', 'LTYPEBO.TTF', 'LTYPEO.TTF', 'lucon.ttf', 'l_10646.ttf', 'MAGNETOB.TTF', 'MAIAN.TTF', 'malgun.ttf', 'malgunbd.ttf', 'malgunsl.ttf', 'marlett.ttf', 'MATURASC.TTF', 'micross.ttf', 'mingliub.ttc', 'MISTRAL.TTF', 'mmrtext.ttf', 'mmrtextb.ttf', 'MOD20.TTF', 'modern.fon', 'monbaiti.ttf', 'msgothic.ttc', 'msjh.ttc', 'msjhbd.ttc', 'msjhl.ttc', 'msyh.ttc', 'msyhbd.ttc', 'msyhl.ttc', 'msyi.ttf', 'MTCORSVA.TTF', 'MTEXTRA.TTF', 'mvboli.ttf', 'NIAGENG.TTF', 'NIAGSOL.TTF', 'Nirmala.ttf', 'NirmalaB.ttf', 'NirmalaS.ttf', 'ntailu.ttf', 'ntailub.ttf', 'NumberOnly.ttf', 'OCRAEXT.TTF', 'OLDENGL.TTF', 'ONYX.TTF', 'OUTLOOK.TTF', 'pala.ttf', 'palab.ttf', 'palabi.ttf', 'palai.ttf', 'PALSCRI.TTF', 'PAPYRUS.TTF', 'PARCHM.TTF', 'PERBI___.TTF', 'PERB____.TTF', 'PERI____.TTF', 'PERTIBD.TTF', 'PERTILI.TTF', 'PER_____.TTF', 'phagspa.ttf', 'phagspab.ttf', 'PLAYBILL.TTF', 'POORICH.TTF', 'PRISTINA.TTF', 'RAGE.TTF', 'RAVIE.TTF', 'REFSAN.TTF', 'REFSPCL.TTF', 'ROCCB___.TTF', 'ROCC____.TTF', 'ROCK.TTF', 'ROCKB.TTF', 'ROCKBI.TTF', 'ROCKEB.TTF', 'ROCKI.TTF', 'roman.fon', 's8514fix.fon', 's8514oem.fon', 's8514sys.fon', 'SCHLBKB.TTF', 'SCHLBKBI.TTF', 'SCHLBKI.TTF', 'script.fon', 'SCRIPTBL.TTF', 'segmdl2.ttf', 'SegoeIcons.ttf', 'segoepr.ttf', 'segoeprb.ttf', 'segoesc.ttf', 'segoescb.ttf', 'segoeui.ttf', 'segoeuib.ttf', 'segoeuii.ttf', 'segoeuil.ttf', 'segoeuisl.ttf', 'segoeuiz.ttf', 'seguibl.ttf', 'seguibli.ttf', 'seguiemj.ttf', 'seguihis.ttf', 'seguili.ttf', 'seguisb.ttf', 'seguisbi.ttf', 'seguisli.ttf', 'seguisym.ttf', 'SegUIVar.ttf', 'sere1255.fon', 'sere1256.fon', 'sere1257.fon', 'serf1255.fon', 'serf1256.fon', 'serf1257.fon', 'serife.fon', 'serifee.fon', 'serifeg.fon', 'serifer.fon', 'serifet.fon', 'seriff.fon', 'seriffe.fon', 'seriffg.fon', 'seriffr.fon', 'serifft.fon', 'SHOWG.TTF', 'simfang.ttf', 'simhei.ttf', 'simkai.ttf', 'SIMLI.TTF', 'simsun.ttc', 'simsunb.ttf', 'SIMYOU.TTF', 'SitkaVF-Italic.ttf', 'SitkaVF.ttf', 'smae1255.fon', 'smae1256.fon', 'smae1257.fon', 'smaf1255.fon', 'smaf1256.fon', 'smaf1257.fon', 'smalle.fon', 'smallee.fon', 'smalleg.fon', 'smaller.fon', 'smallet.fon', 'smallf.fon', 'smallfe.fon', 'smallfg.fon', 'smallfr.fon', 'smallft.fon', 'SNAP____.TTF', 'ssee1255.fon', 'ssee1256.fon', 'ssee1257.fon', 'ssee874.fon', 'ssef1255.fon', 'ssef1256.fon', 'ssef1257.fon', 'ssef874.fon', 'sserife.fon', 'sserifee.fon', 'sserifeg.fon', 'sserifer.fon', 'sserifet.fon', 'sseriff.fon', 'sseriffe.fon', 'sseriffg.fon', 'sseriffr.fon', 'sserifft.fon', 'StaticCache.dat', 'STCAIYUN.TTF', 'STENCIL.TTF', 'STFANGSO.TTF', 'STHUPO.TTF', 'STKAITI.TTF', 'STLITI.TTF', 'STSONG.TTF', 'STXIHEI.TTF', 'STXINGKA.TTF', 'STXINWEI.TTF', 'STZHONGS.TTF', 'svgafix.fon', 'svgasys.fon', 'sylfaen.ttf', 'symbol.ttf', 'tahoma.ttf', 'tahomabd.ttf', 'taile.ttf', 'taileb.ttf', 'TCBI____.TTF', 'TCB_____.TTF', 'TCCB____.TTF', 'TCCEB.TTF', 'TCCM____.TTF', 'TCMI____.TTF', 'TCM_____.TTF', 'TEMPSITC.TTF', 'times.ttf', 'timesbd.ttf', 'timesbi.ttf', 'timesi.ttf', 'trebuc.ttf', 'trebucbd.ttf', 'trebucbi.ttf', 'trebucit.ttf', 'verdana.ttf', 'verdanab.ttf', 'verdanai.ttf', 'verdanaz.ttf', 'vga737.fon', 'vga775.fon', 'vga850.fon', 'vga852.fon', 'vga855.fon', 'vga857.fon', 'vga860.fon', 'vga861.fon', 'vga863.fon', 'vga865.fon', 'vga866.fon', 'vga869.fon', 'vga932.fon', 'vga936.fon', 'vga949.fon', 'vga950.fon', 'vgaf1255.fon', 'vgaf1256.fon', 'vgaf1257.fon', 'vgaf874.fon', 'vgafix.fon', 'vgafixe.fon', 'vgafixg.fon', 'vgafixr.fon', 'vgafixt.fon', 'vgaoem.fon', 'vgas1255.fon', 'vgas1256.fon', 'vgas1257.fon', 'vgas874.fon', 'vgasys.fon', 'vgasyse.fon', 'vgasysg.fon', 'vgasysr.fon', 'vgasyst.fon', 'VINERITC.TTF', 'VIVALDII.TTF', 'VLADIMIR.TTF', 'webdings.ttf', 'wingding.ttf', 'WINGDNG2.TTF', 'WINGDNG3.TTF', 'YuGothB.ttc', 'YuGothL.ttc', 'YuGothM.ttc', 'YuGothR.ttc', '\u534e\u5eb7\u65b9\u5706\u4f53W7.TTC', '\u65b9\u6b63\u7c97\u9ed1\u5b8b\u7b80\u4f53.ttf']
2023-09-27 15:57:52,748 - INFO - all fonts installed:['8514fix.fon', '8514fixe.fon', '8514fixg.fon', '8514fixr.fon', '8514fixt.fon', '8514oem.fon', '8514oeme.fon', '8514oemg.fon', '8514oemr.fon', '8514oemt.fon', '8514sys.fon', '8514syse.fon', '8514sysg.fon', '8514sysr.fon', '8514syst.fon', '85775.fon', '85855.fon', '85f1255.fon', '85f1256.fon', '85f1257.fon', '85f874.fon', '85s1255.fon', '85s1256.fon', '85s1257.fon', '85s874.fon', 'AGENCYB.TTF', 'AGENCYR.TTF', 'ALGER.TTF', 'ANTQUAB.TTF', 'ANTQUABI.TTF', 'ANTQUAI.TTF', 'app775.fon', 'app850.fon', 'app852.fon', 'app855.fon', 'app857.fon', 'app866.fon', 'app932.fon', 'app936.fon', 'app949.fon', 'app950.fon', 'arial.ttf', 'arialbd.ttf', 'arialbi.ttf', 'ariali.ttf', 'ARIALN.TTF', 'ARIALNB.TTF', 'ARIALNBI.TTF', 'ARIALNI.TTF', 'ariblk.ttf', 'ARLRDBD.TTF', 'AxureHandwriting-Bold.otf', 'AxureHandwriting-BoldItalic.otf', 'AxureHandwriting-Italic.otf', 'AxureHandwriting.otf', 'bahnschrift.ttf', 'BASKVILL.TTF', 'BAUHS93.TTF', 'BELL.TTF', 'BELLB.TTF', 'BELLI.TTF', 'BERNHC.TTF', 'BKANT.TTF', 'BOD_B.TTF', 'BOD_BI.TTF', 'BOD_BLAI.TTF', 'BOD_BLAR.TTF', 'BOD_CB.TTF', 'BOD_CBI.TTF', 'BOD_CI.TTF', 'BOD_CR.TTF', 'BOD_I.TTF', 'BOD_PSTC.TTF', 'BOD_R.TTF', 'BOOKOS.TTF', 'BOOKOSB.TTF', 'BOOKOSBI.TTF', 'BOOKOSI.TTF', 'BRADHITC.TTF', 'BRITANIC.TTF', 'BRLNSB.TTF', 'BRLNSDB.TTF', 'BRLNSR.TTF', 'BROADW.TTF', 'BRUSHSCI.TTF', 'BSSYM7.TTF', 'c8514fix.fon', 'c8514oem.fon', 'c8514sys.fon', 'calibri.ttf', 'calibrib.ttf', 'calibrii.ttf', 'calibril.ttf', 'calibrili.ttf', 'calibriz.ttf', 'CALIFB.TTF', 'CALIFI.TTF', 'CALIFR.TTF', 'CALIST.TTF', 'CALISTB.TTF', 'CALISTBI.TTF', 'CALISTI.TTF', 'cambria.ttc', 'cambriab.ttf', 'cambriai.ttf', 'cambriaz.ttf', 'Candara.ttf', 'Candarab.ttf', 'Candarai.ttf', 'Candaral.ttf', 'Candarali.ttf', 'Candaraz.ttf', 'CascadiaCode.ttf', 'CascadiaMono.ttf', 'CASTELAR.TTF', 'CENSCBK.TTF', 'CENTAUR.TTF', 'CENTURY.TTF', 'cga40737.fon', 'cga40850.fon', 'cga40852.fon', 'cga40857.fon', 'cga40866.fon', 'cga40869.fon', 'cga40woa.fon', 'cga80737.fon', 'cga80850.fon', 'cga80852.fon', 'cga80857.fon', 'cga80866.fon', 'cga80869.fon', 'cga80woa.fon', 'CHILLER.TTF', 'COLONNA.TTF', 'comic.ttf', 'comicbd.ttf', 'comici.ttf', 'comicz.ttf', 'consola.ttf', 'consolab.ttf', 'consolai.ttf', 'consolaz.ttf', 'constan.ttf', 'constanb.ttf', 'constani.ttf', 'constanz.ttf', 'COOPBL.TTF', 'COPRGTB.TTF', 'COPRGTL.TTF', 'corbel.ttf', 'corbelb.ttf', 'corbeli.ttf', 'corbell.ttf', 'corbelli.ttf', 'corbelz.ttf', 'coue1255.fon', 'coue1256.fon', 'coue1257.fon', 'couf1255.fon', 'couf1256.fon', 'couf1257.fon', 'cour.ttf', 'courbd.ttf', 'courbi.ttf', 'coure.fon', 'couree.fon', 'coureg.fon', 'courer.fon', 'couret.fon', 'courf.fon', 'courfe.fon', 'courfg.fon', 'courfr.fon', 'courft.fon', 'couri.ttf', 'CURLZ___.TTF', 'cvgafix.fon', 'cvgasys.fon', 'Deng.ttf', 'Dengb.ttf', 'Dengl.ttf', 'desktop.ini', 'dos737.fon', 'dos869.fon', 'dosapp.fon', 'DUBAI-BOLD.TTF', 'DUBAI-LIGHT.TTF', 'DUBAI-MEDIUM.TTF', 'DUBAI-REGULAR.TTF', 'ebrima.ttf', 'ebrimabd.ttf', 'ega40737.fon', 'ega40850.fon', 'ega40852.fon', 'ega40857.fon', 'ega40866.fon', 'ega40869.fon', 'ega40woa.fon', 'ega80737.fon', 'ega80850.fon', 'ega80852.fon', 'ega80857.fon', 'ega80866.fon', 'ega80869.fon', 'ega80woa.fon', 'ELEPHNT.TTF', 'ELEPHNTI.TTF', 'ENGR.TTF', 'ERASBD.TTF', 'ERASDEMI.TTF', 'ERASLGHT.TTF', 'ERASMD.TTF', 'FELIXTI.TTF', 'fms_metadata.xml', 'FORTE.TTF', 'FRABK.TTF', 'FRABKIT.TTF', 'FRADM.TTF', 'FRADMCN.TTF', 'FRADMIT.TTF', 'FRAHV.TTF', 'FRAHVIT.TTF', 'framd.ttf', 'FRAMDCN.TTF', 'framdit.ttf', 'FREESCPT.TTF', 'FRSCRIPT.TTF', 'FTLTLT.TTF', 'FZSTK.TTF', 'FZYTK.TTF', 'Gabriola.ttf', 'gadugi.ttf', 'gadugib.ttf', 'GARA.TTF', 'GARABD.TTF', 'GARAIT.TTF', 'georgia.ttf', 'georgiab.ttf', 'georgiai.ttf', 'georgiaz.ttf', 'GIGI.TTF', 'GILBI___.TTF', 'GILB____.TTF', 'GILC____.TTF', 'GILI____.TTF', 'GILLUBCD.TTF', 'GILSANUB.TTF', 'GIL_____.TTF', 'GLECB.TTF', 'GlobalMonospace.CompositeFont', 'GlobalSansSerif.CompositeFont', 'GlobalSerif.CompositeFont', 'GlobalUserInterface.CompositeFont', 'GLSNECB.TTF', 'GOTHIC.TTF', 'GOTHICB.TTF', 'GOTHICBI.TTF', 'GOTHICI.TTF', 'GOUDOS.TTF', 'GOUDOSB.TTF', 'GOUDOSI.TTF', 'GOUDYSTO.TTF', 'h8514fix.fon', 'h8514oem.fon', 'h8514sys.fon', 'HARLOWSI.TTF', 'HARNGTON.TTF', 'HATTEN.TTF', 'HGB1X_CNKI.ttf', 'HGB1_CNKI.ttf', 'HGB2X_CNKI.ttf', 'HGB2_CNKI.ttf', 'HGB3X_CNKI.ttf', 'HGB3_CNKI.ttf', 'HGB4X_CNKI.ttf', 'HGB4_CNKI.ttf', 'HGB5X_CNKI.ttf', 'HGB5_CNKI.ttf', 'HGB6X_CNKI.ttf', 'HGB6_CNKI.ttf', 'HGB7X_CNKI.ttf', 'HGB7_CNKI.ttf', 'HGB8X_CNKI.ttf', 'HGB8_CNKI.ttf', 'HGBD_CNKI.ttf', 'HGBKBX_CNKI.ttf', 'HGBKB_CNKI.ttf', 'HGBKHX_CNKI.ttf', 'HGBKH_CNKI.ttf', 'HGBS1_CNKI.TTF', 'HGBS2_CNKI.TTF', 'HGBS_CNKI.TTF', 'HGBTH_CNKI.TTF', 'HGBTS_CNKI.TTF', 'HGBX_CNKI.ttf', 'HGBZ_CNKI.ttf', 'HGCH_CNKI.TTF', 'HGCUH_CNKI.TTF', 'HGCY_CNKI.TTF', 'HGDBS_CNKI.TTF', 'HGDGY_CNKI.TTF', 'HGDH2_CNKI.TTF', 'HGDH_CNKI.TTF', 'HGDYS_CNKI.TTF', 'HGDY_CNKI.ttf', 'HGF1X_CNKI.ttf', 'HGF1_CNKI.ttf', 'HGF2X_CNKI.ttf', 'HGF2_CNKI.ttf', 'HGF3_CNKI.ttf', 'HGF4X_CNKI.ttf', 'HGF4_CNKI.ttf', 'HGF5X_CNKI.ttf', 'HGF5_CNKI.ttf', 'HGF6X_CNKI.ttf', 'HGF6_CNKI.ttf', 'HGF7X_CNKI.ttf', 'HGF7_CNKI.ttf', 'HGF8_CNKI.ttf', 'HGF9X_CNKI.ttf', 'HGF9_CNKI.ttf', 'HGFS1_CNKI.TTF', 'HGFS2_CNKI.TTF', 'HGFSH_CNKI.TTF', 'HGFS_CNKI.TTF', 'HGFX_CNKI.ttf', 'HGFZ_CNKI.ttf', 'HGGG_CNKI.TTF', 'HGH1X_CNKI.ttf', 'HGH1_CNKI.ttf', 'HGH2X_CNKI.ttf', 'HGH2_CNKI.ttf', 'HGH3X_CNKI.ttf', 'HGH3_CNKI.ttf', 'HGH4X_CNKI.ttf', 'HGH4_CNKI.ttf', 'HGH5X_CNKI.ttf', 'HGH5_CNKI.ttf', 'HGH6X_CNKI.ttf', 'HGH6_CNKI.ttf', 'HGH7X_CNKI.ttf', 'HGH7_CNKI.ttf', 'HGHB_CNKI.TTF', 'HGHD_CNKI.ttf', 'HGHP_CNKI.TTF', 'HGHT1_CNKI.ttf', 'HGHT2_CNKI.ttf', 'HGHUATI_CNKI.ttf', 'HGHX_CNKI.ttf', 'HGHZ_CNKI.ttf', 'HGH_CNKI.TTF', 'HGKT1_CNKI.TTF', 'HGKT2_CNKI.TTF', 'HGKT_CNKI.TTF', 'HGKY_CNKI.ttf', 'HGLB_CNKI.TTF', 'HGLS_CNKI.TTF', 'HGMH_CNKI.TTF', 'HGNBS_CNKI.ttf', 'HGOCR_CNKI.ttf', 'HGPH_CNKI.TTF', 'HGPTY_CNKI.TTF', 'HGSS1_CNKI.TTF', 'HGSS2_CNKI.TTF', 'HGSS_CNKI.TTF', 'HGSXT_CNKI.ttf', 'HGTT_CNKI.ttf', 'HGTX_CNKI.TTF', 'HGWT_CNKI.TTF', 'HGWYS_CNKI.TTF', 'HGX1X_CNKI.ttf', 'HGX1_CNKI.ttf', 'HGXBS_CNKI.TTF', 'HGXC_CNKI.TTF', 'HGXF1_CNKI.ttf', 'HGXFX_CNKI.ttf', 'HGXFZ_CNKI.ttf', 'HGXH1_CNKI.TTF', 'HGXH_CNKI.TTF', 'HGXK_CNKI.TTF', 'HGXL_CNKI.TTF', 'HGXS_CNKI.TTF', 'HGXT_CNKI.ttf', 'HGXY_CNKI.ttf', 'HGY1_CNKI.TTF', 'HGY2_CNKI.TTF', 'HGY3_CNKI.TTF', 'HGY4_CNKI.TTF', 'HGYB_CNKI.ttf', 'HGYT1_CNKI.ttf', 'HGYT2_CNKI.ttf', 'HGYT_CNKI.TTF', 'HGYX_CNKI.TTF', 'HGZCS_CNKI.TTF', 'HGZDX_CNKI.TTF', 'HGZK_CNKI.TTF', 'HGZYT_CNKI.TTF', 'HGZY_CNKI.TTF', 'himalaya.ttf', 'holomdl2.ttf', 'HTOWERT.TTF', 'HTOWERTI.TTF', 'hvgafix.fon', 'hvgasys.fon', 'impact.ttf', 'IMPRISHA.TTF', 'INFROMAN.TTF', 'Inkfree.ttf', 'iqiyi_logov7.ttf', 'ITCBLKAD.TTF', 'ITCEDSCR.TTF', 'ITCKRIST.TTF', 'j8514fix.fon', 'j8514oem.fon', 'j8514sys.fon', 'javatext.ttf', 'JOKERMAN.TTF', 'jsmalle.fon', 'jsmallf.fon', 'JUICE___.TTF', 'jvgafix.fon', 'jvgasys.fon', 'KUNSTLER.TTF', 'LATINWD.TTF', 'LBRITE.TTF', 'LBRITED.TTF', 'LBRITEDI.TTF', 'LBRITEI.TTF', 'LCALLIG.TTF', 'LeelaUIb.ttf', 'LeelawUI.ttf', 'LeelUIsl.ttf', 'LFAX.TTF', 'LFAXD.TTF', 'LFAXDI.TTF', 'LFAXI.TTF', 'LHANDW.TTF', 'LSANS.TTF', 'LSANSD.TTF', 'LSANSDI.TTF', 'LSANSI.TTF', 'LTYPE.TTF', 'LTYPEB.TTF', 'LTYPEBO.TTF', 'LTYPEO.TTF', 'lucon.ttf', 'l_10646.ttf', 'MAGNETOB.TTF', 'MAIAN.TTF', 'malgun.ttf', 'malgunbd.ttf', 'malgunsl.ttf', 'marlett.ttf', 'MATURASC.TTF', 'micross.ttf', 'mingliub.ttc', 'MISTRAL.TTF', 'mmrtext.ttf', 'mmrtextb.ttf', 'MOD20.TTF', 'modern.fon', 'monbaiti.ttf', 'msgothic.ttc', 'msjh.ttc', 'msjhbd.ttc', 'msjhl.ttc', 'msyh.ttc', 'msyhbd.ttc', 'msyhl.ttc', 'msyi.ttf', 'MTCORSVA.TTF', 'MTEXTRA.TTF', 'mvboli.ttf', 'NIAGENG.TTF', 'NIAGSOL.TTF', 'Nirmala.ttf', 'NirmalaB.ttf', 'NirmalaS.ttf', 'ntailu.ttf', 'ntailub.ttf', 'NumberOnly.ttf', 'OCRAEXT.TTF', 'OLDENGL.TTF', 'ONYX.TTF', 'OUTLOOK.TTF', 'pala.ttf', 'palab.ttf', 'palabi.ttf', 'palai.ttf', 'PALSCRI.TTF', 'PAPYRUS.TTF', 'PARCHM.TTF', 'PERBI___.TTF', 'PERB____.TTF', 'PERI____.TTF', 'PERTIBD.TTF', 'PERTILI.TTF', 'PER_____.TTF', 'phagspa.ttf', 'phagspab.ttf', 'PLAYBILL.TTF', 'POORICH.TTF', 'PRISTINA.TTF', 'RAGE.TTF', 'RAVIE.TTF', 'REFSAN.TTF', 'REFSPCL.TTF', 'ROCCB___.TTF', 'ROCC____.TTF', 'ROCK.TTF', 'ROCKB.TTF', 'ROCKBI.TTF', 'ROCKEB.TTF', 'ROCKI.TTF', 'roman.fon', 's8514fix.fon', 's8514oem.fon', 's8514sys.fon', 'SCHLBKB.TTF', 'SCHLBKBI.TTF', 'SCHLBKI.TTF', 'script.fon', 'SCRIPTBL.TTF', 'segmdl2.ttf', 'SegoeIcons.ttf', 'segoepr.ttf', 'segoeprb.ttf', 'segoesc.ttf', 'segoescb.ttf', 'segoeui.ttf', 'segoeuib.ttf', 'segoeuii.ttf', 'segoeuil.ttf', 'segoeuisl.ttf', 'segoeuiz.ttf', 'seguibl.ttf', 'seguibli.ttf', 'seguiemj.ttf', 'seguihis.ttf', 'seguili.ttf', 'seguisb.ttf', 'seguisbi.ttf', 'seguisli.ttf', 'seguisym.ttf', 'SegUIVar.ttf', 'sere1255.fon', 'sere1256.fon', 'sere1257.fon', 'serf1255.fon', 'serf1256.fon', 'serf1257.fon', 'serife.fon', 'serifee.fon', 'serifeg.fon', 'serifer.fon', 'serifet.fon', 'seriff.fon', 'seriffe.fon', 'seriffg.fon', 'seriffr.fon', 'serifft.fon', 'SHOWG.TTF', 'simfang.ttf', 'simhei.ttf', 'simkai.ttf', 'SIMLI.TTF', 'simsun.ttc', 'simsunb.ttf', 'SIMYOU.TTF', 'SitkaVF-Italic.ttf', 'SitkaVF.ttf', 'smae1255.fon', 'smae1256.fon', 'smae1257.fon', 'smaf1255.fon', 'smaf1256.fon', 'smaf1257.fon', 'smalle.fon', 'smallee.fon', 'smalleg.fon', 'smaller.fon', 'smallet.fon', 'smallf.fon', 'smallfe.fon', 'smallfg.fon', 'smallfr.fon', 'smallft.fon', 'SNAP____.TTF', 'ssee1255.fon', 'ssee1256.fon', 'ssee1257.fon', 'ssee874.fon', 'ssef1255.fon', 'ssef1256.fon', 'ssef1257.fon', 'ssef874.fon', 'sserife.fon', 'sserifee.fon', 'sserifeg.fon', 'sserifer.fon', 'sserifet.fon', 'sseriff.fon', 'sseriffe.fon', 'sseriffg.fon', 'sseriffr.fon', 'sserifft.fon', 'StaticCache.dat', 'STCAIYUN.TTF', 'STENCIL.TTF', 'STFANGSO.TTF', 'STHUPO.TTF', 'STKAITI.TTF', 'STLITI.TTF', 'STSONG.TTF', 'STXIHEI.TTF', 'STXINGKA.TTF', 'STXINWEI.TTF', 'STZHONGS.TTF', 'svgafix.fon', 'svgasys.fon', 'sylfaen.ttf', 'symbol.ttf', 'tahoma.ttf', 'tahomabd.ttf', 'taile.ttf', 'taileb.ttf', 'TCBI____.TTF', 'TCB_____.TTF', 'TCCB____.TTF', 'TCCEB.TTF', 'TCCM____.TTF', 'TCMI____.TTF', 'TCM_____.TTF', 'TEMPSITC.TTF', 'times.ttf', 'timesbd.ttf', 'timesbi.ttf', 'timesi.ttf', 'trebuc.ttf', 'trebucbd.ttf', 'trebucbi.ttf', 'trebucit.ttf', 'verdana.ttf', 'verdanab.ttf', 'verdanai.ttf', 'verdanaz.ttf', 'vga737.fon', 'vga775.fon', 'vga850.fon', 'vga852.fon', 'vga855.fon', 'vga857.fon', 'vga860.fon', 'vga861.fon', 'vga863.fon', 'vga865.fon', 'vga866.fon', 'vga869.fon', 'vga932.fon', 'vga936.fon', 'vga949.fon', 'vga950.fon', 'vgaf1255.fon', 'vgaf1256.fon', 'vgaf1257.fon', 'vgaf874.fon', 'vgafix.fon', 'vgafixe.fon', 'vgafixg.fon', 'vgafixr.fon', 'vgafixt.fon', 'vgaoem.fon', 'vgas1255.fon', 'vgas1256.fon', 'vgas1257.fon', 'vgas874.fon', 'vgasys.fon', 'vgasyse.fon', 'vgasysg.fon', 'vgasysr.fon', 'vgasyst.fon', 'VINERITC.TTF', 'VIVALDII.TTF', 'VLADIMIR.TTF', 'webdings.ttf', 'wingding.ttf', 'WINGDNG2.TTF', 'WINGDNG3.TTF', 'YuGothB.ttc', 'YuGothL.ttc', 'YuGothM.ttc', 'YuGothR.ttc', '\u534e\u5eb7\u65b9\u5706\u4f53W7.TTC', '\u65b9\u6b63\u7c97\u9ed1\u5b8b\u7b80\u4f53.ttf']
2023-09-27 15:57:52,751 - INFO - all fonts installed:['8514fix.fon', '8514fixe.fon', '8514fixg.fon', '8514fixr.fon', '8514fixt.fon', '8514oem.fon', '8514oeme.fon', '8514oemg.fon', '8514oemr.fon', '8514oemt.fon', '8514sys.fon', '8514syse.fon', '8514sysg.fon', '8514sysr.fon', '8514syst.fon', '85775.fon', '85855.fon', '85f1255.fon', '85f1256.fon', '85f1257.fon', '85f874.fon', '85s1255.fon', '85s1256.fon', '85s1257.fon', '85s874.fon', 'AGENCYB.TTF', 'AGENCYR.TTF', 'ALGER.TTF', 'ANTQUAB.TTF', 'ANTQUABI.TTF', 'ANTQUAI.TTF', 'app775.fon', 'app850.fon', 'app852.fon', 'app855.fon', 'app857.fon', 'app866.fon', 'app932.fon', 'app936.fon', 'app949.fon', 'app950.fon', 'arial.ttf', 'arialbd.ttf', 'arialbi.ttf', 'ariali.ttf', 'ARIALN.TTF', 'ARIALNB.TTF', 'ARIALNBI.TTF', 'ARIALNI.TTF', 'ariblk.ttf', 'ARLRDBD.TTF', 'AxureHandwriting-Bold.otf', 'AxureHandwriting-BoldItalic.otf', 'AxureHandwriting-Italic.otf', 'AxureHandwriting.otf', 'bahnschrift.ttf', 'BASKVILL.TTF', 'BAUHS93.TTF', 'BELL.TTF', 'BELLB.TTF', 'BELLI.TTF', 'BERNHC.TTF', 'BKANT.TTF', 'BOD_B.TTF', 'BOD_BI.TTF', 'BOD_BLAI.TTF', 'BOD_BLAR.TTF', 'BOD_CB.TTF', 'BOD_CBI.TTF', 'BOD_CI.TTF', 'BOD_CR.TTF', 'BOD_I.TTF', 'BOD_PSTC.TTF', 'BOD_R.TTF', 'BOOKOS.TTF', 'BOOKOSB.TTF', 'BOOKOSBI.TTF', 'BOOKOSI.TTF', 'BRADHITC.TTF', 'BRITANIC.TTF', 'BRLNSB.TTF', 'BRLNSDB.TTF', 'BRLNSR.TTF', 'BROADW.TTF', 'BRUSHSCI.TTF', 'BSSYM7.TTF', 'c8514fix.fon', 'c8514oem.fon', 'c8514sys.fon', 'calibri.ttf', 'calibrib.ttf', 'calibrii.ttf', 'calibril.ttf', 'calibrili.ttf', 'calibriz.ttf', 'CALIFB.TTF', 'CALIFI.TTF', 'CALIFR.TTF', 'CALIST.TTF', 'CALISTB.TTF', 'CALISTBI.TTF', 'CALISTI.TTF', 'cambria.ttc', 'cambriab.ttf', 'cambriai.ttf', 'cambriaz.ttf', 'Candara.ttf', 'Candarab.ttf', 'Candarai.ttf', 'Candaral.ttf', 'Candarali.ttf', 'Candaraz.ttf', 'CascadiaCode.ttf', 'CascadiaMono.ttf', 'CASTELAR.TTF', 'CENSCBK.TTF', 'CENTAUR.TTF', 'CENTURY.TTF', 'cga40737.fon', 'cga40850.fon', 'cga40852.fon', 'cga40857.fon', 'cga40866.fon', 'cga40869.fon', 'cga40woa.fon', 'cga80737.fon', 'cga80850.fon', 'cga80852.fon', 'cga80857.fon', 'cga80866.fon', 'cga80869.fon', 'cga80woa.fon', 'CHILLER.TTF', 'COLONNA.TTF', 'comic.ttf', 'comicbd.ttf', 'comici.ttf', 'comicz.ttf', 'consola.ttf', 'consolab.ttf', 'consolai.ttf', 'consolaz.ttf', 'constan.ttf', 'constanb.ttf', 'constani.ttf', 'constanz.ttf', 'COOPBL.TTF', 'COPRGTB.TTF', 'COPRGTL.TTF', 'corbel.ttf', 'corbelb.ttf', 'corbeli.ttf', 'corbell.ttf', 'corbelli.ttf', 'corbelz.ttf', 'coue1255.fon', 'coue1256.fon', 'coue1257.fon', 'couf1255.fon', 'couf1256.fon', 'couf1257.fon', 'cour.ttf', 'courbd.ttf', 'courbi.ttf', 'coure.fon', 'couree.fon', 'coureg.fon', 'courer.fon', 'couret.fon', 'courf.fon', 'courfe.fon', 'courfg.fon', 'courfr.fon', 'courft.fon', 'couri.ttf', 'CURLZ___.TTF', 'cvgafix.fon', 'cvgasys.fon', 'Deng.ttf', 'Dengb.ttf', 'Dengl.ttf', 'desktop.ini', 'dos737.fon', 'dos869.fon', 'dosapp.fon', 'DUBAI-BOLD.TTF', 'DUBAI-LIGHT.TTF', 'DUBAI-MEDIUM.TTF', 'DUBAI-REGULAR.TTF', 'ebrima.ttf', 'ebrimabd.ttf', 'ega40737.fon', 'ega40850.fon', 'ega40852.fon', 'ega40857.fon', 'ega40866.fon', 'ega40869.fon', 'ega40woa.fon', 'ega80737.fon', 'ega80850.fon', 'ega80852.fon', 'ega80857.fon', 'ega80866.fon', 'ega80869.fon', 'ega80woa.fon', 'ELEPHNT.TTF', 'ELEPHNTI.TTF', 'ENGR.TTF', 'ERASBD.TTF', 'ERASDEMI.TTF', 'ERASLGHT.TTF', 'ERASMD.TTF', 'FELIXTI.TTF', 'fms_metadata.xml', 'FORTE.TTF', 'FRABK.TTF', 'FRABKIT.TTF', 'FRADM.TTF', 'FRADMCN.TTF', 'FRADMIT.TTF', 'FRAHV.TTF', 'FRAHVIT.TTF', 'framd.ttf', 'FRAMDCN.TTF', 'framdit.ttf', 'FREESCPT.TTF', 'FRSCRIPT.TTF', 'FTLTLT.TTF', 'FZSTK.TTF', 'FZYTK.TTF', 'Gabriola.ttf', 'gadugi.ttf', 'gadugib.ttf', 'GARA.TTF', 'GARABD.TTF', 'GARAIT.TTF', 'georgia.ttf', 'georgiab.ttf', 'georgiai.ttf', 'georgiaz.ttf', 'GIGI.TTF', 'GILBI___.TTF', 'GILB____.TTF', 'GILC____.TTF', 'GILI____.TTF', 'GILLUBCD.TTF', 'GILSANUB.TTF', 'GIL_____.TTF', 'GLECB.TTF', 'GlobalMonospace.CompositeFont', 'GlobalSansSerif.CompositeFont', 'GlobalSerif.CompositeFont', 'GlobalUserInterface.CompositeFont', 'GLSNECB.TTF', 'GOTHIC.TTF', 'GOTHICB.TTF', 'GOTHICBI.TTF', 'GOTHICI.TTF', 'GOUDOS.TTF', 'GOUDOSB.TTF', 'GOUDOSI.TTF', 'GOUDYSTO.TTF', 'h8514fix.fon', 'h8514oem.fon', 'h8514sys.fon', 'HARLOWSI.TTF', 'HARNGTON.TTF', 'HATTEN.TTF', 'HGB1X_CNKI.ttf', 'HGB1_CNKI.ttf', 'HGB2X_CNKI.ttf', 'HGB2_CNKI.ttf', 'HGB3X_CNKI.ttf', 'HGB3_CNKI.ttf', 'HGB4X_CNKI.ttf', 'HGB4_CNKI.ttf', 'HGB5X_CNKI.ttf', 'HGB5_CNKI.ttf', 'HGB6X_CNKI.ttf', 'HGB6_CNKI.ttf', 'HGB7X_CNKI.ttf', 'HGB7_CNKI.ttf', 'HGB8X_CNKI.ttf', 'HGB8_CNKI.ttf', 'HGBD_CNKI.ttf', 'HGBKBX_CNKI.ttf', 'HGBKB_CNKI.ttf', 'HGBKHX_CNKI.ttf', 'HGBKH_CNKI.ttf', 'HGBS1_CNKI.TTF', 'HGBS2_CNKI.TTF', 'HGBS_CNKI.TTF', 'HGBTH_CNKI.TTF', 'HGBTS_CNKI.TTF', 'HGBX_CNKI.ttf', 'HGBZ_CNKI.ttf', 'HGCH_CNKI.TTF', 'HGCUH_CNKI.TTF', 'HGCY_CNKI.TTF', 'HGDBS_CNKI.TTF', 'HGDGY_CNKI.TTF', 'HGDH2_CNKI.TTF', 'HGDH_CNKI.TTF', 'HGDYS_CNKI.TTF', 'HGDY_CNKI.ttf', 'HGF1X_CNKI.ttf', 'HGF1_CNKI.ttf', 'HGF2X_CNKI.ttf', 'HGF2_CNKI.ttf', 'HGF3_CNKI.ttf', 'HGF4X_CNKI.ttf', 'HGF4_CNKI.ttf', 'HGF5X_CNKI.ttf', 'HGF5_CNKI.ttf', 'HGF6X_CNKI.ttf', 'HGF6_CNKI.ttf', 'HGF7X_CNKI.ttf', 'HGF7_CNKI.ttf', 'HGF8_CNKI.ttf', 'HGF9X_CNKI.ttf', 'HGF9_CNKI.ttf', 'HGFS1_CNKI.TTF', 'HGFS2_CNKI.TTF', 'HGFSH_CNKI.TTF', 'HGFS_CNKI.TTF', 'HGFX_CNKI.ttf', 'HGFZ_CNKI.ttf', 'HGGG_CNKI.TTF', 'HGH1X_CNKI.ttf', 'HGH1_CNKI.ttf', 'HGH2X_CNKI.ttf', 'HGH2_CNKI.ttf', 'HGH3X_CNKI.ttf', 'HGH3_CNKI.ttf', 'HGH4X_CNKI.ttf', 'HGH4_CNKI.ttf', 'HGH5X_CNKI.ttf', 'HGH5_CNKI.ttf', 'HGH6X_CNKI.ttf', 'HGH6_CNKI.ttf', 'HGH7X_CNKI.ttf', 'HGH7_CNKI.ttf', 'HGHB_CNKI.TTF', 'HGHD_CNKI.ttf', 'HGHP_CNKI.TTF', 'HGHT1_CNKI.ttf', 'HGHT2_CNKI.ttf', 'HGHUATI_CNKI.ttf', 'HGHX_CNKI.ttf', 'HGHZ_CNKI.ttf', 'HGH_CNKI.TTF', 'HGKT1_CNKI.TTF', 'HGKT2_CNKI.TTF', 'HGKT_CNKI.TTF', 'HGKY_CNKI.ttf', 'HGLB_CNKI.TTF', 'HGLS_CNKI.TTF', 'HGMH_CNKI.TTF', 'HGNBS_CNKI.ttf', 'HGOCR_CNKI.ttf', 'HGPH_CNKI.TTF', 'HGPTY_CNKI.TTF', 'HGSS1_CNKI.TTF', 'HGSS2_CNKI.TTF', 'HGSS_CNKI.TTF', 'HGSXT_CNKI.ttf', 'HGTT_CNKI.ttf', 'HGTX_CNKI.TTF', 'HGWT_CNKI.TTF', 'HGWYS_CNKI.TTF', 'HGX1X_CNKI.ttf', 'HGX1_CNKI.ttf', 'HGXBS_CNKI.TTF', 'HGXC_CNKI.TTF', 'HGXF1_CNKI.ttf', 'HGXFX_CNKI.ttf', 'HGXFZ_CNKI.ttf', 'HGXH1_CNKI.TTF', 'HGXH_CNKI.TTF', 'HGXK_CNKI.TTF', 'HGXL_CNKI.TTF', 'HGXS_CNKI.TTF', 'HGXT_CNKI.ttf', 'HGXY_CNKI.ttf', 'HGY1_CNKI.TTF', 'HGY2_CNKI.TTF', 'HGY3_CNKI.TTF', 'HGY4_CNKI.TTF', 'HGYB_CNKI.ttf', 'HGYT1_CNKI.ttf', 'HGYT2_CNKI.ttf', 'HGYT_CNKI.TTF', 'HGYX_CNKI.TTF', 'HGZCS_CNKI.TTF', 'HGZDX_CNKI.TTF', 'HGZK_CNKI.TTF', 'HGZYT_CNKI.TTF', 'HGZY_CNKI.TTF', 'himalaya.ttf', 'holomdl2.ttf', 'HTOWERT.TTF', 'HTOWERTI.TTF', 'hvgafix.fon', 'hvgasys.fon', 'impact.ttf', 'IMPRISHA.TTF', 'INFROMAN.TTF', 'Inkfree.ttf', 'iqiyi_logov7.ttf', 'ITCBLKAD.TTF', 'ITCEDSCR.TTF', 'ITCKRIST.TTF', 'j8514fix.fon', 'j8514oem.fon', 'j8514sys.fon', 'javatext.ttf', 'JOKERMAN.TTF', 'jsmalle.fon', 'jsmallf.fon', 'JUICE___.TTF', 'jvgafix.fon', 'jvgasys.fon', 'KUNSTLER.TTF', 'LATINWD.TTF', 'LBRITE.TTF', 'LBRITED.TTF', 'LBRITEDI.TTF', 'LBRITEI.TTF', 'LCALLIG.TTF', 'LeelaUIb.ttf', 'LeelawUI.ttf', 'LeelUIsl.ttf', 'LFAX.TTF', 'LFAXD.TTF', 'LFAXDI.TTF', 'LFAXI.TTF', 'LHANDW.TTF', 'LSANS.TTF', 'LSANSD.TTF', 'LSANSDI.TTF', 'LSANSI.TTF', 'LTYPE.TTF', 'LTYPEB.TTF', 'LTYPEBO.TTF', 'LTYPEO.TTF', 'lucon.ttf', 'l_10646.ttf', 'MAGNETOB.TTF', 'MAIAN.TTF', 'malgun.ttf', 'malgunbd.ttf', 'malgunsl.ttf', 'marlett.ttf', 'MATURASC.TTF', 'micross.ttf', 'mingliub.ttc', 'MISTRAL.TTF', 'mmrtext.ttf', 'mmrtextb.ttf', 'MOD20.TTF', 'modern.fon', 'monbaiti.ttf', 'msgothic.ttc', 'msjh.ttc', 'msjhbd.ttc', 'msjhl.ttc', 'msyh.ttc', 'msyhbd.ttc', 'msyhl.ttc', 'msyi.ttf', 'MTCORSVA.TTF', 'MTEXTRA.TTF', 'mvboli.ttf', 'NIAGENG.TTF', 'NIAGSOL.TTF', 'Nirmala.ttf', 'NirmalaB.ttf', 'NirmalaS.ttf', 'ntailu.ttf', 'ntailub.ttf', 'NumberOnly.ttf', 'OCRAEXT.TTF', 'OLDENGL.TTF', 'ONYX.TTF', 'OUTLOOK.TTF', 'pala.ttf', 'palab.ttf', 'palabi.ttf', 'palai.ttf', 'PALSCRI.TTF', 'PAPYRUS.TTF', 'PARCHM.TTF', 'PERBI___.TTF', 'PERB____.TTF', 'PERI____.TTF', 'PERTIBD.TTF', 'PERTILI.TTF', 'PER_____.TTF', 'phagspa.ttf', 'phagspab.ttf', 'PLAYBILL.TTF', 'POORICH.TTF', 'PRISTINA.TTF', 'RAGE.TTF', 'RAVIE.TTF', 'REFSAN.TTF', 'REFSPCL.TTF', 'ROCCB___.TTF', 'ROCC____.TTF', 'ROCK.TTF', 'ROCKB.TTF', 'ROCKBI.TTF', 'ROCKEB.TTF', 'ROCKI.TTF', 'roman.fon', 's8514fix.fon', 's8514oem.fon', 's8514sys.fon', 'SCHLBKB.TTF', 'SCHLBKBI.TTF', 'SCHLBKI.TTF', 'script.fon', 'SCRIPTBL.TTF', 'segmdl2.ttf', 'SegoeIcons.ttf', 'segoepr.ttf', 'segoeprb.ttf', 'segoesc.ttf', 'segoescb.ttf', 'segoeui.ttf', 'segoeuib.ttf', 'segoeuii.ttf', 'segoeuil.ttf', 'segoeuisl.ttf', 'segoeuiz.ttf', 'seguibl.ttf', 'seguibli.ttf', 'seguiemj.ttf', 'seguihis.ttf', 'seguili.ttf', 'seguisb.ttf', 'seguisbi.ttf', 'seguisli.ttf', 'seguisym.ttf', 'SegUIVar.ttf', 'sere1255.fon', 'sere1256.fon', 'sere1257.fon', 'serf1255.fon', 'serf1256.fon', 'serf1257.fon', 'serife.fon', 'serifee.fon', 'serifeg.fon', 'serifer.fon', 'serifet.fon', 'seriff.fon', 'seriffe.fon', 'seriffg.fon', 'seriffr.fon', 'serifft.fon', 'SHOWG.TTF', 'simfang.ttf', 'simhei.ttf', 'simkai.ttf', 'SIMLI.TTF', 'simsun.ttc', 'simsunb.ttf', 'SIMYOU.TTF', 'SitkaVF-Italic.ttf', 'SitkaVF.ttf', 'smae1255.fon', 'smae1256.fon', 'smae1257.fon', 'smaf1255.fon', 'smaf1256.fon', 'smaf1257.fon', 'smalle.fon', 'smallee.fon', 'smalleg.fon', 'smaller.fon', 'smallet.fon', 'smallf.fon', 'smallfe.fon', 'smallfg.fon', 'smallfr.fon', 'smallft.fon', 'SNAP____.TTF', 'ssee1255.fon', 'ssee1256.fon', 'ssee1257.fon', 'ssee874.fon', 'ssef1255.fon', 'ssef1256.fon', 'ssef1257.fon', 'ssef874.fon', 'sserife.fon', 'sserifee.fon', 'sserifeg.fon', 'sserifer.fon', 'sserifet.fon', 'sseriff.fon', 'sseriffe.fon', 'sseriffg.fon', 'sseriffr.fon', 'sserifft.fon', 'StaticCache.dat', 'STCAIYUN.TTF', 'STENCIL.TTF', 'STFANGSO.TTF', 'STHUPO.TTF', 'STKAITI.TTF', 'STLITI.TTF', 'STSONG.TTF', 'STXIHEI.TTF', 'STXINGKA.TTF', 'STXINWEI.TTF', 'STZHONGS.TTF', 'svgafix.fon', 'svgasys.fon', 'sylfaen.ttf', 'symbol.ttf', 'tahoma.ttf', 'tahomabd.ttf', 'taile.ttf', 'taileb.ttf', 'TCBI____.TTF', 'TCB_____.TTF', 'TCCB____.TTF', 'TCCEB.TTF', 'TCCM____.TTF', 'TCMI____.TTF', 'TCM_____.TTF', 'TEMPSITC.TTF', 'times.ttf', 'timesbd.ttf', 'timesbi.ttf', 'timesi.ttf', 'trebuc.ttf', 'trebucbd.ttf', 'trebucbi.ttf', 'trebucit.ttf', 'verdana.ttf', 'verdanab.ttf', 'verdanai.ttf', 'verdanaz.ttf', 'vga737.fon', 'vga775.fon', 'vga850.fon', 'vga852.fon', 'vga855.fon', 'vga857.fon', 'vga860.fon', 'vga861.fon', 'vga863.fon', 'vga865.fon', 'vga866.fon', 'vga869.fon', 'vga932.fon', 'vga936.fon', 'vga949.fon', 'vga950.fon', 'vgaf1255.fon', 'vgaf1256.fon', 'vgaf1257.fon', 'vgaf874.fon', 'vgafix.fon', 'vgafixe.fon', 'vgafixg.fon', 'vgafixr.fon', 'vgafixt.fon', 'vgaoem.fon', 'vgas1255.fon', 'vgas1256.fon', 'vgas1257.fon', 'vgas874.fon', 'vgasys.fon', 'vgasyse.fon', 'vgasysg.fon', 'vgasysr.fon', 'vgasyst.fon', 'VINERITC.TTF', 'VIVALDII.TTF', 'VLADIMIR.TTF', 'webdings.ttf', 'wingding.ttf', 'WINGDNG2.TTF', 'WINGDNG3.TTF', 'YuGothB.ttc', 'YuGothL.ttc', 'YuGothM.ttc', 'YuGothR.ttc', '\u534e\u5eb7\u65b9\u5706\u4f53W7.TTC', '\u65b9\u6b63\u7c97\u9ed1\u5b8b\u7b80\u4f53.ttf']
2023-09-27 15:57:52,959 - INFO - all fonts installed:['8514fix.fon', '8514fixe.fon', '8514fixg.fon', '8514fixr.fon', '8514fixt.fon', '8514oem.fon', '8514oeme.fon', '8514oemg.fon', '8514oemr.fon', '8514oemt.fon', '8514sys.fon', '8514syse.fon', '8514sysg.fon', '8514sysr.fon', '8514syst.fon', '85775.fon', '85855.fon', '85f1255.fon', '85f1256.fon', '85f1257.fon', '85f874.fon', '85s1255.fon', '85s1256.fon', '85s1257.fon', '85s874.fon', 'AGENCYB.TTF', 'AGENCYR.TTF', 'ALGER.TTF', 'ANTQUAB.TTF', 'ANTQUABI.TTF', 'ANTQUAI.TTF', 'app775.fon', 'app850.fon', 'app852.fon', 'app855.fon', 'app857.fon', 'app866.fon', 'app932.fon', 'app936.fon', 'app949.fon', 'app950.fon', 'arial.ttf', 'arialbd.ttf', 'arialbi.ttf', 'ariali.ttf', 'ARIALN.TTF', 'ARIALNB.TTF', 'ARIALNBI.TTF', 'ARIALNI.TTF', 'ariblk.ttf', 'ARLRDBD.TTF', 'AxureHandwriting-Bold.otf', 'AxureHandwriting-BoldItalic.otf', 'AxureHandwriting-Italic.otf', 'AxureHandwriting.otf', 'bahnschrift.ttf', 'BASKVILL.TTF', 'BAUHS93.TTF', 'BELL.TTF', 'BELLB.TTF', 'BELLI.TTF', 'BERNHC.TTF', 'BKANT.TTF', 'BOD_B.TTF', 'BOD_BI.TTF', 'BOD_BLAI.TTF', 'BOD_BLAR.TTF', 'BOD_CB.TTF', 'BOD_CBI.TTF', 'BOD_CI.TTF', 'BOD_CR.TTF', 'BOD_I.TTF', 'BOD_PSTC.TTF', 'BOD_R.TTF', 'BOOKOS.TTF', 'BOOKOSB.TTF', 'BOOKOSBI.TTF', 'BOOKOSI.TTF', 'BRADHITC.TTF', 'BRITANIC.TTF', 'BRLNSB.TTF', 'BRLNSDB.TTF', 'BRLNSR.TTF', 'BROADW.TTF', 'BRUSHSCI.TTF', 'BSSYM7.TTF', 'c8514fix.fon', 'c8514oem.fon', 'c8514sys.fon', 'calibri.ttf', 'calibrib.ttf', 'calibrii.ttf', 'calibril.ttf', 'calibrili.ttf', 'calibriz.ttf', 'CALIFB.TTF', 'CALIFI.TTF', 'CALIFR.TTF', 'CALIST.TTF', 'CALISTB.TTF', 'CALISTBI.TTF', 'CALISTI.TTF', 'cambria.ttc', 'cambriab.ttf', 'cambriai.ttf', 'cambriaz.ttf', 'Candara.ttf', 'Candarab.ttf', 'Candarai.ttf', 'Candaral.ttf', 'Candarali.ttf', 'Candaraz.ttf', 'CascadiaCode.ttf', 'CascadiaMono.ttf', 'CASTELAR.TTF', 'CENSCBK.TTF', 'CENTAUR.TTF', 'CENTURY.TTF', 'cga40737.fon', 'cga40850.fon', 'cga40852.fon', 'cga40857.fon', 'cga40866.fon', 'cga40869.fon', 'cga40woa.fon', 'cga80737.fon', 'cga80850.fon', 'cga80852.fon', 'cga80857.fon', 'cga80866.fon', 'cga80869.fon', 'cga80woa.fon', 'CHILLER.TTF', 'COLONNA.TTF', 'comic.ttf', 'comicbd.ttf', 'comici.ttf', 'comicz.ttf', 'consola.ttf', 'consolab.ttf', 'consolai.ttf', 'consolaz.ttf', 'constan.ttf', 'constanb.ttf', 'constani.ttf', 'constanz.ttf', 'COOPBL.TTF', 'COPRGTB.TTF', 'COPRGTL.TTF', 'corbel.ttf', 'corbelb.ttf', 'corbeli.ttf', 'corbell.ttf', 'corbelli.ttf', 'corbelz.ttf', 'coue1255.fon', 'coue1256.fon', 'coue1257.fon', 'couf1255.fon', 'couf1256.fon', 'couf1257.fon', 'cour.ttf', 'courbd.ttf', 'courbi.ttf', 'coure.fon', 'couree.fon', 'coureg.fon', 'courer.fon', 'couret.fon', 'courf.fon', 'courfe.fon', 'courfg.fon', 'courfr.fon', 'courft.fon', 'couri.ttf', 'CURLZ___.TTF', 'cvgafix.fon', 'cvgasys.fon', 'Deng.ttf', 'Dengb.ttf', 'Dengl.ttf', 'desktop.ini', 'dos737.fon', 'dos869.fon', 'dosapp.fon', 'DUBAI-BOLD.TTF', 'DUBAI-LIGHT.TTF', 'DUBAI-MEDIUM.TTF', 'DUBAI-REGULAR.TTF', 'ebrima.ttf', 'ebrimabd.ttf', 'ega40737.fon', 'ega40850.fon', 'ega40852.fon', 'ega40857.fon', 'ega40866.fon', 'ega40869.fon', 'ega40woa.fon', 'ega80737.fon', 'ega80850.fon', 'ega80852.fon', 'ega80857.fon', 'ega80866.fon', 'ega80869.fon', 'ega80woa.fon', 'ELEPHNT.TTF', 'ELEPHNTI.TTF', 'ENGR.TTF', 'ERASBD.TTF', 'ERASDEMI.TTF', 'ERASLGHT.TTF', 'ERASMD.TTF', 'FELIXTI.TTF', 'fms_metadata.xml', 'FORTE.TTF', 'FRABK.TTF', 'FRABKIT.TTF', 'FRADM.TTF', 'FRADMCN.TTF', 'FRADMIT.TTF', 'FRAHV.TTF', 'FRAHVIT.TTF', 'framd.ttf', 'FRAMDCN.TTF', 'framdit.ttf', 'FREESCPT.TTF', 'FRSCRIPT.TTF', 'FTLTLT.TTF', 'FZSTK.TTF', 'FZYTK.TTF', 'Gabriola.ttf', 'gadugi.ttf', 'gadugib.ttf', 'GARA.TTF', 'GARABD.TTF', 'GARAIT.TTF', 'georgia.ttf', 'georgiab.ttf', 'georgiai.ttf', 'georgiaz.ttf', 'GIGI.TTF', 'GILBI___.TTF', 'GILB____.TTF', 'GILC____.TTF', 'GILI____.TTF', 'GILLUBCD.TTF', 'GILSANUB.TTF', 'GIL_____.TTF', 'GLECB.TTF', 'GlobalMonospace.CompositeFont', 'GlobalSansSerif.CompositeFont', 'GlobalSerif.CompositeFont', 'GlobalUserInterface.CompositeFont', 'GLSNECB.TTF', 'GOTHIC.TTF', 'GOTHICB.TTF', 'GOTHICBI.TTF', 'GOTHICI.TTF', 'GOUDOS.TTF', 'GOUDOSB.TTF', 'GOUDOSI.TTF', 'GOUDYSTO.TTF', 'h8514fix.fon', 'h8514oem.fon', 'h8514sys.fon', 'HARLOWSI.TTF', 'HARNGTON.TTF', 'HATTEN.TTF', 'HGB1X_CNKI.ttf', 'HGB1_CNKI.ttf', 'HGB2X_CNKI.ttf', 'HGB2_CNKI.ttf', 'HGB3X_CNKI.ttf', 'HGB3_CNKI.ttf', 'HGB4X_CNKI.ttf', 'HGB4_CNKI.ttf', 'HGB5X_CNKI.ttf', 'HGB5_CNKI.ttf', 'HGB6X_CNKI.ttf', 'HGB6_CNKI.ttf', 'HGB7X_CNKI.ttf', 'HGB7_CNKI.ttf', 'HGB8X_CNKI.ttf', 'HGB8_CNKI.ttf', 'HGBD_CNKI.ttf', 'HGBKBX_CNKI.ttf', 'HGBKB_CNKI.ttf', 'HGBKHX_CNKI.ttf', 'HGBKH_CNKI.ttf', 'HGBS1_CNKI.TTF', 'HGBS2_CNKI.TTF', 'HGBS_CNKI.TTF', 'HGBTH_CNKI.TTF', 'HGBTS_CNKI.TTF', 'HGBX_CNKI.ttf', 'HGBZ_CNKI.ttf', 'HGCH_CNKI.TTF', 'HGCUH_CNKI.TTF', 'HGCY_CNKI.TTF', 'HGDBS_CNKI.TTF', 'HGDGY_CNKI.TTF', 'HGDH2_CNKI.TTF', 'HGDH_CNKI.TTF', 'HGDYS_CNKI.TTF', 'HGDY_CNKI.ttf', 'HGF1X_CNKI.ttf', 'HGF1_CNKI.ttf', 'HGF2X_CNKI.ttf', 'HGF2_CNKI.ttf', 'HGF3_CNKI.ttf', 'HGF4X_CNKI.ttf', 'HGF4_CNKI.ttf', 'HGF5X_CNKI.ttf', 'HGF5_CNKI.ttf', 'HGF6X_CNKI.ttf', 'HGF6_CNKI.ttf', 'HGF7X_CNKI.ttf', 'HGF7_CNKI.ttf', 'HGF8_CNKI.ttf', 'HGF9X_CNKI.ttf', 'HGF9_CNKI.ttf', 'HGFS1_CNKI.TTF', 'HGFS2_CNKI.TTF', 'HGFSH_CNKI.TTF', 'HGFS_CNKI.TTF', 'HGFX_CNKI.ttf', 'HGFZ_CNKI.ttf', 'HGGG_CNKI.TTF', 'HGH1X_CNKI.ttf', 'HGH1_CNKI.ttf', 'HGH2X_CNKI.ttf', 'HGH2_CNKI.ttf', 'HGH3X_CNKI.ttf', 'HGH3_CNKI.ttf', 'HGH4X_CNKI.ttf', 'HGH4_CNKI.ttf', 'HGH5X_CNKI.ttf', 'HGH5_CNKI.ttf', 'HGH6X_CNKI.ttf', 'HGH6_CNKI.ttf', 'HGH7X_CNKI.ttf', 'HGH7_CNKI.ttf', 'HGHB_CNKI.TTF', 'HGHD_CNKI.ttf', 'HGHP_CNKI.TTF', 'HGHT1_CNKI.ttf', 'HGHT2_CNKI.ttf', 'HGHUATI_CNKI.ttf', 'HGHX_CNKI.ttf', 'HGHZ_CNKI.ttf', 'HGH_CNKI.TTF', 'HGKT1_CNKI.TTF', 'HGKT2_CNKI.TTF', 'HGKT_CNKI.TTF', 'HGKY_CNKI.ttf', 'HGLB_CNKI.TTF', 'HGLS_CNKI.TTF', 'HGMH_CNKI.TTF', 'HGNBS_CNKI.ttf', 'HGOCR_CNKI.ttf', 'HGPH_CNKI.TTF', 'HGPTY_CNKI.TTF', 'HGSS1_CNKI.TTF', 'HGSS2_CNKI.TTF', 'HGSS_CNKI.TTF', 'HGSXT_CNKI.ttf', 'HGTT_CNKI.ttf', 'HGTX_CNKI.TTF', 'HGWT_CNKI.TTF', 'HGWYS_CNKI.TTF', 'HGX1X_CNKI.ttf', 'HGX1_CNKI.ttf', 'HGXBS_CNKI.TTF', 'HGXC_CNKI.TTF', 'HGXF1_CNKI.ttf', 'HGXFX_CNKI.ttf', 'HGXFZ_CNKI.ttf', 'HGXH1_CNKI.TTF', 'HGXH_CNKI.TTF', 'HGXK_CNKI.TTF', 'HGXL_CNKI.TTF', 'HGXS_CNKI.TTF', 'HGXT_CNKI.ttf', 'HGXY_CNKI.ttf', 'HGY1_CNKI.TTF', 'HGY2_CNKI.TTF', 'HGY3_CNKI.TTF', 'HGY4_CNKI.TTF', 'HGYB_CNKI.ttf', 'HGYT1_CNKI.ttf', 'HGYT2_CNKI.ttf', 'HGYT_CNKI.TTF', 'HGYX_CNKI.TTF', 'HGZCS_CNKI.TTF', 'HGZDX_CNKI.TTF', 'HGZK_CNKI.TTF', 'HGZYT_CNKI.TTF', 'HGZY_CNKI.TTF', 'himalaya.ttf', 'holomdl2.ttf', 'HTOWERT.TTF', 'HTOWERTI.TTF', 'hvgafix.fon', 'hvgasys.fon', 'impact.ttf', 'IMPRISHA.TTF', 'INFROMAN.TTF', 'Inkfree.ttf', 'iqiyi_logov7.ttf', 'ITCBLKAD.TTF', 'ITCEDSCR.TTF', 'ITCKRIST.TTF', 'j8514fix.fon', 'j8514oem.fon', 'j8514sys.fon', 'javatext.ttf', 'JOKERMAN.TTF', 'jsmalle.fon', 'jsmallf.fon', 'JUICE___.TTF', 'jvgafix.fon', 'jvgasys.fon', 'KUNSTLER.TTF', 'LATINWD.TTF', 'LBRITE.TTF', 'LBRITED.TTF', 'LBRITEDI.TTF', 'LBRITEI.TTF', 'LCALLIG.TTF', 'LeelaUIb.ttf', 'LeelawUI.ttf', 'LeelUIsl.ttf', 'LFAX.TTF', 'LFAXD.TTF', 'LFAXDI.TTF', 'LFAXI.TTF', 'LHANDW.TTF', 'LSANS.TTF', 'LSANSD.TTF', 'LSANSDI.TTF', 'LSANSI.TTF', 'LTYPE.TTF', 'LTYPEB.TTF', 'LTYPEBO.TTF', 'LTYPEO.TTF', 'lucon.ttf', 'l_10646.ttf', 'MAGNETOB.TTF', 'MAIAN.TTF', 'malgun.ttf', 'malgunbd.ttf', 'malgunsl.ttf', 'marlett.ttf', 'MATURASC.TTF', 'micross.ttf', 'mingliub.ttc', 'MISTRAL.TTF', 'mmrtext.ttf', 'mmrtextb.ttf', 'MOD20.TTF', 'modern.fon', 'monbaiti.ttf', 'msgothic.ttc', 'msjh.ttc', 'msjhbd.ttc', 'msjhl.ttc', 'msyh.ttc', 'msyhbd.ttc', 'msyhl.ttc', 'msyi.ttf', 'MTCORSVA.TTF', 'MTEXTRA.TTF', 'mvboli.ttf', 'NIAGENG.TTF', 'NIAGSOL.TTF', 'Nirmala.ttf', 'NirmalaB.ttf', 'NirmalaS.ttf', 'ntailu.ttf', 'ntailub.ttf', 'NumberOnly.ttf', 'OCRAEXT.TTF', 'OLDENGL.TTF', 'ONYX.TTF', 'OUTLOOK.TTF', 'pala.ttf', 'palab.ttf', 'palabi.ttf', 'palai.ttf', 'PALSCRI.TTF', 'PAPYRUS.TTF', 'PARCHM.TTF', 'PERBI___.TTF', 'PERB____.TTF', 'PERI____.TTF', 'PERTIBD.TTF', 'PERTILI.TTF', 'PER_____.TTF', 'phagspa.ttf', 'phagspab.ttf', 'PLAYBILL.TTF', 'POORICH.TTF', 'PRISTINA.TTF', 'RAGE.TTF', 'RAVIE.TTF', 'REFSAN.TTF', 'REFSPCL.TTF', 'ROCCB___.TTF', 'ROCC____.TTF', 'ROCK.TTF', 'ROCKB.TTF', 'ROCKBI.TTF', 'ROCKEB.TTF', 'ROCKI.TTF', 'roman.fon', 's8514fix.fon', 's8514oem.fon', 's8514sys.fon', 'SCHLBKB.TTF', 'SCHLBKBI.TTF', 'SCHLBKI.TTF', 'script.fon', 'SCRIPTBL.TTF', 'segmdl2.ttf', 'SegoeIcons.ttf', 'segoepr.ttf', 'segoeprb.ttf', 'segoesc.ttf', 'segoescb.ttf', 'segoeui.ttf', 'segoeuib.ttf', 'segoeuii.ttf', 'segoeuil.ttf', 'segoeuisl.ttf', 'segoeuiz.ttf', 'seguibl.ttf', 'seguibli.ttf', 'seguiemj.ttf', 'seguihis.ttf', 'seguili.ttf', 'seguisb.ttf', 'seguisbi.ttf', 'seguisli.ttf', 'seguisym.ttf', 'SegUIVar.ttf', 'sere1255.fon', 'sere1256.fon', 'sere1257.fon', 'serf1255.fon', 'serf1256.fon', 'serf1257.fon', 'serife.fon', 'serifee.fon', 'serifeg.fon', 'serifer.fon', 'serifet.fon', 'seriff.fon', 'seriffe.fon', 'seriffg.fon', 'seriffr.fon', 'serifft.fon', 'SHOWG.TTF', 'simfang.ttf', 'simhei.ttf', 'simkai.ttf', 'SIMLI.TTF', 'simsun.ttc', 'simsunb.ttf', 'SIMYOU.TTF', 'SitkaVF-Italic.ttf', 'SitkaVF.ttf', 'smae1255.fon', 'smae1256.fon', 'smae1257.fon', 'smaf1255.fon', 'smaf1256.fon', 'smaf1257.fon', 'smalle.fon', 'smallee.fon', 'smalleg.fon', 'smaller.fon', 'smallet.fon', 'smallf.fon', 'smallfe.fon', 'smallfg.fon', 'smallfr.fon', 'smallft.fon', 'SNAP____.TTF', 'ssee1255.fon', 'ssee1256.fon', 'ssee1257.fon', 'ssee874.fon', 'ssef1255.fon', 'ssef1256.fon', 'ssef1257.fon', 'ssef874.fon', 'sserife.fon', 'sserifee.fon', 'sserifeg.fon', 'sserifer.fon', 'sserifet.fon', 'sseriff.fon', 'sseriffe.fon', 'sseriffg.fon', 'sseriffr.fon', 'sserifft.fon', 'StaticCache.dat', 'STCAIYUN.TTF', 'STENCIL.TTF', 'STFANGSO.TTF', 'STHUPO.TTF', 'STKAITI.TTF', 'STLITI.TTF', 'STSONG.TTF', 'STXIHEI.TTF', 'STXINGKA.TTF', 'STXINWEI.TTF', 'STZHONGS.TTF', 'svgafix.fon', 'svgasys.fon', 'sylfaen.ttf', 'symbol.ttf', 'tahoma.ttf', 'tahomabd.ttf', 'taile.ttf', 'taileb.ttf', 'TCBI____.TTF', 'TCB_____.TTF', 'TCCB____.TTF', 'TCCEB.TTF', 'TCCM____.TTF', 'TCMI____.TTF', 'TCM_____.TTF', 'TEMPSITC.TTF', 'times.ttf', 'timesbd.ttf', 'timesbi.ttf', 'timesi.ttf', 'trebuc.ttf', 'trebucbd.ttf', 'trebucbi.ttf', 'trebucit.ttf', 'verdana.ttf', 'verdanab.ttf', 'verdanai.ttf', 'verdanaz.ttf', 'vga737.fon', 'vga775.fon', 'vga850.fon', 'vga852.fon', 'vga855.fon', 'vga857.fon', 'vga860.fon', 'vga861.fon', 'vga863.fon', 'vga865.fon', 'vga866.fon', 'vga869.fon', 'vga932.fon', 'vga936.fon', 'vga949.fon', 'vga950.fon', 'vgaf1255.fon', 'vgaf1256.fon', 'vgaf1257.fon', 'vgaf874.fon', 'vgafix.fon', 'vgafixe.fon', 'vgafixg.fon', 'vgafixr.fon', 'vgafixt.fon', 'vgaoem.fon', 'vgas1255.fon', 'vgas1256.fon', 'vgas1257.fon', 'vgas874.fon', 'vgasys.fon', 'vgasyse.fon', 'vgasysg.fon', 'vgasysr.fon', 'vgasyst.fon', 'VINERITC.TTF', 'VIVALDII.TTF', 'VLADIMIR.TTF', 'webdings.ttf', 'wingding.ttf', 'WINGDNG2.TTF', 'WINGDNG3.TTF', 'YuGothB.ttc', 'YuGothL.ttc', 'YuGothM.ttc', 'YuGothR.ttc', '\u534e\u5eb7\u65b9\u5706\u4f53W7.TTC', '\u65b9\u6b63\u7c97\u9ed1\u5b8b\u7b80\u4f53.ttf']
2023-09-27 15:57:52,964 - INFO - all fonts installed:['8514fix.fon', '8514fixe.fon', '8514fixg.fon', '8514fixr.fon', '8514fixt.fon', '8514oem.fon', '8514oeme.fon', '8514oemg.fon', '8514oemr.fon', '8514oemt.fon', '8514sys.fon', '8514syse.fon', '8514sysg.fon', '8514sysr.fon', '8514syst.fon', '85775.fon', '85855.fon', '85f1255.fon', '85f1256.fon', '85f1257.fon', '85f874.fon', '85s1255.fon', '85s1256.fon', '85s1257.fon', '85s874.fon', 'AGENCYB.TTF', 'AGENCYR.TTF', 'ALGER.TTF', 'ANTQUAB.TTF', 'ANTQUABI.TTF', 'ANTQUAI.TTF', 'app775.fon', 'app850.fon', 'app852.fon', 'app855.fon', 'app857.fon', 'app866.fon', 'app932.fon', 'app936.fon', 'app949.fon', 'app950.fon', 'arial.ttf', 'arialbd.ttf', 'arialbi.ttf', 'ariali.ttf', 'ARIALN.TTF', 'ARIALNB.TTF', 'ARIALNBI.TTF', 'ARIALNI.TTF', 'ariblk.ttf', 'ARLRDBD.TTF', 'AxureHandwriting-Bold.otf', 'AxureHandwriting-BoldItalic.otf', 'AxureHandwriting-Italic.otf', 'AxureHandwriting.otf', 'bahnschrift.ttf', 'BASKVILL.TTF', 'BAUHS93.TTF', 'BELL.TTF', 'BELLB.TTF', 'BELLI.TTF', 'BERNHC.TTF', 'BKANT.TTF', 'BOD_B.TTF', 'BOD_BI.TTF', 'BOD_BLAI.TTF', 'BOD_BLAR.TTF', 'BOD_CB.TTF', 'BOD_CBI.TTF', 'BOD_CI.TTF', 'BOD_CR.TTF', 'BOD_I.TTF', 'BOD_PSTC.TTF', 'BOD_R.TTF', 'BOOKOS.TTF', 'BOOKOSB.TTF', 'BOOKOSBI.TTF', 'BOOKOSI.TTF', 'BRADHITC.TTF', 'BRITANIC.TTF', 'BRLNSB.TTF', 'BRLNSDB.TTF', 'BRLNSR.TTF', 'BROADW.TTF', 'BRUSHSCI.TTF', 'BSSYM7.TTF', 'c8514fix.fon', 'c8514oem.fon', 'c8514sys.fon', 'calibri.ttf', 'calibrib.ttf', 'calibrii.ttf', 'calibril.ttf', 'calibrili.ttf', 'calibriz.ttf', 'CALIFB.TTF', 'CALIFI.TTF', 'CALIFR.TTF', 'CALIST.TTF', 'CALISTB.TTF', 'CALISTBI.TTF', 'CALISTI.TTF', 'cambria.ttc', 'cambriab.ttf', 'cambriai.ttf', 'cambriaz.ttf', 'Candara.ttf', 'Candarab.ttf', 'Candarai.ttf', 'Candaral.ttf', 'Candarali.ttf', 'Candaraz.ttf', 'CascadiaCode.ttf', 'CascadiaMono.ttf', 'CASTELAR.TTF', 'CENSCBK.TTF', 'CENTAUR.TTF', 'CENTURY.TTF', 'cga40737.fon', 'cga40850.fon', 'cga40852.fon', 'cga40857.fon', 'cga40866.fon', 'cga40869.fon', 'cga40woa.fon', 'cga80737.fon', 'cga80850.fon', 'cga80852.fon', 'cga80857.fon', 'cga80866.fon', 'cga80869.fon', 'cga80woa.fon', 'CHILLER.TTF', 'COLONNA.TTF', 'comic.ttf', 'comicbd.ttf', 'comici.ttf', 'comicz.ttf', 'consola.ttf', 'consolab.ttf', 'consolai.ttf', 'consolaz.ttf', 'constan.ttf', 'constanb.ttf', 'constani.ttf', 'constanz.ttf', 'COOPBL.TTF', 'COPRGTB.TTF', 'COPRGTL.TTF', 'corbel.ttf', 'corbelb.ttf', 'corbeli.ttf', 'corbell.ttf', 'corbelli.ttf', 'corbelz.ttf', 'coue1255.fon', 'coue1256.fon', 'coue1257.fon', 'couf1255.fon', 'couf1256.fon', 'couf1257.fon', 'cour.ttf', 'courbd.ttf', 'courbi.ttf', 'coure.fon', 'couree.fon', 'coureg.fon', 'courer.fon', 'couret.fon', 'courf.fon', 'courfe.fon', 'courfg.fon', 'courfr.fon', 'courft.fon', 'couri.ttf', 'CURLZ___.TTF', 'cvgafix.fon', 'cvgasys.fon', 'Deng.ttf', 'Dengb.ttf', 'Dengl.ttf', 'desktop.ini', 'dos737.fon', 'dos869.fon', 'dosapp.fon', 'DUBAI-BOLD.TTF', 'DUBAI-LIGHT.TTF', 'DUBAI-MEDIUM.TTF', 'DUBAI-REGULAR.TTF', 'ebrima.ttf', 'ebrimabd.ttf', 'ega40737.fon', 'ega40850.fon', 'ega40852.fon', 'ega40857.fon', 'ega40866.fon', 'ega40869.fon', 'ega40woa.fon', 'ega80737.fon', 'ega80850.fon', 'ega80852.fon', 'ega80857.fon', 'ega80866.fon', 'ega80869.fon', 'ega80woa.fon', 'ELEPHNT.TTF', 'ELEPHNTI.TTF', 'ENGR.TTF', 'ERASBD.TTF', 'ERASDEMI.TTF', 'ERASLGHT.TTF', 'ERASMD.TTF', 'FELIXTI.TTF', 'fms_metadata.xml', 'FORTE.TTF', 'FRABK.TTF', 'FRABKIT.TTF', 'FRADM.TTF', 'FRADMCN.TTF', 'FRADMIT.TTF', 'FRAHV.TTF', 'FRAHVIT.TTF', 'framd.ttf', 'FRAMDCN.TTF', 'framdit.ttf', 'FREESCPT.TTF', 'FRSCRIPT.TTF', 'FTLTLT.TTF', 'FZSTK.TTF', 'FZYTK.TTF', 'Gabriola.ttf', 'gadugi.ttf', 'gadugib.ttf', 'GARA.TTF', 'GARABD.TTF', 'GARAIT.TTF', 'georgia.ttf', 'georgiab.ttf', 'georgiai.ttf', 'georgiaz.ttf', 'GIGI.TTF', 'GILBI___.TTF', 'GILB____.TTF', 'GILC____.TTF', 'GILI____.TTF', 'GILLUBCD.TTF', 'GILSANUB.TTF', 'GIL_____.TTF', 'GLECB.TTF', 'GlobalMonospace.CompositeFont', 'GlobalSansSerif.CompositeFont', 'GlobalSerif.CompositeFont', 'GlobalUserInterface.CompositeFont', 'GLSNECB.TTF', 'GOTHIC.TTF', 'GOTHICB.TTF', 'GOTHICBI.TTF', 'GOTHICI.TTF', 'GOUDOS.TTF', 'GOUDOSB.TTF', 'GOUDOSI.TTF', 'GOUDYSTO.TTF', 'h8514fix.fon', 'h8514oem.fon', 'h8514sys.fon', 'HARLOWSI.TTF', 'HARNGTON.TTF', 'HATTEN.TTF', 'HGB1X_CNKI.ttf', 'HGB1_CNKI.ttf', 'HGB2X_CNKI.ttf', 'HGB2_CNKI.ttf', 'HGB3X_CNKI.ttf', 'HGB3_CNKI.ttf', 'HGB4X_CNKI.ttf', 'HGB4_CNKI.ttf', 'HGB5X_CNKI.ttf', 'HGB5_CNKI.ttf', 'HGB6X_CNKI.ttf', 'HGB6_CNKI.ttf', 'HGB7X_CNKI.ttf', 'HGB7_CNKI.ttf', 'HGB8X_CNKI.ttf', 'HGB8_CNKI.ttf', 'HGBD_CNKI.ttf', 'HGBKBX_CNKI.ttf', 'HGBKB_CNKI.ttf', 'HGBKHX_CNKI.ttf', 'HGBKH_CNKI.ttf', 'HGBS1_CNKI.TTF', 'HGBS2_CNKI.TTF', 'HGBS_CNKI.TTF', 'HGBTH_CNKI.TTF', 'HGBTS_CNKI.TTF', 'HGBX_CNKI.ttf', 'HGBZ_CNKI.ttf', 'HGCH_CNKI.TTF', 'HGCUH_CNKI.TTF', 'HGCY_CNKI.TTF', 'HGDBS_CNKI.TTF', 'HGDGY_CNKI.TTF', 'HGDH2_CNKI.TTF', 'HGDH_CNKI.TTF', 'HGDYS_CNKI.TTF', 'HGDY_CNKI.ttf', 'HGF1X_CNKI.ttf', 'HGF1_CNKI.ttf', 'HGF2X_CNKI.ttf', 'HGF2_CNKI.ttf', 'HGF3_CNKI.ttf', 'HGF4X_CNKI.ttf', 'HGF4_CNKI.ttf', 'HGF5X_CNKI.ttf', 'HGF5_CNKI.ttf', 'HGF6X_CNKI.ttf', 'HGF6_CNKI.ttf', 'HGF7X_CNKI.ttf', 'HGF7_CNKI.ttf', 'HGF8_CNKI.ttf', 'HGF9X_CNKI.ttf', 'HGF9_CNKI.ttf', 'HGFS1_CNKI.TTF', 'HGFS2_CNKI.TTF', 'HGFSH_CNKI.TTF', 'HGFS_CNKI.TTF', 'HGFX_CNKI.ttf', 'HGFZ_CNKI.ttf', 'HGGG_CNKI.TTF', 'HGH1X_CNKI.ttf', 'HGH1_CNKI.ttf', 'HGH2X_CNKI.ttf', 'HGH2_CNKI.ttf', 'HGH3X_CNKI.ttf', 'HGH3_CNKI.ttf', 'HGH4X_CNKI.ttf', 'HGH4_CNKI.ttf', 'HGH5X_CNKI.ttf', 'HGH5_CNKI.ttf', 'HGH6X_CNKI.ttf', 'HGH6_CNKI.ttf', 'HGH7X_CNKI.ttf', 'HGH7_CNKI.ttf', 'HGHB_CNKI.TTF', 'HGHD_CNKI.ttf', 'HGHP_CNKI.TTF', 'HGHT1_CNKI.ttf', 'HGHT2_CNKI.ttf', 'HGHUATI_CNKI.ttf', 'HGHX_CNKI.ttf', 'HGHZ_CNKI.ttf', 'HGH_CNKI.TTF', 'HGKT1_CNKI.TTF', 'HGKT2_CNKI.TTF', 'HGKT_CNKI.TTF', 'HGKY_CNKI.ttf', 'HGLB_CNKI.TTF', 'HGLS_CNKI.TTF', 'HGMH_CNKI.TTF', 'HGNBS_CNKI.ttf', 'HGOCR_CNKI.ttf', 'HGPH_CNKI.TTF', 'HGPTY_CNKI.TTF', 'HGSS1_CNKI.TTF', 'HGSS2_CNKI.TTF', 'HGSS_CNKI.TTF', 'HGSXT_CNKI.ttf', 'HGTT_CNKI.ttf', 'HGTX_CNKI.TTF', 'HGWT_CNKI.TTF', 'HGWYS_CNKI.TTF', 'HGX1X_CNKI.ttf', 'HGX1_CNKI.ttf', 'HGXBS_CNKI.TTF', 'HGXC_CNKI.TTF', 'HGXF1_CNKI.ttf', 'HGXFX_CNKI.ttf', 'HGXFZ_CNKI.ttf', 'HGXH1_CNKI.TTF', 'HGXH_CNKI.TTF', 'HGXK_CNKI.TTF', 'HGXL_CNKI.TTF', 'HGXS_CNKI.TTF', 'HGXT_CNKI.ttf', 'HGXY_CNKI.ttf', 'HGY1_CNKI.TTF', 'HGY2_CNKI.TTF', 'HGY3_CNKI.TTF', 'HGY4_CNKI.TTF', 'HGYB_CNKI.ttf', 'HGYT1_CNKI.ttf', 'HGYT2_CNKI.ttf', 'HGYT_CNKI.TTF', 'HGYX_CNKI.TTF', 'HGZCS_CNKI.TTF', 'HGZDX_CNKI.TTF', 'HGZK_CNKI.TTF', 'HGZYT_CNKI.TTF', 'HGZY_CNKI.TTF', 'himalaya.ttf', 'holomdl2.ttf', 'HTOWERT.TTF', 'HTOWERTI.TTF', 'hvgafix.fon', 'hvgasys.fon', 'impact.ttf', 'IMPRISHA.TTF', 'INFROMAN.TTF', 'Inkfree.ttf', 'iqiyi_logov7.ttf', 'ITCBLKAD.TTF', 'ITCEDSCR.TTF', 'ITCKRIST.TTF', 'j8514fix.fon', 'j8514oem.fon', 'j8514sys.fon', 'javatext.ttf', 'JOKERMAN.TTF', 'jsmalle.fon', 'jsmallf.fon', 'JUICE___.TTF', 'jvgafix.fon', 'jvgasys.fon', 'KUNSTLER.TTF', 'LATINWD.TTF', 'LBRITE.TTF', 'LBRITED.TTF', 'LBRITEDI.TTF', 'LBRITEI.TTF', 'LCALLIG.TTF', 'LeelaUIb.ttf', 'LeelawUI.ttf', 'LeelUIsl.ttf', 'LFAX.TTF', 'LFAXD.TTF', 'LFAXDI.TTF', 'LFAXI.TTF', 'LHANDW.TTF', 'LSANS.TTF', 'LSANSD.TTF', 'LSANSDI.TTF', 'LSANSI.TTF', 'LTYPE.TTF', 'LTYPEB.TTF', 'LTYPEBO.TTF', 'LTYPEO.TTF', 'lucon.ttf', 'l_10646.ttf', 'MAGNETOB.TTF', 'MAIAN.TTF', 'malgun.ttf', 'malgunbd.ttf', 'malgunsl.ttf', 'marlett.ttf', 'MATURASC.TTF', 'micross.ttf', 'mingliub.ttc', 'MISTRAL.TTF', 'mmrtext.ttf', 'mmrtextb.ttf', 'MOD20.TTF', 'modern.fon', 'monbaiti.ttf', 'msgothic.ttc', 'msjh.ttc', 'msjhbd.ttc', 'msjhl.ttc', 'msyh.ttc', 'msyhbd.ttc', 'msyhl.ttc', 'msyi.ttf', 'MTCORSVA.TTF', 'MTEXTRA.TTF', 'mvboli.ttf', 'NIAGENG.TTF', 'NIAGSOL.TTF', 'Nirmala.ttf', 'NirmalaB.ttf', 'NirmalaS.ttf', 'ntailu.ttf', 'ntailub.ttf', 'NumberOnly.ttf', 'OCRAEXT.TTF', 'OLDENGL.TTF', 'ONYX.TTF', 'OUTLOOK.TTF', 'pala.ttf', 'palab.ttf', 'palabi.ttf', 'palai.ttf', 'PALSCRI.TTF', 'PAPYRUS.TTF', 'PARCHM.TTF', 'PERBI___.TTF', 'PERB____.TTF', 'PERI____.TTF', 'PERTIBD.TTF', 'PERTILI.TTF', 'PER_____.TTF', 'phagspa.ttf', 'phagspab.ttf', 'PLAYBILL.TTF', 'POORICH.TTF', 'PRISTINA.TTF', 'RAGE.TTF', 'RAVIE.TTF', 'REFSAN.TTF', 'REFSPCL.TTF', 'ROCCB___.TTF', 'ROCC____.TTF', 'ROCK.TTF', 'ROCKB.TTF', 'ROCKBI.TTF', 'ROCKEB.TTF', 'ROCKI.TTF', 'roman.fon', 's8514fix.fon', 's8514oem.fon', 's8514sys.fon', 'SCHLBKB.TTF', 'SCHLBKBI.TTF', 'SCHLBKI.TTF', 'script.fon', 'SCRIPTBL.TTF', 'segmdl2.ttf', 'SegoeIcons.ttf', 'segoepr.ttf', 'segoeprb.ttf', 'segoesc.ttf', 'segoescb.ttf', 'segoeui.ttf', 'segoeuib.ttf', 'segoeuii.ttf', 'segoeuil.ttf', 'segoeuisl.ttf', 'segoeuiz.ttf', 'seguibl.ttf', 'seguibli.ttf', 'seguiemj.ttf', 'seguihis.ttf', 'seguili.ttf', 'seguisb.ttf', 'seguisbi.ttf', 'seguisli.ttf', 'seguisym.ttf', 'SegUIVar.ttf', 'sere1255.fon', 'sere1256.fon', 'sere1257.fon', 'serf1255.fon', 'serf1256.fon', 'serf1257.fon', 'serife.fon', 'serifee.fon', 'serifeg.fon', 'serifer.fon', 'serifet.fon', 'seriff.fon', 'seriffe.fon', 'seriffg.fon', 'seriffr.fon', 'serifft.fon', 'SHOWG.TTF', 'simfang.ttf', 'simhei.ttf', 'simkai.ttf', 'SIMLI.TTF', 'simsun.ttc', 'simsunb.ttf', 'SIMYOU.TTF', 'SitkaVF-Italic.ttf', 'SitkaVF.ttf', 'smae1255.fon', 'smae1256.fon', 'smae1257.fon', 'smaf1255.fon', 'smaf1256.fon', 'smaf1257.fon', 'smalle.fon', 'smallee.fon', 'smalleg.fon', 'smaller.fon', 'smallet.fon', 'smallf.fon', 'smallfe.fon', 'smallfg.fon', 'smallfr.fon', 'smallft.fon', 'SNAP____.TTF', 'ssee1255.fon', 'ssee1256.fon', 'ssee1257.fon', 'ssee874.fon', 'ssef1255.fon', 'ssef1256.fon', 'ssef1257.fon', 'ssef874.fon', 'sserife.fon', 'sserifee.fon', 'sserifeg.fon', 'sserifer.fon', 'sserifet.fon', 'sseriff.fon', 'sseriffe.fon', 'sseriffg.fon', 'sseriffr.fon', 'sserifft.fon', 'StaticCache.dat', 'STCAIYUN.TTF', 'STENCIL.TTF', 'STFANGSO.TTF', 'STHUPO.TTF', 'STKAITI.TTF', 'STLITI.TTF', 'STSONG.TTF', 'STXIHEI.TTF', 'STXINGKA.TTF', 'STXINWEI.TTF', 'STZHONGS.TTF', 'svgafix.fon', 'svgasys.fon', 'sylfaen.ttf', 'symbol.ttf', 'tahoma.ttf', 'tahomabd.ttf', 'taile.ttf', 'taileb.ttf', 'TCBI____.TTF', 'TCB_____.TTF', 'TCCB____.TTF', 'TCCEB.TTF', 'TCCM____.TTF', 'TCMI____.TTF', 'TCM_____.TTF', 'TEMPSITC.TTF', 'times.ttf', 'timesbd.ttf', 'timesbi.ttf', 'timesi.ttf', 'trebuc.ttf', 'trebucbd.ttf', 'trebucbi.ttf', 'trebucit.ttf', 'verdana.ttf', 'verdanab.ttf', 'verdanai.ttf', 'verdanaz.ttf', 'vga737.fon', 'vga775.fon', 'vga850.fon', 'vga852.fon', 'vga855.fon', 'vga857.fon', 'vga860.fon', 'vga861.fon', 'vga863.fon', 'vga865.fon', 'vga866.fon', 'vga869.fon', 'vga932.fon', 'vga936.fon', 'vga949.fon', 'vga950.fon', 'vgaf1255.fon', 'vgaf1256.fon', 'vgaf1257.fon', 'vgaf874.fon', 'vgafix.fon', 'vgafixe.fon', 'vgafixg.fon', 'vgafixr.fon', 'vgafixt.fon', 'vgaoem.fon', 'vgas1255.fon', 'vgas1256.fon', 'vgas1257.fon', 'vgas874.fon', 'vgasys.fon', 'vgasyse.fon', 'vgasysg.fon', 'vgasysr.fon', 'vgasyst.fon', 'VINERITC.TTF', 'VIVALDII.TTF', 'VLADIMIR.TTF', 'webdings.ttf', 'wingding.ttf', 'WINGDNG2.TTF', 'WINGDNG3.TTF', 'YuGothB.ttc', 'YuGothL.ttc', 'YuGothM.ttc', 'YuGothR.ttc', '\u534e\u5eb7\u65b9\u5706\u4f53W7.TTC', '\u65b9\u6b63\u7c97\u9ed1\u5b8b\u7b80\u4f53.ttf']
2023-09-27 15:57:52,967 - INFO - all fonts installed:['8514fix.fon', '8514fixe.fon', '8514fixg.fon', '8514fixr.fon', '8514fixt.fon', '8514oem.fon', '8514oeme.fon', '8514oemg.fon', '8514oemr.fon', '8514oemt.fon', '8514sys.fon', '8514syse.fon', '8514sysg.fon', '8514sysr.fon', '8514syst.fon', '85775.fon', '85855.fon', '85f1255.fon', '85f1256.fon', '85f1257.fon', '85f874.fon', '85s1255.fon', '85s1256.fon', '85s1257.fon', '85s874.fon', 'AGENCYB.TTF', 'AGENCYR.TTF', 'ALGER.TTF', 'ANTQUAB.TTF', 'ANTQUABI.TTF', 'ANTQUAI.TTF', 'app775.fon', 'app850.fon', 'app852.fon', 'app855.fon', 'app857.fon', 'app866.fon', 'app932.fon', 'app936.fon', 'app949.fon', 'app950.fon', 'arial.ttf', 'arialbd.ttf', 'arialbi.ttf', 'ariali.ttf', 'ARIALN.TTF', 'ARIALNB.TTF', 'ARIALNBI.TTF', 'ARIALNI.TTF', 'ariblk.ttf', 'ARLRDBD.TTF', 'AxureHandwriting-Bold.otf', 'AxureHandwriting-BoldItalic.otf', 'AxureHandwriting-Italic.otf', 'AxureHandwriting.otf', 'bahnschrift.ttf', 'BASKVILL.TTF', 'BAUHS93.TTF', 'BELL.TTF', 'BELLB.TTF', 'BELLI.TTF', 'BERNHC.TTF', 'BKANT.TTF', 'BOD_B.TTF', 'BOD_BI.TTF', 'BOD_BLAI.TTF', 'BOD_BLAR.TTF', 'BOD_CB.TTF', 'BOD_CBI.TTF', 'BOD_CI.TTF', 'BOD_CR.TTF', 'BOD_I.TTF', 'BOD_PSTC.TTF', 'BOD_R.TTF', 'BOOKOS.TTF', 'BOOKOSB.TTF', 'BOOKOSBI.TTF', 'BOOKOSI.TTF', 'BRADHITC.TTF', 'BRITANIC.TTF', 'BRLNSB.TTF', 'BRLNSDB.TTF', 'BRLNSR.TTF', 'BROADW.TTF', 'BRUSHSCI.TTF', 'BSSYM7.TTF', 'c8514fix.fon', 'c8514oem.fon', 'c8514sys.fon', 'calibri.ttf', 'calibrib.ttf', 'calibrii.ttf', 'calibril.ttf', 'calibrili.ttf', 'calibriz.ttf', 'CALIFB.TTF', 'CALIFI.TTF', 'CALIFR.TTF', 'CALIST.TTF', 'CALISTB.TTF', 'CALISTBI.TTF', 'CALISTI.TTF', 'cambria.ttc', 'cambriab.ttf', 'cambriai.ttf', 'cambriaz.ttf', 'Candara.ttf', 'Candarab.ttf', 'Candarai.ttf', 'Candaral.ttf', 'Candarali.ttf', 'Candaraz.ttf', 'CascadiaCode.ttf', 'CascadiaMono.ttf', 'CASTELAR.TTF', 'CENSCBK.TTF', 'CENTAUR.TTF', 'CENTURY.TTF', 'cga40737.fon', 'cga40850.fon', 'cga40852.fon', 'cga40857.fon', 'cga40866.fon', 'cga40869.fon', 'cga40woa.fon', 'cga80737.fon', 'cga80850.fon', 'cga80852.fon', 'cga80857.fon', 'cga80866.fon', 'cga80869.fon', 'cga80woa.fon', 'CHILLER.TTF', 'COLONNA.TTF', 'comic.ttf', 'comicbd.ttf', 'comici.ttf', 'comicz.ttf', 'consola.ttf', 'consolab.ttf', 'consolai.ttf', 'consolaz.ttf', 'constan.ttf', 'constanb.ttf', 'constani.ttf', 'constanz.ttf', 'COOPBL.TTF', 'COPRGTB.TTF', 'COPRGTL.TTF', 'corbel.ttf', 'corbelb.ttf', 'corbeli.ttf', 'corbell.ttf', 'corbelli.ttf', 'corbelz.ttf', 'coue1255.fon', 'coue1256.fon', 'coue1257.fon', 'couf1255.fon', 'couf1256.fon', 'couf1257.fon', 'cour.ttf', 'courbd.ttf', 'courbi.ttf', 'coure.fon', 'couree.fon', 'coureg.fon', 'courer.fon', 'couret.fon', 'courf.fon', 'courfe.fon', 'courfg.fon', 'courfr.fon', 'courft.fon', 'couri.ttf', 'CURLZ___.TTF', 'cvgafix.fon', 'cvgasys.fon', 'Deng.ttf', 'Dengb.ttf', 'Dengl.ttf', 'desktop.ini', 'dos737.fon', 'dos869.fon', 'dosapp.fon', 'DUBAI-BOLD.TTF', 'DUBAI-LIGHT.TTF', 'DUBAI-MEDIUM.TTF', 'DUBAI-REGULAR.TTF', 'ebrima.ttf', 'ebrimabd.ttf', 'ega40737.fon', 'ega40850.fon', 'ega40852.fon', 'ega40857.fon', 'ega40866.fon', 'ega40869.fon', 'ega40woa.fon', 'ega80737.fon', 'ega80850.fon', 'ega80852.fon', 'ega80857.fon', 'ega80866.fon', 'ega80869.fon', 'ega80woa.fon', 'ELEPHNT.TTF', 'ELEPHNTI.TTF', 'ENGR.TTF', 'ERASBD.TTF', 'ERASDEMI.TTF', 'ERASLGHT.TTF', 'ERASMD.TTF', 'FELIXTI.TTF', 'fms_metadata.xml', 'FORTE.TTF', 'FRABK.TTF', 'FRABKIT.TTF', 'FRADM.TTF', 'FRADMCN.TTF', 'FRADMIT.TTF', 'FRAHV.TTF', 'FRAHVIT.TTF', 'framd.ttf', 'FRAMDCN.TTF', 'framdit.ttf', 'FREESCPT.TTF', 'FRSCRIPT.TTF', 'FTLTLT.TTF', 'FZSTK.TTF', 'FZYTK.TTF', 'Gabriola.ttf', 'gadugi.ttf', 'gadugib.ttf', 'GARA.TTF', 'GARABD.TTF', 'GARAIT.TTF', 'georgia.ttf', 'georgiab.ttf', 'georgiai.ttf', 'georgiaz.ttf', 'GIGI.TTF', 'GILBI___.TTF', 'GILB____.TTF', 'GILC____.TTF', 'GILI____.TTF', 'GILLUBCD.TTF', 'GILSANUB.TTF', 'GIL_____.TTF', 'GLECB.TTF', 'GlobalMonospace.CompositeFont', 'GlobalSansSerif.CompositeFont', 'GlobalSerif.CompositeFont', 'GlobalUserInterface.CompositeFont', 'GLSNECB.TTF', 'GOTHIC.TTF', 'GOTHICB.TTF', 'GOTHICBI.TTF', 'GOTHICI.TTF', 'GOUDOS.TTF', 'GOUDOSB.TTF', 'GOUDOSI.TTF', 'GOUDYSTO.TTF', 'h8514fix.fon', 'h8514oem.fon', 'h8514sys.fon', 'HARLOWSI.TTF', 'HARNGTON.TTF', 'HATTEN.TTF', 'HGB1X_CNKI.ttf', 'HGB1_CNKI.ttf', 'HGB2X_CNKI.ttf', 'HGB2_CNKI.ttf', 'HGB3X_CNKI.ttf', 'HGB3_CNKI.ttf', 'HGB4X_CNKI.ttf', 'HGB4_CNKI.ttf', 'HGB5X_CNKI.ttf', 'HGB5_CNKI.ttf', 'HGB6X_CNKI.ttf', 'HGB6_CNKI.ttf', 'HGB7X_CNKI.ttf', 'HGB7_CNKI.ttf', 'HGB8X_CNKI.ttf', 'HGB8_CNKI.ttf', 'HGBD_CNKI.ttf', 'HGBKBX_CNKI.ttf', 'HGBKB_CNKI.ttf', 'HGBKHX_CNKI.ttf', 'HGBKH_CNKI.ttf', 'HGBS1_CNKI.TTF', 'HGBS2_CNKI.TTF', 'HGBS_CNKI.TTF', 'HGBTH_CNKI.TTF', 'HGBTS_CNKI.TTF', 'HGBX_CNKI.ttf', 'HGBZ_CNKI.ttf', 'HGCH_CNKI.TTF', 'HGCUH_CNKI.TTF', 'HGCY_CNKI.TTF', 'HGDBS_CNKI.TTF', 'HGDGY_CNKI.TTF', 'HGDH2_CNKI.TTF', 'HGDH_CNKI.TTF', 'HGDYS_CNKI.TTF', 'HGDY_CNKI.ttf', 'HGF1X_CNKI.ttf', 'HGF1_CNKI.ttf', 'HGF2X_CNKI.ttf', 'HGF2_CNKI.ttf', 'HGF3_CNKI.ttf', 'HGF4X_CNKI.ttf', 'HGF4_CNKI.ttf', 'HGF5X_CNKI.ttf', 'HGF5_CNKI.ttf', 'HGF6X_CNKI.ttf', 'HGF6_CNKI.ttf', 'HGF7X_CNKI.ttf', 'HGF7_CNKI.ttf', 'HGF8_CNKI.ttf', 'HGF9X_CNKI.ttf', 'HGF9_CNKI.ttf', 'HGFS1_CNKI.TTF', 'HGFS2_CNKI.TTF', 'HGFSH_CNKI.TTF', 'HGFS_CNKI.TTF', 'HGFX_CNKI.ttf', 'HGFZ_CNKI.ttf', 'HGGG_CNKI.TTF', 'HGH1X_CNKI.ttf', 'HGH1_CNKI.ttf', 'HGH2X_CNKI.ttf', 'HGH2_CNKI.ttf', 'HGH3X_CNKI.ttf', 'HGH3_CNKI.ttf', 'HGH4X_CNKI.ttf', 'HGH4_CNKI.ttf', 'HGH5X_CNKI.ttf', 'HGH5_CNKI.ttf', 'HGH6X_CNKI.ttf', 'HGH6_CNKI.ttf', 'HGH7X_CNKI.ttf', 'HGH7_CNKI.ttf', 'HGHB_CNKI.TTF', 'HGHD_CNKI.ttf', 'HGHP_CNKI.TTF', 'HGHT1_CNKI.ttf', 'HGHT2_CNKI.ttf', 'HGHUATI_CNKI.ttf', 'HGHX_CNKI.ttf', 'HGHZ_CNKI.ttf', 'HGH_CNKI.TTF', 'HGKT1_CNKI.TTF', 'HGKT2_CNKI.TTF', 'HGKT_CNKI.TTF', 'HGKY_CNKI.ttf', 'HGLB_CNKI.TTF', 'HGLS_CNKI.TTF', 'HGMH_CNKI.TTF', 'HGNBS_CNKI.ttf', 'HGOCR_CNKI.ttf', 'HGPH_CNKI.TTF', 'HGPTY_CNKI.TTF', 'HGSS1_CNKI.TTF', 'HGSS2_CNKI.TTF', 'HGSS_CNKI.TTF', 'HGSXT_CNKI.ttf', 'HGTT_CNKI.ttf', 'HGTX_CNKI.TTF', 'HGWT_CNKI.TTF', 'HGWYS_CNKI.TTF', 'HGX1X_CNKI.ttf', 'HGX1_CNKI.ttf', 'HGXBS_CNKI.TTF', 'HGXC_CNKI.TTF', 'HGXF1_CNKI.ttf', 'HGXFX_CNKI.ttf', 'HGXFZ_CNKI.ttf', 'HGXH1_CNKI.TTF', 'HGXH_CNKI.TTF', 'HGXK_CNKI.TTF', 'HGXL_CNKI.TTF', 'HGXS_CNKI.TTF', 'HGXT_CNKI.ttf', 'HGXY_CNKI.ttf', 'HGY1_CNKI.TTF', 'HGY2_CNKI.TTF', 'HGY3_CNKI.TTF', 'HGY4_CNKI.TTF', 'HGYB_CNKI.ttf', 'HGYT1_CNKI.ttf', 'HGYT2_CNKI.ttf', 'HGYT_CNKI.TTF', 'HGYX_CNKI.TTF', 'HGZCS_CNKI.TTF', 'HGZDX_CNKI.TTF', 'HGZK_CNKI.TTF', 'HGZYT_CNKI.TTF', 'HGZY_CNKI.TTF', 'himalaya.ttf', 'holomdl2.ttf', 'HTOWERT.TTF', 'HTOWERTI.TTF', 'hvgafix.fon', 'hvgasys.fon', 'impact.ttf', 'IMPRISHA.TTF', 'INFROMAN.TTF', 'Inkfree.ttf', 'iqiyi_logov7.ttf', 'ITCBLKAD.TTF', 'ITCEDSCR.TTF', 'ITCKRIST.TTF', 'j8514fix.fon', 'j8514oem.fon', 'j8514sys.fon', 'javatext.ttf', 'JOKERMAN.TTF', 'jsmalle.fon', 'jsmallf.fon', 'JUICE___.TTF', 'jvgafix.fon', 'jvgasys.fon', 'KUNSTLER.TTF', 'LATINWD.TTF', 'LBRITE.TTF', 'LBRITED.TTF', 'LBRITEDI.TTF', 'LBRITEI.TTF', 'LCALLIG.TTF', 'LeelaUIb.ttf', 'LeelawUI.ttf', 'LeelUIsl.ttf', 'LFAX.TTF', 'LFAXD.TTF', 'LFAXDI.TTF', 'LFAXI.TTF', 'LHANDW.TTF', 'LSANS.TTF', 'LSANSD.TTF', 'LSANSDI.TTF', 'LSANSI.TTF', 'LTYPE.TTF', 'LTYPEB.TTF', 'LTYPEBO.TTF', 'LTYPEO.TTF', 'lucon.ttf', 'l_10646.ttf', 'MAGNETOB.TTF', 'MAIAN.TTF', 'malgun.ttf', 'malgunbd.ttf', 'malgunsl.ttf', 'marlett.ttf', 'MATURASC.TTF', 'micross.ttf', 'mingliub.ttc', 'MISTRAL.TTF', 'mmrtext.ttf', 'mmrtextb.ttf', 'MOD20.TTF', 'modern.fon', 'monbaiti.ttf', 'msgothic.ttc', 'msjh.ttc', 'msjhbd.ttc', 'msjhl.ttc', 'msyh.ttc', 'msyhbd.ttc', 'msyhl.ttc', 'msyi.ttf', 'MTCORSVA.TTF', 'MTEXTRA.TTF', 'mvboli.ttf', 'NIAGENG.TTF', 'NIAGSOL.TTF', 'Nirmala.ttf', 'NirmalaB.ttf', 'NirmalaS.ttf', 'ntailu.ttf', 'ntailub.ttf', 'NumberOnly.ttf', 'OCRAEXT.TTF', 'OLDENGL.TTF', 'ONYX.TTF', 'OUTLOOK.TTF', 'pala.ttf', 'palab.ttf', 'palabi.ttf', 'palai.ttf', 'PALSCRI.TTF', 'PAPYRUS.TTF', 'PARCHM.TTF', 'PERBI___.TTF', 'PERB____.TTF', 'PERI____.TTF', 'PERTIBD.TTF', 'PERTILI.TTF', 'PER_____.TTF', 'phagspa.ttf', 'phagspab.ttf', 'PLAYBILL.TTF', 'POORICH.TTF', 'PRISTINA.TTF', 'RAGE.TTF', 'RAVIE.TTF', 'REFSAN.TTF', 'REFSPCL.TTF', 'ROCCB___.TTF', 'ROCC____.TTF', 'ROCK.TTF', 'ROCKB.TTF', 'ROCKBI.TTF', 'ROCKEB.TTF', 'ROCKI.TTF', 'roman.fon', 's8514fix.fon', 's8514oem.fon', 's8514sys.fon', 'SCHLBKB.TTF', 'SCHLBKBI.TTF', 'SCHLBKI.TTF', 'script.fon', 'SCRIPTBL.TTF', 'segmdl2.ttf', 'SegoeIcons.ttf', 'segoepr.ttf', 'segoeprb.ttf', 'segoesc.ttf', 'segoescb.ttf', 'segoeui.ttf', 'segoeuib.ttf', 'segoeuii.ttf', 'segoeuil.ttf', 'segoeuisl.ttf', 'segoeuiz.ttf', 'seguibl.ttf', 'seguibli.ttf', 'seguiemj.ttf', 'seguihis.ttf', 'seguili.ttf', 'seguisb.ttf', 'seguisbi.ttf', 'seguisli.ttf', 'seguisym.ttf', 'SegUIVar.ttf', 'sere1255.fon', 'sere1256.fon', 'sere1257.fon', 'serf1255.fon', 'serf1256.fon', 'serf1257.fon', 'serife.fon', 'serifee.fon', 'serifeg.fon', 'serifer.fon', 'serifet.fon', 'seriff.fon', 'seriffe.fon', 'seriffg.fon', 'seriffr.fon', 'serifft.fon', 'SHOWG.TTF', 'simfang.ttf', 'simhei.ttf', 'simkai.ttf', 'SIMLI.TTF', 'simsun.ttc', 'simsunb.ttf', 'SIMYOU.TTF', 'SitkaVF-Italic.ttf', 'SitkaVF.ttf', 'smae1255.fon', 'smae1256.fon', 'smae1257.fon', 'smaf1255.fon', 'smaf1256.fon', 'smaf1257.fon', 'smalle.fon', 'smallee.fon', 'smalleg.fon', 'smaller.fon', 'smallet.fon', 'smallf.fon', 'smallfe.fon', 'smallfg.fon', 'smallfr.fon', 'smallft.fon', 'SNAP____.TTF', 'ssee1255.fon', 'ssee1256.fon', 'ssee1257.fon', 'ssee874.fon', 'ssef1255.fon', 'ssef1256.fon', 'ssef1257.fon', 'ssef874.fon', 'sserife.fon', 'sserifee.fon', 'sserifeg.fon', 'sserifer.fon', 'sserifet.fon', 'sseriff.fon', 'sseriffe.fon', 'sseriffg.fon', 'sseriffr.fon', 'sserifft.fon', 'StaticCache.dat', 'STCAIYUN.TTF', 'STENCIL.TTF', 'STFANGSO.TTF', 'STHUPO.TTF', 'STKAITI.TTF', 'STLITI.TTF', 'STSONG.TTF', 'STXIHEI.TTF', 'STXINGKA.TTF', 'STXINWEI.TTF', 'STZHONGS.TTF', 'svgafix.fon', 'svgasys.fon', 'sylfaen.ttf', 'symbol.ttf', 'tahoma.ttf', 'tahomabd.ttf', 'taile.ttf', 'taileb.ttf', 'TCBI____.TTF', 'TCB_____.TTF', 'TCCB____.TTF', 'TCCEB.TTF', 'TCCM____.TTF', 'TCMI____.TTF', 'TCM_____.TTF', 'TEMPSITC.TTF', 'times.ttf', 'timesbd.ttf', 'timesbi.ttf', 'timesi.ttf', 'trebuc.ttf', 'trebucbd.ttf', 'trebucbi.ttf', 'trebucit.ttf', 'verdana.ttf', 'verdanab.ttf', 'verdanai.ttf', 'verdanaz.ttf', 'vga737.fon', 'vga775.fon', 'vga850.fon', 'vga852.fon', 'vga855.fon', 'vga857.fon', 'vga860.fon', 'vga861.fon', 'vga863.fon', 'vga865.fon', 'vga866.fon', 'vga869.fon', 'vga932.fon', 'vga936.fon', 'vga949.fon', 'vga950.fon', 'vgaf1255.fon', 'vgaf1256.fon', 'vgaf1257.fon', 'vgaf874.fon', 'vgafix.fon', 'vgafixe.fon', 'vgafixg.fon', 'vgafixr.fon', 'vgafixt.fon', 'vgaoem.fon', 'vgas1255.fon', 'vgas1256.fon', 'vgas1257.fon', 'vgas874.fon', 'vgasys.fon', 'vgasyse.fon', 'vgasysg.fon', 'vgasysr.fon', 'vgasyst.fon', 'VINERITC.TTF', 'VIVALDII.TTF', 'VLADIMIR.TTF', 'webdings.ttf', 'wingding.ttf', 'WINGDNG2.TTF', 'WINGDNG3.TTF', 'YuGothB.ttc', 'YuGothL.ttc', 'YuGothM.ttc', 'YuGothR.ttc', '\u534e\u5eb7\u65b9\u5706\u4f53W7.TTC', '\u65b9\u6b63\u7c97\u9ed1\u5b8b\u7b80\u4f53.ttf']
2023-09-27 15:57:53,177 - INFO - all fonts installed:['8514fix.fon', '8514fixe.fon', '8514fixg.fon', '8514fixr.fon', '8514fixt.fon', '8514oem.fon', '8514oeme.fon', '8514oemg.fon', '8514oemr.fon', '8514oemt.fon', '8514sys.fon', '8514syse.fon', '8514sysg.fon', '8514sysr.fon', '8514syst.fon', '85775.fon', '85855.fon', '85f1255.fon', '85f1256.fon', '85f1257.fon', '85f874.fon', '85s1255.fon', '85s1256.fon', '85s1257.fon', '85s874.fon', 'AGENCYB.TTF', 'AGENCYR.TTF', 'ALGER.TTF', 'ANTQUAB.TTF', 'ANTQUABI.TTF', 'ANTQUAI.TTF', 'app775.fon', 'app850.fon', 'app852.fon', 'app855.fon', 'app857.fon', 'app866.fon', 'app932.fon', 'app936.fon', 'app949.fon', 'app950.fon', 'arial.ttf', 'arialbd.ttf', 'arialbi.ttf', 'ariali.ttf', 'ARIALN.TTF', 'ARIALNB.TTF', 'ARIALNBI.TTF', 'ARIALNI.TTF', 'ariblk.ttf', 'ARLRDBD.TTF', 'AxureHandwriting-Bold.otf', 'AxureHandwriting-BoldItalic.otf', 'AxureHandwriting-Italic.otf', 'AxureHandwriting.otf', 'bahnschrift.ttf', 'BASKVILL.TTF', 'BAUHS93.TTF', 'BELL.TTF', 'BELLB.TTF', 'BELLI.TTF', 'BERNHC.TTF', 'BKANT.TTF', 'BOD_B.TTF', 'BOD_BI.TTF', 'BOD_BLAI.TTF', 'BOD_BLAR.TTF', 'BOD_CB.TTF', 'BOD_CBI.TTF', 'BOD_CI.TTF', 'BOD_CR.TTF', 'BOD_I.TTF', 'BOD_PSTC.TTF', 'BOD_R.TTF', 'BOOKOS.TTF', 'BOOKOSB.TTF', 'BOOKOSBI.TTF', 'BOOKOSI.TTF', 'BRADHITC.TTF', 'BRITANIC.TTF', 'BRLNSB.TTF', 'BRLNSDB.TTF', 'BRLNSR.TTF', 'BROADW.TTF', 'BRUSHSCI.TTF', 'BSSYM7.TTF', 'c8514fix.fon', 'c8514oem.fon', 'c8514sys.fon', 'calibri.ttf', 'calibrib.ttf', 'calibrii.ttf', 'calibril.ttf', 'calibrili.ttf', 'calibriz.ttf', 'CALIFB.TTF', 'CALIFI.TTF', 'CALIFR.TTF', 'CALIST.TTF', 'CALISTB.TTF', 'CALISTBI.TTF', 'CALISTI.TTF', 'cambria.ttc', 'cambriab.ttf', 'cambriai.ttf', 'cambriaz.ttf', 'Candara.ttf', 'Candarab.ttf', 'Candarai.ttf', 'Candaral.ttf', 'Candarali.ttf', 'Candaraz.ttf', 'CascadiaCode.ttf', 'CascadiaMono.ttf', 'CASTELAR.TTF', 'CENSCBK.TTF', 'CENTAUR.TTF', 'CENTURY.TTF', 'cga40737.fon', 'cga40850.fon', 'cga40852.fon', 'cga40857.fon', 'cga40866.fon', 'cga40869.fon', 'cga40woa.fon', 'cga80737.fon', 'cga80850.fon', 'cga80852.fon', 'cga80857.fon', 'cga80866.fon', 'cga80869.fon', 'cga80woa.fon', 'CHILLER.TTF', 'COLONNA.TTF', 'comic.ttf', 'comicbd.ttf', 'comici.ttf', 'comicz.ttf', 'consola.ttf', 'consolab.ttf', 'consolai.ttf', 'consolaz.ttf', 'constan.ttf', 'constanb.ttf', 'constani.ttf', 'constanz.ttf', 'COOPBL.TTF', 'COPRGTB.TTF', 'COPRGTL.TTF', 'corbel.ttf', 'corbelb.ttf', 'corbeli.ttf', 'corbell.ttf', 'corbelli.ttf', 'corbelz.ttf', 'coue1255.fon', 'coue1256.fon', 'coue1257.fon', 'couf1255.fon', 'couf1256.fon', 'couf1257.fon', 'cour.ttf', 'courbd.ttf', 'courbi.ttf', 'coure.fon', 'couree.fon', 'coureg.fon', 'courer.fon', 'couret.fon', 'courf.fon', 'courfe.fon', 'courfg.fon', 'courfr.fon', 'courft.fon', 'couri.ttf', 'CURLZ___.TTF', 'cvgafix.fon', 'cvgasys.fon', 'Deng.ttf', 'Dengb.ttf', 'Dengl.ttf', 'desktop.ini', 'dos737.fon', 'dos869.fon', 'dosapp.fon', 'DUBAI-BOLD.TTF', 'DUBAI-LIGHT.TTF', 'DUBAI-MEDIUM.TTF', 'DUBAI-REGULAR.TTF', 'ebrima.ttf', 'ebrimabd.ttf', 'ega40737.fon', 'ega40850.fon', 'ega40852.fon', 'ega40857.fon', 'ega40866.fon', 'ega40869.fon', 'ega40woa.fon', 'ega80737.fon', 'ega80850.fon', 'ega80852.fon', 'ega80857.fon', 'ega80866.fon', 'ega80869.fon', 'ega80woa.fon', 'ELEPHNT.TTF', 'ELEPHNTI.TTF', 'ENGR.TTF', 'ERASBD.TTF', 'ERASDEMI.TTF', 'ERASLGHT.TTF', 'ERASMD.TTF', 'FELIXTI.TTF', 'fms_metadata.xml', 'FORTE.TTF', 'FRABK.TTF', 'FRABKIT.TTF', 'FRADM.TTF', 'FRADMCN.TTF', 'FRADMIT.TTF', 'FRAHV.TTF', 'FRAHVIT.TTF', 'framd.ttf', 'FRAMDCN.TTF', 'framdit.ttf', 'FREESCPT.TTF', 'FRSCRIPT.TTF', 'FTLTLT.TTF', 'FZSTK.TTF', 'FZYTK.TTF', 'Gabriola.ttf', 'gadugi.ttf', 'gadugib.ttf', 'GARA.TTF', 'GARABD.TTF', 'GARAIT.TTF', 'georgia.ttf', 'georgiab.ttf', 'georgiai.ttf', 'georgiaz.ttf', 'GIGI.TTF', 'GILBI___.TTF', 'GILB____.TTF', 'GILC____.TTF', 'GILI____.TTF', 'GILLUBCD.TTF', 'GILSANUB.TTF', 'GIL_____.TTF', 'GLECB.TTF', 'GlobalMonospace.CompositeFont', 'GlobalSansSerif.CompositeFont', 'GlobalSerif.CompositeFont', 'GlobalUserInterface.CompositeFont', 'GLSNECB.TTF', 'GOTHIC.TTF', 'GOTHICB.TTF', 'GOTHICBI.TTF', 'GOTHICI.TTF', 'GOUDOS.TTF', 'GOUDOSB.TTF', 'GOUDOSI.TTF', 'GOUDYSTO.TTF', 'h8514fix.fon', 'h8514oem.fon', 'h8514sys.fon', 'HARLOWSI.TTF', 'HARNGTON.TTF', 'HATTEN.TTF', 'HGB1X_CNKI.ttf', 'HGB1_CNKI.ttf', 'HGB2X_CNKI.ttf', 'HGB2_CNKI.ttf', 'HGB3X_CNKI.ttf', 'HGB3_CNKI.ttf', 'HGB4X_CNKI.ttf', 'HGB4_CNKI.ttf', 'HGB5X_CNKI.ttf', 'HGB5_CNKI.ttf', 'HGB6X_CNKI.ttf', 'HGB6_CNKI.ttf', 'HGB7X_CNKI.ttf', 'HGB7_CNKI.ttf', 'HGB8X_CNKI.ttf', 'HGB8_CNKI.ttf', 'HGBD_CNKI.ttf', 'HGBKBX_CNKI.ttf', 'HGBKB_CNKI.ttf', 'HGBKHX_CNKI.ttf', 'HGBKH_CNKI.ttf', 'HGBS1_CNKI.TTF', 'HGBS2_CNKI.TTF', 'HGBS_CNKI.TTF', 'HGBTH_CNKI.TTF', 'HGBTS_CNKI.TTF', 'HGBX_CNKI.ttf', 'HGBZ_CNKI.ttf', 'HGCH_CNKI.TTF', 'HGCUH_CNKI.TTF', 'HGCY_CNKI.TTF', 'HGDBS_CNKI.TTF', 'HGDGY_CNKI.TTF', 'HGDH2_CNKI.TTF', 'HGDH_CNKI.TTF', 'HGDYS_CNKI.TTF', 'HGDY_CNKI.ttf', 'HGF1X_CNKI.ttf', 'HGF1_CNKI.ttf', 'HGF2X_CNKI.ttf', 'HGF2_CNKI.ttf', 'HGF3_CNKI.ttf', 'HGF4X_CNKI.ttf', 'HGF4_CNKI.ttf', 'HGF5X_CNKI.ttf', 'HGF5_CNKI.ttf', 'HGF6X_CNKI.ttf', 'HGF6_CNKI.ttf', 'HGF7X_CNKI.ttf', 'HGF7_CNKI.ttf', 'HGF8_CNKI.ttf', 'HGF9X_CNKI.ttf', 'HGF9_CNKI.ttf', 'HGFS1_CNKI.TTF', 'HGFS2_CNKI.TTF', 'HGFSH_CNKI.TTF', 'HGFS_CNKI.TTF', 'HGFX_CNKI.ttf', 'HGFZ_CNKI.ttf', 'HGGG_CNKI.TTF', 'HGH1X_CNKI.ttf', 'HGH1_CNKI.ttf', 'HGH2X_CNKI.ttf', 'HGH2_CNKI.ttf', 'HGH3X_CNKI.ttf', 'HGH3_CNKI.ttf', 'HGH4X_CNKI.ttf', 'HGH4_CNKI.ttf', 'HGH5X_CNKI.ttf', 'HGH5_CNKI.ttf', 'HGH6X_CNKI.ttf', 'HGH6_CNKI.ttf', 'HGH7X_CNKI.ttf', 'HGH7_CNKI.ttf', 'HGHB_CNKI.TTF', 'HGHD_CNKI.ttf', 'HGHP_CNKI.TTF', 'HGHT1_CNKI.ttf', 'HGHT2_CNKI.ttf', 'HGHUATI_CNKI.ttf', 'HGHX_CNKI.ttf', 'HGHZ_CNKI.ttf', 'HGH_CNKI.TTF', 'HGKT1_CNKI.TTF', 'HGKT2_CNKI.TTF', 'HGKT_CNKI.TTF', 'HGKY_CNKI.ttf', 'HGLB_CNKI.TTF', 'HGLS_CNKI.TTF', 'HGMH_CNKI.TTF', 'HGNBS_CNKI.ttf', 'HGOCR_CNKI.ttf', 'HGPH_CNKI.TTF', 'HGPTY_CNKI.TTF', 'HGSS1_CNKI.TTF', 'HGSS2_CNKI.TTF', 'HGSS_CNKI.TTF', 'HGSXT_CNKI.ttf', 'HGTT_CNKI.ttf', 'HGTX_CNKI.TTF', 'HGWT_CNKI.TTF', 'HGWYS_CNKI.TTF', 'HGX1X_CNKI.ttf', 'HGX1_CNKI.ttf', 'HGXBS_CNKI.TTF', 'HGXC_CNKI.TTF', 'HGXF1_CNKI.ttf', 'HGXFX_CNKI.ttf', 'HGXFZ_CNKI.ttf', 'HGXH1_CNKI.TTF', 'HGXH_CNKI.TTF', 'HGXK_CNKI.TTF', 'HGXL_CNKI.TTF', 'HGXS_CNKI.TTF', 'HGXT_CNKI.ttf', 'HGXY_CNKI.ttf', 'HGY1_CNKI.TTF', 'HGY2_CNKI.TTF', 'HGY3_CNKI.TTF', 'HGY4_CNKI.TTF', 'HGYB_CNKI.ttf', 'HGYT1_CNKI.ttf', 'HGYT2_CNKI.ttf', 'HGYT_CNKI.TTF', 'HGYX_CNKI.TTF', 'HGZCS_CNKI.TTF', 'HGZDX_CNKI.TTF', 'HGZK_CNKI.TTF', 'HGZYT_CNKI.TTF', 'HGZY_CNKI.TTF', 'himalaya.ttf', 'holomdl2.ttf', 'HTOWERT.TTF', 'HTOWERTI.TTF', 'hvgafix.fon', 'hvgasys.fon', 'impact.ttf', 'IMPRISHA.TTF', 'INFROMAN.TTF', 'Inkfree.ttf', 'iqiyi_logov7.ttf', 'ITCBLKAD.TTF', 'ITCEDSCR.TTF', 'ITCKRIST.TTF', 'j8514fix.fon', 'j8514oem.fon', 'j8514sys.fon', 'javatext.ttf', 'JOKERMAN.TTF', 'jsmalle.fon', 'jsmallf.fon', 'JUICE___.TTF', 'jvgafix.fon', 'jvgasys.fon', 'KUNSTLER.TTF', 'LATINWD.TTF', 'LBRITE.TTF', 'LBRITED.TTF', 'LBRITEDI.TTF', 'LBRITEI.TTF', 'LCALLIG.TTF', 'LeelaUIb.ttf', 'LeelawUI.ttf', 'LeelUIsl.ttf', 'LFAX.TTF', 'LFAXD.TTF', 'LFAXDI.TTF', 'LFAXI.TTF', 'LHANDW.TTF', 'LSANS.TTF', 'LSANSD.TTF', 'LSANSDI.TTF', 'LSANSI.TTF', 'LTYPE.TTF', 'LTYPEB.TTF', 'LTYPEBO.TTF', 'LTYPEO.TTF', 'lucon.ttf', 'l_10646.ttf', 'MAGNETOB.TTF', 'MAIAN.TTF', 'malgun.ttf', 'malgunbd.ttf', 'malgunsl.ttf', 'marlett.ttf', 'MATURASC.TTF', 'micross.ttf', 'mingliub.ttc', 'MISTRAL.TTF', 'mmrtext.ttf', 'mmrtextb.ttf', 'MOD20.TTF', 'modern.fon', 'monbaiti.ttf', 'msgothic.ttc', 'msjh.ttc', 'msjhbd.ttc', 'msjhl.ttc', 'msyh.ttc', 'msyhbd.ttc', 'msyhl.ttc', 'msyi.ttf', 'MTCORSVA.TTF', 'MTEXTRA.TTF', 'mvboli.ttf', 'NIAGENG.TTF', 'NIAGSOL.TTF', 'Nirmala.ttf', 'NirmalaB.ttf', 'NirmalaS.ttf', 'ntailu.ttf', 'ntailub.ttf', 'NumberOnly.ttf', 'OCRAEXT.TTF', 'OLDENGL.TTF', 'ONYX.TTF', 'OUTLOOK.TTF', 'pala.ttf', 'palab.ttf', 'palabi.ttf', 'palai.ttf', 'PALSCRI.TTF', 'PAPYRUS.TTF', 'PARCHM.TTF', 'PERBI___.TTF', 'PERB____.TTF', 'PERI____.TTF', 'PERTIBD.TTF', 'PERTILI.TTF', 'PER_____.TTF', 'phagspa.ttf', 'phagspab.ttf', 'PLAYBILL.TTF', 'POORICH.TTF', 'PRISTINA.TTF', 'RAGE.TTF', 'RAVIE.TTF', 'REFSAN.TTF', 'REFSPCL.TTF', 'ROCCB___.TTF', 'ROCC____.TTF', 'ROCK.TTF', 'ROCKB.TTF', 'ROCKBI.TTF', 'ROCKEB.TTF', 'ROCKI.TTF', 'roman.fon', 's8514fix.fon', 's8514oem.fon', 's8514sys.fon', 'SCHLBKB.TTF', 'SCHLBKBI.TTF', 'SCHLBKI.TTF', 'script.fon', 'SCRIPTBL.TTF', 'segmdl2.ttf', 'SegoeIcons.ttf', 'segoepr.ttf', 'segoeprb.ttf', 'segoesc.ttf', 'segoescb.ttf', 'segoeui.ttf', 'segoeuib.ttf', 'segoeuii.ttf', 'segoeuil.ttf', 'segoeuisl.ttf', 'segoeuiz.ttf', 'seguibl.ttf', 'seguibli.ttf', 'seguiemj.ttf', 'seguihis.ttf', 'seguili.ttf', 'seguisb.ttf', 'seguisbi.ttf', 'seguisli.ttf', 'seguisym.ttf', 'SegUIVar.ttf', 'sere1255.fon', 'sere1256.fon', 'sere1257.fon', 'serf1255.fon', 'serf1256.fon', 'serf1257.fon', 'serife.fon', 'serifee.fon', 'serifeg.fon', 'serifer.fon', 'serifet.fon', 'seriff.fon', 'seriffe.fon', 'seriffg.fon', 'seriffr.fon', 'serifft.fon', 'SHOWG.TTF', 'simfang.ttf', 'simhei.ttf', 'simkai.ttf', 'SIMLI.TTF', 'simsun.ttc', 'simsunb.ttf', 'SIMYOU.TTF', 'SitkaVF-Italic.ttf', 'SitkaVF.ttf', 'smae1255.fon', 'smae1256.fon', 'smae1257.fon', 'smaf1255.fon', 'smaf1256.fon', 'smaf1257.fon', 'smalle.fon', 'smallee.fon', 'smalleg.fon', 'smaller.fon', 'smallet.fon', 'smallf.fon', 'smallfe.fon', 'smallfg.fon', 'smallfr.fon', 'smallft.fon', 'SNAP____.TTF', 'ssee1255.fon', 'ssee1256.fon', 'ssee1257.fon', 'ssee874.fon', 'ssef1255.fon', 'ssef1256.fon', 'ssef1257.fon', 'ssef874.fon', 'sserife.fon', 'sserifee.fon', 'sserifeg.fon', 'sserifer.fon', 'sserifet.fon', 'sseriff.fon', 'sseriffe.fon', 'sseriffg.fon', 'sseriffr.fon', 'sserifft.fon', 'StaticCache.dat', 'STCAIYUN.TTF', 'STENCIL.TTF', 'STFANGSO.TTF', 'STHUPO.TTF', 'STKAITI.TTF', 'STLITI.TTF', 'STSONG.TTF', 'STXIHEI.TTF', 'STXINGKA.TTF', 'STXINWEI.TTF', 'STZHONGS.TTF', 'svgafix.fon', 'svgasys.fon', 'sylfaen.ttf', 'symbol.ttf', 'tahoma.ttf', 'tahomabd.ttf', 'taile.ttf', 'taileb.ttf', 'TCBI____.TTF', 'TCB_____.TTF', 'TCCB____.TTF', 'TCCEB.TTF', 'TCCM____.TTF', 'TCMI____.TTF', 'TCM_____.TTF', 'TEMPSITC.TTF', 'times.ttf', 'timesbd.ttf', 'timesbi.ttf', 'timesi.ttf', 'trebuc.ttf', 'trebucbd.ttf', 'trebucbi.ttf', 'trebucit.ttf', 'verdana.ttf', 'verdanab.ttf', 'verdanai.ttf', 'verdanaz.ttf', 'vga737.fon', 'vga775.fon', 'vga850.fon', 'vga852.fon', 'vga855.fon', 'vga857.fon', 'vga860.fon', 'vga861.fon', 'vga863.fon', 'vga865.fon', 'vga866.fon', 'vga869.fon', 'vga932.fon', 'vga936.fon', 'vga949.fon', 'vga950.fon', 'vgaf1255.fon', 'vgaf1256.fon', 'vgaf1257.fon', 'vgaf874.fon', 'vgafix.fon', 'vgafixe.fon', 'vgafixg.fon', 'vgafixr.fon', 'vgafixt.fon', 'vgaoem.fon', 'vgas1255.fon', 'vgas1256.fon', 'vgas1257.fon', 'vgas874.fon', 'vgasys.fon', 'vgasyse.fon', 'vgasysg.fon', 'vgasysr.fon', 'vgasyst.fon', 'VINERITC.TTF', 'VIVALDII.TTF', 'VLADIMIR.TTF', 'webdings.ttf', 'wingding.ttf', 'WINGDNG2.TTF', 'WINGDNG3.TTF', 'YuGothB.ttc', 'YuGothL.ttc', 'YuGothM.ttc', 'YuGothR.ttc', '\u534e\u5eb7\u65b9\u5706\u4f53W7.TTC', '\u65b9\u6b63\u7c97\u9ed1\u5b8b\u7b80\u4f53.ttf']
2023-09-27 15:57:53,181 - INFO - all fonts installed:['8514fix.fon', '8514fixe.fon', '8514fixg.fon', '8514fixr.fon', '8514fixt.fon', '8514oem.fon', '8514oeme.fon', '8514oemg.fon', '8514oemr.fon', '8514oemt.fon', '8514sys.fon', '8514syse.fon', '8514sysg.fon', '8514sysr.fon', '8514syst.fon', '85775.fon', '85855.fon', '85f1255.fon', '85f1256.fon', '85f1257.fon', '85f874.fon', '85s1255.fon', '85s1256.fon', '85s1257.fon', '85s874.fon', 'AGENCYB.TTF', 'AGENCYR.TTF', 'ALGER.TTF', 'ANTQUAB.TTF', 'ANTQUABI.TTF', 'ANTQUAI.TTF', 'app775.fon', 'app850.fon', 'app852.fon', 'app855.fon', 'app857.fon', 'app866.fon', 'app932.fon', 'app936.fon', 'app949.fon', 'app950.fon', 'arial.ttf', 'arialbd.ttf', 'arialbi.ttf', 'ariali.ttf', 'ARIALN.TTF', 'ARIALNB.TTF', 'ARIALNBI.TTF', 'ARIALNI.TTF', 'ariblk.ttf', 'ARLRDBD.TTF', 'AxureHandwriting-Bold.otf', 'AxureHandwriting-BoldItalic.otf', 'AxureHandwriting-Italic.otf', 'AxureHandwriting.otf', 'bahnschrift.ttf', 'BASKVILL.TTF', 'BAUHS93.TTF', 'BELL.TTF', 'BELLB.TTF', 'BELLI.TTF', 'BERNHC.TTF', 'BKANT.TTF', 'BOD_B.TTF', 'BOD_BI.TTF', 'BOD_BLAI.TTF', 'BOD_BLAR.TTF', 'BOD_CB.TTF', 'BOD_CBI.TTF', 'BOD_CI.TTF', 'BOD_CR.TTF', 'BOD_I.TTF', 'BOD_PSTC.TTF', 'BOD_R.TTF', 'BOOKOS.TTF', 'BOOKOSB.TTF', 'BOOKOSBI.TTF', 'BOOKOSI.TTF', 'BRADHITC.TTF', 'BRITANIC.TTF', 'BRLNSB.TTF', 'BRLNSDB.TTF', 'BRLNSR.TTF', 'BROADW.TTF', 'BRUSHSCI.TTF', 'BSSYM7.TTF', 'c8514fix.fon', 'c8514oem.fon', 'c8514sys.fon', 'calibri.ttf', 'calibrib.ttf', 'calibrii.ttf', 'calibril.ttf', 'calibrili.ttf', 'calibriz.ttf', 'CALIFB.TTF', 'CALIFI.TTF', 'CALIFR.TTF', 'CALIST.TTF', 'CALISTB.TTF', 'CALISTBI.TTF', 'CALISTI.TTF', 'cambria.ttc', 'cambriab.ttf', 'cambriai.ttf', 'cambriaz.ttf', 'Candara.ttf', 'Candarab.ttf', 'Candarai.ttf', 'Candaral.ttf', 'Candarali.ttf', 'Candaraz.ttf', 'CascadiaCode.ttf', 'CascadiaMono.ttf', 'CASTELAR.TTF', 'CENSCBK.TTF', 'CENTAUR.TTF', 'CENTURY.TTF', 'cga40737.fon', 'cga40850.fon', 'cga40852.fon', 'cga40857.fon', 'cga40866.fon', 'cga40869.fon', 'cga40woa.fon', 'cga80737.fon', 'cga80850.fon', 'cga80852.fon', 'cga80857.fon', 'cga80866.fon', 'cga80869.fon', 'cga80woa.fon', 'CHILLER.TTF', 'COLONNA.TTF', 'comic.ttf', 'comicbd.ttf', 'comici.ttf', 'comicz.ttf', 'consola.ttf', 'consolab.ttf', 'consolai.ttf', 'consolaz.ttf', 'constan.ttf', 'constanb.ttf', 'constani.ttf', 'constanz.ttf', 'COOPBL.TTF', 'COPRGTB.TTF', 'COPRGTL.TTF', 'corbel.ttf', 'corbelb.ttf', 'corbeli.ttf', 'corbell.ttf', 'corbelli.ttf', 'corbelz.ttf', 'coue1255.fon', 'coue1256.fon', 'coue1257.fon', 'couf1255.fon', 'couf1256.fon', 'couf1257.fon', 'cour.ttf', 'courbd.ttf', 'courbi.ttf', 'coure.fon', 'couree.fon', 'coureg.fon', 'courer.fon', 'couret.fon', 'courf.fon', 'courfe.fon', 'courfg.fon', 'courfr.fon', 'courft.fon', 'couri.ttf', 'CURLZ___.TTF', 'cvgafix.fon', 'cvgasys.fon', 'Deng.ttf', 'Dengb.ttf', 'Dengl.ttf', 'desktop.ini', 'dos737.fon', 'dos869.fon', 'dosapp.fon', 'DUBAI-BOLD.TTF', 'DUBAI-LIGHT.TTF', 'DUBAI-MEDIUM.TTF', 'DUBAI-REGULAR.TTF', 'ebrima.ttf', 'ebrimabd.ttf', 'ega40737.fon', 'ega40850.fon', 'ega40852.fon', 'ega40857.fon', 'ega40866.fon', 'ega40869.fon', 'ega40woa.fon', 'ega80737.fon', 'ega80850.fon', 'ega80852.fon', 'ega80857.fon', 'ega80866.fon', 'ega80869.fon', 'ega80woa.fon', 'ELEPHNT.TTF', 'ELEPHNTI.TTF', 'ENGR.TTF', 'ERASBD.TTF', 'ERASDEMI.TTF', 'ERASLGHT.TTF', 'ERASMD.TTF', 'FELIXTI.TTF', 'fms_metadata.xml', 'FORTE.TTF', 'FRABK.TTF', 'FRABKIT.TTF', 'FRADM.TTF', 'FRADMCN.TTF', 'FRADMIT.TTF', 'FRAHV.TTF', 'FRAHVIT.TTF', 'framd.ttf', 'FRAMDCN.TTF', 'framdit.ttf', 'FREESCPT.TTF', 'FRSCRIPT.TTF', 'FTLTLT.TTF', 'FZSTK.TTF', 'FZYTK.TTF', 'Gabriola.ttf', 'gadugi.ttf', 'gadugib.ttf', 'GARA.TTF', 'GARABD.TTF', 'GARAIT.TTF', 'georgia.ttf', 'georgiab.ttf', 'georgiai.ttf', 'georgiaz.ttf', 'GIGI.TTF', 'GILBI___.TTF', 'GILB____.TTF', 'GILC____.TTF', 'GILI____.TTF', 'GILLUBCD.TTF', 'GILSANUB.TTF', 'GIL_____.TTF', 'GLECB.TTF', 'GlobalMonospace.CompositeFont', 'GlobalSansSerif.CompositeFont', 'GlobalSerif.CompositeFont', 'GlobalUserInterface.CompositeFont', 'GLSNECB.TTF', 'GOTHIC.TTF', 'GOTHICB.TTF', 'GOTHICBI.TTF', 'GOTHICI.TTF', 'GOUDOS.TTF', 'GOUDOSB.TTF', 'GOUDOSI.TTF', 'GOUDYSTO.TTF', 'h8514fix.fon', 'h8514oem.fon', 'h8514sys.fon', 'HARLOWSI.TTF', 'HARNGTON.TTF', 'HATTEN.TTF', 'HGB1X_CNKI.ttf', 'HGB1_CNKI.ttf', 'HGB2X_CNKI.ttf', 'HGB2_CNKI.ttf', 'HGB3X_CNKI.ttf', 'HGB3_CNKI.ttf', 'HGB4X_CNKI.ttf', 'HGB4_CNKI.ttf', 'HGB5X_CNKI.ttf', 'HGB5_CNKI.ttf', 'HGB6X_CNKI.ttf', 'HGB6_CNKI.ttf', 'HGB7X_CNKI.ttf', 'HGB7_CNKI.ttf', 'HGB8X_CNKI.ttf', 'HGB8_CNKI.ttf', 'HGBD_CNKI.ttf', 'HGBKBX_CNKI.ttf', 'HGBKB_CNKI.ttf', 'HGBKHX_CNKI.ttf', 'HGBKH_CNKI.ttf', 'HGBS1_CNKI.TTF', 'HGBS2_CNKI.TTF', 'HGBS_CNKI.TTF', 'HGBTH_CNKI.TTF', 'HGBTS_CNKI.TTF', 'HGBX_CNKI.ttf', 'HGBZ_CNKI.ttf', 'HGCH_CNKI.TTF', 'HGCUH_CNKI.TTF', 'HGCY_CNKI.TTF', 'HGDBS_CNKI.TTF', 'HGDGY_CNKI.TTF', 'HGDH2_CNKI.TTF', 'HGDH_CNKI.TTF', 'HGDYS_CNKI.TTF', 'HGDY_CNKI.ttf', 'HGF1X_CNKI.ttf', 'HGF1_CNKI.ttf', 'HGF2X_CNKI.ttf', 'HGF2_CNKI.ttf', 'HGF3_CNKI.ttf', 'HGF4X_CNKI.ttf', 'HGF4_CNKI.ttf', 'HGF5X_CNKI.ttf', 'HGF5_CNKI.ttf', 'HGF6X_CNKI.ttf', 'HGF6_CNKI.ttf', 'HGF7X_CNKI.ttf', 'HGF7_CNKI.ttf', 'HGF8_CNKI.ttf', 'HGF9X_CNKI.ttf', 'HGF9_CNKI.ttf', 'HGFS1_CNKI.TTF', 'HGFS2_CNKI.TTF', 'HGFSH_CNKI.TTF', 'HGFS_CNKI.TTF', 'HGFX_CNKI.ttf', 'HGFZ_CNKI.ttf', 'HGGG_CNKI.TTF', 'HGH1X_CNKI.ttf', 'HGH1_CNKI.ttf', 'HGH2X_CNKI.ttf', 'HGH2_CNKI.ttf', 'HGH3X_CNKI.ttf', 'HGH3_CNKI.ttf', 'HGH4X_CNKI.ttf', 'HGH4_CNKI.ttf', 'HGH5X_CNKI.ttf', 'HGH5_CNKI.ttf', 'HGH6X_CNKI.ttf', 'HGH6_CNKI.ttf', 'HGH7X_CNKI.ttf', 'HGH7_CNKI.ttf', 'HGHB_CNKI.TTF', 'HGHD_CNKI.ttf', 'HGHP_CNKI.TTF', 'HGHT1_CNKI.ttf', 'HGHT2_CNKI.ttf', 'HGHUATI_CNKI.ttf', 'HGHX_CNKI.ttf', 'HGHZ_CNKI.ttf', 'HGH_CNKI.TTF', 'HGKT1_CNKI.TTF', 'HGKT2_CNKI.TTF', 'HGKT_CNKI.TTF', 'HGKY_CNKI.ttf', 'HGLB_CNKI.TTF', 'HGLS_CNKI.TTF', 'HGMH_CNKI.TTF', 'HGNBS_CNKI.ttf', 'HGOCR_CNKI.ttf', 'HGPH_CNKI.TTF', 'HGPTY_CNKI.TTF', 'HGSS1_CNKI.TTF', 'HGSS2_CNKI.TTF', 'HGSS_CNKI.TTF', 'HGSXT_CNKI.ttf', 'HGTT_CNKI.ttf', 'HGTX_CNKI.TTF', 'HGWT_CNKI.TTF', 'HGWYS_CNKI.TTF', 'HGX1X_CNKI.ttf', 'HGX1_CNKI.ttf', 'HGXBS_CNKI.TTF', 'HGXC_CNKI.TTF', 'HGXF1_CNKI.ttf', 'HGXFX_CNKI.ttf', 'HGXFZ_CNKI.ttf', 'HGXH1_CNKI.TTF', 'HGXH_CNKI.TTF', 'HGXK_CNKI.TTF', 'HGXL_CNKI.TTF', 'HGXS_CNKI.TTF', 'HGXT_CNKI.ttf', 'HGXY_CNKI.ttf', 'HGY1_CNKI.TTF', 'HGY2_CNKI.TTF', 'HGY3_CNKI.TTF', 'HGY4_CNKI.TTF', 'HGYB_CNKI.ttf', 'HGYT1_CNKI.ttf', 'HGYT2_CNKI.ttf', 'HGYT_CNKI.TTF', 'HGYX_CNKI.TTF', 'HGZCS_CNKI.TTF', 'HGZDX_CNKI.TTF', 'HGZK_CNKI.TTF', 'HGZYT_CNKI.TTF', 'HGZY_CNKI.TTF', 'himalaya.ttf', 'holomdl2.ttf', 'HTOWERT.TTF', 'HTOWERTI.TTF', 'hvgafix.fon', 'hvgasys.fon', 'impact.ttf', 'IMPRISHA.TTF', 'INFROMAN.TTF', 'Inkfree.ttf', 'iqiyi_logov7.ttf', 'ITCBLKAD.TTF', 'ITCEDSCR.TTF', 'ITCKRIST.TTF', 'j8514fix.fon', 'j8514oem.fon', 'j8514sys.fon', 'javatext.ttf', 'JOKERMAN.TTF', 'jsmalle.fon', 'jsmallf.fon', 'JUICE___.TTF', 'jvgafix.fon', 'jvgasys.fon', 'KUNSTLER.TTF', 'LATINWD.TTF', 'LBRITE.TTF', 'LBRITED.TTF', 'LBRITEDI.TTF', 'LBRITEI.TTF', 'LCALLIG.TTF', 'LeelaUIb.ttf', 'LeelawUI.ttf', 'LeelUIsl.ttf', 'LFAX.TTF', 'LFAXD.TTF', 'LFAXDI.TTF', 'LFAXI.TTF', 'LHANDW.TTF', 'LSANS.TTF', 'LSANSD.TTF', 'LSANSDI.TTF', 'LSANSI.TTF', 'LTYPE.TTF', 'LTYPEB.TTF', 'LTYPEBO.TTF', 'LTYPEO.TTF', 'lucon.ttf', 'l_10646.ttf', 'MAGNETOB.TTF', 'MAIAN.TTF', 'malgun.ttf', 'malgunbd.ttf', 'malgunsl.ttf', 'marlett.ttf', 'MATURASC.TTF', 'micross.ttf', 'mingliub.ttc', 'MISTRAL.TTF', 'mmrtext.ttf', 'mmrtextb.ttf', 'MOD20.TTF', 'modern.fon', 'monbaiti.ttf', 'msgothic.ttc', 'msjh.ttc', 'msjhbd.ttc', 'msjhl.ttc', 'msyh.ttc', 'msyhbd.ttc', 'msyhl.ttc', 'msyi.ttf', 'MTCORSVA.TTF', 'MTEXTRA.TTF', 'mvboli.ttf', 'NIAGENG.TTF', 'NIAGSOL.TTF', 'Nirmala.ttf', 'NirmalaB.ttf', 'NirmalaS.ttf', 'ntailu.ttf', 'ntailub.ttf', 'NumberOnly.ttf', 'OCRAEXT.TTF', 'OLDENGL.TTF', 'ONYX.TTF', 'OUTLOOK.TTF', 'pala.ttf', 'palab.ttf', 'palabi.ttf', 'palai.ttf', 'PALSCRI.TTF', 'PAPYRUS.TTF', 'PARCHM.TTF', 'PERBI___.TTF', 'PERB____.TTF', 'PERI____.TTF', 'PERTIBD.TTF', 'PERTILI.TTF', 'PER_____.TTF', 'phagspa.ttf', 'phagspab.ttf', 'PLAYBILL.TTF', 'POORICH.TTF', 'PRISTINA.TTF', 'RAGE.TTF', 'RAVIE.TTF', 'REFSAN.TTF', 'REFSPCL.TTF', 'ROCCB___.TTF', 'ROCC____.TTF', 'ROCK.TTF', 'ROCKB.TTF', 'ROCKBI.TTF', 'ROCKEB.TTF', 'ROCKI.TTF', 'roman.fon', 's8514fix.fon', 's8514oem.fon', 's8514sys.fon', 'SCHLBKB.TTF', 'SCHLBKBI.TTF', 'SCHLBKI.TTF', 'script.fon', 'SCRIPTBL.TTF', 'segmdl2.ttf', 'SegoeIcons.ttf', 'segoepr.ttf', 'segoeprb.ttf', 'segoesc.ttf', 'segoescb.ttf', 'segoeui.ttf', 'segoeuib.ttf', 'segoeuii.ttf', 'segoeuil.ttf', 'segoeuisl.ttf', 'segoeuiz.ttf', 'seguibl.ttf', 'seguibli.ttf', 'seguiemj.ttf', 'seguihis.ttf', 'seguili.ttf', 'seguisb.ttf', 'seguisbi.ttf', 'seguisli.ttf', 'seguisym.ttf', 'SegUIVar.ttf', 'sere1255.fon', 'sere1256.fon', 'sere1257.fon', 'serf1255.fon', 'serf1256.fon', 'serf1257.fon', 'serife.fon', 'serifee.fon', 'serifeg.fon', 'serifer.fon', 'serifet.fon', 'seriff.fon', 'seriffe.fon', 'seriffg.fon', 'seriffr.fon', 'serifft.fon', 'SHOWG.TTF', 'simfang.ttf', 'simhei.ttf', 'simkai.ttf', 'SIMLI.TTF', 'simsun.ttc', 'simsunb.ttf', 'SIMYOU.TTF', 'SitkaVF-Italic.ttf', 'SitkaVF.ttf', 'smae1255.fon', 'smae1256.fon', 'smae1257.fon', 'smaf1255.fon', 'smaf1256.fon', 'smaf1257.fon', 'smalle.fon', 'smallee.fon', 'smalleg.fon', 'smaller.fon', 'smallet.fon', 'smallf.fon', 'smallfe.fon', 'smallfg.fon', 'smallfr.fon', 'smallft.fon', 'SNAP____.TTF', 'ssee1255.fon', 'ssee1256.fon', 'ssee1257.fon', 'ssee874.fon', 'ssef1255.fon', 'ssef1256.fon', 'ssef1257.fon', 'ssef874.fon', 'sserife.fon', 'sserifee.fon', 'sserifeg.fon', 'sserifer.fon', 'sserifet.fon', 'sseriff.fon', 'sseriffe.fon', 'sseriffg.fon', 'sseriffr.fon', 'sserifft.fon', 'StaticCache.dat', 'STCAIYUN.TTF', 'STENCIL.TTF', 'STFANGSO.TTF', 'STHUPO.TTF', 'STKAITI.TTF', 'STLITI.TTF', 'STSONG.TTF', 'STXIHEI.TTF', 'STXINGKA.TTF', 'STXINWEI.TTF', 'STZHONGS.TTF', 'svgafix.fon', 'svgasys.fon', 'sylfaen.ttf', 'symbol.ttf', 'tahoma.ttf', 'tahomabd.ttf', 'taile.ttf', 'taileb.ttf', 'TCBI____.TTF', 'TCB_____.TTF', 'TCCB____.TTF', 'TCCEB.TTF', 'TCCM____.TTF', 'TCMI____.TTF', 'TCM_____.TTF', 'TEMPSITC.TTF', 'times.ttf', 'timesbd.ttf', 'timesbi.ttf', 'timesi.ttf', 'trebuc.ttf', 'trebucbd.ttf', 'trebucbi.ttf', 'trebucit.ttf', 'verdana.ttf', 'verdanab.ttf', 'verdanai.ttf', 'verdanaz.ttf', 'vga737.fon', 'vga775.fon', 'vga850.fon', 'vga852.fon', 'vga855.fon', 'vga857.fon', 'vga860.fon', 'vga861.fon', 'vga863.fon', 'vga865.fon', 'vga866.fon', 'vga869.fon', 'vga932.fon', 'vga936.fon', 'vga949.fon', 'vga950.fon', 'vgaf1255.fon', 'vgaf1256.fon', 'vgaf1257.fon', 'vgaf874.fon', 'vgafix.fon', 'vgafixe.fon', 'vgafixg.fon', 'vgafixr.fon', 'vgafixt.fon', 'vgaoem.fon', 'vgas1255.fon', 'vgas1256.fon', 'vgas1257.fon', 'vgas874.fon', 'vgasys.fon', 'vgasyse.fon', 'vgasysg.fon', 'vgasysr.fon', 'vgasyst.fon', 'VINERITC.TTF', 'VIVALDII.TTF', 'VLADIMIR.TTF', 'webdings.ttf', 'wingding.ttf', 'WINGDNG2.TTF', 'WINGDNG3.TTF', 'YuGothB.ttc', 'YuGothL.ttc', 'YuGothM.ttc', 'YuGothR.ttc', '\u534e\u5eb7\u65b9\u5706\u4f53W7.TTC', '\u65b9\u6b63\u7c97\u9ed1\u5b8b\u7b80\u4f53.ttf']
2023-09-27 15:57:53,185 - INFO - all fonts installed:['8514fix.fon', '8514fixe.fon', '8514fixg.fon', '8514fixr.fon', '8514fixt.fon', '8514oem.fon', '8514oeme.fon', '8514oemg.fon', '8514oemr.fon', '8514oemt.fon', '8514sys.fon', '8514syse.fon', '8514sysg.fon', '8514sysr.fon', '8514syst.fon', '85775.fon', '85855.fon', '85f1255.fon', '85f1256.fon', '85f1257.fon', '85f874.fon', '85s1255.fon', '85s1256.fon', '85s1257.fon', '85s874.fon', 'AGENCYB.TTF', 'AGENCYR.TTF', 'ALGER.TTF', 'ANTQUAB.TTF', 'ANTQUABI.TTF', 'ANTQUAI.TTF', 'app775.fon', 'app850.fon', 'app852.fon', 'app855.fon', 'app857.fon', 'app866.fon', 'app932.fon', 'app936.fon', 'app949.fon', 'app950.fon', 'arial.ttf', 'arialbd.ttf', 'arialbi.ttf', 'ariali.ttf', 'ARIALN.TTF', 'ARIALNB.TTF', 'ARIALNBI.TTF', 'ARIALNI.TTF', 'ariblk.ttf', 'ARLRDBD.TTF', 'AxureHandwriting-Bold.otf', 'AxureHandwriting-BoldItalic.otf', 'AxureHandwriting-Italic.otf', 'AxureHandwriting.otf', 'bahnschrift.ttf', 'BASKVILL.TTF', 'BAUHS93.TTF', 'BELL.TTF', 'BELLB.TTF', 'BELLI.TTF', 'BERNHC.TTF', 'BKANT.TTF', 'BOD_B.TTF', 'BOD_BI.TTF', 'BOD_BLAI.TTF', 'BOD_BLAR.TTF', 'BOD_CB.TTF', 'BOD_CBI.TTF', 'BOD_CI.TTF', 'BOD_CR.TTF', 'BOD_I.TTF', 'BOD_PSTC.TTF', 'BOD_R.TTF', 'BOOKOS.TTF', 'BOOKOSB.TTF', 'BOOKOSBI.TTF', 'BOOKOSI.TTF', 'BRADHITC.TTF', 'BRITANIC.TTF', 'BRLNSB.TTF', 'BRLNSDB.TTF', 'BRLNSR.TTF', 'BROADW.TTF', 'BRUSHSCI.TTF', 'BSSYM7.TTF', 'c8514fix.fon', 'c8514oem.fon', 'c8514sys.fon', 'calibri.ttf', 'calibrib.ttf', 'calibrii.ttf', 'calibril.ttf', 'calibrili.ttf', 'calibriz.ttf', 'CALIFB.TTF', 'CALIFI.TTF', 'CALIFR.TTF', 'CALIST.TTF', 'CALISTB.TTF', 'CALISTBI.TTF', 'CALISTI.TTF', 'cambria.ttc', 'cambriab.ttf', 'cambriai.ttf', 'cambriaz.ttf', 'Candara.ttf', 'Candarab.ttf', 'Candarai.ttf', 'Candaral.ttf', 'Candarali.ttf', 'Candaraz.ttf', 'CascadiaCode.ttf', 'CascadiaMono.ttf', 'CASTELAR.TTF', 'CENSCBK.TTF', 'CENTAUR.TTF', 'CENTURY.TTF', 'cga40737.fon', 'cga40850.fon', 'cga40852.fon', 'cga40857.fon', 'cga40866.fon', 'cga40869.fon', 'cga40woa.fon', 'cga80737.fon', 'cga80850.fon', 'cga80852.fon', 'cga80857.fon', 'cga80866.fon', 'cga80869.fon', 'cga80woa.fon', 'CHILLER.TTF', 'COLONNA.TTF', 'comic.ttf', 'comicbd.ttf', 'comici.ttf', 'comicz.ttf', 'consola.ttf', 'consolab.ttf', 'consolai.ttf', 'consolaz.ttf', 'constan.ttf', 'constanb.ttf', 'constani.ttf', 'constanz.ttf', 'COOPBL.TTF', 'COPRGTB.TTF', 'COPRGTL.TTF', 'corbel.ttf', 'corbelb.ttf', 'corbeli.ttf', 'corbell.ttf', 'corbelli.ttf', 'corbelz.ttf', 'coue1255.fon', 'coue1256.fon', 'coue1257.fon', 'couf1255.fon', 'couf1256.fon', 'couf1257.fon', 'cour.ttf', 'courbd.ttf', 'courbi.ttf', 'coure.fon', 'couree.fon', 'coureg.fon', 'courer.fon', 'couret.fon', 'courf.fon', 'courfe.fon', 'courfg.fon', 'courfr.fon', 'courft.fon', 'couri.ttf', 'CURLZ___.TTF', 'cvgafix.fon', 'cvgasys.fon', 'Deng.ttf', 'Dengb.ttf', 'Dengl.ttf', 'desktop.ini', 'dos737.fon', 'dos869.fon', 'dosapp.fon', 'DUBAI-BOLD.TTF', 'DUBAI-LIGHT.TTF', 'DUBAI-MEDIUM.TTF', 'DUBAI-REGULAR.TTF', 'ebrima.ttf', 'ebrimabd.ttf', 'ega40737.fon', 'ega40850.fon', 'ega40852.fon', 'ega40857.fon', 'ega40866.fon', 'ega40869.fon', 'ega40woa.fon', 'ega80737.fon', 'ega80850.fon', 'ega80852.fon', 'ega80857.fon', 'ega80866.fon', 'ega80869.fon', 'ega80woa.fon', 'ELEPHNT.TTF', 'ELEPHNTI.TTF', 'ENGR.TTF', 'ERASBD.TTF', 'ERASDEMI.TTF', 'ERASLGHT.TTF', 'ERASMD.TTF', 'FELIXTI.TTF', 'fms_metadata.xml', 'FORTE.TTF', 'FRABK.TTF', 'FRABKIT.TTF', 'FRADM.TTF', 'FRADMCN.TTF', 'FRADMIT.TTF', 'FRAHV.TTF', 'FRAHVIT.TTF', 'framd.ttf', 'FRAMDCN.TTF', 'framdit.ttf', 'FREESCPT.TTF', 'FRSCRIPT.TTF', 'FTLTLT.TTF', 'FZSTK.TTF', 'FZYTK.TTF', 'Gabriola.ttf', 'gadugi.ttf', 'gadugib.ttf', 'GARA.TTF', 'GARABD.TTF', 'GARAIT.TTF', 'georgia.ttf', 'georgiab.ttf', 'georgiai.ttf', 'georgiaz.ttf', 'GIGI.TTF', 'GILBI___.TTF', 'GILB____.TTF', 'GILC____.TTF', 'GILI____.TTF', 'GILLUBCD.TTF', 'GILSANUB.TTF', 'GIL_____.TTF', 'GLECB.TTF', 'GlobalMonospace.CompositeFont', 'GlobalSansSerif.CompositeFont', 'GlobalSerif.CompositeFont', 'GlobalUserInterface.CompositeFont', 'GLSNECB.TTF', 'GOTHIC.TTF', 'GOTHICB.TTF', 'GOTHICBI.TTF', 'GOTHICI.TTF', 'GOUDOS.TTF', 'GOUDOSB.TTF', 'GOUDOSI.TTF', 'GOUDYSTO.TTF', 'h8514fix.fon', 'h8514oem.fon', 'h8514sys.fon', 'HARLOWSI.TTF', 'HARNGTON.TTF', 'HATTEN.TTF', 'HGB1X_CNKI.ttf', 'HGB1_CNKI.ttf', 'HGB2X_CNKI.ttf', 'HGB2_CNKI.ttf', 'HGB3X_CNKI.ttf', 'HGB3_CNKI.ttf', 'HGB4X_CNKI.ttf', 'HGB4_CNKI.ttf', 'HGB5X_CNKI.ttf', 'HGB5_CNKI.ttf', 'HGB6X_CNKI.ttf', 'HGB6_CNKI.ttf', 'HGB7X_CNKI.ttf', 'HGB7_CNKI.ttf', 'HGB8X_CNKI.ttf', 'HGB8_CNKI.ttf', 'HGBD_CNKI.ttf', 'HGBKBX_CNKI.ttf', 'HGBKB_CNKI.ttf', 'HGBKHX_CNKI.ttf', 'HGBKH_CNKI.ttf', 'HGBS1_CNKI.TTF', 'HGBS2_CNKI.TTF', 'HGBS_CNKI.TTF', 'HGBTH_CNKI.TTF', 'HGBTS_CNKI.TTF', 'HGBX_CNKI.ttf', 'HGBZ_CNKI.ttf', 'HGCH_CNKI.TTF', 'HGCUH_CNKI.TTF', 'HGCY_CNKI.TTF', 'HGDBS_CNKI.TTF', 'HGDGY_CNKI.TTF', 'HGDH2_CNKI.TTF', 'HGDH_CNKI.TTF', 'HGDYS_CNKI.TTF', 'HGDY_CNKI.ttf', 'HGF1X_CNKI.ttf', 'HGF1_CNKI.ttf', 'HGF2X_CNKI.ttf', 'HGF2_CNKI.ttf', 'HGF3_CNKI.ttf', 'HGF4X_CNKI.ttf', 'HGF4_CNKI.ttf', 'HGF5X_CNKI.ttf', 'HGF5_CNKI.ttf', 'HGF6X_CNKI.ttf', 'HGF6_CNKI.ttf', 'HGF7X_CNKI.ttf', 'HGF7_CNKI.ttf', 'HGF8_CNKI.ttf', 'HGF9X_CNKI.ttf', 'HGF9_CNKI.ttf', 'HGFS1_CNKI.TTF', 'HGFS2_CNKI.TTF', 'HGFSH_CNKI.TTF', 'HGFS_CNKI.TTF', 'HGFX_CNKI.ttf', 'HGFZ_CNKI.ttf', 'HGGG_CNKI.TTF', 'HGH1X_CNKI.ttf', 'HGH1_CNKI.ttf', 'HGH2X_CNKI.ttf', 'HGH2_CNKI.ttf', 'HGH3X_CNKI.ttf', 'HGH3_CNKI.ttf', 'HGH4X_CNKI.ttf', 'HGH4_CNKI.ttf', 'HGH5X_CNKI.ttf', 'HGH5_CNKI.ttf', 'HGH6X_CNKI.ttf', 'HGH6_CNKI.ttf', 'HGH7X_CNKI.ttf', 'HGH7_CNKI.ttf', 'HGHB_CNKI.TTF', 'HGHD_CNKI.ttf', 'HGHP_CNKI.TTF', 'HGHT1_CNKI.ttf', 'HGHT2_CNKI.ttf', 'HGHUATI_CNKI.ttf', 'HGHX_CNKI.ttf', 'HGHZ_CNKI.ttf', 'HGH_CNKI.TTF', 'HGKT1_CNKI.TTF', 'HGKT2_CNKI.TTF', 'HGKT_CNKI.TTF', 'HGKY_CNKI.ttf', 'HGLB_CNKI.TTF', 'HGLS_CNKI.TTF', 'HGMH_CNKI.TTF', 'HGNBS_CNKI.ttf', 'HGOCR_CNKI.ttf', 'HGPH_CNKI.TTF', 'HGPTY_CNKI.TTF', 'HGSS1_CNKI.TTF', 'HGSS2_CNKI.TTF', 'HGSS_CNKI.TTF', 'HGSXT_CNKI.ttf', 'HGTT_CNKI.ttf', 'HGTX_CNKI.TTF', 'HGWT_CNKI.TTF', 'HGWYS_CNKI.TTF', 'HGX1X_CNKI.ttf', 'HGX1_CNKI.ttf', 'HGXBS_CNKI.TTF', 'HGXC_CNKI.TTF', 'HGXF1_CNKI.ttf', 'HGXFX_CNKI.ttf', 'HGXFZ_CNKI.ttf', 'HGXH1_CNKI.TTF', 'HGXH_CNKI.TTF', 'HGXK_CNKI.TTF', 'HGXL_CNKI.TTF', 'HGXS_CNKI.TTF', 'HGXT_CNKI.ttf', 'HGXY_CNKI.ttf', 'HGY1_CNKI.TTF', 'HGY2_CNKI.TTF', 'HGY3_CNKI.TTF', 'HGY4_CNKI.TTF', 'HGYB_CNKI.ttf', 'HGYT1_CNKI.ttf', 'HGYT2_CNKI.ttf', 'HGYT_CNKI.TTF', 'HGYX_CNKI.TTF', 'HGZCS_CNKI.TTF', 'HGZDX_CNKI.TTF', 'HGZK_CNKI.TTF', 'HGZYT_CNKI.TTF', 'HGZY_CNKI.TTF', 'himalaya.ttf', 'holomdl2.ttf', 'HTOWERT.TTF', 'HTOWERTI.TTF', 'hvgafix.fon', 'hvgasys.fon', 'impact.ttf', 'IMPRISHA.TTF', 'INFROMAN.TTF', 'Inkfree.ttf', 'iqiyi_logov7.ttf', 'ITCBLKAD.TTF', 'ITCEDSCR.TTF', 'ITCKRIST.TTF', 'j8514fix.fon', 'j8514oem.fon', 'j8514sys.fon', 'javatext.ttf', 'JOKERMAN.TTF', 'jsmalle.fon', 'jsmallf.fon', 'JUICE___.TTF', 'jvgafix.fon', 'jvgasys.fon', 'KUNSTLER.TTF', 'LATINWD.TTF', 'LBRITE.TTF', 'LBRITED.TTF', 'LBRITEDI.TTF', 'LBRITEI.TTF', 'LCALLIG.TTF', 'LeelaUIb.ttf', 'LeelawUI.ttf', 'LeelUIsl.ttf', 'LFAX.TTF', 'LFAXD.TTF', 'LFAXDI.TTF', 'LFAXI.TTF', 'LHANDW.TTF', 'LSANS.TTF', 'LSANSD.TTF', 'LSANSDI.TTF', 'LSANSI.TTF', 'LTYPE.TTF', 'LTYPEB.TTF', 'LTYPEBO.TTF', 'LTYPEO.TTF', 'lucon.ttf', 'l_10646.ttf', 'MAGNETOB.TTF', 'MAIAN.TTF', 'malgun.ttf', 'malgunbd.ttf', 'malgunsl.ttf', 'marlett.ttf', 'MATURASC.TTF', 'micross.ttf', 'mingliub.ttc', 'MISTRAL.TTF', 'mmrtext.ttf', 'mmrtextb.ttf', 'MOD20.TTF', 'modern.fon', 'monbaiti.ttf', 'msgothic.ttc', 'msjh.ttc', 'msjhbd.ttc', 'msjhl.ttc', 'msyh.ttc', 'msyhbd.ttc', 'msyhl.ttc', 'msyi.ttf', 'MTCORSVA.TTF', 'MTEXTRA.TTF', 'mvboli.ttf', 'NIAGENG.TTF', 'NIAGSOL.TTF', 'Nirmala.ttf', 'NirmalaB.ttf', 'NirmalaS.ttf', 'ntailu.ttf', 'ntailub.ttf', 'NumberOnly.ttf', 'OCRAEXT.TTF', 'OLDENGL.TTF', 'ONYX.TTF', 'OUTLOOK.TTF', 'pala.ttf', 'palab.ttf', 'palabi.ttf', 'palai.ttf', 'PALSCRI.TTF', 'PAPYRUS.TTF', 'PARCHM.TTF', 'PERBI___.TTF', 'PERB____.TTF', 'PERI____.TTF', 'PERTIBD.TTF', 'PERTILI.TTF', 'PER_____.TTF', 'phagspa.ttf', 'phagspab.ttf', 'PLAYBILL.TTF', 'POORICH.TTF', 'PRISTINA.TTF', 'RAGE.TTF', 'RAVIE.TTF', 'REFSAN.TTF', 'REFSPCL.TTF', 'ROCCB___.TTF', 'ROCC____.TTF', 'ROCK.TTF', 'ROCKB.TTF', 'ROCKBI.TTF', 'ROCKEB.TTF', 'ROCKI.TTF', 'roman.fon', 's8514fix.fon', 's8514oem.fon', 's8514sys.fon', 'SCHLBKB.TTF', 'SCHLBKBI.TTF', 'SCHLBKI.TTF', 'script.fon', 'SCRIPTBL.TTF', 'segmdl2.ttf', 'SegoeIcons.ttf', 'segoepr.ttf', 'segoeprb.ttf', 'segoesc.ttf', 'segoescb.ttf', 'segoeui.ttf', 'segoeuib.ttf', 'segoeuii.ttf', 'segoeuil.ttf', 'segoeuisl.ttf', 'segoeuiz.ttf', 'seguibl.ttf', 'seguibli.ttf', 'seguiemj.ttf', 'seguihis.ttf', 'seguili.ttf', 'seguisb.ttf', 'seguisbi.ttf', 'seguisli.ttf', 'seguisym.ttf', 'SegUIVar.ttf', 'sere1255.fon', 'sere1256.fon', 'sere1257.fon', 'serf1255.fon', 'serf1256.fon', 'serf1257.fon', 'serife.fon', 'serifee.fon', 'serifeg.fon', 'serifer.fon', 'serifet.fon', 'seriff.fon', 'seriffe.fon', 'seriffg.fon', 'seriffr.fon', 'serifft.fon', 'SHOWG.TTF', 'simfang.ttf', 'simhei.ttf', 'simkai.ttf', 'SIMLI.TTF', 'simsun.ttc', 'simsunb.ttf', 'SIMYOU.TTF', 'SitkaVF-Italic.ttf', 'SitkaVF.ttf', 'smae1255.fon', 'smae1256.fon', 'smae1257.fon', 'smaf1255.fon', 'smaf1256.fon', 'smaf1257.fon', 'smalle.fon', 'smallee.fon', 'smalleg.fon', 'smaller.fon', 'smallet.fon', 'smallf.fon', 'smallfe.fon', 'smallfg.fon', 'smallfr.fon', 'smallft.fon', 'SNAP____.TTF', 'ssee1255.fon', 'ssee1256.fon', 'ssee1257.fon', 'ssee874.fon', 'ssef1255.fon', 'ssef1256.fon', 'ssef1257.fon', 'ssef874.fon', 'sserife.fon', 'sserifee.fon', 'sserifeg.fon', 'sserifer.fon', 'sserifet.fon', 'sseriff.fon', 'sseriffe.fon', 'sseriffg.fon', 'sseriffr.fon', 'sserifft.fon', 'StaticCache.dat', 'STCAIYUN.TTF', 'STENCIL.TTF', 'STFANGSO.TTF', 'STHUPO.TTF', 'STKAITI.TTF', 'STLITI.TTF', 'STSONG.TTF', 'STXIHEI.TTF', 'STXINGKA.TTF', 'STXINWEI.TTF', 'STZHONGS.TTF', 'svgafix.fon', 'svgasys.fon', 'sylfaen.ttf', 'symbol.ttf', 'tahoma.ttf', 'tahomabd.ttf', 'taile.ttf', 'taileb.ttf', 'TCBI____.TTF', 'TCB_____.TTF', 'TCCB____.TTF', 'TCCEB.TTF', 'TCCM____.TTF', 'TCMI____.TTF', 'TCM_____.TTF', 'TEMPSITC.TTF', 'times.ttf', 'timesbd.ttf', 'timesbi.ttf', 'timesi.ttf', 'trebuc.ttf', 'trebucbd.ttf', 'trebucbi.ttf', 'trebucit.ttf', 'verdana.ttf', 'verdanab.ttf', 'verdanai.ttf', 'verdanaz.ttf', 'vga737.fon', 'vga775.fon', 'vga850.fon', 'vga852.fon', 'vga855.fon', 'vga857.fon', 'vga860.fon', 'vga861.fon', 'vga863.fon', 'vga865.fon', 'vga866.fon', 'vga869.fon', 'vga932.fon', 'vga936.fon', 'vga949.fon', 'vga950.fon', 'vgaf1255.fon', 'vgaf1256.fon', 'vgaf1257.fon', 'vgaf874.fon', 'vgafix.fon', 'vgafixe.fon', 'vgafixg.fon', 'vgafixr.fon', 'vgafixt.fon', 'vgaoem.fon', 'vgas1255.fon', 'vgas1256.fon', 'vgas1257.fon', 'vgas874.fon', 'vgasys.fon', 'vgasyse.fon', 'vgasysg.fon', 'vgasysr.fon', 'vgasyst.fon', 'VINERITC.TTF', 'VIVALDII.TTF', 'VLADIMIR.TTF', 'webdings.ttf', 'wingding.ttf', 'WINGDNG2.TTF', 'WINGDNG3.TTF', 'YuGothB.ttc', 'YuGothL.ttc', 'YuGothM.ttc', 'YuGothR.ttc', '\u534e\u5eb7\u65b9\u5706\u4f53W7.TTC', '\u65b9\u6b63\u7c97\u9ed1\u5b8b\u7b80\u4f53.ttf']
2023-09-27 15:57:53,445 - INFO - all fonts installed:['8514fix.fon', '8514fixe.fon', '8514fixg.fon', '8514fixr.fon', '8514fixt.fon', '8514oem.fon', '8514oeme.fon', '8514oemg.fon', '8514oemr.fon', '8514oemt.fon', '8514sys.fon', '8514syse.fon', '8514sysg.fon', '8514sysr.fon', '8514syst.fon', '85775.fon', '85855.fon', '85f1255.fon', '85f1256.fon', '85f1257.fon', '85f874.fon', '85s1255.fon', '85s1256.fon', '85s1257.fon', '85s874.fon', 'AGENCYB.TTF', 'AGENCYR.TTF', 'ALGER.TTF', 'ANTQUAB.TTF', 'ANTQUABI.TTF', 'ANTQUAI.TTF', 'app775.fon', 'app850.fon', 'app852.fon', 'app855.fon', 'app857.fon', 'app866.fon', 'app932.fon', 'app936.fon', 'app949.fon', 'app950.fon', 'arial.ttf', 'arialbd.ttf', 'arialbi.ttf', 'ariali.ttf', 'ARIALN.TTF', 'ARIALNB.TTF', 'ARIALNBI.TTF', 'ARIALNI.TTF', 'ariblk.ttf', 'ARLRDBD.TTF', 'AxureHandwriting-Bold.otf', 'AxureHandwriting-BoldItalic.otf', 'AxureHandwriting-Italic.otf', 'AxureHandwriting.otf', 'bahnschrift.ttf', 'BASKVILL.TTF', 'BAUHS93.TTF', 'BELL.TTF', 'BELLB.TTF', 'BELLI.TTF', 'BERNHC.TTF', 'BKANT.TTF', 'BOD_B.TTF', 'BOD_BI.TTF', 'BOD_BLAI.TTF', 'BOD_BLAR.TTF', 'BOD_CB.TTF', 'BOD_CBI.TTF', 'BOD_CI.TTF', 'BOD_CR.TTF', 'BOD_I.TTF', 'BOD_PSTC.TTF', 'BOD_R.TTF', 'BOOKOS.TTF', 'BOOKOSB.TTF', 'BOOKOSBI.TTF', 'BOOKOSI.TTF', 'BRADHITC.TTF', 'BRITANIC.TTF', 'BRLNSB.TTF', 'BRLNSDB.TTF', 'BRLNSR.TTF', 'BROADW.TTF', 'BRUSHSCI.TTF', 'BSSYM7.TTF', 'c8514fix.fon', 'c8514oem.fon', 'c8514sys.fon', 'calibri.ttf', 'calibrib.ttf', 'calibrii.ttf', 'calibril.ttf', 'calibrili.ttf', 'calibriz.ttf', 'CALIFB.TTF', 'CALIFI.TTF', 'CALIFR.TTF', 'CALIST.TTF', 'CALISTB.TTF', 'CALISTBI.TTF', 'CALISTI.TTF', 'cambria.ttc', 'cambriab.ttf', 'cambriai.ttf', 'cambriaz.ttf', 'Candara.ttf', 'Candarab.ttf', 'Candarai.ttf', 'Candaral.ttf', 'Candarali.ttf', 'Candaraz.ttf', 'CascadiaCode.ttf', 'CascadiaMono.ttf', 'CASTELAR.TTF', 'CENSCBK.TTF', 'CENTAUR.TTF', 'CENTURY.TTF', 'cga40737.fon', 'cga40850.fon', 'cga40852.fon', 'cga40857.fon', 'cga40866.fon', 'cga40869.fon', 'cga40woa.fon', 'cga80737.fon', 'cga80850.fon', 'cga80852.fon', 'cga80857.fon', 'cga80866.fon', 'cga80869.fon', 'cga80woa.fon', 'CHILLER.TTF', 'COLONNA.TTF', 'comic.ttf', 'comicbd.ttf', 'comici.ttf', 'comicz.ttf', 'consola.ttf', 'consolab.ttf', 'consolai.ttf', 'consolaz.ttf', 'constan.ttf', 'constanb.ttf', 'constani.ttf', 'constanz.ttf', 'COOPBL.TTF', 'COPRGTB.TTF', 'COPRGTL.TTF', 'corbel.ttf', 'corbelb.ttf', 'corbeli.ttf', 'corbell.ttf', 'corbelli.ttf', 'corbelz.ttf', 'coue1255.fon', 'coue1256.fon', 'coue1257.fon', 'couf1255.fon', 'couf1256.fon', 'couf1257.fon', 'cour.ttf', 'courbd.ttf', 'courbi.ttf', 'coure.fon', 'couree.fon', 'coureg.fon', 'courer.fon', 'couret.fon', 'courf.fon', 'courfe.fon', 'courfg.fon', 'courfr.fon', 'courft.fon', 'couri.ttf', 'CURLZ___.TTF', 'cvgafix.fon', 'cvgasys.fon', 'Deng.ttf', 'Dengb.ttf', 'Dengl.ttf', 'desktop.ini', 'dos737.fon', 'dos869.fon', 'dosapp.fon', 'DUBAI-BOLD.TTF', 'DUBAI-LIGHT.TTF', 'DUBAI-MEDIUM.TTF', 'DUBAI-REGULAR.TTF', 'ebrima.ttf', 'ebrimabd.ttf', 'ega40737.fon', 'ega40850.fon', 'ega40852.fon', 'ega40857.fon', 'ega40866.fon', 'ega40869.fon', 'ega40woa.fon', 'ega80737.fon', 'ega80850.fon', 'ega80852.fon', 'ega80857.fon', 'ega80866.fon', 'ega80869.fon', 'ega80woa.fon', 'ELEPHNT.TTF', 'ELEPHNTI.TTF', 'ENGR.TTF', 'ERASBD.TTF', 'ERASDEMI.TTF', 'ERASLGHT.TTF', 'ERASMD.TTF', 'FELIXTI.TTF', 'fms_metadata.xml', 'FORTE.TTF', 'FRABK.TTF', 'FRABKIT.TTF', 'FRADM.TTF', 'FRADMCN.TTF', 'FRADMIT.TTF', 'FRAHV.TTF', 'FRAHVIT.TTF', 'framd.ttf', 'FRAMDCN.TTF', 'framdit.ttf', 'FREESCPT.TTF', 'FRSCRIPT.TTF', 'FTLTLT.TTF', 'FZSTK.TTF', 'FZYTK.TTF', 'Gabriola.ttf', 'gadugi.ttf', 'gadugib.ttf', 'GARA.TTF', 'GARABD.TTF', 'GARAIT.TTF', 'georgia.ttf', 'georgiab.ttf', 'georgiai.ttf', 'georgiaz.ttf', 'GIGI.TTF', 'GILBI___.TTF', 'GILB____.TTF', 'GILC____.TTF', 'GILI____.TTF', 'GILLUBCD.TTF', 'GILSANUB.TTF', 'GIL_____.TTF', 'GLECB.TTF', 'GlobalMonospace.CompositeFont', 'GlobalSansSerif.CompositeFont', 'GlobalSerif.CompositeFont', 'GlobalUserInterface.CompositeFont', 'GLSNECB.TTF', 'GOTHIC.TTF', 'GOTHICB.TTF', 'GOTHICBI.TTF', 'GOTHICI.TTF', 'GOUDOS.TTF', 'GOUDOSB.TTF', 'GOUDOSI.TTF', 'GOUDYSTO.TTF', 'h8514fix.fon', 'h8514oem.fon', 'h8514sys.fon', 'HARLOWSI.TTF', 'HARNGTON.TTF', 'HATTEN.TTF', 'HGB1X_CNKI.ttf', 'HGB1_CNKI.ttf', 'HGB2X_CNKI.ttf', 'HGB2_CNKI.ttf', 'HGB3X_CNKI.ttf', 'HGB3_CNKI.ttf', 'HGB4X_CNKI.ttf', 'HGB4_CNKI.ttf', 'HGB5X_CNKI.ttf', 'HGB5_CNKI.ttf', 'HGB6X_CNKI.ttf', 'HGB6_CNKI.ttf', 'HGB7X_CNKI.ttf', 'HGB7_CNKI.ttf', 'HGB8X_CNKI.ttf', 'HGB8_CNKI.ttf', 'HGBD_CNKI.ttf', 'HGBKBX_CNKI.ttf', 'HGBKB_CNKI.ttf', 'HGBKHX_CNKI.ttf', 'HGBKH_CNKI.ttf', 'HGBS1_CNKI.TTF', 'HGBS2_CNKI.TTF', 'HGBS_CNKI.TTF', 'HGBTH_CNKI.TTF', 'HGBTS_CNKI.TTF', 'HGBX_CNKI.ttf', 'HGBZ_CNKI.ttf', 'HGCH_CNKI.TTF', 'HGCUH_CNKI.TTF', 'HGCY_CNKI.TTF', 'HGDBS_CNKI.TTF', 'HGDGY_CNKI.TTF', 'HGDH2_CNKI.TTF', 'HGDH_CNKI.TTF', 'HGDYS_CNKI.TTF', 'HGDY_CNKI.ttf', 'HGF1X_CNKI.ttf', 'HGF1_CNKI.ttf', 'HGF2X_CNKI.ttf', 'HGF2_CNKI.ttf', 'HGF3_CNKI.ttf', 'HGF4X_CNKI.ttf', 'HGF4_CNKI.ttf', 'HGF5X_CNKI.ttf', 'HGF5_CNKI.ttf', 'HGF6X_CNKI.ttf', 'HGF6_CNKI.ttf', 'HGF7X_CNKI.ttf', 'HGF7_CNKI.ttf', 'HGF8_CNKI.ttf', 'HGF9X_CNKI.ttf', 'HGF9_CNKI.ttf', 'HGFS1_CNKI.TTF', 'HGFS2_CNKI.TTF', 'HGFSH_CNKI.TTF', 'HGFS_CNKI.TTF', 'HGFX_CNKI.ttf', 'HGFZ_CNKI.ttf', 'HGGG_CNKI.TTF', 'HGH1X_CNKI.ttf', 'HGH1_CNKI.ttf', 'HGH2X_CNKI.ttf', 'HGH2_CNKI.ttf', 'HGH3X_CNKI.ttf', 'HGH3_CNKI.ttf', 'HGH4X_CNKI.ttf', 'HGH4_CNKI.ttf', 'HGH5X_CNKI.ttf', 'HGH5_CNKI.ttf', 'HGH6X_CNKI.ttf', 'HGH6_CNKI.ttf', 'HGH7X_CNKI.ttf', 'HGH7_CNKI.ttf', 'HGHB_CNKI.TTF', 'HGHD_CNKI.ttf', 'HGHP_CNKI.TTF', 'HGHT1_CNKI.ttf', 'HGHT2_CNKI.ttf', 'HGHUATI_CNKI.ttf', 'HGHX_CNKI.ttf', 'HGHZ_CNKI.ttf', 'HGH_CNKI.TTF', 'HGKT1_CNKI.TTF', 'HGKT2_CNKI.TTF', 'HGKT_CNKI.TTF', 'HGKY_CNKI.ttf', 'HGLB_CNKI.TTF', 'HGLS_CNKI.TTF', 'HGMH_CNKI.TTF', 'HGNBS_CNKI.ttf', 'HGOCR_CNKI.ttf', 'HGPH_CNKI.TTF', 'HGPTY_CNKI.TTF', 'HGSS1_CNKI.TTF', 'HGSS2_CNKI.TTF', 'HGSS_CNKI.TTF', 'HGSXT_CNKI.ttf', 'HGTT_CNKI.ttf', 'HGTX_CNKI.TTF', 'HGWT_CNKI.TTF', 'HGWYS_CNKI.TTF', 'HGX1X_CNKI.ttf', 'HGX1_CNKI.ttf', 'HGXBS_CNKI.TTF', 'HGXC_CNKI.TTF', 'HGXF1_CNKI.ttf', 'HGXFX_CNKI.ttf', 'HGXFZ_CNKI.ttf', 'HGXH1_CNKI.TTF', 'HGXH_CNKI.TTF', 'HGXK_CNKI.TTF', 'HGXL_CNKI.TTF', 'HGXS_CNKI.TTF', 'HGXT_CNKI.ttf', 'HGXY_CNKI.ttf', 'HGY1_CNKI.TTF', 'HGY2_CNKI.TTF', 'HGY3_CNKI.TTF', 'HGY4_CNKI.TTF', 'HGYB_CNKI.ttf', 'HGYT1_CNKI.ttf', 'HGYT2_CNKI.ttf', 'HGYT_CNKI.TTF', 'HGYX_CNKI.TTF', 'HGZCS_CNKI.TTF', 'HGZDX_CNKI.TTF', 'HGZK_CNKI.TTF', 'HGZYT_CNKI.TTF', 'HGZY_CNKI.TTF', 'himalaya.ttf', 'holomdl2.ttf', 'HTOWERT.TTF', 'HTOWERTI.TTF', 'hvgafix.fon', 'hvgasys.fon', 'impact.ttf', 'IMPRISHA.TTF', 'INFROMAN.TTF', 'Inkfree.ttf', 'iqiyi_logov7.ttf', 'ITCBLKAD.TTF', 'ITCEDSCR.TTF', 'ITCKRIST.TTF', 'j8514fix.fon', 'j8514oem.fon', 'j8514sys.fon', 'javatext.ttf', 'JOKERMAN.TTF', 'jsmalle.fon', 'jsmallf.fon', 'JUICE___.TTF', 'jvgafix.fon', 'jvgasys.fon', 'KUNSTLER.TTF', 'LATINWD.TTF', 'LBRITE.TTF', 'LBRITED.TTF', 'LBRITEDI.TTF', 'LBRITEI.TTF', 'LCALLIG.TTF', 'LeelaUIb.ttf', 'LeelawUI.ttf', 'LeelUIsl.ttf', 'LFAX.TTF', 'LFAXD.TTF', 'LFAXDI.TTF', 'LFAXI.TTF', 'LHANDW.TTF', 'LSANS.TTF', 'LSANSD.TTF', 'LSANSDI.TTF', 'LSANSI.TTF', 'LTYPE.TTF', 'LTYPEB.TTF', 'LTYPEBO.TTF', 'LTYPEO.TTF', 'lucon.ttf', 'l_10646.ttf', 'MAGNETOB.TTF', 'MAIAN.TTF', 'malgun.ttf', 'malgunbd.ttf', 'malgunsl.ttf', 'marlett.ttf', 'MATURASC.TTF', 'micross.ttf', 'mingliub.ttc', 'MISTRAL.TTF', 'mmrtext.ttf', 'mmrtextb.ttf', 'MOD20.TTF', 'modern.fon', 'monbaiti.ttf', 'msgothic.ttc', 'msjh.ttc', 'msjhbd.ttc', 'msjhl.ttc', 'msyh.ttc', 'msyhbd.ttc', 'msyhl.ttc', 'msyi.ttf', 'MTCORSVA.TTF', 'MTEXTRA.TTF', 'mvboli.ttf', 'NIAGENG.TTF', 'NIAGSOL.TTF', 'Nirmala.ttf', 'NirmalaB.ttf', 'NirmalaS.ttf', 'ntailu.ttf', 'ntailub.ttf', 'NumberOnly.ttf', 'OCRAEXT.TTF', 'OLDENGL.TTF', 'ONYX.TTF', 'OUTLOOK.TTF', 'pala.ttf', 'palab.ttf', 'palabi.ttf', 'palai.ttf', 'PALSCRI.TTF', 'PAPYRUS.TTF', 'PARCHM.TTF', 'PERBI___.TTF', 'PERB____.TTF', 'PERI____.TTF', 'PERTIBD.TTF', 'PERTILI.TTF', 'PER_____.TTF', 'phagspa.ttf', 'phagspab.ttf', 'PLAYBILL.TTF', 'POORICH.TTF', 'PRISTINA.TTF', 'RAGE.TTF', 'RAVIE.TTF', 'REFSAN.TTF', 'REFSPCL.TTF', 'ROCCB___.TTF', 'ROCC____.TTF', 'ROCK.TTF', 'ROCKB.TTF', 'ROCKBI.TTF', 'ROCKEB.TTF', 'ROCKI.TTF', 'roman.fon', 's8514fix.fon', 's8514oem.fon', 's8514sys.fon', 'SCHLBKB.TTF', 'SCHLBKBI.TTF', 'SCHLBKI.TTF', 'script.fon', 'SCRIPTBL.TTF', 'segmdl2.ttf', 'SegoeIcons.ttf', 'segoepr.ttf', 'segoeprb.ttf', 'segoesc.ttf', 'segoescb.ttf', 'segoeui.ttf', 'segoeuib.ttf', 'segoeuii.ttf', 'segoeuil.ttf', 'segoeuisl.ttf', 'segoeuiz.ttf', 'seguibl.ttf', 'seguibli.ttf', 'seguiemj.ttf', 'seguihis.ttf', 'seguili.ttf', 'seguisb.ttf', 'seguisbi.ttf', 'seguisli.ttf', 'seguisym.ttf', 'SegUIVar.ttf', 'sere1255.fon', 'sere1256.fon', 'sere1257.fon', 'serf1255.fon', 'serf1256.fon', 'serf1257.fon', 'serife.fon', 'serifee.fon', 'serifeg.fon', 'serifer.fon', 'serifet.fon', 'seriff.fon', 'seriffe.fon', 'seriffg.fon', 'seriffr.fon', 'serifft.fon', 'SHOWG.TTF', 'simfang.ttf', 'simhei.ttf', 'simkai.ttf', 'SIMLI.TTF', 'simsun.ttc', 'simsunb.ttf', 'SIMYOU.TTF', 'SitkaVF-Italic.ttf', 'SitkaVF.ttf', 'smae1255.fon', 'smae1256.fon', 'smae1257.fon', 'smaf1255.fon', 'smaf1256.fon', 'smaf1257.fon', 'smalle.fon', 'smallee.fon', 'smalleg.fon', 'smaller.fon', 'smallet.fon', 'smallf.fon', 'smallfe.fon', 'smallfg.fon', 'smallfr.fon', 'smallft.fon', 'SNAP____.TTF', 'ssee1255.fon', 'ssee1256.fon', 'ssee1257.fon', 'ssee874.fon', 'ssef1255.fon', 'ssef1256.fon', 'ssef1257.fon', 'ssef874.fon', 'sserife.fon', 'sserifee.fon', 'sserifeg.fon', 'sserifer.fon', 'sserifet.fon', 'sseriff.fon', 'sseriffe.fon', 'sseriffg.fon', 'sseriffr.fon', 'sserifft.fon', 'StaticCache.dat', 'STCAIYUN.TTF', 'STENCIL.TTF', 'STFANGSO.TTF', 'STHUPO.TTF', 'STKAITI.TTF', 'STLITI.TTF', 'STSONG.TTF', 'STXIHEI.TTF', 'STXINGKA.TTF', 'STXINWEI.TTF', 'STZHONGS.TTF', 'svgafix.fon', 'svgasys.fon', 'sylfaen.ttf', 'symbol.ttf', 'tahoma.ttf', 'tahomabd.ttf', 'taile.ttf', 'taileb.ttf', 'TCBI____.TTF', 'TCB_____.TTF', 'TCCB____.TTF', 'TCCEB.TTF', 'TCCM____.TTF', 'TCMI____.TTF', 'TCM_____.TTF', 'TEMPSITC.TTF', 'times.ttf', 'timesbd.ttf', 'timesbi.ttf', 'timesi.ttf', 'trebuc.ttf', 'trebucbd.ttf', 'trebucbi.ttf', 'trebucit.ttf', 'verdana.ttf', 'verdanab.ttf', 'verdanai.ttf', 'verdanaz.ttf', 'vga737.fon', 'vga775.fon', 'vga850.fon', 'vga852.fon', 'vga855.fon', 'vga857.fon', 'vga860.fon', 'vga861.fon', 'vga863.fon', 'vga865.fon', 'vga866.fon', 'vga869.fon', 'vga932.fon', 'vga936.fon', 'vga949.fon', 'vga950.fon', 'vgaf1255.fon', 'vgaf1256.fon', 'vgaf1257.fon', 'vgaf874.fon', 'vgafix.fon', 'vgafixe.fon', 'vgafixg.fon', 'vgafixr.fon', 'vgafixt.fon', 'vgaoem.fon', 'vgas1255.fon', 'vgas1256.fon', 'vgas1257.fon', 'vgas874.fon', 'vgasys.fon', 'vgasyse.fon', 'vgasysg.fon', 'vgasysr.fon', 'vgasyst.fon', 'VINERITC.TTF', 'VIVALDII.TTF', 'VLADIMIR.TTF', 'webdings.ttf', 'wingding.ttf', 'WINGDNG2.TTF', 'WINGDNG3.TTF', 'YuGothB.ttc', 'YuGothL.ttc', 'YuGothM.ttc', 'YuGothR.ttc', '\u534e\u5eb7\u65b9\u5706\u4f53W7.TTC', '\u65b9\u6b63\u7c97\u9ed1\u5b8b\u7b80\u4f53.ttf']
2023-09-27 15:57:53,450 - INFO - all fonts installed:['8514fix.fon', '8514fixe.fon', '8514fixg.fon', '8514fixr.fon', '8514fixt.fon', '8514oem.fon', '8514oeme.fon', '8514oemg.fon', '8514oemr.fon', '8514oemt.fon', '8514sys.fon', '8514syse.fon', '8514sysg.fon', '8514sysr.fon', '8514syst.fon', '85775.fon', '85855.fon', '85f1255.fon', '85f1256.fon', '85f1257.fon', '85f874.fon', '85s1255.fon', '85s1256.fon', '85s1257.fon', '85s874.fon', 'AGENCYB.TTF', 'AGENCYR.TTF', 'ALGER.TTF', 'ANTQUAB.TTF', 'ANTQUABI.TTF', 'ANTQUAI.TTF', 'app775.fon', 'app850.fon', 'app852.fon', 'app855.fon', 'app857.fon', 'app866.fon', 'app932.fon', 'app936.fon', 'app949.fon', 'app950.fon', 'arial.ttf', 'arialbd.ttf', 'arialbi.ttf', 'ariali.ttf', 'ARIALN.TTF', 'ARIALNB.TTF', 'ARIALNBI.TTF', 'ARIALNI.TTF', 'ariblk.ttf', 'ARLRDBD.TTF', 'AxureHandwriting-Bold.otf', 'AxureHandwriting-BoldItalic.otf', 'AxureHandwriting-Italic.otf', 'AxureHandwriting.otf', 'bahnschrift.ttf', 'BASKVILL.TTF', 'BAUHS93.TTF', 'BELL.TTF', 'BELLB.TTF', 'BELLI.TTF', 'BERNHC.TTF', 'BKANT.TTF', 'BOD_B.TTF', 'BOD_BI.TTF', 'BOD_BLAI.TTF', 'BOD_BLAR.TTF', 'BOD_CB.TTF', 'BOD_CBI.TTF', 'BOD_CI.TTF', 'BOD_CR.TTF', 'BOD_I.TTF', 'BOD_PSTC.TTF', 'BOD_R.TTF', 'BOOKOS.TTF', 'BOOKOSB.TTF', 'BOOKOSBI.TTF', 'BOOKOSI.TTF', 'BRADHITC.TTF', 'BRITANIC.TTF', 'BRLNSB.TTF', 'BRLNSDB.TTF', 'BRLNSR.TTF', 'BROADW.TTF', 'BRUSHSCI.TTF', 'BSSYM7.TTF', 'c8514fix.fon', 'c8514oem.fon', 'c8514sys.fon', 'calibri.ttf', 'calibrib.ttf', 'calibrii.ttf', 'calibril.ttf', 'calibrili.ttf', 'calibriz.ttf', 'CALIFB.TTF', 'CALIFI.TTF', 'CALIFR.TTF', 'CALIST.TTF', 'CALISTB.TTF', 'CALISTBI.TTF', 'CALISTI.TTF', 'cambria.ttc', 'cambriab.ttf', 'cambriai.ttf', 'cambriaz.ttf', 'Candara.ttf', 'Candarab.ttf', 'Candarai.ttf', 'Candaral.ttf', 'Candarali.ttf', 'Candaraz.ttf', 'CascadiaCode.ttf', 'CascadiaMono.ttf', 'CASTELAR.TTF', 'CENSCBK.TTF', 'CENTAUR.TTF', 'CENTURY.TTF', 'cga40737.fon', 'cga40850.fon', 'cga40852.fon', 'cga40857.fon', 'cga40866.fon', 'cga40869.fon', 'cga40woa.fon', 'cga80737.fon', 'cga80850.fon', 'cga80852.fon', 'cga80857.fon', 'cga80866.fon', 'cga80869.fon', 'cga80woa.fon', 'CHILLER.TTF', 'COLONNA.TTF', 'comic.ttf', 'comicbd.ttf', 'comici.ttf', 'comicz.ttf', 'consola.ttf', 'consolab.ttf', 'consolai.ttf', 'consolaz.ttf', 'constan.ttf', 'constanb.ttf', 'constani.ttf', 'constanz.ttf', 'COOPBL.TTF', 'COPRGTB.TTF', 'COPRGTL.TTF', 'corbel.ttf', 'corbelb.ttf', 'corbeli.ttf', 'corbell.ttf', 'corbelli.ttf', 'corbelz.ttf', 'coue1255.fon', 'coue1256.fon', 'coue1257.fon', 'couf1255.fon', 'couf1256.fon', 'couf1257.fon', 'cour.ttf', 'courbd.ttf', 'courbi.ttf', 'coure.fon', 'couree.fon', 'coureg.fon', 'courer.fon', 'couret.fon', 'courf.fon', 'courfe.fon', 'courfg.fon', 'courfr.fon', 'courft.fon', 'couri.ttf', 'CURLZ___.TTF', 'cvgafix.fon', 'cvgasys.fon', 'Deng.ttf', 'Dengb.ttf', 'Dengl.ttf', 'desktop.ini', 'dos737.fon', 'dos869.fon', 'dosapp.fon', 'DUBAI-BOLD.TTF', 'DUBAI-LIGHT.TTF', 'DUBAI-MEDIUM.TTF', 'DUBAI-REGULAR.TTF', 'ebrima.ttf', 'ebrimabd.ttf', 'ega40737.fon', 'ega40850.fon', 'ega40852.fon', 'ega40857.fon', 'ega40866.fon', 'ega40869.fon', 'ega40woa.fon', 'ega80737.fon', 'ega80850.fon', 'ega80852.fon', 'ega80857.fon', 'ega80866.fon', 'ega80869.fon', 'ega80woa.fon', 'ELEPHNT.TTF', 'ELEPHNTI.TTF', 'ENGR.TTF', 'ERASBD.TTF', 'ERASDEMI.TTF', 'ERASLGHT.TTF', 'ERASMD.TTF', 'FELIXTI.TTF', 'fms_metadata.xml', 'FORTE.TTF', 'FRABK.TTF', 'FRABKIT.TTF', 'FRADM.TTF', 'FRADMCN.TTF', 'FRADMIT.TTF', 'FRAHV.TTF', 'FRAHVIT.TTF', 'framd.ttf', 'FRAMDCN.TTF', 'framdit.ttf', 'FREESCPT.TTF', 'FRSCRIPT.TTF', 'FTLTLT.TTF', 'FZSTK.TTF', 'FZYTK.TTF', 'Gabriola.ttf', 'gadugi.ttf', 'gadugib.ttf', 'GARA.TTF', 'GARABD.TTF', 'GARAIT.TTF', 'georgia.ttf', 'georgiab.ttf', 'georgiai.ttf', 'georgiaz.ttf', 'GIGI.TTF', 'GILBI___.TTF', 'GILB____.TTF', 'GILC____.TTF', 'GILI____.TTF', 'GILLUBCD.TTF', 'GILSANUB.TTF', 'GIL_____.TTF', 'GLECB.TTF', 'GlobalMonospace.CompositeFont', 'GlobalSansSerif.CompositeFont', 'GlobalSerif.CompositeFont', 'GlobalUserInterface.CompositeFont', 'GLSNECB.TTF', 'GOTHIC.TTF', 'GOTHICB.TTF', 'GOTHICBI.TTF', 'GOTHICI.TTF', 'GOUDOS.TTF', 'GOUDOSB.TTF', 'GOUDOSI.TTF', 'GOUDYSTO.TTF', 'h8514fix.fon', 'h8514oem.fon', 'h8514sys.fon', 'HARLOWSI.TTF', 'HARNGTON.TTF', 'HATTEN.TTF', 'HGB1X_CNKI.ttf', 'HGB1_CNKI.ttf', 'HGB2X_CNKI.ttf', 'HGB2_CNKI.ttf', 'HGB3X_CNKI.ttf', 'HGB3_CNKI.ttf', 'HGB4X_CNKI.ttf', 'HGB4_CNKI.ttf', 'HGB5X_CNKI.ttf', 'HGB5_CNKI.ttf', 'HGB6X_CNKI.ttf', 'HGB6_CNKI.ttf', 'HGB7X_CNKI.ttf', 'HGB7_CNKI.ttf', 'HGB8X_CNKI.ttf', 'HGB8_CNKI.ttf', 'HGBD_CNKI.ttf', 'HGBKBX_CNKI.ttf', 'HGBKB_CNKI.ttf', 'HGBKHX_CNKI.ttf', 'HGBKH_CNKI.ttf', 'HGBS1_CNKI.TTF', 'HGBS2_CNKI.TTF', 'HGBS_CNKI.TTF', 'HGBTH_CNKI.TTF', 'HGBTS_CNKI.TTF', 'HGBX_CNKI.ttf', 'HGBZ_CNKI.ttf', 'HGCH_CNKI.TTF', 'HGCUH_CNKI.TTF', 'HGCY_CNKI.TTF', 'HGDBS_CNKI.TTF', 'HGDGY_CNKI.TTF', 'HGDH2_CNKI.TTF', 'HGDH_CNKI.TTF', 'HGDYS_CNKI.TTF', 'HGDY_CNKI.ttf', 'HGF1X_CNKI.ttf', 'HGF1_CNKI.ttf', 'HGF2X_CNKI.ttf', 'HGF2_CNKI.ttf', 'HGF3_CNKI.ttf', 'HGF4X_CNKI.ttf', 'HGF4_CNKI.ttf', 'HGF5X_CNKI.ttf', 'HGF5_CNKI.ttf', 'HGF6X_CNKI.ttf', 'HGF6_CNKI.ttf', 'HGF7X_CNKI.ttf', 'HGF7_CNKI.ttf', 'HGF8_CNKI.ttf', 'HGF9X_CNKI.ttf', 'HGF9_CNKI.ttf', 'HGFS1_CNKI.TTF', 'HGFS2_CNKI.TTF', 'HGFSH_CNKI.TTF', 'HGFS_CNKI.TTF', 'HGFX_CNKI.ttf', 'HGFZ_CNKI.ttf', 'HGGG_CNKI.TTF', 'HGH1X_CNKI.ttf', 'HGH1_CNKI.ttf', 'HGH2X_CNKI.ttf', 'HGH2_CNKI.ttf', 'HGH3X_CNKI.ttf', 'HGH3_CNKI.ttf', 'HGH4X_CNKI.ttf', 'HGH4_CNKI.ttf', 'HGH5X_CNKI.ttf', 'HGH5_CNKI.ttf', 'HGH6X_CNKI.ttf', 'HGH6_CNKI.ttf', 'HGH7X_CNKI.ttf', 'HGH7_CNKI.ttf', 'HGHB_CNKI.TTF', 'HGHD_CNKI.ttf', 'HGHP_CNKI.TTF', 'HGHT1_CNKI.ttf', 'HGHT2_CNKI.ttf', 'HGHUATI_CNKI.ttf', 'HGHX_CNKI.ttf', 'HGHZ_CNKI.ttf', 'HGH_CNKI.TTF', 'HGKT1_CNKI.TTF', 'HGKT2_CNKI.TTF', 'HGKT_CNKI.TTF', 'HGKY_CNKI.ttf', 'HGLB_CNKI.TTF', 'HGLS_CNKI.TTF', 'HGMH_CNKI.TTF', 'HGNBS_CNKI.ttf', 'HGOCR_CNKI.ttf', 'HGPH_CNKI.TTF', 'HGPTY_CNKI.TTF', 'HGSS1_CNKI.TTF', 'HGSS2_CNKI.TTF', 'HGSS_CNKI.TTF', 'HGSXT_CNKI.ttf', 'HGTT_CNKI.ttf', 'HGTX_CNKI.TTF', 'HGWT_CNKI.TTF', 'HGWYS_CNKI.TTF', 'HGX1X_CNKI.ttf', 'HGX1_CNKI.ttf', 'HGXBS_CNKI.TTF', 'HGXC_CNKI.TTF', 'HGXF1_CNKI.ttf', 'HGXFX_CNKI.ttf', 'HGXFZ_CNKI.ttf', 'HGXH1_CNKI.TTF', 'HGXH_CNKI.TTF', 'HGXK_CNKI.TTF', 'HGXL_CNKI.TTF', 'HGXS_CNKI.TTF', 'HGXT_CNKI.ttf', 'HGXY_CNKI.ttf', 'HGY1_CNKI.TTF', 'HGY2_CNKI.TTF', 'HGY3_CNKI.TTF', 'HGY4_CNKI.TTF', 'HGYB_CNKI.ttf', 'HGYT1_CNKI.ttf', 'HGYT2_CNKI.ttf', 'HGYT_CNKI.TTF', 'HGYX_CNKI.TTF', 'HGZCS_CNKI.TTF', 'HGZDX_CNKI.TTF', 'HGZK_CNKI.TTF', 'HGZYT_CNKI.TTF', 'HGZY_CNKI.TTF', 'himalaya.ttf', 'holomdl2.ttf', 'HTOWERT.TTF', 'HTOWERTI.TTF', 'hvgafix.fon', 'hvgasys.fon', 'impact.ttf', 'IMPRISHA.TTF', 'INFROMAN.TTF', 'Inkfree.ttf', 'iqiyi_logov7.ttf', 'ITCBLKAD.TTF', 'ITCEDSCR.TTF', 'ITCKRIST.TTF', 'j8514fix.fon', 'j8514oem.fon', 'j8514sys.fon', 'javatext.ttf', 'JOKERMAN.TTF', 'jsmalle.fon', 'jsmallf.fon', 'JUICE___.TTF', 'jvgafix.fon', 'jvgasys.fon', 'KUNSTLER.TTF', 'LATINWD.TTF', 'LBRITE.TTF', 'LBRITED.TTF', 'LBRITEDI.TTF', 'LBRITEI.TTF', 'LCALLIG.TTF', 'LeelaUIb.ttf', 'LeelawUI.ttf', 'LeelUIsl.ttf', 'LFAX.TTF', 'LFAXD.TTF', 'LFAXDI.TTF', 'LFAXI.TTF', 'LHANDW.TTF', 'LSANS.TTF', 'LSANSD.TTF', 'LSANSDI.TTF', 'LSANSI.TTF', 'LTYPE.TTF', 'LTYPEB.TTF', 'LTYPEBO.TTF', 'LTYPEO.TTF', 'lucon.ttf', 'l_10646.ttf', 'MAGNETOB.TTF', 'MAIAN.TTF', 'malgun.ttf', 'malgunbd.ttf', 'malgunsl.ttf', 'marlett.ttf', 'MATURASC.TTF', 'micross.ttf', 'mingliub.ttc', 'MISTRAL.TTF', 'mmrtext.ttf', 'mmrtextb.ttf', 'MOD20.TTF', 'modern.fon', 'monbaiti.ttf', 'msgothic.ttc', 'msjh.ttc', 'msjhbd.ttc', 'msjhl.ttc', 'msyh.ttc', 'msyhbd.ttc', 'msyhl.ttc', 'msyi.ttf', 'MTCORSVA.TTF', 'MTEXTRA.TTF', 'mvboli.ttf', 'NIAGENG.TTF', 'NIAGSOL.TTF', 'Nirmala.ttf', 'NirmalaB.ttf', 'NirmalaS.ttf', 'ntailu.ttf', 'ntailub.ttf', 'NumberOnly.ttf', 'OCRAEXT.TTF', 'OLDENGL.TTF', 'ONYX.TTF', 'OUTLOOK.TTF', 'pala.ttf', 'palab.ttf', 'palabi.ttf', 'palai.ttf', 'PALSCRI.TTF', 'PAPYRUS.TTF', 'PARCHM.TTF', 'PERBI___.TTF', 'PERB____.TTF', 'PERI____.TTF', 'PERTIBD.TTF', 'PERTILI.TTF', 'PER_____.TTF', 'phagspa.ttf', 'phagspab.ttf', 'PLAYBILL.TTF', 'POORICH.TTF', 'PRISTINA.TTF', 'RAGE.TTF', 'RAVIE.TTF', 'REFSAN.TTF', 'REFSPCL.TTF', 'ROCCB___.TTF', 'ROCC____.TTF', 'ROCK.TTF', 'ROCKB.TTF', 'ROCKBI.TTF', 'ROCKEB.TTF', 'ROCKI.TTF', 'roman.fon', 's8514fix.fon', 's8514oem.fon', 's8514sys.fon', 'SCHLBKB.TTF', 'SCHLBKBI.TTF', 'SCHLBKI.TTF', 'script.fon', 'SCRIPTBL.TTF', 'segmdl2.ttf', 'SegoeIcons.ttf', 'segoepr.ttf', 'segoeprb.ttf', 'segoesc.ttf', 'segoescb.ttf', 'segoeui.ttf', 'segoeuib.ttf', 'segoeuii.ttf', 'segoeuil.ttf', 'segoeuisl.ttf', 'segoeuiz.ttf', 'seguibl.ttf', 'seguibli.ttf', 'seguiemj.ttf', 'seguihis.ttf', 'seguili.ttf', 'seguisb.ttf', 'seguisbi.ttf', 'seguisli.ttf', 'seguisym.ttf', 'SegUIVar.ttf', 'sere1255.fon', 'sere1256.fon', 'sere1257.fon', 'serf1255.fon', 'serf1256.fon', 'serf1257.fon', 'serife.fon', 'serifee.fon', 'serifeg.fon', 'serifer.fon', 'serifet.fon', 'seriff.fon', 'seriffe.fon', 'seriffg.fon', 'seriffr.fon', 'serifft.fon', 'SHOWG.TTF', 'simfang.ttf', 'simhei.ttf', 'simkai.ttf', 'SIMLI.TTF', 'simsun.ttc', 'simsunb.ttf', 'SIMYOU.TTF', 'SitkaVF-Italic.ttf', 'SitkaVF.ttf', 'smae1255.fon', 'smae1256.fon', 'smae1257.fon', 'smaf1255.fon', 'smaf1256.fon', 'smaf1257.fon', 'smalle.fon', 'smallee.fon', 'smalleg.fon', 'smaller.fon', 'smallet.fon', 'smallf.fon', 'smallfe.fon', 'smallfg.fon', 'smallfr.fon', 'smallft.fon', 'SNAP____.TTF', 'ssee1255.fon', 'ssee1256.fon', 'ssee1257.fon', 'ssee874.fon', 'ssef1255.fon', 'ssef1256.fon', 'ssef1257.fon', 'ssef874.fon', 'sserife.fon', 'sserifee.fon', 'sserifeg.fon', 'sserifer.fon', 'sserifet.fon', 'sseriff.fon', 'sseriffe.fon', 'sseriffg.fon', 'sseriffr.fon', 'sserifft.fon', 'StaticCache.dat', 'STCAIYUN.TTF', 'STENCIL.TTF', 'STFANGSO.TTF', 'STHUPO.TTF', 'STKAITI.TTF', 'STLITI.TTF', 'STSONG.TTF', 'STXIHEI.TTF', 'STXINGKA.TTF', 'STXINWEI.TTF', 'STZHONGS.TTF', 'svgafix.fon', 'svgasys.fon', 'sylfaen.ttf', 'symbol.ttf', 'tahoma.ttf', 'tahomabd.ttf', 'taile.ttf', 'taileb.ttf', 'TCBI____.TTF', 'TCB_____.TTF', 'TCCB____.TTF', 'TCCEB.TTF', 'TCCM____.TTF', 'TCMI____.TTF', 'TCM_____.TTF', 'TEMPSITC.TTF', 'times.ttf', 'timesbd.ttf', 'timesbi.ttf', 'timesi.ttf', 'trebuc.ttf', 'trebucbd.ttf', 'trebucbi.ttf', 'trebucit.ttf', 'verdana.ttf', 'verdanab.ttf', 'verdanai.ttf', 'verdanaz.ttf', 'vga737.fon', 'vga775.fon', 'vga850.fon', 'vga852.fon', 'vga855.fon', 'vga857.fon', 'vga860.fon', 'vga861.fon', 'vga863.fon', 'vga865.fon', 'vga866.fon', 'vga869.fon', 'vga932.fon', 'vga936.fon', 'vga949.fon', 'vga950.fon', 'vgaf1255.fon', 'vgaf1256.fon', 'vgaf1257.fon', 'vgaf874.fon', 'vgafix.fon', 'vgafixe.fon', 'vgafixg.fon', 'vgafixr.fon', 'vgafixt.fon', 'vgaoem.fon', 'vgas1255.fon', 'vgas1256.fon', 'vgas1257.fon', 'vgas874.fon', 'vgasys.fon', 'vgasyse.fon', 'vgasysg.fon', 'vgasysr.fon', 'vgasyst.fon', 'VINERITC.TTF', 'VIVALDII.TTF', 'VLADIMIR.TTF', 'webdings.ttf', 'wingding.ttf', 'WINGDNG2.TTF', 'WINGDNG3.TTF', 'YuGothB.ttc', 'YuGothL.ttc', 'YuGothM.ttc', 'YuGothR.ttc', '\u534e\u5eb7\u65b9\u5706\u4f53W7.TTC', '\u65b9\u6b63\u7c97\u9ed1\u5b8b\u7b80\u4f53.ttf']
2023-09-27 15:57:53,452 - INFO - all fonts installed:['8514fix.fon', '8514fixe.fon', '8514fixg.fon', '8514fixr.fon', '8514fixt.fon', '8514oem.fon', '8514oeme.fon', '8514oemg.fon', '8514oemr.fon', '8514oemt.fon', '8514sys.fon', '8514syse.fon', '8514sysg.fon', '8514sysr.fon', '8514syst.fon', '85775.fon', '85855.fon', '85f1255.fon', '85f1256.fon', '85f1257.fon', '85f874.fon', '85s1255.fon', '85s1256.fon', '85s1257.fon', '85s874.fon', 'AGENCYB.TTF', 'AGENCYR.TTF', 'ALGER.TTF', 'ANTQUAB.TTF', 'ANTQUABI.TTF', 'ANTQUAI.TTF', 'app775.fon', 'app850.fon', 'app852.fon', 'app855.fon', 'app857.fon', 'app866.fon', 'app932.fon', 'app936.fon', 'app949.fon', 'app950.fon', 'arial.ttf', 'arialbd.ttf', 'arialbi.ttf', 'ariali.ttf', 'ARIALN.TTF', 'ARIALNB.TTF', 'ARIALNBI.TTF', 'ARIALNI.TTF', 'ariblk.ttf', 'ARLRDBD.TTF', 'AxureHandwriting-Bold.otf', 'AxureHandwriting-BoldItalic.otf', 'AxureHandwriting-Italic.otf', 'AxureHandwriting.otf', 'bahnschrift.ttf', 'BASKVILL.TTF', 'BAUHS93.TTF', 'BELL.TTF', 'BELLB.TTF', 'BELLI.TTF', 'BERNHC.TTF', 'BKANT.TTF', 'BOD_B.TTF', 'BOD_BI.TTF', 'BOD_BLAI.TTF', 'BOD_BLAR.TTF', 'BOD_CB.TTF', 'BOD_CBI.TTF', 'BOD_CI.TTF', 'BOD_CR.TTF', 'BOD_I.TTF', 'BOD_PSTC.TTF', 'BOD_R.TTF', 'BOOKOS.TTF', 'BOOKOSB.TTF', 'BOOKOSBI.TTF', 'BOOKOSI.TTF', 'BRADHITC.TTF', 'BRITANIC.TTF', 'BRLNSB.TTF', 'BRLNSDB.TTF', 'BRLNSR.TTF', 'BROADW.TTF', 'BRUSHSCI.TTF', 'BSSYM7.TTF', 'c8514fix.fon', 'c8514oem.fon', 'c8514sys.fon', 'calibri.ttf', 'calibrib.ttf', 'calibrii.ttf', 'calibril.ttf', 'calibrili.ttf', 'calibriz.ttf', 'CALIFB.TTF', 'CALIFI.TTF', 'CALIFR.TTF', 'CALIST.TTF', 'CALISTB.TTF', 'CALISTBI.TTF', 'CALISTI.TTF', 'cambria.ttc', 'cambriab.ttf', 'cambriai.ttf', 'cambriaz.ttf', 'Candara.ttf', 'Candarab.ttf', 'Candarai.ttf', 'Candaral.ttf', 'Candarali.ttf', 'Candaraz.ttf', 'CascadiaCode.ttf', 'CascadiaMono.ttf', 'CASTELAR.TTF', 'CENSCBK.TTF', 'CENTAUR.TTF', 'CENTURY.TTF', 'cga40737.fon', 'cga40850.fon', 'cga40852.fon', 'cga40857.fon', 'cga40866.fon', 'cga40869.fon', 'cga40woa.fon', 'cga80737.fon', 'cga80850.fon', 'cga80852.fon', 'cga80857.fon', 'cga80866.fon', 'cga80869.fon', 'cga80woa.fon', 'CHILLER.TTF', 'COLONNA.TTF', 'comic.ttf', 'comicbd.ttf', 'comici.ttf', 'comicz.ttf', 'consola.ttf', 'consolab.ttf', 'consolai.ttf', 'consolaz.ttf', 'constan.ttf', 'constanb.ttf', 'constani.ttf', 'constanz.ttf', 'COOPBL.TTF', 'COPRGTB.TTF', 'COPRGTL.TTF', 'corbel.ttf', 'corbelb.ttf', 'corbeli.ttf', 'corbell.ttf', 'corbelli.ttf', 'corbelz.ttf', 'coue1255.fon', 'coue1256.fon', 'coue1257.fon', 'couf1255.fon', 'couf1256.fon', 'couf1257.fon', 'cour.ttf', 'courbd.ttf', 'courbi.ttf', 'coure.fon', 'couree.fon', 'coureg.fon', 'courer.fon', 'couret.fon', 'courf.fon', 'courfe.fon', 'courfg.fon', 'courfr.fon', 'courft.fon', 'couri.ttf', 'CURLZ___.TTF', 'cvgafix.fon', 'cvgasys.fon', 'Deng.ttf', 'Dengb.ttf', 'Dengl.ttf', 'desktop.ini', 'dos737.fon', 'dos869.fon', 'dosapp.fon', 'DUBAI-BOLD.TTF', 'DUBAI-LIGHT.TTF', 'DUBAI-MEDIUM.TTF', 'DUBAI-REGULAR.TTF', 'ebrima.ttf', 'ebrimabd.ttf', 'ega40737.fon', 'ega40850.fon', 'ega40852.fon', 'ega40857.fon', 'ega40866.fon', 'ega40869.fon', 'ega40woa.fon', 'ega80737.fon', 'ega80850.fon', 'ega80852.fon', 'ega80857.fon', 'ega80866.fon', 'ega80869.fon', 'ega80woa.fon', 'ELEPHNT.TTF', 'ELEPHNTI.TTF', 'ENGR.TTF', 'ERASBD.TTF', 'ERASDEMI.TTF', 'ERASLGHT.TTF', 'ERASMD.TTF', 'FELIXTI.TTF', 'fms_metadata.xml', 'FORTE.TTF', 'FRABK.TTF', 'FRABKIT.TTF', 'FRADM.TTF', 'FRADMCN.TTF', 'FRADMIT.TTF', 'FRAHV.TTF', 'FRAHVIT.TTF', 'framd.ttf', 'FRAMDCN.TTF', 'framdit.ttf', 'FREESCPT.TTF', 'FRSCRIPT.TTF', 'FTLTLT.TTF', 'FZSTK.TTF', 'FZYTK.TTF', 'Gabriola.ttf', 'gadugi.ttf', 'gadugib.ttf', 'GARA.TTF', 'GARABD.TTF', 'GARAIT.TTF', 'georgia.ttf', 'georgiab.ttf', 'georgiai.ttf', 'georgiaz.ttf', 'GIGI.TTF', 'GILBI___.TTF', 'GILB____.TTF', 'GILC____.TTF', 'GILI____.TTF', 'GILLUBCD.TTF', 'GILSANUB.TTF', 'GIL_____.TTF', 'GLECB.TTF', 'GlobalMonospace.CompositeFont', 'GlobalSansSerif.CompositeFont', 'GlobalSerif.CompositeFont', 'GlobalUserInterface.CompositeFont', 'GLSNECB.TTF', 'GOTHIC.TTF', 'GOTHICB.TTF', 'GOTHICBI.TTF', 'GOTHICI.TTF', 'GOUDOS.TTF', 'GOUDOSB.TTF', 'GOUDOSI.TTF', 'GOUDYSTO.TTF', 'h8514fix.fon', 'h8514oem.fon', 'h8514sys.fon', 'HARLOWSI.TTF', 'HARNGTON.TTF', 'HATTEN.TTF', 'HGB1X_CNKI.ttf', 'HGB1_CNKI.ttf', 'HGB2X_CNKI.ttf', 'HGB2_CNKI.ttf', 'HGB3X_CNKI.ttf', 'HGB3_CNKI.ttf', 'HGB4X_CNKI.ttf', 'HGB4_CNKI.ttf', 'HGB5X_CNKI.ttf', 'HGB5_CNKI.ttf', 'HGB6X_CNKI.ttf', 'HGB6_CNKI.ttf', 'HGB7X_CNKI.ttf', 'HGB7_CNKI.ttf', 'HGB8X_CNKI.ttf', 'HGB8_CNKI.ttf', 'HGBD_CNKI.ttf', 'HGBKBX_CNKI.ttf', 'HGBKB_CNKI.ttf', 'HGBKHX_CNKI.ttf', 'HGBKH_CNKI.ttf', 'HGBS1_CNKI.TTF', 'HGBS2_CNKI.TTF', 'HGBS_CNKI.TTF', 'HGBTH_CNKI.TTF', 'HGBTS_CNKI.TTF', 'HGBX_CNKI.ttf', 'HGBZ_CNKI.ttf', 'HGCH_CNKI.TTF', 'HGCUH_CNKI.TTF', 'HGCY_CNKI.TTF', 'HGDBS_CNKI.TTF', 'HGDGY_CNKI.TTF', 'HGDH2_CNKI.TTF', 'HGDH_CNKI.TTF', 'HGDYS_CNKI.TTF', 'HGDY_CNKI.ttf', 'HGF1X_CNKI.ttf', 'HGF1_CNKI.ttf', 'HGF2X_CNKI.ttf', 'HGF2_CNKI.ttf', 'HGF3_CNKI.ttf', 'HGF4X_CNKI.ttf', 'HGF4_CNKI.ttf', 'HGF5X_CNKI.ttf', 'HGF5_CNKI.ttf', 'HGF6X_CNKI.ttf', 'HGF6_CNKI.ttf', 'HGF7X_CNKI.ttf', 'HGF7_CNKI.ttf', 'HGF8_CNKI.ttf', 'HGF9X_CNKI.ttf', 'HGF9_CNKI.ttf', 'HGFS1_CNKI.TTF', 'HGFS2_CNKI.TTF', 'HGFSH_CNKI.TTF', 'HGFS_CNKI.TTF', 'HGFX_CNKI.ttf', 'HGFZ_CNKI.ttf', 'HGGG_CNKI.TTF', 'HGH1X_CNKI.ttf', 'HGH1_CNKI.ttf', 'HGH2X_CNKI.ttf', 'HGH2_CNKI.ttf', 'HGH3X_CNKI.ttf', 'HGH3_CNKI.ttf', 'HGH4X_CNKI.ttf', 'HGH4_CNKI.ttf', 'HGH5X_CNKI.ttf', 'HGH5_CNKI.ttf', 'HGH6X_CNKI.ttf', 'HGH6_CNKI.ttf', 'HGH7X_CNKI.ttf', 'HGH7_CNKI.ttf', 'HGHB_CNKI.TTF', 'HGHD_CNKI.ttf', 'HGHP_CNKI.TTF', 'HGHT1_CNKI.ttf', 'HGHT2_CNKI.ttf', 'HGHUATI_CNKI.ttf', 'HGHX_CNKI.ttf', 'HGHZ_CNKI.ttf', 'HGH_CNKI.TTF', 'HGKT1_CNKI.TTF', 'HGKT2_CNKI.TTF', 'HGKT_CNKI.TTF', 'HGKY_CNKI.ttf', 'HGLB_CNKI.TTF', 'HGLS_CNKI.TTF', 'HGMH_CNKI.TTF', 'HGNBS_CNKI.ttf', 'HGOCR_CNKI.ttf', 'HGPH_CNKI.TTF', 'HGPTY_CNKI.TTF', 'HGSS1_CNKI.TTF', 'HGSS2_CNKI.TTF', 'HGSS_CNKI.TTF', 'HGSXT_CNKI.ttf', 'HGTT_CNKI.ttf', 'HGTX_CNKI.TTF', 'HGWT_CNKI.TTF', 'HGWYS_CNKI.TTF', 'HGX1X_CNKI.ttf', 'HGX1_CNKI.ttf', 'HGXBS_CNKI.TTF', 'HGXC_CNKI.TTF', 'HGXF1_CNKI.ttf', 'HGXFX_CNKI.ttf', 'HGXFZ_CNKI.ttf', 'HGXH1_CNKI.TTF', 'HGXH_CNKI.TTF', 'HGXK_CNKI.TTF', 'HGXL_CNKI.TTF', 'HGXS_CNKI.TTF', 'HGXT_CNKI.ttf', 'HGXY_CNKI.ttf', 'HGY1_CNKI.TTF', 'HGY2_CNKI.TTF', 'HGY3_CNKI.TTF', 'HGY4_CNKI.TTF', 'HGYB_CNKI.ttf', 'HGYT1_CNKI.ttf', 'HGYT2_CNKI.ttf', 'HGYT_CNKI.TTF', 'HGYX_CNKI.TTF', 'HGZCS_CNKI.TTF', 'HGZDX_CNKI.TTF', 'HGZK_CNKI.TTF', 'HGZYT_CNKI.TTF', 'HGZY_CNKI.TTF', 'himalaya.ttf', 'holomdl2.ttf', 'HTOWERT.TTF', 'HTOWERTI.TTF', 'hvgafix.fon', 'hvgasys.fon', 'impact.ttf', 'IMPRISHA.TTF', 'INFROMAN.TTF', 'Inkfree.ttf', 'iqiyi_logov7.ttf', 'ITCBLKAD.TTF', 'ITCEDSCR.TTF', 'ITCKRIST.TTF', 'j8514fix.fon', 'j8514oem.fon', 'j8514sys.fon', 'javatext.ttf', 'JOKERMAN.TTF', 'jsmalle.fon', 'jsmallf.fon', 'JUICE___.TTF', 'jvgafix.fon', 'jvgasys.fon', 'KUNSTLER.TTF', 'LATINWD.TTF', 'LBRITE.TTF', 'LBRITED.TTF', 'LBRITEDI.TTF', 'LBRITEI.TTF', 'LCALLIG.TTF', 'LeelaUIb.ttf', 'LeelawUI.ttf', 'LeelUIsl.ttf', 'LFAX.TTF', 'LFAXD.TTF', 'LFAXDI.TTF', 'LFAXI.TTF', 'LHANDW.TTF', 'LSANS.TTF', 'LSANSD.TTF', 'LSANSDI.TTF', 'LSANSI.TTF', 'LTYPE.TTF', 'LTYPEB.TTF', 'LTYPEBO.TTF', 'LTYPEO.TTF', 'lucon.ttf', 'l_10646.ttf', 'MAGNETOB.TTF', 'MAIAN.TTF', 'malgun.ttf', 'malgunbd.ttf', 'malgunsl.ttf', 'marlett.ttf', 'MATURASC.TTF', 'micross.ttf', 'mingliub.ttc', 'MISTRAL.TTF', 'mmrtext.ttf', 'mmrtextb.ttf', 'MOD20.TTF', 'modern.fon', 'monbaiti.ttf', 'msgothic.ttc', 'msjh.ttc', 'msjhbd.ttc', 'msjhl.ttc', 'msyh.ttc', 'msyhbd.ttc', 'msyhl.ttc', 'msyi.ttf', 'MTCORSVA.TTF', 'MTEXTRA.TTF', 'mvboli.ttf', 'NIAGENG.TTF', 'NIAGSOL.TTF', 'Nirmala.ttf', 'NirmalaB.ttf', 'NirmalaS.ttf', 'ntailu.ttf', 'ntailub.ttf', 'NumberOnly.ttf', 'OCRAEXT.TTF', 'OLDENGL.TTF', 'ONYX.TTF', 'OUTLOOK.TTF', 'pala.ttf', 'palab.ttf', 'palabi.ttf', 'palai.ttf', 'PALSCRI.TTF', 'PAPYRUS.TTF', 'PARCHM.TTF', 'PERBI___.TTF', 'PERB____.TTF', 'PERI____.TTF', 'PERTIBD.TTF', 'PERTILI.TTF', 'PER_____.TTF', 'phagspa.ttf', 'phagspab.ttf', 'PLAYBILL.TTF', 'POORICH.TTF', 'PRISTINA.TTF', 'RAGE.TTF', 'RAVIE.TTF', 'REFSAN.TTF', 'REFSPCL.TTF', 'ROCCB___.TTF', 'ROCC____.TTF', 'ROCK.TTF', 'ROCKB.TTF', 'ROCKBI.TTF', 'ROCKEB.TTF', 'ROCKI.TTF', 'roman.fon', 's8514fix.fon', 's8514oem.fon', 's8514sys.fon', 'SCHLBKB.TTF', 'SCHLBKBI.TTF', 'SCHLBKI.TTF', 'script.fon', 'SCRIPTBL.TTF', 'segmdl2.ttf', 'SegoeIcons.ttf', 'segoepr.ttf', 'segoeprb.ttf', 'segoesc.ttf', 'segoescb.ttf', 'segoeui.ttf', 'segoeuib.ttf', 'segoeuii.ttf', 'segoeuil.ttf', 'segoeuisl.ttf', 'segoeuiz.ttf', 'seguibl.ttf', 'seguibli.ttf', 'seguiemj.ttf', 'seguihis.ttf', 'seguili.ttf', 'seguisb.ttf', 'seguisbi.ttf', 'seguisli.ttf', 'seguisym.ttf', 'SegUIVar.ttf', 'sere1255.fon', 'sere1256.fon', 'sere1257.fon', 'serf1255.fon', 'serf1256.fon', 'serf1257.fon', 'serife.fon', 'serifee.fon', 'serifeg.fon', 'serifer.fon', 'serifet.fon', 'seriff.fon', 'seriffe.fon', 'seriffg.fon', 'seriffr.fon', 'serifft.fon', 'SHOWG.TTF', 'simfang.ttf', 'simhei.ttf', 'simkai.ttf', 'SIMLI.TTF', 'simsun.ttc', 'simsunb.ttf', 'SIMYOU.TTF', 'SitkaVF-Italic.ttf', 'SitkaVF.ttf', 'smae1255.fon', 'smae1256.fon', 'smae1257.fon', 'smaf1255.fon', 'smaf1256.fon', 'smaf1257.fon', 'smalle.fon', 'smallee.fon', 'smalleg.fon', 'smaller.fon', 'smallet.fon', 'smallf.fon', 'smallfe.fon', 'smallfg.fon', 'smallfr.fon', 'smallft.fon', 'SNAP____.TTF', 'ssee1255.fon', 'ssee1256.fon', 'ssee1257.fon', 'ssee874.fon', 'ssef1255.fon', 'ssef1256.fon', 'ssef1257.fon', 'ssef874.fon', 'sserife.fon', 'sserifee.fon', 'sserifeg.fon', 'sserifer.fon', 'sserifet.fon', 'sseriff.fon', 'sseriffe.fon', 'sseriffg.fon', 'sseriffr.fon', 'sserifft.fon', 'StaticCache.dat', 'STCAIYUN.TTF', 'STENCIL.TTF', 'STFANGSO.TTF', 'STHUPO.TTF', 'STKAITI.TTF', 'STLITI.TTF', 'STSONG.TTF', 'STXIHEI.TTF', 'STXINGKA.TTF', 'STXINWEI.TTF', 'STZHONGS.TTF', 'svgafix.fon', 'svgasys.fon', 'sylfaen.ttf', 'symbol.ttf', 'tahoma.ttf', 'tahomabd.ttf', 'taile.ttf', 'taileb.ttf', 'TCBI____.TTF', 'TCB_____.TTF', 'TCCB____.TTF', 'TCCEB.TTF', 'TCCM____.TTF', 'TCMI____.TTF', 'TCM_____.TTF', 'TEMPSITC.TTF', 'times.ttf', 'timesbd.ttf', 'timesbi.ttf', 'timesi.ttf', 'trebuc.ttf', 'trebucbd.ttf', 'trebucbi.ttf', 'trebucit.ttf', 'verdana.ttf', 'verdanab.ttf', 'verdanai.ttf', 'verdanaz.ttf', 'vga737.fon', 'vga775.fon', 'vga850.fon', 'vga852.fon', 'vga855.fon', 'vga857.fon', 'vga860.fon', 'vga861.fon', 'vga863.fon', 'vga865.fon', 'vga866.fon', 'vga869.fon', 'vga932.fon', 'vga936.fon', 'vga949.fon', 'vga950.fon', 'vgaf1255.fon', 'vgaf1256.fon', 'vgaf1257.fon', 'vgaf874.fon', 'vgafix.fon', 'vgafixe.fon', 'vgafixg.fon', 'vgafixr.fon', 'vgafixt.fon', 'vgaoem.fon', 'vgas1255.fon', 'vgas1256.fon', 'vgas1257.fon', 'vgas874.fon', 'vgasys.fon', 'vgasyse.fon', 'vgasysg.fon', 'vgasysr.fon', 'vgasyst.fon', 'VINERITC.TTF', 'VIVALDII.TTF', 'VLADIMIR.TTF', 'webdings.ttf', 'wingding.ttf', 'WINGDNG2.TTF', 'WINGDNG3.TTF', 'YuGothB.ttc', 'YuGothL.ttc', 'YuGothM.ttc', 'YuGothR.ttc', '\u534e\u5eb7\u65b9\u5706\u4f53W7.TTC', '\u65b9\u6b63\u7c97\u9ed1\u5b8b\u7b80\u4f53.ttf']
2023-09-27 15:58:48,323 - INFO - start to load thumbnail gen setting json from::D:/Download/audio-visual/saas/tiktoka/tiktoka-studio-uploader-genius/tests/videos/horizon/template (9).json
2023-09-27 15:58:48,324 - INFO - start to validate template
2023-09-27 15:58:48,327 - INFO - validate thumbnail gen template passed
2023-09-27 15:58:48,327 - INFO - start to validate metadata for thumbgen setting
2023-09-27 15:58:48,336 - INFO - start to check ['heading', 'subheading', 'extraheading'] defined in template
2023-09-27 15:58:48,336 - INFO - heading value is DRAG RACE in entry OP.
2023-09-27 15:58:48,336 - INFO - subheading value is \u56fd\u5e86\u4f73\u8282\u5feb\u4e50 in entry OP.
2023-09-27 15:58:48,336 - INFO - extraheading value is 2222 in entry OP.
2023-09-27 15:58:48,337 - INFO - validate metadata for thumbgen setting passed
2023-09-27 15:58:48,337 - INFO - start to update user submited metafile to video assets
2023-09-27 15:58:48,337 - WARNING - You are running on win32, potentially without locks. Consider setting shared_lock=True
2023-09-27 15:58:48,337 - INFO - update user submited metafile to video assets passed
2023-09-27 15:58:48,337 - INFO - start to validate bg folder
2023-09-27 15:58:48,338 - INFO - bg folder image list :['D:/Download/audio-visual/saas/tiktoka/tiktoka-studio-uploader-genius/tests/videos/horizon/1920x1080\\bg1.jpg', 'D:/Download/audio-visual/saas/tiktoka/tiktoka-studio-uploader-genius/tests/videos/horizon/1920x1080\\bg2.jpg']
2023-09-27 15:58:48,338 - INFO - Random assign bg:D:/Download/audio-visual/saas/tiktoka/tiktoka-studio-uploader-genius/tests/videos/horizon/1920x1080\bg1.jpg to  video:OP
2023-09-27 15:58:48,338 - INFO - validate bg folder passed
2023-09-27 15:58:49,028 - INFO - start to load thumbnail gen setting json from::D:/Download/audio-visual/saas/tiktoka/tiktoka-studio-uploader-genius/tests/videos/horizon/template (9).json
2023-09-27 15:58:49,028 - INFO - start to validate template
2023-09-27 15:58:49,032 - INFO - validate thumbnail gen template passed
2023-09-27 15:58:49,032 - INFO - start to validate metadata for thumbgen setting
2023-09-27 15:58:49,042 - INFO - start to check ['heading', 'subheading', 'extraheading'] defined in template
2023-09-27 15:58:49,042 - INFO - heading value is DRAG RACE in entry OP.
2023-09-27 15:58:49,042 - INFO - subheading value is \u56fd\u5e86\u4f73\u8282\u5feb\u4e50 in entry OP.
2023-09-27 15:58:49,042 - INFO - extraheading value is 2222 in entry OP.
2023-09-27 15:58:49,042 - INFO - validate metadata for thumbgen setting passed
2023-09-27 15:58:49,042 - INFO - start to update user submited metafile to video assets
2023-09-27 15:58:49,042 - WARNING - You are running on win32, potentially without locks. Consider setting shared_lock=True
2023-09-27 15:58:49,043 - INFO - update user submited metafile to video assets passed
2023-09-27 15:58:49,043 - INFO - start to validate bg folder
2023-09-27 15:58:49,043 - INFO - bg folder image list :['D:/Download/audio-visual/saas/tiktoka/tiktoka-studio-uploader-genius/tests/videos/horizon/1920x1080\\bg1.jpg', 'D:/Download/audio-visual/saas/tiktoka/tiktoka-studio-uploader-genius/tests/videos/horizon/1920x1080\\bg2.jpg']
2023-09-27 15:58:49,043 - INFO - Random assign bg:D:/Download/audio-visual/saas/tiktoka/tiktoka-studio-uploader-genius/tests/videos/horizon/1920x1080\bg1.jpg to  video:OP
2023-09-27 15:58:49,043 - INFO - validate bg folder passed
2023-09-27 15:58:49,084 - INFO - all fonts installed:['8514fix.fon', '8514fixe.fon', '8514fixg.fon', '8514fixr.fon', '8514fixt.fon', '8514oem.fon', '8514oeme.fon', '8514oemg.fon', '8514oemr.fon', '8514oemt.fon', '8514sys.fon', '8514syse.fon', '8514sysg.fon', '8514sysr.fon', '8514syst.fon', '85775.fon', '85855.fon', '85f1255.fon', '85f1256.fon', '85f1257.fon', '85f874.fon', '85s1255.fon', '85s1256.fon', '85s1257.fon', '85s874.fon', 'AGENCYB.TTF', 'AGENCYR.TTF', 'ALGER.TTF', 'ANTQUAB.TTF', 'ANTQUABI.TTF', 'ANTQUAI.TTF', 'app775.fon', 'app850.fon', 'app852.fon', 'app855.fon', 'app857.fon', 'app866.fon', 'app932.fon', 'app936.fon', 'app949.fon', 'app950.fon', 'arial.ttf', 'arialbd.ttf', 'arialbi.ttf', 'ariali.ttf', 'ARIALN.TTF', 'ARIALNB.TTF', 'ARIALNBI.TTF', 'ARIALNI.TTF', 'ariblk.ttf', 'ARLRDBD.TTF', 'AxureHandwriting-Bold.otf', 'AxureHandwriting-BoldItalic.otf', 'AxureHandwriting-Italic.otf', 'AxureHandwriting.otf', 'bahnschrift.ttf', 'BASKVILL.TTF', 'BAUHS93.TTF', 'BELL.TTF', 'BELLB.TTF', 'BELLI.TTF', 'BERNHC.TTF', 'BKANT.TTF', 'BOD_B.TTF', 'BOD_BI.TTF', 'BOD_BLAI.TTF', 'BOD_BLAR.TTF', 'BOD_CB.TTF', 'BOD_CBI.TTF', 'BOD_CI.TTF', 'BOD_CR.TTF', 'BOD_I.TTF', 'BOD_PSTC.TTF', 'BOD_R.TTF', 'BOOKOS.TTF', 'BOOKOSB.TTF', 'BOOKOSBI.TTF', 'BOOKOSI.TTF', 'BRADHITC.TTF', 'BRITANIC.TTF', 'BRLNSB.TTF', 'BRLNSDB.TTF', 'BRLNSR.TTF', 'BROADW.TTF', 'BRUSHSCI.TTF', 'BSSYM7.TTF', 'c8514fix.fon', 'c8514oem.fon', 'c8514sys.fon', 'calibri.ttf', 'calibrib.ttf', 'calibrii.ttf', 'calibril.ttf', 'calibrili.ttf', 'calibriz.ttf', 'CALIFB.TTF', 'CALIFI.TTF', 'CALIFR.TTF', 'CALIST.TTF', 'CALISTB.TTF', 'CALISTBI.TTF', 'CALISTI.TTF', 'cambria.ttc', 'cambriab.ttf', 'cambriai.ttf', 'cambriaz.ttf', 'Candara.ttf', 'Candarab.ttf', 'Candarai.ttf', 'Candaral.ttf', 'Candarali.ttf', 'Candaraz.ttf', 'CascadiaCode.ttf', 'CascadiaMono.ttf', 'CASTELAR.TTF', 'CENSCBK.TTF', 'CENTAUR.TTF', 'CENTURY.TTF', 'cga40737.fon', 'cga40850.fon', 'cga40852.fon', 'cga40857.fon', 'cga40866.fon', 'cga40869.fon', 'cga40woa.fon', 'cga80737.fon', 'cga80850.fon', 'cga80852.fon', 'cga80857.fon', 'cga80866.fon', 'cga80869.fon', 'cga80woa.fon', 'CHILLER.TTF', 'COLONNA.TTF', 'comic.ttf', 'comicbd.ttf', 'comici.ttf', 'comicz.ttf', 'consola.ttf', 'consolab.ttf', 'consolai.ttf', 'consolaz.ttf', 'constan.ttf', 'constanb.ttf', 'constani.ttf', 'constanz.ttf', 'COOPBL.TTF', 'COPRGTB.TTF', 'COPRGTL.TTF', 'corbel.ttf', 'corbelb.ttf', 'corbeli.ttf', 'corbell.ttf', 'corbelli.ttf', 'corbelz.ttf', 'coue1255.fon', 'coue1256.fon', 'coue1257.fon', 'couf1255.fon', 'couf1256.fon', 'couf1257.fon', 'cour.ttf', 'courbd.ttf', 'courbi.ttf', 'coure.fon', 'couree.fon', 'coureg.fon', 'courer.fon', 'couret.fon', 'courf.fon', 'courfe.fon', 'courfg.fon', 'courfr.fon', 'courft.fon', 'couri.ttf', 'CURLZ___.TTF', 'cvgafix.fon', 'cvgasys.fon', 'Deng.ttf', 'Dengb.ttf', 'Dengl.ttf', 'desktop.ini', 'dos737.fon', 'dos869.fon', 'dosapp.fon', 'DUBAI-BOLD.TTF', 'DUBAI-LIGHT.TTF', 'DUBAI-MEDIUM.TTF', 'DUBAI-REGULAR.TTF', 'ebrima.ttf', 'ebrimabd.ttf', 'ega40737.fon', 'ega40850.fon', 'ega40852.fon', 'ega40857.fon', 'ega40866.fon', 'ega40869.fon', 'ega40woa.fon', 'ega80737.fon', 'ega80850.fon', 'ega80852.fon', 'ega80857.fon', 'ega80866.fon', 'ega80869.fon', 'ega80woa.fon', 'ELEPHNT.TTF', 'ELEPHNTI.TTF', 'ENGR.TTF', 'ERASBD.TTF', 'ERASDEMI.TTF', 'ERASLGHT.TTF', 'ERASMD.TTF', 'FELIXTI.TTF', 'fms_metadata.xml', 'FORTE.TTF', 'FRABK.TTF', 'FRABKIT.TTF', 'FRADM.TTF', 'FRADMCN.TTF', 'FRADMIT.TTF', 'FRAHV.TTF', 'FRAHVIT.TTF', 'framd.ttf', 'FRAMDCN.TTF', 'framdit.ttf', 'FREESCPT.TTF', 'FRSCRIPT.TTF', 'FTLTLT.TTF', 'FZSTK.TTF', 'FZYTK.TTF', 'Gabriola.ttf', 'gadugi.ttf', 'gadugib.ttf', 'GARA.TTF', 'GARABD.TTF', 'GARAIT.TTF', 'georgia.ttf', 'georgiab.ttf', 'georgiai.ttf', 'georgiaz.ttf', 'GIGI.TTF', 'GILBI___.TTF', 'GILB____.TTF', 'GILC____.TTF', 'GILI____.TTF', 'GILLUBCD.TTF', 'GILSANUB.TTF', 'GIL_____.TTF', 'GLECB.TTF', 'GlobalMonospace.CompositeFont', 'GlobalSansSerif.CompositeFont', 'GlobalSerif.CompositeFont', 'GlobalUserInterface.CompositeFont', 'GLSNECB.TTF', 'GOTHIC.TTF', 'GOTHICB.TTF', 'GOTHICBI.TTF', 'GOTHICI.TTF', 'GOUDOS.TTF', 'GOUDOSB.TTF', 'GOUDOSI.TTF', 'GOUDYSTO.TTF', 'h8514fix.fon', 'h8514oem.fon', 'h8514sys.fon', 'HARLOWSI.TTF', 'HARNGTON.TTF', 'HATTEN.TTF', 'HGB1X_CNKI.ttf', 'HGB1_CNKI.ttf', 'HGB2X_CNKI.ttf', 'HGB2_CNKI.ttf', 'HGB3X_CNKI.ttf', 'HGB3_CNKI.ttf', 'HGB4X_CNKI.ttf', 'HGB4_CNKI.ttf', 'HGB5X_CNKI.ttf', 'HGB5_CNKI.ttf', 'HGB6X_CNKI.ttf', 'HGB6_CNKI.ttf', 'HGB7X_CNKI.ttf', 'HGB7_CNKI.ttf', 'HGB8X_CNKI.ttf', 'HGB8_CNKI.ttf', 'HGBD_CNKI.ttf', 'HGBKBX_CNKI.ttf', 'HGBKB_CNKI.ttf', 'HGBKHX_CNKI.ttf', 'HGBKH_CNKI.ttf', 'HGBS1_CNKI.TTF', 'HGBS2_CNKI.TTF', 'HGBS_CNKI.TTF', 'HGBTH_CNKI.TTF', 'HGBTS_CNKI.TTF', 'HGBX_CNKI.ttf', 'HGBZ_CNKI.ttf', 'HGCH_CNKI.TTF', 'HGCUH_CNKI.TTF', 'HGCY_CNKI.TTF', 'HGDBS_CNKI.TTF', 'HGDGY_CNKI.TTF', 'HGDH2_CNKI.TTF', 'HGDH_CNKI.TTF', 'HGDYS_CNKI.TTF', 'HGDY_CNKI.ttf', 'HGF1X_CNKI.ttf', 'HGF1_CNKI.ttf', 'HGF2X_CNKI.ttf', 'HGF2_CNKI.ttf', 'HGF3_CNKI.ttf', 'HGF4X_CNKI.ttf', 'HGF4_CNKI.ttf', 'HGF5X_CNKI.ttf', 'HGF5_CNKI.ttf', 'HGF6X_CNKI.ttf', 'HGF6_CNKI.ttf', 'HGF7X_CNKI.ttf', 'HGF7_CNKI.ttf', 'HGF8_CNKI.ttf', 'HGF9X_CNKI.ttf', 'HGF9_CNKI.ttf', 'HGFS1_CNKI.TTF', 'HGFS2_CNKI.TTF', 'HGFSH_CNKI.TTF', 'HGFS_CNKI.TTF', 'HGFX_CNKI.ttf', 'HGFZ_CNKI.ttf', 'HGGG_CNKI.TTF', 'HGH1X_CNKI.ttf', 'HGH1_CNKI.ttf', 'HGH2X_CNKI.ttf', 'HGH2_CNKI.ttf', 'HGH3X_CNKI.ttf', 'HGH3_CNKI.ttf', 'HGH4X_CNKI.ttf', 'HGH4_CNKI.ttf', 'HGH5X_CNKI.ttf', 'HGH5_CNKI.ttf', 'HGH6X_CNKI.ttf', 'HGH6_CNKI.ttf', 'HGH7X_CNKI.ttf', 'HGH7_CNKI.ttf', 'HGHB_CNKI.TTF', 'HGHD_CNKI.ttf', 'HGHP_CNKI.TTF', 'HGHT1_CNKI.ttf', 'HGHT2_CNKI.ttf', 'HGHUATI_CNKI.ttf', 'HGHX_CNKI.ttf', 'HGHZ_CNKI.ttf', 'HGH_CNKI.TTF', 'HGKT1_CNKI.TTF', 'HGKT2_CNKI.TTF', 'HGKT_CNKI.TTF', 'HGKY_CNKI.ttf', 'HGLB_CNKI.TTF', 'HGLS_CNKI.TTF', 'HGMH_CNKI.TTF', 'HGNBS_CNKI.ttf', 'HGOCR_CNKI.ttf', 'HGPH_CNKI.TTF', 'HGPTY_CNKI.TTF', 'HGSS1_CNKI.TTF', 'HGSS2_CNKI.TTF', 'HGSS_CNKI.TTF', 'HGSXT_CNKI.ttf', 'HGTT_CNKI.ttf', 'HGTX_CNKI.TTF', 'HGWT_CNKI.TTF', 'HGWYS_CNKI.TTF', 'HGX1X_CNKI.ttf', 'HGX1_CNKI.ttf', 'HGXBS_CNKI.TTF', 'HGXC_CNKI.TTF', 'HGXF1_CNKI.ttf', 'HGXFX_CNKI.ttf', 'HGXFZ_CNKI.ttf', 'HGXH1_CNKI.TTF', 'HGXH_CNKI.TTF', 'HGXK_CNKI.TTF', 'HGXL_CNKI.TTF', 'HGXS_CNKI.TTF', 'HGXT_CNKI.ttf', 'HGXY_CNKI.ttf', 'HGY1_CNKI.TTF', 'HGY2_CNKI.TTF', 'HGY3_CNKI.TTF', 'HGY4_CNKI.TTF', 'HGYB_CNKI.ttf', 'HGYT1_CNKI.ttf', 'HGYT2_CNKI.ttf', 'HGYT_CNKI.TTF', 'HGYX_CNKI.TTF', 'HGZCS_CNKI.TTF', 'HGZDX_CNKI.TTF', 'HGZK_CNKI.TTF', 'HGZYT_CNKI.TTF', 'HGZY_CNKI.TTF', 'himalaya.ttf', 'holomdl2.ttf', 'HTOWERT.TTF', 'HTOWERTI.TTF', 'hvgafix.fon', 'hvgasys.fon', 'impact.ttf', 'IMPRISHA.TTF', 'INFROMAN.TTF', 'Inkfree.ttf', 'iqiyi_logov7.ttf', 'ITCBLKAD.TTF', 'ITCEDSCR.TTF', 'ITCKRIST.TTF', 'j8514fix.fon', 'j8514oem.fon', 'j8514sys.fon', 'javatext.ttf', 'JOKERMAN.TTF', 'jsmalle.fon', 'jsmallf.fon', 'JUICE___.TTF', 'jvgafix.fon', 'jvgasys.fon', 'KUNSTLER.TTF', 'LATINWD.TTF', 'LBRITE.TTF', 'LBRITED.TTF', 'LBRITEDI.TTF', 'LBRITEI.TTF', 'LCALLIG.TTF', 'LeelaUIb.ttf', 'LeelawUI.ttf', 'LeelUIsl.ttf', 'LFAX.TTF', 'LFAXD.TTF', 'LFAXDI.TTF', 'LFAXI.TTF', 'LHANDW.TTF', 'LSANS.TTF', 'LSANSD.TTF', 'LSANSDI.TTF', 'LSANSI.TTF', 'LTYPE.TTF', 'LTYPEB.TTF', 'LTYPEBO.TTF', 'LTYPEO.TTF', 'lucon.ttf', 'l_10646.ttf', 'MAGNETOB.TTF', 'MAIAN.TTF', 'malgun.ttf', 'malgunbd.ttf', 'malgunsl.ttf', 'marlett.ttf', 'MATURASC.TTF', 'micross.ttf', 'mingliub.ttc', 'MISTRAL.TTF', 'mmrtext.ttf', 'mmrtextb.ttf', 'MOD20.TTF', 'modern.fon', 'monbaiti.ttf', 'msgothic.ttc', 'msjh.ttc', 'msjhbd.ttc', 'msjhl.ttc', 'msyh.ttc', 'msyhbd.ttc', 'msyhl.ttc', 'msyi.ttf', 'MTCORSVA.TTF', 'MTEXTRA.TTF', 'mvboli.ttf', 'NIAGENG.TTF', 'NIAGSOL.TTF', 'Nirmala.ttf', 'NirmalaB.ttf', 'NirmalaS.ttf', 'ntailu.ttf', 'ntailub.ttf', 'NumberOnly.ttf', 'OCRAEXT.TTF', 'OLDENGL.TTF', 'ONYX.TTF', 'OUTLOOK.TTF', 'pala.ttf', 'palab.ttf', 'palabi.ttf', 'palai.ttf', 'PALSCRI.TTF', 'PAPYRUS.TTF', 'PARCHM.TTF', 'PERBI___.TTF', 'PERB____.TTF', 'PERI____.TTF', 'PERTIBD.TTF', 'PERTILI.TTF', 'PER_____.TTF', 'phagspa.ttf', 'phagspab.ttf', 'PLAYBILL.TTF', 'POORICH.TTF', 'PRISTINA.TTF', 'RAGE.TTF', 'RAVIE.TTF', 'REFSAN.TTF', 'REFSPCL.TTF', 'ROCCB___.TTF', 'ROCC____.TTF', 'ROCK.TTF', 'ROCKB.TTF', 'ROCKBI.TTF', 'ROCKEB.TTF', 'ROCKI.TTF', 'roman.fon', 's8514fix.fon', 's8514oem.fon', 's8514sys.fon', 'SCHLBKB.TTF', 'SCHLBKBI.TTF', 'SCHLBKI.TTF', 'script.fon', 'SCRIPTBL.TTF', 'segmdl2.ttf', 'SegoeIcons.ttf', 'segoepr.ttf', 'segoeprb.ttf', 'segoesc.ttf', 'segoescb.ttf', 'segoeui.ttf', 'segoeuib.ttf', 'segoeuii.ttf', 'segoeuil.ttf', 'segoeuisl.ttf', 'segoeuiz.ttf', 'seguibl.ttf', 'seguibli.ttf', 'seguiemj.ttf', 'seguihis.ttf', 'seguili.ttf', 'seguisb.ttf', 'seguisbi.ttf', 'seguisli.ttf', 'seguisym.ttf', 'SegUIVar.ttf', 'sere1255.fon', 'sere1256.fon', 'sere1257.fon', 'serf1255.fon', 'serf1256.fon', 'serf1257.fon', 'serife.fon', 'serifee.fon', 'serifeg.fon', 'serifer.fon', 'serifet.fon', 'seriff.fon', 'seriffe.fon', 'seriffg.fon', 'seriffr.fon', 'serifft.fon', 'SHOWG.TTF', 'simfang.ttf', 'simhei.ttf', 'simkai.ttf', 'SIMLI.TTF', 'simsun.ttc', 'simsunb.ttf', 'SIMYOU.TTF', 'SitkaVF-Italic.ttf', 'SitkaVF.ttf', 'smae1255.fon', 'smae1256.fon', 'smae1257.fon', 'smaf1255.fon', 'smaf1256.fon', 'smaf1257.fon', 'smalle.fon', 'smallee.fon', 'smalleg.fon', 'smaller.fon', 'smallet.fon', 'smallf.fon', 'smallfe.fon', 'smallfg.fon', 'smallfr.fon', 'smallft.fon', 'SNAP____.TTF', 'ssee1255.fon', 'ssee1256.fon', 'ssee1257.fon', 'ssee874.fon', 'ssef1255.fon', 'ssef1256.fon', 'ssef1257.fon', 'ssef874.fon', 'sserife.fon', 'sserifee.fon', 'sserifeg.fon', 'sserifer.fon', 'sserifet.fon', 'sseriff.fon', 'sseriffe.fon', 'sseriffg.fon', 'sseriffr.fon', 'sserifft.fon', 'StaticCache.dat', 'STCAIYUN.TTF', 'STENCIL.TTF', 'STFANGSO.TTF', 'STHUPO.TTF', 'STKAITI.TTF', 'STLITI.TTF', 'STSONG.TTF', 'STXIHEI.TTF', 'STXINGKA.TTF', 'STXINWEI.TTF', 'STZHONGS.TTF', 'svgafix.fon', 'svgasys.fon', 'sylfaen.ttf', 'symbol.ttf', 'tahoma.ttf', 'tahomabd.ttf', 'taile.ttf', 'taileb.ttf', 'TCBI____.TTF', 'TCB_____.TTF', 'TCCB____.TTF', 'TCCEB.TTF', 'TCCM____.TTF', 'TCMI____.TTF', 'TCM_____.TTF', 'TEMPSITC.TTF', 'times.ttf', 'timesbd.ttf', 'timesbi.ttf', 'timesi.ttf', 'trebuc.ttf', 'trebucbd.ttf', 'trebucbi.ttf', 'trebucit.ttf', 'verdana.ttf', 'verdanab.ttf', 'verdanai.ttf', 'verdanaz.ttf', 'vga737.fon', 'vga775.fon', 'vga850.fon', 'vga852.fon', 'vga855.fon', 'vga857.fon', 'vga860.fon', 'vga861.fon', 'vga863.fon', 'vga865.fon', 'vga866.fon', 'vga869.fon', 'vga932.fon', 'vga936.fon', 'vga949.fon', 'vga950.fon', 'vgaf1255.fon', 'vgaf1256.fon', 'vgaf1257.fon', 'vgaf874.fon', 'vgafix.fon', 'vgafixe.fon', 'vgafixg.fon', 'vgafixr.fon', 'vgafixt.fon', 'vgaoem.fon', 'vgas1255.fon', 'vgas1256.fon', 'vgas1257.fon', 'vgas874.fon', 'vgasys.fon', 'vgasyse.fon', 'vgasysg.fon', 'vgasysr.fon', 'vgasyst.fon', 'VINERITC.TTF', 'VIVALDII.TTF', 'VLADIMIR.TTF', 'webdings.ttf', 'wingding.ttf', 'WINGDNG2.TTF', 'WINGDNG3.TTF', 'YuGothB.ttc', 'YuGothL.ttc', 'YuGothM.ttc', 'YuGothR.ttc', '\u534e\u5eb7\u65b9\u5706\u4f53W7.TTC', '\u65b9\u6b63\u7c97\u9ed1\u5b8b\u7b80\u4f53.ttf']
2023-09-27 15:58:49,088 - INFO - all fonts installed:['8514fix.fon', '8514fixe.fon', '8514fixg.fon', '8514fixr.fon', '8514fixt.fon', '8514oem.fon', '8514oeme.fon', '8514oemg.fon', '8514oemr.fon', '8514oemt.fon', '8514sys.fon', '8514syse.fon', '8514sysg.fon', '8514sysr.fon', '8514syst.fon', '85775.fon', '85855.fon', '85f1255.fon', '85f1256.fon', '85f1257.fon', '85f874.fon', '85s1255.fon', '85s1256.fon', '85s1257.fon', '85s874.fon', 'AGENCYB.TTF', 'AGENCYR.TTF', 'ALGER.TTF', 'ANTQUAB.TTF', 'ANTQUABI.TTF', 'ANTQUAI.TTF', 'app775.fon', 'app850.fon', 'app852.fon', 'app855.fon', 'app857.fon', 'app866.fon', 'app932.fon', 'app936.fon', 'app949.fon', 'app950.fon', 'arial.ttf', 'arialbd.ttf', 'arialbi.ttf', 'ariali.ttf', 'ARIALN.TTF', 'ARIALNB.TTF', 'ARIALNBI.TTF', 'ARIALNI.TTF', 'ariblk.ttf', 'ARLRDBD.TTF', 'AxureHandwriting-Bold.otf', 'AxureHandwriting-BoldItalic.otf', 'AxureHandwriting-Italic.otf', 'AxureHandwriting.otf', 'bahnschrift.ttf', 'BASKVILL.TTF', 'BAUHS93.TTF', 'BELL.TTF', 'BELLB.TTF', 'BELLI.TTF', 'BERNHC.TTF', 'BKANT.TTF', 'BOD_B.TTF', 'BOD_BI.TTF', 'BOD_BLAI.TTF', 'BOD_BLAR.TTF', 'BOD_CB.TTF', 'BOD_CBI.TTF', 'BOD_CI.TTF', 'BOD_CR.TTF', 'BOD_I.TTF', 'BOD_PSTC.TTF', 'BOD_R.TTF', 'BOOKOS.TTF', 'BOOKOSB.TTF', 'BOOKOSBI.TTF', 'BOOKOSI.TTF', 'BRADHITC.TTF', 'BRITANIC.TTF', 'BRLNSB.TTF', 'BRLNSDB.TTF', 'BRLNSR.TTF', 'BROADW.TTF', 'BRUSHSCI.TTF', 'BSSYM7.TTF', 'c8514fix.fon', 'c8514oem.fon', 'c8514sys.fon', 'calibri.ttf', 'calibrib.ttf', 'calibrii.ttf', 'calibril.ttf', 'calibrili.ttf', 'calibriz.ttf', 'CALIFB.TTF', 'CALIFI.TTF', 'CALIFR.TTF', 'CALIST.TTF', 'CALISTB.TTF', 'CALISTBI.TTF', 'CALISTI.TTF', 'cambria.ttc', 'cambriab.ttf', 'cambriai.ttf', 'cambriaz.ttf', 'Candara.ttf', 'Candarab.ttf', 'Candarai.ttf', 'Candaral.ttf', 'Candarali.ttf', 'Candaraz.ttf', 'CascadiaCode.ttf', 'CascadiaMono.ttf', 'CASTELAR.TTF', 'CENSCBK.TTF', 'CENTAUR.TTF', 'CENTURY.TTF', 'cga40737.fon', 'cga40850.fon', 'cga40852.fon', 'cga40857.fon', 'cga40866.fon', 'cga40869.fon', 'cga40woa.fon', 'cga80737.fon', 'cga80850.fon', 'cga80852.fon', 'cga80857.fon', 'cga80866.fon', 'cga80869.fon', 'cga80woa.fon', 'CHILLER.TTF', 'COLONNA.TTF', 'comic.ttf', 'comicbd.ttf', 'comici.ttf', 'comicz.ttf', 'consola.ttf', 'consolab.ttf', 'consolai.ttf', 'consolaz.ttf', 'constan.ttf', 'constanb.ttf', 'constani.ttf', 'constanz.ttf', 'COOPBL.TTF', 'COPRGTB.TTF', 'COPRGTL.TTF', 'corbel.ttf', 'corbelb.ttf', 'corbeli.ttf', 'corbell.ttf', 'corbelli.ttf', 'corbelz.ttf', 'coue1255.fon', 'coue1256.fon', 'coue1257.fon', 'couf1255.fon', 'couf1256.fon', 'couf1257.fon', 'cour.ttf', 'courbd.ttf', 'courbi.ttf', 'coure.fon', 'couree.fon', 'coureg.fon', 'courer.fon', 'couret.fon', 'courf.fon', 'courfe.fon', 'courfg.fon', 'courfr.fon', 'courft.fon', 'couri.ttf', 'CURLZ___.TTF', 'cvgafix.fon', 'cvgasys.fon', 'Deng.ttf', 'Dengb.ttf', 'Dengl.ttf', 'desktop.ini', 'dos737.fon', 'dos869.fon', 'dosapp.fon', 'DUBAI-BOLD.TTF', 'DUBAI-LIGHT.TTF', 'DUBAI-MEDIUM.TTF', 'DUBAI-REGULAR.TTF', 'ebrima.ttf', 'ebrimabd.ttf', 'ega40737.fon', 'ega40850.fon', 'ega40852.fon', 'ega40857.fon', 'ega40866.fon', 'ega40869.fon', 'ega40woa.fon', 'ega80737.fon', 'ega80850.fon', 'ega80852.fon', 'ega80857.fon', 'ega80866.fon', 'ega80869.fon', 'ega80woa.fon', 'ELEPHNT.TTF', 'ELEPHNTI.TTF', 'ENGR.TTF', 'ERASBD.TTF', 'ERASDEMI.TTF', 'ERASLGHT.TTF', 'ERASMD.TTF', 'FELIXTI.TTF', 'fms_metadata.xml', 'FORTE.TTF', 'FRABK.TTF', 'FRABKIT.TTF', 'FRADM.TTF', 'FRADMCN.TTF', 'FRADMIT.TTF', 'FRAHV.TTF', 'FRAHVIT.TTF', 'framd.ttf', 'FRAMDCN.TTF', 'framdit.ttf', 'FREESCPT.TTF', 'FRSCRIPT.TTF', 'FTLTLT.TTF', 'FZSTK.TTF', 'FZYTK.TTF', 'Gabriola.ttf', 'gadugi.ttf', 'gadugib.ttf', 'GARA.TTF', 'GARABD.TTF', 'GARAIT.TTF', 'georgia.ttf', 'georgiab.ttf', 'georgiai.ttf', 'georgiaz.ttf', 'GIGI.TTF', 'GILBI___.TTF', 'GILB____.TTF', 'GILC____.TTF', 'GILI____.TTF', 'GILLUBCD.TTF', 'GILSANUB.TTF', 'GIL_____.TTF', 'GLECB.TTF', 'GlobalMonospace.CompositeFont', 'GlobalSansSerif.CompositeFont', 'GlobalSerif.CompositeFont', 'GlobalUserInterface.CompositeFont', 'GLSNECB.TTF', 'GOTHIC.TTF', 'GOTHICB.TTF', 'GOTHICBI.TTF', 'GOTHICI.TTF', 'GOUDOS.TTF', 'GOUDOSB.TTF', 'GOUDOSI.TTF', 'GOUDYSTO.TTF', 'h8514fix.fon', 'h8514oem.fon', 'h8514sys.fon', 'HARLOWSI.TTF', 'HARNGTON.TTF', 'HATTEN.TTF', 'HGB1X_CNKI.ttf', 'HGB1_CNKI.ttf', 'HGB2X_CNKI.ttf', 'HGB2_CNKI.ttf', 'HGB3X_CNKI.ttf', 'HGB3_CNKI.ttf', 'HGB4X_CNKI.ttf', 'HGB4_CNKI.ttf', 'HGB5X_CNKI.ttf', 'HGB5_CNKI.ttf', 'HGB6X_CNKI.ttf', 'HGB6_CNKI.ttf', 'HGB7X_CNKI.ttf', 'HGB7_CNKI.ttf', 'HGB8X_CNKI.ttf', 'HGB8_CNKI.ttf', 'HGBD_CNKI.ttf', 'HGBKBX_CNKI.ttf', 'HGBKB_CNKI.ttf', 'HGBKHX_CNKI.ttf', 'HGBKH_CNKI.ttf', 'HGBS1_CNKI.TTF', 'HGBS2_CNKI.TTF', 'HGBS_CNKI.TTF', 'HGBTH_CNKI.TTF', 'HGBTS_CNKI.TTF', 'HGBX_CNKI.ttf', 'HGBZ_CNKI.ttf', 'HGCH_CNKI.TTF', 'HGCUH_CNKI.TTF', 'HGCY_CNKI.TTF', 'HGDBS_CNKI.TTF', 'HGDGY_CNKI.TTF', 'HGDH2_CNKI.TTF', 'HGDH_CNKI.TTF', 'HGDYS_CNKI.TTF', 'HGDY_CNKI.ttf', 'HGF1X_CNKI.ttf', 'HGF1_CNKI.ttf', 'HGF2X_CNKI.ttf', 'HGF2_CNKI.ttf', 'HGF3_CNKI.ttf', 'HGF4X_CNKI.ttf', 'HGF4_CNKI.ttf', 'HGF5X_CNKI.ttf', 'HGF5_CNKI.ttf', 'HGF6X_CNKI.ttf', 'HGF6_CNKI.ttf', 'HGF7X_CNKI.ttf', 'HGF7_CNKI.ttf', 'HGF8_CNKI.ttf', 'HGF9X_CNKI.ttf', 'HGF9_CNKI.ttf', 'HGFS1_CNKI.TTF', 'HGFS2_CNKI.TTF', 'HGFSH_CNKI.TTF', 'HGFS_CNKI.TTF', 'HGFX_CNKI.ttf', 'HGFZ_CNKI.ttf', 'HGGG_CNKI.TTF', 'HGH1X_CNKI.ttf', 'HGH1_CNKI.ttf', 'HGH2X_CNKI.ttf', 'HGH2_CNKI.ttf', 'HGH3X_CNKI.ttf', 'HGH3_CNKI.ttf', 'HGH4X_CNKI.ttf', 'HGH4_CNKI.ttf', 'HGH5X_CNKI.ttf', 'HGH5_CNKI.ttf', 'HGH6X_CNKI.ttf', 'HGH6_CNKI.ttf', 'HGH7X_CNKI.ttf', 'HGH7_CNKI.ttf', 'HGHB_CNKI.TTF', 'HGHD_CNKI.ttf', 'HGHP_CNKI.TTF', 'HGHT1_CNKI.ttf', 'HGHT2_CNKI.ttf', 'HGHUATI_CNKI.ttf', 'HGHX_CNKI.ttf', 'HGHZ_CNKI.ttf', 'HGH_CNKI.TTF', 'HGKT1_CNKI.TTF', 'HGKT2_CNKI.TTF', 'HGKT_CNKI.TTF', 'HGKY_CNKI.ttf', 'HGLB_CNKI.TTF', 'HGLS_CNKI.TTF', 'HGMH_CNKI.TTF', 'HGNBS_CNKI.ttf', 'HGOCR_CNKI.ttf', 'HGPH_CNKI.TTF', 'HGPTY_CNKI.TTF', 'HGSS1_CNKI.TTF', 'HGSS2_CNKI.TTF', 'HGSS_CNKI.TTF', 'HGSXT_CNKI.ttf', 'HGTT_CNKI.ttf', 'HGTX_CNKI.TTF', 'HGWT_CNKI.TTF', 'HGWYS_CNKI.TTF', 'HGX1X_CNKI.ttf', 'HGX1_CNKI.ttf', 'HGXBS_CNKI.TTF', 'HGXC_CNKI.TTF', 'HGXF1_CNKI.ttf', 'HGXFX_CNKI.ttf', 'HGXFZ_CNKI.ttf', 'HGXH1_CNKI.TTF', 'HGXH_CNKI.TTF', 'HGXK_CNKI.TTF', 'HGXL_CNKI.TTF', 'HGXS_CNKI.TTF', 'HGXT_CNKI.ttf', 'HGXY_CNKI.ttf', 'HGY1_CNKI.TTF', 'HGY2_CNKI.TTF', 'HGY3_CNKI.TTF', 'HGY4_CNKI.TTF', 'HGYB_CNKI.ttf', 'HGYT1_CNKI.ttf', 'HGYT2_CNKI.ttf', 'HGYT_CNKI.TTF', 'HGYX_CNKI.TTF', 'HGZCS_CNKI.TTF', 'HGZDX_CNKI.TTF', 'HGZK_CNKI.TTF', 'HGZYT_CNKI.TTF', 'HGZY_CNKI.TTF', 'himalaya.ttf', 'holomdl2.ttf', 'HTOWERT.TTF', 'HTOWERTI.TTF', 'hvgafix.fon', 'hvgasys.fon', 'impact.ttf', 'IMPRISHA.TTF', 'INFROMAN.TTF', 'Inkfree.ttf', 'iqiyi_logov7.ttf', 'ITCBLKAD.TTF', 'ITCEDSCR.TTF', 'ITCKRIST.TTF', 'j8514fix.fon', 'j8514oem.fon', 'j8514sys.fon', 'javatext.ttf', 'JOKERMAN.TTF', 'jsmalle.fon', 'jsmallf.fon', 'JUICE___.TTF', 'jvgafix.fon', 'jvgasys.fon', 'KUNSTLER.TTF', 'LATINWD.TTF', 'LBRITE.TTF', 'LBRITED.TTF', 'LBRITEDI.TTF', 'LBRITEI.TTF', 'LCALLIG.TTF', 'LeelaUIb.ttf', 'LeelawUI.ttf', 'LeelUIsl.ttf', 'LFAX.TTF', 'LFAXD.TTF', 'LFAXDI.TTF', 'LFAXI.TTF', 'LHANDW.TTF', 'LSANS.TTF', 'LSANSD.TTF', 'LSANSDI.TTF', 'LSANSI.TTF', 'LTYPE.TTF', 'LTYPEB.TTF', 'LTYPEBO.TTF', 'LTYPEO.TTF', 'lucon.ttf', 'l_10646.ttf', 'MAGNETOB.TTF', 'MAIAN.TTF', 'malgun.ttf', 'malgunbd.ttf', 'malgunsl.ttf', 'marlett.ttf', 'MATURASC.TTF', 'micross.ttf', 'mingliub.ttc', 'MISTRAL.TTF', 'mmrtext.ttf', 'mmrtextb.ttf', 'MOD20.TTF', 'modern.fon', 'monbaiti.ttf', 'msgothic.ttc', 'msjh.ttc', 'msjhbd.ttc', 'msjhl.ttc', 'msyh.ttc', 'msyhbd.ttc', 'msyhl.ttc', 'msyi.ttf', 'MTCORSVA.TTF', 'MTEXTRA.TTF', 'mvboli.ttf', 'NIAGENG.TTF', 'NIAGSOL.TTF', 'Nirmala.ttf', 'NirmalaB.ttf', 'NirmalaS.ttf', 'ntailu.ttf', 'ntailub.ttf', 'NumberOnly.ttf', 'OCRAEXT.TTF', 'OLDENGL.TTF', 'ONYX.TTF', 'OUTLOOK.TTF', 'pala.ttf', 'palab.ttf', 'palabi.ttf', 'palai.ttf', 'PALSCRI.TTF', 'PAPYRUS.TTF', 'PARCHM.TTF', 'PERBI___.TTF', 'PERB____.TTF', 'PERI____.TTF', 'PERTIBD.TTF', 'PERTILI.TTF', 'PER_____.TTF', 'phagspa.ttf', 'phagspab.ttf', 'PLAYBILL.TTF', 'POORICH.TTF', 'PRISTINA.TTF', 'RAGE.TTF', 'RAVIE.TTF', 'REFSAN.TTF', 'REFSPCL.TTF', 'ROCCB___.TTF', 'ROCC____.TTF', 'ROCK.TTF', 'ROCKB.TTF', 'ROCKBI.TTF', 'ROCKEB.TTF', 'ROCKI.TTF', 'roman.fon', 's8514fix.fon', 's8514oem.fon', 's8514sys.fon', 'SCHLBKB.TTF', 'SCHLBKBI.TTF', 'SCHLBKI.TTF', 'script.fon', 'SCRIPTBL.TTF', 'segmdl2.ttf', 'SegoeIcons.ttf', 'segoepr.ttf', 'segoeprb.ttf', 'segoesc.ttf', 'segoescb.ttf', 'segoeui.ttf', 'segoeuib.ttf', 'segoeuii.ttf', 'segoeuil.ttf', 'segoeuisl.ttf', 'segoeuiz.ttf', 'seguibl.ttf', 'seguibli.ttf', 'seguiemj.ttf', 'seguihis.ttf', 'seguili.ttf', 'seguisb.ttf', 'seguisbi.ttf', 'seguisli.ttf', 'seguisym.ttf', 'SegUIVar.ttf', 'sere1255.fon', 'sere1256.fon', 'sere1257.fon', 'serf1255.fon', 'serf1256.fon', 'serf1257.fon', 'serife.fon', 'serifee.fon', 'serifeg.fon', 'serifer.fon', 'serifet.fon', 'seriff.fon', 'seriffe.fon', 'seriffg.fon', 'seriffr.fon', 'serifft.fon', 'SHOWG.TTF', 'simfang.ttf', 'simhei.ttf', 'simkai.ttf', 'SIMLI.TTF', 'simsun.ttc', 'simsunb.ttf', 'SIMYOU.TTF', 'SitkaVF-Italic.ttf', 'SitkaVF.ttf', 'smae1255.fon', 'smae1256.fon', 'smae1257.fon', 'smaf1255.fon', 'smaf1256.fon', 'smaf1257.fon', 'smalle.fon', 'smallee.fon', 'smalleg.fon', 'smaller.fon', 'smallet.fon', 'smallf.fon', 'smallfe.fon', 'smallfg.fon', 'smallfr.fon', 'smallft.fon', 'SNAP____.TTF', 'ssee1255.fon', 'ssee1256.fon', 'ssee1257.fon', 'ssee874.fon', 'ssef1255.fon', 'ssef1256.fon', 'ssef1257.fon', 'ssef874.fon', 'sserife.fon', 'sserifee.fon', 'sserifeg.fon', 'sserifer.fon', 'sserifet.fon', 'sseriff.fon', 'sseriffe.fon', 'sseriffg.fon', 'sseriffr.fon', 'sserifft.fon', 'StaticCache.dat', 'STCAIYUN.TTF', 'STENCIL.TTF', 'STFANGSO.TTF', 'STHUPO.TTF', 'STKAITI.TTF', 'STLITI.TTF', 'STSONG.TTF', 'STXIHEI.TTF', 'STXINGKA.TTF', 'STXINWEI.TTF', 'STZHONGS.TTF', 'svgafix.fon', 'svgasys.fon', 'sylfaen.ttf', 'symbol.ttf', 'tahoma.ttf', 'tahomabd.ttf', 'taile.ttf', 'taileb.ttf', 'TCBI____.TTF', 'TCB_____.TTF', 'TCCB____.TTF', 'TCCEB.TTF', 'TCCM____.TTF', 'TCMI____.TTF', 'TCM_____.TTF', 'TEMPSITC.TTF', 'times.ttf', 'timesbd.ttf', 'timesbi.ttf', 'timesi.ttf', 'trebuc.ttf', 'trebucbd.ttf', 'trebucbi.ttf', 'trebucit.ttf', 'verdana.ttf', 'verdanab.ttf', 'verdanai.ttf', 'verdanaz.ttf', 'vga737.fon', 'vga775.fon', 'vga850.fon', 'vga852.fon', 'vga855.fon', 'vga857.fon', 'vga860.fon', 'vga861.fon', 'vga863.fon', 'vga865.fon', 'vga866.fon', 'vga869.fon', 'vga932.fon', 'vga936.fon', 'vga949.fon', 'vga950.fon', 'vgaf1255.fon', 'vgaf1256.fon', 'vgaf1257.fon', 'vgaf874.fon', 'vgafix.fon', 'vgafixe.fon', 'vgafixg.fon', 'vgafixr.fon', 'vgafixt.fon', 'vgaoem.fon', 'vgas1255.fon', 'vgas1256.fon', 'vgas1257.fon', 'vgas874.fon', 'vgasys.fon', 'vgasyse.fon', 'vgasysg.fon', 'vgasysr.fon', 'vgasyst.fon', 'VINERITC.TTF', 'VIVALDII.TTF', 'VLADIMIR.TTF', 'webdings.ttf', 'wingding.ttf', 'WINGDNG2.TTF', 'WINGDNG3.TTF', 'YuGothB.ttc', 'YuGothL.ttc', 'YuGothM.ttc', 'YuGothR.ttc', '\u534e\u5eb7\u65b9\u5706\u4f53W7.TTC', '\u65b9\u6b63\u7c97\u9ed1\u5b8b\u7b80\u4f53.ttf']
2023-09-27 15:58:49,092 - INFO - all fonts installed:['8514fix.fon', '8514fixe.fon', '8514fixg.fon', '8514fixr.fon', '8514fixt.fon', '8514oem.fon', '8514oeme.fon', '8514oemg.fon', '8514oemr.fon', '8514oemt.fon', '8514sys.fon', '8514syse.fon', '8514sysg.fon', '8514sysr.fon', '8514syst.fon', '85775.fon', '85855.fon', '85f1255.fon', '85f1256.fon', '85f1257.fon', '85f874.fon', '85s1255.fon', '85s1256.fon', '85s1257.fon', '85s874.fon', 'AGENCYB.TTF', 'AGENCYR.TTF', 'ALGER.TTF', 'ANTQUAB.TTF', 'ANTQUABI.TTF', 'ANTQUAI.TTF', 'app775.fon', 'app850.fon', 'app852.fon', 'app855.fon', 'app857.fon', 'app866.fon', 'app932.fon', 'app936.fon', 'app949.fon', 'app950.fon', 'arial.ttf', 'arialbd.ttf', 'arialbi.ttf', 'ariali.ttf', 'ARIALN.TTF', 'ARIALNB.TTF', 'ARIALNBI.TTF', 'ARIALNI.TTF', 'ariblk.ttf', 'ARLRDBD.TTF', 'AxureHandwriting-Bold.otf', 'AxureHandwriting-BoldItalic.otf', 'AxureHandwriting-Italic.otf', 'AxureHandwriting.otf', 'bahnschrift.ttf', 'BASKVILL.TTF', 'BAUHS93.TTF', 'BELL.TTF', 'BELLB.TTF', 'BELLI.TTF', 'BERNHC.TTF', 'BKANT.TTF', 'BOD_B.TTF', 'BOD_BI.TTF', 'BOD_BLAI.TTF', 'BOD_BLAR.TTF', 'BOD_CB.TTF', 'BOD_CBI.TTF', 'BOD_CI.TTF', 'BOD_CR.TTF', 'BOD_I.TTF', 'BOD_PSTC.TTF', 'BOD_R.TTF', 'BOOKOS.TTF', 'BOOKOSB.TTF', 'BOOKOSBI.TTF', 'BOOKOSI.TTF', 'BRADHITC.TTF', 'BRITANIC.TTF', 'BRLNSB.TTF', 'BRLNSDB.TTF', 'BRLNSR.TTF', 'BROADW.TTF', 'BRUSHSCI.TTF', 'BSSYM7.TTF', 'c8514fix.fon', 'c8514oem.fon', 'c8514sys.fon', 'calibri.ttf', 'calibrib.ttf', 'calibrii.ttf', 'calibril.ttf', 'calibrili.ttf', 'calibriz.ttf', 'CALIFB.TTF', 'CALIFI.TTF', 'CALIFR.TTF', 'CALIST.TTF', 'CALISTB.TTF', 'CALISTBI.TTF', 'CALISTI.TTF', 'cambria.ttc', 'cambriab.ttf', 'cambriai.ttf', 'cambriaz.ttf', 'Candara.ttf', 'Candarab.ttf', 'Candarai.ttf', 'Candaral.ttf', 'Candarali.ttf', 'Candaraz.ttf', 'CascadiaCode.ttf', 'CascadiaMono.ttf', 'CASTELAR.TTF', 'CENSCBK.TTF', 'CENTAUR.TTF', 'CENTURY.TTF', 'cga40737.fon', 'cga40850.fon', 'cga40852.fon', 'cga40857.fon', 'cga40866.fon', 'cga40869.fon', 'cga40woa.fon', 'cga80737.fon', 'cga80850.fon', 'cga80852.fon', 'cga80857.fon', 'cga80866.fon', 'cga80869.fon', 'cga80woa.fon', 'CHILLER.TTF', 'COLONNA.TTF', 'comic.ttf', 'comicbd.ttf', 'comici.ttf', 'comicz.ttf', 'consola.ttf', 'consolab.ttf', 'consolai.ttf', 'consolaz.ttf', 'constan.ttf', 'constanb.ttf', 'constani.ttf', 'constanz.ttf', 'COOPBL.TTF', 'COPRGTB.TTF', 'COPRGTL.TTF', 'corbel.ttf', 'corbelb.ttf', 'corbeli.ttf', 'corbell.ttf', 'corbelli.ttf', 'corbelz.ttf', 'coue1255.fon', 'coue1256.fon', 'coue1257.fon', 'couf1255.fon', 'couf1256.fon', 'couf1257.fon', 'cour.ttf', 'courbd.ttf', 'courbi.ttf', 'coure.fon', 'couree.fon', 'coureg.fon', 'courer.fon', 'couret.fon', 'courf.fon', 'courfe.fon', 'courfg.fon', 'courfr.fon', 'courft.fon', 'couri.ttf', 'CURLZ___.TTF', 'cvgafix.fon', 'cvgasys.fon', 'Deng.ttf', 'Dengb.ttf', 'Dengl.ttf', 'desktop.ini', 'dos737.fon', 'dos869.fon', 'dosapp.fon', 'DUBAI-BOLD.TTF', 'DUBAI-LIGHT.TTF', 'DUBAI-MEDIUM.TTF', 'DUBAI-REGULAR.TTF', 'ebrima.ttf', 'ebrimabd.ttf', 'ega40737.fon', 'ega40850.fon', 'ega40852.fon', 'ega40857.fon', 'ega40866.fon', 'ega40869.fon', 'ega40woa.fon', 'ega80737.fon', 'ega80850.fon', 'ega80852.fon', 'ega80857.fon', 'ega80866.fon', 'ega80869.fon', 'ega80woa.fon', 'ELEPHNT.TTF', 'ELEPHNTI.TTF', 'ENGR.TTF', 'ERASBD.TTF', 'ERASDEMI.TTF', 'ERASLGHT.TTF', 'ERASMD.TTF', 'FELIXTI.TTF', 'fms_metadata.xml', 'FORTE.TTF', 'FRABK.TTF', 'FRABKIT.TTF', 'FRADM.TTF', 'FRADMCN.TTF', 'FRADMIT.TTF', 'FRAHV.TTF', 'FRAHVIT.TTF', 'framd.ttf', 'FRAMDCN.TTF', 'framdit.ttf', 'FREESCPT.TTF', 'FRSCRIPT.TTF', 'FTLTLT.TTF', 'FZSTK.TTF', 'FZYTK.TTF', 'Gabriola.ttf', 'gadugi.ttf', 'gadugib.ttf', 'GARA.TTF', 'GARABD.TTF', 'GARAIT.TTF', 'georgia.ttf', 'georgiab.ttf', 'georgiai.ttf', 'georgiaz.ttf', 'GIGI.TTF', 'GILBI___.TTF', 'GILB____.TTF', 'GILC____.TTF', 'GILI____.TTF', 'GILLUBCD.TTF', 'GILSANUB.TTF', 'GIL_____.TTF', 'GLECB.TTF', 'GlobalMonospace.CompositeFont', 'GlobalSansSerif.CompositeFont', 'GlobalSerif.CompositeFont', 'GlobalUserInterface.CompositeFont', 'GLSNECB.TTF', 'GOTHIC.TTF', 'GOTHICB.TTF', 'GOTHICBI.TTF', 'GOTHICI.TTF', 'GOUDOS.TTF', 'GOUDOSB.TTF', 'GOUDOSI.TTF', 'GOUDYSTO.TTF', 'h8514fix.fon', 'h8514oem.fon', 'h8514sys.fon', 'HARLOWSI.TTF', 'HARNGTON.TTF', 'HATTEN.TTF', 'HGB1X_CNKI.ttf', 'HGB1_CNKI.ttf', 'HGB2X_CNKI.ttf', 'HGB2_CNKI.ttf', 'HGB3X_CNKI.ttf', 'HGB3_CNKI.ttf', 'HGB4X_CNKI.ttf', 'HGB4_CNKI.ttf', 'HGB5X_CNKI.ttf', 'HGB5_CNKI.ttf', 'HGB6X_CNKI.ttf', 'HGB6_CNKI.ttf', 'HGB7X_CNKI.ttf', 'HGB7_CNKI.ttf', 'HGB8X_CNKI.ttf', 'HGB8_CNKI.ttf', 'HGBD_CNKI.ttf', 'HGBKBX_CNKI.ttf', 'HGBKB_CNKI.ttf', 'HGBKHX_CNKI.ttf', 'HGBKH_CNKI.ttf', 'HGBS1_CNKI.TTF', 'HGBS2_CNKI.TTF', 'HGBS_CNKI.TTF', 'HGBTH_CNKI.TTF', 'HGBTS_CNKI.TTF', 'HGBX_CNKI.ttf', 'HGBZ_CNKI.ttf', 'HGCH_CNKI.TTF', 'HGCUH_CNKI.TTF', 'HGCY_CNKI.TTF', 'HGDBS_CNKI.TTF', 'HGDGY_CNKI.TTF', 'HGDH2_CNKI.TTF', 'HGDH_CNKI.TTF', 'HGDYS_CNKI.TTF', 'HGDY_CNKI.ttf', 'HGF1X_CNKI.ttf', 'HGF1_CNKI.ttf', 'HGF2X_CNKI.ttf', 'HGF2_CNKI.ttf', 'HGF3_CNKI.ttf', 'HGF4X_CNKI.ttf', 'HGF4_CNKI.ttf', 'HGF5X_CNKI.ttf', 'HGF5_CNKI.ttf', 'HGF6X_CNKI.ttf', 'HGF6_CNKI.ttf', 'HGF7X_CNKI.ttf', 'HGF7_CNKI.ttf', 'HGF8_CNKI.ttf', 'HGF9X_CNKI.ttf', 'HGF9_CNKI.ttf', 'HGFS1_CNKI.TTF', 'HGFS2_CNKI.TTF', 'HGFSH_CNKI.TTF', 'HGFS_CNKI.TTF', 'HGFX_CNKI.ttf', 'HGFZ_CNKI.ttf', 'HGGG_CNKI.TTF', 'HGH1X_CNKI.ttf', 'HGH1_CNKI.ttf', 'HGH2X_CNKI.ttf', 'HGH2_CNKI.ttf', 'HGH3X_CNKI.ttf', 'HGH3_CNKI.ttf', 'HGH4X_CNKI.ttf', 'HGH4_CNKI.ttf', 'HGH5X_CNKI.ttf', 'HGH5_CNKI.ttf', 'HGH6X_CNKI.ttf', 'HGH6_CNKI.ttf', 'HGH7X_CNKI.ttf', 'HGH7_CNKI.ttf', 'HGHB_CNKI.TTF', 'HGHD_CNKI.ttf', 'HGHP_CNKI.TTF', 'HGHT1_CNKI.ttf', 'HGHT2_CNKI.ttf', 'HGHUATI_CNKI.ttf', 'HGHX_CNKI.ttf', 'HGHZ_CNKI.ttf', 'HGH_CNKI.TTF', 'HGKT1_CNKI.TTF', 'HGKT2_CNKI.TTF', 'HGKT_CNKI.TTF', 'HGKY_CNKI.ttf', 'HGLB_CNKI.TTF', 'HGLS_CNKI.TTF', 'HGMH_CNKI.TTF', 'HGNBS_CNKI.ttf', 'HGOCR_CNKI.ttf', 'HGPH_CNKI.TTF', 'HGPTY_CNKI.TTF', 'HGSS1_CNKI.TTF', 'HGSS2_CNKI.TTF', 'HGSS_CNKI.TTF', 'HGSXT_CNKI.ttf', 'HGTT_CNKI.ttf', 'HGTX_CNKI.TTF', 'HGWT_CNKI.TTF', 'HGWYS_CNKI.TTF', 'HGX1X_CNKI.ttf', 'HGX1_CNKI.ttf', 'HGXBS_CNKI.TTF', 'HGXC_CNKI.TTF', 'HGXF1_CNKI.ttf', 'HGXFX_CNKI.ttf', 'HGXFZ_CNKI.ttf', 'HGXH1_CNKI.TTF', 'HGXH_CNKI.TTF', 'HGXK_CNKI.TTF', 'HGXL_CNKI.TTF', 'HGXS_CNKI.TTF', 'HGXT_CNKI.ttf', 'HGXY_CNKI.ttf', 'HGY1_CNKI.TTF', 'HGY2_CNKI.TTF', 'HGY3_CNKI.TTF', 'HGY4_CNKI.TTF', 'HGYB_CNKI.ttf', 'HGYT1_CNKI.ttf', 'HGYT2_CNKI.ttf', 'HGYT_CNKI.TTF', 'HGYX_CNKI.TTF', 'HGZCS_CNKI.TTF', 'HGZDX_CNKI.TTF', 'HGZK_CNKI.TTF', 'HGZYT_CNKI.TTF', 'HGZY_CNKI.TTF', 'himalaya.ttf', 'holomdl2.ttf', 'HTOWERT.TTF', 'HTOWERTI.TTF', 'hvgafix.fon', 'hvgasys.fon', 'impact.ttf', 'IMPRISHA.TTF', 'INFROMAN.TTF', 'Inkfree.ttf', 'iqiyi_logov7.ttf', 'ITCBLKAD.TTF', 'ITCEDSCR.TTF', 'ITCKRIST.TTF', 'j8514fix.fon', 'j8514oem.fon', 'j8514sys.fon', 'javatext.ttf', 'JOKERMAN.TTF', 'jsmalle.fon', 'jsmallf.fon', 'JUICE___.TTF', 'jvgafix.fon', 'jvgasys.fon', 'KUNSTLER.TTF', 'LATINWD.TTF', 'LBRITE.TTF', 'LBRITED.TTF', 'LBRITEDI.TTF', 'LBRITEI.TTF', 'LCALLIG.TTF', 'LeelaUIb.ttf', 'LeelawUI.ttf', 'LeelUIsl.ttf', 'LFAX.TTF', 'LFAXD.TTF', 'LFAXDI.TTF', 'LFAXI.TTF', 'LHANDW.TTF', 'LSANS.TTF', 'LSANSD.TTF', 'LSANSDI.TTF', 'LSANSI.TTF', 'LTYPE.TTF', 'LTYPEB.TTF', 'LTYPEBO.TTF', 'LTYPEO.TTF', 'lucon.ttf', 'l_10646.ttf', 'MAGNETOB.TTF', 'MAIAN.TTF', 'malgun.ttf', 'malgunbd.ttf', 'malgunsl.ttf', 'marlett.ttf', 'MATURASC.TTF', 'micross.ttf', 'mingliub.ttc', 'MISTRAL.TTF', 'mmrtext.ttf', 'mmrtextb.ttf', 'MOD20.TTF', 'modern.fon', 'monbaiti.ttf', 'msgothic.ttc', 'msjh.ttc', 'msjhbd.ttc', 'msjhl.ttc', 'msyh.ttc', 'msyhbd.ttc', 'msyhl.ttc', 'msyi.ttf', 'MTCORSVA.TTF', 'MTEXTRA.TTF', 'mvboli.ttf', 'NIAGENG.TTF', 'NIAGSOL.TTF', 'Nirmala.ttf', 'NirmalaB.ttf', 'NirmalaS.ttf', 'ntailu.ttf', 'ntailub.ttf', 'NumberOnly.ttf', 'OCRAEXT.TTF', 'OLDENGL.TTF', 'ONYX.TTF', 'OUTLOOK.TTF', 'pala.ttf', 'palab.ttf', 'palabi.ttf', 'palai.ttf', 'PALSCRI.TTF', 'PAPYRUS.TTF', 'PARCHM.TTF', 'PERBI___.TTF', 'PERB____.TTF', 'PERI____.TTF', 'PERTIBD.TTF', 'PERTILI.TTF', 'PER_____.TTF', 'phagspa.ttf', 'phagspab.ttf', 'PLAYBILL.TTF', 'POORICH.TTF', 'PRISTINA.TTF', 'RAGE.TTF', 'RAVIE.TTF', 'REFSAN.TTF', 'REFSPCL.TTF', 'ROCCB___.TTF', 'ROCC____.TTF', 'ROCK.TTF', 'ROCKB.TTF', 'ROCKBI.TTF', 'ROCKEB.TTF', 'ROCKI.TTF', 'roman.fon', 's8514fix.fon', 's8514oem.fon', 's8514sys.fon', 'SCHLBKB.TTF', 'SCHLBKBI.TTF', 'SCHLBKI.TTF', 'script.fon', 'SCRIPTBL.TTF', 'segmdl2.ttf', 'SegoeIcons.ttf', 'segoepr.ttf', 'segoeprb.ttf', 'segoesc.ttf', 'segoescb.ttf', 'segoeui.ttf', 'segoeuib.ttf', 'segoeuii.ttf', 'segoeuil.ttf', 'segoeuisl.ttf', 'segoeuiz.ttf', 'seguibl.ttf', 'seguibli.ttf', 'seguiemj.ttf', 'seguihis.ttf', 'seguili.ttf', 'seguisb.ttf', 'seguisbi.ttf', 'seguisli.ttf', 'seguisym.ttf', 'SegUIVar.ttf', 'sere1255.fon', 'sere1256.fon', 'sere1257.fon', 'serf1255.fon', 'serf1256.fon', 'serf1257.fon', 'serife.fon', 'serifee.fon', 'serifeg.fon', 'serifer.fon', 'serifet.fon', 'seriff.fon', 'seriffe.fon', 'seriffg.fon', 'seriffr.fon', 'serifft.fon', 'SHOWG.TTF', 'simfang.ttf', 'simhei.ttf', 'simkai.ttf', 'SIMLI.TTF', 'simsun.ttc', 'simsunb.ttf', 'SIMYOU.TTF', 'SitkaVF-Italic.ttf', 'SitkaVF.ttf', 'smae1255.fon', 'smae1256.fon', 'smae1257.fon', 'smaf1255.fon', 'smaf1256.fon', 'smaf1257.fon', 'smalle.fon', 'smallee.fon', 'smalleg.fon', 'smaller.fon', 'smallet.fon', 'smallf.fon', 'smallfe.fon', 'smallfg.fon', 'smallfr.fon', 'smallft.fon', 'SNAP____.TTF', 'ssee1255.fon', 'ssee1256.fon', 'ssee1257.fon', 'ssee874.fon', 'ssef1255.fon', 'ssef1256.fon', 'ssef1257.fon', 'ssef874.fon', 'sserife.fon', 'sserifee.fon', 'sserifeg.fon', 'sserifer.fon', 'sserifet.fon', 'sseriff.fon', 'sseriffe.fon', 'sseriffg.fon', 'sseriffr.fon', 'sserifft.fon', 'StaticCache.dat', 'STCAIYUN.TTF', 'STENCIL.TTF', 'STFANGSO.TTF', 'STHUPO.TTF', 'STKAITI.TTF', 'STLITI.TTF', 'STSONG.TTF', 'STXIHEI.TTF', 'STXINGKA.TTF', 'STXINWEI.TTF', 'STZHONGS.TTF', 'svgafix.fon', 'svgasys.fon', 'sylfaen.ttf', 'symbol.ttf', 'tahoma.ttf', 'tahomabd.ttf', 'taile.ttf', 'taileb.ttf', 'TCBI____.TTF', 'TCB_____.TTF', 'TCCB____.TTF', 'TCCEB.TTF', 'TCCM____.TTF', 'TCMI____.TTF', 'TCM_____.TTF', 'TEMPSITC.TTF', 'times.ttf', 'timesbd.ttf', 'timesbi.ttf', 'timesi.ttf', 'trebuc.ttf', 'trebucbd.ttf', 'trebucbi.ttf', 'trebucit.ttf', 'verdana.ttf', 'verdanab.ttf', 'verdanai.ttf', 'verdanaz.ttf', 'vga737.fon', 'vga775.fon', 'vga850.fon', 'vga852.fon', 'vga855.fon', 'vga857.fon', 'vga860.fon', 'vga861.fon', 'vga863.fon', 'vga865.fon', 'vga866.fon', 'vga869.fon', 'vga932.fon', 'vga936.fon', 'vga949.fon', 'vga950.fon', 'vgaf1255.fon', 'vgaf1256.fon', 'vgaf1257.fon', 'vgaf874.fon', 'vgafix.fon', 'vgafixe.fon', 'vgafixg.fon', 'vgafixr.fon', 'vgafixt.fon', 'vgaoem.fon', 'vgas1255.fon', 'vgas1256.fon', 'vgas1257.fon', 'vgas874.fon', 'vgasys.fon', 'vgasyse.fon', 'vgasysg.fon', 'vgasysr.fon', 'vgasyst.fon', 'VINERITC.TTF', 'VIVALDII.TTF', 'VLADIMIR.TTF', 'webdings.ttf', 'wingding.ttf', 'WINGDNG2.TTF', 'WINGDNG3.TTF', 'YuGothB.ttc', 'YuGothL.ttc', 'YuGothM.ttc', 'YuGothR.ttc', '\u534e\u5eb7\u65b9\u5706\u4f53W7.TTC', '\u65b9\u6b63\u7c97\u9ed1\u5b8b\u7b80\u4f53.ttf']
2023-09-27 15:58:49,318 - INFO - all fonts installed:['8514fix.fon', '8514fixe.fon', '8514fixg.fon', '8514fixr.fon', '8514fixt.fon', '8514oem.fon', '8514oeme.fon', '8514oemg.fon', '8514oemr.fon', '8514oemt.fon', '8514sys.fon', '8514syse.fon', '8514sysg.fon', '8514sysr.fon', '8514syst.fon', '85775.fon', '85855.fon', '85f1255.fon', '85f1256.fon', '85f1257.fon', '85f874.fon', '85s1255.fon', '85s1256.fon', '85s1257.fon', '85s874.fon', 'AGENCYB.TTF', 'AGENCYR.TTF', 'ALGER.TTF', 'ANTQUAB.TTF', 'ANTQUABI.TTF', 'ANTQUAI.TTF', 'app775.fon', 'app850.fon', 'app852.fon', 'app855.fon', 'app857.fon', 'app866.fon', 'app932.fon', 'app936.fon', 'app949.fon', 'app950.fon', 'arial.ttf', 'arialbd.ttf', 'arialbi.ttf', 'ariali.ttf', 'ARIALN.TTF', 'ARIALNB.TTF', 'ARIALNBI.TTF', 'ARIALNI.TTF', 'ariblk.ttf', 'ARLRDBD.TTF', 'AxureHandwriting-Bold.otf', 'AxureHandwriting-BoldItalic.otf', 'AxureHandwriting-Italic.otf', 'AxureHandwriting.otf', 'bahnschrift.ttf', 'BASKVILL.TTF', 'BAUHS93.TTF', 'BELL.TTF', 'BELLB.TTF', 'BELLI.TTF', 'BERNHC.TTF', 'BKANT.TTF', 'BOD_B.TTF', 'BOD_BI.TTF', 'BOD_BLAI.TTF', 'BOD_BLAR.TTF', 'BOD_CB.TTF', 'BOD_CBI.TTF', 'BOD_CI.TTF', 'BOD_CR.TTF', 'BOD_I.TTF', 'BOD_PSTC.TTF', 'BOD_R.TTF', 'BOOKOS.TTF', 'BOOKOSB.TTF', 'BOOKOSBI.TTF', 'BOOKOSI.TTF', 'BRADHITC.TTF', 'BRITANIC.TTF', 'BRLNSB.TTF', 'BRLNSDB.TTF', 'BRLNSR.TTF', 'BROADW.TTF', 'BRUSHSCI.TTF', 'BSSYM7.TTF', 'c8514fix.fon', 'c8514oem.fon', 'c8514sys.fon', 'calibri.ttf', 'calibrib.ttf', 'calibrii.ttf', 'calibril.ttf', 'calibrili.ttf', 'calibriz.ttf', 'CALIFB.TTF', 'CALIFI.TTF', 'CALIFR.TTF', 'CALIST.TTF', 'CALISTB.TTF', 'CALISTBI.TTF', 'CALISTI.TTF', 'cambria.ttc', 'cambriab.ttf', 'cambriai.ttf', 'cambriaz.ttf', 'Candara.ttf', 'Candarab.ttf', 'Candarai.ttf', 'Candaral.ttf', 'Candarali.ttf', 'Candaraz.ttf', 'CascadiaCode.ttf', 'CascadiaMono.ttf', 'CASTELAR.TTF', 'CENSCBK.TTF', 'CENTAUR.TTF', 'CENTURY.TTF', 'cga40737.fon', 'cga40850.fon', 'cga40852.fon', 'cga40857.fon', 'cga40866.fon', 'cga40869.fon', 'cga40woa.fon', 'cga80737.fon', 'cga80850.fon', 'cga80852.fon', 'cga80857.fon', 'cga80866.fon', 'cga80869.fon', 'cga80woa.fon', 'CHILLER.TTF', 'COLONNA.TTF', 'comic.ttf', 'comicbd.ttf', 'comici.ttf', 'comicz.ttf', 'consola.ttf', 'consolab.ttf', 'consolai.ttf', 'consolaz.ttf', 'constan.ttf', 'constanb.ttf', 'constani.ttf', 'constanz.ttf', 'COOPBL.TTF', 'COPRGTB.TTF', 'COPRGTL.TTF', 'corbel.ttf', 'corbelb.ttf', 'corbeli.ttf', 'corbell.ttf', 'corbelli.ttf', 'corbelz.ttf', 'coue1255.fon', 'coue1256.fon', 'coue1257.fon', 'couf1255.fon', 'couf1256.fon', 'couf1257.fon', 'cour.ttf', 'courbd.ttf', 'courbi.ttf', 'coure.fon', 'couree.fon', 'coureg.fon', 'courer.fon', 'couret.fon', 'courf.fon', 'courfe.fon', 'courfg.fon', 'courfr.fon', 'courft.fon', 'couri.ttf', 'CURLZ___.TTF', 'cvgafix.fon', 'cvgasys.fon', 'Deng.ttf', 'Dengb.ttf', 'Dengl.ttf', 'desktop.ini', 'dos737.fon', 'dos869.fon', 'dosapp.fon', 'DUBAI-BOLD.TTF', 'DUBAI-LIGHT.TTF', 'DUBAI-MEDIUM.TTF', 'DUBAI-REGULAR.TTF', 'ebrima.ttf', 'ebrimabd.ttf', 'ega40737.fon', 'ega40850.fon', 'ega40852.fon', 'ega40857.fon', 'ega40866.fon', 'ega40869.fon', 'ega40woa.fon', 'ega80737.fon', 'ega80850.fon', 'ega80852.fon', 'ega80857.fon', 'ega80866.fon', 'ega80869.fon', 'ega80woa.fon', 'ELEPHNT.TTF', 'ELEPHNTI.TTF', 'ENGR.TTF', 'ERASBD.TTF', 'ERASDEMI.TTF', 'ERASLGHT.TTF', 'ERASMD.TTF', 'FELIXTI.TTF', 'fms_metadata.xml', 'FORTE.TTF', 'FRABK.TTF', 'FRABKIT.TTF', 'FRADM.TTF', 'FRADMCN.TTF', 'FRADMIT.TTF', 'FRAHV.TTF', 'FRAHVIT.TTF', 'framd.ttf', 'FRAMDCN.TTF', 'framdit.ttf', 'FREESCPT.TTF', 'FRSCRIPT.TTF', 'FTLTLT.TTF', 'FZSTK.TTF', 'FZYTK.TTF', 'Gabriola.ttf', 'gadugi.ttf', 'gadugib.ttf', 'GARA.TTF', 'GARABD.TTF', 'GARAIT.TTF', 'georgia.ttf', 'georgiab.ttf', 'georgiai.ttf', 'georgiaz.ttf', 'GIGI.TTF', 'GILBI___.TTF', 'GILB____.TTF', 'GILC____.TTF', 'GILI____.TTF', 'GILLUBCD.TTF', 'GILSANUB.TTF', 'GIL_____.TTF', 'GLECB.TTF', 'GlobalMonospace.CompositeFont', 'GlobalSansSerif.CompositeFont', 'GlobalSerif.CompositeFont', 'GlobalUserInterface.CompositeFont', 'GLSNECB.TTF', 'GOTHIC.TTF', 'GOTHICB.TTF', 'GOTHICBI.TTF', 'GOTHICI.TTF', 'GOUDOS.TTF', 'GOUDOSB.TTF', 'GOUDOSI.TTF', 'GOUDYSTO.TTF', 'h8514fix.fon', 'h8514oem.fon', 'h8514sys.fon', 'HARLOWSI.TTF', 'HARNGTON.TTF', 'HATTEN.TTF', 'HGB1X_CNKI.ttf', 'HGB1_CNKI.ttf', 'HGB2X_CNKI.ttf', 'HGB2_CNKI.ttf', 'HGB3X_CNKI.ttf', 'HGB3_CNKI.ttf', 'HGB4X_CNKI.ttf', 'HGB4_CNKI.ttf', 'HGB5X_CNKI.ttf', 'HGB5_CNKI.ttf', 'HGB6X_CNKI.ttf', 'HGB6_CNKI.ttf', 'HGB7X_CNKI.ttf', 'HGB7_CNKI.ttf', 'HGB8X_CNKI.ttf', 'HGB8_CNKI.ttf', 'HGBD_CNKI.ttf', 'HGBKBX_CNKI.ttf', 'HGBKB_CNKI.ttf', 'HGBKHX_CNKI.ttf', 'HGBKH_CNKI.ttf', 'HGBS1_CNKI.TTF', 'HGBS2_CNKI.TTF', 'HGBS_CNKI.TTF', 'HGBTH_CNKI.TTF', 'HGBTS_CNKI.TTF', 'HGBX_CNKI.ttf', 'HGBZ_CNKI.ttf', 'HGCH_CNKI.TTF', 'HGCUH_CNKI.TTF', 'HGCY_CNKI.TTF', 'HGDBS_CNKI.TTF', 'HGDGY_CNKI.TTF', 'HGDH2_CNKI.TTF', 'HGDH_CNKI.TTF', 'HGDYS_CNKI.TTF', 'HGDY_CNKI.ttf', 'HGF1X_CNKI.ttf', 'HGF1_CNKI.ttf', 'HGF2X_CNKI.ttf', 'HGF2_CNKI.ttf', 'HGF3_CNKI.ttf', 'HGF4X_CNKI.ttf', 'HGF4_CNKI.ttf', 'HGF5X_CNKI.ttf', 'HGF5_CNKI.ttf', 'HGF6X_CNKI.ttf', 'HGF6_CNKI.ttf', 'HGF7X_CNKI.ttf', 'HGF7_CNKI.ttf', 'HGF8_CNKI.ttf', 'HGF9X_CNKI.ttf', 'HGF9_CNKI.ttf', 'HGFS1_CNKI.TTF', 'HGFS2_CNKI.TTF', 'HGFSH_CNKI.TTF', 'HGFS_CNKI.TTF', 'HGFX_CNKI.ttf', 'HGFZ_CNKI.ttf', 'HGGG_CNKI.TTF', 'HGH1X_CNKI.ttf', 'HGH1_CNKI.ttf', 'HGH2X_CNKI.ttf', 'HGH2_CNKI.ttf', 'HGH3X_CNKI.ttf', 'HGH3_CNKI.ttf', 'HGH4X_CNKI.ttf', 'HGH4_CNKI.ttf', 'HGH5X_CNKI.ttf', 'HGH5_CNKI.ttf', 'HGH6X_CNKI.ttf', 'HGH6_CNKI.ttf', 'HGH7X_CNKI.ttf', 'HGH7_CNKI.ttf', 'HGHB_CNKI.TTF', 'HGHD_CNKI.ttf', 'HGHP_CNKI.TTF', 'HGHT1_CNKI.ttf', 'HGHT2_CNKI.ttf', 'HGHUATI_CNKI.ttf', 'HGHX_CNKI.ttf', 'HGHZ_CNKI.ttf', 'HGH_CNKI.TTF', 'HGKT1_CNKI.TTF', 'HGKT2_CNKI.TTF', 'HGKT_CNKI.TTF', 'HGKY_CNKI.ttf', 'HGLB_CNKI.TTF', 'HGLS_CNKI.TTF', 'HGMH_CNKI.TTF', 'HGNBS_CNKI.ttf', 'HGOCR_CNKI.ttf', 'HGPH_CNKI.TTF', 'HGPTY_CNKI.TTF', 'HGSS1_CNKI.TTF', 'HGSS2_CNKI.TTF', 'HGSS_CNKI.TTF', 'HGSXT_CNKI.ttf', 'HGTT_CNKI.ttf', 'HGTX_CNKI.TTF', 'HGWT_CNKI.TTF', 'HGWYS_CNKI.TTF', 'HGX1X_CNKI.ttf', 'HGX1_CNKI.ttf', 'HGXBS_CNKI.TTF', 'HGXC_CNKI.TTF', 'HGXF1_CNKI.ttf', 'HGXFX_CNKI.ttf', 'HGXFZ_CNKI.ttf', 'HGXH1_CNKI.TTF', 'HGXH_CNKI.TTF', 'HGXK_CNKI.TTF', 'HGXL_CNKI.TTF', 'HGXS_CNKI.TTF', 'HGXT_CNKI.ttf', 'HGXY_CNKI.ttf', 'HGY1_CNKI.TTF', 'HGY2_CNKI.TTF', 'HGY3_CNKI.TTF', 'HGY4_CNKI.TTF', 'HGYB_CNKI.ttf', 'HGYT1_CNKI.ttf', 'HGYT2_CNKI.ttf', 'HGYT_CNKI.TTF', 'HGYX_CNKI.TTF', 'HGZCS_CNKI.TTF', 'HGZDX_CNKI.TTF', 'HGZK_CNKI.TTF', 'HGZYT_CNKI.TTF', 'HGZY_CNKI.TTF', 'himalaya.ttf', 'holomdl2.ttf', 'HTOWERT.TTF', 'HTOWERTI.TTF', 'hvgafix.fon', 'hvgasys.fon', 'impact.ttf', 'IMPRISHA.TTF', 'INFROMAN.TTF', 'Inkfree.ttf', 'iqiyi_logov7.ttf', 'ITCBLKAD.TTF', 'ITCEDSCR.TTF', 'ITCKRIST.TTF', 'j8514fix.fon', 'j8514oem.fon', 'j8514sys.fon', 'javatext.ttf', 'JOKERMAN.TTF', 'jsmalle.fon', 'jsmallf.fon', 'JUICE___.TTF', 'jvgafix.fon', 'jvgasys.fon', 'KUNSTLER.TTF', 'LATINWD.TTF', 'LBRITE.TTF', 'LBRITED.TTF', 'LBRITEDI.TTF', 'LBRITEI.TTF', 'LCALLIG.TTF', 'LeelaUIb.ttf', 'LeelawUI.ttf', 'LeelUIsl.ttf', 'LFAX.TTF', 'LFAXD.TTF', 'LFAXDI.TTF', 'LFAXI.TTF', 'LHANDW.TTF', 'LSANS.TTF', 'LSANSD.TTF', 'LSANSDI.TTF', 'LSANSI.TTF', 'LTYPE.TTF', 'LTYPEB.TTF', 'LTYPEBO.TTF', 'LTYPEO.TTF', 'lucon.ttf', 'l_10646.ttf', 'MAGNETOB.TTF', 'MAIAN.TTF', 'malgun.ttf', 'malgunbd.ttf', 'malgunsl.ttf', 'marlett.ttf', 'MATURASC.TTF', 'micross.ttf', 'mingliub.ttc', 'MISTRAL.TTF', 'mmrtext.ttf', 'mmrtextb.ttf', 'MOD20.TTF', 'modern.fon', 'monbaiti.ttf', 'msgothic.ttc', 'msjh.ttc', 'msjhbd.ttc', 'msjhl.ttc', 'msyh.ttc', 'msyhbd.ttc', 'msyhl.ttc', 'msyi.ttf', 'MTCORSVA.TTF', 'MTEXTRA.TTF', 'mvboli.ttf', 'NIAGENG.TTF', 'NIAGSOL.TTF', 'Nirmala.ttf', 'NirmalaB.ttf', 'NirmalaS.ttf', 'ntailu.ttf', 'ntailub.ttf', 'NumberOnly.ttf', 'OCRAEXT.TTF', 'OLDENGL.TTF', 'ONYX.TTF', 'OUTLOOK.TTF', 'pala.ttf', 'palab.ttf', 'palabi.ttf', 'palai.ttf', 'PALSCRI.TTF', 'PAPYRUS.TTF', 'PARCHM.TTF', 'PERBI___.TTF', 'PERB____.TTF', 'PERI____.TTF', 'PERTIBD.TTF', 'PERTILI.TTF', 'PER_____.TTF', 'phagspa.ttf', 'phagspab.ttf', 'PLAYBILL.TTF', 'POORICH.TTF', 'PRISTINA.TTF', 'RAGE.TTF', 'RAVIE.TTF', 'REFSAN.TTF', 'REFSPCL.TTF', 'ROCCB___.TTF', 'ROCC____.TTF', 'ROCK.TTF', 'ROCKB.TTF', 'ROCKBI.TTF', 'ROCKEB.TTF', 'ROCKI.TTF', 'roman.fon', 's8514fix.fon', 's8514oem.fon', 's8514sys.fon', 'SCHLBKB.TTF', 'SCHLBKBI.TTF', 'SCHLBKI.TTF', 'script.fon', 'SCRIPTBL.TTF', 'segmdl2.ttf', 'SegoeIcons.ttf', 'segoepr.ttf', 'segoeprb.ttf', 'segoesc.ttf', 'segoescb.ttf', 'segoeui.ttf', 'segoeuib.ttf', 'segoeuii.ttf', 'segoeuil.ttf', 'segoeuisl.ttf', 'segoeuiz.ttf', 'seguibl.ttf', 'seguibli.ttf', 'seguiemj.ttf', 'seguihis.ttf', 'seguili.ttf', 'seguisb.ttf', 'seguisbi.ttf', 'seguisli.ttf', 'seguisym.ttf', 'SegUIVar.ttf', 'sere1255.fon', 'sere1256.fon', 'sere1257.fon', 'serf1255.fon', 'serf1256.fon', 'serf1257.fon', 'serife.fon', 'serifee.fon', 'serifeg.fon', 'serifer.fon', 'serifet.fon', 'seriff.fon', 'seriffe.fon', 'seriffg.fon', 'seriffr.fon', 'serifft.fon', 'SHOWG.TTF', 'simfang.ttf', 'simhei.ttf', 'simkai.ttf', 'SIMLI.TTF', 'simsun.ttc', 'simsunb.ttf', 'SIMYOU.TTF', 'SitkaVF-Italic.ttf', 'SitkaVF.ttf', 'smae1255.fon', 'smae1256.fon', 'smae1257.fon', 'smaf1255.fon', 'smaf1256.fon', 'smaf1257.fon', 'smalle.fon', 'smallee.fon', 'smalleg.fon', 'smaller.fon', 'smallet.fon', 'smallf.fon', 'smallfe.fon', 'smallfg.fon', 'smallfr.fon', 'smallft.fon', 'SNAP____.TTF', 'ssee1255.fon', 'ssee1256.fon', 'ssee1257.fon', 'ssee874.fon', 'ssef1255.fon', 'ssef1256.fon', 'ssef1257.fon', 'ssef874.fon', 'sserife.fon', 'sserifee.fon', 'sserifeg.fon', 'sserifer.fon', 'sserifet.fon', 'sseriff.fon', 'sseriffe.fon', 'sseriffg.fon', 'sseriffr.fon', 'sserifft.fon', 'StaticCache.dat', 'STCAIYUN.TTF', 'STENCIL.TTF', 'STFANGSO.TTF', 'STHUPO.TTF', 'STKAITI.TTF', 'STLITI.TTF', 'STSONG.TTF', 'STXIHEI.TTF', 'STXINGKA.TTF', 'STXINWEI.TTF', 'STZHONGS.TTF', 'svgafix.fon', 'svgasys.fon', 'sylfaen.ttf', 'symbol.ttf', 'tahoma.ttf', 'tahomabd.ttf', 'taile.ttf', 'taileb.ttf', 'TCBI____.TTF', 'TCB_____.TTF', 'TCCB____.TTF', 'TCCEB.TTF', 'TCCM____.TTF', 'TCMI____.TTF', 'TCM_____.TTF', 'TEMPSITC.TTF', 'times.ttf', 'timesbd.ttf', 'timesbi.ttf', 'timesi.ttf', 'trebuc.ttf', 'trebucbd.ttf', 'trebucbi.ttf', 'trebucit.ttf', 'verdana.ttf', 'verdanab.ttf', 'verdanai.ttf', 'verdanaz.ttf', 'vga737.fon', 'vga775.fon', 'vga850.fon', 'vga852.fon', 'vga855.fon', 'vga857.fon', 'vga860.fon', 'vga861.fon', 'vga863.fon', 'vga865.fon', 'vga866.fon', 'vga869.fon', 'vga932.fon', 'vga936.fon', 'vga949.fon', 'vga950.fon', 'vgaf1255.fon', 'vgaf1256.fon', 'vgaf1257.fon', 'vgaf874.fon', 'vgafix.fon', 'vgafixe.fon', 'vgafixg.fon', 'vgafixr.fon', 'vgafixt.fon', 'vgaoem.fon', 'vgas1255.fon', 'vgas1256.fon', 'vgas1257.fon', 'vgas874.fon', 'vgasys.fon', 'vgasyse.fon', 'vgasysg.fon', 'vgasysr.fon', 'vgasyst.fon', 'VINERITC.TTF', 'VIVALDII.TTF', 'VLADIMIR.TTF', 'webdings.ttf', 'wingding.ttf', 'WINGDNG2.TTF', 'WINGDNG3.TTF', 'YuGothB.ttc', 'YuGothL.ttc', 'YuGothM.ttc', 'YuGothR.ttc', '\u534e\u5eb7\u65b9\u5706\u4f53W7.TTC', '\u65b9\u6b63\u7c97\u9ed1\u5b8b\u7b80\u4f53.ttf']
2023-09-27 15:58:49,323 - INFO - all fonts installed:['8514fix.fon', '8514fixe.fon', '8514fixg.fon', '8514fixr.fon', '8514fixt.fon', '8514oem.fon', '8514oeme.fon', '8514oemg.fon', '8514oemr.fon', '8514oemt.fon', '8514sys.fon', '8514syse.fon', '8514sysg.fon', '8514sysr.fon', '8514syst.fon', '85775.fon', '85855.fon', '85f1255.fon', '85f1256.fon', '85f1257.fon', '85f874.fon', '85s1255.fon', '85s1256.fon', '85s1257.fon', '85s874.fon', 'AGENCYB.TTF', 'AGENCYR.TTF', 'ALGER.TTF', 'ANTQUAB.TTF', 'ANTQUABI.TTF', 'ANTQUAI.TTF', 'app775.fon', 'app850.fon', 'app852.fon', 'app855.fon', 'app857.fon', 'app866.fon', 'app932.fon', 'app936.fon', 'app949.fon', 'app950.fon', 'arial.ttf', 'arialbd.ttf', 'arialbi.ttf', 'ariali.ttf', 'ARIALN.TTF', 'ARIALNB.TTF', 'ARIALNBI.TTF', 'ARIALNI.TTF', 'ariblk.ttf', 'ARLRDBD.TTF', 'AxureHandwriting-Bold.otf', 'AxureHandwriting-BoldItalic.otf', 'AxureHandwriting-Italic.otf', 'AxureHandwriting.otf', 'bahnschrift.ttf', 'BASKVILL.TTF', 'BAUHS93.TTF', 'BELL.TTF', 'BELLB.TTF', 'BELLI.TTF', 'BERNHC.TTF', 'BKANT.TTF', 'BOD_B.TTF', 'BOD_BI.TTF', 'BOD_BLAI.TTF', 'BOD_BLAR.TTF', 'BOD_CB.TTF', 'BOD_CBI.TTF', 'BOD_CI.TTF', 'BOD_CR.TTF', 'BOD_I.TTF', 'BOD_PSTC.TTF', 'BOD_R.TTF', 'BOOKOS.TTF', 'BOOKOSB.TTF', 'BOOKOSBI.TTF', 'BOOKOSI.TTF', 'BRADHITC.TTF', 'BRITANIC.TTF', 'BRLNSB.TTF', 'BRLNSDB.TTF', 'BRLNSR.TTF', 'BROADW.TTF', 'BRUSHSCI.TTF', 'BSSYM7.TTF', 'c8514fix.fon', 'c8514oem.fon', 'c8514sys.fon', 'calibri.ttf', 'calibrib.ttf', 'calibrii.ttf', 'calibril.ttf', 'calibrili.ttf', 'calibriz.ttf', 'CALIFB.TTF', 'CALIFI.TTF', 'CALIFR.TTF', 'CALIST.TTF', 'CALISTB.TTF', 'CALISTBI.TTF', 'CALISTI.TTF', 'cambria.ttc', 'cambriab.ttf', 'cambriai.ttf', 'cambriaz.ttf', 'Candara.ttf', 'Candarab.ttf', 'Candarai.ttf', 'Candaral.ttf', 'Candarali.ttf', 'Candaraz.ttf', 'CascadiaCode.ttf', 'CascadiaMono.ttf', 'CASTELAR.TTF', 'CENSCBK.TTF', 'CENTAUR.TTF', 'CENTURY.TTF', 'cga40737.fon', 'cga40850.fon', 'cga40852.fon', 'cga40857.fon', 'cga40866.fon', 'cga40869.fon', 'cga40woa.fon', 'cga80737.fon', 'cga80850.fon', 'cga80852.fon', 'cga80857.fon', 'cga80866.fon', 'cga80869.fon', 'cga80woa.fon', 'CHILLER.TTF', 'COLONNA.TTF', 'comic.ttf', 'comicbd.ttf', 'comici.ttf', 'comicz.ttf', 'consola.ttf', 'consolab.ttf', 'consolai.ttf', 'consolaz.ttf', 'constan.ttf', 'constanb.ttf', 'constani.ttf', 'constanz.ttf', 'COOPBL.TTF', 'COPRGTB.TTF', 'COPRGTL.TTF', 'corbel.ttf', 'corbelb.ttf', 'corbeli.ttf', 'corbell.ttf', 'corbelli.ttf', 'corbelz.ttf', 'coue1255.fon', 'coue1256.fon', 'coue1257.fon', 'couf1255.fon', 'couf1256.fon', 'couf1257.fon', 'cour.ttf', 'courbd.ttf', 'courbi.ttf', 'coure.fon', 'couree.fon', 'coureg.fon', 'courer.fon', 'couret.fon', 'courf.fon', 'courfe.fon', 'courfg.fon', 'courfr.fon', 'courft.fon', 'couri.ttf', 'CURLZ___.TTF', 'cvgafix.fon', 'cvgasys.fon', 'Deng.ttf', 'Dengb.ttf', 'Dengl.ttf', 'desktop.ini', 'dos737.fon', 'dos869.fon', 'dosapp.fon', 'DUBAI-BOLD.TTF', 'DUBAI-LIGHT.TTF', 'DUBAI-MEDIUM.TTF', 'DUBAI-REGULAR.TTF', 'ebrima.ttf', 'ebrimabd.ttf', 'ega40737.fon', 'ega40850.fon', 'ega40852.fon', 'ega40857.fon', 'ega40866.fon', 'ega40869.fon', 'ega40woa.fon', 'ega80737.fon', 'ega80850.fon', 'ega80852.fon', 'ega80857.fon', 'ega80866.fon', 'ega80869.fon', 'ega80woa.fon', 'ELEPHNT.TTF', 'ELEPHNTI.TTF', 'ENGR.TTF', 'ERASBD.TTF', 'ERASDEMI.TTF', 'ERASLGHT.TTF', 'ERASMD.TTF', 'FELIXTI.TTF', 'fms_metadata.xml', 'FORTE.TTF', 'FRABK.TTF', 'FRABKIT.TTF', 'FRADM.TTF', 'FRADMCN.TTF', 'FRADMIT.TTF', 'FRAHV.TTF', 'FRAHVIT.TTF', 'framd.ttf', 'FRAMDCN.TTF', 'framdit.ttf', 'FREESCPT.TTF', 'FRSCRIPT.TTF', 'FTLTLT.TTF', 'FZSTK.TTF', 'FZYTK.TTF', 'Gabriola.ttf', 'gadugi.ttf', 'gadugib.ttf', 'GARA.TTF', 'GARABD.TTF', 'GARAIT.TTF', 'georgia.ttf', 'georgiab.ttf', 'georgiai.ttf', 'georgiaz.ttf', 'GIGI.TTF', 'GILBI___.TTF', 'GILB____.TTF', 'GILC____.TTF', 'GILI____.TTF', 'GILLUBCD.TTF', 'GILSANUB.TTF', 'GIL_____.TTF', 'GLECB.TTF', 'GlobalMonospace.CompositeFont', 'GlobalSansSerif.CompositeFont', 'GlobalSerif.CompositeFont', 'GlobalUserInterface.CompositeFont', 'GLSNECB.TTF', 'GOTHIC.TTF', 'GOTHICB.TTF', 'GOTHICBI.TTF', 'GOTHICI.TTF', 'GOUDOS.TTF', 'GOUDOSB.TTF', 'GOUDOSI.TTF', 'GOUDYSTO.TTF', 'h8514fix.fon', 'h8514oem.fon', 'h8514sys.fon', 'HARLOWSI.TTF', 'HARNGTON.TTF', 'HATTEN.TTF', 'HGB1X_CNKI.ttf', 'HGB1_CNKI.ttf', 'HGB2X_CNKI.ttf', 'HGB2_CNKI.ttf', 'HGB3X_CNKI.ttf', 'HGB3_CNKI.ttf', 'HGB4X_CNKI.ttf', 'HGB4_CNKI.ttf', 'HGB5X_CNKI.ttf', 'HGB5_CNKI.ttf', 'HGB6X_CNKI.ttf', 'HGB6_CNKI.ttf', 'HGB7X_CNKI.ttf', 'HGB7_CNKI.ttf', 'HGB8X_CNKI.ttf', 'HGB8_CNKI.ttf', 'HGBD_CNKI.ttf', 'HGBKBX_CNKI.ttf', 'HGBKB_CNKI.ttf', 'HGBKHX_CNKI.ttf', 'HGBKH_CNKI.ttf', 'HGBS1_CNKI.TTF', 'HGBS2_CNKI.TTF', 'HGBS_CNKI.TTF', 'HGBTH_CNKI.TTF', 'HGBTS_CNKI.TTF', 'HGBX_CNKI.ttf', 'HGBZ_CNKI.ttf', 'HGCH_CNKI.TTF', 'HGCUH_CNKI.TTF', 'HGCY_CNKI.TTF', 'HGDBS_CNKI.TTF', 'HGDGY_CNKI.TTF', 'HGDH2_CNKI.TTF', 'HGDH_CNKI.TTF', 'HGDYS_CNKI.TTF', 'HGDY_CNKI.ttf', 'HGF1X_CNKI.ttf', 'HGF1_CNKI.ttf', 'HGF2X_CNKI.ttf', 'HGF2_CNKI.ttf', 'HGF3_CNKI.ttf', 'HGF4X_CNKI.ttf', 'HGF4_CNKI.ttf', 'HGF5X_CNKI.ttf', 'HGF5_CNKI.ttf', 'HGF6X_CNKI.ttf', 'HGF6_CNKI.ttf', 'HGF7X_CNKI.ttf', 'HGF7_CNKI.ttf', 'HGF8_CNKI.ttf', 'HGF9X_CNKI.ttf', 'HGF9_CNKI.ttf', 'HGFS1_CNKI.TTF', 'HGFS2_CNKI.TTF', 'HGFSH_CNKI.TTF', 'HGFS_CNKI.TTF', 'HGFX_CNKI.ttf', 'HGFZ_CNKI.ttf', 'HGGG_CNKI.TTF', 'HGH1X_CNKI.ttf', 'HGH1_CNKI.ttf', 'HGH2X_CNKI.ttf', 'HGH2_CNKI.ttf', 'HGH3X_CNKI.ttf', 'HGH3_CNKI.ttf', 'HGH4X_CNKI.ttf', 'HGH4_CNKI.ttf', 'HGH5X_CNKI.ttf', 'HGH5_CNKI.ttf', 'HGH6X_CNKI.ttf', 'HGH6_CNKI.ttf', 'HGH7X_CNKI.ttf', 'HGH7_CNKI.ttf', 'HGHB_CNKI.TTF', 'HGHD_CNKI.ttf', 'HGHP_CNKI.TTF', 'HGHT1_CNKI.ttf', 'HGHT2_CNKI.ttf', 'HGHUATI_CNKI.ttf', 'HGHX_CNKI.ttf', 'HGHZ_CNKI.ttf', 'HGH_CNKI.TTF', 'HGKT1_CNKI.TTF', 'HGKT2_CNKI.TTF', 'HGKT_CNKI.TTF', 'HGKY_CNKI.ttf', 'HGLB_CNKI.TTF', 'HGLS_CNKI.TTF', 'HGMH_CNKI.TTF', 'HGNBS_CNKI.ttf', 'HGOCR_CNKI.ttf', 'HGPH_CNKI.TTF', 'HGPTY_CNKI.TTF', 'HGSS1_CNKI.TTF', 'HGSS2_CNKI.TTF', 'HGSS_CNKI.TTF', 'HGSXT_CNKI.ttf', 'HGTT_CNKI.ttf', 'HGTX_CNKI.TTF', 'HGWT_CNKI.TTF', 'HGWYS_CNKI.TTF', 'HGX1X_CNKI.ttf', 'HGX1_CNKI.ttf', 'HGXBS_CNKI.TTF', 'HGXC_CNKI.TTF', 'HGXF1_CNKI.ttf', 'HGXFX_CNKI.ttf', 'HGXFZ_CNKI.ttf', 'HGXH1_CNKI.TTF', 'HGXH_CNKI.TTF', 'HGXK_CNKI.TTF', 'HGXL_CNKI.TTF', 'HGXS_CNKI.TTF', 'HGXT_CNKI.ttf', 'HGXY_CNKI.ttf', 'HGY1_CNKI.TTF', 'HGY2_CNKI.TTF', 'HGY3_CNKI.TTF', 'HGY4_CNKI.TTF', 'HGYB_CNKI.ttf', 'HGYT1_CNKI.ttf', 'HGYT2_CNKI.ttf', 'HGYT_CNKI.TTF', 'HGYX_CNKI.TTF', 'HGZCS_CNKI.TTF', 'HGZDX_CNKI.TTF', 'HGZK_CNKI.TTF', 'HGZYT_CNKI.TTF', 'HGZY_CNKI.TTF', 'himalaya.ttf', 'holomdl2.ttf', 'HTOWERT.TTF', 'HTOWERTI.TTF', 'hvgafix.fon', 'hvgasys.fon', 'impact.ttf', 'IMPRISHA.TTF', 'INFROMAN.TTF', 'Inkfree.ttf', 'iqiyi_logov7.ttf', 'ITCBLKAD.TTF', 'ITCEDSCR.TTF', 'ITCKRIST.TTF', 'j8514fix.fon', 'j8514oem.fon', 'j8514sys.fon', 'javatext.ttf', 'JOKERMAN.TTF', 'jsmalle.fon', 'jsmallf.fon', 'JUICE___.TTF', 'jvgafix.fon', 'jvgasys.fon', 'KUNSTLER.TTF', 'LATINWD.TTF', 'LBRITE.TTF', 'LBRITED.TTF', 'LBRITEDI.TTF', 'LBRITEI.TTF', 'LCALLIG.TTF', 'LeelaUIb.ttf', 'LeelawUI.ttf', 'LeelUIsl.ttf', 'LFAX.TTF', 'LFAXD.TTF', 'LFAXDI.TTF', 'LFAXI.TTF', 'LHANDW.TTF', 'LSANS.TTF', 'LSANSD.TTF', 'LSANSDI.TTF', 'LSANSI.TTF', 'LTYPE.TTF', 'LTYPEB.TTF', 'LTYPEBO.TTF', 'LTYPEO.TTF', 'lucon.ttf', 'l_10646.ttf', 'MAGNETOB.TTF', 'MAIAN.TTF', 'malgun.ttf', 'malgunbd.ttf', 'malgunsl.ttf', 'marlett.ttf', 'MATURASC.TTF', 'micross.ttf', 'mingliub.ttc', 'MISTRAL.TTF', 'mmrtext.ttf', 'mmrtextb.ttf', 'MOD20.TTF', 'modern.fon', 'monbaiti.ttf', 'msgothic.ttc', 'msjh.ttc', 'msjhbd.ttc', 'msjhl.ttc', 'msyh.ttc', 'msyhbd.ttc', 'msyhl.ttc', 'msyi.ttf', 'MTCORSVA.TTF', 'MTEXTRA.TTF', 'mvboli.ttf', 'NIAGENG.TTF', 'NIAGSOL.TTF', 'Nirmala.ttf', 'NirmalaB.ttf', 'NirmalaS.ttf', 'ntailu.ttf', 'ntailub.ttf', 'NumberOnly.ttf', 'OCRAEXT.TTF', 'OLDENGL.TTF', 'ONYX.TTF', 'OUTLOOK.TTF', 'pala.ttf', 'palab.ttf', 'palabi.ttf', 'palai.ttf', 'PALSCRI.TTF', 'PAPYRUS.TTF', 'PARCHM.TTF', 'PERBI___.TTF', 'PERB____.TTF', 'PERI____.TTF', 'PERTIBD.TTF', 'PERTILI.TTF', 'PER_____.TTF', 'phagspa.ttf', 'phagspab.ttf', 'PLAYBILL.TTF', 'POORICH.TTF', 'PRISTINA.TTF', 'RAGE.TTF', 'RAVIE.TTF', 'REFSAN.TTF', 'REFSPCL.TTF', 'ROCCB___.TTF', 'ROCC____.TTF', 'ROCK.TTF', 'ROCKB.TTF', 'ROCKBI.TTF', 'ROCKEB.TTF', 'ROCKI.TTF', 'roman.fon', 's8514fix.fon', 's8514oem.fon', 's8514sys.fon', 'SCHLBKB.TTF', 'SCHLBKBI.TTF', 'SCHLBKI.TTF', 'script.fon', 'SCRIPTBL.TTF', 'segmdl2.ttf', 'SegoeIcons.ttf', 'segoepr.ttf', 'segoeprb.ttf', 'segoesc.ttf', 'segoescb.ttf', 'segoeui.ttf', 'segoeuib.ttf', 'segoeuii.ttf', 'segoeuil.ttf', 'segoeuisl.ttf', 'segoeuiz.ttf', 'seguibl.ttf', 'seguibli.ttf', 'seguiemj.ttf', 'seguihis.ttf', 'seguili.ttf', 'seguisb.ttf', 'seguisbi.ttf', 'seguisli.ttf', 'seguisym.ttf', 'SegUIVar.ttf', 'sere1255.fon', 'sere1256.fon', 'sere1257.fon', 'serf1255.fon', 'serf1256.fon', 'serf1257.fon', 'serife.fon', 'serifee.fon', 'serifeg.fon', 'serifer.fon', 'serifet.fon', 'seriff.fon', 'seriffe.fon', 'seriffg.fon', 'seriffr.fon', 'serifft.fon', 'SHOWG.TTF', 'simfang.ttf', 'simhei.ttf', 'simkai.ttf', 'SIMLI.TTF', 'simsun.ttc', 'simsunb.ttf', 'SIMYOU.TTF', 'SitkaVF-Italic.ttf', 'SitkaVF.ttf', 'smae1255.fon', 'smae1256.fon', 'smae1257.fon', 'smaf1255.fon', 'smaf1256.fon', 'smaf1257.fon', 'smalle.fon', 'smallee.fon', 'smalleg.fon', 'smaller.fon', 'smallet.fon', 'smallf.fon', 'smallfe.fon', 'smallfg.fon', 'smallfr.fon', 'smallft.fon', 'SNAP____.TTF', 'ssee1255.fon', 'ssee1256.fon', 'ssee1257.fon', 'ssee874.fon', 'ssef1255.fon', 'ssef1256.fon', 'ssef1257.fon', 'ssef874.fon', 'sserife.fon', 'sserifee.fon', 'sserifeg.fon', 'sserifer.fon', 'sserifet.fon', 'sseriff.fon', 'sseriffe.fon', 'sseriffg.fon', 'sseriffr.fon', 'sserifft.fon', 'StaticCache.dat', 'STCAIYUN.TTF', 'STENCIL.TTF', 'STFANGSO.TTF', 'STHUPO.TTF', 'STKAITI.TTF', 'STLITI.TTF', 'STSONG.TTF', 'STXIHEI.TTF', 'STXINGKA.TTF', 'STXINWEI.TTF', 'STZHONGS.TTF', 'svgafix.fon', 'svgasys.fon', 'sylfaen.ttf', 'symbol.ttf', 'tahoma.ttf', 'tahomabd.ttf', 'taile.ttf', 'taileb.ttf', 'TCBI____.TTF', 'TCB_____.TTF', 'TCCB____.TTF', 'TCCEB.TTF', 'TCCM____.TTF', 'TCMI____.TTF', 'TCM_____.TTF', 'TEMPSITC.TTF', 'times.ttf', 'timesbd.ttf', 'timesbi.ttf', 'timesi.ttf', 'trebuc.ttf', 'trebucbd.ttf', 'trebucbi.ttf', 'trebucit.ttf', 'verdana.ttf', 'verdanab.ttf', 'verdanai.ttf', 'verdanaz.ttf', 'vga737.fon', 'vga775.fon', 'vga850.fon', 'vga852.fon', 'vga855.fon', 'vga857.fon', 'vga860.fon', 'vga861.fon', 'vga863.fon', 'vga865.fon', 'vga866.fon', 'vga869.fon', 'vga932.fon', 'vga936.fon', 'vga949.fon', 'vga950.fon', 'vgaf1255.fon', 'vgaf1256.fon', 'vgaf1257.fon', 'vgaf874.fon', 'vgafix.fon', 'vgafixe.fon', 'vgafixg.fon', 'vgafixr.fon', 'vgafixt.fon', 'vgaoem.fon', 'vgas1255.fon', 'vgas1256.fon', 'vgas1257.fon', 'vgas874.fon', 'vgasys.fon', 'vgasyse.fon', 'vgasysg.fon', 'vgasysr.fon', 'vgasyst.fon', 'VINERITC.TTF', 'VIVALDII.TTF', 'VLADIMIR.TTF', 'webdings.ttf', 'wingding.ttf', 'WINGDNG2.TTF', 'WINGDNG3.TTF', 'YuGothB.ttc', 'YuGothL.ttc', 'YuGothM.ttc', 'YuGothR.ttc', '\u534e\u5eb7\u65b9\u5706\u4f53W7.TTC', '\u65b9\u6b63\u7c97\u9ed1\u5b8b\u7b80\u4f53.ttf']
2023-09-27 15:58:49,326 - INFO - all fonts installed:['8514fix.fon', '8514fixe.fon', '8514fixg.fon', '8514fixr.fon', '8514fixt.fon', '8514oem.fon', '8514oeme.fon', '8514oemg.fon', '8514oemr.fon', '8514oemt.fon', '8514sys.fon', '8514syse.fon', '8514sysg.fon', '8514sysr.fon', '8514syst.fon', '85775.fon', '85855.fon', '85f1255.fon', '85f1256.fon', '85f1257.fon', '85f874.fon', '85s1255.fon', '85s1256.fon', '85s1257.fon', '85s874.fon', 'AGENCYB.TTF', 'AGENCYR.TTF', 'ALGER.TTF', 'ANTQUAB.TTF', 'ANTQUABI.TTF', 'ANTQUAI.TTF', 'app775.fon', 'app850.fon', 'app852.fon', 'app855.fon', 'app857.fon', 'app866.fon', 'app932.fon', 'app936.fon', 'app949.fon', 'app950.fon', 'arial.ttf', 'arialbd.ttf', 'arialbi.ttf', 'ariali.ttf', 'ARIALN.TTF', 'ARIALNB.TTF', 'ARIALNBI.TTF', 'ARIALNI.TTF', 'ariblk.ttf', 'ARLRDBD.TTF', 'AxureHandwriting-Bold.otf', 'AxureHandwriting-BoldItalic.otf', 'AxureHandwriting-Italic.otf', 'AxureHandwriting.otf', 'bahnschrift.ttf', 'BASKVILL.TTF', 'BAUHS93.TTF', 'BELL.TTF', 'BELLB.TTF', 'BELLI.TTF', 'BERNHC.TTF', 'BKANT.TTF', 'BOD_B.TTF', 'BOD_BI.TTF', 'BOD_BLAI.TTF', 'BOD_BLAR.TTF', 'BOD_CB.TTF', 'BOD_CBI.TTF', 'BOD_CI.TTF', 'BOD_CR.TTF', 'BOD_I.TTF', 'BOD_PSTC.TTF', 'BOD_R.TTF', 'BOOKOS.TTF', 'BOOKOSB.TTF', 'BOOKOSBI.TTF', 'BOOKOSI.TTF', 'BRADHITC.TTF', 'BRITANIC.TTF', 'BRLNSB.TTF', 'BRLNSDB.TTF', 'BRLNSR.TTF', 'BROADW.TTF', 'BRUSHSCI.TTF', 'BSSYM7.TTF', 'c8514fix.fon', 'c8514oem.fon', 'c8514sys.fon', 'calibri.ttf', 'calibrib.ttf', 'calibrii.ttf', 'calibril.ttf', 'calibrili.ttf', 'calibriz.ttf', 'CALIFB.TTF', 'CALIFI.TTF', 'CALIFR.TTF', 'CALIST.TTF', 'CALISTB.TTF', 'CALISTBI.TTF', 'CALISTI.TTF', 'cambria.ttc', 'cambriab.ttf', 'cambriai.ttf', 'cambriaz.ttf', 'Candara.ttf', 'Candarab.ttf', 'Candarai.ttf', 'Candaral.ttf', 'Candarali.ttf', 'Candaraz.ttf', 'CascadiaCode.ttf', 'CascadiaMono.ttf', 'CASTELAR.TTF', 'CENSCBK.TTF', 'CENTAUR.TTF', 'CENTURY.TTF', 'cga40737.fon', 'cga40850.fon', 'cga40852.fon', 'cga40857.fon', 'cga40866.fon', 'cga40869.fon', 'cga40woa.fon', 'cga80737.fon', 'cga80850.fon', 'cga80852.fon', 'cga80857.fon', 'cga80866.fon', 'cga80869.fon', 'cga80woa.fon', 'CHILLER.TTF', 'COLONNA.TTF', 'comic.ttf', 'comicbd.ttf', 'comici.ttf', 'comicz.ttf', 'consola.ttf', 'consolab.ttf', 'consolai.ttf', 'consolaz.ttf', 'constan.ttf', 'constanb.ttf', 'constani.ttf', 'constanz.ttf', 'COOPBL.TTF', 'COPRGTB.TTF', 'COPRGTL.TTF', 'corbel.ttf', 'corbelb.ttf', 'corbeli.ttf', 'corbell.ttf', 'corbelli.ttf', 'corbelz.ttf', 'coue1255.fon', 'coue1256.fon', 'coue1257.fon', 'couf1255.fon', 'couf1256.fon', 'couf1257.fon', 'cour.ttf', 'courbd.ttf', 'courbi.ttf', 'coure.fon', 'couree.fon', 'coureg.fon', 'courer.fon', 'couret.fon', 'courf.fon', 'courfe.fon', 'courfg.fon', 'courfr.fon', 'courft.fon', 'couri.ttf', 'CURLZ___.TTF', 'cvgafix.fon', 'cvgasys.fon', 'Deng.ttf', 'Dengb.ttf', 'Dengl.ttf', 'desktop.ini', 'dos737.fon', 'dos869.fon', 'dosapp.fon', 'DUBAI-BOLD.TTF', 'DUBAI-LIGHT.TTF', 'DUBAI-MEDIUM.TTF', 'DUBAI-REGULAR.TTF', 'ebrima.ttf', 'ebrimabd.ttf', 'ega40737.fon', 'ega40850.fon', 'ega40852.fon', 'ega40857.fon', 'ega40866.fon', 'ega40869.fon', 'ega40woa.fon', 'ega80737.fon', 'ega80850.fon', 'ega80852.fon', 'ega80857.fon', 'ega80866.fon', 'ega80869.fon', 'ega80woa.fon', 'ELEPHNT.TTF', 'ELEPHNTI.TTF', 'ENGR.TTF', 'ERASBD.TTF', 'ERASDEMI.TTF', 'ERASLGHT.TTF', 'ERASMD.TTF', 'FELIXTI.TTF', 'fms_metadata.xml', 'FORTE.TTF', 'FRABK.TTF', 'FRABKIT.TTF', 'FRADM.TTF', 'FRADMCN.TTF', 'FRADMIT.TTF', 'FRAHV.TTF', 'FRAHVIT.TTF', 'framd.ttf', 'FRAMDCN.TTF', 'framdit.ttf', 'FREESCPT.TTF', 'FRSCRIPT.TTF', 'FTLTLT.TTF', 'FZSTK.TTF', 'FZYTK.TTF', 'Gabriola.ttf', 'gadugi.ttf', 'gadugib.ttf', 'GARA.TTF', 'GARABD.TTF', 'GARAIT.TTF', 'georgia.ttf', 'georgiab.ttf', 'georgiai.ttf', 'georgiaz.ttf', 'GIGI.TTF', 'GILBI___.TTF', 'GILB____.TTF', 'GILC____.TTF', 'GILI____.TTF', 'GILLUBCD.TTF', 'GILSANUB.TTF', 'GIL_____.TTF', 'GLECB.TTF', 'GlobalMonospace.CompositeFont', 'GlobalSansSerif.CompositeFont', 'GlobalSerif.CompositeFont', 'GlobalUserInterface.CompositeFont', 'GLSNECB.TTF', 'GOTHIC.TTF', 'GOTHICB.TTF', 'GOTHICBI.TTF', 'GOTHICI.TTF', 'GOUDOS.TTF', 'GOUDOSB.TTF', 'GOUDOSI.TTF', 'GOUDYSTO.TTF', 'h8514fix.fon', 'h8514oem.fon', 'h8514sys.fon', 'HARLOWSI.TTF', 'HARNGTON.TTF', 'HATTEN.TTF', 'HGB1X_CNKI.ttf', 'HGB1_CNKI.ttf', 'HGB2X_CNKI.ttf', 'HGB2_CNKI.ttf', 'HGB3X_CNKI.ttf', 'HGB3_CNKI.ttf', 'HGB4X_CNKI.ttf', 'HGB4_CNKI.ttf', 'HGB5X_CNKI.ttf', 'HGB5_CNKI.ttf', 'HGB6X_CNKI.ttf', 'HGB6_CNKI.ttf', 'HGB7X_CNKI.ttf', 'HGB7_CNKI.ttf', 'HGB8X_CNKI.ttf', 'HGB8_CNKI.ttf', 'HGBD_CNKI.ttf', 'HGBKBX_CNKI.ttf', 'HGBKB_CNKI.ttf', 'HGBKHX_CNKI.ttf', 'HGBKH_CNKI.ttf', 'HGBS1_CNKI.TTF', 'HGBS2_CNKI.TTF', 'HGBS_CNKI.TTF', 'HGBTH_CNKI.TTF', 'HGBTS_CNKI.TTF', 'HGBX_CNKI.ttf', 'HGBZ_CNKI.ttf', 'HGCH_CNKI.TTF', 'HGCUH_CNKI.TTF', 'HGCY_CNKI.TTF', 'HGDBS_CNKI.TTF', 'HGDGY_CNKI.TTF', 'HGDH2_CNKI.TTF', 'HGDH_CNKI.TTF', 'HGDYS_CNKI.TTF', 'HGDY_CNKI.ttf', 'HGF1X_CNKI.ttf', 'HGF1_CNKI.ttf', 'HGF2X_CNKI.ttf', 'HGF2_CNKI.ttf', 'HGF3_CNKI.ttf', 'HGF4X_CNKI.ttf', 'HGF4_CNKI.ttf', 'HGF5X_CNKI.ttf', 'HGF5_CNKI.ttf', 'HGF6X_CNKI.ttf', 'HGF6_CNKI.ttf', 'HGF7X_CNKI.ttf', 'HGF7_CNKI.ttf', 'HGF8_CNKI.ttf', 'HGF9X_CNKI.ttf', 'HGF9_CNKI.ttf', 'HGFS1_CNKI.TTF', 'HGFS2_CNKI.TTF', 'HGFSH_CNKI.TTF', 'HGFS_CNKI.TTF', 'HGFX_CNKI.ttf', 'HGFZ_CNKI.ttf', 'HGGG_CNKI.TTF', 'HGH1X_CNKI.ttf', 'HGH1_CNKI.ttf', 'HGH2X_CNKI.ttf', 'HGH2_CNKI.ttf', 'HGH3X_CNKI.ttf', 'HGH3_CNKI.ttf', 'HGH4X_CNKI.ttf', 'HGH4_CNKI.ttf', 'HGH5X_CNKI.ttf', 'HGH5_CNKI.ttf', 'HGH6X_CNKI.ttf', 'HGH6_CNKI.ttf', 'HGH7X_CNKI.ttf', 'HGH7_CNKI.ttf', 'HGHB_CNKI.TTF', 'HGHD_CNKI.ttf', 'HGHP_CNKI.TTF', 'HGHT1_CNKI.ttf', 'HGHT2_CNKI.ttf', 'HGHUATI_CNKI.ttf', 'HGHX_CNKI.ttf', 'HGHZ_CNKI.ttf', 'HGH_CNKI.TTF', 'HGKT1_CNKI.TTF', 'HGKT2_CNKI.TTF', 'HGKT_CNKI.TTF', 'HGKY_CNKI.ttf', 'HGLB_CNKI.TTF', 'HGLS_CNKI.TTF', 'HGMH_CNKI.TTF', 'HGNBS_CNKI.ttf', 'HGOCR_CNKI.ttf', 'HGPH_CNKI.TTF', 'HGPTY_CNKI.TTF', 'HGSS1_CNKI.TTF', 'HGSS2_CNKI.TTF', 'HGSS_CNKI.TTF', 'HGSXT_CNKI.ttf', 'HGTT_CNKI.ttf', 'HGTX_CNKI.TTF', 'HGWT_CNKI.TTF', 'HGWYS_CNKI.TTF', 'HGX1X_CNKI.ttf', 'HGX1_CNKI.ttf', 'HGXBS_CNKI.TTF', 'HGXC_CNKI.TTF', 'HGXF1_CNKI.ttf', 'HGXFX_CNKI.ttf', 'HGXFZ_CNKI.ttf', 'HGXH1_CNKI.TTF', 'HGXH_CNKI.TTF', 'HGXK_CNKI.TTF', 'HGXL_CNKI.TTF', 'HGXS_CNKI.TTF', 'HGXT_CNKI.ttf', 'HGXY_CNKI.ttf', 'HGY1_CNKI.TTF', 'HGY2_CNKI.TTF', 'HGY3_CNKI.TTF', 'HGY4_CNKI.TTF', 'HGYB_CNKI.ttf', 'HGYT1_CNKI.ttf', 'HGYT2_CNKI.ttf', 'HGYT_CNKI.TTF', 'HGYX_CNKI.TTF', 'HGZCS_CNKI.TTF', 'HGZDX_CNKI.TTF', 'HGZK_CNKI.TTF', 'HGZYT_CNKI.TTF', 'HGZY_CNKI.TTF', 'himalaya.ttf', 'holomdl2.ttf', 'HTOWERT.TTF', 'HTOWERTI.TTF', 'hvgafix.fon', 'hvgasys.fon', 'impact.ttf', 'IMPRISHA.TTF', 'INFROMAN.TTF', 'Inkfree.ttf', 'iqiyi_logov7.ttf', 'ITCBLKAD.TTF', 'ITCEDSCR.TTF', 'ITCKRIST.TTF', 'j8514fix.fon', 'j8514oem.fon', 'j8514sys.fon', 'javatext.ttf', 'JOKERMAN.TTF', 'jsmalle.fon', 'jsmallf.fon', 'JUICE___.TTF', 'jvgafix.fon', 'jvgasys.fon', 'KUNSTLER.TTF', 'LATINWD.TTF', 'LBRITE.TTF', 'LBRITED.TTF', 'LBRITEDI.TTF', 'LBRITEI.TTF', 'LCALLIG.TTF', 'LeelaUIb.ttf', 'LeelawUI.ttf', 'LeelUIsl.ttf', 'LFAX.TTF', 'LFAXD.TTF', 'LFAXDI.TTF', 'LFAXI.TTF', 'LHANDW.TTF', 'LSANS.TTF', 'LSANSD.TTF', 'LSANSDI.TTF', 'LSANSI.TTF', 'LTYPE.TTF', 'LTYPEB.TTF', 'LTYPEBO.TTF', 'LTYPEO.TTF', 'lucon.ttf', 'l_10646.ttf', 'MAGNETOB.TTF', 'MAIAN.TTF', 'malgun.ttf', 'malgunbd.ttf', 'malgunsl.ttf', 'marlett.ttf', 'MATURASC.TTF', 'micross.ttf', 'mingliub.ttc', 'MISTRAL.TTF', 'mmrtext.ttf', 'mmrtextb.ttf', 'MOD20.TTF', 'modern.fon', 'monbaiti.ttf', 'msgothic.ttc', 'msjh.ttc', 'msjhbd.ttc', 'msjhl.ttc', 'msyh.ttc', 'msyhbd.ttc', 'msyhl.ttc', 'msyi.ttf', 'MTCORSVA.TTF', 'MTEXTRA.TTF', 'mvboli.ttf', 'NIAGENG.TTF', 'NIAGSOL.TTF', 'Nirmala.ttf', 'NirmalaB.ttf', 'NirmalaS.ttf', 'ntailu.ttf', 'ntailub.ttf', 'NumberOnly.ttf', 'OCRAEXT.TTF', 'OLDENGL.TTF', 'ONYX.TTF', 'OUTLOOK.TTF', 'pala.ttf', 'palab.ttf', 'palabi.ttf', 'palai.ttf', 'PALSCRI.TTF', 'PAPYRUS.TTF', 'PARCHM.TTF', 'PERBI___.TTF', 'PERB____.TTF', 'PERI____.TTF', 'PERTIBD.TTF', 'PERTILI.TTF', 'PER_____.TTF', 'phagspa.ttf', 'phagspab.ttf', 'PLAYBILL.TTF', 'POORICH.TTF', 'PRISTINA.TTF', 'RAGE.TTF', 'RAVIE.TTF', 'REFSAN.TTF', 'REFSPCL.TTF', 'ROCCB___.TTF', 'ROCC____.TTF', 'ROCK.TTF', 'ROCKB.TTF', 'ROCKBI.TTF', 'ROCKEB.TTF', 'ROCKI.TTF', 'roman.fon', 's8514fix.fon', 's8514oem.fon', 's8514sys.fon', 'SCHLBKB.TTF', 'SCHLBKBI.TTF', 'SCHLBKI.TTF', 'script.fon', 'SCRIPTBL.TTF', 'segmdl2.ttf', 'SegoeIcons.ttf', 'segoepr.ttf', 'segoeprb.ttf', 'segoesc.ttf', 'segoescb.ttf', 'segoeui.ttf', 'segoeuib.ttf', 'segoeuii.ttf', 'segoeuil.ttf', 'segoeuisl.ttf', 'segoeuiz.ttf', 'seguibl.ttf', 'seguibli.ttf', 'seguiemj.ttf', 'seguihis.ttf', 'seguili.ttf', 'seguisb.ttf', 'seguisbi.ttf', 'seguisli.ttf', 'seguisym.ttf', 'SegUIVar.ttf', 'sere1255.fon', 'sere1256.fon', 'sere1257.fon', 'serf1255.fon', 'serf1256.fon', 'serf1257.fon', 'serife.fon', 'serifee.fon', 'serifeg.fon', 'serifer.fon', 'serifet.fon', 'seriff.fon', 'seriffe.fon', 'seriffg.fon', 'seriffr.fon', 'serifft.fon', 'SHOWG.TTF', 'simfang.ttf', 'simhei.ttf', 'simkai.ttf', 'SIMLI.TTF', 'simsun.ttc', 'simsunb.ttf', 'SIMYOU.TTF', 'SitkaVF-Italic.ttf', 'SitkaVF.ttf', 'smae1255.fon', 'smae1256.fon', 'smae1257.fon', 'smaf1255.fon', 'smaf1256.fon', 'smaf1257.fon', 'smalle.fon', 'smallee.fon', 'smalleg.fon', 'smaller.fon', 'smallet.fon', 'smallf.fon', 'smallfe.fon', 'smallfg.fon', 'smallfr.fon', 'smallft.fon', 'SNAP____.TTF', 'ssee1255.fon', 'ssee1256.fon', 'ssee1257.fon', 'ssee874.fon', 'ssef1255.fon', 'ssef1256.fon', 'ssef1257.fon', 'ssef874.fon', 'sserife.fon', 'sserifee.fon', 'sserifeg.fon', 'sserifer.fon', 'sserifet.fon', 'sseriff.fon', 'sseriffe.fon', 'sseriffg.fon', 'sseriffr.fon', 'sserifft.fon', 'StaticCache.dat', 'STCAIYUN.TTF', 'STENCIL.TTF', 'STFANGSO.TTF', 'STHUPO.TTF', 'STKAITI.TTF', 'STLITI.TTF', 'STSONG.TTF', 'STXIHEI.TTF', 'STXINGKA.TTF', 'STXINWEI.TTF', 'STZHONGS.TTF', 'svgafix.fon', 'svgasys.fon', 'sylfaen.ttf', 'symbol.ttf', 'tahoma.ttf', 'tahomabd.ttf', 'taile.ttf', 'taileb.ttf', 'TCBI____.TTF', 'TCB_____.TTF', 'TCCB____.TTF', 'TCCEB.TTF', 'TCCM____.TTF', 'TCMI____.TTF', 'TCM_____.TTF', 'TEMPSITC.TTF', 'times.ttf', 'timesbd.ttf', 'timesbi.ttf', 'timesi.ttf', 'trebuc.ttf', 'trebucbd.ttf', 'trebucbi.ttf', 'trebucit.ttf', 'verdana.ttf', 'verdanab.ttf', 'verdanai.ttf', 'verdanaz.ttf', 'vga737.fon', 'vga775.fon', 'vga850.fon', 'vga852.fon', 'vga855.fon', 'vga857.fon', 'vga860.fon', 'vga861.fon', 'vga863.fon', 'vga865.fon', 'vga866.fon', 'vga869.fon', 'vga932.fon', 'vga936.fon', 'vga949.fon', 'vga950.fon', 'vgaf1255.fon', 'vgaf1256.fon', 'vgaf1257.fon', 'vgaf874.fon', 'vgafix.fon', 'vgafixe.fon', 'vgafixg.fon', 'vgafixr.fon', 'vgafixt.fon', 'vgaoem.fon', 'vgas1255.fon', 'vgas1256.fon', 'vgas1257.fon', 'vgas874.fon', 'vgasys.fon', 'vgasyse.fon', 'vgasysg.fon', 'vgasysr.fon', 'vgasyst.fon', 'VINERITC.TTF', 'VIVALDII.TTF', 'VLADIMIR.TTF', 'webdings.ttf', 'wingding.ttf', 'WINGDNG2.TTF', 'WINGDNG3.TTF', 'YuGothB.ttc', 'YuGothL.ttc', 'YuGothM.ttc', 'YuGothR.ttc', '\u534e\u5eb7\u65b9\u5706\u4f53W7.TTC', '\u65b9\u6b63\u7c97\u9ed1\u5b8b\u7b80\u4f53.ttf']
2023-09-27 15:58:49,694 - INFO - all fonts installed:['8514fix.fon', '8514fixe.fon', '8514fixg.fon', '8514fixr.fon', '8514fixt.fon', '8514oem.fon', '8514oeme.fon', '8514oemg.fon', '8514oemr.fon', '8514oemt.fon', '8514sys.fon', '8514syse.fon', '8514sysg.fon', '8514sysr.fon', '8514syst.fon', '85775.fon', '85855.fon', '85f1255.fon', '85f1256.fon', '85f1257.fon', '85f874.fon', '85s1255.fon', '85s1256.fon', '85s1257.fon', '85s874.fon', 'AGENCYB.TTF', 'AGENCYR.TTF', 'ALGER.TTF', 'ANTQUAB.TTF', 'ANTQUABI.TTF', 'ANTQUAI.TTF', 'app775.fon', 'app850.fon', 'app852.fon', 'app855.fon', 'app857.fon', 'app866.fon', 'app932.fon', 'app936.fon', 'app949.fon', 'app950.fon', 'arial.ttf', 'arialbd.ttf', 'arialbi.ttf', 'ariali.ttf', 'ARIALN.TTF', 'ARIALNB.TTF', 'ARIALNBI.TTF', 'ARIALNI.TTF', 'ariblk.ttf', 'ARLRDBD.TTF', 'AxureHandwriting-Bold.otf', 'AxureHandwriting-BoldItalic.otf', 'AxureHandwriting-Italic.otf', 'AxureHandwriting.otf', 'bahnschrift.ttf', 'BASKVILL.TTF', 'BAUHS93.TTF', 'BELL.TTF', 'BELLB.TTF', 'BELLI.TTF', 'BERNHC.TTF', 'BKANT.TTF', 'BOD_B.TTF', 'BOD_BI.TTF', 'BOD_BLAI.TTF', 'BOD_BLAR.TTF', 'BOD_CB.TTF', 'BOD_CBI.TTF', 'BOD_CI.TTF', 'BOD_CR.TTF', 'BOD_I.TTF', 'BOD_PSTC.TTF', 'BOD_R.TTF', 'BOOKOS.TTF', 'BOOKOSB.TTF', 'BOOKOSBI.TTF', 'BOOKOSI.TTF', 'BRADHITC.TTF', 'BRITANIC.TTF', 'BRLNSB.TTF', 'BRLNSDB.TTF', 'BRLNSR.TTF', 'BROADW.TTF', 'BRUSHSCI.TTF', 'BSSYM7.TTF', 'c8514fix.fon', 'c8514oem.fon', 'c8514sys.fon', 'calibri.ttf', 'calibrib.ttf', 'calibrii.ttf', 'calibril.ttf', 'calibrili.ttf', 'calibriz.ttf', 'CALIFB.TTF', 'CALIFI.TTF', 'CALIFR.TTF', 'CALIST.TTF', 'CALISTB.TTF', 'CALISTBI.TTF', 'CALISTI.TTF', 'cambria.ttc', 'cambriab.ttf', 'cambriai.ttf', 'cambriaz.ttf', 'Candara.ttf', 'Candarab.ttf', 'Candarai.ttf', 'Candaral.ttf', 'Candarali.ttf', 'Candaraz.ttf', 'CascadiaCode.ttf', 'CascadiaMono.ttf', 'CASTELAR.TTF', 'CENSCBK.TTF', 'CENTAUR.TTF', 'CENTURY.TTF', 'cga40737.fon', 'cga40850.fon', 'cga40852.fon', 'cga40857.fon', 'cga40866.fon', 'cga40869.fon', 'cga40woa.fon', 'cga80737.fon', 'cga80850.fon', 'cga80852.fon', 'cga80857.fon', 'cga80866.fon', 'cga80869.fon', 'cga80woa.fon', 'CHILLER.TTF', 'COLONNA.TTF', 'comic.ttf', 'comicbd.ttf', 'comici.ttf', 'comicz.ttf', 'consola.ttf', 'consolab.ttf', 'consolai.ttf', 'consolaz.ttf', 'constan.ttf', 'constanb.ttf', 'constani.ttf', 'constanz.ttf', 'COOPBL.TTF', 'COPRGTB.TTF', 'COPRGTL.TTF', 'corbel.ttf', 'corbelb.ttf', 'corbeli.ttf', 'corbell.ttf', 'corbelli.ttf', 'corbelz.ttf', 'coue1255.fon', 'coue1256.fon', 'coue1257.fon', 'couf1255.fon', 'couf1256.fon', 'couf1257.fon', 'cour.ttf', 'courbd.ttf', 'courbi.ttf', 'coure.fon', 'couree.fon', 'coureg.fon', 'courer.fon', 'couret.fon', 'courf.fon', 'courfe.fon', 'courfg.fon', 'courfr.fon', 'courft.fon', 'couri.ttf', 'CURLZ___.TTF', 'cvgafix.fon', 'cvgasys.fon', 'Deng.ttf', 'Dengb.ttf', 'Dengl.ttf', 'desktop.ini', 'dos737.fon', 'dos869.fon', 'dosapp.fon', 'DUBAI-BOLD.TTF', 'DUBAI-LIGHT.TTF', 'DUBAI-MEDIUM.TTF', 'DUBAI-REGULAR.TTF', 'ebrima.ttf', 'ebrimabd.ttf', 'ega40737.fon', 'ega40850.fon', 'ega40852.fon', 'ega40857.fon', 'ega40866.fon', 'ega40869.fon', 'ega40woa.fon', 'ega80737.fon', 'ega80850.fon', 'ega80852.fon', 'ega80857.fon', 'ega80866.fon', 'ega80869.fon', 'ega80woa.fon', 'ELEPHNT.TTF', 'ELEPHNTI.TTF', 'ENGR.TTF', 'ERASBD.TTF', 'ERASDEMI.TTF', 'ERASLGHT.TTF', 'ERASMD.TTF', 'FELIXTI.TTF', 'fms_metadata.xml', 'FORTE.TTF', 'FRABK.TTF', 'FRABKIT.TTF', 'FRADM.TTF', 'FRADMCN.TTF', 'FRADMIT.TTF', 'FRAHV.TTF', 'FRAHVIT.TTF', 'framd.ttf', 'FRAMDCN.TTF', 'framdit.ttf', 'FREESCPT.TTF', 'FRSCRIPT.TTF', 'FTLTLT.TTF', 'FZSTK.TTF', 'FZYTK.TTF', 'Gabriola.ttf', 'gadugi.ttf', 'gadugib.ttf', 'GARA.TTF', 'GARABD.TTF', 'GARAIT.TTF', 'georgia.ttf', 'georgiab.ttf', 'georgiai.ttf', 'georgiaz.ttf', 'GIGI.TTF', 'GILBI___.TTF', 'GILB____.TTF', 'GILC____.TTF', 'GILI____.TTF', 'GILLUBCD.TTF', 'GILSANUB.TTF', 'GIL_____.TTF', 'GLECB.TTF', 'GlobalMonospace.CompositeFont', 'GlobalSansSerif.CompositeFont', 'GlobalSerif.CompositeFont', 'GlobalUserInterface.CompositeFont', 'GLSNECB.TTF', 'GOTHIC.TTF', 'GOTHICB.TTF', 'GOTHICBI.TTF', 'GOTHICI.TTF', 'GOUDOS.TTF', 'GOUDOSB.TTF', 'GOUDOSI.TTF', 'GOUDYSTO.TTF', 'h8514fix.fon', 'h8514oem.fon', 'h8514sys.fon', 'HARLOWSI.TTF', 'HARNGTON.TTF', 'HATTEN.TTF', 'HGB1X_CNKI.ttf', 'HGB1_CNKI.ttf', 'HGB2X_CNKI.ttf', 'HGB2_CNKI.ttf', 'HGB3X_CNKI.ttf', 'HGB3_CNKI.ttf', 'HGB4X_CNKI.ttf', 'HGB4_CNKI.ttf', 'HGB5X_CNKI.ttf', 'HGB5_CNKI.ttf', 'HGB6X_CNKI.ttf', 'HGB6_CNKI.ttf', 'HGB7X_CNKI.ttf', 'HGB7_CNKI.ttf', 'HGB8X_CNKI.ttf', 'HGB8_CNKI.ttf', 'HGBD_CNKI.ttf', 'HGBKBX_CNKI.ttf', 'HGBKB_CNKI.ttf', 'HGBKHX_CNKI.ttf', 'HGBKH_CNKI.ttf', 'HGBS1_CNKI.TTF', 'HGBS2_CNKI.TTF', 'HGBS_CNKI.TTF', 'HGBTH_CNKI.TTF', 'HGBTS_CNKI.TTF', 'HGBX_CNKI.ttf', 'HGBZ_CNKI.ttf', 'HGCH_CNKI.TTF', 'HGCUH_CNKI.TTF', 'HGCY_CNKI.TTF', 'HGDBS_CNKI.TTF', 'HGDGY_CNKI.TTF', 'HGDH2_CNKI.TTF', 'HGDH_CNKI.TTF', 'HGDYS_CNKI.TTF', 'HGDY_CNKI.ttf', 'HGF1X_CNKI.ttf', 'HGF1_CNKI.ttf', 'HGF2X_CNKI.ttf', 'HGF2_CNKI.ttf', 'HGF3_CNKI.ttf', 'HGF4X_CNKI.ttf', 'HGF4_CNKI.ttf', 'HGF5X_CNKI.ttf', 'HGF5_CNKI.ttf', 'HGF6X_CNKI.ttf', 'HGF6_CNKI.ttf', 'HGF7X_CNKI.ttf', 'HGF7_CNKI.ttf', 'HGF8_CNKI.ttf', 'HGF9X_CNKI.ttf', 'HGF9_CNKI.ttf', 'HGFS1_CNKI.TTF', 'HGFS2_CNKI.TTF', 'HGFSH_CNKI.TTF', 'HGFS_CNKI.TTF', 'HGFX_CNKI.ttf', 'HGFZ_CNKI.ttf', 'HGGG_CNKI.TTF', 'HGH1X_CNKI.ttf', 'HGH1_CNKI.ttf', 'HGH2X_CNKI.ttf', 'HGH2_CNKI.ttf', 'HGH3X_CNKI.ttf', 'HGH3_CNKI.ttf', 'HGH4X_CNKI.ttf', 'HGH4_CNKI.ttf', 'HGH5X_CNKI.ttf', 'HGH5_CNKI.ttf', 'HGH6X_CNKI.ttf', 'HGH6_CNKI.ttf', 'HGH7X_CNKI.ttf', 'HGH7_CNKI.ttf', 'HGHB_CNKI.TTF', 'HGHD_CNKI.ttf', 'HGHP_CNKI.TTF', 'HGHT1_CNKI.ttf', 'HGHT2_CNKI.ttf', 'HGHUATI_CNKI.ttf', 'HGHX_CNKI.ttf', 'HGHZ_CNKI.ttf', 'HGH_CNKI.TTF', 'HGKT1_CNKI.TTF', 'HGKT2_CNKI.TTF', 'HGKT_CNKI.TTF', 'HGKY_CNKI.ttf', 'HGLB_CNKI.TTF', 'HGLS_CNKI.TTF', 'HGMH_CNKI.TTF', 'HGNBS_CNKI.ttf', 'HGOCR_CNKI.ttf', 'HGPH_CNKI.TTF', 'HGPTY_CNKI.TTF', 'HGSS1_CNKI.TTF', 'HGSS2_CNKI.TTF', 'HGSS_CNKI.TTF', 'HGSXT_CNKI.ttf', 'HGTT_CNKI.ttf', 'HGTX_CNKI.TTF', 'HGWT_CNKI.TTF', 'HGWYS_CNKI.TTF', 'HGX1X_CNKI.ttf', 'HGX1_CNKI.ttf', 'HGXBS_CNKI.TTF', 'HGXC_CNKI.TTF', 'HGXF1_CNKI.ttf', 'HGXFX_CNKI.ttf', 'HGXFZ_CNKI.ttf', 'HGXH1_CNKI.TTF', 'HGXH_CNKI.TTF', 'HGXK_CNKI.TTF', 'HGXL_CNKI.TTF', 'HGXS_CNKI.TTF', 'HGXT_CNKI.ttf', 'HGXY_CNKI.ttf', 'HGY1_CNKI.TTF', 'HGY2_CNKI.TTF', 'HGY3_CNKI.TTF', 'HGY4_CNKI.TTF', 'HGYB_CNKI.ttf', 'HGYT1_CNKI.ttf', 'HGYT2_CNKI.ttf', 'HGYT_CNKI.TTF', 'HGYX_CNKI.TTF', 'HGZCS_CNKI.TTF', 'HGZDX_CNKI.TTF', 'HGZK_CNKI.TTF', 'HGZYT_CNKI.TTF', 'HGZY_CNKI.TTF', 'himalaya.ttf', 'holomdl2.ttf', 'HTOWERT.TTF', 'HTOWERTI.TTF', 'hvgafix.fon', 'hvgasys.fon', 'impact.ttf', 'IMPRISHA.TTF', 'INFROMAN.TTF', 'Inkfree.ttf', 'iqiyi_logov7.ttf', 'ITCBLKAD.TTF', 'ITCEDSCR.TTF', 'ITCKRIST.TTF', 'j8514fix.fon', 'j8514oem.fon', 'j8514sys.fon', 'javatext.ttf', 'JOKERMAN.TTF', 'jsmalle.fon', 'jsmallf.fon', 'JUICE___.TTF', 'jvgafix.fon', 'jvgasys.fon', 'KUNSTLER.TTF', 'LATINWD.TTF', 'LBRITE.TTF', 'LBRITED.TTF', 'LBRITEDI.TTF', 'LBRITEI.TTF', 'LCALLIG.TTF', 'LeelaUIb.ttf', 'LeelawUI.ttf', 'LeelUIsl.ttf', 'LFAX.TTF', 'LFAXD.TTF', 'LFAXDI.TTF', 'LFAXI.TTF', 'LHANDW.TTF', 'LSANS.TTF', 'LSANSD.TTF', 'LSANSDI.TTF', 'LSANSI.TTF', 'LTYPE.TTF', 'LTYPEB.TTF', 'LTYPEBO.TTF', 'LTYPEO.TTF', 'lucon.ttf', 'l_10646.ttf', 'MAGNETOB.TTF', 'MAIAN.TTF', 'malgun.ttf', 'malgunbd.ttf', 'malgunsl.ttf', 'marlett.ttf', 'MATURASC.TTF', 'micross.ttf', 'mingliub.ttc', 'MISTRAL.TTF', 'mmrtext.ttf', 'mmrtextb.ttf', 'MOD20.TTF', 'modern.fon', 'monbaiti.ttf', 'msgothic.ttc', 'msjh.ttc', 'msjhbd.ttc', 'msjhl.ttc', 'msyh.ttc', 'msyhbd.ttc', 'msyhl.ttc', 'msyi.ttf', 'MTCORSVA.TTF', 'MTEXTRA.TTF', 'mvboli.ttf', 'NIAGENG.TTF', 'NIAGSOL.TTF', 'Nirmala.ttf', 'NirmalaB.ttf', 'NirmalaS.ttf', 'ntailu.ttf', 'ntailub.ttf', 'NumberOnly.ttf', 'OCRAEXT.TTF', 'OLDENGL.TTF', 'ONYX.TTF', 'OUTLOOK.TTF', 'pala.ttf', 'palab.ttf', 'palabi.ttf', 'palai.ttf', 'PALSCRI.TTF', 'PAPYRUS.TTF', 'PARCHM.TTF', 'PERBI___.TTF', 'PERB____.TTF', 'PERI____.TTF', 'PERTIBD.TTF', 'PERTILI.TTF', 'PER_____.TTF', 'phagspa.ttf', 'phagspab.ttf', 'PLAYBILL.TTF', 'POORICH.TTF', 'PRISTINA.TTF', 'RAGE.TTF', 'RAVIE.TTF', 'REFSAN.TTF', 'REFSPCL.TTF', 'ROCCB___.TTF', 'ROCC____.TTF', 'ROCK.TTF', 'ROCKB.TTF', 'ROCKBI.TTF', 'ROCKEB.TTF', 'ROCKI.TTF', 'roman.fon', 's8514fix.fon', 's8514oem.fon', 's8514sys.fon', 'SCHLBKB.TTF', 'SCHLBKBI.TTF', 'SCHLBKI.TTF', 'script.fon', 'SCRIPTBL.TTF', 'segmdl2.ttf', 'SegoeIcons.ttf', 'segoepr.ttf', 'segoeprb.ttf', 'segoesc.ttf', 'segoescb.ttf', 'segoeui.ttf', 'segoeuib.ttf', 'segoeuii.ttf', 'segoeuil.ttf', 'segoeuisl.ttf', 'segoeuiz.ttf', 'seguibl.ttf', 'seguibli.ttf', 'seguiemj.ttf', 'seguihis.ttf', 'seguili.ttf', 'seguisb.ttf', 'seguisbi.ttf', 'seguisli.ttf', 'seguisym.ttf', 'SegUIVar.ttf', 'sere1255.fon', 'sere1256.fon', 'sere1257.fon', 'serf1255.fon', 'serf1256.fon', 'serf1257.fon', 'serife.fon', 'serifee.fon', 'serifeg.fon', 'serifer.fon', 'serifet.fon', 'seriff.fon', 'seriffe.fon', 'seriffg.fon', 'seriffr.fon', 'serifft.fon', 'SHOWG.TTF', 'simfang.ttf', 'simhei.ttf', 'simkai.ttf', 'SIMLI.TTF', 'simsun.ttc', 'simsunb.ttf', 'SIMYOU.TTF', 'SitkaVF-Italic.ttf', 'SitkaVF.ttf', 'smae1255.fon', 'smae1256.fon', 'smae1257.fon', 'smaf1255.fon', 'smaf1256.fon', 'smaf1257.fon', 'smalle.fon', 'smallee.fon', 'smalleg.fon', 'smaller.fon', 'smallet.fon', 'smallf.fon', 'smallfe.fon', 'smallfg.fon', 'smallfr.fon', 'smallft.fon', 'SNAP____.TTF', 'ssee1255.fon', 'ssee1256.fon', 'ssee1257.fon', 'ssee874.fon', 'ssef1255.fon', 'ssef1256.fon', 'ssef1257.fon', 'ssef874.fon', 'sserife.fon', 'sserifee.fon', 'sserifeg.fon', 'sserifer.fon', 'sserifet.fon', 'sseriff.fon', 'sseriffe.fon', 'sseriffg.fon', 'sseriffr.fon', 'sserifft.fon', 'StaticCache.dat', 'STCAIYUN.TTF', 'STENCIL.TTF', 'STFANGSO.TTF', 'STHUPO.TTF', 'STKAITI.TTF', 'STLITI.TTF', 'STSONG.TTF', 'STXIHEI.TTF', 'STXINGKA.TTF', 'STXINWEI.TTF', 'STZHONGS.TTF', 'svgafix.fon', 'svgasys.fon', 'sylfaen.ttf', 'symbol.ttf', 'tahoma.ttf', 'tahomabd.ttf', 'taile.ttf', 'taileb.ttf', 'TCBI____.TTF', 'TCB_____.TTF', 'TCCB____.TTF', 'TCCEB.TTF', 'TCCM____.TTF', 'TCMI____.TTF', 'TCM_____.TTF', 'TEMPSITC.TTF', 'times.ttf', 'timesbd.ttf', 'timesbi.ttf', 'timesi.ttf', 'trebuc.ttf', 'trebucbd.ttf', 'trebucbi.ttf', 'trebucit.ttf', 'verdana.ttf', 'verdanab.ttf', 'verdanai.ttf', 'verdanaz.ttf', 'vga737.fon', 'vga775.fon', 'vga850.fon', 'vga852.fon', 'vga855.fon', 'vga857.fon', 'vga860.fon', 'vga861.fon', 'vga863.fon', 'vga865.fon', 'vga866.fon', 'vga869.fon', 'vga932.fon', 'vga936.fon', 'vga949.fon', 'vga950.fon', 'vgaf1255.fon', 'vgaf1256.fon', 'vgaf1257.fon', 'vgaf874.fon', 'vgafix.fon', 'vgafixe.fon', 'vgafixg.fon', 'vgafixr.fon', 'vgafixt.fon', 'vgaoem.fon', 'vgas1255.fon', 'vgas1256.fon', 'vgas1257.fon', 'vgas874.fon', 'vgasys.fon', 'vgasyse.fon', 'vgasysg.fon', 'vgasysr.fon', 'vgasyst.fon', 'VINERITC.TTF', 'VIVALDII.TTF', 'VLADIMIR.TTF', 'webdings.ttf', 'wingding.ttf', 'WINGDNG2.TTF', 'WINGDNG3.TTF', 'YuGothB.ttc', 'YuGothL.ttc', 'YuGothM.ttc', 'YuGothR.ttc', '\u534e\u5eb7\u65b9\u5706\u4f53W7.TTC', '\u65b9\u6b63\u7c97\u9ed1\u5b8b\u7b80\u4f53.ttf']
2023-09-27 15:58:49,699 - INFO - all fonts installed:['8514fix.fon', '8514fixe.fon', '8514fixg.fon', '8514fixr.fon', '8514fixt.fon', '8514oem.fon', '8514oeme.fon', '8514oemg.fon', '8514oemr.fon', '8514oemt.fon', '8514sys.fon', '8514syse.fon', '8514sysg.fon', '8514sysr.fon', '8514syst.fon', '85775.fon', '85855.fon', '85f1255.fon', '85f1256.fon', '85f1257.fon', '85f874.fon', '85s1255.fon', '85s1256.fon', '85s1257.fon', '85s874.fon', 'AGENCYB.TTF', 'AGENCYR.TTF', 'ALGER.TTF', 'ANTQUAB.TTF', 'ANTQUABI.TTF', 'ANTQUAI.TTF', 'app775.fon', 'app850.fon', 'app852.fon', 'app855.fon', 'app857.fon', 'app866.fon', 'app932.fon', 'app936.fon', 'app949.fon', 'app950.fon', 'arial.ttf', 'arialbd.ttf', 'arialbi.ttf', 'ariali.ttf', 'ARIALN.TTF', 'ARIALNB.TTF', 'ARIALNBI.TTF', 'ARIALNI.TTF', 'ariblk.ttf', 'ARLRDBD.TTF', 'AxureHandwriting-Bold.otf', 'AxureHandwriting-BoldItalic.otf', 'AxureHandwriting-Italic.otf', 'AxureHandwriting.otf', 'bahnschrift.ttf', 'BASKVILL.TTF', 'BAUHS93.TTF', 'BELL.TTF', 'BELLB.TTF', 'BELLI.TTF', 'BERNHC.TTF', 'BKANT.TTF', 'BOD_B.TTF', 'BOD_BI.TTF', 'BOD_BLAI.TTF', 'BOD_BLAR.TTF', 'BOD_CB.TTF', 'BOD_CBI.TTF', 'BOD_CI.TTF', 'BOD_CR.TTF', 'BOD_I.TTF', 'BOD_PSTC.TTF', 'BOD_R.TTF', 'BOOKOS.TTF', 'BOOKOSB.TTF', 'BOOKOSBI.TTF', 'BOOKOSI.TTF', 'BRADHITC.TTF', 'BRITANIC.TTF', 'BRLNSB.TTF', 'BRLNSDB.TTF', 'BRLNSR.TTF', 'BROADW.TTF', 'BRUSHSCI.TTF', 'BSSYM7.TTF', 'c8514fix.fon', 'c8514oem.fon', 'c8514sys.fon', 'calibri.ttf', 'calibrib.ttf', 'calibrii.ttf', 'calibril.ttf', 'calibrili.ttf', 'calibriz.ttf', 'CALIFB.TTF', 'CALIFI.TTF', 'CALIFR.TTF', 'CALIST.TTF', 'CALISTB.TTF', 'CALISTBI.TTF', 'CALISTI.TTF', 'cambria.ttc', 'cambriab.ttf', 'cambriai.ttf', 'cambriaz.ttf', 'Candara.ttf', 'Candarab.ttf', 'Candarai.ttf', 'Candaral.ttf', 'Candarali.ttf', 'Candaraz.ttf', 'CascadiaCode.ttf', 'CascadiaMono.ttf', 'CASTELAR.TTF', 'CENSCBK.TTF', 'CENTAUR.TTF', 'CENTURY.TTF', 'cga40737.fon', 'cga40850.fon', 'cga40852.fon', 'cga40857.fon', 'cga40866.fon', 'cga40869.fon', 'cga40woa.fon', 'cga80737.fon', 'cga80850.fon', 'cga80852.fon', 'cga80857.fon', 'cga80866.fon', 'cga80869.fon', 'cga80woa.fon', 'CHILLER.TTF', 'COLONNA.TTF', 'comic.ttf', 'comicbd.ttf', 'comici.ttf', 'comicz.ttf', 'consola.ttf', 'consolab.ttf', 'consolai.ttf', 'consolaz.ttf', 'constan.ttf', 'constanb.ttf', 'constani.ttf', 'constanz.ttf', 'COOPBL.TTF', 'COPRGTB.TTF', 'COPRGTL.TTF', 'corbel.ttf', 'corbelb.ttf', 'corbeli.ttf', 'corbell.ttf', 'corbelli.ttf', 'corbelz.ttf', 'coue1255.fon', 'coue1256.fon', 'coue1257.fon', 'couf1255.fon', 'couf1256.fon', 'couf1257.fon', 'cour.ttf', 'courbd.ttf', 'courbi.ttf', 'coure.fon', 'couree.fon', 'coureg.fon', 'courer.fon', 'couret.fon', 'courf.fon', 'courfe.fon', 'courfg.fon', 'courfr.fon', 'courft.fon', 'couri.ttf', 'CURLZ___.TTF', 'cvgafix.fon', 'cvgasys.fon', 'Deng.ttf', 'Dengb.ttf', 'Dengl.ttf', 'desktop.ini', 'dos737.fon', 'dos869.fon', 'dosapp.fon', 'DUBAI-BOLD.TTF', 'DUBAI-LIGHT.TTF', 'DUBAI-MEDIUM.TTF', 'DUBAI-REGULAR.TTF', 'ebrima.ttf', 'ebrimabd.ttf', 'ega40737.fon', 'ega40850.fon', 'ega40852.fon', 'ega40857.fon', 'ega40866.fon', 'ega40869.fon', 'ega40woa.fon', 'ega80737.fon', 'ega80850.fon', 'ega80852.fon', 'ega80857.fon', 'ega80866.fon', 'ega80869.fon', 'ega80woa.fon', 'ELEPHNT.TTF', 'ELEPHNTI.TTF', 'ENGR.TTF', 'ERASBD.TTF', 'ERASDEMI.TTF', 'ERASLGHT.TTF', 'ERASMD.TTF', 'FELIXTI.TTF', 'fms_metadata.xml', 'FORTE.TTF', 'FRABK.TTF', 'FRABKIT.TTF', 'FRADM.TTF', 'FRADMCN.TTF', 'FRADMIT.TTF', 'FRAHV.TTF', 'FRAHVIT.TTF', 'framd.ttf', 'FRAMDCN.TTF', 'framdit.ttf', 'FREESCPT.TTF', 'FRSCRIPT.TTF', 'FTLTLT.TTF', 'FZSTK.TTF', 'FZYTK.TTF', 'Gabriola.ttf', 'gadugi.ttf', 'gadugib.ttf', 'GARA.TTF', 'GARABD.TTF', 'GARAIT.TTF', 'georgia.ttf', 'georgiab.ttf', 'georgiai.ttf', 'georgiaz.ttf', 'GIGI.TTF', 'GILBI___.TTF', 'GILB____.TTF', 'GILC____.TTF', 'GILI____.TTF', 'GILLUBCD.TTF', 'GILSANUB.TTF', 'GIL_____.TTF', 'GLECB.TTF', 'GlobalMonospace.CompositeFont', 'GlobalSansSerif.CompositeFont', 'GlobalSerif.CompositeFont', 'GlobalUserInterface.CompositeFont', 'GLSNECB.TTF', 'GOTHIC.TTF', 'GOTHICB.TTF', 'GOTHICBI.TTF', 'GOTHICI.TTF', 'GOUDOS.TTF', 'GOUDOSB.TTF', 'GOUDOSI.TTF', 'GOUDYSTO.TTF', 'h8514fix.fon', 'h8514oem.fon', 'h8514sys.fon', 'HARLOWSI.TTF', 'HARNGTON.TTF', 'HATTEN.TTF', 'HGB1X_CNKI.ttf', 'HGB1_CNKI.ttf', 'HGB2X_CNKI.ttf', 'HGB2_CNKI.ttf', 'HGB3X_CNKI.ttf', 'HGB3_CNKI.ttf', 'HGB4X_CNKI.ttf', 'HGB4_CNKI.ttf', 'HGB5X_CNKI.ttf', 'HGB5_CNKI.ttf', 'HGB6X_CNKI.ttf', 'HGB6_CNKI.ttf', 'HGB7X_CNKI.ttf', 'HGB7_CNKI.ttf', 'HGB8X_CNKI.ttf', 'HGB8_CNKI.ttf', 'HGBD_CNKI.ttf', 'HGBKBX_CNKI.ttf', 'HGBKB_CNKI.ttf', 'HGBKHX_CNKI.ttf', 'HGBKH_CNKI.ttf', 'HGBS1_CNKI.TTF', 'HGBS2_CNKI.TTF', 'HGBS_CNKI.TTF', 'HGBTH_CNKI.TTF', 'HGBTS_CNKI.TTF', 'HGBX_CNKI.ttf', 'HGBZ_CNKI.ttf', 'HGCH_CNKI.TTF', 'HGCUH_CNKI.TTF', 'HGCY_CNKI.TTF', 'HGDBS_CNKI.TTF', 'HGDGY_CNKI.TTF', 'HGDH2_CNKI.TTF', 'HGDH_CNKI.TTF', 'HGDYS_CNKI.TTF', 'HGDY_CNKI.ttf', 'HGF1X_CNKI.ttf', 'HGF1_CNKI.ttf', 'HGF2X_CNKI.ttf', 'HGF2_CNKI.ttf', 'HGF3_CNKI.ttf', 'HGF4X_CNKI.ttf', 'HGF4_CNKI.ttf', 'HGF5X_CNKI.ttf', 'HGF5_CNKI.ttf', 'HGF6X_CNKI.ttf', 'HGF6_CNKI.ttf', 'HGF7X_CNKI.ttf', 'HGF7_CNKI.ttf', 'HGF8_CNKI.ttf', 'HGF9X_CNKI.ttf', 'HGF9_CNKI.ttf', 'HGFS1_CNKI.TTF', 'HGFS2_CNKI.TTF', 'HGFSH_CNKI.TTF', 'HGFS_CNKI.TTF', 'HGFX_CNKI.ttf', 'HGFZ_CNKI.ttf', 'HGGG_CNKI.TTF', 'HGH1X_CNKI.ttf', 'HGH1_CNKI.ttf', 'HGH2X_CNKI.ttf', 'HGH2_CNKI.ttf', 'HGH3X_CNKI.ttf', 'HGH3_CNKI.ttf', 'HGH4X_CNKI.ttf', 'HGH4_CNKI.ttf', 'HGH5X_CNKI.ttf', 'HGH5_CNKI.ttf', 'HGH6X_CNKI.ttf', 'HGH6_CNKI.ttf', 'HGH7X_CNKI.ttf', 'HGH7_CNKI.ttf', 'HGHB_CNKI.TTF', 'HGHD_CNKI.ttf', 'HGHP_CNKI.TTF', 'HGHT1_CNKI.ttf', 'HGHT2_CNKI.ttf', 'HGHUATI_CNKI.ttf', 'HGHX_CNKI.ttf', 'HGHZ_CNKI.ttf', 'HGH_CNKI.TTF', 'HGKT1_CNKI.TTF', 'HGKT2_CNKI.TTF', 'HGKT_CNKI.TTF', 'HGKY_CNKI.ttf', 'HGLB_CNKI.TTF', 'HGLS_CNKI.TTF', 'HGMH_CNKI.TTF', 'HGNBS_CNKI.ttf', 'HGOCR_CNKI.ttf', 'HGPH_CNKI.TTF', 'HGPTY_CNKI.TTF', 'HGSS1_CNKI.TTF', 'HGSS2_CNKI.TTF', 'HGSS_CNKI.TTF', 'HGSXT_CNKI.ttf', 'HGTT_CNKI.ttf', 'HGTX_CNKI.TTF', 'HGWT_CNKI.TTF', 'HGWYS_CNKI.TTF', 'HGX1X_CNKI.ttf', 'HGX1_CNKI.ttf', 'HGXBS_CNKI.TTF', 'HGXC_CNKI.TTF', 'HGXF1_CNKI.ttf', 'HGXFX_CNKI.ttf', 'HGXFZ_CNKI.ttf', 'HGXH1_CNKI.TTF', 'HGXH_CNKI.TTF', 'HGXK_CNKI.TTF', 'HGXL_CNKI.TTF', 'HGXS_CNKI.TTF', 'HGXT_CNKI.ttf', 'HGXY_CNKI.ttf', 'HGY1_CNKI.TTF', 'HGY2_CNKI.TTF', 'HGY3_CNKI.TTF', 'HGY4_CNKI.TTF', 'HGYB_CNKI.ttf', 'HGYT1_CNKI.ttf', 'HGYT2_CNKI.ttf', 'HGYT_CNKI.TTF', 'HGYX_CNKI.TTF', 'HGZCS_CNKI.TTF', 'HGZDX_CNKI.TTF', 'HGZK_CNKI.TTF', 'HGZYT_CNKI.TTF', 'HGZY_CNKI.TTF', 'himalaya.ttf', 'holomdl2.ttf', 'HTOWERT.TTF', 'HTOWERTI.TTF', 'hvgafix.fon', 'hvgasys.fon', 'impact.ttf', 'IMPRISHA.TTF', 'INFROMAN.TTF', 'Inkfree.ttf', 'iqiyi_logov7.ttf', 'ITCBLKAD.TTF', 'ITCEDSCR.TTF', 'ITCKRIST.TTF', 'j8514fix.fon', 'j8514oem.fon', 'j8514sys.fon', 'javatext.ttf', 'JOKERMAN.TTF', 'jsmalle.fon', 'jsmallf.fon', 'JUICE___.TTF', 'jvgafix.fon', 'jvgasys.fon', 'KUNSTLER.TTF', 'LATINWD.TTF', 'LBRITE.TTF', 'LBRITED.TTF', 'LBRITEDI.TTF', 'LBRITEI.TTF', 'LCALLIG.TTF', 'LeelaUIb.ttf', 'LeelawUI.ttf', 'LeelUIsl.ttf', 'LFAX.TTF', 'LFAXD.TTF', 'LFAXDI.TTF', 'LFAXI.TTF', 'LHANDW.TTF', 'LSANS.TTF', 'LSANSD.TTF', 'LSANSDI.TTF', 'LSANSI.TTF', 'LTYPE.TTF', 'LTYPEB.TTF', 'LTYPEBO.TTF', 'LTYPEO.TTF', 'lucon.ttf', 'l_10646.ttf', 'MAGNETOB.TTF', 'MAIAN.TTF', 'malgun.ttf', 'malgunbd.ttf', 'malgunsl.ttf', 'marlett.ttf', 'MATURASC.TTF', 'micross.ttf', 'mingliub.ttc', 'MISTRAL.TTF', 'mmrtext.ttf', 'mmrtextb.ttf', 'MOD20.TTF', 'modern.fon', 'monbaiti.ttf', 'msgothic.ttc', 'msjh.ttc', 'msjhbd.ttc', 'msjhl.ttc', 'msyh.ttc', 'msyhbd.ttc', 'msyhl.ttc', 'msyi.ttf', 'MTCORSVA.TTF', 'MTEXTRA.TTF', 'mvboli.ttf', 'NIAGENG.TTF', 'NIAGSOL.TTF', 'Nirmala.ttf', 'NirmalaB.ttf', 'NirmalaS.ttf', 'ntailu.ttf', 'ntailub.ttf', 'NumberOnly.ttf', 'OCRAEXT.TTF', 'OLDENGL.TTF', 'ONYX.TTF', 'OUTLOOK.TTF', 'pala.ttf', 'palab.ttf', 'palabi.ttf', 'palai.ttf', 'PALSCRI.TTF', 'PAPYRUS.TTF', 'PARCHM.TTF', 'PERBI___.TTF', 'PERB____.TTF', 'PERI____.TTF', 'PERTIBD.TTF', 'PERTILI.TTF', 'PER_____.TTF', 'phagspa.ttf', 'phagspab.ttf', 'PLAYBILL.TTF', 'POORICH.TTF', 'PRISTINA.TTF', 'RAGE.TTF', 'RAVIE.TTF', 'REFSAN.TTF', 'REFSPCL.TTF', 'ROCCB___.TTF', 'ROCC____.TTF', 'ROCK.TTF', 'ROCKB.TTF', 'ROCKBI.TTF', 'ROCKEB.TTF', 'ROCKI.TTF', 'roman.fon', 's8514fix.fon', 's8514oem.fon', 's8514sys.fon', 'SCHLBKB.TTF', 'SCHLBKBI.TTF', 'SCHLBKI.TTF', 'script.fon', 'SCRIPTBL.TTF', 'segmdl2.ttf', 'SegoeIcons.ttf', 'segoepr.ttf', 'segoeprb.ttf', 'segoesc.ttf', 'segoescb.ttf', 'segoeui.ttf', 'segoeuib.ttf', 'segoeuii.ttf', 'segoeuil.ttf', 'segoeuisl.ttf', 'segoeuiz.ttf', 'seguibl.ttf', 'seguibli.ttf', 'seguiemj.ttf', 'seguihis.ttf', 'seguili.ttf', 'seguisb.ttf', 'seguisbi.ttf', 'seguisli.ttf', 'seguisym.ttf', 'SegUIVar.ttf', 'sere1255.fon', 'sere1256.fon', 'sere1257.fon', 'serf1255.fon', 'serf1256.fon', 'serf1257.fon', 'serife.fon', 'serifee.fon', 'serifeg.fon', 'serifer.fon', 'serifet.fon', 'seriff.fon', 'seriffe.fon', 'seriffg.fon', 'seriffr.fon', 'serifft.fon', 'SHOWG.TTF', 'simfang.ttf', 'simhei.ttf', 'simkai.ttf', 'SIMLI.TTF', 'simsun.ttc', 'simsunb.ttf', 'SIMYOU.TTF', 'SitkaVF-Italic.ttf', 'SitkaVF.ttf', 'smae1255.fon', 'smae1256.fon', 'smae1257.fon', 'smaf1255.fon', 'smaf1256.fon', 'smaf1257.fon', 'smalle.fon', 'smallee.fon', 'smalleg.fon', 'smaller.fon', 'smallet.fon', 'smallf.fon', 'smallfe.fon', 'smallfg.fon', 'smallfr.fon', 'smallft.fon', 'SNAP____.TTF', 'ssee1255.fon', 'ssee1256.fon', 'ssee1257.fon', 'ssee874.fon', 'ssef1255.fon', 'ssef1256.fon', 'ssef1257.fon', 'ssef874.fon', 'sserife.fon', 'sserifee.fon', 'sserifeg.fon', 'sserifer.fon', 'sserifet.fon', 'sseriff.fon', 'sseriffe.fon', 'sseriffg.fon', 'sseriffr.fon', 'sserifft.fon', 'StaticCache.dat', 'STCAIYUN.TTF', 'STENCIL.TTF', 'STFANGSO.TTF', 'STHUPO.TTF', 'STKAITI.TTF', 'STLITI.TTF', 'STSONG.TTF', 'STXIHEI.TTF', 'STXINGKA.TTF', 'STXINWEI.TTF', 'STZHONGS.TTF', 'svgafix.fon', 'svgasys.fon', 'sylfaen.ttf', 'symbol.ttf', 'tahoma.ttf', 'tahomabd.ttf', 'taile.ttf', 'taileb.ttf', 'TCBI____.TTF', 'TCB_____.TTF', 'TCCB____.TTF', 'TCCEB.TTF', 'TCCM____.TTF', 'TCMI____.TTF', 'TCM_____.TTF', 'TEMPSITC.TTF', 'times.ttf', 'timesbd.ttf', 'timesbi.ttf', 'timesi.ttf', 'trebuc.ttf', 'trebucbd.ttf', 'trebucbi.ttf', 'trebucit.ttf', 'verdana.ttf', 'verdanab.ttf', 'verdanai.ttf', 'verdanaz.ttf', 'vga737.fon', 'vga775.fon', 'vga850.fon', 'vga852.fon', 'vga855.fon', 'vga857.fon', 'vga860.fon', 'vga861.fon', 'vga863.fon', 'vga865.fon', 'vga866.fon', 'vga869.fon', 'vga932.fon', 'vga936.fon', 'vga949.fon', 'vga950.fon', 'vgaf1255.fon', 'vgaf1256.fon', 'vgaf1257.fon', 'vgaf874.fon', 'vgafix.fon', 'vgafixe.fon', 'vgafixg.fon', 'vgafixr.fon', 'vgafixt.fon', 'vgaoem.fon', 'vgas1255.fon', 'vgas1256.fon', 'vgas1257.fon', 'vgas874.fon', 'vgasys.fon', 'vgasyse.fon', 'vgasysg.fon', 'vgasysr.fon', 'vgasyst.fon', 'VINERITC.TTF', 'VIVALDII.TTF', 'VLADIMIR.TTF', 'webdings.ttf', 'wingding.ttf', 'WINGDNG2.TTF', 'WINGDNG3.TTF', 'YuGothB.ttc', 'YuGothL.ttc', 'YuGothM.ttc', 'YuGothR.ttc', '\u534e\u5eb7\u65b9\u5706\u4f53W7.TTC', '\u65b9\u6b63\u7c97\u9ed1\u5b8b\u7b80\u4f53.ttf']
2023-09-27 15:58:49,702 - INFO - all fonts installed:['8514fix.fon', '8514fixe.fon', '8514fixg.fon', '8514fixr.fon', '8514fixt.fon', '8514oem.fon', '8514oeme.fon', '8514oemg.fon', '8514oemr.fon', '8514oemt.fon', '8514sys.fon', '8514syse.fon', '8514sysg.fon', '8514sysr.fon', '8514syst.fon', '85775.fon', '85855.fon', '85f1255.fon', '85f1256.fon', '85f1257.fon', '85f874.fon', '85s1255.fon', '85s1256.fon', '85s1257.fon', '85s874.fon', 'AGENCYB.TTF', 'AGENCYR.TTF', 'ALGER.TTF', 'ANTQUAB.TTF', 'ANTQUABI.TTF', 'ANTQUAI.TTF', 'app775.fon', 'app850.fon', 'app852.fon', 'app855.fon', 'app857.fon', 'app866.fon', 'app932.fon', 'app936.fon', 'app949.fon', 'app950.fon', 'arial.ttf', 'arialbd.ttf', 'arialbi.ttf', 'ariali.ttf', 'ARIALN.TTF', 'ARIALNB.TTF', 'ARIALNBI.TTF', 'ARIALNI.TTF', 'ariblk.ttf', 'ARLRDBD.TTF', 'AxureHandwriting-Bold.otf', 'AxureHandwriting-BoldItalic.otf', 'AxureHandwriting-Italic.otf', 'AxureHandwriting.otf', 'bahnschrift.ttf', 'BASKVILL.TTF', 'BAUHS93.TTF', 'BELL.TTF', 'BELLB.TTF', 'BELLI.TTF', 'BERNHC.TTF', 'BKANT.TTF', 'BOD_B.TTF', 'BOD_BI.TTF', 'BOD_BLAI.TTF', 'BOD_BLAR.TTF', 'BOD_CB.TTF', 'BOD_CBI.TTF', 'BOD_CI.TTF', 'BOD_CR.TTF', 'BOD_I.TTF', 'BOD_PSTC.TTF', 'BOD_R.TTF', 'BOOKOS.TTF', 'BOOKOSB.TTF', 'BOOKOSBI.TTF', 'BOOKOSI.TTF', 'BRADHITC.TTF', 'BRITANIC.TTF', 'BRLNSB.TTF', 'BRLNSDB.TTF', 'BRLNSR.TTF', 'BROADW.TTF', 'BRUSHSCI.TTF', 'BSSYM7.TTF', 'c8514fix.fon', 'c8514oem.fon', 'c8514sys.fon', 'calibri.ttf', 'calibrib.ttf', 'calibrii.ttf', 'calibril.ttf', 'calibrili.ttf', 'calibriz.ttf', 'CALIFB.TTF', 'CALIFI.TTF', 'CALIFR.TTF', 'CALIST.TTF', 'CALISTB.TTF', 'CALISTBI.TTF', 'CALISTI.TTF', 'cambria.ttc', 'cambriab.ttf', 'cambriai.ttf', 'cambriaz.ttf', 'Candara.ttf', 'Candarab.ttf', 'Candarai.ttf', 'Candaral.ttf', 'Candarali.ttf', 'Candaraz.ttf', 'CascadiaCode.ttf', 'CascadiaMono.ttf', 'CASTELAR.TTF', 'CENSCBK.TTF', 'CENTAUR.TTF', 'CENTURY.TTF', 'cga40737.fon', 'cga40850.fon', 'cga40852.fon', 'cga40857.fon', 'cga40866.fon', 'cga40869.fon', 'cga40woa.fon', 'cga80737.fon', 'cga80850.fon', 'cga80852.fon', 'cga80857.fon', 'cga80866.fon', 'cga80869.fon', 'cga80woa.fon', 'CHILLER.TTF', 'COLONNA.TTF', 'comic.ttf', 'comicbd.ttf', 'comici.ttf', 'comicz.ttf', 'consola.ttf', 'consolab.ttf', 'consolai.ttf', 'consolaz.ttf', 'constan.ttf', 'constanb.ttf', 'constani.ttf', 'constanz.ttf', 'COOPBL.TTF', 'COPRGTB.TTF', 'COPRGTL.TTF', 'corbel.ttf', 'corbelb.ttf', 'corbeli.ttf', 'corbell.ttf', 'corbelli.ttf', 'corbelz.ttf', 'coue1255.fon', 'coue1256.fon', 'coue1257.fon', 'couf1255.fon', 'couf1256.fon', 'couf1257.fon', 'cour.ttf', 'courbd.ttf', 'courbi.ttf', 'coure.fon', 'couree.fon', 'coureg.fon', 'courer.fon', 'couret.fon', 'courf.fon', 'courfe.fon', 'courfg.fon', 'courfr.fon', 'courft.fon', 'couri.ttf', 'CURLZ___.TTF', 'cvgafix.fon', 'cvgasys.fon', 'Deng.ttf', 'Dengb.ttf', 'Dengl.ttf', 'desktop.ini', 'dos737.fon', 'dos869.fon', 'dosapp.fon', 'DUBAI-BOLD.TTF', 'DUBAI-LIGHT.TTF', 'DUBAI-MEDIUM.TTF', 'DUBAI-REGULAR.TTF', 'ebrima.ttf', 'ebrimabd.ttf', 'ega40737.fon', 'ega40850.fon', 'ega40852.fon', 'ega40857.fon', 'ega40866.fon', 'ega40869.fon', 'ega40woa.fon', 'ega80737.fon', 'ega80850.fon', 'ega80852.fon', 'ega80857.fon', 'ega80866.fon', 'ega80869.fon', 'ega80woa.fon', 'ELEPHNT.TTF', 'ELEPHNTI.TTF', 'ENGR.TTF', 'ERASBD.TTF', 'ERASDEMI.TTF', 'ERASLGHT.TTF', 'ERASMD.TTF', 'FELIXTI.TTF', 'fms_metadata.xml', 'FORTE.TTF', 'FRABK.TTF', 'FRABKIT.TTF', 'FRADM.TTF', 'FRADMCN.TTF', 'FRADMIT.TTF', 'FRAHV.TTF', 'FRAHVIT.TTF', 'framd.ttf', 'FRAMDCN.TTF', 'framdit.ttf', 'FREESCPT.TTF', 'FRSCRIPT.TTF', 'FTLTLT.TTF', 'FZSTK.TTF', 'FZYTK.TTF', 'Gabriola.ttf', 'gadugi.ttf', 'gadugib.ttf', 'GARA.TTF', 'GARABD.TTF', 'GARAIT.TTF', 'georgia.ttf', 'georgiab.ttf', 'georgiai.ttf', 'georgiaz.ttf', 'GIGI.TTF', 'GILBI___.TTF', 'GILB____.TTF', 'GILC____.TTF', 'GILI____.TTF', 'GILLUBCD.TTF', 'GILSANUB.TTF', 'GIL_____.TTF', 'GLECB.TTF', 'GlobalMonospace.CompositeFont', 'GlobalSansSerif.CompositeFont', 'GlobalSerif.CompositeFont', 'GlobalUserInterface.CompositeFont', 'GLSNECB.TTF', 'GOTHIC.TTF', 'GOTHICB.TTF', 'GOTHICBI.TTF', 'GOTHICI.TTF', 'GOUDOS.TTF', 'GOUDOSB.TTF', 'GOUDOSI.TTF', 'GOUDYSTO.TTF', 'h8514fix.fon', 'h8514oem.fon', 'h8514sys.fon', 'HARLOWSI.TTF', 'HARNGTON.TTF', 'HATTEN.TTF', 'HGB1X_CNKI.ttf', 'HGB1_CNKI.ttf', 'HGB2X_CNKI.ttf', 'HGB2_CNKI.ttf', 'HGB3X_CNKI.ttf', 'HGB3_CNKI.ttf', 'HGB4X_CNKI.ttf', 'HGB4_CNKI.ttf', 'HGB5X_CNKI.ttf', 'HGB5_CNKI.ttf', 'HGB6X_CNKI.ttf', 'HGB6_CNKI.ttf', 'HGB7X_CNKI.ttf', 'HGB7_CNKI.ttf', 'HGB8X_CNKI.ttf', 'HGB8_CNKI.ttf', 'HGBD_CNKI.ttf', 'HGBKBX_CNKI.ttf', 'HGBKB_CNKI.ttf', 'HGBKHX_CNKI.ttf', 'HGBKH_CNKI.ttf', 'HGBS1_CNKI.TTF', 'HGBS2_CNKI.TTF', 'HGBS_CNKI.TTF', 'HGBTH_CNKI.TTF', 'HGBTS_CNKI.TTF', 'HGBX_CNKI.ttf', 'HGBZ_CNKI.ttf', 'HGCH_CNKI.TTF', 'HGCUH_CNKI.TTF', 'HGCY_CNKI.TTF', 'HGDBS_CNKI.TTF', 'HGDGY_CNKI.TTF', 'HGDH2_CNKI.TTF', 'HGDH_CNKI.TTF', 'HGDYS_CNKI.TTF', 'HGDY_CNKI.ttf', 'HGF1X_CNKI.ttf', 'HGF1_CNKI.ttf', 'HGF2X_CNKI.ttf', 'HGF2_CNKI.ttf', 'HGF3_CNKI.ttf', 'HGF4X_CNKI.ttf', 'HGF4_CNKI.ttf', 'HGF5X_CNKI.ttf', 'HGF5_CNKI.ttf', 'HGF6X_CNKI.ttf', 'HGF6_CNKI.ttf', 'HGF7X_CNKI.ttf', 'HGF7_CNKI.ttf', 'HGF8_CNKI.ttf', 'HGF9X_CNKI.ttf', 'HGF9_CNKI.ttf', 'HGFS1_CNKI.TTF', 'HGFS2_CNKI.TTF', 'HGFSH_CNKI.TTF', 'HGFS_CNKI.TTF', 'HGFX_CNKI.ttf', 'HGFZ_CNKI.ttf', 'HGGG_CNKI.TTF', 'HGH1X_CNKI.ttf', 'HGH1_CNKI.ttf', 'HGH2X_CNKI.ttf', 'HGH2_CNKI.ttf', 'HGH3X_CNKI.ttf', 'HGH3_CNKI.ttf', 'HGH4X_CNKI.ttf', 'HGH4_CNKI.ttf', 'HGH5X_CNKI.ttf', 'HGH5_CNKI.ttf', 'HGH6X_CNKI.ttf', 'HGH6_CNKI.ttf', 'HGH7X_CNKI.ttf', 'HGH7_CNKI.ttf', 'HGHB_CNKI.TTF', 'HGHD_CNKI.ttf', 'HGHP_CNKI.TTF', 'HGHT1_CNKI.ttf', 'HGHT2_CNKI.ttf', 'HGHUATI_CNKI.ttf', 'HGHX_CNKI.ttf', 'HGHZ_CNKI.ttf', 'HGH_CNKI.TTF', 'HGKT1_CNKI.TTF', 'HGKT2_CNKI.TTF', 'HGKT_CNKI.TTF', 'HGKY_CNKI.ttf', 'HGLB_CNKI.TTF', 'HGLS_CNKI.TTF', 'HGMH_CNKI.TTF', 'HGNBS_CNKI.ttf', 'HGOCR_CNKI.ttf', 'HGPH_CNKI.TTF', 'HGPTY_CNKI.TTF', 'HGSS1_CNKI.TTF', 'HGSS2_CNKI.TTF', 'HGSS_CNKI.TTF', 'HGSXT_CNKI.ttf', 'HGTT_CNKI.ttf', 'HGTX_CNKI.TTF', 'HGWT_CNKI.TTF', 'HGWYS_CNKI.TTF', 'HGX1X_CNKI.ttf', 'HGX1_CNKI.ttf', 'HGXBS_CNKI.TTF', 'HGXC_CNKI.TTF', 'HGXF1_CNKI.ttf', 'HGXFX_CNKI.ttf', 'HGXFZ_CNKI.ttf', 'HGXH1_CNKI.TTF', 'HGXH_CNKI.TTF', 'HGXK_CNKI.TTF', 'HGXL_CNKI.TTF', 'HGXS_CNKI.TTF', 'HGXT_CNKI.ttf', 'HGXY_CNKI.ttf', 'HGY1_CNKI.TTF', 'HGY2_CNKI.TTF', 'HGY3_CNKI.TTF', 'HGY4_CNKI.TTF', 'HGYB_CNKI.ttf', 'HGYT1_CNKI.ttf', 'HGYT2_CNKI.ttf', 'HGYT_CNKI.TTF', 'HGYX_CNKI.TTF', 'HGZCS_CNKI.TTF', 'HGZDX_CNKI.TTF', 'HGZK_CNKI.TTF', 'HGZYT_CNKI.TTF', 'HGZY_CNKI.TTF', 'himalaya.ttf', 'holomdl2.ttf', 'HTOWERT.TTF', 'HTOWERTI.TTF', 'hvgafix.fon', 'hvgasys.fon', 'impact.ttf', 'IMPRISHA.TTF', 'INFROMAN.TTF', 'Inkfree.ttf', 'iqiyi_logov7.ttf', 'ITCBLKAD.TTF', 'ITCEDSCR.TTF', 'ITCKRIST.TTF', 'j8514fix.fon', 'j8514oem.fon', 'j8514sys.fon', 'javatext.ttf', 'JOKERMAN.TTF', 'jsmalle.fon', 'jsmallf.fon', 'JUICE___.TTF', 'jvgafix.fon', 'jvgasys.fon', 'KUNSTLER.TTF', 'LATINWD.TTF', 'LBRITE.TTF', 'LBRITED.TTF', 'LBRITEDI.TTF', 'LBRITEI.TTF', 'LCALLIG.TTF', 'LeelaUIb.ttf', 'LeelawUI.ttf', 'LeelUIsl.ttf', 'LFAX.TTF', 'LFAXD.TTF', 'LFAXDI.TTF', 'LFAXI.TTF', 'LHANDW.TTF', 'LSANS.TTF', 'LSANSD.TTF', 'LSANSDI.TTF', 'LSANSI.TTF', 'LTYPE.TTF', 'LTYPEB.TTF', 'LTYPEBO.TTF', 'LTYPEO.TTF', 'lucon.ttf', 'l_10646.ttf', 'MAGNETOB.TTF', 'MAIAN.TTF', 'malgun.ttf', 'malgunbd.ttf', 'malgunsl.ttf', 'marlett.ttf', 'MATURASC.TTF', 'micross.ttf', 'mingliub.ttc', 'MISTRAL.TTF', 'mmrtext.ttf', 'mmrtextb.ttf', 'MOD20.TTF', 'modern.fon', 'monbaiti.ttf', 'msgothic.ttc', 'msjh.ttc', 'msjhbd.ttc', 'msjhl.ttc', 'msyh.ttc', 'msyhbd.ttc', 'msyhl.ttc', 'msyi.ttf', 'MTCORSVA.TTF', 'MTEXTRA.TTF', 'mvboli.ttf', 'NIAGENG.TTF', 'NIAGSOL.TTF', 'Nirmala.ttf', 'NirmalaB.ttf', 'NirmalaS.ttf', 'ntailu.ttf', 'ntailub.ttf', 'NumberOnly.ttf', 'OCRAEXT.TTF', 'OLDENGL.TTF', 'ONYX.TTF', 'OUTLOOK.TTF', 'pala.ttf', 'palab.ttf', 'palabi.ttf', 'palai.ttf', 'PALSCRI.TTF', 'PAPYRUS.TTF', 'PARCHM.TTF', 'PERBI___.TTF', 'PERB____.TTF', 'PERI____.TTF', 'PERTIBD.TTF', 'PERTILI.TTF', 'PER_____.TTF', 'phagspa.ttf', 'phagspab.ttf', 'PLAYBILL.TTF', 'POORICH.TTF', 'PRISTINA.TTF', 'RAGE.TTF', 'RAVIE.TTF', 'REFSAN.TTF', 'REFSPCL.TTF', 'ROCCB___.TTF', 'ROCC____.TTF', 'ROCK.TTF', 'ROCKB.TTF', 'ROCKBI.TTF', 'ROCKEB.TTF', 'ROCKI.TTF', 'roman.fon', 's8514fix.fon', 's8514oem.fon', 's8514sys.fon', 'SCHLBKB.TTF', 'SCHLBKBI.TTF', 'SCHLBKI.TTF', 'script.fon', 'SCRIPTBL.TTF', 'segmdl2.ttf', 'SegoeIcons.ttf', 'segoepr.ttf', 'segoeprb.ttf', 'segoesc.ttf', 'segoescb.ttf', 'segoeui.ttf', 'segoeuib.ttf', 'segoeuii.ttf', 'segoeuil.ttf', 'segoeuisl.ttf', 'segoeuiz.ttf', 'seguibl.ttf', 'seguibli.ttf', 'seguiemj.ttf', 'seguihis.ttf', 'seguili.ttf', 'seguisb.ttf', 'seguisbi.ttf', 'seguisli.ttf', 'seguisym.ttf', 'SegUIVar.ttf', 'sere1255.fon', 'sere1256.fon', 'sere1257.fon', 'serf1255.fon', 'serf1256.fon', 'serf1257.fon', 'serife.fon', 'serifee.fon', 'serifeg.fon', 'serifer.fon', 'serifet.fon', 'seriff.fon', 'seriffe.fon', 'seriffg.fon', 'seriffr.fon', 'serifft.fon', 'SHOWG.TTF', 'simfang.ttf', 'simhei.ttf', 'simkai.ttf', 'SIMLI.TTF', 'simsun.ttc', 'simsunb.ttf', 'SIMYOU.TTF', 'SitkaVF-Italic.ttf', 'SitkaVF.ttf', 'smae1255.fon', 'smae1256.fon', 'smae1257.fon', 'smaf1255.fon', 'smaf1256.fon', 'smaf1257.fon', 'smalle.fon', 'smallee.fon', 'smalleg.fon', 'smaller.fon', 'smallet.fon', 'smallf.fon', 'smallfe.fon', 'smallfg.fon', 'smallfr.fon', 'smallft.fon', 'SNAP____.TTF', 'ssee1255.fon', 'ssee1256.fon', 'ssee1257.fon', 'ssee874.fon', 'ssef1255.fon', 'ssef1256.fon', 'ssef1257.fon', 'ssef874.fon', 'sserife.fon', 'sserifee.fon', 'sserifeg.fon', 'sserifer.fon', 'sserifet.fon', 'sseriff.fon', 'sseriffe.fon', 'sseriffg.fon', 'sseriffr.fon', 'sserifft.fon', 'StaticCache.dat', 'STCAIYUN.TTF', 'STENCIL.TTF', 'STFANGSO.TTF', 'STHUPO.TTF', 'STKAITI.TTF', 'STLITI.TTF', 'STSONG.TTF', 'STXIHEI.TTF', 'STXINGKA.TTF', 'STXINWEI.TTF', 'STZHONGS.TTF', 'svgafix.fon', 'svgasys.fon', 'sylfaen.ttf', 'symbol.ttf', 'tahoma.ttf', 'tahomabd.ttf', 'taile.ttf', 'taileb.ttf', 'TCBI____.TTF', 'TCB_____.TTF', 'TCCB____.TTF', 'TCCEB.TTF', 'TCCM____.TTF', 'TCMI____.TTF', 'TCM_____.TTF', 'TEMPSITC.TTF', 'times.ttf', 'timesbd.ttf', 'timesbi.ttf', 'timesi.ttf', 'trebuc.ttf', 'trebucbd.ttf', 'trebucbi.ttf', 'trebucit.ttf', 'verdana.ttf', 'verdanab.ttf', 'verdanai.ttf', 'verdanaz.ttf', 'vga737.fon', 'vga775.fon', 'vga850.fon', 'vga852.fon', 'vga855.fon', 'vga857.fon', 'vga860.fon', 'vga861.fon', 'vga863.fon', 'vga865.fon', 'vga866.fon', 'vga869.fon', 'vga932.fon', 'vga936.fon', 'vga949.fon', 'vga950.fon', 'vgaf1255.fon', 'vgaf1256.fon', 'vgaf1257.fon', 'vgaf874.fon', 'vgafix.fon', 'vgafixe.fon', 'vgafixg.fon', 'vgafixr.fon', 'vgafixt.fon', 'vgaoem.fon', 'vgas1255.fon', 'vgas1256.fon', 'vgas1257.fon', 'vgas874.fon', 'vgasys.fon', 'vgasyse.fon', 'vgasysg.fon', 'vgasysr.fon', 'vgasyst.fon', 'VINERITC.TTF', 'VIVALDII.TTF', 'VLADIMIR.TTF', 'webdings.ttf', 'wingding.ttf', 'WINGDNG2.TTF', 'WINGDNG3.TTF', 'YuGothB.ttc', 'YuGothL.ttc', 'YuGothM.ttc', 'YuGothR.ttc', '\u534e\u5eb7\u65b9\u5706\u4f53W7.TTC', '\u65b9\u6b63\u7c97\u9ed1\u5b8b\u7b80\u4f53.ttf']
2023-09-27 15:58:49,909 - INFO - all fonts installed:['8514fix.fon', '8514fixe.fon', '8514fixg.fon', '8514fixr.fon', '8514fixt.fon', '8514oem.fon', '8514oeme.fon', '8514oemg.fon', '8514oemr.fon', '8514oemt.fon', '8514sys.fon', '8514syse.fon', '8514sysg.fon', '8514sysr.fon', '8514syst.fon', '85775.fon', '85855.fon', '85f1255.fon', '85f1256.fon', '85f1257.fon', '85f874.fon', '85s1255.fon', '85s1256.fon', '85s1257.fon', '85s874.fon', 'AGENCYB.TTF', 'AGENCYR.TTF', 'ALGER.TTF', 'ANTQUAB.TTF', 'ANTQUABI.TTF', 'ANTQUAI.TTF', 'app775.fon', 'app850.fon', 'app852.fon', 'app855.fon', 'app857.fon', 'app866.fon', 'app932.fon', 'app936.fon', 'app949.fon', 'app950.fon', 'arial.ttf', 'arialbd.ttf', 'arialbi.ttf', 'ariali.ttf', 'ARIALN.TTF', 'ARIALNB.TTF', 'ARIALNBI.TTF', 'ARIALNI.TTF', 'ariblk.ttf', 'ARLRDBD.TTF', 'AxureHandwriting-Bold.otf', 'AxureHandwriting-BoldItalic.otf', 'AxureHandwriting-Italic.otf', 'AxureHandwriting.otf', 'bahnschrift.ttf', 'BASKVILL.TTF', 'BAUHS93.TTF', 'BELL.TTF', 'BELLB.TTF', 'BELLI.TTF', 'BERNHC.TTF', 'BKANT.TTF', 'BOD_B.TTF', 'BOD_BI.TTF', 'BOD_BLAI.TTF', 'BOD_BLAR.TTF', 'BOD_CB.TTF', 'BOD_CBI.TTF', 'BOD_CI.TTF', 'BOD_CR.TTF', 'BOD_I.TTF', 'BOD_PSTC.TTF', 'BOD_R.TTF', 'BOOKOS.TTF', 'BOOKOSB.TTF', 'BOOKOSBI.TTF', 'BOOKOSI.TTF', 'BRADHITC.TTF', 'BRITANIC.TTF', 'BRLNSB.TTF', 'BRLNSDB.TTF', 'BRLNSR.TTF', 'BROADW.TTF', 'BRUSHSCI.TTF', 'BSSYM7.TTF', 'c8514fix.fon', 'c8514oem.fon', 'c8514sys.fon', 'calibri.ttf', 'calibrib.ttf', 'calibrii.ttf', 'calibril.ttf', 'calibrili.ttf', 'calibriz.ttf', 'CALIFB.TTF', 'CALIFI.TTF', 'CALIFR.TTF', 'CALIST.TTF', 'CALISTB.TTF', 'CALISTBI.TTF', 'CALISTI.TTF', 'cambria.ttc', 'cambriab.ttf', 'cambriai.ttf', 'cambriaz.ttf', 'Candara.ttf', 'Candarab.ttf', 'Candarai.ttf', 'Candaral.ttf', 'Candarali.ttf', 'Candaraz.ttf', 'CascadiaCode.ttf', 'CascadiaMono.ttf', 'CASTELAR.TTF', 'CENSCBK.TTF', 'CENTAUR.TTF', 'CENTURY.TTF', 'cga40737.fon', 'cga40850.fon', 'cga40852.fon', 'cga40857.fon', 'cga40866.fon', 'cga40869.fon', 'cga40woa.fon', 'cga80737.fon', 'cga80850.fon', 'cga80852.fon', 'cga80857.fon', 'cga80866.fon', 'cga80869.fon', 'cga80woa.fon', 'CHILLER.TTF', 'COLONNA.TTF', 'comic.ttf', 'comicbd.ttf', 'comici.ttf', 'comicz.ttf', 'consola.ttf', 'consolab.ttf', 'consolai.ttf', 'consolaz.ttf', 'constan.ttf', 'constanb.ttf', 'constani.ttf', 'constanz.ttf', 'COOPBL.TTF', 'COPRGTB.TTF', 'COPRGTL.TTF', 'corbel.ttf', 'corbelb.ttf', 'corbeli.ttf', 'corbell.ttf', 'corbelli.ttf', 'corbelz.ttf', 'coue1255.fon', 'coue1256.fon', 'coue1257.fon', 'couf1255.fon', 'couf1256.fon', 'couf1257.fon', 'cour.ttf', 'courbd.ttf', 'courbi.ttf', 'coure.fon', 'couree.fon', 'coureg.fon', 'courer.fon', 'couret.fon', 'courf.fon', 'courfe.fon', 'courfg.fon', 'courfr.fon', 'courft.fon', 'couri.ttf', 'CURLZ___.TTF', 'cvgafix.fon', 'cvgasys.fon', 'Deng.ttf', 'Dengb.ttf', 'Dengl.ttf', 'desktop.ini', 'dos737.fon', 'dos869.fon', 'dosapp.fon', 'DUBAI-BOLD.TTF', 'DUBAI-LIGHT.TTF', 'DUBAI-MEDIUM.TTF', 'DUBAI-REGULAR.TTF', 'ebrima.ttf', 'ebrimabd.ttf', 'ega40737.fon', 'ega40850.fon', 'ega40852.fon', 'ega40857.fon', 'ega40866.fon', 'ega40869.fon', 'ega40woa.fon', 'ega80737.fon', 'ega80850.fon', 'ega80852.fon', 'ega80857.fon', 'ega80866.fon', 'ega80869.fon', 'ega80woa.fon', 'ELEPHNT.TTF', 'ELEPHNTI.TTF', 'ENGR.TTF', 'ERASBD.TTF', 'ERASDEMI.TTF', 'ERASLGHT.TTF', 'ERASMD.TTF', 'FELIXTI.TTF', 'fms_metadata.xml', 'FORTE.TTF', 'FRABK.TTF', 'FRABKIT.TTF', 'FRADM.TTF', 'FRADMCN.TTF', 'FRADMIT.TTF', 'FRAHV.TTF', 'FRAHVIT.TTF', 'framd.ttf', 'FRAMDCN.TTF', 'framdit.ttf', 'FREESCPT.TTF', 'FRSCRIPT.TTF', 'FTLTLT.TTF', 'FZSTK.TTF', 'FZYTK.TTF', 'Gabriola.ttf', 'gadugi.ttf', 'gadugib.ttf', 'GARA.TTF', 'GARABD.TTF', 'GARAIT.TTF', 'georgia.ttf', 'georgiab.ttf', 'georgiai.ttf', 'georgiaz.ttf', 'GIGI.TTF', 'GILBI___.TTF', 'GILB____.TTF', 'GILC____.TTF', 'GILI____.TTF', 'GILLUBCD.TTF', 'GILSANUB.TTF', 'GIL_____.TTF', 'GLECB.TTF', 'GlobalMonospace.CompositeFont', 'GlobalSansSerif.CompositeFont', 'GlobalSerif.CompositeFont', 'GlobalUserInterface.CompositeFont', 'GLSNECB.TTF', 'GOTHIC.TTF', 'GOTHICB.TTF', 'GOTHICBI.TTF', 'GOTHICI.TTF', 'GOUDOS.TTF', 'GOUDOSB.TTF', 'GOUDOSI.TTF', 'GOUDYSTO.TTF', 'h8514fix.fon', 'h8514oem.fon', 'h8514sys.fon', 'HARLOWSI.TTF', 'HARNGTON.TTF', 'HATTEN.TTF', 'HGB1X_CNKI.ttf', 'HGB1_CNKI.ttf', 'HGB2X_CNKI.ttf', 'HGB2_CNKI.ttf', 'HGB3X_CNKI.ttf', 'HGB3_CNKI.ttf', 'HGB4X_CNKI.ttf', 'HGB4_CNKI.ttf', 'HGB5X_CNKI.ttf', 'HGB5_CNKI.ttf', 'HGB6X_CNKI.ttf', 'HGB6_CNKI.ttf', 'HGB7X_CNKI.ttf', 'HGB7_CNKI.ttf', 'HGB8X_CNKI.ttf', 'HGB8_CNKI.ttf', 'HGBD_CNKI.ttf', 'HGBKBX_CNKI.ttf', 'HGBKB_CNKI.ttf', 'HGBKHX_CNKI.ttf', 'HGBKH_CNKI.ttf', 'HGBS1_CNKI.TTF', 'HGBS2_CNKI.TTF', 'HGBS_CNKI.TTF', 'HGBTH_CNKI.TTF', 'HGBTS_CNKI.TTF', 'HGBX_CNKI.ttf', 'HGBZ_CNKI.ttf', 'HGCH_CNKI.TTF', 'HGCUH_CNKI.TTF', 'HGCY_CNKI.TTF', 'HGDBS_CNKI.TTF', 'HGDGY_CNKI.TTF', 'HGDH2_CNKI.TTF', 'HGDH_CNKI.TTF', 'HGDYS_CNKI.TTF', 'HGDY_CNKI.ttf', 'HGF1X_CNKI.ttf', 'HGF1_CNKI.ttf', 'HGF2X_CNKI.ttf', 'HGF2_CNKI.ttf', 'HGF3_CNKI.ttf', 'HGF4X_CNKI.ttf', 'HGF4_CNKI.ttf', 'HGF5X_CNKI.ttf', 'HGF5_CNKI.ttf', 'HGF6X_CNKI.ttf', 'HGF6_CNKI.ttf', 'HGF7X_CNKI.ttf', 'HGF7_CNKI.ttf', 'HGF8_CNKI.ttf', 'HGF9X_CNKI.ttf', 'HGF9_CNKI.ttf', 'HGFS1_CNKI.TTF', 'HGFS2_CNKI.TTF', 'HGFSH_CNKI.TTF', 'HGFS_CNKI.TTF', 'HGFX_CNKI.ttf', 'HGFZ_CNKI.ttf', 'HGGG_CNKI.TTF', 'HGH1X_CNKI.ttf', 'HGH1_CNKI.ttf', 'HGH2X_CNKI.ttf', 'HGH2_CNKI.ttf', 'HGH3X_CNKI.ttf', 'HGH3_CNKI.ttf', 'HGH4X_CNKI.ttf', 'HGH4_CNKI.ttf', 'HGH5X_CNKI.ttf', 'HGH5_CNKI.ttf', 'HGH6X_CNKI.ttf', 'HGH6_CNKI.ttf', 'HGH7X_CNKI.ttf', 'HGH7_CNKI.ttf', 'HGHB_CNKI.TTF', 'HGHD_CNKI.ttf', 'HGHP_CNKI.TTF', 'HGHT1_CNKI.ttf', 'HGHT2_CNKI.ttf', 'HGHUATI_CNKI.ttf', 'HGHX_CNKI.ttf', 'HGHZ_CNKI.ttf', 'HGH_CNKI.TTF', 'HGKT1_CNKI.TTF', 'HGKT2_CNKI.TTF', 'HGKT_CNKI.TTF', 'HGKY_CNKI.ttf', 'HGLB_CNKI.TTF', 'HGLS_CNKI.TTF', 'HGMH_CNKI.TTF', 'HGNBS_CNKI.ttf', 'HGOCR_CNKI.ttf', 'HGPH_CNKI.TTF', 'HGPTY_CNKI.TTF', 'HGSS1_CNKI.TTF', 'HGSS2_CNKI.TTF', 'HGSS_CNKI.TTF', 'HGSXT_CNKI.ttf', 'HGTT_CNKI.ttf', 'HGTX_CNKI.TTF', 'HGWT_CNKI.TTF', 'HGWYS_CNKI.TTF', 'HGX1X_CNKI.ttf', 'HGX1_CNKI.ttf', 'HGXBS_CNKI.TTF', 'HGXC_CNKI.TTF', 'HGXF1_CNKI.ttf', 'HGXFX_CNKI.ttf', 'HGXFZ_CNKI.ttf', 'HGXH1_CNKI.TTF', 'HGXH_CNKI.TTF', 'HGXK_CNKI.TTF', 'HGXL_CNKI.TTF', 'HGXS_CNKI.TTF', 'HGXT_CNKI.ttf', 'HGXY_CNKI.ttf', 'HGY1_CNKI.TTF', 'HGY2_CNKI.TTF', 'HGY3_CNKI.TTF', 'HGY4_CNKI.TTF', 'HGYB_CNKI.ttf', 'HGYT1_CNKI.ttf', 'HGYT2_CNKI.ttf', 'HGYT_CNKI.TTF', 'HGYX_CNKI.TTF', 'HGZCS_CNKI.TTF', 'HGZDX_CNKI.TTF', 'HGZK_CNKI.TTF', 'HGZYT_CNKI.TTF', 'HGZY_CNKI.TTF', 'himalaya.ttf', 'holomdl2.ttf', 'HTOWERT.TTF', 'HTOWERTI.TTF', 'hvgafix.fon', 'hvgasys.fon', 'impact.ttf', 'IMPRISHA.TTF', 'INFROMAN.TTF', 'Inkfree.ttf', 'iqiyi_logov7.ttf', 'ITCBLKAD.TTF', 'ITCEDSCR.TTF', 'ITCKRIST.TTF', 'j8514fix.fon', 'j8514oem.fon', 'j8514sys.fon', 'javatext.ttf', 'JOKERMAN.TTF', 'jsmalle.fon', 'jsmallf.fon', 'JUICE___.TTF', 'jvgafix.fon', 'jvgasys.fon', 'KUNSTLER.TTF', 'LATINWD.TTF', 'LBRITE.TTF', 'LBRITED.TTF', 'LBRITEDI.TTF', 'LBRITEI.TTF', 'LCALLIG.TTF', 'LeelaUIb.ttf', 'LeelawUI.ttf', 'LeelUIsl.ttf', 'LFAX.TTF', 'LFAXD.TTF', 'LFAXDI.TTF', 'LFAXI.TTF', 'LHANDW.TTF', 'LSANS.TTF', 'LSANSD.TTF', 'LSANSDI.TTF', 'LSANSI.TTF', 'LTYPE.TTF', 'LTYPEB.TTF', 'LTYPEBO.TTF', 'LTYPEO.TTF', 'lucon.ttf', 'l_10646.ttf', 'MAGNETOB.TTF', 'MAIAN.TTF', 'malgun.ttf', 'malgunbd.ttf', 'malgunsl.ttf', 'marlett.ttf', 'MATURASC.TTF', 'micross.ttf', 'mingliub.ttc', 'MISTRAL.TTF', 'mmrtext.ttf', 'mmrtextb.ttf', 'MOD20.TTF', 'modern.fon', 'monbaiti.ttf', 'msgothic.ttc', 'msjh.ttc', 'msjhbd.ttc', 'msjhl.ttc', 'msyh.ttc', 'msyhbd.ttc', 'msyhl.ttc', 'msyi.ttf', 'MTCORSVA.TTF', 'MTEXTRA.TTF', 'mvboli.ttf', 'NIAGENG.TTF', 'NIAGSOL.TTF', 'Nirmala.ttf', 'NirmalaB.ttf', 'NirmalaS.ttf', 'ntailu.ttf', 'ntailub.ttf', 'NumberOnly.ttf', 'OCRAEXT.TTF', 'OLDENGL.TTF', 'ONYX.TTF', 'OUTLOOK.TTF', 'pala.ttf', 'palab.ttf', 'palabi.ttf', 'palai.ttf', 'PALSCRI.TTF', 'PAPYRUS.TTF', 'PARCHM.TTF', 'PERBI___.TTF', 'PERB____.TTF', 'PERI____.TTF', 'PERTIBD.TTF', 'PERTILI.TTF', 'PER_____.TTF', 'phagspa.ttf', 'phagspab.ttf', 'PLAYBILL.TTF', 'POORICH.TTF', 'PRISTINA.TTF', 'RAGE.TTF', 'RAVIE.TTF', 'REFSAN.TTF', 'REFSPCL.TTF', 'ROCCB___.TTF', 'ROCC____.TTF', 'ROCK.TTF', 'ROCKB.TTF', 'ROCKBI.TTF', 'ROCKEB.TTF', 'ROCKI.TTF', 'roman.fon', 's8514fix.fon', 's8514oem.fon', 's8514sys.fon', 'SCHLBKB.TTF', 'SCHLBKBI.TTF', 'SCHLBKI.TTF', 'script.fon', 'SCRIPTBL.TTF', 'segmdl2.ttf', 'SegoeIcons.ttf', 'segoepr.ttf', 'segoeprb.ttf', 'segoesc.ttf', 'segoescb.ttf', 'segoeui.ttf', 'segoeuib.ttf', 'segoeuii.ttf', 'segoeuil.ttf', 'segoeuisl.ttf', 'segoeuiz.ttf', 'seguibl.ttf', 'seguibli.ttf', 'seguiemj.ttf', 'seguihis.ttf', 'seguili.ttf', 'seguisb.ttf', 'seguisbi.ttf', 'seguisli.ttf', 'seguisym.ttf', 'SegUIVar.ttf', 'sere1255.fon', 'sere1256.fon', 'sere1257.fon', 'serf1255.fon', 'serf1256.fon', 'serf1257.fon', 'serife.fon', 'serifee.fon', 'serifeg.fon', 'serifer.fon', 'serifet.fon', 'seriff.fon', 'seriffe.fon', 'seriffg.fon', 'seriffr.fon', 'serifft.fon', 'SHOWG.TTF', 'simfang.ttf', 'simhei.ttf', 'simkai.ttf', 'SIMLI.TTF', 'simsun.ttc', 'simsunb.ttf', 'SIMYOU.TTF', 'SitkaVF-Italic.ttf', 'SitkaVF.ttf', 'smae1255.fon', 'smae1256.fon', 'smae1257.fon', 'smaf1255.fon', 'smaf1256.fon', 'smaf1257.fon', 'smalle.fon', 'smallee.fon', 'smalleg.fon', 'smaller.fon', 'smallet.fon', 'smallf.fon', 'smallfe.fon', 'smallfg.fon', 'smallfr.fon', 'smallft.fon', 'SNAP____.TTF', 'ssee1255.fon', 'ssee1256.fon', 'ssee1257.fon', 'ssee874.fon', 'ssef1255.fon', 'ssef1256.fon', 'ssef1257.fon', 'ssef874.fon', 'sserife.fon', 'sserifee.fon', 'sserifeg.fon', 'sserifer.fon', 'sserifet.fon', 'sseriff.fon', 'sseriffe.fon', 'sseriffg.fon', 'sseriffr.fon', 'sserifft.fon', 'StaticCache.dat', 'STCAIYUN.TTF', 'STENCIL.TTF', 'STFANGSO.TTF', 'STHUPO.TTF', 'STKAITI.TTF', 'STLITI.TTF', 'STSONG.TTF', 'STXIHEI.TTF', 'STXINGKA.TTF', 'STXINWEI.TTF', 'STZHONGS.TTF', 'svgafix.fon', 'svgasys.fon', 'sylfaen.ttf', 'symbol.ttf', 'tahoma.ttf', 'tahomabd.ttf', 'taile.ttf', 'taileb.ttf', 'TCBI____.TTF', 'TCB_____.TTF', 'TCCB____.TTF', 'TCCEB.TTF', 'TCCM____.TTF', 'TCMI____.TTF', 'TCM_____.TTF', 'TEMPSITC.TTF', 'times.ttf', 'timesbd.ttf', 'timesbi.ttf', 'timesi.ttf', 'trebuc.ttf', 'trebucbd.ttf', 'trebucbi.ttf', 'trebucit.ttf', 'verdana.ttf', 'verdanab.ttf', 'verdanai.ttf', 'verdanaz.ttf', 'vga737.fon', 'vga775.fon', 'vga850.fon', 'vga852.fon', 'vga855.fon', 'vga857.fon', 'vga860.fon', 'vga861.fon', 'vga863.fon', 'vga865.fon', 'vga866.fon', 'vga869.fon', 'vga932.fon', 'vga936.fon', 'vga949.fon', 'vga950.fon', 'vgaf1255.fon', 'vgaf1256.fon', 'vgaf1257.fon', 'vgaf874.fon', 'vgafix.fon', 'vgafixe.fon', 'vgafixg.fon', 'vgafixr.fon', 'vgafixt.fon', 'vgaoem.fon', 'vgas1255.fon', 'vgas1256.fon', 'vgas1257.fon', 'vgas874.fon', 'vgasys.fon', 'vgasyse.fon', 'vgasysg.fon', 'vgasysr.fon', 'vgasyst.fon', 'VINERITC.TTF', 'VIVALDII.TTF', 'VLADIMIR.TTF', 'webdings.ttf', 'wingding.ttf', 'WINGDNG2.TTF', 'WINGDNG3.TTF', 'YuGothB.ttc', 'YuGothL.ttc', 'YuGothM.ttc', 'YuGothR.ttc', '\u534e\u5eb7\u65b9\u5706\u4f53W7.TTC', '\u65b9\u6b63\u7c97\u9ed1\u5b8b\u7b80\u4f53.ttf']
2023-09-27 15:58:49,914 - INFO - all fonts installed:['8514fix.fon', '8514fixe.fon', '8514fixg.fon', '8514fixr.fon', '8514fixt.fon', '8514oem.fon', '8514oeme.fon', '8514oemg.fon', '8514oemr.fon', '8514oemt.fon', '8514sys.fon', '8514syse.fon', '8514sysg.fon', '8514sysr.fon', '8514syst.fon', '85775.fon', '85855.fon', '85f1255.fon', '85f1256.fon', '85f1257.fon', '85f874.fon', '85s1255.fon', '85s1256.fon', '85s1257.fon', '85s874.fon', 'AGENCYB.TTF', 'AGENCYR.TTF', 'ALGER.TTF', 'ANTQUAB.TTF', 'ANTQUABI.TTF', 'ANTQUAI.TTF', 'app775.fon', 'app850.fon', 'app852.fon', 'app855.fon', 'app857.fon', 'app866.fon', 'app932.fon', 'app936.fon', 'app949.fon', 'app950.fon', 'arial.ttf', 'arialbd.ttf', 'arialbi.ttf', 'ariali.ttf', 'ARIALN.TTF', 'ARIALNB.TTF', 'ARIALNBI.TTF', 'ARIALNI.TTF', 'ariblk.ttf', 'ARLRDBD.TTF', 'AxureHandwriting-Bold.otf', 'AxureHandwriting-BoldItalic.otf', 'AxureHandwriting-Italic.otf', 'AxureHandwriting.otf', 'bahnschrift.ttf', 'BASKVILL.TTF', 'BAUHS93.TTF', 'BELL.TTF', 'BELLB.TTF', 'BELLI.TTF', 'BERNHC.TTF', 'BKANT.TTF', 'BOD_B.TTF', 'BOD_BI.TTF', 'BOD_BLAI.TTF', 'BOD_BLAR.TTF', 'BOD_CB.TTF', 'BOD_CBI.TTF', 'BOD_CI.TTF', 'BOD_CR.TTF', 'BOD_I.TTF', 'BOD_PSTC.TTF', 'BOD_R.TTF', 'BOOKOS.TTF', 'BOOKOSB.TTF', 'BOOKOSBI.TTF', 'BOOKOSI.TTF', 'BRADHITC.TTF', 'BRITANIC.TTF', 'BRLNSB.TTF', 'BRLNSDB.TTF', 'BRLNSR.TTF', 'BROADW.TTF', 'BRUSHSCI.TTF', 'BSSYM7.TTF', 'c8514fix.fon', 'c8514oem.fon', 'c8514sys.fon', 'calibri.ttf', 'calibrib.ttf', 'calibrii.ttf', 'calibril.ttf', 'calibrili.ttf', 'calibriz.ttf', 'CALIFB.TTF', 'CALIFI.TTF', 'CALIFR.TTF', 'CALIST.TTF', 'CALISTB.TTF', 'CALISTBI.TTF', 'CALISTI.TTF', 'cambria.ttc', 'cambriab.ttf', 'cambriai.ttf', 'cambriaz.ttf', 'Candara.ttf', 'Candarab.ttf', 'Candarai.ttf', 'Candaral.ttf', 'Candarali.ttf', 'Candaraz.ttf', 'CascadiaCode.ttf', 'CascadiaMono.ttf', 'CASTELAR.TTF', 'CENSCBK.TTF', 'CENTAUR.TTF', 'CENTURY.TTF', 'cga40737.fon', 'cga40850.fon', 'cga40852.fon', 'cga40857.fon', 'cga40866.fon', 'cga40869.fon', 'cga40woa.fon', 'cga80737.fon', 'cga80850.fon', 'cga80852.fon', 'cga80857.fon', 'cga80866.fon', 'cga80869.fon', 'cga80woa.fon', 'CHILLER.TTF', 'COLONNA.TTF', 'comic.ttf', 'comicbd.ttf', 'comici.ttf', 'comicz.ttf', 'consola.ttf', 'consolab.ttf', 'consolai.ttf', 'consolaz.ttf', 'constan.ttf', 'constanb.ttf', 'constani.ttf', 'constanz.ttf', 'COOPBL.TTF', 'COPRGTB.TTF', 'COPRGTL.TTF', 'corbel.ttf', 'corbelb.ttf', 'corbeli.ttf', 'corbell.ttf', 'corbelli.ttf', 'corbelz.ttf', 'coue1255.fon', 'coue1256.fon', 'coue1257.fon', 'couf1255.fon', 'couf1256.fon', 'couf1257.fon', 'cour.ttf', 'courbd.ttf', 'courbi.ttf', 'coure.fon', 'couree.fon', 'coureg.fon', 'courer.fon', 'couret.fon', 'courf.fon', 'courfe.fon', 'courfg.fon', 'courfr.fon', 'courft.fon', 'couri.ttf', 'CURLZ___.TTF', 'cvgafix.fon', 'cvgasys.fon', 'Deng.ttf', 'Dengb.ttf', 'Dengl.ttf', 'desktop.ini', 'dos737.fon', 'dos869.fon', 'dosapp.fon', 'DUBAI-BOLD.TTF', 'DUBAI-LIGHT.TTF', 'DUBAI-MEDIUM.TTF', 'DUBAI-REGULAR.TTF', 'ebrima.ttf', 'ebrimabd.ttf', 'ega40737.fon', 'ega40850.fon', 'ega40852.fon', 'ega40857.fon', 'ega40866.fon', 'ega40869.fon', 'ega40woa.fon', 'ega80737.fon', 'ega80850.fon', 'ega80852.fon', 'ega80857.fon', 'ega80866.fon', 'ega80869.fon', 'ega80woa.fon', 'ELEPHNT.TTF', 'ELEPHNTI.TTF', 'ENGR.TTF', 'ERASBD.TTF', 'ERASDEMI.TTF', 'ERASLGHT.TTF', 'ERASMD.TTF', 'FELIXTI.TTF', 'fms_metadata.xml', 'FORTE.TTF', 'FRABK.TTF', 'FRABKIT.TTF', 'FRADM.TTF', 'FRADMCN.TTF', 'FRADMIT.TTF', 'FRAHV.TTF', 'FRAHVIT.TTF', 'framd.ttf', 'FRAMDCN.TTF', 'framdit.ttf', 'FREESCPT.TTF', 'FRSCRIPT.TTF', 'FTLTLT.TTF', 'FZSTK.TTF', 'FZYTK.TTF', 'Gabriola.ttf', 'gadugi.ttf', 'gadugib.ttf', 'GARA.TTF', 'GARABD.TTF', 'GARAIT.TTF', 'georgia.ttf', 'georgiab.ttf', 'georgiai.ttf', 'georgiaz.ttf', 'GIGI.TTF', 'GILBI___.TTF', 'GILB____.TTF', 'GILC____.TTF', 'GILI____.TTF', 'GILLUBCD.TTF', 'GILSANUB.TTF', 'GIL_____.TTF', 'GLECB.TTF', 'GlobalMonospace.CompositeFont', 'GlobalSansSerif.CompositeFont', 'GlobalSerif.CompositeFont', 'GlobalUserInterface.CompositeFont', 'GLSNECB.TTF', 'GOTHIC.TTF', 'GOTHICB.TTF', 'GOTHICBI.TTF', 'GOTHICI.TTF', 'GOUDOS.TTF', 'GOUDOSB.TTF', 'GOUDOSI.TTF', 'GOUDYSTO.TTF', 'h8514fix.fon', 'h8514oem.fon', 'h8514sys.fon', 'HARLOWSI.TTF', 'HARNGTON.TTF', 'HATTEN.TTF', 'HGB1X_CNKI.ttf', 'HGB1_CNKI.ttf', 'HGB2X_CNKI.ttf', 'HGB2_CNKI.ttf', 'HGB3X_CNKI.ttf', 'HGB3_CNKI.ttf', 'HGB4X_CNKI.ttf', 'HGB4_CNKI.ttf', 'HGB5X_CNKI.ttf', 'HGB5_CNKI.ttf', 'HGB6X_CNKI.ttf', 'HGB6_CNKI.ttf', 'HGB7X_CNKI.ttf', 'HGB7_CNKI.ttf', 'HGB8X_CNKI.ttf', 'HGB8_CNKI.ttf', 'HGBD_CNKI.ttf', 'HGBKBX_CNKI.ttf', 'HGBKB_CNKI.ttf', 'HGBKHX_CNKI.ttf', 'HGBKH_CNKI.ttf', 'HGBS1_CNKI.TTF', 'HGBS2_CNKI.TTF', 'HGBS_CNKI.TTF', 'HGBTH_CNKI.TTF', 'HGBTS_CNKI.TTF', 'HGBX_CNKI.ttf', 'HGBZ_CNKI.ttf', 'HGCH_CNKI.TTF', 'HGCUH_CNKI.TTF', 'HGCY_CNKI.TTF', 'HGDBS_CNKI.TTF', 'HGDGY_CNKI.TTF', 'HGDH2_CNKI.TTF', 'HGDH_CNKI.TTF', 'HGDYS_CNKI.TTF', 'HGDY_CNKI.ttf', 'HGF1X_CNKI.ttf', 'HGF1_CNKI.ttf', 'HGF2X_CNKI.ttf', 'HGF2_CNKI.ttf', 'HGF3_CNKI.ttf', 'HGF4X_CNKI.ttf', 'HGF4_CNKI.ttf', 'HGF5X_CNKI.ttf', 'HGF5_CNKI.ttf', 'HGF6X_CNKI.ttf', 'HGF6_CNKI.ttf', 'HGF7X_CNKI.ttf', 'HGF7_CNKI.ttf', 'HGF8_CNKI.ttf', 'HGF9X_CNKI.ttf', 'HGF9_CNKI.ttf', 'HGFS1_CNKI.TTF', 'HGFS2_CNKI.TTF', 'HGFSH_CNKI.TTF', 'HGFS_CNKI.TTF', 'HGFX_CNKI.ttf', 'HGFZ_CNKI.ttf', 'HGGG_CNKI.TTF', 'HGH1X_CNKI.ttf', 'HGH1_CNKI.ttf', 'HGH2X_CNKI.ttf', 'HGH2_CNKI.ttf', 'HGH3X_CNKI.ttf', 'HGH3_CNKI.ttf', 'HGH4X_CNKI.ttf', 'HGH4_CNKI.ttf', 'HGH5X_CNKI.ttf', 'HGH5_CNKI.ttf', 'HGH6X_CNKI.ttf', 'HGH6_CNKI.ttf', 'HGH7X_CNKI.ttf', 'HGH7_CNKI.ttf', 'HGHB_CNKI.TTF', 'HGHD_CNKI.ttf', 'HGHP_CNKI.TTF', 'HGHT1_CNKI.ttf', 'HGHT2_CNKI.ttf', 'HGHUATI_CNKI.ttf', 'HGHX_CNKI.ttf', 'HGHZ_CNKI.ttf', 'HGH_CNKI.TTF', 'HGKT1_CNKI.TTF', 'HGKT2_CNKI.TTF', 'HGKT_CNKI.TTF', 'HGKY_CNKI.ttf', 'HGLB_CNKI.TTF', 'HGLS_CNKI.TTF', 'HGMH_CNKI.TTF', 'HGNBS_CNKI.ttf', 'HGOCR_CNKI.ttf', 'HGPH_CNKI.TTF', 'HGPTY_CNKI.TTF', 'HGSS1_CNKI.TTF', 'HGSS2_CNKI.TTF', 'HGSS_CNKI.TTF', 'HGSXT_CNKI.ttf', 'HGTT_CNKI.ttf', 'HGTX_CNKI.TTF', 'HGWT_CNKI.TTF', 'HGWYS_CNKI.TTF', 'HGX1X_CNKI.ttf', 'HGX1_CNKI.ttf', 'HGXBS_CNKI.TTF', 'HGXC_CNKI.TTF', 'HGXF1_CNKI.ttf', 'HGXFX_CNKI.ttf', 'HGXFZ_CNKI.ttf', 'HGXH1_CNKI.TTF', 'HGXH_CNKI.TTF', 'HGXK_CNKI.TTF', 'HGXL_CNKI.TTF', 'HGXS_CNKI.TTF', 'HGXT_CNKI.ttf', 'HGXY_CNKI.ttf', 'HGY1_CNKI.TTF', 'HGY2_CNKI.TTF', 'HGY3_CNKI.TTF', 'HGY4_CNKI.TTF', 'HGYB_CNKI.ttf', 'HGYT1_CNKI.ttf', 'HGYT2_CNKI.ttf', 'HGYT_CNKI.TTF', 'HGYX_CNKI.TTF', 'HGZCS_CNKI.TTF', 'HGZDX_CNKI.TTF', 'HGZK_CNKI.TTF', 'HGZYT_CNKI.TTF', 'HGZY_CNKI.TTF', 'himalaya.ttf', 'holomdl2.ttf', 'HTOWERT.TTF', 'HTOWERTI.TTF', 'hvgafix.fon', 'hvgasys.fon', 'impact.ttf', 'IMPRISHA.TTF', 'INFROMAN.TTF', 'Inkfree.ttf', 'iqiyi_logov7.ttf', 'ITCBLKAD.TTF', 'ITCEDSCR.TTF', 'ITCKRIST.TTF', 'j8514fix.fon', 'j8514oem.fon', 'j8514sys.fon', 'javatext.ttf', 'JOKERMAN.TTF', 'jsmalle.fon', 'jsmallf.fon', 'JUICE___.TTF', 'jvgafix.fon', 'jvgasys.fon', 'KUNSTLER.TTF', 'LATINWD.TTF', 'LBRITE.TTF', 'LBRITED.TTF', 'LBRITEDI.TTF', 'LBRITEI.TTF', 'LCALLIG.TTF', 'LeelaUIb.ttf', 'LeelawUI.ttf', 'LeelUIsl.ttf', 'LFAX.TTF', 'LFAXD.TTF', 'LFAXDI.TTF', 'LFAXI.TTF', 'LHANDW.TTF', 'LSANS.TTF', 'LSANSD.TTF', 'LSANSDI.TTF', 'LSANSI.TTF', 'LTYPE.TTF', 'LTYPEB.TTF', 'LTYPEBO.TTF', 'LTYPEO.TTF', 'lucon.ttf', 'l_10646.ttf', 'MAGNETOB.TTF', 'MAIAN.TTF', 'malgun.ttf', 'malgunbd.ttf', 'malgunsl.ttf', 'marlett.ttf', 'MATURASC.TTF', 'micross.ttf', 'mingliub.ttc', 'MISTRAL.TTF', 'mmrtext.ttf', 'mmrtextb.ttf', 'MOD20.TTF', 'modern.fon', 'monbaiti.ttf', 'msgothic.ttc', 'msjh.ttc', 'msjhbd.ttc', 'msjhl.ttc', 'msyh.ttc', 'msyhbd.ttc', 'msyhl.ttc', 'msyi.ttf', 'MTCORSVA.TTF', 'MTEXTRA.TTF', 'mvboli.ttf', 'NIAGENG.TTF', 'NIAGSOL.TTF', 'Nirmala.ttf', 'NirmalaB.ttf', 'NirmalaS.ttf', 'ntailu.ttf', 'ntailub.ttf', 'NumberOnly.ttf', 'OCRAEXT.TTF', 'OLDENGL.TTF', 'ONYX.TTF', 'OUTLOOK.TTF', 'pala.ttf', 'palab.ttf', 'palabi.ttf', 'palai.ttf', 'PALSCRI.TTF', 'PAPYRUS.TTF', 'PARCHM.TTF', 'PERBI___.TTF', 'PERB____.TTF', 'PERI____.TTF', 'PERTIBD.TTF', 'PERTILI.TTF', 'PER_____.TTF', 'phagspa.ttf', 'phagspab.ttf', 'PLAYBILL.TTF', 'POORICH.TTF', 'PRISTINA.TTF', 'RAGE.TTF', 'RAVIE.TTF', 'REFSAN.TTF', 'REFSPCL.TTF', 'ROCCB___.TTF', 'ROCC____.TTF', 'ROCK.TTF', 'ROCKB.TTF', 'ROCKBI.TTF', 'ROCKEB.TTF', 'ROCKI.TTF', 'roman.fon', 's8514fix.fon', 's8514oem.fon', 's8514sys.fon', 'SCHLBKB.TTF', 'SCHLBKBI.TTF', 'SCHLBKI.TTF', 'script.fon', 'SCRIPTBL.TTF', 'segmdl2.ttf', 'SegoeIcons.ttf', 'segoepr.ttf', 'segoeprb.ttf', 'segoesc.ttf', 'segoescb.ttf', 'segoeui.ttf', 'segoeuib.ttf', 'segoeuii.ttf', 'segoeuil.ttf', 'segoeuisl.ttf', 'segoeuiz.ttf', 'seguibl.ttf', 'seguibli.ttf', 'seguiemj.ttf', 'seguihis.ttf', 'seguili.ttf', 'seguisb.ttf', 'seguisbi.ttf', 'seguisli.ttf', 'seguisym.ttf', 'SegUIVar.ttf', 'sere1255.fon', 'sere1256.fon', 'sere1257.fon', 'serf1255.fon', 'serf1256.fon', 'serf1257.fon', 'serife.fon', 'serifee.fon', 'serifeg.fon', 'serifer.fon', 'serifet.fon', 'seriff.fon', 'seriffe.fon', 'seriffg.fon', 'seriffr.fon', 'serifft.fon', 'SHOWG.TTF', 'simfang.ttf', 'simhei.ttf', 'simkai.ttf', 'SIMLI.TTF', 'simsun.ttc', 'simsunb.ttf', 'SIMYOU.TTF', 'SitkaVF-Italic.ttf', 'SitkaVF.ttf', 'smae1255.fon', 'smae1256.fon', 'smae1257.fon', 'smaf1255.fon', 'smaf1256.fon', 'smaf1257.fon', 'smalle.fon', 'smallee.fon', 'smalleg.fon', 'smaller.fon', 'smallet.fon', 'smallf.fon', 'smallfe.fon', 'smallfg.fon', 'smallfr.fon', 'smallft.fon', 'SNAP____.TTF', 'ssee1255.fon', 'ssee1256.fon', 'ssee1257.fon', 'ssee874.fon', 'ssef1255.fon', 'ssef1256.fon', 'ssef1257.fon', 'ssef874.fon', 'sserife.fon', 'sserifee.fon', 'sserifeg.fon', 'sserifer.fon', 'sserifet.fon', 'sseriff.fon', 'sseriffe.fon', 'sseriffg.fon', 'sseriffr.fon', 'sserifft.fon', 'StaticCache.dat', 'STCAIYUN.TTF', 'STENCIL.TTF', 'STFANGSO.TTF', 'STHUPO.TTF', 'STKAITI.TTF', 'STLITI.TTF', 'STSONG.TTF', 'STXIHEI.TTF', 'STXINGKA.TTF', 'STXINWEI.TTF', 'STZHONGS.TTF', 'svgafix.fon', 'svgasys.fon', 'sylfaen.ttf', 'symbol.ttf', 'tahoma.ttf', 'tahomabd.ttf', 'taile.ttf', 'taileb.ttf', 'TCBI____.TTF', 'TCB_____.TTF', 'TCCB____.TTF', 'TCCEB.TTF', 'TCCM____.TTF', 'TCMI____.TTF', 'TCM_____.TTF', 'TEMPSITC.TTF', 'times.ttf', 'timesbd.ttf', 'timesbi.ttf', 'timesi.ttf', 'trebuc.ttf', 'trebucbd.ttf', 'trebucbi.ttf', 'trebucit.ttf', 'verdana.ttf', 'verdanab.ttf', 'verdanai.ttf', 'verdanaz.ttf', 'vga737.fon', 'vga775.fon', 'vga850.fon', 'vga852.fon', 'vga855.fon', 'vga857.fon', 'vga860.fon', 'vga861.fon', 'vga863.fon', 'vga865.fon', 'vga866.fon', 'vga869.fon', 'vga932.fon', 'vga936.fon', 'vga949.fon', 'vga950.fon', 'vgaf1255.fon', 'vgaf1256.fon', 'vgaf1257.fon', 'vgaf874.fon', 'vgafix.fon', 'vgafixe.fon', 'vgafixg.fon', 'vgafixr.fon', 'vgafixt.fon', 'vgaoem.fon', 'vgas1255.fon', 'vgas1256.fon', 'vgas1257.fon', 'vgas874.fon', 'vgasys.fon', 'vgasyse.fon', 'vgasysg.fon', 'vgasysr.fon', 'vgasyst.fon', 'VINERITC.TTF', 'VIVALDII.TTF', 'VLADIMIR.TTF', 'webdings.ttf', 'wingding.ttf', 'WINGDNG2.TTF', 'WINGDNG3.TTF', 'YuGothB.ttc', 'YuGothL.ttc', 'YuGothM.ttc', 'YuGothR.ttc', '\u534e\u5eb7\u65b9\u5706\u4f53W7.TTC', '\u65b9\u6b63\u7c97\u9ed1\u5b8b\u7b80\u4f53.ttf']
2023-09-27 15:58:49,917 - INFO - all fonts installed:['8514fix.fon', '8514fixe.fon', '8514fixg.fon', '8514fixr.fon', '8514fixt.fon', '8514oem.fon', '8514oeme.fon', '8514oemg.fon', '8514oemr.fon', '8514oemt.fon', '8514sys.fon', '8514syse.fon', '8514sysg.fon', '8514sysr.fon', '8514syst.fon', '85775.fon', '85855.fon', '85f1255.fon', '85f1256.fon', '85f1257.fon', '85f874.fon', '85s1255.fon', '85s1256.fon', '85s1257.fon', '85s874.fon', 'AGENCYB.TTF', 'AGENCYR.TTF', 'ALGER.TTF', 'ANTQUAB.TTF', 'ANTQUABI.TTF', 'ANTQUAI.TTF', 'app775.fon', 'app850.fon', 'app852.fon', 'app855.fon', 'app857.fon', 'app866.fon', 'app932.fon', 'app936.fon', 'app949.fon', 'app950.fon', 'arial.ttf', 'arialbd.ttf', 'arialbi.ttf', 'ariali.ttf', 'ARIALN.TTF', 'ARIALNB.TTF', 'ARIALNBI.TTF', 'ARIALNI.TTF', 'ariblk.ttf', 'ARLRDBD.TTF', 'AxureHandwriting-Bold.otf', 'AxureHandwriting-BoldItalic.otf', 'AxureHandwriting-Italic.otf', 'AxureHandwriting.otf', 'bahnschrift.ttf', 'BASKVILL.TTF', 'BAUHS93.TTF', 'BELL.TTF', 'BELLB.TTF', 'BELLI.TTF', 'BERNHC.TTF', 'BKANT.TTF', 'BOD_B.TTF', 'BOD_BI.TTF', 'BOD_BLAI.TTF', 'BOD_BLAR.TTF', 'BOD_CB.TTF', 'BOD_CBI.TTF', 'BOD_CI.TTF', 'BOD_CR.TTF', 'BOD_I.TTF', 'BOD_PSTC.TTF', 'BOD_R.TTF', 'BOOKOS.TTF', 'BOOKOSB.TTF', 'BOOKOSBI.TTF', 'BOOKOSI.TTF', 'BRADHITC.TTF', 'BRITANIC.TTF', 'BRLNSB.TTF', 'BRLNSDB.TTF', 'BRLNSR.TTF', 'BROADW.TTF', 'BRUSHSCI.TTF', 'BSSYM7.TTF', 'c8514fix.fon', 'c8514oem.fon', 'c8514sys.fon', 'calibri.ttf', 'calibrib.ttf', 'calibrii.ttf', 'calibril.ttf', 'calibrili.ttf', 'calibriz.ttf', 'CALIFB.TTF', 'CALIFI.TTF', 'CALIFR.TTF', 'CALIST.TTF', 'CALISTB.TTF', 'CALISTBI.TTF', 'CALISTI.TTF', 'cambria.ttc', 'cambriab.ttf', 'cambriai.ttf', 'cambriaz.ttf', 'Candara.ttf', 'Candarab.ttf', 'Candarai.ttf', 'Candaral.ttf', 'Candarali.ttf', 'Candaraz.ttf', 'CascadiaCode.ttf', 'CascadiaMono.ttf', 'CASTELAR.TTF', 'CENSCBK.TTF', 'CENTAUR.TTF', 'CENTURY.TTF', 'cga40737.fon', 'cga40850.fon', 'cga40852.fon', 'cga40857.fon', 'cga40866.fon', 'cga40869.fon', 'cga40woa.fon', 'cga80737.fon', 'cga80850.fon', 'cga80852.fon', 'cga80857.fon', 'cga80866.fon', 'cga80869.fon', 'cga80woa.fon', 'CHILLER.TTF', 'COLONNA.TTF', 'comic.ttf', 'comicbd.ttf', 'comici.ttf', 'comicz.ttf', 'consola.ttf', 'consolab.ttf', 'consolai.ttf', 'consolaz.ttf', 'constan.ttf', 'constanb.ttf', 'constani.ttf', 'constanz.ttf', 'COOPBL.TTF', 'COPRGTB.TTF', 'COPRGTL.TTF', 'corbel.ttf', 'corbelb.ttf', 'corbeli.ttf', 'corbell.ttf', 'corbelli.ttf', 'corbelz.ttf', 'coue1255.fon', 'coue1256.fon', 'coue1257.fon', 'couf1255.fon', 'couf1256.fon', 'couf1257.fon', 'cour.ttf', 'courbd.ttf', 'courbi.ttf', 'coure.fon', 'couree.fon', 'coureg.fon', 'courer.fon', 'couret.fon', 'courf.fon', 'courfe.fon', 'courfg.fon', 'courfr.fon', 'courft.fon', 'couri.ttf', 'CURLZ___.TTF', 'cvgafix.fon', 'cvgasys.fon', 'Deng.ttf', 'Dengb.ttf', 'Dengl.ttf', 'desktop.ini', 'dos737.fon', 'dos869.fon', 'dosapp.fon', 'DUBAI-BOLD.TTF', 'DUBAI-LIGHT.TTF', 'DUBAI-MEDIUM.TTF', 'DUBAI-REGULAR.TTF', 'ebrima.ttf', 'ebrimabd.ttf', 'ega40737.fon', 'ega40850.fon', 'ega40852.fon', 'ega40857.fon', 'ega40866.fon', 'ega40869.fon', 'ega40woa.fon', 'ega80737.fon', 'ega80850.fon', 'ega80852.fon', 'ega80857.fon', 'ega80866.fon', 'ega80869.fon', 'ega80woa.fon', 'ELEPHNT.TTF', 'ELEPHNTI.TTF', 'ENGR.TTF', 'ERASBD.TTF', 'ERASDEMI.TTF', 'ERASLGHT.TTF', 'ERASMD.TTF', 'FELIXTI.TTF', 'fms_metadata.xml', 'FORTE.TTF', 'FRABK.TTF', 'FRABKIT.TTF', 'FRADM.TTF', 'FRADMCN.TTF', 'FRADMIT.TTF', 'FRAHV.TTF', 'FRAHVIT.TTF', 'framd.ttf', 'FRAMDCN.TTF', 'framdit.ttf', 'FREESCPT.TTF', 'FRSCRIPT.TTF', 'FTLTLT.TTF', 'FZSTK.TTF', 'FZYTK.TTF', 'Gabriola.ttf', 'gadugi.ttf', 'gadugib.ttf', 'GARA.TTF', 'GARABD.TTF', 'GARAIT.TTF', 'georgia.ttf', 'georgiab.ttf', 'georgiai.ttf', 'georgiaz.ttf', 'GIGI.TTF', 'GILBI___.TTF', 'GILB____.TTF', 'GILC____.TTF', 'GILI____.TTF', 'GILLUBCD.TTF', 'GILSANUB.TTF', 'GIL_____.TTF', 'GLECB.TTF', 'GlobalMonospace.CompositeFont', 'GlobalSansSerif.CompositeFont', 'GlobalSerif.CompositeFont', 'GlobalUserInterface.CompositeFont', 'GLSNECB.TTF', 'GOTHIC.TTF', 'GOTHICB.TTF', 'GOTHICBI.TTF', 'GOTHICI.TTF', 'GOUDOS.TTF', 'GOUDOSB.TTF', 'GOUDOSI.TTF', 'GOUDYSTO.TTF', 'h8514fix.fon', 'h8514oem.fon', 'h8514sys.fon', 'HARLOWSI.TTF', 'HARNGTON.TTF', 'HATTEN.TTF', 'HGB1X_CNKI.ttf', 'HGB1_CNKI.ttf', 'HGB2X_CNKI.ttf', 'HGB2_CNKI.ttf', 'HGB3X_CNKI.ttf', 'HGB3_CNKI.ttf', 'HGB4X_CNKI.ttf', 'HGB4_CNKI.ttf', 'HGB5X_CNKI.ttf', 'HGB5_CNKI.ttf', 'HGB6X_CNKI.ttf', 'HGB6_CNKI.ttf', 'HGB7X_CNKI.ttf', 'HGB7_CNKI.ttf', 'HGB8X_CNKI.ttf', 'HGB8_CNKI.ttf', 'HGBD_CNKI.ttf', 'HGBKBX_CNKI.ttf', 'HGBKB_CNKI.ttf', 'HGBKHX_CNKI.ttf', 'HGBKH_CNKI.ttf', 'HGBS1_CNKI.TTF', 'HGBS2_CNKI.TTF', 'HGBS_CNKI.TTF', 'HGBTH_CNKI.TTF', 'HGBTS_CNKI.TTF', 'HGBX_CNKI.ttf', 'HGBZ_CNKI.ttf', 'HGCH_CNKI.TTF', 'HGCUH_CNKI.TTF', 'HGCY_CNKI.TTF', 'HGDBS_CNKI.TTF', 'HGDGY_CNKI.TTF', 'HGDH2_CNKI.TTF', 'HGDH_CNKI.TTF', 'HGDYS_CNKI.TTF', 'HGDY_CNKI.ttf', 'HGF1X_CNKI.ttf', 'HGF1_CNKI.ttf', 'HGF2X_CNKI.ttf', 'HGF2_CNKI.ttf', 'HGF3_CNKI.ttf', 'HGF4X_CNKI.ttf', 'HGF4_CNKI.ttf', 'HGF5X_CNKI.ttf', 'HGF5_CNKI.ttf', 'HGF6X_CNKI.ttf', 'HGF6_CNKI.ttf', 'HGF7X_CNKI.ttf', 'HGF7_CNKI.ttf', 'HGF8_CNKI.ttf', 'HGF9X_CNKI.ttf', 'HGF9_CNKI.ttf', 'HGFS1_CNKI.TTF', 'HGFS2_CNKI.TTF', 'HGFSH_CNKI.TTF', 'HGFS_CNKI.TTF', 'HGFX_CNKI.ttf', 'HGFZ_CNKI.ttf', 'HGGG_CNKI.TTF', 'HGH1X_CNKI.ttf', 'HGH1_CNKI.ttf', 'HGH2X_CNKI.ttf', 'HGH2_CNKI.ttf', 'HGH3X_CNKI.ttf', 'HGH3_CNKI.ttf', 'HGH4X_CNKI.ttf', 'HGH4_CNKI.ttf', 'HGH5X_CNKI.ttf', 'HGH5_CNKI.ttf', 'HGH6X_CNKI.ttf', 'HGH6_CNKI.ttf', 'HGH7X_CNKI.ttf', 'HGH7_CNKI.ttf', 'HGHB_CNKI.TTF', 'HGHD_CNKI.ttf', 'HGHP_CNKI.TTF', 'HGHT1_CNKI.ttf', 'HGHT2_CNKI.ttf', 'HGHUATI_CNKI.ttf', 'HGHX_CNKI.ttf', 'HGHZ_CNKI.ttf', 'HGH_CNKI.TTF', 'HGKT1_CNKI.TTF', 'HGKT2_CNKI.TTF', 'HGKT_CNKI.TTF', 'HGKY_CNKI.ttf', 'HGLB_CNKI.TTF', 'HGLS_CNKI.TTF', 'HGMH_CNKI.TTF', 'HGNBS_CNKI.ttf', 'HGOCR_CNKI.ttf', 'HGPH_CNKI.TTF', 'HGPTY_CNKI.TTF', 'HGSS1_CNKI.TTF', 'HGSS2_CNKI.TTF', 'HGSS_CNKI.TTF', 'HGSXT_CNKI.ttf', 'HGTT_CNKI.ttf', 'HGTX_CNKI.TTF', 'HGWT_CNKI.TTF', 'HGWYS_CNKI.TTF', 'HGX1X_CNKI.ttf', 'HGX1_CNKI.ttf', 'HGXBS_CNKI.TTF', 'HGXC_CNKI.TTF', 'HGXF1_CNKI.ttf', 'HGXFX_CNKI.ttf', 'HGXFZ_CNKI.ttf', 'HGXH1_CNKI.TTF', 'HGXH_CNKI.TTF', 'HGXK_CNKI.TTF', 'HGXL_CNKI.TTF', 'HGXS_CNKI.TTF', 'HGXT_CNKI.ttf', 'HGXY_CNKI.ttf', 'HGY1_CNKI.TTF', 'HGY2_CNKI.TTF', 'HGY3_CNKI.TTF', 'HGY4_CNKI.TTF', 'HGYB_CNKI.ttf', 'HGYT1_CNKI.ttf', 'HGYT2_CNKI.ttf', 'HGYT_CNKI.TTF', 'HGYX_CNKI.TTF', 'HGZCS_CNKI.TTF', 'HGZDX_CNKI.TTF', 'HGZK_CNKI.TTF', 'HGZYT_CNKI.TTF', 'HGZY_CNKI.TTF', 'himalaya.ttf', 'holomdl2.ttf', 'HTOWERT.TTF', 'HTOWERTI.TTF', 'hvgafix.fon', 'hvgasys.fon', 'impact.ttf', 'IMPRISHA.TTF', 'INFROMAN.TTF', 'Inkfree.ttf', 'iqiyi_logov7.ttf', 'ITCBLKAD.TTF', 'ITCEDSCR.TTF', 'ITCKRIST.TTF', 'j8514fix.fon', 'j8514oem.fon', 'j8514sys.fon', 'javatext.ttf', 'JOKERMAN.TTF', 'jsmalle.fon', 'jsmallf.fon', 'JUICE___.TTF', 'jvgafix.fon', 'jvgasys.fon', 'KUNSTLER.TTF', 'LATINWD.TTF', 'LBRITE.TTF', 'LBRITED.TTF', 'LBRITEDI.TTF', 'LBRITEI.TTF', 'LCALLIG.TTF', 'LeelaUIb.ttf', 'LeelawUI.ttf', 'LeelUIsl.ttf', 'LFAX.TTF', 'LFAXD.TTF', 'LFAXDI.TTF', 'LFAXI.TTF', 'LHANDW.TTF', 'LSANS.TTF', 'LSANSD.TTF', 'LSANSDI.TTF', 'LSANSI.TTF', 'LTYPE.TTF', 'LTYPEB.TTF', 'LTYPEBO.TTF', 'LTYPEO.TTF', 'lucon.ttf', 'l_10646.ttf', 'MAGNETOB.TTF', 'MAIAN.TTF', 'malgun.ttf', 'malgunbd.ttf', 'malgunsl.ttf', 'marlett.ttf', 'MATURASC.TTF', 'micross.ttf', 'mingliub.ttc', 'MISTRAL.TTF', 'mmrtext.ttf', 'mmrtextb.ttf', 'MOD20.TTF', 'modern.fon', 'monbaiti.ttf', 'msgothic.ttc', 'msjh.ttc', 'msjhbd.ttc', 'msjhl.ttc', 'msyh.ttc', 'msyhbd.ttc', 'msyhl.ttc', 'msyi.ttf', 'MTCORSVA.TTF', 'MTEXTRA.TTF', 'mvboli.ttf', 'NIAGENG.TTF', 'NIAGSOL.TTF', 'Nirmala.ttf', 'NirmalaB.ttf', 'NirmalaS.ttf', 'ntailu.ttf', 'ntailub.ttf', 'NumberOnly.ttf', 'OCRAEXT.TTF', 'OLDENGL.TTF', 'ONYX.TTF', 'OUTLOOK.TTF', 'pala.ttf', 'palab.ttf', 'palabi.ttf', 'palai.ttf', 'PALSCRI.TTF', 'PAPYRUS.TTF', 'PARCHM.TTF', 'PERBI___.TTF', 'PERB____.TTF', 'PERI____.TTF', 'PERTIBD.TTF', 'PERTILI.TTF', 'PER_____.TTF', 'phagspa.ttf', 'phagspab.ttf', 'PLAYBILL.TTF', 'POORICH.TTF', 'PRISTINA.TTF', 'RAGE.TTF', 'RAVIE.TTF', 'REFSAN.TTF', 'REFSPCL.TTF', 'ROCCB___.TTF', 'ROCC____.TTF', 'ROCK.TTF', 'ROCKB.TTF', 'ROCKBI.TTF', 'ROCKEB.TTF', 'ROCKI.TTF', 'roman.fon', 's8514fix.fon', 's8514oem.fon', 's8514sys.fon', 'SCHLBKB.TTF', 'SCHLBKBI.TTF', 'SCHLBKI.TTF', 'script.fon', 'SCRIPTBL.TTF', 'segmdl2.ttf', 'SegoeIcons.ttf', 'segoepr.ttf', 'segoeprb.ttf', 'segoesc.ttf', 'segoescb.ttf', 'segoeui.ttf', 'segoeuib.ttf', 'segoeuii.ttf', 'segoeuil.ttf', 'segoeuisl.ttf', 'segoeuiz.ttf', 'seguibl.ttf', 'seguibli.ttf', 'seguiemj.ttf', 'seguihis.ttf', 'seguili.ttf', 'seguisb.ttf', 'seguisbi.ttf', 'seguisli.ttf', 'seguisym.ttf', 'SegUIVar.ttf', 'sere1255.fon', 'sere1256.fon', 'sere1257.fon', 'serf1255.fon', 'serf1256.fon', 'serf1257.fon', 'serife.fon', 'serifee.fon', 'serifeg.fon', 'serifer.fon', 'serifet.fon', 'seriff.fon', 'seriffe.fon', 'seriffg.fon', 'seriffr.fon', 'serifft.fon', 'SHOWG.TTF', 'simfang.ttf', 'simhei.ttf', 'simkai.ttf', 'SIMLI.TTF', 'simsun.ttc', 'simsunb.ttf', 'SIMYOU.TTF', 'SitkaVF-Italic.ttf', 'SitkaVF.ttf', 'smae1255.fon', 'smae1256.fon', 'smae1257.fon', 'smaf1255.fon', 'smaf1256.fon', 'smaf1257.fon', 'smalle.fon', 'smallee.fon', 'smalleg.fon', 'smaller.fon', 'smallet.fon', 'smallf.fon', 'smallfe.fon', 'smallfg.fon', 'smallfr.fon', 'smallft.fon', 'SNAP____.TTF', 'ssee1255.fon', 'ssee1256.fon', 'ssee1257.fon', 'ssee874.fon', 'ssef1255.fon', 'ssef1256.fon', 'ssef1257.fon', 'ssef874.fon', 'sserife.fon', 'sserifee.fon', 'sserifeg.fon', 'sserifer.fon', 'sserifet.fon', 'sseriff.fon', 'sseriffe.fon', 'sseriffg.fon', 'sseriffr.fon', 'sserifft.fon', 'StaticCache.dat', 'STCAIYUN.TTF', 'STENCIL.TTF', 'STFANGSO.TTF', 'STHUPO.TTF', 'STKAITI.TTF', 'STLITI.TTF', 'STSONG.TTF', 'STXIHEI.TTF', 'STXINGKA.TTF', 'STXINWEI.TTF', 'STZHONGS.TTF', 'svgafix.fon', 'svgasys.fon', 'sylfaen.ttf', 'symbol.ttf', 'tahoma.ttf', 'tahomabd.ttf', 'taile.ttf', 'taileb.ttf', 'TCBI____.TTF', 'TCB_____.TTF', 'TCCB____.TTF', 'TCCEB.TTF', 'TCCM____.TTF', 'TCMI____.TTF', 'TCM_____.TTF', 'TEMPSITC.TTF', 'times.ttf', 'timesbd.ttf', 'timesbi.ttf', 'timesi.ttf', 'trebuc.ttf', 'trebucbd.ttf', 'trebucbi.ttf', 'trebucit.ttf', 'verdana.ttf', 'verdanab.ttf', 'verdanai.ttf', 'verdanaz.ttf', 'vga737.fon', 'vga775.fon', 'vga850.fon', 'vga852.fon', 'vga855.fon', 'vga857.fon', 'vga860.fon', 'vga861.fon', 'vga863.fon', 'vga865.fon', 'vga866.fon', 'vga869.fon', 'vga932.fon', 'vga936.fon', 'vga949.fon', 'vga950.fon', 'vgaf1255.fon', 'vgaf1256.fon', 'vgaf1257.fon', 'vgaf874.fon', 'vgafix.fon', 'vgafixe.fon', 'vgafixg.fon', 'vgafixr.fon', 'vgafixt.fon', 'vgaoem.fon', 'vgas1255.fon', 'vgas1256.fon', 'vgas1257.fon', 'vgas874.fon', 'vgasys.fon', 'vgasyse.fon', 'vgasysg.fon', 'vgasysr.fon', 'vgasyst.fon', 'VINERITC.TTF', 'VIVALDII.TTF', 'VLADIMIR.TTF', 'webdings.ttf', 'wingding.ttf', 'WINGDNG2.TTF', 'WINGDNG3.TTF', 'YuGothB.ttc', 'YuGothL.ttc', 'YuGothM.ttc', 'YuGothR.ttc', '\u534e\u5eb7\u65b9\u5706\u4f53W7.TTC', '\u65b9\u6b63\u7c97\u9ed1\u5b8b\u7b80\u4f53.ttf']
2023-09-27 15:58:50,129 - INFO - all fonts installed:['8514fix.fon', '8514fixe.fon', '8514fixg.fon', '8514fixr.fon', '8514fixt.fon', '8514oem.fon', '8514oeme.fon', '8514oemg.fon', '8514oemr.fon', '8514oemt.fon', '8514sys.fon', '8514syse.fon', '8514sysg.fon', '8514sysr.fon', '8514syst.fon', '85775.fon', '85855.fon', '85f1255.fon', '85f1256.fon', '85f1257.fon', '85f874.fon', '85s1255.fon', '85s1256.fon', '85s1257.fon', '85s874.fon', 'AGENCYB.TTF', 'AGENCYR.TTF', 'ALGER.TTF', 'ANTQUAB.TTF', 'ANTQUABI.TTF', 'ANTQUAI.TTF', 'app775.fon', 'app850.fon', 'app852.fon', 'app855.fon', 'app857.fon', 'app866.fon', 'app932.fon', 'app936.fon', 'app949.fon', 'app950.fon', 'arial.ttf', 'arialbd.ttf', 'arialbi.ttf', 'ariali.ttf', 'ARIALN.TTF', 'ARIALNB.TTF', 'ARIALNBI.TTF', 'ARIALNI.TTF', 'ariblk.ttf', 'ARLRDBD.TTF', 'AxureHandwriting-Bold.otf', 'AxureHandwriting-BoldItalic.otf', 'AxureHandwriting-Italic.otf', 'AxureHandwriting.otf', 'bahnschrift.ttf', 'BASKVILL.TTF', 'BAUHS93.TTF', 'BELL.TTF', 'BELLB.TTF', 'BELLI.TTF', 'BERNHC.TTF', 'BKANT.TTF', 'BOD_B.TTF', 'BOD_BI.TTF', 'BOD_BLAI.TTF', 'BOD_BLAR.TTF', 'BOD_CB.TTF', 'BOD_CBI.TTF', 'BOD_CI.TTF', 'BOD_CR.TTF', 'BOD_I.TTF', 'BOD_PSTC.TTF', 'BOD_R.TTF', 'BOOKOS.TTF', 'BOOKOSB.TTF', 'BOOKOSBI.TTF', 'BOOKOSI.TTF', 'BRADHITC.TTF', 'BRITANIC.TTF', 'BRLNSB.TTF', 'BRLNSDB.TTF', 'BRLNSR.TTF', 'BROADW.TTF', 'BRUSHSCI.TTF', 'BSSYM7.TTF', 'c8514fix.fon', 'c8514oem.fon', 'c8514sys.fon', 'calibri.ttf', 'calibrib.ttf', 'calibrii.ttf', 'calibril.ttf', 'calibrili.ttf', 'calibriz.ttf', 'CALIFB.TTF', 'CALIFI.TTF', 'CALIFR.TTF', 'CALIST.TTF', 'CALISTB.TTF', 'CALISTBI.TTF', 'CALISTI.TTF', 'cambria.ttc', 'cambriab.ttf', 'cambriai.ttf', 'cambriaz.ttf', 'Candara.ttf', 'Candarab.ttf', 'Candarai.ttf', 'Candaral.ttf', 'Candarali.ttf', 'Candaraz.ttf', 'CascadiaCode.ttf', 'CascadiaMono.ttf', 'CASTELAR.TTF', 'CENSCBK.TTF', 'CENTAUR.TTF', 'CENTURY.TTF', 'cga40737.fon', 'cga40850.fon', 'cga40852.fon', 'cga40857.fon', 'cga40866.fon', 'cga40869.fon', 'cga40woa.fon', 'cga80737.fon', 'cga80850.fon', 'cga80852.fon', 'cga80857.fon', 'cga80866.fon', 'cga80869.fon', 'cga80woa.fon', 'CHILLER.TTF', 'COLONNA.TTF', 'comic.ttf', 'comicbd.ttf', 'comici.ttf', 'comicz.ttf', 'consola.ttf', 'consolab.ttf', 'consolai.ttf', 'consolaz.ttf', 'constan.ttf', 'constanb.ttf', 'constani.ttf', 'constanz.ttf', 'COOPBL.TTF', 'COPRGTB.TTF', 'COPRGTL.TTF', 'corbel.ttf', 'corbelb.ttf', 'corbeli.ttf', 'corbell.ttf', 'corbelli.ttf', 'corbelz.ttf', 'coue1255.fon', 'coue1256.fon', 'coue1257.fon', 'couf1255.fon', 'couf1256.fon', 'couf1257.fon', 'cour.ttf', 'courbd.ttf', 'courbi.ttf', 'coure.fon', 'couree.fon', 'coureg.fon', 'courer.fon', 'couret.fon', 'courf.fon', 'courfe.fon', 'courfg.fon', 'courfr.fon', 'courft.fon', 'couri.ttf', 'CURLZ___.TTF', 'cvgafix.fon', 'cvgasys.fon', 'Deng.ttf', 'Dengb.ttf', 'Dengl.ttf', 'desktop.ini', 'dos737.fon', 'dos869.fon', 'dosapp.fon', 'DUBAI-BOLD.TTF', 'DUBAI-LIGHT.TTF', 'DUBAI-MEDIUM.TTF', 'DUBAI-REGULAR.TTF', 'ebrima.ttf', 'ebrimabd.ttf', 'ega40737.fon', 'ega40850.fon', 'ega40852.fon', 'ega40857.fon', 'ega40866.fon', 'ega40869.fon', 'ega40woa.fon', 'ega80737.fon', 'ega80850.fon', 'ega80852.fon', 'ega80857.fon', 'ega80866.fon', 'ega80869.fon', 'ega80woa.fon', 'ELEPHNT.TTF', 'ELEPHNTI.TTF', 'ENGR.TTF', 'ERASBD.TTF', 'ERASDEMI.TTF', 'ERASLGHT.TTF', 'ERASMD.TTF', 'FELIXTI.TTF', 'fms_metadata.xml', 'FORTE.TTF', 'FRABK.TTF', 'FRABKIT.TTF', 'FRADM.TTF', 'FRADMCN.TTF', 'FRADMIT.TTF', 'FRAHV.TTF', 'FRAHVIT.TTF', 'framd.ttf', 'FRAMDCN.TTF', 'framdit.ttf', 'FREESCPT.TTF', 'FRSCRIPT.TTF', 'FTLTLT.TTF', 'FZSTK.TTF', 'FZYTK.TTF', 'Gabriola.ttf', 'gadugi.ttf', 'gadugib.ttf', 'GARA.TTF', 'GARABD.TTF', 'GARAIT.TTF', 'georgia.ttf', 'georgiab.ttf', 'georgiai.ttf', 'georgiaz.ttf', 'GIGI.TTF', 'GILBI___.TTF', 'GILB____.TTF', 'GILC____.TTF', 'GILI____.TTF', 'GILLUBCD.TTF', 'GILSANUB.TTF', 'GIL_____.TTF', 'GLECB.TTF', 'GlobalMonospace.CompositeFont', 'GlobalSansSerif.CompositeFont', 'GlobalSerif.CompositeFont', 'GlobalUserInterface.CompositeFont', 'GLSNECB.TTF', 'GOTHIC.TTF', 'GOTHICB.TTF', 'GOTHICBI.TTF', 'GOTHICI.TTF', 'GOUDOS.TTF', 'GOUDOSB.TTF', 'GOUDOSI.TTF', 'GOUDYSTO.TTF', 'h8514fix.fon', 'h8514oem.fon', 'h8514sys.fon', 'HARLOWSI.TTF', 'HARNGTON.TTF', 'HATTEN.TTF', 'HGB1X_CNKI.ttf', 'HGB1_CNKI.ttf', 'HGB2X_CNKI.ttf', 'HGB2_CNKI.ttf', 'HGB3X_CNKI.ttf', 'HGB3_CNKI.ttf', 'HGB4X_CNKI.ttf', 'HGB4_CNKI.ttf', 'HGB5X_CNKI.ttf', 'HGB5_CNKI.ttf', 'HGB6X_CNKI.ttf', 'HGB6_CNKI.ttf', 'HGB7X_CNKI.ttf', 'HGB7_CNKI.ttf', 'HGB8X_CNKI.ttf', 'HGB8_CNKI.ttf', 'HGBD_CNKI.ttf', 'HGBKBX_CNKI.ttf', 'HGBKB_CNKI.ttf', 'HGBKHX_CNKI.ttf', 'HGBKH_CNKI.ttf', 'HGBS1_CNKI.TTF', 'HGBS2_CNKI.TTF', 'HGBS_CNKI.TTF', 'HGBTH_CNKI.TTF', 'HGBTS_CNKI.TTF', 'HGBX_CNKI.ttf', 'HGBZ_CNKI.ttf', 'HGCH_CNKI.TTF', 'HGCUH_CNKI.TTF', 'HGCY_CNKI.TTF', 'HGDBS_CNKI.TTF', 'HGDGY_CNKI.TTF', 'HGDH2_CNKI.TTF', 'HGDH_CNKI.TTF', 'HGDYS_CNKI.TTF', 'HGDY_CNKI.ttf', 'HGF1X_CNKI.ttf', 'HGF1_CNKI.ttf', 'HGF2X_CNKI.ttf', 'HGF2_CNKI.ttf', 'HGF3_CNKI.ttf', 'HGF4X_CNKI.ttf', 'HGF4_CNKI.ttf', 'HGF5X_CNKI.ttf', 'HGF5_CNKI.ttf', 'HGF6X_CNKI.ttf', 'HGF6_CNKI.ttf', 'HGF7X_CNKI.ttf', 'HGF7_CNKI.ttf', 'HGF8_CNKI.ttf', 'HGF9X_CNKI.ttf', 'HGF9_CNKI.ttf', 'HGFS1_CNKI.TTF', 'HGFS2_CNKI.TTF', 'HGFSH_CNKI.TTF', 'HGFS_CNKI.TTF', 'HGFX_CNKI.ttf', 'HGFZ_CNKI.ttf', 'HGGG_CNKI.TTF', 'HGH1X_CNKI.ttf', 'HGH1_CNKI.ttf', 'HGH2X_CNKI.ttf', 'HGH2_CNKI.ttf', 'HGH3X_CNKI.ttf', 'HGH3_CNKI.ttf', 'HGH4X_CNKI.ttf', 'HGH4_CNKI.ttf', 'HGH5X_CNKI.ttf', 'HGH5_CNKI.ttf', 'HGH6X_CNKI.ttf', 'HGH6_CNKI.ttf', 'HGH7X_CNKI.ttf', 'HGH7_CNKI.ttf', 'HGHB_CNKI.TTF', 'HGHD_CNKI.ttf', 'HGHP_CNKI.TTF', 'HGHT1_CNKI.ttf', 'HGHT2_CNKI.ttf', 'HGHUATI_CNKI.ttf', 'HGHX_CNKI.ttf', 'HGHZ_CNKI.ttf', 'HGH_CNKI.TTF', 'HGKT1_CNKI.TTF', 'HGKT2_CNKI.TTF', 'HGKT_CNKI.TTF', 'HGKY_CNKI.ttf', 'HGLB_CNKI.TTF', 'HGLS_CNKI.TTF', 'HGMH_CNKI.TTF', 'HGNBS_CNKI.ttf', 'HGOCR_CNKI.ttf', 'HGPH_CNKI.TTF', 'HGPTY_CNKI.TTF', 'HGSS1_CNKI.TTF', 'HGSS2_CNKI.TTF', 'HGSS_CNKI.TTF', 'HGSXT_CNKI.ttf', 'HGTT_CNKI.ttf', 'HGTX_CNKI.TTF', 'HGWT_CNKI.TTF', 'HGWYS_CNKI.TTF', 'HGX1X_CNKI.ttf', 'HGX1_CNKI.ttf', 'HGXBS_CNKI.TTF', 'HGXC_CNKI.TTF', 'HGXF1_CNKI.ttf', 'HGXFX_CNKI.ttf', 'HGXFZ_CNKI.ttf', 'HGXH1_CNKI.TTF', 'HGXH_CNKI.TTF', 'HGXK_CNKI.TTF', 'HGXL_CNKI.TTF', 'HGXS_CNKI.TTF', 'HGXT_CNKI.ttf', 'HGXY_CNKI.ttf', 'HGY1_CNKI.TTF', 'HGY2_CNKI.TTF', 'HGY3_CNKI.TTF', 'HGY4_CNKI.TTF', 'HGYB_CNKI.ttf', 'HGYT1_CNKI.ttf', 'HGYT2_CNKI.ttf', 'HGYT_CNKI.TTF', 'HGYX_CNKI.TTF', 'HGZCS_CNKI.TTF', 'HGZDX_CNKI.TTF', 'HGZK_CNKI.TTF', 'HGZYT_CNKI.TTF', 'HGZY_CNKI.TTF', 'himalaya.ttf', 'holomdl2.ttf', 'HTOWERT.TTF', 'HTOWERTI.TTF', 'hvgafix.fon', 'hvgasys.fon', 'impact.ttf', 'IMPRISHA.TTF', 'INFROMAN.TTF', 'Inkfree.ttf', 'iqiyi_logov7.ttf', 'ITCBLKAD.TTF', 'ITCEDSCR.TTF', 'ITCKRIST.TTF', 'j8514fix.fon', 'j8514oem.fon', 'j8514sys.fon', 'javatext.ttf', 'JOKERMAN.TTF', 'jsmalle.fon', 'jsmallf.fon', 'JUICE___.TTF', 'jvgafix.fon', 'jvgasys.fon', 'KUNSTLER.TTF', 'LATINWD.TTF', 'LBRITE.TTF', 'LBRITED.TTF', 'LBRITEDI.TTF', 'LBRITEI.TTF', 'LCALLIG.TTF', 'LeelaUIb.ttf', 'LeelawUI.ttf', 'LeelUIsl.ttf', 'LFAX.TTF', 'LFAXD.TTF', 'LFAXDI.TTF', 'LFAXI.TTF', 'LHANDW.TTF', 'LSANS.TTF', 'LSANSD.TTF', 'LSANSDI.TTF', 'LSANSI.TTF', 'LTYPE.TTF', 'LTYPEB.TTF', 'LTYPEBO.TTF', 'LTYPEO.TTF', 'lucon.ttf', 'l_10646.ttf', 'MAGNETOB.TTF', 'MAIAN.TTF', 'malgun.ttf', 'malgunbd.ttf', 'malgunsl.ttf', 'marlett.ttf', 'MATURASC.TTF', 'micross.ttf', 'mingliub.ttc', 'MISTRAL.TTF', 'mmrtext.ttf', 'mmrtextb.ttf', 'MOD20.TTF', 'modern.fon', 'monbaiti.ttf', 'msgothic.ttc', 'msjh.ttc', 'msjhbd.ttc', 'msjhl.ttc', 'msyh.ttc', 'msyhbd.ttc', 'msyhl.ttc', 'msyi.ttf', 'MTCORSVA.TTF', 'MTEXTRA.TTF', 'mvboli.ttf', 'NIAGENG.TTF', 'NIAGSOL.TTF', 'Nirmala.ttf', 'NirmalaB.ttf', 'NirmalaS.ttf', 'ntailu.ttf', 'ntailub.ttf', 'NumberOnly.ttf', 'OCRAEXT.TTF', 'OLDENGL.TTF', 'ONYX.TTF', 'OUTLOOK.TTF', 'pala.ttf', 'palab.ttf', 'palabi.ttf', 'palai.ttf', 'PALSCRI.TTF', 'PAPYRUS.TTF', 'PARCHM.TTF', 'PERBI___.TTF', 'PERB____.TTF', 'PERI____.TTF', 'PERTIBD.TTF', 'PERTILI.TTF', 'PER_____.TTF', 'phagspa.ttf', 'phagspab.ttf', 'PLAYBILL.TTF', 'POORICH.TTF', 'PRISTINA.TTF', 'RAGE.TTF', 'RAVIE.TTF', 'REFSAN.TTF', 'REFSPCL.TTF', 'ROCCB___.TTF', 'ROCC____.TTF', 'ROCK.TTF', 'ROCKB.TTF', 'ROCKBI.TTF', 'ROCKEB.TTF', 'ROCKI.TTF', 'roman.fon', 's8514fix.fon', 's8514oem.fon', 's8514sys.fon', 'SCHLBKB.TTF', 'SCHLBKBI.TTF', 'SCHLBKI.TTF', 'script.fon', 'SCRIPTBL.TTF', 'segmdl2.ttf', 'SegoeIcons.ttf', 'segoepr.ttf', 'segoeprb.ttf', 'segoesc.ttf', 'segoescb.ttf', 'segoeui.ttf', 'segoeuib.ttf', 'segoeuii.ttf', 'segoeuil.ttf', 'segoeuisl.ttf', 'segoeuiz.ttf', 'seguibl.ttf', 'seguibli.ttf', 'seguiemj.ttf', 'seguihis.ttf', 'seguili.ttf', 'seguisb.ttf', 'seguisbi.ttf', 'seguisli.ttf', 'seguisym.ttf', 'SegUIVar.ttf', 'sere1255.fon', 'sere1256.fon', 'sere1257.fon', 'serf1255.fon', 'serf1256.fon', 'serf1257.fon', 'serife.fon', 'serifee.fon', 'serifeg.fon', 'serifer.fon', 'serifet.fon', 'seriff.fon', 'seriffe.fon', 'seriffg.fon', 'seriffr.fon', 'serifft.fon', 'SHOWG.TTF', 'simfang.ttf', 'simhei.ttf', 'simkai.ttf', 'SIMLI.TTF', 'simsun.ttc', 'simsunb.ttf', 'SIMYOU.TTF', 'SitkaVF-Italic.ttf', 'SitkaVF.ttf', 'smae1255.fon', 'smae1256.fon', 'smae1257.fon', 'smaf1255.fon', 'smaf1256.fon', 'smaf1257.fon', 'smalle.fon', 'smallee.fon', 'smalleg.fon', 'smaller.fon', 'smallet.fon', 'smallf.fon', 'smallfe.fon', 'smallfg.fon', 'smallfr.fon', 'smallft.fon', 'SNAP____.TTF', 'ssee1255.fon', 'ssee1256.fon', 'ssee1257.fon', 'ssee874.fon', 'ssef1255.fon', 'ssef1256.fon', 'ssef1257.fon', 'ssef874.fon', 'sserife.fon', 'sserifee.fon', 'sserifeg.fon', 'sserifer.fon', 'sserifet.fon', 'sseriff.fon', 'sseriffe.fon', 'sseriffg.fon', 'sseriffr.fon', 'sserifft.fon', 'StaticCache.dat', 'STCAIYUN.TTF', 'STENCIL.TTF', 'STFANGSO.TTF', 'STHUPO.TTF', 'STKAITI.TTF', 'STLITI.TTF', 'STSONG.TTF', 'STXIHEI.TTF', 'STXINGKA.TTF', 'STXINWEI.TTF', 'STZHONGS.TTF', 'svgafix.fon', 'svgasys.fon', 'sylfaen.ttf', 'symbol.ttf', 'tahoma.ttf', 'tahomabd.ttf', 'taile.ttf', 'taileb.ttf', 'TCBI____.TTF', 'TCB_____.TTF', 'TCCB____.TTF', 'TCCEB.TTF', 'TCCM____.TTF', 'TCMI____.TTF', 'TCM_____.TTF', 'TEMPSITC.TTF', 'times.ttf', 'timesbd.ttf', 'timesbi.ttf', 'timesi.ttf', 'trebuc.ttf', 'trebucbd.ttf', 'trebucbi.ttf', 'trebucit.ttf', 'verdana.ttf', 'verdanab.ttf', 'verdanai.ttf', 'verdanaz.ttf', 'vga737.fon', 'vga775.fon', 'vga850.fon', 'vga852.fon', 'vga855.fon', 'vga857.fon', 'vga860.fon', 'vga861.fon', 'vga863.fon', 'vga865.fon', 'vga866.fon', 'vga869.fon', 'vga932.fon', 'vga936.fon', 'vga949.fon', 'vga950.fon', 'vgaf1255.fon', 'vgaf1256.fon', 'vgaf1257.fon', 'vgaf874.fon', 'vgafix.fon', 'vgafixe.fon', 'vgafixg.fon', 'vgafixr.fon', 'vgafixt.fon', 'vgaoem.fon', 'vgas1255.fon', 'vgas1256.fon', 'vgas1257.fon', 'vgas874.fon', 'vgasys.fon', 'vgasyse.fon', 'vgasysg.fon', 'vgasysr.fon', 'vgasyst.fon', 'VINERITC.TTF', 'VIVALDII.TTF', 'VLADIMIR.TTF', 'webdings.ttf', 'wingding.ttf', 'WINGDNG2.TTF', 'WINGDNG3.TTF', 'YuGothB.ttc', 'YuGothL.ttc', 'YuGothM.ttc', 'YuGothR.ttc', '\u534e\u5eb7\u65b9\u5706\u4f53W7.TTC', '\u65b9\u6b63\u7c97\u9ed1\u5b8b\u7b80\u4f53.ttf']
2023-09-27 15:58:50,135 - INFO - all fonts installed:['8514fix.fon', '8514fixe.fon', '8514fixg.fon', '8514fixr.fon', '8514fixt.fon', '8514oem.fon', '8514oeme.fon', '8514oemg.fon', '8514oemr.fon', '8514oemt.fon', '8514sys.fon', '8514syse.fon', '8514sysg.fon', '8514sysr.fon', '8514syst.fon', '85775.fon', '85855.fon', '85f1255.fon', '85f1256.fon', '85f1257.fon', '85f874.fon', '85s1255.fon', '85s1256.fon', '85s1257.fon', '85s874.fon', 'AGENCYB.TTF', 'AGENCYR.TTF', 'ALGER.TTF', 'ANTQUAB.TTF', 'ANTQUABI.TTF', 'ANTQUAI.TTF', 'app775.fon', 'app850.fon', 'app852.fon', 'app855.fon', 'app857.fon', 'app866.fon', 'app932.fon', 'app936.fon', 'app949.fon', 'app950.fon', 'arial.ttf', 'arialbd.ttf', 'arialbi.ttf', 'ariali.ttf', 'ARIALN.TTF', 'ARIALNB.TTF', 'ARIALNBI.TTF', 'ARIALNI.TTF', 'ariblk.ttf', 'ARLRDBD.TTF', 'AxureHandwriting-Bold.otf', 'AxureHandwriting-BoldItalic.otf', 'AxureHandwriting-Italic.otf', 'AxureHandwriting.otf', 'bahnschrift.ttf', 'BASKVILL.TTF', 'BAUHS93.TTF', 'BELL.TTF', 'BELLB.TTF', 'BELLI.TTF', 'BERNHC.TTF', 'BKANT.TTF', 'BOD_B.TTF', 'BOD_BI.TTF', 'BOD_BLAI.TTF', 'BOD_BLAR.TTF', 'BOD_CB.TTF', 'BOD_CBI.TTF', 'BOD_CI.TTF', 'BOD_CR.TTF', 'BOD_I.TTF', 'BOD_PSTC.TTF', 'BOD_R.TTF', 'BOOKOS.TTF', 'BOOKOSB.TTF', 'BOOKOSBI.TTF', 'BOOKOSI.TTF', 'BRADHITC.TTF', 'BRITANIC.TTF', 'BRLNSB.TTF', 'BRLNSDB.TTF', 'BRLNSR.TTF', 'BROADW.TTF', 'BRUSHSCI.TTF', 'BSSYM7.TTF', 'c8514fix.fon', 'c8514oem.fon', 'c8514sys.fon', 'calibri.ttf', 'calibrib.ttf', 'calibrii.ttf', 'calibril.ttf', 'calibrili.ttf', 'calibriz.ttf', 'CALIFB.TTF', 'CALIFI.TTF', 'CALIFR.TTF', 'CALIST.TTF', 'CALISTB.TTF', 'CALISTBI.TTF', 'CALISTI.TTF', 'cambria.ttc', 'cambriab.ttf', 'cambriai.ttf', 'cambriaz.ttf', 'Candara.ttf', 'Candarab.ttf', 'Candarai.ttf', 'Candaral.ttf', 'Candarali.ttf', 'Candaraz.ttf', 'CascadiaCode.ttf', 'CascadiaMono.ttf', 'CASTELAR.TTF', 'CENSCBK.TTF', 'CENTAUR.TTF', 'CENTURY.TTF', 'cga40737.fon', 'cga40850.fon', 'cga40852.fon', 'cga40857.fon', 'cga40866.fon', 'cga40869.fon', 'cga40woa.fon', 'cga80737.fon', 'cga80850.fon', 'cga80852.fon', 'cga80857.fon', 'cga80866.fon', 'cga80869.fon', 'cga80woa.fon', 'CHILLER.TTF', 'COLONNA.TTF', 'comic.ttf', 'comicbd.ttf', 'comici.ttf', 'comicz.ttf', 'consola.ttf', 'consolab.ttf', 'consolai.ttf', 'consolaz.ttf', 'constan.ttf', 'constanb.ttf', 'constani.ttf', 'constanz.ttf', 'COOPBL.TTF', 'COPRGTB.TTF', 'COPRGTL.TTF', 'corbel.ttf', 'corbelb.ttf', 'corbeli.ttf', 'corbell.ttf', 'corbelli.ttf', 'corbelz.ttf', 'coue1255.fon', 'coue1256.fon', 'coue1257.fon', 'couf1255.fon', 'couf1256.fon', 'couf1257.fon', 'cour.ttf', 'courbd.ttf', 'courbi.ttf', 'coure.fon', 'couree.fon', 'coureg.fon', 'courer.fon', 'couret.fon', 'courf.fon', 'courfe.fon', 'courfg.fon', 'courfr.fon', 'courft.fon', 'couri.ttf', 'CURLZ___.TTF', 'cvgafix.fon', 'cvgasys.fon', 'Deng.ttf', 'Dengb.ttf', 'Dengl.ttf', 'desktop.ini', 'dos737.fon', 'dos869.fon', 'dosapp.fon', 'DUBAI-BOLD.TTF', 'DUBAI-LIGHT.TTF', 'DUBAI-MEDIUM.TTF', 'DUBAI-REGULAR.TTF', 'ebrima.ttf', 'ebrimabd.ttf', 'ega40737.fon', 'ega40850.fon', 'ega40852.fon', 'ega40857.fon', 'ega40866.fon', 'ega40869.fon', 'ega40woa.fon', 'ega80737.fon', 'ega80850.fon', 'ega80852.fon', 'ega80857.fon', 'ega80866.fon', 'ega80869.fon', 'ega80woa.fon', 'ELEPHNT.TTF', 'ELEPHNTI.TTF', 'ENGR.TTF', 'ERASBD.TTF', 'ERASDEMI.TTF', 'ERASLGHT.TTF', 'ERASMD.TTF', 'FELIXTI.TTF', 'fms_metadata.xml', 'FORTE.TTF', 'FRABK.TTF', 'FRABKIT.TTF', 'FRADM.TTF', 'FRADMCN.TTF', 'FRADMIT.TTF', 'FRAHV.TTF', 'FRAHVIT.TTF', 'framd.ttf', 'FRAMDCN.TTF', 'framdit.ttf', 'FREESCPT.TTF', 'FRSCRIPT.TTF', 'FTLTLT.TTF', 'FZSTK.TTF', 'FZYTK.TTF', 'Gabriola.ttf', 'gadugi.ttf', 'gadugib.ttf', 'GARA.TTF', 'GARABD.TTF', 'GARAIT.TTF', 'georgia.ttf', 'georgiab.ttf', 'georgiai.ttf', 'georgiaz.ttf', 'GIGI.TTF', 'GILBI___.TTF', 'GILB____.TTF', 'GILC____.TTF', 'GILI____.TTF', 'GILLUBCD.TTF', 'GILSANUB.TTF', 'GIL_____.TTF', 'GLECB.TTF', 'GlobalMonospace.CompositeFont', 'GlobalSansSerif.CompositeFont', 'GlobalSerif.CompositeFont', 'GlobalUserInterface.CompositeFont', 'GLSNECB.TTF', 'GOTHIC.TTF', 'GOTHICB.TTF', 'GOTHICBI.TTF', 'GOTHICI.TTF', 'GOUDOS.TTF', 'GOUDOSB.TTF', 'GOUDOSI.TTF', 'GOUDYSTO.TTF', 'h8514fix.fon', 'h8514oem.fon', 'h8514sys.fon', 'HARLOWSI.TTF', 'HARNGTON.TTF', 'HATTEN.TTF', 'HGB1X_CNKI.ttf', 'HGB1_CNKI.ttf', 'HGB2X_CNKI.ttf', 'HGB2_CNKI.ttf', 'HGB3X_CNKI.ttf', 'HGB3_CNKI.ttf', 'HGB4X_CNKI.ttf', 'HGB4_CNKI.ttf', 'HGB5X_CNKI.ttf', 'HGB5_CNKI.ttf', 'HGB6X_CNKI.ttf', 'HGB6_CNKI.ttf', 'HGB7X_CNKI.ttf', 'HGB7_CNKI.ttf', 'HGB8X_CNKI.ttf', 'HGB8_CNKI.ttf', 'HGBD_CNKI.ttf', 'HGBKBX_CNKI.ttf', 'HGBKB_CNKI.ttf', 'HGBKHX_CNKI.ttf', 'HGBKH_CNKI.ttf', 'HGBS1_CNKI.TTF', 'HGBS2_CNKI.TTF', 'HGBS_CNKI.TTF', 'HGBTH_CNKI.TTF', 'HGBTS_CNKI.TTF', 'HGBX_CNKI.ttf', 'HGBZ_CNKI.ttf', 'HGCH_CNKI.TTF', 'HGCUH_CNKI.TTF', 'HGCY_CNKI.TTF', 'HGDBS_CNKI.TTF', 'HGDGY_CNKI.TTF', 'HGDH2_CNKI.TTF', 'HGDH_CNKI.TTF', 'HGDYS_CNKI.TTF', 'HGDY_CNKI.ttf', 'HGF1X_CNKI.ttf', 'HGF1_CNKI.ttf', 'HGF2X_CNKI.ttf', 'HGF2_CNKI.ttf', 'HGF3_CNKI.ttf', 'HGF4X_CNKI.ttf', 'HGF4_CNKI.ttf', 'HGF5X_CNKI.ttf', 'HGF5_CNKI.ttf', 'HGF6X_CNKI.ttf', 'HGF6_CNKI.ttf', 'HGF7X_CNKI.ttf', 'HGF7_CNKI.ttf', 'HGF8_CNKI.ttf', 'HGF9X_CNKI.ttf', 'HGF9_CNKI.ttf', 'HGFS1_CNKI.TTF', 'HGFS2_CNKI.TTF', 'HGFSH_CNKI.TTF', 'HGFS_CNKI.TTF', 'HGFX_CNKI.ttf', 'HGFZ_CNKI.ttf', 'HGGG_CNKI.TTF', 'HGH1X_CNKI.ttf', 'HGH1_CNKI.ttf', 'HGH2X_CNKI.ttf', 'HGH2_CNKI.ttf', 'HGH3X_CNKI.ttf', 'HGH3_CNKI.ttf', 'HGH4X_CNKI.ttf', 'HGH4_CNKI.ttf', 'HGH5X_CNKI.ttf', 'HGH5_CNKI.ttf', 'HGH6X_CNKI.ttf', 'HGH6_CNKI.ttf', 'HGH7X_CNKI.ttf', 'HGH7_CNKI.ttf', 'HGHB_CNKI.TTF', 'HGHD_CNKI.ttf', 'HGHP_CNKI.TTF', 'HGHT1_CNKI.ttf', 'HGHT2_CNKI.ttf', 'HGHUATI_CNKI.ttf', 'HGHX_CNKI.ttf', 'HGHZ_CNKI.ttf', 'HGH_CNKI.TTF', 'HGKT1_CNKI.TTF', 'HGKT2_CNKI.TTF', 'HGKT_CNKI.TTF', 'HGKY_CNKI.ttf', 'HGLB_CNKI.TTF', 'HGLS_CNKI.TTF', 'HGMH_CNKI.TTF', 'HGNBS_CNKI.ttf', 'HGOCR_CNKI.ttf', 'HGPH_CNKI.TTF', 'HGPTY_CNKI.TTF', 'HGSS1_CNKI.TTF', 'HGSS2_CNKI.TTF', 'HGSS_CNKI.TTF', 'HGSXT_CNKI.ttf', 'HGTT_CNKI.ttf', 'HGTX_CNKI.TTF', 'HGWT_CNKI.TTF', 'HGWYS_CNKI.TTF', 'HGX1X_CNKI.ttf', 'HGX1_CNKI.ttf', 'HGXBS_CNKI.TTF', 'HGXC_CNKI.TTF', 'HGXF1_CNKI.ttf', 'HGXFX_CNKI.ttf', 'HGXFZ_CNKI.ttf', 'HGXH1_CNKI.TTF', 'HGXH_CNKI.TTF', 'HGXK_CNKI.TTF', 'HGXL_CNKI.TTF', 'HGXS_CNKI.TTF', 'HGXT_CNKI.ttf', 'HGXY_CNKI.ttf', 'HGY1_CNKI.TTF', 'HGY2_CNKI.TTF', 'HGY3_CNKI.TTF', 'HGY4_CNKI.TTF', 'HGYB_CNKI.ttf', 'HGYT1_CNKI.ttf', 'HGYT2_CNKI.ttf', 'HGYT_CNKI.TTF', 'HGYX_CNKI.TTF', 'HGZCS_CNKI.TTF', 'HGZDX_CNKI.TTF', 'HGZK_CNKI.TTF', 'HGZYT_CNKI.TTF', 'HGZY_CNKI.TTF', 'himalaya.ttf', 'holomdl2.ttf', 'HTOWERT.TTF', 'HTOWERTI.TTF', 'hvgafix.fon', 'hvgasys.fon', 'impact.ttf', 'IMPRISHA.TTF', 'INFROMAN.TTF', 'Inkfree.ttf', 'iqiyi_logov7.ttf', 'ITCBLKAD.TTF', 'ITCEDSCR.TTF', 'ITCKRIST.TTF', 'j8514fix.fon', 'j8514oem.fon', 'j8514sys.fon', 'javatext.ttf', 'JOKERMAN.TTF', 'jsmalle.fon', 'jsmallf.fon', 'JUICE___.TTF', 'jvgafix.fon', 'jvgasys.fon', 'KUNSTLER.TTF', 'LATINWD.TTF', 'LBRITE.TTF', 'LBRITED.TTF', 'LBRITEDI.TTF', 'LBRITEI.TTF', 'LCALLIG.TTF', 'LeelaUIb.ttf', 'LeelawUI.ttf', 'LeelUIsl.ttf', 'LFAX.TTF', 'LFAXD.TTF', 'LFAXDI.TTF', 'LFAXI.TTF', 'LHANDW.TTF', 'LSANS.TTF', 'LSANSD.TTF', 'LSANSDI.TTF', 'LSANSI.TTF', 'LTYPE.TTF', 'LTYPEB.TTF', 'LTYPEBO.TTF', 'LTYPEO.TTF', 'lucon.ttf', 'l_10646.ttf', 'MAGNETOB.TTF', 'MAIAN.TTF', 'malgun.ttf', 'malgunbd.ttf', 'malgunsl.ttf', 'marlett.ttf', 'MATURASC.TTF', 'micross.ttf', 'mingliub.ttc', 'MISTRAL.TTF', 'mmrtext.ttf', 'mmrtextb.ttf', 'MOD20.TTF', 'modern.fon', 'monbaiti.ttf', 'msgothic.ttc', 'msjh.ttc', 'msjhbd.ttc', 'msjhl.ttc', 'msyh.ttc', 'msyhbd.ttc', 'msyhl.ttc', 'msyi.ttf', 'MTCORSVA.TTF', 'MTEXTRA.TTF', 'mvboli.ttf', 'NIAGENG.TTF', 'NIAGSOL.TTF', 'Nirmala.ttf', 'NirmalaB.ttf', 'NirmalaS.ttf', 'ntailu.ttf', 'ntailub.ttf', 'NumberOnly.ttf', 'OCRAEXT.TTF', 'OLDENGL.TTF', 'ONYX.TTF', 'OUTLOOK.TTF', 'pala.ttf', 'palab.ttf', 'palabi.ttf', 'palai.ttf', 'PALSCRI.TTF', 'PAPYRUS.TTF', 'PARCHM.TTF', 'PERBI___.TTF', 'PERB____.TTF', 'PERI____.TTF', 'PERTIBD.TTF', 'PERTILI.TTF', 'PER_____.TTF', 'phagspa.ttf', 'phagspab.ttf', 'PLAYBILL.TTF', 'POORICH.TTF', 'PRISTINA.TTF', 'RAGE.TTF', 'RAVIE.TTF', 'REFSAN.TTF', 'REFSPCL.TTF', 'ROCCB___.TTF', 'ROCC____.TTF', 'ROCK.TTF', 'ROCKB.TTF', 'ROCKBI.TTF', 'ROCKEB.TTF', 'ROCKI.TTF', 'roman.fon', 's8514fix.fon', 's8514oem.fon', 's8514sys.fon', 'SCHLBKB.TTF', 'SCHLBKBI.TTF', 'SCHLBKI.TTF', 'script.fon', 'SCRIPTBL.TTF', 'segmdl2.ttf', 'SegoeIcons.ttf', 'segoepr.ttf', 'segoeprb.ttf', 'segoesc.ttf', 'segoescb.ttf', 'segoeui.ttf', 'segoeuib.ttf', 'segoeuii.ttf', 'segoeuil.ttf', 'segoeuisl.ttf', 'segoeuiz.ttf', 'seguibl.ttf', 'seguibli.ttf', 'seguiemj.ttf', 'seguihis.ttf', 'seguili.ttf', 'seguisb.ttf', 'seguisbi.ttf', 'seguisli.ttf', 'seguisym.ttf', 'SegUIVar.ttf', 'sere1255.fon', 'sere1256.fon', 'sere1257.fon', 'serf1255.fon', 'serf1256.fon', 'serf1257.fon', 'serife.fon', 'serifee.fon', 'serifeg.fon', 'serifer.fon', 'serifet.fon', 'seriff.fon', 'seriffe.fon', 'seriffg.fon', 'seriffr.fon', 'serifft.fon', 'SHOWG.TTF', 'simfang.ttf', 'simhei.ttf', 'simkai.ttf', 'SIMLI.TTF', 'simsun.ttc', 'simsunb.ttf', 'SIMYOU.TTF', 'SitkaVF-Italic.ttf', 'SitkaVF.ttf', 'smae1255.fon', 'smae1256.fon', 'smae1257.fon', 'smaf1255.fon', 'smaf1256.fon', 'smaf1257.fon', 'smalle.fon', 'smallee.fon', 'smalleg.fon', 'smaller.fon', 'smallet.fon', 'smallf.fon', 'smallfe.fon', 'smallfg.fon', 'smallfr.fon', 'smallft.fon', 'SNAP____.TTF', 'ssee1255.fon', 'ssee1256.fon', 'ssee1257.fon', 'ssee874.fon', 'ssef1255.fon', 'ssef1256.fon', 'ssef1257.fon', 'ssef874.fon', 'sserife.fon', 'sserifee.fon', 'sserifeg.fon', 'sserifer.fon', 'sserifet.fon', 'sseriff.fon', 'sseriffe.fon', 'sseriffg.fon', 'sseriffr.fon', 'sserifft.fon', 'StaticCache.dat', 'STCAIYUN.TTF', 'STENCIL.TTF', 'STFANGSO.TTF', 'STHUPO.TTF', 'STKAITI.TTF', 'STLITI.TTF', 'STSONG.TTF', 'STXIHEI.TTF', 'STXINGKA.TTF', 'STXINWEI.TTF', 'STZHONGS.TTF', 'svgafix.fon', 'svgasys.fon', 'sylfaen.ttf', 'symbol.ttf', 'tahoma.ttf', 'tahomabd.ttf', 'taile.ttf', 'taileb.ttf', 'TCBI____.TTF', 'TCB_____.TTF', 'TCCB____.TTF', 'TCCEB.TTF', 'TCCM____.TTF', 'TCMI____.TTF', 'TCM_____.TTF', 'TEMPSITC.TTF', 'times.ttf', 'timesbd.ttf', 'timesbi.ttf', 'timesi.ttf', 'trebuc.ttf', 'trebucbd.ttf', 'trebucbi.ttf', 'trebucit.ttf', 'verdana.ttf', 'verdanab.ttf', 'verdanai.ttf', 'verdanaz.ttf', 'vga737.fon', 'vga775.fon', 'vga850.fon', 'vga852.fon', 'vga855.fon', 'vga857.fon', 'vga860.fon', 'vga861.fon', 'vga863.fon', 'vga865.fon', 'vga866.fon', 'vga869.fon', 'vga932.fon', 'vga936.fon', 'vga949.fon', 'vga950.fon', 'vgaf1255.fon', 'vgaf1256.fon', 'vgaf1257.fon', 'vgaf874.fon', 'vgafix.fon', 'vgafixe.fon', 'vgafixg.fon', 'vgafixr.fon', 'vgafixt.fon', 'vgaoem.fon', 'vgas1255.fon', 'vgas1256.fon', 'vgas1257.fon', 'vgas874.fon', 'vgasys.fon', 'vgasyse.fon', 'vgasysg.fon', 'vgasysr.fon', 'vgasyst.fon', 'VINERITC.TTF', 'VIVALDII.TTF', 'VLADIMIR.TTF', 'webdings.ttf', 'wingding.ttf', 'WINGDNG2.TTF', 'WINGDNG3.TTF', 'YuGothB.ttc', 'YuGothL.ttc', 'YuGothM.ttc', 'YuGothR.ttc', '\u534e\u5eb7\u65b9\u5706\u4f53W7.TTC', '\u65b9\u6b63\u7c97\u9ed1\u5b8b\u7b80\u4f53.ttf']
2023-09-27 15:58:50,138 - INFO - all fonts installed:['8514fix.fon', '8514fixe.fon', '8514fixg.fon', '8514fixr.fon', '8514fixt.fon', '8514oem.fon', '8514oeme.fon', '8514oemg.fon', '8514oemr.fon', '8514oemt.fon', '8514sys.fon', '8514syse.fon', '8514sysg.fon', '8514sysr.fon', '8514syst.fon', '85775.fon', '85855.fon', '85f1255.fon', '85f1256.fon', '85f1257.fon', '85f874.fon', '85s1255.fon', '85s1256.fon', '85s1257.fon', '85s874.fon', 'AGENCYB.TTF', 'AGENCYR.TTF', 'ALGER.TTF', 'ANTQUAB.TTF', 'ANTQUABI.TTF', 'ANTQUAI.TTF', 'app775.fon', 'app850.fon', 'app852.fon', 'app855.fon', 'app857.fon', 'app866.fon', 'app932.fon', 'app936.fon', 'app949.fon', 'app950.fon', 'arial.ttf', 'arialbd.ttf', 'arialbi.ttf', 'ariali.ttf', 'ARIALN.TTF', 'ARIALNB.TTF', 'ARIALNBI.TTF', 'ARIALNI.TTF', 'ariblk.ttf', 'ARLRDBD.TTF', 'AxureHandwriting-Bold.otf', 'AxureHandwriting-BoldItalic.otf', 'AxureHandwriting-Italic.otf', 'AxureHandwriting.otf', 'bahnschrift.ttf', 'BASKVILL.TTF', 'BAUHS93.TTF', 'BELL.TTF', 'BELLB.TTF', 'BELLI.TTF', 'BERNHC.TTF', 'BKANT.TTF', 'BOD_B.TTF', 'BOD_BI.TTF', 'BOD_BLAI.TTF', 'BOD_BLAR.TTF', 'BOD_CB.TTF', 'BOD_CBI.TTF', 'BOD_CI.TTF', 'BOD_CR.TTF', 'BOD_I.TTF', 'BOD_PSTC.TTF', 'BOD_R.TTF', 'BOOKOS.TTF', 'BOOKOSB.TTF', 'BOOKOSBI.TTF', 'BOOKOSI.TTF', 'BRADHITC.TTF', 'BRITANIC.TTF', 'BRLNSB.TTF', 'BRLNSDB.TTF', 'BRLNSR.TTF', 'BROADW.TTF', 'BRUSHSCI.TTF', 'BSSYM7.TTF', 'c8514fix.fon', 'c8514oem.fon', 'c8514sys.fon', 'calibri.ttf', 'calibrib.ttf', 'calibrii.ttf', 'calibril.ttf', 'calibrili.ttf', 'calibriz.ttf', 'CALIFB.TTF', 'CALIFI.TTF', 'CALIFR.TTF', 'CALIST.TTF', 'CALISTB.TTF', 'CALISTBI.TTF', 'CALISTI.TTF', 'cambria.ttc', 'cambriab.ttf', 'cambriai.ttf', 'cambriaz.ttf', 'Candara.ttf', 'Candarab.ttf', 'Candarai.ttf', 'Candaral.ttf', 'Candarali.ttf', 'Candaraz.ttf', 'CascadiaCode.ttf', 'CascadiaMono.ttf', 'CASTELAR.TTF', 'CENSCBK.TTF', 'CENTAUR.TTF', 'CENTURY.TTF', 'cga40737.fon', 'cga40850.fon', 'cga40852.fon', 'cga40857.fon', 'cga40866.fon', 'cga40869.fon', 'cga40woa.fon', 'cga80737.fon', 'cga80850.fon', 'cga80852.fon', 'cga80857.fon', 'cga80866.fon', 'cga80869.fon', 'cga80woa.fon', 'CHILLER.TTF', 'COLONNA.TTF', 'comic.ttf', 'comicbd.ttf', 'comici.ttf', 'comicz.ttf', 'consola.ttf', 'consolab.ttf', 'consolai.ttf', 'consolaz.ttf', 'constan.ttf', 'constanb.ttf', 'constani.ttf', 'constanz.ttf', 'COOPBL.TTF', 'COPRGTB.TTF', 'COPRGTL.TTF', 'corbel.ttf', 'corbelb.ttf', 'corbeli.ttf', 'corbell.ttf', 'corbelli.ttf', 'corbelz.ttf', 'coue1255.fon', 'coue1256.fon', 'coue1257.fon', 'couf1255.fon', 'couf1256.fon', 'couf1257.fon', 'cour.ttf', 'courbd.ttf', 'courbi.ttf', 'coure.fon', 'couree.fon', 'coureg.fon', 'courer.fon', 'couret.fon', 'courf.fon', 'courfe.fon', 'courfg.fon', 'courfr.fon', 'courft.fon', 'couri.ttf', 'CURLZ___.TTF', 'cvgafix.fon', 'cvgasys.fon', 'Deng.ttf', 'Dengb.ttf', 'Dengl.ttf', 'desktop.ini', 'dos737.fon', 'dos869.fon', 'dosapp.fon', 'DUBAI-BOLD.TTF', 'DUBAI-LIGHT.TTF', 'DUBAI-MEDIUM.TTF', 'DUBAI-REGULAR.TTF', 'ebrima.ttf', 'ebrimabd.ttf', 'ega40737.fon', 'ega40850.fon', 'ega40852.fon', 'ega40857.fon', 'ega40866.fon', 'ega40869.fon', 'ega40woa.fon', 'ega80737.fon', 'ega80850.fon', 'ega80852.fon', 'ega80857.fon', 'ega80866.fon', 'ega80869.fon', 'ega80woa.fon', 'ELEPHNT.TTF', 'ELEPHNTI.TTF', 'ENGR.TTF', 'ERASBD.TTF', 'ERASDEMI.TTF', 'ERASLGHT.TTF', 'ERASMD.TTF', 'FELIXTI.TTF', 'fms_metadata.xml', 'FORTE.TTF', 'FRABK.TTF', 'FRABKIT.TTF', 'FRADM.TTF', 'FRADMCN.TTF', 'FRADMIT.TTF', 'FRAHV.TTF', 'FRAHVIT.TTF', 'framd.ttf', 'FRAMDCN.TTF', 'framdit.ttf', 'FREESCPT.TTF', 'FRSCRIPT.TTF', 'FTLTLT.TTF', 'FZSTK.TTF', 'FZYTK.TTF', 'Gabriola.ttf', 'gadugi.ttf', 'gadugib.ttf', 'GARA.TTF', 'GARABD.TTF', 'GARAIT.TTF', 'georgia.ttf', 'georgiab.ttf', 'georgiai.ttf', 'georgiaz.ttf', 'GIGI.TTF', 'GILBI___.TTF', 'GILB____.TTF', 'GILC____.TTF', 'GILI____.TTF', 'GILLUBCD.TTF', 'GILSANUB.TTF', 'GIL_____.TTF', 'GLECB.TTF', 'GlobalMonospace.CompositeFont', 'GlobalSansSerif.CompositeFont', 'GlobalSerif.CompositeFont', 'GlobalUserInterface.CompositeFont', 'GLSNECB.TTF', 'GOTHIC.TTF', 'GOTHICB.TTF', 'GOTHICBI.TTF', 'GOTHICI.TTF', 'GOUDOS.TTF', 'GOUDOSB.TTF', 'GOUDOSI.TTF', 'GOUDYSTO.TTF', 'h8514fix.fon', 'h8514oem.fon', 'h8514sys.fon', 'HARLOWSI.TTF', 'HARNGTON.TTF', 'HATTEN.TTF', 'HGB1X_CNKI.ttf', 'HGB1_CNKI.ttf', 'HGB2X_CNKI.ttf', 'HGB2_CNKI.ttf', 'HGB3X_CNKI.ttf', 'HGB3_CNKI.ttf', 'HGB4X_CNKI.ttf', 'HGB4_CNKI.ttf', 'HGB5X_CNKI.ttf', 'HGB5_CNKI.ttf', 'HGB6X_CNKI.ttf', 'HGB6_CNKI.ttf', 'HGB7X_CNKI.ttf', 'HGB7_CNKI.ttf', 'HGB8X_CNKI.ttf', 'HGB8_CNKI.ttf', 'HGBD_CNKI.ttf', 'HGBKBX_CNKI.ttf', 'HGBKB_CNKI.ttf', 'HGBKHX_CNKI.ttf', 'HGBKH_CNKI.ttf', 'HGBS1_CNKI.TTF', 'HGBS2_CNKI.TTF', 'HGBS_CNKI.TTF', 'HGBTH_CNKI.TTF', 'HGBTS_CNKI.TTF', 'HGBX_CNKI.ttf', 'HGBZ_CNKI.ttf', 'HGCH_CNKI.TTF', 'HGCUH_CNKI.TTF', 'HGCY_CNKI.TTF', 'HGDBS_CNKI.TTF', 'HGDGY_CNKI.TTF', 'HGDH2_CNKI.TTF', 'HGDH_CNKI.TTF', 'HGDYS_CNKI.TTF', 'HGDY_CNKI.ttf', 'HGF1X_CNKI.ttf', 'HGF1_CNKI.ttf', 'HGF2X_CNKI.ttf', 'HGF2_CNKI.ttf', 'HGF3_CNKI.ttf', 'HGF4X_CNKI.ttf', 'HGF4_CNKI.ttf', 'HGF5X_CNKI.ttf', 'HGF5_CNKI.ttf', 'HGF6X_CNKI.ttf', 'HGF6_CNKI.ttf', 'HGF7X_CNKI.ttf', 'HGF7_CNKI.ttf', 'HGF8_CNKI.ttf', 'HGF9X_CNKI.ttf', 'HGF9_CNKI.ttf', 'HGFS1_CNKI.TTF', 'HGFS2_CNKI.TTF', 'HGFSH_CNKI.TTF', 'HGFS_CNKI.TTF', 'HGFX_CNKI.ttf', 'HGFZ_CNKI.ttf', 'HGGG_CNKI.TTF', 'HGH1X_CNKI.ttf', 'HGH1_CNKI.ttf', 'HGH2X_CNKI.ttf', 'HGH2_CNKI.ttf', 'HGH3X_CNKI.ttf', 'HGH3_CNKI.ttf', 'HGH4X_CNKI.ttf', 'HGH4_CNKI.ttf', 'HGH5X_CNKI.ttf', 'HGH5_CNKI.ttf', 'HGH6X_CNKI.ttf', 'HGH6_CNKI.ttf', 'HGH7X_CNKI.ttf', 'HGH7_CNKI.ttf', 'HGHB_CNKI.TTF', 'HGHD_CNKI.ttf', 'HGHP_CNKI.TTF', 'HGHT1_CNKI.ttf', 'HGHT2_CNKI.ttf', 'HGHUATI_CNKI.ttf', 'HGHX_CNKI.ttf', 'HGHZ_CNKI.ttf', 'HGH_CNKI.TTF', 'HGKT1_CNKI.TTF', 'HGKT2_CNKI.TTF', 'HGKT_CNKI.TTF', 'HGKY_CNKI.ttf', 'HGLB_CNKI.TTF', 'HGLS_CNKI.TTF', 'HGMH_CNKI.TTF', 'HGNBS_CNKI.ttf', 'HGOCR_CNKI.ttf', 'HGPH_CNKI.TTF', 'HGPTY_CNKI.TTF', 'HGSS1_CNKI.TTF', 'HGSS2_CNKI.TTF', 'HGSS_CNKI.TTF', 'HGSXT_CNKI.ttf', 'HGTT_CNKI.ttf', 'HGTX_CNKI.TTF', 'HGWT_CNKI.TTF', 'HGWYS_CNKI.TTF', 'HGX1X_CNKI.ttf', 'HGX1_CNKI.ttf', 'HGXBS_CNKI.TTF', 'HGXC_CNKI.TTF', 'HGXF1_CNKI.ttf', 'HGXFX_CNKI.ttf', 'HGXFZ_CNKI.ttf', 'HGXH1_CNKI.TTF', 'HGXH_CNKI.TTF', 'HGXK_CNKI.TTF', 'HGXL_CNKI.TTF', 'HGXS_CNKI.TTF', 'HGXT_CNKI.ttf', 'HGXY_CNKI.ttf', 'HGY1_CNKI.TTF', 'HGY2_CNKI.TTF', 'HGY3_CNKI.TTF', 'HGY4_CNKI.TTF', 'HGYB_CNKI.ttf', 'HGYT1_CNKI.ttf', 'HGYT2_CNKI.ttf', 'HGYT_CNKI.TTF', 'HGYX_CNKI.TTF', 'HGZCS_CNKI.TTF', 'HGZDX_CNKI.TTF', 'HGZK_CNKI.TTF', 'HGZYT_CNKI.TTF', 'HGZY_CNKI.TTF', 'himalaya.ttf', 'holomdl2.ttf', 'HTOWERT.TTF', 'HTOWERTI.TTF', 'hvgafix.fon', 'hvgasys.fon', 'impact.ttf', 'IMPRISHA.TTF', 'INFROMAN.TTF', 'Inkfree.ttf', 'iqiyi_logov7.ttf', 'ITCBLKAD.TTF', 'ITCEDSCR.TTF', 'ITCKRIST.TTF', 'j8514fix.fon', 'j8514oem.fon', 'j8514sys.fon', 'javatext.ttf', 'JOKERMAN.TTF', 'jsmalle.fon', 'jsmallf.fon', 'JUICE___.TTF', 'jvgafix.fon', 'jvgasys.fon', 'KUNSTLER.TTF', 'LATINWD.TTF', 'LBRITE.TTF', 'LBRITED.TTF', 'LBRITEDI.TTF', 'LBRITEI.TTF', 'LCALLIG.TTF', 'LeelaUIb.ttf', 'LeelawUI.ttf', 'LeelUIsl.ttf', 'LFAX.TTF', 'LFAXD.TTF', 'LFAXDI.TTF', 'LFAXI.TTF', 'LHANDW.TTF', 'LSANS.TTF', 'LSANSD.TTF', 'LSANSDI.TTF', 'LSANSI.TTF', 'LTYPE.TTF', 'LTYPEB.TTF', 'LTYPEBO.TTF', 'LTYPEO.TTF', 'lucon.ttf', 'l_10646.ttf', 'MAGNETOB.TTF', 'MAIAN.TTF', 'malgun.ttf', 'malgunbd.ttf', 'malgunsl.ttf', 'marlett.ttf', 'MATURASC.TTF', 'micross.ttf', 'mingliub.ttc', 'MISTRAL.TTF', 'mmrtext.ttf', 'mmrtextb.ttf', 'MOD20.TTF', 'modern.fon', 'monbaiti.ttf', 'msgothic.ttc', 'msjh.ttc', 'msjhbd.ttc', 'msjhl.ttc', 'msyh.ttc', 'msyhbd.ttc', 'msyhl.ttc', 'msyi.ttf', 'MTCORSVA.TTF', 'MTEXTRA.TTF', 'mvboli.ttf', 'NIAGENG.TTF', 'NIAGSOL.TTF', 'Nirmala.ttf', 'NirmalaB.ttf', 'NirmalaS.ttf', 'ntailu.ttf', 'ntailub.ttf', 'NumberOnly.ttf', 'OCRAEXT.TTF', 'OLDENGL.TTF', 'ONYX.TTF', 'OUTLOOK.TTF', 'pala.ttf', 'palab.ttf', 'palabi.ttf', 'palai.ttf', 'PALSCRI.TTF', 'PAPYRUS.TTF', 'PARCHM.TTF', 'PERBI___.TTF', 'PERB____.TTF', 'PERI____.TTF', 'PERTIBD.TTF', 'PERTILI.TTF', 'PER_____.TTF', 'phagspa.ttf', 'phagspab.ttf', 'PLAYBILL.TTF', 'POORICH.TTF', 'PRISTINA.TTF', 'RAGE.TTF', 'RAVIE.TTF', 'REFSAN.TTF', 'REFSPCL.TTF', 'ROCCB___.TTF', 'ROCC____.TTF', 'ROCK.TTF', 'ROCKB.TTF', 'ROCKBI.TTF', 'ROCKEB.TTF', 'ROCKI.TTF', 'roman.fon', 's8514fix.fon', 's8514oem.fon', 's8514sys.fon', 'SCHLBKB.TTF', 'SCHLBKBI.TTF', 'SCHLBKI.TTF', 'script.fon', 'SCRIPTBL.TTF', 'segmdl2.ttf', 'SegoeIcons.ttf', 'segoepr.ttf', 'segoeprb.ttf', 'segoesc.ttf', 'segoescb.ttf', 'segoeui.ttf', 'segoeuib.ttf', 'segoeuii.ttf', 'segoeuil.ttf', 'segoeuisl.ttf', 'segoeuiz.ttf', 'seguibl.ttf', 'seguibli.ttf', 'seguiemj.ttf', 'seguihis.ttf', 'seguili.ttf', 'seguisb.ttf', 'seguisbi.ttf', 'seguisli.ttf', 'seguisym.ttf', 'SegUIVar.ttf', 'sere1255.fon', 'sere1256.fon', 'sere1257.fon', 'serf1255.fon', 'serf1256.fon', 'serf1257.fon', 'serife.fon', 'serifee.fon', 'serifeg.fon', 'serifer.fon', 'serifet.fon', 'seriff.fon', 'seriffe.fon', 'seriffg.fon', 'seriffr.fon', 'serifft.fon', 'SHOWG.TTF', 'simfang.ttf', 'simhei.ttf', 'simkai.ttf', 'SIMLI.TTF', 'simsun.ttc', 'simsunb.ttf', 'SIMYOU.TTF', 'SitkaVF-Italic.ttf', 'SitkaVF.ttf', 'smae1255.fon', 'smae1256.fon', 'smae1257.fon', 'smaf1255.fon', 'smaf1256.fon', 'smaf1257.fon', 'smalle.fon', 'smallee.fon', 'smalleg.fon', 'smaller.fon', 'smallet.fon', 'smallf.fon', 'smallfe.fon', 'smallfg.fon', 'smallfr.fon', 'smallft.fon', 'SNAP____.TTF', 'ssee1255.fon', 'ssee1256.fon', 'ssee1257.fon', 'ssee874.fon', 'ssef1255.fon', 'ssef1256.fon', 'ssef1257.fon', 'ssef874.fon', 'sserife.fon', 'sserifee.fon', 'sserifeg.fon', 'sserifer.fon', 'sserifet.fon', 'sseriff.fon', 'sseriffe.fon', 'sseriffg.fon', 'sseriffr.fon', 'sserifft.fon', 'StaticCache.dat', 'STCAIYUN.TTF', 'STENCIL.TTF', 'STFANGSO.TTF', 'STHUPO.TTF', 'STKAITI.TTF', 'STLITI.TTF', 'STSONG.TTF', 'STXIHEI.TTF', 'STXINGKA.TTF', 'STXINWEI.TTF', 'STZHONGS.TTF', 'svgafix.fon', 'svgasys.fon', 'sylfaen.ttf', 'symbol.ttf', 'tahoma.ttf', 'tahomabd.ttf', 'taile.ttf', 'taileb.ttf', 'TCBI____.TTF', 'TCB_____.TTF', 'TCCB____.TTF', 'TCCEB.TTF', 'TCCM____.TTF', 'TCMI____.TTF', 'TCM_____.TTF', 'TEMPSITC.TTF', 'times.ttf', 'timesbd.ttf', 'timesbi.ttf', 'timesi.ttf', 'trebuc.ttf', 'trebucbd.ttf', 'trebucbi.ttf', 'trebucit.ttf', 'verdana.ttf', 'verdanab.ttf', 'verdanai.ttf', 'verdanaz.ttf', 'vga737.fon', 'vga775.fon', 'vga850.fon', 'vga852.fon', 'vga855.fon', 'vga857.fon', 'vga860.fon', 'vga861.fon', 'vga863.fon', 'vga865.fon', 'vga866.fon', 'vga869.fon', 'vga932.fon', 'vga936.fon', 'vga949.fon', 'vga950.fon', 'vgaf1255.fon', 'vgaf1256.fon', 'vgaf1257.fon', 'vgaf874.fon', 'vgafix.fon', 'vgafixe.fon', 'vgafixg.fon', 'vgafixr.fon', 'vgafixt.fon', 'vgaoem.fon', 'vgas1255.fon', 'vgas1256.fon', 'vgas1257.fon', 'vgas874.fon', 'vgasys.fon', 'vgasyse.fon', 'vgasysg.fon', 'vgasysr.fon', 'vgasyst.fon', 'VINERITC.TTF', 'VIVALDII.TTF', 'VLADIMIR.TTF', 'webdings.ttf', 'wingding.ttf', 'WINGDNG2.TTF', 'WINGDNG3.TTF', 'YuGothB.ttc', 'YuGothL.ttc', 'YuGothM.ttc', 'YuGothR.ttc', '\u534e\u5eb7\u65b9\u5706\u4f53W7.TTC', '\u65b9\u6b63\u7c97\u9ed1\u5b8b\u7b80\u4f53.ttf']
2023-09-27 15:58:50,399 - INFO - all fonts installed:['8514fix.fon', '8514fixe.fon', '8514fixg.fon', '8514fixr.fon', '8514fixt.fon', '8514oem.fon', '8514oeme.fon', '8514oemg.fon', '8514oemr.fon', '8514oemt.fon', '8514sys.fon', '8514syse.fon', '8514sysg.fon', '8514sysr.fon', '8514syst.fon', '85775.fon', '85855.fon', '85f1255.fon', '85f1256.fon', '85f1257.fon', '85f874.fon', '85s1255.fon', '85s1256.fon', '85s1257.fon', '85s874.fon', 'AGENCYB.TTF', 'AGENCYR.TTF', 'ALGER.TTF', 'ANTQUAB.TTF', 'ANTQUABI.TTF', 'ANTQUAI.TTF', 'app775.fon', 'app850.fon', 'app852.fon', 'app855.fon', 'app857.fon', 'app866.fon', 'app932.fon', 'app936.fon', 'app949.fon', 'app950.fon', 'arial.ttf', 'arialbd.ttf', 'arialbi.ttf', 'ariali.ttf', 'ARIALN.TTF', 'ARIALNB.TTF', 'ARIALNBI.TTF', 'ARIALNI.TTF', 'ariblk.ttf', 'ARLRDBD.TTF', 'AxureHandwriting-Bold.otf', 'AxureHandwriting-BoldItalic.otf', 'AxureHandwriting-Italic.otf', 'AxureHandwriting.otf', 'bahnschrift.ttf', 'BASKVILL.TTF', 'BAUHS93.TTF', 'BELL.TTF', 'BELLB.TTF', 'BELLI.TTF', 'BERNHC.TTF', 'BKANT.TTF', 'BOD_B.TTF', 'BOD_BI.TTF', 'BOD_BLAI.TTF', 'BOD_BLAR.TTF', 'BOD_CB.TTF', 'BOD_CBI.TTF', 'BOD_CI.TTF', 'BOD_CR.TTF', 'BOD_I.TTF', 'BOD_PSTC.TTF', 'BOD_R.TTF', 'BOOKOS.TTF', 'BOOKOSB.TTF', 'BOOKOSBI.TTF', 'BOOKOSI.TTF', 'BRADHITC.TTF', 'BRITANIC.TTF', 'BRLNSB.TTF', 'BRLNSDB.TTF', 'BRLNSR.TTF', 'BROADW.TTF', 'BRUSHSCI.TTF', 'BSSYM7.TTF', 'c8514fix.fon', 'c8514oem.fon', 'c8514sys.fon', 'calibri.ttf', 'calibrib.ttf', 'calibrii.ttf', 'calibril.ttf', 'calibrili.ttf', 'calibriz.ttf', 'CALIFB.TTF', 'CALIFI.TTF', 'CALIFR.TTF', 'CALIST.TTF', 'CALISTB.TTF', 'CALISTBI.TTF', 'CALISTI.TTF', 'cambria.ttc', 'cambriab.ttf', 'cambriai.ttf', 'cambriaz.ttf', 'Candara.ttf', 'Candarab.ttf', 'Candarai.ttf', 'Candaral.ttf', 'Candarali.ttf', 'Candaraz.ttf', 'CascadiaCode.ttf', 'CascadiaMono.ttf', 'CASTELAR.TTF', 'CENSCBK.TTF', 'CENTAUR.TTF', 'CENTURY.TTF', 'cga40737.fon', 'cga40850.fon', 'cga40852.fon', 'cga40857.fon', 'cga40866.fon', 'cga40869.fon', 'cga40woa.fon', 'cga80737.fon', 'cga80850.fon', 'cga80852.fon', 'cga80857.fon', 'cga80866.fon', 'cga80869.fon', 'cga80woa.fon', 'CHILLER.TTF', 'COLONNA.TTF', 'comic.ttf', 'comicbd.ttf', 'comici.ttf', 'comicz.ttf', 'consola.ttf', 'consolab.ttf', 'consolai.ttf', 'consolaz.ttf', 'constan.ttf', 'constanb.ttf', 'constani.ttf', 'constanz.ttf', 'COOPBL.TTF', 'COPRGTB.TTF', 'COPRGTL.TTF', 'corbel.ttf', 'corbelb.ttf', 'corbeli.ttf', 'corbell.ttf', 'corbelli.ttf', 'corbelz.ttf', 'coue1255.fon', 'coue1256.fon', 'coue1257.fon', 'couf1255.fon', 'couf1256.fon', 'couf1257.fon', 'cour.ttf', 'courbd.ttf', 'courbi.ttf', 'coure.fon', 'couree.fon', 'coureg.fon', 'courer.fon', 'couret.fon', 'courf.fon', 'courfe.fon', 'courfg.fon', 'courfr.fon', 'courft.fon', 'couri.ttf', 'CURLZ___.TTF', 'cvgafix.fon', 'cvgasys.fon', 'Deng.ttf', 'Dengb.ttf', 'Dengl.ttf', 'desktop.ini', 'dos737.fon', 'dos869.fon', 'dosapp.fon', 'DUBAI-BOLD.TTF', 'DUBAI-LIGHT.TTF', 'DUBAI-MEDIUM.TTF', 'DUBAI-REGULAR.TTF', 'ebrima.ttf', 'ebrimabd.ttf', 'ega40737.fon', 'ega40850.fon', 'ega40852.fon', 'ega40857.fon', 'ega40866.fon', 'ega40869.fon', 'ega40woa.fon', 'ega80737.fon', 'ega80850.fon', 'ega80852.fon', 'ega80857.fon', 'ega80866.fon', 'ega80869.fon', 'ega80woa.fon', 'ELEPHNT.TTF', 'ELEPHNTI.TTF', 'ENGR.TTF', 'ERASBD.TTF', 'ERASDEMI.TTF', 'ERASLGHT.TTF', 'ERASMD.TTF', 'FELIXTI.TTF', 'fms_metadata.xml', 'FORTE.TTF', 'FRABK.TTF', 'FRABKIT.TTF', 'FRADM.TTF', 'FRADMCN.TTF', 'FRADMIT.TTF', 'FRAHV.TTF', 'FRAHVIT.TTF', 'framd.ttf', 'FRAMDCN.TTF', 'framdit.ttf', 'FREESCPT.TTF', 'FRSCRIPT.TTF', 'FTLTLT.TTF', 'FZSTK.TTF', 'FZYTK.TTF', 'Gabriola.ttf', 'gadugi.ttf', 'gadugib.ttf', 'GARA.TTF', 'GARABD.TTF', 'GARAIT.TTF', 'georgia.ttf', 'georgiab.ttf', 'georgiai.ttf', 'georgiaz.ttf', 'GIGI.TTF', 'GILBI___.TTF', 'GILB____.TTF', 'GILC____.TTF', 'GILI____.TTF', 'GILLUBCD.TTF', 'GILSANUB.TTF', 'GIL_____.TTF', 'GLECB.TTF', 'GlobalMonospace.CompositeFont', 'GlobalSansSerif.CompositeFont', 'GlobalSerif.CompositeFont', 'GlobalUserInterface.CompositeFont', 'GLSNECB.TTF', 'GOTHIC.TTF', 'GOTHICB.TTF', 'GOTHICBI.TTF', 'GOTHICI.TTF', 'GOUDOS.TTF', 'GOUDOSB.TTF', 'GOUDOSI.TTF', 'GOUDYSTO.TTF', 'h8514fix.fon', 'h8514oem.fon', 'h8514sys.fon', 'HARLOWSI.TTF', 'HARNGTON.TTF', 'HATTEN.TTF', 'HGB1X_CNKI.ttf', 'HGB1_CNKI.ttf', 'HGB2X_CNKI.ttf', 'HGB2_CNKI.ttf', 'HGB3X_CNKI.ttf', 'HGB3_CNKI.ttf', 'HGB4X_CNKI.ttf', 'HGB4_CNKI.ttf', 'HGB5X_CNKI.ttf', 'HGB5_CNKI.ttf', 'HGB6X_CNKI.ttf', 'HGB6_CNKI.ttf', 'HGB7X_CNKI.ttf', 'HGB7_CNKI.ttf', 'HGB8X_CNKI.ttf', 'HGB8_CNKI.ttf', 'HGBD_CNKI.ttf', 'HGBKBX_CNKI.ttf', 'HGBKB_CNKI.ttf', 'HGBKHX_CNKI.ttf', 'HGBKH_CNKI.ttf', 'HGBS1_CNKI.TTF', 'HGBS2_CNKI.TTF', 'HGBS_CNKI.TTF', 'HGBTH_CNKI.TTF', 'HGBTS_CNKI.TTF', 'HGBX_CNKI.ttf', 'HGBZ_CNKI.ttf', 'HGCH_CNKI.TTF', 'HGCUH_CNKI.TTF', 'HGCY_CNKI.TTF', 'HGDBS_CNKI.TTF', 'HGDGY_CNKI.TTF', 'HGDH2_CNKI.TTF', 'HGDH_CNKI.TTF', 'HGDYS_CNKI.TTF', 'HGDY_CNKI.ttf', 'HGF1X_CNKI.ttf', 'HGF1_CNKI.ttf', 'HGF2X_CNKI.ttf', 'HGF2_CNKI.ttf', 'HGF3_CNKI.ttf', 'HGF4X_CNKI.ttf', 'HGF4_CNKI.ttf', 'HGF5X_CNKI.ttf', 'HGF5_CNKI.ttf', 'HGF6X_CNKI.ttf', 'HGF6_CNKI.ttf', 'HGF7X_CNKI.ttf', 'HGF7_CNKI.ttf', 'HGF8_CNKI.ttf', 'HGF9X_CNKI.ttf', 'HGF9_CNKI.ttf', 'HGFS1_CNKI.TTF', 'HGFS2_CNKI.TTF', 'HGFSH_CNKI.TTF', 'HGFS_CNKI.TTF', 'HGFX_CNKI.ttf', 'HGFZ_CNKI.ttf', 'HGGG_CNKI.TTF', 'HGH1X_CNKI.ttf', 'HGH1_CNKI.ttf', 'HGH2X_CNKI.ttf', 'HGH2_CNKI.ttf', 'HGH3X_CNKI.ttf', 'HGH3_CNKI.ttf', 'HGH4X_CNKI.ttf', 'HGH4_CNKI.ttf', 'HGH5X_CNKI.ttf', 'HGH5_CNKI.ttf', 'HGH6X_CNKI.ttf', 'HGH6_CNKI.ttf', 'HGH7X_CNKI.ttf', 'HGH7_CNKI.ttf', 'HGHB_CNKI.TTF', 'HGHD_CNKI.ttf', 'HGHP_CNKI.TTF', 'HGHT1_CNKI.ttf', 'HGHT2_CNKI.ttf', 'HGHUATI_CNKI.ttf', 'HGHX_CNKI.ttf', 'HGHZ_CNKI.ttf', 'HGH_CNKI.TTF', 'HGKT1_CNKI.TTF', 'HGKT2_CNKI.TTF', 'HGKT_CNKI.TTF', 'HGKY_CNKI.ttf', 'HGLB_CNKI.TTF', 'HGLS_CNKI.TTF', 'HGMH_CNKI.TTF', 'HGNBS_CNKI.ttf', 'HGOCR_CNKI.ttf', 'HGPH_CNKI.TTF', 'HGPTY_CNKI.TTF', 'HGSS1_CNKI.TTF', 'HGSS2_CNKI.TTF', 'HGSS_CNKI.TTF', 'HGSXT_CNKI.ttf', 'HGTT_CNKI.ttf', 'HGTX_CNKI.TTF', 'HGWT_CNKI.TTF', 'HGWYS_CNKI.TTF', 'HGX1X_CNKI.ttf', 'HGX1_CNKI.ttf', 'HGXBS_CNKI.TTF', 'HGXC_CNKI.TTF', 'HGXF1_CNKI.ttf', 'HGXFX_CNKI.ttf', 'HGXFZ_CNKI.ttf', 'HGXH1_CNKI.TTF', 'HGXH_CNKI.TTF', 'HGXK_CNKI.TTF', 'HGXL_CNKI.TTF', 'HGXS_CNKI.TTF', 'HGXT_CNKI.ttf', 'HGXY_CNKI.ttf', 'HGY1_CNKI.TTF', 'HGY2_CNKI.TTF', 'HGY3_CNKI.TTF', 'HGY4_CNKI.TTF', 'HGYB_CNKI.ttf', 'HGYT1_CNKI.ttf', 'HGYT2_CNKI.ttf', 'HGYT_CNKI.TTF', 'HGYX_CNKI.TTF', 'HGZCS_CNKI.TTF', 'HGZDX_CNKI.TTF', 'HGZK_CNKI.TTF', 'HGZYT_CNKI.TTF', 'HGZY_CNKI.TTF', 'himalaya.ttf', 'holomdl2.ttf', 'HTOWERT.TTF', 'HTOWERTI.TTF', 'hvgafix.fon', 'hvgasys.fon', 'impact.ttf', 'IMPRISHA.TTF', 'INFROMAN.TTF', 'Inkfree.ttf', 'iqiyi_logov7.ttf', 'ITCBLKAD.TTF', 'ITCEDSCR.TTF', 'ITCKRIST.TTF', 'j8514fix.fon', 'j8514oem.fon', 'j8514sys.fon', 'javatext.ttf', 'JOKERMAN.TTF', 'jsmalle.fon', 'jsmallf.fon', 'JUICE___.TTF', 'jvgafix.fon', 'jvgasys.fon', 'KUNSTLER.TTF', 'LATINWD.TTF', 'LBRITE.TTF', 'LBRITED.TTF', 'LBRITEDI.TTF', 'LBRITEI.TTF', 'LCALLIG.TTF', 'LeelaUIb.ttf', 'LeelawUI.ttf', 'LeelUIsl.ttf', 'LFAX.TTF', 'LFAXD.TTF', 'LFAXDI.TTF', 'LFAXI.TTF', 'LHANDW.TTF', 'LSANS.TTF', 'LSANSD.TTF', 'LSANSDI.TTF', 'LSANSI.TTF', 'LTYPE.TTF', 'LTYPEB.TTF', 'LTYPEBO.TTF', 'LTYPEO.TTF', 'lucon.ttf', 'l_10646.ttf', 'MAGNETOB.TTF', 'MAIAN.TTF', 'malgun.ttf', 'malgunbd.ttf', 'malgunsl.ttf', 'marlett.ttf', 'MATURASC.TTF', 'micross.ttf', 'mingliub.ttc', 'MISTRAL.TTF', 'mmrtext.ttf', 'mmrtextb.ttf', 'MOD20.TTF', 'modern.fon', 'monbaiti.ttf', 'msgothic.ttc', 'msjh.ttc', 'msjhbd.ttc', 'msjhl.ttc', 'msyh.ttc', 'msyhbd.ttc', 'msyhl.ttc', 'msyi.ttf', 'MTCORSVA.TTF', 'MTEXTRA.TTF', 'mvboli.ttf', 'NIAGENG.TTF', 'NIAGSOL.TTF', 'Nirmala.ttf', 'NirmalaB.ttf', 'NirmalaS.ttf', 'ntailu.ttf', 'ntailub.ttf', 'NumberOnly.ttf', 'OCRAEXT.TTF', 'OLDENGL.TTF', 'ONYX.TTF', 'OUTLOOK.TTF', 'pala.ttf', 'palab.ttf', 'palabi.ttf', 'palai.ttf', 'PALSCRI.TTF', 'PAPYRUS.TTF', 'PARCHM.TTF', 'PERBI___.TTF', 'PERB____.TTF', 'PERI____.TTF', 'PERTIBD.TTF', 'PERTILI.TTF', 'PER_____.TTF', 'phagspa.ttf', 'phagspab.ttf', 'PLAYBILL.TTF', 'POORICH.TTF', 'PRISTINA.TTF', 'RAGE.TTF', 'RAVIE.TTF', 'REFSAN.TTF', 'REFSPCL.TTF', 'ROCCB___.TTF', 'ROCC____.TTF', 'ROCK.TTF', 'ROCKB.TTF', 'ROCKBI.TTF', 'ROCKEB.TTF', 'ROCKI.TTF', 'roman.fon', 's8514fix.fon', 's8514oem.fon', 's8514sys.fon', 'SCHLBKB.TTF', 'SCHLBKBI.TTF', 'SCHLBKI.TTF', 'script.fon', 'SCRIPTBL.TTF', 'segmdl2.ttf', 'SegoeIcons.ttf', 'segoepr.ttf', 'segoeprb.ttf', 'segoesc.ttf', 'segoescb.ttf', 'segoeui.ttf', 'segoeuib.ttf', 'segoeuii.ttf', 'segoeuil.ttf', 'segoeuisl.ttf', 'segoeuiz.ttf', 'seguibl.ttf', 'seguibli.ttf', 'seguiemj.ttf', 'seguihis.ttf', 'seguili.ttf', 'seguisb.ttf', 'seguisbi.ttf', 'seguisli.ttf', 'seguisym.ttf', 'SegUIVar.ttf', 'sere1255.fon', 'sere1256.fon', 'sere1257.fon', 'serf1255.fon', 'serf1256.fon', 'serf1257.fon', 'serife.fon', 'serifee.fon', 'serifeg.fon', 'serifer.fon', 'serifet.fon', 'seriff.fon', 'seriffe.fon', 'seriffg.fon', 'seriffr.fon', 'serifft.fon', 'SHOWG.TTF', 'simfang.ttf', 'simhei.ttf', 'simkai.ttf', 'SIMLI.TTF', 'simsun.ttc', 'simsunb.ttf', 'SIMYOU.TTF', 'SitkaVF-Italic.ttf', 'SitkaVF.ttf', 'smae1255.fon', 'smae1256.fon', 'smae1257.fon', 'smaf1255.fon', 'smaf1256.fon', 'smaf1257.fon', 'smalle.fon', 'smallee.fon', 'smalleg.fon', 'smaller.fon', 'smallet.fon', 'smallf.fon', 'smallfe.fon', 'smallfg.fon', 'smallfr.fon', 'smallft.fon', 'SNAP____.TTF', 'ssee1255.fon', 'ssee1256.fon', 'ssee1257.fon', 'ssee874.fon', 'ssef1255.fon', 'ssef1256.fon', 'ssef1257.fon', 'ssef874.fon', 'sserife.fon', 'sserifee.fon', 'sserifeg.fon', 'sserifer.fon', 'sserifet.fon', 'sseriff.fon', 'sseriffe.fon', 'sseriffg.fon', 'sseriffr.fon', 'sserifft.fon', 'StaticCache.dat', 'STCAIYUN.TTF', 'STENCIL.TTF', 'STFANGSO.TTF', 'STHUPO.TTF', 'STKAITI.TTF', 'STLITI.TTF', 'STSONG.TTF', 'STXIHEI.TTF', 'STXINGKA.TTF', 'STXINWEI.TTF', 'STZHONGS.TTF', 'svgafix.fon', 'svgasys.fon', 'sylfaen.ttf', 'symbol.ttf', 'tahoma.ttf', 'tahomabd.ttf', 'taile.ttf', 'taileb.ttf', 'TCBI____.TTF', 'TCB_____.TTF', 'TCCB____.TTF', 'TCCEB.TTF', 'TCCM____.TTF', 'TCMI____.TTF', 'TCM_____.TTF', 'TEMPSITC.TTF', 'times.ttf', 'timesbd.ttf', 'timesbi.ttf', 'timesi.ttf', 'trebuc.ttf', 'trebucbd.ttf', 'trebucbi.ttf', 'trebucit.ttf', 'verdana.ttf', 'verdanab.ttf', 'verdanai.ttf', 'verdanaz.ttf', 'vga737.fon', 'vga775.fon', 'vga850.fon', 'vga852.fon', 'vga855.fon', 'vga857.fon', 'vga860.fon', 'vga861.fon', 'vga863.fon', 'vga865.fon', 'vga866.fon', 'vga869.fon', 'vga932.fon', 'vga936.fon', 'vga949.fon', 'vga950.fon', 'vgaf1255.fon', 'vgaf1256.fon', 'vgaf1257.fon', 'vgaf874.fon', 'vgafix.fon', 'vgafixe.fon', 'vgafixg.fon', 'vgafixr.fon', 'vgafixt.fon', 'vgaoem.fon', 'vgas1255.fon', 'vgas1256.fon', 'vgas1257.fon', 'vgas874.fon', 'vgasys.fon', 'vgasyse.fon', 'vgasysg.fon', 'vgasysr.fon', 'vgasyst.fon', 'VINERITC.TTF', 'VIVALDII.TTF', 'VLADIMIR.TTF', 'webdings.ttf', 'wingding.ttf', 'WINGDNG2.TTF', 'WINGDNG3.TTF', 'YuGothB.ttc', 'YuGothL.ttc', 'YuGothM.ttc', 'YuGothR.ttc', '\u534e\u5eb7\u65b9\u5706\u4f53W7.TTC', '\u65b9\u6b63\u7c97\u9ed1\u5b8b\u7b80\u4f53.ttf']
2023-09-27 15:58:50,404 - INFO - all fonts installed:['8514fix.fon', '8514fixe.fon', '8514fixg.fon', '8514fixr.fon', '8514fixt.fon', '8514oem.fon', '8514oeme.fon', '8514oemg.fon', '8514oemr.fon', '8514oemt.fon', '8514sys.fon', '8514syse.fon', '8514sysg.fon', '8514sysr.fon', '8514syst.fon', '85775.fon', '85855.fon', '85f1255.fon', '85f1256.fon', '85f1257.fon', '85f874.fon', '85s1255.fon', '85s1256.fon', '85s1257.fon', '85s874.fon', 'AGENCYB.TTF', 'AGENCYR.TTF', 'ALGER.TTF', 'ANTQUAB.TTF', 'ANTQUABI.TTF', 'ANTQUAI.TTF', 'app775.fon', 'app850.fon', 'app852.fon', 'app855.fon', 'app857.fon', 'app866.fon', 'app932.fon', 'app936.fon', 'app949.fon', 'app950.fon', 'arial.ttf', 'arialbd.ttf', 'arialbi.ttf', 'ariali.ttf', 'ARIALN.TTF', 'ARIALNB.TTF', 'ARIALNBI.TTF', 'ARIALNI.TTF', 'ariblk.ttf', 'ARLRDBD.TTF', 'AxureHandwriting-Bold.otf', 'AxureHandwriting-BoldItalic.otf', 'AxureHandwriting-Italic.otf', 'AxureHandwriting.otf', 'bahnschrift.ttf', 'BASKVILL.TTF', 'BAUHS93.TTF', 'BELL.TTF', 'BELLB.TTF', 'BELLI.TTF', 'BERNHC.TTF', 'BKANT.TTF', 'BOD_B.TTF', 'BOD_BI.TTF', 'BOD_BLAI.TTF', 'BOD_BLAR.TTF', 'BOD_CB.TTF', 'BOD_CBI.TTF', 'BOD_CI.TTF', 'BOD_CR.TTF', 'BOD_I.TTF', 'BOD_PSTC.TTF', 'BOD_R.TTF', 'BOOKOS.TTF', 'BOOKOSB.TTF', 'BOOKOSBI.TTF', 'BOOKOSI.TTF', 'BRADHITC.TTF', 'BRITANIC.TTF', 'BRLNSB.TTF', 'BRLNSDB.TTF', 'BRLNSR.TTF', 'BROADW.TTF', 'BRUSHSCI.TTF', 'BSSYM7.TTF', 'c8514fix.fon', 'c8514oem.fon', 'c8514sys.fon', 'calibri.ttf', 'calibrib.ttf', 'calibrii.ttf', 'calibril.ttf', 'calibrili.ttf', 'calibriz.ttf', 'CALIFB.TTF', 'CALIFI.TTF', 'CALIFR.TTF', 'CALIST.TTF', 'CALISTB.TTF', 'CALISTBI.TTF', 'CALISTI.TTF', 'cambria.ttc', 'cambriab.ttf', 'cambriai.ttf', 'cambriaz.ttf', 'Candara.ttf', 'Candarab.ttf', 'Candarai.ttf', 'Candaral.ttf', 'Candarali.ttf', 'Candaraz.ttf', 'CascadiaCode.ttf', 'CascadiaMono.ttf', 'CASTELAR.TTF', 'CENSCBK.TTF', 'CENTAUR.TTF', 'CENTURY.TTF', 'cga40737.fon', 'cga40850.fon', 'cga40852.fon', 'cga40857.fon', 'cga40866.fon', 'cga40869.fon', 'cga40woa.fon', 'cga80737.fon', 'cga80850.fon', 'cga80852.fon', 'cga80857.fon', 'cga80866.fon', 'cga80869.fon', 'cga80woa.fon', 'CHILLER.TTF', 'COLONNA.TTF', 'comic.ttf', 'comicbd.ttf', 'comici.ttf', 'comicz.ttf', 'consola.ttf', 'consolab.ttf', 'consolai.ttf', 'consolaz.ttf', 'constan.ttf', 'constanb.ttf', 'constani.ttf', 'constanz.ttf', 'COOPBL.TTF', 'COPRGTB.TTF', 'COPRGTL.TTF', 'corbel.ttf', 'corbelb.ttf', 'corbeli.ttf', 'corbell.ttf', 'corbelli.ttf', 'corbelz.ttf', 'coue1255.fon', 'coue1256.fon', 'coue1257.fon', 'couf1255.fon', 'couf1256.fon', 'couf1257.fon', 'cour.ttf', 'courbd.ttf', 'courbi.ttf', 'coure.fon', 'couree.fon', 'coureg.fon', 'courer.fon', 'couret.fon', 'courf.fon', 'courfe.fon', 'courfg.fon', 'courfr.fon', 'courft.fon', 'couri.ttf', 'CURLZ___.TTF', 'cvgafix.fon', 'cvgasys.fon', 'Deng.ttf', 'Dengb.ttf', 'Dengl.ttf', 'desktop.ini', 'dos737.fon', 'dos869.fon', 'dosapp.fon', 'DUBAI-BOLD.TTF', 'DUBAI-LIGHT.TTF', 'DUBAI-MEDIUM.TTF', 'DUBAI-REGULAR.TTF', 'ebrima.ttf', 'ebrimabd.ttf', 'ega40737.fon', 'ega40850.fon', 'ega40852.fon', 'ega40857.fon', 'ega40866.fon', 'ega40869.fon', 'ega40woa.fon', 'ega80737.fon', 'ega80850.fon', 'ega80852.fon', 'ega80857.fon', 'ega80866.fon', 'ega80869.fon', 'ega80woa.fon', 'ELEPHNT.TTF', 'ELEPHNTI.TTF', 'ENGR.TTF', 'ERASBD.TTF', 'ERASDEMI.TTF', 'ERASLGHT.TTF', 'ERASMD.TTF', 'FELIXTI.TTF', 'fms_metadata.xml', 'FORTE.TTF', 'FRABK.TTF', 'FRABKIT.TTF', 'FRADM.TTF', 'FRADMCN.TTF', 'FRADMIT.TTF', 'FRAHV.TTF', 'FRAHVIT.TTF', 'framd.ttf', 'FRAMDCN.TTF', 'framdit.ttf', 'FREESCPT.TTF', 'FRSCRIPT.TTF', 'FTLTLT.TTF', 'FZSTK.TTF', 'FZYTK.TTF', 'Gabriola.ttf', 'gadugi.ttf', 'gadugib.ttf', 'GARA.TTF', 'GARABD.TTF', 'GARAIT.TTF', 'georgia.ttf', 'georgiab.ttf', 'georgiai.ttf', 'georgiaz.ttf', 'GIGI.TTF', 'GILBI___.TTF', 'GILB____.TTF', 'GILC____.TTF', 'GILI____.TTF', 'GILLUBCD.TTF', 'GILSANUB.TTF', 'GIL_____.TTF', 'GLECB.TTF', 'GlobalMonospace.CompositeFont', 'GlobalSansSerif.CompositeFont', 'GlobalSerif.CompositeFont', 'GlobalUserInterface.CompositeFont', 'GLSNECB.TTF', 'GOTHIC.TTF', 'GOTHICB.TTF', 'GOTHICBI.TTF', 'GOTHICI.TTF', 'GOUDOS.TTF', 'GOUDOSB.TTF', 'GOUDOSI.TTF', 'GOUDYSTO.TTF', 'h8514fix.fon', 'h8514oem.fon', 'h8514sys.fon', 'HARLOWSI.TTF', 'HARNGTON.TTF', 'HATTEN.TTF', 'HGB1X_CNKI.ttf', 'HGB1_CNKI.ttf', 'HGB2X_CNKI.ttf', 'HGB2_CNKI.ttf', 'HGB3X_CNKI.ttf', 'HGB3_CNKI.ttf', 'HGB4X_CNKI.ttf', 'HGB4_CNKI.ttf', 'HGB5X_CNKI.ttf', 'HGB5_CNKI.ttf', 'HGB6X_CNKI.ttf', 'HGB6_CNKI.ttf', 'HGB7X_CNKI.ttf', 'HGB7_CNKI.ttf', 'HGB8X_CNKI.ttf', 'HGB8_CNKI.ttf', 'HGBD_CNKI.ttf', 'HGBKBX_CNKI.ttf', 'HGBKB_CNKI.ttf', 'HGBKHX_CNKI.ttf', 'HGBKH_CNKI.ttf', 'HGBS1_CNKI.TTF', 'HGBS2_CNKI.TTF', 'HGBS_CNKI.TTF', 'HGBTH_CNKI.TTF', 'HGBTS_CNKI.TTF', 'HGBX_CNKI.ttf', 'HGBZ_CNKI.ttf', 'HGCH_CNKI.TTF', 'HGCUH_CNKI.TTF', 'HGCY_CNKI.TTF', 'HGDBS_CNKI.TTF', 'HGDGY_CNKI.TTF', 'HGDH2_CNKI.TTF', 'HGDH_CNKI.TTF', 'HGDYS_CNKI.TTF', 'HGDY_CNKI.ttf', 'HGF1X_CNKI.ttf', 'HGF1_CNKI.ttf', 'HGF2X_CNKI.ttf', 'HGF2_CNKI.ttf', 'HGF3_CNKI.ttf', 'HGF4X_CNKI.ttf', 'HGF4_CNKI.ttf', 'HGF5X_CNKI.ttf', 'HGF5_CNKI.ttf', 'HGF6X_CNKI.ttf', 'HGF6_CNKI.ttf', 'HGF7X_CNKI.ttf', 'HGF7_CNKI.ttf', 'HGF8_CNKI.ttf', 'HGF9X_CNKI.ttf', 'HGF9_CNKI.ttf', 'HGFS1_CNKI.TTF', 'HGFS2_CNKI.TTF', 'HGFSH_CNKI.TTF', 'HGFS_CNKI.TTF', 'HGFX_CNKI.ttf', 'HGFZ_CNKI.ttf', 'HGGG_CNKI.TTF', 'HGH1X_CNKI.ttf', 'HGH1_CNKI.ttf', 'HGH2X_CNKI.ttf', 'HGH2_CNKI.ttf', 'HGH3X_CNKI.ttf', 'HGH3_CNKI.ttf', 'HGH4X_CNKI.ttf', 'HGH4_CNKI.ttf', 'HGH5X_CNKI.ttf', 'HGH5_CNKI.ttf', 'HGH6X_CNKI.ttf', 'HGH6_CNKI.ttf', 'HGH7X_CNKI.ttf', 'HGH7_CNKI.ttf', 'HGHB_CNKI.TTF', 'HGHD_CNKI.ttf', 'HGHP_CNKI.TTF', 'HGHT1_CNKI.ttf', 'HGHT2_CNKI.ttf', 'HGHUATI_CNKI.ttf', 'HGHX_CNKI.ttf', 'HGHZ_CNKI.ttf', 'HGH_CNKI.TTF', 'HGKT1_CNKI.TTF', 'HGKT2_CNKI.TTF', 'HGKT_CNKI.TTF', 'HGKY_CNKI.ttf', 'HGLB_CNKI.TTF', 'HGLS_CNKI.TTF', 'HGMH_CNKI.TTF', 'HGNBS_CNKI.ttf', 'HGOCR_CNKI.ttf', 'HGPH_CNKI.TTF', 'HGPTY_CNKI.TTF', 'HGSS1_CNKI.TTF', 'HGSS2_CNKI.TTF', 'HGSS_CNKI.TTF', 'HGSXT_CNKI.ttf', 'HGTT_CNKI.ttf', 'HGTX_CNKI.TTF', 'HGWT_CNKI.TTF', 'HGWYS_CNKI.TTF', 'HGX1X_CNKI.ttf', 'HGX1_CNKI.ttf', 'HGXBS_CNKI.TTF', 'HGXC_CNKI.TTF', 'HGXF1_CNKI.ttf', 'HGXFX_CNKI.ttf', 'HGXFZ_CNKI.ttf', 'HGXH1_CNKI.TTF', 'HGXH_CNKI.TTF', 'HGXK_CNKI.TTF', 'HGXL_CNKI.TTF', 'HGXS_CNKI.TTF', 'HGXT_CNKI.ttf', 'HGXY_CNKI.ttf', 'HGY1_CNKI.TTF', 'HGY2_CNKI.TTF', 'HGY3_CNKI.TTF', 'HGY4_CNKI.TTF', 'HGYB_CNKI.ttf', 'HGYT1_CNKI.ttf', 'HGYT2_CNKI.ttf', 'HGYT_CNKI.TTF', 'HGYX_CNKI.TTF', 'HGZCS_CNKI.TTF', 'HGZDX_CNKI.TTF', 'HGZK_CNKI.TTF', 'HGZYT_CNKI.TTF', 'HGZY_CNKI.TTF', 'himalaya.ttf', 'holomdl2.ttf', 'HTOWERT.TTF', 'HTOWERTI.TTF', 'hvgafix.fon', 'hvgasys.fon', 'impact.ttf', 'IMPRISHA.TTF', 'INFROMAN.TTF', 'Inkfree.ttf', 'iqiyi_logov7.ttf', 'ITCBLKAD.TTF', 'ITCEDSCR.TTF', 'ITCKRIST.TTF', 'j8514fix.fon', 'j8514oem.fon', 'j8514sys.fon', 'javatext.ttf', 'JOKERMAN.TTF', 'jsmalle.fon', 'jsmallf.fon', 'JUICE___.TTF', 'jvgafix.fon', 'jvgasys.fon', 'KUNSTLER.TTF', 'LATINWD.TTF', 'LBRITE.TTF', 'LBRITED.TTF', 'LBRITEDI.TTF', 'LBRITEI.TTF', 'LCALLIG.TTF', 'LeelaUIb.ttf', 'LeelawUI.ttf', 'LeelUIsl.ttf', 'LFAX.TTF', 'LFAXD.TTF', 'LFAXDI.TTF', 'LFAXI.TTF', 'LHANDW.TTF', 'LSANS.TTF', 'LSANSD.TTF', 'LSANSDI.TTF', 'LSANSI.TTF', 'LTYPE.TTF', 'LTYPEB.TTF', 'LTYPEBO.TTF', 'LTYPEO.TTF', 'lucon.ttf', 'l_10646.ttf', 'MAGNETOB.TTF', 'MAIAN.TTF', 'malgun.ttf', 'malgunbd.ttf', 'malgunsl.ttf', 'marlett.ttf', 'MATURASC.TTF', 'micross.ttf', 'mingliub.ttc', 'MISTRAL.TTF', 'mmrtext.ttf', 'mmrtextb.ttf', 'MOD20.TTF', 'modern.fon', 'monbaiti.ttf', 'msgothic.ttc', 'msjh.ttc', 'msjhbd.ttc', 'msjhl.ttc', 'msyh.ttc', 'msyhbd.ttc', 'msyhl.ttc', 'msyi.ttf', 'MTCORSVA.TTF', 'MTEXTRA.TTF', 'mvboli.ttf', 'NIAGENG.TTF', 'NIAGSOL.TTF', 'Nirmala.ttf', 'NirmalaB.ttf', 'NirmalaS.ttf', 'ntailu.ttf', 'ntailub.ttf', 'NumberOnly.ttf', 'OCRAEXT.TTF', 'OLDENGL.TTF', 'ONYX.TTF', 'OUTLOOK.TTF', 'pala.ttf', 'palab.ttf', 'palabi.ttf', 'palai.ttf', 'PALSCRI.TTF', 'PAPYRUS.TTF', 'PARCHM.TTF', 'PERBI___.TTF', 'PERB____.TTF', 'PERI____.TTF', 'PERTIBD.TTF', 'PERTILI.TTF', 'PER_____.TTF', 'phagspa.ttf', 'phagspab.ttf', 'PLAYBILL.TTF', 'POORICH.TTF', 'PRISTINA.TTF', 'RAGE.TTF', 'RAVIE.TTF', 'REFSAN.TTF', 'REFSPCL.TTF', 'ROCCB___.TTF', 'ROCC____.TTF', 'ROCK.TTF', 'ROCKB.TTF', 'ROCKBI.TTF', 'ROCKEB.TTF', 'ROCKI.TTF', 'roman.fon', 's8514fix.fon', 's8514oem.fon', 's8514sys.fon', 'SCHLBKB.TTF', 'SCHLBKBI.TTF', 'SCHLBKI.TTF', 'script.fon', 'SCRIPTBL.TTF', 'segmdl2.ttf', 'SegoeIcons.ttf', 'segoepr.ttf', 'segoeprb.ttf', 'segoesc.ttf', 'segoescb.ttf', 'segoeui.ttf', 'segoeuib.ttf', 'segoeuii.ttf', 'segoeuil.ttf', 'segoeuisl.ttf', 'segoeuiz.ttf', 'seguibl.ttf', 'seguibli.ttf', 'seguiemj.ttf', 'seguihis.ttf', 'seguili.ttf', 'seguisb.ttf', 'seguisbi.ttf', 'seguisli.ttf', 'seguisym.ttf', 'SegUIVar.ttf', 'sere1255.fon', 'sere1256.fon', 'sere1257.fon', 'serf1255.fon', 'serf1256.fon', 'serf1257.fon', 'serife.fon', 'serifee.fon', 'serifeg.fon', 'serifer.fon', 'serifet.fon', 'seriff.fon', 'seriffe.fon', 'seriffg.fon', 'seriffr.fon', 'serifft.fon', 'SHOWG.TTF', 'simfang.ttf', 'simhei.ttf', 'simkai.ttf', 'SIMLI.TTF', 'simsun.ttc', 'simsunb.ttf', 'SIMYOU.TTF', 'SitkaVF-Italic.ttf', 'SitkaVF.ttf', 'smae1255.fon', 'smae1256.fon', 'smae1257.fon', 'smaf1255.fon', 'smaf1256.fon', 'smaf1257.fon', 'smalle.fon', 'smallee.fon', 'smalleg.fon', 'smaller.fon', 'smallet.fon', 'smallf.fon', 'smallfe.fon', 'smallfg.fon', 'smallfr.fon', 'smallft.fon', 'SNAP____.TTF', 'ssee1255.fon', 'ssee1256.fon', 'ssee1257.fon', 'ssee874.fon', 'ssef1255.fon', 'ssef1256.fon', 'ssef1257.fon', 'ssef874.fon', 'sserife.fon', 'sserifee.fon', 'sserifeg.fon', 'sserifer.fon', 'sserifet.fon', 'sseriff.fon', 'sseriffe.fon', 'sseriffg.fon', 'sseriffr.fon', 'sserifft.fon', 'StaticCache.dat', 'STCAIYUN.TTF', 'STENCIL.TTF', 'STFANGSO.TTF', 'STHUPO.TTF', 'STKAITI.TTF', 'STLITI.TTF', 'STSONG.TTF', 'STXIHEI.TTF', 'STXINGKA.TTF', 'STXINWEI.TTF', 'STZHONGS.TTF', 'svgafix.fon', 'svgasys.fon', 'sylfaen.ttf', 'symbol.ttf', 'tahoma.ttf', 'tahomabd.ttf', 'taile.ttf', 'taileb.ttf', 'TCBI____.TTF', 'TCB_____.TTF', 'TCCB____.TTF', 'TCCEB.TTF', 'TCCM____.TTF', 'TCMI____.TTF', 'TCM_____.TTF', 'TEMPSITC.TTF', 'times.ttf', 'timesbd.ttf', 'timesbi.ttf', 'timesi.ttf', 'trebuc.ttf', 'trebucbd.ttf', 'trebucbi.ttf', 'trebucit.ttf', 'verdana.ttf', 'verdanab.ttf', 'verdanai.ttf', 'verdanaz.ttf', 'vga737.fon', 'vga775.fon', 'vga850.fon', 'vga852.fon', 'vga855.fon', 'vga857.fon', 'vga860.fon', 'vga861.fon', 'vga863.fon', 'vga865.fon', 'vga866.fon', 'vga869.fon', 'vga932.fon', 'vga936.fon', 'vga949.fon', 'vga950.fon', 'vgaf1255.fon', 'vgaf1256.fon', 'vgaf1257.fon', 'vgaf874.fon', 'vgafix.fon', 'vgafixe.fon', 'vgafixg.fon', 'vgafixr.fon', 'vgafixt.fon', 'vgaoem.fon', 'vgas1255.fon', 'vgas1256.fon', 'vgas1257.fon', 'vgas874.fon', 'vgasys.fon', 'vgasyse.fon', 'vgasysg.fon', 'vgasysr.fon', 'vgasyst.fon', 'VINERITC.TTF', 'VIVALDII.TTF', 'VLADIMIR.TTF', 'webdings.ttf', 'wingding.ttf', 'WINGDNG2.TTF', 'WINGDNG3.TTF', 'YuGothB.ttc', 'YuGothL.ttc', 'YuGothM.ttc', 'YuGothR.ttc', '\u534e\u5eb7\u65b9\u5706\u4f53W7.TTC', '\u65b9\u6b63\u7c97\u9ed1\u5b8b\u7b80\u4f53.ttf']
2023-09-27 15:58:50,406 - INFO - all fonts installed:['8514fix.fon', '8514fixe.fon', '8514fixg.fon', '8514fixr.fon', '8514fixt.fon', '8514oem.fon', '8514oeme.fon', '8514oemg.fon', '8514oemr.fon', '8514oemt.fon', '8514sys.fon', '8514syse.fon', '8514sysg.fon', '8514sysr.fon', '8514syst.fon', '85775.fon', '85855.fon', '85f1255.fon', '85f1256.fon', '85f1257.fon', '85f874.fon', '85s1255.fon', '85s1256.fon', '85s1257.fon', '85s874.fon', 'AGENCYB.TTF', 'AGENCYR.TTF', 'ALGER.TTF', 'ANTQUAB.TTF', 'ANTQUABI.TTF', 'ANTQUAI.TTF', 'app775.fon', 'app850.fon', 'app852.fon', 'app855.fon', 'app857.fon', 'app866.fon', 'app932.fon', 'app936.fon', 'app949.fon', 'app950.fon', 'arial.ttf', 'arialbd.ttf', 'arialbi.ttf', 'ariali.ttf', 'ARIALN.TTF', 'ARIALNB.TTF', 'ARIALNBI.TTF', 'ARIALNI.TTF', 'ariblk.ttf', 'ARLRDBD.TTF', 'AxureHandwriting-Bold.otf', 'AxureHandwriting-BoldItalic.otf', 'AxureHandwriting-Italic.otf', 'AxureHandwriting.otf', 'bahnschrift.ttf', 'BASKVILL.TTF', 'BAUHS93.TTF', 'BELL.TTF', 'BELLB.TTF', 'BELLI.TTF', 'BERNHC.TTF', 'BKANT.TTF', 'BOD_B.TTF', 'BOD_BI.TTF', 'BOD_BLAI.TTF', 'BOD_BLAR.TTF', 'BOD_CB.TTF', 'BOD_CBI.TTF', 'BOD_CI.TTF', 'BOD_CR.TTF', 'BOD_I.TTF', 'BOD_PSTC.TTF', 'BOD_R.TTF', 'BOOKOS.TTF', 'BOOKOSB.TTF', 'BOOKOSBI.TTF', 'BOOKOSI.TTF', 'BRADHITC.TTF', 'BRITANIC.TTF', 'BRLNSB.TTF', 'BRLNSDB.TTF', 'BRLNSR.TTF', 'BROADW.TTF', 'BRUSHSCI.TTF', 'BSSYM7.TTF', 'c8514fix.fon', 'c8514oem.fon', 'c8514sys.fon', 'calibri.ttf', 'calibrib.ttf', 'calibrii.ttf', 'calibril.ttf', 'calibrili.ttf', 'calibriz.ttf', 'CALIFB.TTF', 'CALIFI.TTF', 'CALIFR.TTF', 'CALIST.TTF', 'CALISTB.TTF', 'CALISTBI.TTF', 'CALISTI.TTF', 'cambria.ttc', 'cambriab.ttf', 'cambriai.ttf', 'cambriaz.ttf', 'Candara.ttf', 'Candarab.ttf', 'Candarai.ttf', 'Candaral.ttf', 'Candarali.ttf', 'Candaraz.ttf', 'CascadiaCode.ttf', 'CascadiaMono.ttf', 'CASTELAR.TTF', 'CENSCBK.TTF', 'CENTAUR.TTF', 'CENTURY.TTF', 'cga40737.fon', 'cga40850.fon', 'cga40852.fon', 'cga40857.fon', 'cga40866.fon', 'cga40869.fon', 'cga40woa.fon', 'cga80737.fon', 'cga80850.fon', 'cga80852.fon', 'cga80857.fon', 'cga80866.fon', 'cga80869.fon', 'cga80woa.fon', 'CHILLER.TTF', 'COLONNA.TTF', 'comic.ttf', 'comicbd.ttf', 'comici.ttf', 'comicz.ttf', 'consola.ttf', 'consolab.ttf', 'consolai.ttf', 'consolaz.ttf', 'constan.ttf', 'constanb.ttf', 'constani.ttf', 'constanz.ttf', 'COOPBL.TTF', 'COPRGTB.TTF', 'COPRGTL.TTF', 'corbel.ttf', 'corbelb.ttf', 'corbeli.ttf', 'corbell.ttf', 'corbelli.ttf', 'corbelz.ttf', 'coue1255.fon', 'coue1256.fon', 'coue1257.fon', 'couf1255.fon', 'couf1256.fon', 'couf1257.fon', 'cour.ttf', 'courbd.ttf', 'courbi.ttf', 'coure.fon', 'couree.fon', 'coureg.fon', 'courer.fon', 'couret.fon', 'courf.fon', 'courfe.fon', 'courfg.fon', 'courfr.fon', 'courft.fon', 'couri.ttf', 'CURLZ___.TTF', 'cvgafix.fon', 'cvgasys.fon', 'Deng.ttf', 'Dengb.ttf', 'Dengl.ttf', 'desktop.ini', 'dos737.fon', 'dos869.fon', 'dosapp.fon', 'DUBAI-BOLD.TTF', 'DUBAI-LIGHT.TTF', 'DUBAI-MEDIUM.TTF', 'DUBAI-REGULAR.TTF', 'ebrima.ttf', 'ebrimabd.ttf', 'ega40737.fon', 'ega40850.fon', 'ega40852.fon', 'ega40857.fon', 'ega40866.fon', 'ega40869.fon', 'ega40woa.fon', 'ega80737.fon', 'ega80850.fon', 'ega80852.fon', 'ega80857.fon', 'ega80866.fon', 'ega80869.fon', 'ega80woa.fon', 'ELEPHNT.TTF', 'ELEPHNTI.TTF', 'ENGR.TTF', 'ERASBD.TTF', 'ERASDEMI.TTF', 'ERASLGHT.TTF', 'ERASMD.TTF', 'FELIXTI.TTF', 'fms_metadata.xml', 'FORTE.TTF', 'FRABK.TTF', 'FRABKIT.TTF', 'FRADM.TTF', 'FRADMCN.TTF', 'FRADMIT.TTF', 'FRAHV.TTF', 'FRAHVIT.TTF', 'framd.ttf', 'FRAMDCN.TTF', 'framdit.ttf', 'FREESCPT.TTF', 'FRSCRIPT.TTF', 'FTLTLT.TTF', 'FZSTK.TTF', 'FZYTK.TTF', 'Gabriola.ttf', 'gadugi.ttf', 'gadugib.ttf', 'GARA.TTF', 'GARABD.TTF', 'GARAIT.TTF', 'georgia.ttf', 'georgiab.ttf', 'georgiai.ttf', 'georgiaz.ttf', 'GIGI.TTF', 'GILBI___.TTF', 'GILB____.TTF', 'GILC____.TTF', 'GILI____.TTF', 'GILLUBCD.TTF', 'GILSANUB.TTF', 'GIL_____.TTF', 'GLECB.TTF', 'GlobalMonospace.CompositeFont', 'GlobalSansSerif.CompositeFont', 'GlobalSerif.CompositeFont', 'GlobalUserInterface.CompositeFont', 'GLSNECB.TTF', 'GOTHIC.TTF', 'GOTHICB.TTF', 'GOTHICBI.TTF', 'GOTHICI.TTF', 'GOUDOS.TTF', 'GOUDOSB.TTF', 'GOUDOSI.TTF', 'GOUDYSTO.TTF', 'h8514fix.fon', 'h8514oem.fon', 'h8514sys.fon', 'HARLOWSI.TTF', 'HARNGTON.TTF', 'HATTEN.TTF', 'HGB1X_CNKI.ttf', 'HGB1_CNKI.ttf', 'HGB2X_CNKI.ttf', 'HGB2_CNKI.ttf', 'HGB3X_CNKI.ttf', 'HGB3_CNKI.ttf', 'HGB4X_CNKI.ttf', 'HGB4_CNKI.ttf', 'HGB5X_CNKI.ttf', 'HGB5_CNKI.ttf', 'HGB6X_CNKI.ttf', 'HGB6_CNKI.ttf', 'HGB7X_CNKI.ttf', 'HGB7_CNKI.ttf', 'HGB8X_CNKI.ttf', 'HGB8_CNKI.ttf', 'HGBD_CNKI.ttf', 'HGBKBX_CNKI.ttf', 'HGBKB_CNKI.ttf', 'HGBKHX_CNKI.ttf', 'HGBKH_CNKI.ttf', 'HGBS1_CNKI.TTF', 'HGBS2_CNKI.TTF', 'HGBS_CNKI.TTF', 'HGBTH_CNKI.TTF', 'HGBTS_CNKI.TTF', 'HGBX_CNKI.ttf', 'HGBZ_CNKI.ttf', 'HGCH_CNKI.TTF', 'HGCUH_CNKI.TTF', 'HGCY_CNKI.TTF', 'HGDBS_CNKI.TTF', 'HGDGY_CNKI.TTF', 'HGDH2_CNKI.TTF', 'HGDH_CNKI.TTF', 'HGDYS_CNKI.TTF', 'HGDY_CNKI.ttf', 'HGF1X_CNKI.ttf', 'HGF1_CNKI.ttf', 'HGF2X_CNKI.ttf', 'HGF2_CNKI.ttf', 'HGF3_CNKI.ttf', 'HGF4X_CNKI.ttf', 'HGF4_CNKI.ttf', 'HGF5X_CNKI.ttf', 'HGF5_CNKI.ttf', 'HGF6X_CNKI.ttf', 'HGF6_CNKI.ttf', 'HGF7X_CNKI.ttf', 'HGF7_CNKI.ttf', 'HGF8_CNKI.ttf', 'HGF9X_CNKI.ttf', 'HGF9_CNKI.ttf', 'HGFS1_CNKI.TTF', 'HGFS2_CNKI.TTF', 'HGFSH_CNKI.TTF', 'HGFS_CNKI.TTF', 'HGFX_CNKI.ttf', 'HGFZ_CNKI.ttf', 'HGGG_CNKI.TTF', 'HGH1X_CNKI.ttf', 'HGH1_CNKI.ttf', 'HGH2X_CNKI.ttf', 'HGH2_CNKI.ttf', 'HGH3X_CNKI.ttf', 'HGH3_CNKI.ttf', 'HGH4X_CNKI.ttf', 'HGH4_CNKI.ttf', 'HGH5X_CNKI.ttf', 'HGH5_CNKI.ttf', 'HGH6X_CNKI.ttf', 'HGH6_CNKI.ttf', 'HGH7X_CNKI.ttf', 'HGH7_CNKI.ttf', 'HGHB_CNKI.TTF', 'HGHD_CNKI.ttf', 'HGHP_CNKI.TTF', 'HGHT1_CNKI.ttf', 'HGHT2_CNKI.ttf', 'HGHUATI_CNKI.ttf', 'HGHX_CNKI.ttf', 'HGHZ_CNKI.ttf', 'HGH_CNKI.TTF', 'HGKT1_CNKI.TTF', 'HGKT2_CNKI.TTF', 'HGKT_CNKI.TTF', 'HGKY_CNKI.ttf', 'HGLB_CNKI.TTF', 'HGLS_CNKI.TTF', 'HGMH_CNKI.TTF', 'HGNBS_CNKI.ttf', 'HGOCR_CNKI.ttf', 'HGPH_CNKI.TTF', 'HGPTY_CNKI.TTF', 'HGSS1_CNKI.TTF', 'HGSS2_CNKI.TTF', 'HGSS_CNKI.TTF', 'HGSXT_CNKI.ttf', 'HGTT_CNKI.ttf', 'HGTX_CNKI.TTF', 'HGWT_CNKI.TTF', 'HGWYS_CNKI.TTF', 'HGX1X_CNKI.ttf', 'HGX1_CNKI.ttf', 'HGXBS_CNKI.TTF', 'HGXC_CNKI.TTF', 'HGXF1_CNKI.ttf', 'HGXFX_CNKI.ttf', 'HGXFZ_CNKI.ttf', 'HGXH1_CNKI.TTF', 'HGXH_CNKI.TTF', 'HGXK_CNKI.TTF', 'HGXL_CNKI.TTF', 'HGXS_CNKI.TTF', 'HGXT_CNKI.ttf', 'HGXY_CNKI.ttf', 'HGY1_CNKI.TTF', 'HGY2_CNKI.TTF', 'HGY3_CNKI.TTF', 'HGY4_CNKI.TTF', 'HGYB_CNKI.ttf', 'HGYT1_CNKI.ttf', 'HGYT2_CNKI.ttf', 'HGYT_CNKI.TTF', 'HGYX_CNKI.TTF', 'HGZCS_CNKI.TTF', 'HGZDX_CNKI.TTF', 'HGZK_CNKI.TTF', 'HGZYT_CNKI.TTF', 'HGZY_CNKI.TTF', 'himalaya.ttf', 'holomdl2.ttf', 'HTOWERT.TTF', 'HTOWERTI.TTF', 'hvgafix.fon', 'hvgasys.fon', 'impact.ttf', 'IMPRISHA.TTF', 'INFROMAN.TTF', 'Inkfree.ttf', 'iqiyi_logov7.ttf', 'ITCBLKAD.TTF', 'ITCEDSCR.TTF', 'ITCKRIST.TTF', 'j8514fix.fon', 'j8514oem.fon', 'j8514sys.fon', 'javatext.ttf', 'JOKERMAN.TTF', 'jsmalle.fon', 'jsmallf.fon', 'JUICE___.TTF', 'jvgafix.fon', 'jvgasys.fon', 'KUNSTLER.TTF', 'LATINWD.TTF', 'LBRITE.TTF', 'LBRITED.TTF', 'LBRITEDI.TTF', 'LBRITEI.TTF', 'LCALLIG.TTF', 'LeelaUIb.ttf', 'LeelawUI.ttf', 'LeelUIsl.ttf', 'LFAX.TTF', 'LFAXD.TTF', 'LFAXDI.TTF', 'LFAXI.TTF', 'LHANDW.TTF', 'LSANS.TTF', 'LSANSD.TTF', 'LSANSDI.TTF', 'LSANSI.TTF', 'LTYPE.TTF', 'LTYPEB.TTF', 'LTYPEBO.TTF', 'LTYPEO.TTF', 'lucon.ttf', 'l_10646.ttf', 'MAGNETOB.TTF', 'MAIAN.TTF', 'malgun.ttf', 'malgunbd.ttf', 'malgunsl.ttf', 'marlett.ttf', 'MATURASC.TTF', 'micross.ttf', 'mingliub.ttc', 'MISTRAL.TTF', 'mmrtext.ttf', 'mmrtextb.ttf', 'MOD20.TTF', 'modern.fon', 'monbaiti.ttf', 'msgothic.ttc', 'msjh.ttc', 'msjhbd.ttc', 'msjhl.ttc', 'msyh.ttc', 'msyhbd.ttc', 'msyhl.ttc', 'msyi.ttf', 'MTCORSVA.TTF', 'MTEXTRA.TTF', 'mvboli.ttf', 'NIAGENG.TTF', 'NIAGSOL.TTF', 'Nirmala.ttf', 'NirmalaB.ttf', 'NirmalaS.ttf', 'ntailu.ttf', 'ntailub.ttf', 'NumberOnly.ttf', 'OCRAEXT.TTF', 'OLDENGL.TTF', 'ONYX.TTF', 'OUTLOOK.TTF', 'pala.ttf', 'palab.ttf', 'palabi.ttf', 'palai.ttf', 'PALSCRI.TTF', 'PAPYRUS.TTF', 'PARCHM.TTF', 'PERBI___.TTF', 'PERB____.TTF', 'PERI____.TTF', 'PERTIBD.TTF', 'PERTILI.TTF', 'PER_____.TTF', 'phagspa.ttf', 'phagspab.ttf', 'PLAYBILL.TTF', 'POORICH.TTF', 'PRISTINA.TTF', 'RAGE.TTF', 'RAVIE.TTF', 'REFSAN.TTF', 'REFSPCL.TTF', 'ROCCB___.TTF', 'ROCC____.TTF', 'ROCK.TTF', 'ROCKB.TTF', 'ROCKBI.TTF', 'ROCKEB.TTF', 'ROCKI.TTF', 'roman.fon', 's8514fix.fon', 's8514oem.fon', 's8514sys.fon', 'SCHLBKB.TTF', 'SCHLBKBI.TTF', 'SCHLBKI.TTF', 'script.fon', 'SCRIPTBL.TTF', 'segmdl2.ttf', 'SegoeIcons.ttf', 'segoepr.ttf', 'segoeprb.ttf', 'segoesc.ttf', 'segoescb.ttf', 'segoeui.ttf', 'segoeuib.ttf', 'segoeuii.ttf', 'segoeuil.ttf', 'segoeuisl.ttf', 'segoeuiz.ttf', 'seguibl.ttf', 'seguibli.ttf', 'seguiemj.ttf', 'seguihis.ttf', 'seguili.ttf', 'seguisb.ttf', 'seguisbi.ttf', 'seguisli.ttf', 'seguisym.ttf', 'SegUIVar.ttf', 'sere1255.fon', 'sere1256.fon', 'sere1257.fon', 'serf1255.fon', 'serf1256.fon', 'serf1257.fon', 'serife.fon', 'serifee.fon', 'serifeg.fon', 'serifer.fon', 'serifet.fon', 'seriff.fon', 'seriffe.fon', 'seriffg.fon', 'seriffr.fon', 'serifft.fon', 'SHOWG.TTF', 'simfang.ttf', 'simhei.ttf', 'simkai.ttf', 'SIMLI.TTF', 'simsun.ttc', 'simsunb.ttf', 'SIMYOU.TTF', 'SitkaVF-Italic.ttf', 'SitkaVF.ttf', 'smae1255.fon', 'smae1256.fon', 'smae1257.fon', 'smaf1255.fon', 'smaf1256.fon', 'smaf1257.fon', 'smalle.fon', 'smallee.fon', 'smalleg.fon', 'smaller.fon', 'smallet.fon', 'smallf.fon', 'smallfe.fon', 'smallfg.fon', 'smallfr.fon', 'smallft.fon', 'SNAP____.TTF', 'ssee1255.fon', 'ssee1256.fon', 'ssee1257.fon', 'ssee874.fon', 'ssef1255.fon', 'ssef1256.fon', 'ssef1257.fon', 'ssef874.fon', 'sserife.fon', 'sserifee.fon', 'sserifeg.fon', 'sserifer.fon', 'sserifet.fon', 'sseriff.fon', 'sseriffe.fon', 'sseriffg.fon', 'sseriffr.fon', 'sserifft.fon', 'StaticCache.dat', 'STCAIYUN.TTF', 'STENCIL.TTF', 'STFANGSO.TTF', 'STHUPO.TTF', 'STKAITI.TTF', 'STLITI.TTF', 'STSONG.TTF', 'STXIHEI.TTF', 'STXINGKA.TTF', 'STXINWEI.TTF', 'STZHONGS.TTF', 'svgafix.fon', 'svgasys.fon', 'sylfaen.ttf', 'symbol.ttf', 'tahoma.ttf', 'tahomabd.ttf', 'taile.ttf', 'taileb.ttf', 'TCBI____.TTF', 'TCB_____.TTF', 'TCCB____.TTF', 'TCCEB.TTF', 'TCCM____.TTF', 'TCMI____.TTF', 'TCM_____.TTF', 'TEMPSITC.TTF', 'times.ttf', 'timesbd.ttf', 'timesbi.ttf', 'timesi.ttf', 'trebuc.ttf', 'trebucbd.ttf', 'trebucbi.ttf', 'trebucit.ttf', 'verdana.ttf', 'verdanab.ttf', 'verdanai.ttf', 'verdanaz.ttf', 'vga737.fon', 'vga775.fon', 'vga850.fon', 'vga852.fon', 'vga855.fon', 'vga857.fon', 'vga860.fon', 'vga861.fon', 'vga863.fon', 'vga865.fon', 'vga866.fon', 'vga869.fon', 'vga932.fon', 'vga936.fon', 'vga949.fon', 'vga950.fon', 'vgaf1255.fon', 'vgaf1256.fon', 'vgaf1257.fon', 'vgaf874.fon', 'vgafix.fon', 'vgafixe.fon', 'vgafixg.fon', 'vgafixr.fon', 'vgafixt.fon', 'vgaoem.fon', 'vgas1255.fon', 'vgas1256.fon', 'vgas1257.fon', 'vgas874.fon', 'vgasys.fon', 'vgasyse.fon', 'vgasysg.fon', 'vgasysr.fon', 'vgasyst.fon', 'VINERITC.TTF', 'VIVALDII.TTF', 'VLADIMIR.TTF', 'webdings.ttf', 'wingding.ttf', 'WINGDNG2.TTF', 'WINGDNG3.TTF', 'YuGothB.ttc', 'YuGothL.ttc', 'YuGothM.ttc', 'YuGothR.ttc', '\u534e\u5eb7\u65b9\u5706\u4f53W7.TTC', '\u65b9\u6b63\u7c97\u9ed1\u5b8b\u7b80\u4f53.ttf']
2023-09-27 16:00:27,880 - INFO - start to load thumbnail gen setting json from::D:/Download/audio-visual/saas/tiktoka/tiktoka-studio-uploader-genius/tests/videos/horizon/template (9).json
2023-09-27 16:00:27,881 - INFO - start to validate template
2023-09-27 16:00:27,885 - INFO - validate thumbnail gen template passed
2023-09-27 16:00:27,885 - INFO - start to validate metadata for thumbgen setting
2023-09-27 16:00:27,895 - INFO - start to check ['heading', 'subheading', 'extraheading'] defined in template
2023-09-27 16:00:27,896 - INFO - heading value is DRAG RACE in entry OP.
2023-09-27 16:00:27,896 - INFO - subheading value is \u56fd\u5e86\u4f73\u8282\u5feb\u4e50 in entry OP.
2023-09-27 16:00:27,896 - INFO - extraheading value is 2222 in entry OP.
2023-09-27 16:00:27,896 - INFO - validate metadata for thumbgen setting passed
2023-09-27 16:00:27,896 - INFO - start to update user submited metafile to video assets
2023-09-27 16:00:27,896 - WARNING - You are running on win32, potentially without locks. Consider setting shared_lock=True
2023-09-27 16:00:27,897 - INFO - update user submited metafile to video assets passed
2023-09-27 16:00:27,897 - INFO - start to validate bg folder
2023-09-27 16:00:27,897 - INFO - bg folder image list :['D:/Download/audio-visual/saas/tiktoka/tiktoka-studio-uploader-genius/tests/videos/horizon/1920x1080\\bg1.jpg', 'D:/Download/audio-visual/saas/tiktoka/tiktoka-studio-uploader-genius/tests/videos/horizon/1920x1080\\bg2.jpg']
2023-09-27 16:00:27,897 - INFO - Random assign bg:D:/Download/audio-visual/saas/tiktoka/tiktoka-studio-uploader-genius/tests/videos/horizon/1920x1080\bg1.jpg to  video:OP
2023-09-27 16:00:27,897 - INFO - validate bg folder passed
2023-09-27 16:00:29,248 - INFO - start to load thumbnail gen setting json from::D:/Download/audio-visual/saas/tiktoka/tiktoka-studio-uploader-genius/tests/videos/horizon/template (9).json
2023-09-27 16:00:29,249 - INFO - start to validate template
2023-09-27 16:00:29,253 - INFO - validate thumbnail gen template passed
2023-09-27 16:00:29,253 - INFO - start to validate metadata for thumbgen setting
2023-09-27 16:00:29,262 - INFO - start to check ['heading', 'subheading', 'extraheading'] defined in template
2023-09-27 16:00:29,262 - INFO - heading value is DRAG RACE in entry OP.
2023-09-27 16:00:29,262 - INFO - subheading value is \u56fd\u5e86\u4f73\u8282\u5feb\u4e50 in entry OP.
2023-09-27 16:00:29,262 - INFO - extraheading value is 2222 in entry OP.
2023-09-27 16:00:29,263 - INFO - validate metadata for thumbgen setting passed
2023-09-27 16:00:29,263 - INFO - start to update user submited metafile to video assets
2023-09-27 16:00:29,263 - WARNING - You are running on win32, potentially without locks. Consider setting shared_lock=True
2023-09-27 16:00:29,263 - INFO - update user submited metafile to video assets passed
2023-09-27 16:00:29,263 - INFO - start to validate bg folder
2023-09-27 16:00:29,264 - INFO - bg folder image list :['D:/Download/audio-visual/saas/tiktoka/tiktoka-studio-uploader-genius/tests/videos/horizon/1920x1080\\bg1.jpg', 'D:/Download/audio-visual/saas/tiktoka/tiktoka-studio-uploader-genius/tests/videos/horizon/1920x1080\\bg2.jpg']
2023-09-27 16:00:29,264 - INFO - Random assign bg:D:/Download/audio-visual/saas/tiktoka/tiktoka-studio-uploader-genius/tests/videos/horizon/1920x1080\bg1.jpg to  video:OP
2023-09-27 16:00:29,264 - INFO - validate bg folder passed
2023-09-27 16:00:29,302 - INFO - all fonts installed:['8514fix.fon', '8514fixe.fon', '8514fixg.fon', '8514fixr.fon', '8514fixt.fon', '8514oem.fon', '8514oeme.fon', '8514oemg.fon', '8514oemr.fon', '8514oemt.fon', '8514sys.fon', '8514syse.fon', '8514sysg.fon', '8514sysr.fon', '8514syst.fon', '85775.fon', '85855.fon', '85f1255.fon', '85f1256.fon', '85f1257.fon', '85f874.fon', '85s1255.fon', '85s1256.fon', '85s1257.fon', '85s874.fon', 'AGENCYB.TTF', 'AGENCYR.TTF', 'ALGER.TTF', 'ANTQUAB.TTF', 'ANTQUABI.TTF', 'ANTQUAI.TTF', 'app775.fon', 'app850.fon', 'app852.fon', 'app855.fon', 'app857.fon', 'app866.fon', 'app932.fon', 'app936.fon', 'app949.fon', 'app950.fon', 'arial.ttf', 'arialbd.ttf', 'arialbi.ttf', 'ariali.ttf', 'ARIALN.TTF', 'ARIALNB.TTF', 'ARIALNBI.TTF', 'ARIALNI.TTF', 'ariblk.ttf', 'ARLRDBD.TTF', 'AxureHandwriting-Bold.otf', 'AxureHandwriting-BoldItalic.otf', 'AxureHandwriting-Italic.otf', 'AxureHandwriting.otf', 'bahnschrift.ttf', 'BASKVILL.TTF', 'BAUHS93.TTF', 'BELL.TTF', 'BELLB.TTF', 'BELLI.TTF', 'BERNHC.TTF', 'BKANT.TTF', 'BOD_B.TTF', 'BOD_BI.TTF', 'BOD_BLAI.TTF', 'BOD_BLAR.TTF', 'BOD_CB.TTF', 'BOD_CBI.TTF', 'BOD_CI.TTF', 'BOD_CR.TTF', 'BOD_I.TTF', 'BOD_PSTC.TTF', 'BOD_R.TTF', 'BOOKOS.TTF', 'BOOKOSB.TTF', 'BOOKOSBI.TTF', 'BOOKOSI.TTF', 'BRADHITC.TTF', 'BRITANIC.TTF', 'BRLNSB.TTF', 'BRLNSDB.TTF', 'BRLNSR.TTF', 'BROADW.TTF', 'BRUSHSCI.TTF', 'BSSYM7.TTF', 'c8514fix.fon', 'c8514oem.fon', 'c8514sys.fon', 'calibri.ttf', 'calibrib.ttf', 'calibrii.ttf', 'calibril.ttf', 'calibrili.ttf', 'calibriz.ttf', 'CALIFB.TTF', 'CALIFI.TTF', 'CALIFR.TTF', 'CALIST.TTF', 'CALISTB.TTF', 'CALISTBI.TTF', 'CALISTI.TTF', 'cambria.ttc', 'cambriab.ttf', 'cambriai.ttf', 'cambriaz.ttf', 'Candara.ttf', 'Candarab.ttf', 'Candarai.ttf', 'Candaral.ttf', 'Candarali.ttf', 'Candaraz.ttf', 'CascadiaCode.ttf', 'CascadiaMono.ttf', 'CASTELAR.TTF', 'CENSCBK.TTF', 'CENTAUR.TTF', 'CENTURY.TTF', 'cga40737.fon', 'cga40850.fon', 'cga40852.fon', 'cga40857.fon', 'cga40866.fon', 'cga40869.fon', 'cga40woa.fon', 'cga80737.fon', 'cga80850.fon', 'cga80852.fon', 'cga80857.fon', 'cga80866.fon', 'cga80869.fon', 'cga80woa.fon', 'CHILLER.TTF', 'COLONNA.TTF', 'comic.ttf', 'comicbd.ttf', 'comici.ttf', 'comicz.ttf', 'consola.ttf', 'consolab.ttf', 'consolai.ttf', 'consolaz.ttf', 'constan.ttf', 'constanb.ttf', 'constani.ttf', 'constanz.ttf', 'COOPBL.TTF', 'COPRGTB.TTF', 'COPRGTL.TTF', 'corbel.ttf', 'corbelb.ttf', 'corbeli.ttf', 'corbell.ttf', 'corbelli.ttf', 'corbelz.ttf', 'coue1255.fon', 'coue1256.fon', 'coue1257.fon', 'couf1255.fon', 'couf1256.fon', 'couf1257.fon', 'cour.ttf', 'courbd.ttf', 'courbi.ttf', 'coure.fon', 'couree.fon', 'coureg.fon', 'courer.fon', 'couret.fon', 'courf.fon', 'courfe.fon', 'courfg.fon', 'courfr.fon', 'courft.fon', 'couri.ttf', 'CURLZ___.TTF', 'cvgafix.fon', 'cvgasys.fon', 'Deng.ttf', 'Dengb.ttf', 'Dengl.ttf', 'desktop.ini', 'dos737.fon', 'dos869.fon', 'dosapp.fon', 'DUBAI-BOLD.TTF', 'DUBAI-LIGHT.TTF', 'DUBAI-MEDIUM.TTF', 'DUBAI-REGULAR.TTF', 'ebrima.ttf', 'ebrimabd.ttf', 'ega40737.fon', 'ega40850.fon', 'ega40852.fon', 'ega40857.fon', 'ega40866.fon', 'ega40869.fon', 'ega40woa.fon', 'ega80737.fon', 'ega80850.fon', 'ega80852.fon', 'ega80857.fon', 'ega80866.fon', 'ega80869.fon', 'ega80woa.fon', 'ELEPHNT.TTF', 'ELEPHNTI.TTF', 'ENGR.TTF', 'ERASBD.TTF', 'ERASDEMI.TTF', 'ERASLGHT.TTF', 'ERASMD.TTF', 'FELIXTI.TTF', 'fms_metadata.xml', 'FORTE.TTF', 'FRABK.TTF', 'FRABKIT.TTF', 'FRADM.TTF', 'FRADMCN.TTF', 'FRADMIT.TTF', 'FRAHV.TTF', 'FRAHVIT.TTF', 'framd.ttf', 'FRAMDCN.TTF', 'framdit.ttf', 'FREESCPT.TTF', 'FRSCRIPT.TTF', 'FTLTLT.TTF', 'FZSTK.TTF', 'FZYTK.TTF', 'Gabriola.ttf', 'gadugi.ttf', 'gadugib.ttf', 'GARA.TTF', 'GARABD.TTF', 'GARAIT.TTF', 'georgia.ttf', 'georgiab.ttf', 'georgiai.ttf', 'georgiaz.ttf', 'GIGI.TTF', 'GILBI___.TTF', 'GILB____.TTF', 'GILC____.TTF', 'GILI____.TTF', 'GILLUBCD.TTF', 'GILSANUB.TTF', 'GIL_____.TTF', 'GLECB.TTF', 'GlobalMonospace.CompositeFont', 'GlobalSansSerif.CompositeFont', 'GlobalSerif.CompositeFont', 'GlobalUserInterface.CompositeFont', 'GLSNECB.TTF', 'GOTHIC.TTF', 'GOTHICB.TTF', 'GOTHICBI.TTF', 'GOTHICI.TTF', 'GOUDOS.TTF', 'GOUDOSB.TTF', 'GOUDOSI.TTF', 'GOUDYSTO.TTF', 'h8514fix.fon', 'h8514oem.fon', 'h8514sys.fon', 'HARLOWSI.TTF', 'HARNGTON.TTF', 'HATTEN.TTF', 'HGB1X_CNKI.ttf', 'HGB1_CNKI.ttf', 'HGB2X_CNKI.ttf', 'HGB2_CNKI.ttf', 'HGB3X_CNKI.ttf', 'HGB3_CNKI.ttf', 'HGB4X_CNKI.ttf', 'HGB4_CNKI.ttf', 'HGB5X_CNKI.ttf', 'HGB5_CNKI.ttf', 'HGB6X_CNKI.ttf', 'HGB6_CNKI.ttf', 'HGB7X_CNKI.ttf', 'HGB7_CNKI.ttf', 'HGB8X_CNKI.ttf', 'HGB8_CNKI.ttf', 'HGBD_CNKI.ttf', 'HGBKBX_CNKI.ttf', 'HGBKB_CNKI.ttf', 'HGBKHX_CNKI.ttf', 'HGBKH_CNKI.ttf', 'HGBS1_CNKI.TTF', 'HGBS2_CNKI.TTF', 'HGBS_CNKI.TTF', 'HGBTH_CNKI.TTF', 'HGBTS_CNKI.TTF', 'HGBX_CNKI.ttf', 'HGBZ_CNKI.ttf', 'HGCH_CNKI.TTF', 'HGCUH_CNKI.TTF', 'HGCY_CNKI.TTF', 'HGDBS_CNKI.TTF', 'HGDGY_CNKI.TTF', 'HGDH2_CNKI.TTF', 'HGDH_CNKI.TTF', 'HGDYS_CNKI.TTF', 'HGDY_CNKI.ttf', 'HGF1X_CNKI.ttf', 'HGF1_CNKI.ttf', 'HGF2X_CNKI.ttf', 'HGF2_CNKI.ttf', 'HGF3_CNKI.ttf', 'HGF4X_CNKI.ttf', 'HGF4_CNKI.ttf', 'HGF5X_CNKI.ttf', 'HGF5_CNKI.ttf', 'HGF6X_CNKI.ttf', 'HGF6_CNKI.ttf', 'HGF7X_CNKI.ttf', 'HGF7_CNKI.ttf', 'HGF8_CNKI.ttf', 'HGF9X_CNKI.ttf', 'HGF9_CNKI.ttf', 'HGFS1_CNKI.TTF', 'HGFS2_CNKI.TTF', 'HGFSH_CNKI.TTF', 'HGFS_CNKI.TTF', 'HGFX_CNKI.ttf', 'HGFZ_CNKI.ttf', 'HGGG_CNKI.TTF', 'HGH1X_CNKI.ttf', 'HGH1_CNKI.ttf', 'HGH2X_CNKI.ttf', 'HGH2_CNKI.ttf', 'HGH3X_CNKI.ttf', 'HGH3_CNKI.ttf', 'HGH4X_CNKI.ttf', 'HGH4_CNKI.ttf', 'HGH5X_CNKI.ttf', 'HGH5_CNKI.ttf', 'HGH6X_CNKI.ttf', 'HGH6_CNKI.ttf', 'HGH7X_CNKI.ttf', 'HGH7_CNKI.ttf', 'HGHB_CNKI.TTF', 'HGHD_CNKI.ttf', 'HGHP_CNKI.TTF', 'HGHT1_CNKI.ttf', 'HGHT2_CNKI.ttf', 'HGHUATI_CNKI.ttf', 'HGHX_CNKI.ttf', 'HGHZ_CNKI.ttf', 'HGH_CNKI.TTF', 'HGKT1_CNKI.TTF', 'HGKT2_CNKI.TTF', 'HGKT_CNKI.TTF', 'HGKY_CNKI.ttf', 'HGLB_CNKI.TTF', 'HGLS_CNKI.TTF', 'HGMH_CNKI.TTF', 'HGNBS_CNKI.ttf', 'HGOCR_CNKI.ttf', 'HGPH_CNKI.TTF', 'HGPTY_CNKI.TTF', 'HGSS1_CNKI.TTF', 'HGSS2_CNKI.TTF', 'HGSS_CNKI.TTF', 'HGSXT_CNKI.ttf', 'HGTT_CNKI.ttf', 'HGTX_CNKI.TTF', 'HGWT_CNKI.TTF', 'HGWYS_CNKI.TTF', 'HGX1X_CNKI.ttf', 'HGX1_CNKI.ttf', 'HGXBS_CNKI.TTF', 'HGXC_CNKI.TTF', 'HGXF1_CNKI.ttf', 'HGXFX_CNKI.ttf', 'HGXFZ_CNKI.ttf', 'HGXH1_CNKI.TTF', 'HGXH_CNKI.TTF', 'HGXK_CNKI.TTF', 'HGXL_CNKI.TTF', 'HGXS_CNKI.TTF', 'HGXT_CNKI.ttf', 'HGXY_CNKI.ttf', 'HGY1_CNKI.TTF', 'HGY2_CNKI.TTF', 'HGY3_CNKI.TTF', 'HGY4_CNKI.TTF', 'HGYB_CNKI.ttf', 'HGYT1_CNKI.ttf', 'HGYT2_CNKI.ttf', 'HGYT_CNKI.TTF', 'HGYX_CNKI.TTF', 'HGZCS_CNKI.TTF', 'HGZDX_CNKI.TTF', 'HGZK_CNKI.TTF', 'HGZYT_CNKI.TTF', 'HGZY_CNKI.TTF', 'himalaya.ttf', 'holomdl2.ttf', 'HTOWERT.TTF', 'HTOWERTI.TTF', 'hvgafix.fon', 'hvgasys.fon', 'impact.ttf', 'IMPRISHA.TTF', 'INFROMAN.TTF', 'Inkfree.ttf', 'iqiyi_logov7.ttf', 'ITCBLKAD.TTF', 'ITCEDSCR.TTF', 'ITCKRIST.TTF', 'j8514fix.fon', 'j8514oem.fon', 'j8514sys.fon', 'javatext.ttf', 'JOKERMAN.TTF', 'jsmalle.fon', 'jsmallf.fon', 'JUICE___.TTF', 'jvgafix.fon', 'jvgasys.fon', 'KUNSTLER.TTF', 'LATINWD.TTF', 'LBRITE.TTF', 'LBRITED.TTF', 'LBRITEDI.TTF', 'LBRITEI.TTF', 'LCALLIG.TTF', 'LeelaUIb.ttf', 'LeelawUI.ttf', 'LeelUIsl.ttf', 'LFAX.TTF', 'LFAXD.TTF', 'LFAXDI.TTF', 'LFAXI.TTF', 'LHANDW.TTF', 'LSANS.TTF', 'LSANSD.TTF', 'LSANSDI.TTF', 'LSANSI.TTF', 'LTYPE.TTF', 'LTYPEB.TTF', 'LTYPEBO.TTF', 'LTYPEO.TTF', 'lucon.ttf', 'l_10646.ttf', 'MAGNETOB.TTF', 'MAIAN.TTF', 'malgun.ttf', 'malgunbd.ttf', 'malgunsl.ttf', 'marlett.ttf', 'MATURASC.TTF', 'micross.ttf', 'mingliub.ttc', 'MISTRAL.TTF', 'mmrtext.ttf', 'mmrtextb.ttf', 'MOD20.TTF', 'modern.fon', 'monbaiti.ttf', 'msgothic.ttc', 'msjh.ttc', 'msjhbd.ttc', 'msjhl.ttc', 'msyh.ttc', 'msyhbd.ttc', 'msyhl.ttc', 'msyi.ttf', 'MTCORSVA.TTF', 'MTEXTRA.TTF', 'mvboli.ttf', 'NIAGENG.TTF', 'NIAGSOL.TTF', 'Nirmala.ttf', 'NirmalaB.ttf', 'NirmalaS.ttf', 'ntailu.ttf', 'ntailub.ttf', 'NumberOnly.ttf', 'OCRAEXT.TTF', 'OLDENGL.TTF', 'ONYX.TTF', 'OUTLOOK.TTF', 'pala.ttf', 'palab.ttf', 'palabi.ttf', 'palai.ttf', 'PALSCRI.TTF', 'PAPYRUS.TTF', 'PARCHM.TTF', 'PERBI___.TTF', 'PERB____.TTF', 'PERI____.TTF', 'PERTIBD.TTF', 'PERTILI.TTF', 'PER_____.TTF', 'phagspa.ttf', 'phagspab.ttf', 'PLAYBILL.TTF', 'POORICH.TTF', 'PRISTINA.TTF', 'RAGE.TTF', 'RAVIE.TTF', 'REFSAN.TTF', 'REFSPCL.TTF', 'ROCCB___.TTF', 'ROCC____.TTF', 'ROCK.TTF', 'ROCKB.TTF', 'ROCKBI.TTF', 'ROCKEB.TTF', 'ROCKI.TTF', 'roman.fon', 's8514fix.fon', 's8514oem.fon', 's8514sys.fon', 'SCHLBKB.TTF', 'SCHLBKBI.TTF', 'SCHLBKI.TTF', 'script.fon', 'SCRIPTBL.TTF', 'segmdl2.ttf', 'SegoeIcons.ttf', 'segoepr.ttf', 'segoeprb.ttf', 'segoesc.ttf', 'segoescb.ttf', 'segoeui.ttf', 'segoeuib.ttf', 'segoeuii.ttf', 'segoeuil.ttf', 'segoeuisl.ttf', 'segoeuiz.ttf', 'seguibl.ttf', 'seguibli.ttf', 'seguiemj.ttf', 'seguihis.ttf', 'seguili.ttf', 'seguisb.ttf', 'seguisbi.ttf', 'seguisli.ttf', 'seguisym.ttf', 'SegUIVar.ttf', 'sere1255.fon', 'sere1256.fon', 'sere1257.fon', 'serf1255.fon', 'serf1256.fon', 'serf1257.fon', 'serife.fon', 'serifee.fon', 'serifeg.fon', 'serifer.fon', 'serifet.fon', 'seriff.fon', 'seriffe.fon', 'seriffg.fon', 'seriffr.fon', 'serifft.fon', 'SHOWG.TTF', 'simfang.ttf', 'simhei.ttf', 'simkai.ttf', 'SIMLI.TTF', 'simsun.ttc', 'simsunb.ttf', 'SIMYOU.TTF', 'SitkaVF-Italic.ttf', 'SitkaVF.ttf', 'smae1255.fon', 'smae1256.fon', 'smae1257.fon', 'smaf1255.fon', 'smaf1256.fon', 'smaf1257.fon', 'smalle.fon', 'smallee.fon', 'smalleg.fon', 'smaller.fon', 'smallet.fon', 'smallf.fon', 'smallfe.fon', 'smallfg.fon', 'smallfr.fon', 'smallft.fon', 'SNAP____.TTF', 'ssee1255.fon', 'ssee1256.fon', 'ssee1257.fon', 'ssee874.fon', 'ssef1255.fon', 'ssef1256.fon', 'ssef1257.fon', 'ssef874.fon', 'sserife.fon', 'sserifee.fon', 'sserifeg.fon', 'sserifer.fon', 'sserifet.fon', 'sseriff.fon', 'sseriffe.fon', 'sseriffg.fon', 'sseriffr.fon', 'sserifft.fon', 'StaticCache.dat', 'STCAIYUN.TTF', 'STENCIL.TTF', 'STFANGSO.TTF', 'STHUPO.TTF', 'STKAITI.TTF', 'STLITI.TTF', 'STSONG.TTF', 'STXIHEI.TTF', 'STXINGKA.TTF', 'STXINWEI.TTF', 'STZHONGS.TTF', 'svgafix.fon', 'svgasys.fon', 'sylfaen.ttf', 'symbol.ttf', 'tahoma.ttf', 'tahomabd.ttf', 'taile.ttf', 'taileb.ttf', 'TCBI____.TTF', 'TCB_____.TTF', 'TCCB____.TTF', 'TCCEB.TTF', 'TCCM____.TTF', 'TCMI____.TTF', 'TCM_____.TTF', 'TEMPSITC.TTF', 'times.ttf', 'timesbd.ttf', 'timesbi.ttf', 'timesi.ttf', 'trebuc.ttf', 'trebucbd.ttf', 'trebucbi.ttf', 'trebucit.ttf', 'verdana.ttf', 'verdanab.ttf', 'verdanai.ttf', 'verdanaz.ttf', 'vga737.fon', 'vga775.fon', 'vga850.fon', 'vga852.fon', 'vga855.fon', 'vga857.fon', 'vga860.fon', 'vga861.fon', 'vga863.fon', 'vga865.fon', 'vga866.fon', 'vga869.fon', 'vga932.fon', 'vga936.fon', 'vga949.fon', 'vga950.fon', 'vgaf1255.fon', 'vgaf1256.fon', 'vgaf1257.fon', 'vgaf874.fon', 'vgafix.fon', 'vgafixe.fon', 'vgafixg.fon', 'vgafixr.fon', 'vgafixt.fon', 'vgaoem.fon', 'vgas1255.fon', 'vgas1256.fon', 'vgas1257.fon', 'vgas874.fon', 'vgasys.fon', 'vgasyse.fon', 'vgasysg.fon', 'vgasysr.fon', 'vgasyst.fon', 'VINERITC.TTF', 'VIVALDII.TTF', 'VLADIMIR.TTF', 'webdings.ttf', 'wingding.ttf', 'WINGDNG2.TTF', 'WINGDNG3.TTF', 'YuGothB.ttc', 'YuGothL.ttc', 'YuGothM.ttc', 'YuGothR.ttc', '\u534e\u5eb7\u65b9\u5706\u4f53W7.TTC', '\u65b9\u6b63\u7c97\u9ed1\u5b8b\u7b80\u4f53.ttf']
2023-09-27 16:00:29,307 - INFO - all fonts installed:['8514fix.fon', '8514fixe.fon', '8514fixg.fon', '8514fixr.fon', '8514fixt.fon', '8514oem.fon', '8514oeme.fon', '8514oemg.fon', '8514oemr.fon', '8514oemt.fon', '8514sys.fon', '8514syse.fon', '8514sysg.fon', '8514sysr.fon', '8514syst.fon', '85775.fon', '85855.fon', '85f1255.fon', '85f1256.fon', '85f1257.fon', '85f874.fon', '85s1255.fon', '85s1256.fon', '85s1257.fon', '85s874.fon', 'AGENCYB.TTF', 'AGENCYR.TTF', 'ALGER.TTF', 'ANTQUAB.TTF', 'ANTQUABI.TTF', 'ANTQUAI.TTF', 'app775.fon', 'app850.fon', 'app852.fon', 'app855.fon', 'app857.fon', 'app866.fon', 'app932.fon', 'app936.fon', 'app949.fon', 'app950.fon', 'arial.ttf', 'arialbd.ttf', 'arialbi.ttf', 'ariali.ttf', 'ARIALN.TTF', 'ARIALNB.TTF', 'ARIALNBI.TTF', 'ARIALNI.TTF', 'ariblk.ttf', 'ARLRDBD.TTF', 'AxureHandwriting-Bold.otf', 'AxureHandwriting-BoldItalic.otf', 'AxureHandwriting-Italic.otf', 'AxureHandwriting.otf', 'bahnschrift.ttf', 'BASKVILL.TTF', 'BAUHS93.TTF', 'BELL.TTF', 'BELLB.TTF', 'BELLI.TTF', 'BERNHC.TTF', 'BKANT.TTF', 'BOD_B.TTF', 'BOD_BI.TTF', 'BOD_BLAI.TTF', 'BOD_BLAR.TTF', 'BOD_CB.TTF', 'BOD_CBI.TTF', 'BOD_CI.TTF', 'BOD_CR.TTF', 'BOD_I.TTF', 'BOD_PSTC.TTF', 'BOD_R.TTF', 'BOOKOS.TTF', 'BOOKOSB.TTF', 'BOOKOSBI.TTF', 'BOOKOSI.TTF', 'BRADHITC.TTF', 'BRITANIC.TTF', 'BRLNSB.TTF', 'BRLNSDB.TTF', 'BRLNSR.TTF', 'BROADW.TTF', 'BRUSHSCI.TTF', 'BSSYM7.TTF', 'c8514fix.fon', 'c8514oem.fon', 'c8514sys.fon', 'calibri.ttf', 'calibrib.ttf', 'calibrii.ttf', 'calibril.ttf', 'calibrili.ttf', 'calibriz.ttf', 'CALIFB.TTF', 'CALIFI.TTF', 'CALIFR.TTF', 'CALIST.TTF', 'CALISTB.TTF', 'CALISTBI.TTF', 'CALISTI.TTF', 'cambria.ttc', 'cambriab.ttf', 'cambriai.ttf', 'cambriaz.ttf', 'Candara.ttf', 'Candarab.ttf', 'Candarai.ttf', 'Candaral.ttf', 'Candarali.ttf', 'Candaraz.ttf', 'CascadiaCode.ttf', 'CascadiaMono.ttf', 'CASTELAR.TTF', 'CENSCBK.TTF', 'CENTAUR.TTF', 'CENTURY.TTF', 'cga40737.fon', 'cga40850.fon', 'cga40852.fon', 'cga40857.fon', 'cga40866.fon', 'cga40869.fon', 'cga40woa.fon', 'cga80737.fon', 'cga80850.fon', 'cga80852.fon', 'cga80857.fon', 'cga80866.fon', 'cga80869.fon', 'cga80woa.fon', 'CHILLER.TTF', 'COLONNA.TTF', 'comic.ttf', 'comicbd.ttf', 'comici.ttf', 'comicz.ttf', 'consola.ttf', 'consolab.ttf', 'consolai.ttf', 'consolaz.ttf', 'constan.ttf', 'constanb.ttf', 'constani.ttf', 'constanz.ttf', 'COOPBL.TTF', 'COPRGTB.TTF', 'COPRGTL.TTF', 'corbel.ttf', 'corbelb.ttf', 'corbeli.ttf', 'corbell.ttf', 'corbelli.ttf', 'corbelz.ttf', 'coue1255.fon', 'coue1256.fon', 'coue1257.fon', 'couf1255.fon', 'couf1256.fon', 'couf1257.fon', 'cour.ttf', 'courbd.ttf', 'courbi.ttf', 'coure.fon', 'couree.fon', 'coureg.fon', 'courer.fon', 'couret.fon', 'courf.fon', 'courfe.fon', 'courfg.fon', 'courfr.fon', 'courft.fon', 'couri.ttf', 'CURLZ___.TTF', 'cvgafix.fon', 'cvgasys.fon', 'Deng.ttf', 'Dengb.ttf', 'Dengl.ttf', 'desktop.ini', 'dos737.fon', 'dos869.fon', 'dosapp.fon', 'DUBAI-BOLD.TTF', 'DUBAI-LIGHT.TTF', 'DUBAI-MEDIUM.TTF', 'DUBAI-REGULAR.TTF', 'ebrima.ttf', 'ebrimabd.ttf', 'ega40737.fon', 'ega40850.fon', 'ega40852.fon', 'ega40857.fon', 'ega40866.fon', 'ega40869.fon', 'ega40woa.fon', 'ega80737.fon', 'ega80850.fon', 'ega80852.fon', 'ega80857.fon', 'ega80866.fon', 'ega80869.fon', 'ega80woa.fon', 'ELEPHNT.TTF', 'ELEPHNTI.TTF', 'ENGR.TTF', 'ERASBD.TTF', 'ERASDEMI.TTF', 'ERASLGHT.TTF', 'ERASMD.TTF', 'FELIXTI.TTF', 'fms_metadata.xml', 'FORTE.TTF', 'FRABK.TTF', 'FRABKIT.TTF', 'FRADM.TTF', 'FRADMCN.TTF', 'FRADMIT.TTF', 'FRAHV.TTF', 'FRAHVIT.TTF', 'framd.ttf', 'FRAMDCN.TTF', 'framdit.ttf', 'FREESCPT.TTF', 'FRSCRIPT.TTF', 'FTLTLT.TTF', 'FZSTK.TTF', 'FZYTK.TTF', 'Gabriola.ttf', 'gadugi.ttf', 'gadugib.ttf', 'GARA.TTF', 'GARABD.TTF', 'GARAIT.TTF', 'georgia.ttf', 'georgiab.ttf', 'georgiai.ttf', 'georgiaz.ttf', 'GIGI.TTF', 'GILBI___.TTF', 'GILB____.TTF', 'GILC____.TTF', 'GILI____.TTF', 'GILLUBCD.TTF', 'GILSANUB.TTF', 'GIL_____.TTF', 'GLECB.TTF', 'GlobalMonospace.CompositeFont', 'GlobalSansSerif.CompositeFont', 'GlobalSerif.CompositeFont', 'GlobalUserInterface.CompositeFont', 'GLSNECB.TTF', 'GOTHIC.TTF', 'GOTHICB.TTF', 'GOTHICBI.TTF', 'GOTHICI.TTF', 'GOUDOS.TTF', 'GOUDOSB.TTF', 'GOUDOSI.TTF', 'GOUDYSTO.TTF', 'h8514fix.fon', 'h8514oem.fon', 'h8514sys.fon', 'HARLOWSI.TTF', 'HARNGTON.TTF', 'HATTEN.TTF', 'HGB1X_CNKI.ttf', 'HGB1_CNKI.ttf', 'HGB2X_CNKI.ttf', 'HGB2_CNKI.ttf', 'HGB3X_CNKI.ttf', 'HGB3_CNKI.ttf', 'HGB4X_CNKI.ttf', 'HGB4_CNKI.ttf', 'HGB5X_CNKI.ttf', 'HGB5_CNKI.ttf', 'HGB6X_CNKI.ttf', 'HGB6_CNKI.ttf', 'HGB7X_CNKI.ttf', 'HGB7_CNKI.ttf', 'HGB8X_CNKI.ttf', 'HGB8_CNKI.ttf', 'HGBD_CNKI.ttf', 'HGBKBX_CNKI.ttf', 'HGBKB_CNKI.ttf', 'HGBKHX_CNKI.ttf', 'HGBKH_CNKI.ttf', 'HGBS1_CNKI.TTF', 'HGBS2_CNKI.TTF', 'HGBS_CNKI.TTF', 'HGBTH_CNKI.TTF', 'HGBTS_CNKI.TTF', 'HGBX_CNKI.ttf', 'HGBZ_CNKI.ttf', 'HGCH_CNKI.TTF', 'HGCUH_CNKI.TTF', 'HGCY_CNKI.TTF', 'HGDBS_CNKI.TTF', 'HGDGY_CNKI.TTF', 'HGDH2_CNKI.TTF', 'HGDH_CNKI.TTF', 'HGDYS_CNKI.TTF', 'HGDY_CNKI.ttf', 'HGF1X_CNKI.ttf', 'HGF1_CNKI.ttf', 'HGF2X_CNKI.ttf', 'HGF2_CNKI.ttf', 'HGF3_CNKI.ttf', 'HGF4X_CNKI.ttf', 'HGF4_CNKI.ttf', 'HGF5X_CNKI.ttf', 'HGF5_CNKI.ttf', 'HGF6X_CNKI.ttf', 'HGF6_CNKI.ttf', 'HGF7X_CNKI.ttf', 'HGF7_CNKI.ttf', 'HGF8_CNKI.ttf', 'HGF9X_CNKI.ttf', 'HGF9_CNKI.ttf', 'HGFS1_CNKI.TTF', 'HGFS2_CNKI.TTF', 'HGFSH_CNKI.TTF', 'HGFS_CNKI.TTF', 'HGFX_CNKI.ttf', 'HGFZ_CNKI.ttf', 'HGGG_CNKI.TTF', 'HGH1X_CNKI.ttf', 'HGH1_CNKI.ttf', 'HGH2X_CNKI.ttf', 'HGH2_CNKI.ttf', 'HGH3X_CNKI.ttf', 'HGH3_CNKI.ttf', 'HGH4X_CNKI.ttf', 'HGH4_CNKI.ttf', 'HGH5X_CNKI.ttf', 'HGH5_CNKI.ttf', 'HGH6X_CNKI.ttf', 'HGH6_CNKI.ttf', 'HGH7X_CNKI.ttf', 'HGH7_CNKI.ttf', 'HGHB_CNKI.TTF', 'HGHD_CNKI.ttf', 'HGHP_CNKI.TTF', 'HGHT1_CNKI.ttf', 'HGHT2_CNKI.ttf', 'HGHUATI_CNKI.ttf', 'HGHX_CNKI.ttf', 'HGHZ_CNKI.ttf', 'HGH_CNKI.TTF', 'HGKT1_CNKI.TTF', 'HGKT2_CNKI.TTF', 'HGKT_CNKI.TTF', 'HGKY_CNKI.ttf', 'HGLB_CNKI.TTF', 'HGLS_CNKI.TTF', 'HGMH_CNKI.TTF', 'HGNBS_CNKI.ttf', 'HGOCR_CNKI.ttf', 'HGPH_CNKI.TTF', 'HGPTY_CNKI.TTF', 'HGSS1_CNKI.TTF', 'HGSS2_CNKI.TTF', 'HGSS_CNKI.TTF', 'HGSXT_CNKI.ttf', 'HGTT_CNKI.ttf', 'HGTX_CNKI.TTF', 'HGWT_CNKI.TTF', 'HGWYS_CNKI.TTF', 'HGX1X_CNKI.ttf', 'HGX1_CNKI.ttf', 'HGXBS_CNKI.TTF', 'HGXC_CNKI.TTF', 'HGXF1_CNKI.ttf', 'HGXFX_CNKI.ttf', 'HGXFZ_CNKI.ttf', 'HGXH1_CNKI.TTF', 'HGXH_CNKI.TTF', 'HGXK_CNKI.TTF', 'HGXL_CNKI.TTF', 'HGXS_CNKI.TTF', 'HGXT_CNKI.ttf', 'HGXY_CNKI.ttf', 'HGY1_CNKI.TTF', 'HGY2_CNKI.TTF', 'HGY3_CNKI.TTF', 'HGY4_CNKI.TTF', 'HGYB_CNKI.ttf', 'HGYT1_CNKI.ttf', 'HGYT2_CNKI.ttf', 'HGYT_CNKI.TTF', 'HGYX_CNKI.TTF', 'HGZCS_CNKI.TTF', 'HGZDX_CNKI.TTF', 'HGZK_CNKI.TTF', 'HGZYT_CNKI.TTF', 'HGZY_CNKI.TTF', 'himalaya.ttf', 'holomdl2.ttf', 'HTOWERT.TTF', 'HTOWERTI.TTF', 'hvgafix.fon', 'hvgasys.fon', 'impact.ttf', 'IMPRISHA.TTF', 'INFROMAN.TTF', 'Inkfree.ttf', 'iqiyi_logov7.ttf', 'ITCBLKAD.TTF', 'ITCEDSCR.TTF', 'ITCKRIST.TTF', 'j8514fix.fon', 'j8514oem.fon', 'j8514sys.fon', 'javatext.ttf', 'JOKERMAN.TTF', 'jsmalle.fon', 'jsmallf.fon', 'JUICE___.TTF', 'jvgafix.fon', 'jvgasys.fon', 'KUNSTLER.TTF', 'LATINWD.TTF', 'LBRITE.TTF', 'LBRITED.TTF', 'LBRITEDI.TTF', 'LBRITEI.TTF', 'LCALLIG.TTF', 'LeelaUIb.ttf', 'LeelawUI.ttf', 'LeelUIsl.ttf', 'LFAX.TTF', 'LFAXD.TTF', 'LFAXDI.TTF', 'LFAXI.TTF', 'LHANDW.TTF', 'LSANS.TTF', 'LSANSD.TTF', 'LSANSDI.TTF', 'LSANSI.TTF', 'LTYPE.TTF', 'LTYPEB.TTF', 'LTYPEBO.TTF', 'LTYPEO.TTF', 'lucon.ttf', 'l_10646.ttf', 'MAGNETOB.TTF', 'MAIAN.TTF', 'malgun.ttf', 'malgunbd.ttf', 'malgunsl.ttf', 'marlett.ttf', 'MATURASC.TTF', 'micross.ttf', 'mingliub.ttc', 'MISTRAL.TTF', 'mmrtext.ttf', 'mmrtextb.ttf', 'MOD20.TTF', 'modern.fon', 'monbaiti.ttf', 'msgothic.ttc', 'msjh.ttc', 'msjhbd.ttc', 'msjhl.ttc', 'msyh.ttc', 'msyhbd.ttc', 'msyhl.ttc', 'msyi.ttf', 'MTCORSVA.TTF', 'MTEXTRA.TTF', 'mvboli.ttf', 'NIAGENG.TTF', 'NIAGSOL.TTF', 'Nirmala.ttf', 'NirmalaB.ttf', 'NirmalaS.ttf', 'ntailu.ttf', 'ntailub.ttf', 'NumberOnly.ttf', 'OCRAEXT.TTF', 'OLDENGL.TTF', 'ONYX.TTF', 'OUTLOOK.TTF', 'pala.ttf', 'palab.ttf', 'palabi.ttf', 'palai.ttf', 'PALSCRI.TTF', 'PAPYRUS.TTF', 'PARCHM.TTF', 'PERBI___.TTF', 'PERB____.TTF', 'PERI____.TTF', 'PERTIBD.TTF', 'PERTILI.TTF', 'PER_____.TTF', 'phagspa.ttf', 'phagspab.ttf', 'PLAYBILL.TTF', 'POORICH.TTF', 'PRISTINA.TTF', 'RAGE.TTF', 'RAVIE.TTF', 'REFSAN.TTF', 'REFSPCL.TTF', 'ROCCB___.TTF', 'ROCC____.TTF', 'ROCK.TTF', 'ROCKB.TTF', 'ROCKBI.TTF', 'ROCKEB.TTF', 'ROCKI.TTF', 'roman.fon', 's8514fix.fon', 's8514oem.fon', 's8514sys.fon', 'SCHLBKB.TTF', 'SCHLBKBI.TTF', 'SCHLBKI.TTF', 'script.fon', 'SCRIPTBL.TTF', 'segmdl2.ttf', 'SegoeIcons.ttf', 'segoepr.ttf', 'segoeprb.ttf', 'segoesc.ttf', 'segoescb.ttf', 'segoeui.ttf', 'segoeuib.ttf', 'segoeuii.ttf', 'segoeuil.ttf', 'segoeuisl.ttf', 'segoeuiz.ttf', 'seguibl.ttf', 'seguibli.ttf', 'seguiemj.ttf', 'seguihis.ttf', 'seguili.ttf', 'seguisb.ttf', 'seguisbi.ttf', 'seguisli.ttf', 'seguisym.ttf', 'SegUIVar.ttf', 'sere1255.fon', 'sere1256.fon', 'sere1257.fon', 'serf1255.fon', 'serf1256.fon', 'serf1257.fon', 'serife.fon', 'serifee.fon', 'serifeg.fon', 'serifer.fon', 'serifet.fon', 'seriff.fon', 'seriffe.fon', 'seriffg.fon', 'seriffr.fon', 'serifft.fon', 'SHOWG.TTF', 'simfang.ttf', 'simhei.ttf', 'simkai.ttf', 'SIMLI.TTF', 'simsun.ttc', 'simsunb.ttf', 'SIMYOU.TTF', 'SitkaVF-Italic.ttf', 'SitkaVF.ttf', 'smae1255.fon', 'smae1256.fon', 'smae1257.fon', 'smaf1255.fon', 'smaf1256.fon', 'smaf1257.fon', 'smalle.fon', 'smallee.fon', 'smalleg.fon', 'smaller.fon', 'smallet.fon', 'smallf.fon', 'smallfe.fon', 'smallfg.fon', 'smallfr.fon', 'smallft.fon', 'SNAP____.TTF', 'ssee1255.fon', 'ssee1256.fon', 'ssee1257.fon', 'ssee874.fon', 'ssef1255.fon', 'ssef1256.fon', 'ssef1257.fon', 'ssef874.fon', 'sserife.fon', 'sserifee.fon', 'sserifeg.fon', 'sserifer.fon', 'sserifet.fon', 'sseriff.fon', 'sseriffe.fon', 'sseriffg.fon', 'sseriffr.fon', 'sserifft.fon', 'StaticCache.dat', 'STCAIYUN.TTF', 'STENCIL.TTF', 'STFANGSO.TTF', 'STHUPO.TTF', 'STKAITI.TTF', 'STLITI.TTF', 'STSONG.TTF', 'STXIHEI.TTF', 'STXINGKA.TTF', 'STXINWEI.TTF', 'STZHONGS.TTF', 'svgafix.fon', 'svgasys.fon', 'sylfaen.ttf', 'symbol.ttf', 'tahoma.ttf', 'tahomabd.ttf', 'taile.ttf', 'taileb.ttf', 'TCBI____.TTF', 'TCB_____.TTF', 'TCCB____.TTF', 'TCCEB.TTF', 'TCCM____.TTF', 'TCMI____.TTF', 'TCM_____.TTF', 'TEMPSITC.TTF', 'times.ttf', 'timesbd.ttf', 'timesbi.ttf', 'timesi.ttf', 'trebuc.ttf', 'trebucbd.ttf', 'trebucbi.ttf', 'trebucit.ttf', 'verdana.ttf', 'verdanab.ttf', 'verdanai.ttf', 'verdanaz.ttf', 'vga737.fon', 'vga775.fon', 'vga850.fon', 'vga852.fon', 'vga855.fon', 'vga857.fon', 'vga860.fon', 'vga861.fon', 'vga863.fon', 'vga865.fon', 'vga866.fon', 'vga869.fon', 'vga932.fon', 'vga936.fon', 'vga949.fon', 'vga950.fon', 'vgaf1255.fon', 'vgaf1256.fon', 'vgaf1257.fon', 'vgaf874.fon', 'vgafix.fon', 'vgafixe.fon', 'vgafixg.fon', 'vgafixr.fon', 'vgafixt.fon', 'vgaoem.fon', 'vgas1255.fon', 'vgas1256.fon', 'vgas1257.fon', 'vgas874.fon', 'vgasys.fon', 'vgasyse.fon', 'vgasysg.fon', 'vgasysr.fon', 'vgasyst.fon', 'VINERITC.TTF', 'VIVALDII.TTF', 'VLADIMIR.TTF', 'webdings.ttf', 'wingding.ttf', 'WINGDNG2.TTF', 'WINGDNG3.TTF', 'YuGothB.ttc', 'YuGothL.ttc', 'YuGothM.ttc', 'YuGothR.ttc', '\u534e\u5eb7\u65b9\u5706\u4f53W7.TTC', '\u65b9\u6b63\u7c97\u9ed1\u5b8b\u7b80\u4f53.ttf']
2023-09-27 16:00:29,310 - INFO - all fonts installed:['8514fix.fon', '8514fixe.fon', '8514fixg.fon', '8514fixr.fon', '8514fixt.fon', '8514oem.fon', '8514oeme.fon', '8514oemg.fon', '8514oemr.fon', '8514oemt.fon', '8514sys.fon', '8514syse.fon', '8514sysg.fon', '8514sysr.fon', '8514syst.fon', '85775.fon', '85855.fon', '85f1255.fon', '85f1256.fon', '85f1257.fon', '85f874.fon', '85s1255.fon', '85s1256.fon', '85s1257.fon', '85s874.fon', 'AGENCYB.TTF', 'AGENCYR.TTF', 'ALGER.TTF', 'ANTQUAB.TTF', 'ANTQUABI.TTF', 'ANTQUAI.TTF', 'app775.fon', 'app850.fon', 'app852.fon', 'app855.fon', 'app857.fon', 'app866.fon', 'app932.fon', 'app936.fon', 'app949.fon', 'app950.fon', 'arial.ttf', 'arialbd.ttf', 'arialbi.ttf', 'ariali.ttf', 'ARIALN.TTF', 'ARIALNB.TTF', 'ARIALNBI.TTF', 'ARIALNI.TTF', 'ariblk.ttf', 'ARLRDBD.TTF', 'AxureHandwriting-Bold.otf', 'AxureHandwriting-BoldItalic.otf', 'AxureHandwriting-Italic.otf', 'AxureHandwriting.otf', 'bahnschrift.ttf', 'BASKVILL.TTF', 'BAUHS93.TTF', 'BELL.TTF', 'BELLB.TTF', 'BELLI.TTF', 'BERNHC.TTF', 'BKANT.TTF', 'BOD_B.TTF', 'BOD_BI.TTF', 'BOD_BLAI.TTF', 'BOD_BLAR.TTF', 'BOD_CB.TTF', 'BOD_CBI.TTF', 'BOD_CI.TTF', 'BOD_CR.TTF', 'BOD_I.TTF', 'BOD_PSTC.TTF', 'BOD_R.TTF', 'BOOKOS.TTF', 'BOOKOSB.TTF', 'BOOKOSBI.TTF', 'BOOKOSI.TTF', 'BRADHITC.TTF', 'BRITANIC.TTF', 'BRLNSB.TTF', 'BRLNSDB.TTF', 'BRLNSR.TTF', 'BROADW.TTF', 'BRUSHSCI.TTF', 'BSSYM7.TTF', 'c8514fix.fon', 'c8514oem.fon', 'c8514sys.fon', 'calibri.ttf', 'calibrib.ttf', 'calibrii.ttf', 'calibril.ttf', 'calibrili.ttf', 'calibriz.ttf', 'CALIFB.TTF', 'CALIFI.TTF', 'CALIFR.TTF', 'CALIST.TTF', 'CALISTB.TTF', 'CALISTBI.TTF', 'CALISTI.TTF', 'cambria.ttc', 'cambriab.ttf', 'cambriai.ttf', 'cambriaz.ttf', 'Candara.ttf', 'Candarab.ttf', 'Candarai.ttf', 'Candaral.ttf', 'Candarali.ttf', 'Candaraz.ttf', 'CascadiaCode.ttf', 'CascadiaMono.ttf', 'CASTELAR.TTF', 'CENSCBK.TTF', 'CENTAUR.TTF', 'CENTURY.TTF', 'cga40737.fon', 'cga40850.fon', 'cga40852.fon', 'cga40857.fon', 'cga40866.fon', 'cga40869.fon', 'cga40woa.fon', 'cga80737.fon', 'cga80850.fon', 'cga80852.fon', 'cga80857.fon', 'cga80866.fon', 'cga80869.fon', 'cga80woa.fon', 'CHILLER.TTF', 'COLONNA.TTF', 'comic.ttf', 'comicbd.ttf', 'comici.ttf', 'comicz.ttf', 'consola.ttf', 'consolab.ttf', 'consolai.ttf', 'consolaz.ttf', 'constan.ttf', 'constanb.ttf', 'constani.ttf', 'constanz.ttf', 'COOPBL.TTF', 'COPRGTB.TTF', 'COPRGTL.TTF', 'corbel.ttf', 'corbelb.ttf', 'corbeli.ttf', 'corbell.ttf', 'corbelli.ttf', 'corbelz.ttf', 'coue1255.fon', 'coue1256.fon', 'coue1257.fon', 'couf1255.fon', 'couf1256.fon', 'couf1257.fon', 'cour.ttf', 'courbd.ttf', 'courbi.ttf', 'coure.fon', 'couree.fon', 'coureg.fon', 'courer.fon', 'couret.fon', 'courf.fon', 'courfe.fon', 'courfg.fon', 'courfr.fon', 'courft.fon', 'couri.ttf', 'CURLZ___.TTF', 'cvgafix.fon', 'cvgasys.fon', 'Deng.ttf', 'Dengb.ttf', 'Dengl.ttf', 'desktop.ini', 'dos737.fon', 'dos869.fon', 'dosapp.fon', 'DUBAI-BOLD.TTF', 'DUBAI-LIGHT.TTF', 'DUBAI-MEDIUM.TTF', 'DUBAI-REGULAR.TTF', 'ebrima.ttf', 'ebrimabd.ttf', 'ega40737.fon', 'ega40850.fon', 'ega40852.fon', 'ega40857.fon', 'ega40866.fon', 'ega40869.fon', 'ega40woa.fon', 'ega80737.fon', 'ega80850.fon', 'ega80852.fon', 'ega80857.fon', 'ega80866.fon', 'ega80869.fon', 'ega80woa.fon', 'ELEPHNT.TTF', 'ELEPHNTI.TTF', 'ENGR.TTF', 'ERASBD.TTF', 'ERASDEMI.TTF', 'ERASLGHT.TTF', 'ERASMD.TTF', 'FELIXTI.TTF', 'fms_metadata.xml', 'FORTE.TTF', 'FRABK.TTF', 'FRABKIT.TTF', 'FRADM.TTF', 'FRADMCN.TTF', 'FRADMIT.TTF', 'FRAHV.TTF', 'FRAHVIT.TTF', 'framd.ttf', 'FRAMDCN.TTF', 'framdit.ttf', 'FREESCPT.TTF', 'FRSCRIPT.TTF', 'FTLTLT.TTF', 'FZSTK.TTF', 'FZYTK.TTF', 'Gabriola.ttf', 'gadugi.ttf', 'gadugib.ttf', 'GARA.TTF', 'GARABD.TTF', 'GARAIT.TTF', 'georgia.ttf', 'georgiab.ttf', 'georgiai.ttf', 'georgiaz.ttf', 'GIGI.TTF', 'GILBI___.TTF', 'GILB____.TTF', 'GILC____.TTF', 'GILI____.TTF', 'GILLUBCD.TTF', 'GILSANUB.TTF', 'GIL_____.TTF', 'GLECB.TTF', 'GlobalMonospace.CompositeFont', 'GlobalSansSerif.CompositeFont', 'GlobalSerif.CompositeFont', 'GlobalUserInterface.CompositeFont', 'GLSNECB.TTF', 'GOTHIC.TTF', 'GOTHICB.TTF', 'GOTHICBI.TTF', 'GOTHICI.TTF', 'GOUDOS.TTF', 'GOUDOSB.TTF', 'GOUDOSI.TTF', 'GOUDYSTO.TTF', 'h8514fix.fon', 'h8514oem.fon', 'h8514sys.fon', 'HARLOWSI.TTF', 'HARNGTON.TTF', 'HATTEN.TTF', 'HGB1X_CNKI.ttf', 'HGB1_CNKI.ttf', 'HGB2X_CNKI.ttf', 'HGB2_CNKI.ttf', 'HGB3X_CNKI.ttf', 'HGB3_CNKI.ttf', 'HGB4X_CNKI.ttf', 'HGB4_CNKI.ttf', 'HGB5X_CNKI.ttf', 'HGB5_CNKI.ttf', 'HGB6X_CNKI.ttf', 'HGB6_CNKI.ttf', 'HGB7X_CNKI.ttf', 'HGB7_CNKI.ttf', 'HGB8X_CNKI.ttf', 'HGB8_CNKI.ttf', 'HGBD_CNKI.ttf', 'HGBKBX_CNKI.ttf', 'HGBKB_CNKI.ttf', 'HGBKHX_CNKI.ttf', 'HGBKH_CNKI.ttf', 'HGBS1_CNKI.TTF', 'HGBS2_CNKI.TTF', 'HGBS_CNKI.TTF', 'HGBTH_CNKI.TTF', 'HGBTS_CNKI.TTF', 'HGBX_CNKI.ttf', 'HGBZ_CNKI.ttf', 'HGCH_CNKI.TTF', 'HGCUH_CNKI.TTF', 'HGCY_CNKI.TTF', 'HGDBS_CNKI.TTF', 'HGDGY_CNKI.TTF', 'HGDH2_CNKI.TTF', 'HGDH_CNKI.TTF', 'HGDYS_CNKI.TTF', 'HGDY_CNKI.ttf', 'HGF1X_CNKI.ttf', 'HGF1_CNKI.ttf', 'HGF2X_CNKI.ttf', 'HGF2_CNKI.ttf', 'HGF3_CNKI.ttf', 'HGF4X_CNKI.ttf', 'HGF4_CNKI.ttf', 'HGF5X_CNKI.ttf', 'HGF5_CNKI.ttf', 'HGF6X_CNKI.ttf', 'HGF6_CNKI.ttf', 'HGF7X_CNKI.ttf', 'HGF7_CNKI.ttf', 'HGF8_CNKI.ttf', 'HGF9X_CNKI.ttf', 'HGF9_CNKI.ttf', 'HGFS1_CNKI.TTF', 'HGFS2_CNKI.TTF', 'HGFSH_CNKI.TTF', 'HGFS_CNKI.TTF', 'HGFX_CNKI.ttf', 'HGFZ_CNKI.ttf', 'HGGG_CNKI.TTF', 'HGH1X_CNKI.ttf', 'HGH1_CNKI.ttf', 'HGH2X_CNKI.ttf', 'HGH2_CNKI.ttf', 'HGH3X_CNKI.ttf', 'HGH3_CNKI.ttf', 'HGH4X_CNKI.ttf', 'HGH4_CNKI.ttf', 'HGH5X_CNKI.ttf', 'HGH5_CNKI.ttf', 'HGH6X_CNKI.ttf', 'HGH6_CNKI.ttf', 'HGH7X_CNKI.ttf', 'HGH7_CNKI.ttf', 'HGHB_CNKI.TTF', 'HGHD_CNKI.ttf', 'HGHP_CNKI.TTF', 'HGHT1_CNKI.ttf', 'HGHT2_CNKI.ttf', 'HGHUATI_CNKI.ttf', 'HGHX_CNKI.ttf', 'HGHZ_CNKI.ttf', 'HGH_CNKI.TTF', 'HGKT1_CNKI.TTF', 'HGKT2_CNKI.TTF', 'HGKT_CNKI.TTF', 'HGKY_CNKI.ttf', 'HGLB_CNKI.TTF', 'HGLS_CNKI.TTF', 'HGMH_CNKI.TTF', 'HGNBS_CNKI.ttf', 'HGOCR_CNKI.ttf', 'HGPH_CNKI.TTF', 'HGPTY_CNKI.TTF', 'HGSS1_CNKI.TTF', 'HGSS2_CNKI.TTF', 'HGSS_CNKI.TTF', 'HGSXT_CNKI.ttf', 'HGTT_CNKI.ttf', 'HGTX_CNKI.TTF', 'HGWT_CNKI.TTF', 'HGWYS_CNKI.TTF', 'HGX1X_CNKI.ttf', 'HGX1_CNKI.ttf', 'HGXBS_CNKI.TTF', 'HGXC_CNKI.TTF', 'HGXF1_CNKI.ttf', 'HGXFX_CNKI.ttf', 'HGXFZ_CNKI.ttf', 'HGXH1_CNKI.TTF', 'HGXH_CNKI.TTF', 'HGXK_CNKI.TTF', 'HGXL_CNKI.TTF', 'HGXS_CNKI.TTF', 'HGXT_CNKI.ttf', 'HGXY_CNKI.ttf', 'HGY1_CNKI.TTF', 'HGY2_CNKI.TTF', 'HGY3_CNKI.TTF', 'HGY4_CNKI.TTF', 'HGYB_CNKI.ttf', 'HGYT1_CNKI.ttf', 'HGYT2_CNKI.ttf', 'HGYT_CNKI.TTF', 'HGYX_CNKI.TTF', 'HGZCS_CNKI.TTF', 'HGZDX_CNKI.TTF', 'HGZK_CNKI.TTF', 'HGZYT_CNKI.TTF', 'HGZY_CNKI.TTF', 'himalaya.ttf', 'holomdl2.ttf', 'HTOWERT.TTF', 'HTOWERTI.TTF', 'hvgafix.fon', 'hvgasys.fon', 'impact.ttf', 'IMPRISHA.TTF', 'INFROMAN.TTF', 'Inkfree.ttf', 'iqiyi_logov7.ttf', 'ITCBLKAD.TTF', 'ITCEDSCR.TTF', 'ITCKRIST.TTF', 'j8514fix.fon', 'j8514oem.fon', 'j8514sys.fon', 'javatext.ttf', 'JOKERMAN.TTF', 'jsmalle.fon', 'jsmallf.fon', 'JUICE___.TTF', 'jvgafix.fon', 'jvgasys.fon', 'KUNSTLER.TTF', 'LATINWD.TTF', 'LBRITE.TTF', 'LBRITED.TTF', 'LBRITEDI.TTF', 'LBRITEI.TTF', 'LCALLIG.TTF', 'LeelaUIb.ttf', 'LeelawUI.ttf', 'LeelUIsl.ttf', 'LFAX.TTF', 'LFAXD.TTF', 'LFAXDI.TTF', 'LFAXI.TTF', 'LHANDW.TTF', 'LSANS.TTF', 'LSANSD.TTF', 'LSANSDI.TTF', 'LSANSI.TTF', 'LTYPE.TTF', 'LTYPEB.TTF', 'LTYPEBO.TTF', 'LTYPEO.TTF', 'lucon.ttf', 'l_10646.ttf', 'MAGNETOB.TTF', 'MAIAN.TTF', 'malgun.ttf', 'malgunbd.ttf', 'malgunsl.ttf', 'marlett.ttf', 'MATURASC.TTF', 'micross.ttf', 'mingliub.ttc', 'MISTRAL.TTF', 'mmrtext.ttf', 'mmrtextb.ttf', 'MOD20.TTF', 'modern.fon', 'monbaiti.ttf', 'msgothic.ttc', 'msjh.ttc', 'msjhbd.ttc', 'msjhl.ttc', 'msyh.ttc', 'msyhbd.ttc', 'msyhl.ttc', 'msyi.ttf', 'MTCORSVA.TTF', 'MTEXTRA.TTF', 'mvboli.ttf', 'NIAGENG.TTF', 'NIAGSOL.TTF', 'Nirmala.ttf', 'NirmalaB.ttf', 'NirmalaS.ttf', 'ntailu.ttf', 'ntailub.ttf', 'NumberOnly.ttf', 'OCRAEXT.TTF', 'OLDENGL.TTF', 'ONYX.TTF', 'OUTLOOK.TTF', 'pala.ttf', 'palab.ttf', 'palabi.ttf', 'palai.ttf', 'PALSCRI.TTF', 'PAPYRUS.TTF', 'PARCHM.TTF', 'PERBI___.TTF', 'PERB____.TTF', 'PERI____.TTF', 'PERTIBD.TTF', 'PERTILI.TTF', 'PER_____.TTF', 'phagspa.ttf', 'phagspab.ttf', 'PLAYBILL.TTF', 'POORICH.TTF', 'PRISTINA.TTF', 'RAGE.TTF', 'RAVIE.TTF', 'REFSAN.TTF', 'REFSPCL.TTF', 'ROCCB___.TTF', 'ROCC____.TTF', 'ROCK.TTF', 'ROCKB.TTF', 'ROCKBI.TTF', 'ROCKEB.TTF', 'ROCKI.TTF', 'roman.fon', 's8514fix.fon', 's8514oem.fon', 's8514sys.fon', 'SCHLBKB.TTF', 'SCHLBKBI.TTF', 'SCHLBKI.TTF', 'script.fon', 'SCRIPTBL.TTF', 'segmdl2.ttf', 'SegoeIcons.ttf', 'segoepr.ttf', 'segoeprb.ttf', 'segoesc.ttf', 'segoescb.ttf', 'segoeui.ttf', 'segoeuib.ttf', 'segoeuii.ttf', 'segoeuil.ttf', 'segoeuisl.ttf', 'segoeuiz.ttf', 'seguibl.ttf', 'seguibli.ttf', 'seguiemj.ttf', 'seguihis.ttf', 'seguili.ttf', 'seguisb.ttf', 'seguisbi.ttf', 'seguisli.ttf', 'seguisym.ttf', 'SegUIVar.ttf', 'sere1255.fon', 'sere1256.fon', 'sere1257.fon', 'serf1255.fon', 'serf1256.fon', 'serf1257.fon', 'serife.fon', 'serifee.fon', 'serifeg.fon', 'serifer.fon', 'serifet.fon', 'seriff.fon', 'seriffe.fon', 'seriffg.fon', 'seriffr.fon', 'serifft.fon', 'SHOWG.TTF', 'simfang.ttf', 'simhei.ttf', 'simkai.ttf', 'SIMLI.TTF', 'simsun.ttc', 'simsunb.ttf', 'SIMYOU.TTF', 'SitkaVF-Italic.ttf', 'SitkaVF.ttf', 'smae1255.fon', 'smae1256.fon', 'smae1257.fon', 'smaf1255.fon', 'smaf1256.fon', 'smaf1257.fon', 'smalle.fon', 'smallee.fon', 'smalleg.fon', 'smaller.fon', 'smallet.fon', 'smallf.fon', 'smallfe.fon', 'smallfg.fon', 'smallfr.fon', 'smallft.fon', 'SNAP____.TTF', 'ssee1255.fon', 'ssee1256.fon', 'ssee1257.fon', 'ssee874.fon', 'ssef1255.fon', 'ssef1256.fon', 'ssef1257.fon', 'ssef874.fon', 'sserife.fon', 'sserifee.fon', 'sserifeg.fon', 'sserifer.fon', 'sserifet.fon', 'sseriff.fon', 'sseriffe.fon', 'sseriffg.fon', 'sseriffr.fon', 'sserifft.fon', 'StaticCache.dat', 'STCAIYUN.TTF', 'STENCIL.TTF', 'STFANGSO.TTF', 'STHUPO.TTF', 'STKAITI.TTF', 'STLITI.TTF', 'STSONG.TTF', 'STXIHEI.TTF', 'STXINGKA.TTF', 'STXINWEI.TTF', 'STZHONGS.TTF', 'svgafix.fon', 'svgasys.fon', 'sylfaen.ttf', 'symbol.ttf', 'tahoma.ttf', 'tahomabd.ttf', 'taile.ttf', 'taileb.ttf', 'TCBI____.TTF', 'TCB_____.TTF', 'TCCB____.TTF', 'TCCEB.TTF', 'TCCM____.TTF', 'TCMI____.TTF', 'TCM_____.TTF', 'TEMPSITC.TTF', 'times.ttf', 'timesbd.ttf', 'timesbi.ttf', 'timesi.ttf', 'trebuc.ttf', 'trebucbd.ttf', 'trebucbi.ttf', 'trebucit.ttf', 'verdana.ttf', 'verdanab.ttf', 'verdanai.ttf', 'verdanaz.ttf', 'vga737.fon', 'vga775.fon', 'vga850.fon', 'vga852.fon', 'vga855.fon', 'vga857.fon', 'vga860.fon', 'vga861.fon', 'vga863.fon', 'vga865.fon', 'vga866.fon', 'vga869.fon', 'vga932.fon', 'vga936.fon', 'vga949.fon', 'vga950.fon', 'vgaf1255.fon', 'vgaf1256.fon', 'vgaf1257.fon', 'vgaf874.fon', 'vgafix.fon', 'vgafixe.fon', 'vgafixg.fon', 'vgafixr.fon', 'vgafixt.fon', 'vgaoem.fon', 'vgas1255.fon', 'vgas1256.fon', 'vgas1257.fon', 'vgas874.fon', 'vgasys.fon', 'vgasyse.fon', 'vgasysg.fon', 'vgasysr.fon', 'vgasyst.fon', 'VINERITC.TTF', 'VIVALDII.TTF', 'VLADIMIR.TTF', 'webdings.ttf', 'wingding.ttf', 'WINGDNG2.TTF', 'WINGDNG3.TTF', 'YuGothB.ttc', 'YuGothL.ttc', 'YuGothM.ttc', 'YuGothR.ttc', '\u534e\u5eb7\u65b9\u5706\u4f53W7.TTC', '\u65b9\u6b63\u7c97\u9ed1\u5b8b\u7b80\u4f53.ttf']
2023-09-27 16:00:29,536 - INFO - all fonts installed:['8514fix.fon', '8514fixe.fon', '8514fixg.fon', '8514fixr.fon', '8514fixt.fon', '8514oem.fon', '8514oeme.fon', '8514oemg.fon', '8514oemr.fon', '8514oemt.fon', '8514sys.fon', '8514syse.fon', '8514sysg.fon', '8514sysr.fon', '8514syst.fon', '85775.fon', '85855.fon', '85f1255.fon', '85f1256.fon', '85f1257.fon', '85f874.fon', '85s1255.fon', '85s1256.fon', '85s1257.fon', '85s874.fon', 'AGENCYB.TTF', 'AGENCYR.TTF', 'ALGER.TTF', 'ANTQUAB.TTF', 'ANTQUABI.TTF', 'ANTQUAI.TTF', 'app775.fon', 'app850.fon', 'app852.fon', 'app855.fon', 'app857.fon', 'app866.fon', 'app932.fon', 'app936.fon', 'app949.fon', 'app950.fon', 'arial.ttf', 'arialbd.ttf', 'arialbi.ttf', 'ariali.ttf', 'ARIALN.TTF', 'ARIALNB.TTF', 'ARIALNBI.TTF', 'ARIALNI.TTF', 'ariblk.ttf', 'ARLRDBD.TTF', 'AxureHandwriting-Bold.otf', 'AxureHandwriting-BoldItalic.otf', 'AxureHandwriting-Italic.otf', 'AxureHandwriting.otf', 'bahnschrift.ttf', 'BASKVILL.TTF', 'BAUHS93.TTF', 'BELL.TTF', 'BELLB.TTF', 'BELLI.TTF', 'BERNHC.TTF', 'BKANT.TTF', 'BOD_B.TTF', 'BOD_BI.TTF', 'BOD_BLAI.TTF', 'BOD_BLAR.TTF', 'BOD_CB.TTF', 'BOD_CBI.TTF', 'BOD_CI.TTF', 'BOD_CR.TTF', 'BOD_I.TTF', 'BOD_PSTC.TTF', 'BOD_R.TTF', 'BOOKOS.TTF', 'BOOKOSB.TTF', 'BOOKOSBI.TTF', 'BOOKOSI.TTF', 'BRADHITC.TTF', 'BRITANIC.TTF', 'BRLNSB.TTF', 'BRLNSDB.TTF', 'BRLNSR.TTF', 'BROADW.TTF', 'BRUSHSCI.TTF', 'BSSYM7.TTF', 'c8514fix.fon', 'c8514oem.fon', 'c8514sys.fon', 'calibri.ttf', 'calibrib.ttf', 'calibrii.ttf', 'calibril.ttf', 'calibrili.ttf', 'calibriz.ttf', 'CALIFB.TTF', 'CALIFI.TTF', 'CALIFR.TTF', 'CALIST.TTF', 'CALISTB.TTF', 'CALISTBI.TTF', 'CALISTI.TTF', 'cambria.ttc', 'cambriab.ttf', 'cambriai.ttf', 'cambriaz.ttf', 'Candara.ttf', 'Candarab.ttf', 'Candarai.ttf', 'Candaral.ttf', 'Candarali.ttf', 'Candaraz.ttf', 'CascadiaCode.ttf', 'CascadiaMono.ttf', 'CASTELAR.TTF', 'CENSCBK.TTF', 'CENTAUR.TTF', 'CENTURY.TTF', 'cga40737.fon', 'cga40850.fon', 'cga40852.fon', 'cga40857.fon', 'cga40866.fon', 'cga40869.fon', 'cga40woa.fon', 'cga80737.fon', 'cga80850.fon', 'cga80852.fon', 'cga80857.fon', 'cga80866.fon', 'cga80869.fon', 'cga80woa.fon', 'CHILLER.TTF', 'COLONNA.TTF', 'comic.ttf', 'comicbd.ttf', 'comici.ttf', 'comicz.ttf', 'consola.ttf', 'consolab.ttf', 'consolai.ttf', 'consolaz.ttf', 'constan.ttf', 'constanb.ttf', 'constani.ttf', 'constanz.ttf', 'COOPBL.TTF', 'COPRGTB.TTF', 'COPRGTL.TTF', 'corbel.ttf', 'corbelb.ttf', 'corbeli.ttf', 'corbell.ttf', 'corbelli.ttf', 'corbelz.ttf', 'coue1255.fon', 'coue1256.fon', 'coue1257.fon', 'couf1255.fon', 'couf1256.fon', 'couf1257.fon', 'cour.ttf', 'courbd.ttf', 'courbi.ttf', 'coure.fon', 'couree.fon', 'coureg.fon', 'courer.fon', 'couret.fon', 'courf.fon', 'courfe.fon', 'courfg.fon', 'courfr.fon', 'courft.fon', 'couri.ttf', 'CURLZ___.TTF', 'cvgafix.fon', 'cvgasys.fon', 'Deng.ttf', 'Dengb.ttf', 'Dengl.ttf', 'desktop.ini', 'dos737.fon', 'dos869.fon', 'dosapp.fon', 'DUBAI-BOLD.TTF', 'DUBAI-LIGHT.TTF', 'DUBAI-MEDIUM.TTF', 'DUBAI-REGULAR.TTF', 'ebrima.ttf', 'ebrimabd.ttf', 'ega40737.fon', 'ega40850.fon', 'ega40852.fon', 'ega40857.fon', 'ega40866.fon', 'ega40869.fon', 'ega40woa.fon', 'ega80737.fon', 'ega80850.fon', 'ega80852.fon', 'ega80857.fon', 'ega80866.fon', 'ega80869.fon', 'ega80woa.fon', 'ELEPHNT.TTF', 'ELEPHNTI.TTF', 'ENGR.TTF', 'ERASBD.TTF', 'ERASDEMI.TTF', 'ERASLGHT.TTF', 'ERASMD.TTF', 'FELIXTI.TTF', 'fms_metadata.xml', 'FORTE.TTF', 'FRABK.TTF', 'FRABKIT.TTF', 'FRADM.TTF', 'FRADMCN.TTF', 'FRADMIT.TTF', 'FRAHV.TTF', 'FRAHVIT.TTF', 'framd.ttf', 'FRAMDCN.TTF', 'framdit.ttf', 'FREESCPT.TTF', 'FRSCRIPT.TTF', 'FTLTLT.TTF', 'FZSTK.TTF', 'FZYTK.TTF', 'Gabriola.ttf', 'gadugi.ttf', 'gadugib.ttf', 'GARA.TTF', 'GARABD.TTF', 'GARAIT.TTF', 'georgia.ttf', 'georgiab.ttf', 'georgiai.ttf', 'georgiaz.ttf', 'GIGI.TTF', 'GILBI___.TTF', 'GILB____.TTF', 'GILC____.TTF', 'GILI____.TTF', 'GILLUBCD.TTF', 'GILSANUB.TTF', 'GIL_____.TTF', 'GLECB.TTF', 'GlobalMonospace.CompositeFont', 'GlobalSansSerif.CompositeFont', 'GlobalSerif.CompositeFont', 'GlobalUserInterface.CompositeFont', 'GLSNECB.TTF', 'GOTHIC.TTF', 'GOTHICB.TTF', 'GOTHICBI.TTF', 'GOTHICI.TTF', 'GOUDOS.TTF', 'GOUDOSB.TTF', 'GOUDOSI.TTF', 'GOUDYSTO.TTF', 'h8514fix.fon', 'h8514oem.fon', 'h8514sys.fon', 'HARLOWSI.TTF', 'HARNGTON.TTF', 'HATTEN.TTF', 'HGB1X_CNKI.ttf', 'HGB1_CNKI.ttf', 'HGB2X_CNKI.ttf', 'HGB2_CNKI.ttf', 'HGB3X_CNKI.ttf', 'HGB3_CNKI.ttf', 'HGB4X_CNKI.ttf', 'HGB4_CNKI.ttf', 'HGB5X_CNKI.ttf', 'HGB5_CNKI.ttf', 'HGB6X_CNKI.ttf', 'HGB6_CNKI.ttf', 'HGB7X_CNKI.ttf', 'HGB7_CNKI.ttf', 'HGB8X_CNKI.ttf', 'HGB8_CNKI.ttf', 'HGBD_CNKI.ttf', 'HGBKBX_CNKI.ttf', 'HGBKB_CNKI.ttf', 'HGBKHX_CNKI.ttf', 'HGBKH_CNKI.ttf', 'HGBS1_CNKI.TTF', 'HGBS2_CNKI.TTF', 'HGBS_CNKI.TTF', 'HGBTH_CNKI.TTF', 'HGBTS_CNKI.TTF', 'HGBX_CNKI.ttf', 'HGBZ_CNKI.ttf', 'HGCH_CNKI.TTF', 'HGCUH_CNKI.TTF', 'HGCY_CNKI.TTF', 'HGDBS_CNKI.TTF', 'HGDGY_CNKI.TTF', 'HGDH2_CNKI.TTF', 'HGDH_CNKI.TTF', 'HGDYS_CNKI.TTF', 'HGDY_CNKI.ttf', 'HGF1X_CNKI.ttf', 'HGF1_CNKI.ttf', 'HGF2X_CNKI.ttf', 'HGF2_CNKI.ttf', 'HGF3_CNKI.ttf', 'HGF4X_CNKI.ttf', 'HGF4_CNKI.ttf', 'HGF5X_CNKI.ttf', 'HGF5_CNKI.ttf', 'HGF6X_CNKI.ttf', 'HGF6_CNKI.ttf', 'HGF7X_CNKI.ttf', 'HGF7_CNKI.ttf', 'HGF8_CNKI.ttf', 'HGF9X_CNKI.ttf', 'HGF9_CNKI.ttf', 'HGFS1_CNKI.TTF', 'HGFS2_CNKI.TTF', 'HGFSH_CNKI.TTF', 'HGFS_CNKI.TTF', 'HGFX_CNKI.ttf', 'HGFZ_CNKI.ttf', 'HGGG_CNKI.TTF', 'HGH1X_CNKI.ttf', 'HGH1_CNKI.ttf', 'HGH2X_CNKI.ttf', 'HGH2_CNKI.ttf', 'HGH3X_CNKI.ttf', 'HGH3_CNKI.ttf', 'HGH4X_CNKI.ttf', 'HGH4_CNKI.ttf', 'HGH5X_CNKI.ttf', 'HGH5_CNKI.ttf', 'HGH6X_CNKI.ttf', 'HGH6_CNKI.ttf', 'HGH7X_CNKI.ttf', 'HGH7_CNKI.ttf', 'HGHB_CNKI.TTF', 'HGHD_CNKI.ttf', 'HGHP_CNKI.TTF', 'HGHT1_CNKI.ttf', 'HGHT2_CNKI.ttf', 'HGHUATI_CNKI.ttf', 'HGHX_CNKI.ttf', 'HGHZ_CNKI.ttf', 'HGH_CNKI.TTF', 'HGKT1_CNKI.TTF', 'HGKT2_CNKI.TTF', 'HGKT_CNKI.TTF', 'HGKY_CNKI.ttf', 'HGLB_CNKI.TTF', 'HGLS_CNKI.TTF', 'HGMH_CNKI.TTF', 'HGNBS_CNKI.ttf', 'HGOCR_CNKI.ttf', 'HGPH_CNKI.TTF', 'HGPTY_CNKI.TTF', 'HGSS1_CNKI.TTF', 'HGSS2_CNKI.TTF', 'HGSS_CNKI.TTF', 'HGSXT_CNKI.ttf', 'HGTT_CNKI.ttf', 'HGTX_CNKI.TTF', 'HGWT_CNKI.TTF', 'HGWYS_CNKI.TTF', 'HGX1X_CNKI.ttf', 'HGX1_CNKI.ttf', 'HGXBS_CNKI.TTF', 'HGXC_CNKI.TTF', 'HGXF1_CNKI.ttf', 'HGXFX_CNKI.ttf', 'HGXFZ_CNKI.ttf', 'HGXH1_CNKI.TTF', 'HGXH_CNKI.TTF', 'HGXK_CNKI.TTF', 'HGXL_CNKI.TTF', 'HGXS_CNKI.TTF', 'HGXT_CNKI.ttf', 'HGXY_CNKI.ttf', 'HGY1_CNKI.TTF', 'HGY2_CNKI.TTF', 'HGY3_CNKI.TTF', 'HGY4_CNKI.TTF', 'HGYB_CNKI.ttf', 'HGYT1_CNKI.ttf', 'HGYT2_CNKI.ttf', 'HGYT_CNKI.TTF', 'HGYX_CNKI.TTF', 'HGZCS_CNKI.TTF', 'HGZDX_CNKI.TTF', 'HGZK_CNKI.TTF', 'HGZYT_CNKI.TTF', 'HGZY_CNKI.TTF', 'himalaya.ttf', 'holomdl2.ttf', 'HTOWERT.TTF', 'HTOWERTI.TTF', 'hvgafix.fon', 'hvgasys.fon', 'impact.ttf', 'IMPRISHA.TTF', 'INFROMAN.TTF', 'Inkfree.ttf', 'iqiyi_logov7.ttf', 'ITCBLKAD.TTF', 'ITCEDSCR.TTF', 'ITCKRIST.TTF', 'j8514fix.fon', 'j8514oem.fon', 'j8514sys.fon', 'javatext.ttf', 'JOKERMAN.TTF', 'jsmalle.fon', 'jsmallf.fon', 'JUICE___.TTF', 'jvgafix.fon', 'jvgasys.fon', 'KUNSTLER.TTF', 'LATINWD.TTF', 'LBRITE.TTF', 'LBRITED.TTF', 'LBRITEDI.TTF', 'LBRITEI.TTF', 'LCALLIG.TTF', 'LeelaUIb.ttf', 'LeelawUI.ttf', 'LeelUIsl.ttf', 'LFAX.TTF', 'LFAXD.TTF', 'LFAXDI.TTF', 'LFAXI.TTF', 'LHANDW.TTF', 'LSANS.TTF', 'LSANSD.TTF', 'LSANSDI.TTF', 'LSANSI.TTF', 'LTYPE.TTF', 'LTYPEB.TTF', 'LTYPEBO.TTF', 'LTYPEO.TTF', 'lucon.ttf', 'l_10646.ttf', 'MAGNETOB.TTF', 'MAIAN.TTF', 'malgun.ttf', 'malgunbd.ttf', 'malgunsl.ttf', 'marlett.ttf', 'MATURASC.TTF', 'micross.ttf', 'mingliub.ttc', 'MISTRAL.TTF', 'mmrtext.ttf', 'mmrtextb.ttf', 'MOD20.TTF', 'modern.fon', 'monbaiti.ttf', 'msgothic.ttc', 'msjh.ttc', 'msjhbd.ttc', 'msjhl.ttc', 'msyh.ttc', 'msyhbd.ttc', 'msyhl.ttc', 'msyi.ttf', 'MTCORSVA.TTF', 'MTEXTRA.TTF', 'mvboli.ttf', 'NIAGENG.TTF', 'NIAGSOL.TTF', 'Nirmala.ttf', 'NirmalaB.ttf', 'NirmalaS.ttf', 'ntailu.ttf', 'ntailub.ttf', 'NumberOnly.ttf', 'OCRAEXT.TTF', 'OLDENGL.TTF', 'ONYX.TTF', 'OUTLOOK.TTF', 'pala.ttf', 'palab.ttf', 'palabi.ttf', 'palai.ttf', 'PALSCRI.TTF', 'PAPYRUS.TTF', 'PARCHM.TTF', 'PERBI___.TTF', 'PERB____.TTF', 'PERI____.TTF', 'PERTIBD.TTF', 'PERTILI.TTF', 'PER_____.TTF', 'phagspa.ttf', 'phagspab.ttf', 'PLAYBILL.TTF', 'POORICH.TTF', 'PRISTINA.TTF', 'RAGE.TTF', 'RAVIE.TTF', 'REFSAN.TTF', 'REFSPCL.TTF', 'ROCCB___.TTF', 'ROCC____.TTF', 'ROCK.TTF', 'ROCKB.TTF', 'ROCKBI.TTF', 'ROCKEB.TTF', 'ROCKI.TTF', 'roman.fon', 's8514fix.fon', 's8514oem.fon', 's8514sys.fon', 'SCHLBKB.TTF', 'SCHLBKBI.TTF', 'SCHLBKI.TTF', 'script.fon', 'SCRIPTBL.TTF', 'segmdl2.ttf', 'SegoeIcons.ttf', 'segoepr.ttf', 'segoeprb.ttf', 'segoesc.ttf', 'segoescb.ttf', 'segoeui.ttf', 'segoeuib.ttf', 'segoeuii.ttf', 'segoeuil.ttf', 'segoeuisl.ttf', 'segoeuiz.ttf', 'seguibl.ttf', 'seguibli.ttf', 'seguiemj.ttf', 'seguihis.ttf', 'seguili.ttf', 'seguisb.ttf', 'seguisbi.ttf', 'seguisli.ttf', 'seguisym.ttf', 'SegUIVar.ttf', 'sere1255.fon', 'sere1256.fon', 'sere1257.fon', 'serf1255.fon', 'serf1256.fon', 'serf1257.fon', 'serife.fon', 'serifee.fon', 'serifeg.fon', 'serifer.fon', 'serifet.fon', 'seriff.fon', 'seriffe.fon', 'seriffg.fon', 'seriffr.fon', 'serifft.fon', 'SHOWG.TTF', 'simfang.ttf', 'simhei.ttf', 'simkai.ttf', 'SIMLI.TTF', 'simsun.ttc', 'simsunb.ttf', 'SIMYOU.TTF', 'SitkaVF-Italic.ttf', 'SitkaVF.ttf', 'smae1255.fon', 'smae1256.fon', 'smae1257.fon', 'smaf1255.fon', 'smaf1256.fon', 'smaf1257.fon', 'smalle.fon', 'smallee.fon', 'smalleg.fon', 'smaller.fon', 'smallet.fon', 'smallf.fon', 'smallfe.fon', 'smallfg.fon', 'smallfr.fon', 'smallft.fon', 'SNAP____.TTF', 'ssee1255.fon', 'ssee1256.fon', 'ssee1257.fon', 'ssee874.fon', 'ssef1255.fon', 'ssef1256.fon', 'ssef1257.fon', 'ssef874.fon', 'sserife.fon', 'sserifee.fon', 'sserifeg.fon', 'sserifer.fon', 'sserifet.fon', 'sseriff.fon', 'sseriffe.fon', 'sseriffg.fon', 'sseriffr.fon', 'sserifft.fon', 'StaticCache.dat', 'STCAIYUN.TTF', 'STENCIL.TTF', 'STFANGSO.TTF', 'STHUPO.TTF', 'STKAITI.TTF', 'STLITI.TTF', 'STSONG.TTF', 'STXIHEI.TTF', 'STXINGKA.TTF', 'STXINWEI.TTF', 'STZHONGS.TTF', 'svgafix.fon', 'svgasys.fon', 'sylfaen.ttf', 'symbol.ttf', 'tahoma.ttf', 'tahomabd.ttf', 'taile.ttf', 'taileb.ttf', 'TCBI____.TTF', 'TCB_____.TTF', 'TCCB____.TTF', 'TCCEB.TTF', 'TCCM____.TTF', 'TCMI____.TTF', 'TCM_____.TTF', 'TEMPSITC.TTF', 'times.ttf', 'timesbd.ttf', 'timesbi.ttf', 'timesi.ttf', 'trebuc.ttf', 'trebucbd.ttf', 'trebucbi.ttf', 'trebucit.ttf', 'verdana.ttf', 'verdanab.ttf', 'verdanai.ttf', 'verdanaz.ttf', 'vga737.fon', 'vga775.fon', 'vga850.fon', 'vga852.fon', 'vga855.fon', 'vga857.fon', 'vga860.fon', 'vga861.fon', 'vga863.fon', 'vga865.fon', 'vga866.fon', 'vga869.fon', 'vga932.fon', 'vga936.fon', 'vga949.fon', 'vga950.fon', 'vgaf1255.fon', 'vgaf1256.fon', 'vgaf1257.fon', 'vgaf874.fon', 'vgafix.fon', 'vgafixe.fon', 'vgafixg.fon', 'vgafixr.fon', 'vgafixt.fon', 'vgaoem.fon', 'vgas1255.fon', 'vgas1256.fon', 'vgas1257.fon', 'vgas874.fon', 'vgasys.fon', 'vgasyse.fon', 'vgasysg.fon', 'vgasysr.fon', 'vgasyst.fon', 'VINERITC.TTF', 'VIVALDII.TTF', 'VLADIMIR.TTF', 'webdings.ttf', 'wingding.ttf', 'WINGDNG2.TTF', 'WINGDNG3.TTF', 'YuGothB.ttc', 'YuGothL.ttc', 'YuGothM.ttc', 'YuGothR.ttc', '\u534e\u5eb7\u65b9\u5706\u4f53W7.TTC', '\u65b9\u6b63\u7c97\u9ed1\u5b8b\u7b80\u4f53.ttf']
2023-09-27 16:00:29,542 - INFO - all fonts installed:['8514fix.fon', '8514fixe.fon', '8514fixg.fon', '8514fixr.fon', '8514fixt.fon', '8514oem.fon', '8514oeme.fon', '8514oemg.fon', '8514oemr.fon', '8514oemt.fon', '8514sys.fon', '8514syse.fon', '8514sysg.fon', '8514sysr.fon', '8514syst.fon', '85775.fon', '85855.fon', '85f1255.fon', '85f1256.fon', '85f1257.fon', '85f874.fon', '85s1255.fon', '85s1256.fon', '85s1257.fon', '85s874.fon', 'AGENCYB.TTF', 'AGENCYR.TTF', 'ALGER.TTF', 'ANTQUAB.TTF', 'ANTQUABI.TTF', 'ANTQUAI.TTF', 'app775.fon', 'app850.fon', 'app852.fon', 'app855.fon', 'app857.fon', 'app866.fon', 'app932.fon', 'app936.fon', 'app949.fon', 'app950.fon', 'arial.ttf', 'arialbd.ttf', 'arialbi.ttf', 'ariali.ttf', 'ARIALN.TTF', 'ARIALNB.TTF', 'ARIALNBI.TTF', 'ARIALNI.TTF', 'ariblk.ttf', 'ARLRDBD.TTF', 'AxureHandwriting-Bold.otf', 'AxureHandwriting-BoldItalic.otf', 'AxureHandwriting-Italic.otf', 'AxureHandwriting.otf', 'bahnschrift.ttf', 'BASKVILL.TTF', 'BAUHS93.TTF', 'BELL.TTF', 'BELLB.TTF', 'BELLI.TTF', 'BERNHC.TTF', 'BKANT.TTF', 'BOD_B.TTF', 'BOD_BI.TTF', 'BOD_BLAI.TTF', 'BOD_BLAR.TTF', 'BOD_CB.TTF', 'BOD_CBI.TTF', 'BOD_CI.TTF', 'BOD_CR.TTF', 'BOD_I.TTF', 'BOD_PSTC.TTF', 'BOD_R.TTF', 'BOOKOS.TTF', 'BOOKOSB.TTF', 'BOOKOSBI.TTF', 'BOOKOSI.TTF', 'BRADHITC.TTF', 'BRITANIC.TTF', 'BRLNSB.TTF', 'BRLNSDB.TTF', 'BRLNSR.TTF', 'BROADW.TTF', 'BRUSHSCI.TTF', 'BSSYM7.TTF', 'c8514fix.fon', 'c8514oem.fon', 'c8514sys.fon', 'calibri.ttf', 'calibrib.ttf', 'calibrii.ttf', 'calibril.ttf', 'calibrili.ttf', 'calibriz.ttf', 'CALIFB.TTF', 'CALIFI.TTF', 'CALIFR.TTF', 'CALIST.TTF', 'CALISTB.TTF', 'CALISTBI.TTF', 'CALISTI.TTF', 'cambria.ttc', 'cambriab.ttf', 'cambriai.ttf', 'cambriaz.ttf', 'Candara.ttf', 'Candarab.ttf', 'Candarai.ttf', 'Candaral.ttf', 'Candarali.ttf', 'Candaraz.ttf', 'CascadiaCode.ttf', 'CascadiaMono.ttf', 'CASTELAR.TTF', 'CENSCBK.TTF', 'CENTAUR.TTF', 'CENTURY.TTF', 'cga40737.fon', 'cga40850.fon', 'cga40852.fon', 'cga40857.fon', 'cga40866.fon', 'cga40869.fon', 'cga40woa.fon', 'cga80737.fon', 'cga80850.fon', 'cga80852.fon', 'cga80857.fon', 'cga80866.fon', 'cga80869.fon', 'cga80woa.fon', 'CHILLER.TTF', 'COLONNA.TTF', 'comic.ttf', 'comicbd.ttf', 'comici.ttf', 'comicz.ttf', 'consola.ttf', 'consolab.ttf', 'consolai.ttf', 'consolaz.ttf', 'constan.ttf', 'constanb.ttf', 'constani.ttf', 'constanz.ttf', 'COOPBL.TTF', 'COPRGTB.TTF', 'COPRGTL.TTF', 'corbel.ttf', 'corbelb.ttf', 'corbeli.ttf', 'corbell.ttf', 'corbelli.ttf', 'corbelz.ttf', 'coue1255.fon', 'coue1256.fon', 'coue1257.fon', 'couf1255.fon', 'couf1256.fon', 'couf1257.fon', 'cour.ttf', 'courbd.ttf', 'courbi.ttf', 'coure.fon', 'couree.fon', 'coureg.fon', 'courer.fon', 'couret.fon', 'courf.fon', 'courfe.fon', 'courfg.fon', 'courfr.fon', 'courft.fon', 'couri.ttf', 'CURLZ___.TTF', 'cvgafix.fon', 'cvgasys.fon', 'Deng.ttf', 'Dengb.ttf', 'Dengl.ttf', 'desktop.ini', 'dos737.fon', 'dos869.fon', 'dosapp.fon', 'DUBAI-BOLD.TTF', 'DUBAI-LIGHT.TTF', 'DUBAI-MEDIUM.TTF', 'DUBAI-REGULAR.TTF', 'ebrima.ttf', 'ebrimabd.ttf', 'ega40737.fon', 'ega40850.fon', 'ega40852.fon', 'ega40857.fon', 'ega40866.fon', 'ega40869.fon', 'ega40woa.fon', 'ega80737.fon', 'ega80850.fon', 'ega80852.fon', 'ega80857.fon', 'ega80866.fon', 'ega80869.fon', 'ega80woa.fon', 'ELEPHNT.TTF', 'ELEPHNTI.TTF', 'ENGR.TTF', 'ERASBD.TTF', 'ERASDEMI.TTF', 'ERASLGHT.TTF', 'ERASMD.TTF', 'FELIXTI.TTF', 'fms_metadata.xml', 'FORTE.TTF', 'FRABK.TTF', 'FRABKIT.TTF', 'FRADM.TTF', 'FRADMCN.TTF', 'FRADMIT.TTF', 'FRAHV.TTF', 'FRAHVIT.TTF', 'framd.ttf', 'FRAMDCN.TTF', 'framdit.ttf', 'FREESCPT.TTF', 'FRSCRIPT.TTF', 'FTLTLT.TTF', 'FZSTK.TTF', 'FZYTK.TTF', 'Gabriola.ttf', 'gadugi.ttf', 'gadugib.ttf', 'GARA.TTF', 'GARABD.TTF', 'GARAIT.TTF', 'georgia.ttf', 'georgiab.ttf', 'georgiai.ttf', 'georgiaz.ttf', 'GIGI.TTF', 'GILBI___.TTF', 'GILB____.TTF', 'GILC____.TTF', 'GILI____.TTF', 'GILLUBCD.TTF', 'GILSANUB.TTF', 'GIL_____.TTF', 'GLECB.TTF', 'GlobalMonospace.CompositeFont', 'GlobalSansSerif.CompositeFont', 'GlobalSerif.CompositeFont', 'GlobalUserInterface.CompositeFont', 'GLSNECB.TTF', 'GOTHIC.TTF', 'GOTHICB.TTF', 'GOTHICBI.TTF', 'GOTHICI.TTF', 'GOUDOS.TTF', 'GOUDOSB.TTF', 'GOUDOSI.TTF', 'GOUDYSTO.TTF', 'h8514fix.fon', 'h8514oem.fon', 'h8514sys.fon', 'HARLOWSI.TTF', 'HARNGTON.TTF', 'HATTEN.TTF', 'HGB1X_CNKI.ttf', 'HGB1_CNKI.ttf', 'HGB2X_CNKI.ttf', 'HGB2_CNKI.ttf', 'HGB3X_CNKI.ttf', 'HGB3_CNKI.ttf', 'HGB4X_CNKI.ttf', 'HGB4_CNKI.ttf', 'HGB5X_CNKI.ttf', 'HGB5_CNKI.ttf', 'HGB6X_CNKI.ttf', 'HGB6_CNKI.ttf', 'HGB7X_CNKI.ttf', 'HGB7_CNKI.ttf', 'HGB8X_CNKI.ttf', 'HGB8_CNKI.ttf', 'HGBD_CNKI.ttf', 'HGBKBX_CNKI.ttf', 'HGBKB_CNKI.ttf', 'HGBKHX_CNKI.ttf', 'HGBKH_CNKI.ttf', 'HGBS1_CNKI.TTF', 'HGBS2_CNKI.TTF', 'HGBS_CNKI.TTF', 'HGBTH_CNKI.TTF', 'HGBTS_CNKI.TTF', 'HGBX_CNKI.ttf', 'HGBZ_CNKI.ttf', 'HGCH_CNKI.TTF', 'HGCUH_CNKI.TTF', 'HGCY_CNKI.TTF', 'HGDBS_CNKI.TTF', 'HGDGY_CNKI.TTF', 'HGDH2_CNKI.TTF', 'HGDH_CNKI.TTF', 'HGDYS_CNKI.TTF', 'HGDY_CNKI.ttf', 'HGF1X_CNKI.ttf', 'HGF1_CNKI.ttf', 'HGF2X_CNKI.ttf', 'HGF2_CNKI.ttf', 'HGF3_CNKI.ttf', 'HGF4X_CNKI.ttf', 'HGF4_CNKI.ttf', 'HGF5X_CNKI.ttf', 'HGF5_CNKI.ttf', 'HGF6X_CNKI.ttf', 'HGF6_CNKI.ttf', 'HGF7X_CNKI.ttf', 'HGF7_CNKI.ttf', 'HGF8_CNKI.ttf', 'HGF9X_CNKI.ttf', 'HGF9_CNKI.ttf', 'HGFS1_CNKI.TTF', 'HGFS2_CNKI.TTF', 'HGFSH_CNKI.TTF', 'HGFS_CNKI.TTF', 'HGFX_CNKI.ttf', 'HGFZ_CNKI.ttf', 'HGGG_CNKI.TTF', 'HGH1X_CNKI.ttf', 'HGH1_CNKI.ttf', 'HGH2X_CNKI.ttf', 'HGH2_CNKI.ttf', 'HGH3X_CNKI.ttf', 'HGH3_CNKI.ttf', 'HGH4X_CNKI.ttf', 'HGH4_CNKI.ttf', 'HGH5X_CNKI.ttf', 'HGH5_CNKI.ttf', 'HGH6X_CNKI.ttf', 'HGH6_CNKI.ttf', 'HGH7X_CNKI.ttf', 'HGH7_CNKI.ttf', 'HGHB_CNKI.TTF', 'HGHD_CNKI.ttf', 'HGHP_CNKI.TTF', 'HGHT1_CNKI.ttf', 'HGHT2_CNKI.ttf', 'HGHUATI_CNKI.ttf', 'HGHX_CNKI.ttf', 'HGHZ_CNKI.ttf', 'HGH_CNKI.TTF', 'HGKT1_CNKI.TTF', 'HGKT2_CNKI.TTF', 'HGKT_CNKI.TTF', 'HGKY_CNKI.ttf', 'HGLB_CNKI.TTF', 'HGLS_CNKI.TTF', 'HGMH_CNKI.TTF', 'HGNBS_CNKI.ttf', 'HGOCR_CNKI.ttf', 'HGPH_CNKI.TTF', 'HGPTY_CNKI.TTF', 'HGSS1_CNKI.TTF', 'HGSS2_CNKI.TTF', 'HGSS_CNKI.TTF', 'HGSXT_CNKI.ttf', 'HGTT_CNKI.ttf', 'HGTX_CNKI.TTF', 'HGWT_CNKI.TTF', 'HGWYS_CNKI.TTF', 'HGX1X_CNKI.ttf', 'HGX1_CNKI.ttf', 'HGXBS_CNKI.TTF', 'HGXC_CNKI.TTF', 'HGXF1_CNKI.ttf', 'HGXFX_CNKI.ttf', 'HGXFZ_CNKI.ttf', 'HGXH1_CNKI.TTF', 'HGXH_CNKI.TTF', 'HGXK_CNKI.TTF', 'HGXL_CNKI.TTF', 'HGXS_CNKI.TTF', 'HGXT_CNKI.ttf', 'HGXY_CNKI.ttf', 'HGY1_CNKI.TTF', 'HGY2_CNKI.TTF', 'HGY3_CNKI.TTF', 'HGY4_CNKI.TTF', 'HGYB_CNKI.ttf', 'HGYT1_CNKI.ttf', 'HGYT2_CNKI.ttf', 'HGYT_CNKI.TTF', 'HGYX_CNKI.TTF', 'HGZCS_CNKI.TTF', 'HGZDX_CNKI.TTF', 'HGZK_CNKI.TTF', 'HGZYT_CNKI.TTF', 'HGZY_CNKI.TTF', 'himalaya.ttf', 'holomdl2.ttf', 'HTOWERT.TTF', 'HTOWERTI.TTF', 'hvgafix.fon', 'hvgasys.fon', 'impact.ttf', 'IMPRISHA.TTF', 'INFROMAN.TTF', 'Inkfree.ttf', 'iqiyi_logov7.ttf', 'ITCBLKAD.TTF', 'ITCEDSCR.TTF', 'ITCKRIST.TTF', 'j8514fix.fon', 'j8514oem.fon', 'j8514sys.fon', 'javatext.ttf', 'JOKERMAN.TTF', 'jsmalle.fon', 'jsmallf.fon', 'JUICE___.TTF', 'jvgafix.fon', 'jvgasys.fon', 'KUNSTLER.TTF', 'LATINWD.TTF', 'LBRITE.TTF', 'LBRITED.TTF', 'LBRITEDI.TTF', 'LBRITEI.TTF', 'LCALLIG.TTF', 'LeelaUIb.ttf', 'LeelawUI.ttf', 'LeelUIsl.ttf', 'LFAX.TTF', 'LFAXD.TTF', 'LFAXDI.TTF', 'LFAXI.TTF', 'LHANDW.TTF', 'LSANS.TTF', 'LSANSD.TTF', 'LSANSDI.TTF', 'LSANSI.TTF', 'LTYPE.TTF', 'LTYPEB.TTF', 'LTYPEBO.TTF', 'LTYPEO.TTF', 'lucon.ttf', 'l_10646.ttf', 'MAGNETOB.TTF', 'MAIAN.TTF', 'malgun.ttf', 'malgunbd.ttf', 'malgunsl.ttf', 'marlett.ttf', 'MATURASC.TTF', 'micross.ttf', 'mingliub.ttc', 'MISTRAL.TTF', 'mmrtext.ttf', 'mmrtextb.ttf', 'MOD20.TTF', 'modern.fon', 'monbaiti.ttf', 'msgothic.ttc', 'msjh.ttc', 'msjhbd.ttc', 'msjhl.ttc', 'msyh.ttc', 'msyhbd.ttc', 'msyhl.ttc', 'msyi.ttf', 'MTCORSVA.TTF', 'MTEXTRA.TTF', 'mvboli.ttf', 'NIAGENG.TTF', 'NIAGSOL.TTF', 'Nirmala.ttf', 'NirmalaB.ttf', 'NirmalaS.ttf', 'ntailu.ttf', 'ntailub.ttf', 'NumberOnly.ttf', 'OCRAEXT.TTF', 'OLDENGL.TTF', 'ONYX.TTF', 'OUTLOOK.TTF', 'pala.ttf', 'palab.ttf', 'palabi.ttf', 'palai.ttf', 'PALSCRI.TTF', 'PAPYRUS.TTF', 'PARCHM.TTF', 'PERBI___.TTF', 'PERB____.TTF', 'PERI____.TTF', 'PERTIBD.TTF', 'PERTILI.TTF', 'PER_____.TTF', 'phagspa.ttf', 'phagspab.ttf', 'PLAYBILL.TTF', 'POORICH.TTF', 'PRISTINA.TTF', 'RAGE.TTF', 'RAVIE.TTF', 'REFSAN.TTF', 'REFSPCL.TTF', 'ROCCB___.TTF', 'ROCC____.TTF', 'ROCK.TTF', 'ROCKB.TTF', 'ROCKBI.TTF', 'ROCKEB.TTF', 'ROCKI.TTF', 'roman.fon', 's8514fix.fon', 's8514oem.fon', 's8514sys.fon', 'SCHLBKB.TTF', 'SCHLBKBI.TTF', 'SCHLBKI.TTF', 'script.fon', 'SCRIPTBL.TTF', 'segmdl2.ttf', 'SegoeIcons.ttf', 'segoepr.ttf', 'segoeprb.ttf', 'segoesc.ttf', 'segoescb.ttf', 'segoeui.ttf', 'segoeuib.ttf', 'segoeuii.ttf', 'segoeuil.ttf', 'segoeuisl.ttf', 'segoeuiz.ttf', 'seguibl.ttf', 'seguibli.ttf', 'seguiemj.ttf', 'seguihis.ttf', 'seguili.ttf', 'seguisb.ttf', 'seguisbi.ttf', 'seguisli.ttf', 'seguisym.ttf', 'SegUIVar.ttf', 'sere1255.fon', 'sere1256.fon', 'sere1257.fon', 'serf1255.fon', 'serf1256.fon', 'serf1257.fon', 'serife.fon', 'serifee.fon', 'serifeg.fon', 'serifer.fon', 'serifet.fon', 'seriff.fon', 'seriffe.fon', 'seriffg.fon', 'seriffr.fon', 'serifft.fon', 'SHOWG.TTF', 'simfang.ttf', 'simhei.ttf', 'simkai.ttf', 'SIMLI.TTF', 'simsun.ttc', 'simsunb.ttf', 'SIMYOU.TTF', 'SitkaVF-Italic.ttf', 'SitkaVF.ttf', 'smae1255.fon', 'smae1256.fon', 'smae1257.fon', 'smaf1255.fon', 'smaf1256.fon', 'smaf1257.fon', 'smalle.fon', 'smallee.fon', 'smalleg.fon', 'smaller.fon', 'smallet.fon', 'smallf.fon', 'smallfe.fon', 'smallfg.fon', 'smallfr.fon', 'smallft.fon', 'SNAP____.TTF', 'ssee1255.fon', 'ssee1256.fon', 'ssee1257.fon', 'ssee874.fon', 'ssef1255.fon', 'ssef1256.fon', 'ssef1257.fon', 'ssef874.fon', 'sserife.fon', 'sserifee.fon', 'sserifeg.fon', 'sserifer.fon', 'sserifet.fon', 'sseriff.fon', 'sseriffe.fon', 'sseriffg.fon', 'sseriffr.fon', 'sserifft.fon', 'StaticCache.dat', 'STCAIYUN.TTF', 'STENCIL.TTF', 'STFANGSO.TTF', 'STHUPO.TTF', 'STKAITI.TTF', 'STLITI.TTF', 'STSONG.TTF', 'STXIHEI.TTF', 'STXINGKA.TTF', 'STXINWEI.TTF', 'STZHONGS.TTF', 'svgafix.fon', 'svgasys.fon', 'sylfaen.ttf', 'symbol.ttf', 'tahoma.ttf', 'tahomabd.ttf', 'taile.ttf', 'taileb.ttf', 'TCBI____.TTF', 'TCB_____.TTF', 'TCCB____.TTF', 'TCCEB.TTF', 'TCCM____.TTF', 'TCMI____.TTF', 'TCM_____.TTF', 'TEMPSITC.TTF', 'times.ttf', 'timesbd.ttf', 'timesbi.ttf', 'timesi.ttf', 'trebuc.ttf', 'trebucbd.ttf', 'trebucbi.ttf', 'trebucit.ttf', 'verdana.ttf', 'verdanab.ttf', 'verdanai.ttf', 'verdanaz.ttf', 'vga737.fon', 'vga775.fon', 'vga850.fon', 'vga852.fon', 'vga855.fon', 'vga857.fon', 'vga860.fon', 'vga861.fon', 'vga863.fon', 'vga865.fon', 'vga866.fon', 'vga869.fon', 'vga932.fon', 'vga936.fon', 'vga949.fon', 'vga950.fon', 'vgaf1255.fon', 'vgaf1256.fon', 'vgaf1257.fon', 'vgaf874.fon', 'vgafix.fon', 'vgafixe.fon', 'vgafixg.fon', 'vgafixr.fon', 'vgafixt.fon', 'vgaoem.fon', 'vgas1255.fon', 'vgas1256.fon', 'vgas1257.fon', 'vgas874.fon', 'vgasys.fon', 'vgasyse.fon', 'vgasysg.fon', 'vgasysr.fon', 'vgasyst.fon', 'VINERITC.TTF', 'VIVALDII.TTF', 'VLADIMIR.TTF', 'webdings.ttf', 'wingding.ttf', 'WINGDNG2.TTF', 'WINGDNG3.TTF', 'YuGothB.ttc', 'YuGothL.ttc', 'YuGothM.ttc', 'YuGothR.ttc', '\u534e\u5eb7\u65b9\u5706\u4f53W7.TTC', '\u65b9\u6b63\u7c97\u9ed1\u5b8b\u7b80\u4f53.ttf']
2023-09-27 16:00:29,545 - INFO - all fonts installed:['8514fix.fon', '8514fixe.fon', '8514fixg.fon', '8514fixr.fon', '8514fixt.fon', '8514oem.fon', '8514oeme.fon', '8514oemg.fon', '8514oemr.fon', '8514oemt.fon', '8514sys.fon', '8514syse.fon', '8514sysg.fon', '8514sysr.fon', '8514syst.fon', '85775.fon', '85855.fon', '85f1255.fon', '85f1256.fon', '85f1257.fon', '85f874.fon', '85s1255.fon', '85s1256.fon', '85s1257.fon', '85s874.fon', 'AGENCYB.TTF', 'AGENCYR.TTF', 'ALGER.TTF', 'ANTQUAB.TTF', 'ANTQUABI.TTF', 'ANTQUAI.TTF', 'app775.fon', 'app850.fon', 'app852.fon', 'app855.fon', 'app857.fon', 'app866.fon', 'app932.fon', 'app936.fon', 'app949.fon', 'app950.fon', 'arial.ttf', 'arialbd.ttf', 'arialbi.ttf', 'ariali.ttf', 'ARIALN.TTF', 'ARIALNB.TTF', 'ARIALNBI.TTF', 'ARIALNI.TTF', 'ariblk.ttf', 'ARLRDBD.TTF', 'AxureHandwriting-Bold.otf', 'AxureHandwriting-BoldItalic.otf', 'AxureHandwriting-Italic.otf', 'AxureHandwriting.otf', 'bahnschrift.ttf', 'BASKVILL.TTF', 'BAUHS93.TTF', 'BELL.TTF', 'BELLB.TTF', 'BELLI.TTF', 'BERNHC.TTF', 'BKANT.TTF', 'BOD_B.TTF', 'BOD_BI.TTF', 'BOD_BLAI.TTF', 'BOD_BLAR.TTF', 'BOD_CB.TTF', 'BOD_CBI.TTF', 'BOD_CI.TTF', 'BOD_CR.TTF', 'BOD_I.TTF', 'BOD_PSTC.TTF', 'BOD_R.TTF', 'BOOKOS.TTF', 'BOOKOSB.TTF', 'BOOKOSBI.TTF', 'BOOKOSI.TTF', 'BRADHITC.TTF', 'BRITANIC.TTF', 'BRLNSB.TTF', 'BRLNSDB.TTF', 'BRLNSR.TTF', 'BROADW.TTF', 'BRUSHSCI.TTF', 'BSSYM7.TTF', 'c8514fix.fon', 'c8514oem.fon', 'c8514sys.fon', 'calibri.ttf', 'calibrib.ttf', 'calibrii.ttf', 'calibril.ttf', 'calibrili.ttf', 'calibriz.ttf', 'CALIFB.TTF', 'CALIFI.TTF', 'CALIFR.TTF', 'CALIST.TTF', 'CALISTB.TTF', 'CALISTBI.TTF', 'CALISTI.TTF', 'cambria.ttc', 'cambriab.ttf', 'cambriai.ttf', 'cambriaz.ttf', 'Candara.ttf', 'Candarab.ttf', 'Candarai.ttf', 'Candaral.ttf', 'Candarali.ttf', 'Candaraz.ttf', 'CascadiaCode.ttf', 'CascadiaMono.ttf', 'CASTELAR.TTF', 'CENSCBK.TTF', 'CENTAUR.TTF', 'CENTURY.TTF', 'cga40737.fon', 'cga40850.fon', 'cga40852.fon', 'cga40857.fon', 'cga40866.fon', 'cga40869.fon', 'cga40woa.fon', 'cga80737.fon', 'cga80850.fon', 'cga80852.fon', 'cga80857.fon', 'cga80866.fon', 'cga80869.fon', 'cga80woa.fon', 'CHILLER.TTF', 'COLONNA.TTF', 'comic.ttf', 'comicbd.ttf', 'comici.ttf', 'comicz.ttf', 'consola.ttf', 'consolab.ttf', 'consolai.ttf', 'consolaz.ttf', 'constan.ttf', 'constanb.ttf', 'constani.ttf', 'constanz.ttf', 'COOPBL.TTF', 'COPRGTB.TTF', 'COPRGTL.TTF', 'corbel.ttf', 'corbelb.ttf', 'corbeli.ttf', 'corbell.ttf', 'corbelli.ttf', 'corbelz.ttf', 'coue1255.fon', 'coue1256.fon', 'coue1257.fon', 'couf1255.fon', 'couf1256.fon', 'couf1257.fon', 'cour.ttf', 'courbd.ttf', 'courbi.ttf', 'coure.fon', 'couree.fon', 'coureg.fon', 'courer.fon', 'couret.fon', 'courf.fon', 'courfe.fon', 'courfg.fon', 'courfr.fon', 'courft.fon', 'couri.ttf', 'CURLZ___.TTF', 'cvgafix.fon', 'cvgasys.fon', 'Deng.ttf', 'Dengb.ttf', 'Dengl.ttf', 'desktop.ini', 'dos737.fon', 'dos869.fon', 'dosapp.fon', 'DUBAI-BOLD.TTF', 'DUBAI-LIGHT.TTF', 'DUBAI-MEDIUM.TTF', 'DUBAI-REGULAR.TTF', 'ebrima.ttf', 'ebrimabd.ttf', 'ega40737.fon', 'ega40850.fon', 'ega40852.fon', 'ega40857.fon', 'ega40866.fon', 'ega40869.fon', 'ega40woa.fon', 'ega80737.fon', 'ega80850.fon', 'ega80852.fon', 'ega80857.fon', 'ega80866.fon', 'ega80869.fon', 'ega80woa.fon', 'ELEPHNT.TTF', 'ELEPHNTI.TTF', 'ENGR.TTF', 'ERASBD.TTF', 'ERASDEMI.TTF', 'ERASLGHT.TTF', 'ERASMD.TTF', 'FELIXTI.TTF', 'fms_metadata.xml', 'FORTE.TTF', 'FRABK.TTF', 'FRABKIT.TTF', 'FRADM.TTF', 'FRADMCN.TTF', 'FRADMIT.TTF', 'FRAHV.TTF', 'FRAHVIT.TTF', 'framd.ttf', 'FRAMDCN.TTF', 'framdit.ttf', 'FREESCPT.TTF', 'FRSCRIPT.TTF', 'FTLTLT.TTF', 'FZSTK.TTF', 'FZYTK.TTF', 'Gabriola.ttf', 'gadugi.ttf', 'gadugib.ttf', 'GARA.TTF', 'GARABD.TTF', 'GARAIT.TTF', 'georgia.ttf', 'georgiab.ttf', 'georgiai.ttf', 'georgiaz.ttf', 'GIGI.TTF', 'GILBI___.TTF', 'GILB____.TTF', 'GILC____.TTF', 'GILI____.TTF', 'GILLUBCD.TTF', 'GILSANUB.TTF', 'GIL_____.TTF', 'GLECB.TTF', 'GlobalMonospace.CompositeFont', 'GlobalSansSerif.CompositeFont', 'GlobalSerif.CompositeFont', 'GlobalUserInterface.CompositeFont', 'GLSNECB.TTF', 'GOTHIC.TTF', 'GOTHICB.TTF', 'GOTHICBI.TTF', 'GOTHICI.TTF', 'GOUDOS.TTF', 'GOUDOSB.TTF', 'GOUDOSI.TTF', 'GOUDYSTO.TTF', 'h8514fix.fon', 'h8514oem.fon', 'h8514sys.fon', 'HARLOWSI.TTF', 'HARNGTON.TTF', 'HATTEN.TTF', 'HGB1X_CNKI.ttf', 'HGB1_CNKI.ttf', 'HGB2X_CNKI.ttf', 'HGB2_CNKI.ttf', 'HGB3X_CNKI.ttf', 'HGB3_CNKI.ttf', 'HGB4X_CNKI.ttf', 'HGB4_CNKI.ttf', 'HGB5X_CNKI.ttf', 'HGB5_CNKI.ttf', 'HGB6X_CNKI.ttf', 'HGB6_CNKI.ttf', 'HGB7X_CNKI.ttf', 'HGB7_CNKI.ttf', 'HGB8X_CNKI.ttf', 'HGB8_CNKI.ttf', 'HGBD_CNKI.ttf', 'HGBKBX_CNKI.ttf', 'HGBKB_CNKI.ttf', 'HGBKHX_CNKI.ttf', 'HGBKH_CNKI.ttf', 'HGBS1_CNKI.TTF', 'HGBS2_CNKI.TTF', 'HGBS_CNKI.TTF', 'HGBTH_CNKI.TTF', 'HGBTS_CNKI.TTF', 'HGBX_CNKI.ttf', 'HGBZ_CNKI.ttf', 'HGCH_CNKI.TTF', 'HGCUH_CNKI.TTF', 'HGCY_CNKI.TTF', 'HGDBS_CNKI.TTF', 'HGDGY_CNKI.TTF', 'HGDH2_CNKI.TTF', 'HGDH_CNKI.TTF', 'HGDYS_CNKI.TTF', 'HGDY_CNKI.ttf', 'HGF1X_CNKI.ttf', 'HGF1_CNKI.ttf', 'HGF2X_CNKI.ttf', 'HGF2_CNKI.ttf', 'HGF3_CNKI.ttf', 'HGF4X_CNKI.ttf', 'HGF4_CNKI.ttf', 'HGF5X_CNKI.ttf', 'HGF5_CNKI.ttf', 'HGF6X_CNKI.ttf', 'HGF6_CNKI.ttf', 'HGF7X_CNKI.ttf', 'HGF7_CNKI.ttf', 'HGF8_CNKI.ttf', 'HGF9X_CNKI.ttf', 'HGF9_CNKI.ttf', 'HGFS1_CNKI.TTF', 'HGFS2_CNKI.TTF', 'HGFSH_CNKI.TTF', 'HGFS_CNKI.TTF', 'HGFX_CNKI.ttf', 'HGFZ_CNKI.ttf', 'HGGG_CNKI.TTF', 'HGH1X_CNKI.ttf', 'HGH1_CNKI.ttf', 'HGH2X_CNKI.ttf', 'HGH2_CNKI.ttf', 'HGH3X_CNKI.ttf', 'HGH3_CNKI.ttf', 'HGH4X_CNKI.ttf', 'HGH4_CNKI.ttf', 'HGH5X_CNKI.ttf', 'HGH5_CNKI.ttf', 'HGH6X_CNKI.ttf', 'HGH6_CNKI.ttf', 'HGH7X_CNKI.ttf', 'HGH7_CNKI.ttf', 'HGHB_CNKI.TTF', 'HGHD_CNKI.ttf', 'HGHP_CNKI.TTF', 'HGHT1_CNKI.ttf', 'HGHT2_CNKI.ttf', 'HGHUATI_CNKI.ttf', 'HGHX_CNKI.ttf', 'HGHZ_CNKI.ttf', 'HGH_CNKI.TTF', 'HGKT1_CNKI.TTF', 'HGKT2_CNKI.TTF', 'HGKT_CNKI.TTF', 'HGKY_CNKI.ttf', 'HGLB_CNKI.TTF', 'HGLS_CNKI.TTF', 'HGMH_CNKI.TTF', 'HGNBS_CNKI.ttf', 'HGOCR_CNKI.ttf', 'HGPH_CNKI.TTF', 'HGPTY_CNKI.TTF', 'HGSS1_CNKI.TTF', 'HGSS2_CNKI.TTF', 'HGSS_CNKI.TTF', 'HGSXT_CNKI.ttf', 'HGTT_CNKI.ttf', 'HGTX_CNKI.TTF', 'HGWT_CNKI.TTF', 'HGWYS_CNKI.TTF', 'HGX1X_CNKI.ttf', 'HGX1_CNKI.ttf', 'HGXBS_CNKI.TTF', 'HGXC_CNKI.TTF', 'HGXF1_CNKI.ttf', 'HGXFX_CNKI.ttf', 'HGXFZ_CNKI.ttf', 'HGXH1_CNKI.TTF', 'HGXH_CNKI.TTF', 'HGXK_CNKI.TTF', 'HGXL_CNKI.TTF', 'HGXS_CNKI.TTF', 'HGXT_CNKI.ttf', 'HGXY_CNKI.ttf', 'HGY1_CNKI.TTF', 'HGY2_CNKI.TTF', 'HGY3_CNKI.TTF', 'HGY4_CNKI.TTF', 'HGYB_CNKI.ttf', 'HGYT1_CNKI.ttf', 'HGYT2_CNKI.ttf', 'HGYT_CNKI.TTF', 'HGYX_CNKI.TTF', 'HGZCS_CNKI.TTF', 'HGZDX_CNKI.TTF', 'HGZK_CNKI.TTF', 'HGZYT_CNKI.TTF', 'HGZY_CNKI.TTF', 'himalaya.ttf', 'holomdl2.ttf', 'HTOWERT.TTF', 'HTOWERTI.TTF', 'hvgafix.fon', 'hvgasys.fon', 'impact.ttf', 'IMPRISHA.TTF', 'INFROMAN.TTF', 'Inkfree.ttf', 'iqiyi_logov7.ttf', 'ITCBLKAD.TTF', 'ITCEDSCR.TTF', 'ITCKRIST.TTF', 'j8514fix.fon', 'j8514oem.fon', 'j8514sys.fon', 'javatext.ttf', 'JOKERMAN.TTF', 'jsmalle.fon', 'jsmallf.fon', 'JUICE___.TTF', 'jvgafix.fon', 'jvgasys.fon', 'KUNSTLER.TTF', 'LATINWD.TTF', 'LBRITE.TTF', 'LBRITED.TTF', 'LBRITEDI.TTF', 'LBRITEI.TTF', 'LCALLIG.TTF', 'LeelaUIb.ttf', 'LeelawUI.ttf', 'LeelUIsl.ttf', 'LFAX.TTF', 'LFAXD.TTF', 'LFAXDI.TTF', 'LFAXI.TTF', 'LHANDW.TTF', 'LSANS.TTF', 'LSANSD.TTF', 'LSANSDI.TTF', 'LSANSI.TTF', 'LTYPE.TTF', 'LTYPEB.TTF', 'LTYPEBO.TTF', 'LTYPEO.TTF', 'lucon.ttf', 'l_10646.ttf', 'MAGNETOB.TTF', 'MAIAN.TTF', 'malgun.ttf', 'malgunbd.ttf', 'malgunsl.ttf', 'marlett.ttf', 'MATURASC.TTF', 'micross.ttf', 'mingliub.ttc', 'MISTRAL.TTF', 'mmrtext.ttf', 'mmrtextb.ttf', 'MOD20.TTF', 'modern.fon', 'monbaiti.ttf', 'msgothic.ttc', 'msjh.ttc', 'msjhbd.ttc', 'msjhl.ttc', 'msyh.ttc', 'msyhbd.ttc', 'msyhl.ttc', 'msyi.ttf', 'MTCORSVA.TTF', 'MTEXTRA.TTF', 'mvboli.ttf', 'NIAGENG.TTF', 'NIAGSOL.TTF', 'Nirmala.ttf', 'NirmalaB.ttf', 'NirmalaS.ttf', 'ntailu.ttf', 'ntailub.ttf', 'NumberOnly.ttf', 'OCRAEXT.TTF', 'OLDENGL.TTF', 'ONYX.TTF', 'OUTLOOK.TTF', 'pala.ttf', 'palab.ttf', 'palabi.ttf', 'palai.ttf', 'PALSCRI.TTF', 'PAPYRUS.TTF', 'PARCHM.TTF', 'PERBI___.TTF', 'PERB____.TTF', 'PERI____.TTF', 'PERTIBD.TTF', 'PERTILI.TTF', 'PER_____.TTF', 'phagspa.ttf', 'phagspab.ttf', 'PLAYBILL.TTF', 'POORICH.TTF', 'PRISTINA.TTF', 'RAGE.TTF', 'RAVIE.TTF', 'REFSAN.TTF', 'REFSPCL.TTF', 'ROCCB___.TTF', 'ROCC____.TTF', 'ROCK.TTF', 'ROCKB.TTF', 'ROCKBI.TTF', 'ROCKEB.TTF', 'ROCKI.TTF', 'roman.fon', 's8514fix.fon', 's8514oem.fon', 's8514sys.fon', 'SCHLBKB.TTF', 'SCHLBKBI.TTF', 'SCHLBKI.TTF', 'script.fon', 'SCRIPTBL.TTF', 'segmdl2.ttf', 'SegoeIcons.ttf', 'segoepr.ttf', 'segoeprb.ttf', 'segoesc.ttf', 'segoescb.ttf', 'segoeui.ttf', 'segoeuib.ttf', 'segoeuii.ttf', 'segoeuil.ttf', 'segoeuisl.ttf', 'segoeuiz.ttf', 'seguibl.ttf', 'seguibli.ttf', 'seguiemj.ttf', 'seguihis.ttf', 'seguili.ttf', 'seguisb.ttf', 'seguisbi.ttf', 'seguisli.ttf', 'seguisym.ttf', 'SegUIVar.ttf', 'sere1255.fon', 'sere1256.fon', 'sere1257.fon', 'serf1255.fon', 'serf1256.fon', 'serf1257.fon', 'serife.fon', 'serifee.fon', 'serifeg.fon', 'serifer.fon', 'serifet.fon', 'seriff.fon', 'seriffe.fon', 'seriffg.fon', 'seriffr.fon', 'serifft.fon', 'SHOWG.TTF', 'simfang.ttf', 'simhei.ttf', 'simkai.ttf', 'SIMLI.TTF', 'simsun.ttc', 'simsunb.ttf', 'SIMYOU.TTF', 'SitkaVF-Italic.ttf', 'SitkaVF.ttf', 'smae1255.fon', 'smae1256.fon', 'smae1257.fon', 'smaf1255.fon', 'smaf1256.fon', 'smaf1257.fon', 'smalle.fon', 'smallee.fon', 'smalleg.fon', 'smaller.fon', 'smallet.fon', 'smallf.fon', 'smallfe.fon', 'smallfg.fon', 'smallfr.fon', 'smallft.fon', 'SNAP____.TTF', 'ssee1255.fon', 'ssee1256.fon', 'ssee1257.fon', 'ssee874.fon', 'ssef1255.fon', 'ssef1256.fon', 'ssef1257.fon', 'ssef874.fon', 'sserife.fon', 'sserifee.fon', 'sserifeg.fon', 'sserifer.fon', 'sserifet.fon', 'sseriff.fon', 'sseriffe.fon', 'sseriffg.fon', 'sseriffr.fon', 'sserifft.fon', 'StaticCache.dat', 'STCAIYUN.TTF', 'STENCIL.TTF', 'STFANGSO.TTF', 'STHUPO.TTF', 'STKAITI.TTF', 'STLITI.TTF', 'STSONG.TTF', 'STXIHEI.TTF', 'STXINGKA.TTF', 'STXINWEI.TTF', 'STZHONGS.TTF', 'svgafix.fon', 'svgasys.fon', 'sylfaen.ttf', 'symbol.ttf', 'tahoma.ttf', 'tahomabd.ttf', 'taile.ttf', 'taileb.ttf', 'TCBI____.TTF', 'TCB_____.TTF', 'TCCB____.TTF', 'TCCEB.TTF', 'TCCM____.TTF', 'TCMI____.TTF', 'TCM_____.TTF', 'TEMPSITC.TTF', 'times.ttf', 'timesbd.ttf', 'timesbi.ttf', 'timesi.ttf', 'trebuc.ttf', 'trebucbd.ttf', 'trebucbi.ttf', 'trebucit.ttf', 'verdana.ttf', 'verdanab.ttf', 'verdanai.ttf', 'verdanaz.ttf', 'vga737.fon', 'vga775.fon', 'vga850.fon', 'vga852.fon', 'vga855.fon', 'vga857.fon', 'vga860.fon', 'vga861.fon', 'vga863.fon', 'vga865.fon', 'vga866.fon', 'vga869.fon', 'vga932.fon', 'vga936.fon', 'vga949.fon', 'vga950.fon', 'vgaf1255.fon', 'vgaf1256.fon', 'vgaf1257.fon', 'vgaf874.fon', 'vgafix.fon', 'vgafixe.fon', 'vgafixg.fon', 'vgafixr.fon', 'vgafixt.fon', 'vgaoem.fon', 'vgas1255.fon', 'vgas1256.fon', 'vgas1257.fon', 'vgas874.fon', 'vgasys.fon', 'vgasyse.fon', 'vgasysg.fon', 'vgasysr.fon', 'vgasyst.fon', 'VINERITC.TTF', 'VIVALDII.TTF', 'VLADIMIR.TTF', 'webdings.ttf', 'wingding.ttf', 'WINGDNG2.TTF', 'WINGDNG3.TTF', 'YuGothB.ttc', 'YuGothL.ttc', 'YuGothM.ttc', 'YuGothR.ttc', '\u534e\u5eb7\u65b9\u5706\u4f53W7.TTC', '\u65b9\u6b63\u7c97\u9ed1\u5b8b\u7b80\u4f53.ttf']
2023-09-27 16:00:29,904 - INFO - all fonts installed:['8514fix.fon', '8514fixe.fon', '8514fixg.fon', '8514fixr.fon', '8514fixt.fon', '8514oem.fon', '8514oeme.fon', '8514oemg.fon', '8514oemr.fon', '8514oemt.fon', '8514sys.fon', '8514syse.fon', '8514sysg.fon', '8514sysr.fon', '8514syst.fon', '85775.fon', '85855.fon', '85f1255.fon', '85f1256.fon', '85f1257.fon', '85f874.fon', '85s1255.fon', '85s1256.fon', '85s1257.fon', '85s874.fon', 'AGENCYB.TTF', 'AGENCYR.TTF', 'ALGER.TTF', 'ANTQUAB.TTF', 'ANTQUABI.TTF', 'ANTQUAI.TTF', 'app775.fon', 'app850.fon', 'app852.fon', 'app855.fon', 'app857.fon', 'app866.fon', 'app932.fon', 'app936.fon', 'app949.fon', 'app950.fon', 'arial.ttf', 'arialbd.ttf', 'arialbi.ttf', 'ariali.ttf', 'ARIALN.TTF', 'ARIALNB.TTF', 'ARIALNBI.TTF', 'ARIALNI.TTF', 'ariblk.ttf', 'ARLRDBD.TTF', 'AxureHandwriting-Bold.otf', 'AxureHandwriting-BoldItalic.otf', 'AxureHandwriting-Italic.otf', 'AxureHandwriting.otf', 'bahnschrift.ttf', 'BASKVILL.TTF', 'BAUHS93.TTF', 'BELL.TTF', 'BELLB.TTF', 'BELLI.TTF', 'BERNHC.TTF', 'BKANT.TTF', 'BOD_B.TTF', 'BOD_BI.TTF', 'BOD_BLAI.TTF', 'BOD_BLAR.TTF', 'BOD_CB.TTF', 'BOD_CBI.TTF', 'BOD_CI.TTF', 'BOD_CR.TTF', 'BOD_I.TTF', 'BOD_PSTC.TTF', 'BOD_R.TTF', 'BOOKOS.TTF', 'BOOKOSB.TTF', 'BOOKOSBI.TTF', 'BOOKOSI.TTF', 'BRADHITC.TTF', 'BRITANIC.TTF', 'BRLNSB.TTF', 'BRLNSDB.TTF', 'BRLNSR.TTF', 'BROADW.TTF', 'BRUSHSCI.TTF', 'BSSYM7.TTF', 'c8514fix.fon', 'c8514oem.fon', 'c8514sys.fon', 'calibri.ttf', 'calibrib.ttf', 'calibrii.ttf', 'calibril.ttf', 'calibrili.ttf', 'calibriz.ttf', 'CALIFB.TTF', 'CALIFI.TTF', 'CALIFR.TTF', 'CALIST.TTF', 'CALISTB.TTF', 'CALISTBI.TTF', 'CALISTI.TTF', 'cambria.ttc', 'cambriab.ttf', 'cambriai.ttf', 'cambriaz.ttf', 'Candara.ttf', 'Candarab.ttf', 'Candarai.ttf', 'Candaral.ttf', 'Candarali.ttf', 'Candaraz.ttf', 'CascadiaCode.ttf', 'CascadiaMono.ttf', 'CASTELAR.TTF', 'CENSCBK.TTF', 'CENTAUR.TTF', 'CENTURY.TTF', 'cga40737.fon', 'cga40850.fon', 'cga40852.fon', 'cga40857.fon', 'cga40866.fon', 'cga40869.fon', 'cga40woa.fon', 'cga80737.fon', 'cga80850.fon', 'cga80852.fon', 'cga80857.fon', 'cga80866.fon', 'cga80869.fon', 'cga80woa.fon', 'CHILLER.TTF', 'COLONNA.TTF', 'comic.ttf', 'comicbd.ttf', 'comici.ttf', 'comicz.ttf', 'consola.ttf', 'consolab.ttf', 'consolai.ttf', 'consolaz.ttf', 'constan.ttf', 'constanb.ttf', 'constani.ttf', 'constanz.ttf', 'COOPBL.TTF', 'COPRGTB.TTF', 'COPRGTL.TTF', 'corbel.ttf', 'corbelb.ttf', 'corbeli.ttf', 'corbell.ttf', 'corbelli.ttf', 'corbelz.ttf', 'coue1255.fon', 'coue1256.fon', 'coue1257.fon', 'couf1255.fon', 'couf1256.fon', 'couf1257.fon', 'cour.ttf', 'courbd.ttf', 'courbi.ttf', 'coure.fon', 'couree.fon', 'coureg.fon', 'courer.fon', 'couret.fon', 'courf.fon', 'courfe.fon', 'courfg.fon', 'courfr.fon', 'courft.fon', 'couri.ttf', 'CURLZ___.TTF', 'cvgafix.fon', 'cvgasys.fon', 'Deng.ttf', 'Dengb.ttf', 'Dengl.ttf', 'desktop.ini', 'dos737.fon', 'dos869.fon', 'dosapp.fon', 'DUBAI-BOLD.TTF', 'DUBAI-LIGHT.TTF', 'DUBAI-MEDIUM.TTF', 'DUBAI-REGULAR.TTF', 'ebrima.ttf', 'ebrimabd.ttf', 'ega40737.fon', 'ega40850.fon', 'ega40852.fon', 'ega40857.fon', 'ega40866.fon', 'ega40869.fon', 'ega40woa.fon', 'ega80737.fon', 'ega80850.fon', 'ega80852.fon', 'ega80857.fon', 'ega80866.fon', 'ega80869.fon', 'ega80woa.fon', 'ELEPHNT.TTF', 'ELEPHNTI.TTF', 'ENGR.TTF', 'ERASBD.TTF', 'ERASDEMI.TTF', 'ERASLGHT.TTF', 'ERASMD.TTF', 'FELIXTI.TTF', 'fms_metadata.xml', 'FORTE.TTF', 'FRABK.TTF', 'FRABKIT.TTF', 'FRADM.TTF', 'FRADMCN.TTF', 'FRADMIT.TTF', 'FRAHV.TTF', 'FRAHVIT.TTF', 'framd.ttf', 'FRAMDCN.TTF', 'framdit.ttf', 'FREESCPT.TTF', 'FRSCRIPT.TTF', 'FTLTLT.TTF', 'FZSTK.TTF', 'FZYTK.TTF', 'Gabriola.ttf', 'gadugi.ttf', 'gadugib.ttf', 'GARA.TTF', 'GARABD.TTF', 'GARAIT.TTF', 'georgia.ttf', 'georgiab.ttf', 'georgiai.ttf', 'georgiaz.ttf', 'GIGI.TTF', 'GILBI___.TTF', 'GILB____.TTF', 'GILC____.TTF', 'GILI____.TTF', 'GILLUBCD.TTF', 'GILSANUB.TTF', 'GIL_____.TTF', 'GLECB.TTF', 'GlobalMonospace.CompositeFont', 'GlobalSansSerif.CompositeFont', 'GlobalSerif.CompositeFont', 'GlobalUserInterface.CompositeFont', 'GLSNECB.TTF', 'GOTHIC.TTF', 'GOTHICB.TTF', 'GOTHICBI.TTF', 'GOTHICI.TTF', 'GOUDOS.TTF', 'GOUDOSB.TTF', 'GOUDOSI.TTF', 'GOUDYSTO.TTF', 'h8514fix.fon', 'h8514oem.fon', 'h8514sys.fon', 'HARLOWSI.TTF', 'HARNGTON.TTF', 'HATTEN.TTF', 'HGB1X_CNKI.ttf', 'HGB1_CNKI.ttf', 'HGB2X_CNKI.ttf', 'HGB2_CNKI.ttf', 'HGB3X_CNKI.ttf', 'HGB3_CNKI.ttf', 'HGB4X_CNKI.ttf', 'HGB4_CNKI.ttf', 'HGB5X_CNKI.ttf', 'HGB5_CNKI.ttf', 'HGB6X_CNKI.ttf', 'HGB6_CNKI.ttf', 'HGB7X_CNKI.ttf', 'HGB7_CNKI.ttf', 'HGB8X_CNKI.ttf', 'HGB8_CNKI.ttf', 'HGBD_CNKI.ttf', 'HGBKBX_CNKI.ttf', 'HGBKB_CNKI.ttf', 'HGBKHX_CNKI.ttf', 'HGBKH_CNKI.ttf', 'HGBS1_CNKI.TTF', 'HGBS2_CNKI.TTF', 'HGBS_CNKI.TTF', 'HGBTH_CNKI.TTF', 'HGBTS_CNKI.TTF', 'HGBX_CNKI.ttf', 'HGBZ_CNKI.ttf', 'HGCH_CNKI.TTF', 'HGCUH_CNKI.TTF', 'HGCY_CNKI.TTF', 'HGDBS_CNKI.TTF', 'HGDGY_CNKI.TTF', 'HGDH2_CNKI.TTF', 'HGDH_CNKI.TTF', 'HGDYS_CNKI.TTF', 'HGDY_CNKI.ttf', 'HGF1X_CNKI.ttf', 'HGF1_CNKI.ttf', 'HGF2X_CNKI.ttf', 'HGF2_CNKI.ttf', 'HGF3_CNKI.ttf', 'HGF4X_CNKI.ttf', 'HGF4_CNKI.ttf', 'HGF5X_CNKI.ttf', 'HGF5_CNKI.ttf', 'HGF6X_CNKI.ttf', 'HGF6_CNKI.ttf', 'HGF7X_CNKI.ttf', 'HGF7_CNKI.ttf', 'HGF8_CNKI.ttf', 'HGF9X_CNKI.ttf', 'HGF9_CNKI.ttf', 'HGFS1_CNKI.TTF', 'HGFS2_CNKI.TTF', 'HGFSH_CNKI.TTF', 'HGFS_CNKI.TTF', 'HGFX_CNKI.ttf', 'HGFZ_CNKI.ttf', 'HGGG_CNKI.TTF', 'HGH1X_CNKI.ttf', 'HGH1_CNKI.ttf', 'HGH2X_CNKI.ttf', 'HGH2_CNKI.ttf', 'HGH3X_CNKI.ttf', 'HGH3_CNKI.ttf', 'HGH4X_CNKI.ttf', 'HGH4_CNKI.ttf', 'HGH5X_CNKI.ttf', 'HGH5_CNKI.ttf', 'HGH6X_CNKI.ttf', 'HGH6_CNKI.ttf', 'HGH7X_CNKI.ttf', 'HGH7_CNKI.ttf', 'HGHB_CNKI.TTF', 'HGHD_CNKI.ttf', 'HGHP_CNKI.TTF', 'HGHT1_CNKI.ttf', 'HGHT2_CNKI.ttf', 'HGHUATI_CNKI.ttf', 'HGHX_CNKI.ttf', 'HGHZ_CNKI.ttf', 'HGH_CNKI.TTF', 'HGKT1_CNKI.TTF', 'HGKT2_CNKI.TTF', 'HGKT_CNKI.TTF', 'HGKY_CNKI.ttf', 'HGLB_CNKI.TTF', 'HGLS_CNKI.TTF', 'HGMH_CNKI.TTF', 'HGNBS_CNKI.ttf', 'HGOCR_CNKI.ttf', 'HGPH_CNKI.TTF', 'HGPTY_CNKI.TTF', 'HGSS1_CNKI.TTF', 'HGSS2_CNKI.TTF', 'HGSS_CNKI.TTF', 'HGSXT_CNKI.ttf', 'HGTT_CNKI.ttf', 'HGTX_CNKI.TTF', 'HGWT_CNKI.TTF', 'HGWYS_CNKI.TTF', 'HGX1X_CNKI.ttf', 'HGX1_CNKI.ttf', 'HGXBS_CNKI.TTF', 'HGXC_CNKI.TTF', 'HGXF1_CNKI.ttf', 'HGXFX_CNKI.ttf', 'HGXFZ_CNKI.ttf', 'HGXH1_CNKI.TTF', 'HGXH_CNKI.TTF', 'HGXK_CNKI.TTF', 'HGXL_CNKI.TTF', 'HGXS_CNKI.TTF', 'HGXT_CNKI.ttf', 'HGXY_CNKI.ttf', 'HGY1_CNKI.TTF', 'HGY2_CNKI.TTF', 'HGY3_CNKI.TTF', 'HGY4_CNKI.TTF', 'HGYB_CNKI.ttf', 'HGYT1_CNKI.ttf', 'HGYT2_CNKI.ttf', 'HGYT_CNKI.TTF', 'HGYX_CNKI.TTF', 'HGZCS_CNKI.TTF', 'HGZDX_CNKI.TTF', 'HGZK_CNKI.TTF', 'HGZYT_CNKI.TTF', 'HGZY_CNKI.TTF', 'himalaya.ttf', 'holomdl2.ttf', 'HTOWERT.TTF', 'HTOWERTI.TTF', 'hvgafix.fon', 'hvgasys.fon', 'impact.ttf', 'IMPRISHA.TTF', 'INFROMAN.TTF', 'Inkfree.ttf', 'iqiyi_logov7.ttf', 'ITCBLKAD.TTF', 'ITCEDSCR.TTF', 'ITCKRIST.TTF', 'j8514fix.fon', 'j8514oem.fon', 'j8514sys.fon', 'javatext.ttf', 'JOKERMAN.TTF', 'jsmalle.fon', 'jsmallf.fon', 'JUICE___.TTF', 'jvgafix.fon', 'jvgasys.fon', 'KUNSTLER.TTF', 'LATINWD.TTF', 'LBRITE.TTF', 'LBRITED.TTF', 'LBRITEDI.TTF', 'LBRITEI.TTF', 'LCALLIG.TTF', 'LeelaUIb.ttf', 'LeelawUI.ttf', 'LeelUIsl.ttf', 'LFAX.TTF', 'LFAXD.TTF', 'LFAXDI.TTF', 'LFAXI.TTF', 'LHANDW.TTF', 'LSANS.TTF', 'LSANSD.TTF', 'LSANSDI.TTF', 'LSANSI.TTF', 'LTYPE.TTF', 'LTYPEB.TTF', 'LTYPEBO.TTF', 'LTYPEO.TTF', 'lucon.ttf', 'l_10646.ttf', 'MAGNETOB.TTF', 'MAIAN.TTF', 'malgun.ttf', 'malgunbd.ttf', 'malgunsl.ttf', 'marlett.ttf', 'MATURASC.TTF', 'micross.ttf', 'mingliub.ttc', 'MISTRAL.TTF', 'mmrtext.ttf', 'mmrtextb.ttf', 'MOD20.TTF', 'modern.fon', 'monbaiti.ttf', 'msgothic.ttc', 'msjh.ttc', 'msjhbd.ttc', 'msjhl.ttc', 'msyh.ttc', 'msyhbd.ttc', 'msyhl.ttc', 'msyi.ttf', 'MTCORSVA.TTF', 'MTEXTRA.TTF', 'mvboli.ttf', 'NIAGENG.TTF', 'NIAGSOL.TTF', 'Nirmala.ttf', 'NirmalaB.ttf', 'NirmalaS.ttf', 'ntailu.ttf', 'ntailub.ttf', 'NumberOnly.ttf', 'OCRAEXT.TTF', 'OLDENGL.TTF', 'ONYX.TTF', 'OUTLOOK.TTF', 'pala.ttf', 'palab.ttf', 'palabi.ttf', 'palai.ttf', 'PALSCRI.TTF', 'PAPYRUS.TTF', 'PARCHM.TTF', 'PERBI___.TTF', 'PERB____.TTF', 'PERI____.TTF', 'PERTIBD.TTF', 'PERTILI.TTF', 'PER_____.TTF', 'phagspa.ttf', 'phagspab.ttf', 'PLAYBILL.TTF', 'POORICH.TTF', 'PRISTINA.TTF', 'RAGE.TTF', 'RAVIE.TTF', 'REFSAN.TTF', 'REFSPCL.TTF', 'ROCCB___.TTF', 'ROCC____.TTF', 'ROCK.TTF', 'ROCKB.TTF', 'ROCKBI.TTF', 'ROCKEB.TTF', 'ROCKI.TTF', 'roman.fon', 's8514fix.fon', 's8514oem.fon', 's8514sys.fon', 'SCHLBKB.TTF', 'SCHLBKBI.TTF', 'SCHLBKI.TTF', 'script.fon', 'SCRIPTBL.TTF', 'segmdl2.ttf', 'SegoeIcons.ttf', 'segoepr.ttf', 'segoeprb.ttf', 'segoesc.ttf', 'segoescb.ttf', 'segoeui.ttf', 'segoeuib.ttf', 'segoeuii.ttf', 'segoeuil.ttf', 'segoeuisl.ttf', 'segoeuiz.ttf', 'seguibl.ttf', 'seguibli.ttf', 'seguiemj.ttf', 'seguihis.ttf', 'seguili.ttf', 'seguisb.ttf', 'seguisbi.ttf', 'seguisli.ttf', 'seguisym.ttf', 'SegUIVar.ttf', 'sere1255.fon', 'sere1256.fon', 'sere1257.fon', 'serf1255.fon', 'serf1256.fon', 'serf1257.fon', 'serife.fon', 'serifee.fon', 'serifeg.fon', 'serifer.fon', 'serifet.fon', 'seriff.fon', 'seriffe.fon', 'seriffg.fon', 'seriffr.fon', 'serifft.fon', 'SHOWG.TTF', 'simfang.ttf', 'simhei.ttf', 'simkai.ttf', 'SIMLI.TTF', 'simsun.ttc', 'simsunb.ttf', 'SIMYOU.TTF', 'SitkaVF-Italic.ttf', 'SitkaVF.ttf', 'smae1255.fon', 'smae1256.fon', 'smae1257.fon', 'smaf1255.fon', 'smaf1256.fon', 'smaf1257.fon', 'smalle.fon', 'smallee.fon', 'smalleg.fon', 'smaller.fon', 'smallet.fon', 'smallf.fon', 'smallfe.fon', 'smallfg.fon', 'smallfr.fon', 'smallft.fon', 'SNAP____.TTF', 'ssee1255.fon', 'ssee1256.fon', 'ssee1257.fon', 'ssee874.fon', 'ssef1255.fon', 'ssef1256.fon', 'ssef1257.fon', 'ssef874.fon', 'sserife.fon', 'sserifee.fon', 'sserifeg.fon', 'sserifer.fon', 'sserifet.fon', 'sseriff.fon', 'sseriffe.fon', 'sseriffg.fon', 'sseriffr.fon', 'sserifft.fon', 'StaticCache.dat', 'STCAIYUN.TTF', 'STENCIL.TTF', 'STFANGSO.TTF', 'STHUPO.TTF', 'STKAITI.TTF', 'STLITI.TTF', 'STSONG.TTF', 'STXIHEI.TTF', 'STXINGKA.TTF', 'STXINWEI.TTF', 'STZHONGS.TTF', 'svgafix.fon', 'svgasys.fon', 'sylfaen.ttf', 'symbol.ttf', 'tahoma.ttf', 'tahomabd.ttf', 'taile.ttf', 'taileb.ttf', 'TCBI____.TTF', 'TCB_____.TTF', 'TCCB____.TTF', 'TCCEB.TTF', 'TCCM____.TTF', 'TCMI____.TTF', 'TCM_____.TTF', 'TEMPSITC.TTF', 'times.ttf', 'timesbd.ttf', 'timesbi.ttf', 'timesi.ttf', 'trebuc.ttf', 'trebucbd.ttf', 'trebucbi.ttf', 'trebucit.ttf', 'verdana.ttf', 'verdanab.ttf', 'verdanai.ttf', 'verdanaz.ttf', 'vga737.fon', 'vga775.fon', 'vga850.fon', 'vga852.fon', 'vga855.fon', 'vga857.fon', 'vga860.fon', 'vga861.fon', 'vga863.fon', 'vga865.fon', 'vga866.fon', 'vga869.fon', 'vga932.fon', 'vga936.fon', 'vga949.fon', 'vga950.fon', 'vgaf1255.fon', 'vgaf1256.fon', 'vgaf1257.fon', 'vgaf874.fon', 'vgafix.fon', 'vgafixe.fon', 'vgafixg.fon', 'vgafixr.fon', 'vgafixt.fon', 'vgaoem.fon', 'vgas1255.fon', 'vgas1256.fon', 'vgas1257.fon', 'vgas874.fon', 'vgasys.fon', 'vgasyse.fon', 'vgasysg.fon', 'vgasysr.fon', 'vgasyst.fon', 'VINERITC.TTF', 'VIVALDII.TTF', 'VLADIMIR.TTF', 'webdings.ttf', 'wingding.ttf', 'WINGDNG2.TTF', 'WINGDNG3.TTF', 'YuGothB.ttc', 'YuGothL.ttc', 'YuGothM.ttc', 'YuGothR.ttc', '\u534e\u5eb7\u65b9\u5706\u4f53W7.TTC', '\u65b9\u6b63\u7c97\u9ed1\u5b8b\u7b80\u4f53.ttf']
2023-09-27 16:00:29,910 - INFO - all fonts installed:['8514fix.fon', '8514fixe.fon', '8514fixg.fon', '8514fixr.fon', '8514fixt.fon', '8514oem.fon', '8514oeme.fon', '8514oemg.fon', '8514oemr.fon', '8514oemt.fon', '8514sys.fon', '8514syse.fon', '8514sysg.fon', '8514sysr.fon', '8514syst.fon', '85775.fon', '85855.fon', '85f1255.fon', '85f1256.fon', '85f1257.fon', '85f874.fon', '85s1255.fon', '85s1256.fon', '85s1257.fon', '85s874.fon', 'AGENCYB.TTF', 'AGENCYR.TTF', 'ALGER.TTF', 'ANTQUAB.TTF', 'ANTQUABI.TTF', 'ANTQUAI.TTF', 'app775.fon', 'app850.fon', 'app852.fon', 'app855.fon', 'app857.fon', 'app866.fon', 'app932.fon', 'app936.fon', 'app949.fon', 'app950.fon', 'arial.ttf', 'arialbd.ttf', 'arialbi.ttf', 'ariali.ttf', 'ARIALN.TTF', 'ARIALNB.TTF', 'ARIALNBI.TTF', 'ARIALNI.TTF', 'ariblk.ttf', 'ARLRDBD.TTF', 'AxureHandwriting-Bold.otf', 'AxureHandwriting-BoldItalic.otf', 'AxureHandwriting-Italic.otf', 'AxureHandwriting.otf', 'bahnschrift.ttf', 'BASKVILL.TTF', 'BAUHS93.TTF', 'BELL.TTF', 'BELLB.TTF', 'BELLI.TTF', 'BERNHC.TTF', 'BKANT.TTF', 'BOD_B.TTF', 'BOD_BI.TTF', 'BOD_BLAI.TTF', 'BOD_BLAR.TTF', 'BOD_CB.TTF', 'BOD_CBI.TTF', 'BOD_CI.TTF', 'BOD_CR.TTF', 'BOD_I.TTF', 'BOD_PSTC.TTF', 'BOD_R.TTF', 'BOOKOS.TTF', 'BOOKOSB.TTF', 'BOOKOSBI.TTF', 'BOOKOSI.TTF', 'BRADHITC.TTF', 'BRITANIC.TTF', 'BRLNSB.TTF', 'BRLNSDB.TTF', 'BRLNSR.TTF', 'BROADW.TTF', 'BRUSHSCI.TTF', 'BSSYM7.TTF', 'c8514fix.fon', 'c8514oem.fon', 'c8514sys.fon', 'calibri.ttf', 'calibrib.ttf', 'calibrii.ttf', 'calibril.ttf', 'calibrili.ttf', 'calibriz.ttf', 'CALIFB.TTF', 'CALIFI.TTF', 'CALIFR.TTF', 'CALIST.TTF', 'CALISTB.TTF', 'CALISTBI.TTF', 'CALISTI.TTF', 'cambria.ttc', 'cambriab.ttf', 'cambriai.ttf', 'cambriaz.ttf', 'Candara.ttf', 'Candarab.ttf', 'Candarai.ttf', 'Candaral.ttf', 'Candarali.ttf', 'Candaraz.ttf', 'CascadiaCode.ttf', 'CascadiaMono.ttf', 'CASTELAR.TTF', 'CENSCBK.TTF', 'CENTAUR.TTF', 'CENTURY.TTF', 'cga40737.fon', 'cga40850.fon', 'cga40852.fon', 'cga40857.fon', 'cga40866.fon', 'cga40869.fon', 'cga40woa.fon', 'cga80737.fon', 'cga80850.fon', 'cga80852.fon', 'cga80857.fon', 'cga80866.fon', 'cga80869.fon', 'cga80woa.fon', 'CHILLER.TTF', 'COLONNA.TTF', 'comic.ttf', 'comicbd.ttf', 'comici.ttf', 'comicz.ttf', 'consola.ttf', 'consolab.ttf', 'consolai.ttf', 'consolaz.ttf', 'constan.ttf', 'constanb.ttf', 'constani.ttf', 'constanz.ttf', 'COOPBL.TTF', 'COPRGTB.TTF', 'COPRGTL.TTF', 'corbel.ttf', 'corbelb.ttf', 'corbeli.ttf', 'corbell.ttf', 'corbelli.ttf', 'corbelz.ttf', 'coue1255.fon', 'coue1256.fon', 'coue1257.fon', 'couf1255.fon', 'couf1256.fon', 'couf1257.fon', 'cour.ttf', 'courbd.ttf', 'courbi.ttf', 'coure.fon', 'couree.fon', 'coureg.fon', 'courer.fon', 'couret.fon', 'courf.fon', 'courfe.fon', 'courfg.fon', 'courfr.fon', 'courft.fon', 'couri.ttf', 'CURLZ___.TTF', 'cvgafix.fon', 'cvgasys.fon', 'Deng.ttf', 'Dengb.ttf', 'Dengl.ttf', 'desktop.ini', 'dos737.fon', 'dos869.fon', 'dosapp.fon', 'DUBAI-BOLD.TTF', 'DUBAI-LIGHT.TTF', 'DUBAI-MEDIUM.TTF', 'DUBAI-REGULAR.TTF', 'ebrima.ttf', 'ebrimabd.ttf', 'ega40737.fon', 'ega40850.fon', 'ega40852.fon', 'ega40857.fon', 'ega40866.fon', 'ega40869.fon', 'ega40woa.fon', 'ega80737.fon', 'ega80850.fon', 'ega80852.fon', 'ega80857.fon', 'ega80866.fon', 'ega80869.fon', 'ega80woa.fon', 'ELEPHNT.TTF', 'ELEPHNTI.TTF', 'ENGR.TTF', 'ERASBD.TTF', 'ERASDEMI.TTF', 'ERASLGHT.TTF', 'ERASMD.TTF', 'FELIXTI.TTF', 'fms_metadata.xml', 'FORTE.TTF', 'FRABK.TTF', 'FRABKIT.TTF', 'FRADM.TTF', 'FRADMCN.TTF', 'FRADMIT.TTF', 'FRAHV.TTF', 'FRAHVIT.TTF', 'framd.ttf', 'FRAMDCN.TTF', 'framdit.ttf', 'FREESCPT.TTF', 'FRSCRIPT.TTF', 'FTLTLT.TTF', 'FZSTK.TTF', 'FZYTK.TTF', 'Gabriola.ttf', 'gadugi.ttf', 'gadugib.ttf', 'GARA.TTF', 'GARABD.TTF', 'GARAIT.TTF', 'georgia.ttf', 'georgiab.ttf', 'georgiai.ttf', 'georgiaz.ttf', 'GIGI.TTF', 'GILBI___.TTF', 'GILB____.TTF', 'GILC____.TTF', 'GILI____.TTF', 'GILLUBCD.TTF', 'GILSANUB.TTF', 'GIL_____.TTF', 'GLECB.TTF', 'GlobalMonospace.CompositeFont', 'GlobalSansSerif.CompositeFont', 'GlobalSerif.CompositeFont', 'GlobalUserInterface.CompositeFont', 'GLSNECB.TTF', 'GOTHIC.TTF', 'GOTHICB.TTF', 'GOTHICBI.TTF', 'GOTHICI.TTF', 'GOUDOS.TTF', 'GOUDOSB.TTF', 'GOUDOSI.TTF', 'GOUDYSTO.TTF', 'h8514fix.fon', 'h8514oem.fon', 'h8514sys.fon', 'HARLOWSI.TTF', 'HARNGTON.TTF', 'HATTEN.TTF', 'HGB1X_CNKI.ttf', 'HGB1_CNKI.ttf', 'HGB2X_CNKI.ttf', 'HGB2_CNKI.ttf', 'HGB3X_CNKI.ttf', 'HGB3_CNKI.ttf', 'HGB4X_CNKI.ttf', 'HGB4_CNKI.ttf', 'HGB5X_CNKI.ttf', 'HGB5_CNKI.ttf', 'HGB6X_CNKI.ttf', 'HGB6_CNKI.ttf', 'HGB7X_CNKI.ttf', 'HGB7_CNKI.ttf', 'HGB8X_CNKI.ttf', 'HGB8_CNKI.ttf', 'HGBD_CNKI.ttf', 'HGBKBX_CNKI.ttf', 'HGBKB_CNKI.ttf', 'HGBKHX_CNKI.ttf', 'HGBKH_CNKI.ttf', 'HGBS1_CNKI.TTF', 'HGBS2_CNKI.TTF', 'HGBS_CNKI.TTF', 'HGBTH_CNKI.TTF', 'HGBTS_CNKI.TTF', 'HGBX_CNKI.ttf', 'HGBZ_CNKI.ttf', 'HGCH_CNKI.TTF', 'HGCUH_CNKI.TTF', 'HGCY_CNKI.TTF', 'HGDBS_CNKI.TTF', 'HGDGY_CNKI.TTF', 'HGDH2_CNKI.TTF', 'HGDH_CNKI.TTF', 'HGDYS_CNKI.TTF', 'HGDY_CNKI.ttf', 'HGF1X_CNKI.ttf', 'HGF1_CNKI.ttf', 'HGF2X_CNKI.ttf', 'HGF2_CNKI.ttf', 'HGF3_CNKI.ttf', 'HGF4X_CNKI.ttf', 'HGF4_CNKI.ttf', 'HGF5X_CNKI.ttf', 'HGF5_CNKI.ttf', 'HGF6X_CNKI.ttf', 'HGF6_CNKI.ttf', 'HGF7X_CNKI.ttf', 'HGF7_CNKI.ttf', 'HGF8_CNKI.ttf', 'HGF9X_CNKI.ttf', 'HGF9_CNKI.ttf', 'HGFS1_CNKI.TTF', 'HGFS2_CNKI.TTF', 'HGFSH_CNKI.TTF', 'HGFS_CNKI.TTF', 'HGFX_CNKI.ttf', 'HGFZ_CNKI.ttf', 'HGGG_CNKI.TTF', 'HGH1X_CNKI.ttf', 'HGH1_CNKI.ttf', 'HGH2X_CNKI.ttf', 'HGH2_CNKI.ttf', 'HGH3X_CNKI.ttf', 'HGH3_CNKI.ttf', 'HGH4X_CNKI.ttf', 'HGH4_CNKI.ttf', 'HGH5X_CNKI.ttf', 'HGH5_CNKI.ttf', 'HGH6X_CNKI.ttf', 'HGH6_CNKI.ttf', 'HGH7X_CNKI.ttf', 'HGH7_CNKI.ttf', 'HGHB_CNKI.TTF', 'HGHD_CNKI.ttf', 'HGHP_CNKI.TTF', 'HGHT1_CNKI.ttf', 'HGHT2_CNKI.ttf', 'HGHUATI_CNKI.ttf', 'HGHX_CNKI.ttf', 'HGHZ_CNKI.ttf', 'HGH_CNKI.TTF', 'HGKT1_CNKI.TTF', 'HGKT2_CNKI.TTF', 'HGKT_CNKI.TTF', 'HGKY_CNKI.ttf', 'HGLB_CNKI.TTF', 'HGLS_CNKI.TTF', 'HGMH_CNKI.TTF', 'HGNBS_CNKI.ttf', 'HGOCR_CNKI.ttf', 'HGPH_CNKI.TTF', 'HGPTY_CNKI.TTF', 'HGSS1_CNKI.TTF', 'HGSS2_CNKI.TTF', 'HGSS_CNKI.TTF', 'HGSXT_CNKI.ttf', 'HGTT_CNKI.ttf', 'HGTX_CNKI.TTF', 'HGWT_CNKI.TTF', 'HGWYS_CNKI.TTF', 'HGX1X_CNKI.ttf', 'HGX1_CNKI.ttf', 'HGXBS_CNKI.TTF', 'HGXC_CNKI.TTF', 'HGXF1_CNKI.ttf', 'HGXFX_CNKI.ttf', 'HGXFZ_CNKI.ttf', 'HGXH1_CNKI.TTF', 'HGXH_CNKI.TTF', 'HGXK_CNKI.TTF', 'HGXL_CNKI.TTF', 'HGXS_CNKI.TTF', 'HGXT_CNKI.ttf', 'HGXY_CNKI.ttf', 'HGY1_CNKI.TTF', 'HGY2_CNKI.TTF', 'HGY3_CNKI.TTF', 'HGY4_CNKI.TTF', 'HGYB_CNKI.ttf', 'HGYT1_CNKI.ttf', 'HGYT2_CNKI.ttf', 'HGYT_CNKI.TTF', 'HGYX_CNKI.TTF', 'HGZCS_CNKI.TTF', 'HGZDX_CNKI.TTF', 'HGZK_CNKI.TTF', 'HGZYT_CNKI.TTF', 'HGZY_CNKI.TTF', 'himalaya.ttf', 'holomdl2.ttf', 'HTOWERT.TTF', 'HTOWERTI.TTF', 'hvgafix.fon', 'hvgasys.fon', 'impact.ttf', 'IMPRISHA.TTF', 'INFROMAN.TTF', 'Inkfree.ttf', 'iqiyi_logov7.ttf', 'ITCBLKAD.TTF', 'ITCEDSCR.TTF', 'ITCKRIST.TTF', 'j8514fix.fon', 'j8514oem.fon', 'j8514sys.fon', 'javatext.ttf', 'JOKERMAN.TTF', 'jsmalle.fon', 'jsmallf.fon', 'JUICE___.TTF', 'jvgafix.fon', 'jvgasys.fon', 'KUNSTLER.TTF', 'LATINWD.TTF', 'LBRITE.TTF', 'LBRITED.TTF', 'LBRITEDI.TTF', 'LBRITEI.TTF', 'LCALLIG.TTF', 'LeelaUIb.ttf', 'LeelawUI.ttf', 'LeelUIsl.ttf', 'LFAX.TTF', 'LFAXD.TTF', 'LFAXDI.TTF', 'LFAXI.TTF', 'LHANDW.TTF', 'LSANS.TTF', 'LSANSD.TTF', 'LSANSDI.TTF', 'LSANSI.TTF', 'LTYPE.TTF', 'LTYPEB.TTF', 'LTYPEBO.TTF', 'LTYPEO.TTF', 'lucon.ttf', 'l_10646.ttf', 'MAGNETOB.TTF', 'MAIAN.TTF', 'malgun.ttf', 'malgunbd.ttf', 'malgunsl.ttf', 'marlett.ttf', 'MATURASC.TTF', 'micross.ttf', 'mingliub.ttc', 'MISTRAL.TTF', 'mmrtext.ttf', 'mmrtextb.ttf', 'MOD20.TTF', 'modern.fon', 'monbaiti.ttf', 'msgothic.ttc', 'msjh.ttc', 'msjhbd.ttc', 'msjhl.ttc', 'msyh.ttc', 'msyhbd.ttc', 'msyhl.ttc', 'msyi.ttf', 'MTCORSVA.TTF', 'MTEXTRA.TTF', 'mvboli.ttf', 'NIAGENG.TTF', 'NIAGSOL.TTF', 'Nirmala.ttf', 'NirmalaB.ttf', 'NirmalaS.ttf', 'ntailu.ttf', 'ntailub.ttf', 'NumberOnly.ttf', 'OCRAEXT.TTF', 'OLDENGL.TTF', 'ONYX.TTF', 'OUTLOOK.TTF', 'pala.ttf', 'palab.ttf', 'palabi.ttf', 'palai.ttf', 'PALSCRI.TTF', 'PAPYRUS.TTF', 'PARCHM.TTF', 'PERBI___.TTF', 'PERB____.TTF', 'PERI____.TTF', 'PERTIBD.TTF', 'PERTILI.TTF', 'PER_____.TTF', 'phagspa.ttf', 'phagspab.ttf', 'PLAYBILL.TTF', 'POORICH.TTF', 'PRISTINA.TTF', 'RAGE.TTF', 'RAVIE.TTF', 'REFSAN.TTF', 'REFSPCL.TTF', 'ROCCB___.TTF', 'ROCC____.TTF', 'ROCK.TTF', 'ROCKB.TTF', 'ROCKBI.TTF', 'ROCKEB.TTF', 'ROCKI.TTF', 'roman.fon', 's8514fix.fon', 's8514oem.fon', 's8514sys.fon', 'SCHLBKB.TTF', 'SCHLBKBI.TTF', 'SCHLBKI.TTF', 'script.fon', 'SCRIPTBL.TTF', 'segmdl2.ttf', 'SegoeIcons.ttf', 'segoepr.ttf', 'segoeprb.ttf', 'segoesc.ttf', 'segoescb.ttf', 'segoeui.ttf', 'segoeuib.ttf', 'segoeuii.ttf', 'segoeuil.ttf', 'segoeuisl.ttf', 'segoeuiz.ttf', 'seguibl.ttf', 'seguibli.ttf', 'seguiemj.ttf', 'seguihis.ttf', 'seguili.ttf', 'seguisb.ttf', 'seguisbi.ttf', 'seguisli.ttf', 'seguisym.ttf', 'SegUIVar.ttf', 'sere1255.fon', 'sere1256.fon', 'sere1257.fon', 'serf1255.fon', 'serf1256.fon', 'serf1257.fon', 'serife.fon', 'serifee.fon', 'serifeg.fon', 'serifer.fon', 'serifet.fon', 'seriff.fon', 'seriffe.fon', 'seriffg.fon', 'seriffr.fon', 'serifft.fon', 'SHOWG.TTF', 'simfang.ttf', 'simhei.ttf', 'simkai.ttf', 'SIMLI.TTF', 'simsun.ttc', 'simsunb.ttf', 'SIMYOU.TTF', 'SitkaVF-Italic.ttf', 'SitkaVF.ttf', 'smae1255.fon', 'smae1256.fon', 'smae1257.fon', 'smaf1255.fon', 'smaf1256.fon', 'smaf1257.fon', 'smalle.fon', 'smallee.fon', 'smalleg.fon', 'smaller.fon', 'smallet.fon', 'smallf.fon', 'smallfe.fon', 'smallfg.fon', 'smallfr.fon', 'smallft.fon', 'SNAP____.TTF', 'ssee1255.fon', 'ssee1256.fon', 'ssee1257.fon', 'ssee874.fon', 'ssef1255.fon', 'ssef1256.fon', 'ssef1257.fon', 'ssef874.fon', 'sserife.fon', 'sserifee.fon', 'sserifeg.fon', 'sserifer.fon', 'sserifet.fon', 'sseriff.fon', 'sseriffe.fon', 'sseriffg.fon', 'sseriffr.fon', 'sserifft.fon', 'StaticCache.dat', 'STCAIYUN.TTF', 'STENCIL.TTF', 'STFANGSO.TTF', 'STHUPO.TTF', 'STKAITI.TTF', 'STLITI.TTF', 'STSONG.TTF', 'STXIHEI.TTF', 'STXINGKA.TTF', 'STXINWEI.TTF', 'STZHONGS.TTF', 'svgafix.fon', 'svgasys.fon', 'sylfaen.ttf', 'symbol.ttf', 'tahoma.ttf', 'tahomabd.ttf', 'taile.ttf', 'taileb.ttf', 'TCBI____.TTF', 'TCB_____.TTF', 'TCCB____.TTF', 'TCCEB.TTF', 'TCCM____.TTF', 'TCMI____.TTF', 'TCM_____.TTF', 'TEMPSITC.TTF', 'times.ttf', 'timesbd.ttf', 'timesbi.ttf', 'timesi.ttf', 'trebuc.ttf', 'trebucbd.ttf', 'trebucbi.ttf', 'trebucit.ttf', 'verdana.ttf', 'verdanab.ttf', 'verdanai.ttf', 'verdanaz.ttf', 'vga737.fon', 'vga775.fon', 'vga850.fon', 'vga852.fon', 'vga855.fon', 'vga857.fon', 'vga860.fon', 'vga861.fon', 'vga863.fon', 'vga865.fon', 'vga866.fon', 'vga869.fon', 'vga932.fon', 'vga936.fon', 'vga949.fon', 'vga950.fon', 'vgaf1255.fon', 'vgaf1256.fon', 'vgaf1257.fon', 'vgaf874.fon', 'vgafix.fon', 'vgafixe.fon', 'vgafixg.fon', 'vgafixr.fon', 'vgafixt.fon', 'vgaoem.fon', 'vgas1255.fon', 'vgas1256.fon', 'vgas1257.fon', 'vgas874.fon', 'vgasys.fon', 'vgasyse.fon', 'vgasysg.fon', 'vgasysr.fon', 'vgasyst.fon', 'VINERITC.TTF', 'VIVALDII.TTF', 'VLADIMIR.TTF', 'webdings.ttf', 'wingding.ttf', 'WINGDNG2.TTF', 'WINGDNG3.TTF', 'YuGothB.ttc', 'YuGothL.ttc', 'YuGothM.ttc', 'YuGothR.ttc', '\u534e\u5eb7\u65b9\u5706\u4f53W7.TTC', '\u65b9\u6b63\u7c97\u9ed1\u5b8b\u7b80\u4f53.ttf']
2023-09-27 16:00:29,914 - INFO - all fonts installed:['8514fix.fon', '8514fixe.fon', '8514fixg.fon', '8514fixr.fon', '8514fixt.fon', '8514oem.fon', '8514oeme.fon', '8514oemg.fon', '8514oemr.fon', '8514oemt.fon', '8514sys.fon', '8514syse.fon', '8514sysg.fon', '8514sysr.fon', '8514syst.fon', '85775.fon', '85855.fon', '85f1255.fon', '85f1256.fon', '85f1257.fon', '85f874.fon', '85s1255.fon', '85s1256.fon', '85s1257.fon', '85s874.fon', 'AGENCYB.TTF', 'AGENCYR.TTF', 'ALGER.TTF', 'ANTQUAB.TTF', 'ANTQUABI.TTF', 'ANTQUAI.TTF', 'app775.fon', 'app850.fon', 'app852.fon', 'app855.fon', 'app857.fon', 'app866.fon', 'app932.fon', 'app936.fon', 'app949.fon', 'app950.fon', 'arial.ttf', 'arialbd.ttf', 'arialbi.ttf', 'ariali.ttf', 'ARIALN.TTF', 'ARIALNB.TTF', 'ARIALNBI.TTF', 'ARIALNI.TTF', 'ariblk.ttf', 'ARLRDBD.TTF', 'AxureHandwriting-Bold.otf', 'AxureHandwriting-BoldItalic.otf', 'AxureHandwriting-Italic.otf', 'AxureHandwriting.otf', 'bahnschrift.ttf', 'BASKVILL.TTF', 'BAUHS93.TTF', 'BELL.TTF', 'BELLB.TTF', 'BELLI.TTF', 'BERNHC.TTF', 'BKANT.TTF', 'BOD_B.TTF', 'BOD_BI.TTF', 'BOD_BLAI.TTF', 'BOD_BLAR.TTF', 'BOD_CB.TTF', 'BOD_CBI.TTF', 'BOD_CI.TTF', 'BOD_CR.TTF', 'BOD_I.TTF', 'BOD_PSTC.TTF', 'BOD_R.TTF', 'BOOKOS.TTF', 'BOOKOSB.TTF', 'BOOKOSBI.TTF', 'BOOKOSI.TTF', 'BRADHITC.TTF', 'BRITANIC.TTF', 'BRLNSB.TTF', 'BRLNSDB.TTF', 'BRLNSR.TTF', 'BROADW.TTF', 'BRUSHSCI.TTF', 'BSSYM7.TTF', 'c8514fix.fon', 'c8514oem.fon', 'c8514sys.fon', 'calibri.ttf', 'calibrib.ttf', 'calibrii.ttf', 'calibril.ttf', 'calibrili.ttf', 'calibriz.ttf', 'CALIFB.TTF', 'CALIFI.TTF', 'CALIFR.TTF', 'CALIST.TTF', 'CALISTB.TTF', 'CALISTBI.TTF', 'CALISTI.TTF', 'cambria.ttc', 'cambriab.ttf', 'cambriai.ttf', 'cambriaz.ttf', 'Candara.ttf', 'Candarab.ttf', 'Candarai.ttf', 'Candaral.ttf', 'Candarali.ttf', 'Candaraz.ttf', 'CascadiaCode.ttf', 'CascadiaMono.ttf', 'CASTELAR.TTF', 'CENSCBK.TTF', 'CENTAUR.TTF', 'CENTURY.TTF', 'cga40737.fon', 'cga40850.fon', 'cga40852.fon', 'cga40857.fon', 'cga40866.fon', 'cga40869.fon', 'cga40woa.fon', 'cga80737.fon', 'cga80850.fon', 'cga80852.fon', 'cga80857.fon', 'cga80866.fon', 'cga80869.fon', 'cga80woa.fon', 'CHILLER.TTF', 'COLONNA.TTF', 'comic.ttf', 'comicbd.ttf', 'comici.ttf', 'comicz.ttf', 'consola.ttf', 'consolab.ttf', 'consolai.ttf', 'consolaz.ttf', 'constan.ttf', 'constanb.ttf', 'constani.ttf', 'constanz.ttf', 'COOPBL.TTF', 'COPRGTB.TTF', 'COPRGTL.TTF', 'corbel.ttf', 'corbelb.ttf', 'corbeli.ttf', 'corbell.ttf', 'corbelli.ttf', 'corbelz.ttf', 'coue1255.fon', 'coue1256.fon', 'coue1257.fon', 'couf1255.fon', 'couf1256.fon', 'couf1257.fon', 'cour.ttf', 'courbd.ttf', 'courbi.ttf', 'coure.fon', 'couree.fon', 'coureg.fon', 'courer.fon', 'couret.fon', 'courf.fon', 'courfe.fon', 'courfg.fon', 'courfr.fon', 'courft.fon', 'couri.ttf', 'CURLZ___.TTF', 'cvgafix.fon', 'cvgasys.fon', 'Deng.ttf', 'Dengb.ttf', 'Dengl.ttf', 'desktop.ini', 'dos737.fon', 'dos869.fon', 'dosapp.fon', 'DUBAI-BOLD.TTF', 'DUBAI-LIGHT.TTF', 'DUBAI-MEDIUM.TTF', 'DUBAI-REGULAR.TTF', 'ebrima.ttf', 'ebrimabd.ttf', 'ega40737.fon', 'ega40850.fon', 'ega40852.fon', 'ega40857.fon', 'ega40866.fon', 'ega40869.fon', 'ega40woa.fon', 'ega80737.fon', 'ega80850.fon', 'ega80852.fon', 'ega80857.fon', 'ega80866.fon', 'ega80869.fon', 'ega80woa.fon', 'ELEPHNT.TTF', 'ELEPHNTI.TTF', 'ENGR.TTF', 'ERASBD.TTF', 'ERASDEMI.TTF', 'ERASLGHT.TTF', 'ERASMD.TTF', 'FELIXTI.TTF', 'fms_metadata.xml', 'FORTE.TTF', 'FRABK.TTF', 'FRABKIT.TTF', 'FRADM.TTF', 'FRADMCN.TTF', 'FRADMIT.TTF', 'FRAHV.TTF', 'FRAHVIT.TTF', 'framd.ttf', 'FRAMDCN.TTF', 'framdit.ttf', 'FREESCPT.TTF', 'FRSCRIPT.TTF', 'FTLTLT.TTF', 'FZSTK.TTF', 'FZYTK.TTF', 'Gabriola.ttf', 'gadugi.ttf', 'gadugib.ttf', 'GARA.TTF', 'GARABD.TTF', 'GARAIT.TTF', 'georgia.ttf', 'georgiab.ttf', 'georgiai.ttf', 'georgiaz.ttf', 'GIGI.TTF', 'GILBI___.TTF', 'GILB____.TTF', 'GILC____.TTF', 'GILI____.TTF', 'GILLUBCD.TTF', 'GILSANUB.TTF', 'GIL_____.TTF', 'GLECB.TTF', 'GlobalMonospace.CompositeFont', 'GlobalSansSerif.CompositeFont', 'GlobalSerif.CompositeFont', 'GlobalUserInterface.CompositeFont', 'GLSNECB.TTF', 'GOTHIC.TTF', 'GOTHICB.TTF', 'GOTHICBI.TTF', 'GOTHICI.TTF', 'GOUDOS.TTF', 'GOUDOSB.TTF', 'GOUDOSI.TTF', 'GOUDYSTO.TTF', 'h8514fix.fon', 'h8514oem.fon', 'h8514sys.fon', 'HARLOWSI.TTF', 'HARNGTON.TTF', 'HATTEN.TTF', 'HGB1X_CNKI.ttf', 'HGB1_CNKI.ttf', 'HGB2X_CNKI.ttf', 'HGB2_CNKI.ttf', 'HGB3X_CNKI.ttf', 'HGB3_CNKI.ttf', 'HGB4X_CNKI.ttf', 'HGB4_CNKI.ttf', 'HGB5X_CNKI.ttf', 'HGB5_CNKI.ttf', 'HGB6X_CNKI.ttf', 'HGB6_CNKI.ttf', 'HGB7X_CNKI.ttf', 'HGB7_CNKI.ttf', 'HGB8X_CNKI.ttf', 'HGB8_CNKI.ttf', 'HGBD_CNKI.ttf', 'HGBKBX_CNKI.ttf', 'HGBKB_CNKI.ttf', 'HGBKHX_CNKI.ttf', 'HGBKH_CNKI.ttf', 'HGBS1_CNKI.TTF', 'HGBS2_CNKI.TTF', 'HGBS_CNKI.TTF', 'HGBTH_CNKI.TTF', 'HGBTS_CNKI.TTF', 'HGBX_CNKI.ttf', 'HGBZ_CNKI.ttf', 'HGCH_CNKI.TTF', 'HGCUH_CNKI.TTF', 'HGCY_CNKI.TTF', 'HGDBS_CNKI.TTF', 'HGDGY_CNKI.TTF', 'HGDH2_CNKI.TTF', 'HGDH_CNKI.TTF', 'HGDYS_CNKI.TTF', 'HGDY_CNKI.ttf', 'HGF1X_CNKI.ttf', 'HGF1_CNKI.ttf', 'HGF2X_CNKI.ttf', 'HGF2_CNKI.ttf', 'HGF3_CNKI.ttf', 'HGF4X_CNKI.ttf', 'HGF4_CNKI.ttf', 'HGF5X_CNKI.ttf', 'HGF5_CNKI.ttf', 'HGF6X_CNKI.ttf', 'HGF6_CNKI.ttf', 'HGF7X_CNKI.ttf', 'HGF7_CNKI.ttf', 'HGF8_CNKI.ttf', 'HGF9X_CNKI.ttf', 'HGF9_CNKI.ttf', 'HGFS1_CNKI.TTF', 'HGFS2_CNKI.TTF', 'HGFSH_CNKI.TTF', 'HGFS_CNKI.TTF', 'HGFX_CNKI.ttf', 'HGFZ_CNKI.ttf', 'HGGG_CNKI.TTF', 'HGH1X_CNKI.ttf', 'HGH1_CNKI.ttf', 'HGH2X_CNKI.ttf', 'HGH2_CNKI.ttf', 'HGH3X_CNKI.ttf', 'HGH3_CNKI.ttf', 'HGH4X_CNKI.ttf', 'HGH4_CNKI.ttf', 'HGH5X_CNKI.ttf', 'HGH5_CNKI.ttf', 'HGH6X_CNKI.ttf', 'HGH6_CNKI.ttf', 'HGH7X_CNKI.ttf', 'HGH7_CNKI.ttf', 'HGHB_CNKI.TTF', 'HGHD_CNKI.ttf', 'HGHP_CNKI.TTF', 'HGHT1_CNKI.ttf', 'HGHT2_CNKI.ttf', 'HGHUATI_CNKI.ttf', 'HGHX_CNKI.ttf', 'HGHZ_CNKI.ttf', 'HGH_CNKI.TTF', 'HGKT1_CNKI.TTF', 'HGKT2_CNKI.TTF', 'HGKT_CNKI.TTF', 'HGKY_CNKI.ttf', 'HGLB_CNKI.TTF', 'HGLS_CNKI.TTF', 'HGMH_CNKI.TTF', 'HGNBS_CNKI.ttf', 'HGOCR_CNKI.ttf', 'HGPH_CNKI.TTF', 'HGPTY_CNKI.TTF', 'HGSS1_CNKI.TTF', 'HGSS2_CNKI.TTF', 'HGSS_CNKI.TTF', 'HGSXT_CNKI.ttf', 'HGTT_CNKI.ttf', 'HGTX_CNKI.TTF', 'HGWT_CNKI.TTF', 'HGWYS_CNKI.TTF', 'HGX1X_CNKI.ttf', 'HGX1_CNKI.ttf', 'HGXBS_CNKI.TTF', 'HGXC_CNKI.TTF', 'HGXF1_CNKI.ttf', 'HGXFX_CNKI.ttf', 'HGXFZ_CNKI.ttf', 'HGXH1_CNKI.TTF', 'HGXH_CNKI.TTF', 'HGXK_CNKI.TTF', 'HGXL_CNKI.TTF', 'HGXS_CNKI.TTF', 'HGXT_CNKI.ttf', 'HGXY_CNKI.ttf', 'HGY1_CNKI.TTF', 'HGY2_CNKI.TTF', 'HGY3_CNKI.TTF', 'HGY4_CNKI.TTF', 'HGYB_CNKI.ttf', 'HGYT1_CNKI.ttf', 'HGYT2_CNKI.ttf', 'HGYT_CNKI.TTF', 'HGYX_CNKI.TTF', 'HGZCS_CNKI.TTF', 'HGZDX_CNKI.TTF', 'HGZK_CNKI.TTF', 'HGZYT_CNKI.TTF', 'HGZY_CNKI.TTF', 'himalaya.ttf', 'holomdl2.ttf', 'HTOWERT.TTF', 'HTOWERTI.TTF', 'hvgafix.fon', 'hvgasys.fon', 'impact.ttf', 'IMPRISHA.TTF', 'INFROMAN.TTF', 'Inkfree.ttf', 'iqiyi_logov7.ttf', 'ITCBLKAD.TTF', 'ITCEDSCR.TTF', 'ITCKRIST.TTF', 'j8514fix.fon', 'j8514oem.fon', 'j8514sys.fon', 'javatext.ttf', 'JOKERMAN.TTF', 'jsmalle.fon', 'jsmallf.fon', 'JUICE___.TTF', 'jvgafix.fon', 'jvgasys.fon', 'KUNSTLER.TTF', 'LATINWD.TTF', 'LBRITE.TTF', 'LBRITED.TTF', 'LBRITEDI.TTF', 'LBRITEI.TTF', 'LCALLIG.TTF', 'LeelaUIb.ttf', 'LeelawUI.ttf', 'LeelUIsl.ttf', 'LFAX.TTF', 'LFAXD.TTF', 'LFAXDI.TTF', 'LFAXI.TTF', 'LHANDW.TTF', 'LSANS.TTF', 'LSANSD.TTF', 'LSANSDI.TTF', 'LSANSI.TTF', 'LTYPE.TTF', 'LTYPEB.TTF', 'LTYPEBO.TTF', 'LTYPEO.TTF', 'lucon.ttf', 'l_10646.ttf', 'MAGNETOB.TTF', 'MAIAN.TTF', 'malgun.ttf', 'malgunbd.ttf', 'malgunsl.ttf', 'marlett.ttf', 'MATURASC.TTF', 'micross.ttf', 'mingliub.ttc', 'MISTRAL.TTF', 'mmrtext.ttf', 'mmrtextb.ttf', 'MOD20.TTF', 'modern.fon', 'monbaiti.ttf', 'msgothic.ttc', 'msjh.ttc', 'msjhbd.ttc', 'msjhl.ttc', 'msyh.ttc', 'msyhbd.ttc', 'msyhl.ttc', 'msyi.ttf', 'MTCORSVA.TTF', 'MTEXTRA.TTF', 'mvboli.ttf', 'NIAGENG.TTF', 'NIAGSOL.TTF', 'Nirmala.ttf', 'NirmalaB.ttf', 'NirmalaS.ttf', 'ntailu.ttf', 'ntailub.ttf', 'NumberOnly.ttf', 'OCRAEXT.TTF', 'OLDENGL.TTF', 'ONYX.TTF', 'OUTLOOK.TTF', 'pala.ttf', 'palab.ttf', 'palabi.ttf', 'palai.ttf', 'PALSCRI.TTF', 'PAPYRUS.TTF', 'PARCHM.TTF', 'PERBI___.TTF', 'PERB____.TTF', 'PERI____.TTF', 'PERTIBD.TTF', 'PERTILI.TTF', 'PER_____.TTF', 'phagspa.ttf', 'phagspab.ttf', 'PLAYBILL.TTF', 'POORICH.TTF', 'PRISTINA.TTF', 'RAGE.TTF', 'RAVIE.TTF', 'REFSAN.TTF', 'REFSPCL.TTF', 'ROCCB___.TTF', 'ROCC____.TTF', 'ROCK.TTF', 'ROCKB.TTF', 'ROCKBI.TTF', 'ROCKEB.TTF', 'ROCKI.TTF', 'roman.fon', 's8514fix.fon', 's8514oem.fon', 's8514sys.fon', 'SCHLBKB.TTF', 'SCHLBKBI.TTF', 'SCHLBKI.TTF', 'script.fon', 'SCRIPTBL.TTF', 'segmdl2.ttf', 'SegoeIcons.ttf', 'segoepr.ttf', 'segoeprb.ttf', 'segoesc.ttf', 'segoescb.ttf', 'segoeui.ttf', 'segoeuib.ttf', 'segoeuii.ttf', 'segoeuil.ttf', 'segoeuisl.ttf', 'segoeuiz.ttf', 'seguibl.ttf', 'seguibli.ttf', 'seguiemj.ttf', 'seguihis.ttf', 'seguili.ttf', 'seguisb.ttf', 'seguisbi.ttf', 'seguisli.ttf', 'seguisym.ttf', 'SegUIVar.ttf', 'sere1255.fon', 'sere1256.fon', 'sere1257.fon', 'serf1255.fon', 'serf1256.fon', 'serf1257.fon', 'serife.fon', 'serifee.fon', 'serifeg.fon', 'serifer.fon', 'serifet.fon', 'seriff.fon', 'seriffe.fon', 'seriffg.fon', 'seriffr.fon', 'serifft.fon', 'SHOWG.TTF', 'simfang.ttf', 'simhei.ttf', 'simkai.ttf', 'SIMLI.TTF', 'simsun.ttc', 'simsunb.ttf', 'SIMYOU.TTF', 'SitkaVF-Italic.ttf', 'SitkaVF.ttf', 'smae1255.fon', 'smae1256.fon', 'smae1257.fon', 'smaf1255.fon', 'smaf1256.fon', 'smaf1257.fon', 'smalle.fon', 'smallee.fon', 'smalleg.fon', 'smaller.fon', 'smallet.fon', 'smallf.fon', 'smallfe.fon', 'smallfg.fon', 'smallfr.fon', 'smallft.fon', 'SNAP____.TTF', 'ssee1255.fon', 'ssee1256.fon', 'ssee1257.fon', 'ssee874.fon', 'ssef1255.fon', 'ssef1256.fon', 'ssef1257.fon', 'ssef874.fon', 'sserife.fon', 'sserifee.fon', 'sserifeg.fon', 'sserifer.fon', 'sserifet.fon', 'sseriff.fon', 'sseriffe.fon', 'sseriffg.fon', 'sseriffr.fon', 'sserifft.fon', 'StaticCache.dat', 'STCAIYUN.TTF', 'STENCIL.TTF', 'STFANGSO.TTF', 'STHUPO.TTF', 'STKAITI.TTF', 'STLITI.TTF', 'STSONG.TTF', 'STXIHEI.TTF', 'STXINGKA.TTF', 'STXINWEI.TTF', 'STZHONGS.TTF', 'svgafix.fon', 'svgasys.fon', 'sylfaen.ttf', 'symbol.ttf', 'tahoma.ttf', 'tahomabd.ttf', 'taile.ttf', 'taileb.ttf', 'TCBI____.TTF', 'TCB_____.TTF', 'TCCB____.TTF', 'TCCEB.TTF', 'TCCM____.TTF', 'TCMI____.TTF', 'TCM_____.TTF', 'TEMPSITC.TTF', 'times.ttf', 'timesbd.ttf', 'timesbi.ttf', 'timesi.ttf', 'trebuc.ttf', 'trebucbd.ttf', 'trebucbi.ttf', 'trebucit.ttf', 'verdana.ttf', 'verdanab.ttf', 'verdanai.ttf', 'verdanaz.ttf', 'vga737.fon', 'vga775.fon', 'vga850.fon', 'vga852.fon', 'vga855.fon', 'vga857.fon', 'vga860.fon', 'vga861.fon', 'vga863.fon', 'vga865.fon', 'vga866.fon', 'vga869.fon', 'vga932.fon', 'vga936.fon', 'vga949.fon', 'vga950.fon', 'vgaf1255.fon', 'vgaf1256.fon', 'vgaf1257.fon', 'vgaf874.fon', 'vgafix.fon', 'vgafixe.fon', 'vgafixg.fon', 'vgafixr.fon', 'vgafixt.fon', 'vgaoem.fon', 'vgas1255.fon', 'vgas1256.fon', 'vgas1257.fon', 'vgas874.fon', 'vgasys.fon', 'vgasyse.fon', 'vgasysg.fon', 'vgasysr.fon', 'vgasyst.fon', 'VINERITC.TTF', 'VIVALDII.TTF', 'VLADIMIR.TTF', 'webdings.ttf', 'wingding.ttf', 'WINGDNG2.TTF', 'WINGDNG3.TTF', 'YuGothB.ttc', 'YuGothL.ttc', 'YuGothM.ttc', 'YuGothR.ttc', '\u534e\u5eb7\u65b9\u5706\u4f53W7.TTC', '\u65b9\u6b63\u7c97\u9ed1\u5b8b\u7b80\u4f53.ttf']
2023-09-27 16:00:30,122 - INFO - all fonts installed:['8514fix.fon', '8514fixe.fon', '8514fixg.fon', '8514fixr.fon', '8514fixt.fon', '8514oem.fon', '8514oeme.fon', '8514oemg.fon', '8514oemr.fon', '8514oemt.fon', '8514sys.fon', '8514syse.fon', '8514sysg.fon', '8514sysr.fon', '8514syst.fon', '85775.fon', '85855.fon', '85f1255.fon', '85f1256.fon', '85f1257.fon', '85f874.fon', '85s1255.fon', '85s1256.fon', '85s1257.fon', '85s874.fon', 'AGENCYB.TTF', 'AGENCYR.TTF', 'ALGER.TTF', 'ANTQUAB.TTF', 'ANTQUABI.TTF', 'ANTQUAI.TTF', 'app775.fon', 'app850.fon', 'app852.fon', 'app855.fon', 'app857.fon', 'app866.fon', 'app932.fon', 'app936.fon', 'app949.fon', 'app950.fon', 'arial.ttf', 'arialbd.ttf', 'arialbi.ttf', 'ariali.ttf', 'ARIALN.TTF', 'ARIALNB.TTF', 'ARIALNBI.TTF', 'ARIALNI.TTF', 'ariblk.ttf', 'ARLRDBD.TTF', 'AxureHandwriting-Bold.otf', 'AxureHandwriting-BoldItalic.otf', 'AxureHandwriting-Italic.otf', 'AxureHandwriting.otf', 'bahnschrift.ttf', 'BASKVILL.TTF', 'BAUHS93.TTF', 'BELL.TTF', 'BELLB.TTF', 'BELLI.TTF', 'BERNHC.TTF', 'BKANT.TTF', 'BOD_B.TTF', 'BOD_BI.TTF', 'BOD_BLAI.TTF', 'BOD_BLAR.TTF', 'BOD_CB.TTF', 'BOD_CBI.TTF', 'BOD_CI.TTF', 'BOD_CR.TTF', 'BOD_I.TTF', 'BOD_PSTC.TTF', 'BOD_R.TTF', 'BOOKOS.TTF', 'BOOKOSB.TTF', 'BOOKOSBI.TTF', 'BOOKOSI.TTF', 'BRADHITC.TTF', 'BRITANIC.TTF', 'BRLNSB.TTF', 'BRLNSDB.TTF', 'BRLNSR.TTF', 'BROADW.TTF', 'BRUSHSCI.TTF', 'BSSYM7.TTF', 'c8514fix.fon', 'c8514oem.fon', 'c8514sys.fon', 'calibri.ttf', 'calibrib.ttf', 'calibrii.ttf', 'calibril.ttf', 'calibrili.ttf', 'calibriz.ttf', 'CALIFB.TTF', 'CALIFI.TTF', 'CALIFR.TTF', 'CALIST.TTF', 'CALISTB.TTF', 'CALISTBI.TTF', 'CALISTI.TTF', 'cambria.ttc', 'cambriab.ttf', 'cambriai.ttf', 'cambriaz.ttf', 'Candara.ttf', 'Candarab.ttf', 'Candarai.ttf', 'Candaral.ttf', 'Candarali.ttf', 'Candaraz.ttf', 'CascadiaCode.ttf', 'CascadiaMono.ttf', 'CASTELAR.TTF', 'CENSCBK.TTF', 'CENTAUR.TTF', 'CENTURY.TTF', 'cga40737.fon', 'cga40850.fon', 'cga40852.fon', 'cga40857.fon', 'cga40866.fon', 'cga40869.fon', 'cga40woa.fon', 'cga80737.fon', 'cga80850.fon', 'cga80852.fon', 'cga80857.fon', 'cga80866.fon', 'cga80869.fon', 'cga80woa.fon', 'CHILLER.TTF', 'COLONNA.TTF', 'comic.ttf', 'comicbd.ttf', 'comici.ttf', 'comicz.ttf', 'consola.ttf', 'consolab.ttf', 'consolai.ttf', 'consolaz.ttf', 'constan.ttf', 'constanb.ttf', 'constani.ttf', 'constanz.ttf', 'COOPBL.TTF', 'COPRGTB.TTF', 'COPRGTL.TTF', 'corbel.ttf', 'corbelb.ttf', 'corbeli.ttf', 'corbell.ttf', 'corbelli.ttf', 'corbelz.ttf', 'coue1255.fon', 'coue1256.fon', 'coue1257.fon', 'couf1255.fon', 'couf1256.fon', 'couf1257.fon', 'cour.ttf', 'courbd.ttf', 'courbi.ttf', 'coure.fon', 'couree.fon', 'coureg.fon', 'courer.fon', 'couret.fon', 'courf.fon', 'courfe.fon', 'courfg.fon', 'courfr.fon', 'courft.fon', 'couri.ttf', 'CURLZ___.TTF', 'cvgafix.fon', 'cvgasys.fon', 'Deng.ttf', 'Dengb.ttf', 'Dengl.ttf', 'desktop.ini', 'dos737.fon', 'dos869.fon', 'dosapp.fon', 'DUBAI-BOLD.TTF', 'DUBAI-LIGHT.TTF', 'DUBAI-MEDIUM.TTF', 'DUBAI-REGULAR.TTF', 'ebrima.ttf', 'ebrimabd.ttf', 'ega40737.fon', 'ega40850.fon', 'ega40852.fon', 'ega40857.fon', 'ega40866.fon', 'ega40869.fon', 'ega40woa.fon', 'ega80737.fon', 'ega80850.fon', 'ega80852.fon', 'ega80857.fon', 'ega80866.fon', 'ega80869.fon', 'ega80woa.fon', 'ELEPHNT.TTF', 'ELEPHNTI.TTF', 'ENGR.TTF', 'ERASBD.TTF', 'ERASDEMI.TTF', 'ERASLGHT.TTF', 'ERASMD.TTF', 'FELIXTI.TTF', 'fms_metadata.xml', 'FORTE.TTF', 'FRABK.TTF', 'FRABKIT.TTF', 'FRADM.TTF', 'FRADMCN.TTF', 'FRADMIT.TTF', 'FRAHV.TTF', 'FRAHVIT.TTF', 'framd.ttf', 'FRAMDCN.TTF', 'framdit.ttf', 'FREESCPT.TTF', 'FRSCRIPT.TTF', 'FTLTLT.TTF', 'FZSTK.TTF', 'FZYTK.TTF', 'Gabriola.ttf', 'gadugi.ttf', 'gadugib.ttf', 'GARA.TTF', 'GARABD.TTF', 'GARAIT.TTF', 'georgia.ttf', 'georgiab.ttf', 'georgiai.ttf', 'georgiaz.ttf', 'GIGI.TTF', 'GILBI___.TTF', 'GILB____.TTF', 'GILC____.TTF', 'GILI____.TTF', 'GILLUBCD.TTF', 'GILSANUB.TTF', 'GIL_____.TTF', 'GLECB.TTF', 'GlobalMonospace.CompositeFont', 'GlobalSansSerif.CompositeFont', 'GlobalSerif.CompositeFont', 'GlobalUserInterface.CompositeFont', 'GLSNECB.TTF', 'GOTHIC.TTF', 'GOTHICB.TTF', 'GOTHICBI.TTF', 'GOTHICI.TTF', 'GOUDOS.TTF', 'GOUDOSB.TTF', 'GOUDOSI.TTF', 'GOUDYSTO.TTF', 'h8514fix.fon', 'h8514oem.fon', 'h8514sys.fon', 'HARLOWSI.TTF', 'HARNGTON.TTF', 'HATTEN.TTF', 'HGB1X_CNKI.ttf', 'HGB1_CNKI.ttf', 'HGB2X_CNKI.ttf', 'HGB2_CNKI.ttf', 'HGB3X_CNKI.ttf', 'HGB3_CNKI.ttf', 'HGB4X_CNKI.ttf', 'HGB4_CNKI.ttf', 'HGB5X_CNKI.ttf', 'HGB5_CNKI.ttf', 'HGB6X_CNKI.ttf', 'HGB6_CNKI.ttf', 'HGB7X_CNKI.ttf', 'HGB7_CNKI.ttf', 'HGB8X_CNKI.ttf', 'HGB8_CNKI.ttf', 'HGBD_CNKI.ttf', 'HGBKBX_CNKI.ttf', 'HGBKB_CNKI.ttf', 'HGBKHX_CNKI.ttf', 'HGBKH_CNKI.ttf', 'HGBS1_CNKI.TTF', 'HGBS2_CNKI.TTF', 'HGBS_CNKI.TTF', 'HGBTH_CNKI.TTF', 'HGBTS_CNKI.TTF', 'HGBX_CNKI.ttf', 'HGBZ_CNKI.ttf', 'HGCH_CNKI.TTF', 'HGCUH_CNKI.TTF', 'HGCY_CNKI.TTF', 'HGDBS_CNKI.TTF', 'HGDGY_CNKI.TTF', 'HGDH2_CNKI.TTF', 'HGDH_CNKI.TTF', 'HGDYS_CNKI.TTF', 'HGDY_CNKI.ttf', 'HGF1X_CNKI.ttf', 'HGF1_CNKI.ttf', 'HGF2X_CNKI.ttf', 'HGF2_CNKI.ttf', 'HGF3_CNKI.ttf', 'HGF4X_CNKI.ttf', 'HGF4_CNKI.ttf', 'HGF5X_CNKI.ttf', 'HGF5_CNKI.ttf', 'HGF6X_CNKI.ttf', 'HGF6_CNKI.ttf', 'HGF7X_CNKI.ttf', 'HGF7_CNKI.ttf', 'HGF8_CNKI.ttf', 'HGF9X_CNKI.ttf', 'HGF9_CNKI.ttf', 'HGFS1_CNKI.TTF', 'HGFS2_CNKI.TTF', 'HGFSH_CNKI.TTF', 'HGFS_CNKI.TTF', 'HGFX_CNKI.ttf', 'HGFZ_CNKI.ttf', 'HGGG_CNKI.TTF', 'HGH1X_CNKI.ttf', 'HGH1_CNKI.ttf', 'HGH2X_CNKI.ttf', 'HGH2_CNKI.ttf', 'HGH3X_CNKI.ttf', 'HGH3_CNKI.ttf', 'HGH4X_CNKI.ttf', 'HGH4_CNKI.ttf', 'HGH5X_CNKI.ttf', 'HGH5_CNKI.ttf', 'HGH6X_CNKI.ttf', 'HGH6_CNKI.ttf', 'HGH7X_CNKI.ttf', 'HGH7_CNKI.ttf', 'HGHB_CNKI.TTF', 'HGHD_CNKI.ttf', 'HGHP_CNKI.TTF', 'HGHT1_CNKI.ttf', 'HGHT2_CNKI.ttf', 'HGHUATI_CNKI.ttf', 'HGHX_CNKI.ttf', 'HGHZ_CNKI.ttf', 'HGH_CNKI.TTF', 'HGKT1_CNKI.TTF', 'HGKT2_CNKI.TTF', 'HGKT_CNKI.TTF', 'HGKY_CNKI.ttf', 'HGLB_CNKI.TTF', 'HGLS_CNKI.TTF', 'HGMH_CNKI.TTF', 'HGNBS_CNKI.ttf', 'HGOCR_CNKI.ttf', 'HGPH_CNKI.TTF', 'HGPTY_CNKI.TTF', 'HGSS1_CNKI.TTF', 'HGSS2_CNKI.TTF', 'HGSS_CNKI.TTF', 'HGSXT_CNKI.ttf', 'HGTT_CNKI.ttf', 'HGTX_CNKI.TTF', 'HGWT_CNKI.TTF', 'HGWYS_CNKI.TTF', 'HGX1X_CNKI.ttf', 'HGX1_CNKI.ttf', 'HGXBS_CNKI.TTF', 'HGXC_CNKI.TTF', 'HGXF1_CNKI.ttf', 'HGXFX_CNKI.ttf', 'HGXFZ_CNKI.ttf', 'HGXH1_CNKI.TTF', 'HGXH_CNKI.TTF', 'HGXK_CNKI.TTF', 'HGXL_CNKI.TTF', 'HGXS_CNKI.TTF', 'HGXT_CNKI.ttf', 'HGXY_CNKI.ttf', 'HGY1_CNKI.TTF', 'HGY2_CNKI.TTF', 'HGY3_CNKI.TTF', 'HGY4_CNKI.TTF', 'HGYB_CNKI.ttf', 'HGYT1_CNKI.ttf', 'HGYT2_CNKI.ttf', 'HGYT_CNKI.TTF', 'HGYX_CNKI.TTF', 'HGZCS_CNKI.TTF', 'HGZDX_CNKI.TTF', 'HGZK_CNKI.TTF', 'HGZYT_CNKI.TTF', 'HGZY_CNKI.TTF', 'himalaya.ttf', 'holomdl2.ttf', 'HTOWERT.TTF', 'HTOWERTI.TTF', 'hvgafix.fon', 'hvgasys.fon', 'impact.ttf', 'IMPRISHA.TTF', 'INFROMAN.TTF', 'Inkfree.ttf', 'iqiyi_logov7.ttf', 'ITCBLKAD.TTF', 'ITCEDSCR.TTF', 'ITCKRIST.TTF', 'j8514fix.fon', 'j8514oem.fon', 'j8514sys.fon', 'javatext.ttf', 'JOKERMAN.TTF', 'jsmalle.fon', 'jsmallf.fon', 'JUICE___.TTF', 'jvgafix.fon', 'jvgasys.fon', 'KUNSTLER.TTF', 'LATINWD.TTF', 'LBRITE.TTF', 'LBRITED.TTF', 'LBRITEDI.TTF', 'LBRITEI.TTF', 'LCALLIG.TTF', 'LeelaUIb.ttf', 'LeelawUI.ttf', 'LeelUIsl.ttf', 'LFAX.TTF', 'LFAXD.TTF', 'LFAXDI.TTF', 'LFAXI.TTF', 'LHANDW.TTF', 'LSANS.TTF', 'LSANSD.TTF', 'LSANSDI.TTF', 'LSANSI.TTF', 'LTYPE.TTF', 'LTYPEB.TTF', 'LTYPEBO.TTF', 'LTYPEO.TTF', 'lucon.ttf', 'l_10646.ttf', 'MAGNETOB.TTF', 'MAIAN.TTF', 'malgun.ttf', 'malgunbd.ttf', 'malgunsl.ttf', 'marlett.ttf', 'MATURASC.TTF', 'micross.ttf', 'mingliub.ttc', 'MISTRAL.TTF', 'mmrtext.ttf', 'mmrtextb.ttf', 'MOD20.TTF', 'modern.fon', 'monbaiti.ttf', 'msgothic.ttc', 'msjh.ttc', 'msjhbd.ttc', 'msjhl.ttc', 'msyh.ttc', 'msyhbd.ttc', 'msyhl.ttc', 'msyi.ttf', 'MTCORSVA.TTF', 'MTEXTRA.TTF', 'mvboli.ttf', 'NIAGENG.TTF', 'NIAGSOL.TTF', 'Nirmala.ttf', 'NirmalaB.ttf', 'NirmalaS.ttf', 'ntailu.ttf', 'ntailub.ttf', 'NumberOnly.ttf', 'OCRAEXT.TTF', 'OLDENGL.TTF', 'ONYX.TTF', 'OUTLOOK.TTF', 'pala.ttf', 'palab.ttf', 'palabi.ttf', 'palai.ttf', 'PALSCRI.TTF', 'PAPYRUS.TTF', 'PARCHM.TTF', 'PERBI___.TTF', 'PERB____.TTF', 'PERI____.TTF', 'PERTIBD.TTF', 'PERTILI.TTF', 'PER_____.TTF', 'phagspa.ttf', 'phagspab.ttf', 'PLAYBILL.TTF', 'POORICH.TTF', 'PRISTINA.TTF', 'RAGE.TTF', 'RAVIE.TTF', 'REFSAN.TTF', 'REFSPCL.TTF', 'ROCCB___.TTF', 'ROCC____.TTF', 'ROCK.TTF', 'ROCKB.TTF', 'ROCKBI.TTF', 'ROCKEB.TTF', 'ROCKI.TTF', 'roman.fon', 's8514fix.fon', 's8514oem.fon', 's8514sys.fon', 'SCHLBKB.TTF', 'SCHLBKBI.TTF', 'SCHLBKI.TTF', 'script.fon', 'SCRIPTBL.TTF', 'segmdl2.ttf', 'SegoeIcons.ttf', 'segoepr.ttf', 'segoeprb.ttf', 'segoesc.ttf', 'segoescb.ttf', 'segoeui.ttf', 'segoeuib.ttf', 'segoeuii.ttf', 'segoeuil.ttf', 'segoeuisl.ttf', 'segoeuiz.ttf', 'seguibl.ttf', 'seguibli.ttf', 'seguiemj.ttf', 'seguihis.ttf', 'seguili.ttf', 'seguisb.ttf', 'seguisbi.ttf', 'seguisli.ttf', 'seguisym.ttf', 'SegUIVar.ttf', 'sere1255.fon', 'sere1256.fon', 'sere1257.fon', 'serf1255.fon', 'serf1256.fon', 'serf1257.fon', 'serife.fon', 'serifee.fon', 'serifeg.fon', 'serifer.fon', 'serifet.fon', 'seriff.fon', 'seriffe.fon', 'seriffg.fon', 'seriffr.fon', 'serifft.fon', 'SHOWG.TTF', 'simfang.ttf', 'simhei.ttf', 'simkai.ttf', 'SIMLI.TTF', 'simsun.ttc', 'simsunb.ttf', 'SIMYOU.TTF', 'SitkaVF-Italic.ttf', 'SitkaVF.ttf', 'smae1255.fon', 'smae1256.fon', 'smae1257.fon', 'smaf1255.fon', 'smaf1256.fon', 'smaf1257.fon', 'smalle.fon', 'smallee.fon', 'smalleg.fon', 'smaller.fon', 'smallet.fon', 'smallf.fon', 'smallfe.fon', 'smallfg.fon', 'smallfr.fon', 'smallft.fon', 'SNAP____.TTF', 'ssee1255.fon', 'ssee1256.fon', 'ssee1257.fon', 'ssee874.fon', 'ssef1255.fon', 'ssef1256.fon', 'ssef1257.fon', 'ssef874.fon', 'sserife.fon', 'sserifee.fon', 'sserifeg.fon', 'sserifer.fon', 'sserifet.fon', 'sseriff.fon', 'sseriffe.fon', 'sseriffg.fon', 'sseriffr.fon', 'sserifft.fon', 'StaticCache.dat', 'STCAIYUN.TTF', 'STENCIL.TTF', 'STFANGSO.TTF', 'STHUPO.TTF', 'STKAITI.TTF', 'STLITI.TTF', 'STSONG.TTF', 'STXIHEI.TTF', 'STXINGKA.TTF', 'STXINWEI.TTF', 'STZHONGS.TTF', 'svgafix.fon', 'svgasys.fon', 'sylfaen.ttf', 'symbol.ttf', 'tahoma.ttf', 'tahomabd.ttf', 'taile.ttf', 'taileb.ttf', 'TCBI____.TTF', 'TCB_____.TTF', 'TCCB____.TTF', 'TCCEB.TTF', 'TCCM____.TTF', 'TCMI____.TTF', 'TCM_____.TTF', 'TEMPSITC.TTF', 'times.ttf', 'timesbd.ttf', 'timesbi.ttf', 'timesi.ttf', 'trebuc.ttf', 'trebucbd.ttf', 'trebucbi.ttf', 'trebucit.ttf', 'verdana.ttf', 'verdanab.ttf', 'verdanai.ttf', 'verdanaz.ttf', 'vga737.fon', 'vga775.fon', 'vga850.fon', 'vga852.fon', 'vga855.fon', 'vga857.fon', 'vga860.fon', 'vga861.fon', 'vga863.fon', 'vga865.fon', 'vga866.fon', 'vga869.fon', 'vga932.fon', 'vga936.fon', 'vga949.fon', 'vga950.fon', 'vgaf1255.fon', 'vgaf1256.fon', 'vgaf1257.fon', 'vgaf874.fon', 'vgafix.fon', 'vgafixe.fon', 'vgafixg.fon', 'vgafixr.fon', 'vgafixt.fon', 'vgaoem.fon', 'vgas1255.fon', 'vgas1256.fon', 'vgas1257.fon', 'vgas874.fon', 'vgasys.fon', 'vgasyse.fon', 'vgasysg.fon', 'vgasysr.fon', 'vgasyst.fon', 'VINERITC.TTF', 'VIVALDII.TTF', 'VLADIMIR.TTF', 'webdings.ttf', 'wingding.ttf', 'WINGDNG2.TTF', 'WINGDNG3.TTF', 'YuGothB.ttc', 'YuGothL.ttc', 'YuGothM.ttc', 'YuGothR.ttc', '\u534e\u5eb7\u65b9\u5706\u4f53W7.TTC', '\u65b9\u6b63\u7c97\u9ed1\u5b8b\u7b80\u4f53.ttf']
2023-09-27 16:00:30,129 - INFO - all fonts installed:['8514fix.fon', '8514fixe.fon', '8514fixg.fon', '8514fixr.fon', '8514fixt.fon', '8514oem.fon', '8514oeme.fon', '8514oemg.fon', '8514oemr.fon', '8514oemt.fon', '8514sys.fon', '8514syse.fon', '8514sysg.fon', '8514sysr.fon', '8514syst.fon', '85775.fon', '85855.fon', '85f1255.fon', '85f1256.fon', '85f1257.fon', '85f874.fon', '85s1255.fon', '85s1256.fon', '85s1257.fon', '85s874.fon', 'AGENCYB.TTF', 'AGENCYR.TTF', 'ALGER.TTF', 'ANTQUAB.TTF', 'ANTQUABI.TTF', 'ANTQUAI.TTF', 'app775.fon', 'app850.fon', 'app852.fon', 'app855.fon', 'app857.fon', 'app866.fon', 'app932.fon', 'app936.fon', 'app949.fon', 'app950.fon', 'arial.ttf', 'arialbd.ttf', 'arialbi.ttf', 'ariali.ttf', 'ARIALN.TTF', 'ARIALNB.TTF', 'ARIALNBI.TTF', 'ARIALNI.TTF', 'ariblk.ttf', 'ARLRDBD.TTF', 'AxureHandwriting-Bold.otf', 'AxureHandwriting-BoldItalic.otf', 'AxureHandwriting-Italic.otf', 'AxureHandwriting.otf', 'bahnschrift.ttf', 'BASKVILL.TTF', 'BAUHS93.TTF', 'BELL.TTF', 'BELLB.TTF', 'BELLI.TTF', 'BERNHC.TTF', 'BKANT.TTF', 'BOD_B.TTF', 'BOD_BI.TTF', 'BOD_BLAI.TTF', 'BOD_BLAR.TTF', 'BOD_CB.TTF', 'BOD_CBI.TTF', 'BOD_CI.TTF', 'BOD_CR.TTF', 'BOD_I.TTF', 'BOD_PSTC.TTF', 'BOD_R.TTF', 'BOOKOS.TTF', 'BOOKOSB.TTF', 'BOOKOSBI.TTF', 'BOOKOSI.TTF', 'BRADHITC.TTF', 'BRITANIC.TTF', 'BRLNSB.TTF', 'BRLNSDB.TTF', 'BRLNSR.TTF', 'BROADW.TTF', 'BRUSHSCI.TTF', 'BSSYM7.TTF', 'c8514fix.fon', 'c8514oem.fon', 'c8514sys.fon', 'calibri.ttf', 'calibrib.ttf', 'calibrii.ttf', 'calibril.ttf', 'calibrili.ttf', 'calibriz.ttf', 'CALIFB.TTF', 'CALIFI.TTF', 'CALIFR.TTF', 'CALIST.TTF', 'CALISTB.TTF', 'CALISTBI.TTF', 'CALISTI.TTF', 'cambria.ttc', 'cambriab.ttf', 'cambriai.ttf', 'cambriaz.ttf', 'Candara.ttf', 'Candarab.ttf', 'Candarai.ttf', 'Candaral.ttf', 'Candarali.ttf', 'Candaraz.ttf', 'CascadiaCode.ttf', 'CascadiaMono.ttf', 'CASTELAR.TTF', 'CENSCBK.TTF', 'CENTAUR.TTF', 'CENTURY.TTF', 'cga40737.fon', 'cga40850.fon', 'cga40852.fon', 'cga40857.fon', 'cga40866.fon', 'cga40869.fon', 'cga40woa.fon', 'cga80737.fon', 'cga80850.fon', 'cga80852.fon', 'cga80857.fon', 'cga80866.fon', 'cga80869.fon', 'cga80woa.fon', 'CHILLER.TTF', 'COLONNA.TTF', 'comic.ttf', 'comicbd.ttf', 'comici.ttf', 'comicz.ttf', 'consola.ttf', 'consolab.ttf', 'consolai.ttf', 'consolaz.ttf', 'constan.ttf', 'constanb.ttf', 'constani.ttf', 'constanz.ttf', 'COOPBL.TTF', 'COPRGTB.TTF', 'COPRGTL.TTF', 'corbel.ttf', 'corbelb.ttf', 'corbeli.ttf', 'corbell.ttf', 'corbelli.ttf', 'corbelz.ttf', 'coue1255.fon', 'coue1256.fon', 'coue1257.fon', 'couf1255.fon', 'couf1256.fon', 'couf1257.fon', 'cour.ttf', 'courbd.ttf', 'courbi.ttf', 'coure.fon', 'couree.fon', 'coureg.fon', 'courer.fon', 'couret.fon', 'courf.fon', 'courfe.fon', 'courfg.fon', 'courfr.fon', 'courft.fon', 'couri.ttf', 'CURLZ___.TTF', 'cvgafix.fon', 'cvgasys.fon', 'Deng.ttf', 'Dengb.ttf', 'Dengl.ttf', 'desktop.ini', 'dos737.fon', 'dos869.fon', 'dosapp.fon', 'DUBAI-BOLD.TTF', 'DUBAI-LIGHT.TTF', 'DUBAI-MEDIUM.TTF', 'DUBAI-REGULAR.TTF', 'ebrima.ttf', 'ebrimabd.ttf', 'ega40737.fon', 'ega40850.fon', 'ega40852.fon', 'ega40857.fon', 'ega40866.fon', 'ega40869.fon', 'ega40woa.fon', 'ega80737.fon', 'ega80850.fon', 'ega80852.fon', 'ega80857.fon', 'ega80866.fon', 'ega80869.fon', 'ega80woa.fon', 'ELEPHNT.TTF', 'ELEPHNTI.TTF', 'ENGR.TTF', 'ERASBD.TTF', 'ERASDEMI.TTF', 'ERASLGHT.TTF', 'ERASMD.TTF', 'FELIXTI.TTF', 'fms_metadata.xml', 'FORTE.TTF', 'FRABK.TTF', 'FRABKIT.TTF', 'FRADM.TTF', 'FRADMCN.TTF', 'FRADMIT.TTF', 'FRAHV.TTF', 'FRAHVIT.TTF', 'framd.ttf', 'FRAMDCN.TTF', 'framdit.ttf', 'FREESCPT.TTF', 'FRSCRIPT.TTF', 'FTLTLT.TTF', 'FZSTK.TTF', 'FZYTK.TTF', 'Gabriola.ttf', 'gadugi.ttf', 'gadugib.ttf', 'GARA.TTF', 'GARABD.TTF', 'GARAIT.TTF', 'georgia.ttf', 'georgiab.ttf', 'georgiai.ttf', 'georgiaz.ttf', 'GIGI.TTF', 'GILBI___.TTF', 'GILB____.TTF', 'GILC____.TTF', 'GILI____.TTF', 'GILLUBCD.TTF', 'GILSANUB.TTF', 'GIL_____.TTF', 'GLECB.TTF', 'GlobalMonospace.CompositeFont', 'GlobalSansSerif.CompositeFont', 'GlobalSerif.CompositeFont', 'GlobalUserInterface.CompositeFont', 'GLSNECB.TTF', 'GOTHIC.TTF', 'GOTHICB.TTF', 'GOTHICBI.TTF', 'GOTHICI.TTF', 'GOUDOS.TTF', 'GOUDOSB.TTF', 'GOUDOSI.TTF', 'GOUDYSTO.TTF', 'h8514fix.fon', 'h8514oem.fon', 'h8514sys.fon', 'HARLOWSI.TTF', 'HARNGTON.TTF', 'HATTEN.TTF', 'HGB1X_CNKI.ttf', 'HGB1_CNKI.ttf', 'HGB2X_CNKI.ttf', 'HGB2_CNKI.ttf', 'HGB3X_CNKI.ttf', 'HGB3_CNKI.ttf', 'HGB4X_CNKI.ttf', 'HGB4_CNKI.ttf', 'HGB5X_CNKI.ttf', 'HGB5_CNKI.ttf', 'HGB6X_CNKI.ttf', 'HGB6_CNKI.ttf', 'HGB7X_CNKI.ttf', 'HGB7_CNKI.ttf', 'HGB8X_CNKI.ttf', 'HGB8_CNKI.ttf', 'HGBD_CNKI.ttf', 'HGBKBX_CNKI.ttf', 'HGBKB_CNKI.ttf', 'HGBKHX_CNKI.ttf', 'HGBKH_CNKI.ttf', 'HGBS1_CNKI.TTF', 'HGBS2_CNKI.TTF', 'HGBS_CNKI.TTF', 'HGBTH_CNKI.TTF', 'HGBTS_CNKI.TTF', 'HGBX_CNKI.ttf', 'HGBZ_CNKI.ttf', 'HGCH_CNKI.TTF', 'HGCUH_CNKI.TTF', 'HGCY_CNKI.TTF', 'HGDBS_CNKI.TTF', 'HGDGY_CNKI.TTF', 'HGDH2_CNKI.TTF', 'HGDH_CNKI.TTF', 'HGDYS_CNKI.TTF', 'HGDY_CNKI.ttf', 'HGF1X_CNKI.ttf', 'HGF1_CNKI.ttf', 'HGF2X_CNKI.ttf', 'HGF2_CNKI.ttf', 'HGF3_CNKI.ttf', 'HGF4X_CNKI.ttf', 'HGF4_CNKI.ttf', 'HGF5X_CNKI.ttf', 'HGF5_CNKI.ttf', 'HGF6X_CNKI.ttf', 'HGF6_CNKI.ttf', 'HGF7X_CNKI.ttf', 'HGF7_CNKI.ttf', 'HGF8_CNKI.ttf', 'HGF9X_CNKI.ttf', 'HGF9_CNKI.ttf', 'HGFS1_CNKI.TTF', 'HGFS2_CNKI.TTF', 'HGFSH_CNKI.TTF', 'HGFS_CNKI.TTF', 'HGFX_CNKI.ttf', 'HGFZ_CNKI.ttf', 'HGGG_CNKI.TTF', 'HGH1X_CNKI.ttf', 'HGH1_CNKI.ttf', 'HGH2X_CNKI.ttf', 'HGH2_CNKI.ttf', 'HGH3X_CNKI.ttf', 'HGH3_CNKI.ttf', 'HGH4X_CNKI.ttf', 'HGH4_CNKI.ttf', 'HGH5X_CNKI.ttf', 'HGH5_CNKI.ttf', 'HGH6X_CNKI.ttf', 'HGH6_CNKI.ttf', 'HGH7X_CNKI.ttf', 'HGH7_CNKI.ttf', 'HGHB_CNKI.TTF', 'HGHD_CNKI.ttf', 'HGHP_CNKI.TTF', 'HGHT1_CNKI.ttf', 'HGHT2_CNKI.ttf', 'HGHUATI_CNKI.ttf', 'HGHX_CNKI.ttf', 'HGHZ_CNKI.ttf', 'HGH_CNKI.TTF', 'HGKT1_CNKI.TTF', 'HGKT2_CNKI.TTF', 'HGKT_CNKI.TTF', 'HGKY_CNKI.ttf', 'HGLB_CNKI.TTF', 'HGLS_CNKI.TTF', 'HGMH_CNKI.TTF', 'HGNBS_CNKI.ttf', 'HGOCR_CNKI.ttf', 'HGPH_CNKI.TTF', 'HGPTY_CNKI.TTF', 'HGSS1_CNKI.TTF', 'HGSS2_CNKI.TTF', 'HGSS_CNKI.TTF', 'HGSXT_CNKI.ttf', 'HGTT_CNKI.ttf', 'HGTX_CNKI.TTF', 'HGWT_CNKI.TTF', 'HGWYS_CNKI.TTF', 'HGX1X_CNKI.ttf', 'HGX1_CNKI.ttf', 'HGXBS_CNKI.TTF', 'HGXC_CNKI.TTF', 'HGXF1_CNKI.ttf', 'HGXFX_CNKI.ttf', 'HGXFZ_CNKI.ttf', 'HGXH1_CNKI.TTF', 'HGXH_CNKI.TTF', 'HGXK_CNKI.TTF', 'HGXL_CNKI.TTF', 'HGXS_CNKI.TTF', 'HGXT_CNKI.ttf', 'HGXY_CNKI.ttf', 'HGY1_CNKI.TTF', 'HGY2_CNKI.TTF', 'HGY3_CNKI.TTF', 'HGY4_CNKI.TTF', 'HGYB_CNKI.ttf', 'HGYT1_CNKI.ttf', 'HGYT2_CNKI.ttf', 'HGYT_CNKI.TTF', 'HGYX_CNKI.TTF', 'HGZCS_CNKI.TTF', 'HGZDX_CNKI.TTF', 'HGZK_CNKI.TTF', 'HGZYT_CNKI.TTF', 'HGZY_CNKI.TTF', 'himalaya.ttf', 'holomdl2.ttf', 'HTOWERT.TTF', 'HTOWERTI.TTF', 'hvgafix.fon', 'hvgasys.fon', 'impact.ttf', 'IMPRISHA.TTF', 'INFROMAN.TTF', 'Inkfree.ttf', 'iqiyi_logov7.ttf', 'ITCBLKAD.TTF', 'ITCEDSCR.TTF', 'ITCKRIST.TTF', 'j8514fix.fon', 'j8514oem.fon', 'j8514sys.fon', 'javatext.ttf', 'JOKERMAN.TTF', 'jsmalle.fon', 'jsmallf.fon', 'JUICE___.TTF', 'jvgafix.fon', 'jvgasys.fon', 'KUNSTLER.TTF', 'LATINWD.TTF', 'LBRITE.TTF', 'LBRITED.TTF', 'LBRITEDI.TTF', 'LBRITEI.TTF', 'LCALLIG.TTF', 'LeelaUIb.ttf', 'LeelawUI.ttf', 'LeelUIsl.ttf', 'LFAX.TTF', 'LFAXD.TTF', 'LFAXDI.TTF', 'LFAXI.TTF', 'LHANDW.TTF', 'LSANS.TTF', 'LSANSD.TTF', 'LSANSDI.TTF', 'LSANSI.TTF', 'LTYPE.TTF', 'LTYPEB.TTF', 'LTYPEBO.TTF', 'LTYPEO.TTF', 'lucon.ttf', 'l_10646.ttf', 'MAGNETOB.TTF', 'MAIAN.TTF', 'malgun.ttf', 'malgunbd.ttf', 'malgunsl.ttf', 'marlett.ttf', 'MATURASC.TTF', 'micross.ttf', 'mingliub.ttc', 'MISTRAL.TTF', 'mmrtext.ttf', 'mmrtextb.ttf', 'MOD20.TTF', 'modern.fon', 'monbaiti.ttf', 'msgothic.ttc', 'msjh.ttc', 'msjhbd.ttc', 'msjhl.ttc', 'msyh.ttc', 'msyhbd.ttc', 'msyhl.ttc', 'msyi.ttf', 'MTCORSVA.TTF', 'MTEXTRA.TTF', 'mvboli.ttf', 'NIAGENG.TTF', 'NIAGSOL.TTF', 'Nirmala.ttf', 'NirmalaB.ttf', 'NirmalaS.ttf', 'ntailu.ttf', 'ntailub.ttf', 'NumberOnly.ttf', 'OCRAEXT.TTF', 'OLDENGL.TTF', 'ONYX.TTF', 'OUTLOOK.TTF', 'pala.ttf', 'palab.ttf', 'palabi.ttf', 'palai.ttf', 'PALSCRI.TTF', 'PAPYRUS.TTF', 'PARCHM.TTF', 'PERBI___.TTF', 'PERB____.TTF', 'PERI____.TTF', 'PERTIBD.TTF', 'PERTILI.TTF', 'PER_____.TTF', 'phagspa.ttf', 'phagspab.ttf', 'PLAYBILL.TTF', 'POORICH.TTF', 'PRISTINA.TTF', 'RAGE.TTF', 'RAVIE.TTF', 'REFSAN.TTF', 'REFSPCL.TTF', 'ROCCB___.TTF', 'ROCC____.TTF', 'ROCK.TTF', 'ROCKB.TTF', 'ROCKBI.TTF', 'ROCKEB.TTF', 'ROCKI.TTF', 'roman.fon', 's8514fix.fon', 's8514oem.fon', 's8514sys.fon', 'SCHLBKB.TTF', 'SCHLBKBI.TTF', 'SCHLBKI.TTF', 'script.fon', 'SCRIPTBL.TTF', 'segmdl2.ttf', 'SegoeIcons.ttf', 'segoepr.ttf', 'segoeprb.ttf', 'segoesc.ttf', 'segoescb.ttf', 'segoeui.ttf', 'segoeuib.ttf', 'segoeuii.ttf', 'segoeuil.ttf', 'segoeuisl.ttf', 'segoeuiz.ttf', 'seguibl.ttf', 'seguibli.ttf', 'seguiemj.ttf', 'seguihis.ttf', 'seguili.ttf', 'seguisb.ttf', 'seguisbi.ttf', 'seguisli.ttf', 'seguisym.ttf', 'SegUIVar.ttf', 'sere1255.fon', 'sere1256.fon', 'sere1257.fon', 'serf1255.fon', 'serf1256.fon', 'serf1257.fon', 'serife.fon', 'serifee.fon', 'serifeg.fon', 'serifer.fon', 'serifet.fon', 'seriff.fon', 'seriffe.fon', 'seriffg.fon', 'seriffr.fon', 'serifft.fon', 'SHOWG.TTF', 'simfang.ttf', 'simhei.ttf', 'simkai.ttf', 'SIMLI.TTF', 'simsun.ttc', 'simsunb.ttf', 'SIMYOU.TTF', 'SitkaVF-Italic.ttf', 'SitkaVF.ttf', 'smae1255.fon', 'smae1256.fon', 'smae1257.fon', 'smaf1255.fon', 'smaf1256.fon', 'smaf1257.fon', 'smalle.fon', 'smallee.fon', 'smalleg.fon', 'smaller.fon', 'smallet.fon', 'smallf.fon', 'smallfe.fon', 'smallfg.fon', 'smallfr.fon', 'smallft.fon', 'SNAP____.TTF', 'ssee1255.fon', 'ssee1256.fon', 'ssee1257.fon', 'ssee874.fon', 'ssef1255.fon', 'ssef1256.fon', 'ssef1257.fon', 'ssef874.fon', 'sserife.fon', 'sserifee.fon', 'sserifeg.fon', 'sserifer.fon', 'sserifet.fon', 'sseriff.fon', 'sseriffe.fon', 'sseriffg.fon', 'sseriffr.fon', 'sserifft.fon', 'StaticCache.dat', 'STCAIYUN.TTF', 'STENCIL.TTF', 'STFANGSO.TTF', 'STHUPO.TTF', 'STKAITI.TTF', 'STLITI.TTF', 'STSONG.TTF', 'STXIHEI.TTF', 'STXINGKA.TTF', 'STXINWEI.TTF', 'STZHONGS.TTF', 'svgafix.fon', 'svgasys.fon', 'sylfaen.ttf', 'symbol.ttf', 'tahoma.ttf', 'tahomabd.ttf', 'taile.ttf', 'taileb.ttf', 'TCBI____.TTF', 'TCB_____.TTF', 'TCCB____.TTF', 'TCCEB.TTF', 'TCCM____.TTF', 'TCMI____.TTF', 'TCM_____.TTF', 'TEMPSITC.TTF', 'times.ttf', 'timesbd.ttf', 'timesbi.ttf', 'timesi.ttf', 'trebuc.ttf', 'trebucbd.ttf', 'trebucbi.ttf', 'trebucit.ttf', 'verdana.ttf', 'verdanab.ttf', 'verdanai.ttf', 'verdanaz.ttf', 'vga737.fon', 'vga775.fon', 'vga850.fon', 'vga852.fon', 'vga855.fon', 'vga857.fon', 'vga860.fon', 'vga861.fon', 'vga863.fon', 'vga865.fon', 'vga866.fon', 'vga869.fon', 'vga932.fon', 'vga936.fon', 'vga949.fon', 'vga950.fon', 'vgaf1255.fon', 'vgaf1256.fon', 'vgaf1257.fon', 'vgaf874.fon', 'vgafix.fon', 'vgafixe.fon', 'vgafixg.fon', 'vgafixr.fon', 'vgafixt.fon', 'vgaoem.fon', 'vgas1255.fon', 'vgas1256.fon', 'vgas1257.fon', 'vgas874.fon', 'vgasys.fon', 'vgasyse.fon', 'vgasysg.fon', 'vgasysr.fon', 'vgasyst.fon', 'VINERITC.TTF', 'VIVALDII.TTF', 'VLADIMIR.TTF', 'webdings.ttf', 'wingding.ttf', 'WINGDNG2.TTF', 'WINGDNG3.TTF', 'YuGothB.ttc', 'YuGothL.ttc', 'YuGothM.ttc', 'YuGothR.ttc', '\u534e\u5eb7\u65b9\u5706\u4f53W7.TTC', '\u65b9\u6b63\u7c97\u9ed1\u5b8b\u7b80\u4f53.ttf']
2023-09-27 16:00:30,132 - INFO - all fonts installed:['8514fix.fon', '8514fixe.fon', '8514fixg.fon', '8514fixr.fon', '8514fixt.fon', '8514oem.fon', '8514oeme.fon', '8514oemg.fon', '8514oemr.fon', '8514oemt.fon', '8514sys.fon', '8514syse.fon', '8514sysg.fon', '8514sysr.fon', '8514syst.fon', '85775.fon', '85855.fon', '85f1255.fon', '85f1256.fon', '85f1257.fon', '85f874.fon', '85s1255.fon', '85s1256.fon', '85s1257.fon', '85s874.fon', 'AGENCYB.TTF', 'AGENCYR.TTF', 'ALGER.TTF', 'ANTQUAB.TTF', 'ANTQUABI.TTF', 'ANTQUAI.TTF', 'app775.fon', 'app850.fon', 'app852.fon', 'app855.fon', 'app857.fon', 'app866.fon', 'app932.fon', 'app936.fon', 'app949.fon', 'app950.fon', 'arial.ttf', 'arialbd.ttf', 'arialbi.ttf', 'ariali.ttf', 'ARIALN.TTF', 'ARIALNB.TTF', 'ARIALNBI.TTF', 'ARIALNI.TTF', 'ariblk.ttf', 'ARLRDBD.TTF', 'AxureHandwriting-Bold.otf', 'AxureHandwriting-BoldItalic.otf', 'AxureHandwriting-Italic.otf', 'AxureHandwriting.otf', 'bahnschrift.ttf', 'BASKVILL.TTF', 'BAUHS93.TTF', 'BELL.TTF', 'BELLB.TTF', 'BELLI.TTF', 'BERNHC.TTF', 'BKANT.TTF', 'BOD_B.TTF', 'BOD_BI.TTF', 'BOD_BLAI.TTF', 'BOD_BLAR.TTF', 'BOD_CB.TTF', 'BOD_CBI.TTF', 'BOD_CI.TTF', 'BOD_CR.TTF', 'BOD_I.TTF', 'BOD_PSTC.TTF', 'BOD_R.TTF', 'BOOKOS.TTF', 'BOOKOSB.TTF', 'BOOKOSBI.TTF', 'BOOKOSI.TTF', 'BRADHITC.TTF', 'BRITANIC.TTF', 'BRLNSB.TTF', 'BRLNSDB.TTF', 'BRLNSR.TTF', 'BROADW.TTF', 'BRUSHSCI.TTF', 'BSSYM7.TTF', 'c8514fix.fon', 'c8514oem.fon', 'c8514sys.fon', 'calibri.ttf', 'calibrib.ttf', 'calibrii.ttf', 'calibril.ttf', 'calibrili.ttf', 'calibriz.ttf', 'CALIFB.TTF', 'CALIFI.TTF', 'CALIFR.TTF', 'CALIST.TTF', 'CALISTB.TTF', 'CALISTBI.TTF', 'CALISTI.TTF', 'cambria.ttc', 'cambriab.ttf', 'cambriai.ttf', 'cambriaz.ttf', 'Candara.ttf', 'Candarab.ttf', 'Candarai.ttf', 'Candaral.ttf', 'Candarali.ttf', 'Candaraz.ttf', 'CascadiaCode.ttf', 'CascadiaMono.ttf', 'CASTELAR.TTF', 'CENSCBK.TTF', 'CENTAUR.TTF', 'CENTURY.TTF', 'cga40737.fon', 'cga40850.fon', 'cga40852.fon', 'cga40857.fon', 'cga40866.fon', 'cga40869.fon', 'cga40woa.fon', 'cga80737.fon', 'cga80850.fon', 'cga80852.fon', 'cga80857.fon', 'cga80866.fon', 'cga80869.fon', 'cga80woa.fon', 'CHILLER.TTF', 'COLONNA.TTF', 'comic.ttf', 'comicbd.ttf', 'comici.ttf', 'comicz.ttf', 'consola.ttf', 'consolab.ttf', 'consolai.ttf', 'consolaz.ttf', 'constan.ttf', 'constanb.ttf', 'constani.ttf', 'constanz.ttf', 'COOPBL.TTF', 'COPRGTB.TTF', 'COPRGTL.TTF', 'corbel.ttf', 'corbelb.ttf', 'corbeli.ttf', 'corbell.ttf', 'corbelli.ttf', 'corbelz.ttf', 'coue1255.fon', 'coue1256.fon', 'coue1257.fon', 'couf1255.fon', 'couf1256.fon', 'couf1257.fon', 'cour.ttf', 'courbd.ttf', 'courbi.ttf', 'coure.fon', 'couree.fon', 'coureg.fon', 'courer.fon', 'couret.fon', 'courf.fon', 'courfe.fon', 'courfg.fon', 'courfr.fon', 'courft.fon', 'couri.ttf', 'CURLZ___.TTF', 'cvgafix.fon', 'cvgasys.fon', 'Deng.ttf', 'Dengb.ttf', 'Dengl.ttf', 'desktop.ini', 'dos737.fon', 'dos869.fon', 'dosapp.fon', 'DUBAI-BOLD.TTF', 'DUBAI-LIGHT.TTF', 'DUBAI-MEDIUM.TTF', 'DUBAI-REGULAR.TTF', 'ebrima.ttf', 'ebrimabd.ttf', 'ega40737.fon', 'ega40850.fon', 'ega40852.fon', 'ega40857.fon', 'ega40866.fon', 'ega40869.fon', 'ega40woa.fon', 'ega80737.fon', 'ega80850.fon', 'ega80852.fon', 'ega80857.fon', 'ega80866.fon', 'ega80869.fon', 'ega80woa.fon', 'ELEPHNT.TTF', 'ELEPHNTI.TTF', 'ENGR.TTF', 'ERASBD.TTF', 'ERASDEMI.TTF', 'ERASLGHT.TTF', 'ERASMD.TTF', 'FELIXTI.TTF', 'fms_metadata.xml', 'FORTE.TTF', 'FRABK.TTF', 'FRABKIT.TTF', 'FRADM.TTF', 'FRADMCN.TTF', 'FRADMIT.TTF', 'FRAHV.TTF', 'FRAHVIT.TTF', 'framd.ttf', 'FRAMDCN.TTF', 'framdit.ttf', 'FREESCPT.TTF', 'FRSCRIPT.TTF', 'FTLTLT.TTF', 'FZSTK.TTF', 'FZYTK.TTF', 'Gabriola.ttf', 'gadugi.ttf', 'gadugib.ttf', 'GARA.TTF', 'GARABD.TTF', 'GARAIT.TTF', 'georgia.ttf', 'georgiab.ttf', 'georgiai.ttf', 'georgiaz.ttf', 'GIGI.TTF', 'GILBI___.TTF', 'GILB____.TTF', 'GILC____.TTF', 'GILI____.TTF', 'GILLUBCD.TTF', 'GILSANUB.TTF', 'GIL_____.TTF', 'GLECB.TTF', 'GlobalMonospace.CompositeFont', 'GlobalSansSerif.CompositeFont', 'GlobalSerif.CompositeFont', 'GlobalUserInterface.CompositeFont', 'GLSNECB.TTF', 'GOTHIC.TTF', 'GOTHICB.TTF', 'GOTHICBI.TTF', 'GOTHICI.TTF', 'GOUDOS.TTF', 'GOUDOSB.TTF', 'GOUDOSI.TTF', 'GOUDYSTO.TTF', 'h8514fix.fon', 'h8514oem.fon', 'h8514sys.fon', 'HARLOWSI.TTF', 'HARNGTON.TTF', 'HATTEN.TTF', 'HGB1X_CNKI.ttf', 'HGB1_CNKI.ttf', 'HGB2X_CNKI.ttf', 'HGB2_CNKI.ttf', 'HGB3X_CNKI.ttf', 'HGB3_CNKI.ttf', 'HGB4X_CNKI.ttf', 'HGB4_CNKI.ttf', 'HGB5X_CNKI.ttf', 'HGB5_CNKI.ttf', 'HGB6X_CNKI.ttf', 'HGB6_CNKI.ttf', 'HGB7X_CNKI.ttf', 'HGB7_CNKI.ttf', 'HGB8X_CNKI.ttf', 'HGB8_CNKI.ttf', 'HGBD_CNKI.ttf', 'HGBKBX_CNKI.ttf', 'HGBKB_CNKI.ttf', 'HGBKHX_CNKI.ttf', 'HGBKH_CNKI.ttf', 'HGBS1_CNKI.TTF', 'HGBS2_CNKI.TTF', 'HGBS_CNKI.TTF', 'HGBTH_CNKI.TTF', 'HGBTS_CNKI.TTF', 'HGBX_CNKI.ttf', 'HGBZ_CNKI.ttf', 'HGCH_CNKI.TTF', 'HGCUH_CNKI.TTF', 'HGCY_CNKI.TTF', 'HGDBS_CNKI.TTF', 'HGDGY_CNKI.TTF', 'HGDH2_CNKI.TTF', 'HGDH_CNKI.TTF', 'HGDYS_CNKI.TTF', 'HGDY_CNKI.ttf', 'HGF1X_CNKI.ttf', 'HGF1_CNKI.ttf', 'HGF2X_CNKI.ttf', 'HGF2_CNKI.ttf', 'HGF3_CNKI.ttf', 'HGF4X_CNKI.ttf', 'HGF4_CNKI.ttf', 'HGF5X_CNKI.ttf', 'HGF5_CNKI.ttf', 'HGF6X_CNKI.ttf', 'HGF6_CNKI.ttf', 'HGF7X_CNKI.ttf', 'HGF7_CNKI.ttf', 'HGF8_CNKI.ttf', 'HGF9X_CNKI.ttf', 'HGF9_CNKI.ttf', 'HGFS1_CNKI.TTF', 'HGFS2_CNKI.TTF', 'HGFSH_CNKI.TTF', 'HGFS_CNKI.TTF', 'HGFX_CNKI.ttf', 'HGFZ_CNKI.ttf', 'HGGG_CNKI.TTF', 'HGH1X_CNKI.ttf', 'HGH1_CNKI.ttf', 'HGH2X_CNKI.ttf', 'HGH2_CNKI.ttf', 'HGH3X_CNKI.ttf', 'HGH3_CNKI.ttf', 'HGH4X_CNKI.ttf', 'HGH4_CNKI.ttf', 'HGH5X_CNKI.ttf', 'HGH5_CNKI.ttf', 'HGH6X_CNKI.ttf', 'HGH6_CNKI.ttf', 'HGH7X_CNKI.ttf', 'HGH7_CNKI.ttf', 'HGHB_CNKI.TTF', 'HGHD_CNKI.ttf', 'HGHP_CNKI.TTF', 'HGHT1_CNKI.ttf', 'HGHT2_CNKI.ttf', 'HGHUATI_CNKI.ttf', 'HGHX_CNKI.ttf', 'HGHZ_CNKI.ttf', 'HGH_CNKI.TTF', 'HGKT1_CNKI.TTF', 'HGKT2_CNKI.TTF', 'HGKT_CNKI.TTF', 'HGKY_CNKI.ttf', 'HGLB_CNKI.TTF', 'HGLS_CNKI.TTF', 'HGMH_CNKI.TTF', 'HGNBS_CNKI.ttf', 'HGOCR_CNKI.ttf', 'HGPH_CNKI.TTF', 'HGPTY_CNKI.TTF', 'HGSS1_CNKI.TTF', 'HGSS2_CNKI.TTF', 'HGSS_CNKI.TTF', 'HGSXT_CNKI.ttf', 'HGTT_CNKI.ttf', 'HGTX_CNKI.TTF', 'HGWT_CNKI.TTF', 'HGWYS_CNKI.TTF', 'HGX1X_CNKI.ttf', 'HGX1_CNKI.ttf', 'HGXBS_CNKI.TTF', 'HGXC_CNKI.TTF', 'HGXF1_CNKI.ttf', 'HGXFX_CNKI.ttf', 'HGXFZ_CNKI.ttf', 'HGXH1_CNKI.TTF', 'HGXH_CNKI.TTF', 'HGXK_CNKI.TTF', 'HGXL_CNKI.TTF', 'HGXS_CNKI.TTF', 'HGXT_CNKI.ttf', 'HGXY_CNKI.ttf', 'HGY1_CNKI.TTF', 'HGY2_CNKI.TTF', 'HGY3_CNKI.TTF', 'HGY4_CNKI.TTF', 'HGYB_CNKI.ttf', 'HGYT1_CNKI.ttf', 'HGYT2_CNKI.ttf', 'HGYT_CNKI.TTF', 'HGYX_CNKI.TTF', 'HGZCS_CNKI.TTF', 'HGZDX_CNKI.TTF', 'HGZK_CNKI.TTF', 'HGZYT_CNKI.TTF', 'HGZY_CNKI.TTF', 'himalaya.ttf', 'holomdl2.ttf', 'HTOWERT.TTF', 'HTOWERTI.TTF', 'hvgafix.fon', 'hvgasys.fon', 'impact.ttf', 'IMPRISHA.TTF', 'INFROMAN.TTF', 'Inkfree.ttf', 'iqiyi_logov7.ttf', 'ITCBLKAD.TTF', 'ITCEDSCR.TTF', 'ITCKRIST.TTF', 'j8514fix.fon', 'j8514oem.fon', 'j8514sys.fon', 'javatext.ttf', 'JOKERMAN.TTF', 'jsmalle.fon', 'jsmallf.fon', 'JUICE___.TTF', 'jvgafix.fon', 'jvgasys.fon', 'KUNSTLER.TTF', 'LATINWD.TTF', 'LBRITE.TTF', 'LBRITED.TTF', 'LBRITEDI.TTF', 'LBRITEI.TTF', 'LCALLIG.TTF', 'LeelaUIb.ttf', 'LeelawUI.ttf', 'LeelUIsl.ttf', 'LFAX.TTF', 'LFAXD.TTF', 'LFAXDI.TTF', 'LFAXI.TTF', 'LHANDW.TTF', 'LSANS.TTF', 'LSANSD.TTF', 'LSANSDI.TTF', 'LSANSI.TTF', 'LTYPE.TTF', 'LTYPEB.TTF', 'LTYPEBO.TTF', 'LTYPEO.TTF', 'lucon.ttf', 'l_10646.ttf', 'MAGNETOB.TTF', 'MAIAN.TTF', 'malgun.ttf', 'malgunbd.ttf', 'malgunsl.ttf', 'marlett.ttf', 'MATURASC.TTF', 'micross.ttf', 'mingliub.ttc', 'MISTRAL.TTF', 'mmrtext.ttf', 'mmrtextb.ttf', 'MOD20.TTF', 'modern.fon', 'monbaiti.ttf', 'msgothic.ttc', 'msjh.ttc', 'msjhbd.ttc', 'msjhl.ttc', 'msyh.ttc', 'msyhbd.ttc', 'msyhl.ttc', 'msyi.ttf', 'MTCORSVA.TTF', 'MTEXTRA.TTF', 'mvboli.ttf', 'NIAGENG.TTF', 'NIAGSOL.TTF', 'Nirmala.ttf', 'NirmalaB.ttf', 'NirmalaS.ttf', 'ntailu.ttf', 'ntailub.ttf', 'NumberOnly.ttf', 'OCRAEXT.TTF', 'OLDENGL.TTF', 'ONYX.TTF', 'OUTLOOK.TTF', 'pala.ttf', 'palab.ttf', 'palabi.ttf', 'palai.ttf', 'PALSCRI.TTF', 'PAPYRUS.TTF', 'PARCHM.TTF', 'PERBI___.TTF', 'PERB____.TTF', 'PERI____.TTF', 'PERTIBD.TTF', 'PERTILI.TTF', 'PER_____.TTF', 'phagspa.ttf', 'phagspab.ttf', 'PLAYBILL.TTF', 'POORICH.TTF', 'PRISTINA.TTF', 'RAGE.TTF', 'RAVIE.TTF', 'REFSAN.TTF', 'REFSPCL.TTF', 'ROCCB___.TTF', 'ROCC____.TTF', 'ROCK.TTF', 'ROCKB.TTF', 'ROCKBI.TTF', 'ROCKEB.TTF', 'ROCKI.TTF', 'roman.fon', 's8514fix.fon', 's8514oem.fon', 's8514sys.fon', 'SCHLBKB.TTF', 'SCHLBKBI.TTF', 'SCHLBKI.TTF', 'script.fon', 'SCRIPTBL.TTF', 'segmdl2.ttf', 'SegoeIcons.ttf', 'segoepr.ttf', 'segoeprb.ttf', 'segoesc.ttf', 'segoescb.ttf', 'segoeui.ttf', 'segoeuib.ttf', 'segoeuii.ttf', 'segoeuil.ttf', 'segoeuisl.ttf', 'segoeuiz.ttf', 'seguibl.ttf', 'seguibli.ttf', 'seguiemj.ttf', 'seguihis.ttf', 'seguili.ttf', 'seguisb.ttf', 'seguisbi.ttf', 'seguisli.ttf', 'seguisym.ttf', 'SegUIVar.ttf', 'sere1255.fon', 'sere1256.fon', 'sere1257.fon', 'serf1255.fon', 'serf1256.fon', 'serf1257.fon', 'serife.fon', 'serifee.fon', 'serifeg.fon', 'serifer.fon', 'serifet.fon', 'seriff.fon', 'seriffe.fon', 'seriffg.fon', 'seriffr.fon', 'serifft.fon', 'SHOWG.TTF', 'simfang.ttf', 'simhei.ttf', 'simkai.ttf', 'SIMLI.TTF', 'simsun.ttc', 'simsunb.ttf', 'SIMYOU.TTF', 'SitkaVF-Italic.ttf', 'SitkaVF.ttf', 'smae1255.fon', 'smae1256.fon', 'smae1257.fon', 'smaf1255.fon', 'smaf1256.fon', 'smaf1257.fon', 'smalle.fon', 'smallee.fon', 'smalleg.fon', 'smaller.fon', 'smallet.fon', 'smallf.fon', 'smallfe.fon', 'smallfg.fon', 'smallfr.fon', 'smallft.fon', 'SNAP____.TTF', 'ssee1255.fon', 'ssee1256.fon', 'ssee1257.fon', 'ssee874.fon', 'ssef1255.fon', 'ssef1256.fon', 'ssef1257.fon', 'ssef874.fon', 'sserife.fon', 'sserifee.fon', 'sserifeg.fon', 'sserifer.fon', 'sserifet.fon', 'sseriff.fon', 'sseriffe.fon', 'sseriffg.fon', 'sseriffr.fon', 'sserifft.fon', 'StaticCache.dat', 'STCAIYUN.TTF', 'STENCIL.TTF', 'STFANGSO.TTF', 'STHUPO.TTF', 'STKAITI.TTF', 'STLITI.TTF', 'STSONG.TTF', 'STXIHEI.TTF', 'STXINGKA.TTF', 'STXINWEI.TTF', 'STZHONGS.TTF', 'svgafix.fon', 'svgasys.fon', 'sylfaen.ttf', 'symbol.ttf', 'tahoma.ttf', 'tahomabd.ttf', 'taile.ttf', 'taileb.ttf', 'TCBI____.TTF', 'TCB_____.TTF', 'TCCB____.TTF', 'TCCEB.TTF', 'TCCM____.TTF', 'TCMI____.TTF', 'TCM_____.TTF', 'TEMPSITC.TTF', 'times.ttf', 'timesbd.ttf', 'timesbi.ttf', 'timesi.ttf', 'trebuc.ttf', 'trebucbd.ttf', 'trebucbi.ttf', 'trebucit.ttf', 'verdana.ttf', 'verdanab.ttf', 'verdanai.ttf', 'verdanaz.ttf', 'vga737.fon', 'vga775.fon', 'vga850.fon', 'vga852.fon', 'vga855.fon', 'vga857.fon', 'vga860.fon', 'vga861.fon', 'vga863.fon', 'vga865.fon', 'vga866.fon', 'vga869.fon', 'vga932.fon', 'vga936.fon', 'vga949.fon', 'vga950.fon', 'vgaf1255.fon', 'vgaf1256.fon', 'vgaf1257.fon', 'vgaf874.fon', 'vgafix.fon', 'vgafixe.fon', 'vgafixg.fon', 'vgafixr.fon', 'vgafixt.fon', 'vgaoem.fon', 'vgas1255.fon', 'vgas1256.fon', 'vgas1257.fon', 'vgas874.fon', 'vgasys.fon', 'vgasyse.fon', 'vgasysg.fon', 'vgasysr.fon', 'vgasyst.fon', 'VINERITC.TTF', 'VIVALDII.TTF', 'VLADIMIR.TTF', 'webdings.ttf', 'wingding.ttf', 'WINGDNG2.TTF', 'WINGDNG3.TTF', 'YuGothB.ttc', 'YuGothL.ttc', 'YuGothM.ttc', 'YuGothR.ttc', '\u534e\u5eb7\u65b9\u5706\u4f53W7.TTC', '\u65b9\u6b63\u7c97\u9ed1\u5b8b\u7b80\u4f53.ttf']
2023-09-27 16:00:30,341 - INFO - all fonts installed:['8514fix.fon', '8514fixe.fon', '8514fixg.fon', '8514fixr.fon', '8514fixt.fon', '8514oem.fon', '8514oeme.fon', '8514oemg.fon', '8514oemr.fon', '8514oemt.fon', '8514sys.fon', '8514syse.fon', '8514sysg.fon', '8514sysr.fon', '8514syst.fon', '85775.fon', '85855.fon', '85f1255.fon', '85f1256.fon', '85f1257.fon', '85f874.fon', '85s1255.fon', '85s1256.fon', '85s1257.fon', '85s874.fon', 'AGENCYB.TTF', 'AGENCYR.TTF', 'ALGER.TTF', 'ANTQUAB.TTF', 'ANTQUABI.TTF', 'ANTQUAI.TTF', 'app775.fon', 'app850.fon', 'app852.fon', 'app855.fon', 'app857.fon', 'app866.fon', 'app932.fon', 'app936.fon', 'app949.fon', 'app950.fon', 'arial.ttf', 'arialbd.ttf', 'arialbi.ttf', 'ariali.ttf', 'ARIALN.TTF', 'ARIALNB.TTF', 'ARIALNBI.TTF', 'ARIALNI.TTF', 'ariblk.ttf', 'ARLRDBD.TTF', 'AxureHandwriting-Bold.otf', 'AxureHandwriting-BoldItalic.otf', 'AxureHandwriting-Italic.otf', 'AxureHandwriting.otf', 'bahnschrift.ttf', 'BASKVILL.TTF', 'BAUHS93.TTF', 'BELL.TTF', 'BELLB.TTF', 'BELLI.TTF', 'BERNHC.TTF', 'BKANT.TTF', 'BOD_B.TTF', 'BOD_BI.TTF', 'BOD_BLAI.TTF', 'BOD_BLAR.TTF', 'BOD_CB.TTF', 'BOD_CBI.TTF', 'BOD_CI.TTF', 'BOD_CR.TTF', 'BOD_I.TTF', 'BOD_PSTC.TTF', 'BOD_R.TTF', 'BOOKOS.TTF', 'BOOKOSB.TTF', 'BOOKOSBI.TTF', 'BOOKOSI.TTF', 'BRADHITC.TTF', 'BRITANIC.TTF', 'BRLNSB.TTF', 'BRLNSDB.TTF', 'BRLNSR.TTF', 'BROADW.TTF', 'BRUSHSCI.TTF', 'BSSYM7.TTF', 'c8514fix.fon', 'c8514oem.fon', 'c8514sys.fon', 'calibri.ttf', 'calibrib.ttf', 'calibrii.ttf', 'calibril.ttf', 'calibrili.ttf', 'calibriz.ttf', 'CALIFB.TTF', 'CALIFI.TTF', 'CALIFR.TTF', 'CALIST.TTF', 'CALISTB.TTF', 'CALISTBI.TTF', 'CALISTI.TTF', 'cambria.ttc', 'cambriab.ttf', 'cambriai.ttf', 'cambriaz.ttf', 'Candara.ttf', 'Candarab.ttf', 'Candarai.ttf', 'Candaral.ttf', 'Candarali.ttf', 'Candaraz.ttf', 'CascadiaCode.ttf', 'CascadiaMono.ttf', 'CASTELAR.TTF', 'CENSCBK.TTF', 'CENTAUR.TTF', 'CENTURY.TTF', 'cga40737.fon', 'cga40850.fon', 'cga40852.fon', 'cga40857.fon', 'cga40866.fon', 'cga40869.fon', 'cga40woa.fon', 'cga80737.fon', 'cga80850.fon', 'cga80852.fon', 'cga80857.fon', 'cga80866.fon', 'cga80869.fon', 'cga80woa.fon', 'CHILLER.TTF', 'COLONNA.TTF', 'comic.ttf', 'comicbd.ttf', 'comici.ttf', 'comicz.ttf', 'consola.ttf', 'consolab.ttf', 'consolai.ttf', 'consolaz.ttf', 'constan.ttf', 'constanb.ttf', 'constani.ttf', 'constanz.ttf', 'COOPBL.TTF', 'COPRGTB.TTF', 'COPRGTL.TTF', 'corbel.ttf', 'corbelb.ttf', 'corbeli.ttf', 'corbell.ttf', 'corbelli.ttf', 'corbelz.ttf', 'coue1255.fon', 'coue1256.fon', 'coue1257.fon', 'couf1255.fon', 'couf1256.fon', 'couf1257.fon', 'cour.ttf', 'courbd.ttf', 'courbi.ttf', 'coure.fon', 'couree.fon', 'coureg.fon', 'courer.fon', 'couret.fon', 'courf.fon', 'courfe.fon', 'courfg.fon', 'courfr.fon', 'courft.fon', 'couri.ttf', 'CURLZ___.TTF', 'cvgafix.fon', 'cvgasys.fon', 'Deng.ttf', 'Dengb.ttf', 'Dengl.ttf', 'desktop.ini', 'dos737.fon', 'dos869.fon', 'dosapp.fon', 'DUBAI-BOLD.TTF', 'DUBAI-LIGHT.TTF', 'DUBAI-MEDIUM.TTF', 'DUBAI-REGULAR.TTF', 'ebrima.ttf', 'ebrimabd.ttf', 'ega40737.fon', 'ega40850.fon', 'ega40852.fon', 'ega40857.fon', 'ega40866.fon', 'ega40869.fon', 'ega40woa.fon', 'ega80737.fon', 'ega80850.fon', 'ega80852.fon', 'ega80857.fon', 'ega80866.fon', 'ega80869.fon', 'ega80woa.fon', 'ELEPHNT.TTF', 'ELEPHNTI.TTF', 'ENGR.TTF', 'ERASBD.TTF', 'ERASDEMI.TTF', 'ERASLGHT.TTF', 'ERASMD.TTF', 'FELIXTI.TTF', 'fms_metadata.xml', 'FORTE.TTF', 'FRABK.TTF', 'FRABKIT.TTF', 'FRADM.TTF', 'FRADMCN.TTF', 'FRADMIT.TTF', 'FRAHV.TTF', 'FRAHVIT.TTF', 'framd.ttf', 'FRAMDCN.TTF', 'framdit.ttf', 'FREESCPT.TTF', 'FRSCRIPT.TTF', 'FTLTLT.TTF', 'FZSTK.TTF', 'FZYTK.TTF', 'Gabriola.ttf', 'gadugi.ttf', 'gadugib.ttf', 'GARA.TTF', 'GARABD.TTF', 'GARAIT.TTF', 'georgia.ttf', 'georgiab.ttf', 'georgiai.ttf', 'georgiaz.ttf', 'GIGI.TTF', 'GILBI___.TTF', 'GILB____.TTF', 'GILC____.TTF', 'GILI____.TTF', 'GILLUBCD.TTF', 'GILSANUB.TTF', 'GIL_____.TTF', 'GLECB.TTF', 'GlobalMonospace.CompositeFont', 'GlobalSansSerif.CompositeFont', 'GlobalSerif.CompositeFont', 'GlobalUserInterface.CompositeFont', 'GLSNECB.TTF', 'GOTHIC.TTF', 'GOTHICB.TTF', 'GOTHICBI.TTF', 'GOTHICI.TTF', 'GOUDOS.TTF', 'GOUDOSB.TTF', 'GOUDOSI.TTF', 'GOUDYSTO.TTF', 'h8514fix.fon', 'h8514oem.fon', 'h8514sys.fon', 'HARLOWSI.TTF', 'HARNGTON.TTF', 'HATTEN.TTF', 'HGB1X_CNKI.ttf', 'HGB1_CNKI.ttf', 'HGB2X_CNKI.ttf', 'HGB2_CNKI.ttf', 'HGB3X_CNKI.ttf', 'HGB3_CNKI.ttf', 'HGB4X_CNKI.ttf', 'HGB4_CNKI.ttf', 'HGB5X_CNKI.ttf', 'HGB5_CNKI.ttf', 'HGB6X_CNKI.ttf', 'HGB6_CNKI.ttf', 'HGB7X_CNKI.ttf', 'HGB7_CNKI.ttf', 'HGB8X_CNKI.ttf', 'HGB8_CNKI.ttf', 'HGBD_CNKI.ttf', 'HGBKBX_CNKI.ttf', 'HGBKB_CNKI.ttf', 'HGBKHX_CNKI.ttf', 'HGBKH_CNKI.ttf', 'HGBS1_CNKI.TTF', 'HGBS2_CNKI.TTF', 'HGBS_CNKI.TTF', 'HGBTH_CNKI.TTF', 'HGBTS_CNKI.TTF', 'HGBX_CNKI.ttf', 'HGBZ_CNKI.ttf', 'HGCH_CNKI.TTF', 'HGCUH_CNKI.TTF', 'HGCY_CNKI.TTF', 'HGDBS_CNKI.TTF', 'HGDGY_CNKI.TTF', 'HGDH2_CNKI.TTF', 'HGDH_CNKI.TTF', 'HGDYS_CNKI.TTF', 'HGDY_CNKI.ttf', 'HGF1X_CNKI.ttf', 'HGF1_CNKI.ttf', 'HGF2X_CNKI.ttf', 'HGF2_CNKI.ttf', 'HGF3_CNKI.ttf', 'HGF4X_CNKI.ttf', 'HGF4_CNKI.ttf', 'HGF5X_CNKI.ttf', 'HGF5_CNKI.ttf', 'HGF6X_CNKI.ttf', 'HGF6_CNKI.ttf', 'HGF7X_CNKI.ttf', 'HGF7_CNKI.ttf', 'HGF8_CNKI.ttf', 'HGF9X_CNKI.ttf', 'HGF9_CNKI.ttf', 'HGFS1_CNKI.TTF', 'HGFS2_CNKI.TTF', 'HGFSH_CNKI.TTF', 'HGFS_CNKI.TTF', 'HGFX_CNKI.ttf', 'HGFZ_CNKI.ttf', 'HGGG_CNKI.TTF', 'HGH1X_CNKI.ttf', 'HGH1_CNKI.ttf', 'HGH2X_CNKI.ttf', 'HGH2_CNKI.ttf', 'HGH3X_CNKI.ttf', 'HGH3_CNKI.ttf', 'HGH4X_CNKI.ttf', 'HGH4_CNKI.ttf', 'HGH5X_CNKI.ttf', 'HGH5_CNKI.ttf', 'HGH6X_CNKI.ttf', 'HGH6_CNKI.ttf', 'HGH7X_CNKI.ttf', 'HGH7_CNKI.ttf', 'HGHB_CNKI.TTF', 'HGHD_CNKI.ttf', 'HGHP_CNKI.TTF', 'HGHT1_CNKI.ttf', 'HGHT2_CNKI.ttf', 'HGHUATI_CNKI.ttf', 'HGHX_CNKI.ttf', 'HGHZ_CNKI.ttf', 'HGH_CNKI.TTF', 'HGKT1_CNKI.TTF', 'HGKT2_CNKI.TTF', 'HGKT_CNKI.TTF', 'HGKY_CNKI.ttf', 'HGLB_CNKI.TTF', 'HGLS_CNKI.TTF', 'HGMH_CNKI.TTF', 'HGNBS_CNKI.ttf', 'HGOCR_CNKI.ttf', 'HGPH_CNKI.TTF', 'HGPTY_CNKI.TTF', 'HGSS1_CNKI.TTF', 'HGSS2_CNKI.TTF', 'HGSS_CNKI.TTF', 'HGSXT_CNKI.ttf', 'HGTT_CNKI.ttf', 'HGTX_CNKI.TTF', 'HGWT_CNKI.TTF', 'HGWYS_CNKI.TTF', 'HGX1X_CNKI.ttf', 'HGX1_CNKI.ttf', 'HGXBS_CNKI.TTF', 'HGXC_CNKI.TTF', 'HGXF1_CNKI.ttf', 'HGXFX_CNKI.ttf', 'HGXFZ_CNKI.ttf', 'HGXH1_CNKI.TTF', 'HGXH_CNKI.TTF', 'HGXK_CNKI.TTF', 'HGXL_CNKI.TTF', 'HGXS_CNKI.TTF', 'HGXT_CNKI.ttf', 'HGXY_CNKI.ttf', 'HGY1_CNKI.TTF', 'HGY2_CNKI.TTF', 'HGY3_CNKI.TTF', 'HGY4_CNKI.TTF', 'HGYB_CNKI.ttf', 'HGYT1_CNKI.ttf', 'HGYT2_CNKI.ttf', 'HGYT_CNKI.TTF', 'HGYX_CNKI.TTF', 'HGZCS_CNKI.TTF', 'HGZDX_CNKI.TTF', 'HGZK_CNKI.TTF', 'HGZYT_CNKI.TTF', 'HGZY_CNKI.TTF', 'himalaya.ttf', 'holomdl2.ttf', 'HTOWERT.TTF', 'HTOWERTI.TTF', 'hvgafix.fon', 'hvgasys.fon', 'impact.ttf', 'IMPRISHA.TTF', 'INFROMAN.TTF', 'Inkfree.ttf', 'iqiyi_logov7.ttf', 'ITCBLKAD.TTF', 'ITCEDSCR.TTF', 'ITCKRIST.TTF', 'j8514fix.fon', 'j8514oem.fon', 'j8514sys.fon', 'javatext.ttf', 'JOKERMAN.TTF', 'jsmalle.fon', 'jsmallf.fon', 'JUICE___.TTF', 'jvgafix.fon', 'jvgasys.fon', 'KUNSTLER.TTF', 'LATINWD.TTF', 'LBRITE.TTF', 'LBRITED.TTF', 'LBRITEDI.TTF', 'LBRITEI.TTF', 'LCALLIG.TTF', 'LeelaUIb.ttf', 'LeelawUI.ttf', 'LeelUIsl.ttf', 'LFAX.TTF', 'LFAXD.TTF', 'LFAXDI.TTF', 'LFAXI.TTF', 'LHANDW.TTF', 'LSANS.TTF', 'LSANSD.TTF', 'LSANSDI.TTF', 'LSANSI.TTF', 'LTYPE.TTF', 'LTYPEB.TTF', 'LTYPEBO.TTF', 'LTYPEO.TTF', 'lucon.ttf', 'l_10646.ttf', 'MAGNETOB.TTF', 'MAIAN.TTF', 'malgun.ttf', 'malgunbd.ttf', 'malgunsl.ttf', 'marlett.ttf', 'MATURASC.TTF', 'micross.ttf', 'mingliub.ttc', 'MISTRAL.TTF', 'mmrtext.ttf', 'mmrtextb.ttf', 'MOD20.TTF', 'modern.fon', 'monbaiti.ttf', 'msgothic.ttc', 'msjh.ttc', 'msjhbd.ttc', 'msjhl.ttc', 'msyh.ttc', 'msyhbd.ttc', 'msyhl.ttc', 'msyi.ttf', 'MTCORSVA.TTF', 'MTEXTRA.TTF', 'mvboli.ttf', 'NIAGENG.TTF', 'NIAGSOL.TTF', 'Nirmala.ttf', 'NirmalaB.ttf', 'NirmalaS.ttf', 'ntailu.ttf', 'ntailub.ttf', 'NumberOnly.ttf', 'OCRAEXT.TTF', 'OLDENGL.TTF', 'ONYX.TTF', 'OUTLOOK.TTF', 'pala.ttf', 'palab.ttf', 'palabi.ttf', 'palai.ttf', 'PALSCRI.TTF', 'PAPYRUS.TTF', 'PARCHM.TTF', 'PERBI___.TTF', 'PERB____.TTF', 'PERI____.TTF', 'PERTIBD.TTF', 'PERTILI.TTF', 'PER_____.TTF', 'phagspa.ttf', 'phagspab.ttf', 'PLAYBILL.TTF', 'POORICH.TTF', 'PRISTINA.TTF', 'RAGE.TTF', 'RAVIE.TTF', 'REFSAN.TTF', 'REFSPCL.TTF', 'ROCCB___.TTF', 'ROCC____.TTF', 'ROCK.TTF', 'ROCKB.TTF', 'ROCKBI.TTF', 'ROCKEB.TTF', 'ROCKI.TTF', 'roman.fon', 's8514fix.fon', 's8514oem.fon', 's8514sys.fon', 'SCHLBKB.TTF', 'SCHLBKBI.TTF', 'SCHLBKI.TTF', 'script.fon', 'SCRIPTBL.TTF', 'segmdl2.ttf', 'SegoeIcons.ttf', 'segoepr.ttf', 'segoeprb.ttf', 'segoesc.ttf', 'segoescb.ttf', 'segoeui.ttf', 'segoeuib.ttf', 'segoeuii.ttf', 'segoeuil.ttf', 'segoeuisl.ttf', 'segoeuiz.ttf', 'seguibl.ttf', 'seguibli.ttf', 'seguiemj.ttf', 'seguihis.ttf', 'seguili.ttf', 'seguisb.ttf', 'seguisbi.ttf', 'seguisli.ttf', 'seguisym.ttf', 'SegUIVar.ttf', 'sere1255.fon', 'sere1256.fon', 'sere1257.fon', 'serf1255.fon', 'serf1256.fon', 'serf1257.fon', 'serife.fon', 'serifee.fon', 'serifeg.fon', 'serifer.fon', 'serifet.fon', 'seriff.fon', 'seriffe.fon', 'seriffg.fon', 'seriffr.fon', 'serifft.fon', 'SHOWG.TTF', 'simfang.ttf', 'simhei.ttf', 'simkai.ttf', 'SIMLI.TTF', 'simsun.ttc', 'simsunb.ttf', 'SIMYOU.TTF', 'SitkaVF-Italic.ttf', 'SitkaVF.ttf', 'smae1255.fon', 'smae1256.fon', 'smae1257.fon', 'smaf1255.fon', 'smaf1256.fon', 'smaf1257.fon', 'smalle.fon', 'smallee.fon', 'smalleg.fon', 'smaller.fon', 'smallet.fon', 'smallf.fon', 'smallfe.fon', 'smallfg.fon', 'smallfr.fon', 'smallft.fon', 'SNAP____.TTF', 'ssee1255.fon', 'ssee1256.fon', 'ssee1257.fon', 'ssee874.fon', 'ssef1255.fon', 'ssef1256.fon', 'ssef1257.fon', 'ssef874.fon', 'sserife.fon', 'sserifee.fon', 'sserifeg.fon', 'sserifer.fon', 'sserifet.fon', 'sseriff.fon', 'sseriffe.fon', 'sseriffg.fon', 'sseriffr.fon', 'sserifft.fon', 'StaticCache.dat', 'STCAIYUN.TTF', 'STENCIL.TTF', 'STFANGSO.TTF', 'STHUPO.TTF', 'STKAITI.TTF', 'STLITI.TTF', 'STSONG.TTF', 'STXIHEI.TTF', 'STXINGKA.TTF', 'STXINWEI.TTF', 'STZHONGS.TTF', 'svgafix.fon', 'svgasys.fon', 'sylfaen.ttf', 'symbol.ttf', 'tahoma.ttf', 'tahomabd.ttf', 'taile.ttf', 'taileb.ttf', 'TCBI____.TTF', 'TCB_____.TTF', 'TCCB____.TTF', 'TCCEB.TTF', 'TCCM____.TTF', 'TCMI____.TTF', 'TCM_____.TTF', 'TEMPSITC.TTF', 'times.ttf', 'timesbd.ttf', 'timesbi.ttf', 'timesi.ttf', 'trebuc.ttf', 'trebucbd.ttf', 'trebucbi.ttf', 'trebucit.ttf', 'verdana.ttf', 'verdanab.ttf', 'verdanai.ttf', 'verdanaz.ttf', 'vga737.fon', 'vga775.fon', 'vga850.fon', 'vga852.fon', 'vga855.fon', 'vga857.fon', 'vga860.fon', 'vga861.fon', 'vga863.fon', 'vga865.fon', 'vga866.fon', 'vga869.fon', 'vga932.fon', 'vga936.fon', 'vga949.fon', 'vga950.fon', 'vgaf1255.fon', 'vgaf1256.fon', 'vgaf1257.fon', 'vgaf874.fon', 'vgafix.fon', 'vgafixe.fon', 'vgafixg.fon', 'vgafixr.fon', 'vgafixt.fon', 'vgaoem.fon', 'vgas1255.fon', 'vgas1256.fon', 'vgas1257.fon', 'vgas874.fon', 'vgasys.fon', 'vgasyse.fon', 'vgasysg.fon', 'vgasysr.fon', 'vgasyst.fon', 'VINERITC.TTF', 'VIVALDII.TTF', 'VLADIMIR.TTF', 'webdings.ttf', 'wingding.ttf', 'WINGDNG2.TTF', 'WINGDNG3.TTF', 'YuGothB.ttc', 'YuGothL.ttc', 'YuGothM.ttc', 'YuGothR.ttc', '\u534e\u5eb7\u65b9\u5706\u4f53W7.TTC', '\u65b9\u6b63\u7c97\u9ed1\u5b8b\u7b80\u4f53.ttf']
2023-09-27 16:00:30,347 - INFO - all fonts installed:['8514fix.fon', '8514fixe.fon', '8514fixg.fon', '8514fixr.fon', '8514fixt.fon', '8514oem.fon', '8514oeme.fon', '8514oemg.fon', '8514oemr.fon', '8514oemt.fon', '8514sys.fon', '8514syse.fon', '8514sysg.fon', '8514sysr.fon', '8514syst.fon', '85775.fon', '85855.fon', '85f1255.fon', '85f1256.fon', '85f1257.fon', '85f874.fon', '85s1255.fon', '85s1256.fon', '85s1257.fon', '85s874.fon', 'AGENCYB.TTF', 'AGENCYR.TTF', 'ALGER.TTF', 'ANTQUAB.TTF', 'ANTQUABI.TTF', 'ANTQUAI.TTF', 'app775.fon', 'app850.fon', 'app852.fon', 'app855.fon', 'app857.fon', 'app866.fon', 'app932.fon', 'app936.fon', 'app949.fon', 'app950.fon', 'arial.ttf', 'arialbd.ttf', 'arialbi.ttf', 'ariali.ttf', 'ARIALN.TTF', 'ARIALNB.TTF', 'ARIALNBI.TTF', 'ARIALNI.TTF', 'ariblk.ttf', 'ARLRDBD.TTF', 'AxureHandwriting-Bold.otf', 'AxureHandwriting-BoldItalic.otf', 'AxureHandwriting-Italic.otf', 'AxureHandwriting.otf', 'bahnschrift.ttf', 'BASKVILL.TTF', 'BAUHS93.TTF', 'BELL.TTF', 'BELLB.TTF', 'BELLI.TTF', 'BERNHC.TTF', 'BKANT.TTF', 'BOD_B.TTF', 'BOD_BI.TTF', 'BOD_BLAI.TTF', 'BOD_BLAR.TTF', 'BOD_CB.TTF', 'BOD_CBI.TTF', 'BOD_CI.TTF', 'BOD_CR.TTF', 'BOD_I.TTF', 'BOD_PSTC.TTF', 'BOD_R.TTF', 'BOOKOS.TTF', 'BOOKOSB.TTF', 'BOOKOSBI.TTF', 'BOOKOSI.TTF', 'BRADHITC.TTF', 'BRITANIC.TTF', 'BRLNSB.TTF', 'BRLNSDB.TTF', 'BRLNSR.TTF', 'BROADW.TTF', 'BRUSHSCI.TTF', 'BSSYM7.TTF', 'c8514fix.fon', 'c8514oem.fon', 'c8514sys.fon', 'calibri.ttf', 'calibrib.ttf', 'calibrii.ttf', 'calibril.ttf', 'calibrili.ttf', 'calibriz.ttf', 'CALIFB.TTF', 'CALIFI.TTF', 'CALIFR.TTF', 'CALIST.TTF', 'CALISTB.TTF', 'CALISTBI.TTF', 'CALISTI.TTF', 'cambria.ttc', 'cambriab.ttf', 'cambriai.ttf', 'cambriaz.ttf', 'Candara.ttf', 'Candarab.ttf', 'Candarai.ttf', 'Candaral.ttf', 'Candarali.ttf', 'Candaraz.ttf', 'CascadiaCode.ttf', 'CascadiaMono.ttf', 'CASTELAR.TTF', 'CENSCBK.TTF', 'CENTAUR.TTF', 'CENTURY.TTF', 'cga40737.fon', 'cga40850.fon', 'cga40852.fon', 'cga40857.fon', 'cga40866.fon', 'cga40869.fon', 'cga40woa.fon', 'cga80737.fon', 'cga80850.fon', 'cga80852.fon', 'cga80857.fon', 'cga80866.fon', 'cga80869.fon', 'cga80woa.fon', 'CHILLER.TTF', 'COLONNA.TTF', 'comic.ttf', 'comicbd.ttf', 'comici.ttf', 'comicz.ttf', 'consola.ttf', 'consolab.ttf', 'consolai.ttf', 'consolaz.ttf', 'constan.ttf', 'constanb.ttf', 'constani.ttf', 'constanz.ttf', 'COOPBL.TTF', 'COPRGTB.TTF', 'COPRGTL.TTF', 'corbel.ttf', 'corbelb.ttf', 'corbeli.ttf', 'corbell.ttf', 'corbelli.ttf', 'corbelz.ttf', 'coue1255.fon', 'coue1256.fon', 'coue1257.fon', 'couf1255.fon', 'couf1256.fon', 'couf1257.fon', 'cour.ttf', 'courbd.ttf', 'courbi.ttf', 'coure.fon', 'couree.fon', 'coureg.fon', 'courer.fon', 'couret.fon', 'courf.fon', 'courfe.fon', 'courfg.fon', 'courfr.fon', 'courft.fon', 'couri.ttf', 'CURLZ___.TTF', 'cvgafix.fon', 'cvgasys.fon', 'Deng.ttf', 'Dengb.ttf', 'Dengl.ttf', 'desktop.ini', 'dos737.fon', 'dos869.fon', 'dosapp.fon', 'DUBAI-BOLD.TTF', 'DUBAI-LIGHT.TTF', 'DUBAI-MEDIUM.TTF', 'DUBAI-REGULAR.TTF', 'ebrima.ttf', 'ebrimabd.ttf', 'ega40737.fon', 'ega40850.fon', 'ega40852.fon', 'ega40857.fon', 'ega40866.fon', 'ega40869.fon', 'ega40woa.fon', 'ega80737.fon', 'ega80850.fon', 'ega80852.fon', 'ega80857.fon', 'ega80866.fon', 'ega80869.fon', 'ega80woa.fon', 'ELEPHNT.TTF', 'ELEPHNTI.TTF', 'ENGR.TTF', 'ERASBD.TTF', 'ERASDEMI.TTF', 'ERASLGHT.TTF', 'ERASMD.TTF', 'FELIXTI.TTF', 'fms_metadata.xml', 'FORTE.TTF', 'FRABK.TTF', 'FRABKIT.TTF', 'FRADM.TTF', 'FRADMCN.TTF', 'FRADMIT.TTF', 'FRAHV.TTF', 'FRAHVIT.TTF', 'framd.ttf', 'FRAMDCN.TTF', 'framdit.ttf', 'FREESCPT.TTF', 'FRSCRIPT.TTF', 'FTLTLT.TTF', 'FZSTK.TTF', 'FZYTK.TTF', 'Gabriola.ttf', 'gadugi.ttf', 'gadugib.ttf', 'GARA.TTF', 'GARABD.TTF', 'GARAIT.TTF', 'georgia.ttf', 'georgiab.ttf', 'georgiai.ttf', 'georgiaz.ttf', 'GIGI.TTF', 'GILBI___.TTF', 'GILB____.TTF', 'GILC____.TTF', 'GILI____.TTF', 'GILLUBCD.TTF', 'GILSANUB.TTF', 'GIL_____.TTF', 'GLECB.TTF', 'GlobalMonospace.CompositeFont', 'GlobalSansSerif.CompositeFont', 'GlobalSerif.CompositeFont', 'GlobalUserInterface.CompositeFont', 'GLSNECB.TTF', 'GOTHIC.TTF', 'GOTHICB.TTF', 'GOTHICBI.TTF', 'GOTHICI.TTF', 'GOUDOS.TTF', 'GOUDOSB.TTF', 'GOUDOSI.TTF', 'GOUDYSTO.TTF', 'h8514fix.fon', 'h8514oem.fon', 'h8514sys.fon', 'HARLOWSI.TTF', 'HARNGTON.TTF', 'HATTEN.TTF', 'HGB1X_CNKI.ttf', 'HGB1_CNKI.ttf', 'HGB2X_CNKI.ttf', 'HGB2_CNKI.ttf', 'HGB3X_CNKI.ttf', 'HGB3_CNKI.ttf', 'HGB4X_CNKI.ttf', 'HGB4_CNKI.ttf', 'HGB5X_CNKI.ttf', 'HGB5_CNKI.ttf', 'HGB6X_CNKI.ttf', 'HGB6_CNKI.ttf', 'HGB7X_CNKI.ttf', 'HGB7_CNKI.ttf', 'HGB8X_CNKI.ttf', 'HGB8_CNKI.ttf', 'HGBD_CNKI.ttf', 'HGBKBX_CNKI.ttf', 'HGBKB_CNKI.ttf', 'HGBKHX_CNKI.ttf', 'HGBKH_CNKI.ttf', 'HGBS1_CNKI.TTF', 'HGBS2_CNKI.TTF', 'HGBS_CNKI.TTF', 'HGBTH_CNKI.TTF', 'HGBTS_CNKI.TTF', 'HGBX_CNKI.ttf', 'HGBZ_CNKI.ttf', 'HGCH_CNKI.TTF', 'HGCUH_CNKI.TTF', 'HGCY_CNKI.TTF', 'HGDBS_CNKI.TTF', 'HGDGY_CNKI.TTF', 'HGDH2_CNKI.TTF', 'HGDH_CNKI.TTF', 'HGDYS_CNKI.TTF', 'HGDY_CNKI.ttf', 'HGF1X_CNKI.ttf', 'HGF1_CNKI.ttf', 'HGF2X_CNKI.ttf', 'HGF2_CNKI.ttf', 'HGF3_CNKI.ttf', 'HGF4X_CNKI.ttf', 'HGF4_CNKI.ttf', 'HGF5X_CNKI.ttf', 'HGF5_CNKI.ttf', 'HGF6X_CNKI.ttf', 'HGF6_CNKI.ttf', 'HGF7X_CNKI.ttf', 'HGF7_CNKI.ttf', 'HGF8_CNKI.ttf', 'HGF9X_CNKI.ttf', 'HGF9_CNKI.ttf', 'HGFS1_CNKI.TTF', 'HGFS2_CNKI.TTF', 'HGFSH_CNKI.TTF', 'HGFS_CNKI.TTF', 'HGFX_CNKI.ttf', 'HGFZ_CNKI.ttf', 'HGGG_CNKI.TTF', 'HGH1X_CNKI.ttf', 'HGH1_CNKI.ttf', 'HGH2X_CNKI.ttf', 'HGH2_CNKI.ttf', 'HGH3X_CNKI.ttf', 'HGH3_CNKI.ttf', 'HGH4X_CNKI.ttf', 'HGH4_CNKI.ttf', 'HGH5X_CNKI.ttf', 'HGH5_CNKI.ttf', 'HGH6X_CNKI.ttf', 'HGH6_CNKI.ttf', 'HGH7X_CNKI.ttf', 'HGH7_CNKI.ttf', 'HGHB_CNKI.TTF', 'HGHD_CNKI.ttf', 'HGHP_CNKI.TTF', 'HGHT1_CNKI.ttf', 'HGHT2_CNKI.ttf', 'HGHUATI_CNKI.ttf', 'HGHX_CNKI.ttf', 'HGHZ_CNKI.ttf', 'HGH_CNKI.TTF', 'HGKT1_CNKI.TTF', 'HGKT2_CNKI.TTF', 'HGKT_CNKI.TTF', 'HGKY_CNKI.ttf', 'HGLB_CNKI.TTF', 'HGLS_CNKI.TTF', 'HGMH_CNKI.TTF', 'HGNBS_CNKI.ttf', 'HGOCR_CNKI.ttf', 'HGPH_CNKI.TTF', 'HGPTY_CNKI.TTF', 'HGSS1_CNKI.TTF', 'HGSS2_CNKI.TTF', 'HGSS_CNKI.TTF', 'HGSXT_CNKI.ttf', 'HGTT_CNKI.ttf', 'HGTX_CNKI.TTF', 'HGWT_CNKI.TTF', 'HGWYS_CNKI.TTF', 'HGX1X_CNKI.ttf', 'HGX1_CNKI.ttf', 'HGXBS_CNKI.TTF', 'HGXC_CNKI.TTF', 'HGXF1_CNKI.ttf', 'HGXFX_CNKI.ttf', 'HGXFZ_CNKI.ttf', 'HGXH1_CNKI.TTF', 'HGXH_CNKI.TTF', 'HGXK_CNKI.TTF', 'HGXL_CNKI.TTF', 'HGXS_CNKI.TTF', 'HGXT_CNKI.ttf', 'HGXY_CNKI.ttf', 'HGY1_CNKI.TTF', 'HGY2_CNKI.TTF', 'HGY3_CNKI.TTF', 'HGY4_CNKI.TTF', 'HGYB_CNKI.ttf', 'HGYT1_CNKI.ttf', 'HGYT2_CNKI.ttf', 'HGYT_CNKI.TTF', 'HGYX_CNKI.TTF', 'HGZCS_CNKI.TTF', 'HGZDX_CNKI.TTF', 'HGZK_CNKI.TTF', 'HGZYT_CNKI.TTF', 'HGZY_CNKI.TTF', 'himalaya.ttf', 'holomdl2.ttf', 'HTOWERT.TTF', 'HTOWERTI.TTF', 'hvgafix.fon', 'hvgasys.fon', 'impact.ttf', 'IMPRISHA.TTF', 'INFROMAN.TTF', 'Inkfree.ttf', 'iqiyi_logov7.ttf', 'ITCBLKAD.TTF', 'ITCEDSCR.TTF', 'ITCKRIST.TTF', 'j8514fix.fon', 'j8514oem.fon', 'j8514sys.fon', 'javatext.ttf', 'JOKERMAN.TTF', 'jsmalle.fon', 'jsmallf.fon', 'JUICE___.TTF', 'jvgafix.fon', 'jvgasys.fon', 'KUNSTLER.TTF', 'LATINWD.TTF', 'LBRITE.TTF', 'LBRITED.TTF', 'LBRITEDI.TTF', 'LBRITEI.TTF', 'LCALLIG.TTF', 'LeelaUIb.ttf', 'LeelawUI.ttf', 'LeelUIsl.ttf', 'LFAX.TTF', 'LFAXD.TTF', 'LFAXDI.TTF', 'LFAXI.TTF', 'LHANDW.TTF', 'LSANS.TTF', 'LSANSD.TTF', 'LSANSDI.TTF', 'LSANSI.TTF', 'LTYPE.TTF', 'LTYPEB.TTF', 'LTYPEBO.TTF', 'LTYPEO.TTF', 'lucon.ttf', 'l_10646.ttf', 'MAGNETOB.TTF', 'MAIAN.TTF', 'malgun.ttf', 'malgunbd.ttf', 'malgunsl.ttf', 'marlett.ttf', 'MATURASC.TTF', 'micross.ttf', 'mingliub.ttc', 'MISTRAL.TTF', 'mmrtext.ttf', 'mmrtextb.ttf', 'MOD20.TTF', 'modern.fon', 'monbaiti.ttf', 'msgothic.ttc', 'msjh.ttc', 'msjhbd.ttc', 'msjhl.ttc', 'msyh.ttc', 'msyhbd.ttc', 'msyhl.ttc', 'msyi.ttf', 'MTCORSVA.TTF', 'MTEXTRA.TTF', 'mvboli.ttf', 'NIAGENG.TTF', 'NIAGSOL.TTF', 'Nirmala.ttf', 'NirmalaB.ttf', 'NirmalaS.ttf', 'ntailu.ttf', 'ntailub.ttf', 'NumberOnly.ttf', 'OCRAEXT.TTF', 'OLDENGL.TTF', 'ONYX.TTF', 'OUTLOOK.TTF', 'pala.ttf', 'palab.ttf', 'palabi.ttf', 'palai.ttf', 'PALSCRI.TTF', 'PAPYRUS.TTF', 'PARCHM.TTF', 'PERBI___.TTF', 'PERB____.TTF', 'PERI____.TTF', 'PERTIBD.TTF', 'PERTILI.TTF', 'PER_____.TTF', 'phagspa.ttf', 'phagspab.ttf', 'PLAYBILL.TTF', 'POORICH.TTF', 'PRISTINA.TTF', 'RAGE.TTF', 'RAVIE.TTF', 'REFSAN.TTF', 'REFSPCL.TTF', 'ROCCB___.TTF', 'ROCC____.TTF', 'ROCK.TTF', 'ROCKB.TTF', 'ROCKBI.TTF', 'ROCKEB.TTF', 'ROCKI.TTF', 'roman.fon', 's8514fix.fon', 's8514oem.fon', 's8514sys.fon', 'SCHLBKB.TTF', 'SCHLBKBI.TTF', 'SCHLBKI.TTF', 'script.fon', 'SCRIPTBL.TTF', 'segmdl2.ttf', 'SegoeIcons.ttf', 'segoepr.ttf', 'segoeprb.ttf', 'segoesc.ttf', 'segoescb.ttf', 'segoeui.ttf', 'segoeuib.ttf', 'segoeuii.ttf', 'segoeuil.ttf', 'segoeuisl.ttf', 'segoeuiz.ttf', 'seguibl.ttf', 'seguibli.ttf', 'seguiemj.ttf', 'seguihis.ttf', 'seguili.ttf', 'seguisb.ttf', 'seguisbi.ttf', 'seguisli.ttf', 'seguisym.ttf', 'SegUIVar.ttf', 'sere1255.fon', 'sere1256.fon', 'sere1257.fon', 'serf1255.fon', 'serf1256.fon', 'serf1257.fon', 'serife.fon', 'serifee.fon', 'serifeg.fon', 'serifer.fon', 'serifet.fon', 'seriff.fon', 'seriffe.fon', 'seriffg.fon', 'seriffr.fon', 'serifft.fon', 'SHOWG.TTF', 'simfang.ttf', 'simhei.ttf', 'simkai.ttf', 'SIMLI.TTF', 'simsun.ttc', 'simsunb.ttf', 'SIMYOU.TTF', 'SitkaVF-Italic.ttf', 'SitkaVF.ttf', 'smae1255.fon', 'smae1256.fon', 'smae1257.fon', 'smaf1255.fon', 'smaf1256.fon', 'smaf1257.fon', 'smalle.fon', 'smallee.fon', 'smalleg.fon', 'smaller.fon', 'smallet.fon', 'smallf.fon', 'smallfe.fon', 'smallfg.fon', 'smallfr.fon', 'smallft.fon', 'SNAP____.TTF', 'ssee1255.fon', 'ssee1256.fon', 'ssee1257.fon', 'ssee874.fon', 'ssef1255.fon', 'ssef1256.fon', 'ssef1257.fon', 'ssef874.fon', 'sserife.fon', 'sserifee.fon', 'sserifeg.fon', 'sserifer.fon', 'sserifet.fon', 'sseriff.fon', 'sseriffe.fon', 'sseriffg.fon', 'sseriffr.fon', 'sserifft.fon', 'StaticCache.dat', 'STCAIYUN.TTF', 'STENCIL.TTF', 'STFANGSO.TTF', 'STHUPO.TTF', 'STKAITI.TTF', 'STLITI.TTF', 'STSONG.TTF', 'STXIHEI.TTF', 'STXINGKA.TTF', 'STXINWEI.TTF', 'STZHONGS.TTF', 'svgafix.fon', 'svgasys.fon', 'sylfaen.ttf', 'symbol.ttf', 'tahoma.ttf', 'tahomabd.ttf', 'taile.ttf', 'taileb.ttf', 'TCBI____.TTF', 'TCB_____.TTF', 'TCCB____.TTF', 'TCCEB.TTF', 'TCCM____.TTF', 'TCMI____.TTF', 'TCM_____.TTF', 'TEMPSITC.TTF', 'times.ttf', 'timesbd.ttf', 'timesbi.ttf', 'timesi.ttf', 'trebuc.ttf', 'trebucbd.ttf', 'trebucbi.ttf', 'trebucit.ttf', 'verdana.ttf', 'verdanab.ttf', 'verdanai.ttf', 'verdanaz.ttf', 'vga737.fon', 'vga775.fon', 'vga850.fon', 'vga852.fon', 'vga855.fon', 'vga857.fon', 'vga860.fon', 'vga861.fon', 'vga863.fon', 'vga865.fon', 'vga866.fon', 'vga869.fon', 'vga932.fon', 'vga936.fon', 'vga949.fon', 'vga950.fon', 'vgaf1255.fon', 'vgaf1256.fon', 'vgaf1257.fon', 'vgaf874.fon', 'vgafix.fon', 'vgafixe.fon', 'vgafixg.fon', 'vgafixr.fon', 'vgafixt.fon', 'vgaoem.fon', 'vgas1255.fon', 'vgas1256.fon', 'vgas1257.fon', 'vgas874.fon', 'vgasys.fon', 'vgasyse.fon', 'vgasysg.fon', 'vgasysr.fon', 'vgasyst.fon', 'VINERITC.TTF', 'VIVALDII.TTF', 'VLADIMIR.TTF', 'webdings.ttf', 'wingding.ttf', 'WINGDNG2.TTF', 'WINGDNG3.TTF', 'YuGothB.ttc', 'YuGothL.ttc', 'YuGothM.ttc', 'YuGothR.ttc', '\u534e\u5eb7\u65b9\u5706\u4f53W7.TTC', '\u65b9\u6b63\u7c97\u9ed1\u5b8b\u7b80\u4f53.ttf']
2023-09-27 16:00:30,350 - INFO - all fonts installed:['8514fix.fon', '8514fixe.fon', '8514fixg.fon', '8514fixr.fon', '8514fixt.fon', '8514oem.fon', '8514oeme.fon', '8514oemg.fon', '8514oemr.fon', '8514oemt.fon', '8514sys.fon', '8514syse.fon', '8514sysg.fon', '8514sysr.fon', '8514syst.fon', '85775.fon', '85855.fon', '85f1255.fon', '85f1256.fon', '85f1257.fon', '85f874.fon', '85s1255.fon', '85s1256.fon', '85s1257.fon', '85s874.fon', 'AGENCYB.TTF', 'AGENCYR.TTF', 'ALGER.TTF', 'ANTQUAB.TTF', 'ANTQUABI.TTF', 'ANTQUAI.TTF', 'app775.fon', 'app850.fon', 'app852.fon', 'app855.fon', 'app857.fon', 'app866.fon', 'app932.fon', 'app936.fon', 'app949.fon', 'app950.fon', 'arial.ttf', 'arialbd.ttf', 'arialbi.ttf', 'ariali.ttf', 'ARIALN.TTF', 'ARIALNB.TTF', 'ARIALNBI.TTF', 'ARIALNI.TTF', 'ariblk.ttf', 'ARLRDBD.TTF', 'AxureHandwriting-Bold.otf', 'AxureHandwriting-BoldItalic.otf', 'AxureHandwriting-Italic.otf', 'AxureHandwriting.otf', 'bahnschrift.ttf', 'BASKVILL.TTF', 'BAUHS93.TTF', 'BELL.TTF', 'BELLB.TTF', 'BELLI.TTF', 'BERNHC.TTF', 'BKANT.TTF', 'BOD_B.TTF', 'BOD_BI.TTF', 'BOD_BLAI.TTF', 'BOD_BLAR.TTF', 'BOD_CB.TTF', 'BOD_CBI.TTF', 'BOD_CI.TTF', 'BOD_CR.TTF', 'BOD_I.TTF', 'BOD_PSTC.TTF', 'BOD_R.TTF', 'BOOKOS.TTF', 'BOOKOSB.TTF', 'BOOKOSBI.TTF', 'BOOKOSI.TTF', 'BRADHITC.TTF', 'BRITANIC.TTF', 'BRLNSB.TTF', 'BRLNSDB.TTF', 'BRLNSR.TTF', 'BROADW.TTF', 'BRUSHSCI.TTF', 'BSSYM7.TTF', 'c8514fix.fon', 'c8514oem.fon', 'c8514sys.fon', 'calibri.ttf', 'calibrib.ttf', 'calibrii.ttf', 'calibril.ttf', 'calibrili.ttf', 'calibriz.ttf', 'CALIFB.TTF', 'CALIFI.TTF', 'CALIFR.TTF', 'CALIST.TTF', 'CALISTB.TTF', 'CALISTBI.TTF', 'CALISTI.TTF', 'cambria.ttc', 'cambriab.ttf', 'cambriai.ttf', 'cambriaz.ttf', 'Candara.ttf', 'Candarab.ttf', 'Candarai.ttf', 'Candaral.ttf', 'Candarali.ttf', 'Candaraz.ttf', 'CascadiaCode.ttf', 'CascadiaMono.ttf', 'CASTELAR.TTF', 'CENSCBK.TTF', 'CENTAUR.TTF', 'CENTURY.TTF', 'cga40737.fon', 'cga40850.fon', 'cga40852.fon', 'cga40857.fon', 'cga40866.fon', 'cga40869.fon', 'cga40woa.fon', 'cga80737.fon', 'cga80850.fon', 'cga80852.fon', 'cga80857.fon', 'cga80866.fon', 'cga80869.fon', 'cga80woa.fon', 'CHILLER.TTF', 'COLONNA.TTF', 'comic.ttf', 'comicbd.ttf', 'comici.ttf', 'comicz.ttf', 'consola.ttf', 'consolab.ttf', 'consolai.ttf', 'consolaz.ttf', 'constan.ttf', 'constanb.ttf', 'constani.ttf', 'constanz.ttf', 'COOPBL.TTF', 'COPRGTB.TTF', 'COPRGTL.TTF', 'corbel.ttf', 'corbelb.ttf', 'corbeli.ttf', 'corbell.ttf', 'corbelli.ttf', 'corbelz.ttf', 'coue1255.fon', 'coue1256.fon', 'coue1257.fon', 'couf1255.fon', 'couf1256.fon', 'couf1257.fon', 'cour.ttf', 'courbd.ttf', 'courbi.ttf', 'coure.fon', 'couree.fon', 'coureg.fon', 'courer.fon', 'couret.fon', 'courf.fon', 'courfe.fon', 'courfg.fon', 'courfr.fon', 'courft.fon', 'couri.ttf', 'CURLZ___.TTF', 'cvgafix.fon', 'cvgasys.fon', 'Deng.ttf', 'Dengb.ttf', 'Dengl.ttf', 'desktop.ini', 'dos737.fon', 'dos869.fon', 'dosapp.fon', 'DUBAI-BOLD.TTF', 'DUBAI-LIGHT.TTF', 'DUBAI-MEDIUM.TTF', 'DUBAI-REGULAR.TTF', 'ebrima.ttf', 'ebrimabd.ttf', 'ega40737.fon', 'ega40850.fon', 'ega40852.fon', 'ega40857.fon', 'ega40866.fon', 'ega40869.fon', 'ega40woa.fon', 'ega80737.fon', 'ega80850.fon', 'ega80852.fon', 'ega80857.fon', 'ega80866.fon', 'ega80869.fon', 'ega80woa.fon', 'ELEPHNT.TTF', 'ELEPHNTI.TTF', 'ENGR.TTF', 'ERASBD.TTF', 'ERASDEMI.TTF', 'ERASLGHT.TTF', 'ERASMD.TTF', 'FELIXTI.TTF', 'fms_metadata.xml', 'FORTE.TTF', 'FRABK.TTF', 'FRABKIT.TTF', 'FRADM.TTF', 'FRADMCN.TTF', 'FRADMIT.TTF', 'FRAHV.TTF', 'FRAHVIT.TTF', 'framd.ttf', 'FRAMDCN.TTF', 'framdit.ttf', 'FREESCPT.TTF', 'FRSCRIPT.TTF', 'FTLTLT.TTF', 'FZSTK.TTF', 'FZYTK.TTF', 'Gabriola.ttf', 'gadugi.ttf', 'gadugib.ttf', 'GARA.TTF', 'GARABD.TTF', 'GARAIT.TTF', 'georgia.ttf', 'georgiab.ttf', 'georgiai.ttf', 'georgiaz.ttf', 'GIGI.TTF', 'GILBI___.TTF', 'GILB____.TTF', 'GILC____.TTF', 'GILI____.TTF', 'GILLUBCD.TTF', 'GILSANUB.TTF', 'GIL_____.TTF', 'GLECB.TTF', 'GlobalMonospace.CompositeFont', 'GlobalSansSerif.CompositeFont', 'GlobalSerif.CompositeFont', 'GlobalUserInterface.CompositeFont', 'GLSNECB.TTF', 'GOTHIC.TTF', 'GOTHICB.TTF', 'GOTHICBI.TTF', 'GOTHICI.TTF', 'GOUDOS.TTF', 'GOUDOSB.TTF', 'GOUDOSI.TTF', 'GOUDYSTO.TTF', 'h8514fix.fon', 'h8514oem.fon', 'h8514sys.fon', 'HARLOWSI.TTF', 'HARNGTON.TTF', 'HATTEN.TTF', 'HGB1X_CNKI.ttf', 'HGB1_CNKI.ttf', 'HGB2X_CNKI.ttf', 'HGB2_CNKI.ttf', 'HGB3X_CNKI.ttf', 'HGB3_CNKI.ttf', 'HGB4X_CNKI.ttf', 'HGB4_CNKI.ttf', 'HGB5X_CNKI.ttf', 'HGB5_CNKI.ttf', 'HGB6X_CNKI.ttf', 'HGB6_CNKI.ttf', 'HGB7X_CNKI.ttf', 'HGB7_CNKI.ttf', 'HGB8X_CNKI.ttf', 'HGB8_CNKI.ttf', 'HGBD_CNKI.ttf', 'HGBKBX_CNKI.ttf', 'HGBKB_CNKI.ttf', 'HGBKHX_CNKI.ttf', 'HGBKH_CNKI.ttf', 'HGBS1_CNKI.TTF', 'HGBS2_CNKI.TTF', 'HGBS_CNKI.TTF', 'HGBTH_CNKI.TTF', 'HGBTS_CNKI.TTF', 'HGBX_CNKI.ttf', 'HGBZ_CNKI.ttf', 'HGCH_CNKI.TTF', 'HGCUH_CNKI.TTF', 'HGCY_CNKI.TTF', 'HGDBS_CNKI.TTF', 'HGDGY_CNKI.TTF', 'HGDH2_CNKI.TTF', 'HGDH_CNKI.TTF', 'HGDYS_CNKI.TTF', 'HGDY_CNKI.ttf', 'HGF1X_CNKI.ttf', 'HGF1_CNKI.ttf', 'HGF2X_CNKI.ttf', 'HGF2_CNKI.ttf', 'HGF3_CNKI.ttf', 'HGF4X_CNKI.ttf', 'HGF4_CNKI.ttf', 'HGF5X_CNKI.ttf', 'HGF5_CNKI.ttf', 'HGF6X_CNKI.ttf', 'HGF6_CNKI.ttf', 'HGF7X_CNKI.ttf', 'HGF7_CNKI.ttf', 'HGF8_CNKI.ttf', 'HGF9X_CNKI.ttf', 'HGF9_CNKI.ttf', 'HGFS1_CNKI.TTF', 'HGFS2_CNKI.TTF', 'HGFSH_CNKI.TTF', 'HGFS_CNKI.TTF', 'HGFX_CNKI.ttf', 'HGFZ_CNKI.ttf', 'HGGG_CNKI.TTF', 'HGH1X_CNKI.ttf', 'HGH1_CNKI.ttf', 'HGH2X_CNKI.ttf', 'HGH2_CNKI.ttf', 'HGH3X_CNKI.ttf', 'HGH3_CNKI.ttf', 'HGH4X_CNKI.ttf', 'HGH4_CNKI.ttf', 'HGH5X_CNKI.ttf', 'HGH5_CNKI.ttf', 'HGH6X_CNKI.ttf', 'HGH6_CNKI.ttf', 'HGH7X_CNKI.ttf', 'HGH7_CNKI.ttf', 'HGHB_CNKI.TTF', 'HGHD_CNKI.ttf', 'HGHP_CNKI.TTF', 'HGHT1_CNKI.ttf', 'HGHT2_CNKI.ttf', 'HGHUATI_CNKI.ttf', 'HGHX_CNKI.ttf', 'HGHZ_CNKI.ttf', 'HGH_CNKI.TTF', 'HGKT1_CNKI.TTF', 'HGKT2_CNKI.TTF', 'HGKT_CNKI.TTF', 'HGKY_CNKI.ttf', 'HGLB_CNKI.TTF', 'HGLS_CNKI.TTF', 'HGMH_CNKI.TTF', 'HGNBS_CNKI.ttf', 'HGOCR_CNKI.ttf', 'HGPH_CNKI.TTF', 'HGPTY_CNKI.TTF', 'HGSS1_CNKI.TTF', 'HGSS2_CNKI.TTF', 'HGSS_CNKI.TTF', 'HGSXT_CNKI.ttf', 'HGTT_CNKI.ttf', 'HGTX_CNKI.TTF', 'HGWT_CNKI.TTF', 'HGWYS_CNKI.TTF', 'HGX1X_CNKI.ttf', 'HGX1_CNKI.ttf', 'HGXBS_CNKI.TTF', 'HGXC_CNKI.TTF', 'HGXF1_CNKI.ttf', 'HGXFX_CNKI.ttf', 'HGXFZ_CNKI.ttf', 'HGXH1_CNKI.TTF', 'HGXH_CNKI.TTF', 'HGXK_CNKI.TTF', 'HGXL_CNKI.TTF', 'HGXS_CNKI.TTF', 'HGXT_CNKI.ttf', 'HGXY_CNKI.ttf', 'HGY1_CNKI.TTF', 'HGY2_CNKI.TTF', 'HGY3_CNKI.TTF', 'HGY4_CNKI.TTF', 'HGYB_CNKI.ttf', 'HGYT1_CNKI.ttf', 'HGYT2_CNKI.ttf', 'HGYT_CNKI.TTF', 'HGYX_CNKI.TTF', 'HGZCS_CNKI.TTF', 'HGZDX_CNKI.TTF', 'HGZK_CNKI.TTF', 'HGZYT_CNKI.TTF', 'HGZY_CNKI.TTF', 'himalaya.ttf', 'holomdl2.ttf', 'HTOWERT.TTF', 'HTOWERTI.TTF', 'hvgafix.fon', 'hvgasys.fon', 'impact.ttf', 'IMPRISHA.TTF', 'INFROMAN.TTF', 'Inkfree.ttf', 'iqiyi_logov7.ttf', 'ITCBLKAD.TTF', 'ITCEDSCR.TTF', 'ITCKRIST.TTF', 'j8514fix.fon', 'j8514oem.fon', 'j8514sys.fon', 'javatext.ttf', 'JOKERMAN.TTF', 'jsmalle.fon', 'jsmallf.fon', 'JUICE___.TTF', 'jvgafix.fon', 'jvgasys.fon', 'KUNSTLER.TTF', 'LATINWD.TTF', 'LBRITE.TTF', 'LBRITED.TTF', 'LBRITEDI.TTF', 'LBRITEI.TTF', 'LCALLIG.TTF', 'LeelaUIb.ttf', 'LeelawUI.ttf', 'LeelUIsl.ttf', 'LFAX.TTF', 'LFAXD.TTF', 'LFAXDI.TTF', 'LFAXI.TTF', 'LHANDW.TTF', 'LSANS.TTF', 'LSANSD.TTF', 'LSANSDI.TTF', 'LSANSI.TTF', 'LTYPE.TTF', 'LTYPEB.TTF', 'LTYPEBO.TTF', 'LTYPEO.TTF', 'lucon.ttf', 'l_10646.ttf', 'MAGNETOB.TTF', 'MAIAN.TTF', 'malgun.ttf', 'malgunbd.ttf', 'malgunsl.ttf', 'marlett.ttf', 'MATURASC.TTF', 'micross.ttf', 'mingliub.ttc', 'MISTRAL.TTF', 'mmrtext.ttf', 'mmrtextb.ttf', 'MOD20.TTF', 'modern.fon', 'monbaiti.ttf', 'msgothic.ttc', 'msjh.ttc', 'msjhbd.ttc', 'msjhl.ttc', 'msyh.ttc', 'msyhbd.ttc', 'msyhl.ttc', 'msyi.ttf', 'MTCORSVA.TTF', 'MTEXTRA.TTF', 'mvboli.ttf', 'NIAGENG.TTF', 'NIAGSOL.TTF', 'Nirmala.ttf', 'NirmalaB.ttf', 'NirmalaS.ttf', 'ntailu.ttf', 'ntailub.ttf', 'NumberOnly.ttf', 'OCRAEXT.TTF', 'OLDENGL.TTF', 'ONYX.TTF', 'OUTLOOK.TTF', 'pala.ttf', 'palab.ttf', 'palabi.ttf', 'palai.ttf', 'PALSCRI.TTF', 'PAPYRUS.TTF', 'PARCHM.TTF', 'PERBI___.TTF', 'PERB____.TTF', 'PERI____.TTF', 'PERTIBD.TTF', 'PERTILI.TTF', 'PER_____.TTF', 'phagspa.ttf', 'phagspab.ttf', 'PLAYBILL.TTF', 'POORICH.TTF', 'PRISTINA.TTF', 'RAGE.TTF', 'RAVIE.TTF', 'REFSAN.TTF', 'REFSPCL.TTF', 'ROCCB___.TTF', 'ROCC____.TTF', 'ROCK.TTF', 'ROCKB.TTF', 'ROCKBI.TTF', 'ROCKEB.TTF', 'ROCKI.TTF', 'roman.fon', 's8514fix.fon', 's8514oem.fon', 's8514sys.fon', 'SCHLBKB.TTF', 'SCHLBKBI.TTF', 'SCHLBKI.TTF', 'script.fon', 'SCRIPTBL.TTF', 'segmdl2.ttf', 'SegoeIcons.ttf', 'segoepr.ttf', 'segoeprb.ttf', 'segoesc.ttf', 'segoescb.ttf', 'segoeui.ttf', 'segoeuib.ttf', 'segoeuii.ttf', 'segoeuil.ttf', 'segoeuisl.ttf', 'segoeuiz.ttf', 'seguibl.ttf', 'seguibli.ttf', 'seguiemj.ttf', 'seguihis.ttf', 'seguili.ttf', 'seguisb.ttf', 'seguisbi.ttf', 'seguisli.ttf', 'seguisym.ttf', 'SegUIVar.ttf', 'sere1255.fon', 'sere1256.fon', 'sere1257.fon', 'serf1255.fon', 'serf1256.fon', 'serf1257.fon', 'serife.fon', 'serifee.fon', 'serifeg.fon', 'serifer.fon', 'serifet.fon', 'seriff.fon', 'seriffe.fon', 'seriffg.fon', 'seriffr.fon', 'serifft.fon', 'SHOWG.TTF', 'simfang.ttf', 'simhei.ttf', 'simkai.ttf', 'SIMLI.TTF', 'simsun.ttc', 'simsunb.ttf', 'SIMYOU.TTF', 'SitkaVF-Italic.ttf', 'SitkaVF.ttf', 'smae1255.fon', 'smae1256.fon', 'smae1257.fon', 'smaf1255.fon', 'smaf1256.fon', 'smaf1257.fon', 'smalle.fon', 'smallee.fon', 'smalleg.fon', 'smaller.fon', 'smallet.fon', 'smallf.fon', 'smallfe.fon', 'smallfg.fon', 'smallfr.fon', 'smallft.fon', 'SNAP____.TTF', 'ssee1255.fon', 'ssee1256.fon', 'ssee1257.fon', 'ssee874.fon', 'ssef1255.fon', 'ssef1256.fon', 'ssef1257.fon', 'ssef874.fon', 'sserife.fon', 'sserifee.fon', 'sserifeg.fon', 'sserifer.fon', 'sserifet.fon', 'sseriff.fon', 'sseriffe.fon', 'sseriffg.fon', 'sseriffr.fon', 'sserifft.fon', 'StaticCache.dat', 'STCAIYUN.TTF', 'STENCIL.TTF', 'STFANGSO.TTF', 'STHUPO.TTF', 'STKAITI.TTF', 'STLITI.TTF', 'STSONG.TTF', 'STXIHEI.TTF', 'STXINGKA.TTF', 'STXINWEI.TTF', 'STZHONGS.TTF', 'svgafix.fon', 'svgasys.fon', 'sylfaen.ttf', 'symbol.ttf', 'tahoma.ttf', 'tahomabd.ttf', 'taile.ttf', 'taileb.ttf', 'TCBI____.TTF', 'TCB_____.TTF', 'TCCB____.TTF', 'TCCEB.TTF', 'TCCM____.TTF', 'TCMI____.TTF', 'TCM_____.TTF', 'TEMPSITC.TTF', 'times.ttf', 'timesbd.ttf', 'timesbi.ttf', 'timesi.ttf', 'trebuc.ttf', 'trebucbd.ttf', 'trebucbi.ttf', 'trebucit.ttf', 'verdana.ttf', 'verdanab.ttf', 'verdanai.ttf', 'verdanaz.ttf', 'vga737.fon', 'vga775.fon', 'vga850.fon', 'vga852.fon', 'vga855.fon', 'vga857.fon', 'vga860.fon', 'vga861.fon', 'vga863.fon', 'vga865.fon', 'vga866.fon', 'vga869.fon', 'vga932.fon', 'vga936.fon', 'vga949.fon', 'vga950.fon', 'vgaf1255.fon', 'vgaf1256.fon', 'vgaf1257.fon', 'vgaf874.fon', 'vgafix.fon', 'vgafixe.fon', 'vgafixg.fon', 'vgafixr.fon', 'vgafixt.fon', 'vgaoem.fon', 'vgas1255.fon', 'vgas1256.fon', 'vgas1257.fon', 'vgas874.fon', 'vgasys.fon', 'vgasyse.fon', 'vgasysg.fon', 'vgasysr.fon', 'vgasyst.fon', 'VINERITC.TTF', 'VIVALDII.TTF', 'VLADIMIR.TTF', 'webdings.ttf', 'wingding.ttf', 'WINGDNG2.TTF', 'WINGDNG3.TTF', 'YuGothB.ttc', 'YuGothL.ttc', 'YuGothM.ttc', 'YuGothR.ttc', '\u534e\u5eb7\u65b9\u5706\u4f53W7.TTC', '\u65b9\u6b63\u7c97\u9ed1\u5b8b\u7b80\u4f53.ttf']
2023-09-27 16:00:30,610 - INFO - all fonts installed:['8514fix.fon', '8514fixe.fon', '8514fixg.fon', '8514fixr.fon', '8514fixt.fon', '8514oem.fon', '8514oeme.fon', '8514oemg.fon', '8514oemr.fon', '8514oemt.fon', '8514sys.fon', '8514syse.fon', '8514sysg.fon', '8514sysr.fon', '8514syst.fon', '85775.fon', '85855.fon', '85f1255.fon', '85f1256.fon', '85f1257.fon', '85f874.fon', '85s1255.fon', '85s1256.fon', '85s1257.fon', '85s874.fon', 'AGENCYB.TTF', 'AGENCYR.TTF', 'ALGER.TTF', 'ANTQUAB.TTF', 'ANTQUABI.TTF', 'ANTQUAI.TTF', 'app775.fon', 'app850.fon', 'app852.fon', 'app855.fon', 'app857.fon', 'app866.fon', 'app932.fon', 'app936.fon', 'app949.fon', 'app950.fon', 'arial.ttf', 'arialbd.ttf', 'arialbi.ttf', 'ariali.ttf', 'ARIALN.TTF', 'ARIALNB.TTF', 'ARIALNBI.TTF', 'ARIALNI.TTF', 'ariblk.ttf', 'ARLRDBD.TTF', 'AxureHandwriting-Bold.otf', 'AxureHandwriting-BoldItalic.otf', 'AxureHandwriting-Italic.otf', 'AxureHandwriting.otf', 'bahnschrift.ttf', 'BASKVILL.TTF', 'BAUHS93.TTF', 'BELL.TTF', 'BELLB.TTF', 'BELLI.TTF', 'BERNHC.TTF', 'BKANT.TTF', 'BOD_B.TTF', 'BOD_BI.TTF', 'BOD_BLAI.TTF', 'BOD_BLAR.TTF', 'BOD_CB.TTF', 'BOD_CBI.TTF', 'BOD_CI.TTF', 'BOD_CR.TTF', 'BOD_I.TTF', 'BOD_PSTC.TTF', 'BOD_R.TTF', 'BOOKOS.TTF', 'BOOKOSB.TTF', 'BOOKOSBI.TTF', 'BOOKOSI.TTF', 'BRADHITC.TTF', 'BRITANIC.TTF', 'BRLNSB.TTF', 'BRLNSDB.TTF', 'BRLNSR.TTF', 'BROADW.TTF', 'BRUSHSCI.TTF', 'BSSYM7.TTF', 'c8514fix.fon', 'c8514oem.fon', 'c8514sys.fon', 'calibri.ttf', 'calibrib.ttf', 'calibrii.ttf', 'calibril.ttf', 'calibrili.ttf', 'calibriz.ttf', 'CALIFB.TTF', 'CALIFI.TTF', 'CALIFR.TTF', 'CALIST.TTF', 'CALISTB.TTF', 'CALISTBI.TTF', 'CALISTI.TTF', 'cambria.ttc', 'cambriab.ttf', 'cambriai.ttf', 'cambriaz.ttf', 'Candara.ttf', 'Candarab.ttf', 'Candarai.ttf', 'Candaral.ttf', 'Candarali.ttf', 'Candaraz.ttf', 'CascadiaCode.ttf', 'CascadiaMono.ttf', 'CASTELAR.TTF', 'CENSCBK.TTF', 'CENTAUR.TTF', 'CENTURY.TTF', 'cga40737.fon', 'cga40850.fon', 'cga40852.fon', 'cga40857.fon', 'cga40866.fon', 'cga40869.fon', 'cga40woa.fon', 'cga80737.fon', 'cga80850.fon', 'cga80852.fon', 'cga80857.fon', 'cga80866.fon', 'cga80869.fon', 'cga80woa.fon', 'CHILLER.TTF', 'COLONNA.TTF', 'comic.ttf', 'comicbd.ttf', 'comici.ttf', 'comicz.ttf', 'consola.ttf', 'consolab.ttf', 'consolai.ttf', 'consolaz.ttf', 'constan.ttf', 'constanb.ttf', 'constani.ttf', 'constanz.ttf', 'COOPBL.TTF', 'COPRGTB.TTF', 'COPRGTL.TTF', 'corbel.ttf', 'corbelb.ttf', 'corbeli.ttf', 'corbell.ttf', 'corbelli.ttf', 'corbelz.ttf', 'coue1255.fon', 'coue1256.fon', 'coue1257.fon', 'couf1255.fon', 'couf1256.fon', 'couf1257.fon', 'cour.ttf', 'courbd.ttf', 'courbi.ttf', 'coure.fon', 'couree.fon', 'coureg.fon', 'courer.fon', 'couret.fon', 'courf.fon', 'courfe.fon', 'courfg.fon', 'courfr.fon', 'courft.fon', 'couri.ttf', 'CURLZ___.TTF', 'cvgafix.fon', 'cvgasys.fon', 'Deng.ttf', 'Dengb.ttf', 'Dengl.ttf', 'desktop.ini', 'dos737.fon', 'dos869.fon', 'dosapp.fon', 'DUBAI-BOLD.TTF', 'DUBAI-LIGHT.TTF', 'DUBAI-MEDIUM.TTF', 'DUBAI-REGULAR.TTF', 'ebrima.ttf', 'ebrimabd.ttf', 'ega40737.fon', 'ega40850.fon', 'ega40852.fon', 'ega40857.fon', 'ega40866.fon', 'ega40869.fon', 'ega40woa.fon', 'ega80737.fon', 'ega80850.fon', 'ega80852.fon', 'ega80857.fon', 'ega80866.fon', 'ega80869.fon', 'ega80woa.fon', 'ELEPHNT.TTF', 'ELEPHNTI.TTF', 'ENGR.TTF', 'ERASBD.TTF', 'ERASDEMI.TTF', 'ERASLGHT.TTF', 'ERASMD.TTF', 'FELIXTI.TTF', 'fms_metadata.xml', 'FORTE.TTF', 'FRABK.TTF', 'FRABKIT.TTF', 'FRADM.TTF', 'FRADMCN.TTF', 'FRADMIT.TTF', 'FRAHV.TTF', 'FRAHVIT.TTF', 'framd.ttf', 'FRAMDCN.TTF', 'framdit.ttf', 'FREESCPT.TTF', 'FRSCRIPT.TTF', 'FTLTLT.TTF', 'FZSTK.TTF', 'FZYTK.TTF', 'Gabriola.ttf', 'gadugi.ttf', 'gadugib.ttf', 'GARA.TTF', 'GARABD.TTF', 'GARAIT.TTF', 'georgia.ttf', 'georgiab.ttf', 'georgiai.ttf', 'georgiaz.ttf', 'GIGI.TTF', 'GILBI___.TTF', 'GILB____.TTF', 'GILC____.TTF', 'GILI____.TTF', 'GILLUBCD.TTF', 'GILSANUB.TTF', 'GIL_____.TTF', 'GLECB.TTF', 'GlobalMonospace.CompositeFont', 'GlobalSansSerif.CompositeFont', 'GlobalSerif.CompositeFont', 'GlobalUserInterface.CompositeFont', 'GLSNECB.TTF', 'GOTHIC.TTF', 'GOTHICB.TTF', 'GOTHICBI.TTF', 'GOTHICI.TTF', 'GOUDOS.TTF', 'GOUDOSB.TTF', 'GOUDOSI.TTF', 'GOUDYSTO.TTF', 'h8514fix.fon', 'h8514oem.fon', 'h8514sys.fon', 'HARLOWSI.TTF', 'HARNGTON.TTF', 'HATTEN.TTF', 'HGB1X_CNKI.ttf', 'HGB1_CNKI.ttf', 'HGB2X_CNKI.ttf', 'HGB2_CNKI.ttf', 'HGB3X_CNKI.ttf', 'HGB3_CNKI.ttf', 'HGB4X_CNKI.ttf', 'HGB4_CNKI.ttf', 'HGB5X_CNKI.ttf', 'HGB5_CNKI.ttf', 'HGB6X_CNKI.ttf', 'HGB6_CNKI.ttf', 'HGB7X_CNKI.ttf', 'HGB7_CNKI.ttf', 'HGB8X_CNKI.ttf', 'HGB8_CNKI.ttf', 'HGBD_CNKI.ttf', 'HGBKBX_CNKI.ttf', 'HGBKB_CNKI.ttf', 'HGBKHX_CNKI.ttf', 'HGBKH_CNKI.ttf', 'HGBS1_CNKI.TTF', 'HGBS2_CNKI.TTF', 'HGBS_CNKI.TTF', 'HGBTH_CNKI.TTF', 'HGBTS_CNKI.TTF', 'HGBX_CNKI.ttf', 'HGBZ_CNKI.ttf', 'HGCH_CNKI.TTF', 'HGCUH_CNKI.TTF', 'HGCY_CNKI.TTF', 'HGDBS_CNKI.TTF', 'HGDGY_CNKI.TTF', 'HGDH2_CNKI.TTF', 'HGDH_CNKI.TTF', 'HGDYS_CNKI.TTF', 'HGDY_CNKI.ttf', 'HGF1X_CNKI.ttf', 'HGF1_CNKI.ttf', 'HGF2X_CNKI.ttf', 'HGF2_CNKI.ttf', 'HGF3_CNKI.ttf', 'HGF4X_CNKI.ttf', 'HGF4_CNKI.ttf', 'HGF5X_CNKI.ttf', 'HGF5_CNKI.ttf', 'HGF6X_CNKI.ttf', 'HGF6_CNKI.ttf', 'HGF7X_CNKI.ttf', 'HGF7_CNKI.ttf', 'HGF8_CNKI.ttf', 'HGF9X_CNKI.ttf', 'HGF9_CNKI.ttf', 'HGFS1_CNKI.TTF', 'HGFS2_CNKI.TTF', 'HGFSH_CNKI.TTF', 'HGFS_CNKI.TTF', 'HGFX_CNKI.ttf', 'HGFZ_CNKI.ttf', 'HGGG_CNKI.TTF', 'HGH1X_CNKI.ttf', 'HGH1_CNKI.ttf', 'HGH2X_CNKI.ttf', 'HGH2_CNKI.ttf', 'HGH3X_CNKI.ttf', 'HGH3_CNKI.ttf', 'HGH4X_CNKI.ttf', 'HGH4_CNKI.ttf', 'HGH5X_CNKI.ttf', 'HGH5_CNKI.ttf', 'HGH6X_CNKI.ttf', 'HGH6_CNKI.ttf', 'HGH7X_CNKI.ttf', 'HGH7_CNKI.ttf', 'HGHB_CNKI.TTF', 'HGHD_CNKI.ttf', 'HGHP_CNKI.TTF', 'HGHT1_CNKI.ttf', 'HGHT2_CNKI.ttf', 'HGHUATI_CNKI.ttf', 'HGHX_CNKI.ttf', 'HGHZ_CNKI.ttf', 'HGH_CNKI.TTF', 'HGKT1_CNKI.TTF', 'HGKT2_CNKI.TTF', 'HGKT_CNKI.TTF', 'HGKY_CNKI.ttf', 'HGLB_CNKI.TTF', 'HGLS_CNKI.TTF', 'HGMH_CNKI.TTF', 'HGNBS_CNKI.ttf', 'HGOCR_CNKI.ttf', 'HGPH_CNKI.TTF', 'HGPTY_CNKI.TTF', 'HGSS1_CNKI.TTF', 'HGSS2_CNKI.TTF', 'HGSS_CNKI.TTF', 'HGSXT_CNKI.ttf', 'HGTT_CNKI.ttf', 'HGTX_CNKI.TTF', 'HGWT_CNKI.TTF', 'HGWYS_CNKI.TTF', 'HGX1X_CNKI.ttf', 'HGX1_CNKI.ttf', 'HGXBS_CNKI.TTF', 'HGXC_CNKI.TTF', 'HGXF1_CNKI.ttf', 'HGXFX_CNKI.ttf', 'HGXFZ_CNKI.ttf', 'HGXH1_CNKI.TTF', 'HGXH_CNKI.TTF', 'HGXK_CNKI.TTF', 'HGXL_CNKI.TTF', 'HGXS_CNKI.TTF', 'HGXT_CNKI.ttf', 'HGXY_CNKI.ttf', 'HGY1_CNKI.TTF', 'HGY2_CNKI.TTF', 'HGY3_CNKI.TTF', 'HGY4_CNKI.TTF', 'HGYB_CNKI.ttf', 'HGYT1_CNKI.ttf', 'HGYT2_CNKI.ttf', 'HGYT_CNKI.TTF', 'HGYX_CNKI.TTF', 'HGZCS_CNKI.TTF', 'HGZDX_CNKI.TTF', 'HGZK_CNKI.TTF', 'HGZYT_CNKI.TTF', 'HGZY_CNKI.TTF', 'himalaya.ttf', 'holomdl2.ttf', 'HTOWERT.TTF', 'HTOWERTI.TTF', 'hvgafix.fon', 'hvgasys.fon', 'impact.ttf', 'IMPRISHA.TTF', 'INFROMAN.TTF', 'Inkfree.ttf', 'iqiyi_logov7.ttf', 'ITCBLKAD.TTF', 'ITCEDSCR.TTF', 'ITCKRIST.TTF', 'j8514fix.fon', 'j8514oem.fon', 'j8514sys.fon', 'javatext.ttf', 'JOKERMAN.TTF', 'jsmalle.fon', 'jsmallf.fon', 'JUICE___.TTF', 'jvgafix.fon', 'jvgasys.fon', 'KUNSTLER.TTF', 'LATINWD.TTF', 'LBRITE.TTF', 'LBRITED.TTF', 'LBRITEDI.TTF', 'LBRITEI.TTF', 'LCALLIG.TTF', 'LeelaUIb.ttf', 'LeelawUI.ttf', 'LeelUIsl.ttf', 'LFAX.TTF', 'LFAXD.TTF', 'LFAXDI.TTF', 'LFAXI.TTF', 'LHANDW.TTF', 'LSANS.TTF', 'LSANSD.TTF', 'LSANSDI.TTF', 'LSANSI.TTF', 'LTYPE.TTF', 'LTYPEB.TTF', 'LTYPEBO.TTF', 'LTYPEO.TTF', 'lucon.ttf', 'l_10646.ttf', 'MAGNETOB.TTF', 'MAIAN.TTF', 'malgun.ttf', 'malgunbd.ttf', 'malgunsl.ttf', 'marlett.ttf', 'MATURASC.TTF', 'micross.ttf', 'mingliub.ttc', 'MISTRAL.TTF', 'mmrtext.ttf', 'mmrtextb.ttf', 'MOD20.TTF', 'modern.fon', 'monbaiti.ttf', 'msgothic.ttc', 'msjh.ttc', 'msjhbd.ttc', 'msjhl.ttc', 'msyh.ttc', 'msyhbd.ttc', 'msyhl.ttc', 'msyi.ttf', 'MTCORSVA.TTF', 'MTEXTRA.TTF', 'mvboli.ttf', 'NIAGENG.TTF', 'NIAGSOL.TTF', 'Nirmala.ttf', 'NirmalaB.ttf', 'NirmalaS.ttf', 'ntailu.ttf', 'ntailub.ttf', 'NumberOnly.ttf', 'OCRAEXT.TTF', 'OLDENGL.TTF', 'ONYX.TTF', 'OUTLOOK.TTF', 'pala.ttf', 'palab.ttf', 'palabi.ttf', 'palai.ttf', 'PALSCRI.TTF', 'PAPYRUS.TTF', 'PARCHM.TTF', 'PERBI___.TTF', 'PERB____.TTF', 'PERI____.TTF', 'PERTIBD.TTF', 'PERTILI.TTF', 'PER_____.TTF', 'phagspa.ttf', 'phagspab.ttf', 'PLAYBILL.TTF', 'POORICH.TTF', 'PRISTINA.TTF', 'RAGE.TTF', 'RAVIE.TTF', 'REFSAN.TTF', 'REFSPCL.TTF', 'ROCCB___.TTF', 'ROCC____.TTF', 'ROCK.TTF', 'ROCKB.TTF', 'ROCKBI.TTF', 'ROCKEB.TTF', 'ROCKI.TTF', 'roman.fon', 's8514fix.fon', 's8514oem.fon', 's8514sys.fon', 'SCHLBKB.TTF', 'SCHLBKBI.TTF', 'SCHLBKI.TTF', 'script.fon', 'SCRIPTBL.TTF', 'segmdl2.ttf', 'SegoeIcons.ttf', 'segoepr.ttf', 'segoeprb.ttf', 'segoesc.ttf', 'segoescb.ttf', 'segoeui.ttf', 'segoeuib.ttf', 'segoeuii.ttf', 'segoeuil.ttf', 'segoeuisl.ttf', 'segoeuiz.ttf', 'seguibl.ttf', 'seguibli.ttf', 'seguiemj.ttf', 'seguihis.ttf', 'seguili.ttf', 'seguisb.ttf', 'seguisbi.ttf', 'seguisli.ttf', 'seguisym.ttf', 'SegUIVar.ttf', 'sere1255.fon', 'sere1256.fon', 'sere1257.fon', 'serf1255.fon', 'serf1256.fon', 'serf1257.fon', 'serife.fon', 'serifee.fon', 'serifeg.fon', 'serifer.fon', 'serifet.fon', 'seriff.fon', 'seriffe.fon', 'seriffg.fon', 'seriffr.fon', 'serifft.fon', 'SHOWG.TTF', 'simfang.ttf', 'simhei.ttf', 'simkai.ttf', 'SIMLI.TTF', 'simsun.ttc', 'simsunb.ttf', 'SIMYOU.TTF', 'SitkaVF-Italic.ttf', 'SitkaVF.ttf', 'smae1255.fon', 'smae1256.fon', 'smae1257.fon', 'smaf1255.fon', 'smaf1256.fon', 'smaf1257.fon', 'smalle.fon', 'smallee.fon', 'smalleg.fon', 'smaller.fon', 'smallet.fon', 'smallf.fon', 'smallfe.fon', 'smallfg.fon', 'smallfr.fon', 'smallft.fon', 'SNAP____.TTF', 'ssee1255.fon', 'ssee1256.fon', 'ssee1257.fon', 'ssee874.fon', 'ssef1255.fon', 'ssef1256.fon', 'ssef1257.fon', 'ssef874.fon', 'sserife.fon', 'sserifee.fon', 'sserifeg.fon', 'sserifer.fon', 'sserifet.fon', 'sseriff.fon', 'sseriffe.fon', 'sseriffg.fon', 'sseriffr.fon', 'sserifft.fon', 'StaticCache.dat', 'STCAIYUN.TTF', 'STENCIL.TTF', 'STFANGSO.TTF', 'STHUPO.TTF', 'STKAITI.TTF', 'STLITI.TTF', 'STSONG.TTF', 'STXIHEI.TTF', 'STXINGKA.TTF', 'STXINWEI.TTF', 'STZHONGS.TTF', 'svgafix.fon', 'svgasys.fon', 'sylfaen.ttf', 'symbol.ttf', 'tahoma.ttf', 'tahomabd.ttf', 'taile.ttf', 'taileb.ttf', 'TCBI____.TTF', 'TCB_____.TTF', 'TCCB____.TTF', 'TCCEB.TTF', 'TCCM____.TTF', 'TCMI____.TTF', 'TCM_____.TTF', 'TEMPSITC.TTF', 'times.ttf', 'timesbd.ttf', 'timesbi.ttf', 'timesi.ttf', 'trebuc.ttf', 'trebucbd.ttf', 'trebucbi.ttf', 'trebucit.ttf', 'verdana.ttf', 'verdanab.ttf', 'verdanai.ttf', 'verdanaz.ttf', 'vga737.fon', 'vga775.fon', 'vga850.fon', 'vga852.fon', 'vga855.fon', 'vga857.fon', 'vga860.fon', 'vga861.fon', 'vga863.fon', 'vga865.fon', 'vga866.fon', 'vga869.fon', 'vga932.fon', 'vga936.fon', 'vga949.fon', 'vga950.fon', 'vgaf1255.fon', 'vgaf1256.fon', 'vgaf1257.fon', 'vgaf874.fon', 'vgafix.fon', 'vgafixe.fon', 'vgafixg.fon', 'vgafixr.fon', 'vgafixt.fon', 'vgaoem.fon', 'vgas1255.fon', 'vgas1256.fon', 'vgas1257.fon', 'vgas874.fon', 'vgasys.fon', 'vgasyse.fon', 'vgasysg.fon', 'vgasysr.fon', 'vgasyst.fon', 'VINERITC.TTF', 'VIVALDII.TTF', 'VLADIMIR.TTF', 'webdings.ttf', 'wingding.ttf', 'WINGDNG2.TTF', 'WINGDNG3.TTF', 'YuGothB.ttc', 'YuGothL.ttc', 'YuGothM.ttc', 'YuGothR.ttc', '\u534e\u5eb7\u65b9\u5706\u4f53W7.TTC', '\u65b9\u6b63\u7c97\u9ed1\u5b8b\u7b80\u4f53.ttf']
2023-09-27 16:00:30,616 - INFO - all fonts installed:['8514fix.fon', '8514fixe.fon', '8514fixg.fon', '8514fixr.fon', '8514fixt.fon', '8514oem.fon', '8514oeme.fon', '8514oemg.fon', '8514oemr.fon', '8514oemt.fon', '8514sys.fon', '8514syse.fon', '8514sysg.fon', '8514sysr.fon', '8514syst.fon', '85775.fon', '85855.fon', '85f1255.fon', '85f1256.fon', '85f1257.fon', '85f874.fon', '85s1255.fon', '85s1256.fon', '85s1257.fon', '85s874.fon', 'AGENCYB.TTF', 'AGENCYR.TTF', 'ALGER.TTF', 'ANTQUAB.TTF', 'ANTQUABI.TTF', 'ANTQUAI.TTF', 'app775.fon', 'app850.fon', 'app852.fon', 'app855.fon', 'app857.fon', 'app866.fon', 'app932.fon', 'app936.fon', 'app949.fon', 'app950.fon', 'arial.ttf', 'arialbd.ttf', 'arialbi.ttf', 'ariali.ttf', 'ARIALN.TTF', 'ARIALNB.TTF', 'ARIALNBI.TTF', 'ARIALNI.TTF', 'ariblk.ttf', 'ARLRDBD.TTF', 'AxureHandwriting-Bold.otf', 'AxureHandwriting-BoldItalic.otf', 'AxureHandwriting-Italic.otf', 'AxureHandwriting.otf', 'bahnschrift.ttf', 'BASKVILL.TTF', 'BAUHS93.TTF', 'BELL.TTF', 'BELLB.TTF', 'BELLI.TTF', 'BERNHC.TTF', 'BKANT.TTF', 'BOD_B.TTF', 'BOD_BI.TTF', 'BOD_BLAI.TTF', 'BOD_BLAR.TTF', 'BOD_CB.TTF', 'BOD_CBI.TTF', 'BOD_CI.TTF', 'BOD_CR.TTF', 'BOD_I.TTF', 'BOD_PSTC.TTF', 'BOD_R.TTF', 'BOOKOS.TTF', 'BOOKOSB.TTF', 'BOOKOSBI.TTF', 'BOOKOSI.TTF', 'BRADHITC.TTF', 'BRITANIC.TTF', 'BRLNSB.TTF', 'BRLNSDB.TTF', 'BRLNSR.TTF', 'BROADW.TTF', 'BRUSHSCI.TTF', 'BSSYM7.TTF', 'c8514fix.fon', 'c8514oem.fon', 'c8514sys.fon', 'calibri.ttf', 'calibrib.ttf', 'calibrii.ttf', 'calibril.ttf', 'calibrili.ttf', 'calibriz.ttf', 'CALIFB.TTF', 'CALIFI.TTF', 'CALIFR.TTF', 'CALIST.TTF', 'CALISTB.TTF', 'CALISTBI.TTF', 'CALISTI.TTF', 'cambria.ttc', 'cambriab.ttf', 'cambriai.ttf', 'cambriaz.ttf', 'Candara.ttf', 'Candarab.ttf', 'Candarai.ttf', 'Candaral.ttf', 'Candarali.ttf', 'Candaraz.ttf', 'CascadiaCode.ttf', 'CascadiaMono.ttf', 'CASTELAR.TTF', 'CENSCBK.TTF', 'CENTAUR.TTF', 'CENTURY.TTF', 'cga40737.fon', 'cga40850.fon', 'cga40852.fon', 'cga40857.fon', 'cga40866.fon', 'cga40869.fon', 'cga40woa.fon', 'cga80737.fon', 'cga80850.fon', 'cga80852.fon', 'cga80857.fon', 'cga80866.fon', 'cga80869.fon', 'cga80woa.fon', 'CHILLER.TTF', 'COLONNA.TTF', 'comic.ttf', 'comicbd.ttf', 'comici.ttf', 'comicz.ttf', 'consola.ttf', 'consolab.ttf', 'consolai.ttf', 'consolaz.ttf', 'constan.ttf', 'constanb.ttf', 'constani.ttf', 'constanz.ttf', 'COOPBL.TTF', 'COPRGTB.TTF', 'COPRGTL.TTF', 'corbel.ttf', 'corbelb.ttf', 'corbeli.ttf', 'corbell.ttf', 'corbelli.ttf', 'corbelz.ttf', 'coue1255.fon', 'coue1256.fon', 'coue1257.fon', 'couf1255.fon', 'couf1256.fon', 'couf1257.fon', 'cour.ttf', 'courbd.ttf', 'courbi.ttf', 'coure.fon', 'couree.fon', 'coureg.fon', 'courer.fon', 'couret.fon', 'courf.fon', 'courfe.fon', 'courfg.fon', 'courfr.fon', 'courft.fon', 'couri.ttf', 'CURLZ___.TTF', 'cvgafix.fon', 'cvgasys.fon', 'Deng.ttf', 'Dengb.ttf', 'Dengl.ttf', 'desktop.ini', 'dos737.fon', 'dos869.fon', 'dosapp.fon', 'DUBAI-BOLD.TTF', 'DUBAI-LIGHT.TTF', 'DUBAI-MEDIUM.TTF', 'DUBAI-REGULAR.TTF', 'ebrima.ttf', 'ebrimabd.ttf', 'ega40737.fon', 'ega40850.fon', 'ega40852.fon', 'ega40857.fon', 'ega40866.fon', 'ega40869.fon', 'ega40woa.fon', 'ega80737.fon', 'ega80850.fon', 'ega80852.fon', 'ega80857.fon', 'ega80866.fon', 'ega80869.fon', 'ega80woa.fon', 'ELEPHNT.TTF', 'ELEPHNTI.TTF', 'ENGR.TTF', 'ERASBD.TTF', 'ERASDEMI.TTF', 'ERASLGHT.TTF', 'ERASMD.TTF', 'FELIXTI.TTF', 'fms_metadata.xml', 'FORTE.TTF', 'FRABK.TTF', 'FRABKIT.TTF', 'FRADM.TTF', 'FRADMCN.TTF', 'FRADMIT.TTF', 'FRAHV.TTF', 'FRAHVIT.TTF', 'framd.ttf', 'FRAMDCN.TTF', 'framdit.ttf', 'FREESCPT.TTF', 'FRSCRIPT.TTF', 'FTLTLT.TTF', 'FZSTK.TTF', 'FZYTK.TTF', 'Gabriola.ttf', 'gadugi.ttf', 'gadugib.ttf', 'GARA.TTF', 'GARABD.TTF', 'GARAIT.TTF', 'georgia.ttf', 'georgiab.ttf', 'georgiai.ttf', 'georgiaz.ttf', 'GIGI.TTF', 'GILBI___.TTF', 'GILB____.TTF', 'GILC____.TTF', 'GILI____.TTF', 'GILLUBCD.TTF', 'GILSANUB.TTF', 'GIL_____.TTF', 'GLECB.TTF', 'GlobalMonospace.CompositeFont', 'GlobalSansSerif.CompositeFont', 'GlobalSerif.CompositeFont', 'GlobalUserInterface.CompositeFont', 'GLSNECB.TTF', 'GOTHIC.TTF', 'GOTHICB.TTF', 'GOTHICBI.TTF', 'GOTHICI.TTF', 'GOUDOS.TTF', 'GOUDOSB.TTF', 'GOUDOSI.TTF', 'GOUDYSTO.TTF', 'h8514fix.fon', 'h8514oem.fon', 'h8514sys.fon', 'HARLOWSI.TTF', 'HARNGTON.TTF', 'HATTEN.TTF', 'HGB1X_CNKI.ttf', 'HGB1_CNKI.ttf', 'HGB2X_CNKI.ttf', 'HGB2_CNKI.ttf', 'HGB3X_CNKI.ttf', 'HGB3_CNKI.ttf', 'HGB4X_CNKI.ttf', 'HGB4_CNKI.ttf', 'HGB5X_CNKI.ttf', 'HGB5_CNKI.ttf', 'HGB6X_CNKI.ttf', 'HGB6_CNKI.ttf', 'HGB7X_CNKI.ttf', 'HGB7_CNKI.ttf', 'HGB8X_CNKI.ttf', 'HGB8_CNKI.ttf', 'HGBD_CNKI.ttf', 'HGBKBX_CNKI.ttf', 'HGBKB_CNKI.ttf', 'HGBKHX_CNKI.ttf', 'HGBKH_CNKI.ttf', 'HGBS1_CNKI.TTF', 'HGBS2_CNKI.TTF', 'HGBS_CNKI.TTF', 'HGBTH_CNKI.TTF', 'HGBTS_CNKI.TTF', 'HGBX_CNKI.ttf', 'HGBZ_CNKI.ttf', 'HGCH_CNKI.TTF', 'HGCUH_CNKI.TTF', 'HGCY_CNKI.TTF', 'HGDBS_CNKI.TTF', 'HGDGY_CNKI.TTF', 'HGDH2_CNKI.TTF', 'HGDH_CNKI.TTF', 'HGDYS_CNKI.TTF', 'HGDY_CNKI.ttf', 'HGF1X_CNKI.ttf', 'HGF1_CNKI.ttf', 'HGF2X_CNKI.ttf', 'HGF2_CNKI.ttf', 'HGF3_CNKI.ttf', 'HGF4X_CNKI.ttf', 'HGF4_CNKI.ttf', 'HGF5X_CNKI.ttf', 'HGF5_CNKI.ttf', 'HGF6X_CNKI.ttf', 'HGF6_CNKI.ttf', 'HGF7X_CNKI.ttf', 'HGF7_CNKI.ttf', 'HGF8_CNKI.ttf', 'HGF9X_CNKI.ttf', 'HGF9_CNKI.ttf', 'HGFS1_CNKI.TTF', 'HGFS2_CNKI.TTF', 'HGFSH_CNKI.TTF', 'HGFS_CNKI.TTF', 'HGFX_CNKI.ttf', 'HGFZ_CNKI.ttf', 'HGGG_CNKI.TTF', 'HGH1X_CNKI.ttf', 'HGH1_CNKI.ttf', 'HGH2X_CNKI.ttf', 'HGH2_CNKI.ttf', 'HGH3X_CNKI.ttf', 'HGH3_CNKI.ttf', 'HGH4X_CNKI.ttf', 'HGH4_CNKI.ttf', 'HGH5X_CNKI.ttf', 'HGH5_CNKI.ttf', 'HGH6X_CNKI.ttf', 'HGH6_CNKI.ttf', 'HGH7X_CNKI.ttf', 'HGH7_CNKI.ttf', 'HGHB_CNKI.TTF', 'HGHD_CNKI.ttf', 'HGHP_CNKI.TTF', 'HGHT1_CNKI.ttf', 'HGHT2_CNKI.ttf', 'HGHUATI_CNKI.ttf', 'HGHX_CNKI.ttf', 'HGHZ_CNKI.ttf', 'HGH_CNKI.TTF', 'HGKT1_CNKI.TTF', 'HGKT2_CNKI.TTF', 'HGKT_CNKI.TTF', 'HGKY_CNKI.ttf', 'HGLB_CNKI.TTF', 'HGLS_CNKI.TTF', 'HGMH_CNKI.TTF', 'HGNBS_CNKI.ttf', 'HGOCR_CNKI.ttf', 'HGPH_CNKI.TTF', 'HGPTY_CNKI.TTF', 'HGSS1_CNKI.TTF', 'HGSS2_CNKI.TTF', 'HGSS_CNKI.TTF', 'HGSXT_CNKI.ttf', 'HGTT_CNKI.ttf', 'HGTX_CNKI.TTF', 'HGWT_CNKI.TTF', 'HGWYS_CNKI.TTF', 'HGX1X_CNKI.ttf', 'HGX1_CNKI.ttf', 'HGXBS_CNKI.TTF', 'HGXC_CNKI.TTF', 'HGXF1_CNKI.ttf', 'HGXFX_CNKI.ttf', 'HGXFZ_CNKI.ttf', 'HGXH1_CNKI.TTF', 'HGXH_CNKI.TTF', 'HGXK_CNKI.TTF', 'HGXL_CNKI.TTF', 'HGXS_CNKI.TTF', 'HGXT_CNKI.ttf', 'HGXY_CNKI.ttf', 'HGY1_CNKI.TTF', 'HGY2_CNKI.TTF', 'HGY3_CNKI.TTF', 'HGY4_CNKI.TTF', 'HGYB_CNKI.ttf', 'HGYT1_CNKI.ttf', 'HGYT2_CNKI.ttf', 'HGYT_CNKI.TTF', 'HGYX_CNKI.TTF', 'HGZCS_CNKI.TTF', 'HGZDX_CNKI.TTF', 'HGZK_CNKI.TTF', 'HGZYT_CNKI.TTF', 'HGZY_CNKI.TTF', 'himalaya.ttf', 'holomdl2.ttf', 'HTOWERT.TTF', 'HTOWERTI.TTF', 'hvgafix.fon', 'hvgasys.fon', 'impact.ttf', 'IMPRISHA.TTF', 'INFROMAN.TTF', 'Inkfree.ttf', 'iqiyi_logov7.ttf', 'ITCBLKAD.TTF', 'ITCEDSCR.TTF', 'ITCKRIST.TTF', 'j8514fix.fon', 'j8514oem.fon', 'j8514sys.fon', 'javatext.ttf', 'JOKERMAN.TTF', 'jsmalle.fon', 'jsmallf.fon', 'JUICE___.TTF', 'jvgafix.fon', 'jvgasys.fon', 'KUNSTLER.TTF', 'LATINWD.TTF', 'LBRITE.TTF', 'LBRITED.TTF', 'LBRITEDI.TTF', 'LBRITEI.TTF', 'LCALLIG.TTF', 'LeelaUIb.ttf', 'LeelawUI.ttf', 'LeelUIsl.ttf', 'LFAX.TTF', 'LFAXD.TTF', 'LFAXDI.TTF', 'LFAXI.TTF', 'LHANDW.TTF', 'LSANS.TTF', 'LSANSD.TTF', 'LSANSDI.TTF', 'LSANSI.TTF', 'LTYPE.TTF', 'LTYPEB.TTF', 'LTYPEBO.TTF', 'LTYPEO.TTF', 'lucon.ttf', 'l_10646.ttf', 'MAGNETOB.TTF', 'MAIAN.TTF', 'malgun.ttf', 'malgunbd.ttf', 'malgunsl.ttf', 'marlett.ttf', 'MATURASC.TTF', 'micross.ttf', 'mingliub.ttc', 'MISTRAL.TTF', 'mmrtext.ttf', 'mmrtextb.ttf', 'MOD20.TTF', 'modern.fon', 'monbaiti.ttf', 'msgothic.ttc', 'msjh.ttc', 'msjhbd.ttc', 'msjhl.ttc', 'msyh.ttc', 'msyhbd.ttc', 'msyhl.ttc', 'msyi.ttf', 'MTCORSVA.TTF', 'MTEXTRA.TTF', 'mvboli.ttf', 'NIAGENG.TTF', 'NIAGSOL.TTF', 'Nirmala.ttf', 'NirmalaB.ttf', 'NirmalaS.ttf', 'ntailu.ttf', 'ntailub.ttf', 'NumberOnly.ttf', 'OCRAEXT.TTF', 'OLDENGL.TTF', 'ONYX.TTF', 'OUTLOOK.TTF', 'pala.ttf', 'palab.ttf', 'palabi.ttf', 'palai.ttf', 'PALSCRI.TTF', 'PAPYRUS.TTF', 'PARCHM.TTF', 'PERBI___.TTF', 'PERB____.TTF', 'PERI____.TTF', 'PERTIBD.TTF', 'PERTILI.TTF', 'PER_____.TTF', 'phagspa.ttf', 'phagspab.ttf', 'PLAYBILL.TTF', 'POORICH.TTF', 'PRISTINA.TTF', 'RAGE.TTF', 'RAVIE.TTF', 'REFSAN.TTF', 'REFSPCL.TTF', 'ROCCB___.TTF', 'ROCC____.TTF', 'ROCK.TTF', 'ROCKB.TTF', 'ROCKBI.TTF', 'ROCKEB.TTF', 'ROCKI.TTF', 'roman.fon', 's8514fix.fon', 's8514oem.fon', 's8514sys.fon', 'SCHLBKB.TTF', 'SCHLBKBI.TTF', 'SCHLBKI.TTF', 'script.fon', 'SCRIPTBL.TTF', 'segmdl2.ttf', 'SegoeIcons.ttf', 'segoepr.ttf', 'segoeprb.ttf', 'segoesc.ttf', 'segoescb.ttf', 'segoeui.ttf', 'segoeuib.ttf', 'segoeuii.ttf', 'segoeuil.ttf', 'segoeuisl.ttf', 'segoeuiz.ttf', 'seguibl.ttf', 'seguibli.ttf', 'seguiemj.ttf', 'seguihis.ttf', 'seguili.ttf', 'seguisb.ttf', 'seguisbi.ttf', 'seguisli.ttf', 'seguisym.ttf', 'SegUIVar.ttf', 'sere1255.fon', 'sere1256.fon', 'sere1257.fon', 'serf1255.fon', 'serf1256.fon', 'serf1257.fon', 'serife.fon', 'serifee.fon', 'serifeg.fon', 'serifer.fon', 'serifet.fon', 'seriff.fon', 'seriffe.fon', 'seriffg.fon', 'seriffr.fon', 'serifft.fon', 'SHOWG.TTF', 'simfang.ttf', 'simhei.ttf', 'simkai.ttf', 'SIMLI.TTF', 'simsun.ttc', 'simsunb.ttf', 'SIMYOU.TTF', 'SitkaVF-Italic.ttf', 'SitkaVF.ttf', 'smae1255.fon', 'smae1256.fon', 'smae1257.fon', 'smaf1255.fon', 'smaf1256.fon', 'smaf1257.fon', 'smalle.fon', 'smallee.fon', 'smalleg.fon', 'smaller.fon', 'smallet.fon', 'smallf.fon', 'smallfe.fon', 'smallfg.fon', 'smallfr.fon', 'smallft.fon', 'SNAP____.TTF', 'ssee1255.fon', 'ssee1256.fon', 'ssee1257.fon', 'ssee874.fon', 'ssef1255.fon', 'ssef1256.fon', 'ssef1257.fon', 'ssef874.fon', 'sserife.fon', 'sserifee.fon', 'sserifeg.fon', 'sserifer.fon', 'sserifet.fon', 'sseriff.fon', 'sseriffe.fon', 'sseriffg.fon', 'sseriffr.fon', 'sserifft.fon', 'StaticCache.dat', 'STCAIYUN.TTF', 'STENCIL.TTF', 'STFANGSO.TTF', 'STHUPO.TTF', 'STKAITI.TTF', 'STLITI.TTF', 'STSONG.TTF', 'STXIHEI.TTF', 'STXINGKA.TTF', 'STXINWEI.TTF', 'STZHONGS.TTF', 'svgafix.fon', 'svgasys.fon', 'sylfaen.ttf', 'symbol.ttf', 'tahoma.ttf', 'tahomabd.ttf', 'taile.ttf', 'taileb.ttf', 'TCBI____.TTF', 'TCB_____.TTF', 'TCCB____.TTF', 'TCCEB.TTF', 'TCCM____.TTF', 'TCMI____.TTF', 'TCM_____.TTF', 'TEMPSITC.TTF', 'times.ttf', 'timesbd.ttf', 'timesbi.ttf', 'timesi.ttf', 'trebuc.ttf', 'trebucbd.ttf', 'trebucbi.ttf', 'trebucit.ttf', 'verdana.ttf', 'verdanab.ttf', 'verdanai.ttf', 'verdanaz.ttf', 'vga737.fon', 'vga775.fon', 'vga850.fon', 'vga852.fon', 'vga855.fon', 'vga857.fon', 'vga860.fon', 'vga861.fon', 'vga863.fon', 'vga865.fon', 'vga866.fon', 'vga869.fon', 'vga932.fon', 'vga936.fon', 'vga949.fon', 'vga950.fon', 'vgaf1255.fon', 'vgaf1256.fon', 'vgaf1257.fon', 'vgaf874.fon', 'vgafix.fon', 'vgafixe.fon', 'vgafixg.fon', 'vgafixr.fon', 'vgafixt.fon', 'vgaoem.fon', 'vgas1255.fon', 'vgas1256.fon', 'vgas1257.fon', 'vgas874.fon', 'vgasys.fon', 'vgasyse.fon', 'vgasysg.fon', 'vgasysr.fon', 'vgasyst.fon', 'VINERITC.TTF', 'VIVALDII.TTF', 'VLADIMIR.TTF', 'webdings.ttf', 'wingding.ttf', 'WINGDNG2.TTF', 'WINGDNG3.TTF', 'YuGothB.ttc', 'YuGothL.ttc', 'YuGothM.ttc', 'YuGothR.ttc', '\u534e\u5eb7\u65b9\u5706\u4f53W7.TTC', '\u65b9\u6b63\u7c97\u9ed1\u5b8b\u7b80\u4f53.ttf']
2023-09-27 16:00:30,619 - INFO - all fonts installed:['8514fix.fon', '8514fixe.fon', '8514fixg.fon', '8514fixr.fon', '8514fixt.fon', '8514oem.fon', '8514oeme.fon', '8514oemg.fon', '8514oemr.fon', '8514oemt.fon', '8514sys.fon', '8514syse.fon', '8514sysg.fon', '8514sysr.fon', '8514syst.fon', '85775.fon', '85855.fon', '85f1255.fon', '85f1256.fon', '85f1257.fon', '85f874.fon', '85s1255.fon', '85s1256.fon', '85s1257.fon', '85s874.fon', 'AGENCYB.TTF', 'AGENCYR.TTF', 'ALGER.TTF', 'ANTQUAB.TTF', 'ANTQUABI.TTF', 'ANTQUAI.TTF', 'app775.fon', 'app850.fon', 'app852.fon', 'app855.fon', 'app857.fon', 'app866.fon', 'app932.fon', 'app936.fon', 'app949.fon', 'app950.fon', 'arial.ttf', 'arialbd.ttf', 'arialbi.ttf', 'ariali.ttf', 'ARIALN.TTF', 'ARIALNB.TTF', 'ARIALNBI.TTF', 'ARIALNI.TTF', 'ariblk.ttf', 'ARLRDBD.TTF', 'AxureHandwriting-Bold.otf', 'AxureHandwriting-BoldItalic.otf', 'AxureHandwriting-Italic.otf', 'AxureHandwriting.otf', 'bahnschrift.ttf', 'BASKVILL.TTF', 'BAUHS93.TTF', 'BELL.TTF', 'BELLB.TTF', 'BELLI.TTF', 'BERNHC.TTF', 'BKANT.TTF', 'BOD_B.TTF', 'BOD_BI.TTF', 'BOD_BLAI.TTF', 'BOD_BLAR.TTF', 'BOD_CB.TTF', 'BOD_CBI.TTF', 'BOD_CI.TTF', 'BOD_CR.TTF', 'BOD_I.TTF', 'BOD_PSTC.TTF', 'BOD_R.TTF', 'BOOKOS.TTF', 'BOOKOSB.TTF', 'BOOKOSBI.TTF', 'BOOKOSI.TTF', 'BRADHITC.TTF', 'BRITANIC.TTF', 'BRLNSB.TTF', 'BRLNSDB.TTF', 'BRLNSR.TTF', 'BROADW.TTF', 'BRUSHSCI.TTF', 'BSSYM7.TTF', 'c8514fix.fon', 'c8514oem.fon', 'c8514sys.fon', 'calibri.ttf', 'calibrib.ttf', 'calibrii.ttf', 'calibril.ttf', 'calibrili.ttf', 'calibriz.ttf', 'CALIFB.TTF', 'CALIFI.TTF', 'CALIFR.TTF', 'CALIST.TTF', 'CALISTB.TTF', 'CALISTBI.TTF', 'CALISTI.TTF', 'cambria.ttc', 'cambriab.ttf', 'cambriai.ttf', 'cambriaz.ttf', 'Candara.ttf', 'Candarab.ttf', 'Candarai.ttf', 'Candaral.ttf', 'Candarali.ttf', 'Candaraz.ttf', 'CascadiaCode.ttf', 'CascadiaMono.ttf', 'CASTELAR.TTF', 'CENSCBK.TTF', 'CENTAUR.TTF', 'CENTURY.TTF', 'cga40737.fon', 'cga40850.fon', 'cga40852.fon', 'cga40857.fon', 'cga40866.fon', 'cga40869.fon', 'cga40woa.fon', 'cga80737.fon', 'cga80850.fon', 'cga80852.fon', 'cga80857.fon', 'cga80866.fon', 'cga80869.fon', 'cga80woa.fon', 'CHILLER.TTF', 'COLONNA.TTF', 'comic.ttf', 'comicbd.ttf', 'comici.ttf', 'comicz.ttf', 'consola.ttf', 'consolab.ttf', 'consolai.ttf', 'consolaz.ttf', 'constan.ttf', 'constanb.ttf', 'constani.ttf', 'constanz.ttf', 'COOPBL.TTF', 'COPRGTB.TTF', 'COPRGTL.TTF', 'corbel.ttf', 'corbelb.ttf', 'corbeli.ttf', 'corbell.ttf', 'corbelli.ttf', 'corbelz.ttf', 'coue1255.fon', 'coue1256.fon', 'coue1257.fon', 'couf1255.fon', 'couf1256.fon', 'couf1257.fon', 'cour.ttf', 'courbd.ttf', 'courbi.ttf', 'coure.fon', 'couree.fon', 'coureg.fon', 'courer.fon', 'couret.fon', 'courf.fon', 'courfe.fon', 'courfg.fon', 'courfr.fon', 'courft.fon', 'couri.ttf', 'CURLZ___.TTF', 'cvgafix.fon', 'cvgasys.fon', 'Deng.ttf', 'Dengb.ttf', 'Dengl.ttf', 'desktop.ini', 'dos737.fon', 'dos869.fon', 'dosapp.fon', 'DUBAI-BOLD.TTF', 'DUBAI-LIGHT.TTF', 'DUBAI-MEDIUM.TTF', 'DUBAI-REGULAR.TTF', 'ebrima.ttf', 'ebrimabd.ttf', 'ega40737.fon', 'ega40850.fon', 'ega40852.fon', 'ega40857.fon', 'ega40866.fon', 'ega40869.fon', 'ega40woa.fon', 'ega80737.fon', 'ega80850.fon', 'ega80852.fon', 'ega80857.fon', 'ega80866.fon', 'ega80869.fon', 'ega80woa.fon', 'ELEPHNT.TTF', 'ELEPHNTI.TTF', 'ENGR.TTF', 'ERASBD.TTF', 'ERASDEMI.TTF', 'ERASLGHT.TTF', 'ERASMD.TTF', 'FELIXTI.TTF', 'fms_metadata.xml', 'FORTE.TTF', 'FRABK.TTF', 'FRABKIT.TTF', 'FRADM.TTF', 'FRADMCN.TTF', 'FRADMIT.TTF', 'FRAHV.TTF', 'FRAHVIT.TTF', 'framd.ttf', 'FRAMDCN.TTF', 'framdit.ttf', 'FREESCPT.TTF', 'FRSCRIPT.TTF', 'FTLTLT.TTF', 'FZSTK.TTF', 'FZYTK.TTF', 'Gabriola.ttf', 'gadugi.ttf', 'gadugib.ttf', 'GARA.TTF', 'GARABD.TTF', 'GARAIT.TTF', 'georgia.ttf', 'georgiab.ttf', 'georgiai.ttf', 'georgiaz.ttf', 'GIGI.TTF', 'GILBI___.TTF', 'GILB____.TTF', 'GILC____.TTF', 'GILI____.TTF', 'GILLUBCD.TTF', 'GILSANUB.TTF', 'GIL_____.TTF', 'GLECB.TTF', 'GlobalMonospace.CompositeFont', 'GlobalSansSerif.CompositeFont', 'GlobalSerif.CompositeFont', 'GlobalUserInterface.CompositeFont', 'GLSNECB.TTF', 'GOTHIC.TTF', 'GOTHICB.TTF', 'GOTHICBI.TTF', 'GOTHICI.TTF', 'GOUDOS.TTF', 'GOUDOSB.TTF', 'GOUDOSI.TTF', 'GOUDYSTO.TTF', 'h8514fix.fon', 'h8514oem.fon', 'h8514sys.fon', 'HARLOWSI.TTF', 'HARNGTON.TTF', 'HATTEN.TTF', 'HGB1X_CNKI.ttf', 'HGB1_CNKI.ttf', 'HGB2X_CNKI.ttf', 'HGB2_CNKI.ttf', 'HGB3X_CNKI.ttf', 'HGB3_CNKI.ttf', 'HGB4X_CNKI.ttf', 'HGB4_CNKI.ttf', 'HGB5X_CNKI.ttf', 'HGB5_CNKI.ttf', 'HGB6X_CNKI.ttf', 'HGB6_CNKI.ttf', 'HGB7X_CNKI.ttf', 'HGB7_CNKI.ttf', 'HGB8X_CNKI.ttf', 'HGB8_CNKI.ttf', 'HGBD_CNKI.ttf', 'HGBKBX_CNKI.ttf', 'HGBKB_CNKI.ttf', 'HGBKHX_CNKI.ttf', 'HGBKH_CNKI.ttf', 'HGBS1_CNKI.TTF', 'HGBS2_CNKI.TTF', 'HGBS_CNKI.TTF', 'HGBTH_CNKI.TTF', 'HGBTS_CNKI.TTF', 'HGBX_CNKI.ttf', 'HGBZ_CNKI.ttf', 'HGCH_CNKI.TTF', 'HGCUH_CNKI.TTF', 'HGCY_CNKI.TTF', 'HGDBS_CNKI.TTF', 'HGDGY_CNKI.TTF', 'HGDH2_CNKI.TTF', 'HGDH_CNKI.TTF', 'HGDYS_CNKI.TTF', 'HGDY_CNKI.ttf', 'HGF1X_CNKI.ttf', 'HGF1_CNKI.ttf', 'HGF2X_CNKI.ttf', 'HGF2_CNKI.ttf', 'HGF3_CNKI.ttf', 'HGF4X_CNKI.ttf', 'HGF4_CNKI.ttf', 'HGF5X_CNKI.ttf', 'HGF5_CNKI.ttf', 'HGF6X_CNKI.ttf', 'HGF6_CNKI.ttf', 'HGF7X_CNKI.ttf', 'HGF7_CNKI.ttf', 'HGF8_CNKI.ttf', 'HGF9X_CNKI.ttf', 'HGF9_CNKI.ttf', 'HGFS1_CNKI.TTF', 'HGFS2_CNKI.TTF', 'HGFSH_CNKI.TTF', 'HGFS_CNKI.TTF', 'HGFX_CNKI.ttf', 'HGFZ_CNKI.ttf', 'HGGG_CNKI.TTF', 'HGH1X_CNKI.ttf', 'HGH1_CNKI.ttf', 'HGH2X_CNKI.ttf', 'HGH2_CNKI.ttf', 'HGH3X_CNKI.ttf', 'HGH3_CNKI.ttf', 'HGH4X_CNKI.ttf', 'HGH4_CNKI.ttf', 'HGH5X_CNKI.ttf', 'HGH5_CNKI.ttf', 'HGH6X_CNKI.ttf', 'HGH6_CNKI.ttf', 'HGH7X_CNKI.ttf', 'HGH7_CNKI.ttf', 'HGHB_CNKI.TTF', 'HGHD_CNKI.ttf', 'HGHP_CNKI.TTF', 'HGHT1_CNKI.ttf', 'HGHT2_CNKI.ttf', 'HGHUATI_CNKI.ttf', 'HGHX_CNKI.ttf', 'HGHZ_CNKI.ttf', 'HGH_CNKI.TTF', 'HGKT1_CNKI.TTF', 'HGKT2_CNKI.TTF', 'HGKT_CNKI.TTF', 'HGKY_CNKI.ttf', 'HGLB_CNKI.TTF', 'HGLS_CNKI.TTF', 'HGMH_CNKI.TTF', 'HGNBS_CNKI.ttf', 'HGOCR_CNKI.ttf', 'HGPH_CNKI.TTF', 'HGPTY_CNKI.TTF', 'HGSS1_CNKI.TTF', 'HGSS2_CNKI.TTF', 'HGSS_CNKI.TTF', 'HGSXT_CNKI.ttf', 'HGTT_CNKI.ttf', 'HGTX_CNKI.TTF', 'HGWT_CNKI.TTF', 'HGWYS_CNKI.TTF', 'HGX1X_CNKI.ttf', 'HGX1_CNKI.ttf', 'HGXBS_CNKI.TTF', 'HGXC_CNKI.TTF', 'HGXF1_CNKI.ttf', 'HGXFX_CNKI.ttf', 'HGXFZ_CNKI.ttf', 'HGXH1_CNKI.TTF', 'HGXH_CNKI.TTF', 'HGXK_CNKI.TTF', 'HGXL_CNKI.TTF', 'HGXS_CNKI.TTF', 'HGXT_CNKI.ttf', 'HGXY_CNKI.ttf', 'HGY1_CNKI.TTF', 'HGY2_CNKI.TTF', 'HGY3_CNKI.TTF', 'HGY4_CNKI.TTF', 'HGYB_CNKI.ttf', 'HGYT1_CNKI.ttf', 'HGYT2_CNKI.ttf', 'HGYT_CNKI.TTF', 'HGYX_CNKI.TTF', 'HGZCS_CNKI.TTF', 'HGZDX_CNKI.TTF', 'HGZK_CNKI.TTF', 'HGZYT_CNKI.TTF', 'HGZY_CNKI.TTF', 'himalaya.ttf', 'holomdl2.ttf', 'HTOWERT.TTF', 'HTOWERTI.TTF', 'hvgafix.fon', 'hvgasys.fon', 'impact.ttf', 'IMPRISHA.TTF', 'INFROMAN.TTF', 'Inkfree.ttf', 'iqiyi_logov7.ttf', 'ITCBLKAD.TTF', 'ITCEDSCR.TTF', 'ITCKRIST.TTF', 'j8514fix.fon', 'j8514oem.fon', 'j8514sys.fon', 'javatext.ttf', 'JOKERMAN.TTF', 'jsmalle.fon', 'jsmallf.fon', 'JUICE___.TTF', 'jvgafix.fon', 'jvgasys.fon', 'KUNSTLER.TTF', 'LATINWD.TTF', 'LBRITE.TTF', 'LBRITED.TTF', 'LBRITEDI.TTF', 'LBRITEI.TTF', 'LCALLIG.TTF', 'LeelaUIb.ttf', 'LeelawUI.ttf', 'LeelUIsl.ttf', 'LFAX.TTF', 'LFAXD.TTF', 'LFAXDI.TTF', 'LFAXI.TTF', 'LHANDW.TTF', 'LSANS.TTF', 'LSANSD.TTF', 'LSANSDI.TTF', 'LSANSI.TTF', 'LTYPE.TTF', 'LTYPEB.TTF', 'LTYPEBO.TTF', 'LTYPEO.TTF', 'lucon.ttf', 'l_10646.ttf', 'MAGNETOB.TTF', 'MAIAN.TTF', 'malgun.ttf', 'malgunbd.ttf', 'malgunsl.ttf', 'marlett.ttf', 'MATURASC.TTF', 'micross.ttf', 'mingliub.ttc', 'MISTRAL.TTF', 'mmrtext.ttf', 'mmrtextb.ttf', 'MOD20.TTF', 'modern.fon', 'monbaiti.ttf', 'msgothic.ttc', 'msjh.ttc', 'msjhbd.ttc', 'msjhl.ttc', 'msyh.ttc', 'msyhbd.ttc', 'msyhl.ttc', 'msyi.ttf', 'MTCORSVA.TTF', 'MTEXTRA.TTF', 'mvboli.ttf', 'NIAGENG.TTF', 'NIAGSOL.TTF', 'Nirmala.ttf', 'NirmalaB.ttf', 'NirmalaS.ttf', 'ntailu.ttf', 'ntailub.ttf', 'NumberOnly.ttf', 'OCRAEXT.TTF', 'OLDENGL.TTF', 'ONYX.TTF', 'OUTLOOK.TTF', 'pala.ttf', 'palab.ttf', 'palabi.ttf', 'palai.ttf', 'PALSCRI.TTF', 'PAPYRUS.TTF', 'PARCHM.TTF', 'PERBI___.TTF', 'PERB____.TTF', 'PERI____.TTF', 'PERTIBD.TTF', 'PERTILI.TTF', 'PER_____.TTF', 'phagspa.ttf', 'phagspab.ttf', 'PLAYBILL.TTF', 'POORICH.TTF', 'PRISTINA.TTF', 'RAGE.TTF', 'RAVIE.TTF', 'REFSAN.TTF', 'REFSPCL.TTF', 'ROCCB___.TTF', 'ROCC____.TTF', 'ROCK.TTF', 'ROCKB.TTF', 'ROCKBI.TTF', 'ROCKEB.TTF', 'ROCKI.TTF', 'roman.fon', 's8514fix.fon', 's8514oem.fon', 's8514sys.fon', 'SCHLBKB.TTF', 'SCHLBKBI.TTF', 'SCHLBKI.TTF', 'script.fon', 'SCRIPTBL.TTF', 'segmdl2.ttf', 'SegoeIcons.ttf', 'segoepr.ttf', 'segoeprb.ttf', 'segoesc.ttf', 'segoescb.ttf', 'segoeui.ttf', 'segoeuib.ttf', 'segoeuii.ttf', 'segoeuil.ttf', 'segoeuisl.ttf', 'segoeuiz.ttf', 'seguibl.ttf', 'seguibli.ttf', 'seguiemj.ttf', 'seguihis.ttf', 'seguili.ttf', 'seguisb.ttf', 'seguisbi.ttf', 'seguisli.ttf', 'seguisym.ttf', 'SegUIVar.ttf', 'sere1255.fon', 'sere1256.fon', 'sere1257.fon', 'serf1255.fon', 'serf1256.fon', 'serf1257.fon', 'serife.fon', 'serifee.fon', 'serifeg.fon', 'serifer.fon', 'serifet.fon', 'seriff.fon', 'seriffe.fon', 'seriffg.fon', 'seriffr.fon', 'serifft.fon', 'SHOWG.TTF', 'simfang.ttf', 'simhei.ttf', 'simkai.ttf', 'SIMLI.TTF', 'simsun.ttc', 'simsunb.ttf', 'SIMYOU.TTF', 'SitkaVF-Italic.ttf', 'SitkaVF.ttf', 'smae1255.fon', 'smae1256.fon', 'smae1257.fon', 'smaf1255.fon', 'smaf1256.fon', 'smaf1257.fon', 'smalle.fon', 'smallee.fon', 'smalleg.fon', 'smaller.fon', 'smallet.fon', 'smallf.fon', 'smallfe.fon', 'smallfg.fon', 'smallfr.fon', 'smallft.fon', 'SNAP____.TTF', 'ssee1255.fon', 'ssee1256.fon', 'ssee1257.fon', 'ssee874.fon', 'ssef1255.fon', 'ssef1256.fon', 'ssef1257.fon', 'ssef874.fon', 'sserife.fon', 'sserifee.fon', 'sserifeg.fon', 'sserifer.fon', 'sserifet.fon', 'sseriff.fon', 'sseriffe.fon', 'sseriffg.fon', 'sseriffr.fon', 'sserifft.fon', 'StaticCache.dat', 'STCAIYUN.TTF', 'STENCIL.TTF', 'STFANGSO.TTF', 'STHUPO.TTF', 'STKAITI.TTF', 'STLITI.TTF', 'STSONG.TTF', 'STXIHEI.TTF', 'STXINGKA.TTF', 'STXINWEI.TTF', 'STZHONGS.TTF', 'svgafix.fon', 'svgasys.fon', 'sylfaen.ttf', 'symbol.ttf', 'tahoma.ttf', 'tahomabd.ttf', 'taile.ttf', 'taileb.ttf', 'TCBI____.TTF', 'TCB_____.TTF', 'TCCB____.TTF', 'TCCEB.TTF', 'TCCM____.TTF', 'TCMI____.TTF', 'TCM_____.TTF', 'TEMPSITC.TTF', 'times.ttf', 'timesbd.ttf', 'timesbi.ttf', 'timesi.ttf', 'trebuc.ttf', 'trebucbd.ttf', 'trebucbi.ttf', 'trebucit.ttf', 'verdana.ttf', 'verdanab.ttf', 'verdanai.ttf', 'verdanaz.ttf', 'vga737.fon', 'vga775.fon', 'vga850.fon', 'vga852.fon', 'vga855.fon', 'vga857.fon', 'vga860.fon', 'vga861.fon', 'vga863.fon', 'vga865.fon', 'vga866.fon', 'vga869.fon', 'vga932.fon', 'vga936.fon', 'vga949.fon', 'vga950.fon', 'vgaf1255.fon', 'vgaf1256.fon', 'vgaf1257.fon', 'vgaf874.fon', 'vgafix.fon', 'vgafixe.fon', 'vgafixg.fon', 'vgafixr.fon', 'vgafixt.fon', 'vgaoem.fon', 'vgas1255.fon', 'vgas1256.fon', 'vgas1257.fon', 'vgas874.fon', 'vgasys.fon', 'vgasyse.fon', 'vgasysg.fon', 'vgasysr.fon', 'vgasyst.fon', 'VINERITC.TTF', 'VIVALDII.TTF', 'VLADIMIR.TTF', 'webdings.ttf', 'wingding.ttf', 'WINGDNG2.TTF', 'WINGDNG3.TTF', 'YuGothB.ttc', 'YuGothL.ttc', 'YuGothM.ttc', 'YuGothR.ttc', '\u534e\u5eb7\u65b9\u5706\u4f53W7.TTC', '\u65b9\u6b63\u7c97\u9ed1\u5b8b\u7b80\u4f53.ttf']
2023-09-27 16:01:04,089 - INFO - start to load thumbnail gen setting json from::D:/Download/audio-visual/saas/tiktoka/tiktoka-studio-uploader-genius/tests/videos/horizon/template (9).json
2023-09-27 16:01:04,090 - INFO - start to validate template
2023-09-27 16:01:04,094 - INFO - validate thumbnail gen template passed
2023-09-27 16:01:04,094 - INFO - start to validate metadata for thumbgen setting
2023-09-27 16:01:04,103 - INFO - start to check ['heading', 'subheading', 'extraheading'] defined in template
2023-09-27 16:01:04,104 - INFO - heading value is DRAG RACE in entry OP.
2023-09-27 16:01:04,104 - INFO - subheading value is \u56fd\u5e86\u4f73\u8282\u5feb\u4e50 in entry OP.
2023-09-27 16:01:04,104 - INFO - extraheading value is 2222 in entry OP.
2023-09-27 16:01:04,104 - INFO - validate metadata for thumbgen setting passed
2023-09-27 16:01:04,104 - INFO - start to update user submited metafile to video assets
2023-09-27 16:01:04,104 - WARNING - You are running on win32, potentially without locks. Consider setting shared_lock=True
2023-09-27 16:01:04,104 - INFO - update user submited metafile to video assets passed
2023-09-27 16:01:04,105 - INFO - start to validate bg folder
2023-09-27 16:01:04,105 - INFO - bg folder image list :['D:/Download/audio-visual/saas/tiktoka/tiktoka-studio-uploader-genius/tests/videos/horizon/1920x1080\\bg1.jpg', 'D:/Download/audio-visual/saas/tiktoka/tiktoka-studio-uploader-genius/tests/videos/horizon/1920x1080\\bg2.jpg']
2023-09-27 16:01:04,105 - INFO - Random assign bg:D:/Download/audio-visual/saas/tiktoka/tiktoka-studio-uploader-genius/tests/videos/horizon/1920x1080\bg1.jpg to  video:OP
2023-09-27 16:01:04,105 - INFO - validate bg folder passed
2023-09-27 16:01:04,681 - INFO - start to load thumbnail gen setting json from::D:/Download/audio-visual/saas/tiktoka/tiktoka-studio-uploader-genius/tests/videos/horizon/template (9).json
2023-09-27 16:01:04,681 - INFO - start to validate template
2023-09-27 16:01:04,685 - INFO - validate thumbnail gen template passed
2023-09-27 16:01:04,685 - INFO - start to validate metadata for thumbgen setting
2023-09-27 16:01:04,696 - INFO - start to check ['heading', 'subheading', 'extraheading'] defined in template
2023-09-27 16:01:04,696 - INFO - heading value is DRAG RACE in entry OP.
2023-09-27 16:01:04,697 - INFO - subheading value is \u56fd\u5e86\u4f73\u8282\u5feb\u4e50 in entry OP.
2023-09-27 16:01:04,697 - INFO - extraheading value is 2222 in entry OP.
2023-09-27 16:01:04,697 - INFO - validate metadata for thumbgen setting passed
2023-09-27 16:01:04,697 - INFO - start to update user submited metafile to video assets
2023-09-27 16:01:04,697 - WARNING - You are running on win32, potentially without locks. Consider setting shared_lock=True
2023-09-27 16:01:04,697 - INFO - update user submited metafile to video assets passed
2023-09-27 16:01:04,697 - INFO - start to validate bg folder
2023-09-27 16:01:04,698 - INFO - bg folder image list :['D:/Download/audio-visual/saas/tiktoka/tiktoka-studio-uploader-genius/tests/videos/horizon/1920x1080\\bg1.jpg', 'D:/Download/audio-visual/saas/tiktoka/tiktoka-studio-uploader-genius/tests/videos/horizon/1920x1080\\bg2.jpg']
2023-09-27 16:01:04,698 - INFO - Random assign bg:D:/Download/audio-visual/saas/tiktoka/tiktoka-studio-uploader-genius/tests/videos/horizon/1920x1080\bg1.jpg to  video:OP
2023-09-27 16:01:04,698 - INFO - validate bg folder passed
2023-09-27 16:01:04,736 - INFO - all fonts installed:['8514fix.fon', '8514fixe.fon', '8514fixg.fon', '8514fixr.fon', '8514fixt.fon', '8514oem.fon', '8514oeme.fon', '8514oemg.fon', '8514oemr.fon', '8514oemt.fon', '8514sys.fon', '8514syse.fon', '8514sysg.fon', '8514sysr.fon', '8514syst.fon', '85775.fon', '85855.fon', '85f1255.fon', '85f1256.fon', '85f1257.fon', '85f874.fon', '85s1255.fon', '85s1256.fon', '85s1257.fon', '85s874.fon', 'AGENCYB.TTF', 'AGENCYR.TTF', 'ALGER.TTF', 'ANTQUAB.TTF', 'ANTQUABI.TTF', 'ANTQUAI.TTF', 'app775.fon', 'app850.fon', 'app852.fon', 'app855.fon', 'app857.fon', 'app866.fon', 'app932.fon', 'app936.fon', 'app949.fon', 'app950.fon', 'arial.ttf', 'arialbd.ttf', 'arialbi.ttf', 'ariali.ttf', 'ARIALN.TTF', 'ARIALNB.TTF', 'ARIALNBI.TTF', 'ARIALNI.TTF', 'ariblk.ttf', 'ARLRDBD.TTF', 'AxureHandwriting-Bold.otf', 'AxureHandwriting-BoldItalic.otf', 'AxureHandwriting-Italic.otf', 'AxureHandwriting.otf', 'bahnschrift.ttf', 'BASKVILL.TTF', 'BAUHS93.TTF', 'BELL.TTF', 'BELLB.TTF', 'BELLI.TTF', 'BERNHC.TTF', 'BKANT.TTF', 'BOD_B.TTF', 'BOD_BI.TTF', 'BOD_BLAI.TTF', 'BOD_BLAR.TTF', 'BOD_CB.TTF', 'BOD_CBI.TTF', 'BOD_CI.TTF', 'BOD_CR.TTF', 'BOD_I.TTF', 'BOD_PSTC.TTF', 'BOD_R.TTF', 'BOOKOS.TTF', 'BOOKOSB.TTF', 'BOOKOSBI.TTF', 'BOOKOSI.TTF', 'BRADHITC.TTF', 'BRITANIC.TTF', 'BRLNSB.TTF', 'BRLNSDB.TTF', 'BRLNSR.TTF', 'BROADW.TTF', 'BRUSHSCI.TTF', 'BSSYM7.TTF', 'c8514fix.fon', 'c8514oem.fon', 'c8514sys.fon', 'calibri.ttf', 'calibrib.ttf', 'calibrii.ttf', 'calibril.ttf', 'calibrili.ttf', 'calibriz.ttf', 'CALIFB.TTF', 'CALIFI.TTF', 'CALIFR.TTF', 'CALIST.TTF', 'CALISTB.TTF', 'CALISTBI.TTF', 'CALISTI.TTF', 'cambria.ttc', 'cambriab.ttf', 'cambriai.ttf', 'cambriaz.ttf', 'Candara.ttf', 'Candarab.ttf', 'Candarai.ttf', 'Candaral.ttf', 'Candarali.ttf', 'Candaraz.ttf', 'CascadiaCode.ttf', 'CascadiaMono.ttf', 'CASTELAR.TTF', 'CENSCBK.TTF', 'CENTAUR.TTF', 'CENTURY.TTF', 'cga40737.fon', 'cga40850.fon', 'cga40852.fon', 'cga40857.fon', 'cga40866.fon', 'cga40869.fon', 'cga40woa.fon', 'cga80737.fon', 'cga80850.fon', 'cga80852.fon', 'cga80857.fon', 'cga80866.fon', 'cga80869.fon', 'cga80woa.fon', 'CHILLER.TTF', 'COLONNA.TTF', 'comic.ttf', 'comicbd.ttf', 'comici.ttf', 'comicz.ttf', 'consola.ttf', 'consolab.ttf', 'consolai.ttf', 'consolaz.ttf', 'constan.ttf', 'constanb.ttf', 'constani.ttf', 'constanz.ttf', 'COOPBL.TTF', 'COPRGTB.TTF', 'COPRGTL.TTF', 'corbel.ttf', 'corbelb.ttf', 'corbeli.ttf', 'corbell.ttf', 'corbelli.ttf', 'corbelz.ttf', 'coue1255.fon', 'coue1256.fon', 'coue1257.fon', 'couf1255.fon', 'couf1256.fon', 'couf1257.fon', 'cour.ttf', 'courbd.ttf', 'courbi.ttf', 'coure.fon', 'couree.fon', 'coureg.fon', 'courer.fon', 'couret.fon', 'courf.fon', 'courfe.fon', 'courfg.fon', 'courfr.fon', 'courft.fon', 'couri.ttf', 'CURLZ___.TTF', 'cvgafix.fon', 'cvgasys.fon', 'Deng.ttf', 'Dengb.ttf', 'Dengl.ttf', 'desktop.ini', 'dos737.fon', 'dos869.fon', 'dosapp.fon', 'DUBAI-BOLD.TTF', 'DUBAI-LIGHT.TTF', 'DUBAI-MEDIUM.TTF', 'DUBAI-REGULAR.TTF', 'ebrima.ttf', 'ebrimabd.ttf', 'ega40737.fon', 'ega40850.fon', 'ega40852.fon', 'ega40857.fon', 'ega40866.fon', 'ega40869.fon', 'ega40woa.fon', 'ega80737.fon', 'ega80850.fon', 'ega80852.fon', 'ega80857.fon', 'ega80866.fon', 'ega80869.fon', 'ega80woa.fon', 'ELEPHNT.TTF', 'ELEPHNTI.TTF', 'ENGR.TTF', 'ERASBD.TTF', 'ERASDEMI.TTF', 'ERASLGHT.TTF', 'ERASMD.TTF', 'FELIXTI.TTF', 'fms_metadata.xml', 'FORTE.TTF', 'FRABK.TTF', 'FRABKIT.TTF', 'FRADM.TTF', 'FRADMCN.TTF', 'FRADMIT.TTF', 'FRAHV.TTF', 'FRAHVIT.TTF', 'framd.ttf', 'FRAMDCN.TTF', 'framdit.ttf', 'FREESCPT.TTF', 'FRSCRIPT.TTF', 'FTLTLT.TTF', 'FZSTK.TTF', 'FZYTK.TTF', 'Gabriola.ttf', 'gadugi.ttf', 'gadugib.ttf', 'GARA.TTF', 'GARABD.TTF', 'GARAIT.TTF', 'georgia.ttf', 'georgiab.ttf', 'georgiai.ttf', 'georgiaz.ttf', 'GIGI.TTF', 'GILBI___.TTF', 'GILB____.TTF', 'GILC____.TTF', 'GILI____.TTF', 'GILLUBCD.TTF', 'GILSANUB.TTF', 'GIL_____.TTF', 'GLECB.TTF', 'GlobalMonospace.CompositeFont', 'GlobalSansSerif.CompositeFont', 'GlobalSerif.CompositeFont', 'GlobalUserInterface.CompositeFont', 'GLSNECB.TTF', 'GOTHIC.TTF', 'GOTHICB.TTF', 'GOTHICBI.TTF', 'GOTHICI.TTF', 'GOUDOS.TTF', 'GOUDOSB.TTF', 'GOUDOSI.TTF', 'GOUDYSTO.TTF', 'h8514fix.fon', 'h8514oem.fon', 'h8514sys.fon', 'HARLOWSI.TTF', 'HARNGTON.TTF', 'HATTEN.TTF', 'HGB1X_CNKI.ttf', 'HGB1_CNKI.ttf', 'HGB2X_CNKI.ttf', 'HGB2_CNKI.ttf', 'HGB3X_CNKI.ttf', 'HGB3_CNKI.ttf', 'HGB4X_CNKI.ttf', 'HGB4_CNKI.ttf', 'HGB5X_CNKI.ttf', 'HGB5_CNKI.ttf', 'HGB6X_CNKI.ttf', 'HGB6_CNKI.ttf', 'HGB7X_CNKI.ttf', 'HGB7_CNKI.ttf', 'HGB8X_CNKI.ttf', 'HGB8_CNKI.ttf', 'HGBD_CNKI.ttf', 'HGBKBX_CNKI.ttf', 'HGBKB_CNKI.ttf', 'HGBKHX_CNKI.ttf', 'HGBKH_CNKI.ttf', 'HGBS1_CNKI.TTF', 'HGBS2_CNKI.TTF', 'HGBS_CNKI.TTF', 'HGBTH_CNKI.TTF', 'HGBTS_CNKI.TTF', 'HGBX_CNKI.ttf', 'HGBZ_CNKI.ttf', 'HGCH_CNKI.TTF', 'HGCUH_CNKI.TTF', 'HGCY_CNKI.TTF', 'HGDBS_CNKI.TTF', 'HGDGY_CNKI.TTF', 'HGDH2_CNKI.TTF', 'HGDH_CNKI.TTF', 'HGDYS_CNKI.TTF', 'HGDY_CNKI.ttf', 'HGF1X_CNKI.ttf', 'HGF1_CNKI.ttf', 'HGF2X_CNKI.ttf', 'HGF2_CNKI.ttf', 'HGF3_CNKI.ttf', 'HGF4X_CNKI.ttf', 'HGF4_CNKI.ttf', 'HGF5X_CNKI.ttf', 'HGF5_CNKI.ttf', 'HGF6X_CNKI.ttf', 'HGF6_CNKI.ttf', 'HGF7X_CNKI.ttf', 'HGF7_CNKI.ttf', 'HGF8_CNKI.ttf', 'HGF9X_CNKI.ttf', 'HGF9_CNKI.ttf', 'HGFS1_CNKI.TTF', 'HGFS2_CNKI.TTF', 'HGFSH_CNKI.TTF', 'HGFS_CNKI.TTF', 'HGFX_CNKI.ttf', 'HGFZ_CNKI.ttf', 'HGGG_CNKI.TTF', 'HGH1X_CNKI.ttf', 'HGH1_CNKI.ttf', 'HGH2X_CNKI.ttf', 'HGH2_CNKI.ttf', 'HGH3X_CNKI.ttf', 'HGH3_CNKI.ttf', 'HGH4X_CNKI.ttf', 'HGH4_CNKI.ttf', 'HGH5X_CNKI.ttf', 'HGH5_CNKI.ttf', 'HGH6X_CNKI.ttf', 'HGH6_CNKI.ttf', 'HGH7X_CNKI.ttf', 'HGH7_CNKI.ttf', 'HGHB_CNKI.TTF', 'HGHD_CNKI.ttf', 'HGHP_CNKI.TTF', 'HGHT1_CNKI.ttf', 'HGHT2_CNKI.ttf', 'HGHUATI_CNKI.ttf', 'HGHX_CNKI.ttf', 'HGHZ_CNKI.ttf', 'HGH_CNKI.TTF', 'HGKT1_CNKI.TTF', 'HGKT2_CNKI.TTF', 'HGKT_CNKI.TTF', 'HGKY_CNKI.ttf', 'HGLB_CNKI.TTF', 'HGLS_CNKI.TTF', 'HGMH_CNKI.TTF', 'HGNBS_CNKI.ttf', 'HGOCR_CNKI.ttf', 'HGPH_CNKI.TTF', 'HGPTY_CNKI.TTF', 'HGSS1_CNKI.TTF', 'HGSS2_CNKI.TTF', 'HGSS_CNKI.TTF', 'HGSXT_CNKI.ttf', 'HGTT_CNKI.ttf', 'HGTX_CNKI.TTF', 'HGWT_CNKI.TTF', 'HGWYS_CNKI.TTF', 'HGX1X_CNKI.ttf', 'HGX1_CNKI.ttf', 'HGXBS_CNKI.TTF', 'HGXC_CNKI.TTF', 'HGXF1_CNKI.ttf', 'HGXFX_CNKI.ttf', 'HGXFZ_CNKI.ttf', 'HGXH1_CNKI.TTF', 'HGXH_CNKI.TTF', 'HGXK_CNKI.TTF', 'HGXL_CNKI.TTF', 'HGXS_CNKI.TTF', 'HGXT_CNKI.ttf', 'HGXY_CNKI.ttf', 'HGY1_CNKI.TTF', 'HGY2_CNKI.TTF', 'HGY3_CNKI.TTF', 'HGY4_CNKI.TTF', 'HGYB_CNKI.ttf', 'HGYT1_CNKI.ttf', 'HGYT2_CNKI.ttf', 'HGYT_CNKI.TTF', 'HGYX_CNKI.TTF', 'HGZCS_CNKI.TTF', 'HGZDX_CNKI.TTF', 'HGZK_CNKI.TTF', 'HGZYT_CNKI.TTF', 'HGZY_CNKI.TTF', 'himalaya.ttf', 'holomdl2.ttf', 'HTOWERT.TTF', 'HTOWERTI.TTF', 'hvgafix.fon', 'hvgasys.fon', 'impact.ttf', 'IMPRISHA.TTF', 'INFROMAN.TTF', 'Inkfree.ttf', 'iqiyi_logov7.ttf', 'ITCBLKAD.TTF', 'ITCEDSCR.TTF', 'ITCKRIST.TTF', 'j8514fix.fon', 'j8514oem.fon', 'j8514sys.fon', 'javatext.ttf', 'JOKERMAN.TTF', 'jsmalle.fon', 'jsmallf.fon', 'JUICE___.TTF', 'jvgafix.fon', 'jvgasys.fon', 'KUNSTLER.TTF', 'LATINWD.TTF', 'LBRITE.TTF', 'LBRITED.TTF', 'LBRITEDI.TTF', 'LBRITEI.TTF', 'LCALLIG.TTF', 'LeelaUIb.ttf', 'LeelawUI.ttf', 'LeelUIsl.ttf', 'LFAX.TTF', 'LFAXD.TTF', 'LFAXDI.TTF', 'LFAXI.TTF', 'LHANDW.TTF', 'LSANS.TTF', 'LSANSD.TTF', 'LSANSDI.TTF', 'LSANSI.TTF', 'LTYPE.TTF', 'LTYPEB.TTF', 'LTYPEBO.TTF', 'LTYPEO.TTF', 'lucon.ttf', 'l_10646.ttf', 'MAGNETOB.TTF', 'MAIAN.TTF', 'malgun.ttf', 'malgunbd.ttf', 'malgunsl.ttf', 'marlett.ttf', 'MATURASC.TTF', 'micross.ttf', 'mingliub.ttc', 'MISTRAL.TTF', 'mmrtext.ttf', 'mmrtextb.ttf', 'MOD20.TTF', 'modern.fon', 'monbaiti.ttf', 'msgothic.ttc', 'msjh.ttc', 'msjhbd.ttc', 'msjhl.ttc', 'msyh.ttc', 'msyhbd.ttc', 'msyhl.ttc', 'msyi.ttf', 'MTCORSVA.TTF', 'MTEXTRA.TTF', 'mvboli.ttf', 'NIAGENG.TTF', 'NIAGSOL.TTF', 'Nirmala.ttf', 'NirmalaB.ttf', 'NirmalaS.ttf', 'ntailu.ttf', 'ntailub.ttf', 'NumberOnly.ttf', 'OCRAEXT.TTF', 'OLDENGL.TTF', 'ONYX.TTF', 'OUTLOOK.TTF', 'pala.ttf', 'palab.ttf', 'palabi.ttf', 'palai.ttf', 'PALSCRI.TTF', 'PAPYRUS.TTF', 'PARCHM.TTF', 'PERBI___.TTF', 'PERB____.TTF', 'PERI____.TTF', 'PERTIBD.TTF', 'PERTILI.TTF', 'PER_____.TTF', 'phagspa.ttf', 'phagspab.ttf', 'PLAYBILL.TTF', 'POORICH.TTF', 'PRISTINA.TTF', 'RAGE.TTF', 'RAVIE.TTF', 'REFSAN.TTF', 'REFSPCL.TTF', 'ROCCB___.TTF', 'ROCC____.TTF', 'ROCK.TTF', 'ROCKB.TTF', 'ROCKBI.TTF', 'ROCKEB.TTF', 'ROCKI.TTF', 'roman.fon', 's8514fix.fon', 's8514oem.fon', 's8514sys.fon', 'SCHLBKB.TTF', 'SCHLBKBI.TTF', 'SCHLBKI.TTF', 'script.fon', 'SCRIPTBL.TTF', 'segmdl2.ttf', 'SegoeIcons.ttf', 'segoepr.ttf', 'segoeprb.ttf', 'segoesc.ttf', 'segoescb.ttf', 'segoeui.ttf', 'segoeuib.ttf', 'segoeuii.ttf', 'segoeuil.ttf', 'segoeuisl.ttf', 'segoeuiz.ttf', 'seguibl.ttf', 'seguibli.ttf', 'seguiemj.ttf', 'seguihis.ttf', 'seguili.ttf', 'seguisb.ttf', 'seguisbi.ttf', 'seguisli.ttf', 'seguisym.ttf', 'SegUIVar.ttf', 'sere1255.fon', 'sere1256.fon', 'sere1257.fon', 'serf1255.fon', 'serf1256.fon', 'serf1257.fon', 'serife.fon', 'serifee.fon', 'serifeg.fon', 'serifer.fon', 'serifet.fon', 'seriff.fon', 'seriffe.fon', 'seriffg.fon', 'seriffr.fon', 'serifft.fon', 'SHOWG.TTF', 'simfang.ttf', 'simhei.ttf', 'simkai.ttf', 'SIMLI.TTF', 'simsun.ttc', 'simsunb.ttf', 'SIMYOU.TTF', 'SitkaVF-Italic.ttf', 'SitkaVF.ttf', 'smae1255.fon', 'smae1256.fon', 'smae1257.fon', 'smaf1255.fon', 'smaf1256.fon', 'smaf1257.fon', 'smalle.fon', 'smallee.fon', 'smalleg.fon', 'smaller.fon', 'smallet.fon', 'smallf.fon', 'smallfe.fon', 'smallfg.fon', 'smallfr.fon', 'smallft.fon', 'SNAP____.TTF', 'ssee1255.fon', 'ssee1256.fon', 'ssee1257.fon', 'ssee874.fon', 'ssef1255.fon', 'ssef1256.fon', 'ssef1257.fon', 'ssef874.fon', 'sserife.fon', 'sserifee.fon', 'sserifeg.fon', 'sserifer.fon', 'sserifet.fon', 'sseriff.fon', 'sseriffe.fon', 'sseriffg.fon', 'sseriffr.fon', 'sserifft.fon', 'StaticCache.dat', 'STCAIYUN.TTF', 'STENCIL.TTF', 'STFANGSO.TTF', 'STHUPO.TTF', 'STKAITI.TTF', 'STLITI.TTF', 'STSONG.TTF', 'STXIHEI.TTF', 'STXINGKA.TTF', 'STXINWEI.TTF', 'STZHONGS.TTF', 'svgafix.fon', 'svgasys.fon', 'sylfaen.ttf', 'symbol.ttf', 'tahoma.ttf', 'tahomabd.ttf', 'taile.ttf', 'taileb.ttf', 'TCBI____.TTF', 'TCB_____.TTF', 'TCCB____.TTF', 'TCCEB.TTF', 'TCCM____.TTF', 'TCMI____.TTF', 'TCM_____.TTF', 'TEMPSITC.TTF', 'times.ttf', 'timesbd.ttf', 'timesbi.ttf', 'timesi.ttf', 'trebuc.ttf', 'trebucbd.ttf', 'trebucbi.ttf', 'trebucit.ttf', 'verdana.ttf', 'verdanab.ttf', 'verdanai.ttf', 'verdanaz.ttf', 'vga737.fon', 'vga775.fon', 'vga850.fon', 'vga852.fon', 'vga855.fon', 'vga857.fon', 'vga860.fon', 'vga861.fon', 'vga863.fon', 'vga865.fon', 'vga866.fon', 'vga869.fon', 'vga932.fon', 'vga936.fon', 'vga949.fon', 'vga950.fon', 'vgaf1255.fon', 'vgaf1256.fon', 'vgaf1257.fon', 'vgaf874.fon', 'vgafix.fon', 'vgafixe.fon', 'vgafixg.fon', 'vgafixr.fon', 'vgafixt.fon', 'vgaoem.fon', 'vgas1255.fon', 'vgas1256.fon', 'vgas1257.fon', 'vgas874.fon', 'vgasys.fon', 'vgasyse.fon', 'vgasysg.fon', 'vgasysr.fon', 'vgasyst.fon', 'VINERITC.TTF', 'VIVALDII.TTF', 'VLADIMIR.TTF', 'webdings.ttf', 'wingding.ttf', 'WINGDNG2.TTF', 'WINGDNG3.TTF', 'YuGothB.ttc', 'YuGothL.ttc', 'YuGothM.ttc', 'YuGothR.ttc', '\u534e\u5eb7\u65b9\u5706\u4f53W7.TTC', '\u65b9\u6b63\u7c97\u9ed1\u5b8b\u7b80\u4f53.ttf']
2023-09-27 16:01:04,746 - INFO - all fonts installed:['8514fix.fon', '8514fixe.fon', '8514fixg.fon', '8514fixr.fon', '8514fixt.fon', '8514oem.fon', '8514oeme.fon', '8514oemg.fon', '8514oemr.fon', '8514oemt.fon', '8514sys.fon', '8514syse.fon', '8514sysg.fon', '8514sysr.fon', '8514syst.fon', '85775.fon', '85855.fon', '85f1255.fon', '85f1256.fon', '85f1257.fon', '85f874.fon', '85s1255.fon', '85s1256.fon', '85s1257.fon', '85s874.fon', 'AGENCYB.TTF', 'AGENCYR.TTF', 'ALGER.TTF', 'ANTQUAB.TTF', 'ANTQUABI.TTF', 'ANTQUAI.TTF', 'app775.fon', 'app850.fon', 'app852.fon', 'app855.fon', 'app857.fon', 'app866.fon', 'app932.fon', 'app936.fon', 'app949.fon', 'app950.fon', 'arial.ttf', 'arialbd.ttf', 'arialbi.ttf', 'ariali.ttf', 'ARIALN.TTF', 'ARIALNB.TTF', 'ARIALNBI.TTF', 'ARIALNI.TTF', 'ariblk.ttf', 'ARLRDBD.TTF', 'AxureHandwriting-Bold.otf', 'AxureHandwriting-BoldItalic.otf', 'AxureHandwriting-Italic.otf', 'AxureHandwriting.otf', 'bahnschrift.ttf', 'BASKVILL.TTF', 'BAUHS93.TTF', 'BELL.TTF', 'BELLB.TTF', 'BELLI.TTF', 'BERNHC.TTF', 'BKANT.TTF', 'BOD_B.TTF', 'BOD_BI.TTF', 'BOD_BLAI.TTF', 'BOD_BLAR.TTF', 'BOD_CB.TTF', 'BOD_CBI.TTF', 'BOD_CI.TTF', 'BOD_CR.TTF', 'BOD_I.TTF', 'BOD_PSTC.TTF', 'BOD_R.TTF', 'BOOKOS.TTF', 'BOOKOSB.TTF', 'BOOKOSBI.TTF', 'BOOKOSI.TTF', 'BRADHITC.TTF', 'BRITANIC.TTF', 'BRLNSB.TTF', 'BRLNSDB.TTF', 'BRLNSR.TTF', 'BROADW.TTF', 'BRUSHSCI.TTF', 'BSSYM7.TTF', 'c8514fix.fon', 'c8514oem.fon', 'c8514sys.fon', 'calibri.ttf', 'calibrib.ttf', 'calibrii.ttf', 'calibril.ttf', 'calibrili.ttf', 'calibriz.ttf', 'CALIFB.TTF', 'CALIFI.TTF', 'CALIFR.TTF', 'CALIST.TTF', 'CALISTB.TTF', 'CALISTBI.TTF', 'CALISTI.TTF', 'cambria.ttc', 'cambriab.ttf', 'cambriai.ttf', 'cambriaz.ttf', 'Candara.ttf', 'Candarab.ttf', 'Candarai.ttf', 'Candaral.ttf', 'Candarali.ttf', 'Candaraz.ttf', 'CascadiaCode.ttf', 'CascadiaMono.ttf', 'CASTELAR.TTF', 'CENSCBK.TTF', 'CENTAUR.TTF', 'CENTURY.TTF', 'cga40737.fon', 'cga40850.fon', 'cga40852.fon', 'cga40857.fon', 'cga40866.fon', 'cga40869.fon', 'cga40woa.fon', 'cga80737.fon', 'cga80850.fon', 'cga80852.fon', 'cga80857.fon', 'cga80866.fon', 'cga80869.fon', 'cga80woa.fon', 'CHILLER.TTF', 'COLONNA.TTF', 'comic.ttf', 'comicbd.ttf', 'comici.ttf', 'comicz.ttf', 'consola.ttf', 'consolab.ttf', 'consolai.ttf', 'consolaz.ttf', 'constan.ttf', 'constanb.ttf', 'constani.ttf', 'constanz.ttf', 'COOPBL.TTF', 'COPRGTB.TTF', 'COPRGTL.TTF', 'corbel.ttf', 'corbelb.ttf', 'corbeli.ttf', 'corbell.ttf', 'corbelli.ttf', 'corbelz.ttf', 'coue1255.fon', 'coue1256.fon', 'coue1257.fon', 'couf1255.fon', 'couf1256.fon', 'couf1257.fon', 'cour.ttf', 'courbd.ttf', 'courbi.ttf', 'coure.fon', 'couree.fon', 'coureg.fon', 'courer.fon', 'couret.fon', 'courf.fon', 'courfe.fon', 'courfg.fon', 'courfr.fon', 'courft.fon', 'couri.ttf', 'CURLZ___.TTF', 'cvgafix.fon', 'cvgasys.fon', 'Deng.ttf', 'Dengb.ttf', 'Dengl.ttf', 'desktop.ini', 'dos737.fon', 'dos869.fon', 'dosapp.fon', 'DUBAI-BOLD.TTF', 'DUBAI-LIGHT.TTF', 'DUBAI-MEDIUM.TTF', 'DUBAI-REGULAR.TTF', 'ebrima.ttf', 'ebrimabd.ttf', 'ega40737.fon', 'ega40850.fon', 'ega40852.fon', 'ega40857.fon', 'ega40866.fon', 'ega40869.fon', 'ega40woa.fon', 'ega80737.fon', 'ega80850.fon', 'ega80852.fon', 'ega80857.fon', 'ega80866.fon', 'ega80869.fon', 'ega80woa.fon', 'ELEPHNT.TTF', 'ELEPHNTI.TTF', 'ENGR.TTF', 'ERASBD.TTF', 'ERASDEMI.TTF', 'ERASLGHT.TTF', 'ERASMD.TTF', 'FELIXTI.TTF', 'fms_metadata.xml', 'FORTE.TTF', 'FRABK.TTF', 'FRABKIT.TTF', 'FRADM.TTF', 'FRADMCN.TTF', 'FRADMIT.TTF', 'FRAHV.TTF', 'FRAHVIT.TTF', 'framd.ttf', 'FRAMDCN.TTF', 'framdit.ttf', 'FREESCPT.TTF', 'FRSCRIPT.TTF', 'FTLTLT.TTF', 'FZSTK.TTF', 'FZYTK.TTF', 'Gabriola.ttf', 'gadugi.ttf', 'gadugib.ttf', 'GARA.TTF', 'GARABD.TTF', 'GARAIT.TTF', 'georgia.ttf', 'georgiab.ttf', 'georgiai.ttf', 'georgiaz.ttf', 'GIGI.TTF', 'GILBI___.TTF', 'GILB____.TTF', 'GILC____.TTF', 'GILI____.TTF', 'GILLUBCD.TTF', 'GILSANUB.TTF', 'GIL_____.TTF', 'GLECB.TTF', 'GlobalMonospace.CompositeFont', 'GlobalSansSerif.CompositeFont', 'GlobalSerif.CompositeFont', 'GlobalUserInterface.CompositeFont', 'GLSNECB.TTF', 'GOTHIC.TTF', 'GOTHICB.TTF', 'GOTHICBI.TTF', 'GOTHICI.TTF', 'GOUDOS.TTF', 'GOUDOSB.TTF', 'GOUDOSI.TTF', 'GOUDYSTO.TTF', 'h8514fix.fon', 'h8514oem.fon', 'h8514sys.fon', 'HARLOWSI.TTF', 'HARNGTON.TTF', 'HATTEN.TTF', 'HGB1X_CNKI.ttf', 'HGB1_CNKI.ttf', 'HGB2X_CNKI.ttf', 'HGB2_CNKI.ttf', 'HGB3X_CNKI.ttf', 'HGB3_CNKI.ttf', 'HGB4X_CNKI.ttf', 'HGB4_CNKI.ttf', 'HGB5X_CNKI.ttf', 'HGB5_CNKI.ttf', 'HGB6X_CNKI.ttf', 'HGB6_CNKI.ttf', 'HGB7X_CNKI.ttf', 'HGB7_CNKI.ttf', 'HGB8X_CNKI.ttf', 'HGB8_CNKI.ttf', 'HGBD_CNKI.ttf', 'HGBKBX_CNKI.ttf', 'HGBKB_CNKI.ttf', 'HGBKHX_CNKI.ttf', 'HGBKH_CNKI.ttf', 'HGBS1_CNKI.TTF', 'HGBS2_CNKI.TTF', 'HGBS_CNKI.TTF', 'HGBTH_CNKI.TTF', 'HGBTS_CNKI.TTF', 'HGBX_CNKI.ttf', 'HGBZ_CNKI.ttf', 'HGCH_CNKI.TTF', 'HGCUH_CNKI.TTF', 'HGCY_CNKI.TTF', 'HGDBS_CNKI.TTF', 'HGDGY_CNKI.TTF', 'HGDH2_CNKI.TTF', 'HGDH_CNKI.TTF', 'HGDYS_CNKI.TTF', 'HGDY_CNKI.ttf', 'HGF1X_CNKI.ttf', 'HGF1_CNKI.ttf', 'HGF2X_CNKI.ttf', 'HGF2_CNKI.ttf', 'HGF3_CNKI.ttf', 'HGF4X_CNKI.ttf', 'HGF4_CNKI.ttf', 'HGF5X_CNKI.ttf', 'HGF5_CNKI.ttf', 'HGF6X_CNKI.ttf', 'HGF6_CNKI.ttf', 'HGF7X_CNKI.ttf', 'HGF7_CNKI.ttf', 'HGF8_CNKI.ttf', 'HGF9X_CNKI.ttf', 'HGF9_CNKI.ttf', 'HGFS1_CNKI.TTF', 'HGFS2_CNKI.TTF', 'HGFSH_CNKI.TTF', 'HGFS_CNKI.TTF', 'HGFX_CNKI.ttf', 'HGFZ_CNKI.ttf', 'HGGG_CNKI.TTF', 'HGH1X_CNKI.ttf', 'HGH1_CNKI.ttf', 'HGH2X_CNKI.ttf', 'HGH2_CNKI.ttf', 'HGH3X_CNKI.ttf', 'HGH3_CNKI.ttf', 'HGH4X_CNKI.ttf', 'HGH4_CNKI.ttf', 'HGH5X_CNKI.ttf', 'HGH5_CNKI.ttf', 'HGH6X_CNKI.ttf', 'HGH6_CNKI.ttf', 'HGH7X_CNKI.ttf', 'HGH7_CNKI.ttf', 'HGHB_CNKI.TTF', 'HGHD_CNKI.ttf', 'HGHP_CNKI.TTF', 'HGHT1_CNKI.ttf', 'HGHT2_CNKI.ttf', 'HGHUATI_CNKI.ttf', 'HGHX_CNKI.ttf', 'HGHZ_CNKI.ttf', 'HGH_CNKI.TTF', 'HGKT1_CNKI.TTF', 'HGKT2_CNKI.TTF', 'HGKT_CNKI.TTF', 'HGKY_CNKI.ttf', 'HGLB_CNKI.TTF', 'HGLS_CNKI.TTF', 'HGMH_CNKI.TTF', 'HGNBS_CNKI.ttf', 'HGOCR_CNKI.ttf', 'HGPH_CNKI.TTF', 'HGPTY_CNKI.TTF', 'HGSS1_CNKI.TTF', 'HGSS2_CNKI.TTF', 'HGSS_CNKI.TTF', 'HGSXT_CNKI.ttf', 'HGTT_CNKI.ttf', 'HGTX_CNKI.TTF', 'HGWT_CNKI.TTF', 'HGWYS_CNKI.TTF', 'HGX1X_CNKI.ttf', 'HGX1_CNKI.ttf', 'HGXBS_CNKI.TTF', 'HGXC_CNKI.TTF', 'HGXF1_CNKI.ttf', 'HGXFX_CNKI.ttf', 'HGXFZ_CNKI.ttf', 'HGXH1_CNKI.TTF', 'HGXH_CNKI.TTF', 'HGXK_CNKI.TTF', 'HGXL_CNKI.TTF', 'HGXS_CNKI.TTF', 'HGXT_CNKI.ttf', 'HGXY_CNKI.ttf', 'HGY1_CNKI.TTF', 'HGY2_CNKI.TTF', 'HGY3_CNKI.TTF', 'HGY4_CNKI.TTF', 'HGYB_CNKI.ttf', 'HGYT1_CNKI.ttf', 'HGYT2_CNKI.ttf', 'HGYT_CNKI.TTF', 'HGYX_CNKI.TTF', 'HGZCS_CNKI.TTF', 'HGZDX_CNKI.TTF', 'HGZK_CNKI.TTF', 'HGZYT_CNKI.TTF', 'HGZY_CNKI.TTF', 'himalaya.ttf', 'holomdl2.ttf', 'HTOWERT.TTF', 'HTOWERTI.TTF', 'hvgafix.fon', 'hvgasys.fon', 'impact.ttf', 'IMPRISHA.TTF', 'INFROMAN.TTF', 'Inkfree.ttf', 'iqiyi_logov7.ttf', 'ITCBLKAD.TTF', 'ITCEDSCR.TTF', 'ITCKRIST.TTF', 'j8514fix.fon', 'j8514oem.fon', 'j8514sys.fon', 'javatext.ttf', 'JOKERMAN.TTF', 'jsmalle.fon', 'jsmallf.fon', 'JUICE___.TTF', 'jvgafix.fon', 'jvgasys.fon', 'KUNSTLER.TTF', 'LATINWD.TTF', 'LBRITE.TTF', 'LBRITED.TTF', 'LBRITEDI.TTF', 'LBRITEI.TTF', 'LCALLIG.TTF', 'LeelaUIb.ttf', 'LeelawUI.ttf', 'LeelUIsl.ttf', 'LFAX.TTF', 'LFAXD.TTF', 'LFAXDI.TTF', 'LFAXI.TTF', 'LHANDW.TTF', 'LSANS.TTF', 'LSANSD.TTF', 'LSANSDI.TTF', 'LSANSI.TTF', 'LTYPE.TTF', 'LTYPEB.TTF', 'LTYPEBO.TTF', 'LTYPEO.TTF', 'lucon.ttf', 'l_10646.ttf', 'MAGNETOB.TTF', 'MAIAN.TTF', 'malgun.ttf', 'malgunbd.ttf', 'malgunsl.ttf', 'marlett.ttf', 'MATURASC.TTF', 'micross.ttf', 'mingliub.ttc', 'MISTRAL.TTF', 'mmrtext.ttf', 'mmrtextb.ttf', 'MOD20.TTF', 'modern.fon', 'monbaiti.ttf', 'msgothic.ttc', 'msjh.ttc', 'msjhbd.ttc', 'msjhl.ttc', 'msyh.ttc', 'msyhbd.ttc', 'msyhl.ttc', 'msyi.ttf', 'MTCORSVA.TTF', 'MTEXTRA.TTF', 'mvboli.ttf', 'NIAGENG.TTF', 'NIAGSOL.TTF', 'Nirmala.ttf', 'NirmalaB.ttf', 'NirmalaS.ttf', 'ntailu.ttf', 'ntailub.ttf', 'NumberOnly.ttf', 'OCRAEXT.TTF', 'OLDENGL.TTF', 'ONYX.TTF', 'OUTLOOK.TTF', 'pala.ttf', 'palab.ttf', 'palabi.ttf', 'palai.ttf', 'PALSCRI.TTF', 'PAPYRUS.TTF', 'PARCHM.TTF', 'PERBI___.TTF', 'PERB____.TTF', 'PERI____.TTF', 'PERTIBD.TTF', 'PERTILI.TTF', 'PER_____.TTF', 'phagspa.ttf', 'phagspab.ttf', 'PLAYBILL.TTF', 'POORICH.TTF', 'PRISTINA.TTF', 'RAGE.TTF', 'RAVIE.TTF', 'REFSAN.TTF', 'REFSPCL.TTF', 'ROCCB___.TTF', 'ROCC____.TTF', 'ROCK.TTF', 'ROCKB.TTF', 'ROCKBI.TTF', 'ROCKEB.TTF', 'ROCKI.TTF', 'roman.fon', 's8514fix.fon', 's8514oem.fon', 's8514sys.fon', 'SCHLBKB.TTF', 'SCHLBKBI.TTF', 'SCHLBKI.TTF', 'script.fon', 'SCRIPTBL.TTF', 'segmdl2.ttf', 'SegoeIcons.ttf', 'segoepr.ttf', 'segoeprb.ttf', 'segoesc.ttf', 'segoescb.ttf', 'segoeui.ttf', 'segoeuib.ttf', 'segoeuii.ttf', 'segoeuil.ttf', 'segoeuisl.ttf', 'segoeuiz.ttf', 'seguibl.ttf', 'seguibli.ttf', 'seguiemj.ttf', 'seguihis.ttf', 'seguili.ttf', 'seguisb.ttf', 'seguisbi.ttf', 'seguisli.ttf', 'seguisym.ttf', 'SegUIVar.ttf', 'sere1255.fon', 'sere1256.fon', 'sere1257.fon', 'serf1255.fon', 'serf1256.fon', 'serf1257.fon', 'serife.fon', 'serifee.fon', 'serifeg.fon', 'serifer.fon', 'serifet.fon', 'seriff.fon', 'seriffe.fon', 'seriffg.fon', 'seriffr.fon', 'serifft.fon', 'SHOWG.TTF', 'simfang.ttf', 'simhei.ttf', 'simkai.ttf', 'SIMLI.TTF', 'simsun.ttc', 'simsunb.ttf', 'SIMYOU.TTF', 'SitkaVF-Italic.ttf', 'SitkaVF.ttf', 'smae1255.fon', 'smae1256.fon', 'smae1257.fon', 'smaf1255.fon', 'smaf1256.fon', 'smaf1257.fon', 'smalle.fon', 'smallee.fon', 'smalleg.fon', 'smaller.fon', 'smallet.fon', 'smallf.fon', 'smallfe.fon', 'smallfg.fon', 'smallfr.fon', 'smallft.fon', 'SNAP____.TTF', 'ssee1255.fon', 'ssee1256.fon', 'ssee1257.fon', 'ssee874.fon', 'ssef1255.fon', 'ssef1256.fon', 'ssef1257.fon', 'ssef874.fon', 'sserife.fon', 'sserifee.fon', 'sserifeg.fon', 'sserifer.fon', 'sserifet.fon', 'sseriff.fon', 'sseriffe.fon', 'sseriffg.fon', 'sseriffr.fon', 'sserifft.fon', 'StaticCache.dat', 'STCAIYUN.TTF', 'STENCIL.TTF', 'STFANGSO.TTF', 'STHUPO.TTF', 'STKAITI.TTF', 'STLITI.TTF', 'STSONG.TTF', 'STXIHEI.TTF', 'STXINGKA.TTF', 'STXINWEI.TTF', 'STZHONGS.TTF', 'svgafix.fon', 'svgasys.fon', 'sylfaen.ttf', 'symbol.ttf', 'tahoma.ttf', 'tahomabd.ttf', 'taile.ttf', 'taileb.ttf', 'TCBI____.TTF', 'TCB_____.TTF', 'TCCB____.TTF', 'TCCEB.TTF', 'TCCM____.TTF', 'TCMI____.TTF', 'TCM_____.TTF', 'TEMPSITC.TTF', 'times.ttf', 'timesbd.ttf', 'timesbi.ttf', 'timesi.ttf', 'trebuc.ttf', 'trebucbd.ttf', 'trebucbi.ttf', 'trebucit.ttf', 'verdana.ttf', 'verdanab.ttf', 'verdanai.ttf', 'verdanaz.ttf', 'vga737.fon', 'vga775.fon', 'vga850.fon', 'vga852.fon', 'vga855.fon', 'vga857.fon', 'vga860.fon', 'vga861.fon', 'vga863.fon', 'vga865.fon', 'vga866.fon', 'vga869.fon', 'vga932.fon', 'vga936.fon', 'vga949.fon', 'vga950.fon', 'vgaf1255.fon', 'vgaf1256.fon', 'vgaf1257.fon', 'vgaf874.fon', 'vgafix.fon', 'vgafixe.fon', 'vgafixg.fon', 'vgafixr.fon', 'vgafixt.fon', 'vgaoem.fon', 'vgas1255.fon', 'vgas1256.fon', 'vgas1257.fon', 'vgas874.fon', 'vgasys.fon', 'vgasyse.fon', 'vgasysg.fon', 'vgasysr.fon', 'vgasyst.fon', 'VINERITC.TTF', 'VIVALDII.TTF', 'VLADIMIR.TTF', 'webdings.ttf', 'wingding.ttf', 'WINGDNG2.TTF', 'WINGDNG3.TTF', 'YuGothB.ttc', 'YuGothL.ttc', 'YuGothM.ttc', 'YuGothR.ttc', '\u534e\u5eb7\u65b9\u5706\u4f53W7.TTC', '\u65b9\u6b63\u7c97\u9ed1\u5b8b\u7b80\u4f53.ttf']
2023-09-27 16:01:04,748 - INFO - all fonts installed:['8514fix.fon', '8514fixe.fon', '8514fixg.fon', '8514fixr.fon', '8514fixt.fon', '8514oem.fon', '8514oeme.fon', '8514oemg.fon', '8514oemr.fon', '8514oemt.fon', '8514sys.fon', '8514syse.fon', '8514sysg.fon', '8514sysr.fon', '8514syst.fon', '85775.fon', '85855.fon', '85f1255.fon', '85f1256.fon', '85f1257.fon', '85f874.fon', '85s1255.fon', '85s1256.fon', '85s1257.fon', '85s874.fon', 'AGENCYB.TTF', 'AGENCYR.TTF', 'ALGER.TTF', 'ANTQUAB.TTF', 'ANTQUABI.TTF', 'ANTQUAI.TTF', 'app775.fon', 'app850.fon', 'app852.fon', 'app855.fon', 'app857.fon', 'app866.fon', 'app932.fon', 'app936.fon', 'app949.fon', 'app950.fon', 'arial.ttf', 'arialbd.ttf', 'arialbi.ttf', 'ariali.ttf', 'ARIALN.TTF', 'ARIALNB.TTF', 'ARIALNBI.TTF', 'ARIALNI.TTF', 'ariblk.ttf', 'ARLRDBD.TTF', 'AxureHandwriting-Bold.otf', 'AxureHandwriting-BoldItalic.otf', 'AxureHandwriting-Italic.otf', 'AxureHandwriting.otf', 'bahnschrift.ttf', 'BASKVILL.TTF', 'BAUHS93.TTF', 'BELL.TTF', 'BELLB.TTF', 'BELLI.TTF', 'BERNHC.TTF', 'BKANT.TTF', 'BOD_B.TTF', 'BOD_BI.TTF', 'BOD_BLAI.TTF', 'BOD_BLAR.TTF', 'BOD_CB.TTF', 'BOD_CBI.TTF', 'BOD_CI.TTF', 'BOD_CR.TTF', 'BOD_I.TTF', 'BOD_PSTC.TTF', 'BOD_R.TTF', 'BOOKOS.TTF', 'BOOKOSB.TTF', 'BOOKOSBI.TTF', 'BOOKOSI.TTF', 'BRADHITC.TTF', 'BRITANIC.TTF', 'BRLNSB.TTF', 'BRLNSDB.TTF', 'BRLNSR.TTF', 'BROADW.TTF', 'BRUSHSCI.TTF', 'BSSYM7.TTF', 'c8514fix.fon', 'c8514oem.fon', 'c8514sys.fon', 'calibri.ttf', 'calibrib.ttf', 'calibrii.ttf', 'calibril.ttf', 'calibrili.ttf', 'calibriz.ttf', 'CALIFB.TTF', 'CALIFI.TTF', 'CALIFR.TTF', 'CALIST.TTF', 'CALISTB.TTF', 'CALISTBI.TTF', 'CALISTI.TTF', 'cambria.ttc', 'cambriab.ttf', 'cambriai.ttf', 'cambriaz.ttf', 'Candara.ttf', 'Candarab.ttf', 'Candarai.ttf', 'Candaral.ttf', 'Candarali.ttf', 'Candaraz.ttf', 'CascadiaCode.ttf', 'CascadiaMono.ttf', 'CASTELAR.TTF', 'CENSCBK.TTF', 'CENTAUR.TTF', 'CENTURY.TTF', 'cga40737.fon', 'cga40850.fon', 'cga40852.fon', 'cga40857.fon', 'cga40866.fon', 'cga40869.fon', 'cga40woa.fon', 'cga80737.fon', 'cga80850.fon', 'cga80852.fon', 'cga80857.fon', 'cga80866.fon', 'cga80869.fon', 'cga80woa.fon', 'CHILLER.TTF', 'COLONNA.TTF', 'comic.ttf', 'comicbd.ttf', 'comici.ttf', 'comicz.ttf', 'consola.ttf', 'consolab.ttf', 'consolai.ttf', 'consolaz.ttf', 'constan.ttf', 'constanb.ttf', 'constani.ttf', 'constanz.ttf', 'COOPBL.TTF', 'COPRGTB.TTF', 'COPRGTL.TTF', 'corbel.ttf', 'corbelb.ttf', 'corbeli.ttf', 'corbell.ttf', 'corbelli.ttf', 'corbelz.ttf', 'coue1255.fon', 'coue1256.fon', 'coue1257.fon', 'couf1255.fon', 'couf1256.fon', 'couf1257.fon', 'cour.ttf', 'courbd.ttf', 'courbi.ttf', 'coure.fon', 'couree.fon', 'coureg.fon', 'courer.fon', 'couret.fon', 'courf.fon', 'courfe.fon', 'courfg.fon', 'courfr.fon', 'courft.fon', 'couri.ttf', 'CURLZ___.TTF', 'cvgafix.fon', 'cvgasys.fon', 'Deng.ttf', 'Dengb.ttf', 'Dengl.ttf', 'desktop.ini', 'dos737.fon', 'dos869.fon', 'dosapp.fon', 'DUBAI-BOLD.TTF', 'DUBAI-LIGHT.TTF', 'DUBAI-MEDIUM.TTF', 'DUBAI-REGULAR.TTF', 'ebrima.ttf', 'ebrimabd.ttf', 'ega40737.fon', 'ega40850.fon', 'ega40852.fon', 'ega40857.fon', 'ega40866.fon', 'ega40869.fon', 'ega40woa.fon', 'ega80737.fon', 'ega80850.fon', 'ega80852.fon', 'ega80857.fon', 'ega80866.fon', 'ega80869.fon', 'ega80woa.fon', 'ELEPHNT.TTF', 'ELEPHNTI.TTF', 'ENGR.TTF', 'ERASBD.TTF', 'ERASDEMI.TTF', 'ERASLGHT.TTF', 'ERASMD.TTF', 'FELIXTI.TTF', 'fms_metadata.xml', 'FORTE.TTF', 'FRABK.TTF', 'FRABKIT.TTF', 'FRADM.TTF', 'FRADMCN.TTF', 'FRADMIT.TTF', 'FRAHV.TTF', 'FRAHVIT.TTF', 'framd.ttf', 'FRAMDCN.TTF', 'framdit.ttf', 'FREESCPT.TTF', 'FRSCRIPT.TTF', 'FTLTLT.TTF', 'FZSTK.TTF', 'FZYTK.TTF', 'Gabriola.ttf', 'gadugi.ttf', 'gadugib.ttf', 'GARA.TTF', 'GARABD.TTF', 'GARAIT.TTF', 'georgia.ttf', 'georgiab.ttf', 'georgiai.ttf', 'georgiaz.ttf', 'GIGI.TTF', 'GILBI___.TTF', 'GILB____.TTF', 'GILC____.TTF', 'GILI____.TTF', 'GILLUBCD.TTF', 'GILSANUB.TTF', 'GIL_____.TTF', 'GLECB.TTF', 'GlobalMonospace.CompositeFont', 'GlobalSansSerif.CompositeFont', 'GlobalSerif.CompositeFont', 'GlobalUserInterface.CompositeFont', 'GLSNECB.TTF', 'GOTHIC.TTF', 'GOTHICB.TTF', 'GOTHICBI.TTF', 'GOTHICI.TTF', 'GOUDOS.TTF', 'GOUDOSB.TTF', 'GOUDOSI.TTF', 'GOUDYSTO.TTF', 'h8514fix.fon', 'h8514oem.fon', 'h8514sys.fon', 'HARLOWSI.TTF', 'HARNGTON.TTF', 'HATTEN.TTF', 'HGB1X_CNKI.ttf', 'HGB1_CNKI.ttf', 'HGB2X_CNKI.ttf', 'HGB2_CNKI.ttf', 'HGB3X_CNKI.ttf', 'HGB3_CNKI.ttf', 'HGB4X_CNKI.ttf', 'HGB4_CNKI.ttf', 'HGB5X_CNKI.ttf', 'HGB5_CNKI.ttf', 'HGB6X_CNKI.ttf', 'HGB6_CNKI.ttf', 'HGB7X_CNKI.ttf', 'HGB7_CNKI.ttf', 'HGB8X_CNKI.ttf', 'HGB8_CNKI.ttf', 'HGBD_CNKI.ttf', 'HGBKBX_CNKI.ttf', 'HGBKB_CNKI.ttf', 'HGBKHX_CNKI.ttf', 'HGBKH_CNKI.ttf', 'HGBS1_CNKI.TTF', 'HGBS2_CNKI.TTF', 'HGBS_CNKI.TTF', 'HGBTH_CNKI.TTF', 'HGBTS_CNKI.TTF', 'HGBX_CNKI.ttf', 'HGBZ_CNKI.ttf', 'HGCH_CNKI.TTF', 'HGCUH_CNKI.TTF', 'HGCY_CNKI.TTF', 'HGDBS_CNKI.TTF', 'HGDGY_CNKI.TTF', 'HGDH2_CNKI.TTF', 'HGDH_CNKI.TTF', 'HGDYS_CNKI.TTF', 'HGDY_CNKI.ttf', 'HGF1X_CNKI.ttf', 'HGF1_CNKI.ttf', 'HGF2X_CNKI.ttf', 'HGF2_CNKI.ttf', 'HGF3_CNKI.ttf', 'HGF4X_CNKI.ttf', 'HGF4_CNKI.ttf', 'HGF5X_CNKI.ttf', 'HGF5_CNKI.ttf', 'HGF6X_CNKI.ttf', 'HGF6_CNKI.ttf', 'HGF7X_CNKI.ttf', 'HGF7_CNKI.ttf', 'HGF8_CNKI.ttf', 'HGF9X_CNKI.ttf', 'HGF9_CNKI.ttf', 'HGFS1_CNKI.TTF', 'HGFS2_CNKI.TTF', 'HGFSH_CNKI.TTF', 'HGFS_CNKI.TTF', 'HGFX_CNKI.ttf', 'HGFZ_CNKI.ttf', 'HGGG_CNKI.TTF', 'HGH1X_CNKI.ttf', 'HGH1_CNKI.ttf', 'HGH2X_CNKI.ttf', 'HGH2_CNKI.ttf', 'HGH3X_CNKI.ttf', 'HGH3_CNKI.ttf', 'HGH4X_CNKI.ttf', 'HGH4_CNKI.ttf', 'HGH5X_CNKI.ttf', 'HGH5_CNKI.ttf', 'HGH6X_CNKI.ttf', 'HGH6_CNKI.ttf', 'HGH7X_CNKI.ttf', 'HGH7_CNKI.ttf', 'HGHB_CNKI.TTF', 'HGHD_CNKI.ttf', 'HGHP_CNKI.TTF', 'HGHT1_CNKI.ttf', 'HGHT2_CNKI.ttf', 'HGHUATI_CNKI.ttf', 'HGHX_CNKI.ttf', 'HGHZ_CNKI.ttf', 'HGH_CNKI.TTF', 'HGKT1_CNKI.TTF', 'HGKT2_CNKI.TTF', 'HGKT_CNKI.TTF', 'HGKY_CNKI.ttf', 'HGLB_CNKI.TTF', 'HGLS_CNKI.TTF', 'HGMH_CNKI.TTF', 'HGNBS_CNKI.ttf', 'HGOCR_CNKI.ttf', 'HGPH_CNKI.TTF', 'HGPTY_CNKI.TTF', 'HGSS1_CNKI.TTF', 'HGSS2_CNKI.TTF', 'HGSS_CNKI.TTF', 'HGSXT_CNKI.ttf', 'HGTT_CNKI.ttf', 'HGTX_CNKI.TTF', 'HGWT_CNKI.TTF', 'HGWYS_CNKI.TTF', 'HGX1X_CNKI.ttf', 'HGX1_CNKI.ttf', 'HGXBS_CNKI.TTF', 'HGXC_CNKI.TTF', 'HGXF1_CNKI.ttf', 'HGXFX_CNKI.ttf', 'HGXFZ_CNKI.ttf', 'HGXH1_CNKI.TTF', 'HGXH_CNKI.TTF', 'HGXK_CNKI.TTF', 'HGXL_CNKI.TTF', 'HGXS_CNKI.TTF', 'HGXT_CNKI.ttf', 'HGXY_CNKI.ttf', 'HGY1_CNKI.TTF', 'HGY2_CNKI.TTF', 'HGY3_CNKI.TTF', 'HGY4_CNKI.TTF', 'HGYB_CNKI.ttf', 'HGYT1_CNKI.ttf', 'HGYT2_CNKI.ttf', 'HGYT_CNKI.TTF', 'HGYX_CNKI.TTF', 'HGZCS_CNKI.TTF', 'HGZDX_CNKI.TTF', 'HGZK_CNKI.TTF', 'HGZYT_CNKI.TTF', 'HGZY_CNKI.TTF', 'himalaya.ttf', 'holomdl2.ttf', 'HTOWERT.TTF', 'HTOWERTI.TTF', 'hvgafix.fon', 'hvgasys.fon', 'impact.ttf', 'IMPRISHA.TTF', 'INFROMAN.TTF', 'Inkfree.ttf', 'iqiyi_logov7.ttf', 'ITCBLKAD.TTF', 'ITCEDSCR.TTF', 'ITCKRIST.TTF', 'j8514fix.fon', 'j8514oem.fon', 'j8514sys.fon', 'javatext.ttf', 'JOKERMAN.TTF', 'jsmalle.fon', 'jsmallf.fon', 'JUICE___.TTF', 'jvgafix.fon', 'jvgasys.fon', 'KUNSTLER.TTF', 'LATINWD.TTF', 'LBRITE.TTF', 'LBRITED.TTF', 'LBRITEDI.TTF', 'LBRITEI.TTF', 'LCALLIG.TTF', 'LeelaUIb.ttf', 'LeelawUI.ttf', 'LeelUIsl.ttf', 'LFAX.TTF', 'LFAXD.TTF', 'LFAXDI.TTF', 'LFAXI.TTF', 'LHANDW.TTF', 'LSANS.TTF', 'LSANSD.TTF', 'LSANSDI.TTF', 'LSANSI.TTF', 'LTYPE.TTF', 'LTYPEB.TTF', 'LTYPEBO.TTF', 'LTYPEO.TTF', 'lucon.ttf', 'l_10646.ttf', 'MAGNETOB.TTF', 'MAIAN.TTF', 'malgun.ttf', 'malgunbd.ttf', 'malgunsl.ttf', 'marlett.ttf', 'MATURASC.TTF', 'micross.ttf', 'mingliub.ttc', 'MISTRAL.TTF', 'mmrtext.ttf', 'mmrtextb.ttf', 'MOD20.TTF', 'modern.fon', 'monbaiti.ttf', 'msgothic.ttc', 'msjh.ttc', 'msjhbd.ttc', 'msjhl.ttc', 'msyh.ttc', 'msyhbd.ttc', 'msyhl.ttc', 'msyi.ttf', 'MTCORSVA.TTF', 'MTEXTRA.TTF', 'mvboli.ttf', 'NIAGENG.TTF', 'NIAGSOL.TTF', 'Nirmala.ttf', 'NirmalaB.ttf', 'NirmalaS.ttf', 'ntailu.ttf', 'ntailub.ttf', 'NumberOnly.ttf', 'OCRAEXT.TTF', 'OLDENGL.TTF', 'ONYX.TTF', 'OUTLOOK.TTF', 'pala.ttf', 'palab.ttf', 'palabi.ttf', 'palai.ttf', 'PALSCRI.TTF', 'PAPYRUS.TTF', 'PARCHM.TTF', 'PERBI___.TTF', 'PERB____.TTF', 'PERI____.TTF', 'PERTIBD.TTF', 'PERTILI.TTF', 'PER_____.TTF', 'phagspa.ttf', 'phagspab.ttf', 'PLAYBILL.TTF', 'POORICH.TTF', 'PRISTINA.TTF', 'RAGE.TTF', 'RAVIE.TTF', 'REFSAN.TTF', 'REFSPCL.TTF', 'ROCCB___.TTF', 'ROCC____.TTF', 'ROCK.TTF', 'ROCKB.TTF', 'ROCKBI.TTF', 'ROCKEB.TTF', 'ROCKI.TTF', 'roman.fon', 's8514fix.fon', 's8514oem.fon', 's8514sys.fon', 'SCHLBKB.TTF', 'SCHLBKBI.TTF', 'SCHLBKI.TTF', 'script.fon', 'SCRIPTBL.TTF', 'segmdl2.ttf', 'SegoeIcons.ttf', 'segoepr.ttf', 'segoeprb.ttf', 'segoesc.ttf', 'segoescb.ttf', 'segoeui.ttf', 'segoeuib.ttf', 'segoeuii.ttf', 'segoeuil.ttf', 'segoeuisl.ttf', 'segoeuiz.ttf', 'seguibl.ttf', 'seguibli.ttf', 'seguiemj.ttf', 'seguihis.ttf', 'seguili.ttf', 'seguisb.ttf', 'seguisbi.ttf', 'seguisli.ttf', 'seguisym.ttf', 'SegUIVar.ttf', 'sere1255.fon', 'sere1256.fon', 'sere1257.fon', 'serf1255.fon', 'serf1256.fon', 'serf1257.fon', 'serife.fon', 'serifee.fon', 'serifeg.fon', 'serifer.fon', 'serifet.fon', 'seriff.fon', 'seriffe.fon', 'seriffg.fon', 'seriffr.fon', 'serifft.fon', 'SHOWG.TTF', 'simfang.ttf', 'simhei.ttf', 'simkai.ttf', 'SIMLI.TTF', 'simsun.ttc', 'simsunb.ttf', 'SIMYOU.TTF', 'SitkaVF-Italic.ttf', 'SitkaVF.ttf', 'smae1255.fon', 'smae1256.fon', 'smae1257.fon', 'smaf1255.fon', 'smaf1256.fon', 'smaf1257.fon', 'smalle.fon', 'smallee.fon', 'smalleg.fon', 'smaller.fon', 'smallet.fon', 'smallf.fon', 'smallfe.fon', 'smallfg.fon', 'smallfr.fon', 'smallft.fon', 'SNAP____.TTF', 'ssee1255.fon', 'ssee1256.fon', 'ssee1257.fon', 'ssee874.fon', 'ssef1255.fon', 'ssef1256.fon', 'ssef1257.fon', 'ssef874.fon', 'sserife.fon', 'sserifee.fon', 'sserifeg.fon', 'sserifer.fon', 'sserifet.fon', 'sseriff.fon', 'sseriffe.fon', 'sseriffg.fon', 'sseriffr.fon', 'sserifft.fon', 'StaticCache.dat', 'STCAIYUN.TTF', 'STENCIL.TTF', 'STFANGSO.TTF', 'STHUPO.TTF', 'STKAITI.TTF', 'STLITI.TTF', 'STSONG.TTF', 'STXIHEI.TTF', 'STXINGKA.TTF', 'STXINWEI.TTF', 'STZHONGS.TTF', 'svgafix.fon', 'svgasys.fon', 'sylfaen.ttf', 'symbol.ttf', 'tahoma.ttf', 'tahomabd.ttf', 'taile.ttf', 'taileb.ttf', 'TCBI____.TTF', 'TCB_____.TTF', 'TCCB____.TTF', 'TCCEB.TTF', 'TCCM____.TTF', 'TCMI____.TTF', 'TCM_____.TTF', 'TEMPSITC.TTF', 'times.ttf', 'timesbd.ttf', 'timesbi.ttf', 'timesi.ttf', 'trebuc.ttf', 'trebucbd.ttf', 'trebucbi.ttf', 'trebucit.ttf', 'verdana.ttf', 'verdanab.ttf', 'verdanai.ttf', 'verdanaz.ttf', 'vga737.fon', 'vga775.fon', 'vga850.fon', 'vga852.fon', 'vga855.fon', 'vga857.fon', 'vga860.fon', 'vga861.fon', 'vga863.fon', 'vga865.fon', 'vga866.fon', 'vga869.fon', 'vga932.fon', 'vga936.fon', 'vga949.fon', 'vga950.fon', 'vgaf1255.fon', 'vgaf1256.fon', 'vgaf1257.fon', 'vgaf874.fon', 'vgafix.fon', 'vgafixe.fon', 'vgafixg.fon', 'vgafixr.fon', 'vgafixt.fon', 'vgaoem.fon', 'vgas1255.fon', 'vgas1256.fon', 'vgas1257.fon', 'vgas874.fon', 'vgasys.fon', 'vgasyse.fon', 'vgasysg.fon', 'vgasysr.fon', 'vgasyst.fon', 'VINERITC.TTF', 'VIVALDII.TTF', 'VLADIMIR.TTF', 'webdings.ttf', 'wingding.ttf', 'WINGDNG2.TTF', 'WINGDNG3.TTF', 'YuGothB.ttc', 'YuGothL.ttc', 'YuGothM.ttc', 'YuGothR.ttc', '\u534e\u5eb7\u65b9\u5706\u4f53W7.TTC', '\u65b9\u6b63\u7c97\u9ed1\u5b8b\u7b80\u4f53.ttf']
2023-09-27 16:01:04,970 - INFO - all fonts installed:['8514fix.fon', '8514fixe.fon', '8514fixg.fon', '8514fixr.fon', '8514fixt.fon', '8514oem.fon', '8514oeme.fon', '8514oemg.fon', '8514oemr.fon', '8514oemt.fon', '8514sys.fon', '8514syse.fon', '8514sysg.fon', '8514sysr.fon', '8514syst.fon', '85775.fon', '85855.fon', '85f1255.fon', '85f1256.fon', '85f1257.fon', '85f874.fon', '85s1255.fon', '85s1256.fon', '85s1257.fon', '85s874.fon', 'AGENCYB.TTF', 'AGENCYR.TTF', 'ALGER.TTF', 'ANTQUAB.TTF', 'ANTQUABI.TTF', 'ANTQUAI.TTF', 'app775.fon', 'app850.fon', 'app852.fon', 'app855.fon', 'app857.fon', 'app866.fon', 'app932.fon', 'app936.fon', 'app949.fon', 'app950.fon', 'arial.ttf', 'arialbd.ttf', 'arialbi.ttf', 'ariali.ttf', 'ARIALN.TTF', 'ARIALNB.TTF', 'ARIALNBI.TTF', 'ARIALNI.TTF', 'ariblk.ttf', 'ARLRDBD.TTF', 'AxureHandwriting-Bold.otf', 'AxureHandwriting-BoldItalic.otf', 'AxureHandwriting-Italic.otf', 'AxureHandwriting.otf', 'bahnschrift.ttf', 'BASKVILL.TTF', 'BAUHS93.TTF', 'BELL.TTF', 'BELLB.TTF', 'BELLI.TTF', 'BERNHC.TTF', 'BKANT.TTF', 'BOD_B.TTF', 'BOD_BI.TTF', 'BOD_BLAI.TTF', 'BOD_BLAR.TTF', 'BOD_CB.TTF', 'BOD_CBI.TTF', 'BOD_CI.TTF', 'BOD_CR.TTF', 'BOD_I.TTF', 'BOD_PSTC.TTF', 'BOD_R.TTF', 'BOOKOS.TTF', 'BOOKOSB.TTF', 'BOOKOSBI.TTF', 'BOOKOSI.TTF', 'BRADHITC.TTF', 'BRITANIC.TTF', 'BRLNSB.TTF', 'BRLNSDB.TTF', 'BRLNSR.TTF', 'BROADW.TTF', 'BRUSHSCI.TTF', 'BSSYM7.TTF', 'c8514fix.fon', 'c8514oem.fon', 'c8514sys.fon', 'calibri.ttf', 'calibrib.ttf', 'calibrii.ttf', 'calibril.ttf', 'calibrili.ttf', 'calibriz.ttf', 'CALIFB.TTF', 'CALIFI.TTF', 'CALIFR.TTF', 'CALIST.TTF', 'CALISTB.TTF', 'CALISTBI.TTF', 'CALISTI.TTF', 'cambria.ttc', 'cambriab.ttf', 'cambriai.ttf', 'cambriaz.ttf', 'Candara.ttf', 'Candarab.ttf', 'Candarai.ttf', 'Candaral.ttf', 'Candarali.ttf', 'Candaraz.ttf', 'CascadiaCode.ttf', 'CascadiaMono.ttf', 'CASTELAR.TTF', 'CENSCBK.TTF', 'CENTAUR.TTF', 'CENTURY.TTF', 'cga40737.fon', 'cga40850.fon', 'cga40852.fon', 'cga40857.fon', 'cga40866.fon', 'cga40869.fon', 'cga40woa.fon', 'cga80737.fon', 'cga80850.fon', 'cga80852.fon', 'cga80857.fon', 'cga80866.fon', 'cga80869.fon', 'cga80woa.fon', 'CHILLER.TTF', 'COLONNA.TTF', 'comic.ttf', 'comicbd.ttf', 'comici.ttf', 'comicz.ttf', 'consola.ttf', 'consolab.ttf', 'consolai.ttf', 'consolaz.ttf', 'constan.ttf', 'constanb.ttf', 'constani.ttf', 'constanz.ttf', 'COOPBL.TTF', 'COPRGTB.TTF', 'COPRGTL.TTF', 'corbel.ttf', 'corbelb.ttf', 'corbeli.ttf', 'corbell.ttf', 'corbelli.ttf', 'corbelz.ttf', 'coue1255.fon', 'coue1256.fon', 'coue1257.fon', 'couf1255.fon', 'couf1256.fon', 'couf1257.fon', 'cour.ttf', 'courbd.ttf', 'courbi.ttf', 'coure.fon', 'couree.fon', 'coureg.fon', 'courer.fon', 'couret.fon', 'courf.fon', 'courfe.fon', 'courfg.fon', 'courfr.fon', 'courft.fon', 'couri.ttf', 'CURLZ___.TTF', 'cvgafix.fon', 'cvgasys.fon', 'Deng.ttf', 'Dengb.ttf', 'Dengl.ttf', 'desktop.ini', 'dos737.fon', 'dos869.fon', 'dosapp.fon', 'DUBAI-BOLD.TTF', 'DUBAI-LIGHT.TTF', 'DUBAI-MEDIUM.TTF', 'DUBAI-REGULAR.TTF', 'ebrima.ttf', 'ebrimabd.ttf', 'ega40737.fon', 'ega40850.fon', 'ega40852.fon', 'ega40857.fon', 'ega40866.fon', 'ega40869.fon', 'ega40woa.fon', 'ega80737.fon', 'ega80850.fon', 'ega80852.fon', 'ega80857.fon', 'ega80866.fon', 'ega80869.fon', 'ega80woa.fon', 'ELEPHNT.TTF', 'ELEPHNTI.TTF', 'ENGR.TTF', 'ERASBD.TTF', 'ERASDEMI.TTF', 'ERASLGHT.TTF', 'ERASMD.TTF', 'FELIXTI.TTF', 'fms_metadata.xml', 'FORTE.TTF', 'FRABK.TTF', 'FRABKIT.TTF', 'FRADM.TTF', 'FRADMCN.TTF', 'FRADMIT.TTF', 'FRAHV.TTF', 'FRAHVIT.TTF', 'framd.ttf', 'FRAMDCN.TTF', 'framdit.ttf', 'FREESCPT.TTF', 'FRSCRIPT.TTF', 'FTLTLT.TTF', 'FZSTK.TTF', 'FZYTK.TTF', 'Gabriola.ttf', 'gadugi.ttf', 'gadugib.ttf', 'GARA.TTF', 'GARABD.TTF', 'GARAIT.TTF', 'georgia.ttf', 'georgiab.ttf', 'georgiai.ttf', 'georgiaz.ttf', 'GIGI.TTF', 'GILBI___.TTF', 'GILB____.TTF', 'GILC____.TTF', 'GILI____.TTF', 'GILLUBCD.TTF', 'GILSANUB.TTF', 'GIL_____.TTF', 'GLECB.TTF', 'GlobalMonospace.CompositeFont', 'GlobalSansSerif.CompositeFont', 'GlobalSerif.CompositeFont', 'GlobalUserInterface.CompositeFont', 'GLSNECB.TTF', 'GOTHIC.TTF', 'GOTHICB.TTF', 'GOTHICBI.TTF', 'GOTHICI.TTF', 'GOUDOS.TTF', 'GOUDOSB.TTF', 'GOUDOSI.TTF', 'GOUDYSTO.TTF', 'h8514fix.fon', 'h8514oem.fon', 'h8514sys.fon', 'HARLOWSI.TTF', 'HARNGTON.TTF', 'HATTEN.TTF', 'HGB1X_CNKI.ttf', 'HGB1_CNKI.ttf', 'HGB2X_CNKI.ttf', 'HGB2_CNKI.ttf', 'HGB3X_CNKI.ttf', 'HGB3_CNKI.ttf', 'HGB4X_CNKI.ttf', 'HGB4_CNKI.ttf', 'HGB5X_CNKI.ttf', 'HGB5_CNKI.ttf', 'HGB6X_CNKI.ttf', 'HGB6_CNKI.ttf', 'HGB7X_CNKI.ttf', 'HGB7_CNKI.ttf', 'HGB8X_CNKI.ttf', 'HGB8_CNKI.ttf', 'HGBD_CNKI.ttf', 'HGBKBX_CNKI.ttf', 'HGBKB_CNKI.ttf', 'HGBKHX_CNKI.ttf', 'HGBKH_CNKI.ttf', 'HGBS1_CNKI.TTF', 'HGBS2_CNKI.TTF', 'HGBS_CNKI.TTF', 'HGBTH_CNKI.TTF', 'HGBTS_CNKI.TTF', 'HGBX_CNKI.ttf', 'HGBZ_CNKI.ttf', 'HGCH_CNKI.TTF', 'HGCUH_CNKI.TTF', 'HGCY_CNKI.TTF', 'HGDBS_CNKI.TTF', 'HGDGY_CNKI.TTF', 'HGDH2_CNKI.TTF', 'HGDH_CNKI.TTF', 'HGDYS_CNKI.TTF', 'HGDY_CNKI.ttf', 'HGF1X_CNKI.ttf', 'HGF1_CNKI.ttf', 'HGF2X_CNKI.ttf', 'HGF2_CNKI.ttf', 'HGF3_CNKI.ttf', 'HGF4X_CNKI.ttf', 'HGF4_CNKI.ttf', 'HGF5X_CNKI.ttf', 'HGF5_CNKI.ttf', 'HGF6X_CNKI.ttf', 'HGF6_CNKI.ttf', 'HGF7X_CNKI.ttf', 'HGF7_CNKI.ttf', 'HGF8_CNKI.ttf', 'HGF9X_CNKI.ttf', 'HGF9_CNKI.ttf', 'HGFS1_CNKI.TTF', 'HGFS2_CNKI.TTF', 'HGFSH_CNKI.TTF', 'HGFS_CNKI.TTF', 'HGFX_CNKI.ttf', 'HGFZ_CNKI.ttf', 'HGGG_CNKI.TTF', 'HGH1X_CNKI.ttf', 'HGH1_CNKI.ttf', 'HGH2X_CNKI.ttf', 'HGH2_CNKI.ttf', 'HGH3X_CNKI.ttf', 'HGH3_CNKI.ttf', 'HGH4X_CNKI.ttf', 'HGH4_CNKI.ttf', 'HGH5X_CNKI.ttf', 'HGH5_CNKI.ttf', 'HGH6X_CNKI.ttf', 'HGH6_CNKI.ttf', 'HGH7X_CNKI.ttf', 'HGH7_CNKI.ttf', 'HGHB_CNKI.TTF', 'HGHD_CNKI.ttf', 'HGHP_CNKI.TTF', 'HGHT1_CNKI.ttf', 'HGHT2_CNKI.ttf', 'HGHUATI_CNKI.ttf', 'HGHX_CNKI.ttf', 'HGHZ_CNKI.ttf', 'HGH_CNKI.TTF', 'HGKT1_CNKI.TTF', 'HGKT2_CNKI.TTF', 'HGKT_CNKI.TTF', 'HGKY_CNKI.ttf', 'HGLB_CNKI.TTF', 'HGLS_CNKI.TTF', 'HGMH_CNKI.TTF', 'HGNBS_CNKI.ttf', 'HGOCR_CNKI.ttf', 'HGPH_CNKI.TTF', 'HGPTY_CNKI.TTF', 'HGSS1_CNKI.TTF', 'HGSS2_CNKI.TTF', 'HGSS_CNKI.TTF', 'HGSXT_CNKI.ttf', 'HGTT_CNKI.ttf', 'HGTX_CNKI.TTF', 'HGWT_CNKI.TTF', 'HGWYS_CNKI.TTF', 'HGX1X_CNKI.ttf', 'HGX1_CNKI.ttf', 'HGXBS_CNKI.TTF', 'HGXC_CNKI.TTF', 'HGXF1_CNKI.ttf', 'HGXFX_CNKI.ttf', 'HGXFZ_CNKI.ttf', 'HGXH1_CNKI.TTF', 'HGXH_CNKI.TTF', 'HGXK_CNKI.TTF', 'HGXL_CNKI.TTF', 'HGXS_CNKI.TTF', 'HGXT_CNKI.ttf', 'HGXY_CNKI.ttf', 'HGY1_CNKI.TTF', 'HGY2_CNKI.TTF', 'HGY3_CNKI.TTF', 'HGY4_CNKI.TTF', 'HGYB_CNKI.ttf', 'HGYT1_CNKI.ttf', 'HGYT2_CNKI.ttf', 'HGYT_CNKI.TTF', 'HGYX_CNKI.TTF', 'HGZCS_CNKI.TTF', 'HGZDX_CNKI.TTF', 'HGZK_CNKI.TTF', 'HGZYT_CNKI.TTF', 'HGZY_CNKI.TTF', 'himalaya.ttf', 'holomdl2.ttf', 'HTOWERT.TTF', 'HTOWERTI.TTF', 'hvgafix.fon', 'hvgasys.fon', 'impact.ttf', 'IMPRISHA.TTF', 'INFROMAN.TTF', 'Inkfree.ttf', 'iqiyi_logov7.ttf', 'ITCBLKAD.TTF', 'ITCEDSCR.TTF', 'ITCKRIST.TTF', 'j8514fix.fon', 'j8514oem.fon', 'j8514sys.fon', 'javatext.ttf', 'JOKERMAN.TTF', 'jsmalle.fon', 'jsmallf.fon', 'JUICE___.TTF', 'jvgafix.fon', 'jvgasys.fon', 'KUNSTLER.TTF', 'LATINWD.TTF', 'LBRITE.TTF', 'LBRITED.TTF', 'LBRITEDI.TTF', 'LBRITEI.TTF', 'LCALLIG.TTF', 'LeelaUIb.ttf', 'LeelawUI.ttf', 'LeelUIsl.ttf', 'LFAX.TTF', 'LFAXD.TTF', 'LFAXDI.TTF', 'LFAXI.TTF', 'LHANDW.TTF', 'LSANS.TTF', 'LSANSD.TTF', 'LSANSDI.TTF', 'LSANSI.TTF', 'LTYPE.TTF', 'LTYPEB.TTF', 'LTYPEBO.TTF', 'LTYPEO.TTF', 'lucon.ttf', 'l_10646.ttf', 'MAGNETOB.TTF', 'MAIAN.TTF', 'malgun.ttf', 'malgunbd.ttf', 'malgunsl.ttf', 'marlett.ttf', 'MATURASC.TTF', 'micross.ttf', 'mingliub.ttc', 'MISTRAL.TTF', 'mmrtext.ttf', 'mmrtextb.ttf', 'MOD20.TTF', 'modern.fon', 'monbaiti.ttf', 'msgothic.ttc', 'msjh.ttc', 'msjhbd.ttc', 'msjhl.ttc', 'msyh.ttc', 'msyhbd.ttc', 'msyhl.ttc', 'msyi.ttf', 'MTCORSVA.TTF', 'MTEXTRA.TTF', 'mvboli.ttf', 'NIAGENG.TTF', 'NIAGSOL.TTF', 'Nirmala.ttf', 'NirmalaB.ttf', 'NirmalaS.ttf', 'ntailu.ttf', 'ntailub.ttf', 'NumberOnly.ttf', 'OCRAEXT.TTF', 'OLDENGL.TTF', 'ONYX.TTF', 'OUTLOOK.TTF', 'pala.ttf', 'palab.ttf', 'palabi.ttf', 'palai.ttf', 'PALSCRI.TTF', 'PAPYRUS.TTF', 'PARCHM.TTF', 'PERBI___.TTF', 'PERB____.TTF', 'PERI____.TTF', 'PERTIBD.TTF', 'PERTILI.TTF', 'PER_____.TTF', 'phagspa.ttf', 'phagspab.ttf', 'PLAYBILL.TTF', 'POORICH.TTF', 'PRISTINA.TTF', 'RAGE.TTF', 'RAVIE.TTF', 'REFSAN.TTF', 'REFSPCL.TTF', 'ROCCB___.TTF', 'ROCC____.TTF', 'ROCK.TTF', 'ROCKB.TTF', 'ROCKBI.TTF', 'ROCKEB.TTF', 'ROCKI.TTF', 'roman.fon', 's8514fix.fon', 's8514oem.fon', 's8514sys.fon', 'SCHLBKB.TTF', 'SCHLBKBI.TTF', 'SCHLBKI.TTF', 'script.fon', 'SCRIPTBL.TTF', 'segmdl2.ttf', 'SegoeIcons.ttf', 'segoepr.ttf', 'segoeprb.ttf', 'segoesc.ttf', 'segoescb.ttf', 'segoeui.ttf', 'segoeuib.ttf', 'segoeuii.ttf', 'segoeuil.ttf', 'segoeuisl.ttf', 'segoeuiz.ttf', 'seguibl.ttf', 'seguibli.ttf', 'seguiemj.ttf', 'seguihis.ttf', 'seguili.ttf', 'seguisb.ttf', 'seguisbi.ttf', 'seguisli.ttf', 'seguisym.ttf', 'SegUIVar.ttf', 'sere1255.fon', 'sere1256.fon', 'sere1257.fon', 'serf1255.fon', 'serf1256.fon', 'serf1257.fon', 'serife.fon', 'serifee.fon', 'serifeg.fon', 'serifer.fon', 'serifet.fon', 'seriff.fon', 'seriffe.fon', 'seriffg.fon', 'seriffr.fon', 'serifft.fon', 'SHOWG.TTF', 'simfang.ttf', 'simhei.ttf', 'simkai.ttf', 'SIMLI.TTF', 'simsun.ttc', 'simsunb.ttf', 'SIMYOU.TTF', 'SitkaVF-Italic.ttf', 'SitkaVF.ttf', 'smae1255.fon', 'smae1256.fon', 'smae1257.fon', 'smaf1255.fon', 'smaf1256.fon', 'smaf1257.fon', 'smalle.fon', 'smallee.fon', 'smalleg.fon', 'smaller.fon', 'smallet.fon', 'smallf.fon', 'smallfe.fon', 'smallfg.fon', 'smallfr.fon', 'smallft.fon', 'SNAP____.TTF', 'ssee1255.fon', 'ssee1256.fon', 'ssee1257.fon', 'ssee874.fon', 'ssef1255.fon', 'ssef1256.fon', 'ssef1257.fon', 'ssef874.fon', 'sserife.fon', 'sserifee.fon', 'sserifeg.fon', 'sserifer.fon', 'sserifet.fon', 'sseriff.fon', 'sseriffe.fon', 'sseriffg.fon', 'sseriffr.fon', 'sserifft.fon', 'StaticCache.dat', 'STCAIYUN.TTF', 'STENCIL.TTF', 'STFANGSO.TTF', 'STHUPO.TTF', 'STKAITI.TTF', 'STLITI.TTF', 'STSONG.TTF', 'STXIHEI.TTF', 'STXINGKA.TTF', 'STXINWEI.TTF', 'STZHONGS.TTF', 'svgafix.fon', 'svgasys.fon', 'sylfaen.ttf', 'symbol.ttf', 'tahoma.ttf', 'tahomabd.ttf', 'taile.ttf', 'taileb.ttf', 'TCBI____.TTF', 'TCB_____.TTF', 'TCCB____.TTF', 'TCCEB.TTF', 'TCCM____.TTF', 'TCMI____.TTF', 'TCM_____.TTF', 'TEMPSITC.TTF', 'times.ttf', 'timesbd.ttf', 'timesbi.ttf', 'timesi.ttf', 'trebuc.ttf', 'trebucbd.ttf', 'trebucbi.ttf', 'trebucit.ttf', 'verdana.ttf', 'verdanab.ttf', 'verdanai.ttf', 'verdanaz.ttf', 'vga737.fon', 'vga775.fon', 'vga850.fon', 'vga852.fon', 'vga855.fon', 'vga857.fon', 'vga860.fon', 'vga861.fon', 'vga863.fon', 'vga865.fon', 'vga866.fon', 'vga869.fon', 'vga932.fon', 'vga936.fon', 'vga949.fon', 'vga950.fon', 'vgaf1255.fon', 'vgaf1256.fon', 'vgaf1257.fon', 'vgaf874.fon', 'vgafix.fon', 'vgafixe.fon', 'vgafixg.fon', 'vgafixr.fon', 'vgafixt.fon', 'vgaoem.fon', 'vgas1255.fon', 'vgas1256.fon', 'vgas1257.fon', 'vgas874.fon', 'vgasys.fon', 'vgasyse.fon', 'vgasysg.fon', 'vgasysr.fon', 'vgasyst.fon', 'VINERITC.TTF', 'VIVALDII.TTF', 'VLADIMIR.TTF', 'webdings.ttf', 'wingding.ttf', 'WINGDNG2.TTF', 'WINGDNG3.TTF', 'YuGothB.ttc', 'YuGothL.ttc', 'YuGothM.ttc', 'YuGothR.ttc', '\u534e\u5eb7\u65b9\u5706\u4f53W7.TTC', '\u65b9\u6b63\u7c97\u9ed1\u5b8b\u7b80\u4f53.ttf']
2023-09-27 16:01:04,980 - INFO - all fonts installed:['8514fix.fon', '8514fixe.fon', '8514fixg.fon', '8514fixr.fon', '8514fixt.fon', '8514oem.fon', '8514oeme.fon', '8514oemg.fon', '8514oemr.fon', '8514oemt.fon', '8514sys.fon', '8514syse.fon', '8514sysg.fon', '8514sysr.fon', '8514syst.fon', '85775.fon', '85855.fon', '85f1255.fon', '85f1256.fon', '85f1257.fon', '85f874.fon', '85s1255.fon', '85s1256.fon', '85s1257.fon', '85s874.fon', 'AGENCYB.TTF', 'AGENCYR.TTF', 'ALGER.TTF', 'ANTQUAB.TTF', 'ANTQUABI.TTF', 'ANTQUAI.TTF', 'app775.fon', 'app850.fon', 'app852.fon', 'app855.fon', 'app857.fon', 'app866.fon', 'app932.fon', 'app936.fon', 'app949.fon', 'app950.fon', 'arial.ttf', 'arialbd.ttf', 'arialbi.ttf', 'ariali.ttf', 'ARIALN.TTF', 'ARIALNB.TTF', 'ARIALNBI.TTF', 'ARIALNI.TTF', 'ariblk.ttf', 'ARLRDBD.TTF', 'AxureHandwriting-Bold.otf', 'AxureHandwriting-BoldItalic.otf', 'AxureHandwriting-Italic.otf', 'AxureHandwriting.otf', 'bahnschrift.ttf', 'BASKVILL.TTF', 'BAUHS93.TTF', 'BELL.TTF', 'BELLB.TTF', 'BELLI.TTF', 'BERNHC.TTF', 'BKANT.TTF', 'BOD_B.TTF', 'BOD_BI.TTF', 'BOD_BLAI.TTF', 'BOD_BLAR.TTF', 'BOD_CB.TTF', 'BOD_CBI.TTF', 'BOD_CI.TTF', 'BOD_CR.TTF', 'BOD_I.TTF', 'BOD_PSTC.TTF', 'BOD_R.TTF', 'BOOKOS.TTF', 'BOOKOSB.TTF', 'BOOKOSBI.TTF', 'BOOKOSI.TTF', 'BRADHITC.TTF', 'BRITANIC.TTF', 'BRLNSB.TTF', 'BRLNSDB.TTF', 'BRLNSR.TTF', 'BROADW.TTF', 'BRUSHSCI.TTF', 'BSSYM7.TTF', 'c8514fix.fon', 'c8514oem.fon', 'c8514sys.fon', 'calibri.ttf', 'calibrib.ttf', 'calibrii.ttf', 'calibril.ttf', 'calibrili.ttf', 'calibriz.ttf', 'CALIFB.TTF', 'CALIFI.TTF', 'CALIFR.TTF', 'CALIST.TTF', 'CALISTB.TTF', 'CALISTBI.TTF', 'CALISTI.TTF', 'cambria.ttc', 'cambriab.ttf', 'cambriai.ttf', 'cambriaz.ttf', 'Candara.ttf', 'Candarab.ttf', 'Candarai.ttf', 'Candaral.ttf', 'Candarali.ttf', 'Candaraz.ttf', 'CascadiaCode.ttf', 'CascadiaMono.ttf', 'CASTELAR.TTF', 'CENSCBK.TTF', 'CENTAUR.TTF', 'CENTURY.TTF', 'cga40737.fon', 'cga40850.fon', 'cga40852.fon', 'cga40857.fon', 'cga40866.fon', 'cga40869.fon', 'cga40woa.fon', 'cga80737.fon', 'cga80850.fon', 'cga80852.fon', 'cga80857.fon', 'cga80866.fon', 'cga80869.fon', 'cga80woa.fon', 'CHILLER.TTF', 'COLONNA.TTF', 'comic.ttf', 'comicbd.ttf', 'comici.ttf', 'comicz.ttf', 'consola.ttf', 'consolab.ttf', 'consolai.ttf', 'consolaz.ttf', 'constan.ttf', 'constanb.ttf', 'constani.ttf', 'constanz.ttf', 'COOPBL.TTF', 'COPRGTB.TTF', 'COPRGTL.TTF', 'corbel.ttf', 'corbelb.ttf', 'corbeli.ttf', 'corbell.ttf', 'corbelli.ttf', 'corbelz.ttf', 'coue1255.fon', 'coue1256.fon', 'coue1257.fon', 'couf1255.fon', 'couf1256.fon', 'couf1257.fon', 'cour.ttf', 'courbd.ttf', 'courbi.ttf', 'coure.fon', 'couree.fon', 'coureg.fon', 'courer.fon', 'couret.fon', 'courf.fon', 'courfe.fon', 'courfg.fon', 'courfr.fon', 'courft.fon', 'couri.ttf', 'CURLZ___.TTF', 'cvgafix.fon', 'cvgasys.fon', 'Deng.ttf', 'Dengb.ttf', 'Dengl.ttf', 'desktop.ini', 'dos737.fon', 'dos869.fon', 'dosapp.fon', 'DUBAI-BOLD.TTF', 'DUBAI-LIGHT.TTF', 'DUBAI-MEDIUM.TTF', 'DUBAI-REGULAR.TTF', 'ebrima.ttf', 'ebrimabd.ttf', 'ega40737.fon', 'ega40850.fon', 'ega40852.fon', 'ega40857.fon', 'ega40866.fon', 'ega40869.fon', 'ega40woa.fon', 'ega80737.fon', 'ega80850.fon', 'ega80852.fon', 'ega80857.fon', 'ega80866.fon', 'ega80869.fon', 'ega80woa.fon', 'ELEPHNT.TTF', 'ELEPHNTI.TTF', 'ENGR.TTF', 'ERASBD.TTF', 'ERASDEMI.TTF', 'ERASLGHT.TTF', 'ERASMD.TTF', 'FELIXTI.TTF', 'fms_metadata.xml', 'FORTE.TTF', 'FRABK.TTF', 'FRABKIT.TTF', 'FRADM.TTF', 'FRADMCN.TTF', 'FRADMIT.TTF', 'FRAHV.TTF', 'FRAHVIT.TTF', 'framd.ttf', 'FRAMDCN.TTF', 'framdit.ttf', 'FREESCPT.TTF', 'FRSCRIPT.TTF', 'FTLTLT.TTF', 'FZSTK.TTF', 'FZYTK.TTF', 'Gabriola.ttf', 'gadugi.ttf', 'gadugib.ttf', 'GARA.TTF', 'GARABD.TTF', 'GARAIT.TTF', 'georgia.ttf', 'georgiab.ttf', 'georgiai.ttf', 'georgiaz.ttf', 'GIGI.TTF', 'GILBI___.TTF', 'GILB____.TTF', 'GILC____.TTF', 'GILI____.TTF', 'GILLUBCD.TTF', 'GILSANUB.TTF', 'GIL_____.TTF', 'GLECB.TTF', 'GlobalMonospace.CompositeFont', 'GlobalSansSerif.CompositeFont', 'GlobalSerif.CompositeFont', 'GlobalUserInterface.CompositeFont', 'GLSNECB.TTF', 'GOTHIC.TTF', 'GOTHICB.TTF', 'GOTHICBI.TTF', 'GOTHICI.TTF', 'GOUDOS.TTF', 'GOUDOSB.TTF', 'GOUDOSI.TTF', 'GOUDYSTO.TTF', 'h8514fix.fon', 'h8514oem.fon', 'h8514sys.fon', 'HARLOWSI.TTF', 'HARNGTON.TTF', 'HATTEN.TTF', 'HGB1X_CNKI.ttf', 'HGB1_CNKI.ttf', 'HGB2X_CNKI.ttf', 'HGB2_CNKI.ttf', 'HGB3X_CNKI.ttf', 'HGB3_CNKI.ttf', 'HGB4X_CNKI.ttf', 'HGB4_CNKI.ttf', 'HGB5X_CNKI.ttf', 'HGB5_CNKI.ttf', 'HGB6X_CNKI.ttf', 'HGB6_CNKI.ttf', 'HGB7X_CNKI.ttf', 'HGB7_CNKI.ttf', 'HGB8X_CNKI.ttf', 'HGB8_CNKI.ttf', 'HGBD_CNKI.ttf', 'HGBKBX_CNKI.ttf', 'HGBKB_CNKI.ttf', 'HGBKHX_CNKI.ttf', 'HGBKH_CNKI.ttf', 'HGBS1_CNKI.TTF', 'HGBS2_CNKI.TTF', 'HGBS_CNKI.TTF', 'HGBTH_CNKI.TTF', 'HGBTS_CNKI.TTF', 'HGBX_CNKI.ttf', 'HGBZ_CNKI.ttf', 'HGCH_CNKI.TTF', 'HGCUH_CNKI.TTF', 'HGCY_CNKI.TTF', 'HGDBS_CNKI.TTF', 'HGDGY_CNKI.TTF', 'HGDH2_CNKI.TTF', 'HGDH_CNKI.TTF', 'HGDYS_CNKI.TTF', 'HGDY_CNKI.ttf', 'HGF1X_CNKI.ttf', 'HGF1_CNKI.ttf', 'HGF2X_CNKI.ttf', 'HGF2_CNKI.ttf', 'HGF3_CNKI.ttf', 'HGF4X_CNKI.ttf', 'HGF4_CNKI.ttf', 'HGF5X_CNKI.ttf', 'HGF5_CNKI.ttf', 'HGF6X_CNKI.ttf', 'HGF6_CNKI.ttf', 'HGF7X_CNKI.ttf', 'HGF7_CNKI.ttf', 'HGF8_CNKI.ttf', 'HGF9X_CNKI.ttf', 'HGF9_CNKI.ttf', 'HGFS1_CNKI.TTF', 'HGFS2_CNKI.TTF', 'HGFSH_CNKI.TTF', 'HGFS_CNKI.TTF', 'HGFX_CNKI.ttf', 'HGFZ_CNKI.ttf', 'HGGG_CNKI.TTF', 'HGH1X_CNKI.ttf', 'HGH1_CNKI.ttf', 'HGH2X_CNKI.ttf', 'HGH2_CNKI.ttf', 'HGH3X_CNKI.ttf', 'HGH3_CNKI.ttf', 'HGH4X_CNKI.ttf', 'HGH4_CNKI.ttf', 'HGH5X_CNKI.ttf', 'HGH5_CNKI.ttf', 'HGH6X_CNKI.ttf', 'HGH6_CNKI.ttf', 'HGH7X_CNKI.ttf', 'HGH7_CNKI.ttf', 'HGHB_CNKI.TTF', 'HGHD_CNKI.ttf', 'HGHP_CNKI.TTF', 'HGHT1_CNKI.ttf', 'HGHT2_CNKI.ttf', 'HGHUATI_CNKI.ttf', 'HGHX_CNKI.ttf', 'HGHZ_CNKI.ttf', 'HGH_CNKI.TTF', 'HGKT1_CNKI.TTF', 'HGKT2_CNKI.TTF', 'HGKT_CNKI.TTF', 'HGKY_CNKI.ttf', 'HGLB_CNKI.TTF', 'HGLS_CNKI.TTF', 'HGMH_CNKI.TTF', 'HGNBS_CNKI.ttf', 'HGOCR_CNKI.ttf', 'HGPH_CNKI.TTF', 'HGPTY_CNKI.TTF', 'HGSS1_CNKI.TTF', 'HGSS2_CNKI.TTF', 'HGSS_CNKI.TTF', 'HGSXT_CNKI.ttf', 'HGTT_CNKI.ttf', 'HGTX_CNKI.TTF', 'HGWT_CNKI.TTF', 'HGWYS_CNKI.TTF', 'HGX1X_CNKI.ttf', 'HGX1_CNKI.ttf', 'HGXBS_CNKI.TTF', 'HGXC_CNKI.TTF', 'HGXF1_CNKI.ttf', 'HGXFX_CNKI.ttf', 'HGXFZ_CNKI.ttf', 'HGXH1_CNKI.TTF', 'HGXH_CNKI.TTF', 'HGXK_CNKI.TTF', 'HGXL_CNKI.TTF', 'HGXS_CNKI.TTF', 'HGXT_CNKI.ttf', 'HGXY_CNKI.ttf', 'HGY1_CNKI.TTF', 'HGY2_CNKI.TTF', 'HGY3_CNKI.TTF', 'HGY4_CNKI.TTF', 'HGYB_CNKI.ttf', 'HGYT1_CNKI.ttf', 'HGYT2_CNKI.ttf', 'HGYT_CNKI.TTF', 'HGYX_CNKI.TTF', 'HGZCS_CNKI.TTF', 'HGZDX_CNKI.TTF', 'HGZK_CNKI.TTF', 'HGZYT_CNKI.TTF', 'HGZY_CNKI.TTF', 'himalaya.ttf', 'holomdl2.ttf', 'HTOWERT.TTF', 'HTOWERTI.TTF', 'hvgafix.fon', 'hvgasys.fon', 'impact.ttf', 'IMPRISHA.TTF', 'INFROMAN.TTF', 'Inkfree.ttf', 'iqiyi_logov7.ttf', 'ITCBLKAD.TTF', 'ITCEDSCR.TTF', 'ITCKRIST.TTF', 'j8514fix.fon', 'j8514oem.fon', 'j8514sys.fon', 'javatext.ttf', 'JOKERMAN.TTF', 'jsmalle.fon', 'jsmallf.fon', 'JUICE___.TTF', 'jvgafix.fon', 'jvgasys.fon', 'KUNSTLER.TTF', 'LATINWD.TTF', 'LBRITE.TTF', 'LBRITED.TTF', 'LBRITEDI.TTF', 'LBRITEI.TTF', 'LCALLIG.TTF', 'LeelaUIb.ttf', 'LeelawUI.ttf', 'LeelUIsl.ttf', 'LFAX.TTF', 'LFAXD.TTF', 'LFAXDI.TTF', 'LFAXI.TTF', 'LHANDW.TTF', 'LSANS.TTF', 'LSANSD.TTF', 'LSANSDI.TTF', 'LSANSI.TTF', 'LTYPE.TTF', 'LTYPEB.TTF', 'LTYPEBO.TTF', 'LTYPEO.TTF', 'lucon.ttf', 'l_10646.ttf', 'MAGNETOB.TTF', 'MAIAN.TTF', 'malgun.ttf', 'malgunbd.ttf', 'malgunsl.ttf', 'marlett.ttf', 'MATURASC.TTF', 'micross.ttf', 'mingliub.ttc', 'MISTRAL.TTF', 'mmrtext.ttf', 'mmrtextb.ttf', 'MOD20.TTF', 'modern.fon', 'monbaiti.ttf', 'msgothic.ttc', 'msjh.ttc', 'msjhbd.ttc', 'msjhl.ttc', 'msyh.ttc', 'msyhbd.ttc', 'msyhl.ttc', 'msyi.ttf', 'MTCORSVA.TTF', 'MTEXTRA.TTF', 'mvboli.ttf', 'NIAGENG.TTF', 'NIAGSOL.TTF', 'Nirmala.ttf', 'NirmalaB.ttf', 'NirmalaS.ttf', 'ntailu.ttf', 'ntailub.ttf', 'NumberOnly.ttf', 'OCRAEXT.TTF', 'OLDENGL.TTF', 'ONYX.TTF', 'OUTLOOK.TTF', 'pala.ttf', 'palab.ttf', 'palabi.ttf', 'palai.ttf', 'PALSCRI.TTF', 'PAPYRUS.TTF', 'PARCHM.TTF', 'PERBI___.TTF', 'PERB____.TTF', 'PERI____.TTF', 'PERTIBD.TTF', 'PERTILI.TTF', 'PER_____.TTF', 'phagspa.ttf', 'phagspab.ttf', 'PLAYBILL.TTF', 'POORICH.TTF', 'PRISTINA.TTF', 'RAGE.TTF', 'RAVIE.TTF', 'REFSAN.TTF', 'REFSPCL.TTF', 'ROCCB___.TTF', 'ROCC____.TTF', 'ROCK.TTF', 'ROCKB.TTF', 'ROCKBI.TTF', 'ROCKEB.TTF', 'ROCKI.TTF', 'roman.fon', 's8514fix.fon', 's8514oem.fon', 's8514sys.fon', 'SCHLBKB.TTF', 'SCHLBKBI.TTF', 'SCHLBKI.TTF', 'script.fon', 'SCRIPTBL.TTF', 'segmdl2.ttf', 'SegoeIcons.ttf', 'segoepr.ttf', 'segoeprb.ttf', 'segoesc.ttf', 'segoescb.ttf', 'segoeui.ttf', 'segoeuib.ttf', 'segoeuii.ttf', 'segoeuil.ttf', 'segoeuisl.ttf', 'segoeuiz.ttf', 'seguibl.ttf', 'seguibli.ttf', 'seguiemj.ttf', 'seguihis.ttf', 'seguili.ttf', 'seguisb.ttf', 'seguisbi.ttf', 'seguisli.ttf', 'seguisym.ttf', 'SegUIVar.ttf', 'sere1255.fon', 'sere1256.fon', 'sere1257.fon', 'serf1255.fon', 'serf1256.fon', 'serf1257.fon', 'serife.fon', 'serifee.fon', 'serifeg.fon', 'serifer.fon', 'serifet.fon', 'seriff.fon', 'seriffe.fon', 'seriffg.fon', 'seriffr.fon', 'serifft.fon', 'SHOWG.TTF', 'simfang.ttf', 'simhei.ttf', 'simkai.ttf', 'SIMLI.TTF', 'simsun.ttc', 'simsunb.ttf', 'SIMYOU.TTF', 'SitkaVF-Italic.ttf', 'SitkaVF.ttf', 'smae1255.fon', 'smae1256.fon', 'smae1257.fon', 'smaf1255.fon', 'smaf1256.fon', 'smaf1257.fon', 'smalle.fon', 'smallee.fon', 'smalleg.fon', 'smaller.fon', 'smallet.fon', 'smallf.fon', 'smallfe.fon', 'smallfg.fon', 'smallfr.fon', 'smallft.fon', 'SNAP____.TTF', 'ssee1255.fon', 'ssee1256.fon', 'ssee1257.fon', 'ssee874.fon', 'ssef1255.fon', 'ssef1256.fon', 'ssef1257.fon', 'ssef874.fon', 'sserife.fon', 'sserifee.fon', 'sserifeg.fon', 'sserifer.fon', 'sserifet.fon', 'sseriff.fon', 'sseriffe.fon', 'sseriffg.fon', 'sseriffr.fon', 'sserifft.fon', 'StaticCache.dat', 'STCAIYUN.TTF', 'STENCIL.TTF', 'STFANGSO.TTF', 'STHUPO.TTF', 'STKAITI.TTF', 'STLITI.TTF', 'STSONG.TTF', 'STXIHEI.TTF', 'STXINGKA.TTF', 'STXINWEI.TTF', 'STZHONGS.TTF', 'svgafix.fon', 'svgasys.fon', 'sylfaen.ttf', 'symbol.ttf', 'tahoma.ttf', 'tahomabd.ttf', 'taile.ttf', 'taileb.ttf', 'TCBI____.TTF', 'TCB_____.TTF', 'TCCB____.TTF', 'TCCEB.TTF', 'TCCM____.TTF', 'TCMI____.TTF', 'TCM_____.TTF', 'TEMPSITC.TTF', 'times.ttf', 'timesbd.ttf', 'timesbi.ttf', 'timesi.ttf', 'trebuc.ttf', 'trebucbd.ttf', 'trebucbi.ttf', 'trebucit.ttf', 'verdana.ttf', 'verdanab.ttf', 'verdanai.ttf', 'verdanaz.ttf', 'vga737.fon', 'vga775.fon', 'vga850.fon', 'vga852.fon', 'vga855.fon', 'vga857.fon', 'vga860.fon', 'vga861.fon', 'vga863.fon', 'vga865.fon', 'vga866.fon', 'vga869.fon', 'vga932.fon', 'vga936.fon', 'vga949.fon', 'vga950.fon', 'vgaf1255.fon', 'vgaf1256.fon', 'vgaf1257.fon', 'vgaf874.fon', 'vgafix.fon', 'vgafixe.fon', 'vgafixg.fon', 'vgafixr.fon', 'vgafixt.fon', 'vgaoem.fon', 'vgas1255.fon', 'vgas1256.fon', 'vgas1257.fon', 'vgas874.fon', 'vgasys.fon', 'vgasyse.fon', 'vgasysg.fon', 'vgasysr.fon', 'vgasyst.fon', 'VINERITC.TTF', 'VIVALDII.TTF', 'VLADIMIR.TTF', 'webdings.ttf', 'wingding.ttf', 'WINGDNG2.TTF', 'WINGDNG3.TTF', 'YuGothB.ttc', 'YuGothL.ttc', 'YuGothM.ttc', 'YuGothR.ttc', '\u534e\u5eb7\u65b9\u5706\u4f53W7.TTC', '\u65b9\u6b63\u7c97\u9ed1\u5b8b\u7b80\u4f53.ttf']
2023-09-27 16:01:04,983 - INFO - all fonts installed:['8514fix.fon', '8514fixe.fon', '8514fixg.fon', '8514fixr.fon', '8514fixt.fon', '8514oem.fon', '8514oeme.fon', '8514oemg.fon', '8514oemr.fon', '8514oemt.fon', '8514sys.fon', '8514syse.fon', '8514sysg.fon', '8514sysr.fon', '8514syst.fon', '85775.fon', '85855.fon', '85f1255.fon', '85f1256.fon', '85f1257.fon', '85f874.fon', '85s1255.fon', '85s1256.fon', '85s1257.fon', '85s874.fon', 'AGENCYB.TTF', 'AGENCYR.TTF', 'ALGER.TTF', 'ANTQUAB.TTF', 'ANTQUABI.TTF', 'ANTQUAI.TTF', 'app775.fon', 'app850.fon', 'app852.fon', 'app855.fon', 'app857.fon', 'app866.fon', 'app932.fon', 'app936.fon', 'app949.fon', 'app950.fon', 'arial.ttf', 'arialbd.ttf', 'arialbi.ttf', 'ariali.ttf', 'ARIALN.TTF', 'ARIALNB.TTF', 'ARIALNBI.TTF', 'ARIALNI.TTF', 'ariblk.ttf', 'ARLRDBD.TTF', 'AxureHandwriting-Bold.otf', 'AxureHandwriting-BoldItalic.otf', 'AxureHandwriting-Italic.otf', 'AxureHandwriting.otf', 'bahnschrift.ttf', 'BASKVILL.TTF', 'BAUHS93.TTF', 'BELL.TTF', 'BELLB.TTF', 'BELLI.TTF', 'BERNHC.TTF', 'BKANT.TTF', 'BOD_B.TTF', 'BOD_BI.TTF', 'BOD_BLAI.TTF', 'BOD_BLAR.TTF', 'BOD_CB.TTF', 'BOD_CBI.TTF', 'BOD_CI.TTF', 'BOD_CR.TTF', 'BOD_I.TTF', 'BOD_PSTC.TTF', 'BOD_R.TTF', 'BOOKOS.TTF', 'BOOKOSB.TTF', 'BOOKOSBI.TTF', 'BOOKOSI.TTF', 'BRADHITC.TTF', 'BRITANIC.TTF', 'BRLNSB.TTF', 'BRLNSDB.TTF', 'BRLNSR.TTF', 'BROADW.TTF', 'BRUSHSCI.TTF', 'BSSYM7.TTF', 'c8514fix.fon', 'c8514oem.fon', 'c8514sys.fon', 'calibri.ttf', 'calibrib.ttf', 'calibrii.ttf', 'calibril.ttf', 'calibrili.ttf', 'calibriz.ttf', 'CALIFB.TTF', 'CALIFI.TTF', 'CALIFR.TTF', 'CALIST.TTF', 'CALISTB.TTF', 'CALISTBI.TTF', 'CALISTI.TTF', 'cambria.ttc', 'cambriab.ttf', 'cambriai.ttf', 'cambriaz.ttf', 'Candara.ttf', 'Candarab.ttf', 'Candarai.ttf', 'Candaral.ttf', 'Candarali.ttf', 'Candaraz.ttf', 'CascadiaCode.ttf', 'CascadiaMono.ttf', 'CASTELAR.TTF', 'CENSCBK.TTF', 'CENTAUR.TTF', 'CENTURY.TTF', 'cga40737.fon', 'cga40850.fon', 'cga40852.fon', 'cga40857.fon', 'cga40866.fon', 'cga40869.fon', 'cga40woa.fon', 'cga80737.fon', 'cga80850.fon', 'cga80852.fon', 'cga80857.fon', 'cga80866.fon', 'cga80869.fon', 'cga80woa.fon', 'CHILLER.TTF', 'COLONNA.TTF', 'comic.ttf', 'comicbd.ttf', 'comici.ttf', 'comicz.ttf', 'consola.ttf', 'consolab.ttf', 'consolai.ttf', 'consolaz.ttf', 'constan.ttf', 'constanb.ttf', 'constani.ttf', 'constanz.ttf', 'COOPBL.TTF', 'COPRGTB.TTF', 'COPRGTL.TTF', 'corbel.ttf', 'corbelb.ttf', 'corbeli.ttf', 'corbell.ttf', 'corbelli.ttf', 'corbelz.ttf', 'coue1255.fon', 'coue1256.fon', 'coue1257.fon', 'couf1255.fon', 'couf1256.fon', 'couf1257.fon', 'cour.ttf', 'courbd.ttf', 'courbi.ttf', 'coure.fon', 'couree.fon', 'coureg.fon', 'courer.fon', 'couret.fon', 'courf.fon', 'courfe.fon', 'courfg.fon', 'courfr.fon', 'courft.fon', 'couri.ttf', 'CURLZ___.TTF', 'cvgafix.fon', 'cvgasys.fon', 'Deng.ttf', 'Dengb.ttf', 'Dengl.ttf', 'desktop.ini', 'dos737.fon', 'dos869.fon', 'dosapp.fon', 'DUBAI-BOLD.TTF', 'DUBAI-LIGHT.TTF', 'DUBAI-MEDIUM.TTF', 'DUBAI-REGULAR.TTF', 'ebrima.ttf', 'ebrimabd.ttf', 'ega40737.fon', 'ega40850.fon', 'ega40852.fon', 'ega40857.fon', 'ega40866.fon', 'ega40869.fon', 'ega40woa.fon', 'ega80737.fon', 'ega80850.fon', 'ega80852.fon', 'ega80857.fon', 'ega80866.fon', 'ega80869.fon', 'ega80woa.fon', 'ELEPHNT.TTF', 'ELEPHNTI.TTF', 'ENGR.TTF', 'ERASBD.TTF', 'ERASDEMI.TTF', 'ERASLGHT.TTF', 'ERASMD.TTF', 'FELIXTI.TTF', 'fms_metadata.xml', 'FORTE.TTF', 'FRABK.TTF', 'FRABKIT.TTF', 'FRADM.TTF', 'FRADMCN.TTF', 'FRADMIT.TTF', 'FRAHV.TTF', 'FRAHVIT.TTF', 'framd.ttf', 'FRAMDCN.TTF', 'framdit.ttf', 'FREESCPT.TTF', 'FRSCRIPT.TTF', 'FTLTLT.TTF', 'FZSTK.TTF', 'FZYTK.TTF', 'Gabriola.ttf', 'gadugi.ttf', 'gadugib.ttf', 'GARA.TTF', 'GARABD.TTF', 'GARAIT.TTF', 'georgia.ttf', 'georgiab.ttf', 'georgiai.ttf', 'georgiaz.ttf', 'GIGI.TTF', 'GILBI___.TTF', 'GILB____.TTF', 'GILC____.TTF', 'GILI____.TTF', 'GILLUBCD.TTF', 'GILSANUB.TTF', 'GIL_____.TTF', 'GLECB.TTF', 'GlobalMonospace.CompositeFont', 'GlobalSansSerif.CompositeFont', 'GlobalSerif.CompositeFont', 'GlobalUserInterface.CompositeFont', 'GLSNECB.TTF', 'GOTHIC.TTF', 'GOTHICB.TTF', 'GOTHICBI.TTF', 'GOTHICI.TTF', 'GOUDOS.TTF', 'GOUDOSB.TTF', 'GOUDOSI.TTF', 'GOUDYSTO.TTF', 'h8514fix.fon', 'h8514oem.fon', 'h8514sys.fon', 'HARLOWSI.TTF', 'HARNGTON.TTF', 'HATTEN.TTF', 'HGB1X_CNKI.ttf', 'HGB1_CNKI.ttf', 'HGB2X_CNKI.ttf', 'HGB2_CNKI.ttf', 'HGB3X_CNKI.ttf', 'HGB3_CNKI.ttf', 'HGB4X_CNKI.ttf', 'HGB4_CNKI.ttf', 'HGB5X_CNKI.ttf', 'HGB5_CNKI.ttf', 'HGB6X_CNKI.ttf', 'HGB6_CNKI.ttf', 'HGB7X_CNKI.ttf', 'HGB7_CNKI.ttf', 'HGB8X_CNKI.ttf', 'HGB8_CNKI.ttf', 'HGBD_CNKI.ttf', 'HGBKBX_CNKI.ttf', 'HGBKB_CNKI.ttf', 'HGBKHX_CNKI.ttf', 'HGBKH_CNKI.ttf', 'HGBS1_CNKI.TTF', 'HGBS2_CNKI.TTF', 'HGBS_CNKI.TTF', 'HGBTH_CNKI.TTF', 'HGBTS_CNKI.TTF', 'HGBX_CNKI.ttf', 'HGBZ_CNKI.ttf', 'HGCH_CNKI.TTF', 'HGCUH_CNKI.TTF', 'HGCY_CNKI.TTF', 'HGDBS_CNKI.TTF', 'HGDGY_CNKI.TTF', 'HGDH2_CNKI.TTF', 'HGDH_CNKI.TTF', 'HGDYS_CNKI.TTF', 'HGDY_CNKI.ttf', 'HGF1X_CNKI.ttf', 'HGF1_CNKI.ttf', 'HGF2X_CNKI.ttf', 'HGF2_CNKI.ttf', 'HGF3_CNKI.ttf', 'HGF4X_CNKI.ttf', 'HGF4_CNKI.ttf', 'HGF5X_CNKI.ttf', 'HGF5_CNKI.ttf', 'HGF6X_CNKI.ttf', 'HGF6_CNKI.ttf', 'HGF7X_CNKI.ttf', 'HGF7_CNKI.ttf', 'HGF8_CNKI.ttf', 'HGF9X_CNKI.ttf', 'HGF9_CNKI.ttf', 'HGFS1_CNKI.TTF', 'HGFS2_CNKI.TTF', 'HGFSH_CNKI.TTF', 'HGFS_CNKI.TTF', 'HGFX_CNKI.ttf', 'HGFZ_CNKI.ttf', 'HGGG_CNKI.TTF', 'HGH1X_CNKI.ttf', 'HGH1_CNKI.ttf', 'HGH2X_CNKI.ttf', 'HGH2_CNKI.ttf', 'HGH3X_CNKI.ttf', 'HGH3_CNKI.ttf', 'HGH4X_CNKI.ttf', 'HGH4_CNKI.ttf', 'HGH5X_CNKI.ttf', 'HGH5_CNKI.ttf', 'HGH6X_CNKI.ttf', 'HGH6_CNKI.ttf', 'HGH7X_CNKI.ttf', 'HGH7_CNKI.ttf', 'HGHB_CNKI.TTF', 'HGHD_CNKI.ttf', 'HGHP_CNKI.TTF', 'HGHT1_CNKI.ttf', 'HGHT2_CNKI.ttf', 'HGHUATI_CNKI.ttf', 'HGHX_CNKI.ttf', 'HGHZ_CNKI.ttf', 'HGH_CNKI.TTF', 'HGKT1_CNKI.TTF', 'HGKT2_CNKI.TTF', 'HGKT_CNKI.TTF', 'HGKY_CNKI.ttf', 'HGLB_CNKI.TTF', 'HGLS_CNKI.TTF', 'HGMH_CNKI.TTF', 'HGNBS_CNKI.ttf', 'HGOCR_CNKI.ttf', 'HGPH_CNKI.TTF', 'HGPTY_CNKI.TTF', 'HGSS1_CNKI.TTF', 'HGSS2_CNKI.TTF', 'HGSS_CNKI.TTF', 'HGSXT_CNKI.ttf', 'HGTT_CNKI.ttf', 'HGTX_CNKI.TTF', 'HGWT_CNKI.TTF', 'HGWYS_CNKI.TTF', 'HGX1X_CNKI.ttf', 'HGX1_CNKI.ttf', 'HGXBS_CNKI.TTF', 'HGXC_CNKI.TTF', 'HGXF1_CNKI.ttf', 'HGXFX_CNKI.ttf', 'HGXFZ_CNKI.ttf', 'HGXH1_CNKI.TTF', 'HGXH_CNKI.TTF', 'HGXK_CNKI.TTF', 'HGXL_CNKI.TTF', 'HGXS_CNKI.TTF', 'HGXT_CNKI.ttf', 'HGXY_CNKI.ttf', 'HGY1_CNKI.TTF', 'HGY2_CNKI.TTF', 'HGY3_CNKI.TTF', 'HGY4_CNKI.TTF', 'HGYB_CNKI.ttf', 'HGYT1_CNKI.ttf', 'HGYT2_CNKI.ttf', 'HGYT_CNKI.TTF', 'HGYX_CNKI.TTF', 'HGZCS_CNKI.TTF', 'HGZDX_CNKI.TTF', 'HGZK_CNKI.TTF', 'HGZYT_CNKI.TTF', 'HGZY_CNKI.TTF', 'himalaya.ttf', 'holomdl2.ttf', 'HTOWERT.TTF', 'HTOWERTI.TTF', 'hvgafix.fon', 'hvgasys.fon', 'impact.ttf', 'IMPRISHA.TTF', 'INFROMAN.TTF', 'Inkfree.ttf', 'iqiyi_logov7.ttf', 'ITCBLKAD.TTF', 'ITCEDSCR.TTF', 'ITCKRIST.TTF', 'j8514fix.fon', 'j8514oem.fon', 'j8514sys.fon', 'javatext.ttf', 'JOKERMAN.TTF', 'jsmalle.fon', 'jsmallf.fon', 'JUICE___.TTF', 'jvgafix.fon', 'jvgasys.fon', 'KUNSTLER.TTF', 'LATINWD.TTF', 'LBRITE.TTF', 'LBRITED.TTF', 'LBRITEDI.TTF', 'LBRITEI.TTF', 'LCALLIG.TTF', 'LeelaUIb.ttf', 'LeelawUI.ttf', 'LeelUIsl.ttf', 'LFAX.TTF', 'LFAXD.TTF', 'LFAXDI.TTF', 'LFAXI.TTF', 'LHANDW.TTF', 'LSANS.TTF', 'LSANSD.TTF', 'LSANSDI.TTF', 'LSANSI.TTF', 'LTYPE.TTF', 'LTYPEB.TTF', 'LTYPEBO.TTF', 'LTYPEO.TTF', 'lucon.ttf', 'l_10646.ttf', 'MAGNETOB.TTF', 'MAIAN.TTF', 'malgun.ttf', 'malgunbd.ttf', 'malgunsl.ttf', 'marlett.ttf', 'MATURASC.TTF', 'micross.ttf', 'mingliub.ttc', 'MISTRAL.TTF', 'mmrtext.ttf', 'mmrtextb.ttf', 'MOD20.TTF', 'modern.fon', 'monbaiti.ttf', 'msgothic.ttc', 'msjh.ttc', 'msjhbd.ttc', 'msjhl.ttc', 'msyh.ttc', 'msyhbd.ttc', 'msyhl.ttc', 'msyi.ttf', 'MTCORSVA.TTF', 'MTEXTRA.TTF', 'mvboli.ttf', 'NIAGENG.TTF', 'NIAGSOL.TTF', 'Nirmala.ttf', 'NirmalaB.ttf', 'NirmalaS.ttf', 'ntailu.ttf', 'ntailub.ttf', 'NumberOnly.ttf', 'OCRAEXT.TTF', 'OLDENGL.TTF', 'ONYX.TTF', 'OUTLOOK.TTF', 'pala.ttf', 'palab.ttf', 'palabi.ttf', 'palai.ttf', 'PALSCRI.TTF', 'PAPYRUS.TTF', 'PARCHM.TTF', 'PERBI___.TTF', 'PERB____.TTF', 'PERI____.TTF', 'PERTIBD.TTF', 'PERTILI.TTF', 'PER_____.TTF', 'phagspa.ttf', 'phagspab.ttf', 'PLAYBILL.TTF', 'POORICH.TTF', 'PRISTINA.TTF', 'RAGE.TTF', 'RAVIE.TTF', 'REFSAN.TTF', 'REFSPCL.TTF', 'ROCCB___.TTF', 'ROCC____.TTF', 'ROCK.TTF', 'ROCKB.TTF', 'ROCKBI.TTF', 'ROCKEB.TTF', 'ROCKI.TTF', 'roman.fon', 's8514fix.fon', 's8514oem.fon', 's8514sys.fon', 'SCHLBKB.TTF', 'SCHLBKBI.TTF', 'SCHLBKI.TTF', 'script.fon', 'SCRIPTBL.TTF', 'segmdl2.ttf', 'SegoeIcons.ttf', 'segoepr.ttf', 'segoeprb.ttf', 'segoesc.ttf', 'segoescb.ttf', 'segoeui.ttf', 'segoeuib.ttf', 'segoeuii.ttf', 'segoeuil.ttf', 'segoeuisl.ttf', 'segoeuiz.ttf', 'seguibl.ttf', 'seguibli.ttf', 'seguiemj.ttf', 'seguihis.ttf', 'seguili.ttf', 'seguisb.ttf', 'seguisbi.ttf', 'seguisli.ttf', 'seguisym.ttf', 'SegUIVar.ttf', 'sere1255.fon', 'sere1256.fon', 'sere1257.fon', 'serf1255.fon', 'serf1256.fon', 'serf1257.fon', 'serife.fon', 'serifee.fon', 'serifeg.fon', 'serifer.fon', 'serifet.fon', 'seriff.fon', 'seriffe.fon', 'seriffg.fon', 'seriffr.fon', 'serifft.fon', 'SHOWG.TTF', 'simfang.ttf', 'simhei.ttf', 'simkai.ttf', 'SIMLI.TTF', 'simsun.ttc', 'simsunb.ttf', 'SIMYOU.TTF', 'SitkaVF-Italic.ttf', 'SitkaVF.ttf', 'smae1255.fon', 'smae1256.fon', 'smae1257.fon', 'smaf1255.fon', 'smaf1256.fon', 'smaf1257.fon', 'smalle.fon', 'smallee.fon', 'smalleg.fon', 'smaller.fon', 'smallet.fon', 'smallf.fon', 'smallfe.fon', 'smallfg.fon', 'smallfr.fon', 'smallft.fon', 'SNAP____.TTF', 'ssee1255.fon', 'ssee1256.fon', 'ssee1257.fon', 'ssee874.fon', 'ssef1255.fon', 'ssef1256.fon', 'ssef1257.fon', 'ssef874.fon', 'sserife.fon', 'sserifee.fon', 'sserifeg.fon', 'sserifer.fon', 'sserifet.fon', 'sseriff.fon', 'sseriffe.fon', 'sseriffg.fon', 'sseriffr.fon', 'sserifft.fon', 'StaticCache.dat', 'STCAIYUN.TTF', 'STENCIL.TTF', 'STFANGSO.TTF', 'STHUPO.TTF', 'STKAITI.TTF', 'STLITI.TTF', 'STSONG.TTF', 'STXIHEI.TTF', 'STXINGKA.TTF', 'STXINWEI.TTF', 'STZHONGS.TTF', 'svgafix.fon', 'svgasys.fon', 'sylfaen.ttf', 'symbol.ttf', 'tahoma.ttf', 'tahomabd.ttf', 'taile.ttf', 'taileb.ttf', 'TCBI____.TTF', 'TCB_____.TTF', 'TCCB____.TTF', 'TCCEB.TTF', 'TCCM____.TTF', 'TCMI____.TTF', 'TCM_____.TTF', 'TEMPSITC.TTF', 'times.ttf', 'timesbd.ttf', 'timesbi.ttf', 'timesi.ttf', 'trebuc.ttf', 'trebucbd.ttf', 'trebucbi.ttf', 'trebucit.ttf', 'verdana.ttf', 'verdanab.ttf', 'verdanai.ttf', 'verdanaz.ttf', 'vga737.fon', 'vga775.fon', 'vga850.fon', 'vga852.fon', 'vga855.fon', 'vga857.fon', 'vga860.fon', 'vga861.fon', 'vga863.fon', 'vga865.fon', 'vga866.fon', 'vga869.fon', 'vga932.fon', 'vga936.fon', 'vga949.fon', 'vga950.fon', 'vgaf1255.fon', 'vgaf1256.fon', 'vgaf1257.fon', 'vgaf874.fon', 'vgafix.fon', 'vgafixe.fon', 'vgafixg.fon', 'vgafixr.fon', 'vgafixt.fon', 'vgaoem.fon', 'vgas1255.fon', 'vgas1256.fon', 'vgas1257.fon', 'vgas874.fon', 'vgasys.fon', 'vgasyse.fon', 'vgasysg.fon', 'vgasysr.fon', 'vgasyst.fon', 'VINERITC.TTF', 'VIVALDII.TTF', 'VLADIMIR.TTF', 'webdings.ttf', 'wingding.ttf', 'WINGDNG2.TTF', 'WINGDNG3.TTF', 'YuGothB.ttc', 'YuGothL.ttc', 'YuGothM.ttc', 'YuGothR.ttc', '\u534e\u5eb7\u65b9\u5706\u4f53W7.TTC', '\u65b9\u6b63\u7c97\u9ed1\u5b8b\u7b80\u4f53.ttf']
2023-09-27 16:01:05,338 - INFO - all fonts installed:['8514fix.fon', '8514fixe.fon', '8514fixg.fon', '8514fixr.fon', '8514fixt.fon', '8514oem.fon', '8514oeme.fon', '8514oemg.fon', '8514oemr.fon', '8514oemt.fon', '8514sys.fon', '8514syse.fon', '8514sysg.fon', '8514sysr.fon', '8514syst.fon', '85775.fon', '85855.fon', '85f1255.fon', '85f1256.fon', '85f1257.fon', '85f874.fon', '85s1255.fon', '85s1256.fon', '85s1257.fon', '85s874.fon', 'AGENCYB.TTF', 'AGENCYR.TTF', 'ALGER.TTF', 'ANTQUAB.TTF', 'ANTQUABI.TTF', 'ANTQUAI.TTF', 'app775.fon', 'app850.fon', 'app852.fon', 'app855.fon', 'app857.fon', 'app866.fon', 'app932.fon', 'app936.fon', 'app949.fon', 'app950.fon', 'arial.ttf', 'arialbd.ttf', 'arialbi.ttf', 'ariali.ttf', 'ARIALN.TTF', 'ARIALNB.TTF', 'ARIALNBI.TTF', 'ARIALNI.TTF', 'ariblk.ttf', 'ARLRDBD.TTF', 'AxureHandwriting-Bold.otf', 'AxureHandwriting-BoldItalic.otf', 'AxureHandwriting-Italic.otf', 'AxureHandwriting.otf', 'bahnschrift.ttf', 'BASKVILL.TTF', 'BAUHS93.TTF', 'BELL.TTF', 'BELLB.TTF', 'BELLI.TTF', 'BERNHC.TTF', 'BKANT.TTF', 'BOD_B.TTF', 'BOD_BI.TTF', 'BOD_BLAI.TTF', 'BOD_BLAR.TTF', 'BOD_CB.TTF', 'BOD_CBI.TTF', 'BOD_CI.TTF', 'BOD_CR.TTF', 'BOD_I.TTF', 'BOD_PSTC.TTF', 'BOD_R.TTF', 'BOOKOS.TTF', 'BOOKOSB.TTF', 'BOOKOSBI.TTF', 'BOOKOSI.TTF', 'BRADHITC.TTF', 'BRITANIC.TTF', 'BRLNSB.TTF', 'BRLNSDB.TTF', 'BRLNSR.TTF', 'BROADW.TTF', 'BRUSHSCI.TTF', 'BSSYM7.TTF', 'c8514fix.fon', 'c8514oem.fon', 'c8514sys.fon', 'calibri.ttf', 'calibrib.ttf', 'calibrii.ttf', 'calibril.ttf', 'calibrili.ttf', 'calibriz.ttf', 'CALIFB.TTF', 'CALIFI.TTF', 'CALIFR.TTF', 'CALIST.TTF', 'CALISTB.TTF', 'CALISTBI.TTF', 'CALISTI.TTF', 'cambria.ttc', 'cambriab.ttf', 'cambriai.ttf', 'cambriaz.ttf', 'Candara.ttf', 'Candarab.ttf', 'Candarai.ttf', 'Candaral.ttf', 'Candarali.ttf', 'Candaraz.ttf', 'CascadiaCode.ttf', 'CascadiaMono.ttf', 'CASTELAR.TTF', 'CENSCBK.TTF', 'CENTAUR.TTF', 'CENTURY.TTF', 'cga40737.fon', 'cga40850.fon', 'cga40852.fon', 'cga40857.fon', 'cga40866.fon', 'cga40869.fon', 'cga40woa.fon', 'cga80737.fon', 'cga80850.fon', 'cga80852.fon', 'cga80857.fon', 'cga80866.fon', 'cga80869.fon', 'cga80woa.fon', 'CHILLER.TTF', 'COLONNA.TTF', 'comic.ttf', 'comicbd.ttf', 'comici.ttf', 'comicz.ttf', 'consola.ttf', 'consolab.ttf', 'consolai.ttf', 'consolaz.ttf', 'constan.ttf', 'constanb.ttf', 'constani.ttf', 'constanz.ttf', 'COOPBL.TTF', 'COPRGTB.TTF', 'COPRGTL.TTF', 'corbel.ttf', 'corbelb.ttf', 'corbeli.ttf', 'corbell.ttf', 'corbelli.ttf', 'corbelz.ttf', 'coue1255.fon', 'coue1256.fon', 'coue1257.fon', 'couf1255.fon', 'couf1256.fon', 'couf1257.fon', 'cour.ttf', 'courbd.ttf', 'courbi.ttf', 'coure.fon', 'couree.fon', 'coureg.fon', 'courer.fon', 'couret.fon', 'courf.fon', 'courfe.fon', 'courfg.fon', 'courfr.fon', 'courft.fon', 'couri.ttf', 'CURLZ___.TTF', 'cvgafix.fon', 'cvgasys.fon', 'Deng.ttf', 'Dengb.ttf', 'Dengl.ttf', 'desktop.ini', 'dos737.fon', 'dos869.fon', 'dosapp.fon', 'DUBAI-BOLD.TTF', 'DUBAI-LIGHT.TTF', 'DUBAI-MEDIUM.TTF', 'DUBAI-REGULAR.TTF', 'ebrima.ttf', 'ebrimabd.ttf', 'ega40737.fon', 'ega40850.fon', 'ega40852.fon', 'ega40857.fon', 'ega40866.fon', 'ega40869.fon', 'ega40woa.fon', 'ega80737.fon', 'ega80850.fon', 'ega80852.fon', 'ega80857.fon', 'ega80866.fon', 'ega80869.fon', 'ega80woa.fon', 'ELEPHNT.TTF', 'ELEPHNTI.TTF', 'ENGR.TTF', 'ERASBD.TTF', 'ERASDEMI.TTF', 'ERASLGHT.TTF', 'ERASMD.TTF', 'FELIXTI.TTF', 'fms_metadata.xml', 'FORTE.TTF', 'FRABK.TTF', 'FRABKIT.TTF', 'FRADM.TTF', 'FRADMCN.TTF', 'FRADMIT.TTF', 'FRAHV.TTF', 'FRAHVIT.TTF', 'framd.ttf', 'FRAMDCN.TTF', 'framdit.ttf', 'FREESCPT.TTF', 'FRSCRIPT.TTF', 'FTLTLT.TTF', 'FZSTK.TTF', 'FZYTK.TTF', 'Gabriola.ttf', 'gadugi.ttf', 'gadugib.ttf', 'GARA.TTF', 'GARABD.TTF', 'GARAIT.TTF', 'georgia.ttf', 'georgiab.ttf', 'georgiai.ttf', 'georgiaz.ttf', 'GIGI.TTF', 'GILBI___.TTF', 'GILB____.TTF', 'GILC____.TTF', 'GILI____.TTF', 'GILLUBCD.TTF', 'GILSANUB.TTF', 'GIL_____.TTF', 'GLECB.TTF', 'GlobalMonospace.CompositeFont', 'GlobalSansSerif.CompositeFont', 'GlobalSerif.CompositeFont', 'GlobalUserInterface.CompositeFont', 'GLSNECB.TTF', 'GOTHIC.TTF', 'GOTHICB.TTF', 'GOTHICBI.TTF', 'GOTHICI.TTF', 'GOUDOS.TTF', 'GOUDOSB.TTF', 'GOUDOSI.TTF', 'GOUDYSTO.TTF', 'h8514fix.fon', 'h8514oem.fon', 'h8514sys.fon', 'HARLOWSI.TTF', 'HARNGTON.TTF', 'HATTEN.TTF', 'HGB1X_CNKI.ttf', 'HGB1_CNKI.ttf', 'HGB2X_CNKI.ttf', 'HGB2_CNKI.ttf', 'HGB3X_CNKI.ttf', 'HGB3_CNKI.ttf', 'HGB4X_CNKI.ttf', 'HGB4_CNKI.ttf', 'HGB5X_CNKI.ttf', 'HGB5_CNKI.ttf', 'HGB6X_CNKI.ttf', 'HGB6_CNKI.ttf', 'HGB7X_CNKI.ttf', 'HGB7_CNKI.ttf', 'HGB8X_CNKI.ttf', 'HGB8_CNKI.ttf', 'HGBD_CNKI.ttf', 'HGBKBX_CNKI.ttf', 'HGBKB_CNKI.ttf', 'HGBKHX_CNKI.ttf', 'HGBKH_CNKI.ttf', 'HGBS1_CNKI.TTF', 'HGBS2_CNKI.TTF', 'HGBS_CNKI.TTF', 'HGBTH_CNKI.TTF', 'HGBTS_CNKI.TTF', 'HGBX_CNKI.ttf', 'HGBZ_CNKI.ttf', 'HGCH_CNKI.TTF', 'HGCUH_CNKI.TTF', 'HGCY_CNKI.TTF', 'HGDBS_CNKI.TTF', 'HGDGY_CNKI.TTF', 'HGDH2_CNKI.TTF', 'HGDH_CNKI.TTF', 'HGDYS_CNKI.TTF', 'HGDY_CNKI.ttf', 'HGF1X_CNKI.ttf', 'HGF1_CNKI.ttf', 'HGF2X_CNKI.ttf', 'HGF2_CNKI.ttf', 'HGF3_CNKI.ttf', 'HGF4X_CNKI.ttf', 'HGF4_CNKI.ttf', 'HGF5X_CNKI.ttf', 'HGF5_CNKI.ttf', 'HGF6X_CNKI.ttf', 'HGF6_CNKI.ttf', 'HGF7X_CNKI.ttf', 'HGF7_CNKI.ttf', 'HGF8_CNKI.ttf', 'HGF9X_CNKI.ttf', 'HGF9_CNKI.ttf', 'HGFS1_CNKI.TTF', 'HGFS2_CNKI.TTF', 'HGFSH_CNKI.TTF', 'HGFS_CNKI.TTF', 'HGFX_CNKI.ttf', 'HGFZ_CNKI.ttf', 'HGGG_CNKI.TTF', 'HGH1X_CNKI.ttf', 'HGH1_CNKI.ttf', 'HGH2X_CNKI.ttf', 'HGH2_CNKI.ttf', 'HGH3X_CNKI.ttf', 'HGH3_CNKI.ttf', 'HGH4X_CNKI.ttf', 'HGH4_CNKI.ttf', 'HGH5X_CNKI.ttf', 'HGH5_CNKI.ttf', 'HGH6X_CNKI.ttf', 'HGH6_CNKI.ttf', 'HGH7X_CNKI.ttf', 'HGH7_CNKI.ttf', 'HGHB_CNKI.TTF', 'HGHD_CNKI.ttf', 'HGHP_CNKI.TTF', 'HGHT1_CNKI.ttf', 'HGHT2_CNKI.ttf', 'HGHUATI_CNKI.ttf', 'HGHX_CNKI.ttf', 'HGHZ_CNKI.ttf', 'HGH_CNKI.TTF', 'HGKT1_CNKI.TTF', 'HGKT2_CNKI.TTF', 'HGKT_CNKI.TTF', 'HGKY_CNKI.ttf', 'HGLB_CNKI.TTF', 'HGLS_CNKI.TTF', 'HGMH_CNKI.TTF', 'HGNBS_CNKI.ttf', 'HGOCR_CNKI.ttf', 'HGPH_CNKI.TTF', 'HGPTY_CNKI.TTF', 'HGSS1_CNKI.TTF', 'HGSS2_CNKI.TTF', 'HGSS_CNKI.TTF', 'HGSXT_CNKI.ttf', 'HGTT_CNKI.ttf', 'HGTX_CNKI.TTF', 'HGWT_CNKI.TTF', 'HGWYS_CNKI.TTF', 'HGX1X_CNKI.ttf', 'HGX1_CNKI.ttf', 'HGXBS_CNKI.TTF', 'HGXC_CNKI.TTF', 'HGXF1_CNKI.ttf', 'HGXFX_CNKI.ttf', 'HGXFZ_CNKI.ttf', 'HGXH1_CNKI.TTF', 'HGXH_CNKI.TTF', 'HGXK_CNKI.TTF', 'HGXL_CNKI.TTF', 'HGXS_CNKI.TTF', 'HGXT_CNKI.ttf', 'HGXY_CNKI.ttf', 'HGY1_CNKI.TTF', 'HGY2_CNKI.TTF', 'HGY3_CNKI.TTF', 'HGY4_CNKI.TTF', 'HGYB_CNKI.ttf', 'HGYT1_CNKI.ttf', 'HGYT2_CNKI.ttf', 'HGYT_CNKI.TTF', 'HGYX_CNKI.TTF', 'HGZCS_CNKI.TTF', 'HGZDX_CNKI.TTF', 'HGZK_CNKI.TTF', 'HGZYT_CNKI.TTF', 'HGZY_CNKI.TTF', 'himalaya.ttf', 'holomdl2.ttf', 'HTOWERT.TTF', 'HTOWERTI.TTF', 'hvgafix.fon', 'hvgasys.fon', 'impact.ttf', 'IMPRISHA.TTF', 'INFROMAN.TTF', 'Inkfree.ttf', 'iqiyi_logov7.ttf', 'ITCBLKAD.TTF', 'ITCEDSCR.TTF', 'ITCKRIST.TTF', 'j8514fix.fon', 'j8514oem.fon', 'j8514sys.fon', 'javatext.ttf', 'JOKERMAN.TTF', 'jsmalle.fon', 'jsmallf.fon', 'JUICE___.TTF', 'jvgafix.fon', 'jvgasys.fon', 'KUNSTLER.TTF', 'LATINWD.TTF', 'LBRITE.TTF', 'LBRITED.TTF', 'LBRITEDI.TTF', 'LBRITEI.TTF', 'LCALLIG.TTF', 'LeelaUIb.ttf', 'LeelawUI.ttf', 'LeelUIsl.ttf', 'LFAX.TTF', 'LFAXD.TTF', 'LFAXDI.TTF', 'LFAXI.TTF', 'LHANDW.TTF', 'LSANS.TTF', 'LSANSD.TTF', 'LSANSDI.TTF', 'LSANSI.TTF', 'LTYPE.TTF', 'LTYPEB.TTF', 'LTYPEBO.TTF', 'LTYPEO.TTF', 'lucon.ttf', 'l_10646.ttf', 'MAGNETOB.TTF', 'MAIAN.TTF', 'malgun.ttf', 'malgunbd.ttf', 'malgunsl.ttf', 'marlett.ttf', 'MATURASC.TTF', 'micross.ttf', 'mingliub.ttc', 'MISTRAL.TTF', 'mmrtext.ttf', 'mmrtextb.ttf', 'MOD20.TTF', 'modern.fon', 'monbaiti.ttf', 'msgothic.ttc', 'msjh.ttc', 'msjhbd.ttc', 'msjhl.ttc', 'msyh.ttc', 'msyhbd.ttc', 'msyhl.ttc', 'msyi.ttf', 'MTCORSVA.TTF', 'MTEXTRA.TTF', 'mvboli.ttf', 'NIAGENG.TTF', 'NIAGSOL.TTF', 'Nirmala.ttf', 'NirmalaB.ttf', 'NirmalaS.ttf', 'ntailu.ttf', 'ntailub.ttf', 'NumberOnly.ttf', 'OCRAEXT.TTF', 'OLDENGL.TTF', 'ONYX.TTF', 'OUTLOOK.TTF', 'pala.ttf', 'palab.ttf', 'palabi.ttf', 'palai.ttf', 'PALSCRI.TTF', 'PAPYRUS.TTF', 'PARCHM.TTF', 'PERBI___.TTF', 'PERB____.TTF', 'PERI____.TTF', 'PERTIBD.TTF', 'PERTILI.TTF', 'PER_____.TTF', 'phagspa.ttf', 'phagspab.ttf', 'PLAYBILL.TTF', 'POORICH.TTF', 'PRISTINA.TTF', 'RAGE.TTF', 'RAVIE.TTF', 'REFSAN.TTF', 'REFSPCL.TTF', 'ROCCB___.TTF', 'ROCC____.TTF', 'ROCK.TTF', 'ROCKB.TTF', 'ROCKBI.TTF', 'ROCKEB.TTF', 'ROCKI.TTF', 'roman.fon', 's8514fix.fon', 's8514oem.fon', 's8514sys.fon', 'SCHLBKB.TTF', 'SCHLBKBI.TTF', 'SCHLBKI.TTF', 'script.fon', 'SCRIPTBL.TTF', 'segmdl2.ttf', 'SegoeIcons.ttf', 'segoepr.ttf', 'segoeprb.ttf', 'segoesc.ttf', 'segoescb.ttf', 'segoeui.ttf', 'segoeuib.ttf', 'segoeuii.ttf', 'segoeuil.ttf', 'segoeuisl.ttf', 'segoeuiz.ttf', 'seguibl.ttf', 'seguibli.ttf', 'seguiemj.ttf', 'seguihis.ttf', 'seguili.ttf', 'seguisb.ttf', 'seguisbi.ttf', 'seguisli.ttf', 'seguisym.ttf', 'SegUIVar.ttf', 'sere1255.fon', 'sere1256.fon', 'sere1257.fon', 'serf1255.fon', 'serf1256.fon', 'serf1257.fon', 'serife.fon', 'serifee.fon', 'serifeg.fon', 'serifer.fon', 'serifet.fon', 'seriff.fon', 'seriffe.fon', 'seriffg.fon', 'seriffr.fon', 'serifft.fon', 'SHOWG.TTF', 'simfang.ttf', 'simhei.ttf', 'simkai.ttf', 'SIMLI.TTF', 'simsun.ttc', 'simsunb.ttf', 'SIMYOU.TTF', 'SitkaVF-Italic.ttf', 'SitkaVF.ttf', 'smae1255.fon', 'smae1256.fon', 'smae1257.fon', 'smaf1255.fon', 'smaf1256.fon', 'smaf1257.fon', 'smalle.fon', 'smallee.fon', 'smalleg.fon', 'smaller.fon', 'smallet.fon', 'smallf.fon', 'smallfe.fon', 'smallfg.fon', 'smallfr.fon', 'smallft.fon', 'SNAP____.TTF', 'ssee1255.fon', 'ssee1256.fon', 'ssee1257.fon', 'ssee874.fon', 'ssef1255.fon', 'ssef1256.fon', 'ssef1257.fon', 'ssef874.fon', 'sserife.fon', 'sserifee.fon', 'sserifeg.fon', 'sserifer.fon', 'sserifet.fon', 'sseriff.fon', 'sseriffe.fon', 'sseriffg.fon', 'sseriffr.fon', 'sserifft.fon', 'StaticCache.dat', 'STCAIYUN.TTF', 'STENCIL.TTF', 'STFANGSO.TTF', 'STHUPO.TTF', 'STKAITI.TTF', 'STLITI.TTF', 'STSONG.TTF', 'STXIHEI.TTF', 'STXINGKA.TTF', 'STXINWEI.TTF', 'STZHONGS.TTF', 'svgafix.fon', 'svgasys.fon', 'sylfaen.ttf', 'symbol.ttf', 'tahoma.ttf', 'tahomabd.ttf', 'taile.ttf', 'taileb.ttf', 'TCBI____.TTF', 'TCB_____.TTF', 'TCCB____.TTF', 'TCCEB.TTF', 'TCCM____.TTF', 'TCMI____.TTF', 'TCM_____.TTF', 'TEMPSITC.TTF', 'times.ttf', 'timesbd.ttf', 'timesbi.ttf', 'timesi.ttf', 'trebuc.ttf', 'trebucbd.ttf', 'trebucbi.ttf', 'trebucit.ttf', 'verdana.ttf', 'verdanab.ttf', 'verdanai.ttf', 'verdanaz.ttf', 'vga737.fon', 'vga775.fon', 'vga850.fon', 'vga852.fon', 'vga855.fon', 'vga857.fon', 'vga860.fon', 'vga861.fon', 'vga863.fon', 'vga865.fon', 'vga866.fon', 'vga869.fon', 'vga932.fon', 'vga936.fon', 'vga949.fon', 'vga950.fon', 'vgaf1255.fon', 'vgaf1256.fon', 'vgaf1257.fon', 'vgaf874.fon', 'vgafix.fon', 'vgafixe.fon', 'vgafixg.fon', 'vgafixr.fon', 'vgafixt.fon', 'vgaoem.fon', 'vgas1255.fon', 'vgas1256.fon', 'vgas1257.fon', 'vgas874.fon', 'vgasys.fon', 'vgasyse.fon', 'vgasysg.fon', 'vgasysr.fon', 'vgasyst.fon', 'VINERITC.TTF', 'VIVALDII.TTF', 'VLADIMIR.TTF', 'webdings.ttf', 'wingding.ttf', 'WINGDNG2.TTF', 'WINGDNG3.TTF', 'YuGothB.ttc', 'YuGothL.ttc', 'YuGothM.ttc', 'YuGothR.ttc', '\u534e\u5eb7\u65b9\u5706\u4f53W7.TTC', '\u65b9\u6b63\u7c97\u9ed1\u5b8b\u7b80\u4f53.ttf']
2023-09-27 16:01:05,348 - INFO - all fonts installed:['8514fix.fon', '8514fixe.fon', '8514fixg.fon', '8514fixr.fon', '8514fixt.fon', '8514oem.fon', '8514oeme.fon', '8514oemg.fon', '8514oemr.fon', '8514oemt.fon', '8514sys.fon', '8514syse.fon', '8514sysg.fon', '8514sysr.fon', '8514syst.fon', '85775.fon', '85855.fon', '85f1255.fon', '85f1256.fon', '85f1257.fon', '85f874.fon', '85s1255.fon', '85s1256.fon', '85s1257.fon', '85s874.fon', 'AGENCYB.TTF', 'AGENCYR.TTF', 'ALGER.TTF', 'ANTQUAB.TTF', 'ANTQUABI.TTF', 'ANTQUAI.TTF', 'app775.fon', 'app850.fon', 'app852.fon', 'app855.fon', 'app857.fon', 'app866.fon', 'app932.fon', 'app936.fon', 'app949.fon', 'app950.fon', 'arial.ttf', 'arialbd.ttf', 'arialbi.ttf', 'ariali.ttf', 'ARIALN.TTF', 'ARIALNB.TTF', 'ARIALNBI.TTF', 'ARIALNI.TTF', 'ariblk.ttf', 'ARLRDBD.TTF', 'AxureHandwriting-Bold.otf', 'AxureHandwriting-BoldItalic.otf', 'AxureHandwriting-Italic.otf', 'AxureHandwriting.otf', 'bahnschrift.ttf', 'BASKVILL.TTF', 'BAUHS93.TTF', 'BELL.TTF', 'BELLB.TTF', 'BELLI.TTF', 'BERNHC.TTF', 'BKANT.TTF', 'BOD_B.TTF', 'BOD_BI.TTF', 'BOD_BLAI.TTF', 'BOD_BLAR.TTF', 'BOD_CB.TTF', 'BOD_CBI.TTF', 'BOD_CI.TTF', 'BOD_CR.TTF', 'BOD_I.TTF', 'BOD_PSTC.TTF', 'BOD_R.TTF', 'BOOKOS.TTF', 'BOOKOSB.TTF', 'BOOKOSBI.TTF', 'BOOKOSI.TTF', 'BRADHITC.TTF', 'BRITANIC.TTF', 'BRLNSB.TTF', 'BRLNSDB.TTF', 'BRLNSR.TTF', 'BROADW.TTF', 'BRUSHSCI.TTF', 'BSSYM7.TTF', 'c8514fix.fon', 'c8514oem.fon', 'c8514sys.fon', 'calibri.ttf', 'calibrib.ttf', 'calibrii.ttf', 'calibril.ttf', 'calibrili.ttf', 'calibriz.ttf', 'CALIFB.TTF', 'CALIFI.TTF', 'CALIFR.TTF', 'CALIST.TTF', 'CALISTB.TTF', 'CALISTBI.TTF', 'CALISTI.TTF', 'cambria.ttc', 'cambriab.ttf', 'cambriai.ttf', 'cambriaz.ttf', 'Candara.ttf', 'Candarab.ttf', 'Candarai.ttf', 'Candaral.ttf', 'Candarali.ttf', 'Candaraz.ttf', 'CascadiaCode.ttf', 'CascadiaMono.ttf', 'CASTELAR.TTF', 'CENSCBK.TTF', 'CENTAUR.TTF', 'CENTURY.TTF', 'cga40737.fon', 'cga40850.fon', 'cga40852.fon', 'cga40857.fon', 'cga40866.fon', 'cga40869.fon', 'cga40woa.fon', 'cga80737.fon', 'cga80850.fon', 'cga80852.fon', 'cga80857.fon', 'cga80866.fon', 'cga80869.fon', 'cga80woa.fon', 'CHILLER.TTF', 'COLONNA.TTF', 'comic.ttf', 'comicbd.ttf', 'comici.ttf', 'comicz.ttf', 'consola.ttf', 'consolab.ttf', 'consolai.ttf', 'consolaz.ttf', 'constan.ttf', 'constanb.ttf', 'constani.ttf', 'constanz.ttf', 'COOPBL.TTF', 'COPRGTB.TTF', 'COPRGTL.TTF', 'corbel.ttf', 'corbelb.ttf', 'corbeli.ttf', 'corbell.ttf', 'corbelli.ttf', 'corbelz.ttf', 'coue1255.fon', 'coue1256.fon', 'coue1257.fon', 'couf1255.fon', 'couf1256.fon', 'couf1257.fon', 'cour.ttf', 'courbd.ttf', 'courbi.ttf', 'coure.fon', 'couree.fon', 'coureg.fon', 'courer.fon', 'couret.fon', 'courf.fon', 'courfe.fon', 'courfg.fon', 'courfr.fon', 'courft.fon', 'couri.ttf', 'CURLZ___.TTF', 'cvgafix.fon', 'cvgasys.fon', 'Deng.ttf', 'Dengb.ttf', 'Dengl.ttf', 'desktop.ini', 'dos737.fon', 'dos869.fon', 'dosapp.fon', 'DUBAI-BOLD.TTF', 'DUBAI-LIGHT.TTF', 'DUBAI-MEDIUM.TTF', 'DUBAI-REGULAR.TTF', 'ebrima.ttf', 'ebrimabd.ttf', 'ega40737.fon', 'ega40850.fon', 'ega40852.fon', 'ega40857.fon', 'ega40866.fon', 'ega40869.fon', 'ega40woa.fon', 'ega80737.fon', 'ega80850.fon', 'ega80852.fon', 'ega80857.fon', 'ega80866.fon', 'ega80869.fon', 'ega80woa.fon', 'ELEPHNT.TTF', 'ELEPHNTI.TTF', 'ENGR.TTF', 'ERASBD.TTF', 'ERASDEMI.TTF', 'ERASLGHT.TTF', 'ERASMD.TTF', 'FELIXTI.TTF', 'fms_metadata.xml', 'FORTE.TTF', 'FRABK.TTF', 'FRABKIT.TTF', 'FRADM.TTF', 'FRADMCN.TTF', 'FRADMIT.TTF', 'FRAHV.TTF', 'FRAHVIT.TTF', 'framd.ttf', 'FRAMDCN.TTF', 'framdit.ttf', 'FREESCPT.TTF', 'FRSCRIPT.TTF', 'FTLTLT.TTF', 'FZSTK.TTF', 'FZYTK.TTF', 'Gabriola.ttf', 'gadugi.ttf', 'gadugib.ttf', 'GARA.TTF', 'GARABD.TTF', 'GARAIT.TTF', 'georgia.ttf', 'georgiab.ttf', 'georgiai.ttf', 'georgiaz.ttf', 'GIGI.TTF', 'GILBI___.TTF', 'GILB____.TTF', 'GILC____.TTF', 'GILI____.TTF', 'GILLUBCD.TTF', 'GILSANUB.TTF', 'GIL_____.TTF', 'GLECB.TTF', 'GlobalMonospace.CompositeFont', 'GlobalSansSerif.CompositeFont', 'GlobalSerif.CompositeFont', 'GlobalUserInterface.CompositeFont', 'GLSNECB.TTF', 'GOTHIC.TTF', 'GOTHICB.TTF', 'GOTHICBI.TTF', 'GOTHICI.TTF', 'GOUDOS.TTF', 'GOUDOSB.TTF', 'GOUDOSI.TTF', 'GOUDYSTO.TTF', 'h8514fix.fon', 'h8514oem.fon', 'h8514sys.fon', 'HARLOWSI.TTF', 'HARNGTON.TTF', 'HATTEN.TTF', 'HGB1X_CNKI.ttf', 'HGB1_CNKI.ttf', 'HGB2X_CNKI.ttf', 'HGB2_CNKI.ttf', 'HGB3X_CNKI.ttf', 'HGB3_CNKI.ttf', 'HGB4X_CNKI.ttf', 'HGB4_CNKI.ttf', 'HGB5X_CNKI.ttf', 'HGB5_CNKI.ttf', 'HGB6X_CNKI.ttf', 'HGB6_CNKI.ttf', 'HGB7X_CNKI.ttf', 'HGB7_CNKI.ttf', 'HGB8X_CNKI.ttf', 'HGB8_CNKI.ttf', 'HGBD_CNKI.ttf', 'HGBKBX_CNKI.ttf', 'HGBKB_CNKI.ttf', 'HGBKHX_CNKI.ttf', 'HGBKH_CNKI.ttf', 'HGBS1_CNKI.TTF', 'HGBS2_CNKI.TTF', 'HGBS_CNKI.TTF', 'HGBTH_CNKI.TTF', 'HGBTS_CNKI.TTF', 'HGBX_CNKI.ttf', 'HGBZ_CNKI.ttf', 'HGCH_CNKI.TTF', 'HGCUH_CNKI.TTF', 'HGCY_CNKI.TTF', 'HGDBS_CNKI.TTF', 'HGDGY_CNKI.TTF', 'HGDH2_CNKI.TTF', 'HGDH_CNKI.TTF', 'HGDYS_CNKI.TTF', 'HGDY_CNKI.ttf', 'HGF1X_CNKI.ttf', 'HGF1_CNKI.ttf', 'HGF2X_CNKI.ttf', 'HGF2_CNKI.ttf', 'HGF3_CNKI.ttf', 'HGF4X_CNKI.ttf', 'HGF4_CNKI.ttf', 'HGF5X_CNKI.ttf', 'HGF5_CNKI.ttf', 'HGF6X_CNKI.ttf', 'HGF6_CNKI.ttf', 'HGF7X_CNKI.ttf', 'HGF7_CNKI.ttf', 'HGF8_CNKI.ttf', 'HGF9X_CNKI.ttf', 'HGF9_CNKI.ttf', 'HGFS1_CNKI.TTF', 'HGFS2_CNKI.TTF', 'HGFSH_CNKI.TTF', 'HGFS_CNKI.TTF', 'HGFX_CNKI.ttf', 'HGFZ_CNKI.ttf', 'HGGG_CNKI.TTF', 'HGH1X_CNKI.ttf', 'HGH1_CNKI.ttf', 'HGH2X_CNKI.ttf', 'HGH2_CNKI.ttf', 'HGH3X_CNKI.ttf', 'HGH3_CNKI.ttf', 'HGH4X_CNKI.ttf', 'HGH4_CNKI.ttf', 'HGH5X_CNKI.ttf', 'HGH5_CNKI.ttf', 'HGH6X_CNKI.ttf', 'HGH6_CNKI.ttf', 'HGH7X_CNKI.ttf', 'HGH7_CNKI.ttf', 'HGHB_CNKI.TTF', 'HGHD_CNKI.ttf', 'HGHP_CNKI.TTF', 'HGHT1_CNKI.ttf', 'HGHT2_CNKI.ttf', 'HGHUATI_CNKI.ttf', 'HGHX_CNKI.ttf', 'HGHZ_CNKI.ttf', 'HGH_CNKI.TTF', 'HGKT1_CNKI.TTF', 'HGKT2_CNKI.TTF', 'HGKT_CNKI.TTF', 'HGKY_CNKI.ttf', 'HGLB_CNKI.TTF', 'HGLS_CNKI.TTF', 'HGMH_CNKI.TTF', 'HGNBS_CNKI.ttf', 'HGOCR_CNKI.ttf', 'HGPH_CNKI.TTF', 'HGPTY_CNKI.TTF', 'HGSS1_CNKI.TTF', 'HGSS2_CNKI.TTF', 'HGSS_CNKI.TTF', 'HGSXT_CNKI.ttf', 'HGTT_CNKI.ttf', 'HGTX_CNKI.TTF', 'HGWT_CNKI.TTF', 'HGWYS_CNKI.TTF', 'HGX1X_CNKI.ttf', 'HGX1_CNKI.ttf', 'HGXBS_CNKI.TTF', 'HGXC_CNKI.TTF', 'HGXF1_CNKI.ttf', 'HGXFX_CNKI.ttf', 'HGXFZ_CNKI.ttf', 'HGXH1_CNKI.TTF', 'HGXH_CNKI.TTF', 'HGXK_CNKI.TTF', 'HGXL_CNKI.TTF', 'HGXS_CNKI.TTF', 'HGXT_CNKI.ttf', 'HGXY_CNKI.ttf', 'HGY1_CNKI.TTF', 'HGY2_CNKI.TTF', 'HGY3_CNKI.TTF', 'HGY4_CNKI.TTF', 'HGYB_CNKI.ttf', 'HGYT1_CNKI.ttf', 'HGYT2_CNKI.ttf', 'HGYT_CNKI.TTF', 'HGYX_CNKI.TTF', 'HGZCS_CNKI.TTF', 'HGZDX_CNKI.TTF', 'HGZK_CNKI.TTF', 'HGZYT_CNKI.TTF', 'HGZY_CNKI.TTF', 'himalaya.ttf', 'holomdl2.ttf', 'HTOWERT.TTF', 'HTOWERTI.TTF', 'hvgafix.fon', 'hvgasys.fon', 'impact.ttf', 'IMPRISHA.TTF', 'INFROMAN.TTF', 'Inkfree.ttf', 'iqiyi_logov7.ttf', 'ITCBLKAD.TTF', 'ITCEDSCR.TTF', 'ITCKRIST.TTF', 'j8514fix.fon', 'j8514oem.fon', 'j8514sys.fon', 'javatext.ttf', 'JOKERMAN.TTF', 'jsmalle.fon', 'jsmallf.fon', 'JUICE___.TTF', 'jvgafix.fon', 'jvgasys.fon', 'KUNSTLER.TTF', 'LATINWD.TTF', 'LBRITE.TTF', 'LBRITED.TTF', 'LBRITEDI.TTF', 'LBRITEI.TTF', 'LCALLIG.TTF', 'LeelaUIb.ttf', 'LeelawUI.ttf', 'LeelUIsl.ttf', 'LFAX.TTF', 'LFAXD.TTF', 'LFAXDI.TTF', 'LFAXI.TTF', 'LHANDW.TTF', 'LSANS.TTF', 'LSANSD.TTF', 'LSANSDI.TTF', 'LSANSI.TTF', 'LTYPE.TTF', 'LTYPEB.TTF', 'LTYPEBO.TTF', 'LTYPEO.TTF', 'lucon.ttf', 'l_10646.ttf', 'MAGNETOB.TTF', 'MAIAN.TTF', 'malgun.ttf', 'malgunbd.ttf', 'malgunsl.ttf', 'marlett.ttf', 'MATURASC.TTF', 'micross.ttf', 'mingliub.ttc', 'MISTRAL.TTF', 'mmrtext.ttf', 'mmrtextb.ttf', 'MOD20.TTF', 'modern.fon', 'monbaiti.ttf', 'msgothic.ttc', 'msjh.ttc', 'msjhbd.ttc', 'msjhl.ttc', 'msyh.ttc', 'msyhbd.ttc', 'msyhl.ttc', 'msyi.ttf', 'MTCORSVA.TTF', 'MTEXTRA.TTF', 'mvboli.ttf', 'NIAGENG.TTF', 'NIAGSOL.TTF', 'Nirmala.ttf', 'NirmalaB.ttf', 'NirmalaS.ttf', 'ntailu.ttf', 'ntailub.ttf', 'NumberOnly.ttf', 'OCRAEXT.TTF', 'OLDENGL.TTF', 'ONYX.TTF', 'OUTLOOK.TTF', 'pala.ttf', 'palab.ttf', 'palabi.ttf', 'palai.ttf', 'PALSCRI.TTF', 'PAPYRUS.TTF', 'PARCHM.TTF', 'PERBI___.TTF', 'PERB____.TTF', 'PERI____.TTF', 'PERTIBD.TTF', 'PERTILI.TTF', 'PER_____.TTF', 'phagspa.ttf', 'phagspab.ttf', 'PLAYBILL.TTF', 'POORICH.TTF', 'PRISTINA.TTF', 'RAGE.TTF', 'RAVIE.TTF', 'REFSAN.TTF', 'REFSPCL.TTF', 'ROCCB___.TTF', 'ROCC____.TTF', 'ROCK.TTF', 'ROCKB.TTF', 'ROCKBI.TTF', 'ROCKEB.TTF', 'ROCKI.TTF', 'roman.fon', 's8514fix.fon', 's8514oem.fon', 's8514sys.fon', 'SCHLBKB.TTF', 'SCHLBKBI.TTF', 'SCHLBKI.TTF', 'script.fon', 'SCRIPTBL.TTF', 'segmdl2.ttf', 'SegoeIcons.ttf', 'segoepr.ttf', 'segoeprb.ttf', 'segoesc.ttf', 'segoescb.ttf', 'segoeui.ttf', 'segoeuib.ttf', 'segoeuii.ttf', 'segoeuil.ttf', 'segoeuisl.ttf', 'segoeuiz.ttf', 'seguibl.ttf', 'seguibli.ttf', 'seguiemj.ttf', 'seguihis.ttf', 'seguili.ttf', 'seguisb.ttf', 'seguisbi.ttf', 'seguisli.ttf', 'seguisym.ttf', 'SegUIVar.ttf', 'sere1255.fon', 'sere1256.fon', 'sere1257.fon', 'serf1255.fon', 'serf1256.fon', 'serf1257.fon', 'serife.fon', 'serifee.fon', 'serifeg.fon', 'serifer.fon', 'serifet.fon', 'seriff.fon', 'seriffe.fon', 'seriffg.fon', 'seriffr.fon', 'serifft.fon', 'SHOWG.TTF', 'simfang.ttf', 'simhei.ttf', 'simkai.ttf', 'SIMLI.TTF', 'simsun.ttc', 'simsunb.ttf', 'SIMYOU.TTF', 'SitkaVF-Italic.ttf', 'SitkaVF.ttf', 'smae1255.fon', 'smae1256.fon', 'smae1257.fon', 'smaf1255.fon', 'smaf1256.fon', 'smaf1257.fon', 'smalle.fon', 'smallee.fon', 'smalleg.fon', 'smaller.fon', 'smallet.fon', 'smallf.fon', 'smallfe.fon', 'smallfg.fon', 'smallfr.fon', 'smallft.fon', 'SNAP____.TTF', 'ssee1255.fon', 'ssee1256.fon', 'ssee1257.fon', 'ssee874.fon', 'ssef1255.fon', 'ssef1256.fon', 'ssef1257.fon', 'ssef874.fon', 'sserife.fon', 'sserifee.fon', 'sserifeg.fon', 'sserifer.fon', 'sserifet.fon', 'sseriff.fon', 'sseriffe.fon', 'sseriffg.fon', 'sseriffr.fon', 'sserifft.fon', 'StaticCache.dat', 'STCAIYUN.TTF', 'STENCIL.TTF', 'STFANGSO.TTF', 'STHUPO.TTF', 'STKAITI.TTF', 'STLITI.TTF', 'STSONG.TTF', 'STXIHEI.TTF', 'STXINGKA.TTF', 'STXINWEI.TTF', 'STZHONGS.TTF', 'svgafix.fon', 'svgasys.fon', 'sylfaen.ttf', 'symbol.ttf', 'tahoma.ttf', 'tahomabd.ttf', 'taile.ttf', 'taileb.ttf', 'TCBI____.TTF', 'TCB_____.TTF', 'TCCB____.TTF', 'TCCEB.TTF', 'TCCM____.TTF', 'TCMI____.TTF', 'TCM_____.TTF', 'TEMPSITC.TTF', 'times.ttf', 'timesbd.ttf', 'timesbi.ttf', 'timesi.ttf', 'trebuc.ttf', 'trebucbd.ttf', 'trebucbi.ttf', 'trebucit.ttf', 'verdana.ttf', 'verdanab.ttf', 'verdanai.ttf', 'verdanaz.ttf', 'vga737.fon', 'vga775.fon', 'vga850.fon', 'vga852.fon', 'vga855.fon', 'vga857.fon', 'vga860.fon', 'vga861.fon', 'vga863.fon', 'vga865.fon', 'vga866.fon', 'vga869.fon', 'vga932.fon', 'vga936.fon', 'vga949.fon', 'vga950.fon', 'vgaf1255.fon', 'vgaf1256.fon', 'vgaf1257.fon', 'vgaf874.fon', 'vgafix.fon', 'vgafixe.fon', 'vgafixg.fon', 'vgafixr.fon', 'vgafixt.fon', 'vgaoem.fon', 'vgas1255.fon', 'vgas1256.fon', 'vgas1257.fon', 'vgas874.fon', 'vgasys.fon', 'vgasyse.fon', 'vgasysg.fon', 'vgasysr.fon', 'vgasyst.fon', 'VINERITC.TTF', 'VIVALDII.TTF', 'VLADIMIR.TTF', 'webdings.ttf', 'wingding.ttf', 'WINGDNG2.TTF', 'WINGDNG3.TTF', 'YuGothB.ttc', 'YuGothL.ttc', 'YuGothM.ttc', 'YuGothR.ttc', '\u534e\u5eb7\u65b9\u5706\u4f53W7.TTC', '\u65b9\u6b63\u7c97\u9ed1\u5b8b\u7b80\u4f53.ttf']
2023-09-27 16:01:05,351 - INFO - all fonts installed:['8514fix.fon', '8514fixe.fon', '8514fixg.fon', '8514fixr.fon', '8514fixt.fon', '8514oem.fon', '8514oeme.fon', '8514oemg.fon', '8514oemr.fon', '8514oemt.fon', '8514sys.fon', '8514syse.fon', '8514sysg.fon', '8514sysr.fon', '8514syst.fon', '85775.fon', '85855.fon', '85f1255.fon', '85f1256.fon', '85f1257.fon', '85f874.fon', '85s1255.fon', '85s1256.fon', '85s1257.fon', '85s874.fon', 'AGENCYB.TTF', 'AGENCYR.TTF', 'ALGER.TTF', 'ANTQUAB.TTF', 'ANTQUABI.TTF', 'ANTQUAI.TTF', 'app775.fon', 'app850.fon', 'app852.fon', 'app855.fon', 'app857.fon', 'app866.fon', 'app932.fon', 'app936.fon', 'app949.fon', 'app950.fon', 'arial.ttf', 'arialbd.ttf', 'arialbi.ttf', 'ariali.ttf', 'ARIALN.TTF', 'ARIALNB.TTF', 'ARIALNBI.TTF', 'ARIALNI.TTF', 'ariblk.ttf', 'ARLRDBD.TTF', 'AxureHandwriting-Bold.otf', 'AxureHandwriting-BoldItalic.otf', 'AxureHandwriting-Italic.otf', 'AxureHandwriting.otf', 'bahnschrift.ttf', 'BASKVILL.TTF', 'BAUHS93.TTF', 'BELL.TTF', 'BELLB.TTF', 'BELLI.TTF', 'BERNHC.TTF', 'BKANT.TTF', 'BOD_B.TTF', 'BOD_BI.TTF', 'BOD_BLAI.TTF', 'BOD_BLAR.TTF', 'BOD_CB.TTF', 'BOD_CBI.TTF', 'BOD_CI.TTF', 'BOD_CR.TTF', 'BOD_I.TTF', 'BOD_PSTC.TTF', 'BOD_R.TTF', 'BOOKOS.TTF', 'BOOKOSB.TTF', 'BOOKOSBI.TTF', 'BOOKOSI.TTF', 'BRADHITC.TTF', 'BRITANIC.TTF', 'BRLNSB.TTF', 'BRLNSDB.TTF', 'BRLNSR.TTF', 'BROADW.TTF', 'BRUSHSCI.TTF', 'BSSYM7.TTF', 'c8514fix.fon', 'c8514oem.fon', 'c8514sys.fon', 'calibri.ttf', 'calibrib.ttf', 'calibrii.ttf', 'calibril.ttf', 'calibrili.ttf', 'calibriz.ttf', 'CALIFB.TTF', 'CALIFI.TTF', 'CALIFR.TTF', 'CALIST.TTF', 'CALISTB.TTF', 'CALISTBI.TTF', 'CALISTI.TTF', 'cambria.ttc', 'cambriab.ttf', 'cambriai.ttf', 'cambriaz.ttf', 'Candara.ttf', 'Candarab.ttf', 'Candarai.ttf', 'Candaral.ttf', 'Candarali.ttf', 'Candaraz.ttf', 'CascadiaCode.ttf', 'CascadiaMono.ttf', 'CASTELAR.TTF', 'CENSCBK.TTF', 'CENTAUR.TTF', 'CENTURY.TTF', 'cga40737.fon', 'cga40850.fon', 'cga40852.fon', 'cga40857.fon', 'cga40866.fon', 'cga40869.fon', 'cga40woa.fon', 'cga80737.fon', 'cga80850.fon', 'cga80852.fon', 'cga80857.fon', 'cga80866.fon', 'cga80869.fon', 'cga80woa.fon', 'CHILLER.TTF', 'COLONNA.TTF', 'comic.ttf', 'comicbd.ttf', 'comici.ttf', 'comicz.ttf', 'consola.ttf', 'consolab.ttf', 'consolai.ttf', 'consolaz.ttf', 'constan.ttf', 'constanb.ttf', 'constani.ttf', 'constanz.ttf', 'COOPBL.TTF', 'COPRGTB.TTF', 'COPRGTL.TTF', 'corbel.ttf', 'corbelb.ttf', 'corbeli.ttf', 'corbell.ttf', 'corbelli.ttf', 'corbelz.ttf', 'coue1255.fon', 'coue1256.fon', 'coue1257.fon', 'couf1255.fon', 'couf1256.fon', 'couf1257.fon', 'cour.ttf', 'courbd.ttf', 'courbi.ttf', 'coure.fon', 'couree.fon', 'coureg.fon', 'courer.fon', 'couret.fon', 'courf.fon', 'courfe.fon', 'courfg.fon', 'courfr.fon', 'courft.fon', 'couri.ttf', 'CURLZ___.TTF', 'cvgafix.fon', 'cvgasys.fon', 'Deng.ttf', 'Dengb.ttf', 'Dengl.ttf', 'desktop.ini', 'dos737.fon', 'dos869.fon', 'dosapp.fon', 'DUBAI-BOLD.TTF', 'DUBAI-LIGHT.TTF', 'DUBAI-MEDIUM.TTF', 'DUBAI-REGULAR.TTF', 'ebrima.ttf', 'ebrimabd.ttf', 'ega40737.fon', 'ega40850.fon', 'ega40852.fon', 'ega40857.fon', 'ega40866.fon', 'ega40869.fon', 'ega40woa.fon', 'ega80737.fon', 'ega80850.fon', 'ega80852.fon', 'ega80857.fon', 'ega80866.fon', 'ega80869.fon', 'ega80woa.fon', 'ELEPHNT.TTF', 'ELEPHNTI.TTF', 'ENGR.TTF', 'ERASBD.TTF', 'ERASDEMI.TTF', 'ERASLGHT.TTF', 'ERASMD.TTF', 'FELIXTI.TTF', 'fms_metadata.xml', 'FORTE.TTF', 'FRABK.TTF', 'FRABKIT.TTF', 'FRADM.TTF', 'FRADMCN.TTF', 'FRADMIT.TTF', 'FRAHV.TTF', 'FRAHVIT.TTF', 'framd.ttf', 'FRAMDCN.TTF', 'framdit.ttf', 'FREESCPT.TTF', 'FRSCRIPT.TTF', 'FTLTLT.TTF', 'FZSTK.TTF', 'FZYTK.TTF', 'Gabriola.ttf', 'gadugi.ttf', 'gadugib.ttf', 'GARA.TTF', 'GARABD.TTF', 'GARAIT.TTF', 'georgia.ttf', 'georgiab.ttf', 'georgiai.ttf', 'georgiaz.ttf', 'GIGI.TTF', 'GILBI___.TTF', 'GILB____.TTF', 'GILC____.TTF', 'GILI____.TTF', 'GILLUBCD.TTF', 'GILSANUB.TTF', 'GIL_____.TTF', 'GLECB.TTF', 'GlobalMonospace.CompositeFont', 'GlobalSansSerif.CompositeFont', 'GlobalSerif.CompositeFont', 'GlobalUserInterface.CompositeFont', 'GLSNECB.TTF', 'GOTHIC.TTF', 'GOTHICB.TTF', 'GOTHICBI.TTF', 'GOTHICI.TTF', 'GOUDOS.TTF', 'GOUDOSB.TTF', 'GOUDOSI.TTF', 'GOUDYSTO.TTF', 'h8514fix.fon', 'h8514oem.fon', 'h8514sys.fon', 'HARLOWSI.TTF', 'HARNGTON.TTF', 'HATTEN.TTF', 'HGB1X_CNKI.ttf', 'HGB1_CNKI.ttf', 'HGB2X_CNKI.ttf', 'HGB2_CNKI.ttf', 'HGB3X_CNKI.ttf', 'HGB3_CNKI.ttf', 'HGB4X_CNKI.ttf', 'HGB4_CNKI.ttf', 'HGB5X_CNKI.ttf', 'HGB5_CNKI.ttf', 'HGB6X_CNKI.ttf', 'HGB6_CNKI.ttf', 'HGB7X_CNKI.ttf', 'HGB7_CNKI.ttf', 'HGB8X_CNKI.ttf', 'HGB8_CNKI.ttf', 'HGBD_CNKI.ttf', 'HGBKBX_CNKI.ttf', 'HGBKB_CNKI.ttf', 'HGBKHX_CNKI.ttf', 'HGBKH_CNKI.ttf', 'HGBS1_CNKI.TTF', 'HGBS2_CNKI.TTF', 'HGBS_CNKI.TTF', 'HGBTH_CNKI.TTF', 'HGBTS_CNKI.TTF', 'HGBX_CNKI.ttf', 'HGBZ_CNKI.ttf', 'HGCH_CNKI.TTF', 'HGCUH_CNKI.TTF', 'HGCY_CNKI.TTF', 'HGDBS_CNKI.TTF', 'HGDGY_CNKI.TTF', 'HGDH2_CNKI.TTF', 'HGDH_CNKI.TTF', 'HGDYS_CNKI.TTF', 'HGDY_CNKI.ttf', 'HGF1X_CNKI.ttf', 'HGF1_CNKI.ttf', 'HGF2X_CNKI.ttf', 'HGF2_CNKI.ttf', 'HGF3_CNKI.ttf', 'HGF4X_CNKI.ttf', 'HGF4_CNKI.ttf', 'HGF5X_CNKI.ttf', 'HGF5_CNKI.ttf', 'HGF6X_CNKI.ttf', 'HGF6_CNKI.ttf', 'HGF7X_CNKI.ttf', 'HGF7_CNKI.ttf', 'HGF8_CNKI.ttf', 'HGF9X_CNKI.ttf', 'HGF9_CNKI.ttf', 'HGFS1_CNKI.TTF', 'HGFS2_CNKI.TTF', 'HGFSH_CNKI.TTF', 'HGFS_CNKI.TTF', 'HGFX_CNKI.ttf', 'HGFZ_CNKI.ttf', 'HGGG_CNKI.TTF', 'HGH1X_CNKI.ttf', 'HGH1_CNKI.ttf', 'HGH2X_CNKI.ttf', 'HGH2_CNKI.ttf', 'HGH3X_CNKI.ttf', 'HGH3_CNKI.ttf', 'HGH4X_CNKI.ttf', 'HGH4_CNKI.ttf', 'HGH5X_CNKI.ttf', 'HGH5_CNKI.ttf', 'HGH6X_CNKI.ttf', 'HGH6_CNKI.ttf', 'HGH7X_CNKI.ttf', 'HGH7_CNKI.ttf', 'HGHB_CNKI.TTF', 'HGHD_CNKI.ttf', 'HGHP_CNKI.TTF', 'HGHT1_CNKI.ttf', 'HGHT2_CNKI.ttf', 'HGHUATI_CNKI.ttf', 'HGHX_CNKI.ttf', 'HGHZ_CNKI.ttf', 'HGH_CNKI.TTF', 'HGKT1_CNKI.TTF', 'HGKT2_CNKI.TTF', 'HGKT_CNKI.TTF', 'HGKY_CNKI.ttf', 'HGLB_CNKI.TTF', 'HGLS_CNKI.TTF', 'HGMH_CNKI.TTF', 'HGNBS_CNKI.ttf', 'HGOCR_CNKI.ttf', 'HGPH_CNKI.TTF', 'HGPTY_CNKI.TTF', 'HGSS1_CNKI.TTF', 'HGSS2_CNKI.TTF', 'HGSS_CNKI.TTF', 'HGSXT_CNKI.ttf', 'HGTT_CNKI.ttf', 'HGTX_CNKI.TTF', 'HGWT_CNKI.TTF', 'HGWYS_CNKI.TTF', 'HGX1X_CNKI.ttf', 'HGX1_CNKI.ttf', 'HGXBS_CNKI.TTF', 'HGXC_CNKI.TTF', 'HGXF1_CNKI.ttf', 'HGXFX_CNKI.ttf', 'HGXFZ_CNKI.ttf', 'HGXH1_CNKI.TTF', 'HGXH_CNKI.TTF', 'HGXK_CNKI.TTF', 'HGXL_CNKI.TTF', 'HGXS_CNKI.TTF', 'HGXT_CNKI.ttf', 'HGXY_CNKI.ttf', 'HGY1_CNKI.TTF', 'HGY2_CNKI.TTF', 'HGY3_CNKI.TTF', 'HGY4_CNKI.TTF', 'HGYB_CNKI.ttf', 'HGYT1_CNKI.ttf', 'HGYT2_CNKI.ttf', 'HGYT_CNKI.TTF', 'HGYX_CNKI.TTF', 'HGZCS_CNKI.TTF', 'HGZDX_CNKI.TTF', 'HGZK_CNKI.TTF', 'HGZYT_CNKI.TTF', 'HGZY_CNKI.TTF', 'himalaya.ttf', 'holomdl2.ttf', 'HTOWERT.TTF', 'HTOWERTI.TTF', 'hvgafix.fon', 'hvgasys.fon', 'impact.ttf', 'IMPRISHA.TTF', 'INFROMAN.TTF', 'Inkfree.ttf', 'iqiyi_logov7.ttf', 'ITCBLKAD.TTF', 'ITCEDSCR.TTF', 'ITCKRIST.TTF', 'j8514fix.fon', 'j8514oem.fon', 'j8514sys.fon', 'javatext.ttf', 'JOKERMAN.TTF', 'jsmalle.fon', 'jsmallf.fon', 'JUICE___.TTF', 'jvgafix.fon', 'jvgasys.fon', 'KUNSTLER.TTF', 'LATINWD.TTF', 'LBRITE.TTF', 'LBRITED.TTF', 'LBRITEDI.TTF', 'LBRITEI.TTF', 'LCALLIG.TTF', 'LeelaUIb.ttf', 'LeelawUI.ttf', 'LeelUIsl.ttf', 'LFAX.TTF', 'LFAXD.TTF', 'LFAXDI.TTF', 'LFAXI.TTF', 'LHANDW.TTF', 'LSANS.TTF', 'LSANSD.TTF', 'LSANSDI.TTF', 'LSANSI.TTF', 'LTYPE.TTF', 'LTYPEB.TTF', 'LTYPEBO.TTF', 'LTYPEO.TTF', 'lucon.ttf', 'l_10646.ttf', 'MAGNETOB.TTF', 'MAIAN.TTF', 'malgun.ttf', 'malgunbd.ttf', 'malgunsl.ttf', 'marlett.ttf', 'MATURASC.TTF', 'micross.ttf', 'mingliub.ttc', 'MISTRAL.TTF', 'mmrtext.ttf', 'mmrtextb.ttf', 'MOD20.TTF', 'modern.fon', 'monbaiti.ttf', 'msgothic.ttc', 'msjh.ttc', 'msjhbd.ttc', 'msjhl.ttc', 'msyh.ttc', 'msyhbd.ttc', 'msyhl.ttc', 'msyi.ttf', 'MTCORSVA.TTF', 'MTEXTRA.TTF', 'mvboli.ttf', 'NIAGENG.TTF', 'NIAGSOL.TTF', 'Nirmala.ttf', 'NirmalaB.ttf', 'NirmalaS.ttf', 'ntailu.ttf', 'ntailub.ttf', 'NumberOnly.ttf', 'OCRAEXT.TTF', 'OLDENGL.TTF', 'ONYX.TTF', 'OUTLOOK.TTF', 'pala.ttf', 'palab.ttf', 'palabi.ttf', 'palai.ttf', 'PALSCRI.TTF', 'PAPYRUS.TTF', 'PARCHM.TTF', 'PERBI___.TTF', 'PERB____.TTF', 'PERI____.TTF', 'PERTIBD.TTF', 'PERTILI.TTF', 'PER_____.TTF', 'phagspa.ttf', 'phagspab.ttf', 'PLAYBILL.TTF', 'POORICH.TTF', 'PRISTINA.TTF', 'RAGE.TTF', 'RAVIE.TTF', 'REFSAN.TTF', 'REFSPCL.TTF', 'ROCCB___.TTF', 'ROCC____.TTF', 'ROCK.TTF', 'ROCKB.TTF', 'ROCKBI.TTF', 'ROCKEB.TTF', 'ROCKI.TTF', 'roman.fon', 's8514fix.fon', 's8514oem.fon', 's8514sys.fon', 'SCHLBKB.TTF', 'SCHLBKBI.TTF', 'SCHLBKI.TTF', 'script.fon', 'SCRIPTBL.TTF', 'segmdl2.ttf', 'SegoeIcons.ttf', 'segoepr.ttf', 'segoeprb.ttf', 'segoesc.ttf', 'segoescb.ttf', 'segoeui.ttf', 'segoeuib.ttf', 'segoeuii.ttf', 'segoeuil.ttf', 'segoeuisl.ttf', 'segoeuiz.ttf', 'seguibl.ttf', 'seguibli.ttf', 'seguiemj.ttf', 'seguihis.ttf', 'seguili.ttf', 'seguisb.ttf', 'seguisbi.ttf', 'seguisli.ttf', 'seguisym.ttf', 'SegUIVar.ttf', 'sere1255.fon', 'sere1256.fon', 'sere1257.fon', 'serf1255.fon', 'serf1256.fon', 'serf1257.fon', 'serife.fon', 'serifee.fon', 'serifeg.fon', 'serifer.fon', 'serifet.fon', 'seriff.fon', 'seriffe.fon', 'seriffg.fon', 'seriffr.fon', 'serifft.fon', 'SHOWG.TTF', 'simfang.ttf', 'simhei.ttf', 'simkai.ttf', 'SIMLI.TTF', 'simsun.ttc', 'simsunb.ttf', 'SIMYOU.TTF', 'SitkaVF-Italic.ttf', 'SitkaVF.ttf', 'smae1255.fon', 'smae1256.fon', 'smae1257.fon', 'smaf1255.fon', 'smaf1256.fon', 'smaf1257.fon', 'smalle.fon', 'smallee.fon', 'smalleg.fon', 'smaller.fon', 'smallet.fon', 'smallf.fon', 'smallfe.fon', 'smallfg.fon', 'smallfr.fon', 'smallft.fon', 'SNAP____.TTF', 'ssee1255.fon', 'ssee1256.fon', 'ssee1257.fon', 'ssee874.fon', 'ssef1255.fon', 'ssef1256.fon', 'ssef1257.fon', 'ssef874.fon', 'sserife.fon', 'sserifee.fon', 'sserifeg.fon', 'sserifer.fon', 'sserifet.fon', 'sseriff.fon', 'sseriffe.fon', 'sseriffg.fon', 'sseriffr.fon', 'sserifft.fon', 'StaticCache.dat', 'STCAIYUN.TTF', 'STENCIL.TTF', 'STFANGSO.TTF', 'STHUPO.TTF', 'STKAITI.TTF', 'STLITI.TTF', 'STSONG.TTF', 'STXIHEI.TTF', 'STXINGKA.TTF', 'STXINWEI.TTF', 'STZHONGS.TTF', 'svgafix.fon', 'svgasys.fon', 'sylfaen.ttf', 'symbol.ttf', 'tahoma.ttf', 'tahomabd.ttf', 'taile.ttf', 'taileb.ttf', 'TCBI____.TTF', 'TCB_____.TTF', 'TCCB____.TTF', 'TCCEB.TTF', 'TCCM____.TTF', 'TCMI____.TTF', 'TCM_____.TTF', 'TEMPSITC.TTF', 'times.ttf', 'timesbd.ttf', 'timesbi.ttf', 'timesi.ttf', 'trebuc.ttf', 'trebucbd.ttf', 'trebucbi.ttf', 'trebucit.ttf', 'verdana.ttf', 'verdanab.ttf', 'verdanai.ttf', 'verdanaz.ttf', 'vga737.fon', 'vga775.fon', 'vga850.fon', 'vga852.fon', 'vga855.fon', 'vga857.fon', 'vga860.fon', 'vga861.fon', 'vga863.fon', 'vga865.fon', 'vga866.fon', 'vga869.fon', 'vga932.fon', 'vga936.fon', 'vga949.fon', 'vga950.fon', 'vgaf1255.fon', 'vgaf1256.fon', 'vgaf1257.fon', 'vgaf874.fon', 'vgafix.fon', 'vgafixe.fon', 'vgafixg.fon', 'vgafixr.fon', 'vgafixt.fon', 'vgaoem.fon', 'vgas1255.fon', 'vgas1256.fon', 'vgas1257.fon', 'vgas874.fon', 'vgasys.fon', 'vgasyse.fon', 'vgasysg.fon', 'vgasysr.fon', 'vgasyst.fon', 'VINERITC.TTF', 'VIVALDII.TTF', 'VLADIMIR.TTF', 'webdings.ttf', 'wingding.ttf', 'WINGDNG2.TTF', 'WINGDNG3.TTF', 'YuGothB.ttc', 'YuGothL.ttc', 'YuGothM.ttc', 'YuGothR.ttc', '\u534e\u5eb7\u65b9\u5706\u4f53W7.TTC', '\u65b9\u6b63\u7c97\u9ed1\u5b8b\u7b80\u4f53.ttf']
2023-09-27 16:01:05,549 - INFO - all fonts installed:['8514fix.fon', '8514fixe.fon', '8514fixg.fon', '8514fixr.fon', '8514fixt.fon', '8514oem.fon', '8514oeme.fon', '8514oemg.fon', '8514oemr.fon', '8514oemt.fon', '8514sys.fon', '8514syse.fon', '8514sysg.fon', '8514sysr.fon', '8514syst.fon', '85775.fon', '85855.fon', '85f1255.fon', '85f1256.fon', '85f1257.fon', '85f874.fon', '85s1255.fon', '85s1256.fon', '85s1257.fon', '85s874.fon', 'AGENCYB.TTF', 'AGENCYR.TTF', 'ALGER.TTF', 'ANTQUAB.TTF', 'ANTQUABI.TTF', 'ANTQUAI.TTF', 'app775.fon', 'app850.fon', 'app852.fon', 'app855.fon', 'app857.fon', 'app866.fon', 'app932.fon', 'app936.fon', 'app949.fon', 'app950.fon', 'arial.ttf', 'arialbd.ttf', 'arialbi.ttf', 'ariali.ttf', 'ARIALN.TTF', 'ARIALNB.TTF', 'ARIALNBI.TTF', 'ARIALNI.TTF', 'ariblk.ttf', 'ARLRDBD.TTF', 'AxureHandwriting-Bold.otf', 'AxureHandwriting-BoldItalic.otf', 'AxureHandwriting-Italic.otf', 'AxureHandwriting.otf', 'bahnschrift.ttf', 'BASKVILL.TTF', 'BAUHS93.TTF', 'BELL.TTF', 'BELLB.TTF', 'BELLI.TTF', 'BERNHC.TTF', 'BKANT.TTF', 'BOD_B.TTF', 'BOD_BI.TTF', 'BOD_BLAI.TTF', 'BOD_BLAR.TTF', 'BOD_CB.TTF', 'BOD_CBI.TTF', 'BOD_CI.TTF', 'BOD_CR.TTF', 'BOD_I.TTF', 'BOD_PSTC.TTF', 'BOD_R.TTF', 'BOOKOS.TTF', 'BOOKOSB.TTF', 'BOOKOSBI.TTF', 'BOOKOSI.TTF', 'BRADHITC.TTF', 'BRITANIC.TTF', 'BRLNSB.TTF', 'BRLNSDB.TTF', 'BRLNSR.TTF', 'BROADW.TTF', 'BRUSHSCI.TTF', 'BSSYM7.TTF', 'c8514fix.fon', 'c8514oem.fon', 'c8514sys.fon', 'calibri.ttf', 'calibrib.ttf', 'calibrii.ttf', 'calibril.ttf', 'calibrili.ttf', 'calibriz.ttf', 'CALIFB.TTF', 'CALIFI.TTF', 'CALIFR.TTF', 'CALIST.TTF', 'CALISTB.TTF', 'CALISTBI.TTF', 'CALISTI.TTF', 'cambria.ttc', 'cambriab.ttf', 'cambriai.ttf', 'cambriaz.ttf', 'Candara.ttf', 'Candarab.ttf', 'Candarai.ttf', 'Candaral.ttf', 'Candarali.ttf', 'Candaraz.ttf', 'CascadiaCode.ttf', 'CascadiaMono.ttf', 'CASTELAR.TTF', 'CENSCBK.TTF', 'CENTAUR.TTF', 'CENTURY.TTF', 'cga40737.fon', 'cga40850.fon', 'cga40852.fon', 'cga40857.fon', 'cga40866.fon', 'cga40869.fon', 'cga40woa.fon', 'cga80737.fon', 'cga80850.fon', 'cga80852.fon', 'cga80857.fon', 'cga80866.fon', 'cga80869.fon', 'cga80woa.fon', 'CHILLER.TTF', 'COLONNA.TTF', 'comic.ttf', 'comicbd.ttf', 'comici.ttf', 'comicz.ttf', 'consola.ttf', 'consolab.ttf', 'consolai.ttf', 'consolaz.ttf', 'constan.ttf', 'constanb.ttf', 'constani.ttf', 'constanz.ttf', 'COOPBL.TTF', 'COPRGTB.TTF', 'COPRGTL.TTF', 'corbel.ttf', 'corbelb.ttf', 'corbeli.ttf', 'corbell.ttf', 'corbelli.ttf', 'corbelz.ttf', 'coue1255.fon', 'coue1256.fon', 'coue1257.fon', 'couf1255.fon', 'couf1256.fon', 'couf1257.fon', 'cour.ttf', 'courbd.ttf', 'courbi.ttf', 'coure.fon', 'couree.fon', 'coureg.fon', 'courer.fon', 'couret.fon', 'courf.fon', 'courfe.fon', 'courfg.fon', 'courfr.fon', 'courft.fon', 'couri.ttf', 'CURLZ___.TTF', 'cvgafix.fon', 'cvgasys.fon', 'Deng.ttf', 'Dengb.ttf', 'Dengl.ttf', 'desktop.ini', 'dos737.fon', 'dos869.fon', 'dosapp.fon', 'DUBAI-BOLD.TTF', 'DUBAI-LIGHT.TTF', 'DUBAI-MEDIUM.TTF', 'DUBAI-REGULAR.TTF', 'ebrima.ttf', 'ebrimabd.ttf', 'ega40737.fon', 'ega40850.fon', 'ega40852.fon', 'ega40857.fon', 'ega40866.fon', 'ega40869.fon', 'ega40woa.fon', 'ega80737.fon', 'ega80850.fon', 'ega80852.fon', 'ega80857.fon', 'ega80866.fon', 'ega80869.fon', 'ega80woa.fon', 'ELEPHNT.TTF', 'ELEPHNTI.TTF', 'ENGR.TTF', 'ERASBD.TTF', 'ERASDEMI.TTF', 'ERASLGHT.TTF', 'ERASMD.TTF', 'FELIXTI.TTF', 'fms_metadata.xml', 'FORTE.TTF', 'FRABK.TTF', 'FRABKIT.TTF', 'FRADM.TTF', 'FRADMCN.TTF', 'FRADMIT.TTF', 'FRAHV.TTF', 'FRAHVIT.TTF', 'framd.ttf', 'FRAMDCN.TTF', 'framdit.ttf', 'FREESCPT.TTF', 'FRSCRIPT.TTF', 'FTLTLT.TTF', 'FZSTK.TTF', 'FZYTK.TTF', 'Gabriola.ttf', 'gadugi.ttf', 'gadugib.ttf', 'GARA.TTF', 'GARABD.TTF', 'GARAIT.TTF', 'georgia.ttf', 'georgiab.ttf', 'georgiai.ttf', 'georgiaz.ttf', 'GIGI.TTF', 'GILBI___.TTF', 'GILB____.TTF', 'GILC____.TTF', 'GILI____.TTF', 'GILLUBCD.TTF', 'GILSANUB.TTF', 'GIL_____.TTF', 'GLECB.TTF', 'GlobalMonospace.CompositeFont', 'GlobalSansSerif.CompositeFont', 'GlobalSerif.CompositeFont', 'GlobalUserInterface.CompositeFont', 'GLSNECB.TTF', 'GOTHIC.TTF', 'GOTHICB.TTF', 'GOTHICBI.TTF', 'GOTHICI.TTF', 'GOUDOS.TTF', 'GOUDOSB.TTF', 'GOUDOSI.TTF', 'GOUDYSTO.TTF', 'h8514fix.fon', 'h8514oem.fon', 'h8514sys.fon', 'HARLOWSI.TTF', 'HARNGTON.TTF', 'HATTEN.TTF', 'HGB1X_CNKI.ttf', 'HGB1_CNKI.ttf', 'HGB2X_CNKI.ttf', 'HGB2_CNKI.ttf', 'HGB3X_CNKI.ttf', 'HGB3_CNKI.ttf', 'HGB4X_CNKI.ttf', 'HGB4_CNKI.ttf', 'HGB5X_CNKI.ttf', 'HGB5_CNKI.ttf', 'HGB6X_CNKI.ttf', 'HGB6_CNKI.ttf', 'HGB7X_CNKI.ttf', 'HGB7_CNKI.ttf', 'HGB8X_CNKI.ttf', 'HGB8_CNKI.ttf', 'HGBD_CNKI.ttf', 'HGBKBX_CNKI.ttf', 'HGBKB_CNKI.ttf', 'HGBKHX_CNKI.ttf', 'HGBKH_CNKI.ttf', 'HGBS1_CNKI.TTF', 'HGBS2_CNKI.TTF', 'HGBS_CNKI.TTF', 'HGBTH_CNKI.TTF', 'HGBTS_CNKI.TTF', 'HGBX_CNKI.ttf', 'HGBZ_CNKI.ttf', 'HGCH_CNKI.TTF', 'HGCUH_CNKI.TTF', 'HGCY_CNKI.TTF', 'HGDBS_CNKI.TTF', 'HGDGY_CNKI.TTF', 'HGDH2_CNKI.TTF', 'HGDH_CNKI.TTF', 'HGDYS_CNKI.TTF', 'HGDY_CNKI.ttf', 'HGF1X_CNKI.ttf', 'HGF1_CNKI.ttf', 'HGF2X_CNKI.ttf', 'HGF2_CNKI.ttf', 'HGF3_CNKI.ttf', 'HGF4X_CNKI.ttf', 'HGF4_CNKI.ttf', 'HGF5X_CNKI.ttf', 'HGF5_CNKI.ttf', 'HGF6X_CNKI.ttf', 'HGF6_CNKI.ttf', 'HGF7X_CNKI.ttf', 'HGF7_CNKI.ttf', 'HGF8_CNKI.ttf', 'HGF9X_CNKI.ttf', 'HGF9_CNKI.ttf', 'HGFS1_CNKI.TTF', 'HGFS2_CNKI.TTF', 'HGFSH_CNKI.TTF', 'HGFS_CNKI.TTF', 'HGFX_CNKI.ttf', 'HGFZ_CNKI.ttf', 'HGGG_CNKI.TTF', 'HGH1X_CNKI.ttf', 'HGH1_CNKI.ttf', 'HGH2X_CNKI.ttf', 'HGH2_CNKI.ttf', 'HGH3X_CNKI.ttf', 'HGH3_CNKI.ttf', 'HGH4X_CNKI.ttf', 'HGH4_CNKI.ttf', 'HGH5X_CNKI.ttf', 'HGH5_CNKI.ttf', 'HGH6X_CNKI.ttf', 'HGH6_CNKI.ttf', 'HGH7X_CNKI.ttf', 'HGH7_CNKI.ttf', 'HGHB_CNKI.TTF', 'HGHD_CNKI.ttf', 'HGHP_CNKI.TTF', 'HGHT1_CNKI.ttf', 'HGHT2_CNKI.ttf', 'HGHUATI_CNKI.ttf', 'HGHX_CNKI.ttf', 'HGHZ_CNKI.ttf', 'HGH_CNKI.TTF', 'HGKT1_CNKI.TTF', 'HGKT2_CNKI.TTF', 'HGKT_CNKI.TTF', 'HGKY_CNKI.ttf', 'HGLB_CNKI.TTF', 'HGLS_CNKI.TTF', 'HGMH_CNKI.TTF', 'HGNBS_CNKI.ttf', 'HGOCR_CNKI.ttf', 'HGPH_CNKI.TTF', 'HGPTY_CNKI.TTF', 'HGSS1_CNKI.TTF', 'HGSS2_CNKI.TTF', 'HGSS_CNKI.TTF', 'HGSXT_CNKI.ttf', 'HGTT_CNKI.ttf', 'HGTX_CNKI.TTF', 'HGWT_CNKI.TTF', 'HGWYS_CNKI.TTF', 'HGX1X_CNKI.ttf', 'HGX1_CNKI.ttf', 'HGXBS_CNKI.TTF', 'HGXC_CNKI.TTF', 'HGXF1_CNKI.ttf', 'HGXFX_CNKI.ttf', 'HGXFZ_CNKI.ttf', 'HGXH1_CNKI.TTF', 'HGXH_CNKI.TTF', 'HGXK_CNKI.TTF', 'HGXL_CNKI.TTF', 'HGXS_CNKI.TTF', 'HGXT_CNKI.ttf', 'HGXY_CNKI.ttf', 'HGY1_CNKI.TTF', 'HGY2_CNKI.TTF', 'HGY3_CNKI.TTF', 'HGY4_CNKI.TTF', 'HGYB_CNKI.ttf', 'HGYT1_CNKI.ttf', 'HGYT2_CNKI.ttf', 'HGYT_CNKI.TTF', 'HGYX_CNKI.TTF', 'HGZCS_CNKI.TTF', 'HGZDX_CNKI.TTF', 'HGZK_CNKI.TTF', 'HGZYT_CNKI.TTF', 'HGZY_CNKI.TTF', 'himalaya.ttf', 'holomdl2.ttf', 'HTOWERT.TTF', 'HTOWERTI.TTF', 'hvgafix.fon', 'hvgasys.fon', 'impact.ttf', 'IMPRISHA.TTF', 'INFROMAN.TTF', 'Inkfree.ttf', 'iqiyi_logov7.ttf', 'ITCBLKAD.TTF', 'ITCEDSCR.TTF', 'ITCKRIST.TTF', 'j8514fix.fon', 'j8514oem.fon', 'j8514sys.fon', 'javatext.ttf', 'JOKERMAN.TTF', 'jsmalle.fon', 'jsmallf.fon', 'JUICE___.TTF', 'jvgafix.fon', 'jvgasys.fon', 'KUNSTLER.TTF', 'LATINWD.TTF', 'LBRITE.TTF', 'LBRITED.TTF', 'LBRITEDI.TTF', 'LBRITEI.TTF', 'LCALLIG.TTF', 'LeelaUIb.ttf', 'LeelawUI.ttf', 'LeelUIsl.ttf', 'LFAX.TTF', 'LFAXD.TTF', 'LFAXDI.TTF', 'LFAXI.TTF', 'LHANDW.TTF', 'LSANS.TTF', 'LSANSD.TTF', 'LSANSDI.TTF', 'LSANSI.TTF', 'LTYPE.TTF', 'LTYPEB.TTF', 'LTYPEBO.TTF', 'LTYPEO.TTF', 'lucon.ttf', 'l_10646.ttf', 'MAGNETOB.TTF', 'MAIAN.TTF', 'malgun.ttf', 'malgunbd.ttf', 'malgunsl.ttf', 'marlett.ttf', 'MATURASC.TTF', 'micross.ttf', 'mingliub.ttc', 'MISTRAL.TTF', 'mmrtext.ttf', 'mmrtextb.ttf', 'MOD20.TTF', 'modern.fon', 'monbaiti.ttf', 'msgothic.ttc', 'msjh.ttc', 'msjhbd.ttc', 'msjhl.ttc', 'msyh.ttc', 'msyhbd.ttc', 'msyhl.ttc', 'msyi.ttf', 'MTCORSVA.TTF', 'MTEXTRA.TTF', 'mvboli.ttf', 'NIAGENG.TTF', 'NIAGSOL.TTF', 'Nirmala.ttf', 'NirmalaB.ttf', 'NirmalaS.ttf', 'ntailu.ttf', 'ntailub.ttf', 'NumberOnly.ttf', 'OCRAEXT.TTF', 'OLDENGL.TTF', 'ONYX.TTF', 'OUTLOOK.TTF', 'pala.ttf', 'palab.ttf', 'palabi.ttf', 'palai.ttf', 'PALSCRI.TTF', 'PAPYRUS.TTF', 'PARCHM.TTF', 'PERBI___.TTF', 'PERB____.TTF', 'PERI____.TTF', 'PERTIBD.TTF', 'PERTILI.TTF', 'PER_____.TTF', 'phagspa.ttf', 'phagspab.ttf', 'PLAYBILL.TTF', 'POORICH.TTF', 'PRISTINA.TTF', 'RAGE.TTF', 'RAVIE.TTF', 'REFSAN.TTF', 'REFSPCL.TTF', 'ROCCB___.TTF', 'ROCC____.TTF', 'ROCK.TTF', 'ROCKB.TTF', 'ROCKBI.TTF', 'ROCKEB.TTF', 'ROCKI.TTF', 'roman.fon', 's8514fix.fon', 's8514oem.fon', 's8514sys.fon', 'SCHLBKB.TTF', 'SCHLBKBI.TTF', 'SCHLBKI.TTF', 'script.fon', 'SCRIPTBL.TTF', 'segmdl2.ttf', 'SegoeIcons.ttf', 'segoepr.ttf', 'segoeprb.ttf', 'segoesc.ttf', 'segoescb.ttf', 'segoeui.ttf', 'segoeuib.ttf', 'segoeuii.ttf', 'segoeuil.ttf', 'segoeuisl.ttf', 'segoeuiz.ttf', 'seguibl.ttf', 'seguibli.ttf', 'seguiemj.ttf', 'seguihis.ttf', 'seguili.ttf', 'seguisb.ttf', 'seguisbi.ttf', 'seguisli.ttf', 'seguisym.ttf', 'SegUIVar.ttf', 'sere1255.fon', 'sere1256.fon', 'sere1257.fon', 'serf1255.fon', 'serf1256.fon', 'serf1257.fon', 'serife.fon', 'serifee.fon', 'serifeg.fon', 'serifer.fon', 'serifet.fon', 'seriff.fon', 'seriffe.fon', 'seriffg.fon', 'seriffr.fon', 'serifft.fon', 'SHOWG.TTF', 'simfang.ttf', 'simhei.ttf', 'simkai.ttf', 'SIMLI.TTF', 'simsun.ttc', 'simsunb.ttf', 'SIMYOU.TTF', 'SitkaVF-Italic.ttf', 'SitkaVF.ttf', 'smae1255.fon', 'smae1256.fon', 'smae1257.fon', 'smaf1255.fon', 'smaf1256.fon', 'smaf1257.fon', 'smalle.fon', 'smallee.fon', 'smalleg.fon', 'smaller.fon', 'smallet.fon', 'smallf.fon', 'smallfe.fon', 'smallfg.fon', 'smallfr.fon', 'smallft.fon', 'SNAP____.TTF', 'ssee1255.fon', 'ssee1256.fon', 'ssee1257.fon', 'ssee874.fon', 'ssef1255.fon', 'ssef1256.fon', 'ssef1257.fon', 'ssef874.fon', 'sserife.fon', 'sserifee.fon', 'sserifeg.fon', 'sserifer.fon', 'sserifet.fon', 'sseriff.fon', 'sseriffe.fon', 'sseriffg.fon', 'sseriffr.fon', 'sserifft.fon', 'StaticCache.dat', 'STCAIYUN.TTF', 'STENCIL.TTF', 'STFANGSO.TTF', 'STHUPO.TTF', 'STKAITI.TTF', 'STLITI.TTF', 'STSONG.TTF', 'STXIHEI.TTF', 'STXINGKA.TTF', 'STXINWEI.TTF', 'STZHONGS.TTF', 'svgafix.fon', 'svgasys.fon', 'sylfaen.ttf', 'symbol.ttf', 'tahoma.ttf', 'tahomabd.ttf', 'taile.ttf', 'taileb.ttf', 'TCBI____.TTF', 'TCB_____.TTF', 'TCCB____.TTF', 'TCCEB.TTF', 'TCCM____.TTF', 'TCMI____.TTF', 'TCM_____.TTF', 'TEMPSITC.TTF', 'times.ttf', 'timesbd.ttf', 'timesbi.ttf', 'timesi.ttf', 'trebuc.ttf', 'trebucbd.ttf', 'trebucbi.ttf', 'trebucit.ttf', 'verdana.ttf', 'verdanab.ttf', 'verdanai.ttf', 'verdanaz.ttf', 'vga737.fon', 'vga775.fon', 'vga850.fon', 'vga852.fon', 'vga855.fon', 'vga857.fon', 'vga860.fon', 'vga861.fon', 'vga863.fon', 'vga865.fon', 'vga866.fon', 'vga869.fon', 'vga932.fon', 'vga936.fon', 'vga949.fon', 'vga950.fon', 'vgaf1255.fon', 'vgaf1256.fon', 'vgaf1257.fon', 'vgaf874.fon', 'vgafix.fon', 'vgafixe.fon', 'vgafixg.fon', 'vgafixr.fon', 'vgafixt.fon', 'vgaoem.fon', 'vgas1255.fon', 'vgas1256.fon', 'vgas1257.fon', 'vgas874.fon', 'vgasys.fon', 'vgasyse.fon', 'vgasysg.fon', 'vgasysr.fon', 'vgasyst.fon', 'VINERITC.TTF', 'VIVALDII.TTF', 'VLADIMIR.TTF', 'webdings.ttf', 'wingding.ttf', 'WINGDNG2.TTF', 'WINGDNG3.TTF', 'YuGothB.ttc', 'YuGothL.ttc', 'YuGothM.ttc', 'YuGothR.ttc', '\u534e\u5eb7\u65b9\u5706\u4f53W7.TTC', '\u65b9\u6b63\u7c97\u9ed1\u5b8b\u7b80\u4f53.ttf']
2023-09-27 16:01:05,558 - INFO - all fonts installed:['8514fix.fon', '8514fixe.fon', '8514fixg.fon', '8514fixr.fon', '8514fixt.fon', '8514oem.fon', '8514oeme.fon', '8514oemg.fon', '8514oemr.fon', '8514oemt.fon', '8514sys.fon', '8514syse.fon', '8514sysg.fon', '8514sysr.fon', '8514syst.fon', '85775.fon', '85855.fon', '85f1255.fon', '85f1256.fon', '85f1257.fon', '85f874.fon', '85s1255.fon', '85s1256.fon', '85s1257.fon', '85s874.fon', 'AGENCYB.TTF', 'AGENCYR.TTF', 'ALGER.TTF', 'ANTQUAB.TTF', 'ANTQUABI.TTF', 'ANTQUAI.TTF', 'app775.fon', 'app850.fon', 'app852.fon', 'app855.fon', 'app857.fon', 'app866.fon', 'app932.fon', 'app936.fon', 'app949.fon', 'app950.fon', 'arial.ttf', 'arialbd.ttf', 'arialbi.ttf', 'ariali.ttf', 'ARIALN.TTF', 'ARIALNB.TTF', 'ARIALNBI.TTF', 'ARIALNI.TTF', 'ariblk.ttf', 'ARLRDBD.TTF', 'AxureHandwriting-Bold.otf', 'AxureHandwriting-BoldItalic.otf', 'AxureHandwriting-Italic.otf', 'AxureHandwriting.otf', 'bahnschrift.ttf', 'BASKVILL.TTF', 'BAUHS93.TTF', 'BELL.TTF', 'BELLB.TTF', 'BELLI.TTF', 'BERNHC.TTF', 'BKANT.TTF', 'BOD_B.TTF', 'BOD_BI.TTF', 'BOD_BLAI.TTF', 'BOD_BLAR.TTF', 'BOD_CB.TTF', 'BOD_CBI.TTF', 'BOD_CI.TTF', 'BOD_CR.TTF', 'BOD_I.TTF', 'BOD_PSTC.TTF', 'BOD_R.TTF', 'BOOKOS.TTF', 'BOOKOSB.TTF', 'BOOKOSBI.TTF', 'BOOKOSI.TTF', 'BRADHITC.TTF', 'BRITANIC.TTF', 'BRLNSB.TTF', 'BRLNSDB.TTF', 'BRLNSR.TTF', 'BROADW.TTF', 'BRUSHSCI.TTF', 'BSSYM7.TTF', 'c8514fix.fon', 'c8514oem.fon', 'c8514sys.fon', 'calibri.ttf', 'calibrib.ttf', 'calibrii.ttf', 'calibril.ttf', 'calibrili.ttf', 'calibriz.ttf', 'CALIFB.TTF', 'CALIFI.TTF', 'CALIFR.TTF', 'CALIST.TTF', 'CALISTB.TTF', 'CALISTBI.TTF', 'CALISTI.TTF', 'cambria.ttc', 'cambriab.ttf', 'cambriai.ttf', 'cambriaz.ttf', 'Candara.ttf', 'Candarab.ttf', 'Candarai.ttf', 'Candaral.ttf', 'Candarali.ttf', 'Candaraz.ttf', 'CascadiaCode.ttf', 'CascadiaMono.ttf', 'CASTELAR.TTF', 'CENSCBK.TTF', 'CENTAUR.TTF', 'CENTURY.TTF', 'cga40737.fon', 'cga40850.fon', 'cga40852.fon', 'cga40857.fon', 'cga40866.fon', 'cga40869.fon', 'cga40woa.fon', 'cga80737.fon', 'cga80850.fon', 'cga80852.fon', 'cga80857.fon', 'cga80866.fon', 'cga80869.fon', 'cga80woa.fon', 'CHILLER.TTF', 'COLONNA.TTF', 'comic.ttf', 'comicbd.ttf', 'comici.ttf', 'comicz.ttf', 'consola.ttf', 'consolab.ttf', 'consolai.ttf', 'consolaz.ttf', 'constan.ttf', 'constanb.ttf', 'constani.ttf', 'constanz.ttf', 'COOPBL.TTF', 'COPRGTB.TTF', 'COPRGTL.TTF', 'corbel.ttf', 'corbelb.ttf', 'corbeli.ttf', 'corbell.ttf', 'corbelli.ttf', 'corbelz.ttf', 'coue1255.fon', 'coue1256.fon', 'coue1257.fon', 'couf1255.fon', 'couf1256.fon', 'couf1257.fon', 'cour.ttf', 'courbd.ttf', 'courbi.ttf', 'coure.fon', 'couree.fon', 'coureg.fon', 'courer.fon', 'couret.fon', 'courf.fon', 'courfe.fon', 'courfg.fon', 'courfr.fon', 'courft.fon', 'couri.ttf', 'CURLZ___.TTF', 'cvgafix.fon', 'cvgasys.fon', 'Deng.ttf', 'Dengb.ttf', 'Dengl.ttf', 'desktop.ini', 'dos737.fon', 'dos869.fon', 'dosapp.fon', 'DUBAI-BOLD.TTF', 'DUBAI-LIGHT.TTF', 'DUBAI-MEDIUM.TTF', 'DUBAI-REGULAR.TTF', 'ebrima.ttf', 'ebrimabd.ttf', 'ega40737.fon', 'ega40850.fon', 'ega40852.fon', 'ega40857.fon', 'ega40866.fon', 'ega40869.fon', 'ega40woa.fon', 'ega80737.fon', 'ega80850.fon', 'ega80852.fon', 'ega80857.fon', 'ega80866.fon', 'ega80869.fon', 'ega80woa.fon', 'ELEPHNT.TTF', 'ELEPHNTI.TTF', 'ENGR.TTF', 'ERASBD.TTF', 'ERASDEMI.TTF', 'ERASLGHT.TTF', 'ERASMD.TTF', 'FELIXTI.TTF', 'fms_metadata.xml', 'FORTE.TTF', 'FRABK.TTF', 'FRABKIT.TTF', 'FRADM.TTF', 'FRADMCN.TTF', 'FRADMIT.TTF', 'FRAHV.TTF', 'FRAHVIT.TTF', 'framd.ttf', 'FRAMDCN.TTF', 'framdit.ttf', 'FREESCPT.TTF', 'FRSCRIPT.TTF', 'FTLTLT.TTF', 'FZSTK.TTF', 'FZYTK.TTF', 'Gabriola.ttf', 'gadugi.ttf', 'gadugib.ttf', 'GARA.TTF', 'GARABD.TTF', 'GARAIT.TTF', 'georgia.ttf', 'georgiab.ttf', 'georgiai.ttf', 'georgiaz.ttf', 'GIGI.TTF', 'GILBI___.TTF', 'GILB____.TTF', 'GILC____.TTF', 'GILI____.TTF', 'GILLUBCD.TTF', 'GILSANUB.TTF', 'GIL_____.TTF', 'GLECB.TTF', 'GlobalMonospace.CompositeFont', 'GlobalSansSerif.CompositeFont', 'GlobalSerif.CompositeFont', 'GlobalUserInterface.CompositeFont', 'GLSNECB.TTF', 'GOTHIC.TTF', 'GOTHICB.TTF', 'GOTHICBI.TTF', 'GOTHICI.TTF', 'GOUDOS.TTF', 'GOUDOSB.TTF', 'GOUDOSI.TTF', 'GOUDYSTO.TTF', 'h8514fix.fon', 'h8514oem.fon', 'h8514sys.fon', 'HARLOWSI.TTF', 'HARNGTON.TTF', 'HATTEN.TTF', 'HGB1X_CNKI.ttf', 'HGB1_CNKI.ttf', 'HGB2X_CNKI.ttf', 'HGB2_CNKI.ttf', 'HGB3X_CNKI.ttf', 'HGB3_CNKI.ttf', 'HGB4X_CNKI.ttf', 'HGB4_CNKI.ttf', 'HGB5X_CNKI.ttf', 'HGB5_CNKI.ttf', 'HGB6X_CNKI.ttf', 'HGB6_CNKI.ttf', 'HGB7X_CNKI.ttf', 'HGB7_CNKI.ttf', 'HGB8X_CNKI.ttf', 'HGB8_CNKI.ttf', 'HGBD_CNKI.ttf', 'HGBKBX_CNKI.ttf', 'HGBKB_CNKI.ttf', 'HGBKHX_CNKI.ttf', 'HGBKH_CNKI.ttf', 'HGBS1_CNKI.TTF', 'HGBS2_CNKI.TTF', 'HGBS_CNKI.TTF', 'HGBTH_CNKI.TTF', 'HGBTS_CNKI.TTF', 'HGBX_CNKI.ttf', 'HGBZ_CNKI.ttf', 'HGCH_CNKI.TTF', 'HGCUH_CNKI.TTF', 'HGCY_CNKI.TTF', 'HGDBS_CNKI.TTF', 'HGDGY_CNKI.TTF', 'HGDH2_CNKI.TTF', 'HGDH_CNKI.TTF', 'HGDYS_CNKI.TTF', 'HGDY_CNKI.ttf', 'HGF1X_CNKI.ttf', 'HGF1_CNKI.ttf', 'HGF2X_CNKI.ttf', 'HGF2_CNKI.ttf', 'HGF3_CNKI.ttf', 'HGF4X_CNKI.ttf', 'HGF4_CNKI.ttf', 'HGF5X_CNKI.ttf', 'HGF5_CNKI.ttf', 'HGF6X_CNKI.ttf', 'HGF6_CNKI.ttf', 'HGF7X_CNKI.ttf', 'HGF7_CNKI.ttf', 'HGF8_CNKI.ttf', 'HGF9X_CNKI.ttf', 'HGF9_CNKI.ttf', 'HGFS1_CNKI.TTF', 'HGFS2_CNKI.TTF', 'HGFSH_CNKI.TTF', 'HGFS_CNKI.TTF', 'HGFX_CNKI.ttf', 'HGFZ_CNKI.ttf', 'HGGG_CNKI.TTF', 'HGH1X_CNKI.ttf', 'HGH1_CNKI.ttf', 'HGH2X_CNKI.ttf', 'HGH2_CNKI.ttf', 'HGH3X_CNKI.ttf', 'HGH3_CNKI.ttf', 'HGH4X_CNKI.ttf', 'HGH4_CNKI.ttf', 'HGH5X_CNKI.ttf', 'HGH5_CNKI.ttf', 'HGH6X_CNKI.ttf', 'HGH6_CNKI.ttf', 'HGH7X_CNKI.ttf', 'HGH7_CNKI.ttf', 'HGHB_CNKI.TTF', 'HGHD_CNKI.ttf', 'HGHP_CNKI.TTF', 'HGHT1_CNKI.ttf', 'HGHT2_CNKI.ttf', 'HGHUATI_CNKI.ttf', 'HGHX_CNKI.ttf', 'HGHZ_CNKI.ttf', 'HGH_CNKI.TTF', 'HGKT1_CNKI.TTF', 'HGKT2_CNKI.TTF', 'HGKT_CNKI.TTF', 'HGKY_CNKI.ttf', 'HGLB_CNKI.TTF', 'HGLS_CNKI.TTF', 'HGMH_CNKI.TTF', 'HGNBS_CNKI.ttf', 'HGOCR_CNKI.ttf', 'HGPH_CNKI.TTF', 'HGPTY_CNKI.TTF', 'HGSS1_CNKI.TTF', 'HGSS2_CNKI.TTF', 'HGSS_CNKI.TTF', 'HGSXT_CNKI.ttf', 'HGTT_CNKI.ttf', 'HGTX_CNKI.TTF', 'HGWT_CNKI.TTF', 'HGWYS_CNKI.TTF', 'HGX1X_CNKI.ttf', 'HGX1_CNKI.ttf', 'HGXBS_CNKI.TTF', 'HGXC_CNKI.TTF', 'HGXF1_CNKI.ttf', 'HGXFX_CNKI.ttf', 'HGXFZ_CNKI.ttf', 'HGXH1_CNKI.TTF', 'HGXH_CNKI.TTF', 'HGXK_CNKI.TTF', 'HGXL_CNKI.TTF', 'HGXS_CNKI.TTF', 'HGXT_CNKI.ttf', 'HGXY_CNKI.ttf', 'HGY1_CNKI.TTF', 'HGY2_CNKI.TTF', 'HGY3_CNKI.TTF', 'HGY4_CNKI.TTF', 'HGYB_CNKI.ttf', 'HGYT1_CNKI.ttf', 'HGYT2_CNKI.ttf', 'HGYT_CNKI.TTF', 'HGYX_CNKI.TTF', 'HGZCS_CNKI.TTF', 'HGZDX_CNKI.TTF', 'HGZK_CNKI.TTF', 'HGZYT_CNKI.TTF', 'HGZY_CNKI.TTF', 'himalaya.ttf', 'holomdl2.ttf', 'HTOWERT.TTF', 'HTOWERTI.TTF', 'hvgafix.fon', 'hvgasys.fon', 'impact.ttf', 'IMPRISHA.TTF', 'INFROMAN.TTF', 'Inkfree.ttf', 'iqiyi_logov7.ttf', 'ITCBLKAD.TTF', 'ITCEDSCR.TTF', 'ITCKRIST.TTF', 'j8514fix.fon', 'j8514oem.fon', 'j8514sys.fon', 'javatext.ttf', 'JOKERMAN.TTF', 'jsmalle.fon', 'jsmallf.fon', 'JUICE___.TTF', 'jvgafix.fon', 'jvgasys.fon', 'KUNSTLER.TTF', 'LATINWD.TTF', 'LBRITE.TTF', 'LBRITED.TTF', 'LBRITEDI.TTF', 'LBRITEI.TTF', 'LCALLIG.TTF', 'LeelaUIb.ttf', 'LeelawUI.ttf', 'LeelUIsl.ttf', 'LFAX.TTF', 'LFAXD.TTF', 'LFAXDI.TTF', 'LFAXI.TTF', 'LHANDW.TTF', 'LSANS.TTF', 'LSANSD.TTF', 'LSANSDI.TTF', 'LSANSI.TTF', 'LTYPE.TTF', 'LTYPEB.TTF', 'LTYPEBO.TTF', 'LTYPEO.TTF', 'lucon.ttf', 'l_10646.ttf', 'MAGNETOB.TTF', 'MAIAN.TTF', 'malgun.ttf', 'malgunbd.ttf', 'malgunsl.ttf', 'marlett.ttf', 'MATURASC.TTF', 'micross.ttf', 'mingliub.ttc', 'MISTRAL.TTF', 'mmrtext.ttf', 'mmrtextb.ttf', 'MOD20.TTF', 'modern.fon', 'monbaiti.ttf', 'msgothic.ttc', 'msjh.ttc', 'msjhbd.ttc', 'msjhl.ttc', 'msyh.ttc', 'msyhbd.ttc', 'msyhl.ttc', 'msyi.ttf', 'MTCORSVA.TTF', 'MTEXTRA.TTF', 'mvboli.ttf', 'NIAGENG.TTF', 'NIAGSOL.TTF', 'Nirmala.ttf', 'NirmalaB.ttf', 'NirmalaS.ttf', 'ntailu.ttf', 'ntailub.ttf', 'NumberOnly.ttf', 'OCRAEXT.TTF', 'OLDENGL.TTF', 'ONYX.TTF', 'OUTLOOK.TTF', 'pala.ttf', 'palab.ttf', 'palabi.ttf', 'palai.ttf', 'PALSCRI.TTF', 'PAPYRUS.TTF', 'PARCHM.TTF', 'PERBI___.TTF', 'PERB____.TTF', 'PERI____.TTF', 'PERTIBD.TTF', 'PERTILI.TTF', 'PER_____.TTF', 'phagspa.ttf', 'phagspab.ttf', 'PLAYBILL.TTF', 'POORICH.TTF', 'PRISTINA.TTF', 'RAGE.TTF', 'RAVIE.TTF', 'REFSAN.TTF', 'REFSPCL.TTF', 'ROCCB___.TTF', 'ROCC____.TTF', 'ROCK.TTF', 'ROCKB.TTF', 'ROCKBI.TTF', 'ROCKEB.TTF', 'ROCKI.TTF', 'roman.fon', 's8514fix.fon', 's8514oem.fon', 's8514sys.fon', 'SCHLBKB.TTF', 'SCHLBKBI.TTF', 'SCHLBKI.TTF', 'script.fon', 'SCRIPTBL.TTF', 'segmdl2.ttf', 'SegoeIcons.ttf', 'segoepr.ttf', 'segoeprb.ttf', 'segoesc.ttf', 'segoescb.ttf', 'segoeui.ttf', 'segoeuib.ttf', 'segoeuii.ttf', 'segoeuil.ttf', 'segoeuisl.ttf', 'segoeuiz.ttf', 'seguibl.ttf', 'seguibli.ttf', 'seguiemj.ttf', 'seguihis.ttf', 'seguili.ttf', 'seguisb.ttf', 'seguisbi.ttf', 'seguisli.ttf', 'seguisym.ttf', 'SegUIVar.ttf', 'sere1255.fon', 'sere1256.fon', 'sere1257.fon', 'serf1255.fon', 'serf1256.fon', 'serf1257.fon', 'serife.fon', 'serifee.fon', 'serifeg.fon', 'serifer.fon', 'serifet.fon', 'seriff.fon', 'seriffe.fon', 'seriffg.fon', 'seriffr.fon', 'serifft.fon', 'SHOWG.TTF', 'simfang.ttf', 'simhei.ttf', 'simkai.ttf', 'SIMLI.TTF', 'simsun.ttc', 'simsunb.ttf', 'SIMYOU.TTF', 'SitkaVF-Italic.ttf', 'SitkaVF.ttf', 'smae1255.fon', 'smae1256.fon', 'smae1257.fon', 'smaf1255.fon', 'smaf1256.fon', 'smaf1257.fon', 'smalle.fon', 'smallee.fon', 'smalleg.fon', 'smaller.fon', 'smallet.fon', 'smallf.fon', 'smallfe.fon', 'smallfg.fon', 'smallfr.fon', 'smallft.fon', 'SNAP____.TTF', 'ssee1255.fon', 'ssee1256.fon', 'ssee1257.fon', 'ssee874.fon', 'ssef1255.fon', 'ssef1256.fon', 'ssef1257.fon', 'ssef874.fon', 'sserife.fon', 'sserifee.fon', 'sserifeg.fon', 'sserifer.fon', 'sserifet.fon', 'sseriff.fon', 'sseriffe.fon', 'sseriffg.fon', 'sseriffr.fon', 'sserifft.fon', 'StaticCache.dat', 'STCAIYUN.TTF', 'STENCIL.TTF', 'STFANGSO.TTF', 'STHUPO.TTF', 'STKAITI.TTF', 'STLITI.TTF', 'STSONG.TTF', 'STXIHEI.TTF', 'STXINGKA.TTF', 'STXINWEI.TTF', 'STZHONGS.TTF', 'svgafix.fon', 'svgasys.fon', 'sylfaen.ttf', 'symbol.ttf', 'tahoma.ttf', 'tahomabd.ttf', 'taile.ttf', 'taileb.ttf', 'TCBI____.TTF', 'TCB_____.TTF', 'TCCB____.TTF', 'TCCEB.TTF', 'TCCM____.TTF', 'TCMI____.TTF', 'TCM_____.TTF', 'TEMPSITC.TTF', 'times.ttf', 'timesbd.ttf', 'timesbi.ttf', 'timesi.ttf', 'trebuc.ttf', 'trebucbd.ttf', 'trebucbi.ttf', 'trebucit.ttf', 'verdana.ttf', 'verdanab.ttf', 'verdanai.ttf', 'verdanaz.ttf', 'vga737.fon', 'vga775.fon', 'vga850.fon', 'vga852.fon', 'vga855.fon', 'vga857.fon', 'vga860.fon', 'vga861.fon', 'vga863.fon', 'vga865.fon', 'vga866.fon', 'vga869.fon', 'vga932.fon', 'vga936.fon', 'vga949.fon', 'vga950.fon', 'vgaf1255.fon', 'vgaf1256.fon', 'vgaf1257.fon', 'vgaf874.fon', 'vgafix.fon', 'vgafixe.fon', 'vgafixg.fon', 'vgafixr.fon', 'vgafixt.fon', 'vgaoem.fon', 'vgas1255.fon', 'vgas1256.fon', 'vgas1257.fon', 'vgas874.fon', 'vgasys.fon', 'vgasyse.fon', 'vgasysg.fon', 'vgasysr.fon', 'vgasyst.fon', 'VINERITC.TTF', 'VIVALDII.TTF', 'VLADIMIR.TTF', 'webdings.ttf', 'wingding.ttf', 'WINGDNG2.TTF', 'WINGDNG3.TTF', 'YuGothB.ttc', 'YuGothL.ttc', 'YuGothM.ttc', 'YuGothR.ttc', '\u534e\u5eb7\u65b9\u5706\u4f53W7.TTC', '\u65b9\u6b63\u7c97\u9ed1\u5b8b\u7b80\u4f53.ttf']
2023-09-27 16:01:05,561 - INFO - all fonts installed:['8514fix.fon', '8514fixe.fon', '8514fixg.fon', '8514fixr.fon', '8514fixt.fon', '8514oem.fon', '8514oeme.fon', '8514oemg.fon', '8514oemr.fon', '8514oemt.fon', '8514sys.fon', '8514syse.fon', '8514sysg.fon', '8514sysr.fon', '8514syst.fon', '85775.fon', '85855.fon', '85f1255.fon', '85f1256.fon', '85f1257.fon', '85f874.fon', '85s1255.fon', '85s1256.fon', '85s1257.fon', '85s874.fon', 'AGENCYB.TTF', 'AGENCYR.TTF', 'ALGER.TTF', 'ANTQUAB.TTF', 'ANTQUABI.TTF', 'ANTQUAI.TTF', 'app775.fon', 'app850.fon', 'app852.fon', 'app855.fon', 'app857.fon', 'app866.fon', 'app932.fon', 'app936.fon', 'app949.fon', 'app950.fon', 'arial.ttf', 'arialbd.ttf', 'arialbi.ttf', 'ariali.ttf', 'ARIALN.TTF', 'ARIALNB.TTF', 'ARIALNBI.TTF', 'ARIALNI.TTF', 'ariblk.ttf', 'ARLRDBD.TTF', 'AxureHandwriting-Bold.otf', 'AxureHandwriting-BoldItalic.otf', 'AxureHandwriting-Italic.otf', 'AxureHandwriting.otf', 'bahnschrift.ttf', 'BASKVILL.TTF', 'BAUHS93.TTF', 'BELL.TTF', 'BELLB.TTF', 'BELLI.TTF', 'BERNHC.TTF', 'BKANT.TTF', 'BOD_B.TTF', 'BOD_BI.TTF', 'BOD_BLAI.TTF', 'BOD_BLAR.TTF', 'BOD_CB.TTF', 'BOD_CBI.TTF', 'BOD_CI.TTF', 'BOD_CR.TTF', 'BOD_I.TTF', 'BOD_PSTC.TTF', 'BOD_R.TTF', 'BOOKOS.TTF', 'BOOKOSB.TTF', 'BOOKOSBI.TTF', 'BOOKOSI.TTF', 'BRADHITC.TTF', 'BRITANIC.TTF', 'BRLNSB.TTF', 'BRLNSDB.TTF', 'BRLNSR.TTF', 'BROADW.TTF', 'BRUSHSCI.TTF', 'BSSYM7.TTF', 'c8514fix.fon', 'c8514oem.fon', 'c8514sys.fon', 'calibri.ttf', 'calibrib.ttf', 'calibrii.ttf', 'calibril.ttf', 'calibrili.ttf', 'calibriz.ttf', 'CALIFB.TTF', 'CALIFI.TTF', 'CALIFR.TTF', 'CALIST.TTF', 'CALISTB.TTF', 'CALISTBI.TTF', 'CALISTI.TTF', 'cambria.ttc', 'cambriab.ttf', 'cambriai.ttf', 'cambriaz.ttf', 'Candara.ttf', 'Candarab.ttf', 'Candarai.ttf', 'Candaral.ttf', 'Candarali.ttf', 'Candaraz.ttf', 'CascadiaCode.ttf', 'CascadiaMono.ttf', 'CASTELAR.TTF', 'CENSCBK.TTF', 'CENTAUR.TTF', 'CENTURY.TTF', 'cga40737.fon', 'cga40850.fon', 'cga40852.fon', 'cga40857.fon', 'cga40866.fon', 'cga40869.fon', 'cga40woa.fon', 'cga80737.fon', 'cga80850.fon', 'cga80852.fon', 'cga80857.fon', 'cga80866.fon', 'cga80869.fon', 'cga80woa.fon', 'CHILLER.TTF', 'COLONNA.TTF', 'comic.ttf', 'comicbd.ttf', 'comici.ttf', 'comicz.ttf', 'consola.ttf', 'consolab.ttf', 'consolai.ttf', 'consolaz.ttf', 'constan.ttf', 'constanb.ttf', 'constani.ttf', 'constanz.ttf', 'COOPBL.TTF', 'COPRGTB.TTF', 'COPRGTL.TTF', 'corbel.ttf', 'corbelb.ttf', 'corbeli.ttf', 'corbell.ttf', 'corbelli.ttf', 'corbelz.ttf', 'coue1255.fon', 'coue1256.fon', 'coue1257.fon', 'couf1255.fon', 'couf1256.fon', 'couf1257.fon', 'cour.ttf', 'courbd.ttf', 'courbi.ttf', 'coure.fon', 'couree.fon', 'coureg.fon', 'courer.fon', 'couret.fon', 'courf.fon', 'courfe.fon', 'courfg.fon', 'courfr.fon', 'courft.fon', 'couri.ttf', 'CURLZ___.TTF', 'cvgafix.fon', 'cvgasys.fon', 'Deng.ttf', 'Dengb.ttf', 'Dengl.ttf', 'desktop.ini', 'dos737.fon', 'dos869.fon', 'dosapp.fon', 'DUBAI-BOLD.TTF', 'DUBAI-LIGHT.TTF', 'DUBAI-MEDIUM.TTF', 'DUBAI-REGULAR.TTF', 'ebrima.ttf', 'ebrimabd.ttf', 'ega40737.fon', 'ega40850.fon', 'ega40852.fon', 'ega40857.fon', 'ega40866.fon', 'ega40869.fon', 'ega40woa.fon', 'ega80737.fon', 'ega80850.fon', 'ega80852.fon', 'ega80857.fon', 'ega80866.fon', 'ega80869.fon', 'ega80woa.fon', 'ELEPHNT.TTF', 'ELEPHNTI.TTF', 'ENGR.TTF', 'ERASBD.TTF', 'ERASDEMI.TTF', 'ERASLGHT.TTF', 'ERASMD.TTF', 'FELIXTI.TTF', 'fms_metadata.xml', 'FORTE.TTF', 'FRABK.TTF', 'FRABKIT.TTF', 'FRADM.TTF', 'FRADMCN.TTF', 'FRADMIT.TTF', 'FRAHV.TTF', 'FRAHVIT.TTF', 'framd.ttf', 'FRAMDCN.TTF', 'framdit.ttf', 'FREESCPT.TTF', 'FRSCRIPT.TTF', 'FTLTLT.TTF', 'FZSTK.TTF', 'FZYTK.TTF', 'Gabriola.ttf', 'gadugi.ttf', 'gadugib.ttf', 'GARA.TTF', 'GARABD.TTF', 'GARAIT.TTF', 'georgia.ttf', 'georgiab.ttf', 'georgiai.ttf', 'georgiaz.ttf', 'GIGI.TTF', 'GILBI___.TTF', 'GILB____.TTF', 'GILC____.TTF', 'GILI____.TTF', 'GILLUBCD.TTF', 'GILSANUB.TTF', 'GIL_____.TTF', 'GLECB.TTF', 'GlobalMonospace.CompositeFont', 'GlobalSansSerif.CompositeFont', 'GlobalSerif.CompositeFont', 'GlobalUserInterface.CompositeFont', 'GLSNECB.TTF', 'GOTHIC.TTF', 'GOTHICB.TTF', 'GOTHICBI.TTF', 'GOTHICI.TTF', 'GOUDOS.TTF', 'GOUDOSB.TTF', 'GOUDOSI.TTF', 'GOUDYSTO.TTF', 'h8514fix.fon', 'h8514oem.fon', 'h8514sys.fon', 'HARLOWSI.TTF', 'HARNGTON.TTF', 'HATTEN.TTF', 'HGB1X_CNKI.ttf', 'HGB1_CNKI.ttf', 'HGB2X_CNKI.ttf', 'HGB2_CNKI.ttf', 'HGB3X_CNKI.ttf', 'HGB3_CNKI.ttf', 'HGB4X_CNKI.ttf', 'HGB4_CNKI.ttf', 'HGB5X_CNKI.ttf', 'HGB5_CNKI.ttf', 'HGB6X_CNKI.ttf', 'HGB6_CNKI.ttf', 'HGB7X_CNKI.ttf', 'HGB7_CNKI.ttf', 'HGB8X_CNKI.ttf', 'HGB8_CNKI.ttf', 'HGBD_CNKI.ttf', 'HGBKBX_CNKI.ttf', 'HGBKB_CNKI.ttf', 'HGBKHX_CNKI.ttf', 'HGBKH_CNKI.ttf', 'HGBS1_CNKI.TTF', 'HGBS2_CNKI.TTF', 'HGBS_CNKI.TTF', 'HGBTH_CNKI.TTF', 'HGBTS_CNKI.TTF', 'HGBX_CNKI.ttf', 'HGBZ_CNKI.ttf', 'HGCH_CNKI.TTF', 'HGCUH_CNKI.TTF', 'HGCY_CNKI.TTF', 'HGDBS_CNKI.TTF', 'HGDGY_CNKI.TTF', 'HGDH2_CNKI.TTF', 'HGDH_CNKI.TTF', 'HGDYS_CNKI.TTF', 'HGDY_CNKI.ttf', 'HGF1X_CNKI.ttf', 'HGF1_CNKI.ttf', 'HGF2X_CNKI.ttf', 'HGF2_CNKI.ttf', 'HGF3_CNKI.ttf', 'HGF4X_CNKI.ttf', 'HGF4_CNKI.ttf', 'HGF5X_CNKI.ttf', 'HGF5_CNKI.ttf', 'HGF6X_CNKI.ttf', 'HGF6_CNKI.ttf', 'HGF7X_CNKI.ttf', 'HGF7_CNKI.ttf', 'HGF8_CNKI.ttf', 'HGF9X_CNKI.ttf', 'HGF9_CNKI.ttf', 'HGFS1_CNKI.TTF', 'HGFS2_CNKI.TTF', 'HGFSH_CNKI.TTF', 'HGFS_CNKI.TTF', 'HGFX_CNKI.ttf', 'HGFZ_CNKI.ttf', 'HGGG_CNKI.TTF', 'HGH1X_CNKI.ttf', 'HGH1_CNKI.ttf', 'HGH2X_CNKI.ttf', 'HGH2_CNKI.ttf', 'HGH3X_CNKI.ttf', 'HGH3_CNKI.ttf', 'HGH4X_CNKI.ttf', 'HGH4_CNKI.ttf', 'HGH5X_CNKI.ttf', 'HGH5_CNKI.ttf', 'HGH6X_CNKI.ttf', 'HGH6_CNKI.ttf', 'HGH7X_CNKI.ttf', 'HGH7_CNKI.ttf', 'HGHB_CNKI.TTF', 'HGHD_CNKI.ttf', 'HGHP_CNKI.TTF', 'HGHT1_CNKI.ttf', 'HGHT2_CNKI.ttf', 'HGHUATI_CNKI.ttf', 'HGHX_CNKI.ttf', 'HGHZ_CNKI.ttf', 'HGH_CNKI.TTF', 'HGKT1_CNKI.TTF', 'HGKT2_CNKI.TTF', 'HGKT_CNKI.TTF', 'HGKY_CNKI.ttf', 'HGLB_CNKI.TTF', 'HGLS_CNKI.TTF', 'HGMH_CNKI.TTF', 'HGNBS_CNKI.ttf', 'HGOCR_CNKI.ttf', 'HGPH_CNKI.TTF', 'HGPTY_CNKI.TTF', 'HGSS1_CNKI.TTF', 'HGSS2_CNKI.TTF', 'HGSS_CNKI.TTF', 'HGSXT_CNKI.ttf', 'HGTT_CNKI.ttf', 'HGTX_CNKI.TTF', 'HGWT_CNKI.TTF', 'HGWYS_CNKI.TTF', 'HGX1X_CNKI.ttf', 'HGX1_CNKI.ttf', 'HGXBS_CNKI.TTF', 'HGXC_CNKI.TTF', 'HGXF1_CNKI.ttf', 'HGXFX_CNKI.ttf', 'HGXFZ_CNKI.ttf', 'HGXH1_CNKI.TTF', 'HGXH_CNKI.TTF', 'HGXK_CNKI.TTF', 'HGXL_CNKI.TTF', 'HGXS_CNKI.TTF', 'HGXT_CNKI.ttf', 'HGXY_CNKI.ttf', 'HGY1_CNKI.TTF', 'HGY2_CNKI.TTF', 'HGY3_CNKI.TTF', 'HGY4_CNKI.TTF', 'HGYB_CNKI.ttf', 'HGYT1_CNKI.ttf', 'HGYT2_CNKI.ttf', 'HGYT_CNKI.TTF', 'HGYX_CNKI.TTF', 'HGZCS_CNKI.TTF', 'HGZDX_CNKI.TTF', 'HGZK_CNKI.TTF', 'HGZYT_CNKI.TTF', 'HGZY_CNKI.TTF', 'himalaya.ttf', 'holomdl2.ttf', 'HTOWERT.TTF', 'HTOWERTI.TTF', 'hvgafix.fon', 'hvgasys.fon', 'impact.ttf', 'IMPRISHA.TTF', 'INFROMAN.TTF', 'Inkfree.ttf', 'iqiyi_logov7.ttf', 'ITCBLKAD.TTF', 'ITCEDSCR.TTF', 'ITCKRIST.TTF', 'j8514fix.fon', 'j8514oem.fon', 'j8514sys.fon', 'javatext.ttf', 'JOKERMAN.TTF', 'jsmalle.fon', 'jsmallf.fon', 'JUICE___.TTF', 'jvgafix.fon', 'jvgasys.fon', 'KUNSTLER.TTF', 'LATINWD.TTF', 'LBRITE.TTF', 'LBRITED.TTF', 'LBRITEDI.TTF', 'LBRITEI.TTF', 'LCALLIG.TTF', 'LeelaUIb.ttf', 'LeelawUI.ttf', 'LeelUIsl.ttf', 'LFAX.TTF', 'LFAXD.TTF', 'LFAXDI.TTF', 'LFAXI.TTF', 'LHANDW.TTF', 'LSANS.TTF', 'LSANSD.TTF', 'LSANSDI.TTF', 'LSANSI.TTF', 'LTYPE.TTF', 'LTYPEB.TTF', 'LTYPEBO.TTF', 'LTYPEO.TTF', 'lucon.ttf', 'l_10646.ttf', 'MAGNETOB.TTF', 'MAIAN.TTF', 'malgun.ttf', 'malgunbd.ttf', 'malgunsl.ttf', 'marlett.ttf', 'MATURASC.TTF', 'micross.ttf', 'mingliub.ttc', 'MISTRAL.TTF', 'mmrtext.ttf', 'mmrtextb.ttf', 'MOD20.TTF', 'modern.fon', 'monbaiti.ttf', 'msgothic.ttc', 'msjh.ttc', 'msjhbd.ttc', 'msjhl.ttc', 'msyh.ttc', 'msyhbd.ttc', 'msyhl.ttc', 'msyi.ttf', 'MTCORSVA.TTF', 'MTEXTRA.TTF', 'mvboli.ttf', 'NIAGENG.TTF', 'NIAGSOL.TTF', 'Nirmala.ttf', 'NirmalaB.ttf', 'NirmalaS.ttf', 'ntailu.ttf', 'ntailub.ttf', 'NumberOnly.ttf', 'OCRAEXT.TTF', 'OLDENGL.TTF', 'ONYX.TTF', 'OUTLOOK.TTF', 'pala.ttf', 'palab.ttf', 'palabi.ttf', 'palai.ttf', 'PALSCRI.TTF', 'PAPYRUS.TTF', 'PARCHM.TTF', 'PERBI___.TTF', 'PERB____.TTF', 'PERI____.TTF', 'PERTIBD.TTF', 'PERTILI.TTF', 'PER_____.TTF', 'phagspa.ttf', 'phagspab.ttf', 'PLAYBILL.TTF', 'POORICH.TTF', 'PRISTINA.TTF', 'RAGE.TTF', 'RAVIE.TTF', 'REFSAN.TTF', 'REFSPCL.TTF', 'ROCCB___.TTF', 'ROCC____.TTF', 'ROCK.TTF', 'ROCKB.TTF', 'ROCKBI.TTF', 'ROCKEB.TTF', 'ROCKI.TTF', 'roman.fon', 's8514fix.fon', 's8514oem.fon', 's8514sys.fon', 'SCHLBKB.TTF', 'SCHLBKBI.TTF', 'SCHLBKI.TTF', 'script.fon', 'SCRIPTBL.TTF', 'segmdl2.ttf', 'SegoeIcons.ttf', 'segoepr.ttf', 'segoeprb.ttf', 'segoesc.ttf', 'segoescb.ttf', 'segoeui.ttf', 'segoeuib.ttf', 'segoeuii.ttf', 'segoeuil.ttf', 'segoeuisl.ttf', 'segoeuiz.ttf', 'seguibl.ttf', 'seguibli.ttf', 'seguiemj.ttf', 'seguihis.ttf', 'seguili.ttf', 'seguisb.ttf', 'seguisbi.ttf', 'seguisli.ttf', 'seguisym.ttf', 'SegUIVar.ttf', 'sere1255.fon', 'sere1256.fon', 'sere1257.fon', 'serf1255.fon', 'serf1256.fon', 'serf1257.fon', 'serife.fon', 'serifee.fon', 'serifeg.fon', 'serifer.fon', 'serifet.fon', 'seriff.fon', 'seriffe.fon', 'seriffg.fon', 'seriffr.fon', 'serifft.fon', 'SHOWG.TTF', 'simfang.ttf', 'simhei.ttf', 'simkai.ttf', 'SIMLI.TTF', 'simsun.ttc', 'simsunb.ttf', 'SIMYOU.TTF', 'SitkaVF-Italic.ttf', 'SitkaVF.ttf', 'smae1255.fon', 'smae1256.fon', 'smae1257.fon', 'smaf1255.fon', 'smaf1256.fon', 'smaf1257.fon', 'smalle.fon', 'smallee.fon', 'smalleg.fon', 'smaller.fon', 'smallet.fon', 'smallf.fon', 'smallfe.fon', 'smallfg.fon', 'smallfr.fon', 'smallft.fon', 'SNAP____.TTF', 'ssee1255.fon', 'ssee1256.fon', 'ssee1257.fon', 'ssee874.fon', 'ssef1255.fon', 'ssef1256.fon', 'ssef1257.fon', 'ssef874.fon', 'sserife.fon', 'sserifee.fon', 'sserifeg.fon', 'sserifer.fon', 'sserifet.fon', 'sseriff.fon', 'sseriffe.fon', 'sseriffg.fon', 'sseriffr.fon', 'sserifft.fon', 'StaticCache.dat', 'STCAIYUN.TTF', 'STENCIL.TTF', 'STFANGSO.TTF', 'STHUPO.TTF', 'STKAITI.TTF', 'STLITI.TTF', 'STSONG.TTF', 'STXIHEI.TTF', 'STXINGKA.TTF', 'STXINWEI.TTF', 'STZHONGS.TTF', 'svgafix.fon', 'svgasys.fon', 'sylfaen.ttf', 'symbol.ttf', 'tahoma.ttf', 'tahomabd.ttf', 'taile.ttf', 'taileb.ttf', 'TCBI____.TTF', 'TCB_____.TTF', 'TCCB____.TTF', 'TCCEB.TTF', 'TCCM____.TTF', 'TCMI____.TTF', 'TCM_____.TTF', 'TEMPSITC.TTF', 'times.ttf', 'timesbd.ttf', 'timesbi.ttf', 'timesi.ttf', 'trebuc.ttf', 'trebucbd.ttf', 'trebucbi.ttf', 'trebucit.ttf', 'verdana.ttf', 'verdanab.ttf', 'verdanai.ttf', 'verdanaz.ttf', 'vga737.fon', 'vga775.fon', 'vga850.fon', 'vga852.fon', 'vga855.fon', 'vga857.fon', 'vga860.fon', 'vga861.fon', 'vga863.fon', 'vga865.fon', 'vga866.fon', 'vga869.fon', 'vga932.fon', 'vga936.fon', 'vga949.fon', 'vga950.fon', 'vgaf1255.fon', 'vgaf1256.fon', 'vgaf1257.fon', 'vgaf874.fon', 'vgafix.fon', 'vgafixe.fon', 'vgafixg.fon', 'vgafixr.fon', 'vgafixt.fon', 'vgaoem.fon', 'vgas1255.fon', 'vgas1256.fon', 'vgas1257.fon', 'vgas874.fon', 'vgasys.fon', 'vgasyse.fon', 'vgasysg.fon', 'vgasysr.fon', 'vgasyst.fon', 'VINERITC.TTF', 'VIVALDII.TTF', 'VLADIMIR.TTF', 'webdings.ttf', 'wingding.ttf', 'WINGDNG2.TTF', 'WINGDNG3.TTF', 'YuGothB.ttc', 'YuGothL.ttc', 'YuGothM.ttc', 'YuGothR.ttc', '\u534e\u5eb7\u65b9\u5706\u4f53W7.TTC', '\u65b9\u6b63\u7c97\u9ed1\u5b8b\u7b80\u4f53.ttf']
2023-09-27 16:01:05,765 - INFO - all fonts installed:['8514fix.fon', '8514fixe.fon', '8514fixg.fon', '8514fixr.fon', '8514fixt.fon', '8514oem.fon', '8514oeme.fon', '8514oemg.fon', '8514oemr.fon', '8514oemt.fon', '8514sys.fon', '8514syse.fon', '8514sysg.fon', '8514sysr.fon', '8514syst.fon', '85775.fon', '85855.fon', '85f1255.fon', '85f1256.fon', '85f1257.fon', '85f874.fon', '85s1255.fon', '85s1256.fon', '85s1257.fon', '85s874.fon', 'AGENCYB.TTF', 'AGENCYR.TTF', 'ALGER.TTF', 'ANTQUAB.TTF', 'ANTQUABI.TTF', 'ANTQUAI.TTF', 'app775.fon', 'app850.fon', 'app852.fon', 'app855.fon', 'app857.fon', 'app866.fon', 'app932.fon', 'app936.fon', 'app949.fon', 'app950.fon', 'arial.ttf', 'arialbd.ttf', 'arialbi.ttf', 'ariali.ttf', 'ARIALN.TTF', 'ARIALNB.TTF', 'ARIALNBI.TTF', 'ARIALNI.TTF', 'ariblk.ttf', 'ARLRDBD.TTF', 'AxureHandwriting-Bold.otf', 'AxureHandwriting-BoldItalic.otf', 'AxureHandwriting-Italic.otf', 'AxureHandwriting.otf', 'bahnschrift.ttf', 'BASKVILL.TTF', 'BAUHS93.TTF', 'BELL.TTF', 'BELLB.TTF', 'BELLI.TTF', 'BERNHC.TTF', 'BKANT.TTF', 'BOD_B.TTF', 'BOD_BI.TTF', 'BOD_BLAI.TTF', 'BOD_BLAR.TTF', 'BOD_CB.TTF', 'BOD_CBI.TTF', 'BOD_CI.TTF', 'BOD_CR.TTF', 'BOD_I.TTF', 'BOD_PSTC.TTF', 'BOD_R.TTF', 'BOOKOS.TTF', 'BOOKOSB.TTF', 'BOOKOSBI.TTF', 'BOOKOSI.TTF', 'BRADHITC.TTF', 'BRITANIC.TTF', 'BRLNSB.TTF', 'BRLNSDB.TTF', 'BRLNSR.TTF', 'BROADW.TTF', 'BRUSHSCI.TTF', 'BSSYM7.TTF', 'c8514fix.fon', 'c8514oem.fon', 'c8514sys.fon', 'calibri.ttf', 'calibrib.ttf', 'calibrii.ttf', 'calibril.ttf', 'calibrili.ttf', 'calibriz.ttf', 'CALIFB.TTF', 'CALIFI.TTF', 'CALIFR.TTF', 'CALIST.TTF', 'CALISTB.TTF', 'CALISTBI.TTF', 'CALISTI.TTF', 'cambria.ttc', 'cambriab.ttf', 'cambriai.ttf', 'cambriaz.ttf', 'Candara.ttf', 'Candarab.ttf', 'Candarai.ttf', 'Candaral.ttf', 'Candarali.ttf', 'Candaraz.ttf', 'CascadiaCode.ttf', 'CascadiaMono.ttf', 'CASTELAR.TTF', 'CENSCBK.TTF', 'CENTAUR.TTF', 'CENTURY.TTF', 'cga40737.fon', 'cga40850.fon', 'cga40852.fon', 'cga40857.fon', 'cga40866.fon', 'cga40869.fon', 'cga40woa.fon', 'cga80737.fon', 'cga80850.fon', 'cga80852.fon', 'cga80857.fon', 'cga80866.fon', 'cga80869.fon', 'cga80woa.fon', 'CHILLER.TTF', 'COLONNA.TTF', 'comic.ttf', 'comicbd.ttf', 'comici.ttf', 'comicz.ttf', 'consola.ttf', 'consolab.ttf', 'consolai.ttf', 'consolaz.ttf', 'constan.ttf', 'constanb.ttf', 'constani.ttf', 'constanz.ttf', 'COOPBL.TTF', 'COPRGTB.TTF', 'COPRGTL.TTF', 'corbel.ttf', 'corbelb.ttf', 'corbeli.ttf', 'corbell.ttf', 'corbelli.ttf', 'corbelz.ttf', 'coue1255.fon', 'coue1256.fon', 'coue1257.fon', 'couf1255.fon', 'couf1256.fon', 'couf1257.fon', 'cour.ttf', 'courbd.ttf', 'courbi.ttf', 'coure.fon', 'couree.fon', 'coureg.fon', 'courer.fon', 'couret.fon', 'courf.fon', 'courfe.fon', 'courfg.fon', 'courfr.fon', 'courft.fon', 'couri.ttf', 'CURLZ___.TTF', 'cvgafix.fon', 'cvgasys.fon', 'Deng.ttf', 'Dengb.ttf', 'Dengl.ttf', 'desktop.ini', 'dos737.fon', 'dos869.fon', 'dosapp.fon', 'DUBAI-BOLD.TTF', 'DUBAI-LIGHT.TTF', 'DUBAI-MEDIUM.TTF', 'DUBAI-REGULAR.TTF', 'ebrima.ttf', 'ebrimabd.ttf', 'ega40737.fon', 'ega40850.fon', 'ega40852.fon', 'ega40857.fon', 'ega40866.fon', 'ega40869.fon', 'ega40woa.fon', 'ega80737.fon', 'ega80850.fon', 'ega80852.fon', 'ega80857.fon', 'ega80866.fon', 'ega80869.fon', 'ega80woa.fon', 'ELEPHNT.TTF', 'ELEPHNTI.TTF', 'ENGR.TTF', 'ERASBD.TTF', 'ERASDEMI.TTF', 'ERASLGHT.TTF', 'ERASMD.TTF', 'FELIXTI.TTF', 'fms_metadata.xml', 'FORTE.TTF', 'FRABK.TTF', 'FRABKIT.TTF', 'FRADM.TTF', 'FRADMCN.TTF', 'FRADMIT.TTF', 'FRAHV.TTF', 'FRAHVIT.TTF', 'framd.ttf', 'FRAMDCN.TTF', 'framdit.ttf', 'FREESCPT.TTF', 'FRSCRIPT.TTF', 'FTLTLT.TTF', 'FZSTK.TTF', 'FZYTK.TTF', 'Gabriola.ttf', 'gadugi.ttf', 'gadugib.ttf', 'GARA.TTF', 'GARABD.TTF', 'GARAIT.TTF', 'georgia.ttf', 'georgiab.ttf', 'georgiai.ttf', 'georgiaz.ttf', 'GIGI.TTF', 'GILBI___.TTF', 'GILB____.TTF', 'GILC____.TTF', 'GILI____.TTF', 'GILLUBCD.TTF', 'GILSANUB.TTF', 'GIL_____.TTF', 'GLECB.TTF', 'GlobalMonospace.CompositeFont', 'GlobalSansSerif.CompositeFont', 'GlobalSerif.CompositeFont', 'GlobalUserInterface.CompositeFont', 'GLSNECB.TTF', 'GOTHIC.TTF', 'GOTHICB.TTF', 'GOTHICBI.TTF', 'GOTHICI.TTF', 'GOUDOS.TTF', 'GOUDOSB.TTF', 'GOUDOSI.TTF', 'GOUDYSTO.TTF', 'h8514fix.fon', 'h8514oem.fon', 'h8514sys.fon', 'HARLOWSI.TTF', 'HARNGTON.TTF', 'HATTEN.TTF', 'HGB1X_CNKI.ttf', 'HGB1_CNKI.ttf', 'HGB2X_CNKI.ttf', 'HGB2_CNKI.ttf', 'HGB3X_CNKI.ttf', 'HGB3_CNKI.ttf', 'HGB4X_CNKI.ttf', 'HGB4_CNKI.ttf', 'HGB5X_CNKI.ttf', 'HGB5_CNKI.ttf', 'HGB6X_CNKI.ttf', 'HGB6_CNKI.ttf', 'HGB7X_CNKI.ttf', 'HGB7_CNKI.ttf', 'HGB8X_CNKI.ttf', 'HGB8_CNKI.ttf', 'HGBD_CNKI.ttf', 'HGBKBX_CNKI.ttf', 'HGBKB_CNKI.ttf', 'HGBKHX_CNKI.ttf', 'HGBKH_CNKI.ttf', 'HGBS1_CNKI.TTF', 'HGBS2_CNKI.TTF', 'HGBS_CNKI.TTF', 'HGBTH_CNKI.TTF', 'HGBTS_CNKI.TTF', 'HGBX_CNKI.ttf', 'HGBZ_CNKI.ttf', 'HGCH_CNKI.TTF', 'HGCUH_CNKI.TTF', 'HGCY_CNKI.TTF', 'HGDBS_CNKI.TTF', 'HGDGY_CNKI.TTF', 'HGDH2_CNKI.TTF', 'HGDH_CNKI.TTF', 'HGDYS_CNKI.TTF', 'HGDY_CNKI.ttf', 'HGF1X_CNKI.ttf', 'HGF1_CNKI.ttf', 'HGF2X_CNKI.ttf', 'HGF2_CNKI.ttf', 'HGF3_CNKI.ttf', 'HGF4X_CNKI.ttf', 'HGF4_CNKI.ttf', 'HGF5X_CNKI.ttf', 'HGF5_CNKI.ttf', 'HGF6X_CNKI.ttf', 'HGF6_CNKI.ttf', 'HGF7X_CNKI.ttf', 'HGF7_CNKI.ttf', 'HGF8_CNKI.ttf', 'HGF9X_CNKI.ttf', 'HGF9_CNKI.ttf', 'HGFS1_CNKI.TTF', 'HGFS2_CNKI.TTF', 'HGFSH_CNKI.TTF', 'HGFS_CNKI.TTF', 'HGFX_CNKI.ttf', 'HGFZ_CNKI.ttf', 'HGGG_CNKI.TTF', 'HGH1X_CNKI.ttf', 'HGH1_CNKI.ttf', 'HGH2X_CNKI.ttf', 'HGH2_CNKI.ttf', 'HGH3X_CNKI.ttf', 'HGH3_CNKI.ttf', 'HGH4X_CNKI.ttf', 'HGH4_CNKI.ttf', 'HGH5X_CNKI.ttf', 'HGH5_CNKI.ttf', 'HGH6X_CNKI.ttf', 'HGH6_CNKI.ttf', 'HGH7X_CNKI.ttf', 'HGH7_CNKI.ttf', 'HGHB_CNKI.TTF', 'HGHD_CNKI.ttf', 'HGHP_CNKI.TTF', 'HGHT1_CNKI.ttf', 'HGHT2_CNKI.ttf', 'HGHUATI_CNKI.ttf', 'HGHX_CNKI.ttf', 'HGHZ_CNKI.ttf', 'HGH_CNKI.TTF', 'HGKT1_CNKI.TTF', 'HGKT2_CNKI.TTF', 'HGKT_CNKI.TTF', 'HGKY_CNKI.ttf', 'HGLB_CNKI.TTF', 'HGLS_CNKI.TTF', 'HGMH_CNKI.TTF', 'HGNBS_CNKI.ttf', 'HGOCR_CNKI.ttf', 'HGPH_CNKI.TTF', 'HGPTY_CNKI.TTF', 'HGSS1_CNKI.TTF', 'HGSS2_CNKI.TTF', 'HGSS_CNKI.TTF', 'HGSXT_CNKI.ttf', 'HGTT_CNKI.ttf', 'HGTX_CNKI.TTF', 'HGWT_CNKI.TTF', 'HGWYS_CNKI.TTF', 'HGX1X_CNKI.ttf', 'HGX1_CNKI.ttf', 'HGXBS_CNKI.TTF', 'HGXC_CNKI.TTF', 'HGXF1_CNKI.ttf', 'HGXFX_CNKI.ttf', 'HGXFZ_CNKI.ttf', 'HGXH1_CNKI.TTF', 'HGXH_CNKI.TTF', 'HGXK_CNKI.TTF', 'HGXL_CNKI.TTF', 'HGXS_CNKI.TTF', 'HGXT_CNKI.ttf', 'HGXY_CNKI.ttf', 'HGY1_CNKI.TTF', 'HGY2_CNKI.TTF', 'HGY3_CNKI.TTF', 'HGY4_CNKI.TTF', 'HGYB_CNKI.ttf', 'HGYT1_CNKI.ttf', 'HGYT2_CNKI.ttf', 'HGYT_CNKI.TTF', 'HGYX_CNKI.TTF', 'HGZCS_CNKI.TTF', 'HGZDX_CNKI.TTF', 'HGZK_CNKI.TTF', 'HGZYT_CNKI.TTF', 'HGZY_CNKI.TTF', 'himalaya.ttf', 'holomdl2.ttf', 'HTOWERT.TTF', 'HTOWERTI.TTF', 'hvgafix.fon', 'hvgasys.fon', 'impact.ttf', 'IMPRISHA.TTF', 'INFROMAN.TTF', 'Inkfree.ttf', 'iqiyi_logov7.ttf', 'ITCBLKAD.TTF', 'ITCEDSCR.TTF', 'ITCKRIST.TTF', 'j8514fix.fon', 'j8514oem.fon', 'j8514sys.fon', 'javatext.ttf', 'JOKERMAN.TTF', 'jsmalle.fon', 'jsmallf.fon', 'JUICE___.TTF', 'jvgafix.fon', 'jvgasys.fon', 'KUNSTLER.TTF', 'LATINWD.TTF', 'LBRITE.TTF', 'LBRITED.TTF', 'LBRITEDI.TTF', 'LBRITEI.TTF', 'LCALLIG.TTF', 'LeelaUIb.ttf', 'LeelawUI.ttf', 'LeelUIsl.ttf', 'LFAX.TTF', 'LFAXD.TTF', 'LFAXDI.TTF', 'LFAXI.TTF', 'LHANDW.TTF', 'LSANS.TTF', 'LSANSD.TTF', 'LSANSDI.TTF', 'LSANSI.TTF', 'LTYPE.TTF', 'LTYPEB.TTF', 'LTYPEBO.TTF', 'LTYPEO.TTF', 'lucon.ttf', 'l_10646.ttf', 'MAGNETOB.TTF', 'MAIAN.TTF', 'malgun.ttf', 'malgunbd.ttf', 'malgunsl.ttf', 'marlett.ttf', 'MATURASC.TTF', 'micross.ttf', 'mingliub.ttc', 'MISTRAL.TTF', 'mmrtext.ttf', 'mmrtextb.ttf', 'MOD20.TTF', 'modern.fon', 'monbaiti.ttf', 'msgothic.ttc', 'msjh.ttc', 'msjhbd.ttc', 'msjhl.ttc', 'msyh.ttc', 'msyhbd.ttc', 'msyhl.ttc', 'msyi.ttf', 'MTCORSVA.TTF', 'MTEXTRA.TTF', 'mvboli.ttf', 'NIAGENG.TTF', 'NIAGSOL.TTF', 'Nirmala.ttf', 'NirmalaB.ttf', 'NirmalaS.ttf', 'ntailu.ttf', 'ntailub.ttf', 'NumberOnly.ttf', 'OCRAEXT.TTF', 'OLDENGL.TTF', 'ONYX.TTF', 'OUTLOOK.TTF', 'pala.ttf', 'palab.ttf', 'palabi.ttf', 'palai.ttf', 'PALSCRI.TTF', 'PAPYRUS.TTF', 'PARCHM.TTF', 'PERBI___.TTF', 'PERB____.TTF', 'PERI____.TTF', 'PERTIBD.TTF', 'PERTILI.TTF', 'PER_____.TTF', 'phagspa.ttf', 'phagspab.ttf', 'PLAYBILL.TTF', 'POORICH.TTF', 'PRISTINA.TTF', 'RAGE.TTF', 'RAVIE.TTF', 'REFSAN.TTF', 'REFSPCL.TTF', 'ROCCB___.TTF', 'ROCC____.TTF', 'ROCK.TTF', 'ROCKB.TTF', 'ROCKBI.TTF', 'ROCKEB.TTF', 'ROCKI.TTF', 'roman.fon', 's8514fix.fon', 's8514oem.fon', 's8514sys.fon', 'SCHLBKB.TTF', 'SCHLBKBI.TTF', 'SCHLBKI.TTF', 'script.fon', 'SCRIPTBL.TTF', 'segmdl2.ttf', 'SegoeIcons.ttf', 'segoepr.ttf', 'segoeprb.ttf', 'segoesc.ttf', 'segoescb.ttf', 'segoeui.ttf', 'segoeuib.ttf', 'segoeuii.ttf', 'segoeuil.ttf', 'segoeuisl.ttf', 'segoeuiz.ttf', 'seguibl.ttf', 'seguibli.ttf', 'seguiemj.ttf', 'seguihis.ttf', 'seguili.ttf', 'seguisb.ttf', 'seguisbi.ttf', 'seguisli.ttf', 'seguisym.ttf', 'SegUIVar.ttf', 'sere1255.fon', 'sere1256.fon', 'sere1257.fon', 'serf1255.fon', 'serf1256.fon', 'serf1257.fon', 'serife.fon', 'serifee.fon', 'serifeg.fon', 'serifer.fon', 'serifet.fon', 'seriff.fon', 'seriffe.fon', 'seriffg.fon', 'seriffr.fon', 'serifft.fon', 'SHOWG.TTF', 'simfang.ttf', 'simhei.ttf', 'simkai.ttf', 'SIMLI.TTF', 'simsun.ttc', 'simsunb.ttf', 'SIMYOU.TTF', 'SitkaVF-Italic.ttf', 'SitkaVF.ttf', 'smae1255.fon', 'smae1256.fon', 'smae1257.fon', 'smaf1255.fon', 'smaf1256.fon', 'smaf1257.fon', 'smalle.fon', 'smallee.fon', 'smalleg.fon', 'smaller.fon', 'smallet.fon', 'smallf.fon', 'smallfe.fon', 'smallfg.fon', 'smallfr.fon', 'smallft.fon', 'SNAP____.TTF', 'ssee1255.fon', 'ssee1256.fon', 'ssee1257.fon', 'ssee874.fon', 'ssef1255.fon', 'ssef1256.fon', 'ssef1257.fon', 'ssef874.fon', 'sserife.fon', 'sserifee.fon', 'sserifeg.fon', 'sserifer.fon', 'sserifet.fon', 'sseriff.fon', 'sseriffe.fon', 'sseriffg.fon', 'sseriffr.fon', 'sserifft.fon', 'StaticCache.dat', 'STCAIYUN.TTF', 'STENCIL.TTF', 'STFANGSO.TTF', 'STHUPO.TTF', 'STKAITI.TTF', 'STLITI.TTF', 'STSONG.TTF', 'STXIHEI.TTF', 'STXINGKA.TTF', 'STXINWEI.TTF', 'STZHONGS.TTF', 'svgafix.fon', 'svgasys.fon', 'sylfaen.ttf', 'symbol.ttf', 'tahoma.ttf', 'tahomabd.ttf', 'taile.ttf', 'taileb.ttf', 'TCBI____.TTF', 'TCB_____.TTF', 'TCCB____.TTF', 'TCCEB.TTF', 'TCCM____.TTF', 'TCMI____.TTF', 'TCM_____.TTF', 'TEMPSITC.TTF', 'times.ttf', 'timesbd.ttf', 'timesbi.ttf', 'timesi.ttf', 'trebuc.ttf', 'trebucbd.ttf', 'trebucbi.ttf', 'trebucit.ttf', 'verdana.ttf', 'verdanab.ttf', 'verdanai.ttf', 'verdanaz.ttf', 'vga737.fon', 'vga775.fon', 'vga850.fon', 'vga852.fon', 'vga855.fon', 'vga857.fon', 'vga860.fon', 'vga861.fon', 'vga863.fon', 'vga865.fon', 'vga866.fon', 'vga869.fon', 'vga932.fon', 'vga936.fon', 'vga949.fon', 'vga950.fon', 'vgaf1255.fon', 'vgaf1256.fon', 'vgaf1257.fon', 'vgaf874.fon', 'vgafix.fon', 'vgafixe.fon', 'vgafixg.fon', 'vgafixr.fon', 'vgafixt.fon', 'vgaoem.fon', 'vgas1255.fon', 'vgas1256.fon', 'vgas1257.fon', 'vgas874.fon', 'vgasys.fon', 'vgasyse.fon', 'vgasysg.fon', 'vgasysr.fon', 'vgasyst.fon', 'VINERITC.TTF', 'VIVALDII.TTF', 'VLADIMIR.TTF', 'webdings.ttf', 'wingding.ttf', 'WINGDNG2.TTF', 'WINGDNG3.TTF', 'YuGothB.ttc', 'YuGothL.ttc', 'YuGothM.ttc', 'YuGothR.ttc', '\u534e\u5eb7\u65b9\u5706\u4f53W7.TTC', '\u65b9\u6b63\u7c97\u9ed1\u5b8b\u7b80\u4f53.ttf']
2023-09-27 16:01:05,775 - INFO - all fonts installed:['8514fix.fon', '8514fixe.fon', '8514fixg.fon', '8514fixr.fon', '8514fixt.fon', '8514oem.fon', '8514oeme.fon', '8514oemg.fon', '8514oemr.fon', '8514oemt.fon', '8514sys.fon', '8514syse.fon', '8514sysg.fon', '8514sysr.fon', '8514syst.fon', '85775.fon', '85855.fon', '85f1255.fon', '85f1256.fon', '85f1257.fon', '85f874.fon', '85s1255.fon', '85s1256.fon', '85s1257.fon', '85s874.fon', 'AGENCYB.TTF', 'AGENCYR.TTF', 'ALGER.TTF', 'ANTQUAB.TTF', 'ANTQUABI.TTF', 'ANTQUAI.TTF', 'app775.fon', 'app850.fon', 'app852.fon', 'app855.fon', 'app857.fon', 'app866.fon', 'app932.fon', 'app936.fon', 'app949.fon', 'app950.fon', 'arial.ttf', 'arialbd.ttf', 'arialbi.ttf', 'ariali.ttf', 'ARIALN.TTF', 'ARIALNB.TTF', 'ARIALNBI.TTF', 'ARIALNI.TTF', 'ariblk.ttf', 'ARLRDBD.TTF', 'AxureHandwriting-Bold.otf', 'AxureHandwriting-BoldItalic.otf', 'AxureHandwriting-Italic.otf', 'AxureHandwriting.otf', 'bahnschrift.ttf', 'BASKVILL.TTF', 'BAUHS93.TTF', 'BELL.TTF', 'BELLB.TTF', 'BELLI.TTF', 'BERNHC.TTF', 'BKANT.TTF', 'BOD_B.TTF', 'BOD_BI.TTF', 'BOD_BLAI.TTF', 'BOD_BLAR.TTF', 'BOD_CB.TTF', 'BOD_CBI.TTF', 'BOD_CI.TTF', 'BOD_CR.TTF', 'BOD_I.TTF', 'BOD_PSTC.TTF', 'BOD_R.TTF', 'BOOKOS.TTF', 'BOOKOSB.TTF', 'BOOKOSBI.TTF', 'BOOKOSI.TTF', 'BRADHITC.TTF', 'BRITANIC.TTF', 'BRLNSB.TTF', 'BRLNSDB.TTF', 'BRLNSR.TTF', 'BROADW.TTF', 'BRUSHSCI.TTF', 'BSSYM7.TTF', 'c8514fix.fon', 'c8514oem.fon', 'c8514sys.fon', 'calibri.ttf', 'calibrib.ttf', 'calibrii.ttf', 'calibril.ttf', 'calibrili.ttf', 'calibriz.ttf', 'CALIFB.TTF', 'CALIFI.TTF', 'CALIFR.TTF', 'CALIST.TTF', 'CALISTB.TTF', 'CALISTBI.TTF', 'CALISTI.TTF', 'cambria.ttc', 'cambriab.ttf', 'cambriai.ttf', 'cambriaz.ttf', 'Candara.ttf', 'Candarab.ttf', 'Candarai.ttf', 'Candaral.ttf', 'Candarali.ttf', 'Candaraz.ttf', 'CascadiaCode.ttf', 'CascadiaMono.ttf', 'CASTELAR.TTF', 'CENSCBK.TTF', 'CENTAUR.TTF', 'CENTURY.TTF', 'cga40737.fon', 'cga40850.fon', 'cga40852.fon', 'cga40857.fon', 'cga40866.fon', 'cga40869.fon', 'cga40woa.fon', 'cga80737.fon', 'cga80850.fon', 'cga80852.fon', 'cga80857.fon', 'cga80866.fon', 'cga80869.fon', 'cga80woa.fon', 'CHILLER.TTF', 'COLONNA.TTF', 'comic.ttf', 'comicbd.ttf', 'comici.ttf', 'comicz.ttf', 'consola.ttf', 'consolab.ttf', 'consolai.ttf', 'consolaz.ttf', 'constan.ttf', 'constanb.ttf', 'constani.ttf', 'constanz.ttf', 'COOPBL.TTF', 'COPRGTB.TTF', 'COPRGTL.TTF', 'corbel.ttf', 'corbelb.ttf', 'corbeli.ttf', 'corbell.ttf', 'corbelli.ttf', 'corbelz.ttf', 'coue1255.fon', 'coue1256.fon', 'coue1257.fon', 'couf1255.fon', 'couf1256.fon', 'couf1257.fon', 'cour.ttf', 'courbd.ttf', 'courbi.ttf', 'coure.fon', 'couree.fon', 'coureg.fon', 'courer.fon', 'couret.fon', 'courf.fon', 'courfe.fon', 'courfg.fon', 'courfr.fon', 'courft.fon', 'couri.ttf', 'CURLZ___.TTF', 'cvgafix.fon', 'cvgasys.fon', 'Deng.ttf', 'Dengb.ttf', 'Dengl.ttf', 'desktop.ini', 'dos737.fon', 'dos869.fon', 'dosapp.fon', 'DUBAI-BOLD.TTF', 'DUBAI-LIGHT.TTF', 'DUBAI-MEDIUM.TTF', 'DUBAI-REGULAR.TTF', 'ebrima.ttf', 'ebrimabd.ttf', 'ega40737.fon', 'ega40850.fon', 'ega40852.fon', 'ega40857.fon', 'ega40866.fon', 'ega40869.fon', 'ega40woa.fon', 'ega80737.fon', 'ega80850.fon', 'ega80852.fon', 'ega80857.fon', 'ega80866.fon', 'ega80869.fon', 'ega80woa.fon', 'ELEPHNT.TTF', 'ELEPHNTI.TTF', 'ENGR.TTF', 'ERASBD.TTF', 'ERASDEMI.TTF', 'ERASLGHT.TTF', 'ERASMD.TTF', 'FELIXTI.TTF', 'fms_metadata.xml', 'FORTE.TTF', 'FRABK.TTF', 'FRABKIT.TTF', 'FRADM.TTF', 'FRADMCN.TTF', 'FRADMIT.TTF', 'FRAHV.TTF', 'FRAHVIT.TTF', 'framd.ttf', 'FRAMDCN.TTF', 'framdit.ttf', 'FREESCPT.TTF', 'FRSCRIPT.TTF', 'FTLTLT.TTF', 'FZSTK.TTF', 'FZYTK.TTF', 'Gabriola.ttf', 'gadugi.ttf', 'gadugib.ttf', 'GARA.TTF', 'GARABD.TTF', 'GARAIT.TTF', 'georgia.ttf', 'georgiab.ttf', 'georgiai.ttf', 'georgiaz.ttf', 'GIGI.TTF', 'GILBI___.TTF', 'GILB____.TTF', 'GILC____.TTF', 'GILI____.TTF', 'GILLUBCD.TTF', 'GILSANUB.TTF', 'GIL_____.TTF', 'GLECB.TTF', 'GlobalMonospace.CompositeFont', 'GlobalSansSerif.CompositeFont', 'GlobalSerif.CompositeFont', 'GlobalUserInterface.CompositeFont', 'GLSNECB.TTF', 'GOTHIC.TTF', 'GOTHICB.TTF', 'GOTHICBI.TTF', 'GOTHICI.TTF', 'GOUDOS.TTF', 'GOUDOSB.TTF', 'GOUDOSI.TTF', 'GOUDYSTO.TTF', 'h8514fix.fon', 'h8514oem.fon', 'h8514sys.fon', 'HARLOWSI.TTF', 'HARNGTON.TTF', 'HATTEN.TTF', 'HGB1X_CNKI.ttf', 'HGB1_CNKI.ttf', 'HGB2X_CNKI.ttf', 'HGB2_CNKI.ttf', 'HGB3X_CNKI.ttf', 'HGB3_CNKI.ttf', 'HGB4X_CNKI.ttf', 'HGB4_CNKI.ttf', 'HGB5X_CNKI.ttf', 'HGB5_CNKI.ttf', 'HGB6X_CNKI.ttf', 'HGB6_CNKI.ttf', 'HGB7X_CNKI.ttf', 'HGB7_CNKI.ttf', 'HGB8X_CNKI.ttf', 'HGB8_CNKI.ttf', 'HGBD_CNKI.ttf', 'HGBKBX_CNKI.ttf', 'HGBKB_CNKI.ttf', 'HGBKHX_CNKI.ttf', 'HGBKH_CNKI.ttf', 'HGBS1_CNKI.TTF', 'HGBS2_CNKI.TTF', 'HGBS_CNKI.TTF', 'HGBTH_CNKI.TTF', 'HGBTS_CNKI.TTF', 'HGBX_CNKI.ttf', 'HGBZ_CNKI.ttf', 'HGCH_CNKI.TTF', 'HGCUH_CNKI.TTF', 'HGCY_CNKI.TTF', 'HGDBS_CNKI.TTF', 'HGDGY_CNKI.TTF', 'HGDH2_CNKI.TTF', 'HGDH_CNKI.TTF', 'HGDYS_CNKI.TTF', 'HGDY_CNKI.ttf', 'HGF1X_CNKI.ttf', 'HGF1_CNKI.ttf', 'HGF2X_CNKI.ttf', 'HGF2_CNKI.ttf', 'HGF3_CNKI.ttf', 'HGF4X_CNKI.ttf', 'HGF4_CNKI.ttf', 'HGF5X_CNKI.ttf', 'HGF5_CNKI.ttf', 'HGF6X_CNKI.ttf', 'HGF6_CNKI.ttf', 'HGF7X_CNKI.ttf', 'HGF7_CNKI.ttf', 'HGF8_CNKI.ttf', 'HGF9X_CNKI.ttf', 'HGF9_CNKI.ttf', 'HGFS1_CNKI.TTF', 'HGFS2_CNKI.TTF', 'HGFSH_CNKI.TTF', 'HGFS_CNKI.TTF', 'HGFX_CNKI.ttf', 'HGFZ_CNKI.ttf', 'HGGG_CNKI.TTF', 'HGH1X_CNKI.ttf', 'HGH1_CNKI.ttf', 'HGH2X_CNKI.ttf', 'HGH2_CNKI.ttf', 'HGH3X_CNKI.ttf', 'HGH3_CNKI.ttf', 'HGH4X_CNKI.ttf', 'HGH4_CNKI.ttf', 'HGH5X_CNKI.ttf', 'HGH5_CNKI.ttf', 'HGH6X_CNKI.ttf', 'HGH6_CNKI.ttf', 'HGH7X_CNKI.ttf', 'HGH7_CNKI.ttf', 'HGHB_CNKI.TTF', 'HGHD_CNKI.ttf', 'HGHP_CNKI.TTF', 'HGHT1_CNKI.ttf', 'HGHT2_CNKI.ttf', 'HGHUATI_CNKI.ttf', 'HGHX_CNKI.ttf', 'HGHZ_CNKI.ttf', 'HGH_CNKI.TTF', 'HGKT1_CNKI.TTF', 'HGKT2_CNKI.TTF', 'HGKT_CNKI.TTF', 'HGKY_CNKI.ttf', 'HGLB_CNKI.TTF', 'HGLS_CNKI.TTF', 'HGMH_CNKI.TTF', 'HGNBS_CNKI.ttf', 'HGOCR_CNKI.ttf', 'HGPH_CNKI.TTF', 'HGPTY_CNKI.TTF', 'HGSS1_CNKI.TTF', 'HGSS2_CNKI.TTF', 'HGSS_CNKI.TTF', 'HGSXT_CNKI.ttf', 'HGTT_CNKI.ttf', 'HGTX_CNKI.TTF', 'HGWT_CNKI.TTF', 'HGWYS_CNKI.TTF', 'HGX1X_CNKI.ttf', 'HGX1_CNKI.ttf', 'HGXBS_CNKI.TTF', 'HGXC_CNKI.TTF', 'HGXF1_CNKI.ttf', 'HGXFX_CNKI.ttf', 'HGXFZ_CNKI.ttf', 'HGXH1_CNKI.TTF', 'HGXH_CNKI.TTF', 'HGXK_CNKI.TTF', 'HGXL_CNKI.TTF', 'HGXS_CNKI.TTF', 'HGXT_CNKI.ttf', 'HGXY_CNKI.ttf', 'HGY1_CNKI.TTF', 'HGY2_CNKI.TTF', 'HGY3_CNKI.TTF', 'HGY4_CNKI.TTF', 'HGYB_CNKI.ttf', 'HGYT1_CNKI.ttf', 'HGYT2_CNKI.ttf', 'HGYT_CNKI.TTF', 'HGYX_CNKI.TTF', 'HGZCS_CNKI.TTF', 'HGZDX_CNKI.TTF', 'HGZK_CNKI.TTF', 'HGZYT_CNKI.TTF', 'HGZY_CNKI.TTF', 'himalaya.ttf', 'holomdl2.ttf', 'HTOWERT.TTF', 'HTOWERTI.TTF', 'hvgafix.fon', 'hvgasys.fon', 'impact.ttf', 'IMPRISHA.TTF', 'INFROMAN.TTF', 'Inkfree.ttf', 'iqiyi_logov7.ttf', 'ITCBLKAD.TTF', 'ITCEDSCR.TTF', 'ITCKRIST.TTF', 'j8514fix.fon', 'j8514oem.fon', 'j8514sys.fon', 'javatext.ttf', 'JOKERMAN.TTF', 'jsmalle.fon', 'jsmallf.fon', 'JUICE___.TTF', 'jvgafix.fon', 'jvgasys.fon', 'KUNSTLER.TTF', 'LATINWD.TTF', 'LBRITE.TTF', 'LBRITED.TTF', 'LBRITEDI.TTF', 'LBRITEI.TTF', 'LCALLIG.TTF', 'LeelaUIb.ttf', 'LeelawUI.ttf', 'LeelUIsl.ttf', 'LFAX.TTF', 'LFAXD.TTF', 'LFAXDI.TTF', 'LFAXI.TTF', 'LHANDW.TTF', 'LSANS.TTF', 'LSANSD.TTF', 'LSANSDI.TTF', 'LSANSI.TTF', 'LTYPE.TTF', 'LTYPEB.TTF', 'LTYPEBO.TTF', 'LTYPEO.TTF', 'lucon.ttf', 'l_10646.ttf', 'MAGNETOB.TTF', 'MAIAN.TTF', 'malgun.ttf', 'malgunbd.ttf', 'malgunsl.ttf', 'marlett.ttf', 'MATURASC.TTF', 'micross.ttf', 'mingliub.ttc', 'MISTRAL.TTF', 'mmrtext.ttf', 'mmrtextb.ttf', 'MOD20.TTF', 'modern.fon', 'monbaiti.ttf', 'msgothic.ttc', 'msjh.ttc', 'msjhbd.ttc', 'msjhl.ttc', 'msyh.ttc', 'msyhbd.ttc', 'msyhl.ttc', 'msyi.ttf', 'MTCORSVA.TTF', 'MTEXTRA.TTF', 'mvboli.ttf', 'NIAGENG.TTF', 'NIAGSOL.TTF', 'Nirmala.ttf', 'NirmalaB.ttf', 'NirmalaS.ttf', 'ntailu.ttf', 'ntailub.ttf', 'NumberOnly.ttf', 'OCRAEXT.TTF', 'OLDENGL.TTF', 'ONYX.TTF', 'OUTLOOK.TTF', 'pala.ttf', 'palab.ttf', 'palabi.ttf', 'palai.ttf', 'PALSCRI.TTF', 'PAPYRUS.TTF', 'PARCHM.TTF', 'PERBI___.TTF', 'PERB____.TTF', 'PERI____.TTF', 'PERTIBD.TTF', 'PERTILI.TTF', 'PER_____.TTF', 'phagspa.ttf', 'phagspab.ttf', 'PLAYBILL.TTF', 'POORICH.TTF', 'PRISTINA.TTF', 'RAGE.TTF', 'RAVIE.TTF', 'REFSAN.TTF', 'REFSPCL.TTF', 'ROCCB___.TTF', 'ROCC____.TTF', 'ROCK.TTF', 'ROCKB.TTF', 'ROCKBI.TTF', 'ROCKEB.TTF', 'ROCKI.TTF', 'roman.fon', 's8514fix.fon', 's8514oem.fon', 's8514sys.fon', 'SCHLBKB.TTF', 'SCHLBKBI.TTF', 'SCHLBKI.TTF', 'script.fon', 'SCRIPTBL.TTF', 'segmdl2.ttf', 'SegoeIcons.ttf', 'segoepr.ttf', 'segoeprb.ttf', 'segoesc.ttf', 'segoescb.ttf', 'segoeui.ttf', 'segoeuib.ttf', 'segoeuii.ttf', 'segoeuil.ttf', 'segoeuisl.ttf', 'segoeuiz.ttf', 'seguibl.ttf', 'seguibli.ttf', 'seguiemj.ttf', 'seguihis.ttf', 'seguili.ttf', 'seguisb.ttf', 'seguisbi.ttf', 'seguisli.ttf', 'seguisym.ttf', 'SegUIVar.ttf', 'sere1255.fon', 'sere1256.fon', 'sere1257.fon', 'serf1255.fon', 'serf1256.fon', 'serf1257.fon', 'serife.fon', 'serifee.fon', 'serifeg.fon', 'serifer.fon', 'serifet.fon', 'seriff.fon', 'seriffe.fon', 'seriffg.fon', 'seriffr.fon', 'serifft.fon', 'SHOWG.TTF', 'simfang.ttf', 'simhei.ttf', 'simkai.ttf', 'SIMLI.TTF', 'simsun.ttc', 'simsunb.ttf', 'SIMYOU.TTF', 'SitkaVF-Italic.ttf', 'SitkaVF.ttf', 'smae1255.fon', 'smae1256.fon', 'smae1257.fon', 'smaf1255.fon', 'smaf1256.fon', 'smaf1257.fon', 'smalle.fon', 'smallee.fon', 'smalleg.fon', 'smaller.fon', 'smallet.fon', 'smallf.fon', 'smallfe.fon', 'smallfg.fon', 'smallfr.fon', 'smallft.fon', 'SNAP____.TTF', 'ssee1255.fon', 'ssee1256.fon', 'ssee1257.fon', 'ssee874.fon', 'ssef1255.fon', 'ssef1256.fon', 'ssef1257.fon', 'ssef874.fon', 'sserife.fon', 'sserifee.fon', 'sserifeg.fon', 'sserifer.fon', 'sserifet.fon', 'sseriff.fon', 'sseriffe.fon', 'sseriffg.fon', 'sseriffr.fon', 'sserifft.fon', 'StaticCache.dat', 'STCAIYUN.TTF', 'STENCIL.TTF', 'STFANGSO.TTF', 'STHUPO.TTF', 'STKAITI.TTF', 'STLITI.TTF', 'STSONG.TTF', 'STXIHEI.TTF', 'STXINGKA.TTF', 'STXINWEI.TTF', 'STZHONGS.TTF', 'svgafix.fon', 'svgasys.fon', 'sylfaen.ttf', 'symbol.ttf', 'tahoma.ttf', 'tahomabd.ttf', 'taile.ttf', 'taileb.ttf', 'TCBI____.TTF', 'TCB_____.TTF', 'TCCB____.TTF', 'TCCEB.TTF', 'TCCM____.TTF', 'TCMI____.TTF', 'TCM_____.TTF', 'TEMPSITC.TTF', 'times.ttf', 'timesbd.ttf', 'timesbi.ttf', 'timesi.ttf', 'trebuc.ttf', 'trebucbd.ttf', 'trebucbi.ttf', 'trebucit.ttf', 'verdana.ttf', 'verdanab.ttf', 'verdanai.ttf', 'verdanaz.ttf', 'vga737.fon', 'vga775.fon', 'vga850.fon', 'vga852.fon', 'vga855.fon', 'vga857.fon', 'vga860.fon', 'vga861.fon', 'vga863.fon', 'vga865.fon', 'vga866.fon', 'vga869.fon', 'vga932.fon', 'vga936.fon', 'vga949.fon', 'vga950.fon', 'vgaf1255.fon', 'vgaf1256.fon', 'vgaf1257.fon', 'vgaf874.fon', 'vgafix.fon', 'vgafixe.fon', 'vgafixg.fon', 'vgafixr.fon', 'vgafixt.fon', 'vgaoem.fon', 'vgas1255.fon', 'vgas1256.fon', 'vgas1257.fon', 'vgas874.fon', 'vgasys.fon', 'vgasyse.fon', 'vgasysg.fon', 'vgasysr.fon', 'vgasyst.fon', 'VINERITC.TTF', 'VIVALDII.TTF', 'VLADIMIR.TTF', 'webdings.ttf', 'wingding.ttf', 'WINGDNG2.TTF', 'WINGDNG3.TTF', 'YuGothB.ttc', 'YuGothL.ttc', 'YuGothM.ttc', 'YuGothR.ttc', '\u534e\u5eb7\u65b9\u5706\u4f53W7.TTC', '\u65b9\u6b63\u7c97\u9ed1\u5b8b\u7b80\u4f53.ttf']
2023-09-27 16:01:05,778 - INFO - all fonts installed:['8514fix.fon', '8514fixe.fon', '8514fixg.fon', '8514fixr.fon', '8514fixt.fon', '8514oem.fon', '8514oeme.fon', '8514oemg.fon', '8514oemr.fon', '8514oemt.fon', '8514sys.fon', '8514syse.fon', '8514sysg.fon', '8514sysr.fon', '8514syst.fon', '85775.fon', '85855.fon', '85f1255.fon', '85f1256.fon', '85f1257.fon', '85f874.fon', '85s1255.fon', '85s1256.fon', '85s1257.fon', '85s874.fon', 'AGENCYB.TTF', 'AGENCYR.TTF', 'ALGER.TTF', 'ANTQUAB.TTF', 'ANTQUABI.TTF', 'ANTQUAI.TTF', 'app775.fon', 'app850.fon', 'app852.fon', 'app855.fon', 'app857.fon', 'app866.fon', 'app932.fon', 'app936.fon', 'app949.fon', 'app950.fon', 'arial.ttf', 'arialbd.ttf', 'arialbi.ttf', 'ariali.ttf', 'ARIALN.TTF', 'ARIALNB.TTF', 'ARIALNBI.TTF', 'ARIALNI.TTF', 'ariblk.ttf', 'ARLRDBD.TTF', 'AxureHandwriting-Bold.otf', 'AxureHandwriting-BoldItalic.otf', 'AxureHandwriting-Italic.otf', 'AxureHandwriting.otf', 'bahnschrift.ttf', 'BASKVILL.TTF', 'BAUHS93.TTF', 'BELL.TTF', 'BELLB.TTF', 'BELLI.TTF', 'BERNHC.TTF', 'BKANT.TTF', 'BOD_B.TTF', 'BOD_BI.TTF', 'BOD_BLAI.TTF', 'BOD_BLAR.TTF', 'BOD_CB.TTF', 'BOD_CBI.TTF', 'BOD_CI.TTF', 'BOD_CR.TTF', 'BOD_I.TTF', 'BOD_PSTC.TTF', 'BOD_R.TTF', 'BOOKOS.TTF', 'BOOKOSB.TTF', 'BOOKOSBI.TTF', 'BOOKOSI.TTF', 'BRADHITC.TTF', 'BRITANIC.TTF', 'BRLNSB.TTF', 'BRLNSDB.TTF', 'BRLNSR.TTF', 'BROADW.TTF', 'BRUSHSCI.TTF', 'BSSYM7.TTF', 'c8514fix.fon', 'c8514oem.fon', 'c8514sys.fon', 'calibri.ttf', 'calibrib.ttf', 'calibrii.ttf', 'calibril.ttf', 'calibrili.ttf', 'calibriz.ttf', 'CALIFB.TTF', 'CALIFI.TTF', 'CALIFR.TTF', 'CALIST.TTF', 'CALISTB.TTF', 'CALISTBI.TTF', 'CALISTI.TTF', 'cambria.ttc', 'cambriab.ttf', 'cambriai.ttf', 'cambriaz.ttf', 'Candara.ttf', 'Candarab.ttf', 'Candarai.ttf', 'Candaral.ttf', 'Candarali.ttf', 'Candaraz.ttf', 'CascadiaCode.ttf', 'CascadiaMono.ttf', 'CASTELAR.TTF', 'CENSCBK.TTF', 'CENTAUR.TTF', 'CENTURY.TTF', 'cga40737.fon', 'cga40850.fon', 'cga40852.fon', 'cga40857.fon', 'cga40866.fon', 'cga40869.fon', 'cga40woa.fon', 'cga80737.fon', 'cga80850.fon', 'cga80852.fon', 'cga80857.fon', 'cga80866.fon', 'cga80869.fon', 'cga80woa.fon', 'CHILLER.TTF', 'COLONNA.TTF', 'comic.ttf', 'comicbd.ttf', 'comici.ttf', 'comicz.ttf', 'consola.ttf', 'consolab.ttf', 'consolai.ttf', 'consolaz.ttf', 'constan.ttf', 'constanb.ttf', 'constani.ttf', 'constanz.ttf', 'COOPBL.TTF', 'COPRGTB.TTF', 'COPRGTL.TTF', 'corbel.ttf', 'corbelb.ttf', 'corbeli.ttf', 'corbell.ttf', 'corbelli.ttf', 'corbelz.ttf', 'coue1255.fon', 'coue1256.fon', 'coue1257.fon', 'couf1255.fon', 'couf1256.fon', 'couf1257.fon', 'cour.ttf', 'courbd.ttf', 'courbi.ttf', 'coure.fon', 'couree.fon', 'coureg.fon', 'courer.fon', 'couret.fon', 'courf.fon', 'courfe.fon', 'courfg.fon', 'courfr.fon', 'courft.fon', 'couri.ttf', 'CURLZ___.TTF', 'cvgafix.fon', 'cvgasys.fon', 'Deng.ttf', 'Dengb.ttf', 'Dengl.ttf', 'desktop.ini', 'dos737.fon', 'dos869.fon', 'dosapp.fon', 'DUBAI-BOLD.TTF', 'DUBAI-LIGHT.TTF', 'DUBAI-MEDIUM.TTF', 'DUBAI-REGULAR.TTF', 'ebrima.ttf', 'ebrimabd.ttf', 'ega40737.fon', 'ega40850.fon', 'ega40852.fon', 'ega40857.fon', 'ega40866.fon', 'ega40869.fon', 'ega40woa.fon', 'ega80737.fon', 'ega80850.fon', 'ega80852.fon', 'ega80857.fon', 'ega80866.fon', 'ega80869.fon', 'ega80woa.fon', 'ELEPHNT.TTF', 'ELEPHNTI.TTF', 'ENGR.TTF', 'ERASBD.TTF', 'ERASDEMI.TTF', 'ERASLGHT.TTF', 'ERASMD.TTF', 'FELIXTI.TTF', 'fms_metadata.xml', 'FORTE.TTF', 'FRABK.TTF', 'FRABKIT.TTF', 'FRADM.TTF', 'FRADMCN.TTF', 'FRADMIT.TTF', 'FRAHV.TTF', 'FRAHVIT.TTF', 'framd.ttf', 'FRAMDCN.TTF', 'framdit.ttf', 'FREESCPT.TTF', 'FRSCRIPT.TTF', 'FTLTLT.TTF', 'FZSTK.TTF', 'FZYTK.TTF', 'Gabriola.ttf', 'gadugi.ttf', 'gadugib.ttf', 'GARA.TTF', 'GARABD.TTF', 'GARAIT.TTF', 'georgia.ttf', 'georgiab.ttf', 'georgiai.ttf', 'georgiaz.ttf', 'GIGI.TTF', 'GILBI___.TTF', 'GILB____.TTF', 'GILC____.TTF', 'GILI____.TTF', 'GILLUBCD.TTF', 'GILSANUB.TTF', 'GIL_____.TTF', 'GLECB.TTF', 'GlobalMonospace.CompositeFont', 'GlobalSansSerif.CompositeFont', 'GlobalSerif.CompositeFont', 'GlobalUserInterface.CompositeFont', 'GLSNECB.TTF', 'GOTHIC.TTF', 'GOTHICB.TTF', 'GOTHICBI.TTF', 'GOTHICI.TTF', 'GOUDOS.TTF', 'GOUDOSB.TTF', 'GOUDOSI.TTF', 'GOUDYSTO.TTF', 'h8514fix.fon', 'h8514oem.fon', 'h8514sys.fon', 'HARLOWSI.TTF', 'HARNGTON.TTF', 'HATTEN.TTF', 'HGB1X_CNKI.ttf', 'HGB1_CNKI.ttf', 'HGB2X_CNKI.ttf', 'HGB2_CNKI.ttf', 'HGB3X_CNKI.ttf', 'HGB3_CNKI.ttf', 'HGB4X_CNKI.ttf', 'HGB4_CNKI.ttf', 'HGB5X_CNKI.ttf', 'HGB5_CNKI.ttf', 'HGB6X_CNKI.ttf', 'HGB6_CNKI.ttf', 'HGB7X_CNKI.ttf', 'HGB7_CNKI.ttf', 'HGB8X_CNKI.ttf', 'HGB8_CNKI.ttf', 'HGBD_CNKI.ttf', 'HGBKBX_CNKI.ttf', 'HGBKB_CNKI.ttf', 'HGBKHX_CNKI.ttf', 'HGBKH_CNKI.ttf', 'HGBS1_CNKI.TTF', 'HGBS2_CNKI.TTF', 'HGBS_CNKI.TTF', 'HGBTH_CNKI.TTF', 'HGBTS_CNKI.TTF', 'HGBX_CNKI.ttf', 'HGBZ_CNKI.ttf', 'HGCH_CNKI.TTF', 'HGCUH_CNKI.TTF', 'HGCY_CNKI.TTF', 'HGDBS_CNKI.TTF', 'HGDGY_CNKI.TTF', 'HGDH2_CNKI.TTF', 'HGDH_CNKI.TTF', 'HGDYS_CNKI.TTF', 'HGDY_CNKI.ttf', 'HGF1X_CNKI.ttf', 'HGF1_CNKI.ttf', 'HGF2X_CNKI.ttf', 'HGF2_CNKI.ttf', 'HGF3_CNKI.ttf', 'HGF4X_CNKI.ttf', 'HGF4_CNKI.ttf', 'HGF5X_CNKI.ttf', 'HGF5_CNKI.ttf', 'HGF6X_CNKI.ttf', 'HGF6_CNKI.ttf', 'HGF7X_CNKI.ttf', 'HGF7_CNKI.ttf', 'HGF8_CNKI.ttf', 'HGF9X_CNKI.ttf', 'HGF9_CNKI.ttf', 'HGFS1_CNKI.TTF', 'HGFS2_CNKI.TTF', 'HGFSH_CNKI.TTF', 'HGFS_CNKI.TTF', 'HGFX_CNKI.ttf', 'HGFZ_CNKI.ttf', 'HGGG_CNKI.TTF', 'HGH1X_CNKI.ttf', 'HGH1_CNKI.ttf', 'HGH2X_CNKI.ttf', 'HGH2_CNKI.ttf', 'HGH3X_CNKI.ttf', 'HGH3_CNKI.ttf', 'HGH4X_CNKI.ttf', 'HGH4_CNKI.ttf', 'HGH5X_CNKI.ttf', 'HGH5_CNKI.ttf', 'HGH6X_CNKI.ttf', 'HGH6_CNKI.ttf', 'HGH7X_CNKI.ttf', 'HGH7_CNKI.ttf', 'HGHB_CNKI.TTF', 'HGHD_CNKI.ttf', 'HGHP_CNKI.TTF', 'HGHT1_CNKI.ttf', 'HGHT2_CNKI.ttf', 'HGHUATI_CNKI.ttf', 'HGHX_CNKI.ttf', 'HGHZ_CNKI.ttf', 'HGH_CNKI.TTF', 'HGKT1_CNKI.TTF', 'HGKT2_CNKI.TTF', 'HGKT_CNKI.TTF', 'HGKY_CNKI.ttf', 'HGLB_CNKI.TTF', 'HGLS_CNKI.TTF', 'HGMH_CNKI.TTF', 'HGNBS_CNKI.ttf', 'HGOCR_CNKI.ttf', 'HGPH_CNKI.TTF', 'HGPTY_CNKI.TTF', 'HGSS1_CNKI.TTF', 'HGSS2_CNKI.TTF', 'HGSS_CNKI.TTF', 'HGSXT_CNKI.ttf', 'HGTT_CNKI.ttf', 'HGTX_CNKI.TTF', 'HGWT_CNKI.TTF', 'HGWYS_CNKI.TTF', 'HGX1X_CNKI.ttf', 'HGX1_CNKI.ttf', 'HGXBS_CNKI.TTF', 'HGXC_CNKI.TTF', 'HGXF1_CNKI.ttf', 'HGXFX_CNKI.ttf', 'HGXFZ_CNKI.ttf', 'HGXH1_CNKI.TTF', 'HGXH_CNKI.TTF', 'HGXK_CNKI.TTF', 'HGXL_CNKI.TTF', 'HGXS_CNKI.TTF', 'HGXT_CNKI.ttf', 'HGXY_CNKI.ttf', 'HGY1_CNKI.TTF', 'HGY2_CNKI.TTF', 'HGY3_CNKI.TTF', 'HGY4_CNKI.TTF', 'HGYB_CNKI.ttf', 'HGYT1_CNKI.ttf', 'HGYT2_CNKI.ttf', 'HGYT_CNKI.TTF', 'HGYX_CNKI.TTF', 'HGZCS_CNKI.TTF', 'HGZDX_CNKI.TTF', 'HGZK_CNKI.TTF', 'HGZYT_CNKI.TTF', 'HGZY_CNKI.TTF', 'himalaya.ttf', 'holomdl2.ttf', 'HTOWERT.TTF', 'HTOWERTI.TTF', 'hvgafix.fon', 'hvgasys.fon', 'impact.ttf', 'IMPRISHA.TTF', 'INFROMAN.TTF', 'Inkfree.ttf', 'iqiyi_logov7.ttf', 'ITCBLKAD.TTF', 'ITCEDSCR.TTF', 'ITCKRIST.TTF', 'j8514fix.fon', 'j8514oem.fon', 'j8514sys.fon', 'javatext.ttf', 'JOKERMAN.TTF', 'jsmalle.fon', 'jsmallf.fon', 'JUICE___.TTF', 'jvgafix.fon', 'jvgasys.fon', 'KUNSTLER.TTF', 'LATINWD.TTF', 'LBRITE.TTF', 'LBRITED.TTF', 'LBRITEDI.TTF', 'LBRITEI.TTF', 'LCALLIG.TTF', 'LeelaUIb.ttf', 'LeelawUI.ttf', 'LeelUIsl.ttf', 'LFAX.TTF', 'LFAXD.TTF', 'LFAXDI.TTF', 'LFAXI.TTF', 'LHANDW.TTF', 'LSANS.TTF', 'LSANSD.TTF', 'LSANSDI.TTF', 'LSANSI.TTF', 'LTYPE.TTF', 'LTYPEB.TTF', 'LTYPEBO.TTF', 'LTYPEO.TTF', 'lucon.ttf', 'l_10646.ttf', 'MAGNETOB.TTF', 'MAIAN.TTF', 'malgun.ttf', 'malgunbd.ttf', 'malgunsl.ttf', 'marlett.ttf', 'MATURASC.TTF', 'micross.ttf', 'mingliub.ttc', 'MISTRAL.TTF', 'mmrtext.ttf', 'mmrtextb.ttf', 'MOD20.TTF', 'modern.fon', 'monbaiti.ttf', 'msgothic.ttc', 'msjh.ttc', 'msjhbd.ttc', 'msjhl.ttc', 'msyh.ttc', 'msyhbd.ttc', 'msyhl.ttc', 'msyi.ttf', 'MTCORSVA.TTF', 'MTEXTRA.TTF', 'mvboli.ttf', 'NIAGENG.TTF', 'NIAGSOL.TTF', 'Nirmala.ttf', 'NirmalaB.ttf', 'NirmalaS.ttf', 'ntailu.ttf', 'ntailub.ttf', 'NumberOnly.ttf', 'OCRAEXT.TTF', 'OLDENGL.TTF', 'ONYX.TTF', 'OUTLOOK.TTF', 'pala.ttf', 'palab.ttf', 'palabi.ttf', 'palai.ttf', 'PALSCRI.TTF', 'PAPYRUS.TTF', 'PARCHM.TTF', 'PERBI___.TTF', 'PERB____.TTF', 'PERI____.TTF', 'PERTIBD.TTF', 'PERTILI.TTF', 'PER_____.TTF', 'phagspa.ttf', 'phagspab.ttf', 'PLAYBILL.TTF', 'POORICH.TTF', 'PRISTINA.TTF', 'RAGE.TTF', 'RAVIE.TTF', 'REFSAN.TTF', 'REFSPCL.TTF', 'ROCCB___.TTF', 'ROCC____.TTF', 'ROCK.TTF', 'ROCKB.TTF', 'ROCKBI.TTF', 'ROCKEB.TTF', 'ROCKI.TTF', 'roman.fon', 's8514fix.fon', 's8514oem.fon', 's8514sys.fon', 'SCHLBKB.TTF', 'SCHLBKBI.TTF', 'SCHLBKI.TTF', 'script.fon', 'SCRIPTBL.TTF', 'segmdl2.ttf', 'SegoeIcons.ttf', 'segoepr.ttf', 'segoeprb.ttf', 'segoesc.ttf', 'segoescb.ttf', 'segoeui.ttf', 'segoeuib.ttf', 'segoeuii.ttf', 'segoeuil.ttf', 'segoeuisl.ttf', 'segoeuiz.ttf', 'seguibl.ttf', 'seguibli.ttf', 'seguiemj.ttf', 'seguihis.ttf', 'seguili.ttf', 'seguisb.ttf', 'seguisbi.ttf', 'seguisli.ttf', 'seguisym.ttf', 'SegUIVar.ttf', 'sere1255.fon', 'sere1256.fon', 'sere1257.fon', 'serf1255.fon', 'serf1256.fon', 'serf1257.fon', 'serife.fon', 'serifee.fon', 'serifeg.fon', 'serifer.fon', 'serifet.fon', 'seriff.fon', 'seriffe.fon', 'seriffg.fon', 'seriffr.fon', 'serifft.fon', 'SHOWG.TTF', 'simfang.ttf', 'simhei.ttf', 'simkai.ttf', 'SIMLI.TTF', 'simsun.ttc', 'simsunb.ttf', 'SIMYOU.TTF', 'SitkaVF-Italic.ttf', 'SitkaVF.ttf', 'smae1255.fon', 'smae1256.fon', 'smae1257.fon', 'smaf1255.fon', 'smaf1256.fon', 'smaf1257.fon', 'smalle.fon', 'smallee.fon', 'smalleg.fon', 'smaller.fon', 'smallet.fon', 'smallf.fon', 'smallfe.fon', 'smallfg.fon', 'smallfr.fon', 'smallft.fon', 'SNAP____.TTF', 'ssee1255.fon', 'ssee1256.fon', 'ssee1257.fon', 'ssee874.fon', 'ssef1255.fon', 'ssef1256.fon', 'ssef1257.fon', 'ssef874.fon', 'sserife.fon', 'sserifee.fon', 'sserifeg.fon', 'sserifer.fon', 'sserifet.fon', 'sseriff.fon', 'sseriffe.fon', 'sseriffg.fon', 'sseriffr.fon', 'sserifft.fon', 'StaticCache.dat', 'STCAIYUN.TTF', 'STENCIL.TTF', 'STFANGSO.TTF', 'STHUPO.TTF', 'STKAITI.TTF', 'STLITI.TTF', 'STSONG.TTF', 'STXIHEI.TTF', 'STXINGKA.TTF', 'STXINWEI.TTF', 'STZHONGS.TTF', 'svgafix.fon', 'svgasys.fon', 'sylfaen.ttf', 'symbol.ttf', 'tahoma.ttf', 'tahomabd.ttf', 'taile.ttf', 'taileb.ttf', 'TCBI____.TTF', 'TCB_____.TTF', 'TCCB____.TTF', 'TCCEB.TTF', 'TCCM____.TTF', 'TCMI____.TTF', 'TCM_____.TTF', 'TEMPSITC.TTF', 'times.ttf', 'timesbd.ttf', 'timesbi.ttf', 'timesi.ttf', 'trebuc.ttf', 'trebucbd.ttf', 'trebucbi.ttf', 'trebucit.ttf', 'verdana.ttf', 'verdanab.ttf', 'verdanai.ttf', 'verdanaz.ttf', 'vga737.fon', 'vga775.fon', 'vga850.fon', 'vga852.fon', 'vga855.fon', 'vga857.fon', 'vga860.fon', 'vga861.fon', 'vga863.fon', 'vga865.fon', 'vga866.fon', 'vga869.fon', 'vga932.fon', 'vga936.fon', 'vga949.fon', 'vga950.fon', 'vgaf1255.fon', 'vgaf1256.fon', 'vgaf1257.fon', 'vgaf874.fon', 'vgafix.fon', 'vgafixe.fon', 'vgafixg.fon', 'vgafixr.fon', 'vgafixt.fon', 'vgaoem.fon', 'vgas1255.fon', 'vgas1256.fon', 'vgas1257.fon', 'vgas874.fon', 'vgasys.fon', 'vgasyse.fon', 'vgasysg.fon', 'vgasysr.fon', 'vgasyst.fon', 'VINERITC.TTF', 'VIVALDII.TTF', 'VLADIMIR.TTF', 'webdings.ttf', 'wingding.ttf', 'WINGDNG2.TTF', 'WINGDNG3.TTF', 'YuGothB.ttc', 'YuGothL.ttc', 'YuGothM.ttc', 'YuGothR.ttc', '\u534e\u5eb7\u65b9\u5706\u4f53W7.TTC', '\u65b9\u6b63\u7c97\u9ed1\u5b8b\u7b80\u4f53.ttf']
2023-09-27 16:01:06,036 - INFO - all fonts installed:['8514fix.fon', '8514fixe.fon', '8514fixg.fon', '8514fixr.fon', '8514fixt.fon', '8514oem.fon', '8514oeme.fon', '8514oemg.fon', '8514oemr.fon', '8514oemt.fon', '8514sys.fon', '8514syse.fon', '8514sysg.fon', '8514sysr.fon', '8514syst.fon', '85775.fon', '85855.fon', '85f1255.fon', '85f1256.fon', '85f1257.fon', '85f874.fon', '85s1255.fon', '85s1256.fon', '85s1257.fon', '85s874.fon', 'AGENCYB.TTF', 'AGENCYR.TTF', 'ALGER.TTF', 'ANTQUAB.TTF', 'ANTQUABI.TTF', 'ANTQUAI.TTF', 'app775.fon', 'app850.fon', 'app852.fon', 'app855.fon', 'app857.fon', 'app866.fon', 'app932.fon', 'app936.fon', 'app949.fon', 'app950.fon', 'arial.ttf', 'arialbd.ttf', 'arialbi.ttf', 'ariali.ttf', 'ARIALN.TTF', 'ARIALNB.TTF', 'ARIALNBI.TTF', 'ARIALNI.TTF', 'ariblk.ttf', 'ARLRDBD.TTF', 'AxureHandwriting-Bold.otf', 'AxureHandwriting-BoldItalic.otf', 'AxureHandwriting-Italic.otf', 'AxureHandwriting.otf', 'bahnschrift.ttf', 'BASKVILL.TTF', 'BAUHS93.TTF', 'BELL.TTF', 'BELLB.TTF', 'BELLI.TTF', 'BERNHC.TTF', 'BKANT.TTF', 'BOD_B.TTF', 'BOD_BI.TTF', 'BOD_BLAI.TTF', 'BOD_BLAR.TTF', 'BOD_CB.TTF', 'BOD_CBI.TTF', 'BOD_CI.TTF', 'BOD_CR.TTF', 'BOD_I.TTF', 'BOD_PSTC.TTF', 'BOD_R.TTF', 'BOOKOS.TTF', 'BOOKOSB.TTF', 'BOOKOSBI.TTF', 'BOOKOSI.TTF', 'BRADHITC.TTF', 'BRITANIC.TTF', 'BRLNSB.TTF', 'BRLNSDB.TTF', 'BRLNSR.TTF', 'BROADW.TTF', 'BRUSHSCI.TTF', 'BSSYM7.TTF', 'c8514fix.fon', 'c8514oem.fon', 'c8514sys.fon', 'calibri.ttf', 'calibrib.ttf', 'calibrii.ttf', 'calibril.ttf', 'calibrili.ttf', 'calibriz.ttf', 'CALIFB.TTF', 'CALIFI.TTF', 'CALIFR.TTF', 'CALIST.TTF', 'CALISTB.TTF', 'CALISTBI.TTF', 'CALISTI.TTF', 'cambria.ttc', 'cambriab.ttf', 'cambriai.ttf', 'cambriaz.ttf', 'Candara.ttf', 'Candarab.ttf', 'Candarai.ttf', 'Candaral.ttf', 'Candarali.ttf', 'Candaraz.ttf', 'CascadiaCode.ttf', 'CascadiaMono.ttf', 'CASTELAR.TTF', 'CENSCBK.TTF', 'CENTAUR.TTF', 'CENTURY.TTF', 'cga40737.fon', 'cga40850.fon', 'cga40852.fon', 'cga40857.fon', 'cga40866.fon', 'cga40869.fon', 'cga40woa.fon', 'cga80737.fon', 'cga80850.fon', 'cga80852.fon', 'cga80857.fon', 'cga80866.fon', 'cga80869.fon', 'cga80woa.fon', 'CHILLER.TTF', 'COLONNA.TTF', 'comic.ttf', 'comicbd.ttf', 'comici.ttf', 'comicz.ttf', 'consola.ttf', 'consolab.ttf', 'consolai.ttf', 'consolaz.ttf', 'constan.ttf', 'constanb.ttf', 'constani.ttf', 'constanz.ttf', 'COOPBL.TTF', 'COPRGTB.TTF', 'COPRGTL.TTF', 'corbel.ttf', 'corbelb.ttf', 'corbeli.ttf', 'corbell.ttf', 'corbelli.ttf', 'corbelz.ttf', 'coue1255.fon', 'coue1256.fon', 'coue1257.fon', 'couf1255.fon', 'couf1256.fon', 'couf1257.fon', 'cour.ttf', 'courbd.ttf', 'courbi.ttf', 'coure.fon', 'couree.fon', 'coureg.fon', 'courer.fon', 'couret.fon', 'courf.fon', 'courfe.fon', 'courfg.fon', 'courfr.fon', 'courft.fon', 'couri.ttf', 'CURLZ___.TTF', 'cvgafix.fon', 'cvgasys.fon', 'Deng.ttf', 'Dengb.ttf', 'Dengl.ttf', 'desktop.ini', 'dos737.fon', 'dos869.fon', 'dosapp.fon', 'DUBAI-BOLD.TTF', 'DUBAI-LIGHT.TTF', 'DUBAI-MEDIUM.TTF', 'DUBAI-REGULAR.TTF', 'ebrima.ttf', 'ebrimabd.ttf', 'ega40737.fon', 'ega40850.fon', 'ega40852.fon', 'ega40857.fon', 'ega40866.fon', 'ega40869.fon', 'ega40woa.fon', 'ega80737.fon', 'ega80850.fon', 'ega80852.fon', 'ega80857.fon', 'ega80866.fon', 'ega80869.fon', 'ega80woa.fon', 'ELEPHNT.TTF', 'ELEPHNTI.TTF', 'ENGR.TTF', 'ERASBD.TTF', 'ERASDEMI.TTF', 'ERASLGHT.TTF', 'ERASMD.TTF', 'FELIXTI.TTF', 'fms_metadata.xml', 'FORTE.TTF', 'FRABK.TTF', 'FRABKIT.TTF', 'FRADM.TTF', 'FRADMCN.TTF', 'FRADMIT.TTF', 'FRAHV.TTF', 'FRAHVIT.TTF', 'framd.ttf', 'FRAMDCN.TTF', 'framdit.ttf', 'FREESCPT.TTF', 'FRSCRIPT.TTF', 'FTLTLT.TTF', 'FZSTK.TTF', 'FZYTK.TTF', 'Gabriola.ttf', 'gadugi.ttf', 'gadugib.ttf', 'GARA.TTF', 'GARABD.TTF', 'GARAIT.TTF', 'georgia.ttf', 'georgiab.ttf', 'georgiai.ttf', 'georgiaz.ttf', 'GIGI.TTF', 'GILBI___.TTF', 'GILB____.TTF', 'GILC____.TTF', 'GILI____.TTF', 'GILLUBCD.TTF', 'GILSANUB.TTF', 'GIL_____.TTF', 'GLECB.TTF', 'GlobalMonospace.CompositeFont', 'GlobalSansSerif.CompositeFont', 'GlobalSerif.CompositeFont', 'GlobalUserInterface.CompositeFont', 'GLSNECB.TTF', 'GOTHIC.TTF', 'GOTHICB.TTF', 'GOTHICBI.TTF', 'GOTHICI.TTF', 'GOUDOS.TTF', 'GOUDOSB.TTF', 'GOUDOSI.TTF', 'GOUDYSTO.TTF', 'h8514fix.fon', 'h8514oem.fon', 'h8514sys.fon', 'HARLOWSI.TTF', 'HARNGTON.TTF', 'HATTEN.TTF', 'HGB1X_CNKI.ttf', 'HGB1_CNKI.ttf', 'HGB2X_CNKI.ttf', 'HGB2_CNKI.ttf', 'HGB3X_CNKI.ttf', 'HGB3_CNKI.ttf', 'HGB4X_CNKI.ttf', 'HGB4_CNKI.ttf', 'HGB5X_CNKI.ttf', 'HGB5_CNKI.ttf', 'HGB6X_CNKI.ttf', 'HGB6_CNKI.ttf', 'HGB7X_CNKI.ttf', 'HGB7_CNKI.ttf', 'HGB8X_CNKI.ttf', 'HGB8_CNKI.ttf', 'HGBD_CNKI.ttf', 'HGBKBX_CNKI.ttf', 'HGBKB_CNKI.ttf', 'HGBKHX_CNKI.ttf', 'HGBKH_CNKI.ttf', 'HGBS1_CNKI.TTF', 'HGBS2_CNKI.TTF', 'HGBS_CNKI.TTF', 'HGBTH_CNKI.TTF', 'HGBTS_CNKI.TTF', 'HGBX_CNKI.ttf', 'HGBZ_CNKI.ttf', 'HGCH_CNKI.TTF', 'HGCUH_CNKI.TTF', 'HGCY_CNKI.TTF', 'HGDBS_CNKI.TTF', 'HGDGY_CNKI.TTF', 'HGDH2_CNKI.TTF', 'HGDH_CNKI.TTF', 'HGDYS_CNKI.TTF', 'HGDY_CNKI.ttf', 'HGF1X_CNKI.ttf', 'HGF1_CNKI.ttf', 'HGF2X_CNKI.ttf', 'HGF2_CNKI.ttf', 'HGF3_CNKI.ttf', 'HGF4X_CNKI.ttf', 'HGF4_CNKI.ttf', 'HGF5X_CNKI.ttf', 'HGF5_CNKI.ttf', 'HGF6X_CNKI.ttf', 'HGF6_CNKI.ttf', 'HGF7X_CNKI.ttf', 'HGF7_CNKI.ttf', 'HGF8_CNKI.ttf', 'HGF9X_CNKI.ttf', 'HGF9_CNKI.ttf', 'HGFS1_CNKI.TTF', 'HGFS2_CNKI.TTF', 'HGFSH_CNKI.TTF', 'HGFS_CNKI.TTF', 'HGFX_CNKI.ttf', 'HGFZ_CNKI.ttf', 'HGGG_CNKI.TTF', 'HGH1X_CNKI.ttf', 'HGH1_CNKI.ttf', 'HGH2X_CNKI.ttf', 'HGH2_CNKI.ttf', 'HGH3X_CNKI.ttf', 'HGH3_CNKI.ttf', 'HGH4X_CNKI.ttf', 'HGH4_CNKI.ttf', 'HGH5X_CNKI.ttf', 'HGH5_CNKI.ttf', 'HGH6X_CNKI.ttf', 'HGH6_CNKI.ttf', 'HGH7X_CNKI.ttf', 'HGH7_CNKI.ttf', 'HGHB_CNKI.TTF', 'HGHD_CNKI.ttf', 'HGHP_CNKI.TTF', 'HGHT1_CNKI.ttf', 'HGHT2_CNKI.ttf', 'HGHUATI_CNKI.ttf', 'HGHX_CNKI.ttf', 'HGHZ_CNKI.ttf', 'HGH_CNKI.TTF', 'HGKT1_CNKI.TTF', 'HGKT2_CNKI.TTF', 'HGKT_CNKI.TTF', 'HGKY_CNKI.ttf', 'HGLB_CNKI.TTF', 'HGLS_CNKI.TTF', 'HGMH_CNKI.TTF', 'HGNBS_CNKI.ttf', 'HGOCR_CNKI.ttf', 'HGPH_CNKI.TTF', 'HGPTY_CNKI.TTF', 'HGSS1_CNKI.TTF', 'HGSS2_CNKI.TTF', 'HGSS_CNKI.TTF', 'HGSXT_CNKI.ttf', 'HGTT_CNKI.ttf', 'HGTX_CNKI.TTF', 'HGWT_CNKI.TTF', 'HGWYS_CNKI.TTF', 'HGX1X_CNKI.ttf', 'HGX1_CNKI.ttf', 'HGXBS_CNKI.TTF', 'HGXC_CNKI.TTF', 'HGXF1_CNKI.ttf', 'HGXFX_CNKI.ttf', 'HGXFZ_CNKI.ttf', 'HGXH1_CNKI.TTF', 'HGXH_CNKI.TTF', 'HGXK_CNKI.TTF', 'HGXL_CNKI.TTF', 'HGXS_CNKI.TTF', 'HGXT_CNKI.ttf', 'HGXY_CNKI.ttf', 'HGY1_CNKI.TTF', 'HGY2_CNKI.TTF', 'HGY3_CNKI.TTF', 'HGY4_CNKI.TTF', 'HGYB_CNKI.ttf', 'HGYT1_CNKI.ttf', 'HGYT2_CNKI.ttf', 'HGYT_CNKI.TTF', 'HGYX_CNKI.TTF', 'HGZCS_CNKI.TTF', 'HGZDX_CNKI.TTF', 'HGZK_CNKI.TTF', 'HGZYT_CNKI.TTF', 'HGZY_CNKI.TTF', 'himalaya.ttf', 'holomdl2.ttf', 'HTOWERT.TTF', 'HTOWERTI.TTF', 'hvgafix.fon', 'hvgasys.fon', 'impact.ttf', 'IMPRISHA.TTF', 'INFROMAN.TTF', 'Inkfree.ttf', 'iqiyi_logov7.ttf', 'ITCBLKAD.TTF', 'ITCEDSCR.TTF', 'ITCKRIST.TTF', 'j8514fix.fon', 'j8514oem.fon', 'j8514sys.fon', 'javatext.ttf', 'JOKERMAN.TTF', 'jsmalle.fon', 'jsmallf.fon', 'JUICE___.TTF', 'jvgafix.fon', 'jvgasys.fon', 'KUNSTLER.TTF', 'LATINWD.TTF', 'LBRITE.TTF', 'LBRITED.TTF', 'LBRITEDI.TTF', 'LBRITEI.TTF', 'LCALLIG.TTF', 'LeelaUIb.ttf', 'LeelawUI.ttf', 'LeelUIsl.ttf', 'LFAX.TTF', 'LFAXD.TTF', 'LFAXDI.TTF', 'LFAXI.TTF', 'LHANDW.TTF', 'LSANS.TTF', 'LSANSD.TTF', 'LSANSDI.TTF', 'LSANSI.TTF', 'LTYPE.TTF', 'LTYPEB.TTF', 'LTYPEBO.TTF', 'LTYPEO.TTF', 'lucon.ttf', 'l_10646.ttf', 'MAGNETOB.TTF', 'MAIAN.TTF', 'malgun.ttf', 'malgunbd.ttf', 'malgunsl.ttf', 'marlett.ttf', 'MATURASC.TTF', 'micross.ttf', 'mingliub.ttc', 'MISTRAL.TTF', 'mmrtext.ttf', 'mmrtextb.ttf', 'MOD20.TTF', 'modern.fon', 'monbaiti.ttf', 'msgothic.ttc', 'msjh.ttc', 'msjhbd.ttc', 'msjhl.ttc', 'msyh.ttc', 'msyhbd.ttc', 'msyhl.ttc', 'msyi.ttf', 'MTCORSVA.TTF', 'MTEXTRA.TTF', 'mvboli.ttf', 'NIAGENG.TTF', 'NIAGSOL.TTF', 'Nirmala.ttf', 'NirmalaB.ttf', 'NirmalaS.ttf', 'ntailu.ttf', 'ntailub.ttf', 'NumberOnly.ttf', 'OCRAEXT.TTF', 'OLDENGL.TTF', 'ONYX.TTF', 'OUTLOOK.TTF', 'pala.ttf', 'palab.ttf', 'palabi.ttf', 'palai.ttf', 'PALSCRI.TTF', 'PAPYRUS.TTF', 'PARCHM.TTF', 'PERBI___.TTF', 'PERB____.TTF', 'PERI____.TTF', 'PERTIBD.TTF', 'PERTILI.TTF', 'PER_____.TTF', 'phagspa.ttf', 'phagspab.ttf', 'PLAYBILL.TTF', 'POORICH.TTF', 'PRISTINA.TTF', 'RAGE.TTF', 'RAVIE.TTF', 'REFSAN.TTF', 'REFSPCL.TTF', 'ROCCB___.TTF', 'ROCC____.TTF', 'ROCK.TTF', 'ROCKB.TTF', 'ROCKBI.TTF', 'ROCKEB.TTF', 'ROCKI.TTF', 'roman.fon', 's8514fix.fon', 's8514oem.fon', 's8514sys.fon', 'SCHLBKB.TTF', 'SCHLBKBI.TTF', 'SCHLBKI.TTF', 'script.fon', 'SCRIPTBL.TTF', 'segmdl2.ttf', 'SegoeIcons.ttf', 'segoepr.ttf', 'segoeprb.ttf', 'segoesc.ttf', 'segoescb.ttf', 'segoeui.ttf', 'segoeuib.ttf', 'segoeuii.ttf', 'segoeuil.ttf', 'segoeuisl.ttf', 'segoeuiz.ttf', 'seguibl.ttf', 'seguibli.ttf', 'seguiemj.ttf', 'seguihis.ttf', 'seguili.ttf', 'seguisb.ttf', 'seguisbi.ttf', 'seguisli.ttf', 'seguisym.ttf', 'SegUIVar.ttf', 'sere1255.fon', 'sere1256.fon', 'sere1257.fon', 'serf1255.fon', 'serf1256.fon', 'serf1257.fon', 'serife.fon', 'serifee.fon', 'serifeg.fon', 'serifer.fon', 'serifet.fon', 'seriff.fon', 'seriffe.fon', 'seriffg.fon', 'seriffr.fon', 'serifft.fon', 'SHOWG.TTF', 'simfang.ttf', 'simhei.ttf', 'simkai.ttf', 'SIMLI.TTF', 'simsun.ttc', 'simsunb.ttf', 'SIMYOU.TTF', 'SitkaVF-Italic.ttf', 'SitkaVF.ttf', 'smae1255.fon', 'smae1256.fon', 'smae1257.fon', 'smaf1255.fon', 'smaf1256.fon', 'smaf1257.fon', 'smalle.fon', 'smallee.fon', 'smalleg.fon', 'smaller.fon', 'smallet.fon', 'smallf.fon', 'smallfe.fon', 'smallfg.fon', 'smallfr.fon', 'smallft.fon', 'SNAP____.TTF', 'ssee1255.fon', 'ssee1256.fon', 'ssee1257.fon', 'ssee874.fon', 'ssef1255.fon', 'ssef1256.fon', 'ssef1257.fon', 'ssef874.fon', 'sserife.fon', 'sserifee.fon', 'sserifeg.fon', 'sserifer.fon', 'sserifet.fon', 'sseriff.fon', 'sseriffe.fon', 'sseriffg.fon', 'sseriffr.fon', 'sserifft.fon', 'StaticCache.dat', 'STCAIYUN.TTF', 'STENCIL.TTF', 'STFANGSO.TTF', 'STHUPO.TTF', 'STKAITI.TTF', 'STLITI.TTF', 'STSONG.TTF', 'STXIHEI.TTF', 'STXINGKA.TTF', 'STXINWEI.TTF', 'STZHONGS.TTF', 'svgafix.fon', 'svgasys.fon', 'sylfaen.ttf', 'symbol.ttf', 'tahoma.ttf', 'tahomabd.ttf', 'taile.ttf', 'taileb.ttf', 'TCBI____.TTF', 'TCB_____.TTF', 'TCCB____.TTF', 'TCCEB.TTF', 'TCCM____.TTF', 'TCMI____.TTF', 'TCM_____.TTF', 'TEMPSITC.TTF', 'times.ttf', 'timesbd.ttf', 'timesbi.ttf', 'timesi.ttf', 'trebuc.ttf', 'trebucbd.ttf', 'trebucbi.ttf', 'trebucit.ttf', 'verdana.ttf', 'verdanab.ttf', 'verdanai.ttf', 'verdanaz.ttf', 'vga737.fon', 'vga775.fon', 'vga850.fon', 'vga852.fon', 'vga855.fon', 'vga857.fon', 'vga860.fon', 'vga861.fon', 'vga863.fon', 'vga865.fon', 'vga866.fon', 'vga869.fon', 'vga932.fon', 'vga936.fon', 'vga949.fon', 'vga950.fon', 'vgaf1255.fon', 'vgaf1256.fon', 'vgaf1257.fon', 'vgaf874.fon', 'vgafix.fon', 'vgafixe.fon', 'vgafixg.fon', 'vgafixr.fon', 'vgafixt.fon', 'vgaoem.fon', 'vgas1255.fon', 'vgas1256.fon', 'vgas1257.fon', 'vgas874.fon', 'vgasys.fon', 'vgasyse.fon', 'vgasysg.fon', 'vgasysr.fon', 'vgasyst.fon', 'VINERITC.TTF', 'VIVALDII.TTF', 'VLADIMIR.TTF', 'webdings.ttf', 'wingding.ttf', 'WINGDNG2.TTF', 'WINGDNG3.TTF', 'YuGothB.ttc', 'YuGothL.ttc', 'YuGothM.ttc', 'YuGothR.ttc', '\u534e\u5eb7\u65b9\u5706\u4f53W7.TTC', '\u65b9\u6b63\u7c97\u9ed1\u5b8b\u7b80\u4f53.ttf']
2023-09-27 16:01:06,046 - INFO - all fonts installed:['8514fix.fon', '8514fixe.fon', '8514fixg.fon', '8514fixr.fon', '8514fixt.fon', '8514oem.fon', '8514oeme.fon', '8514oemg.fon', '8514oemr.fon', '8514oemt.fon', '8514sys.fon', '8514syse.fon', '8514sysg.fon', '8514sysr.fon', '8514syst.fon', '85775.fon', '85855.fon', '85f1255.fon', '85f1256.fon', '85f1257.fon', '85f874.fon', '85s1255.fon', '85s1256.fon', '85s1257.fon', '85s874.fon', 'AGENCYB.TTF', 'AGENCYR.TTF', 'ALGER.TTF', 'ANTQUAB.TTF', 'ANTQUABI.TTF', 'ANTQUAI.TTF', 'app775.fon', 'app850.fon', 'app852.fon', 'app855.fon', 'app857.fon', 'app866.fon', 'app932.fon', 'app936.fon', 'app949.fon', 'app950.fon', 'arial.ttf', 'arialbd.ttf', 'arialbi.ttf', 'ariali.ttf', 'ARIALN.TTF', 'ARIALNB.TTF', 'ARIALNBI.TTF', 'ARIALNI.TTF', 'ariblk.ttf', 'ARLRDBD.TTF', 'AxureHandwriting-Bold.otf', 'AxureHandwriting-BoldItalic.otf', 'AxureHandwriting-Italic.otf', 'AxureHandwriting.otf', 'bahnschrift.ttf', 'BASKVILL.TTF', 'BAUHS93.TTF', 'BELL.TTF', 'BELLB.TTF', 'BELLI.TTF', 'BERNHC.TTF', 'BKANT.TTF', 'BOD_B.TTF', 'BOD_BI.TTF', 'BOD_BLAI.TTF', 'BOD_BLAR.TTF', 'BOD_CB.TTF', 'BOD_CBI.TTF', 'BOD_CI.TTF', 'BOD_CR.TTF', 'BOD_I.TTF', 'BOD_PSTC.TTF', 'BOD_R.TTF', 'BOOKOS.TTF', 'BOOKOSB.TTF', 'BOOKOSBI.TTF', 'BOOKOSI.TTF', 'BRADHITC.TTF', 'BRITANIC.TTF', 'BRLNSB.TTF', 'BRLNSDB.TTF', 'BRLNSR.TTF', 'BROADW.TTF', 'BRUSHSCI.TTF', 'BSSYM7.TTF', 'c8514fix.fon', 'c8514oem.fon', 'c8514sys.fon', 'calibri.ttf', 'calibrib.ttf', 'calibrii.ttf', 'calibril.ttf', 'calibrili.ttf', 'calibriz.ttf', 'CALIFB.TTF', 'CALIFI.TTF', 'CALIFR.TTF', 'CALIST.TTF', 'CALISTB.TTF', 'CALISTBI.TTF', 'CALISTI.TTF', 'cambria.ttc', 'cambriab.ttf', 'cambriai.ttf', 'cambriaz.ttf', 'Candara.ttf', 'Candarab.ttf', 'Candarai.ttf', 'Candaral.ttf', 'Candarali.ttf', 'Candaraz.ttf', 'CascadiaCode.ttf', 'CascadiaMono.ttf', 'CASTELAR.TTF', 'CENSCBK.TTF', 'CENTAUR.TTF', 'CENTURY.TTF', 'cga40737.fon', 'cga40850.fon', 'cga40852.fon', 'cga40857.fon', 'cga40866.fon', 'cga40869.fon', 'cga40woa.fon', 'cga80737.fon', 'cga80850.fon', 'cga80852.fon', 'cga80857.fon', 'cga80866.fon', 'cga80869.fon', 'cga80woa.fon', 'CHILLER.TTF', 'COLONNA.TTF', 'comic.ttf', 'comicbd.ttf', 'comici.ttf', 'comicz.ttf', 'consola.ttf', 'consolab.ttf', 'consolai.ttf', 'consolaz.ttf', 'constan.ttf', 'constanb.ttf', 'constani.ttf', 'constanz.ttf', 'COOPBL.TTF', 'COPRGTB.TTF', 'COPRGTL.TTF', 'corbel.ttf', 'corbelb.ttf', 'corbeli.ttf', 'corbell.ttf', 'corbelli.ttf', 'corbelz.ttf', 'coue1255.fon', 'coue1256.fon', 'coue1257.fon', 'couf1255.fon', 'couf1256.fon', 'couf1257.fon', 'cour.ttf', 'courbd.ttf', 'courbi.ttf', 'coure.fon', 'couree.fon', 'coureg.fon', 'courer.fon', 'couret.fon', 'courf.fon', 'courfe.fon', 'courfg.fon', 'courfr.fon', 'courft.fon', 'couri.ttf', 'CURLZ___.TTF', 'cvgafix.fon', 'cvgasys.fon', 'Deng.ttf', 'Dengb.ttf', 'Dengl.ttf', 'desktop.ini', 'dos737.fon', 'dos869.fon', 'dosapp.fon', 'DUBAI-BOLD.TTF', 'DUBAI-LIGHT.TTF', 'DUBAI-MEDIUM.TTF', 'DUBAI-REGULAR.TTF', 'ebrima.ttf', 'ebrimabd.ttf', 'ega40737.fon', 'ega40850.fon', 'ega40852.fon', 'ega40857.fon', 'ega40866.fon', 'ega40869.fon', 'ega40woa.fon', 'ega80737.fon', 'ega80850.fon', 'ega80852.fon', 'ega80857.fon', 'ega80866.fon', 'ega80869.fon', 'ega80woa.fon', 'ELEPHNT.TTF', 'ELEPHNTI.TTF', 'ENGR.TTF', 'ERASBD.TTF', 'ERASDEMI.TTF', 'ERASLGHT.TTF', 'ERASMD.TTF', 'FELIXTI.TTF', 'fms_metadata.xml', 'FORTE.TTF', 'FRABK.TTF', 'FRABKIT.TTF', 'FRADM.TTF', 'FRADMCN.TTF', 'FRADMIT.TTF', 'FRAHV.TTF', 'FRAHVIT.TTF', 'framd.ttf', 'FRAMDCN.TTF', 'framdit.ttf', 'FREESCPT.TTF', 'FRSCRIPT.TTF', 'FTLTLT.TTF', 'FZSTK.TTF', 'FZYTK.TTF', 'Gabriola.ttf', 'gadugi.ttf', 'gadugib.ttf', 'GARA.TTF', 'GARABD.TTF', 'GARAIT.TTF', 'georgia.ttf', 'georgiab.ttf', 'georgiai.ttf', 'georgiaz.ttf', 'GIGI.TTF', 'GILBI___.TTF', 'GILB____.TTF', 'GILC____.TTF', 'GILI____.TTF', 'GILLUBCD.TTF', 'GILSANUB.TTF', 'GIL_____.TTF', 'GLECB.TTF', 'GlobalMonospace.CompositeFont', 'GlobalSansSerif.CompositeFont', 'GlobalSerif.CompositeFont', 'GlobalUserInterface.CompositeFont', 'GLSNECB.TTF', 'GOTHIC.TTF', 'GOTHICB.TTF', 'GOTHICBI.TTF', 'GOTHICI.TTF', 'GOUDOS.TTF', 'GOUDOSB.TTF', 'GOUDOSI.TTF', 'GOUDYSTO.TTF', 'h8514fix.fon', 'h8514oem.fon', 'h8514sys.fon', 'HARLOWSI.TTF', 'HARNGTON.TTF', 'HATTEN.TTF', 'HGB1X_CNKI.ttf', 'HGB1_CNKI.ttf', 'HGB2X_CNKI.ttf', 'HGB2_CNKI.ttf', 'HGB3X_CNKI.ttf', 'HGB3_CNKI.ttf', 'HGB4X_CNKI.ttf', 'HGB4_CNKI.ttf', 'HGB5X_CNKI.ttf', 'HGB5_CNKI.ttf', 'HGB6X_CNKI.ttf', 'HGB6_CNKI.ttf', 'HGB7X_CNKI.ttf', 'HGB7_CNKI.ttf', 'HGB8X_CNKI.ttf', 'HGB8_CNKI.ttf', 'HGBD_CNKI.ttf', 'HGBKBX_CNKI.ttf', 'HGBKB_CNKI.ttf', 'HGBKHX_CNKI.ttf', 'HGBKH_CNKI.ttf', 'HGBS1_CNKI.TTF', 'HGBS2_CNKI.TTF', 'HGBS_CNKI.TTF', 'HGBTH_CNKI.TTF', 'HGBTS_CNKI.TTF', 'HGBX_CNKI.ttf', 'HGBZ_CNKI.ttf', 'HGCH_CNKI.TTF', 'HGCUH_CNKI.TTF', 'HGCY_CNKI.TTF', 'HGDBS_CNKI.TTF', 'HGDGY_CNKI.TTF', 'HGDH2_CNKI.TTF', 'HGDH_CNKI.TTF', 'HGDYS_CNKI.TTF', 'HGDY_CNKI.ttf', 'HGF1X_CNKI.ttf', 'HGF1_CNKI.ttf', 'HGF2X_CNKI.ttf', 'HGF2_CNKI.ttf', 'HGF3_CNKI.ttf', 'HGF4X_CNKI.ttf', 'HGF4_CNKI.ttf', 'HGF5X_CNKI.ttf', 'HGF5_CNKI.ttf', 'HGF6X_CNKI.ttf', 'HGF6_CNKI.ttf', 'HGF7X_CNKI.ttf', 'HGF7_CNKI.ttf', 'HGF8_CNKI.ttf', 'HGF9X_CNKI.ttf', 'HGF9_CNKI.ttf', 'HGFS1_CNKI.TTF', 'HGFS2_CNKI.TTF', 'HGFSH_CNKI.TTF', 'HGFS_CNKI.TTF', 'HGFX_CNKI.ttf', 'HGFZ_CNKI.ttf', 'HGGG_CNKI.TTF', 'HGH1X_CNKI.ttf', 'HGH1_CNKI.ttf', 'HGH2X_CNKI.ttf', 'HGH2_CNKI.ttf', 'HGH3X_CNKI.ttf', 'HGH3_CNKI.ttf', 'HGH4X_CNKI.ttf', 'HGH4_CNKI.ttf', 'HGH5X_CNKI.ttf', 'HGH5_CNKI.ttf', 'HGH6X_CNKI.ttf', 'HGH6_CNKI.ttf', 'HGH7X_CNKI.ttf', 'HGH7_CNKI.ttf', 'HGHB_CNKI.TTF', 'HGHD_CNKI.ttf', 'HGHP_CNKI.TTF', 'HGHT1_CNKI.ttf', 'HGHT2_CNKI.ttf', 'HGHUATI_CNKI.ttf', 'HGHX_CNKI.ttf', 'HGHZ_CNKI.ttf', 'HGH_CNKI.TTF', 'HGKT1_CNKI.TTF', 'HGKT2_CNKI.TTF', 'HGKT_CNKI.TTF', 'HGKY_CNKI.ttf', 'HGLB_CNKI.TTF', 'HGLS_CNKI.TTF', 'HGMH_CNKI.TTF', 'HGNBS_CNKI.ttf', 'HGOCR_CNKI.ttf', 'HGPH_CNKI.TTF', 'HGPTY_CNKI.TTF', 'HGSS1_CNKI.TTF', 'HGSS2_CNKI.TTF', 'HGSS_CNKI.TTF', 'HGSXT_CNKI.ttf', 'HGTT_CNKI.ttf', 'HGTX_CNKI.TTF', 'HGWT_CNKI.TTF', 'HGWYS_CNKI.TTF', 'HGX1X_CNKI.ttf', 'HGX1_CNKI.ttf', 'HGXBS_CNKI.TTF', 'HGXC_CNKI.TTF', 'HGXF1_CNKI.ttf', 'HGXFX_CNKI.ttf', 'HGXFZ_CNKI.ttf', 'HGXH1_CNKI.TTF', 'HGXH_CNKI.TTF', 'HGXK_CNKI.TTF', 'HGXL_CNKI.TTF', 'HGXS_CNKI.TTF', 'HGXT_CNKI.ttf', 'HGXY_CNKI.ttf', 'HGY1_CNKI.TTF', 'HGY2_CNKI.TTF', 'HGY3_CNKI.TTF', 'HGY4_CNKI.TTF', 'HGYB_CNKI.ttf', 'HGYT1_CNKI.ttf', 'HGYT2_CNKI.ttf', 'HGYT_CNKI.TTF', 'HGYX_CNKI.TTF', 'HGZCS_CNKI.TTF', 'HGZDX_CNKI.TTF', 'HGZK_CNKI.TTF', 'HGZYT_CNKI.TTF', 'HGZY_CNKI.TTF', 'himalaya.ttf', 'holomdl2.ttf', 'HTOWERT.TTF', 'HTOWERTI.TTF', 'hvgafix.fon', 'hvgasys.fon', 'impact.ttf', 'IMPRISHA.TTF', 'INFROMAN.TTF', 'Inkfree.ttf', 'iqiyi_logov7.ttf', 'ITCBLKAD.TTF', 'ITCEDSCR.TTF', 'ITCKRIST.TTF', 'j8514fix.fon', 'j8514oem.fon', 'j8514sys.fon', 'javatext.ttf', 'JOKERMAN.TTF', 'jsmalle.fon', 'jsmallf.fon', 'JUICE___.TTF', 'jvgafix.fon', 'jvgasys.fon', 'KUNSTLER.TTF', 'LATINWD.TTF', 'LBRITE.TTF', 'LBRITED.TTF', 'LBRITEDI.TTF', 'LBRITEI.TTF', 'LCALLIG.TTF', 'LeelaUIb.ttf', 'LeelawUI.ttf', 'LeelUIsl.ttf', 'LFAX.TTF', 'LFAXD.TTF', 'LFAXDI.TTF', 'LFAXI.TTF', 'LHANDW.TTF', 'LSANS.TTF', 'LSANSD.TTF', 'LSANSDI.TTF', 'LSANSI.TTF', 'LTYPE.TTF', 'LTYPEB.TTF', 'LTYPEBO.TTF', 'LTYPEO.TTF', 'lucon.ttf', 'l_10646.ttf', 'MAGNETOB.TTF', 'MAIAN.TTF', 'malgun.ttf', 'malgunbd.ttf', 'malgunsl.ttf', 'marlett.ttf', 'MATURASC.TTF', 'micross.ttf', 'mingliub.ttc', 'MISTRAL.TTF', 'mmrtext.ttf', 'mmrtextb.ttf', 'MOD20.TTF', 'modern.fon', 'monbaiti.ttf', 'msgothic.ttc', 'msjh.ttc', 'msjhbd.ttc', 'msjhl.ttc', 'msyh.ttc', 'msyhbd.ttc', 'msyhl.ttc', 'msyi.ttf', 'MTCORSVA.TTF', 'MTEXTRA.TTF', 'mvboli.ttf', 'NIAGENG.TTF', 'NIAGSOL.TTF', 'Nirmala.ttf', 'NirmalaB.ttf', 'NirmalaS.ttf', 'ntailu.ttf', 'ntailub.ttf', 'NumberOnly.ttf', 'OCRAEXT.TTF', 'OLDENGL.TTF', 'ONYX.TTF', 'OUTLOOK.TTF', 'pala.ttf', 'palab.ttf', 'palabi.ttf', 'palai.ttf', 'PALSCRI.TTF', 'PAPYRUS.TTF', 'PARCHM.TTF', 'PERBI___.TTF', 'PERB____.TTF', 'PERI____.TTF', 'PERTIBD.TTF', 'PERTILI.TTF', 'PER_____.TTF', 'phagspa.ttf', 'phagspab.ttf', 'PLAYBILL.TTF', 'POORICH.TTF', 'PRISTINA.TTF', 'RAGE.TTF', 'RAVIE.TTF', 'REFSAN.TTF', 'REFSPCL.TTF', 'ROCCB___.TTF', 'ROCC____.TTF', 'ROCK.TTF', 'ROCKB.TTF', 'ROCKBI.TTF', 'ROCKEB.TTF', 'ROCKI.TTF', 'roman.fon', 's8514fix.fon', 's8514oem.fon', 's8514sys.fon', 'SCHLBKB.TTF', 'SCHLBKBI.TTF', 'SCHLBKI.TTF', 'script.fon', 'SCRIPTBL.TTF', 'segmdl2.ttf', 'SegoeIcons.ttf', 'segoepr.ttf', 'segoeprb.ttf', 'segoesc.ttf', 'segoescb.ttf', 'segoeui.ttf', 'segoeuib.ttf', 'segoeuii.ttf', 'segoeuil.ttf', 'segoeuisl.ttf', 'segoeuiz.ttf', 'seguibl.ttf', 'seguibli.ttf', 'seguiemj.ttf', 'seguihis.ttf', 'seguili.ttf', 'seguisb.ttf', 'seguisbi.ttf', 'seguisli.ttf', 'seguisym.ttf', 'SegUIVar.ttf', 'sere1255.fon', 'sere1256.fon', 'sere1257.fon', 'serf1255.fon', 'serf1256.fon', 'serf1257.fon', 'serife.fon', 'serifee.fon', 'serifeg.fon', 'serifer.fon', 'serifet.fon', 'seriff.fon', 'seriffe.fon', 'seriffg.fon', 'seriffr.fon', 'serifft.fon', 'SHOWG.TTF', 'simfang.ttf', 'simhei.ttf', 'simkai.ttf', 'SIMLI.TTF', 'simsun.ttc', 'simsunb.ttf', 'SIMYOU.TTF', 'SitkaVF-Italic.ttf', 'SitkaVF.ttf', 'smae1255.fon', 'smae1256.fon', 'smae1257.fon', 'smaf1255.fon', 'smaf1256.fon', 'smaf1257.fon', 'smalle.fon', 'smallee.fon', 'smalleg.fon', 'smaller.fon', 'smallet.fon', 'smallf.fon', 'smallfe.fon', 'smallfg.fon', 'smallfr.fon', 'smallft.fon', 'SNAP____.TTF', 'ssee1255.fon', 'ssee1256.fon', 'ssee1257.fon', 'ssee874.fon', 'ssef1255.fon', 'ssef1256.fon', 'ssef1257.fon', 'ssef874.fon', 'sserife.fon', 'sserifee.fon', 'sserifeg.fon', 'sserifer.fon', 'sserifet.fon', 'sseriff.fon', 'sseriffe.fon', 'sseriffg.fon', 'sseriffr.fon', 'sserifft.fon', 'StaticCache.dat', 'STCAIYUN.TTF', 'STENCIL.TTF', 'STFANGSO.TTF', 'STHUPO.TTF', 'STKAITI.TTF', 'STLITI.TTF', 'STSONG.TTF', 'STXIHEI.TTF', 'STXINGKA.TTF', 'STXINWEI.TTF', 'STZHONGS.TTF', 'svgafix.fon', 'svgasys.fon', 'sylfaen.ttf', 'symbol.ttf', 'tahoma.ttf', 'tahomabd.ttf', 'taile.ttf', 'taileb.ttf', 'TCBI____.TTF', 'TCB_____.TTF', 'TCCB____.TTF', 'TCCEB.TTF', 'TCCM____.TTF', 'TCMI____.TTF', 'TCM_____.TTF', 'TEMPSITC.TTF', 'times.ttf', 'timesbd.ttf', 'timesbi.ttf', 'timesi.ttf', 'trebuc.ttf', 'trebucbd.ttf', 'trebucbi.ttf', 'trebucit.ttf', 'verdana.ttf', 'verdanab.ttf', 'verdanai.ttf', 'verdanaz.ttf', 'vga737.fon', 'vga775.fon', 'vga850.fon', 'vga852.fon', 'vga855.fon', 'vga857.fon', 'vga860.fon', 'vga861.fon', 'vga863.fon', 'vga865.fon', 'vga866.fon', 'vga869.fon', 'vga932.fon', 'vga936.fon', 'vga949.fon', 'vga950.fon', 'vgaf1255.fon', 'vgaf1256.fon', 'vgaf1257.fon', 'vgaf874.fon', 'vgafix.fon', 'vgafixe.fon', 'vgafixg.fon', 'vgafixr.fon', 'vgafixt.fon', 'vgaoem.fon', 'vgas1255.fon', 'vgas1256.fon', 'vgas1257.fon', 'vgas874.fon', 'vgasys.fon', 'vgasyse.fon', 'vgasysg.fon', 'vgasysr.fon', 'vgasyst.fon', 'VINERITC.TTF', 'VIVALDII.TTF', 'VLADIMIR.TTF', 'webdings.ttf', 'wingding.ttf', 'WINGDNG2.TTF', 'WINGDNG3.TTF', 'YuGothB.ttc', 'YuGothL.ttc', 'YuGothM.ttc', 'YuGothR.ttc', '\u534e\u5eb7\u65b9\u5706\u4f53W7.TTC', '\u65b9\u6b63\u7c97\u9ed1\u5b8b\u7b80\u4f53.ttf']
2023-09-27 16:01:06,050 - INFO - all fonts installed:['8514fix.fon', '8514fixe.fon', '8514fixg.fon', '8514fixr.fon', '8514fixt.fon', '8514oem.fon', '8514oeme.fon', '8514oemg.fon', '8514oemr.fon', '8514oemt.fon', '8514sys.fon', '8514syse.fon', '8514sysg.fon', '8514sysr.fon', '8514syst.fon', '85775.fon', '85855.fon', '85f1255.fon', '85f1256.fon', '85f1257.fon', '85f874.fon', '85s1255.fon', '85s1256.fon', '85s1257.fon', '85s874.fon', 'AGENCYB.TTF', 'AGENCYR.TTF', 'ALGER.TTF', 'ANTQUAB.TTF', 'ANTQUABI.TTF', 'ANTQUAI.TTF', 'app775.fon', 'app850.fon', 'app852.fon', 'app855.fon', 'app857.fon', 'app866.fon', 'app932.fon', 'app936.fon', 'app949.fon', 'app950.fon', 'arial.ttf', 'arialbd.ttf', 'arialbi.ttf', 'ariali.ttf', 'ARIALN.TTF', 'ARIALNB.TTF', 'ARIALNBI.TTF', 'ARIALNI.TTF', 'ariblk.ttf', 'ARLRDBD.TTF', 'AxureHandwriting-Bold.otf', 'AxureHandwriting-BoldItalic.otf', 'AxureHandwriting-Italic.otf', 'AxureHandwriting.otf', 'bahnschrift.ttf', 'BASKVILL.TTF', 'BAUHS93.TTF', 'BELL.TTF', 'BELLB.TTF', 'BELLI.TTF', 'BERNHC.TTF', 'BKANT.TTF', 'BOD_B.TTF', 'BOD_BI.TTF', 'BOD_BLAI.TTF', 'BOD_BLAR.TTF', 'BOD_CB.TTF', 'BOD_CBI.TTF', 'BOD_CI.TTF', 'BOD_CR.TTF', 'BOD_I.TTF', 'BOD_PSTC.TTF', 'BOD_R.TTF', 'BOOKOS.TTF', 'BOOKOSB.TTF', 'BOOKOSBI.TTF', 'BOOKOSI.TTF', 'BRADHITC.TTF', 'BRITANIC.TTF', 'BRLNSB.TTF', 'BRLNSDB.TTF', 'BRLNSR.TTF', 'BROADW.TTF', 'BRUSHSCI.TTF', 'BSSYM7.TTF', 'c8514fix.fon', 'c8514oem.fon', 'c8514sys.fon', 'calibri.ttf', 'calibrib.ttf', 'calibrii.ttf', 'calibril.ttf', 'calibrili.ttf', 'calibriz.ttf', 'CALIFB.TTF', 'CALIFI.TTF', 'CALIFR.TTF', 'CALIST.TTF', 'CALISTB.TTF', 'CALISTBI.TTF', 'CALISTI.TTF', 'cambria.ttc', 'cambriab.ttf', 'cambriai.ttf', 'cambriaz.ttf', 'Candara.ttf', 'Candarab.ttf', 'Candarai.ttf', 'Candaral.ttf', 'Candarali.ttf', 'Candaraz.ttf', 'CascadiaCode.ttf', 'CascadiaMono.ttf', 'CASTELAR.TTF', 'CENSCBK.TTF', 'CENTAUR.TTF', 'CENTURY.TTF', 'cga40737.fon', 'cga40850.fon', 'cga40852.fon', 'cga40857.fon', 'cga40866.fon', 'cga40869.fon', 'cga40woa.fon', 'cga80737.fon', 'cga80850.fon', 'cga80852.fon', 'cga80857.fon', 'cga80866.fon', 'cga80869.fon', 'cga80woa.fon', 'CHILLER.TTF', 'COLONNA.TTF', 'comic.ttf', 'comicbd.ttf', 'comici.ttf', 'comicz.ttf', 'consola.ttf', 'consolab.ttf', 'consolai.ttf', 'consolaz.ttf', 'constan.ttf', 'constanb.ttf', 'constani.ttf', 'constanz.ttf', 'COOPBL.TTF', 'COPRGTB.TTF', 'COPRGTL.TTF', 'corbel.ttf', 'corbelb.ttf', 'corbeli.ttf', 'corbell.ttf', 'corbelli.ttf', 'corbelz.ttf', 'coue1255.fon', 'coue1256.fon', 'coue1257.fon', 'couf1255.fon', 'couf1256.fon', 'couf1257.fon', 'cour.ttf', 'courbd.ttf', 'courbi.ttf', 'coure.fon', 'couree.fon', 'coureg.fon', 'courer.fon', 'couret.fon', 'courf.fon', 'courfe.fon', 'courfg.fon', 'courfr.fon', 'courft.fon', 'couri.ttf', 'CURLZ___.TTF', 'cvgafix.fon', 'cvgasys.fon', 'Deng.ttf', 'Dengb.ttf', 'Dengl.ttf', 'desktop.ini', 'dos737.fon', 'dos869.fon', 'dosapp.fon', 'DUBAI-BOLD.TTF', 'DUBAI-LIGHT.TTF', 'DUBAI-MEDIUM.TTF', 'DUBAI-REGULAR.TTF', 'ebrima.ttf', 'ebrimabd.ttf', 'ega40737.fon', 'ega40850.fon', 'ega40852.fon', 'ega40857.fon', 'ega40866.fon', 'ega40869.fon', 'ega40woa.fon', 'ega80737.fon', 'ega80850.fon', 'ega80852.fon', 'ega80857.fon', 'ega80866.fon', 'ega80869.fon', 'ega80woa.fon', 'ELEPHNT.TTF', 'ELEPHNTI.TTF', 'ENGR.TTF', 'ERASBD.TTF', 'ERASDEMI.TTF', 'ERASLGHT.TTF', 'ERASMD.TTF', 'FELIXTI.TTF', 'fms_metadata.xml', 'FORTE.TTF', 'FRABK.TTF', 'FRABKIT.TTF', 'FRADM.TTF', 'FRADMCN.TTF', 'FRADMIT.TTF', 'FRAHV.TTF', 'FRAHVIT.TTF', 'framd.ttf', 'FRAMDCN.TTF', 'framdit.ttf', 'FREESCPT.TTF', 'FRSCRIPT.TTF', 'FTLTLT.TTF', 'FZSTK.TTF', 'FZYTK.TTF', 'Gabriola.ttf', 'gadugi.ttf', 'gadugib.ttf', 'GARA.TTF', 'GARABD.TTF', 'GARAIT.TTF', 'georgia.ttf', 'georgiab.ttf', 'georgiai.ttf', 'georgiaz.ttf', 'GIGI.TTF', 'GILBI___.TTF', 'GILB____.TTF', 'GILC____.TTF', 'GILI____.TTF', 'GILLUBCD.TTF', 'GILSANUB.TTF', 'GIL_____.TTF', 'GLECB.TTF', 'GlobalMonospace.CompositeFont', 'GlobalSansSerif.CompositeFont', 'GlobalSerif.CompositeFont', 'GlobalUserInterface.CompositeFont', 'GLSNECB.TTF', 'GOTHIC.TTF', 'GOTHICB.TTF', 'GOTHICBI.TTF', 'GOTHICI.TTF', 'GOUDOS.TTF', 'GOUDOSB.TTF', 'GOUDOSI.TTF', 'GOUDYSTO.TTF', 'h8514fix.fon', 'h8514oem.fon', 'h8514sys.fon', 'HARLOWSI.TTF', 'HARNGTON.TTF', 'HATTEN.TTF', 'HGB1X_CNKI.ttf', 'HGB1_CNKI.ttf', 'HGB2X_CNKI.ttf', 'HGB2_CNKI.ttf', 'HGB3X_CNKI.ttf', 'HGB3_CNKI.ttf', 'HGB4X_CNKI.ttf', 'HGB4_CNKI.ttf', 'HGB5X_CNKI.ttf', 'HGB5_CNKI.ttf', 'HGB6X_CNKI.ttf', 'HGB6_CNKI.ttf', 'HGB7X_CNKI.ttf', 'HGB7_CNKI.ttf', 'HGB8X_CNKI.ttf', 'HGB8_CNKI.ttf', 'HGBD_CNKI.ttf', 'HGBKBX_CNKI.ttf', 'HGBKB_CNKI.ttf', 'HGBKHX_CNKI.ttf', 'HGBKH_CNKI.ttf', 'HGBS1_CNKI.TTF', 'HGBS2_CNKI.TTF', 'HGBS_CNKI.TTF', 'HGBTH_CNKI.TTF', 'HGBTS_CNKI.TTF', 'HGBX_CNKI.ttf', 'HGBZ_CNKI.ttf', 'HGCH_CNKI.TTF', 'HGCUH_CNKI.TTF', 'HGCY_CNKI.TTF', 'HGDBS_CNKI.TTF', 'HGDGY_CNKI.TTF', 'HGDH2_CNKI.TTF', 'HGDH_CNKI.TTF', 'HGDYS_CNKI.TTF', 'HGDY_CNKI.ttf', 'HGF1X_CNKI.ttf', 'HGF1_CNKI.ttf', 'HGF2X_CNKI.ttf', 'HGF2_CNKI.ttf', 'HGF3_CNKI.ttf', 'HGF4X_CNKI.ttf', 'HGF4_CNKI.ttf', 'HGF5X_CNKI.ttf', 'HGF5_CNKI.ttf', 'HGF6X_CNKI.ttf', 'HGF6_CNKI.ttf', 'HGF7X_CNKI.ttf', 'HGF7_CNKI.ttf', 'HGF8_CNKI.ttf', 'HGF9X_CNKI.ttf', 'HGF9_CNKI.ttf', 'HGFS1_CNKI.TTF', 'HGFS2_CNKI.TTF', 'HGFSH_CNKI.TTF', 'HGFS_CNKI.TTF', 'HGFX_CNKI.ttf', 'HGFZ_CNKI.ttf', 'HGGG_CNKI.TTF', 'HGH1X_CNKI.ttf', 'HGH1_CNKI.ttf', 'HGH2X_CNKI.ttf', 'HGH2_CNKI.ttf', 'HGH3X_CNKI.ttf', 'HGH3_CNKI.ttf', 'HGH4X_CNKI.ttf', 'HGH4_CNKI.ttf', 'HGH5X_CNKI.ttf', 'HGH5_CNKI.ttf', 'HGH6X_CNKI.ttf', 'HGH6_CNKI.ttf', 'HGH7X_CNKI.ttf', 'HGH7_CNKI.ttf', 'HGHB_CNKI.TTF', 'HGHD_CNKI.ttf', 'HGHP_CNKI.TTF', 'HGHT1_CNKI.ttf', 'HGHT2_CNKI.ttf', 'HGHUATI_CNKI.ttf', 'HGHX_CNKI.ttf', 'HGHZ_CNKI.ttf', 'HGH_CNKI.TTF', 'HGKT1_CNKI.TTF', 'HGKT2_CNKI.TTF', 'HGKT_CNKI.TTF', 'HGKY_CNKI.ttf', 'HGLB_CNKI.TTF', 'HGLS_CNKI.TTF', 'HGMH_CNKI.TTF', 'HGNBS_CNKI.ttf', 'HGOCR_CNKI.ttf', 'HGPH_CNKI.TTF', 'HGPTY_CNKI.TTF', 'HGSS1_CNKI.TTF', 'HGSS2_CNKI.TTF', 'HGSS_CNKI.TTF', 'HGSXT_CNKI.ttf', 'HGTT_CNKI.ttf', 'HGTX_CNKI.TTF', 'HGWT_CNKI.TTF', 'HGWYS_CNKI.TTF', 'HGX1X_CNKI.ttf', 'HGX1_CNKI.ttf', 'HGXBS_CNKI.TTF', 'HGXC_CNKI.TTF', 'HGXF1_CNKI.ttf', 'HGXFX_CNKI.ttf', 'HGXFZ_CNKI.ttf', 'HGXH1_CNKI.TTF', 'HGXH_CNKI.TTF', 'HGXK_CNKI.TTF', 'HGXL_CNKI.TTF', 'HGXS_CNKI.TTF', 'HGXT_CNKI.ttf', 'HGXY_CNKI.ttf', 'HGY1_CNKI.TTF', 'HGY2_CNKI.TTF', 'HGY3_CNKI.TTF', 'HGY4_CNKI.TTF', 'HGYB_CNKI.ttf', 'HGYT1_CNKI.ttf', 'HGYT2_CNKI.ttf', 'HGYT_CNKI.TTF', 'HGYX_CNKI.TTF', 'HGZCS_CNKI.TTF', 'HGZDX_CNKI.TTF', 'HGZK_CNKI.TTF', 'HGZYT_CNKI.TTF', 'HGZY_CNKI.TTF', 'himalaya.ttf', 'holomdl2.ttf', 'HTOWERT.TTF', 'HTOWERTI.TTF', 'hvgafix.fon', 'hvgasys.fon', 'impact.ttf', 'IMPRISHA.TTF', 'INFROMAN.TTF', 'Inkfree.ttf', 'iqiyi_logov7.ttf', 'ITCBLKAD.TTF', 'ITCEDSCR.TTF', 'ITCKRIST.TTF', 'j8514fix.fon', 'j8514oem.fon', 'j8514sys.fon', 'javatext.ttf', 'JOKERMAN.TTF', 'jsmalle.fon', 'jsmallf.fon', 'JUICE___.TTF', 'jvgafix.fon', 'jvgasys.fon', 'KUNSTLER.TTF', 'LATINWD.TTF', 'LBRITE.TTF', 'LBRITED.TTF', 'LBRITEDI.TTF', 'LBRITEI.TTF', 'LCALLIG.TTF', 'LeelaUIb.ttf', 'LeelawUI.ttf', 'LeelUIsl.ttf', 'LFAX.TTF', 'LFAXD.TTF', 'LFAXDI.TTF', 'LFAXI.TTF', 'LHANDW.TTF', 'LSANS.TTF', 'LSANSD.TTF', 'LSANSDI.TTF', 'LSANSI.TTF', 'LTYPE.TTF', 'LTYPEB.TTF', 'LTYPEBO.TTF', 'LTYPEO.TTF', 'lucon.ttf', 'l_10646.ttf', 'MAGNETOB.TTF', 'MAIAN.TTF', 'malgun.ttf', 'malgunbd.ttf', 'malgunsl.ttf', 'marlett.ttf', 'MATURASC.TTF', 'micross.ttf', 'mingliub.ttc', 'MISTRAL.TTF', 'mmrtext.ttf', 'mmrtextb.ttf', 'MOD20.TTF', 'modern.fon', 'monbaiti.ttf', 'msgothic.ttc', 'msjh.ttc', 'msjhbd.ttc', 'msjhl.ttc', 'msyh.ttc', 'msyhbd.ttc', 'msyhl.ttc', 'msyi.ttf', 'MTCORSVA.TTF', 'MTEXTRA.TTF', 'mvboli.ttf', 'NIAGENG.TTF', 'NIAGSOL.TTF', 'Nirmala.ttf', 'NirmalaB.ttf', 'NirmalaS.ttf', 'ntailu.ttf', 'ntailub.ttf', 'NumberOnly.ttf', 'OCRAEXT.TTF', 'OLDENGL.TTF', 'ONYX.TTF', 'OUTLOOK.TTF', 'pala.ttf', 'palab.ttf', 'palabi.ttf', 'palai.ttf', 'PALSCRI.TTF', 'PAPYRUS.TTF', 'PARCHM.TTF', 'PERBI___.TTF', 'PERB____.TTF', 'PERI____.TTF', 'PERTIBD.TTF', 'PERTILI.TTF', 'PER_____.TTF', 'phagspa.ttf', 'phagspab.ttf', 'PLAYBILL.TTF', 'POORICH.TTF', 'PRISTINA.TTF', 'RAGE.TTF', 'RAVIE.TTF', 'REFSAN.TTF', 'REFSPCL.TTF', 'ROCCB___.TTF', 'ROCC____.TTF', 'ROCK.TTF', 'ROCKB.TTF', 'ROCKBI.TTF', 'ROCKEB.TTF', 'ROCKI.TTF', 'roman.fon', 's8514fix.fon', 's8514oem.fon', 's8514sys.fon', 'SCHLBKB.TTF', 'SCHLBKBI.TTF', 'SCHLBKI.TTF', 'script.fon', 'SCRIPTBL.TTF', 'segmdl2.ttf', 'SegoeIcons.ttf', 'segoepr.ttf', 'segoeprb.ttf', 'segoesc.ttf', 'segoescb.ttf', 'segoeui.ttf', 'segoeuib.ttf', 'segoeuii.ttf', 'segoeuil.ttf', 'segoeuisl.ttf', 'segoeuiz.ttf', 'seguibl.ttf', 'seguibli.ttf', 'seguiemj.ttf', 'seguihis.ttf', 'seguili.ttf', 'seguisb.ttf', 'seguisbi.ttf', 'seguisli.ttf', 'seguisym.ttf', 'SegUIVar.ttf', 'sere1255.fon', 'sere1256.fon', 'sere1257.fon', 'serf1255.fon', 'serf1256.fon', 'serf1257.fon', 'serife.fon', 'serifee.fon', 'serifeg.fon', 'serifer.fon', 'serifet.fon', 'seriff.fon', 'seriffe.fon', 'seriffg.fon', 'seriffr.fon', 'serifft.fon', 'SHOWG.TTF', 'simfang.ttf', 'simhei.ttf', 'simkai.ttf', 'SIMLI.TTF', 'simsun.ttc', 'simsunb.ttf', 'SIMYOU.TTF', 'SitkaVF-Italic.ttf', 'SitkaVF.ttf', 'smae1255.fon', 'smae1256.fon', 'smae1257.fon', 'smaf1255.fon', 'smaf1256.fon', 'smaf1257.fon', 'smalle.fon', 'smallee.fon', 'smalleg.fon', 'smaller.fon', 'smallet.fon', 'smallf.fon', 'smallfe.fon', 'smallfg.fon', 'smallfr.fon', 'smallft.fon', 'SNAP____.TTF', 'ssee1255.fon', 'ssee1256.fon', 'ssee1257.fon', 'ssee874.fon', 'ssef1255.fon', 'ssef1256.fon', 'ssef1257.fon', 'ssef874.fon', 'sserife.fon', 'sserifee.fon', 'sserifeg.fon', 'sserifer.fon', 'sserifet.fon', 'sseriff.fon', 'sseriffe.fon', 'sseriffg.fon', 'sseriffr.fon', 'sserifft.fon', 'StaticCache.dat', 'STCAIYUN.TTF', 'STENCIL.TTF', 'STFANGSO.TTF', 'STHUPO.TTF', 'STKAITI.TTF', 'STLITI.TTF', 'STSONG.TTF', 'STXIHEI.TTF', 'STXINGKA.TTF', 'STXINWEI.TTF', 'STZHONGS.TTF', 'svgafix.fon', 'svgasys.fon', 'sylfaen.ttf', 'symbol.ttf', 'tahoma.ttf', 'tahomabd.ttf', 'taile.ttf', 'taileb.ttf', 'TCBI____.TTF', 'TCB_____.TTF', 'TCCB____.TTF', 'TCCEB.TTF', 'TCCM____.TTF', 'TCMI____.TTF', 'TCM_____.TTF', 'TEMPSITC.TTF', 'times.ttf', 'timesbd.ttf', 'timesbi.ttf', 'timesi.ttf', 'trebuc.ttf', 'trebucbd.ttf', 'trebucbi.ttf', 'trebucit.ttf', 'verdana.ttf', 'verdanab.ttf', 'verdanai.ttf', 'verdanaz.ttf', 'vga737.fon', 'vga775.fon', 'vga850.fon', 'vga852.fon', 'vga855.fon', 'vga857.fon', 'vga860.fon', 'vga861.fon', 'vga863.fon', 'vga865.fon', 'vga866.fon', 'vga869.fon', 'vga932.fon', 'vga936.fon', 'vga949.fon', 'vga950.fon', 'vgaf1255.fon', 'vgaf1256.fon', 'vgaf1257.fon', 'vgaf874.fon', 'vgafix.fon', 'vgafixe.fon', 'vgafixg.fon', 'vgafixr.fon', 'vgafixt.fon', 'vgaoem.fon', 'vgas1255.fon', 'vgas1256.fon', 'vgas1257.fon', 'vgas874.fon', 'vgasys.fon', 'vgasyse.fon', 'vgasysg.fon', 'vgasysr.fon', 'vgasyst.fon', 'VINERITC.TTF', 'VIVALDII.TTF', 'VLADIMIR.TTF', 'webdings.ttf', 'wingding.ttf', 'WINGDNG2.TTF', 'WINGDNG3.TTF', 'YuGothB.ttc', 'YuGothL.ttc', 'YuGothM.ttc', 'YuGothR.ttc', '\u534e\u5eb7\u65b9\u5706\u4f53W7.TTC', '\u65b9\u6b63\u7c97\u9ed1\u5b8b\u7b80\u4f53.ttf']
2023-09-27 16:33:44,785 - DEBUG - Installation path is:D:\Download\audio-visual\saas\tiktoka\tiktoka-studio-uploader-genius
2023-09-27 16:33:44,785 - INFO - TiktokaStudio GUI started
2023-09-27 16:33:44,828 - DEBUG - Installation path is:D:\Download\audio-visual\saas\tiktoka\tiktoka-studio-uploader-genius
2023-09-27 16:33:44,828 - INFO - TiktokaStudio GUI started
2023-09-27 16:34:13,830 - INFO - detecting----------False
2023-09-27 16:34:13,830 - INFO - create cached data for this folder:
D:/Download/audio-visual/saas/tiktoka/tiktoka-studio-uploader-genius/tests/videos/horizon
2023-09-27 16:34:13,839 - INFO - start to check thumbFilePaths for video: OP
2023-09-27 16:34:13,840 - INFO - this  thumbFilePaths exist:
 D:/Download/audio-visual/saas/tiktoka/tiktoka-studio-uploader-genius/tests/videos/horizon\OP.png
2023-09-27 16:34:13,841 - INFO - intial thumbFilePaths for OP:

2023-09-27 16:34:13,842 - INFO - update to OP meta json
2023-09-27 16:34:13,843 - INFO - start to check desFilePaths for video: OP
2023-09-27 16:34:13,845 - INFO - update to OP meta json
2023-09-27 16:34:13,846 - INFO - start to check metaFilePaths for video: OP
2023-09-27 16:34:13,847 - INFO - this  metaFilePaths exist:
 D:/Download/audio-visual/saas/tiktoka/tiktoka-studio-uploader-genius/tests/videos/horizon\OP.json
2023-09-27 16:34:13,847 - INFO - intial metaFilePaths for OP:

2023-09-27 16:34:13,848 - INFO - update to OP meta json
2023-09-27 16:46:51,033 - DEBUG - Installation path is:D:\Download\audio-visual\saas\tiktoka\tiktoka-studio-uploader-genius
2023-09-27 16:46:51,033 - INFO - TiktokaStudio GUI started
2023-09-27 16:46:51,066 - DEBUG - Installation path is:D:\Download\audio-visual\saas\tiktoka\tiktoka-studio-uploader-genius
2023-09-27 16:46:51,066 - INFO - TiktokaStudio GUI started
2023-09-27 16:47:01,948 - INFO - detecting----------False
2023-09-27 16:47:01,948 - INFO - create cached data for this folder:
D:/Download/audio-visual/saas/tiktoka/tiktoka-studio-uploader-genius/tests/videos/horizon
2023-09-27 16:47:01,956 - INFO - start to check thumbFilePaths for video: OP
2023-09-27 16:47:01,957 - INFO - this  thumbFilePaths exist:
 D:/Download/audio-visual/saas/tiktoka/tiktoka-studio-uploader-genius/tests/videos/horizon\OP.png
2023-09-27 16:47:01,957 - INFO - intial thumbFilePaths for OP:

2023-09-27 16:47:01,958 - INFO - update to OP meta json
2023-09-27 16:47:01,959 - INFO - start to check desFilePaths for video: OP
2023-09-27 16:47:01,961 - INFO - update to OP meta json
2023-09-27 16:47:01,962 - INFO - start to check metaFilePaths for video: OP
2023-09-27 16:47:01,962 - INFO - this  metaFilePaths exist:
 D:/Download/audio-visual/saas/tiktoka/tiktoka-studio-uploader-genius/tests/videos/horizon\OP.json
2023-09-27 16:47:01,962 - INFO - intial metaFilePaths for OP:

2023-09-27 16:47:01,964 - INFO - update to OP meta json
2023-09-27 16:48:24,464 - DEBUG - Installation path is:D:\Download\audio-visual\saas\tiktoka\tiktoka-studio-uploader-genius
2023-09-27 16:48:24,464 - INFO - TiktokaStudio GUI started
2023-09-27 16:48:24,498 - DEBUG - Installation path is:D:\Download\audio-visual\saas\tiktoka\tiktoka-studio-uploader-genius
2023-09-27 16:48:24,498 - INFO - TiktokaStudio GUI started
2023-09-27 16:48:33,063 - INFO - detecting----------False
2023-09-27 16:48:33,063 - INFO - create cached data for this folder:
D:/Download/audio-visual/saas/tiktoka/tiktoka-studio-uploader-genius/tests/videos/horizon
2023-09-27 16:48:33,071 - INFO - start to check thumbFilePaths for video: OP
2023-09-27 16:48:33,072 - INFO - this  thumbFilePaths exist:
 D:/Download/audio-visual/saas/tiktoka/tiktoka-studio-uploader-genius/tests/videos/horizon\OP.png
2023-09-27 16:48:33,072 - INFO - intial thumbFilePaths for OP:

2023-09-27 16:48:33,074 - INFO - update to OP meta json
2023-09-27 16:48:33,075 - INFO - start to check desFilePaths for video: OP
2023-09-27 16:48:33,076 - INFO - update to OP meta json
2023-09-27 16:48:33,077 - INFO - start to check metaFilePaths for video: OP
2023-09-27 16:48:33,077 - INFO - this  metaFilePaths exist:
 D:/Download/audio-visual/saas/tiktoka/tiktoka-studio-uploader-genius/tests/videos/horizon\OP.json
2023-09-27 16:48:33,078 - INFO - intial metaFilePaths for OP:

2023-09-27 16:48:33,079 - INFO - update to OP meta json
2023-09-27 16:50:25,836 - DEBUG - Installation path is:D:\Download\audio-visual\saas\tiktoka\tiktoka-studio-uploader-genius
2023-09-27 16:50:25,836 - INFO - TiktokaStudio GUI started
2023-09-27 16:50:25,870 - DEBUG - Installation path is:D:\Download\audio-visual\saas\tiktoka\tiktoka-studio-uploader-genius
2023-09-27 16:50:25,871 - INFO - TiktokaStudio GUI started
2023-09-27 16:50:32,755 - INFO - detecting----------False
2023-09-27 16:50:32,756 - INFO - create cached data for this folder:
D:/Download/audio-visual/saas/tiktoka/tiktoka-studio-uploader-genius/tests/videos/horizon
2023-09-27 16:50:32,764 - INFO - start to check thumbFilePaths for video: OP
2023-09-27 16:50:32,765 - INFO - this  thumbFilePaths exist:
 D:/Download/audio-visual/saas/tiktoka/tiktoka-studio-uploader-genius/tests/videos/horizon\OP.png
2023-09-27 16:50:32,765 - INFO - intial thumbFilePaths for OP:

2023-09-27 16:50:32,766 - INFO - update to OP meta json
2023-09-27 16:50:32,767 - INFO - start to check desFilePaths for video: OP
2023-09-27 16:50:32,768 - INFO - update to OP meta json
2023-09-27 16:50:32,769 - INFO - start to check metaFilePaths for video: OP
2023-09-27 16:50:32,770 - INFO - this  metaFilePaths exist:
 D:/Download/audio-visual/saas/tiktoka/tiktoka-studio-uploader-genius/tests/videos/horizon\OP.json
2023-09-27 16:50:32,770 - INFO - intial metaFilePaths for OP:

2023-09-27 16:50:32,772 - INFO - update to OP meta json
2023-09-27 16:51:08,777 - DEBUG - Installation path is:D:\Download\audio-visual\saas\tiktoka\tiktoka-studio-uploader-genius
2023-09-27 16:51:08,777 - INFO - TiktokaStudio GUI started
2023-09-27 16:51:08,812 - DEBUG - Installation path is:D:\Download\audio-visual\saas\tiktoka\tiktoka-studio-uploader-genius
2023-09-27 16:51:08,813 - INFO - TiktokaStudio GUI started
2023-09-27 16:51:25,357 - INFO - detecting----------False
2023-09-27 16:51:25,357 - INFO - create cached data for this folder:
D:/Download/audio-visual/saas/tiktoka/tiktoka-studio-uploader-genius/tests/videos/horizon
2023-09-27 16:51:25,365 - INFO - start to check thumbFilePaths for video: OP
2023-09-27 16:51:25,365 - INFO - this  thumbFilePaths exist:
 D:/Download/audio-visual/saas/tiktoka/tiktoka-studio-uploader-genius/tests/videos/horizon\OP.png
2023-09-27 16:51:25,365 - INFO - intial thumbFilePaths for OP:

2023-09-27 16:51:25,366 - INFO - update to OP meta json
2023-09-27 16:51:25,368 - INFO - start to check desFilePaths for video: OP
2023-09-27 16:51:25,369 - INFO - update to OP meta json
2023-09-27 16:51:25,370 - INFO - start to check metaFilePaths for video: OP
2023-09-27 16:51:25,370 - INFO - this  metaFilePaths exist:
 D:/Download/audio-visual/saas/tiktoka/tiktoka-studio-uploader-genius/tests/videos/horizon\OP.json
2023-09-27 16:51:25,371 - INFO - intial metaFilePaths for OP:

2023-09-27 16:51:25,372 - INFO - update to OP meta json
2023-09-27 16:54:20,176 - DEBUG - Installation path is:D:\Download\audio-visual\saas\tiktoka\tiktoka-studio-uploader-genius
2023-09-27 16:54:20,176 - INFO - TiktokaStudio GUI started
2023-09-27 16:54:20,208 - DEBUG - Installation path is:D:\Download\audio-visual\saas\tiktoka\tiktoka-studio-uploader-genius
2023-09-27 16:54:20,209 - INFO - TiktokaStudio GUI started
2023-09-27 16:56:37,728 - INFO - detecting----------False
2023-09-27 16:56:37,728 - INFO - create cached data for this folder:
D:/Download/audio-visual/saas/tiktoka/tiktoka-studio-uploader-genius/tests/videos/horizon
2023-09-27 16:56:37,737 - INFO - start to check thumbFilePaths for video: OP
2023-09-27 16:56:37,737 - INFO - this  thumbFilePaths exist:
 D:/Download/audio-visual/saas/tiktoka/tiktoka-studio-uploader-genius/tests/videos/horizon\OP.png
2023-09-27 16:56:37,738 - INFO - intial thumbFilePaths for OP:

2023-09-27 16:56:37,739 - INFO - update to OP meta json
2023-09-27 16:56:37,740 - INFO - start to check desFilePaths for video: OP
2023-09-27 16:56:37,741 - INFO - update to OP meta json
2023-09-27 16:56:37,742 - INFO - start to check metaFilePaths for video: OP
2023-09-27 16:56:37,743 - INFO - this  metaFilePaths exist:
 D:/Download/audio-visual/saas/tiktoka/tiktoka-studio-uploader-genius/tests/videos/horizon\OP.json
2023-09-27 16:56:37,743 - INFO - intial metaFilePaths for OP:

2023-09-27 16:56:37,744 - INFO - update to OP meta json
